Archive member included to satisfy reference by file (symbol)

c:/mounriver/mounriver_studio/toolchain/risc-v embedded gcc/bin/../lib/gcc/riscv-none-embed/8.2.0/rv32imacxw/ilp32\libgcc.a(addsf3.o)
                              ./User/DataModel.o (__addsf3)
c:/mounriver/mounriver_studio/toolchain/risc-v embedded gcc/bin/../lib/gcc/riscv-none-embed/8.2.0/rv32imacxw/ilp32\libgcc.a(divsf3.o)
                              ./User/DataModel.o (__divsf3)
c:/mounriver/mounriver_studio/toolchain/risc-v embedded gcc/bin/../lib/gcc/riscv-none-embed/8.2.0/rv32imacxw/ilp32\libgcc.a(eqsf2.o)
                              ./HWLIB/hw_lib_din.o (__nesf2)
c:/mounriver/mounriver_studio/toolchain/risc-v embedded gcc/bin/../lib/gcc/riscv-none-embed/8.2.0/rv32imacxw/ilp32\libgcc.a(gesf2.o)
                              ./User/inputs.o (__gesf2)
c:/mounriver/mounriver_studio/toolchain/risc-v embedded gcc/bin/../lib/gcc/riscv-none-embed/8.2.0/rv32imacxw/ilp32\libgcc.a(lesf2.o)
                              ./HWLIB/hw_lib_adc.o (__lesf2)
c:/mounriver/mounriver_studio/toolchain/risc-v embedded gcc/bin/../lib/gcc/riscv-none-embed/8.2.0/rv32imacxw/ilp32\libgcc.a(mulsf3.o)
                              ./User/dash_draw.o (__mulsf3)
c:/mounriver/mounriver_studio/toolchain/risc-v embedded gcc/bin/../lib/gcc/riscv-none-embed/8.2.0/rv32imacxw/ilp32\libgcc.a(subsf3.o)
                              ./User/inputs.o (__subsf3)
c:/mounriver/mounriver_studio/toolchain/risc-v embedded gcc/bin/../lib/gcc/riscv-none-embed/8.2.0/rv32imacxw/ilp32\libgcc.a(fixsfsi.o)
                              ./User/dash_draw.o (__fixsfsi)
c:/mounriver/mounriver_studio/toolchain/risc-v embedded gcc/bin/../lib/gcc/riscv-none-embed/8.2.0/rv32imacxw/ilp32\libgcc.a(fixunssfsi.o)
                              ./User/DataModel.o (__fixunssfsi)
c:/mounriver/mounriver_studio/toolchain/risc-v embedded gcc/bin/../lib/gcc/riscv-none-embed/8.2.0/rv32imacxw/ilp32\libgcc.a(floatsisf.o)
                              ./User/DataModel.o (__floatsisf)
c:/mounriver/mounriver_studio/toolchain/risc-v embedded gcc/bin/../lib/gcc/riscv-none-embed/8.2.0/rv32imacxw/ilp32\libgcc.a(floatunsisf.o)
                              ./User/DataModel.o (__floatunsisf)
c:/mounriver/mounriver_studio/toolchain/risc-v embedded gcc/bin/../lib/gcc/riscv-none-embed/8.2.0/rv32imacxw/ilp32\libgcc.a(save-restore.o)
                              ./User/dash_draw.o (__riscv_save_12)
c:/mounriver/mounriver_studio/toolchain/risc-v embedded gcc/bin/../lib/gcc/riscv-none-embed/8.2.0/rv32imacxw/ilp32\libgcc.a(_clzsi2.o)
                              c:/mounriver/mounriver_studio/toolchain/risc-v embedded gcc/bin/../lib/gcc/riscv-none-embed/8.2.0/rv32imacxw/ilp32\libgcc.a(addsf3.o) (__clzsi2)
c:/mounriver/mounriver_studio/toolchain/risc-v embedded gcc/bin/../lib/gcc/riscv-none-embed/8.2.0/rv32imacxw/ilp32\libgcc.a(_clz.o)
                              c:/mounriver/mounriver_studio/toolchain/risc-v embedded gcc/bin/../lib/gcc/riscv-none-embed/8.2.0/rv32imacxw/ilp32\libgcc.a(_clzsi2.o) (__clz_tab)
c:/mounriver/mounriver_studio/toolchain/risc-v embedded gcc/bin/../lib/gcc/riscv-none-embed/8.2.0/../../../../riscv-none-embed/lib/rv32imacxw/ilp32\libg_nano.a(lib_a-calloc.o)
                              ./CANopenNode/CANopen.o (calloc)
c:/mounriver/mounriver_studio/toolchain/risc-v embedded gcc/bin/../lib/gcc/riscv-none-embed/8.2.0/../../../../riscv-none-embed/lib/rv32imacxw/ilp32\libg_nano.a(lib_a-impure.o)
                              c:/mounriver/mounriver_studio/toolchain/risc-v embedded gcc/bin/../lib/gcc/riscv-none-embed/8.2.0/../../../../riscv-none-embed/lib/rv32imacxw/ilp32\libg_nano.a(lib_a-calloc.o) (_impure_ptr)
c:/mounriver/mounriver_studio/toolchain/risc-v embedded gcc/bin/../lib/gcc/riscv-none-embed/8.2.0/../../../../riscv-none-embed/lib/rv32imacxw/ilp32\libg_nano.a(lib_a-malloc.o)
                              ./CANopenNode/CANopen.o (free)
c:/mounriver/mounriver_studio/toolchain/risc-v embedded gcc/bin/../lib/gcc/riscv-none-embed/8.2.0/../../../../riscv-none-embed/lib/rv32imacxw/ilp32\libg_nano.a(lib_a-memcpy.o)
                              ./User/DataModel.o (memcpy)
c:/mounriver/mounriver_studio/toolchain/risc-v embedded gcc/bin/../lib/gcc/riscv-none-embed/8.2.0/../../../../riscv-none-embed/lib/rv32imacxw/ilp32\libg_nano.a(lib_a-memmove.o)
                              ./CANopenNode/301/CO_SDOserver.o (memmove)
c:/mounriver/mounriver_studio/toolchain/risc-v embedded gcc/bin/../lib/gcc/riscv-none-embed/8.2.0/../../../../riscv-none-embed/lib/rv32imacxw/ilp32\libg_nano.a(lib_a-memset.o)
                              ./User/DataModel.o (memset)
c:/mounriver/mounriver_studio/toolchain/risc-v embedded gcc/bin/../lib/gcc/riscv-none-embed/8.2.0/../../../../riscv-none-embed/lib/rv32imacxw/ilp32\libg_nano.a(lib_a-nano-callocr.o)
[...]
Memory Configuration

Name             Origin             Length             Attributes
FLASH            0x0000000000000000 0x0000000000010000 xr
RAM              0x0000000020000000 0x0000000000005000 xrw
*default*        0x0000000000000000 0xffffffffffffffff

Linker script and memory map

LOAD ./User/CanOpenNode.o
LOAD ./User/DataModel.o
LOAD ./User/ch32v20x_it.o
LOAD ./User/dash_draw.o
LOAD ./User/init.o
LOAD ./User/inputs.o
LOAD ./User/led.o
LOAD ./User/main.o
LOAD ./User/process.o
LOAD ./User/system_ch32v20x.o
LOAD ./User/system_init.o
LOAD ./Startup/startup_ch32v20x_D6.o
LOAD ./Peripheral/src/ch32v20x_adc.o
LOAD ./Peripheral/src/ch32v20x_bkp.o
LOAD ./Peripheral/src/ch32v20x_can.o
LOAD ./Peripheral/src/ch32v20x_crc.o
LOAD ./Peripheral/src/ch32v20x_dbgmcu.o
LOAD ./Peripheral/src/ch32v20x_dma.o
LOAD ./Peripheral/src/ch32v20x_exti.o
LOAD ./Peripheral/src/ch32v20x_flash.o
LOAD ./Peripheral/src/ch32v20x_gpio.o
LOAD ./Peripheral/src/ch32v20x_i2c.o
LOAD ./Peripheral/src/ch32v20x_iwdg.o
LOAD ./Peripheral/src/ch32v20x_misc.o
LOAD ./Peripheral/src/ch32v20x_opa.o
LOAD ./Peripheral/src/ch32v20x_pwr.o
LOAD ./Peripheral/src/ch32v20x_rcc.o
LOAD ./Peripheral/src/ch32v20x_rtc.o
LOAD ./Peripheral/src/ch32v20x_spi.o
LOAD ./Peripheral/src/ch32v20x_tim.o
LOAD ./Peripheral/src/ch32v20x_usart.o
LOAD ./Peripheral/src/ch32v20x_wwdg.o
LOAD ./HWLIB/hw_lib_adc.o
LOAD ./HWLIB/hw_lib_din.o
LOAD ./HWLIB/hw_lib_eeprom.o
LOAD ./HWLIB/hw_lib_keyboard.o
LOAD ./HAL/hal_adc.o
LOAD ./HAL/hal_can.o
LOAD ./HAL/hal_dma.o
LOAD ./HAL/hal_gpio.o
LOAD ./HAL/hal_i2c.o
LOAD ./HAL/hal_rtc.o
LOAD ./HAL/hal_spi.o
LOAD ./HAL/hal_timers.o
LOAD ./HAL/hal_wdt.o
LOAD ./FreeRTOS/portable/MemMang/heap_4.o
LOAD ./FreeRTOS/portable/GCC/RISC-V/port.o
LOAD ./FreeRTOS/portable/GCC/RISC-V/portASM.o
LOAD ./FreeRTOS/croutine.o
LOAD ./FreeRTOS/event_groups.o
LOAD ./FreeRTOS/list.o
LOAD ./FreeRTOS/queue.o
LOAD ./FreeRTOS/stream_buffer.o
LOAD ./FreeRTOS/tasks.o
LOAD ./FreeRTOS/timers.o
LOAD ./Drivers/filters.o
LOAD ./Debug/debug.o
LOAD ./Core/core_riscv.o
LOAD ./CANopenNode/keypad/CO_driver_ST32F103.o
LOAD ./CANopenNode/keypad/OD.o
LOAD ./CANopenNode/extra/CO_trace.o
LOAD ./CANopenNode/309/CO_gateway_ascii.o
LOAD ./CANopenNode/305/CO_LSSmaster.o
LOAD ./CANopenNode/305/CO_LSSslave.o
LOAD ./CANopenNode/304/CO_GFC.o
LOAD ./CANopenNode/304/CO_SRDO.o
LOAD ./CANopenNode/303/CO_LEDs.o
LOAD ./CANopenNode/301/CO_Emergency.o
LOAD ./CANopenNode/301/CO_HBconsumer.o
LOAD ./CANopenNode/301/CO_NMT_Heartbeat.o
LOAD ./CANopenNode/301/CO_ODinterface.o
LOAD ./CANopenNode/301/CO_PDO.o
LOAD ./CANopenNode/301/CO_SDOclient.o
LOAD ./CANopenNode/301/CO_SDOserver.o
LOAD ./CANopenNode/301/CO_SYNC.o
LOAD ./CANopenNode/301/CO_TIME.o
LOAD ./CANopenNode/301/CO_fifo.o
LOAD ./CANopenNode/301/crc16-ccitt.o
LOAD ./CANopenNode/CANopen.o
LOAD c:/mounriver/mounriver_studio/toolchain/risc-v embedded gcc/bin/../lib/gcc/riscv-none-embed/8.2.0/../../../../riscv-none-embed/lib/rv32imacxw/ilp32\libm.a
LOAD c:/mounriver/mounriver_studio/toolchain/risc-v embedded gcc/bin/../lib/gcc/riscv-none-embed/8.2.0/rv32imacxw/ilp32\libgcc.a
LOAD c:/mounriver/mounriver_studio/toolchain/risc-v embedded gcc/bin/../lib/gcc/riscv-none-embed/8.2.0/../../../../riscv-none-embed/lib/rv32imacxw/ilp32\libg_nano.a
LOAD c:/mounriver/mounriver_studio/toolchain/risc-v embedded gcc/bin/../lib/gcc/riscv-none-embed/8.2.0/../../../../riscv-none-embed/lib/rv32imacxw/ilp32\libc_nano.a
LOAD c:/mounriver/mounriver_studio/toolchain/risc-v embedded gcc/bin/../lib/gcc/riscv-none-embed/8.2.0/rv32imacxw/ilp32\libgcc.a
START GROUP
LOAD c:/mounriver/mounriver_studio/toolchain/risc-v embedded gcc/bin/../lib/gcc/riscv-none-embed/8.2.0/rv32imacxw/ilp32\libgcc.a
LOAD c:/mounriver/mounriver_studio/toolchain/risc-v embedded gcc/bin/../lib/gcc/riscv-none-embed/8.2.0/../../../../riscv-none-embed/lib/rv32imacxw/ilp32\libc_nano.a
LOAD c:/mounriver/mounriver_studio/toolchain/risc-v embedded gcc/bin/../lib/gcc/riscv-none-embed/8.2.0/../../../../riscv-none-embed/lib/rv32imacxw/ilp32\libnosys.a
END GROUP
START GROUP
LOAD c:/mounriver/mounriver_studio/toolchain/risc-v embedded gcc/bin/../lib/gcc/riscv-none-embed/8.2.0/rv32imacxw/ilp32\libgcc.a
LOAD c:/mounriver/mounriver_studio/toolchain/risc-v embedded gcc/bin/../lib/gcc/riscv-none-embed/8.2.0/../../../../riscv-none-embed/lib/rv32imacxw/ilp32\libc_nano.a
LOAD c:/mounriver/mounriver_studio/toolchain/risc-v embedded gcc/bin/../lib/gcc/riscv-none-embed/8.2.0/../../../../riscv-none-embed/lib/rv32imacxw/ilp32\libnosys.a
END GROUP
                0x0000000000000800                __stack_size = 0x800
                [!provide]                        PROVIDE (_stack_size = __stack_size)

.init           0x0000000000000000       0x38
                0x0000000000000000                _sinit = .
                0x0000000000000000                . = ALIGN (0x4)
 *(SORT_NONE(.init))
 .init          0x0000000000000000       0x38 ./Startup/startup_ch32v20x_D6.o
                0x0000000000000000                _start
                0x0000000000000038                . = ALIGN (0x4)
                0x0000000000000038                _einit = .

.vector         0x0000000000000038      0x108
 *(.vector)
 .vector        0x0000000000000038       0xfc ./Startup/startup_ch32v20x_D6.o
                0x0000000000000140                . = ALIGN (0x40)
 *fill*         0x0000000000000134        0xc 

.text           0x0000000000000200     0xf2f4
                0x0000000000000200                . = ALIGN (0x4)
 *(.text)
 .text          0x0000000000000200      0x2ee ./FreeRTOS/portable/GCC/RISC-V/portASM.o
                0x0000000000000200                SW_Handler
                0x0000000000000300                xPortStartFirstTask
                0x0000000000000400                pxPortInitialiseStack
 .text          0x00000000000004ee       0x60 c:/mounriver/mounriver_studio/toolchain/risc-v embedded gcc/bin/../lib/gcc/riscv-none-embed/8.2.0/rv32imacxw/ilp32\libgcc.a(save-restore.o)
                0x00000000000004ee                __riscv_save_12
                0x00000000000004f6                __riscv_save_9
                0x00000000000004f6                __riscv_save_11
                0x00000000000004f6                __riscv_save_10
                0x00000000000004f6                __riscv_save_8
                0x0000000000000504                __riscv_save_4
                0x0000000000000504                __riscv_save_6
                0x0000000000000504                __riscv_save_5
                0x0000000000000504                __riscv_save_7
                0x000000000000051e                __riscv_save_3
                0x000000000000051e                __riscv_save_2
                0x000000000000051e                __riscv_save_1
                0x000000000000051e                __riscv_save_0
                0x000000000000052a                __riscv_restore_12
                0x000000000000052e                __riscv_restore_11
                0x000000000000052e                __riscv_restore_9
                0x000000000000052e                __riscv_restore_10
                0x000000000000052e                __riscv_restore_8
                0x0000000000000538                __riscv_restore_5
                0x0000000000000538                __riscv_restore_7
                0x0000000000000538                __riscv_restore_6
                0x0000000000000538                __riscv_restore_4
                0x0000000000000542                __riscv_restore_3
                0x0000000000000542                __riscv_restore_0
                0x0000000000000542                __riscv_restore_2
                0x0000000000000542                __riscv_restore_1
 .text          0x000000000000054e       0xa8 c:/mounriver/mounriver_studio/toolchain/risc-v embedded gcc/bin/../lib/gcc/riscv-none-embed/8.2.0/../../../../riscv-none-embed/lib/rv32imacxw/ilp32\libg_nano.a(lib_a-memset.o)
                0x000000000000054e                memset
 *(.text.*)
 .text.xCanOpenProcessTaskHandle
                0x00000000000005f6        0xa ./User/CanOpenNode.o
                0x00000000000005f6                xCanOpenProcessTaskHandle
 .text.xCanOpenPeriodicTaskHandle
                0x0000000000000600        0xa ./User/CanOpenNode.o
                0x0000000000000600                xCanOpenPeriodicTaskHandle
 .text.vCanOpenInit
                0x000000000000060a        0xa ./User/CanOpenNode.o
                0x000000000000060a                vCanOpenInit
 .text.vCanOpenProcess
                0x0000000000000614      0x192 ./User/CanOpenNode.o
                0x0000000000000614                vCanOpenProcess
 .text.vCanOpenPeriodicProcess
                0x00000000000007a6       0x82 ./User/CanOpenNode.o
                0x00000000000007a6                vCanOpenPeriodicProcess
 .text.setReg32
                0x0000000000000828       0x1a ./User/DataModel.o
                0x0000000000000828                setReg32
 .text.setReg16
                0x0000000000000842        0xe ./User/DataModel.o
                0x0000000000000842                setReg16
 .text.setReg   0x0000000000000850       0x32 ./User/DataModel.o
                0x0000000000000850                setReg
 .text.SaveReg16
                0x0000000000000882       0x14 ./User/DataModel.o
                0x0000000000000882                SaveReg16
 .text.getReg16
                0x0000000000000896       0x10 ./User/DataModel.o
                0x0000000000000896                getReg16
 .text.DataModel_Init
                0x00000000000008a6      0x474 ./User/DataModel.o
                0x00000000000008a6                DataModel_Init
 .text.getReg32
                0x0000000000000d1a       0x1c ./User/DataModel.o
                0x0000000000000d1a                getReg32
 .text.getReg8  0x0000000000000d36        0xa ./User/DataModel.o
                0x0000000000000d36                getReg8
 .text.WriteReg
                0x0000000000000d40       0x56 ./User/DataModel.o
                0x0000000000000d40                WriteReg
 .text.vGetBitrate
                0x0000000000000d96       0x2a ./User/DataModel.o
                0x0000000000000d96                vGetBitrate
 .text.vFDGetNMTState
                0x0000000000000dc0        0x6 ./User/DataModel.o
                0x0000000000000dc0                vFDGetNMTState
 .text.vGetNodeId
                0x0000000000000dc6        0x6 ./User/DataModel.o
                0x0000000000000dc6                vGetNodeId
 .text.vIncrementSystemCounters
                0x0000000000000dcc       0x68 ./User/DataModel.o
                0x0000000000000dcc                vIncrementSystemCounters
 .text.vSaveData
                0x0000000000000e34       0x2c ./User/DataModel.o
                0x0000000000000e34                vSaveData
 .text.getOdometr
                0x0000000000000e60       0x12 ./User/DataModel.o
                0x0000000000000e60                getOdometr
 .text.NMI_Handler
                0x0000000000000e72        0x2 ./User/ch32v20x_it.o
                0x0000000000000e72                NMI_Handler
 .text.HardFault_Handler
                0x0000000000000e74       0x66 ./User/ch32v20x_it.o
                0x0000000000000e74                HardFault_Handler
 .text.SegPrint.constprop.4
                0x0000000000000eda       0x56 ./User/dash_draw.o
 .text.xProcessTaskHandle
                0x0000000000000f30        0xa ./User/dash_draw.o
                0x0000000000000f30                xProcessTaskHandle
 .text.vSetErrorReg
                0x0000000000000f3a        0xa ./User/dash_draw.o
                0x0000000000000f3a                vSetErrorReg
 .text.getODValue
                0x0000000000000f44      0x120 ./User/dash_draw.o
                0x0000000000000f44                getODValue
 .text.getCurrErrorCode
                0x0000000000001064       0x42 ./User/dash_draw.o
                0x0000000000001064                getCurrErrorCode
 .text.IncMenuIndex
                0x00000000000010a6       0x6c ./User/dash_draw.o
                0x00000000000010a6                IncMenuIndex
 .text.GoToHome
                0x0000000000001112       0x12 ./User/dash_draw.o
                0x0000000000001112                GoToHome
 .text.SetCurMenuHome
                0x0000000000001124       0x16 ./User/dash_draw.o
                0x0000000000001124                SetCurMenuHome
 .text.GetCurMenuHome
                0x000000000000113a        0x6 ./User/dash_draw.o
                0x000000000000113a                GetCurMenuHome
 .text.SetCurrentMenu
                0x0000000000001140       0x12 ./User/dash_draw.o
                0x0000000000001140                SetCurrentMenu
 .text.SetDefault
                0x0000000000001152       0x28 ./User/dash_draw.o
                0x0000000000001152                SetDefault
 .text.MenuBackHomeCheck
                0x000000000000117a       0x38 ./User/dash_draw.o
                0x000000000000117a                MenuBackHomeCheck
 .text.CheckMenuChannel
                0x00000000000011b2       0x20 ./User/dash_draw.o
                0x00000000000011b2                CheckMenuChannel
 .text.vDashDrawInit
                0x00000000000011d2       0x70 ./User/dash_draw.o
                0x00000000000011d2                vDashDrawInit
 .text.SetErrorRegiter
                0x0000000000001242       0x58 ./User/dash_draw.o
                0x0000000000001242                SetErrorRegiter
 .text.uGetCurrMenu
                0x000000000000129a       0x26 ./User/dash_draw.o
                0x000000000000129a                uGetCurrMenu
 .text.vRGBOff  0x00000000000012c0       0x26 ./User/dash_draw.o
                0x00000000000012c0                vRGBOff
 .text.vGetEdgeData
                0x00000000000012e6       0x2a ./User/dash_draw.o
                0x00000000000012e6                vGetEdgeData
 .text.vRGBMode
                0x0000000000001310       0xbe ./User/dash_draw.o
                0x0000000000001310                vRGBMode
 .text.vBarColorMode
                0x00000000000013ce       0xc2 ./User/dash_draw.o
                0x00000000000013ce                vBarColorMode
 .text.vBarWindowMode
                0x0000000000001490       0x5a ./User/dash_draw.o
                0x0000000000001490                vBarWindowMode
 .text.vBarMode
                0x00000000000014ea       0x66 ./User/dash_draw.o
                0x00000000000014ea                vBarMode
 .text.RedrawNotifyTaskToInit
                0x0000000000001550       0x28 ./User/dash_draw.o
                0x0000000000001550                RedrawNotifyTaskToInit
 .text.vRedrawTask
                0x0000000000001578      0x5a8 ./User/dash_draw.o
                0x0000000000001578                vRedrawTask
 .text.vInit_DeviceConfig
                0x0000000000001b20      0x162 ./User/init.o
                0x0000000000001b20                vInit_DeviceConfig
 .text.ADC1_Event
                0x0000000000001c82       0x48 ./User/inputs.o
                0x0000000000001c82                ADC1_Event
 .text.CaptureCallBack
                0x0000000000001cca       0x30 ./User/inputs.o
                0x0000000000001cca                CaptureCallBack
 .text.fDinStateCallback
                0x0000000000001cfa       0x32 ./User/inputs.o
                0x0000000000001cfa                fDinStateCallback
 .text.vSetDoutState
                0x0000000000001d2c       0x28 ./User/inputs.o
                0x0000000000001d2c                vSetDoutState
 .text.getInputsTaskHandle
                0x0000000000001d54        0xa ./User/inputs.o
                0x0000000000001d54                getInputsTaskHandle
 .text.InputsNotifyTaskToInit
                0x0000000000001d5e       0x28 ./User/inputs.o
                0x0000000000001d5e                InputsNotifyTaskToInit
 .text.ADC1_Init
                0x0000000000001d86       0x54 ./User/inputs.o
                0x0000000000001d86                ADC1_Init
 .text.ADC_FSM  0x0000000000001dda       0xfe ./User/inputs.o
                0x0000000000001dda                ADC_FSM
 .text.GetAIN   0x0000000000001ed8        0xc ./User/inputs.o
                0x0000000000001ed8                GetAIN
 .text.vInputsTask
                0x0000000000001ee4      0x324 ./User/inputs.o
                0x0000000000001ee4                vInputsTask
 .text.SPI1_DMA_Callback
                0x0000000000002208       0x38 ./User/led.o
                0x0000000000002208                SPI1_DMA_Callback
 .text.SPI2_DMA_Callback
                0x0000000000002240       0x3e ./User/led.o
                0x0000000000002240                SPI2_DMA_Callback
 .text.SetBarState
                0x000000000000227e       0x50 ./User/led.o
                0x000000000000227e                SetBarState
 .text.SetRGB   0x00000000000022ce       0xa2 ./User/led.o
                0x00000000000022ce                SetRGB
 .text.SetSegDirect
                0x0000000000002370       0x9c ./User/led.o
                0x0000000000002370                SetSegDirect
 .text.SetSegPoint
                0x000000000000240c       0x22 ./User/led.o
                0x000000000000240c                SetSegPoint
 .text.SetSEG   0x000000000000242e      0x122 ./User/led.o
                0x000000000000242e                SetSEG
 .text.SetBigSeg
                0x0000000000002550       0x14 ./User/led.o
                0x0000000000002550                SetBigSeg
 .text.vSetBrigth
                0x0000000000002564       0x2a ./User/led.o
                0x0000000000002564                vSetBrigth
 .text.vLedDriverStart
                0x000000000000258e       0x62 ./User/led.o
                0x000000000000258e                vLedDriverStart
 .text.vLedProcess
                0x00000000000025f0       0x2c ./User/led.o
                0x00000000000025f0                vLedProcess
 .text.vRGBProcess
                0x000000000000261c      0x10e ./User/led.o
                0x000000000000261c                vRGBProcess
 .text.startup.main
                0x000000000000272a       0x4a ./User/main.o
                0x000000000000272a                main
 .text.vRestartNode
                0x0000000000002774        0x2 ./User/main.o
                0x0000000000002774                vRestartNode
 .text.Error_Handler
                0x0000000000002776        0x8 ./User/main.o
                0x0000000000002776                Error_Handler
 .text.OD_writeV1_7
                0x000000000000277e       0x34 ./User/process.o
 .text.OD_writeV8_14
                0x00000000000027b2       0x34 ./User/process.o
 .text.OD_writeRGBMAP
                0x00000000000027e6       0x40 ./User/process.o
 .text.OD_writeBitrate
                0x0000000000002826       0x32 ./User/process.o
 .text.OD_readAIN_RPM
                0x0000000000002858       0x24 ./User/process.o
 .text.OD_readDIN
                0x000000000000287c       0x1c ./User/process.o
 .text.OD_writeMenuSetup
                0x0000000000002898       0x56 ./User/process.o
 .text.CO_getUint16
                0x00000000000028ee       0x10 ./User/process.o
 .text.OD_writeV15_17
                0x00000000000028fe       0x38 ./User/process.o
 .text.OD_writeBAR
                0x0000000000002936       0x36 ./User/process.o
 .text.WriteRGB
                0x000000000000296c       0x40 ./User/process.o
 .text.OD_writeRGB1
                0x00000000000029ac       0x16 ./User/process.o
 .text.OD_writeRGB2
                0x00000000000029c2       0x18 ./User/process.o
 .text.OD_writeRGB3
                0x00000000000029da       0x18 ./User/process.o
 .text.OD_writeRGB4
                0x00000000000029f2       0x18 ./User/process.o
 .text.OD_writeRGB5
                0x0000000000002a0a       0x18 ./User/process.o
 .text.OD_writeRGB6
                0x0000000000002a22       0x18 ./User/process.o
 .text.OD_writeRGB7
                0x0000000000002a3a       0x18 ./User/process.o
 .text.OD_writeRGB8
                0x0000000000002a52       0x18 ./User/process.o
 .text.OD_writeRGB9
                0x0000000000002a6a       0x18 ./User/process.o
 .text.OD_writeRGB10
                0x0000000000002a82       0x18 ./User/process.o
 .text.OD_writeRGB11
                0x0000000000002a9a       0x18 ./User/process.o
 .text.OD_writeRGB12
                0x0000000000002ab2       0x18 ./User/process.o
 .text.OD_writeRGB13
                0x0000000000002aca       0x18 ./User/process.o
 .text.OD_writeSEG
                0x0000000000002ae2       0x48 ./User/process.o
 .text.CO_getUint32
                0x0000000000002b2a       0x18 ./User/process.o
 .text.OD_writeRPMConfig
                0x0000000000002b42       0x3a ./User/process.o
 .text.OD_writeMenuMap
                0x0000000000002b7c       0x36 ./User/process.o
 .text.OD_writeERROR_REG
                0x0000000000002bb2       0x2a ./User/process.o
 .text.OD_writeDashParam
                0x0000000000002bdc       0x4e ./User/process.o
 .text.OD_readDashParam
                0x0000000000002c2a       0x4a ./User/process.o
 .text.writeADC.isra.2
                0x0000000000002c74       0x7a ./User/process.o
 .text.OD_writeADC1
                0x0000000000002cee       0x2a ./User/process.o
 .text.OD_writeADC2
                0x0000000000002d18       0x2a ./User/process.o
 .text.OD_writeADC3
                0x0000000000002d42       0x2a ./User/process.o
 .text.OD_writeBrigth
                0x0000000000002d6c       0x6a ./User/process.o
 .text.OD_readMenuSetup
                0x0000000000002dd6       0x38 ./User/process.o
 .text.vProceesInit
                0x0000000000002e0e      0x238 ./User/process.o
                0x0000000000002e0e                vProceesInit
 .text.SystemInit
                0x0000000000003046       0xee ./User/system_ch32v20x.o
                0x0000000000003046                SystemInit
 .text.SystemCoreClockUpdate
                0x0000000000003134       0x92 ./User/system_ch32v20x.o
                0x0000000000003134                SystemCoreClockUpdate
 .text.StartDefaultTask
                0x00000000000031c6       0x86 ./User/system_init.o
 .text.vApplicationGetIdleTaskMemory
                0x000000000000324c       0x1c ./User/system_init.o
                0x000000000000324c                vApplicationGetIdleTaskMemory
 .text.vApplicationGetTimerTaskMemory
                0x0000000000003268       0x1c ./User/system_init.o
                0x0000000000003268                vApplicationGetTimerTaskMemory
 .text.vSYStaskInit
                0x0000000000003284      0x110 ./User/system_init.o
                0x0000000000003284                vSYStaskInit
 .text.vSYSqueueInit
                0x0000000000003394        0x2 ./User/system_init.o
                0x0000000000003394                vSYSqueueInit
 .text.vSYSeventInit
                0x0000000000003396        0x2 ./User/system_init.o
                0x0000000000003396                vSYSeventInit
 .text.vector_handler
                0x0000000000003398       0x6c ./Startup/startup_ch32v20x_D6.o
                0x000000000000339c                Ecall_M_Mode_Handler
                0x000000000000339e                Ecall_U_Mode_Handler
                0x00000000000033a0                Break_Point_Handler
                0x00000000000033a6                WWDG_IRQHandler
                0x00000000000033a8                PVD_IRQHandler
                0x00000000000033aa                TAMPER_IRQHandler
                0x00000000000033ae                FLASH_IRQHandler
                0x00000000000033b0                RCC_IRQHandler
                0x00000000000033b2                EXTI0_IRQHandler
                0x00000000000033b4                EXTI1_IRQHandler
                0x00000000000033b6                EXTI2_IRQHandler
                0x00000000000033b8                EXTI3_IRQHandler
                0x00000000000033ba                EXTI4_IRQHandler
                0x00000000000033be                DMA1_Channel2_IRQHandler
                0x00000000000033c6                DMA1_Channel6_IRQHandler
                0x00000000000033d4                EXTI9_5_IRQHandler
                0x00000000000033d6                TIM1_BRK_IRQHandler
                0x00000000000033da                TIM1_TRG_COM_IRQHandler
                0x00000000000033ec                SPI1_IRQHandler
                0x00000000000033ee                SPI2_IRQHandler
                0x00000000000033f0                USART1_IRQHandler
                0x00000000000033f2                USART2_IRQHandler
                0x00000000000033f4                USART3_IRQHandler
                0x00000000000033f6                EXTI15_10_IRQHandler
                0x00000000000033f8                RTCAlarm_IRQHandler
                0x00000000000033fa                USBWakeUp_IRQHandler
                0x00000000000033fc                USBHD_IRQHandler
                0x00000000000033fe                USBHDWakeUp_IRQHandler
                0x0000000000003400                UART4_IRQHandler
                0x0000000000003402                DMA1_Channel8_IRQHandler
 .text.handle_reset
                0x0000000000003404       0x92 ./Startup/startup_ch32v20x_D6.o
                0x0000000000003404                handle_reset
 .text.ADC_DeInit
                0x0000000000003496       0x46 ./Peripheral/src/ch32v20x_adc.o
                0x0000000000003496                ADC_DeInit
 .text.ADC_Init
                0x00000000000034dc       0x56 ./Peripheral/src/ch32v20x_adc.o
                0x00000000000034dc                ADC_Init
 .text.ADC_Cmd  0x0000000000003532       0x10 ./Peripheral/src/ch32v20x_adc.o
                0x0000000000003532                ADC_Cmd
 .text.ADC_DMACmd
                0x0000000000003542       0x12 ./Peripheral/src/ch32v20x_adc.o
                0x0000000000003542                ADC_DMACmd
 .text.ADC_ResetCalibration
                0x0000000000003554        0xa ./Peripheral/src/ch32v20x_adc.o
                0x0000000000003554                ADC_ResetCalibration
 .text.ADC_GetResetCalibrationStatus
                0x000000000000355e        0x8 ./Peripheral/src/ch32v20x_adc.o
                0x000000000000355e                ADC_GetResetCalibrationStatus
 .text.ADC_StartCalibration
                0x0000000000003566        0xa ./Peripheral/src/ch32v20x_adc.o
                0x0000000000003566                ADC_StartCalibration
 .text.ADC_GetCalibrationStatus
                0x0000000000003570        0x8 ./Peripheral/src/ch32v20x_adc.o
                0x0000000000003570                ADC_GetCalibrationStatus
 .text.ADC_SoftwareStartConvCmd
                0x0000000000003578       0x18 ./Peripheral/src/ch32v20x_adc.o
                0x0000000000003578                ADC_SoftwareStartConvCmd
 .text.ADC_RegularChannelConfig
                0x0000000000003590       0xb8 ./Peripheral/src/ch32v20x_adc.o
                0x0000000000003590                ADC_RegularChannelConfig
 .text.ADC_ExternalTrigConvCmd
                0x0000000000003648       0x18 ./Peripheral/src/ch32v20x_adc.o
                0x0000000000003648                ADC_ExternalTrigConvCmd
 .text.ADC_GetITStatus
                0x0000000000003660       0x1c ./Peripheral/src/ch32v20x_adc.o
                0x0000000000003660                ADC_GetITStatus
 .text.ADC_ClearITPendingBit
                0x000000000000367c        0xa ./Peripheral/src/ch32v20x_adc.o
                0x000000000000367c                ADC_ClearITPendingBit
 .text.ADC_BufferCmd
                0x0000000000003686       0x18 ./Peripheral/src/ch32v20x_adc.o
                0x0000000000003686                ADC_BufferCmd
 .text.Get_CalibrationValue
                0x000000000000369e      0x1fe ./Peripheral/src/ch32v20x_adc.o
                0x000000000000369e                Get_CalibrationValue
 .text.BKP_DeInit
                0x000000000000389c       0x14 ./Peripheral/src/ch32v20x_bkp.o
                0x000000000000389c                BKP_DeInit
 .text.CAN_Init
                0x00000000000038b0       0xe8 ./Peripheral/src/ch32v20x_can.o
                0x00000000000038b0                CAN_Init
 .text.CAN_FilterInit
                0x0000000000003998      0x118 ./Peripheral/src/ch32v20x_can.o
                0x0000000000003998                CAN_FilterInit
 .text.CAN_Transmit
                0x0000000000003ab0       0xbc ./Peripheral/src/ch32v20x_can.o
                0x0000000000003ab0                CAN_Transmit
 .text.CAN_Receive
                0x0000000000003b6c       0x8c ./Peripheral/src/ch32v20x_can.o
                0x0000000000003b6c                CAN_Receive
 .text.CAN_OperatingModeRequest
                0x0000000000003bf8       0x72 ./Peripheral/src/ch32v20x_can.o
                0x0000000000003bf8                CAN_OperatingModeRequest
 .text.CAN_ITConfig
                0x0000000000003c6a       0x12 ./Peripheral/src/ch32v20x_can.o
                0x0000000000003c6a                CAN_ITConfig
 .text.CAN_GetFlagStatus
                0x0000000000003c7c       0x56 ./Peripheral/src/ch32v20x_can.o
                0x0000000000003c7c                CAN_GetFlagStatus
 .text.CAN_ClearFlag
                0x0000000000003cd2       0x40 ./Peripheral/src/ch32v20x_can.o
                0x0000000000003cd2                CAN_ClearFlag
 .text.CAN_ClearITPendingBit
                0x0000000000003d12       0x94 ./Peripheral/src/ch32v20x_can.o
                0x0000000000003d12                CAN_ClearITPendingBit
 .text.DMA_Init
                0x0000000000003da6       0x38 ./Peripheral/src/ch32v20x_dma.o
                0x0000000000003da6                DMA_Init
 .text.DMA_Cmd  0x0000000000003dde       0x14 ./Peripheral/src/ch32v20x_dma.o
                0x0000000000003dde                DMA_Cmd
 .text.DMA_ITConfig
                0x0000000000003df2       0x12 ./Peripheral/src/ch32v20x_dma.o
                0x0000000000003df2                DMA_ITConfig
 .text.DMA_SetCurrDataCounter
                0x0000000000003e04        0x4 ./Peripheral/src/ch32v20x_dma.o
                0x0000000000003e04                DMA_SetCurrDataCounter
 .text.DMA_GetFlagStatus
                0x0000000000003e08        0xe ./Peripheral/src/ch32v20x_dma.o
                0x0000000000003e08                DMA_GetFlagStatus
 .text.DMA_GetITStatus
                0x0000000000003e16        0xc ./Peripheral/src/ch32v20x_dma.o
                0x0000000000003e16                DMA_GetITStatus
 .text.DMA_ClearITPendingBit
                0x0000000000003e22        0x8 ./Peripheral/src/ch32v20x_dma.o
                0x0000000000003e22                DMA_ClearITPendingBit
 .text.GPIO_Init
                0x0000000000003e2a       0xfa ./Peripheral/src/ch32v20x_gpio.o
                0x0000000000003e2a                GPIO_Init
 .text.GPIO_ReadInputDataBit
                0x0000000000003f24       0x1e ./Peripheral/src/ch32v20x_gpio.o
                0x0000000000003f24                GPIO_ReadInputDataBit
 .text.GPIO_SetBits
                0x0000000000003f42       0x18 ./Peripheral/src/ch32v20x_gpio.o
                0x0000000000003f42                GPIO_SetBits
 .text.GPIO_ResetBits
                0x0000000000003f5a       0x18 ./Peripheral/src/ch32v20x_gpio.o
                0x0000000000003f5a                GPIO_ResetBits
 .text.GPIO_PinRemapConfig
                0x0000000000003f72       0xf2 ./Peripheral/src/ch32v20x_gpio.o
                0x0000000000003f72                GPIO_PinRemapConfig
 .text.I2C_Init
                0x0000000000004064       0xf2 ./Peripheral/src/ch32v20x_i2c.o
                0x0000000000004064                I2C_Init
 .text.I2C_Cmd  0x0000000000004156       0x18 ./Peripheral/src/ch32v20x_i2c.o
                0x0000000000004156                I2C_Cmd
 .text.I2C_GenerateSTART
                0x000000000000416e       0x1a ./Peripheral/src/ch32v20x_i2c.o
                0x000000000000416e                I2C_GenerateSTART
 .text.I2C_GenerateSTOP
                0x0000000000004188       0x1a ./Peripheral/src/ch32v20x_i2c.o
                0x0000000000004188                I2C_GenerateSTOP
 .text.I2C_AcknowledgeConfig
                0x00000000000041a2       0x1a ./Peripheral/src/ch32v20x_i2c.o
                0x00000000000041a2                I2C_AcknowledgeConfig
 .text.I2C_DualAddressCmd
                0x00000000000041bc       0x18 ./Peripheral/src/ch32v20x_i2c.o
                0x00000000000041bc                I2C_DualAddressCmd
 .text.I2C_ITConfig
                0x00000000000041d4       0x12 ./Peripheral/src/ch32v20x_i2c.o
                0x00000000000041d4                I2C_ITConfig
 .text.I2C_SendData
                0x00000000000041e6        0x4 ./Peripheral/src/ch32v20x_i2c.o
                0x00000000000041e6                I2C_SendData
 .text.I2C_ReceiveData
                0x00000000000041ea        0x8 ./Peripheral/src/ch32v20x_i2c.o
                0x00000000000041ea                I2C_ReceiveData
 .text.I2C_Send7bitAddress
                0x00000000000041f2       0x12 ./Peripheral/src/ch32v20x_i2c.o
                0x00000000000041f2                I2C_Send7bitAddress
 .text.I2C_ReadRegister
                0x0000000000004204       0x14 ./Peripheral/src/ch32v20x_i2c.o
                0x0000000000004204                I2C_ReadRegister
 .text.I2C_GetFlagStatus
                0x0000000000004218       0x32 ./Peripheral/src/ch32v20x_i2c.o
                0x0000000000004218                I2C_GetFlagStatus
 .text.I2C_ClearFlag
                0x000000000000424a        0xc ./Peripheral/src/ch32v20x_i2c.o
                0x000000000000424a                I2C_ClearFlag
 .text.NVIC_PriorityGroupConfig
                0x0000000000004256        0xa ./Peripheral/src/ch32v20x_misc.o
                0x0000000000004256                NVIC_PriorityGroupConfig
 .text.NVIC_Init
                0x0000000000004260       0xaa ./Peripheral/src/ch32v20x_misc.o
                0x0000000000004260                NVIC_Init
 .text.PWR_BackupAccessCmd
                0x000000000000430a       0x16 ./Peripheral/src/ch32v20x_pwr.o
                0x000000000000430a                PWR_BackupAccessCmd
 .text.RCC_ADCCLKConfig
                0x0000000000004320       0x12 ./Peripheral/src/ch32v20x_rcc.o
                0x0000000000004320                RCC_ADCCLKConfig
 .text.RCC_LSEConfig
                0x0000000000004332       0x28 ./Peripheral/src/ch32v20x_rcc.o
                0x0000000000004332                RCC_LSEConfig
 .text.RCC_RTCCLKConfig
                0x000000000000435a        0xc ./Peripheral/src/ch32v20x_rcc.o
                0x000000000000435a                RCC_RTCCLKConfig
 .text.RCC_RTCCLKCmd
                0x0000000000004366       0x20 ./Peripheral/src/ch32v20x_rcc.o
                0x0000000000004366                RCC_RTCCLKCmd
 .text.RCC_GetClocksFreq
                0x0000000000004386       0xbe ./Peripheral/src/ch32v20x_rcc.o
                0x0000000000004386                RCC_GetClocksFreq
 .text.RCC_AHBPeriphClockCmd
                0x0000000000004444       0x1e ./Peripheral/src/ch32v20x_rcc.o
                0x0000000000004444                RCC_AHBPeriphClockCmd
 .text.RCC_APB2PeriphClockCmd
                0x0000000000004462       0x1e ./Peripheral/src/ch32v20x_rcc.o
                0x0000000000004462                RCC_APB2PeriphClockCmd
 .text.RCC_APB1PeriphClockCmd
                0x0000000000004480       0x1e ./Peripheral/src/ch32v20x_rcc.o
                0x0000000000004480                RCC_APB1PeriphClockCmd
 .text.RCC_APB2PeriphResetCmd
                0x000000000000449e       0x1e ./Peripheral/src/ch32v20x_rcc.o
                0x000000000000449e                RCC_APB2PeriphResetCmd
 .text.RCC_APB1PeriphResetCmd
                0x00000000000044bc       0x1e ./Peripheral/src/ch32v20x_rcc.o
                0x00000000000044bc                RCC_APB1PeriphResetCmd
 .text.RCC_BackupResetCmd
                0x00000000000044da       0x20 ./Peripheral/src/ch32v20x_rcc.o
                0x00000000000044da                RCC_BackupResetCmd
 .text.RCC_GetFlagStatus
                0x00000000000044fa       0x2e ./Peripheral/src/ch32v20x_rcc.o
                0x00000000000044fa                RCC_GetFlagStatus
 .text.RTC_ITConfig
                0x0000000000004528       0x1a ./Peripheral/src/ch32v20x_rtc.o
                0x0000000000004528                RTC_ITConfig
 .text.RTC_EnterConfigMode
                0x0000000000004542       0x12 ./Peripheral/src/ch32v20x_rtc.o
                0x0000000000004542                RTC_EnterConfigMode
 .text.RTC_ExitConfigMode
                0x0000000000004554       0x18 ./Peripheral/src/ch32v20x_rtc.o
                0x0000000000004554                RTC_ExitConfigMode
 .text.RTC_SetPrescaler
                0x000000000000456c       0x2e ./Peripheral/src/ch32v20x_rtc.o
                0x000000000000456c                RTC_SetPrescaler
 .text.RTC_WaitForLastTask
                0x000000000000459a       0x10 ./Peripheral/src/ch32v20x_rtc.o
                0x000000000000459a                RTC_WaitForLastTask
 .text.RTC_WaitForSynchro
                0x00000000000045aa       0x24 ./Peripheral/src/ch32v20x_rtc.o
                0x00000000000045aa                RTC_WaitForSynchro
 .text.RTC_ClearFlag
                0x00000000000045ce       0x14 ./Peripheral/src/ch32v20x_rtc.o
                0x00000000000045ce                RTC_ClearFlag
 .text.RTC_GetITStatus
                0x00000000000045e2       0x20 ./Peripheral/src/ch32v20x_rtc.o
                0x00000000000045e2                RTC_GetITStatus
 .text.RTC_ClearITPendingBit
                0x0000000000004602        0xc ./Peripheral/src/ch32v20x_rtc.o
                0x0000000000004602                RTC_ClearITPendingBit
 .text.SPI_I2S_DeInit
                0x000000000000460e       0x3e ./Peripheral/src/ch32v20x_spi.o
                0x000000000000460e                SPI_I2S_DeInit
 .text.SPI_Init
                0x000000000000464c       0x3e ./Peripheral/src/ch32v20x_spi.o
                0x000000000000464c                SPI_Init
 .text.SPI_Cmd  0x000000000000468a       0x1a ./Peripheral/src/ch32v20x_spi.o
                0x000000000000468a                SPI_Cmd
 .text.SPI_I2S_DMACmd
                0x00000000000046a4       0x12 ./Peripheral/src/ch32v20x_spi.o
                0x00000000000046a4                SPI_I2S_DMACmd
 .text.SPI_I2S_GetFlagStatus
                0x00000000000046b6        0xa ./Peripheral/src/ch32v20x_spi.o
                0x00000000000046b6                SPI_I2S_GetFlagStatus
 .text.SPI_I2S_ClearFlag
                0x00000000000046c0        0xc ./Peripheral/src/ch32v20x_spi.o
                0x00000000000046c0                SPI_I2S_ClearFlag
 .text.TI1_Config
                0x00000000000046cc       0x6a ./Peripheral/src/ch32v20x_tim.o
 .text.TI2_Config
                0x0000000000004736       0x82 ./Peripheral/src/ch32v20x_tim.o
 .text.TIM_DeInit
                0x00000000000047b8       0x8a ./Peripheral/src/ch32v20x_tim.o
                0x00000000000047b8                TIM_DeInit
 .text.TIM_TimeBaseInit
                0x0000000000004842       0x6a ./Peripheral/src/ch32v20x_tim.o
                0x0000000000004842                TIM_TimeBaseInit
 .text.TIM_OC1Init
                0x00000000000048ac       0x6a ./Peripheral/src/ch32v20x_tim.o
                0x00000000000048ac                TIM_OC1Init
 .text.TIM_OC2Init
                0x0000000000004916       0x96 ./Peripheral/src/ch32v20x_tim.o
                0x0000000000004916                TIM_OC2Init
 .text.TIM_OC3Init
                0x00000000000049ac       0x94 ./Peripheral/src/ch32v20x_tim.o
                0x00000000000049ac                TIM_OC3Init
 .text.TIM_OC4Init
                0x0000000000004a40       0x6c ./Peripheral/src/ch32v20x_tim.o
                0x0000000000004a40                TIM_OC4Init
 .text.TIM_TimeBaseStructInit
                0x0000000000004aac       0x16 ./Peripheral/src/ch32v20x_tim.o
                0x0000000000004aac                TIM_TimeBaseStructInit
 .text.TIM_Cmd  0x0000000000004ac2       0x18 ./Peripheral/src/ch32v20x_tim.o
                0x0000000000004ac2                TIM_Cmd
 .text.TIM_CtrlPWMOutputs
                0x0000000000004ada       0x16 ./Peripheral/src/ch32v20x_tim.o
                0x0000000000004ada                TIM_CtrlPWMOutputs
 .text.TIM_ITConfig
                0x0000000000004af0       0x12 ./Peripheral/src/ch32v20x_tim.o
                0x0000000000004af0                TIM_ITConfig
 .text.TIM_DMACmd
                0x0000000000004b02        0xc ./Peripheral/src/ch32v20x_tim.o
                0x0000000000004b02                TIM_DMACmd
 .text.TIM_InternalClockConfig
                0x0000000000004b0e       0x10 ./Peripheral/src/ch32v20x_tim.o
                0x0000000000004b0e                TIM_InternalClockConfig
 .text.TIM_ARRPreloadConfig
                0x0000000000004b1e       0x1a ./Peripheral/src/ch32v20x_tim.o
                0x0000000000004b1e                TIM_ARRPreloadConfig
 .text.TIM_OC1PreloadConfig
                0x0000000000004b38        0xe ./Peripheral/src/ch32v20x_tim.o
                0x0000000000004b38                TIM_OC1PreloadConfig
 .text.TIM_OC2PreloadConfig
                0x0000000000004b46       0x16 ./Peripheral/src/ch32v20x_tim.o
                0x0000000000004b46                TIM_OC2PreloadConfig
 .text.TIM_OC3PreloadConfig
                0x0000000000004b5c        0xe ./Peripheral/src/ch32v20x_tim.o
                0x0000000000004b5c                TIM_OC3PreloadConfig
 .text.TIM_OC4PreloadConfig
                0x0000000000004b6a       0x16 ./Peripheral/src/ch32v20x_tim.o
                0x0000000000004b6a                TIM_OC4PreloadConfig
 .text.TIM_SetIC1Prescaler
                0x0000000000004b80       0x16 ./Peripheral/src/ch32v20x_tim.o
                0x0000000000004b80                TIM_SetIC1Prescaler
 .text.TIM_SetIC2Prescaler
                0x0000000000004b96       0x1a ./Peripheral/src/ch32v20x_tim.o
                0x0000000000004b96                TIM_SetIC2Prescaler
 .text.TIM_SetIC3Prescaler
                0x0000000000004bb0       0x16 ./Peripheral/src/ch32v20x_tim.o
                0x0000000000004bb0                TIM_SetIC3Prescaler
 .text.TIM_SetIC4Prescaler
                0x0000000000004bc6       0x1a ./Peripheral/src/ch32v20x_tim.o
                0x0000000000004bc6                TIM_SetIC4Prescaler
 .text.TIM_ICInit
                0x0000000000004be0      0x168 ./Peripheral/src/ch32v20x_tim.o
                0x0000000000004be0                TIM_ICInit
 .text.TIM_GetCapture3
                0x0000000000004d48        0x4 ./Peripheral/src/ch32v20x_tim.o
                0x0000000000004d48                TIM_GetCapture3
 .text.TIM_GetCapture4
                0x0000000000004d4c        0x6 ./Peripheral/src/ch32v20x_tim.o
                0x0000000000004d4c                TIM_GetCapture4
 .text.TIM_GetFlagStatus
                0x0000000000004d52        0xa ./Peripheral/src/ch32v20x_tim.o
                0x0000000000004d52                TIM_GetFlagStatus
 .text.TIM_ClearFlag
                0x0000000000004d5c        0xc ./Peripheral/src/ch32v20x_tim.o
                0x0000000000004d5c                TIM_ClearFlag
 .text.TIM_GetITStatus
                0x0000000000004d68       0x18 ./Peripheral/src/ch32v20x_tim.o
                0x0000000000004d68                TIM_GetITStatus
 .text.TIM_ClearITPendingBit
                0x0000000000004d80        0xc ./Peripheral/src/ch32v20x_tim.o
                0x0000000000004d80                TIM_ClearITPendingBit
 .text.USART_Init
                0x0000000000004d8c       0xbc ./Peripheral/src/ch32v20x_usart.o
                0x0000000000004d8c                USART_Init
 .text.USART_Cmd
                0x0000000000004e48       0x16 ./Peripheral/src/ch32v20x_usart.o
                0x0000000000004e48                USART_Cmd
 .text.USART_SendData
                0x0000000000004e5e        0x8 ./Peripheral/src/ch32v20x_usart.o
                0x0000000000004e5e                USART_SendData
 .text.USART_GetFlagStatus
                0x0000000000004e66        0xa ./Peripheral/src/ch32v20x_usart.o
                0x0000000000004e66                USART_GetFlagStatus
 .text.vAINInit
                0x0000000000004e70       0x36 ./HWLIB/hw_lib_adc.o
                0x0000000000004e70                vAINInit
 .text.fGetAinCalData
                0x0000000000004ea6       0xb2 ./HWLIB/hw_lib_adc.o
                0x0000000000004ea6                fGetAinCalData
 .text.eAinCalDataConfig
                0x0000000000004f58       0x48 ./HWLIB/hw_lib_adc.o
                0x0000000000004f58                eAinCalDataConfig
 .text.vABLineKoofFinde
                0x0000000000004fa0       0x6a ./HWLIB/hw_lib_adc.o
                0x0000000000004fa0                vABLineKoofFinde
 .text.eSetAinCalPoint
                0x000000000000500a       0x64 ./HWLIB/hw_lib_adc.o
                0x000000000000500a                eSetAinCalPoint
 .text.getADC1Buffer
                0x000000000000506e        0xa ./HWLIB/hw_lib_adc.o
                0x000000000000506e                getADC1Buffer
 .text.eDOUTConfigWtihStruct
                0x0000000000005078       0x1a ./HWLIB/hw_lib_din.o
                0x0000000000005078                eDOUTConfigWtihStruct
 .text.eSetDUT  0x0000000000005092       0x12 ./HWLIB/hw_lib_din.o
                0x0000000000005092                eSetDUT
 .text.eDinConfigWtihStruct
                0x00000000000050a4       0x32 ./HWLIB/hw_lib_din.o
                0x00000000000050a4                eDinConfigWtihStruct
 .text.uGetDIN  0x00000000000050d6       0x14 ./HWLIB/hw_lib_din.o
                0x00000000000050d6                uGetDIN
 .text.xGetDIN  0x00000000000050ea       0x24 ./HWLIB/hw_lib_din.o
                0x00000000000050ea                xGetDIN
 .text.eRPMConfig
                0x000000000000510e       0x5a ./HWLIB/hw_lib_din.o
                0x000000000000510e                eRPMConfig
 .text.RMPDataConvert
                0x0000000000005168       0x78 ./HWLIB/hw_lib_din.o
                0x0000000000005168                RMPDataConvert
 .text.getCaputreBuffer
                0x00000000000051e0       0x16 ./HWLIB/hw_lib_din.o
                0x00000000000051e0                getCaputreBuffer
 .text.GetRPM   0x00000000000051f6       0x74 ./HWLIB/hw_lib_din.o
                0x00000000000051f6                GetRPM
 .text.xGetRPM  0x000000000000526a       0x72 ./HWLIB/hw_lib_din.o
                0x000000000000526a                xGetRPM
 .text.vDinDoutProcess
                0x00000000000052dc       0x98 ./HWLIB/hw_lib_din.o
                0x00000000000052dc                vDinDoutProcess
 .text.vInitEEPROM
                0x0000000000005374       0x18 ./HWLIB/hw_lib_eeprom.o
                0x0000000000005374                vInitEEPROM
 .text.xGetEEPROM
                0x000000000000538c        0xa ./HWLIB/hw_lib_eeprom.o
                0x000000000000538c                xGetEEPROM
 .text.eEEPROMWr
                0x0000000000005396       0xb0 ./HWLIB/hw_lib_eeprom.o
                0x0000000000005396                eEEPROMWr
 .text.eEEPROMRd
                0x0000000000005446       0x34 ./HWLIB/hw_lib_eeprom.o
                0x0000000000005446                eEEPROMRd
 .text.bReadEEPROM
                0x000000000000547a       0x1a ./HWLIB/hw_lib_eeprom.o
                0x000000000000547a                bReadEEPROM
 .text.Get_ConversionVal
                0x0000000000005494       0x2e ./HAL/hal_adc.o
                0x0000000000005494                Get_ConversionVal
 .text.HAL_ADC_CommonConfig
                0x00000000000054c2        0xe ./HAL/hal_adc.o
                0x00000000000054c2                HAL_ADC_CommonConfig
 .text.HAL_ADC_ContiniusScanCinvertionDMA
                0x00000000000054d0       0xda ./HAL/hal_adc.o
                0x00000000000054d0                HAL_ADC_ContiniusScanCinvertionDMA
 .text.ADC1_2_IRQHandler
                0x00000000000055aa       0x74 ./HAL/hal_adc.o
                0x00000000000055aa                ADC1_2_IRQHandler
 .text.HAL_CANSetTXCallback
                0x000000000000561e        0xa ./HAL/hal_can.o
                0x000000000000561e                HAL_CANSetTXCallback
 .text.HAL_CANSetRXCallback
                0x0000000000005628        0xa ./HAL/hal_can.o
                0x0000000000005628                HAL_CANSetRXCallback
 .text.HAL_CANSetERRCallback
                0x0000000000005632        0xa ./HAL/hal_can.o
                0x0000000000005632                HAL_CANSetERRCallback
 .text.HAL_CANIntIT
                0x000000000000563c      0x124 ./HAL/hal_can.o
                0x000000000000563c                HAL_CANIntIT
 .text.HAL_CANToInitMode
                0x0000000000005760       0x16 ./HAL/hal_can.o
                0x0000000000005760                HAL_CANToInitMode
 .text.HAL_CANToOperatingMode
                0x0000000000005776       0x16 ./HAL/hal_can.o
                0x0000000000005776                HAL_CANToOperatingMode
 .text.HAL_CANSend
                0x000000000000578c       0x50 ./HAL/hal_can.o
                0x000000000000578c                HAL_CANSend
 .text.HAL_CANSetFiters
                0x00000000000057dc       0x3a ./HAL/hal_can.o
                0x00000000000057dc                HAL_CANSetFiters
 .text.HAL_CANGetRXMessage
                0x0000000000005816       0x52 ./HAL/hal_can.o
                0x0000000000005816                HAL_CANGetRXMessage
 .text.USB_HP_CAN1_TX_IRQHandler
                0x0000000000005868       0xd6 ./HAL/hal_can.o
                0x0000000000005868                USB_HP_CAN1_TX_IRQHandler
 .text.USB_LP_CAN1_RX0_IRQHandler
                0x000000000000593e       0x62 ./HAL/hal_can.o
                0x000000000000593e                USB_LP_CAN1_RX0_IRQHandler
 .text.CAN1_RX1_IRQHandler
                0x00000000000059a0       0x64 ./HAL/hal_can.o
                0x00000000000059a0                CAN1_RX1_IRQHandler
 .text.CAN1_SCE_IRQHandler
                0x0000000000005a04       0x62 ./HAL/hal_can.o
                0x0000000000005a04                CAN1_SCE_IRQHandler
 .text.HAL_DMA_Enable
                0x0000000000005a66        0xe ./HAL/hal_dma.o
                0x0000000000005a66                HAL_DMA_Enable
 .text.HAL_DMA_Disable
                0x0000000000005a74        0xe ./HAL/hal_dma.o
                0x0000000000005a74                HAL_DMA_Disable
 .text.HAL_DMA_SetCounter
                0x0000000000005a82       0x10 ./HAL/hal_dma.o
                0x0000000000005a82                HAL_DMA_SetCounter
 .text.HAL_DMAInitIT
                0x0000000000005a92      0x172 ./HAL/hal_dma.o
                0x0000000000005a92                HAL_DMAInitIT
 .text.HAL_ADC_StartDMA
                0x0000000000005c04       0x64 ./HAL/hal_dma.o
                0x0000000000005c04                HAL_ADC_StartDMA
 .text.DMA1_Channel1_IRQHandler
                0x0000000000005c68       0x64 ./HAL/hal_dma.o
                0x0000000000005c68                DMA1_Channel1_IRQHandler
 .text.DMA1_Channel3_IRQHandler
                0x0000000000005ccc       0x68 ./HAL/hal_dma.o
                0x0000000000005ccc                DMA1_Channel3_IRQHandler
 .text.DMA1_Channel5_IRQHandler
                0x0000000000005d34       0x66 ./HAL/hal_dma.o
                0x0000000000005d34                DMA1_Channel5_IRQHandler
 .text.DMA1_Channel4_IRQHandler
                0x0000000000005d9a       0x64 ./HAL/hal_dma.o
                0x0000000000005d9a                DMA1_Channel4_IRQHandler
 .text.DMA1_Channel7_IRQHandler
                0x0000000000005dfe       0x68 ./HAL/hal_dma.o
                0x0000000000005dfe                DMA1_Channel7_IRQHandler
 .text.HAL_InitGpioLib
                0x0000000000005e66       0x12 ./HAL/hal_gpio.o
                0x0000000000005e66                HAL_InitGpioLib
 .text.HAL_InitGpioRCC
                0x0000000000005e78       0xb6 ./HAL/hal_gpio.o
                0x0000000000005e78                HAL_InitGpioRCC
 .text.HAL_InitGpioOut
                0x0000000000005f2e       0x28 ./HAL/hal_gpio.o
                0x0000000000005f2e                HAL_InitGpioOut
 .text.HAL_InitGpioAIN
                0x0000000000005f56       0x26 ./HAL/hal_gpio.o
                0x0000000000005f56                HAL_InitGpioAIN
 .text.HAL_InitGpioIn
                0x0000000000005f7c       0x28 ./HAL/hal_gpio.o
                0x0000000000005f7c                HAL_InitGpioIn
 .text.HAL_InitGpioAF
                0x0000000000005fa4       0x3c ./HAL/hal_gpio.o
                0x0000000000005fa4                HAL_InitGpioAF
 .text.HAL_GetBit
                0x0000000000005fe0        0xc ./HAL/hal_gpio.o
                0x0000000000005fe0                HAL_GetBit
 .text.HAL_SetBit
                0x0000000000005fec        0xc ./HAL/hal_gpio.o
                0x0000000000005fec                HAL_SetBit
 .text.HAL_ResetBit
                0x0000000000005ff8        0xc ./HAL/hal_gpio.o
                0x0000000000005ff8                HAL_ResetBit
 .text.I2C_Master_TransmitIT
                0x0000000000006004       0xa4 ./HAL/hal_i2c.o
 .text.I2C_Master_ReviceIT
                0x00000000000060a8       0xb8 ./HAL/hal_i2c.o
 .text.I2C_FSM  0x0000000000006160      0x1d6 ./HAL/hal_i2c.o
 .text.InitI2CDMA
                0x0000000000006336      0x118 ./HAL/hal_i2c.o
                0x0000000000006336                InitI2CDMA
 .text.I2C1_EV_IRQHandler
                0x000000000000644e       0x4c ./HAL/hal_i2c.o
                0x000000000000644e                I2C1_EV_IRQHandler
 .text.I2C1_ER_IRQHandler
                0x000000000000649a       0x4c ./HAL/hal_i2c.o
                0x000000000000649a                I2C1_ER_IRQHandler
 .text.I2C2_EV_IRQHandler
                0x00000000000064e6       0x4c ./HAL/hal_i2c.o
                0x00000000000064e6                I2C2_EV_IRQHandler
 .text.I2C2_ER_IRQHandler
                0x0000000000006532       0x4c ./HAL/hal_i2c.o
                0x0000000000006532                I2C2_ER_IRQHandler
 .text.HAL_RTC_IT_Init
                0x000000000000657e       0xb0 ./HAL/hal_rtc.o
                0x000000000000657e                HAL_RTC_IT_Init
 .text.RTC_IRQHandler
                0x000000000000662e       0x64 ./HAL/hal_rtc.o
                0x000000000000662e                RTC_IRQHandler
 .text.HAL_SPI_InitDMA
                0x0000000000006692       0x96 ./HAL/hal_spi.o
                0x0000000000006692                HAL_SPI_InitDMA
 .text.HAL_SPI_RXOveleyClear
                0x0000000000006728       0x10 ./HAL/hal_spi.o
                0x0000000000006728                HAL_SPI_RXOveleyClear
 .text.HAL_SPI_GetBusy
                0x0000000000006738       0x16 ./HAL/hal_spi.o
                0x0000000000006738                HAL_SPI_GetBusy
 .text.vTimerInitRCC
                0x000000000000674e       0x48 ./HAL/hal_timers.o
 .text.TIM1_CC_IRQHandler
                0x0000000000006796       0xea ./HAL/hal_timers.o
                0x0000000000006796                TIM1_CC_IRQHandler
 .text.TIM1_UP_IRQHandler
                0x0000000000006880       0x74 ./HAL/hal_timers.o
                0x0000000000006880                TIM1_UP_IRQHandler
 .text.TIM4_IRQHandler
                0x00000000000068f4       0x74 ./HAL/hal_timers.o
                0x00000000000068f4                TIM4_IRQHandler
 .text.TIM3_IRQHandler
                0x0000000000006968       0x74 ./HAL/hal_timers.o
                0x0000000000006968                TIM3_IRQHandler
 .text.TIM2_IRQHandler
                0x00000000000069dc       0x6c ./HAL/hal_timers.o
                0x00000000000069dc                TIM2_IRQHandler
 .text.HAL_TiemrEneblae
                0x0000000000006a48       0x1c ./HAL/hal_timers.o
                0x0000000000006a48                HAL_TiemrEneblae
 .text.HW_TIMER_BaseTimerInit
                0x0000000000006a64       0x60 ./HAL/hal_timers.o
                0x0000000000006a64                HW_TIMER_BaseTimerInit
 .text.HAL_TIMER_InitIt
                0x0000000000006ac4       0xa4 ./HAL/hal_timers.o
                0x0000000000006ac4                HAL_TIMER_InitIt
 .text.HAL_TIMER_PWMTimersInit
                0x0000000000006b68       0xec ./HAL/hal_timers.o
                0x0000000000006b68                HAL_TIMER_PWMTimersInit
 .text.HAL_TimeInitCaptureIT
                0x0000000000006c54      0x142 ./HAL/hal_timers.o
                0x0000000000006c54                HAL_TimeInitCaptureIT
 .text.HAL_TimeInitCaptureDMA
                0x0000000000006d96      0x114 ./HAL/hal_timers.o
                0x0000000000006d96                HAL_TimeInitCaptureDMA
 .text.HAL_TIMER_DisablePWMCH
                0x0000000000006eaa       0x1c ./HAL/hal_timers.o
                0x0000000000006eaa                HAL_TIMER_DisablePWMCH
 .text.HAL_TIMER_SetPWMPulse
                0x0000000000006ec6       0x80 ./HAL/hal_timers.o
                0x0000000000006ec6                HAL_TIMER_SetPWMPulse
 .text.HAL_TIMER_EnablePWMCH
                0x0000000000006f46       0x1c ./HAL/hal_timers.o
                0x0000000000006f46                HAL_TIMER_EnablePWMCH
 .text.HAL_WDTReset
                0x0000000000006f62        0x2 ./HAL/hal_wdt.o
                0x0000000000006f62                HAL_WDTReset
 .text.prvInsertBlockIntoFreeList
                0x0000000000006f64       0x4c ./FreeRTOS/portable/MemMang/heap_4.o
 .text.pvPortMalloc
                0x0000000000006fb0      0x18a ./FreeRTOS/portable/MemMang/heap_4.o
                0x0000000000006fb0                pvPortMalloc
 .text.vPortFree
                0x000000000000713a       0xa8 ./FreeRTOS/portable/MemMang/heap_4.o
                0x000000000000713a                vPortFree
 .text.vPortSetupTimerInterrupt
                0x00000000000071e2       0x3e ./FreeRTOS/portable/GCC/RISC-V/port.o
                0x00000000000071e2                vPortSetupTimerInterrupt
 .text.xPortStartScheduler
                0x0000000000007220       0x90 ./FreeRTOS/portable/GCC/RISC-V/port.o
                0x0000000000007220                xPortStartScheduler
 .text.SysTick_Handler
                0x00000000000072b0       0x7c ./FreeRTOS/portable/GCC/RISC-V/port.o
                0x00000000000072b0                SysTick_Handler
 .text.vPortEnterCritical
                0x000000000000732c       0x16 ./FreeRTOS/portable/GCC/RISC-V/port.o
                0x000000000000732c                vPortEnterCritical
 .text.vPortExitCritical
                0x0000000000007342       0x42 ./FreeRTOS/portable/GCC/RISC-V/port.o
                0x0000000000007342                vPortExitCritical
 .text.xPortSetInterruptMask
                0x0000000000007384        0xc ./FreeRTOS/portable/GCC/RISC-V/port.o
                0x0000000000007384                xPortSetInterruptMask
 .text.vPortClearInterruptMask
                0x0000000000007390        0x6 ./FreeRTOS/portable/GCC/RISC-V/port.o
                0x0000000000007390                vPortClearInterruptMask
 .text.vListInitialise
                0x0000000000007396       0x14 ./FreeRTOS/list.o
                0x0000000000007396                vListInitialise
 .text.vListInitialiseItem
                0x00000000000073aa        0x6 ./FreeRTOS/list.o
                0x00000000000073aa                vListInitialiseItem
 .text.vListInsertEnd
                0x00000000000073b0       0x18 ./FreeRTOS/list.o
                0x00000000000073b0                vListInsertEnd
 .text.vListInsert
                0x00000000000073c8       0x2e ./FreeRTOS/list.o
                0x00000000000073c8                vListInsert
 .text.uxListRemove
                0x00000000000073f6       0x20 ./FreeRTOS/list.o
                0x00000000000073f6                uxListRemove
 .text.prvIsQueueEmpty
                0x0000000000007416       0x1e ./FreeRTOS/queue.o
 .text.prvCopyDataToQueue
                0x0000000000007434       0x72 ./FreeRTOS/queue.o
 .text.prvCopyDataFromQueue
                0x00000000000074a6       0x28 ./FreeRTOS/queue.o
 .text.prvUnlockQueue
                0x00000000000074ce       0x76 ./FreeRTOS/queue.o
 .text.xQueueGenericReset
                0x0000000000007544       0xc4 ./FreeRTOS/queue.o
                0x0000000000007544                xQueueGenericReset
 .text.xQueueGenericCreateStatic
                0x0000000000007608       0xae ./FreeRTOS/queue.o
                0x0000000000007608                xQueueGenericCreateStatic
 .text.xQueueGenericCreate
                0x00000000000076b6       0x72 ./FreeRTOS/queue.o
                0x00000000000076b6                xQueueGenericCreate
 .text.xQueueGenericSend
                0x0000000000007728      0x1a8 ./FreeRTOS/queue.o
                0x0000000000007728                xQueueGenericSend
 .text.xQueueGiveMutexRecursive
                0x00000000000078d0       0x56 ./FreeRTOS/queue.o
                0x00000000000078d0                xQueueGiveMutexRecursive
 .text.xQueueCreateMutex
                0x0000000000007926       0x2e ./FreeRTOS/queue.o
                0x0000000000007926                xQueueCreateMutex
 .text.xQueueReceive
                0x0000000000007954      0x166 ./FreeRTOS/queue.o
                0x0000000000007954                xQueueReceive
 .text.xQueueSemaphoreTake
                0x0000000000007aba      0x1be ./FreeRTOS/queue.o
                0x0000000000007aba                xQueueSemaphoreTake
 .text.xQueueTakeMutexRecursive
                0x0000000000007c78       0x5a ./FreeRTOS/queue.o
                0x0000000000007c78                xQueueTakeMutexRecursive
 .text.vQueueAddToRegistry
                0x0000000000007cd2       0x6c ./FreeRTOS/queue.o
                0x0000000000007cd2                vQueueAddToRegistry
 .text.vQueueWaitForMessageRestricted
                0x0000000000007d3e       0x5c ./FreeRTOS/queue.o
                0x0000000000007d3e                vQueueWaitForMessageRestricted
 .text.prvIdleTask
                0x0000000000007d9a        0x2 ./FreeRTOS/tasks.o
 .text.prvAddNewTaskToReadyList
                0x0000000000007d9c      0x10a ./FreeRTOS/tasks.o
 .text.prvResetNextTaskUnblockTime
                0x0000000000007ea6       0x20 ./FreeRTOS/tasks.o
 .text.prvTaskIsTaskSuspended
                0x0000000000007ec6       0x50 ./FreeRTOS/tasks.o
 .text.prvInitialiseNewTask.isra.2
                0x0000000000007f16       0xc8 ./FreeRTOS/tasks.o
 .text.prvAddCurrentTaskToDelayedList
                0x0000000000007fde       0xa4 ./FreeRTOS/tasks.o
 .text.xTaskCreateStatic
                0x0000000000008082       0xa6 ./FreeRTOS/tasks.o
                0x0000000000008082                xTaskCreateStatic
 .text.vTaskResume
                0x0000000000008128       0xa6 ./FreeRTOS/tasks.o
                0x0000000000008128                vTaskResume
 .text.vTaskStartScheduler
                0x00000000000081ce       0x90 ./FreeRTOS/tasks.o
                0x00000000000081ce                vTaskStartScheduler
 .text.vTaskSuspendAll
                0x000000000000825e       0x10 ./FreeRTOS/tasks.o
                0x000000000000825e                vTaskSuspendAll
 .text.xTaskGetTickCount
                0x000000000000826e        0x6 ./FreeRTOS/tasks.o
                0x000000000000826e                xTaskGetTickCount
 .text.xTaskIncrementTick
                0x0000000000008274      0x194 ./FreeRTOS/tasks.o
                0x0000000000008274                xTaskIncrementTick
 .text.xTaskResumeAll
                0x0000000000008408      0x154 ./FreeRTOS/tasks.o
                0x0000000000008408                xTaskResumeAll
 .text.vTaskDelay
                0x000000000000855c       0x66 ./FreeRTOS/tasks.o
                0x000000000000855c                vTaskDelay
 .text.vTaskSwitchContext
                0x00000000000085c2       0x92 ./FreeRTOS/tasks.o
                0x00000000000085c2                vTaskSwitchContext
 .text.vTaskSuspend
                0x0000000000008654       0xea ./FreeRTOS/tasks.o
                0x0000000000008654                vTaskSuspend
 .text.vTaskPlaceOnEventList
                0x000000000000873e       0x48 ./FreeRTOS/tasks.o
                0x000000000000873e                vTaskPlaceOnEventList
 .text.vTaskPlaceOnEventListRestricted
                0x0000000000008786       0x76 ./FreeRTOS/tasks.o
                0x0000000000008786                vTaskPlaceOnEventListRestricted
 .text.xTaskRemoveFromEventList
                0x00000000000087fc       0xe4 ./FreeRTOS/tasks.o
                0x00000000000087fc                xTaskRemoveFromEventList
 .text.vTaskInternalSetTimeOutState
                0x00000000000088e0        0xe ./FreeRTOS/tasks.o
                0x00000000000088e0                vTaskInternalSetTimeOutState
 .text.xTaskCheckForTimeOut
                0x00000000000088ee       0xaa ./FreeRTOS/tasks.o
                0x00000000000088ee                xTaskCheckForTimeOut
 .text.vTaskMissedYield
                0x0000000000008998        0x8 ./FreeRTOS/tasks.o
                0x0000000000008998                vTaskMissedYield
 .text.xTaskGetCurrentTaskHandle
                0x00000000000089a0        0xa ./FreeRTOS/tasks.o
                0x00000000000089a0                xTaskGetCurrentTaskHandle
 .text.xTaskGetSchedulerState
                0x00000000000089aa       0x18 ./FreeRTOS/tasks.o
                0x00000000000089aa                xTaskGetSchedulerState
 .text.xTaskPriorityInherit
                0x00000000000089c2       0xaa ./FreeRTOS/tasks.o
                0x00000000000089c2                xTaskPriorityInherit
 .text.xTaskPriorityDisinherit
                0x0000000000008a6c       0xc6 ./FreeRTOS/tasks.o
                0x0000000000008a6c                xTaskPriorityDisinherit
 .text.vTaskPriorityDisinheritAfterTimeout
                0x0000000000008b32       0xe2 ./FreeRTOS/tasks.o
                0x0000000000008b32                vTaskPriorityDisinheritAfterTimeout
 .text.pvTaskIncrementMutexHeldCount
                0x0000000000008c14       0x1c ./FreeRTOS/tasks.o
                0x0000000000008c14                pvTaskIncrementMutexHeldCount
 .text.ulTaskGenericNotifyTake
                0x0000000000008c30       0xb8 ./FreeRTOS/tasks.o
                0x0000000000008c30                ulTaskGenericNotifyTake
 .text.xTaskGenericNotifyWait
                0x0000000000008ce8       0xe6 ./FreeRTOS/tasks.o
                0x0000000000008ce8                xTaskGenericNotifyWait
 .text.xTaskGenericNotify
                0x0000000000008dce      0x1ac ./FreeRTOS/tasks.o
                0x0000000000008dce                xTaskGenericNotify
 .text.xTaskGenericNotifyFromISR
                0x0000000000008f7a      0x1e8 ./FreeRTOS/tasks.o
                0x0000000000008f7a                xTaskGenericNotifyFromISR
 .text.ulTaskGenericNotifyValueClear
                0x0000000000009162       0x3e ./FreeRTOS/tasks.o
                0x0000000000009162                ulTaskGenericNotifyValueClear
 .text.prvCheckForValidListAndQueue
                0x00000000000091a0       0x6a ./FreeRTOS/timers.o
 .text.prvInsertTimerInActiveList
                0x000000000000920a       0x3e ./FreeRTOS/timers.o
 .text.prvReloadTimer
                0x0000000000009248       0x2a ./FreeRTOS/timers.o
 .text.prvProcessExpiredTimer
                0x0000000000009272       0x42 ./FreeRTOS/timers.o
 .text.prvSwitchTimerLists
                0x00000000000092b4       0x28 ./FreeRTOS/timers.o
 .text.prvTimerTask
                0x00000000000092dc      0x188 ./FreeRTOS/timers.o
 .text.xTimerCreateTimerTask
                0x0000000000009464       0x6e ./FreeRTOS/timers.o
                0x0000000000009464                xTimerCreateTimerTask
 .text.vRCFilter
                0x00000000000094d2       0x30 ./Drivers/filters.o
                0x00000000000094d2                vRCFilter
 .text.vInitABFilter
                0x0000000000009502       0x22 ./Drivers/filters.o
                0x0000000000009502                vInitABFilter
 .text.vInitRunAverga
                0x0000000000009524        0x8 ./Drivers/filters.o
                0x0000000000009524                vInitRunAverga
 .text.vInitMedianFilter
                0x000000000000952c       0x12 ./Drivers/filters.o
                0x000000000000952c                vInitMedianFilter
 .text.MedianFilter
                0x000000000000953e       0x6e ./Drivers/filters.o
                0x000000000000953e                MedianFilter
 .text.Delay_Init
                0x00000000000095ac       0x2a ./Debug/debug.o
                0x00000000000095ac                Delay_Init
 .text.Delay_Ms
                0x00000000000095d6       0x36 ./Debug/debug.o
                0x00000000000095d6                Delay_Ms
 .text.USART_Printf_Init
                0x000000000000960c       0x5a ./Debug/debug.o
                0x000000000000960c                USART_Printf_Init
 .text._write   0x0000000000009666       0x3e ./Debug/debug.o
                0x0000000000009666                _write
 .text._sbrk    0x00000000000096a4       0x2a ./Debug/debug.o
                0x00000000000096a4                _sbrk
 .text.__get_MEPC
                0x00000000000096ce        0x6 ./Core/core_riscv.o
                0x00000000000096ce                __get_MEPC
 .text.__get_MCAUSE
                0x00000000000096d4        0x6 ./Core/core_riscv.o
                0x00000000000096d4                __get_MCAUSE
 .text.__get_MTVAL
                0x00000000000096da        0x6 ./Core/core_riscv.o
                0x00000000000096da                __get_MTVAL
 .text.prv_read_can_received_msg
                0x00000000000096e0       0x50 ./CANopenNode/keypad/CO_driver_ST32F103.o
                0x00000000000096e0                prv_read_can_received_msg
 .text.prv_send_can_message.isra.0
                0x0000000000009730       0x2c ./CANopenNode/keypad/CO_driver_ST32F103.o
 .text.CAN_SendMessage
                0x000000000000975c       0x66 ./CANopenNode/keypad/CO_driver_ST32F103.o
                0x000000000000975c                CAN_SendMessage
 .text.co_drv_create_os_objects
                0x00000000000097c2       0x30 ./CANopenNode/keypad/CO_driver_ST32F103.o
                0x00000000000097c2                co_drv_create_os_objects
 .text.co_drv_mutex_lock
                0x00000000000097f2       0x18 ./CANopenNode/keypad/CO_driver_ST32F103.o
                0x00000000000097f2                co_drv_mutex_lock
 .text.co_drv_mutex_unlock
                0x000000000000980a       0x16 ./CANopenNode/keypad/CO_driver_ST32F103.o
                0x000000000000980a                co_drv_mutex_unlock
 .text.CO_CANsetConfigurationMode
                0x0000000000009820       0x10 ./CANopenNode/keypad/CO_driver_ST32F103.o
                0x0000000000009820                CO_CANsetConfigurationMode
 .text.CO_CANsetNormalMode
                0x0000000000009830       0x1c ./CANopenNode/keypad/CO_driver_ST32F103.o
                0x0000000000009830                CO_CANsetNormalMode
 .text.CO_CANmodule_init
                0x000000000000984c      0x110 ./CANopenNode/keypad/CO_driver_ST32F103.o
                0x000000000000984c                CO_CANmodule_init
 .text.CO_CANmodule_disable
                0x000000000000995c       0x14 ./CANopenNode/keypad/CO_driver_ST32F103.o
                0x000000000000995c                CO_CANmodule_disable
 .text.CO_CANrxBufferInit
                0x0000000000009970       0x52 ./CANopenNode/keypad/CO_driver_ST32F103.o
                0x0000000000009970                CO_CANrxBufferInit
 .text.CO_CANtxBufferInit
                0x00000000000099c2       0x3a ./CANopenNode/keypad/CO_driver_ST32F103.o
                0x00000000000099c2                CO_CANtxBufferInit
 .text.CO_CANmodule_process
                0x00000000000099fc       0x12 ./CANopenNode/keypad/CO_driver_ST32F103.o
                0x00000000000099fc                CO_CANmodule_process
 .text.CO_CANsend
                0x0000000000009a0e       0x46 ./CANopenNode/keypad/CO_driver_ST32F103.o
                0x0000000000009a0e                CO_CANsend
 .text.CO_LSSslave_receive
                0x0000000000009a54      0x1a8 ./CANopenNode/305/CO_LSSslave.o
 .text.CO_LSSslave_init
                0x0000000000009bfc       0xa4 ./CANopenNode/305/CO_LSSslave.o
                0x0000000000009bfc                CO_LSSslave_init
 .text.CO_LSSslave_process
                0x0000000000009ca0      0x1a2 ./CANopenNode/305/CO_LSSslave.o
                0x0000000000009ca0                CO_LSSslave_process
 .text.OD_write_1003
                0x0000000000009e42       0x28 ./CANopenNode/301/CO_Emergency.o
 .text.OD_read_1003
                0x0000000000009e6a       0x8c ./CANopenNode/301/CO_Emergency.o
 .text.OD_read_1014_default
                0x0000000000009ef6       0x50 ./CANopenNode/301/CO_Emergency.o
 .text.CO_EM_init
                0x0000000000009f46      0x112 ./CANopenNode/301/CO_Emergency.o
                0x0000000000009f46                CO_EM_init
 .text.CO_error
                0x000000000000a058       0xc4 ./CANopenNode/301/CO_Emergency.o
                0x000000000000a058                CO_error
 .text.CO_EM_process
                0x000000000000a11c      0x17e ./CANopenNode/301/CO_Emergency.o
                0x000000000000a11c                CO_EM_process
 .text.CO_NMT_receive
                0x000000000000a29a       0x18 ./CANopenNode/301/CO_NMT_Heartbeat.o
 .text.OD_write_1017
                0x000000000000a2b2       0x48 ./CANopenNode/301/CO_NMT_Heartbeat.o
 .text.CO_NMT_init
                0x000000000000a2fa       0xec ./CANopenNode/301/CO_NMT_Heartbeat.o
                0x000000000000a2fa                CO_NMT_init
 .text.CO_NMT_process
                0x000000000000a3e6      0x106 ./CANopenNode/301/CO_NMT_Heartbeat.o
                0x000000000000a3e6                CO_NMT_process
 .text.OD_readDisabled
                0x000000000000a4ec        0x4 ./CANopenNode/301/CO_ODinterface.o
 .text.OD_readOriginal
                0x000000000000a4f0       0x50 ./CANopenNode/301/CO_ODinterface.o
                0x000000000000a4f0                OD_readOriginal
 .text.OD_writeOriginal
                0x000000000000a540       0x54 ./CANopenNode/301/CO_ODinterface.o
                0x000000000000a540                OD_writeOriginal
 .text.OD_writeDisabled
                0x000000000000a594        0x4 ./CANopenNode/301/CO_ODinterface.o
 .text.OD_find  0x000000000000a598       0x70 ./CANopenNode/301/CO_ODinterface.o
                0x000000000000a598                OD_find
 .text.OD_getSub
                0x000000000000a608       0xf2 ./CANopenNode/301/CO_ODinterface.o
                0x000000000000a608                OD_getSub
 .text.OD_getSDOabCode
                0x000000000000a6fa       0x20 ./CANopenNode/301/CO_ODinterface.o
                0x000000000000a6fa                OD_getSDOabCode
 .text.OD_get_value
                0x000000000000a71a       0x34 ./CANopenNode/301/CO_ODinterface.o
                0x000000000000a71a                OD_get_value
 .text.OD_set_value
                0x000000000000a74e       0x2e ./CANopenNode/301/CO_ODinterface.o
                0x000000000000a74e                OD_set_value
 .text.OD_getPtr
                0x000000000000a77c       0x3c ./CANopenNode/301/CO_ODinterface.o
                0x000000000000a77c                OD_getPtr
 .text.OD_write_dummy
                0x000000000000a7b8        0x8 ./CANopenNode/301/CO_PDO.o
 .text.OD_read_dummy
                0x000000000000a7c0       0x2e ./CANopenNode/301/CO_PDO.o
 .text.PDOconfigMap
                0x000000000000a7ee       0xfc ./CANopenNode/301/CO_PDO.o
 .text.CO_PDO_receive
                0x000000000000a8ea       0x48 ./CANopenNode/301/CO_PDO.o
 .text.OD_read_PDO_commParam
                0x000000000000a932       0x70 ./CANopenNode/301/CO_PDO.o
 .text.PDO_initMapping.constprop.3
                0x000000000000a9a2       0xe4 ./CANopenNode/301/CO_PDO.o
 .text.OD_write_PDO_mapping
                0x000000000000aa86       0xb2 ./CANopenNode/301/CO_PDO.o
 .text.OD_write_18xx
                0x000000000000ab38      0x184 ./CANopenNode/301/CO_PDO.o
 .text.OD_write_14xx
                0x000000000000acbc      0x15a ./CANopenNode/301/CO_PDO.o
 .text.CO_RPDO_init
                0x000000000000ae16      0x172 ./CANopenNode/301/CO_PDO.o
                0x000000000000ae16                CO_RPDO_init
 .text.CO_RPDO_process
                0x000000000000af88      0x114 ./CANopenNode/301/CO_PDO.o
                0x000000000000af88                CO_RPDO_process
 .text.CO_TPDO_init
                0x000000000000b09c      0x1d2 ./CANopenNode/301/CO_PDO.o
                0x000000000000b09c                CO_TPDO_init
 .text.CO_TPDO_process
                0x000000000000b26e      0x15e ./CANopenNode/301/CO_PDO.o
                0x000000000000b26e                CO_TPDO_process
 .text.CO_SDOserver_init_canRxTx
                0x000000000000b3cc       0x82 ./CANopenNode/301/CO_SDOserver.o
 .text.CO_SDO_receive
                0x000000000000b44e       0x38 ./CANopenNode/301/CO_SDOserver.o
 .text.readFromOd.isra.1.constprop.5
                0x000000000000b486       0xf6 ./CANopenNode/301/CO_SDOserver.o
 .text.OD_write_1201_additional
                0x000000000000b57c      0x158 ./CANopenNode/301/CO_SDOserver.o
 .text.CO_SDOserver_init
                0x000000000000b6d4      0x172 ./CANopenNode/301/CO_SDOserver.o
                0x000000000000b6d4                CO_SDOserver_init
 .text.CO_SDOserver_process
                0x000000000000b846      0x60e ./CANopenNode/301/CO_SDOserver.o
                0x000000000000b846                CO_SDOserver_process
 .text.CO_delete
                0x000000000000be54       0x56 ./CANopenNode/CANopen.o
                0x000000000000be54                CO_delete
 .text.CO_new   0x000000000000beaa      0x102 ./CANopenNode/CANopen.o
                0x000000000000beaa                CO_new
 .text.CO_CANinit
                0x000000000000bfac       0x36 ./CANopenNode/CANopen.o
                0x000000000000bfac                CO_CANinit
 .text.CO_LSSinit
                0x000000000000bfe2       0x32 ./CANopenNode/CANopen.o
                0x000000000000bfe2                CO_LSSinit
 .text.CO_CANopenInit
                0x000000000000c014       0xb8 ./CANopenNode/CANopen.o
                0x000000000000c014                CO_CANopenInit
 .text.CO_CANopenInitPDO
                0x000000000000c0cc       0xea ./CANopenNode/CANopen.o
                0x000000000000c0cc                CO_CANopenInitPDO
 .text.CO_process
                0x000000000000c1b6       0x7e ./CANopenNode/CANopen.o
                0x000000000000c1b6                CO_process
 .text.CO_process_RPDO
                0x000000000000c234       0x40 ./CANopenNode/CANopen.o
                0x000000000000c234                CO_process_RPDO
 .text.CO_process_TPDO
                0x000000000000c274       0x40 ./CANopenNode/CANopen.o
                0x000000000000c274                CO_process_TPDO
 .text.__addsf3
                0x000000000000c2b4      0x36a c:/mounriver/mounriver_studio/toolchain/risc-v embedded gcc/bin/../lib/gcc/riscv-none-embed/8.2.0/rv32imacxw/ilp32\libgcc.a(addsf3.o)
                0x000000000000c2b4                __addsf3
 .text.__divsf3
                0x000000000000c61e      0x2b2 c:/mounriver/mounriver_studio/toolchain/risc-v embedded gcc/bin/../lib/gcc/riscv-none-embed/8.2.0/rv32imacxw/ilp32\libgcc.a(divsf3.o)
                0x000000000000c61e                __divsf3
 .text.__gesf2  0x000000000000c8d0       0x86 c:/mounriver/mounriver_studio/toolchain/risc-v embedded gcc/bin/../lib/gcc/riscv-none-embed/8.2.0/rv32imacxw/ilp32\libgcc.a(gesf2.o)
                0x000000000000c8d0                __gesf2
                0x000000000000c8d0                __gtsf2
 .text.__lesf2  0x000000000000c956       0x8c c:/mounriver/mounriver_studio/toolchain/risc-v embedded gcc/bin/../lib/gcc/riscv-none-embed/8.2.0/rv32imacxw/ilp32\libgcc.a(lesf2.o)
                0x000000000000c956                __ltsf2
                0x000000000000c956                __lesf2
 .text.__mulsf3
                0x000000000000c9e2      0x290 c:/mounriver/mounriver_studio/toolchain/risc-v embedded gcc/bin/../lib/gcc/riscv-none-embed/8.2.0/rv32imacxw/ilp32\libgcc.a(mulsf3.o)
                0x000000000000c9e2                __mulsf3
 .text.__subsf3
                0x000000000000cc72      0x388 c:/mounriver/mounriver_studio/toolchain/risc-v embedded gcc/bin/../lib/gcc/riscv-none-embed/8.2.0/rv32imacxw/ilp32\libgcc.a(subsf3.o)
                0x000000000000cc72                __subsf3
 .text.__fixsfsi
                0x000000000000cffa       0x62 c:/mounriver/mounriver_studio/toolchain/risc-v embedded gcc/bin/../lib/gcc/riscv-none-embed/8.2.0/rv32imacxw/ilp32\libgcc.a(fixsfsi.o)
                0x000000000000cffa                __fixsfsi
 .text.__fixunssfsi
                0x000000000000d05c       0x56 c:/mounriver/mounriver_studio/toolchain/risc-v embedded gcc/bin/../lib/gcc/riscv-none-embed/8.2.0/rv32imacxw/ilp32\libgcc.a(fixunssfsi.o)
                0x000000000000d05c                __fixunssfsi
 .text.__floatsisf
                0x000000000000d0b2       0xc6 c:/mounriver/mounriver_studio/toolchain/risc-v embedded gcc/bin/../lib/gcc/riscv-none-embed/8.2.0/rv32imacxw/ilp32\libgcc.a(floatsisf.o)
                0x000000000000d0b2                __floatsisf
 .text.__floatunsisf
                0x000000000000d178       0xce c:/mounriver/mounriver_studio/toolchain/risc-v embedded gcc/bin/../lib/gcc/riscv-none-embed/8.2.0/rv32imacxw/ilp32\libgcc.a(floatunsisf.o)
                0x000000000000d178                __floatunsisf
 .text.__clzsi2
                0x000000000000d246       0x6e c:/mounriver/mounriver_studio/toolchain/risc-v embedded gcc/bin/../lib/gcc/riscv-none-embed/8.2.0/rv32imacxw/ilp32\libgcc.a(_clzsi2.o)
                0x000000000000d246                __clzsi2
 .text.calloc   0x000000000000d2b4        0xc c:/mounriver/mounriver_studio/toolchain/risc-v embedded gcc/bin/../lib/gcc/riscv-none-embed/8.2.0/../../../../riscv-none-embed/lib/rv32imacxw/ilp32\libg_nano.a(lib_a-calloc.o)
                0x000000000000d2b4                calloc
 .text.free     0x000000000000d2c0        0xa c:/mounriver/mounriver_studio/toolchain/risc-v embedded gcc/bin/../lib/gcc/riscv-none-embed/8.2.0/../../../../riscv-none-embed/lib/rv32imacxw/ilp32\libg_nano.a(lib_a-malloc.o)
                0x000000000000d2c0                free
 .text.memcpy   0x000000000000d2ca       0xb2 c:/mounriver/mounriver_studio/toolchain/risc-v embedded gcc/bin/../lib/gcc/riscv-none-embed/8.2.0/../../../../riscv-none-embed/lib/rv32imacxw/ilp32\libg_nano.a(lib_a-memcpy.o)
                0x000000000000d2ca                memcpy
 .text.memmove  0x000000000000d37c       0x46 c:/mounriver/mounriver_studio/toolchain/risc-v embedded gcc/bin/../lib/gcc/riscv-none-embed/8.2.0/../../../../riscv-none-embed/lib/rv32imacxw/ilp32\libg_nano.a(lib_a-memmove.o)
                0x000000000000d37c                memmove
 .text._calloc_r
                0x000000000000d3c2       0x26 c:/mounriver/mounriver_studio/toolchain/risc-v embedded gcc/bin/../lib/gcc/riscv-none-embed/8.2.0/../../../../riscv-none-embed/lib/rv32imacxw/ilp32\libg_nano.a(lib_a-nano-callocr.o)
                0x000000000000d3c2                _calloc_r
 .text._free_r  0x000000000000d3e8       0xa8 c:/mounriver/mounriver_studio/toolchain/risc-v embedded gcc/bin/../lib/gcc/riscv-none-embed/8.2.0/../../../../riscv-none-embed/lib/rv32imacxw/ilp32\libg_nano.a(lib_a-nano-freer.o)
                0x000000000000d3e8                _free_r
 .text._malloc_r
                0x000000000000d490       0xd4 c:/mounriver/mounriver_studio/toolchain/risc-v embedded gcc/bin/../lib/gcc/riscv-none-embed/8.2.0/../../../../riscv-none-embed/lib/rv32imacxw/ilp32\libg_nano.a(lib_a-nano-mallocr.o)
                0x000000000000d490                _malloc_r
 .text.printf   0x000000000000d564       0x40 c:/mounriver/mounriver_studio/toolchain/risc-v embedded gcc/bin/../lib/gcc/riscv-none-embed/8.2.0/../../../../riscv-none-embed/lib/rv32imacxw/ilp32\libg_nano.a(lib_a-printf.o)
                0x000000000000d564                iprintf
                0x000000000000d564                printf
 .text._puts_r  0x000000000000d5a4       0xd4 c:/mounriver/mounriver_studio/toolchain/risc-v embedded gcc/bin/../lib/gcc/riscv-none-embed/8.2.0/../../../../riscv-none-embed/lib/rv32imacxw/ilp32\libg_nano.a(lib_a-puts.o)
                0x000000000000d5a4                _puts_r
 .text.puts     0x000000000000d678        0xc c:/mounriver/mounriver_studio/toolchain/risc-v embedded gcc/bin/../lib/gcc/riscv-none-embed/8.2.0/../../../../riscv-none-embed/lib/rv32imacxw/ilp32\libg_nano.a(lib_a-puts.o)
                0x000000000000d678                puts
 .text._sbrk_r  0x000000000000d684       0x32 c:/mounriver/mounriver_studio/toolchain/risc-v embedded gcc/bin/../lib/gcc/riscv-none-embed/8.2.0/../../../../riscv-none-embed/lib/rv32imacxw/ilp32\libg_nano.a(lib_a-sbrkr.o)
                0x000000000000d684                _sbrk_r
 .text.strlen   0x000000000000d6b6       0x12 c:/mounriver/mounriver_studio/toolchain/risc-v embedded gcc/bin/../lib/gcc/riscv-none-embed/8.2.0/../../../../riscv-none-embed/lib/rv32imacxw/ilp32\libg_nano.a(lib_a-strlen.o)
                0x000000000000d6b6                strlen
 .text.__swbuf_r
                0x000000000000d6c8       0xbc c:/mounriver/mounriver_studio/toolchain/risc-v embedded gcc/bin/../lib/gcc/riscv-none-embed/8.2.0/../../../../riscv-none-embed/lib/rv32imacxw/ilp32\libg_nano.a(lib_a-wbuf.o)
                0x000000000000d6c8                __swbuf_r
 .text.__swsetup_r
                0x000000000000d784       0xfe c:/mounriver/mounriver_studio/toolchain/risc-v embedded gcc/bin/../lib/gcc/riscv-none-embed/8.2.0/../../../../riscv-none-embed/lib/rv32imacxw/ilp32\libg_nano.a(lib_a-wsetup.o)
                0x000000000000d784                __swsetup_r
 .text.__sflush_r
                0x000000000000d882      0x132 c:/mounriver/mounriver_studio/toolchain/risc-v embedded gcc/bin/../lib/gcc/riscv-none-embed/8.2.0/../../../../riscv-none-embed/lib/rv32imacxw/ilp32\libg_nano.a(lib_a-fflush.o)
                0x000000000000d882                __sflush_r
 .text._fflush_r
                0x000000000000d9b4       0x66 c:/mounriver/mounriver_studio/toolchain/risc-v embedded gcc/bin/../lib/gcc/riscv-none-embed/8.2.0/../../../../riscv-none-embed/lib/rv32imacxw/ilp32\libg_nano.a(lib_a-fflush.o)
                0x000000000000d9b4                _fflush_r
 .text.std      0x000000000000da1a       0x66 c:/mounriver/mounriver_studio/toolchain/risc-v embedded gcc/bin/../lib/gcc/riscv-none-embed/8.2.0/../../../../riscv-none-embed/lib/rv32imacxw/ilp32\libg_nano.a(lib_a-findfp.o)
 .text._cleanup_r
                0x000000000000da80        0xa c:/mounriver/mounriver_studio/toolchain/risc-v embedded gcc/bin/../lib/gcc/riscv-none-embed/8.2.0/../../../../riscv-none-embed/lib/rv32imacxw/ilp32\libg_nano.a(lib_a-findfp.o)
                0x000000000000da80                _cleanup_r
 .text.__sfmoreglue
                0x000000000000da8a       0x48 c:/mounriver/mounriver_studio/toolchain/risc-v embedded gcc/bin/../lib/gcc/riscv-none-embed/8.2.0/../../../../riscv-none-embed/lib/rv32imacxw/ilp32\libg_nano.a(lib_a-findfp.o)
                0x000000000000da8a                __sfmoreglue
 .text.__sinit  0x000000000000dad2       0x6c c:/mounriver/mounriver_studio/toolchain/risc-v embedded gcc/bin/../lib/gcc/riscv-none-embed/8.2.0/../../../../riscv-none-embed/lib/rv32imacxw/ilp32\libg_nano.a(lib_a-findfp.o)
                0x000000000000dad2                __sinit
 .text.__sfp    0x000000000000db3e       0xa0 c:/mounriver/mounriver_studio/toolchain/risc-v embedded gcc/bin/../lib/gcc/riscv-none-embed/8.2.0/../../../../riscv-none-embed/lib/rv32imacxw/ilp32\libg_nano.a(lib_a-findfp.o)
                0x000000000000db3e                __sfp
 .text._fwalk_reent
                0x000000000000dbde       0x6a c:/mounriver/mounriver_studio/toolchain/risc-v embedded gcc/bin/../lib/gcc/riscv-none-embed/8.2.0/../../../../riscv-none-embed/lib/rv32imacxw/ilp32\libg_nano.a(lib_a-fwalk.o)
                0x000000000000dbde                _fwalk_reent
 .text.__swhatbuf_r
                0x000000000000dc48       0x58 c:/mounriver/mounriver_studio/toolchain/risc-v embedded gcc/bin/../lib/gcc/riscv-none-embed/8.2.0/../../../../riscv-none-embed/lib/rv32imacxw/ilp32\libg_nano.a(lib_a-makebuf.o)
                0x000000000000dc48                __swhatbuf_r
 .text.__smakebuf_r
                0x000000000000dca0       0x94 c:/mounriver/mounriver_studio/toolchain/risc-v embedded gcc/bin/../lib/gcc/riscv-none-embed/8.2.0/../../../../riscv-none-embed/lib/rv32imacxw/ilp32\libg_nano.a(lib_a-makebuf.o)
                0x000000000000dca0                __smakebuf_r
 .text.__malloc_lock
                0x000000000000dd34        0x2 c:/mounriver/mounriver_studio/toolchain/risc-v embedded gcc/bin/../lib/gcc/riscv-none-embed/8.2.0/../../../../riscv-none-embed/lib/rv32imacxw/ilp32\libg_nano.a(lib_a-mlock.o)
                0x000000000000dd34                __malloc_lock
 .text.__malloc_unlock
                0x000000000000dd36        0x2 c:/mounriver/mounriver_studio/toolchain/risc-v embedded gcc/bin/../lib/gcc/riscv-none-embed/8.2.0/../../../../riscv-none-embed/lib/rv32imacxw/ilp32\libg_nano.a(lib_a-mlock.o)
                0x000000000000dd36                __malloc_unlock
 .text.__sfputc_r
                0x000000000000dd38       0x28 c:/mounriver/mounriver_studio/toolchain/risc-v embedded gcc/bin/../lib/gcc/riscv-none-embed/8.2.0/../../../../riscv-none-embed/lib/rv32imacxw/ilp32\libg_nano.a(lib_a-nano-vfprintf.o)
 .text.__sfputs_r
                0x000000000000dd60       0x42 c:/mounriver/mounriver_studio/toolchain/risc-v embedded gcc/bin/../lib/gcc/riscv-none-embed/8.2.0/../../../../riscv-none-embed/lib/rv32imacxw/ilp32\libg_nano.a(lib_a-nano-vfprintf.o)
                0x000000000000dd60                __sfputs_r
 .text._vfprintf_r
                0x000000000000dda2      0x288 c:/mounriver/mounriver_studio/toolchain/risc-v embedded gcc/bin/../lib/gcc/riscv-none-embed/8.2.0/../../../../riscv-none-embed/lib/rv32imacxw/ilp32\libg_nano.a(lib_a-nano-vfprintf.o)
                0x000000000000dda2                _vfprintf_r
                0x000000000000dda2                _vfiprintf_r
 .text._printf_common
                0x000000000000e02a      0x10c c:/mounriver/mounriver_studio/toolchain/risc-v embedded gcc/bin/../lib/gcc/riscv-none-embed/8.2.0/../../../../riscv-none-embed/lib/rv32imacxw/ilp32\libg_nano.a(lib_a-nano-vfprintf_i.o)
                0x000000000000e02a                _printf_common
 .text._printf_i
                0x000000000000e136      0x2a2 c:/mounriver/mounriver_studio/toolchain/risc-v embedded gcc/bin/../lib/gcc/riscv-none-embed/8.2.0/../../../../riscv-none-embed/lib/rv32imacxw/ilp32\libg_nano.a(lib_a-nano-vfprintf_i.o)
                0x000000000000e136                _printf_i
 .text.__sread  0x000000000000e3d8       0x2c c:/mounriver/mounriver_studio/toolchain/risc-v embedded gcc/bin/../lib/gcc/riscv-none-embed/8.2.0/../../../../riscv-none-embed/lib/rv32imacxw/ilp32\libg_nano.a(lib_a-stdio.o)
                0x000000000000e3d8                __sread
 .text.__swrite
                0x000000000000e404       0x48 c:/mounriver/mounriver_studio/toolchain/risc-v embedded gcc/bin/../lib/gcc/riscv-none-embed/8.2.0/../../../../riscv-none-embed/lib/rv32imacxw/ilp32\libg_nano.a(lib_a-stdio.o)
                0x000000000000e404                __swrite
 .text.__sseek  0x000000000000e44c       0x30 c:/mounriver/mounriver_studio/toolchain/risc-v embedded gcc/bin/../lib/gcc/riscv-none-embed/8.2.0/../../../../riscv-none-embed/lib/rv32imacxw/ilp32\libg_nano.a(lib_a-stdio.o)
                0x000000000000e44c                __sseek
 .text.__sclose
                0x000000000000e47c        0x6 c:/mounriver/mounriver_studio/toolchain/risc-v embedded gcc/bin/../lib/gcc/riscv-none-embed/8.2.0/../../../../riscv-none-embed/lib/rv32imacxw/ilp32\libg_nano.a(lib_a-stdio.o)
                0x000000000000e47c                __sclose
 .text._write_r
                0x000000000000e482       0x36 c:/mounriver/mounriver_studio/toolchain/risc-v embedded gcc/bin/../lib/gcc/riscv-none-embed/8.2.0/../../../../riscv-none-embed/lib/rv32imacxw/ilp32\libg_nano.a(lib_a-writer.o)
                0x000000000000e482                _write_r
 .text._close_r
                0x000000000000e4b8       0x30 c:/mounriver/mounriver_studio/toolchain/risc-v embedded gcc/bin/../lib/gcc/riscv-none-embed/8.2.0/../../../../riscv-none-embed/lib/rv32imacxw/ilp32\libg_nano.a(lib_a-closer.o)
                0x000000000000e4b8                _close_r
 .text._fstat_r
                0x000000000000e4e8       0x32 c:/mounriver/mounriver_studio/toolchain/risc-v embedded gcc/bin/../lib/gcc/riscv-none-embed/8.2.0/../../../../riscv-none-embed/lib/rv32imacxw/ilp32\libg_nano.a(lib_a-fstatr.o)
                0x000000000000e4e8                _fstat_r
 .text._isatty_r
                0x000000000000e51a       0x30 c:/mounriver/mounriver_studio/toolchain/risc-v embedded gcc/bin/../lib/gcc/riscv-none-embed/8.2.0/../../../../riscv-none-embed/lib/rv32imacxw/ilp32\libg_nano.a(lib_a-isattyr.o)
                0x000000000000e51a                _isatty_r
 .text._lseek_r
                0x000000000000e54a       0x34 c:/mounriver/mounriver_studio/toolchain/risc-v embedded gcc/bin/../lib/gcc/riscv-none-embed/8.2.0/../../../../riscv-none-embed/lib/rv32imacxw/ilp32\libg_nano.a(lib_a-lseekr.o)
                0x000000000000e54a                _lseek_r
 .text.memchr   0x000000000000e57e       0x18 c:/mounriver/mounriver_studio/toolchain/risc-v embedded gcc/bin/../lib/gcc/riscv-none-embed/8.2.0/../../../../riscv-none-embed/lib/rv32imacxw/ilp32\libg_nano.a(lib_a-memchr.o)
                0x000000000000e57e                memchr
 .text._read_r  0x000000000000e596       0x34 c:/mounriver/mounriver_studio/toolchain/risc-v embedded gcc/bin/../lib/gcc/riscv-none-embed/8.2.0/../../../../riscv-none-embed/lib/rv32imacxw/ilp32\libg_nano.a(lib_a-readr.o)
                0x000000000000e596                _read_r
 .text._close   0x000000000000e5ca       0x10 c:/mounriver/mounriver_studio/toolchain/risc-v embedded gcc/bin/../lib/gcc/riscv-none-embed/8.2.0/../../../../riscv-none-embed/lib/rv32imacxw/ilp32\libnosys.a(close.o)
                0x000000000000e5ca                _close