Archive member included to satisfy reference by file (symbol)

c:/mounriver/mounriver_studio/toolchain/risc-v embedded gcc/bin/../lib/gcc/riscv-none-embed/8.2.0/rv32imacxw/ilp32\libgcc.a(addsf3.o)
                              ./User/DataModel.o (__addsf3)
c:/mounriver/mounriver_studio/toolchain/risc-v embedded gcc/bin/../lib/gcc/riscv-none-embed/8.2.0/rv32imacxw/ilp32\libgcc.a(divsf3.o)
                              ./User/DataModel.o (__divsf3)
c:/mounriver/mounriver_studio/toolchain/risc-v embedded gcc/bin/../lib/gcc/riscv-none-embed/8.2.0/rv32imacxw/ilp32\libgcc.a(eqsf2.o)
                              ./HWLIB/hw_lib_din.o (__nesf2)
c:/mounriver/mounriver_studio/toolchain/risc-v embedded gcc/bin/../lib/gcc/riscv-none-embed/8.2.0/rv32imacxw/ilp32\libgcc.a(gesf2.o)
                              ./User/inputs.o (__gesf2)
c:/mounriver/mounriver_studio/toolchain/risc-v embedded gcc/bin/../lib/gcc/riscv-none-embed/8.2.0/rv32imacxw/ilp32\libgcc.a(lesf2.o)
                              ./HWLIB/hw_lib_adc.o (__lesf2)
c:/mounriver/mounriver_studio/toolchain/risc-v embedded gcc/bin/../lib/gcc/riscv-none-embed/8.2.0/rv32imacxw/ilp32\libgcc.a(mulsf3.o)
                              ./User/dash_draw.o (__mulsf3)
c:/mounriver/mounriver_studio/toolchain/risc-v embedded gcc/bin/../lib/gcc/riscv-none-embed/8.2.0/rv32imacxw/ilp32\libgcc.a(subsf3.o)
                              ./User/inputs.o (__subsf3)
c:/mounriver/mounriver_studio/toolchain/risc-v embedded gcc/bin/../lib/gcc/riscv-none-embed/8.2.0/rv32imacxw/ilp32\libgcc.a(fixsfsi.o)
                              ./User/dash_draw.o (__fixsfsi)
c:/mounriver/mounriver_studio/toolchain/risc-v embedded gcc/bin/../lib/gcc/riscv-none-embed/8.2.0/rv32imacxw/ilp32\libgcc.a(fixunssfsi.o)
                              ./User/DataModel.o (__fixunssfsi)
c:/mounriver/mounriver_studio/toolchain/risc-v embedded gcc/bin/../lib/gcc/riscv-none-embed/8.2.0/rv32imacxw/ilp32\libgcc.a(floatsisf.o)
                              ./User/DataModel.o (__floatsisf)
c:/mounriver/mounriver_studio/toolchain/risc-v embedded gcc/bin/../lib/gcc/riscv-none-embed/8.2.0/rv32imacxw/ilp32\libgcc.a(floatunsisf.o)
                              ./User/DataModel.o (__floatunsisf)
c:/mounriver/mounriver_studio/toolchain/risc-v embedded gcc/bin/../lib/gcc/riscv-none-embed/8.2.0/rv32imacxw/ilp32\libgcc.a(save-restore.o)
                              ./User/inputs.o (__riscv_save_12)
c:/mounriver/mounriver_studio/toolchain/risc-v embedded gcc/bin/../lib/gcc/riscv-none-embed/8.2.0/rv32imacxw/ilp32\libgcc.a(_clzsi2.o)
                              c:/mounriver/mounriver_studio/toolchain/risc-v embedded gcc/bin/../lib/gcc/riscv-none-embed/8.2.0/rv32imacxw/ilp32\libgcc.a(addsf3.o) (__clzsi2)
c:/mounriver/mounriver_studio/toolchain/risc-v embedded gcc/bin/../lib/gcc/riscv-none-embed/8.2.0/rv32imacxw/ilp32\libgcc.a(_clz.o)
                              c:/mounriver/mounriver_studio/toolchain/risc-v embedded gcc/bin/../lib/gcc/riscv-none-embed/8.2.0/rv32imacxw/ilp32\libgcc.a(_clzsi2.o) (__clz_tab)
c:/mounriver/mounriver_studio/toolchain/risc-v embedded gcc/bin/../lib/gcc/riscv-none-embed/8.2.0/../../../../riscv-none-embed/lib/rv32imacxw/ilp32\libg_nano.a(lib_a-calloc.o)
                              ./CANopenNode/CANopen.o (calloc)
c:/mounriver/mounriver_studio/toolchain/risc-v embedded gcc/bin/../lib/gcc/riscv-none-embed/8.2.0/../../../../riscv-none-embed/lib/rv32imacxw/ilp32\libg_nano.a(lib_a-impure.o)
                              c:/mounriver/mounriver_studio/toolchain/risc-v embedded gcc/bin/../lib/gcc/riscv-none-embed/8.2.0/../../../../riscv-none-embed/lib/rv32imacxw/ilp32\libg_nano.a(lib_a-calloc.o) (_impure_ptr)
c:/mounriver/mounriver_studio/toolchain/risc-v embedded gcc/bin/../lib/gcc/riscv-none-embed/8.2.0/../../../../riscv-none-embed/lib/rv32imacxw/ilp32\libg_nano.a(lib_a-malloc.o)
                              ./CANopenNode/CANopen.o (free)
c:/mounriver/mounriver_studio/toolchain/risc-v embedded gcc/bin/../lib/gcc/riscv-none-embed/8.2.0/../../../../riscv-none-embed/lib/rv32imacxw/ilp32\libg_nano.a(lib_a-memcpy.o)
                              ./User/DataModel.o (memcpy)
c:/mounriver/mounriver_studio/toolchain/risc-v embedded gcc/bin/../lib/gcc/riscv-none-embed/8.2.0/../../../../riscv-none-embed/lib/rv32imacxw/ilp32\libg_nano.a(lib_a-memmove.o)
                              ./CANopenNode/301/CO_SDOserver.o (memmove)
c:/mounriver/mounriver_studio/toolchain/risc-v embedded gcc/bin/../lib/gcc/riscv-none-embed/8.2.0/../../../../riscv-none-embed/lib/rv32imacxw/ilp32\libg_nano.a(lib_a-memset.o)
                              ./User/DataModel.o (memset)
c:/mounriver/mounriver_studio/toolchain/risc-v embedded gcc/bin/../lib/gcc/riscv-none-embed/8.2.0/../../../../riscv-none-embed/lib/rv32imacxw/ilp32\libg_nano.a(lib_a-nano-callocr.o)
[...]
Memory Configuration

Name             Origin             Length             Attributes
FLASH            0x0000000000000000 0x0000000000010000 xr
RAM              0x0000000020000000 0x0000000000005000 xrw
*default*        0x0000000000000000 0xffffffffffffffff

Linker script and memory map

LOAD ./User/CanOpenNode.o
LOAD ./User/DataModel.o
LOAD ./User/ch32v20x_it.o
LOAD ./User/dash_draw.o
LOAD ./User/init.o
LOAD ./User/inputs.o
LOAD ./User/led.o
LOAD ./User/main.o
LOAD ./User/process.o
LOAD ./User/system_ch32v20x.o
LOAD ./User/system_init.o
LOAD ./Startup/startup_ch32v20x_D6.o
LOAD ./Peripheral/src/ch32v20x_adc.o
LOAD ./Peripheral/src/ch32v20x_bkp.o
LOAD ./Peripheral/src/ch32v20x_can.o
LOAD ./Peripheral/src/ch32v20x_crc.o
LOAD ./Peripheral/src/ch32v20x_dbgmcu.o
LOAD ./Peripheral/src/ch32v20x_dma.o
LOAD ./Peripheral/src/ch32v20x_exti.o
LOAD ./Peripheral/src/ch32v20x_flash.o
LOAD ./Peripheral/src/ch32v20x_gpio.o
LOAD ./Peripheral/src/ch32v20x_i2c.o
LOAD ./Peripheral/src/ch32v20x_iwdg.o
LOAD ./Peripheral/src/ch32v20x_misc.o
LOAD ./Peripheral/src/ch32v20x_opa.o
LOAD ./Peripheral/src/ch32v20x_pwr.o
LOAD ./Peripheral/src/ch32v20x_rcc.o
LOAD ./Peripheral/src/ch32v20x_rtc.o
LOAD ./Peripheral/src/ch32v20x_spi.o
LOAD ./Peripheral/src/ch32v20x_tim.o
LOAD ./Peripheral/src/ch32v20x_usart.o
LOAD ./Peripheral/src/ch32v20x_wwdg.o
LOAD ./HWLIB/hw_lib_adc.o
LOAD ./HWLIB/hw_lib_din.o
LOAD ./HWLIB/hw_lib_eeprom.o
LOAD ./HAL/hal_adc_ch32.o
LOAD ./HAL/hal_can_ch32.o
LOAD ./HAL/hal_dma_ch32.o
LOAD ./HAL/hal_gpio_ch32.o
LOAD ./HAL/hal_i2c_ch32.o
LOAD ./HAL/hal_irq.o
LOAD ./HAL/hal_rtc_ch32.o
LOAD ./HAL/hal_spi_ch32.o
LOAD ./HAL/hal_timers_ch32.o
LOAD ./HAL/hal_wdt_ch32.o
LOAD ./FreeRTOS/portable/MemMang/heap_4.o
LOAD ./FreeRTOS/portable/GCC/RISC-V/port.o
LOAD ./FreeRTOS/portable/GCC/RISC-V/portASM.o
LOAD ./FreeRTOS/croutine.o
LOAD ./FreeRTOS/event_groups.o
LOAD ./FreeRTOS/list.o
LOAD ./FreeRTOS/queue.o
LOAD ./FreeRTOS/stream_buffer.o
LOAD ./FreeRTOS/tasks.o
LOAD ./FreeRTOS/timers.o
LOAD ./Drivers/filters.o
LOAD ./Debug/debug.o
LOAD ./Core/core_riscv.o
LOAD ./CANopenNode/keypad/CO_driver_ST32F103.o
LOAD ./CANopenNode/keypad/OD.o
LOAD ./CANopenNode/extra/CO_trace.o
LOAD ./CANopenNode/309/CO_gateway_ascii.o
LOAD ./CANopenNode/305/CO_LSSmaster.o
LOAD ./CANopenNode/305/CO_LSSslave.o
LOAD ./CANopenNode/304/CO_GFC.o
LOAD ./CANopenNode/304/CO_SRDO.o
LOAD ./CANopenNode/303/CO_LEDs.o
LOAD ./CANopenNode/301/CO_Emergency.o
LOAD ./CANopenNode/301/CO_HBconsumer.o
LOAD ./CANopenNode/301/CO_NMT_Heartbeat.o
LOAD ./CANopenNode/301/CO_Node_Guarding.o
LOAD ./CANopenNode/301/CO_ODinterface.o
LOAD ./CANopenNode/301/CO_PDO.o
LOAD ./CANopenNode/301/CO_SDOclient.o
LOAD ./CANopenNode/301/CO_SDOserver.o
LOAD ./CANopenNode/301/CO_SYNC.o
LOAD ./CANopenNode/301/CO_TIME.o
LOAD ./CANopenNode/301/CO_fifo.o
LOAD ./CANopenNode/301/crc16-ccitt.o
LOAD ./CANopenNode/CANopen.o
LOAD c:/mounriver/mounriver_studio/toolchain/risc-v embedded gcc/bin/../lib/gcc/riscv-none-embed/8.2.0/../../../../riscv-none-embed/lib/rv32imacxw/ilp32\libm.a
LOAD c:/mounriver/mounriver_studio/toolchain/risc-v embedded gcc/bin/../lib/gcc/riscv-none-embed/8.2.0/rv32imacxw/ilp32\libgcc.a
LOAD c:/mounriver/mounriver_studio/toolchain/risc-v embedded gcc/bin/../lib/gcc/riscv-none-embed/8.2.0/../../../../riscv-none-embed/lib/rv32imacxw/ilp32\libg_nano.a
LOAD c:/mounriver/mounriver_studio/toolchain/risc-v embedded gcc/bin/../lib/gcc/riscv-none-embed/8.2.0/../../../../riscv-none-embed/lib/rv32imacxw/ilp32\libc_nano.a
LOAD c:/mounriver/mounriver_studio/toolchain/risc-v embedded gcc/bin/../lib/gcc/riscv-none-embed/8.2.0/rv32imacxw/ilp32\libgcc.a
START GROUP
LOAD c:/mounriver/mounriver_studio/toolchain/risc-v embedded gcc/bin/../lib/gcc/riscv-none-embed/8.2.0/rv32imacxw/ilp32\libgcc.a
LOAD c:/mounriver/mounriver_studio/toolchain/risc-v embedded gcc/bin/../lib/gcc/riscv-none-embed/8.2.0/../../../../riscv-none-embed/lib/rv32imacxw/ilp32\libc_nano.a
LOAD c:/mounriver/mounriver_studio/toolchain/risc-v embedded gcc/bin/../lib/gcc/riscv-none-embed/8.2.0/../../../../riscv-none-embed/lib/rv32imacxw/ilp32\libnosys.a
END GROUP
START GROUP
LOAD c:/mounriver/mounriver_studio/toolchain/risc-v embedded gcc/bin/../lib/gcc/riscv-none-embed/8.2.0/rv32imacxw/ilp32\libgcc.a
LOAD c:/mounriver/mounriver_studio/toolchain/risc-v embedded gcc/bin/../lib/gcc/riscv-none-embed/8.2.0/../../../../riscv-none-embed/lib/rv32imacxw/ilp32\libc_nano.a
LOAD c:/mounriver/mounriver_studio/toolchain/risc-v embedded gcc/bin/../lib/gcc/riscv-none-embed/8.2.0/../../../../riscv-none-embed/lib/rv32imacxw/ilp32\libnosys.a
END GROUP
                0x0000000000000be8                __stack_size = 0xbe8
                [!provide]                        PROVIDE (_stack_size = __stack_size)

.init           0x0000000000000000       0x38
                0x0000000000000000                _sinit = .
                0x0000000000000000                . = ALIGN (0x4)
 *(SORT_NONE(.init))
 .init          0x0000000000000000       0x38 ./Startup/startup_ch32v20x_D6.o
                0x0000000000000000                _start
                0x0000000000000038                . = ALIGN (0x4)
                0x0000000000000038                _einit = .

.vector         0x0000000000000038      0x108
 *(.vector)
 .vector        0x0000000000000038       0xfc ./Startup/startup_ch32v20x_D6.o
                0x0000000000000140                . = ALIGN (0x40)
 *fill*         0x0000000000000134        0xc 

.text           0x0000000000000200     0xd854
                0x0000000000000200                . = ALIGN (0x4)
 *(.text)
 .text          0x0000000000000200      0x2ee ./FreeRTOS/portable/GCC/RISC-V/portASM.o
                0x0000000000000200                SW_Handler
                0x0000000000000300                xPortStartFirstTask
                0x0000000000000400                pxPortInitialiseStack
 .text          0x00000000000004ee       0x60 c:/mounriver/mounriver_studio/toolchain/risc-v embedded gcc/bin/../lib/gcc/riscv-none-embed/8.2.0/rv32imacxw/ilp32\libgcc.a(save-restore.o)
                0x00000000000004ee                __riscv_save_12
                0x00000000000004f6                __riscv_save_9
                0x00000000000004f6                __riscv_save_11
                0x00000000000004f6                __riscv_save_10
                0x00000000000004f6                __riscv_save_8
                0x0000000000000504                __riscv_save_4
                0x0000000000000504                __riscv_save_6
                0x0000000000000504                __riscv_save_5
                0x0000000000000504                __riscv_save_7
                0x000000000000051e                __riscv_save_3
                0x000000000000051e                __riscv_save_2
                0x000000000000051e                __riscv_save_1
                0x000000000000051e                __riscv_save_0
                0x000000000000052a                __riscv_restore_12
                0x000000000000052e                __riscv_restore_11
                0x000000000000052e                __riscv_restore_9
                0x000000000000052e                __riscv_restore_10
                0x000000000000052e                __riscv_restore_8
                0x0000000000000538                __riscv_restore_5
                0x0000000000000538                __riscv_restore_7
                0x0000000000000538                __riscv_restore_6
                0x0000000000000538                __riscv_restore_4
                0x0000000000000542                __riscv_restore_3
                0x0000000000000542                __riscv_restore_0
                0x0000000000000542                __riscv_restore_2
                0x0000000000000542                __riscv_restore_1
 .text          0x000000000000054e       0xa8 c:/mounriver/mounriver_studio/toolchain/risc-v embedded gcc/bin/../lib/gcc/riscv-none-embed/8.2.0/../../../../riscv-none-embed/lib/rv32imacxw/ilp32\libg_nano.a(lib_a-memset.o)
                0x000000000000054e                memset
 *(.text.*)
 .text.xCanOpenProcessTaskHandle
                0x00000000000005f6        0xa ./User/CanOpenNode.o
                0x00000000000005f6                xCanOpenProcessTaskHandle
 .text.xCanOpenPeriodicTaskHandle
                0x0000000000000600        0xa ./User/CanOpenNode.o
                0x0000000000000600                xCanOpenPeriodicTaskHandle
 .text.vCanOpenInit
                0x000000000000060a        0xa ./User/CanOpenNode.o
                0x000000000000060a                vCanOpenInit
 .text.vCanOpenProcess
                0x0000000000000614      0x192 ./User/CanOpenNode.o
                0x0000000000000614                vCanOpenProcess
 .text.vCanOpenPeriodicProcess
                0x00000000000007a6       0x82 ./User/CanOpenNode.o
                0x00000000000007a6                vCanOpenPeriodicProcess
 .text.xDataRegQueue
                0x0000000000000828        0xa ./User/DataModel.o
                0x0000000000000828                xDataRegQueue
 .text.vDataModelRegDelayWrite
                0x0000000000000832       0x34 ./User/DataModel.o
                0x0000000000000832                vDataModelRegDelayWrite
 .text.setReg32
                0x0000000000000866       0x1a ./User/DataModel.o
                0x0000000000000866                setReg32
 .text.setReg16
                0x0000000000000880        0xe ./User/DataModel.o
                0x0000000000000880                setReg16
 .text.setReg8  0x000000000000088e        0xa ./User/DataModel.o
                0x000000000000088e                setReg8
 .text.SaveReg16
                0x0000000000000898       0x14 ./User/DataModel.o
                0x0000000000000898                SaveReg16
 .text.getReg16
                0x00000000000008ac       0x10 ./User/DataModel.o
                0x00000000000008ac                getReg16
 .text.getReg32
                0x00000000000008bc       0x1c ./User/DataModel.o
                0x00000000000008bc                getReg32
 .text.DataModel_Init
                0x00000000000008d8      0x3c6 ./User/DataModel.o
                0x00000000000008d8                DataModel_Init
 .text.getReg8  0x0000000000000c9e        0xa ./User/DataModel.o
                0x0000000000000c9e                getReg8
 .text.WriteRegAfterDelay
                0x0000000000000ca8       0x60 ./User/DataModel.o
                0x0000000000000ca8                WriteRegAfterDelay
 .text.WriteReg
                0x0000000000000d08       0x56 ./User/DataModel.o
                0x0000000000000d08                WriteReg
 .text.vGetBitrate
                0x0000000000000d5e       0x2a ./User/DataModel.o
                0x0000000000000d5e                vGetBitrate
 .text.vFDGetNMTState
                0x0000000000000d88        0x6 ./User/DataModel.o
                0x0000000000000d88                vFDGetNMTState
 .text.vGetNodeId
                0x0000000000000d8e        0x6 ./User/DataModel.o
                0x0000000000000d8e                vGetNodeId
 .text.vIncrementSystemCounters
                0x0000000000000d94       0x76 ./User/DataModel.o
                0x0000000000000d94                vIncrementSystemCounters
 .text.vSaveData
                0x0000000000000e0a       0x14 ./User/DataModel.o
                0x0000000000000e0a                vSaveData
 .text.getOdometr
                0x0000000000000e1e       0x14 ./User/DataModel.o
                0x0000000000000e1e                getOdometr
 .text.NMI_Handler
                0x0000000000000e32        0x2 ./User/ch32v20x_it.o
                0x0000000000000e32                NMI_Handler
 .text.HardFault_Handler
                0x0000000000000e34        0x2 ./User/ch32v20x_it.o
                0x0000000000000e34                HardFault_Handler
 .text.SegPrint
                0x0000000000000e36       0x5a ./User/dash_draw.o
 .text.xProcessTaskHandle
                0x0000000000000e90        0xa ./User/dash_draw.o
                0x0000000000000e90                xProcessTaskHandle
 .text.vSetErrorReg
                0x0000000000000e9a        0xa ./User/dash_draw.o
                0x0000000000000e9a                vSetErrorReg
 .text.getODValue
                0x0000000000000ea4      0x12e ./User/dash_draw.o
                0x0000000000000ea4                getODValue
 .text.IncMenuIndex
                0x0000000000000fd2       0x80 ./User/dash_draw.o
                0x0000000000000fd2                IncMenuIndex
 .text.GoToHome
                0x0000000000001052       0x12 ./User/dash_draw.o
                0x0000000000001052                GoToHome
 .text.SetCurMenuHome
                0x0000000000001064       0x1e ./User/dash_draw.o
                0x0000000000001064                SetCurMenuHome
 .text.GetCurMenuHome
                0x0000000000001082        0x6 ./User/dash_draw.o
                0x0000000000001082                GetCurMenuHome
 .text.SetCurrentMenu
                0x0000000000001088       0x12 ./User/dash_draw.o
                0x0000000000001088                SetCurrentMenu
 .text.SetDefault
                0x000000000000109a       0x28 ./User/dash_draw.o
                0x000000000000109a                SetDefault
 .text.MenuBackHomeCheck
                0x00000000000010c2       0x38 ./User/dash_draw.o
                0x00000000000010c2                MenuBackHomeCheck
 .text.CheckMenuChannel
                0x00000000000010fa       0x20 ./User/dash_draw.o
                0x00000000000010fa                CheckMenuChannel
 .text.vDashDrawInit
                0x000000000000111a       0x7e ./User/dash_draw.o
                0x000000000000111a                vDashDrawInit
 .text.vMenuBlink
                0x0000000000001198       0x4a ./User/dash_draw.o
                0x0000000000001198                vMenuBlink
 .text.SetErrorRegiter
                0x00000000000011e2       0x5e ./User/dash_draw.o
                0x00000000000011e2                SetErrorRegiter
 .text.uGetCurrMenu
                0x0000000000001240       0x26 ./User/dash_draw.o
                0x0000000000001240                uGetCurrMenu
 .text.vGetEdgeData
                0x0000000000001266       0x2a ./User/dash_draw.o
                0x0000000000001266                vGetEdgeData
 .text.checkLedState
                0x0000000000001290       0x3a ./User/dash_draw.o
 .text.vRGBMode
                0x00000000000012ca       0x72 ./User/dash_draw.o
                0x00000000000012ca                vRGBMode
 .text.vBarColorMode
                0x000000000000133c       0xc2 ./User/dash_draw.o
                0x000000000000133c                vBarColorMode
 .text.vBarWindowMode
                0x00000000000013fe       0x5a ./User/dash_draw.o
                0x00000000000013fe                vBarWindowMode
 .text.vBarMode
                0x0000000000001458       0x66 ./User/dash_draw.o
                0x0000000000001458                vBarMode
 .text.RedrawNotifyTaskToInit
                0x00000000000014be       0x28 ./User/dash_draw.o
                0x00000000000014be                RedrawNotifyTaskToInit
 .text.vRedrawTask
                0x00000000000014e6      0x576 ./User/dash_draw.o
                0x00000000000014e6                vRedrawTask
 .text.vInit_DeviceConfig
                0x0000000000001a5c      0x176 ./User/init.o
                0x0000000000001a5c                vInit_DeviceConfig
 .text.HardwareDeinit
                0x0000000000001bd2       0x2a ./User/init.o
                0x0000000000001bd2                HardwareDeinit
 .text.SoftwareReset
                0x0000000000001bfc       0x14 ./User/init.o
                0x0000000000001bfc                SoftwareReset
 .text.ADC1_Event
                0x0000000000001c10       0x48 ./User/inputs.o
                0x0000000000001c10                ADC1_Event
 .text.CaptureDMACallBack
                0x0000000000001c58       0x22 ./User/inputs.o
                0x0000000000001c58                CaptureDMACallBack
 .text.CaptureDMACallBack_1
                0x0000000000001c7a       0x22 ./User/inputs.o
                0x0000000000001c7a                CaptureDMACallBack_1
 .text.fDinStateCallback
                0x0000000000001c9c       0x32 ./User/inputs.o
                0x0000000000001c9c                fDinStateCallback
 .text.vSetDoutState
                0x0000000000001cce       0x28 ./User/inputs.o
                0x0000000000001cce                vSetDoutState
 .text.getInputsTaskHandle
                0x0000000000001cf6        0xa ./User/inputs.o
                0x0000000000001cf6                getInputsTaskHandle
 .text.InputsNotifyTaskToInit
                0x0000000000001d00       0x28 ./User/inputs.o
                0x0000000000001d00                InputsNotifyTaskToInit
 .text.ADC1_Init
                0x0000000000001d28       0x48 ./User/inputs.o
                0x0000000000001d28                ADC1_Init
 .text.ADC_FSM  0x0000000000001d70      0x136 ./User/inputs.o
                0x0000000000001d70                ADC_FSM
 .text.GetAIN   0x0000000000001ea6        0xc ./User/inputs.o
                0x0000000000001ea6                GetAIN
 .text.vInputsTask
                0x0000000000001eb2      0x2e4 ./User/inputs.o
                0x0000000000001eb2                vInputsTask
 .text.SPI1_DMA_Callback
                0x0000000000002196       0x2e ./User/led.o
                0x0000000000002196                SPI1_DMA_Callback
 .text.SPI2_DMA_Callback
                0x00000000000021c4       0x2e ./User/led.o
                0x00000000000021c4                SPI2_DMA_Callback
 .text.SetBarState
                0x00000000000021f2       0x50 ./User/led.o
                0x00000000000021f2                SetBarState
 .text.SetRGB   0x0000000000002242       0x4e ./User/led.o
                0x0000000000002242                SetRGB
 .text.SetSegDirect
                0x0000000000002290       0x9c ./User/led.o
                0x0000000000002290                SetSegDirect
 .text.SetSegPoint
                0x000000000000232c       0x22 ./User/led.o
                0x000000000000232c                SetSegPoint
 .text.SetSEG   0x000000000000234e      0x120 ./User/led.o
                0x000000000000234e                SetSEG
 .text.SetBigSeg
                0x000000000000246e       0x14 ./User/led.o
                0x000000000000246e                SetBigSeg
 .text.vSetBrigth
                0x0000000000002482       0x28 ./User/led.o
                0x0000000000002482                vSetBrigth
 .text.vLedDriverStart
                0x00000000000024aa       0x4e ./User/led.o
                0x00000000000024aa                vLedDriverStart
 .text.vLedProcess
                0x00000000000024f8       0x1e ./User/led.o
                0x00000000000024f8                vLedProcess
 .text.vRGBProcess
                0x0000000000002516       0xe2 ./User/led.o
                0x0000000000002516                vRGBProcess
 .text.startup.main
                0x00000000000025f8       0x1e ./User/main.o
                0x00000000000025f8                main
 .text.vRestartNode
                0x0000000000002616        0x2 ./User/main.o
                0x0000000000002616                vRestartNode
 .text.Error_Handler
                0x0000000000002618        0x8 ./User/main.o
                0x0000000000002618                Error_Handler
 .text.OD_writeRGBMAP
                0x0000000000002620       0x30 ./User/process.o
 .text.OD_readRGBMAP
                0x0000000000002650       0x22 ./User/process.o
 .text.OD_readDIN
                0x0000000000002672       0x1c ./User/process.o
 .text.OD_writeMenuSetup
                0x000000000000268e       0x46 ./User/process.o
 .text.OD_writeBoardSettings
                0x00000000000026d4       0x78 ./User/process.o
 .text.CO_getUint16
                0x000000000000274c       0x10 ./User/process.o
 .text.OD_writeSEG
                0x000000000000275c       0x44 ./User/process.o
 .text.OD_writeBAR
                0x00000000000027a0       0x30 ./User/process.o
 .text.OD_writeRPMConfig
                0x00000000000027d0       0x36 ./User/process.o
 .text.CO_getUint32
                0x0000000000002806       0x18 ./User/process.o
 .text.OD_writeMenuMap
                0x000000000000281e       0x30 ./User/process.o
 .text.OD_writeV1_14
                0x000000000000284e       0x56 ./User/process.o
 .text.OD_writeDashParam
                0x00000000000028a4       0x44 ./User/process.o
 .text.WriteRGB.isra.2
                0x00000000000028e8       0x3a ./User/process.o
 .text.OD_writeRGB1
                0x0000000000002922       0x14 ./User/process.o
 .text.OD_writeRGB2
                0x0000000000002936       0x16 ./User/process.o
 .text.OD_writeRGB3
                0x000000000000294c       0x16 ./User/process.o
 .text.OD_writeRGB4
                0x0000000000002962       0x16 ./User/process.o
 .text.OD_writeRGB5
                0x0000000000002978       0x16 ./User/process.o
 .text.OD_writeRGB6
                0x000000000000298e       0x16 ./User/process.o
 .text.OD_writeRGB7
                0x00000000000029a4       0x16 ./User/process.o
 .text.OD_writeRGB8
                0x00000000000029ba       0x16 ./User/process.o
 .text.OD_writeRGB9
                0x00000000000029d0       0x16 ./User/process.o
 .text.OD_writeRGB10
                0x00000000000029e6       0x16 ./User/process.o
 .text.OD_writeRGB11
                0x00000000000029fc       0x16 ./User/process.o
 .text.OD_writeRGB12
                0x0000000000002a12       0x16 ./User/process.o
 .text.OD_writeRGB13
                0x0000000000002a28       0x16 ./User/process.o
 .text.OD_readBoardSettings
                0x0000000000002a3e       0x2c ./User/process.o
 .text.readADC.isra.6
                0x0000000000002a6a       0x84 ./User/process.o
 .text.OD_readADC1
                0x0000000000002aee       0x10 ./User/process.o
 .text.OD_readADC2
                0x0000000000002afe       0x10 ./User/process.o
 .text.OD_readADC3
                0x0000000000002b0e       0x10 ./User/process.o
 .text.OD_readMenuSetup
                0x0000000000002b1e       0x30 ./User/process.o
 .text.writeADC.isra.9
                0x0000000000002b4e       0xde ./User/process.o
 .text.OD_writeADC1
                0x0000000000002c2c       0x10 ./User/process.o
 .text.OD_writeADC2
                0x0000000000002c3c       0x10 ./User/process.o
 .text.OD_writeADC3
                0x0000000000002c4c       0x10 ./User/process.o
 .text.OD_readRGB.isra.5
                0x0000000000002c5c       0x22 ./User/process.o
 .text.OD_readRGB1
                0x0000000000002c7e       0x10 ./User/process.o
 .text.OD_readRGB2
                0x0000000000002c8e       0x12 ./User/process.o
 .text.OD_readRGB3
                0x0000000000002ca0       0x12 ./User/process.o
 .text.OD_readRGB4
                0x0000000000002cb2       0x12 ./User/process.o
 .text.OD_readRGB5
                0x0000000000002cc4       0x12 ./User/process.o
 .text.OD_readRGB6
                0x0000000000002cd6       0x12 ./User/process.o
 .text.OD_readRGB7
                0x0000000000002ce8       0x12 ./User/process.o
 .text.OD_readRGB8
                0x0000000000002cfa       0x12 ./User/process.o
 .text.OD_readRGB9
                0x0000000000002d0c       0x12 ./User/process.o
 .text.OD_readRGB10
                0x0000000000002d1e       0x12 ./User/process.o
 .text.OD_readRGB11
                0x0000000000002d30       0x12 ./User/process.o
 .text.OD_readRGB12
                0x0000000000002d42       0x12 ./User/process.o
 .text.OD_readRGB13
                0x0000000000002d54       0x12 ./User/process.o
 .text.OD_readAIN_RPM
                0x0000000000002d66       0x26 ./User/process.o
 .text.OD_readMenuMap
                0x0000000000002d8c       0x2c ./User/process.o
 .text.OD_readRPMConfig
                0x0000000000002db8       0x2a ./User/process.o
 .text.OD_readBar
                0x0000000000002de2       0x28 ./User/process.o
 .text.OD_readDashParam
                0x0000000000002e0a       0x4c ./User/process.o
 .text.OD_readSEG
                0x0000000000002e56       0x34 ./User/process.o
 .text.vProceesInit
                0x0000000000002e8a      0x1ba ./User/process.o
                0x0000000000002e8a                vProceesInit
 .text.SystemInit
                0x0000000000003044       0xee ./User/system_ch32v20x.o
                0x0000000000003044                SystemInit
 .text.SystemCoreClockUpdate
                0x0000000000003132       0x92 ./User/system_ch32v20x.o
                0x0000000000003132                SystemCoreClockUpdate
 .text.StartDefaultTask
                0x00000000000031c4       0x86 ./User/system_init.o
 .text.vApplicationGetIdleTaskMemory
                0x000000000000324a       0x1c ./User/system_init.o
                0x000000000000324a                vApplicationGetIdleTaskMemory
 .text.vSystemStopProcess
                0x0000000000003266       0x1c ./User/system_init.o
                0x0000000000003266                vSystemStopProcess
 .text.vSYStaskInit
                0x0000000000003282      0x100 ./User/system_init.o
                0x0000000000003282                vSYStaskInit
 .text.vSYSqueueInit
                0x0000000000003382       0x2a ./User/system_init.o
                0x0000000000003382                vSYSqueueInit
 .text.vector_handler
                0x00000000000033ac       0x6c ./Startup/startup_ch32v20x_D6.o
                0x00000000000033b0                Ecall_M_Mode_Handler
                0x00000000000033b2                Ecall_U_Mode_Handler
                0x00000000000033b4                Break_Point_Handler
                0x00000000000033ba                WWDG_IRQHandler
                0x00000000000033bc                PVD_IRQHandler
                0x00000000000033be                TAMPER_IRQHandler
                0x00000000000033c2                FLASH_IRQHandler
                0x00000000000033c4                RCC_IRQHandler
                0x00000000000033c6                EXTI0_IRQHandler
                0x00000000000033c8                EXTI1_IRQHandler
                0x00000000000033ca                EXTI2_IRQHandler
                0x00000000000033cc                EXTI3_IRQHandler
                0x00000000000033ce                EXTI4_IRQHandler
                0x00000000000033d2                DMA1_Channel2_IRQHandler
                0x00000000000033da                DMA1_Channel6_IRQHandler
                0x00000000000033de                ADC1_2_IRQHandler
                0x00000000000033e8                EXTI9_5_IRQHandler
                0x00000000000033ea                TIM1_BRK_IRQHandler
                0x00000000000033ec                TIM1_UP_IRQHandler
                0x00000000000033ee                TIM1_TRG_COM_IRQHandler
                0x00000000000033f0                TIM1_CC_IRQHandler
                0x00000000000033f2                TIM2_IRQHandler
                0x00000000000033f4                TIM3_IRQHandler
                0x00000000000033fc                I2C2_EV_IRQHandler
                0x00000000000033fe                I2C2_ER_IRQHandler
                0x0000000000003400                SPI1_IRQHandler
                0x0000000000003402                SPI2_IRQHandler
                0x0000000000003404                USART1_IRQHandler
                0x0000000000003406                USART2_IRQHandler
                0x0000000000003408                USART3_IRQHandler
                0x000000000000340a                EXTI15_10_IRQHandler
                0x000000000000340c                RTCAlarm_IRQHandler
                0x000000000000340e                USBWakeUp_IRQHandler
                0x0000000000003410                USBHD_IRQHandler
                0x0000000000003412                USBHDWakeUp_IRQHandler
                0x0000000000003414                UART4_IRQHandler
                0x0000000000003416                DMA1_Channel8_IRQHandler
 .text.handle_reset
                0x0000000000003418       0x92 ./Startup/startup_ch32v20x_D6.o
                0x0000000000003418                handle_reset
 .text.ADC_Cmd  0x00000000000034aa       0x10 ./Peripheral/src/ch32v20x_adc.o
                0x00000000000034aa                ADC_Cmd
 .text.ADC_GetResetCalibrationStatus
                0x00000000000034ba        0x8 ./Peripheral/src/ch32v20x_adc.o
                0x00000000000034ba                ADC_GetResetCalibrationStatus
 .text.ADC_GetCalibrationStatus
                0x00000000000034c2        0x8 ./Peripheral/src/ch32v20x_adc.o
                0x00000000000034c2                ADC_GetCalibrationStatus
 .text.Get_CalibrationValue
                0x00000000000034ca      0x1fe ./Peripheral/src/ch32v20x_adc.o
                0x00000000000034ca                Get_CalibrationValue
 .text.DMA_GetFlagStatus
                0x00000000000036c8        0xe ./Peripheral/src/ch32v20x_dma.o
                0x00000000000036c8                DMA_GetFlagStatus
 .text.DMA_GetITStatus
                0x00000000000036d6        0xc ./Peripheral/src/ch32v20x_dma.o
                0x00000000000036d6                DMA_GetITStatus
 .text.DMA_ClearITPendingBit
                0x00000000000036e2        0x8 ./Peripheral/src/ch32v20x_dma.o
                0x00000000000036e2                DMA_ClearITPendingBit
 .text.GPIO_PinRemapConfig
                0x00000000000036ea       0xf2 ./Peripheral/src/ch32v20x_gpio.o
                0x00000000000036ea                GPIO_PinRemapConfig
 .text.I2C_DualAddressCmd
                0x00000000000037dc       0x18 ./Peripheral/src/ch32v20x_i2c.o
                0x00000000000037dc                I2C_DualAddressCmd
 .text.I2C_ClearFlag
                0x00000000000037f4        0xc ./Peripheral/src/ch32v20x_i2c.o
                0x00000000000037f4                I2C_ClearFlag
 .text.RCC_LSEConfig
                0x0000000000003800       0x28 ./Peripheral/src/ch32v20x_rcc.o
                0x0000000000003800                RCC_LSEConfig
 .text.RCC_GetClocksFreq
                0x0000000000003828       0xbe ./Peripheral/src/ch32v20x_rcc.o
                0x0000000000003828                RCC_GetClocksFreq
 .text.RCC_GetFlagStatus
                0x00000000000038e6       0x2e ./Peripheral/src/ch32v20x_rcc.o
                0x00000000000038e6                RCC_GetFlagStatus
 .text.RTC_EnterConfigMode
                0x0000000000003914       0x12 ./Peripheral/src/ch32v20x_rtc.o
                0x0000000000003914                RTC_EnterConfigMode
 .text.RTC_ExitConfigMode
                0x0000000000003926       0x18 ./Peripheral/src/ch32v20x_rtc.o
                0x0000000000003926                RTC_ExitConfigMode
 .text.RTC_SetPrescaler
                0x000000000000393e       0x2e ./Peripheral/src/ch32v20x_rtc.o
                0x000000000000393e                RTC_SetPrescaler
 .text.RTC_WaitForLastTask
                0x000000000000396c       0x10 ./Peripheral/src/ch32v20x_rtc.o
                0x000000000000396c                RTC_WaitForLastTask
 .text.RTC_WaitForSynchro
                0x000000000000397c       0x24 ./Peripheral/src/ch32v20x_rtc.o
                0x000000000000397c                RTC_WaitForSynchro
 .text.TIM_OC1Init
                0x00000000000039a0       0x6a ./Peripheral/src/ch32v20x_tim.o
                0x00000000000039a0                TIM_OC1Init
 .text.TIM_OC2Init
                0x0000000000003a0a       0x96 ./Peripheral/src/ch32v20x_tim.o
                0x0000000000003a0a                TIM_OC2Init
 .text.TIM_OC3Init
                0x0000000000003aa0       0x94 ./Peripheral/src/ch32v20x_tim.o
                0x0000000000003aa0                TIM_OC3Init
 .text.TIM_OC4Init
                0x0000000000003b34       0x6c ./Peripheral/src/ch32v20x_tim.o
                0x0000000000003b34                TIM_OC4Init
 .text.TIM_OC1PreloadConfig
                0x0000000000003ba0        0xe ./Peripheral/src/ch32v20x_tim.o
                0x0000000000003ba0                TIM_OC1PreloadConfig
 .text.TIM_OC2PreloadConfig
                0x0000000000003bae       0x16 ./Peripheral/src/ch32v20x_tim.o
                0x0000000000003bae                TIM_OC2PreloadConfig
 .text.TIM_OC3PreloadConfig
                0x0000000000003bc4        0xe ./Peripheral/src/ch32v20x_tim.o
                0x0000000000003bc4                TIM_OC3PreloadConfig
 .text.TIM_OC4PreloadConfig
                0x0000000000003bd2       0x16 ./Peripheral/src/ch32v20x_tim.o
                0x0000000000003bd2                TIM_OC4PreloadConfig
 .text.TIM_GetITStatus
                0x0000000000003be8       0x18 ./Peripheral/src/ch32v20x_tim.o
                0x0000000000003be8                TIM_GetITStatus
 .text.USART_SendData
                0x0000000000003c00        0x8 ./Peripheral/src/ch32v20x_usart.o
                0x0000000000003c00                USART_SendData
 .text.USART_GetFlagStatus
                0x0000000000003c08        0xa ./Peripheral/src/ch32v20x_usart.o
                0x0000000000003c08                USART_GetFlagStatus
 .text.vAINInit
                0x0000000000003c12       0x36 ./HWLIB/hw_lib_adc.o
                0x0000000000003c12                vAINInit
 .text.fGetAinCalData
                0x0000000000003c48       0xa4 ./HWLIB/hw_lib_adc.o
                0x0000000000003c48                fGetAinCalData
 .text.eAinCalDataConfig
                0x0000000000003cec       0x48 ./HWLIB/hw_lib_adc.o
                0x0000000000003cec                eAinCalDataConfig
 .text.vABLineKoofFinde
                0x0000000000003d34       0x6a ./HWLIB/hw_lib_adc.o
                0x0000000000003d34                vABLineKoofFinde
 .text.eSetAinCalPoint
                0x0000000000003d9e       0x64 ./HWLIB/hw_lib_adc.o
                0x0000000000003d9e                eSetAinCalPoint
 .text.getADC1Buffer
                0x0000000000003e02        0xa ./HWLIB/hw_lib_adc.o
                0x0000000000003e02                getADC1Buffer
 .text.eDOUTConfigWtihStruct
                0x0000000000003e0c       0x1a ./HWLIB/hw_lib_din.o
                0x0000000000003e0c                eDOUTConfigWtihStruct
 .text.eDinConfigWtihStruct
                0x0000000000003e26       0x34 ./HWLIB/hw_lib_din.o
                0x0000000000003e26                eDinConfigWtihStruct
 .text.uGetDIN  0x0000000000003e5a       0x14 ./HWLIB/hw_lib_din.o
                0x0000000000003e5a                uGetDIN
 .text.eRPMConfig
                0x0000000000003e6e       0x56 ./HWLIB/hw_lib_din.o
                0x0000000000003e6e                eRPMConfig
 .text.RMPDataConvert
                0x0000000000003ec4       0x78 ./HWLIB/hw_lib_din.o
                0x0000000000003ec4                RMPDataConvert
 .text.getCaputreBuffer
                0x0000000000003f3c       0x16 ./HWLIB/hw_lib_din.o
                0x0000000000003f3c                getCaputreBuffer
 .text.GetRPM   0x0000000000003f52       0x74 ./HWLIB/hw_lib_din.o
                0x0000000000003f52                GetRPM
 .text.xGetRPM  0x0000000000003fc6       0x72 ./HWLIB/hw_lib_din.o
                0x0000000000003fc6                xGetRPM
 .text.vDinDoutProcess
                0x0000000000004038       0x98 ./HWLIB/hw_lib_din.o
                0x0000000000004038                vDinDoutProcess
 .text.xGetEEPROM
                0x00000000000040d0        0xa ./HWLIB/hw_lib_eeprom.o
                0x00000000000040d0                xGetEEPROM
 .text.eEEPROMWrFast
                0x00000000000040da       0x80 ./HWLIB/hw_lib_eeprom.o
                0x00000000000040da                eEEPROMWrFast
 .text.eEEPROMWr
                0x000000000000415a       0x92 ./HWLIB/hw_lib_eeprom.o
                0x000000000000415a                eEEPROMWr
 .text.eEEPROMRd
                0x00000000000041ec       0x34 ./HWLIB/hw_lib_eeprom.o
                0x00000000000041ec                eEEPROMRd
 .text.bReadEEPROM
                0x0000000000004220       0x1a ./HWLIB/hw_lib_eeprom.o
                0x0000000000004220                bReadEEPROM
 .text.Get_ConversionVal
                0x000000000000423a       0x2e ./HAL/hal_adc_ch32.o
                0x000000000000423a                Get_ConversionVal
 .text.HAL_ADC_RegularChannelConfig
                0x0000000000004268       0x46 ./HAL/hal_adc_ch32.o
                0x0000000000004268                HAL_ADC_RegularChannelConfig
 .text.HAL_ADC_ContiniusScanCinvertionDMA
                0x00000000000042ae       0xce ./HAL/hal_adc_ch32.o
                0x00000000000042ae                HAL_ADC_ContiniusScanCinvertionDMA
 .text.HAL_ADC_StartDMA
                0x000000000000437c       0x42 ./HAL/hal_adc_ch32.o
                0x000000000000437c                HAL_ADC_StartDMA
 .text.HAL_CANSetTXCallback
                0x00000000000043be        0xa ./HAL/hal_can_ch32.o
                0x00000000000043be                HAL_CANSetTXCallback
 .text.HAL_CANSetRXCallback
                0x00000000000043c8        0xa ./HAL/hal_can_ch32.o
                0x00000000000043c8                HAL_CANSetRXCallback
 .text.HAL_CANSetERRCallback
                0x00000000000043d2        0xa ./HAL/hal_can_ch32.o
                0x00000000000043d2                HAL_CANSetERRCallback
 .text.HAL_CANIntIT
                0x00000000000043dc      0x122 ./HAL/hal_can_ch32.o
                0x00000000000043dc                HAL_CANIntIT
 .text.HAL_CANToInitMode
                0x00000000000044fe       0x30 ./HAL/hal_can_ch32.o
                0x00000000000044fe                HAL_CANToInitMode
 .text.HAL_CANToOperatingMode
                0x000000000000452e       0x26 ./HAL/hal_can_ch32.o
                0x000000000000452e                HAL_CANToOperatingMode
 .text.HAL_CANSend
                0x0000000000004554       0xae ./HAL/hal_can_ch32.o
                0x0000000000004554                HAL_CANSend
 .text.HAL_CANSetFiters
                0x0000000000004602       0xc4 ./HAL/hal_can_ch32.o
                0x0000000000004602                HAL_CANSetFiters
 .text.HAL_CANGetRXMessage
                0x00000000000046c6       0xb0 ./HAL/hal_can_ch32.o
                0x00000000000046c6                HAL_CANGetRXMessage
 .text.USB_HP_CAN1_TX_IRQHandler
                0x0000000000004776       0x60 ./HAL/hal_can_ch32.o
                0x0000000000004776                USB_HP_CAN1_TX_IRQHandler
 .text.USB_LP_CAN1_RX0_IRQHandler
                0x00000000000047d6       0x5e ./HAL/hal_can_ch32.o
                0x00000000000047d6                USB_LP_CAN1_RX0_IRQHandler
 .text.CAN1_RX1_IRQHandler
                0x0000000000004834       0x5e ./HAL/hal_can_ch32.o
                0x0000000000004834                CAN1_RX1_IRQHandler
 .text.CAN1_SCE_IRQHandler
                0x0000000000004892       0x5c ./HAL/hal_can_ch32.o
                0x0000000000004892                CAN1_SCE_IRQHandler
 .text.DMA_IRQ  0x00000000000048ee       0x3a ./HAL/hal_dma_ch32.o
 .text.HAL_DMA_Enable
                0x0000000000004928       0x18 ./HAL/hal_dma_ch32.o
                0x0000000000004928                HAL_DMA_Enable
 .text.HAL_DMA_Disable
                0x0000000000004940       0x1a ./HAL/hal_dma_ch32.o
                0x0000000000004940                HAL_DMA_Disable
 .text.HAL_DMAInitIT
                0x000000000000495a       0xa0 ./HAL/hal_dma_ch32.o
                0x000000000000495a                HAL_DMAInitIT
 .text.HAL_DMA_SetCounter
                0x00000000000049fa       0x12 ./HAL/hal_dma_ch32.o
                0x00000000000049fa                HAL_DMA_SetCounter
 .text.HAL_DMA_ITENABLE
                0x0000000000004a0c       0x16 ./HAL/hal_dma_ch32.o
                0x0000000000004a0c                HAL_DMA_ITENABLE
 .text.HAL_DMA_SetCouterAndEnable
                0x0000000000004a22       0x1a ./HAL/hal_dma_ch32.o
                0x0000000000004a22                HAL_DMA_SetCouterAndEnable
 .text.DMA1_Channel1_IRQHandler
                0x0000000000004a3c       0x4e ./HAL/hal_dma_ch32.o
                0x0000000000004a3c                DMA1_Channel1_IRQHandler
 .text.DMA1_Channel3_IRQHandler
                0x0000000000004a8a       0x4e ./HAL/hal_dma_ch32.o
                0x0000000000004a8a                DMA1_Channel3_IRQHandler
 .text.DMA1_Channel4_IRQHandler
                0x0000000000004ad8       0x4e ./HAL/hal_dma_ch32.o
                0x0000000000004ad8                DMA1_Channel4_IRQHandler
 .text.DMA1_Channel5_IRQHandler
                0x0000000000004b26       0x4e ./HAL/hal_dma_ch32.o
                0x0000000000004b26                DMA1_Channel5_IRQHandler
 .text.DMA1_Channel7_IRQHandler
                0x0000000000004b74       0x4e ./HAL/hal_dma_ch32.o
                0x0000000000004b74                DMA1_Channel7_IRQHandler
 .text.HAL_InitGPIO
                0x0000000000004bc2       0xd2 ./HAL/hal_gpio_ch32.o
                0x0000000000004bc2                HAL_InitGPIO
 .text.HAL_InitGpioOut
                0x0000000000004c94       0x10 ./HAL/hal_gpio_ch32.o
                0x0000000000004c94                HAL_InitGpioOut
 .text.HAL_InitGpioAIN
                0x0000000000004ca4       0x10 ./HAL/hal_gpio_ch32.o
                0x0000000000004ca4                HAL_InitGpioAIN
 .text.HAL_InitGpioIn
                0x0000000000004cb4       0x10 ./HAL/hal_gpio_ch32.o
                0x0000000000004cb4                HAL_InitGpioIn
 .text.HAL_InitGpioAF
                0x0000000000004cc4       0x34 ./HAL/hal_gpio_ch32.o
                0x0000000000004cc4                HAL_InitGpioAF
 .text.HAL_GetBit
                0x0000000000004cf8        0xa ./HAL/hal_gpio_ch32.o
                0x0000000000004cf8                HAL_GetBit
 .text.HAL_SetBit
                0x0000000000004d02        0x4 ./HAL/hal_gpio_ch32.o
                0x0000000000004d02                HAL_SetBit
 .text.HAL_ResetBit
                0x0000000000004d06        0x4 ./HAL/hal_gpio_ch32.o
                0x0000000000004d06                HAL_ResetBit
 .text.HAL_InitGPO
                0x0000000000004d0a       0x14 ./HAL/hal_gpio_ch32.o
                0x0000000000004d0a                HAL_InitGPO
 .text.EEPROM_I2C_ENABLE
                0x0000000000004d1e       0x14 ./HAL/hal_i2c_ch32.o
 .text.EEPROM_I2C_STOP
                0x0000000000004d32       0x14 ./HAL/hal_i2c_ch32.o
 .text.EEPROM_I2C_START
                0x0000000000004d46       0x14 ./HAL/hal_i2c_ch32.o
 .text.EEPROM_I2C_SEND
                0x0000000000004d5a        0xe ./HAL/hal_i2c_ch32.o
 .text.I2C_Master_ReviceIT
                0x0000000000004d68       0x96 ./HAL/hal_i2c_ch32.o
 .text.I2C_Master_TransmitIT
                0x0000000000004dfe       0x88 ./HAL/hal_i2c_ch32.o
 .text.I2C_Master_TransmitFast
                0x0000000000004e86       0x98 ./HAL/hal_i2c_ch32.o
 .text.I2C_FSM  0x0000000000004f1e      0x18e ./HAL/hal_i2c_ch32.o
 .text.InitI2CDMA
                0x00000000000050ac       0xfc ./HAL/hal_i2c_ch32.o
                0x00000000000050ac                InitI2CDMA
 .text.I2C1_EV_IRQHandler
                0x00000000000051a8       0x4c ./HAL/hal_i2c_ch32.o
                0x00000000000051a8                I2C1_EV_IRQHandler
 .text.I2C1_ER_IRQHandler
                0x00000000000051f4       0x4c ./HAL/hal_i2c_ch32.o
                0x00000000000051f4                I2C1_ER_IRQHandler
 .text.HAL_InitAPB1
                0x0000000000005240       0x1c ./HAL/hal_irq.o
                0x0000000000005240                HAL_InitAPB1
 .text.HAL_InitAPB2
                0x000000000000525c       0x1c ./HAL/hal_irq.o
                0x000000000000525c                HAL_InitAPB2
 .text.PFIC_IRQ_ENABLE_PG1
                0x0000000000005278       0x34 ./HAL/hal_irq.o
                0x0000000000005278                PFIC_IRQ_ENABLE_PG1
 .text.HAL_RTC_IT_Init
                0x00000000000052ac       0xba ./HAL/hal_rtc_ch32.o
                0x00000000000052ac                HAL_RTC_IT_Init
 .text.RTC_IRQHandler
                0x0000000000005366       0x78 ./HAL/hal_rtc_ch32.o
                0x0000000000005366                RTC_IRQHandler
 .text.HAL_SPI_InitDMA
                0x00000000000053de       0x50 ./HAL/hal_spi_ch32.o
                0x00000000000053de                HAL_SPI_InitDMA
 .text.HAL_SPI_RXOveleyClear
                0x000000000000542e       0x12 ./HAL/hal_spi_ch32.o
                0x000000000000542e                HAL_SPI_RXOveleyClear
 .text.HAL_SPI_GetBusy
                0x0000000000005440       0x10 ./HAL/hal_spi_ch32.o
                0x0000000000005440                HAL_SPI_GetBusy
 .text.TIM4_IRQHandler
                0x0000000000005450       0x70 ./HAL/hal_timers_ch32.o
                0x0000000000005450                TIM4_IRQHandler
 .text.HAL_TiemrEneblae
                0x00000000000054c0       0x16 ./HAL/hal_timers_ch32.o
                0x00000000000054c0                HAL_TiemrEneblae
 .text.HAL_TiemrDisable
                0x00000000000054d6       0x1c ./HAL/hal_timers_ch32.o
                0x00000000000054d6                HAL_TiemrDisable
 .text.HW_TIMER_BaseTimerInit
                0x00000000000054f2       0x54 ./HAL/hal_timers_ch32.o
                0x00000000000054f2                HW_TIMER_BaseTimerInit
 .text.HAL_TIMER_InitIt
                0x0000000000005546       0x60 ./HAL/hal_timers_ch32.o
                0x0000000000005546                HAL_TIMER_InitIt
 .text.HAL_TIMER_PWMTimersInit
                0x00000000000055a6       0xc2 ./HAL/hal_timers_ch32.o
                0x00000000000055a6                HAL_TIMER_PWMTimersInit
 .text.HAL_TimeInitCaptureDMA
                0x0000000000005668       0xec ./HAL/hal_timers_ch32.o
                0x0000000000005668                HAL_TimeInitCaptureDMA
 .text.HAL_TIMER_SetPWMPulse
                0x0000000000005754       0x88 ./HAL/hal_timers_ch32.o
                0x0000000000005754                HAL_TIMER_SetPWMPulse
 .text.HAL_TIMER_EnablePWMCH
                0x00000000000057dc       0x1a ./HAL/hal_timers_ch32.o
                0x00000000000057dc                HAL_TIMER_EnablePWMCH
 .text.HAL_WDTReset
                0x00000000000057f6        0xe ./HAL/hal_wdt_ch32.o
                0x00000000000057f6                HAL_WDTReset
 .text.HAL_WDT_Init1s
                0x0000000000005804       0x28 ./HAL/hal_wdt_ch32.o
                0x0000000000005804                HAL_WDT_Init1s
 .text.prvInsertBlockIntoFreeList
                0x000000000000582c       0x48 ./FreeRTOS/portable/MemMang/heap_4.o
 .text.pvPortMalloc
                0x0000000000005874      0x182 ./FreeRTOS/portable/MemMang/heap_4.o
                0x0000000000005874                pvPortMalloc
 .text.vPortSetupTimerInterrupt
                0x00000000000059f6       0x3e ./FreeRTOS/portable/GCC/RISC-V/port.o
                0x00000000000059f6                vPortSetupTimerInterrupt
 .text.xPortStartScheduler
                0x0000000000005a34       0x90 ./FreeRTOS/portable/GCC/RISC-V/port.o
                0x0000000000005a34                xPortStartScheduler
 .text.SysTick_Handler
                0x0000000000005ac4       0x7c ./FreeRTOS/portable/GCC/RISC-V/port.o
                0x0000000000005ac4                SysTick_Handler
 .text.vPortEnterCritical
                0x0000000000005b40       0x16 ./FreeRTOS/portable/GCC/RISC-V/port.o
                0x0000000000005b40                vPortEnterCritical
 .text.vPortExitCritical
                0x0000000000005b56       0x42 ./FreeRTOS/portable/GCC/RISC-V/port.o
                0x0000000000005b56                vPortExitCritical
 .text.xPortSetInterruptMask
                0x0000000000005b98        0xc ./FreeRTOS/portable/GCC/RISC-V/port.o
                0x0000000000005b98                xPortSetInterruptMask
 .text.vPortClearInterruptMask
                0x0000000000005ba4        0x6 ./FreeRTOS/portable/GCC/RISC-V/port.o
                0x0000000000005ba4                vPortClearInterruptMask
 .text.vListInitialise
                0x0000000000005baa       0x14 ./FreeRTOS/list.o
                0x0000000000005baa                vListInitialise
 .text.vListInitialiseItem
                0x0000000000005bbe        0x6 ./FreeRTOS/list.o
                0x0000000000005bbe                vListInitialiseItem
 .text.vListInsertEnd
                0x0000000000005bc4       0x18 ./FreeRTOS/list.o
                0x0000000000005bc4                vListInsertEnd
 .text.vListInsert
                0x0000000000005bdc       0x2e ./FreeRTOS/list.o
                0x0000000000005bdc                vListInsert
 .text.uxListRemove
                0x0000000000005c0a       0x20 ./FreeRTOS/list.o
                0x0000000000005c0a                uxListRemove
 .text.prvIsQueueEmpty
                0x0000000000005c2a       0x1e ./FreeRTOS/queue.o
 .text.prvCopyDataToQueue
                0x0000000000005c48       0x72 ./FreeRTOS/queue.o
 .text.prvCopyDataFromQueue
                0x0000000000005cba       0x28 ./FreeRTOS/queue.o
 .text.prvUnlockQueue
                0x0000000000005ce2       0x76 ./FreeRTOS/queue.o
 .text.xQueueGenericReset
                0x0000000000005d58       0xc4 ./FreeRTOS/queue.o
                0x0000000000005d58                xQueueGenericReset
 .text.xQueueGenericCreateStatic
                0x0000000000005e1c       0xae ./FreeRTOS/queue.o
                0x0000000000005e1c                xQueueGenericCreateStatic
 .text.xQueueGenericCreate
                0x0000000000005eca       0x72 ./FreeRTOS/queue.o
                0x0000000000005eca                xQueueGenericCreate
 .text.xQueueGenericSend
                0x0000000000005f3c      0x178 ./FreeRTOS/queue.o
                0x0000000000005f3c                xQueueGenericSend
 .text.xQueueGiveMutexRecursive
                0x00000000000060b4       0x56 ./FreeRTOS/queue.o
                0x00000000000060b4                xQueueGiveMutexRecursive
 .text.xQueueCreateMutex
                0x000000000000610a       0x2e ./FreeRTOS/queue.o
                0x000000000000610a                xQueueCreateMutex
 .text.xQueueReceive
                0x0000000000006138      0x138 ./FreeRTOS/queue.o
                0x0000000000006138                xQueueReceive
 .text.xQueueSemaphoreTake
                0x0000000000006270      0x18e ./FreeRTOS/queue.o
                0x0000000000006270                xQueueSemaphoreTake
 .text.xQueueTakeMutexRecursive
                0x00000000000063fe       0x5a ./FreeRTOS/queue.o
                0x00000000000063fe                xQueueTakeMutexRecursive
 .text.uxQueueMessagesWaiting
                0x0000000000006458       0x44 ./FreeRTOS/queue.o
                0x0000000000006458                uxQueueMessagesWaiting
 .text.prvIdleTask
                0x000000000000649c        0x2 ./FreeRTOS/tasks.o
 .text.prvAddNewTaskToReadyList
                0x000000000000649e       0xf6 ./FreeRTOS/tasks.o
 .text.prvResetNextTaskUnblockTime
                0x0000000000006594       0x1c ./FreeRTOS/tasks.o
 .text.prvTaskIsTaskSuspended
                0x00000000000065b0       0x50 ./FreeRTOS/tasks.o
 .text.prvInitialiseNewTask.isra.2
                0x0000000000006600       0xc8 ./FreeRTOS/tasks.o
 .text.prvAddCurrentTaskToDelayedList
                0x00000000000066c8       0x98 ./FreeRTOS/tasks.o
 .text.xTaskCreateStatic
                0x0000000000006760       0xa6 ./FreeRTOS/tasks.o
                0x0000000000006760                xTaskCreateStatic
 .text.vTaskResume
                0x0000000000006806       0xa2 ./FreeRTOS/tasks.o
                0x0000000000006806                vTaskResume
 .text.vTaskStartScheduler
                0x00000000000068a8       0x5c ./FreeRTOS/tasks.o
                0x00000000000068a8                vTaskStartScheduler
 .text.vTaskSuspendAll
                0x0000000000006904        0xc ./FreeRTOS/tasks.o
                0x0000000000006904                vTaskSuspendAll
 .text.xTaskGetTickCount
                0x0000000000006910        0x6 ./FreeRTOS/tasks.o
                0x0000000000006910                xTaskGetTickCount
 .text.xTaskIncrementTick
                0x0000000000006916      0x180 ./FreeRTOS/tasks.o
                0x0000000000006916                xTaskIncrementTick
 .text.xTaskResumeAll
                0x0000000000006a96      0x148 ./FreeRTOS/tasks.o
                0x0000000000006a96                xTaskResumeAll
 .text.vTaskDelay
                0x0000000000006bde       0x62 ./FreeRTOS/tasks.o
                0x0000000000006bde                vTaskDelay
 .text.vTaskSwitchContext
                0x0000000000006c40       0x8a ./FreeRTOS/tasks.o
                0x0000000000006c40                vTaskSwitchContext
 .text.vTaskSuspend
                0x0000000000006cca       0xde ./FreeRTOS/tasks.o
                0x0000000000006cca                vTaskSuspend
 .text.vTaskPlaceOnEventList
                0x0000000000006da8       0x44 ./FreeRTOS/tasks.o
                0x0000000000006da8                vTaskPlaceOnEventList
 .text.xTaskRemoveFromEventList
                0x0000000000006dec       0xdc ./FreeRTOS/tasks.o
                0x0000000000006dec                xTaskRemoveFromEventList
 .text.vTaskInternalSetTimeOutState
                0x0000000000006ec8        0xe ./FreeRTOS/tasks.o
                0x0000000000006ec8                vTaskInternalSetTimeOutState
 .text.xTaskCheckForTimeOut
                0x0000000000006ed6       0xaa ./FreeRTOS/tasks.o
                0x0000000000006ed6                xTaskCheckForTimeOut
 .text.vTaskMissedYield
                0x0000000000006f80        0x8 ./FreeRTOS/tasks.o
                0x0000000000006f80                vTaskMissedYield
 .text.xTaskGetCurrentTaskHandle
                0x0000000000006f88        0x6 ./FreeRTOS/tasks.o
                0x0000000000006f88                xTaskGetCurrentTaskHandle
 .text.xTaskPriorityInherit
                0x0000000000006f8e       0xa6 ./FreeRTOS/tasks.o
                0x0000000000006f8e                xTaskPriorityInherit
 .text.xTaskPriorityDisinherit
                0x0000000000007034       0xc2 ./FreeRTOS/tasks.o
                0x0000000000007034                xTaskPriorityDisinherit
 .text.vTaskPriorityDisinheritAfterTimeout
                0x00000000000070f6       0xde ./FreeRTOS/tasks.o
                0x00000000000070f6                vTaskPriorityDisinheritAfterTimeout
 .text.pvTaskIncrementMutexHeldCount
                0x00000000000071d4       0x18 ./FreeRTOS/tasks.o
                0x00000000000071d4                pvTaskIncrementMutexHeldCount
 .text.ulTaskGenericNotifyTake
                0x00000000000071ec       0xb4 ./FreeRTOS/tasks.o
                0x00000000000071ec                ulTaskGenericNotifyTake
 .text.xTaskGenericNotifyWait
                0x00000000000072a0       0xe2 ./FreeRTOS/tasks.o
                0x00000000000072a0                xTaskGenericNotifyWait
 .text.xTaskGenericNotify
                0x0000000000007382      0x1a8 ./FreeRTOS/tasks.o
                0x0000000000007382                xTaskGenericNotify
 .text.xTaskGenericNotifyFromISR
                0x000000000000752a      0x1e0 ./FreeRTOS/tasks.o
                0x000000000000752a                xTaskGenericNotifyFromISR
 .text.ulTaskGenericNotifyValueClear
                0x000000000000770a       0x3a ./FreeRTOS/tasks.o
                0x000000000000770a                ulTaskGenericNotifyValueClear
 .text.vRCFilter
                0x0000000000007744       0x30 ./Drivers/filters.o
                0x0000000000007744                vRCFilter
 .text.vInitABFilter
                0x0000000000007774       0x22 ./Drivers/filters.o
                0x0000000000007774                vInitABFilter
 .text.vInitRunAverga
                0x0000000000007796        0x8 ./Drivers/filters.o
                0x0000000000007796                vInitRunAverga
 .text.vInitMedianFilter
                0x000000000000779e       0x12 ./Drivers/filters.o
                0x000000000000779e                vInitMedianFilter
 .text.MedianFilter
                0x00000000000077b0       0x6e ./Drivers/filters.o
                0x00000000000077b0                MedianFilter
 .text.Delay_Init
                0x000000000000781e       0x2a ./Debug/debug.o
                0x000000000000781e                Delay_Init
 .text.Delay_Ms
                0x0000000000007848       0x36 ./Debug/debug.o
                0x0000000000007848                Delay_Ms
 .text._write   0x000000000000787e       0x3e ./Debug/debug.o
                0x000000000000787e                _write
 .text._sbrk    0x00000000000078bc       0x2a ./Debug/debug.o
                0x00000000000078bc                _sbrk
 .text.prv_read_can_received_msg
                0x00000000000078e6       0x50 ./CANopenNode/keypad/CO_driver_ST32F103.o
                0x00000000000078e6                prv_read_can_received_msg
 .text.prv_send_can_message.isra.0
                0x0000000000007936       0x2c ./CANopenNode/keypad/CO_driver_ST32F103.o
 .text.CAN_SendMessage
                0x0000000000007962       0x66 ./CANopenNode/keypad/CO_driver_ST32F103.o
                0x0000000000007962                CAN_SendMessage
 .text.co_drv_create_os_objects
                0x00000000000079c8       0x30 ./CANopenNode/keypad/CO_driver_ST32F103.o
                0x00000000000079c8                co_drv_create_os_objects
 .text.co_drv_mutex_lock
                0x00000000000079f8       0x18 ./CANopenNode/keypad/CO_driver_ST32F103.o
                0x00000000000079f8                co_drv_mutex_lock
 .text.co_drv_mutex_unlock
                0x0000000000007a10       0x16 ./CANopenNode/keypad/CO_driver_ST32F103.o
                0x0000000000007a10                co_drv_mutex_unlock
 .text.CO_CANsetConfigurationMode
                0x0000000000007a26       0x10 ./CANopenNode/keypad/CO_driver_ST32F103.o
                0x0000000000007a26                CO_CANsetConfigurationMode
 .text.CO_CANsetNormalMode
                0x0000000000007a36       0x1c ./CANopenNode/keypad/CO_driver_ST32F103.o
                0x0000000000007a36                CO_CANsetNormalMode
 .text.CO_CANmodule_init
                0x0000000000007a52      0x110 ./CANopenNode/keypad/CO_driver_ST32F103.o
                0x0000000000007a52                CO_CANmodule_init
 .text.CO_CANmodule_disable
                0x0000000000007b62       0x14 ./CANopenNode/keypad/CO_driver_ST32F103.o
                0x0000000000007b62                CO_CANmodule_disable
 .text.CO_CANrxBufferInit
                0x0000000000007b76       0x52 ./CANopenNode/keypad/CO_driver_ST32F103.o
                0x0000000000007b76                CO_CANrxBufferInit
 .text.CO_CANtxBufferInit
                0x0000000000007bc8       0x3a ./CANopenNode/keypad/CO_driver_ST32F103.o
                0x0000000000007bc8                CO_CANtxBufferInit
 .text.CO_CANmodule_process
                0x0000000000007c02       0x12 ./CANopenNode/keypad/CO_driver_ST32F103.o
                0x0000000000007c02                CO_CANmodule_process
 .text.CO_CANsend
                0x0000000000007c14       0x46 ./CANopenNode/keypad/CO_driver_ST32F103.o
                0x0000000000007c14                CO_CANsend
 .text.CO_LSSslave_receive
                0x0000000000007c5a      0x1a8 ./CANopenNode/305/CO_LSSslave.o
 .text.CO_LSSslave_init
                0x0000000000007e02       0xa4 ./CANopenNode/305/CO_LSSslave.o
                0x0000000000007e02                CO_LSSslave_init
 .text.CO_LSSslave_process
                0x0000000000007ea6      0x1a2 ./CANopenNode/305/CO_LSSslave.o
                0x0000000000007ea6                CO_LSSslave_process
 .text.OD_write_1003
                0x0000000000008048       0x28 ./CANopenNode/301/CO_Emergency.o
 .text.OD_read_1003
                0x0000000000008070       0x8c ./CANopenNode/301/CO_Emergency.o
 .text.OD_read_1014_default
                0x00000000000080fc       0x50 ./CANopenNode/301/CO_Emergency.o
 .text.CO_EM_init
                0x000000000000814c      0x112 ./CANopenNode/301/CO_Emergency.o
                0x000000000000814c                CO_EM_init
 .text.CO_error
                0x000000000000825e       0xc4 ./CANopenNode/301/CO_Emergency.o
                0x000000000000825e                CO_error
 .text.CO_EM_process
                0x0000000000008322      0x182 ./CANopenNode/301/CO_Emergency.o
                0x0000000000008322                CO_EM_process
 .text.CO_NMT_receive
                0x00000000000084a4       0x18 ./CANopenNode/301/CO_NMT_Heartbeat.o
 .text.OD_write_1017
                0x00000000000084bc       0x48 ./CANopenNode/301/CO_NMT_Heartbeat.o
 .text.CO_NMT_init
                0x0000000000008504       0xec ./CANopenNode/301/CO_NMT_Heartbeat.o
                0x0000000000008504                CO_NMT_init
 .text.CO_NMT_process
                0x00000000000085f0      0x106 ./CANopenNode/301/CO_NMT_Heartbeat.o
                0x00000000000085f0                CO_NMT_process
 .text.OD_readDisabled
                0x00000000000086f6        0x4 ./CANopenNode/301/CO_ODinterface.o
 .text.OD_readOriginal
                0x00000000000086fa       0x50 ./CANopenNode/301/CO_ODinterface.o
                0x00000000000086fa                OD_readOriginal
 .text.OD_writeOriginal
                0x000000000000874a       0x54 ./CANopenNode/301/CO_ODinterface.o
                0x000000000000874a                OD_writeOriginal
 .text.OD_writeDisabled
                0x000000000000879e        0x4 ./CANopenNode/301/CO_ODinterface.o
 .text.OD_find  0x00000000000087a2       0x70 ./CANopenNode/301/CO_ODinterface.o
                0x00000000000087a2                OD_find
 .text.OD_getSub
                0x0000000000008812       0xf6 ./CANopenNode/301/CO_ODinterface.o
                0x0000000000008812                OD_getSub
 .text.OD_getSDOabCode
                0x0000000000008908       0x20 ./CANopenNode/301/CO_ODinterface.o
                0x0000000000008908                OD_getSDOabCode
 .text.OD_get_value
                0x0000000000008928       0x34 ./CANopenNode/301/CO_ODinterface.o
                0x0000000000008928                OD_get_value
 .text.OD_set_value
                0x000000000000895c       0x2e ./CANopenNode/301/CO_ODinterface.o
                0x000000000000895c                OD_set_value
 .text.OD_getPtr
                0x000000000000898a       0x3c ./CANopenNode/301/CO_ODinterface.o
                0x000000000000898a                OD_getPtr
 .text.OD_write_dummy
                0x00000000000089c6        0x8 ./CANopenNode/301/CO_PDO.o
 .text.OD_read_dummy
                0x00000000000089ce       0x2e ./CANopenNode/301/CO_PDO.o
 .text.PDOconfigMap
                0x00000000000089fc      0x100 ./CANopenNode/301/CO_PDO.o
 .text.CO_PDO_receive
                0x0000000000008afc       0x48 ./CANopenNode/301/CO_PDO.o
 .text.OD_read_PDO_commParam
                0x0000000000008b44       0x70 ./CANopenNode/301/CO_PDO.o
 .text.PDO_initMapping.constprop.3
                0x0000000000008bb4       0xe6 ./CANopenNode/301/CO_PDO.o
 .text.OD_write_PDO_mapping
                0x0000000000008c9a       0xb4 ./CANopenNode/301/CO_PDO.o
 .text.OD_write_18xx
                0x0000000000008d4e      0x184 ./CANopenNode/301/CO_PDO.o
 .text.OD_write_14xx
                0x0000000000008ed2      0x15a ./CANopenNode/301/CO_PDO.o
 .text.CO_RPDO_init
                0x000000000000902c      0x172 ./CANopenNode/301/CO_PDO.o
                0x000000000000902c                CO_RPDO_init
 .text.CO_RPDO_process
                0x000000000000919e      0x114 ./CANopenNode/301/CO_PDO.o
                0x000000000000919e                CO_RPDO_process
 .text.CO_TPDO_init
                0x00000000000092b2      0x1d2 ./CANopenNode/301/CO_PDO.o
                0x00000000000092b2                CO_TPDO_init
 .text.CO_TPDO_process
                0x0000000000009484      0x15e ./CANopenNode/301/CO_PDO.o
                0x0000000000009484                CO_TPDO_process
 .text.CO_SDOserver_init_canRxTx
                0x00000000000095e2       0x82 ./CANopenNode/301/CO_SDOserver.o
 .text.CO_SDO_receive
                0x0000000000009664       0x38 ./CANopenNode/301/CO_SDOserver.o
 .text.readFromOd.isra.1.constprop.5
                0x000000000000969c       0xe2 ./CANopenNode/301/CO_SDOserver.o
 .text.OD_write_1201_additional
                0x000000000000977e      0x158 ./CANopenNode/301/CO_SDOserver.o
 .text.CO_SDOserver_init
                0x00000000000098d6      0x172 ./CANopenNode/301/CO_SDOserver.o
                0x00000000000098d6                CO_SDOserver_init
 .text.CO_SDOserver_process
                0x0000000000009a48      0x5e8 ./CANopenNode/301/CO_SDOserver.o
                0x0000000000009a48                CO_SDOserver_process
 .text.CO_delete
                0x000000000000a030       0x56 ./CANopenNode/CANopen.o
                0x000000000000a030                CO_delete
 .text.CO_new   0x000000000000a086      0x102 ./CANopenNode/CANopen.o
                0x000000000000a086                CO_new
 .text.CO_CANinit
                0x000000000000a188       0x36 ./CANopenNode/CANopen.o
                0x000000000000a188                CO_CANinit
 .text.CO_LSSinit
                0x000000000000a1be       0x32 ./CANopenNode/CANopen.o
                0x000000000000a1be                CO_LSSinit
 .text.CO_CANopenInit
                0x000000000000a1f0       0xb8 ./CANopenNode/CANopen.o
                0x000000000000a1f0                CO_CANopenInit
 .text.CO_CANopenInitPDO
                0x000000000000a2a8       0xea ./CANopenNode/CANopen.o
                0x000000000000a2a8                CO_CANopenInitPDO
 .text.CO_process
                0x000000000000a392       0x7e ./CANopenNode/CANopen.o
                0x000000000000a392                CO_process
 .text.CO_process_RPDO
                0x000000000000a410       0x40 ./CANopenNode/CANopen.o
                0x000000000000a410                CO_process_RPDO
 .text.CO_process_TPDO
                0x000000000000a450       0x40 ./CANopenNode/CANopen.o
                0x000000000000a450                CO_process_TPDO
 .text.__addsf3
                0x000000000000a490      0x36a c:/mounriver/mounriver_studio/toolchain/risc-v embedded gcc/bin/../lib/gcc/riscv-none-embed/8.2.0/rv32imacxw/ilp32\libgcc.a(addsf3.o)
                0x000000000000a490                __addsf3
 .text.__divsf3
                0x000000000000a7fa      0x2b2 c:/mounriver/mounriver_studio/toolchain/risc-v embedded gcc/bin/../lib/gcc/riscv-none-embed/8.2.0/rv32imacxw/ilp32\libgcc.a(divsf3.o)
                0x000000000000a7fa                __divsf3
 .text.__gesf2  0x000000000000aaac       0x86 c:/mounriver/mounriver_studio/toolchain/risc-v embedded gcc/bin/../lib/gcc/riscv-none-embed/8.2.0/rv32imacxw/ilp32\libgcc.a(gesf2.o)
                0x000000000000aaac                __gesf2
                0x000000000000aaac                __gtsf2
 .text.__lesf2  0x000000000000ab32       0x8c c:/mounriver/mounriver_studio/toolchain/risc-v embedded gcc/bin/../lib/gcc/riscv-none-embed/8.2.0/rv32imacxw/ilp32\libgcc.a(lesf2.o)
                0x000000000000ab32                __ltsf2
                0x000000000000ab32                __lesf2
 .text.__mulsf3
                0x000000000000abbe      0x290 c:/mounriver/mounriver_studio/toolchain/risc-v embedded gcc/bin/../lib/gcc/riscv-none-embed/8.2.0/rv32imacxw/ilp32\libgcc.a(mulsf3.o)
                0x000000000000abbe                __mulsf3
 .text.__subsf3
                0x000000000000ae4e      0x388 c:/mounriver/mounriver_studio/toolchain/risc-v embedded gcc/bin/../lib/gcc/riscv-none-embed/8.2.0/rv32imacxw/ilp32\libgcc.a(subsf3.o)
                0x000000000000ae4e                __subsf3
 .text.__fixsfsi
                0x000000000000b1d6       0x62 c:/mounriver/mounriver_studio/toolchain/risc-v embedded gcc/bin/../lib/gcc/riscv-none-embed/8.2.0/rv32imacxw/ilp32\libgcc.a(fixsfsi.o)
                0x000000000000b1d6                __fixsfsi
 .text.__fixunssfsi
                0x000000000000b238       0x56 c:/mounriver/mounriver_studio/toolchain/risc-v embedded gcc/bin/../lib/gcc/riscv-none-embed/8.2.0/rv32imacxw/ilp32\libgcc.a(fixunssfsi.o)
                0x000000000000b238                __fixunssfsi
 .text.__floatsisf
                0x000000000000b28e       0xc6 c:/mounriver/mounriver_studio/toolchain/risc-v embedded gcc/bin/../lib/gcc/riscv-none-embed/8.2.0/rv32imacxw/ilp32\libgcc.a(floatsisf.o)
                0x000000000000b28e                __floatsisf
 .text.__floatunsisf
                0x000000000000b354       0xce c:/mounriver/mounriver_studio/toolchain/risc-v embedded gcc/bin/../lib/gcc/riscv-none-embed/8.2.0/rv32imacxw/ilp32\libgcc.a(floatunsisf.o)
                0x000000000000b354                __floatunsisf
 .text.__clzsi2
                0x000000000000b422       0x6e c:/mounriver/mounriver_studio/toolchain/risc-v embedded gcc/bin/../lib/gcc/riscv-none-embed/8.2.0/rv32imacxw/ilp32\libgcc.a(_clzsi2.o)
                0x000000000000b422                __clzsi2
 .text.calloc   0x000000000000b490        0xc c:/mounriver/mounriver_studio/toolchain/risc-v embedded gcc/bin/../lib/gcc/riscv-none-embed/8.2.0/../../../../riscv-none-embed/lib/rv32imacxw/ilp32\libg_nano.a(lib_a-calloc.o)
                0x000000000000b490                calloc
 .text.free     0x000000000000b49c        0xa c:/mounriver/mounriver_studio/toolchain/risc-v embedded gcc/bin/../lib/gcc/riscv-none-embed/8.2.0/../../../../riscv-none-embed/lib/rv32imacxw/ilp32\libg_nano.a(lib_a-malloc.o)
                0x000000000000b49c                free
 .text.memcpy   0x000000000000b4a6       0xb2 c:/mounriver/mounriver_studio/toolchain/risc-v embedded gcc/bin/../lib/gcc/riscv-none-embed/8.2.0/../../../../riscv-none-embed/lib/rv32imacxw/ilp32\libg_nano.a(lib_a-memcpy.o)
                0x000000000000b4a6                memcpy
 .text.memmove  0x000000000000b558       0x46 c:/mounriver/mounriver_studio/toolchain/risc-v embedded gcc/bin/../lib/gcc/riscv-none-embed/8.2.0/../../../../riscv-none-embed/lib/rv32imacxw/ilp32\libg_nano.a(lib_a-memmove.o)
                0x000000000000b558                memmove
 .text._calloc_r
                0x000000000000b59e       0x26 c:/mounriver/mounriver_studio/toolchain/risc-v embedded gcc/bin/../lib/gcc/riscv-none-embed/8.2.0/../../../../riscv-none-embed/lib/rv32imacxw/ilp32\libg_nano.a(lib_a-nano-callocr.o)
                0x000000000000b59e                _calloc_r
 .text._free_r  0x000000000000b5c4       0xa4 c:/mounriver/mounriver_studio/toolchain/risc-v embedded gcc/bin/../lib/gcc/riscv-none-embed/8.2.0/../../../../riscv-none-embed/lib/rv32imacxw/ilp32\libg_nano.a(lib_a-nano-freer.o)
                0x000000000000b5c4                _free_r
 .text._malloc_r
                0x000000000000b668       0xce c:/mounriver/mounriver_studio/toolchain/risc-v embedded gcc/bin/../lib/gcc/riscv-none-embed/8.2.0/../../../../riscv-none-embed/lib/rv32imacxw/ilp32\libg_nano.a(lib_a-nano-mallocr.o)
                0x000000000000b668                _malloc_r
 .text.printf   0x000000000000b736       0x3e c:/mounriver/mounriver_studio/toolchain/risc-v embedded gcc/bin/../lib/gcc/riscv-none-embed/8.2.0/../../../../riscv-none-embed/lib/rv32imacxw/ilp32\libg_nano.a(lib_a-printf.o)
                0x000000000000b736                iprintf
                0x000000000000b736                printf
 .text._sbrk_r  0x000000000000b774       0x32 c:/mounriver/mounriver_studio/toolchain/risc-v embedded gcc/bin/../lib/gcc/riscv-none-embed/8.2.0/../../../../riscv-none-embed/lib/rv32imacxw/ilp32\libg_nano.a(lib_a-sbrkr.o)
                0x000000000000b774                _sbrk_r
 .text.strlen   0x000000000000b7a6       0x12 c:/mounriver/mounriver_studio/toolchain/risc-v embedded gcc/bin/../lib/gcc/riscv-none-embed/8.2.0/../../../../riscv-none-embed/lib/rv32imacxw/ilp32\libg_nano.a(lib_a-strlen.o)
                0x000000000000b7a6                strlen
 .text.std      0x000000000000b7b8       0x66 c:/mounriver/mounriver_studio/toolchain/risc-v embedded gcc/bin/../lib/gcc/riscv-none-embed/8.2.0/../../../../riscv-none-embed/lib/rv32imacxw/ilp32\libg_nano.a(lib_a-findfp.o)
 .text._cleanup_r
                0x000000000000b81e        0xa c:/mounriver/mounriver_studio/toolchain/risc-v embedded gcc/bin/../lib/gcc/riscv-none-embed/8.2.0/../../../../riscv-none-embed/lib/rv32imacxw/ilp32\libg_nano.a(lib_a-findfp.o)
                0x000000000000b81e                _cleanup_r
 .text.__sfmoreglue
                0x000000000000b828       0x48 c:/mounriver/mounriver_studio/toolchain/risc-v embedded gcc/bin/../lib/gcc/riscv-none-embed/8.2.0/../../../../riscv-none-embed/lib/rv32imacxw/ilp32\libg_nano.a(lib_a-findfp.o)
                0x000000000000b828                __sfmoreglue
 .text.__sinit  0x000000000000b870       0x6c c:/mounriver/mounriver_studio/toolchain/risc-v embedded gcc/bin/../lib/gcc/riscv-none-embed/8.2.0/../../../../riscv-none-embed/lib/rv32imacxw/ilp32\libg_nano.a(lib_a-findfp.o)
                0x000000000000b870                __sinit
 .text.__sfp    0x000000000000b8dc       0xa0 c:/mounriver/mounriver_studio/toolchain/risc-v embedded gcc/bin/../lib/gcc/riscv-none-embed/8.2.0/../../../../riscv-none-embed/lib/rv32imacxw/ilp32\libg_nano.a(lib_a-findfp.o)
                0x000000000000b8dc                __sfp
 .text._fwalk_reent
                0x000000000000b97c       0x6a c:/mounriver/mounriver_studio/toolchain/risc-v embedded gcc/bin/../lib/gcc/riscv-none-embed/8.2.0/../../../../riscv-none-embed/lib/rv32imacxw/ilp32\libg_nano.a(lib_a-fwalk.o)
                0x000000000000b97c                _fwalk_reent
 .text.__malloc_lock
                0x000000000000b9e6        0x2 c:/mounriver/mounriver_studio/toolchain/risc-v embedded gcc/bin/../lib/gcc/riscv-none-embed/8.2.0/../../../../riscv-none-embed/lib/rv32imacxw/ilp32\libg_nano.a(lib_a-mlock.o)
                0x000000000000b9e6                __malloc_lock
 .text.__malloc_unlock
                0x000000000000b9e8        0x2 c:/mounriver/mounriver_studio/toolchain/risc-v embedded gcc/bin/../lib/gcc/riscv-none-embed/8.2.0/../../../../riscv-none-embed/lib/rv32imacxw/ilp32\libg_nano.a(lib_a-mlock.o)
                0x000000000000b9e8                __malloc_unlock
 .text.__sfputc_r
                0x000000000000b9ea       0x26 c:/mounriver/mounriver_studio/toolchain/risc-v embedded gcc/bin/../lib/gcc/riscv-none-embed/8.2.0/../../../../riscv-none-embed/lib/rv32imacxw/ilp32\libg_nano.a(lib_a-nano-vfprintf.o)
 .text.__sfputs_r
                0x000000000000ba10       0x42 c:/mounriver/mounriver_studio/toolchain/risc-v embedded gcc/bin/../lib/gcc/riscv-none-embed/8.2.0/../../../../riscv-none-embed/lib/rv32imacxw/ilp32\libg_nano.a(lib_a-nano-vfprintf.o)
                0x000000000000ba10                __sfputs_r
 .text._vfprintf_r
                0x000000000000ba52      0x28c c:/mounriver/mounriver_studio/toolchain/risc-v embedded gcc/bin/../lib/gcc/riscv-none-embed/8.2.0/../../../../riscv-none-embed/lib/rv32imacxw/ilp32\libg_nano.a(lib_a-nano-vfprintf.o)
                0x000000000000ba52                _vfprintf_r
                0x000000000000ba52                _vfiprintf_r
 .text._printf_common
                0x000000000000bcde      0x10c c:/mounriver/mounriver_studio/toolchain/risc-v embedded gcc/bin/../lib/gcc/riscv-none-embed/8.2.0/../../../../riscv-none-embed/lib/rv32imacxw/ilp32\libg_nano.a(lib_a-nano-vfprintf_i.o)
                0x000000000000bcde                _printf_common
 .text._printf_i
                0x000000000000bdea      0x2a2 c:/mounriver/mounriver_studio/toolchain/risc-v embedded gcc/bin/../lib/gcc/riscv-none-embed/8.2.0/../../../../riscv-none-embed/lib/rv32imacxw/ilp32\libg_nano.a(lib_a-nano-vfprintf_i.o)
                0x000000000000bdea                _printf_i
 .text.__sread  0x000000000000c08c       0x2c c:/mounriver/mounriver_studio/toolchain/risc-v embedded gcc/bin/../lib/gcc/riscv-none-embed/8.2.0/../../../../riscv-none-embed/lib/rv32imacxw/ilp32\libg_nano.a(lib_a-stdio.o)
                0x000000000000c08c                __sread
 .text.__swrite
                0x000000000000c0b8       0x48 c:/mounriver/mounriver_studio/toolchain/risc-v embedded gcc/bin/../lib/gcc/riscv-none-embed/8.2.0/../../../../riscv-none-embed/lib/rv32imacxw/ilp32\libg_nano.a(lib_a-stdio.o)
                0x000000000000c0b8                __swrite
 .text.__sseek  0x000000000000c100       0x30 c:/mounriver/mounriver_studio/toolchain/risc-v embedded gcc/bin/../lib/gcc/riscv-none-embed/8.2.0/../../../../riscv-none-embed/lib/rv32imacxw/ilp32\libg_nano.a(lib_a-stdio.o)
                0x000000000000c100                __sseek
 .text.__sclose
                0x000000000000c130        0x6 c:/mounriver/mounriver_studio/toolchain/risc-v embedded gcc/bin/../lib/gcc/riscv-none-embed/8.2.0/../../../../riscv-none-embed/lib/rv32imacxw/ilp32\libg_nano.a(lib_a-stdio.o)
                0x000000000000c130                __sclose
 .text.__swbuf_r
                0x000000000000c136       0xbe c:/mounriver/mounriver_studio/toolchain/risc-v embedded gcc/bin/../lib/gcc/riscv-none-embed/8.2.0/../../../../riscv-none-embed/lib/rv32imacxw/ilp32\libg_nano.a(lib_a-wbuf.o)
                0x000000000000c136                __swbuf_r
 .text._write_r
                0x000000000000c1f4       0x36 c:/mounriver/mounriver_studio/toolchain/risc-v embedded gcc/bin/../lib/gcc/riscv-none-embed/8.2.0/../../../../riscv-none-embed/lib/rv32imacxw/ilp32\libg_nano.a(lib_a-writer.o)
                0x000000000000c1f4                _write_r
 .text.__swsetup_r
                0x000000000000c22a      0x100 c:/mounriver/mounriver_studio/toolchain/risc-v embedded gcc/bin/../lib/gcc/riscv-none-embed/8.2.0/../../../../riscv-none-embed/lib/rv32imacxw/ilp32\libg_nano.a(lib_a-wsetup.o)
                0x000000000000c22a                __swsetup_r
 .text._close_r
                0x000000000000c32a       0x30 c:/mounriver/mounriver_studio/toolchain/risc-v embedded gcc/bin/../lib/gcc/riscv-none-embed/8.2.0/../../../../riscv-none-embed/lib/rv32imacxw/ilp32\libg_nano.a(lib_a-closer.o)
                0x000000000000c32a                _close_r
 .text.__sflush_r
                0x000000000000c35a      0x132 c:/mounriver/mounriver_studio/toolchain/risc-v embedded gcc/bin/../lib/gcc/riscv-none-embed/8.2.0/../../../../riscv-none-embed/lib/rv32imacxw/ilp32\libg_nano.a(lib_a-fflush.o)
                0x000000000000c35a                __sflush_r
 .text._fflush_r
                0x000000000000c48c       0x68 c:/mounriver/mounriver_studio/toolchain/risc-v embedded gcc/bin/../lib/gcc/riscv-none-embed/8.2.0/../../../../riscv-none-embed/lib/rv32imacxw/ilp32\libg_nano.a(lib_a-fflush.o)
                0x000000000000c48c                _fflush_r
 .text._lseek_r
                0x000000000000c4f4       0x34 c:/mounriver/mounriver_studio/toolchain/risc-v embedded gcc/bin/../lib/gcc/riscv-none-embed/8.2.0/../../../../riscv-none-embed/lib/rv32imacxw/ilp32\libg_nano.a(lib_a-lseekr.o)
                0x000000000000c4f4                _lseek_r
 .text.__swhatbuf_r
                0x000000000000c528       0x56 c:/mounriver/mounriver_studio/toolchain/risc-v embedded gcc/bin/../lib/gcc/riscv-none-embed/8.2.0/../../../../riscv-none-embed/lib/rv32imacxw/ilp32\libg_nano.a(lib_a-makebuf.o)
                0x000000000000c528                __swhatbuf_r
 .text.__smakebuf_r
                0x000000000000c57e       0x92 c:/mounriver/mounriver_studio/toolchain/risc-v embedded gcc/bin/../lib/gcc/riscv-none-embed/8.2.0/../../../../riscv-none-embed/lib/rv32imacxw/ilp32\libg_nano.a(lib_a-makebuf.o)
                0x000000000000c57e                __smakebuf_r
 .text.memchr   0x000000000000c610       0x18 c:/mounriver/mounriver_studio/toolchain/risc-v embedded gcc/bin/../lib/gcc/riscv-none-embed/8.2.0/../../../../riscv-none-embed/lib/rv32imacxw/ilp32\libg_nano.a(lib_a-memchr.o)
                0x000000000000c610                memchr
 .text._read_r  0x000000000000c628       0x34 c:/mounriver/mounriver_studio/toolchain/risc-v embedded gcc/bin/../lib/gcc/riscv-none-embed/8.2.0/../../../../riscv-none-embed/lib/rv32imacxw/ilp32\libg_nano.a(lib_a-readr.o)
                0x000000000000c628                _read_r
 .text._fstat_r
                0x000000000000c65c       0x32 c:/mounriver/mounriver_studio/toolchain/risc-v embedded gcc/bin/../lib/gcc/riscv-none-embed/8.2.0/../../../../riscv-none-embed/lib/rv32imacxw/ilp32\libg_nano.a(lib_a-fstatr.o)
                0x000000000000c65c                _fstat_r
 .text._isatty_r
                0x000000000000c68e       0x30 c:/mounriver/mounriver_studio/toolchain/risc-v embedded gcc/bin/../lib/gcc/riscv-none-embed/8.2.0/../../../../riscv-none-embed/lib/rv32imacxw/ilp32\libg_nano.a(lib_a-isattyr.o)
                0x000000000000c68e                _isatty_r
 .text._close   0x000000000000c6be       0x10 c:/mounriver/mounriver_studio/toolchain/risc-v embedded gcc/bin/../lib/gcc/riscv-none-embed/8.2.0/../../../../riscv-none-embed/lib/rv32imacxw/ilp32\libnosys.a(close.o)
                0x000000000000c6be                _close
 .text._fstat   0x000000000000c6ce       0x10 c:/mounriver/mounriver_studio/toolchain/risc-v embedded gcc/bin/../lib/gcc/riscv-none-embed/8.2.0/../../../../riscv-none-embed/lib/rv32imacxw/ilp32\libnosys.a(fstat.o)
                0x000000000000c6ce                _fstat
 .text._isatty  0x000000000000c6de       0x10 c:/mounriver/mounriver_studio/toolchain/risc-v embedded gcc/bin/../lib/gcc/riscv-none-embed/8.2.0/../../../../riscv-none-embed/lib/rv32imacxw/ilp32\libnosys.a(isatty.o)
                0x000000000000c6de                _isatty
 .text._lseek   0x000000000000c6ee       0x10 c:/mounriver/mounriver_studio/toolchain/risc-v embedded gcc/bin/../lib/gcc/riscv-none-embed/8.2.0/../../../../riscv-none-embed/lib/rv32imacxw/ilp32\libnosys.a(lseek.o)
                0x000000000000c6ee                _lseek
 .text._read    0x000000000000c6fe       0x10 c:/mounriver/mounriver_studio/toolchain/risc-v embedded gcc/bin/../lib/gcc/riscv-none-embed/8.2.0/../../../../riscv-none-embed/lib/rv32imacxw/ilp32\libnosys.a(read.o)
                0x000000000000c6fe                _read
 *(.rodata)
 *(.rodata*)
 *fill*         0x000000000000c70e        0x2 
 .rodata.CalPoint
                0x000000000000c710       0x48 ./User/DataModel.o
 .rodata.bitrate_table
                0x000000000000c758       0x10 ./User/DataModel.o
 .rodata.seg_const
                0x000000000000c768       0x12 ./User/DataModel.o
 *fill*         0x000000000000c77a        0x2 
 .rodata.vIncrementSystemCounters.cst4
                0x000000000000c77c        0x8 ./User/DataModel.o
 .rodata.getODValue
                0x000000000000c784       0x74 ./User/dash_draw.o
 .rodata.MenuStateCross
                0x000000000000c7f8       0x1c ./User/dash_draw.o
 .rodata.dm     0x000000000000c814       0x3f ./User/dash_draw.o
 *fill*         0x000000000000c853        0x1 
 .rodata.getODValue.cst4
                0x000000000000c854        0x4 ./User/dash_draw.o
                                          0x8 (size before relaxing)
 .rodata.vBarColorMode.cst4
                0x000000000000c858        0x4 ./User/dash_draw.o
 .rodata.ADC_FSM.cst4
                0x000000000000c85c       0x14 ./User/inputs.o
                                         0x18 (size before relaxing)
 .rodata.vInputsTask.cst4
                0x000000000000c870        0xc ./User/inputs.o
 .rodata.SetSegDirect
                0x000000000000c87c       0x1c ./User/led.o
 .rodata.Brigth
                0x000000000000c898       0x1e ./User/led.o
 *fill*         0x000000000000c8b6        0x2 
 .rodata.DigitMask
                0x000000000000c8b8        0xa ./User/led.o
                0x000000000000c8b8                DigitMask
 *fill*         0x000000000000c8c2        0x2 
 .rodata.offset_mask
                0x000000000000c8c4        0xe ./User/led.o
 *fill*         0x000000000000c8d2        0x2 
 .rodata.step_mask
                0x000000000000c8d4        0xe ./User/led.o
 *fill*         0x000000000000c8e2        0x2 
 .rodata.OD_ADC1_CAL_extension
                0x000000000000c8e4       0x10 ./User/process.o
                0x000000000000c8e4                OD_ADC1_CAL_extension
 .rodata.OD_ADC2_CAL_extension
                0x000000000000c8f4       0x10 ./User/process.o
                0x000000000000c8f4                OD_ADC2_CAL_extension
 .rodata.OD_ADC3_CAL_extension
                0x000000000000c904       0x10 ./User/process.o
                0x000000000000c904                OD_ADC3_CAL_extension
 .rodata.OD_AIN_RPM_extension
                0x000000000000c914       0x10 ./User/process.o
                0x000000000000c914                OD_AIN_RPM_extension
 .rodata.OD_BAR_extension
                0x000000000000c924       0x10 ./User/process.o
                0x000000000000c924                OD_BAR_extension
 .rodata.OD_BOARD_SETTINGS_extension
                0x000000000000c934       0x10 ./User/process.o
                0x000000000000c934                OD_BOARD_SETTINGS_extension
 .rodata.OD_DASH_PARAM_extension
                0x000000000000c944       0x10 ./User/process.o
                0x000000000000c944                OD_DASH_PARAM_extension
 .rodata.OD_DIN_extension
                0x000000000000c954       0x10 ./User/process.o
                0x000000000000c954                OD_DIN_extension
 .rodata.OD_MENU_MAP_extension
                0x000000000000c964       0x10 ./User/process.o
                0x000000000000c964                OD_MENU_MAP_extension
 .rodata.OD_MENU_SETUP_extension
                0x000000000000c974       0x10 ./User/process.o
                0x000000000000c974                OD_MENU_SETUP_extension
 .rodata.OD_RGB10_extension
                0x000000000000c984       0x10 ./User/process.o
                0x000000000000c984                OD_RGB10_extension
 .rodata.OD_RGB11_extension
                0x000000000000c994       0x10 ./User/process.o
                0x000000000000c994                OD_RGB11_extension
 .rodata.OD_RGB12_extension
                0x000000000000c9a4       0x10 ./User/process.o
                0x000000000000c9a4                OD_RGB12_extension
 .rodata.OD_RGB13_extension
                0x000000000000c9b4       0x10 ./User/process.o
                0x000000000000c9b4                OD_RGB13_extension
 .rodata.OD_RGB1_extension
                0x000000000000c9c4       0x10 ./User/process.o
                0x000000000000c9c4                OD_RGB1_extension
 .rodata.OD_RGB2_extension
                0x000000000000c9d4       0x10 ./User/process.o
                0x000000000000c9d4                OD_RGB2_extension
 .rodata.OD_RGB3_extension
                0x000000000000c9e4       0x10 ./User/process.o
                0x000000000000c9e4                OD_RGB3_extension
 .rodata.OD_RGB4_extension
                0x000000000000c9f4       0x10 ./User/process.o
                0x000000000000c9f4                OD_RGB4_extension
 .rodata.OD_RGB5_extension
                0x000000000000ca04       0x10 ./User/process.o
                0x000000000000ca04                OD_RGB5_extension
 .rodata.OD_RGB6_extension
                0x000000000000ca14       0x10 ./User/process.o
                0x000000000000ca14                OD_RGB6_extension
 .rodata.OD_RGB7_extension
                0x000000000000ca24       0x10 ./User/process.o
                0x000000000000ca24                OD_RGB7_extension
 .rodata.OD_RGB8_extension
                0x000000000000ca34       0x10 ./User/process.o
                0x000000000000ca34                OD_RGB8_extension
 .rodata.OD_RGB9_extension
                0x000000000000ca44       0x10 ./User/process.o
                0x000000000000ca44                OD_RGB9_extension
 .rodata.OD_RGBMAP_extension
                0x000000000000ca54       0x10 ./User/process.o
                0x000000000000ca54                OD_RGBMAP_extension
 .rodata.OD_RPMCONFIG_extension
                0x000000000000ca64       0x10 ./User/process.o
                0x000000000000ca64                OD_RPMCONFIG_extension
 .rodata.OD_SEG_extension
                0x000000000000ca74       0x10 ./User/process.o
                0x000000000000ca74                OD_SEG_extension
 .rodata.OD_VRegiters_extension
                0x000000000000ca84       0x10 ./User/process.o
                0x000000000000ca84                OD_VRegiters_extension
 .rodata.writeADC.isra.9.cst4
                0x000000000000ca94        0x4 ./User/process.o
 .rodata.vSYStaskInit.str1.4
                0x000000000000ca94       0x44 ./User/system_init.o
 .rodata.GetRPM.cst4
                0x000000000000cad8        0x8 ./HWLIB/hw_lib_din.o
 .rodata.vSetRPMConfig.cst4
                0x000000000000cae0        0x4 ./HWLIB/hw_lib_din.o
 .rodata.ADC_chennel_ref
                0x000000000000cae4       0x12 ./HAL/hal_adc_ch32.o
 *fill*         0x000000000000caf6        0x2 
 .rodata.I2C_FSM
                0x000000000000caf8       0x30 ./HAL/hal_i2c_ch32.o
 .rodata.timers
                0x000000000000cb28       0x14 ./HAL/hal_timers_ch32.o
 .rodata.pvPortMalloc.str1.4
                0x000000000000cb3c       0x49 ./FreeRTOS/portable/MemMang/heap_4.o
 *fill*         0x000000000000cb85        0x3 
 .rodata.xPortStartScheduler.str1.4
                0x000000000000cb88       0x27 ./FreeRTOS/portable/GCC/RISC-V/port.o
                                         0x49 (size before relaxing)
 *fill*         0x000000000000cbaf        0x1 
 .rodata.xQueueGenericReset.str1.4
                0x000000000000cbb0       0x14 ./FreeRTOS/queue.o
                                         0x35 (size before relaxing)
 .rodata.xTaskGenericNotify
                0x000000000000cbc4       0x14 ./FreeRTOS/tasks.o
 .rodata.xTaskGenericNotifyFromISR
                0x000000000000cbd8       0x14 ./FreeRTOS/tasks.o
 .rodata.prvTaskIsTaskSuspended.str1.4
                0x000000000000cbec       0x14 ./FreeRTOS/tasks.o
                                         0x35 (size before relaxing)
 .rodata.vTaskStartScheduler.str1.4
                0x000000000000cc00        0x5 ./FreeRTOS/tasks.o
 *fill*         0x000000000000cc05        0x3 
 .rodata.vInitABFilter.cst4
                0x000000000000cc08        0x4 ./Drivers/filters.o
 .rodata.ODObjs
                0x000000000000cc0c      0xb70 ./CANopenNode/keypad/OD.o
 .rodata.CO_LSS_bitTimingTableLookup
                0x000000000000d77c       0x14 ./CANopenNode/305/CO_LSSslave.o
 .rodata.abortCodes.6835
                0x000000000000d790       0x68 ./CANopenNode/301/CO_ODinterface.o
 .rodata.__divsf3
                0x000000000000d7f8       0x80 c:/mounriver/mounriver_studio/toolchain/risc-v embedded gcc/bin/../lib/gcc/riscv-none-embed/8.2.0/rv32imacxw/ilp32\libgcc.a(divsf3.o)
 .rodata.__mulsf3
                0x000000000000d878       0x40 c:/mounriver/mounriver_studio/toolchain/risc-v embedded gcc/bin/../lib/gcc/riscv-none-embed/8.2.0/rv32imacxw/ilp32\libgcc.a(mulsf3.o)
 .rodata.__clz_tab
                0x000000000000d8b8      0x100 c:/mounriver/mounriver_studio/toolchain/risc-v embedded gcc/bin/../lib/gcc/riscv-none-embed/8.2.0/rv32imacxw/ilp32\libgcc.a(_clz.o)
                0x000000000000d8b8                __clz_tab
 .rodata.__sf_fake_stderr
                0x000000000000d9b8       0x20 c:/mounriver/mounriver_studio/toolchain/risc-v embedded gcc/bin/../lib/gcc/riscv-none-embed/8.2.0/../../../../riscv-none-embed/lib/rv32imacxw/ilp32\libg_nano.a(lib_a-findfp.o)
                0x000000000000d9b8                __sf_fake_stderr
 .rodata.__sf_fake_stdin
                0x000000000000d9d8       0x20 c:/mounriver/mounriver_studio/toolchain/risc-v embedded gcc/bin/../lib/gcc/riscv-none-embed/8.2.0/../../../../riscv-none-embed/lib/rv32imacxw/ilp32\libg_nano.a(lib_a-findfp.o)
                0x000000000000d9d8                __sf_fake_stdin
 .rodata.__sf_fake_stdout
                0x000000000000d9f8       0x20 c:/mounriver/mounriver_studio/toolchain/risc-v embedded gcc/bin/../lib/gcc/riscv-none-embed/8.2.0/../../../../riscv-none-embed/lib/rv32imacxw/ilp32\libg_nano.a(lib_a-findfp.o)
                0x000000000000d9f8                __sf_fake_stdout
 .rodata._vfprintf_r.str1.4
                0x000000000000da18       0x13 c:/mounriver/mounriver_studio/toolchain/risc-v embedded gcc/bin/../lib/gcc/riscv-none-embed/8.2.0/../../../../riscv-none-embed/lib/rv32imacxw/ilp32\libg_nano.a(lib_a-nano-vfprintf.o)
 *fill*         0x000000000000da2b        0x1 
 .rodata._printf_i.str1.4
                0x000000000000da2c       0x28 c:/mounriver/mounriver_studio/toolchain/risc-v embedded gcc/bin/../lib/gcc/riscv-none-embed/8.2.0/../../../../riscv-none-embed/lib/rv32imacxw/ilp32\libg_nano.a(lib_a-nano-vfprintf_i.o)
                                         0x25 (size before relaxing)
 *(.glue_7)
 *(.glue_7t)
 *(.gnu.linkonce.t.*)
                0x000000000000da54                . = ALIGN (0x4)

.rela.dyn       0x000000000000da54        0x0
 .rela.init     0x000000000000da54        0x0 ./User/CanOpenNode.o
 .rela.vector   0x000000000000da54        0x0 ./User/CanOpenNode.o
 .rela.text.handle_reset
                0x000000000000da54        0x0 ./User/CanOpenNode.o
 .rela.text.xPortStartScheduler
                0x000000000000da54        0x0 ./User/CanOpenNode.o
 .rela.sdata2.xISRStackTop
                0x000000000000da54        0x0 ./User/CanOpenNode.o
 .rela.text._sbrk
                0x000000000000da54        0x0 ./User/CanOpenNode.o
 .rela.sdata.curbrk.4668
                0x000000000000da54        0x0 ./User/CanOpenNode.o
 .rela.text._sbrk_r
                0x000000000000da54        0x0 ./User/CanOpenNode.o
 .rela.text._vfprintf_r
                0x000000000000da54        0x0 ./User/CanOpenNode.o
 .rela.text._write_r
                0x000000000000da54        0x0 ./User/CanOpenNode.o
 .rela.text._close_r
                0x000000000000da54        0x0 ./User/CanOpenNode.o
 .rela.text._lseek_r
                0x000000000000da54        0x0 ./User/CanOpenNode.o
 .rela.text._read_r
                0x000000000000da54        0x0 ./User/CanOpenNode.o
 .rela.text._fstat_r
                0x000000000000da54        0x0 ./User/CanOpenNode.o
 .rela.text._isatty_r
                0x000000000000da54        0x0 ./User/CanOpenNode.o
 .rela.text._close
                0x000000000000da54        0x0 ./User/CanOpenNode.o
 .rela.text._fstat
                0x000000000000da54        0x0 ./User/CanOpenNode.o
 .rela.text._isatty
                0x000000000000da54        0x0 ./User/CanOpenNode.o
 .rela.text._lseek
                0x000000000000da54        0x0 ./User/CanOpenNode.o
 .rela.text._read
                0x000000000000da54        0x0 ./User/CanOpenNode.o

.fini           0x000000000000da54        0x0
 *(SORT_NONE(.fini))
                0x000000000000da54                . = ALIGN (0x4)