Archive member included to satisfy reference by file (symbol)

c:/mounriver/mounriver_studio/toolchain/risc-v embedded gcc/bin/../lib/gcc/riscv-none-embed/8.2.0/rv32imacxw/ilp32\libgcc.a(addsf3.o)
                              ./User/DataModel.o (__addsf3)
c:/mounriver/mounriver_studio/toolchain/risc-v embedded gcc/bin/../lib/gcc/riscv-none-embed/8.2.0/rv32imacxw/ilp32\libgcc.a(divsf3.o)
                              ./User/DataModel.o (__divsf3)
c:/mounriver/mounriver_studio/toolchain/risc-v embedded gcc/bin/../lib/gcc/riscv-none-embed/8.2.0/rv32imacxw/ilp32\libgcc.a(eqsf2.o)
                              ./HWLIB/hw_lib_din.o (__nesf2)
c:/mounriver/mounriver_studio/toolchain/risc-v embedded gcc/bin/../lib/gcc/riscv-none-embed/8.2.0/rv32imacxw/ilp32\libgcc.a(gesf2.o)
                              ./User/inputs.o (__gesf2)
c:/mounriver/mounriver_studio/toolchain/risc-v embedded gcc/bin/../lib/gcc/riscv-none-embed/8.2.0/rv32imacxw/ilp32\libgcc.a(lesf2.o)
                              ./HWLIB/hw_lib_adc.o (__lesf2)
c:/mounriver/mounriver_studio/toolchain/risc-v embedded gcc/bin/../lib/gcc/riscv-none-embed/8.2.0/rv32imacxw/ilp32\libgcc.a(mulsf3.o)
                              ./User/dash_draw.o (__mulsf3)
c:/mounriver/mounriver_studio/toolchain/risc-v embedded gcc/bin/../lib/gcc/riscv-none-embed/8.2.0/rv32imacxw/ilp32\libgcc.a(subsf3.o)
                              ./User/inputs.o (__subsf3)
c:/mounriver/mounriver_studio/toolchain/risc-v embedded gcc/bin/../lib/gcc/riscv-none-embed/8.2.0/rv32imacxw/ilp32\libgcc.a(fixsfsi.o)
                              ./User/dash_draw.o (__fixsfsi)
c:/mounriver/mounriver_studio/toolchain/risc-v embedded gcc/bin/../lib/gcc/riscv-none-embed/8.2.0/rv32imacxw/ilp32\libgcc.a(fixunssfsi.o)
                              ./User/DataModel.o (__fixunssfsi)
c:/mounriver/mounriver_studio/toolchain/risc-v embedded gcc/bin/../lib/gcc/riscv-none-embed/8.2.0/rv32imacxw/ilp32\libgcc.a(floatsisf.o)
                              ./User/DataModel.o (__floatsisf)
c:/mounriver/mounriver_studio/toolchain/risc-v embedded gcc/bin/../lib/gcc/riscv-none-embed/8.2.0/rv32imacxw/ilp32\libgcc.a(floatunsisf.o)
                              ./User/DataModel.o (__floatunsisf)
c:/mounriver/mounriver_studio/toolchain/risc-v embedded gcc/bin/../lib/gcc/riscv-none-embed/8.2.0/rv32imacxw/ilp32\libgcc.a(save-restore.o)
                              ./User/inputs.o (__riscv_save_12)
c:/mounriver/mounriver_studio/toolchain/risc-v embedded gcc/bin/../lib/gcc/riscv-none-embed/8.2.0/rv32imacxw/ilp32\libgcc.a(_clzsi2.o)
                              c:/mounriver/mounriver_studio/toolchain/risc-v embedded gcc/bin/../lib/gcc/riscv-none-embed/8.2.0/rv32imacxw/ilp32\libgcc.a(addsf3.o) (__clzsi2)
c:/mounriver/mounriver_studio/toolchain/risc-v embedded gcc/bin/../lib/gcc/riscv-none-embed/8.2.0/rv32imacxw/ilp32\libgcc.a(_clz.o)
                              c:/mounriver/mounriver_studio/toolchain/risc-v embedded gcc/bin/../lib/gcc/riscv-none-embed/8.2.0/rv32imacxw/ilp32\libgcc.a(_clzsi2.o) (__clz_tab)
c:/mounriver/mounriver_studio/toolchain/risc-v embedded gcc/bin/../lib/gcc/riscv-none-embed/8.2.0/../../../../riscv-none-embed/lib/rv32imacxw/ilp32\libg_nano.a(lib_a-calloc.o)
                              ./CANopenNode/CANopen.o (calloc)
c:/mounriver/mounriver_studio/toolchain/risc-v embedded gcc/bin/../lib/gcc/riscv-none-embed/8.2.0/../../../../riscv-none-embed/lib/rv32imacxw/ilp32\libg_nano.a(lib_a-impure.o)
                              c:/mounriver/mounriver_studio/toolchain/risc-v embedded gcc/bin/../lib/gcc/riscv-none-embed/8.2.0/../../../../riscv-none-embed/lib/rv32imacxw/ilp32\libg_nano.a(lib_a-calloc.o) (_impure_ptr)
c:/mounriver/mounriver_studio/toolchain/risc-v embedded gcc/bin/../lib/gcc/riscv-none-embed/8.2.0/../../../../riscv-none-embed/lib/rv32imacxw/ilp32\libg_nano.a(lib_a-malloc.o)
                              ./CANopenNode/CANopen.o (free)
c:/mounriver/mounriver_studio/toolchain/risc-v embedded gcc/bin/../lib/gcc/riscv-none-embed/8.2.0/../../../../riscv-none-embed/lib/rv32imacxw/ilp32\libg_nano.a(lib_a-memcpy.o)
                              ./User/DataModel.o (memcpy)
c:/mounriver/mounriver_studio/toolchain/risc-v embedded gcc/bin/../lib/gcc/riscv-none-embed/8.2.0/../../../../riscv-none-embed/lib/rv32imacxw/ilp32\libg_nano.a(lib_a-memmove.o)
                              ./CANopenNode/301/CO_SDOserver.o (memmove)
c:/mounriver/mounriver_studio/toolchain/risc-v embedded gcc/bin/../lib/gcc/riscv-none-embed/8.2.0/../../../../riscv-none-embed/lib/rv32imacxw/ilp32\libg_nano.a(lib_a-memset.o)
                              ./User/DataModel.o (memset)
c:/mounriver/mounriver_studio/toolchain/risc-v embedded gcc/bin/../lib/gcc/riscv-none-embed/8.2.0/../../../../riscv-none-embed/lib/rv32imacxw/ilp32\libg_nano.a(lib_a-nano-callocr.o)
[...]
Memory Configuration

Name             Origin             Length             Attributes
FLASH            0x0000000000000000 0x0000000000010000 xr
RAM              0x0000000020000000 0x0000000000005000 xrw
*default*        0x0000000000000000 0xffffffffffffffff

Linker script and memory map

LOAD ./User/CanOpenNode.o
LOAD ./User/DataModel.o
LOAD ./User/ch32v20x_it.o
LOAD ./User/dash_draw.o
LOAD ./User/init.o
LOAD ./User/inputs.o
LOAD ./User/led.o
LOAD ./User/main.o
LOAD ./User/process.o
LOAD ./User/system_ch32v20x.o
LOAD ./User/system_init.o
LOAD ./Startup/startup_ch32v20x_D6.o
LOAD ./Peripheral/src/ch32v20x_adc.o
LOAD ./Peripheral/src/ch32v20x_bkp.o
LOAD ./Peripheral/src/ch32v20x_can.o
LOAD ./Peripheral/src/ch32v20x_crc.o
LOAD ./Peripheral/src/ch32v20x_dbgmcu.o
LOAD ./Peripheral/src/ch32v20x_dma.o
LOAD ./Peripheral/src/ch32v20x_exti.o
LOAD ./Peripheral/src/ch32v20x_flash.o
LOAD ./Peripheral/src/ch32v20x_gpio.o
LOAD ./Peripheral/src/ch32v20x_i2c.o
LOAD ./Peripheral/src/ch32v20x_iwdg.o
LOAD ./Peripheral/src/ch32v20x_misc.o
LOAD ./Peripheral/src/ch32v20x_opa.o
LOAD ./Peripheral/src/ch32v20x_pwr.o
LOAD ./Peripheral/src/ch32v20x_rcc.o
LOAD ./Peripheral/src/ch32v20x_rtc.o
LOAD ./Peripheral/src/ch32v20x_spi.o
LOAD ./Peripheral/src/ch32v20x_tim.o
LOAD ./Peripheral/src/ch32v20x_usart.o
LOAD ./Peripheral/src/ch32v20x_wwdg.o
LOAD ./HWLIB/hw_lib_adc.o
LOAD ./HWLIB/hw_lib_din.o
LOAD ./HWLIB/hw_lib_eeprom.o
LOAD ./HAL/hal_adc.o
LOAD ./HAL/hal_can.o
LOAD ./HAL/hal_dma.o
LOAD ./HAL/hal_gpio.o
LOAD ./HAL/hal_i2c.o
LOAD ./HAL/hal_rtc.o
LOAD ./HAL/hal_spi.o
LOAD ./HAL/hal_timers.o
LOAD ./HAL/hal_wdt.o
LOAD ./FreeRTOS/portable/MemMang/heap_4.o
LOAD ./FreeRTOS/portable/GCC/RISC-V/port.o
LOAD ./FreeRTOS/portable/GCC/RISC-V/portASM.o
LOAD ./FreeRTOS/croutine.o
LOAD ./FreeRTOS/event_groups.o
LOAD ./FreeRTOS/list.o
LOAD ./FreeRTOS/queue.o
LOAD ./FreeRTOS/stream_buffer.o
LOAD ./FreeRTOS/tasks.o
LOAD ./FreeRTOS/timers.o
LOAD ./Drivers/filters.o
LOAD ./Debug/debug.o
LOAD ./Core/core_riscv.o
LOAD ./CANopenNode/keypad/CO_driver_ST32F103.o
LOAD ./CANopenNode/keypad/OD.o
LOAD ./CANopenNode/extra/CO_trace.o
LOAD ./CANopenNode/309/CO_gateway_ascii.o
LOAD ./CANopenNode/305/CO_LSSmaster.o
LOAD ./CANopenNode/305/CO_LSSslave.o
LOAD ./CANopenNode/304/CO_GFC.o
LOAD ./CANopenNode/304/CO_SRDO.o
LOAD ./CANopenNode/303/CO_LEDs.o
LOAD ./CANopenNode/301/CO_Emergency.o
LOAD ./CANopenNode/301/CO_HBconsumer.o
LOAD ./CANopenNode/301/CO_NMT_Heartbeat.o
LOAD ./CANopenNode/301/CO_Node_Guarding.o
LOAD ./CANopenNode/301/CO_ODinterface.o
LOAD ./CANopenNode/301/CO_PDO.o
LOAD ./CANopenNode/301/CO_SDOclient.o
LOAD ./CANopenNode/301/CO_SDOserver.o
LOAD ./CANopenNode/301/CO_SYNC.o
LOAD ./CANopenNode/301/CO_TIME.o
LOAD ./CANopenNode/301/CO_fifo.o
LOAD ./CANopenNode/301/crc16-ccitt.o
LOAD ./CANopenNode/CANopen.o
LOAD c:/mounriver/mounriver_studio/toolchain/risc-v embedded gcc/bin/../lib/gcc/riscv-none-embed/8.2.0/../../../../riscv-none-embed/lib/rv32imacxw/ilp32\libm.a
LOAD c:/mounriver/mounriver_studio/toolchain/risc-v embedded gcc/bin/../lib/gcc/riscv-none-embed/8.2.0/rv32imacxw/ilp32\libgcc.a
LOAD c:/mounriver/mounriver_studio/toolchain/risc-v embedded gcc/bin/../lib/gcc/riscv-none-embed/8.2.0/../../../../riscv-none-embed/lib/rv32imacxw/ilp32\libg_nano.a
LOAD c:/mounriver/mounriver_studio/toolchain/risc-v embedded gcc/bin/../lib/gcc/riscv-none-embed/8.2.0/../../../../riscv-none-embed/lib/rv32imacxw/ilp32\libc_nano.a
LOAD c:/mounriver/mounriver_studio/toolchain/risc-v embedded gcc/bin/../lib/gcc/riscv-none-embed/8.2.0/rv32imacxw/ilp32\libgcc.a
START GROUP
LOAD c:/mounriver/mounriver_studio/toolchain/risc-v embedded gcc/bin/../lib/gcc/riscv-none-embed/8.2.0/rv32imacxw/ilp32\libgcc.a
LOAD c:/mounriver/mounriver_studio/toolchain/risc-v embedded gcc/bin/../lib/gcc/riscv-none-embed/8.2.0/../../../../riscv-none-embed/lib/rv32imacxw/ilp32\libc_nano.a
LOAD c:/mounriver/mounriver_studio/toolchain/risc-v embedded gcc/bin/../lib/gcc/riscv-none-embed/8.2.0/../../../../riscv-none-embed/lib/rv32imacxw/ilp32\libnosys.a
END GROUP
START GROUP
LOAD c:/mounriver/mounriver_studio/toolchain/risc-v embedded gcc/bin/../lib/gcc/riscv-none-embed/8.2.0/rv32imacxw/ilp32\libgcc.a
LOAD c:/mounriver/mounriver_studio/toolchain/risc-v embedded gcc/bin/../lib/gcc/riscv-none-embed/8.2.0/../../../../riscv-none-embed/lib/rv32imacxw/ilp32\libc_nano.a
LOAD c:/mounriver/mounriver_studio/toolchain/risc-v embedded gcc/bin/../lib/gcc/riscv-none-embed/8.2.0/../../../../riscv-none-embed/lib/rv32imacxw/ilp32\libnosys.a
END GROUP
                0x0000000000000be8                __stack_size = 0xbe8
                [!provide]                        PROVIDE (_stack_size = __stack_size)

.init           0x0000000000000000       0x38
                0x0000000000000000                _sinit = .
                0x0000000000000000                . = ALIGN (0x4)
 *(SORT_NONE(.init))
 .init          0x0000000000000000       0x38 ./Startup/startup_ch32v20x_D6.o
                0x0000000000000000                _start
                0x0000000000000038                . = ALIGN (0x4)
                0x0000000000000038                _einit = .

.vector         0x0000000000000038      0x108
 *(.vector)
 .vector        0x0000000000000038       0xfc ./Startup/startup_ch32v20x_D6.o
                0x0000000000000140                . = ALIGN (0x40)
 *fill*         0x0000000000000134        0xc 

.text           0x0000000000000200     0xe9f4
                0x0000000000000200                . = ALIGN (0x4)
 *(.text)
 .text          0x0000000000000200      0x2ee ./FreeRTOS/portable/GCC/RISC-V/portASM.o
                0x0000000000000200                SW_Handler
                0x0000000000000300                xPortStartFirstTask
                0x0000000000000400                pxPortInitialiseStack
 .text          0x00000000000004ee       0x60 c:/mounriver/mounriver_studio/toolchain/risc-v embedded gcc/bin/../lib/gcc/riscv-none-embed/8.2.0/rv32imacxw/ilp32\libgcc.a(save-restore.o)
                0x00000000000004ee                __riscv_save_12
                0x00000000000004f6                __riscv_save_9
                0x00000000000004f6                __riscv_save_11
                0x00000000000004f6                __riscv_save_10
                0x00000000000004f6                __riscv_save_8
                0x0000000000000504                __riscv_save_4
                0x0000000000000504                __riscv_save_6
                0x0000000000000504                __riscv_save_5
                0x0000000000000504                __riscv_save_7
                0x000000000000051e                __riscv_save_3
                0x000000000000051e                __riscv_save_2
                0x000000000000051e                __riscv_save_1
                0x000000000000051e                __riscv_save_0
                0x000000000000052a                __riscv_restore_12
                0x000000000000052e                __riscv_restore_11
                0x000000000000052e                __riscv_restore_9
                0x000000000000052e                __riscv_restore_10
                0x000000000000052e                __riscv_restore_8
                0x0000000000000538                __riscv_restore_5
                0x0000000000000538                __riscv_restore_7
                0x0000000000000538                __riscv_restore_6
                0x0000000000000538                __riscv_restore_4
                0x0000000000000542                __riscv_restore_3
                0x0000000000000542                __riscv_restore_0
                0x0000000000000542                __riscv_restore_2
                0x0000000000000542                __riscv_restore_1
 .text          0x000000000000054e       0xa8 c:/mounriver/mounriver_studio/toolchain/risc-v embedded gcc/bin/../lib/gcc/riscv-none-embed/8.2.0/../../../../riscv-none-embed/lib/rv32imacxw/ilp32\libg_nano.a(lib_a-memset.o)
                0x000000000000054e                memset
 *(.text.*)
 .text.xCanOpenProcessTaskHandle
                0x00000000000005f6        0xa ./User/CanOpenNode.o
                0x00000000000005f6                xCanOpenProcessTaskHandle
 .text.xCanOpenPeriodicTaskHandle
                0x0000000000000600        0xa ./User/CanOpenNode.o
                0x0000000000000600                xCanOpenPeriodicTaskHandle
 .text.vCanOpenInit
                0x000000000000060a        0xa ./User/CanOpenNode.o
                0x000000000000060a                vCanOpenInit
 .text.vCanOpenProcess
                0x0000000000000614      0x192 ./User/CanOpenNode.o
                0x0000000000000614                vCanOpenProcess
 .text.vCanOpenPeriodicProcess
                0x00000000000007a6       0x82 ./User/CanOpenNode.o
                0x00000000000007a6                vCanOpenPeriodicProcess
 .text.xDataRegQueue
                0x0000000000000828        0xa ./User/DataModel.o
                0x0000000000000828                xDataRegQueue
 .text.vDataModelRegDelayWrite
                0x0000000000000832       0x34 ./User/DataModel.o
                0x0000000000000832                vDataModelRegDelayWrite
 .text.setReg32
                0x0000000000000866       0x1a ./User/DataModel.o
                0x0000000000000866                setReg32
 .text.setReg16
                0x0000000000000880        0xe ./User/DataModel.o
                0x0000000000000880                setReg16
 .text.setReg8  0x000000000000088e        0xa ./User/DataModel.o
                0x000000000000088e                setReg8
 .text.SaveReg16
                0x0000000000000898       0x14 ./User/DataModel.o
                0x0000000000000898                SaveReg16
 .text.getReg16
                0x00000000000008ac       0x10 ./User/DataModel.o
                0x00000000000008ac                getReg16
 .text.getReg32
                0x00000000000008bc       0x1c ./User/DataModel.o
                0x00000000000008bc                getReg32
 .text.DataModel_Init
                0x00000000000008d8      0x392 ./User/DataModel.o
                0x00000000000008d8                DataModel_Init
 .text.getReg8  0x0000000000000c6a        0xa ./User/DataModel.o
                0x0000000000000c6a                getReg8
 .text.WriteRegAfterDelay
                0x0000000000000c74       0x60 ./User/DataModel.o
                0x0000000000000c74                WriteRegAfterDelay
 .text.WriteReg
                0x0000000000000cd4       0x56 ./User/DataModel.o
                0x0000000000000cd4                WriteReg
 .text.vGetBitrate
                0x0000000000000d2a       0x2a ./User/DataModel.o
                0x0000000000000d2a                vGetBitrate
 .text.vFDGetNMTState
                0x0000000000000d54        0x6 ./User/DataModel.o
                0x0000000000000d54                vFDGetNMTState
 .text.vGetNodeId
                0x0000000000000d5a        0x6 ./User/DataModel.o
                0x0000000000000d5a                vGetNodeId
 .text.vIncrementSystemCounters
                0x0000000000000d60       0x76 ./User/DataModel.o
                0x0000000000000d60                vIncrementSystemCounters
 .text.vSaveData
                0x0000000000000dd6       0x14 ./User/DataModel.o
                0x0000000000000dd6                vSaveData
 .text.getOdometr
                0x0000000000000dea       0x14 ./User/DataModel.o
                0x0000000000000dea                getOdometr
 .text.NMI_Handler
                0x0000000000000dfe        0x2 ./User/ch32v20x_it.o
                0x0000000000000dfe                NMI_Handler
 .text.HardFault_Handler
                0x0000000000000e00        0x2 ./User/ch32v20x_it.o
                0x0000000000000e00                HardFault_Handler
 .text.SegPrint
                0x0000000000000e02       0x5a ./User/dash_draw.o
 .text.xProcessTaskHandle
                0x0000000000000e5c        0xa ./User/dash_draw.o
                0x0000000000000e5c                xProcessTaskHandle
 .text.vSetErrorReg
                0x0000000000000e66        0xa ./User/dash_draw.o
                0x0000000000000e66                vSetErrorReg
 .text.getODValue
                0x0000000000000e70      0x12c ./User/dash_draw.o
                0x0000000000000e70                getODValue
 .text.IncMenuIndex
                0x0000000000000f9c       0x80 ./User/dash_draw.o
                0x0000000000000f9c                IncMenuIndex
 .text.GoToHome
                0x000000000000101c       0x12 ./User/dash_draw.o
                0x000000000000101c                GoToHome
 .text.SetCurMenuHome
                0x000000000000102e       0x1e ./User/dash_draw.o
                0x000000000000102e                SetCurMenuHome
 .text.GetCurMenuHome
                0x000000000000104c        0x6 ./User/dash_draw.o
                0x000000000000104c                GetCurMenuHome
 .text.SetCurrentMenu
                0x0000000000001052       0x12 ./User/dash_draw.o
                0x0000000000001052                SetCurrentMenu
 .text.SetDefault
                0x0000000000001064       0x28 ./User/dash_draw.o
                0x0000000000001064                SetDefault
 .text.MenuBackHomeCheck
                0x000000000000108c       0x38 ./User/dash_draw.o
                0x000000000000108c                MenuBackHomeCheck
 .text.CheckMenuChannel
                0x00000000000010c4       0x20 ./User/dash_draw.o
                0x00000000000010c4                CheckMenuChannel
 .text.vDashDrawInit
                0x00000000000010e4       0x7e ./User/dash_draw.o
                0x00000000000010e4                vDashDrawInit
 .text.vMenuBlink
                0x0000000000001162       0x4a ./User/dash_draw.o
                0x0000000000001162                vMenuBlink
 .text.SetErrorRegiter
                0x00000000000011ac       0x5e ./User/dash_draw.o
                0x00000000000011ac                SetErrorRegiter
 .text.uGetCurrMenu
                0x000000000000120a       0x26 ./User/dash_draw.o
                0x000000000000120a                uGetCurrMenu
 .text.vGetEdgeData
                0x0000000000001230       0x2a ./User/dash_draw.o
                0x0000000000001230                vGetEdgeData
 .text.checkLedState
                0x000000000000125a       0x3a ./User/dash_draw.o
 .text.vRGBMode
                0x0000000000001294       0x72 ./User/dash_draw.o
                0x0000000000001294                vRGBMode
 .text.vBarColorMode
                0x0000000000001306       0xc2 ./User/dash_draw.o
                0x0000000000001306                vBarColorMode
 .text.vBarWindowMode
                0x00000000000013c8       0x5a ./User/dash_draw.o
                0x00000000000013c8                vBarWindowMode
 .text.vBarMode
                0x0000000000001422       0x66 ./User/dash_draw.o
                0x0000000000001422                vBarMode
 .text.RedrawNotifyTaskToInit
                0x0000000000001488       0x28 ./User/dash_draw.o
                0x0000000000001488                RedrawNotifyTaskToInit
 .text.vRedrawTask
                0x00000000000014b0      0x572 ./User/dash_draw.o
                0x00000000000014b0                vRedrawTask
 .text.vInit_DeviceConfig
                0x0000000000001a22      0x162 ./User/init.o
                0x0000000000001a22                vInit_DeviceConfig
 .text.HardwareDeinit
                0x0000000000001b84       0x2a ./User/init.o
                0x0000000000001b84                HardwareDeinit
 .text.SoftwareReset
                0x0000000000001bae       0x14 ./User/init.o
                0x0000000000001bae                SoftwareReset
 .text.ADC1_Event
                0x0000000000001bc2       0x48 ./User/inputs.o
                0x0000000000001bc2                ADC1_Event
 .text.CaptureDMACallBack
                0x0000000000001c0a       0x30 ./User/inputs.o
                0x0000000000001c0a                CaptureDMACallBack
 .text.CaptureDMACallBack_1
                0x0000000000001c3a       0x30 ./User/inputs.o
                0x0000000000001c3a                CaptureDMACallBack_1
 .text.fDinStateCallback
                0x0000000000001c6a       0x32 ./User/inputs.o
                0x0000000000001c6a                fDinStateCallback
 .text.vSetDoutState
                0x0000000000001c9c       0x28 ./User/inputs.o
                0x0000000000001c9c                vSetDoutState
 .text.getInputsTaskHandle
                0x0000000000001cc4        0xa ./User/inputs.o
                0x0000000000001cc4                getInputsTaskHandle
 .text.InputsNotifyTaskToInit
                0x0000000000001cce       0x28 ./User/inputs.o
                0x0000000000001cce                InputsNotifyTaskToInit
 .text.ADC1_Init
                0x0000000000001cf6       0x54 ./User/inputs.o
                0x0000000000001cf6                ADC1_Init
 .text.ADC_FSM  0x0000000000001d4a       0xfe ./User/inputs.o
                0x0000000000001d4a                ADC_FSM
 .text.GetAIN   0x0000000000001e48        0xc ./User/inputs.o
                0x0000000000001e48                GetAIN
 .text.vInputsTask
                0x0000000000001e54      0x314 ./User/inputs.o
                0x0000000000001e54                vInputsTask
 .text.SPI1_DMA_Callback
                0x0000000000002168       0x34 ./User/led.o
                0x0000000000002168                SPI1_DMA_Callback
 .text.SPI2_DMA_Callback
                0x000000000000219c       0x34 ./User/led.o
                0x000000000000219c                SPI2_DMA_Callback
 .text.SetBarState
                0x00000000000021d0       0x50 ./User/led.o
                0x00000000000021d0                SetBarState
 .text.SetRGB   0x0000000000002220       0x4e ./User/led.o
                0x0000000000002220                SetRGB
 .text.SetSegDirect
                0x000000000000226e       0x9c ./User/led.o
                0x000000000000226e                SetSegDirect
 .text.SetSegPoint
                0x000000000000230a       0x22 ./User/led.o
                0x000000000000230a                SetSegPoint
 .text.SetSEG   0x000000000000232c      0x120 ./User/led.o
                0x000000000000232c                SetSEG
 .text.SetBigSeg
                0x000000000000244c       0x14 ./User/led.o
                0x000000000000244c                SetBigSeg
 .text.vSetBrigth
                0x0000000000002460       0x2a ./User/led.o
                0x0000000000002460                vSetBrigth
 .text.vLedDriverStart
                0x000000000000248a       0x62 ./User/led.o
                0x000000000000248a                vLedDriverStart
 .text.vLedProcess
                0x00000000000024ec       0x24 ./User/led.o
                0x00000000000024ec                vLedProcess
 .text.vRGBProcess
                0x0000000000002510       0xe8 ./User/led.o
                0x0000000000002510                vRGBProcess
 .text.startup.main
                0x00000000000025f8       0x24 ./User/main.o
                0x00000000000025f8                main
 .text.vRestartNode
                0x000000000000261c        0x2 ./User/main.o
                0x000000000000261c                vRestartNode
 .text.Error_Handler
                0x000000000000261e        0x8 ./User/main.o
                0x000000000000261e                Error_Handler
 .text.OD_writeRGBMAP
                0x0000000000002626       0x30 ./User/process.o
 .text.OD_readRGBMAP
                0x0000000000002656       0x22 ./User/process.o
 .text.OD_readDIN
                0x0000000000002678       0x1c ./User/process.o
 .text.OD_writeMenuSetup
                0x0000000000002694       0x46 ./User/process.o
 .text.OD_writeBoardSettings
                0x00000000000026da       0x78 ./User/process.o
 .text.CO_getUint16
                0x0000000000002752       0x10 ./User/process.o
 .text.OD_writeSEG
                0x0000000000002762       0x44 ./User/process.o
 .text.OD_writeBAR
                0x00000000000027a6       0x30 ./User/process.o
 .text.OD_writeRPMConfig
                0x00000000000027d6       0x36 ./User/process.o
 .text.CO_getUint32
                0x000000000000280c       0x18 ./User/process.o
 .text.OD_writeMenuMap
                0x0000000000002824       0x30 ./User/process.o
 .text.OD_writeV1_14
                0x0000000000002854       0x56 ./User/process.o
 .text.OD_writeDashParam
                0x00000000000028aa       0x44 ./User/process.o
 .text.WriteRGB.isra.2
                0x00000000000028ee       0x3a ./User/process.o
 .text.OD_writeRGB1
                0x0000000000002928       0x14 ./User/process.o
 .text.OD_writeRGB2
                0x000000000000293c       0x16 ./User/process.o
 .text.OD_writeRGB3
                0x0000000000002952       0x16 ./User/process.o
 .text.OD_writeRGB4
                0x0000000000002968       0x16 ./User/process.o
 .text.OD_writeRGB5
                0x000000000000297e       0x16 ./User/process.o
 .text.OD_writeRGB6
                0x0000000000002994       0x16 ./User/process.o
 .text.OD_writeRGB7
                0x00000000000029aa       0x16 ./User/process.o
 .text.OD_writeRGB8
                0x00000000000029c0       0x16 ./User/process.o
 .text.OD_writeRGB9
                0x00000000000029d6       0x16 ./User/process.o
 .text.OD_writeRGB10
                0x00000000000029ec       0x16 ./User/process.o
 .text.OD_writeRGB11
                0x0000000000002a02       0x16 ./User/process.o
 .text.OD_writeRGB12
                0x0000000000002a18       0x16 ./User/process.o
 .text.OD_writeRGB13
                0x0000000000002a2e       0x16 ./User/process.o
 .text.OD_readBoardSettings
                0x0000000000002a44       0x2c ./User/process.o
 .text.readADC.isra.6
                0x0000000000002a70       0x84 ./User/process.o
 .text.OD_readADC1
                0x0000000000002af4       0x10 ./User/process.o
 .text.OD_readADC2
                0x0000000000002b04       0x10 ./User/process.o
 .text.OD_readADC3
                0x0000000000002b14       0x10 ./User/process.o
 .text.OD_readMenuSetup
                0x0000000000002b24       0x30 ./User/process.o
 .text.writeADC.isra.9
                0x0000000000002b54       0xde ./User/process.o
 .text.OD_writeADC1
                0x0000000000002c32       0x10 ./User/process.o
 .text.OD_writeADC2
                0x0000000000002c42       0x10 ./User/process.o
 .text.OD_writeADC3
                0x0000000000002c52       0x10 ./User/process.o
 .text.OD_readRGB.isra.5
                0x0000000000002c62       0x22 ./User/process.o
 .text.OD_readRGB1
                0x0000000000002c84       0x10 ./User/process.o
 .text.OD_readRGB2
                0x0000000000002c94       0x12 ./User/process.o
 .text.OD_readRGB3
                0x0000000000002ca6       0x12 ./User/process.o
 .text.OD_readRGB4
                0x0000000000002cb8       0x12 ./User/process.o
 .text.OD_readRGB5
                0x0000000000002cca       0x12 ./User/process.o
 .text.OD_readRGB6
                0x0000000000002cdc       0x12 ./User/process.o
 .text.OD_readRGB7
                0x0000000000002cee       0x12 ./User/process.o
 .text.OD_readRGB8
                0x0000000000002d00       0x12 ./User/process.o
 .text.OD_readRGB9
                0x0000000000002d12       0x12 ./User/process.o
 .text.OD_readRGB10
                0x0000000000002d24       0x12 ./User/process.o
 .text.OD_readRGB11
                0x0000000000002d36       0x12 ./User/process.o
 .text.OD_readRGB12
                0x0000000000002d48       0x12 ./User/process.o
 .text.OD_readRGB13
                0x0000000000002d5a       0x12 ./User/process.o
 .text.OD_readAIN_RPM
                0x0000000000002d6c       0x26 ./User/process.o
 .text.OD_readMenuMap
                0x0000000000002d92       0x2c ./User/process.o
 .text.OD_readRPMConfig
                0x0000000000002dbe       0x2a ./User/process.o
 .text.OD_readBar
                0x0000000000002de8       0x28 ./User/process.o
 .text.OD_readDashParam
                0x0000000000002e10       0x4c ./User/process.o
 .text.OD_readSEG
                0x0000000000002e5c       0x34 ./User/process.o
 .text.vProceesInit
                0x0000000000002e90      0x1ba ./User/process.o
                0x0000000000002e90                vProceesInit
 .text.SystemInit
                0x000000000000304a       0xee ./User/system_ch32v20x.o
                0x000000000000304a                SystemInit
 .text.SystemCoreClockUpdate
                0x0000000000003138       0x92 ./User/system_ch32v20x.o
                0x0000000000003138                SystemCoreClockUpdate
 .text.StartDefaultTask
                0x00000000000031ca       0x86 ./User/system_init.o
 .text.vApplicationGetIdleTaskMemory
                0x0000000000003250       0x1c ./User/system_init.o
                0x0000000000003250                vApplicationGetIdleTaskMemory
 .text.vApplicationGetTimerTaskMemory
                0x000000000000326c       0x1c ./User/system_init.o
                0x000000000000326c                vApplicationGetTimerTaskMemory
 .text.vSystemStopProcess
                0x0000000000003288       0x1c ./User/system_init.o
                0x0000000000003288                vSystemStopProcess
 .text.vSYStaskInit
                0x00000000000032a4      0x100 ./User/system_init.o
                0x00000000000032a4                vSYStaskInit
 .text.vSYSqueueInit
                0x00000000000033a4       0x2a ./User/system_init.o
                0x00000000000033a4                vSYSqueueInit
 .text.vector_handler
                0x00000000000033ce       0x6c ./Startup/startup_ch32v20x_D6.o
                0x00000000000033d2                Ecall_M_Mode_Handler
                0x00000000000033d4                Ecall_U_Mode_Handler
                0x00000000000033d6                Break_Point_Handler
                0x00000000000033dc                WWDG_IRQHandler
                0x00000000000033de                PVD_IRQHandler
                0x00000000000033e0                TAMPER_IRQHandler
                0x00000000000033e4                FLASH_IRQHandler
                0x00000000000033e6                RCC_IRQHandler
                0x00000000000033e8                EXTI0_IRQHandler
                0x00000000000033ea                EXTI1_IRQHandler
                0x00000000000033ec                EXTI2_IRQHandler
                0x00000000000033ee                EXTI3_IRQHandler
                0x00000000000033f0                EXTI4_IRQHandler
                0x00000000000033f4                DMA1_Channel2_IRQHandler
                0x00000000000033fc                DMA1_Channel6_IRQHandler
                0x000000000000340a                EXTI9_5_IRQHandler
                0x000000000000340c                TIM1_BRK_IRQHandler
                0x000000000000340e                TIM1_UP_IRQHandler
                0x0000000000003410                TIM1_TRG_COM_IRQHandler
                0x0000000000003412                TIM1_CC_IRQHandler
                0x0000000000003414                TIM2_IRQHandler
                0x0000000000003416                TIM3_IRQHandler
                0x000000000000341e                I2C2_EV_IRQHandler
                0x0000000000003420                I2C2_ER_IRQHandler
                0x0000000000003422                SPI1_IRQHandler
                0x0000000000003424                SPI2_IRQHandler
                0x0000000000003426                USART1_IRQHandler
                0x0000000000003428                USART2_IRQHandler
                0x000000000000342a                USART3_IRQHandler
                0x000000000000342c                EXTI15_10_IRQHandler
                0x000000000000342e                RTCAlarm_IRQHandler
                0x0000000000003430                USBWakeUp_IRQHandler
                0x0000000000003432                USBHD_IRQHandler
                0x0000000000003434                USBHDWakeUp_IRQHandler
                0x0000000000003436                UART4_IRQHandler
                0x0000000000003438                DMA1_Channel8_IRQHandler
 .text.handle_reset
                0x000000000000343a       0x92 ./Startup/startup_ch32v20x_D6.o
                0x000000000000343a                handle_reset
 .text.ADC_DeInit
                0x00000000000034cc       0x46 ./Peripheral/src/ch32v20x_adc.o
                0x00000000000034cc                ADC_DeInit
 .text.ADC_Init
                0x0000000000003512       0x56 ./Peripheral/src/ch32v20x_adc.o
                0x0000000000003512                ADC_Init
 .text.ADC_Cmd  0x0000000000003568       0x10 ./Peripheral/src/ch32v20x_adc.o
                0x0000000000003568                ADC_Cmd
 .text.ADC_DMACmd
                0x0000000000003578       0x12 ./Peripheral/src/ch32v20x_adc.o
                0x0000000000003578                ADC_DMACmd
 .text.ADC_ResetCalibration
                0x000000000000358a        0xa ./Peripheral/src/ch32v20x_adc.o
                0x000000000000358a                ADC_ResetCalibration
 .text.ADC_GetResetCalibrationStatus
                0x0000000000003594        0x8 ./Peripheral/src/ch32v20x_adc.o
                0x0000000000003594                ADC_GetResetCalibrationStatus
 .text.ADC_StartCalibration
                0x000000000000359c        0xa ./Peripheral/src/ch32v20x_adc.o
                0x000000000000359c                ADC_StartCalibration
 .text.ADC_GetCalibrationStatus
                0x00000000000035a6        0x8 ./Peripheral/src/ch32v20x_adc.o
                0x00000000000035a6                ADC_GetCalibrationStatus
 .text.ADC_SoftwareStartConvCmd
                0x00000000000035ae       0x18 ./Peripheral/src/ch32v20x_adc.o
                0x00000000000035ae                ADC_SoftwareStartConvCmd
 .text.ADC_RegularChannelConfig
                0x00000000000035c6       0xb8 ./Peripheral/src/ch32v20x_adc.o
                0x00000000000035c6                ADC_RegularChannelConfig
 .text.ADC_ExternalTrigConvCmd
                0x000000000000367e       0x18 ./Peripheral/src/ch32v20x_adc.o
                0x000000000000367e                ADC_ExternalTrigConvCmd
 .text.ADC_GetITStatus
                0x0000000000003696       0x1c ./Peripheral/src/ch32v20x_adc.o
                0x0000000000003696                ADC_GetITStatus
 .text.ADC_ClearITPendingBit
                0x00000000000036b2        0xa ./Peripheral/src/ch32v20x_adc.o
                0x00000000000036b2                ADC_ClearITPendingBit
 .text.ADC_BufferCmd
                0x00000000000036bc       0x18 ./Peripheral/src/ch32v20x_adc.o
                0x00000000000036bc                ADC_BufferCmd
 .text.Get_CalibrationValue
                0x00000000000036d4      0x1fe ./Peripheral/src/ch32v20x_adc.o
                0x00000000000036d4                Get_CalibrationValue
 .text.CAN_Init
                0x00000000000038d2       0xe8 ./Peripheral/src/ch32v20x_can.o
                0x00000000000038d2                CAN_Init
 .text.CAN_FilterInit
                0x00000000000039ba      0x118 ./Peripheral/src/ch32v20x_can.o
                0x00000000000039ba                CAN_FilterInit
 .text.CAN_Transmit
                0x0000000000003ad2       0xbc ./Peripheral/src/ch32v20x_can.o
                0x0000000000003ad2                CAN_Transmit
 .text.CAN_OperatingModeRequest
                0x0000000000003b8e       0x72 ./Peripheral/src/ch32v20x_can.o
                0x0000000000003b8e                CAN_OperatingModeRequest
 .text.CAN_ITConfig
                0x0000000000003c00       0x12 ./Peripheral/src/ch32v20x_can.o
                0x0000000000003c00                CAN_ITConfig
 .text.CAN_GetFlagStatus
                0x0000000000003c12       0x56 ./Peripheral/src/ch32v20x_can.o
                0x0000000000003c12                CAN_GetFlagStatus
 .text.CAN_ClearFlag
                0x0000000000003c68       0x40 ./Peripheral/src/ch32v20x_can.o
                0x0000000000003c68                CAN_ClearFlag
 .text.CAN_ClearITPendingBit
                0x0000000000003ca8       0x94 ./Peripheral/src/ch32v20x_can.o
                0x0000000000003ca8                CAN_ClearITPendingBit
 .text.DMA_Init
                0x0000000000003d3c       0x38 ./Peripheral/src/ch32v20x_dma.o
                0x0000000000003d3c                DMA_Init
 .text.DMA_Cmd  0x0000000000003d74       0x14 ./Peripheral/src/ch32v20x_dma.o
                0x0000000000003d74                DMA_Cmd
 .text.DMA_SetCurrDataCounter
                0x0000000000003d88        0x4 ./Peripheral/src/ch32v20x_dma.o
                0x0000000000003d88                DMA_SetCurrDataCounter
 .text.DMA_GetFlagStatus
                0x0000000000003d8c        0xe ./Peripheral/src/ch32v20x_dma.o
                0x0000000000003d8c                DMA_GetFlagStatus
 .text.DMA_GetITStatus
                0x0000000000003d9a        0xc ./Peripheral/src/ch32v20x_dma.o
                0x0000000000003d9a                DMA_GetITStatus
 .text.DMA_ClearITPendingBit
                0x0000000000003da6        0x8 ./Peripheral/src/ch32v20x_dma.o
                0x0000000000003da6                DMA_ClearITPendingBit
 .text.GPIO_Init
                0x0000000000003dae       0xfa ./Peripheral/src/ch32v20x_gpio.o
                0x0000000000003dae                GPIO_Init
 .text.GPIO_ReadInputDataBit
                0x0000000000003ea8       0x1e ./Peripheral/src/ch32v20x_gpio.o
                0x0000000000003ea8                GPIO_ReadInputDataBit
 .text.GPIO_SetBits
                0x0000000000003ec6       0x18 ./Peripheral/src/ch32v20x_gpio.o
                0x0000000000003ec6                GPIO_SetBits
 .text.GPIO_ResetBits
                0x0000000000003ede       0x18 ./Peripheral/src/ch32v20x_gpio.o
                0x0000000000003ede                GPIO_ResetBits
 .text.GPIO_PinRemapConfig
                0x0000000000003ef6       0xf2 ./Peripheral/src/ch32v20x_gpio.o
                0x0000000000003ef6                GPIO_PinRemapConfig
 .text.I2C_Init
                0x0000000000003fe8       0xf2 ./Peripheral/src/ch32v20x_i2c.o
                0x0000000000003fe8                I2C_Init
 .text.I2C_Send7bitAddress
                0x00000000000040da       0x12 ./Peripheral/src/ch32v20x_i2c.o
                0x00000000000040da                I2C_Send7bitAddress
 .text.I2C_CheckEvent
                0x00000000000040ec       0x16 ./Peripheral/src/ch32v20x_i2c.o
                0x00000000000040ec                I2C_CheckEvent
 .text.I2C_GetFlagStatus
                0x0000000000004102       0x32 ./Peripheral/src/ch32v20x_i2c.o
                0x0000000000004102                I2C_GetFlagStatus
 .text.I2C_ClearFlag
                0x0000000000004134        0xc ./Peripheral/src/ch32v20x_i2c.o
                0x0000000000004134                I2C_ClearFlag
 .text.NVIC_PriorityGroupConfig
                0x0000000000004140        0xa ./Peripheral/src/ch32v20x_misc.o
                0x0000000000004140                NVIC_PriorityGroupConfig
 .text.NVIC_Init
                0x000000000000414a       0xaa ./Peripheral/src/ch32v20x_misc.o
                0x000000000000414a                NVIC_Init
 .text.RCC_ADCCLKConfig
                0x00000000000041f4       0x12 ./Peripheral/src/ch32v20x_rcc.o
                0x00000000000041f4                RCC_ADCCLKConfig
 .text.RCC_LSEConfig
                0x0000000000004206       0x28 ./Peripheral/src/ch32v20x_rcc.o
                0x0000000000004206                RCC_LSEConfig
 .text.RCC_GetClocksFreq
                0x000000000000422e       0xbe ./Peripheral/src/ch32v20x_rcc.o
                0x000000000000422e                RCC_GetClocksFreq
 .text.RCC_APB2PeriphClockCmd
                0x00000000000042ec       0x1e ./Peripheral/src/ch32v20x_rcc.o
                0x00000000000042ec                RCC_APB2PeriphClockCmd
 .text.RCC_APB2PeriphResetCmd
                0x000000000000430a       0x1e ./Peripheral/src/ch32v20x_rcc.o
                0x000000000000430a                RCC_APB2PeriphResetCmd
 .text.RCC_GetFlagStatus
                0x0000000000004328       0x2e ./Peripheral/src/ch32v20x_rcc.o
                0x0000000000004328                RCC_GetFlagStatus
 .text.RTC_EnterConfigMode
                0x0000000000004356       0x12 ./Peripheral/src/ch32v20x_rtc.o
                0x0000000000004356                RTC_EnterConfigMode
 .text.RTC_ExitConfigMode
                0x0000000000004368       0x18 ./Peripheral/src/ch32v20x_rtc.o
                0x0000000000004368                RTC_ExitConfigMode
 .text.RTC_SetPrescaler
                0x0000000000004380       0x2e ./Peripheral/src/ch32v20x_rtc.o
                0x0000000000004380                RTC_SetPrescaler
 .text.RTC_WaitForLastTask
                0x00000000000043ae       0x10 ./Peripheral/src/ch32v20x_rtc.o
                0x00000000000043ae                RTC_WaitForLastTask
 .text.RTC_WaitForSynchro
                0x00000000000043be       0x24 ./Peripheral/src/ch32v20x_rtc.o
                0x00000000000043be                RTC_WaitForSynchro
 .text.RTC_GetITStatus
                0x00000000000043e2       0x20 ./Peripheral/src/ch32v20x_rtc.o
                0x00000000000043e2                RTC_GetITStatus
 .text.TIM_OC1Init
                0x0000000000004402       0x6a ./Peripheral/src/ch32v20x_tim.o
                0x0000000000004402                TIM_OC1Init
 .text.TIM_OC2Init
                0x000000000000446c       0x96 ./Peripheral/src/ch32v20x_tim.o
                0x000000000000446c                TIM_OC2Init
 .text.TIM_OC3Init
                0x0000000000004502       0x94 ./Peripheral/src/ch32v20x_tim.o
                0x0000000000004502                TIM_OC3Init
 .text.TIM_OC4Init
                0x0000000000004596       0x6c ./Peripheral/src/ch32v20x_tim.o
                0x0000000000004596                TIM_OC4Init
 .text.TIM_OC1PreloadConfig
                0x0000000000004602        0xe ./Peripheral/src/ch32v20x_tim.o
                0x0000000000004602                TIM_OC1PreloadConfig
 .text.TIM_OC2PreloadConfig
                0x0000000000004610       0x16 ./Peripheral/src/ch32v20x_tim.o
                0x0000000000004610                TIM_OC2PreloadConfig
 .text.TIM_OC3PreloadConfig
                0x0000000000004626        0xe ./Peripheral/src/ch32v20x_tim.o
                0x0000000000004626                TIM_OC3PreloadConfig
 .text.TIM_OC4PreloadConfig
                0x0000000000004634       0x16 ./Peripheral/src/ch32v20x_tim.o
                0x0000000000004634                TIM_OC4PreloadConfig
 .text.TIM_GetITStatus
                0x000000000000464a       0x18 ./Peripheral/src/ch32v20x_tim.o
                0x000000000000464a                TIM_GetITStatus
 .text.USART_SendData
                0x0000000000004662        0x8 ./Peripheral/src/ch32v20x_usart.o
                0x0000000000004662                USART_SendData
 .text.USART_GetFlagStatus
                0x000000000000466a        0xa ./Peripheral/src/ch32v20x_usart.o
                0x000000000000466a                USART_GetFlagStatus
 .text.vAINInit
                0x0000000000004674       0x36 ./HWLIB/hw_lib_adc.o
                0x0000000000004674                vAINInit
 .text.fGetAinCalData
                0x00000000000046aa       0xa4 ./HWLIB/hw_lib_adc.o
                0x00000000000046aa                fGetAinCalData
 .text.eAinCalDataConfig
                0x000000000000474e       0x48 ./HWLIB/hw_lib_adc.o
                0x000000000000474e                eAinCalDataConfig
 .text.vABLineKoofFinde
                0x0000000000004796       0x6a ./HWLIB/hw_lib_adc.o
                0x0000000000004796                vABLineKoofFinde
 .text.eSetAinCalPoint
                0x0000000000004800       0x64 ./HWLIB/hw_lib_adc.o
                0x0000000000004800                eSetAinCalPoint
 .text.getADC1Buffer
                0x0000000000004864        0xa ./HWLIB/hw_lib_adc.o
                0x0000000000004864                getADC1Buffer
 .text.eDOUTConfigWtihStruct
                0x000000000000486e       0x1a ./HWLIB/hw_lib_din.o
                0x000000000000486e                eDOUTConfigWtihStruct
 .text.eDinConfigWtihStruct
                0x0000000000004888       0x34 ./HWLIB/hw_lib_din.o
                0x0000000000004888                eDinConfigWtihStruct
 .text.uGetDIN  0x00000000000048bc       0x14 ./HWLIB/hw_lib_din.o
                0x00000000000048bc                uGetDIN
 .text.eRPMConfig
                0x00000000000048d0       0x56 ./HWLIB/hw_lib_din.o
                0x00000000000048d0                eRPMConfig
 .text.RMPDataConvert
                0x0000000000004926       0x78 ./HWLIB/hw_lib_din.o
                0x0000000000004926                RMPDataConvert
 .text.getCaputreBuffer
                0x000000000000499e       0x16 ./HWLIB/hw_lib_din.o
                0x000000000000499e                getCaputreBuffer
 .text.GetRPM   0x00000000000049b4       0x74 ./HWLIB/hw_lib_din.o
                0x00000000000049b4                GetRPM
 .text.xGetRPM  0x0000000000004a28       0x72 ./HWLIB/hw_lib_din.o
                0x0000000000004a28                xGetRPM
 .text.vDinDoutProcess
                0x0000000000004a9a       0x98 ./HWLIB/hw_lib_din.o
                0x0000000000004a9a                vDinDoutProcess
 .text.xGetEEPROM
                0x0000000000004b32        0xa ./HWLIB/hw_lib_eeprom.o
                0x0000000000004b32                xGetEEPROM
 .text.eEEPROMWrFast
                0x0000000000004b3c       0x98 ./HWLIB/hw_lib_eeprom.o
                0x0000000000004b3c                eEEPROMWrFast
 .text.eEEPROMWr
                0x0000000000004bd4       0xae ./HWLIB/hw_lib_eeprom.o
                0x0000000000004bd4                eEEPROMWr
 .text.eEEPROMRd
                0x0000000000004c82       0x34 ./HWLIB/hw_lib_eeprom.o
                0x0000000000004c82                eEEPROMRd
 .text.bReadEEPROM
                0x0000000000004cb6       0x1a ./HWLIB/hw_lib_eeprom.o
                0x0000000000004cb6                bReadEEPROM
 .text.Get_ConversionVal
                0x0000000000004cd0       0x2e ./HAL/hal_adc.o
                0x0000000000004cd0                Get_ConversionVal
 .text.HAL_ADC_CommonConfig
                0x0000000000004cfe        0xe ./HAL/hal_adc.o
                0x0000000000004cfe                HAL_ADC_CommonConfig
 .text.HAL_ADC_ContiniusScanCinvertionDMA
                0x0000000000004d0c       0xda ./HAL/hal_adc.o
                0x0000000000004d0c                HAL_ADC_ContiniusScanCinvertionDMA
 .text.ADC1_2_IRQHandler
                0x0000000000004de6       0x74 ./HAL/hal_adc.o
                0x0000000000004de6                ADC1_2_IRQHandler
 .text.HAL_CANSetTXCallback
                0x0000000000004e5a        0xa ./HAL/hal_can.o
                0x0000000000004e5a                HAL_CANSetTXCallback
 .text.HAL_CANSetRXCallback
                0x0000000000004e64        0xa ./HAL/hal_can.o
                0x0000000000004e64                HAL_CANSetRXCallback
 .text.HAL_CANSetERRCallback
                0x0000000000004e6e        0xa ./HAL/hal_can.o
                0x0000000000004e6e                HAL_CANSetERRCallback
 .text.HAL_CANIntIT
                0x0000000000004e78      0x108 ./HAL/hal_can.o
                0x0000000000004e78                HAL_CANIntIT
 .text.HAL_CANToInitMode
                0x0000000000004f80       0x16 ./HAL/hal_can.o
                0x0000000000004f80                HAL_CANToInitMode
 .text.HAL_CANToOperatingMode
                0x0000000000004f96       0x16 ./HAL/hal_can.o
                0x0000000000004f96                HAL_CANToOperatingMode
 .text.HAL_CANSend
                0x0000000000004fac       0x50 ./HAL/hal_can.o
                0x0000000000004fac                HAL_CANSend
 .text.HAL_CANSetFiters
                0x0000000000004ffc       0x3a ./HAL/hal_can.o
                0x0000000000004ffc                HAL_CANSetFiters
 .text.HAL_CANGetRXMessage
                0x0000000000005036       0x96 ./HAL/hal_can.o
                0x0000000000005036                HAL_CANGetRXMessage
 .text.USB_HP_CAN1_TX_IRQHandler
                0x00000000000050cc       0xd6 ./HAL/hal_can.o
                0x00000000000050cc                USB_HP_CAN1_TX_IRQHandler
 .text.USB_LP_CAN1_RX0_IRQHandler
                0x00000000000051a2       0x62 ./HAL/hal_can.o
                0x00000000000051a2                USB_LP_CAN1_RX0_IRQHandler
 .text.CAN1_RX1_IRQHandler
                0x0000000000005204       0x64 ./HAL/hal_can.o
                0x0000000000005204                CAN1_RX1_IRQHandler
 .text.CAN1_SCE_IRQHandler
                0x0000000000005268       0x62 ./HAL/hal_can.o
                0x0000000000005268                CAN1_SCE_IRQHandler
 .text.DMA_IRQ  0x00000000000052ca       0x3a ./HAL/hal_dma.o
 .text.HAL_DMA_Disable
                0x0000000000005304        0xc ./HAL/hal_dma.o
                0x0000000000005304                HAL_DMA_Disable
 .text.HAL_DMA_SetCouterAndEnable
                0x0000000000005310        0xc ./HAL/hal_dma.o
                0x0000000000005310                HAL_DMA_SetCouterAndEnable
 .text.HAL_DMAInitIT
                0x000000000000531c      0x10c ./HAL/hal_dma.o
                0x000000000000531c                HAL_DMAInitIT
 .text.HAL_ADC_StartDMA
                0x0000000000005428       0x5e ./HAL/hal_dma.o
                0x0000000000005428                HAL_ADC_StartDMA
 .text.DMA1_Channel1_IRQHandler
                0x0000000000005486       0x4e ./HAL/hal_dma.o
                0x0000000000005486                DMA1_Channel1_IRQHandler
 .text.DMA1_Channel3_IRQHandler
                0x00000000000054d4       0x4e ./HAL/hal_dma.o
                0x00000000000054d4                DMA1_Channel3_IRQHandler
 .text.DMA1_Channel4_IRQHandler
                0x0000000000005522       0x4e ./HAL/hal_dma.o
                0x0000000000005522                DMA1_Channel4_IRQHandler
 .text.DMA1_Channel5_IRQHandler
                0x0000000000005570       0x4e ./HAL/hal_dma.o
                0x0000000000005570                DMA1_Channel5_IRQHandler
 .text.DMA1_Channel7_IRQHandler
                0x00000000000055be       0x4e ./HAL/hal_dma.o
                0x00000000000055be                DMA1_Channel7_IRQHandler
 .text.HAL_InitRCC
                0x000000000000560c       0x48 ./HAL/hal_gpio.o
 .text.HAL_InitGpioOut
                0x0000000000005654       0x28 ./HAL/hal_gpio.o
                0x0000000000005654                HAL_InitGpioOut
 .text.HAL_InitGpioAIN
                0x000000000000567c       0x26 ./HAL/hal_gpio.o
                0x000000000000567c                HAL_InitGpioAIN
 .text.HAL_InitGpioIn
                0x00000000000056a2       0x28 ./HAL/hal_gpio.o
                0x00000000000056a2                HAL_InitGpioIn
 .text.HAL_InitGpioAF
                0x00000000000056ca       0x3c ./HAL/hal_gpio.o
                0x00000000000056ca                HAL_InitGpioAF
 .text.HAL_GetBit
                0x0000000000005706        0xc ./HAL/hal_gpio.o
                0x0000000000005706                HAL_GetBit
 .text.HAL_SetBit
                0x0000000000005712        0xc ./HAL/hal_gpio.o
                0x0000000000005712                HAL_SetBit
 .text.HAL_ResetBit
                0x000000000000571e        0xc ./HAL/hal_gpio.o
                0x000000000000571e                HAL_ResetBit
 .text.EEPROM_I2C_ENABLE
                0x000000000000572a       0x14 ./HAL/hal_i2c.o
 .text.EEPROM_I2C_STOP
                0x000000000000573e       0x14 ./HAL/hal_i2c.o
 .text.EEPROM_I2C_SEND
                0x0000000000005752        0xe ./HAL/hal_i2c.o
 .text.EEPROM_I2C_START
                0x0000000000005760       0x14 ./HAL/hal_i2c.o
 .text.I2C_Master_TransmitFast
                0x0000000000005774       0xcc ./HAL/hal_i2c.o
 .text.I2C_FSM  0x0000000000005840      0x18c ./HAL/hal_i2c.o
 .text.I2C_Master_ReviceIT
                0x00000000000059cc       0x9c ./HAL/hal_i2c.o
 .text.I2C_Master_TransmitIT
                0x0000000000005a68       0x8e ./HAL/hal_i2c.o
 .text.InitI2CDMA
                0x0000000000005af6      0x112 ./HAL/hal_i2c.o
                0x0000000000005af6                InitI2CDMA
 .text.I2C1_EV_IRQHandler
                0x0000000000005c08       0x4c ./HAL/hal_i2c.o
                0x0000000000005c08                I2C1_EV_IRQHandler
 .text.I2C1_ER_IRQHandler
                0x0000000000005c54       0x4c ./HAL/hal_i2c.o
                0x0000000000005c54                I2C1_ER_IRQHandler
 .text.HAL_RTC_IT_Init
                0x0000000000005ca0       0xce ./HAL/hal_rtc.o
                0x0000000000005ca0                HAL_RTC_IT_Init
 .text.RTC_IRQHandler
                0x0000000000005d6e       0x78 ./HAL/hal_rtc.o
                0x0000000000005d6e                RTC_IRQHandler
 .text.HAL_SPI_InitDMA
                0x0000000000005de6       0x86 ./HAL/hal_spi.o
                0x0000000000005de6                HAL_SPI_InitDMA
 .text.HAL_SPI_RXOveleyClear
                0x0000000000005e6c       0x12 ./HAL/hal_spi.o
                0x0000000000005e6c                HAL_SPI_RXOveleyClear
 .text.HAL_SPI_GetBusy
                0x0000000000005e7e       0x10 ./HAL/hal_spi.o
                0x0000000000005e7e                HAL_SPI_GetBusy
 .text.vTimerInitRCC
                0x0000000000005e8e       0xa2 ./HAL/hal_timers.o
 .text.TIM4_IRQHandler
                0x0000000000005f30       0x70 ./HAL/hal_timers.o
                0x0000000000005f30                TIM4_IRQHandler
 .text.HAL_TiemrEneblae
                0x0000000000005fa0       0x16 ./HAL/hal_timers.o
                0x0000000000005fa0                HAL_TiemrEneblae
 .text.HAL_TiemrDisable
                0x0000000000005fb6       0x1c ./HAL/hal_timers.o
                0x0000000000005fb6                HAL_TiemrDisable
 .text.HW_TIMER_BaseTimerInit
                0x0000000000005fd2       0x54 ./HAL/hal_timers.o
                0x0000000000005fd2                HW_TIMER_BaseTimerInit
 .text.HAL_TIMER_InitIt
                0x0000000000006026       0x9e ./HAL/hal_timers.o
                0x0000000000006026                HAL_TIMER_InitIt
 .text.HAL_TIMER_PWMTimersInit
                0x00000000000060c4       0xe6 ./HAL/hal_timers.o
                0x00000000000060c4                HAL_TIMER_PWMTimersInit
 .text.HAL_TimeInitCaptureDMA
                0x00000000000061aa      0x112 ./HAL/hal_timers.o
                0x00000000000061aa                HAL_TimeInitCaptureDMA
 .text.HAL_TIMER_DisablePWMCH
                0x00000000000062bc       0x1a ./HAL/hal_timers.o
                0x00000000000062bc                HAL_TIMER_DisablePWMCH
 .text.HAL_TIMER_SetPWMPulse
                0x00000000000062d6       0x86 ./HAL/hal_timers.o
                0x00000000000062d6                HAL_TIMER_SetPWMPulse
 .text.HAL_TIMER_EnablePWMCH
                0x000000000000635c       0x1a ./HAL/hal_timers.o
                0x000000000000635c                HAL_TIMER_EnablePWMCH
 .text.HAL_WDTReset
                0x0000000000006376        0xe ./HAL/hal_wdt.o
                0x0000000000006376                HAL_WDTReset
 .text.HAL_WDT_Init1s
                0x0000000000006384       0x28 ./HAL/hal_wdt.o
                0x0000000000006384                HAL_WDT_Init1s
 .text.prvInsertBlockIntoFreeList
                0x00000000000063ac       0x48 ./FreeRTOS/portable/MemMang/heap_4.o
 .text.pvPortMalloc
                0x00000000000063f4      0x17e ./FreeRTOS/portable/MemMang/heap_4.o
                0x00000000000063f4                pvPortMalloc
 .text.vPortFree
                0x0000000000006572       0xa4 ./FreeRTOS/portable/MemMang/heap_4.o
                0x0000000000006572                vPortFree
 .text.vPortSetupTimerInterrupt
                0x0000000000006616       0x3e ./FreeRTOS/portable/GCC/RISC-V/port.o
                0x0000000000006616                vPortSetupTimerInterrupt
 .text.xPortStartScheduler
                0x0000000000006654       0x90 ./FreeRTOS/portable/GCC/RISC-V/port.o
                0x0000000000006654                xPortStartScheduler
 .text.SysTick_Handler
                0x00000000000066e4       0x7c ./FreeRTOS/portable/GCC/RISC-V/port.o
                0x00000000000066e4                SysTick_Handler
 .text.vPortEnterCritical
                0x0000000000006760       0x16 ./FreeRTOS/portable/GCC/RISC-V/port.o
                0x0000000000006760                vPortEnterCritical
 .text.vPortExitCritical
                0x0000000000006776       0x42 ./FreeRTOS/portable/GCC/RISC-V/port.o
                0x0000000000006776                vPortExitCritical
 .text.xPortSetInterruptMask
                0x00000000000067b8        0xc ./FreeRTOS/portable/GCC/RISC-V/port.o
                0x00000000000067b8                xPortSetInterruptMask
 .text.vPortClearInterruptMask
                0x00000000000067c4        0x6 ./FreeRTOS/portable/GCC/RISC-V/port.o
                0x00000000000067c4                vPortClearInterruptMask
 .text.vListInitialise
                0x00000000000067ca       0x14 ./FreeRTOS/list.o
                0x00000000000067ca                vListInitialise
 .text.vListInitialiseItem
                0x00000000000067de        0x6 ./FreeRTOS/list.o
                0x00000000000067de                vListInitialiseItem
 .text.vListInsertEnd
                0x00000000000067e4       0x18 ./FreeRTOS/list.o
                0x00000000000067e4                vListInsertEnd
 .text.vListInsert
                0x00000000000067fc       0x2e ./FreeRTOS/list.o
                0x00000000000067fc                vListInsert
 .text.uxListRemove
                0x000000000000682a       0x20 ./FreeRTOS/list.o
                0x000000000000682a                uxListRemove
 .text.prvIsQueueEmpty
                0x000000000000684a       0x1e ./FreeRTOS/queue.o
 .text.prvCopyDataToQueue
                0x0000000000006868       0x72 ./FreeRTOS/queue.o
 .text.prvCopyDataFromQueue
                0x00000000000068da       0x28 ./FreeRTOS/queue.o
 .text.prvUnlockQueue
                0x0000000000006902       0x76 ./FreeRTOS/queue.o
 .text.xQueueGenericReset
                0x0000000000006978       0xc4 ./FreeRTOS/queue.o
                0x0000000000006978                xQueueGenericReset
 .text.xQueueGenericCreateStatic
                0x0000000000006a3c       0xae ./FreeRTOS/queue.o
                0x0000000000006a3c                xQueueGenericCreateStatic
 .text.xQueueGenericCreate
                0x0000000000006aea       0x72 ./FreeRTOS/queue.o
                0x0000000000006aea                xQueueGenericCreate
 .text.xQueueGenericSend
                0x0000000000006b5c      0x1a8 ./FreeRTOS/queue.o
                0x0000000000006b5c                xQueueGenericSend
 .text.xQueueGiveMutexRecursive
                0x0000000000006d04       0x56 ./FreeRTOS/queue.o
                0x0000000000006d04                xQueueGiveMutexRecursive
 .text.xQueueCreateMutex
                0x0000000000006d5a       0x2e ./FreeRTOS/queue.o
                0x0000000000006d5a                xQueueCreateMutex
 .text.xQueueReceive
                0x0000000000006d88      0x166 ./FreeRTOS/queue.o
                0x0000000000006d88                xQueueReceive
 .text.xQueueSemaphoreTake
                0x0000000000006eee      0x1be ./FreeRTOS/queue.o
                0x0000000000006eee                xQueueSemaphoreTake
 .text.xQueueTakeMutexRecursive
                0x00000000000070ac       0x5a ./FreeRTOS/queue.o
                0x00000000000070ac                xQueueTakeMutexRecursive
 .text.uxQueueMessagesWaiting
                0x0000000000007106       0x44 ./FreeRTOS/queue.o
                0x0000000000007106                uxQueueMessagesWaiting
 .text.vQueueAddToRegistry
                0x000000000000714a       0x6c ./FreeRTOS/queue.o
                0x000000000000714a                vQueueAddToRegistry
 .text.vQueueWaitForMessageRestricted
                0x00000000000071b6       0x5c ./FreeRTOS/queue.o
                0x00000000000071b6                vQueueWaitForMessageRestricted
 .text.prvIdleTask
                0x0000000000007212        0x2 ./FreeRTOS/tasks.o
 .text.prvAddNewTaskToReadyList
                0x0000000000007214       0xf6 ./FreeRTOS/tasks.o
 .text.prvResetNextTaskUnblockTime
                0x000000000000730a       0x1c ./FreeRTOS/tasks.o
 .text.prvTaskIsTaskSuspended
                0x0000000000007326       0x50 ./FreeRTOS/tasks.o
 .text.prvInitialiseNewTask.isra.2
                0x0000000000007376       0xc8 ./FreeRTOS/tasks.o
 .text.prvAddCurrentTaskToDelayedList
                0x000000000000743e       0x98 ./FreeRTOS/tasks.o
 .text.xTaskCreateStatic
                0x00000000000074d6       0xa6 ./FreeRTOS/tasks.o
                0x00000000000074d6                xTaskCreateStatic
 .text.vTaskResume
                0x000000000000757c       0xa2 ./FreeRTOS/tasks.o
                0x000000000000757c                vTaskResume
 .text.vTaskStartScheduler
                0x000000000000761e       0x90 ./FreeRTOS/tasks.o
                0x000000000000761e                vTaskStartScheduler
 .text.vTaskSuspendAll
                0x00000000000076ae        0xc ./FreeRTOS/tasks.o
                0x00000000000076ae                vTaskSuspendAll
 .text.xTaskGetTickCount
                0x00000000000076ba        0x6 ./FreeRTOS/tasks.o
                0x00000000000076ba                xTaskGetTickCount
 .text.xTaskIncrementTick
                0x00000000000076c0      0x180 ./FreeRTOS/tasks.o
                0x00000000000076c0                xTaskIncrementTick
 .text.xTaskResumeAll
                0x0000000000007840      0x148 ./FreeRTOS/tasks.o
                0x0000000000007840                xTaskResumeAll
 .text.vTaskDelay
                0x0000000000007988       0x62 ./FreeRTOS/tasks.o
                0x0000000000007988                vTaskDelay
 .text.vTaskSwitchContext
                0x00000000000079ea       0x8a ./FreeRTOS/tasks.o
                0x00000000000079ea                vTaskSwitchContext
 .text.vTaskSuspend
                0x0000000000007a74       0xde ./FreeRTOS/tasks.o
                0x0000000000007a74                vTaskSuspend
 .text.vTaskPlaceOnEventList
                0x0000000000007b52       0x44 ./FreeRTOS/tasks.o
                0x0000000000007b52                vTaskPlaceOnEventList
 .text.vTaskPlaceOnEventListRestricted
                0x0000000000007b96       0x72 ./FreeRTOS/tasks.o
                0x0000000000007b96                vTaskPlaceOnEventListRestricted
 .text.xTaskRemoveFromEventList
                0x0000000000007c08       0xdc ./FreeRTOS/tasks.o
                0x0000000000007c08                xTaskRemoveFromEventList
 .text.vTaskInternalSetTimeOutState
                0x0000000000007ce4        0xe ./FreeRTOS/tasks.o
                0x0000000000007ce4                vTaskInternalSetTimeOutState
 .text.xTaskCheckForTimeOut
                0x0000000000007cf2       0xaa ./FreeRTOS/tasks.o
                0x0000000000007cf2                xTaskCheckForTimeOut
 .text.vTaskMissedYield
                0x0000000000007d9c        0x8 ./FreeRTOS/tasks.o
                0x0000000000007d9c                vTaskMissedYield
 .text.xTaskGetCurrentTaskHandle
                0x0000000000007da4        0x6 ./FreeRTOS/tasks.o
                0x0000000000007da4                xTaskGetCurrentTaskHandle
 .text.xTaskGetSchedulerState
                0x0000000000007daa       0x14 ./FreeRTOS/tasks.o
                0x0000000000007daa                xTaskGetSchedulerState
 .text.xTaskPriorityInherit
                0x0000000000007dbe       0xa6 ./FreeRTOS/tasks.o
                0x0000000000007dbe                xTaskPriorityInherit
 .text.xTaskPriorityDisinherit
                0x0000000000007e64       0xc2 ./FreeRTOS/tasks.o
                0x0000000000007e64                xTaskPriorityDisinherit
 .text.vTaskPriorityDisinheritAfterTimeout
                0x0000000000007f26       0xde ./FreeRTOS/tasks.o
                0x0000000000007f26                vTaskPriorityDisinheritAfterTimeout
 .text.pvTaskIncrementMutexHeldCount
                0x0000000000008004       0x18 ./FreeRTOS/tasks.o
                0x0000000000008004                pvTaskIncrementMutexHeldCount
 .text.ulTaskGenericNotifyTake
                0x000000000000801c       0xb4 ./FreeRTOS/tasks.o
                0x000000000000801c                ulTaskGenericNotifyTake
 .text.xTaskGenericNotifyWait
                0x00000000000080d0       0xe2 ./FreeRTOS/tasks.o
                0x00000000000080d0                xTaskGenericNotifyWait
 .text.xTaskGenericNotify
                0x00000000000081b2      0x1a8 ./FreeRTOS/tasks.o
                0x00000000000081b2                xTaskGenericNotify
 .text.xTaskGenericNotifyFromISR
                0x000000000000835a      0x1e0 ./FreeRTOS/tasks.o
                0x000000000000835a                xTaskGenericNotifyFromISR
 .text.ulTaskGenericNotifyValueClear
                0x000000000000853a       0x3a ./FreeRTOS/tasks.o
                0x000000000000853a                ulTaskGenericNotifyValueClear
 .text.prvCheckForValidListAndQueue
                0x0000000000008574       0x6a ./FreeRTOS/timers.o
 .text.prvInsertTimerInActiveList
                0x00000000000085de       0x3e ./FreeRTOS/timers.o
 .text.prvReloadTimer
                0x000000000000861c       0x2a ./FreeRTOS/timers.o
 .text.prvProcessExpiredTimer
                0x0000000000008646       0x42 ./FreeRTOS/timers.o
 .text.prvSwitchTimerLists
                0x0000000000008688       0x28 ./FreeRTOS/timers.o
 .text.prvTimerTask
                0x00000000000086b0      0x188 ./FreeRTOS/timers.o
 .text.xTimerCreateTimerTask
                0x0000000000008838       0x6e ./FreeRTOS/timers.o
                0x0000000000008838                xTimerCreateTimerTask
 .text.vRCFilter
                0x00000000000088a6       0x30 ./Drivers/filters.o
                0x00000000000088a6                vRCFilter
 .text.vInitABFilter
                0x00000000000088d6       0x22 ./Drivers/filters.o
                0x00000000000088d6                vInitABFilter
 .text.vInitRunAverga
                0x00000000000088f8        0x8 ./Drivers/filters.o
                0x00000000000088f8                vInitRunAverga
 .text.vInitMedianFilter
                0x0000000000008900       0x12 ./Drivers/filters.o
                0x0000000000008900                vInitMedianFilter
 .text.MedianFilter
                0x0000000000008912       0x6e ./Drivers/filters.o
                0x0000000000008912                MedianFilter
 .text.Delay_Init
                0x0000000000008980       0x2a ./Debug/debug.o
                0x0000000000008980                Delay_Init
 .text.Delay_Ms
                0x00000000000089aa       0x36 ./Debug/debug.o
                0x00000000000089aa                Delay_Ms
 .text._write   0x00000000000089e0       0x3e ./Debug/debug.o
                0x00000000000089e0                _write
 .text._sbrk    0x0000000000008a1e       0x2a ./Debug/debug.o
                0x0000000000008a1e                _sbrk
 .text.prv_read_can_received_msg
                0x0000000000008a48       0x50 ./CANopenNode/keypad/CO_driver_ST32F103.o
                0x0000000000008a48                prv_read_can_received_msg
 .text.prv_send_can_message.isra.0
                0x0000000000008a98       0x2c ./CANopenNode/keypad/CO_driver_ST32F103.o
 .text.CAN_SendMessage
                0x0000000000008ac4       0x66 ./CANopenNode/keypad/CO_driver_ST32F103.o
                0x0000000000008ac4                CAN_SendMessage
 .text.co_drv_create_os_objects
                0x0000000000008b2a       0x30 ./CANopenNode/keypad/CO_driver_ST32F103.o
                0x0000000000008b2a                co_drv_create_os_objects
 .text.co_drv_mutex_lock
                0x0000000000008b5a       0x18 ./CANopenNode/keypad/CO_driver_ST32F103.o
                0x0000000000008b5a                co_drv_mutex_lock
 .text.co_drv_mutex_unlock
                0x0000000000008b72       0x16 ./CANopenNode/keypad/CO_driver_ST32F103.o
                0x0000000000008b72                co_drv_mutex_unlock
 .text.CO_CANsetConfigurationMode
                0x0000000000008b88       0x10 ./CANopenNode/keypad/CO_driver_ST32F103.o
                0x0000000000008b88                CO_CANsetConfigurationMode
 .text.CO_CANsetNormalMode
                0x0000000000008b98       0x1c ./CANopenNode/keypad/CO_driver_ST32F103.o
                0x0000000000008b98                CO_CANsetNormalMode
 .text.CO_CANmodule_init
                0x0000000000008bb4      0x110 ./CANopenNode/keypad/CO_driver_ST32F103.o
                0x0000000000008bb4                CO_CANmodule_init
 .text.CO_CANmodule_disable
                0x0000000000008cc4       0x14 ./CANopenNode/keypad/CO_driver_ST32F103.o
                0x0000000000008cc4                CO_CANmodule_disable
 .text.CO_CANrxBufferInit
                0x0000000000008cd8       0x52 ./CANopenNode/keypad/CO_driver_ST32F103.o
                0x0000000000008cd8                CO_CANrxBufferInit
 .text.CO_CANtxBufferInit
                0x0000000000008d2a       0x3a ./CANopenNode/keypad/CO_driver_ST32F103.o
                0x0000000000008d2a                CO_CANtxBufferInit
 .text.CO_CANmodule_process
                0x0000000000008d64       0x12 ./CANopenNode/keypad/CO_driver_ST32F103.o
                0x0000000000008d64                CO_CANmodule_process
 .text.CO_CANsend
                0x0000000000008d76       0x46 ./CANopenNode/keypad/CO_driver_ST32F103.o
                0x0000000000008d76                CO_CANsend
 .text.CO_LSSslave_receive
                0x0000000000008dbc      0x1a8 ./CANopenNode/305/CO_LSSslave.o
 .text.CO_LSSslave_init
                0x0000000000008f64       0xa4 ./CANopenNode/305/CO_LSSslave.o
                0x0000000000008f64                CO_LSSslave_init
 .text.CO_LSSslave_process
                0x0000000000009008      0x1a2 ./CANopenNode/305/CO_LSSslave.o
                0x0000000000009008                CO_LSSslave_process
 .text.OD_write_1003
                0x00000000000091aa       0x28 ./CANopenNode/301/CO_Emergency.o
 .text.OD_read_1003
                0x00000000000091d2       0x8c ./CANopenNode/301/CO_Emergency.o
 .text.OD_read_1014_default
                0x000000000000925e       0x50 ./CANopenNode/301/CO_Emergency.o
 .text.CO_EM_init
                0x00000000000092ae      0x112 ./CANopenNode/301/CO_Emergency.o
                0x00000000000092ae                CO_EM_init
 .text.CO_error
                0x00000000000093c0       0xc4 ./CANopenNode/301/CO_Emergency.o
                0x00000000000093c0                CO_error
 .text.CO_EM_process
                0x0000000000009484      0x182 ./CANopenNode/301/CO_Emergency.o
                0x0000000000009484                CO_EM_process
 .text.CO_NMT_receive
                0x0000000000009606       0x18 ./CANopenNode/301/CO_NMT_Heartbeat.o
 .text.OD_write_1017
                0x000000000000961e       0x48 ./CANopenNode/301/CO_NMT_Heartbeat.o
 .text.CO_NMT_init
                0x0000000000009666       0xec ./CANopenNode/301/CO_NMT_Heartbeat.o
                0x0000000000009666                CO_NMT_init
 .text.CO_NMT_process
                0x0000000000009752      0x106 ./CANopenNode/301/CO_NMT_Heartbeat.o
                0x0000000000009752                CO_NMT_process
 .text.OD_readDisabled
                0x0000000000009858        0x4 ./CANopenNode/301/CO_ODinterface.o
 .text.OD_readOriginal
                0x000000000000985c       0x50 ./CANopenNode/301/CO_ODinterface.o
                0x000000000000985c                OD_readOriginal
 .text.OD_writeOriginal
                0x00000000000098ac       0x54 ./CANopenNode/301/CO_ODinterface.o
                0x00000000000098ac                OD_writeOriginal
 .text.OD_writeDisabled
                0x0000000000009900        0x4 ./CANopenNode/301/CO_ODinterface.o
 .text.OD_find  0x0000000000009904       0x70 ./CANopenNode/301/CO_ODinterface.o
                0x0000000000009904                OD_find
 .text.OD_getSub
                0x0000000000009974       0xf6 ./CANopenNode/301/CO_ODinterface.o
                0x0000000000009974                OD_getSub
 .text.OD_getSDOabCode
                0x0000000000009a6a       0x20 ./CANopenNode/301/CO_ODinterface.o
                0x0000000000009a6a                OD_getSDOabCode
 .text.OD_get_value
                0x0000000000009a8a       0x34 ./CANopenNode/301/CO_ODinterface.o
                0x0000000000009a8a                OD_get_value
 .text.OD_set_value
                0x0000000000009abe       0x2e ./CANopenNode/301/CO_ODinterface.o
                0x0000000000009abe                OD_set_value
 .text.OD_getPtr
                0x0000000000009aec       0x3c ./CANopenNode/301/CO_ODinterface.o
                0x0000000000009aec                OD_getPtr
 .text.OD_write_dummy
                0x0000000000009b28        0x8 ./CANopenNode/301/CO_PDO.o
 .text.OD_read_dummy
                0x0000000000009b30       0x2e ./CANopenNode/301/CO_PDO.o
 .text.PDOconfigMap
                0x0000000000009b5e      0x100 ./CANopenNode/301/CO_PDO.o
 .text.CO_PDO_receive
                0x0000000000009c5e       0x48 ./CANopenNode/301/CO_PDO.o
 .text.OD_read_PDO_commParam
                0x0000000000009ca6       0x70 ./CANopenNode/301/CO_PDO.o
 .text.PDO_initMapping.constprop.3
                0x0000000000009d16       0xe6 ./CANopenNode/301/CO_PDO.o
 .text.OD_write_PDO_mapping
                0x0000000000009dfc       0xb4 ./CANopenNode/301/CO_PDO.o
 .text.OD_write_18xx
                0x0000000000009eb0      0x184 ./CANopenNode/301/CO_PDO.o
 .text.OD_write_14xx
                0x000000000000a034      0x15a ./CANopenNode/301/CO_PDO.o
 .text.CO_RPDO_init
                0x000000000000a18e      0x172 ./CANopenNode/301/CO_PDO.o
                0x000000000000a18e                CO_RPDO_init
 .text.CO_RPDO_process
                0x000000000000a300      0x114 ./CANopenNode/301/CO_PDO.o
                0x000000000000a300                CO_RPDO_process
 .text.CO_TPDO_init
                0x000000000000a414      0x1d2 ./CANopenNode/301/CO_PDO.o
                0x000000000000a414                CO_TPDO_init
 .text.CO_TPDO_process
                0x000000000000a5e6      0x15e ./CANopenNode/301/CO_PDO.o
                0x000000000000a5e6                CO_TPDO_process
 .text.CO_SDOserver_init_canRxTx
                0x000000000000a744       0x82 ./CANopenNode/301/CO_SDOserver.o
 .text.CO_SDO_receive
                0x000000000000a7c6       0x38 ./CANopenNode/301/CO_SDOserver.o
 .text.readFromOd.isra.1.constprop.5
                0x000000000000a7fe       0xe2 ./CANopenNode/301/CO_SDOserver.o
 .text.OD_write_1201_additional
                0x000000000000a8e0      0x158 ./CANopenNode/301/CO_SDOserver.o
 .text.CO_SDOserver_init
                0x000000000000aa38      0x172 ./CANopenNode/301/CO_SDOserver.o
                0x000000000000aa38                CO_SDOserver_init
 .text.CO_SDOserver_process
                0x000000000000abaa      0x5e8 ./CANopenNode/301/CO_SDOserver.o
                0x000000000000abaa                CO_SDOserver_process
 .text.CO_delete
                0x000000000000b192       0x56 ./CANopenNode/CANopen.o
                0x000000000000b192                CO_delete
 .text.CO_new   0x000000000000b1e8      0x102 ./CANopenNode/CANopen.o
                0x000000000000b1e8                CO_new
 .text.CO_CANinit
                0x000000000000b2ea       0x36 ./CANopenNode/CANopen.o
                0x000000000000b2ea                CO_CANinit
 .text.CO_LSSinit
                0x000000000000b320       0x32 ./CANopenNode/CANopen.o
                0x000000000000b320                CO_LSSinit
 .text.CO_CANopenInit
                0x000000000000b352       0xb8 ./CANopenNode/CANopen.o
                0x000000000000b352                CO_CANopenInit
 .text.CO_CANopenInitPDO
                0x000000000000b40a       0xea ./CANopenNode/CANopen.o
                0x000000000000b40a                CO_CANopenInitPDO
 .text.CO_process
                0x000000000000b4f4       0x7e ./CANopenNode/CANopen.o
                0x000000000000b4f4                CO_process
 .text.CO_process_RPDO
                0x000000000000b572       0x40 ./CANopenNode/CANopen.o
                0x000000000000b572                CO_process_RPDO
 .text.CO_process_TPDO
                0x000000000000b5b2       0x40 ./CANopenNode/CANopen.o
                0x000000000000b5b2                CO_process_TPDO
 .text.__addsf3
                0x000000000000b5f2      0x36a c:/mounriver/mounriver_studio/toolchain/risc-v embedded gcc/bin/../lib/gcc/riscv-none-embed/8.2.0/rv32imacxw/ilp32\libgcc.a(addsf3.o)
                0x000000000000b5f2                __addsf3
 .text.__divsf3
                0x000000000000b95c      0x2b2 c:/mounriver/mounriver_studio/toolchain/risc-v embedded gcc/bin/../lib/gcc/riscv-none-embed/8.2.0/rv32imacxw/ilp32\libgcc.a(divsf3.o)
                0x000000000000b95c                __divsf3
 .text.__gesf2  0x000000000000bc0e       0x86 c:/mounriver/mounriver_studio/toolchain/risc-v embedded gcc/bin/../lib/gcc/riscv-none-embed/8.2.0/rv32imacxw/ilp32\libgcc.a(gesf2.o)
                0x000000000000bc0e                __gesf2
                0x000000000000bc0e                __gtsf2
 .text.__lesf2  0x000000000000bc94       0x8c c:/mounriver/mounriver_studio/toolchain/risc-v embedded gcc/bin/../lib/gcc/riscv-none-embed/8.2.0/rv32imacxw/ilp32\libgcc.a(lesf2.o)
                0x000000000000bc94                __ltsf2
                0x000000000000bc94                __lesf2
 .text.__mulsf3
                0x000000000000bd20      0x290 c:/mounriver/mounriver_studio/toolchain/risc-v embedded gcc/bin/../lib/gcc/riscv-none-embed/8.2.0/rv32imacxw/ilp32\libgcc.a(mulsf3.o)
                0x000000000000bd20                __mulsf3
 .text.__subsf3
                0x000000000000bfb0      0x388 c:/mounriver/mounriver_studio/toolchain/risc-v embedded gcc/bin/../lib/gcc/riscv-none-embed/8.2.0/rv32imacxw/ilp32\libgcc.a(subsf3.o)
                0x000000000000bfb0                __subsf3
 .text.__fixsfsi
                0x000000000000c338       0x62 c:/mounriver/mounriver_studio/toolchain/risc-v embedded gcc/bin/../lib/gcc/riscv-none-embed/8.2.0/rv32imacxw/ilp32\libgcc.a(fixsfsi.o)
                0x000000000000c338                __fixsfsi
 .text.__fixunssfsi
                0x000000000000c39a       0x56 c:/mounriver/mounriver_studio/toolchain/risc-v embedded gcc/bin/../lib/gcc/riscv-none-embed/8.2.0/rv32imacxw/ilp32\libgcc.a(fixunssfsi.o)
                0x000000000000c39a                __fixunssfsi
 .text.__floatsisf
                0x000000000000c3f0       0xc6 c:/mounriver/mounriver_studio/toolchain/risc-v embedded gcc/bin/../lib/gcc/riscv-none-embed/8.2.0/rv32imacxw/ilp32\libgcc.a(floatsisf.o)
                0x000000000000c3f0                __floatsisf
 .text.__floatunsisf
                0x000000000000c4b6       0xce c:/mounriver/mounriver_studio/toolchain/risc-v embedded gcc/bin/../lib/gcc/riscv-none-embed/8.2.0/rv32imacxw/ilp32\libgcc.a(floatunsisf.o)
                0x000000000000c4b6                __floatunsisf
 .text.__clzsi2
                0x000000000000c584       0x6e c:/mounriver/mounriver_studio/toolchain/risc-v embedded gcc/bin/../lib/gcc/riscv-none-embed/8.2.0/rv32imacxw/ilp32\libgcc.a(_clzsi2.o)
                0x000000000000c584                __clzsi2
 .text.calloc   0x000000000000c5f2        0xc c:/mounriver/mounriver_studio/toolchain/risc-v embedded gcc/bin/../lib/gcc/riscv-none-embed/8.2.0/../../../../riscv-none-embed/lib/rv32imacxw/ilp32\libg_nano.a(lib_a-calloc.o)
                0x000000000000c5f2                calloc
 .text.free     0x000000000000c5fe        0xa c:/mounriver/mounriver_studio/toolchain/risc-v embedded gcc/bin/../lib/gcc/riscv-none-embed/8.2.0/../../../../riscv-none-embed/lib/rv32imacxw/ilp32\libg_nano.a(lib_a-malloc.o)
                0x000000000000c5fe                free
 .text.memcpy   0x000000000000c608       0xb2 c:/mounriver/mounriver_studio/toolchain/risc-v embedded gcc/bin/../lib/gcc/riscv-none-embed/8.2.0/../../../../riscv-none-embed/lib/rv32imacxw/ilp32\libg_nano.a(lib_a-memcpy.o)
                0x000000000000c608                memcpy
 .text.memmove  0x000000000000c6ba       0x46 c:/mounriver/mounriver_studio/toolchain/risc-v embedded gcc/bin/../lib/gcc/riscv-none-embed/8.2.0/../../../../riscv-none-embed/lib/rv32imacxw/ilp32\libg_nano.a(lib_a-memmove.o)
                0x000000000000c6ba                memmove
 .text._calloc_r
                0x000000000000c700       0x26 c:/mounriver/mounriver_studio/toolchain/risc-v embedded gcc/bin/../lib/gcc/riscv-none-embed/8.2.0/../../../../riscv-none-embed/lib/rv32imacxw/ilp32\libg_nano.a(lib_a-nano-callocr.o)
                0x000000000000c700                _calloc_r
 .text._free_r  0x000000000000c726       0xa4 c:/mounriver/mounriver_studio/toolchain/risc-v embedded gcc/bin/../lib/gcc/riscv-none-embed/8.2.0/../../../../riscv-none-embed/lib/rv32imacxw/ilp32\libg_nano.a(lib_a-nano-freer.o)
                0x000000000000c726                _free_r
 .text._malloc_r
                0x000000000000c7ca       0xce c:/mounriver/mounriver_studio/toolchain/risc-v embedded gcc/bin/../lib/gcc/riscv-none-embed/8.2.0/../../../../riscv-none-embed/lib/rv32imacxw/ilp32\libg_nano.a(lib_a-nano-mallocr.o)
                0x000000000000c7ca                _malloc_r
 .text.printf   0x000000000000c898       0x3e c:/mounriver/mounriver_studio/toolchain/risc-v embedded gcc/bin/../lib/gcc/riscv-none-embed/8.2.0/../../../../riscv-none-embed/lib/rv32imacxw/ilp32\libg_nano.a(lib_a-printf.o)
                0x000000000000c898                iprintf
                0x000000000000c898                printf
 .text._sbrk_r  0x000000000000c8d6       0x32 c:/mounriver/mounriver_studio/toolchain/risc-v embedded gcc/bin/../lib/gcc/riscv-none-embed/8.2.0/../../../../riscv-none-embed/lib/rv32imacxw/ilp32\libg_nano.a(lib_a-sbrkr.o)
                0x000000000000c8d6                _sbrk_r
 .text.strlen   0x000000000000c908       0x12 c:/mounriver/mounriver_studio/toolchain/risc-v embedded gcc/bin/../lib/gcc/riscv-none-embed/8.2.0/../../../../riscv-none-embed/lib/rv32imacxw/ilp32\libg_nano.a(lib_a-strlen.o)
                0x000000000000c908                strlen
 .text.std      0x000000000000c91a       0x66 c:/mounriver/mounriver_studio/toolchain/risc-v embedded gcc/bin/../lib/gcc/riscv-none-embed/8.2.0/../../../../riscv-none-embed/lib/rv32imacxw/ilp32\libg_nano.a(lib_a-findfp.o)
 .text._cleanup_r
                0x000000000000c980        0xa c:/mounriver/mounriver_studio/toolchain/risc-v embedded gcc/bin/../lib/gcc/riscv-none-embed/8.2.0/../../../../riscv-none-embed/lib/rv32imacxw/ilp32\libg_nano.a(lib_a-findfp.o)
                0x000000000000c980                _cleanup_r
 .text.__sfmoreglue
                0x000000000000c98a       0x48 c:/mounriver/mounriver_studio/toolchain/risc-v embedded gcc/bin/../lib/gcc/riscv-none-embed/8.2.0/../../../../riscv-none-embed/lib/rv32imacxw/ilp32\libg_nano.a(lib_a-findfp.o)
                0x000000000000c98a                __sfmoreglue
 .text.__sinit  0x000000000000c9d2       0x6c c:/mounriver/mounriver_studio/toolchain/risc-v embedded gcc/bin/../lib/gcc/riscv-none-embed/8.2.0/../../../../riscv-none-embed/lib/rv32imacxw/ilp32\libg_nano.a(lib_a-findfp.o)
                0x000000000000c9d2                __sinit
 .text.__sfp    0x000000000000ca3e       0xa0 c:/mounriver/mounriver_studio/toolchain/risc-v embedded gcc/bin/../lib/gcc/riscv-none-embed/8.2.0/../../../../riscv-none-embed/lib/rv32imacxw/ilp32\libg_nano.a(lib_a-findfp.o)
                0x000000000000ca3e                __sfp
 .text._fwalk_reent
                0x000000000000cade       0x6a c:/mounriver/mounriver_studio/toolchain/risc-v embedded gcc/bin/../lib/gcc/riscv-none-embed/8.2.0/../../../../riscv-none-embed/lib/rv32imacxw/ilp32\libg_nano.a(lib_a-fwalk.o)
                0x000000000000cade                _fwalk_reent
 .text.__malloc_lock
                0x000000000000cb48        0x2 c:/mounriver/mounriver_studio/toolchain/risc-v embedded gcc/bin/../lib/gcc/riscv-none-embed/8.2.0/../../../../riscv-none-embed/lib/rv32imacxw/ilp32\libg_nano.a(lib_a-mlock.o)
                0x000000000000cb48                __malloc_lock
 .text.__malloc_unlock
                0x000000000000cb4a        0x2 c:/mounriver/mounriver_studio/toolchain/risc-v embedded gcc/bin/../lib/gcc/riscv-none-embed/8.2.0/../../../../riscv-none-embed/lib/rv32imacxw/ilp32\libg_nano.a(lib_a-mlock.o)
                0x000000000000cb4a                __malloc_unlock
 .text.__sfputc_r
                0x000000000000cb4c       0x26 c:/mounriver/mounriver_studio/toolchain/risc-v embedded gcc/bin/../lib/gcc/riscv-none-embed/8.2.0/../../../../riscv-none-embed/lib/rv32imacxw/ilp32\libg_nano.a(lib_a-nano-vfprintf.o)
 .text.__sfputs_r
                0x000000000000cb72       0x42 c:/mounriver/mounriver_studio/toolchain/risc-v embedded gcc/bin/../lib/gcc/riscv-none-embed/8.2.0/../../../../riscv-none-embed/lib/rv32imacxw/ilp32\libg_nano.a(lib_a-nano-vfprintf.o)
                0x000000000000cb72                __sfputs_r
 .text._vfprintf_r
                0x000000000000cbb4      0x28c c:/mounriver/mounriver_studio/toolchain/risc-v embedded gcc/bin/../lib/gcc/riscv-none-embed/8.2.0/../../../../riscv-none-embed/lib/rv32imacxw/ilp32\libg_nano.a(lib_a-nano-vfprintf.o)
                0x000000000000cbb4                _vfprintf_r
                0x000000000000cbb4                _vfiprintf_r
 .text._printf_common
                0x000000000000ce40      0x10c c:/mounriver/mounriver_studio/toolchain/risc-v embedded gcc/bin/../lib/gcc/riscv-none-embed/8.2.0/../../../../riscv-none-embed/lib/rv32imacxw/ilp32\libg_nano.a(lib_a-nano-vfprintf_i.o)
                0x000000000000ce40                _printf_common
 .text._printf_i
                0x000000000000cf4c      0x2a2 c:/mounriver/mounriver_studio/toolchain/risc-v embedded gcc/bin/../lib/gcc/riscv-none-embed/8.2.0/../../../../riscv-none-embed/lib/rv32imacxw/ilp32\libg_nano.a(lib_a-nano-vfprintf_i.o)
                0x000000000000cf4c                _printf_i
 .text.__sread  0x000000000000d1ee       0x2c c:/mounriver/mounriver_studio/toolchain/risc-v embedded gcc/bin/../lib/gcc/riscv-none-embed/8.2.0/../../../../riscv-none-embed/lib/rv32imacxw/ilp32\libg_nano.a(lib_a-stdio.o)
                0x000000000000d1ee                __sread
 .text.__swrite
                0x000000000000d21a       0x48 c:/mounriver/mounriver_studio/toolchain/risc-v embedded gcc/bin/../lib/gcc/riscv-none-embed/8.2.0/../../../../riscv-none-embed/lib/rv32imacxw/ilp32\libg_nano.a(lib_a-stdio.o)
                0x000000000000d21a                __swrite
 .text.__sseek  0x000000000000d262       0x30 c:/mounriver/mounriver_studio/toolchain/risc-v embedded gcc/bin/../lib/gcc/riscv-none-embed/8.2.0/../../../../riscv-none-embed/lib/rv32imacxw/ilp32\libg_nano.a(lib_a-stdio.o)
                0x000000000000d262                __sseek
 .text.__sclose
                0x000000000000d292        0x6 c:/mounriver/mounriver_studio/toolchain/risc-v embedded gcc/bin/../lib/gcc/riscv-none-embed/8.2.0/../../../../riscv-none-embed/lib/rv32imacxw/ilp32\libg_nano.a(lib_a-stdio.o)
                0x000000000000d292                __sclose
 .text.__swbuf_r
                0x000000000000d298       0xbe c:/mounriver/mounriver_studio/toolchain/risc-v embedded gcc/bin/../lib/gcc/riscv-none-embed/8.2.0/../../../../riscv-none-embed/lib/rv32imacxw/ilp32\libg_nano.a(lib_a-wbuf.o)
                0x000000000000d298                __swbuf_r
 .text._write_r
                0x000000000000d356       0x36 c:/mounriver/mounriver_studio/toolchain/risc-v embedded gcc/bin/../lib/gcc/riscv-none-embed/8.2.0/../../../../riscv-none-embed/lib/rv32imacxw/ilp32\libg_nano.a(lib_a-writer.o)
                0x000000000000d356                _write_r
 .text.__swsetup_r
                0x000000000000d38c      0x100 c:/mounriver/mounriver_studio/toolchain/risc-v embedded gcc/bin/../lib/gcc/riscv-none-embed/8.2.0/../../../../riscv-none-embed/lib/rv32imacxw/ilp32\libg_nano.a(lib_a-wsetup.o)
                0x000000000000d38c                __swsetup_r
 .text._close_r
                0x000000000000d48c       0x30 c:/mounriver/mounriver_studio/toolchain/risc-v embedded gcc/bin/../lib/gcc/riscv-none-embed/8.2.0/../../../../riscv-none-embed/lib/rv32imacxw/ilp32\libg_nano.a(lib_a-closer.o)
                0x000000000000d48c                _close_r
 .text.__sflush_r
                0x000000000000d4bc      0x132 c:/mounriver/mounriver_studio/toolchain/risc-v embedded gcc/bin/../lib/gcc/riscv-none-embed/8.2.0/../../../../riscv-none-embed/lib/rv32imacxw/ilp32\libg_nano.a(lib_a-fflush.o)
                0x000000000000d4bc                __sflush_r
 .text._fflush_r
                0x000000000000d5ee       0x68 c:/mounriver/mounriver_studio/toolchain/risc-v embedded gcc/bin/../lib/gcc/riscv-none-embed/8.2.0/../../../../riscv-none-embed/lib/rv32imacxw/ilp32\libg_nano.a(lib_a-fflush.o)
                0x000000000000d5ee                _fflush_r
 .text._lseek_r
                0x000000000000d656       0x34 c:/mounriver/mounriver_studio/toolchain/risc-v embedded gcc/bin/../lib/gcc/riscv-none-embed/8.2.0/../../../../riscv-none-embed/lib/rv32imacxw/ilp32\libg_nano.a(lib_a-lseekr.o)
                0x000000000000d656                _lseek_r
 .text.__swhatbuf_r
                0x000000000000d68a       0x56 c:/mounriver/mounriver_studio/toolchain/risc-v embedded gcc/bin/../lib/gcc/riscv-none-embed/8.2.0/../../../../riscv-none-embed/lib/rv32imacxw/ilp32\libg_nano.a(lib_a-makebuf.o)
                0x000000000000d68a                __swhatbuf_r
 .text.__smakebuf_r
                0x000000000000d6e0       0x92 c:/mounriver/mounriver_studio/toolchain/risc-v embedded gcc/bin/../lib/gcc/riscv-none-embed/8.2.0/../../../../riscv-none-embed/lib/rv32imacxw/ilp32\libg_nano.a(lib_a-makebuf.o)
                0x000000000000d6e0                __smakebuf_r
 .text.memchr   0x000000000000d772       0x18 c:/mounriver/mounriver_studio/toolchain/risc-v embedded gcc/bin/../lib/gcc/riscv-none-embed/8.2.0/../../../../riscv-none-embed/lib/rv32imacxw/ilp32\libg_nano.a(lib_a-memchr.o)
                0x000000000000d772                memchr
 .text._read_r  0x000000000000d78a       0x34 c:/mounriver/mounriver_studio/toolchain/risc-v embedded gcc/bin/../lib/gcc/riscv-none-embed/8.2.0/../../../../riscv-none-embed/lib/rv32imacxw/ilp32\libg_nano.a(lib_a-readr.o)
                0x000000000000d78a                _read_r
 .text._fstat_r
                0x000000000000d7be       0x32 c:/mounriver/mounriver_studio/toolchain/risc-v embedded gcc/bin/../lib/gcc/riscv-none-embed/8.2.0/../../../../riscv-none-embed/lib/rv32imacxw/ilp32\libg_nano.a(lib_a-fstatr.o)
                0x000000000000d7be                _fstat_r
 .text._isatty_r
                0x000000000000d7f0       0x30 c:/mounriver/mounriver_studio/toolchain/risc-v embedded gcc/bin/../lib/gcc/riscv-none-embed/8.2.0/../../../../riscv-none-embed/lib/rv32imacxw/ilp32\libg_nano.a(lib_a-isattyr.o)
                0x000000000000d7f0                _isatty_r
 .text._close   0x000000000000d820       0x10 c:/mounriver/mounriver_studio/toolchain/risc-v embedded gcc/bin/../lib/gcc/riscv-none-embed/8.2.0/../../../../riscv-none-embed/lib/rv32imacxw/ilp32\libnosys.a(close.o)
                0x000000000000d820                _close
 .text._fstat   0x000000000000d830       0x10 c:/mounriver/mounriver_studio/toolchain/risc-v embedded gcc/bin/../lib/gcc/riscv-none-embed/8.2.0/../../../../riscv-none-embed/lib/rv32imacxw/ilp32\libnosys.a(fstat.o)
                0x000000000000d830                _fstat
 .text._isatty  0x000000000000d840       0x10 c:/mounriver/mounriver_studio/toolchain/risc-v embedded gcc/bin/../lib/gcc/riscv-none-embed/8.2.0/../../../../riscv-none-embed/lib/rv32imacxw/ilp32\libnosys.a(isatty.o)
                0x000000000000d840                _isatty
 .text._lseek   0x000000000000d850       0x10 c:/mounriver/mounriver_studio/toolchain/risc-v embedded gcc/bin/../lib/gcc/riscv-none-embed/8.2.0/../../../../riscv-none-embed/lib/rv32imacxw/ilp32\libnosys.a(lseek.o)
                0x000000000000d850                _lseek
 .text._read    0x000000000000d860       0x10 c:/mounriver/mounriver_studio/toolchain/risc-v embedded gcc/bin/../lib/gcc/riscv-none-embed/8.2.0/../../../../riscv-none-embed/lib/rv32imacxw/ilp32\libnosys.a(read.o)
                0x000000000000d860                _read
 *(.rodata)
 *(.rodata*)
 *fill*         0x000000000000d870        0x0 
 .rodata.CalPoint
                0x000000000000d870       0x48 ./User/DataModel.o
 .rodata.bitrate_table
                0x000000000000d8b8       0x10 ./User/DataModel.o
 .rodata.seg_const
                0x000000000000d8c8       0x12 ./User/DataModel.o
 *fill*         0x000000000000d8da        0x2 
 .rodata.vIncrementSystemCounters.cst4
                0x000000000000d8dc        0x8 ./User/DataModel.o
 .rodata.getODValue
                0x000000000000d8e4       0x74 ./User/dash_draw.o
 .rodata.MenuStateCross
                0x000000000000d958       0x14 ./User/dash_draw.o
 .rodata.dm     0x000000000000d96c       0x3f ./User/dash_draw.o
 *fill*         0x000000000000d9ab        0x1 
 .rodata.getODValue.cst4
                0x000000000000d9ac        0x4 ./User/dash_draw.o
                                          0x8 (size before relaxing)
 .rodata.vBarColorMode.cst4
                0x000000000000d9b0        0x4 ./User/dash_draw.o
 .rodata.ADC_FSM.cst4
                0x000000000000d9b4       0x14 ./User/inputs.o
 .rodata.vInputsTask.cst4
                0x000000000000d9c8        0xc ./User/inputs.o
 .rodata.SetSegDirect
                0x000000000000d9d4       0x1c ./User/led.o
 .rodata.Brigth
                0x000000000000d9f0       0x1e ./User/led.o
 *fill*         0x000000000000da0e        0x2 
 .rodata.DigitMask
                0x000000000000da10        0xa ./User/led.o
                0x000000000000da10                DigitMask
 *fill*         0x000000000000da1a        0x2 
 .rodata.offset_mask
                0x000000000000da1c        0xe ./User/led.o
 *fill*         0x000000000000da2a        0x2 
 .rodata.step_mask
                0x000000000000da2c        0xe ./User/led.o
 *fill*         0x000000000000da3a        0x2 
 .rodata.OD_ADC1_CAL_extension
                0x000000000000da3c       0x10 ./User/process.o
                0x000000000000da3c                OD_ADC1_CAL_extension
 .rodata.OD_ADC2_CAL_extension
                0x000000000000da4c       0x10 ./User/process.o
                0x000000000000da4c                OD_ADC2_CAL_extension
 .rodata.OD_ADC3_CAL_extension
                0x000000000000da5c       0x10 ./User/process.o
                0x000000000000da5c                OD_ADC3_CAL_extension
 .rodata.OD_AIN_RPM_extension
                0x000000000000da6c       0x10 ./User/process.o
                0x000000000000da6c                OD_AIN_RPM_extension
 .rodata.OD_BAR_extension
                0x000000000000da7c       0x10 ./User/process.o
                0x000000000000da7c                OD_BAR_extension
 .rodata.OD_BOARD_SETTINGS_extension
                0x000000000000da8c       0x10 ./User/process.o
                0x000000000000da8c                OD_BOARD_SETTINGS_extension
 .rodata.OD_DASH_PARAM_extension
                0x000000000000da9c       0x10 ./User/process.o
                0x000000000000da9c                OD_DASH_PARAM_extension
 .rodata.OD_DIN_extension
                0x000000000000daac       0x10 ./User/process.o
                0x000000000000daac                OD_DIN_extension
 .rodata.OD_MENU_MAP_extension
                0x000000000000dabc       0x10 ./User/process.o
                0x000000000000dabc                OD_MENU_MAP_extension
 .rodata.OD_MENU_SETUP_extension
                0x000000000000dacc       0x10 ./User/process.o
                0x000000000000dacc                OD_MENU_SETUP_extension
 .rodata.OD_RGB10_extension
                0x000000000000dadc       0x10 ./User/process.o
                0x000000000000dadc                OD_RGB10_extension
 .rodata.OD_RGB11_extension
                0x000000000000daec       0x10 ./User/process.o
                0x000000000000daec                OD_RGB11_extension
 .rodata.OD_RGB12_extension
                0x000000000000dafc       0x10 ./User/process.o
                0x000000000000dafc                OD_RGB12_extension
 .rodata.OD_RGB13_extension
                0x000000000000db0c       0x10 ./User/process.o
                0x000000000000db0c                OD_RGB13_extension
 .rodata.OD_RGB1_extension
                0x000000000000db1c       0x10 ./User/process.o
                0x000000000000db1c                OD_RGB1_extension
 .rodata.OD_RGB2_extension
                0x000000000000db2c       0x10 ./User/process.o
                0x000000000000db2c                OD_RGB2_extension
 .rodata.OD_RGB3_extension
                0x000000000000db3c       0x10 ./User/process.o
                0x000000000000db3c                OD_RGB3_extension
 .rodata.OD_RGB4_extension
                0x000000000000db4c       0x10 ./User/process.o
                0x000000000000db4c                OD_RGB4_extension
 .rodata.OD_RGB5_extension
                0x000000000000db5c       0x10 ./User/process.o
                0x000000000000db5c                OD_RGB5_extension
 .rodata.OD_RGB6_extension
                0x000000000000db6c       0x10 ./User/process.o
                0x000000000000db6c                OD_RGB6_extension
 .rodata.OD_RGB7_extension
                0x000000000000db7c       0x10 ./User/process.o
                0x000000000000db7c                OD_RGB7_extension
 .rodata.OD_RGB8_extension
                0x000000000000db8c       0x10 ./User/process.o
                0x000000000000db8c                OD_RGB8_extension
 .rodata.OD_RGB9_extension
                0x000000000000db9c       0x10 ./User/process.o
                0x000000000000db9c                OD_RGB9_extension
 .rodata.OD_RGBMAP_extension
                0x000000000000dbac       0x10 ./User/process.o
                0x000000000000dbac                OD_RGBMAP_extension
 .rodata.OD_RPMCONFIG_extension
                0x000000000000dbbc       0x10 ./User/process.o
                0x000000000000dbbc                OD_RPMCONFIG_extension
 .rodata.OD_SEG_extension
                0x000000000000dbcc       0x10 ./User/process.o
                0x000000000000dbcc                OD_SEG_extension
 .rodata.OD_VRegiters_extension
                0x000000000000dbdc       0x10 ./User/process.o
                0x000000000000dbdc                OD_VRegiters_extension