Archive member included to satisfy reference by file (symbol)

c:/mounriver/mounriver_studio/toolchain/risc-v embedded gcc/bin/../lib/gcc/riscv-none-embed/8.2.0/rv32imacxw/ilp32\libgcc.a(addsf3.o)
                              ./User/inputs.o (__addsf3)
c:/mounriver/mounriver_studio/toolchain/risc-v embedded gcc/bin/../lib/gcc/riscv-none-embed/8.2.0/rv32imacxw/ilp32\libgcc.a(divsf3.o)
                              ./User/dash_draw.o (__divsf3)
c:/mounriver/mounriver_studio/toolchain/risc-v embedded gcc/bin/../lib/gcc/riscv-none-embed/8.2.0/rv32imacxw/ilp32\libgcc.a(eqsf2.o)
                              ./HWLIB/hw_lib_din.o (__nesf2)
c:/mounriver/mounriver_studio/toolchain/risc-v embedded gcc/bin/../lib/gcc/riscv-none-embed/8.2.0/rv32imacxw/ilp32\libgcc.a(gesf2.o)
                              ./User/inputs.o (__gtsf2)
c:/mounriver/mounriver_studio/toolchain/risc-v embedded gcc/bin/../lib/gcc/riscv-none-embed/8.2.0/rv32imacxw/ilp32\libgcc.a(lesf2.o)
                              ./HWLIB/hw_lib_adc.o (__lesf2)
c:/mounriver/mounriver_studio/toolchain/risc-v embedded gcc/bin/../lib/gcc/riscv-none-embed/8.2.0/rv32imacxw/ilp32\libgcc.a(mulsf3.o)
                              ./User/dash_draw.o (__mulsf3)
c:/mounriver/mounriver_studio/toolchain/risc-v embedded gcc/bin/../lib/gcc/riscv-none-embed/8.2.0/rv32imacxw/ilp32\libgcc.a(subsf3.o)
                              ./User/inputs.o (__subsf3)
c:/mounriver/mounriver_studio/toolchain/risc-v embedded gcc/bin/../lib/gcc/riscv-none-embed/8.2.0/rv32imacxw/ilp32\libgcc.a(fixsfsi.o)
                              ./User/dash_draw.o (__fixsfsi)
c:/mounriver/mounriver_studio/toolchain/risc-v embedded gcc/bin/../lib/gcc/riscv-none-embed/8.2.0/rv32imacxw/ilp32\libgcc.a(fixunssfsi.o)
                              ./User/dash_draw.o (__fixunssfsi)
c:/mounriver/mounriver_studio/toolchain/risc-v embedded gcc/bin/../lib/gcc/riscv-none-embed/8.2.0/rv32imacxw/ilp32\libgcc.a(floatsisf.o)
                              ./User/DataModel.o (__floatsisf)
c:/mounriver/mounriver_studio/toolchain/risc-v embedded gcc/bin/../lib/gcc/riscv-none-embed/8.2.0/rv32imacxw/ilp32\libgcc.a(floatunsisf.o)
                              ./User/DataModel.o (__floatunsisf)
c:/mounriver/mounriver_studio/toolchain/risc-v embedded gcc/bin/../lib/gcc/riscv-none-embed/8.2.0/rv32imacxw/ilp32\libgcc.a(save-restore.o)
                              ./User/dash_draw.o (__riscv_save_12)
c:/mounriver/mounriver_studio/toolchain/risc-v embedded gcc/bin/../lib/gcc/riscv-none-embed/8.2.0/rv32imacxw/ilp32\libgcc.a(_clzsi2.o)
                              c:/mounriver/mounriver_studio/toolchain/risc-v embedded gcc/bin/../lib/gcc/riscv-none-embed/8.2.0/rv32imacxw/ilp32\libgcc.a(addsf3.o) (__clzsi2)
c:/mounriver/mounriver_studio/toolchain/risc-v embedded gcc/bin/../lib/gcc/riscv-none-embed/8.2.0/rv32imacxw/ilp32\libgcc.a(_clz.o)
                              c:/mounriver/mounriver_studio/toolchain/risc-v embedded gcc/bin/../lib/gcc/riscv-none-embed/8.2.0/rv32imacxw/ilp32\libgcc.a(_clzsi2.o) (__clz_tab)
c:/mounriver/mounriver_studio/toolchain/risc-v embedded gcc/bin/../lib/gcc/riscv-none-embed/8.2.0/../../../../riscv-none-embed/lib/rv32imacxw/ilp32\libg_nano.a(lib_a-calloc.o)
                              ./CANopenNode/CANopen.o (calloc)
c:/mounriver/mounriver_studio/toolchain/risc-v embedded gcc/bin/../lib/gcc/riscv-none-embed/8.2.0/../../../../riscv-none-embed/lib/rv32imacxw/ilp32\libg_nano.a(lib_a-impure.o)
                              c:/mounriver/mounriver_studio/toolchain/risc-v embedded gcc/bin/../lib/gcc/riscv-none-embed/8.2.0/../../../../riscv-none-embed/lib/rv32imacxw/ilp32\libg_nano.a(lib_a-calloc.o) (_impure_ptr)
c:/mounriver/mounriver_studio/toolchain/risc-v embedded gcc/bin/../lib/gcc/riscv-none-embed/8.2.0/../../../../riscv-none-embed/lib/rv32imacxw/ilp32\libg_nano.a(lib_a-malloc.o)
                              ./CANopenNode/CANopen.o (free)
c:/mounriver/mounriver_studio/toolchain/risc-v embedded gcc/bin/../lib/gcc/riscv-none-embed/8.2.0/../../../../riscv-none-embed/lib/rv32imacxw/ilp32\libg_nano.a(lib_a-memcpy.o)
                              ./User/led.o (memcpy)
c:/mounriver/mounriver_studio/toolchain/risc-v embedded gcc/bin/../lib/gcc/riscv-none-embed/8.2.0/../../../../riscv-none-embed/lib/rv32imacxw/ilp32\libg_nano.a(lib_a-memmove.o)
                              ./CANopenNode/301/CO_SDOserver.o (memmove)
c:/mounriver/mounriver_studio/toolchain/risc-v embedded gcc/bin/../lib/gcc/riscv-none-embed/8.2.0/../../../../riscv-none-embed/lib/rv32imacxw/ilp32\libg_nano.a(lib_a-memset.o)
                              ./User/DataModel.o (memset)
c:/mounriver/mounriver_studio/toolchain/risc-v embedded gcc/bin/../lib/gcc/riscv-none-embed/8.2.0/../../../../riscv-none-embed/lib/rv32imacxw/ilp32\libg_nano.a(lib_a-nano-callocr.o)
[...]
Memory Configuration

Name             Origin             Length             Attributes
FLASH            0x0000000000000000 0x0000000000010000 xr
RAM              0x0000000020000000 0x0000000000005000 xrw
*default*        0x0000000000000000 0xffffffffffffffff

Linker script and memory map

LOAD ./User/CanOpenNode.o
LOAD ./User/DataModel.o
LOAD ./User/ch32v20x_it.o
LOAD ./User/dash_draw.o
LOAD ./User/init.o
LOAD ./User/inputs.o
LOAD ./User/keyboard_task.o
LOAD ./User/led.o
LOAD ./User/main.o
LOAD ./User/process.o
LOAD ./User/system_ch32v20x.o
LOAD ./User/system_init.o
LOAD ./Startup/startup_ch32v20x_D6.o
LOAD ./Peripheral/src/ch32v20x_adc.o
LOAD ./Peripheral/src/ch32v20x_bkp.o
LOAD ./Peripheral/src/ch32v20x_can.o
LOAD ./Peripheral/src/ch32v20x_crc.o
LOAD ./Peripheral/src/ch32v20x_dbgmcu.o
LOAD ./Peripheral/src/ch32v20x_dma.o
LOAD ./Peripheral/src/ch32v20x_exti.o
LOAD ./Peripheral/src/ch32v20x_flash.o
LOAD ./Peripheral/src/ch32v20x_gpio.o
LOAD ./Peripheral/src/ch32v20x_i2c.o
LOAD ./Peripheral/src/ch32v20x_iwdg.o
LOAD ./Peripheral/src/ch32v20x_misc.o
LOAD ./Peripheral/src/ch32v20x_opa.o
LOAD ./Peripheral/src/ch32v20x_pwr.o
LOAD ./Peripheral/src/ch32v20x_rcc.o
LOAD ./Peripheral/src/ch32v20x_rtc.o
LOAD ./Peripheral/src/ch32v20x_spi.o
LOAD ./Peripheral/src/ch32v20x_tim.o
LOAD ./Peripheral/src/ch32v20x_usart.o
LOAD ./Peripheral/src/ch32v20x_wwdg.o
LOAD ./HWLIB/hw_lib_adc.o
LOAD ./HWLIB/hw_lib_din.o
LOAD ./HWLIB/hw_lib_eeprom.o
LOAD ./HWLIB/hw_lib_keyboard.o
LOAD ./HAL/hal_adc.o
LOAD ./HAL/hal_can.o
LOAD ./HAL/hal_dma.o
LOAD ./HAL/hal_gpio.o
LOAD ./HAL/hal_i2c.o
LOAD ./HAL/hal_rtc.o
LOAD ./HAL/hal_spi.o
LOAD ./HAL/hal_timers.o
LOAD ./HAL/hal_wdt.o
LOAD ./FreeRTOS/portable/MemMang/heap_4.o
LOAD ./FreeRTOS/portable/GCC/RISC-V/port.o
LOAD ./FreeRTOS/portable/GCC/RISC-V/portASM.o
LOAD ./FreeRTOS/croutine.o
LOAD ./FreeRTOS/event_groups.o
LOAD ./FreeRTOS/list.o
LOAD ./FreeRTOS/queue.o
LOAD ./FreeRTOS/stream_buffer.o
LOAD ./FreeRTOS/tasks.o
LOAD ./FreeRTOS/timers.o
LOAD ./Drivers/filters.o
LOAD ./Debug/debug.o
LOAD ./Core/core_riscv.o
LOAD ./CANopenNode/keypad/CO_driver_ST32F103.o
LOAD ./CANopenNode/keypad/OD.o
LOAD ./CANopenNode/extra/CO_trace.o
LOAD ./CANopenNode/309/CO_gateway_ascii.o
LOAD ./CANopenNode/305/CO_LSSmaster.o
LOAD ./CANopenNode/305/CO_LSSslave.o
LOAD ./CANopenNode/304/CO_GFC.o
LOAD ./CANopenNode/304/CO_SRDO.o
LOAD ./CANopenNode/303/CO_LEDs.o
LOAD ./CANopenNode/301/CO_Emergency.o
LOAD ./CANopenNode/301/CO_HBconsumer.o
LOAD ./CANopenNode/301/CO_NMT_Heartbeat.o
LOAD ./CANopenNode/301/CO_ODinterface.o
LOAD ./CANopenNode/301/CO_PDO.o
LOAD ./CANopenNode/301/CO_SDOclient.o
LOAD ./CANopenNode/301/CO_SDOserver.o
LOAD ./CANopenNode/301/CO_SYNC.o
LOAD ./CANopenNode/301/CO_TIME.o
LOAD ./CANopenNode/301/CO_fifo.o
LOAD ./CANopenNode/301/crc16-ccitt.o
LOAD ./CANopenNode/CANopen.o
LOAD c:/mounriver/mounriver_studio/toolchain/risc-v embedded gcc/bin/../lib/gcc/riscv-none-embed/8.2.0/../../../../riscv-none-embed/lib/rv32imacxw/ilp32\libm.a
LOAD c:/mounriver/mounriver_studio/toolchain/risc-v embedded gcc/bin/../lib/gcc/riscv-none-embed/8.2.0/rv32imacxw/ilp32\libgcc.a
LOAD c:/mounriver/mounriver_studio/toolchain/risc-v embedded gcc/bin/../lib/gcc/riscv-none-embed/8.2.0/../../../../riscv-none-embed/lib/rv32imacxw/ilp32\libg_nano.a
LOAD c:/mounriver/mounriver_studio/toolchain/risc-v embedded gcc/bin/../lib/gcc/riscv-none-embed/8.2.0/../../../../riscv-none-embed/lib/rv32imacxw/ilp32\libc_nano.a
LOAD c:/mounriver/mounriver_studio/toolchain/risc-v embedded gcc/bin/../lib/gcc/riscv-none-embed/8.2.0/rv32imacxw/ilp32\libgcc.a
START GROUP
LOAD c:/mounriver/mounriver_studio/toolchain/risc-v embedded gcc/bin/../lib/gcc/riscv-none-embed/8.2.0/rv32imacxw/ilp32\libgcc.a
LOAD c:/mounriver/mounriver_studio/toolchain/risc-v embedded gcc/bin/../lib/gcc/riscv-none-embed/8.2.0/../../../../riscv-none-embed/lib/rv32imacxw/ilp32\libc_nano.a
LOAD c:/mounriver/mounriver_studio/toolchain/risc-v embedded gcc/bin/../lib/gcc/riscv-none-embed/8.2.0/../../../../riscv-none-embed/lib/rv32imacxw/ilp32\libnosys.a
END GROUP
START GROUP
LOAD c:/mounriver/mounriver_studio/toolchain/risc-v embedded gcc/bin/../lib/gcc/riscv-none-embed/8.2.0/rv32imacxw/ilp32\libgcc.a
LOAD c:/mounriver/mounriver_studio/toolchain/risc-v embedded gcc/bin/../lib/gcc/riscv-none-embed/8.2.0/../../../../riscv-none-embed/lib/rv32imacxw/ilp32\libc_nano.a
LOAD c:/mounriver/mounriver_studio/toolchain/risc-v embedded gcc/bin/../lib/gcc/riscv-none-embed/8.2.0/../../../../riscv-none-embed/lib/rv32imacxw/ilp32\libnosys.a
END GROUP
                0x0000000000000800                __stack_size = 0x800
                [!provide]                        PROVIDE (_stack_size = __stack_size)

.init           0x0000000000000000       0x38
                0x0000000000000000                _sinit = .
                0x0000000000000000                . = ALIGN (0x4)
 *(SORT_NONE(.init))
 .init          0x0000000000000000       0x38 ./Startup/startup_ch32v20x_D6.o
                0x0000000000000000                _start
                0x0000000000000038                . = ALIGN (0x4)
                0x0000000000000038                _einit = .

.vector         0x0000000000000038      0x108
 *(.vector)
 .vector        0x0000000000000038       0xfc ./Startup/startup_ch32v20x_D6.o
                0x0000000000000140                . = ALIGN (0x40)
 *fill*         0x0000000000000134        0xc 

.text           0x0000000000000200     0xe774
                0x0000000000000200                . = ALIGN (0x4)
 *(.text)
 .text          0x0000000000000200      0x2ee ./FreeRTOS/portable/GCC/RISC-V/portASM.o
                0x0000000000000200                SW_Handler
                0x0000000000000300                xPortStartFirstTask
                0x0000000000000400                pxPortInitialiseStack
 .text          0x00000000000004ee       0x60 c:/mounriver/mounriver_studio/toolchain/risc-v embedded gcc/bin/../lib/gcc/riscv-none-embed/8.2.0/rv32imacxw/ilp32\libgcc.a(save-restore.o)
                0x00000000000004ee                __riscv_save_12
                0x00000000000004f6                __riscv_save_9
                0x00000000000004f6                __riscv_save_11
                0x00000000000004f6                __riscv_save_10
                0x00000000000004f6                __riscv_save_8
                0x0000000000000504                __riscv_save_4
                0x0000000000000504                __riscv_save_6
                0x0000000000000504                __riscv_save_5
                0x0000000000000504                __riscv_save_7
                0x000000000000051e                __riscv_save_3
                0x000000000000051e                __riscv_save_2
                0x000000000000051e                __riscv_save_1
                0x000000000000051e                __riscv_save_0
                0x000000000000052a                __riscv_restore_12
                0x000000000000052e                __riscv_restore_11
                0x000000000000052e                __riscv_restore_9
                0x000000000000052e                __riscv_restore_10
                0x000000000000052e                __riscv_restore_8
                0x0000000000000538                __riscv_restore_5
                0x0000000000000538                __riscv_restore_7
                0x0000000000000538                __riscv_restore_6
                0x0000000000000538                __riscv_restore_4
                0x0000000000000542                __riscv_restore_3
                0x0000000000000542                __riscv_restore_0
                0x0000000000000542                __riscv_restore_2
                0x0000000000000542                __riscv_restore_1
 .text          0x000000000000054e       0xa8 c:/mounriver/mounriver_studio/toolchain/risc-v embedded gcc/bin/../lib/gcc/riscv-none-embed/8.2.0/../../../../riscv-none-embed/lib/rv32imacxw/ilp32\libg_nano.a(lib_a-memset.o)
                0x000000000000054e                memset
 *(.text.*)
 .text.xCanOpenProcessTaskHandle
                0x00000000000005f6        0xa ./User/CanOpenNode.o
                0x00000000000005f6                xCanOpenProcessTaskHandle
 .text.xCanOpenPeriodicTaskHandle
                0x0000000000000600        0xa ./User/CanOpenNode.o
                0x0000000000000600                xCanOpenPeriodicTaskHandle
 .text.vCanOpenInit
                0x000000000000060a        0xa ./User/CanOpenNode.o
                0x000000000000060a                vCanOpenInit
 .text.vCanOpenProcess
                0x0000000000000614      0x192 ./User/CanOpenNode.o
                0x0000000000000614                vCanOpenProcess
 .text.vCanOpenPeriodicProcess
                0x00000000000007a6       0x82 ./User/CanOpenNode.o
                0x00000000000007a6                vCanOpenPeriodicProcess
 .text.setReg32
                0x0000000000000828       0x1a ./User/DataModel.o
                0x0000000000000828                setReg32
 .text.setReg16
                0x0000000000000842        0xe ./User/DataModel.o
                0x0000000000000842                setReg16
 .text.setReg8  0x0000000000000850        0xa ./User/DataModel.o
                0x0000000000000850                setReg8
 .text.setReg   0x000000000000085a       0x4c ./User/DataModel.o
                0x000000000000085a                setReg
 .text.getReg16
                0x00000000000008a6       0x10 ./User/DataModel.o
                0x00000000000008a6                getReg16
 .text.getReg32
                0x00000000000008b6       0x1c ./User/DataModel.o
                0x00000000000008b6                getReg32
 .text.DataModel_Init
                0x00000000000008d2      0x5d6 ./User/DataModel.o
                0x00000000000008d2                DataModel_Init
 .text.getReg8  0x0000000000000ea8        0xa ./User/DataModel.o
                0x0000000000000ea8                getReg8
 .text.WriteReg
                0x0000000000000eb2       0x60 ./User/DataModel.o
                0x0000000000000eb2                WriteReg
 .text.vGetBitrate
                0x0000000000000f12       0x2a ./User/DataModel.o
                0x0000000000000f12                vGetBitrate
 .text.vFDGetNMTState
                0x0000000000000f3c        0x6 ./User/DataModel.o
                0x0000000000000f3c                vFDGetNMTState
 .text.vGetNodeId
                0x0000000000000f42        0x6 ./User/DataModel.o
                0x0000000000000f42                vGetNodeId
 .text.vIncrementSystemCounters
                0x0000000000000f48       0x36 ./User/DataModel.o
                0x0000000000000f48                vIncrementSystemCounters
 .text.vSaveData
                0x0000000000000f7e       0x16 ./User/DataModel.o
                0x0000000000000f7e                vSaveData
 .text.getOdometr
                0x0000000000000f94        0x4 ./User/DataModel.o
                0x0000000000000f94                getOdometr
 .text.NMI_Handler
                0x0000000000000f98        0x2 ./User/ch32v20x_it.o
                0x0000000000000f98                NMI_Handler
 .text.HardFault_Handler
                0x0000000000000f9a       0x66 ./User/ch32v20x_it.o
                0x0000000000000f9a                HardFault_Handler
 .text.xProcessTaskHandle
                0x0000000000001000        0xa ./User/dash_draw.o
                0x0000000000001000                xProcessTaskHandle
 .text.vSetErrorReg
                0x000000000000100a        0xa ./User/dash_draw.o
                0x000000000000100a                vSetErrorReg
 .text.getODValue
                0x0000000000001014      0x110 ./User/dash_draw.o
                0x0000000000001014                getODValue
 .text.IncMenuIndex
                0x0000000000001124       0x60 ./User/dash_draw.o
                0x0000000000001124                IncMenuIndex
 .text.SetCurMenuHome
                0x0000000000001184        0xe ./User/dash_draw.o
                0x0000000000001184                SetCurMenuHome
 .text.GetCurMenuHome
                0x0000000000001192        0x6 ./User/dash_draw.o
                0x0000000000001192                GetCurMenuHome
 .text.SetCurrentMenu
                0x0000000000001198       0x12 ./User/dash_draw.o
                0x0000000000001198                SetCurrentMenu
 .text.SetDefault
                0x00000000000011aa       0x28 ./User/dash_draw.o
                0x00000000000011aa                SetDefault
 .text.CheckMenuChannel
                0x00000000000011d2       0x1a ./User/dash_draw.o
                0x00000000000011d2                CheckMenuChannel
 .text.vDashDrawInit
                0x00000000000011ec       0x72 ./User/dash_draw.o
                0x00000000000011ec                vDashDrawInit
 .text.vAcceptError
                0x000000000000125e       0x1a ./User/dash_draw.o
                0x000000000000125e                vAcceptError
 .text.vRGBOff  0x0000000000001278       0x26 ./User/dash_draw.o
                0x0000000000001278                vRGBOff
 .text.vGetEdgeData
                0x000000000000129e       0x2a ./User/dash_draw.o
                0x000000000000129e                vGetEdgeData
 .text.vRGBMode
                0x00000000000012c8       0xbe ./User/dash_draw.o
                0x00000000000012c8                vRGBMode
 .text.vBarColorMode
                0x0000000000001386       0xc2 ./User/dash_draw.o
                0x0000000000001386                vBarColorMode
 .text.vBarWindowMode
                0x0000000000001448       0x5a ./User/dash_draw.o
                0x0000000000001448                vBarWindowMode
 .text.vBarMode
                0x00000000000014a2       0x66 ./User/dash_draw.o
                0x00000000000014a2                vBarMode
 .text.RedrawNotifyTaskToInit
                0x0000000000001508       0x28 ./User/dash_draw.o
                0x0000000000001508                RedrawNotifyTaskToInit
 .text.vRedrawTask
                0x0000000000001530      0x238 ./User/dash_draw.o
                0x0000000000001530                vRedrawTask
 .text.vInit_DeviceConfig
                0x0000000000001768      0x164 ./User/init.o
                0x0000000000001768                vInit_DeviceConfig
 .text.ADC1_Event
                0x00000000000018cc       0x48 ./User/inputs.o
                0x00000000000018cc                ADC1_Event
 .text.fDinStateCallback
                0x0000000000001914       0x32 ./User/inputs.o
                0x0000000000001914                fDinStateCallback
 .text.vSetDoutState
                0x0000000000001946       0x28 ./User/inputs.o
                0x0000000000001946                vSetDoutState
 .text.getInputsTaskHandle
                0x000000000000196e        0xa ./User/inputs.o
                0x000000000000196e                getInputsTaskHandle
 .text.InputsNotifyTaskToInit
                0x0000000000001978       0x28 ./User/inputs.o
                0x0000000000001978                InputsNotifyTaskToInit
 .text.ADC1_Init
                0x00000000000019a0       0x54 ./User/inputs.o
                0x00000000000019a0                ADC1_Init
 .text.ADC_FSM  0x00000000000019f4       0xfe ./User/inputs.o
                0x00000000000019f4                ADC_FSM
 .text.GetAIN   0x0000000000001af2        0xc ./User/inputs.o
                0x0000000000001af2                GetAIN
 .text.vInputsTask
                0x0000000000001afe      0x1cc ./User/inputs.o
                0x0000000000001afe                vInputsTask
 .text.fPortState
                0x0000000000001cca       0x1a ./User/keyboard_task.o
                0x0000000000001cca                fPortState
 .text.xKeyboardProcessTaskHandle
                0x0000000000001ce4        0xa ./User/keyboard_task.o
                0x0000000000001ce4                xKeyboardProcessTaskHandle
 .text.vInitKeybord
                0x0000000000001cee       0x42 ./User/keyboard_task.o
                0x0000000000001cee                vInitKeybord
 .text.vKeyboardTask
                0x0000000000001d30       0x14 ./User/keyboard_task.o
                0x0000000000001d30                vKeyboardTask
 .text.SPI1_DMA_Callback
                0x0000000000001d44       0x38 ./User/led.o
                0x0000000000001d44                SPI1_DMA_Callback
 .text.SPI2_DMA_Callback
                0x0000000000001d7c       0x3e ./User/led.o
                0x0000000000001d7c                SPI2_DMA_Callback
 .text.SetBarState
                0x0000000000001dba       0x50 ./User/led.o
                0x0000000000001dba                SetBarState
 .text.vSetInitBrigth
                0x0000000000001e0a        0x2 ./User/led.o
                0x0000000000001e0a                vSetInitBrigth
 .text.SetRGB   0x0000000000001e0c       0xa0 ./User/led.o
                0x0000000000001e0c                SetRGB
 .text.SetSegDirect
                0x0000000000001eac       0x9c ./User/led.o
                0x0000000000001eac                SetSegDirect
 .text.SetSEG   0x0000000000001f48      0x120 ./User/led.o
                0x0000000000001f48                SetSEG
 .text.SetBigSeg
                0x0000000000002068       0x14 ./User/led.o
                0x0000000000002068                SetBigSeg
 .text.vSetBrigth
                0x000000000000207c       0x2a ./User/led.o
                0x000000000000207c                vSetBrigth
 .text.vLedDriverStart
                0x00000000000020a6       0x6e ./User/led.o
                0x00000000000020a6                vLedDriverStart
 .text.vLedProcess
                0x0000000000002114       0x2c ./User/led.o
                0x0000000000002114                vLedProcess
 .text.vRGBProcess
                0x0000000000002140      0x10e ./User/led.o
                0x0000000000002140                vRGBProcess
 .text.startup.main
                0x000000000000224e       0x4a ./User/main.o
                0x000000000000224e                main
 .text.vRestartNode
                0x0000000000002298        0x2 ./User/main.o
                0x0000000000002298                vRestartNode
 .text.Error_Handler
                0x000000000000229a        0x8 ./User/main.o
                0x000000000000229a                Error_Handler
 .text.OD_writeV1_7
                0x00000000000022a2       0x34 ./User/process.o
 .text.OD_writeV8_14
                0x00000000000022d6       0x34 ./User/process.o
 .text.WriteRGB
                0x000000000000230a       0x3c ./User/process.o
 .text.OD_writeRGB1
                0x0000000000002346       0x14 ./User/process.o
 .text.OD_writeRGB2
                0x000000000000235a       0x16 ./User/process.o
 .text.OD_writeRGB3
                0x0000000000002370       0x18 ./User/process.o
 .text.OD_writeRGB4
                0x0000000000002388       0x18 ./User/process.o
 .text.OD_writeRGB5
                0x00000000000023a0       0x18 ./User/process.o
 .text.OD_writeRGB6
                0x00000000000023b8       0x18 ./User/process.o
 .text.OD_writeRGB7
                0x00000000000023d0       0x18 ./User/process.o
 .text.OD_writeRGB8
                0x00000000000023e8       0x18 ./User/process.o
 .text.OD_writeRGB9
                0x0000000000002400       0x18 ./User/process.o
 .text.OD_writeRGB10
                0x0000000000002418       0x18 ./User/process.o
 .text.OD_writeRGB11
                0x0000000000002430       0x18 ./User/process.o
 .text.OD_writeRGB12
                0x0000000000002448       0x18 ./User/process.o
 .text.OD_writeRGB13
                0x0000000000002460       0x18 ./User/process.o
 .text.OD_writeRGBMAP
                0x0000000000002478       0x40 ./User/process.o
 .text.OD_writeSEG
                0x00000000000024b8       0x40 ./User/process.o
 .text.OD_writeBitrate
                0x00000000000024f8       0x32 ./User/process.o
 .text.OD_readAIN_RPM
                0x000000000000252a       0x24 ./User/process.o
 .text.OD_readDIN
                0x000000000000254e       0x1c ./User/process.o
 .text.OD_writeMenuSetup
                0x000000000000256a       0x56 ./User/process.o
 .text.OD_writeBAR
                0x00000000000025c0       0x3a ./User/process.o
 .text.CO_getUint32
                0x00000000000025fa       0x18 ./User/process.o
 .text.OD_writeRPMConfig
                0x0000000000002612       0x3a ./User/process.o
 .text.OD_writeMenuMap
                0x000000000000264c       0x36 ./User/process.o
 .text.OD_writeERROR_REG
                0x0000000000002682       0x2a ./User/process.o
 .text.OD_writeDashParam
                0x00000000000026ac       0x34 ./User/process.o
 .text.OD_readDashParam
                0x00000000000026e0       0x3a ./User/process.o
 .text.OD_writeBrigth
                0x000000000000271a       0x6a ./User/process.o
 .text.OD_readMenuSetup
                0x0000000000002784       0x38 ./User/process.o
 .text.writeADC.isra.2
                0x00000000000027bc       0x7c ./User/process.o
 .text.OD_writeADC1
                0x0000000000002838       0x2a ./User/process.o
 .text.OD_writeADC2
                0x0000000000002862       0x2a ./User/process.o
 .text.OD_writeADC3
                0x000000000000288c       0x2a ./User/process.o
 .text.OD_writeV15_17
                0x00000000000028b6       0x3c ./User/process.o
 .text.vProceesInit
                0x00000000000028f2      0x238 ./User/process.o
                0x00000000000028f2                vProceesInit
 .text.SystemInit
                0x0000000000002b2a       0xee ./User/system_ch32v20x.o
                0x0000000000002b2a                SystemInit
 .text.SystemCoreClockUpdate
                0x0000000000002c18       0x92 ./User/system_ch32v20x.o
                0x0000000000002c18                SystemCoreClockUpdate
 .text.StartDefaultTask
                0x0000000000002caa      0x15c ./User/system_init.o
 .text.vApplicationGetIdleTaskMemory
                0x0000000000002e06       0x1c ./User/system_init.o
                0x0000000000002e06                vApplicationGetIdleTaskMemory
 .text.vApplicationGetTimerTaskMemory
                0x0000000000002e22       0x1c ./User/system_init.o
                0x0000000000002e22                vApplicationGetTimerTaskMemory
 .text.vSYStaskInit
                0x0000000000002e3e      0x144 ./User/system_init.o
                0x0000000000002e3e                vSYStaskInit
 .text.vSYSqueueInit
                0x0000000000002f82       0x2a ./User/system_init.o
                0x0000000000002f82                vSYSqueueInit
 .text.vSYSeventInit
                0x0000000000002fac        0x2 ./User/system_init.o
                0x0000000000002fac                vSYSeventInit
 .text.vector_handler
                0x0000000000002fae       0x6c ./Startup/startup_ch32v20x_D6.o
                0x0000000000002fb2                Ecall_M_Mode_Handler
                0x0000000000002fb4                Ecall_U_Mode_Handler
                0x0000000000002fb6                Break_Point_Handler
                0x0000000000002fbc                WWDG_IRQHandler
                0x0000000000002fbe                PVD_IRQHandler
                0x0000000000002fc0                TAMPER_IRQHandler
                0x0000000000002fc4                FLASH_IRQHandler
                0x0000000000002fc6                RCC_IRQHandler
                0x0000000000002fc8                EXTI0_IRQHandler
                0x0000000000002fca                EXTI1_IRQHandler
                0x0000000000002fcc                EXTI2_IRQHandler
                0x0000000000002fce                EXTI3_IRQHandler
                0x0000000000002fd0                EXTI4_IRQHandler
                0x0000000000002fd4                DMA1_Channel2_IRQHandler
                0x0000000000002fdc                DMA1_Channel6_IRQHandler
                0x0000000000002fea                EXTI9_5_IRQHandler
                0x0000000000002fec                TIM1_BRK_IRQHandler
                0x0000000000002ff0                TIM1_TRG_COM_IRQHandler
                0x0000000000002ff2                TIM1_CC_IRQHandler
                0x0000000000003002                SPI1_IRQHandler
                0x0000000000003004                SPI2_IRQHandler
                0x0000000000003006                USART1_IRQHandler
                0x0000000000003008                USART2_IRQHandler
                0x000000000000300a                USART3_IRQHandler
                0x000000000000300c                EXTI15_10_IRQHandler
                0x000000000000300e                RTCAlarm_IRQHandler
                0x0000000000003010                USBWakeUp_IRQHandler
                0x0000000000003012                USBHD_IRQHandler
                0x0000000000003014                USBHDWakeUp_IRQHandler
                0x0000000000003016                UART4_IRQHandler
                0x0000000000003018                DMA1_Channel8_IRQHandler
 .text.handle_reset
                0x000000000000301a       0x92 ./Startup/startup_ch32v20x_D6.o
                0x000000000000301a                handle_reset
 .text.ADC_DeInit
                0x00000000000030ac       0x46 ./Peripheral/src/ch32v20x_adc.o
                0x00000000000030ac                ADC_DeInit
 .text.ADC_Init
                0x00000000000030f2       0x56 ./Peripheral/src/ch32v20x_adc.o
                0x00000000000030f2                ADC_Init
 .text.ADC_Cmd  0x0000000000003148       0x10 ./Peripheral/src/ch32v20x_adc.o
                0x0000000000003148                ADC_Cmd
 .text.ADC_DMACmd
                0x0000000000003158       0x12 ./Peripheral/src/ch32v20x_adc.o
                0x0000000000003158                ADC_DMACmd
 .text.ADC_ResetCalibration
                0x000000000000316a        0xa ./Peripheral/src/ch32v20x_adc.o
                0x000000000000316a                ADC_ResetCalibration
 .text.ADC_GetResetCalibrationStatus
                0x0000000000003174        0x8 ./Peripheral/src/ch32v20x_adc.o
                0x0000000000003174                ADC_GetResetCalibrationStatus
 .text.ADC_StartCalibration
                0x000000000000317c        0xa ./Peripheral/src/ch32v20x_adc.o
                0x000000000000317c                ADC_StartCalibration
 .text.ADC_GetCalibrationStatus
                0x0000000000003186        0x8 ./Peripheral/src/ch32v20x_adc.o
                0x0000000000003186                ADC_GetCalibrationStatus
 .text.ADC_SoftwareStartConvCmd
                0x000000000000318e       0x18 ./Peripheral/src/ch32v20x_adc.o
                0x000000000000318e                ADC_SoftwareStartConvCmd
 .text.ADC_RegularChannelConfig
                0x00000000000031a6       0xb8 ./Peripheral/src/ch32v20x_adc.o
                0x00000000000031a6                ADC_RegularChannelConfig
 .text.ADC_ExternalTrigConvCmd
                0x000000000000325e       0x18 ./Peripheral/src/ch32v20x_adc.o
                0x000000000000325e                ADC_ExternalTrigConvCmd
 .text.ADC_GetITStatus
                0x0000000000003276       0x1c ./Peripheral/src/ch32v20x_adc.o
                0x0000000000003276                ADC_GetITStatus
 .text.ADC_ClearITPendingBit
                0x0000000000003292        0xa ./Peripheral/src/ch32v20x_adc.o
                0x0000000000003292                ADC_ClearITPendingBit
 .text.ADC_BufferCmd
                0x000000000000329c       0x18 ./Peripheral/src/ch32v20x_adc.o
                0x000000000000329c                ADC_BufferCmd
 .text.Get_CalibrationValue
                0x00000000000032b4      0x1fe ./Peripheral/src/ch32v20x_adc.o
                0x00000000000032b4                Get_CalibrationValue
 .text.BKP_DeInit
                0x00000000000034b2       0x14 ./Peripheral/src/ch32v20x_bkp.o
                0x00000000000034b2                BKP_DeInit
 .text.CAN_Init
                0x00000000000034c6       0xe8 ./Peripheral/src/ch32v20x_can.o
                0x00000000000034c6                CAN_Init
 .text.CAN_FilterInit
                0x00000000000035ae      0x118 ./Peripheral/src/ch32v20x_can.o
                0x00000000000035ae                CAN_FilterInit
 .text.CAN_Transmit
                0x00000000000036c6       0xbc ./Peripheral/src/ch32v20x_can.o
                0x00000000000036c6                CAN_Transmit
 .text.CAN_Receive
                0x0000000000003782       0x8c ./Peripheral/src/ch32v20x_can.o
                0x0000000000003782                CAN_Receive
 .text.CAN_OperatingModeRequest
                0x000000000000380e       0x72 ./Peripheral/src/ch32v20x_can.o
                0x000000000000380e                CAN_OperatingModeRequest
 .text.CAN_ITConfig
                0x0000000000003880       0x12 ./Peripheral/src/ch32v20x_can.o
                0x0000000000003880                CAN_ITConfig
 .text.CAN_GetFlagStatus
                0x0000000000003892       0x56 ./Peripheral/src/ch32v20x_can.o
                0x0000000000003892                CAN_GetFlagStatus
 .text.CAN_ClearFlag
                0x00000000000038e8       0x40 ./Peripheral/src/ch32v20x_can.o
                0x00000000000038e8                CAN_ClearFlag
 .text.CAN_ClearITPendingBit
                0x0000000000003928       0x94 ./Peripheral/src/ch32v20x_can.o
                0x0000000000003928                CAN_ClearITPendingBit
 .text.DMA_Init
                0x00000000000039bc       0x38 ./Peripheral/src/ch32v20x_dma.o
                0x00000000000039bc                DMA_Init
 .text.DMA_Cmd  0x00000000000039f4       0x14 ./Peripheral/src/ch32v20x_dma.o
                0x00000000000039f4                DMA_Cmd
 .text.DMA_ITConfig
                0x0000000000003a08       0x12 ./Peripheral/src/ch32v20x_dma.o
                0x0000000000003a08                DMA_ITConfig
 .text.DMA_SetCurrDataCounter
                0x0000000000003a1a        0x4 ./Peripheral/src/ch32v20x_dma.o
                0x0000000000003a1a                DMA_SetCurrDataCounter
 .text.DMA_GetFlagStatus
                0x0000000000003a1e        0xe ./Peripheral/src/ch32v20x_dma.o
                0x0000000000003a1e                DMA_GetFlagStatus
 .text.DMA_GetITStatus
                0x0000000000003a2c        0xc ./Peripheral/src/ch32v20x_dma.o
                0x0000000000003a2c                DMA_GetITStatus
 .text.DMA_ClearITPendingBit
                0x0000000000003a38        0x8 ./Peripheral/src/ch32v20x_dma.o
                0x0000000000003a38                DMA_ClearITPendingBit
 .text.GPIO_Init
                0x0000000000003a40       0xfa ./Peripheral/src/ch32v20x_gpio.o
                0x0000000000003a40                GPIO_Init
 .text.GPIO_ReadInputDataBit
                0x0000000000003b3a       0x1e ./Peripheral/src/ch32v20x_gpio.o
                0x0000000000003b3a                GPIO_ReadInputDataBit
 .text.GPIO_SetBits
                0x0000000000003b58       0x18 ./Peripheral/src/ch32v20x_gpio.o
                0x0000000000003b58                GPIO_SetBits
 .text.GPIO_ResetBits
                0x0000000000003b70       0x18 ./Peripheral/src/ch32v20x_gpio.o
                0x0000000000003b70                GPIO_ResetBits
 .text.GPIO_PinRemapConfig
                0x0000000000003b88       0xf2 ./Peripheral/src/ch32v20x_gpio.o
                0x0000000000003b88                GPIO_PinRemapConfig
 .text.I2C_Init
                0x0000000000003c7a       0xf2 ./Peripheral/src/ch32v20x_i2c.o
                0x0000000000003c7a                I2C_Init
 .text.I2C_Cmd  0x0000000000003d6c       0x18 ./Peripheral/src/ch32v20x_i2c.o
                0x0000000000003d6c                I2C_Cmd
 .text.I2C_GenerateSTART
                0x0000000000003d84       0x1a ./Peripheral/src/ch32v20x_i2c.o
                0x0000000000003d84                I2C_GenerateSTART
 .text.I2C_GenerateSTOP
                0x0000000000003d9e       0x1a ./Peripheral/src/ch32v20x_i2c.o
                0x0000000000003d9e                I2C_GenerateSTOP
 .text.I2C_AcknowledgeConfig
                0x0000000000003db8       0x1a ./Peripheral/src/ch32v20x_i2c.o
                0x0000000000003db8                I2C_AcknowledgeConfig
 .text.I2C_DualAddressCmd
                0x0000000000003dd2       0x18 ./Peripheral/src/ch32v20x_i2c.o
                0x0000000000003dd2                I2C_DualAddressCmd
 .text.I2C_ITConfig
                0x0000000000003dea       0x12 ./Peripheral/src/ch32v20x_i2c.o
                0x0000000000003dea                I2C_ITConfig
 .text.I2C_SendData
                0x0000000000003dfc        0x4 ./Peripheral/src/ch32v20x_i2c.o
                0x0000000000003dfc                I2C_SendData
 .text.I2C_ReceiveData
                0x0000000000003e00        0x8 ./Peripheral/src/ch32v20x_i2c.o
                0x0000000000003e00                I2C_ReceiveData
 .text.I2C_Send7bitAddress
                0x0000000000003e08       0x12 ./Peripheral/src/ch32v20x_i2c.o
                0x0000000000003e08                I2C_Send7bitAddress
 .text.I2C_ReadRegister
                0x0000000000003e1a       0x14 ./Peripheral/src/ch32v20x_i2c.o
                0x0000000000003e1a                I2C_ReadRegister
 .text.I2C_GetFlagStatus
                0x0000000000003e2e       0x32 ./Peripheral/src/ch32v20x_i2c.o
                0x0000000000003e2e                I2C_GetFlagStatus
 .text.I2C_ClearFlag
                0x0000000000003e60        0xc ./Peripheral/src/ch32v20x_i2c.o
                0x0000000000003e60                I2C_ClearFlag
 .text.NVIC_PriorityGroupConfig
                0x0000000000003e6c        0xa ./Peripheral/src/ch32v20x_misc.o
                0x0000000000003e6c                NVIC_PriorityGroupConfig
 .text.NVIC_Init
                0x0000000000003e76       0xaa ./Peripheral/src/ch32v20x_misc.o
                0x0000000000003e76                NVIC_Init
 .text.PWR_BackupAccessCmd
                0x0000000000003f20       0x16 ./Peripheral/src/ch32v20x_pwr.o
                0x0000000000003f20                PWR_BackupAccessCmd
 .text.RCC_ADCCLKConfig
                0x0000000000003f36       0x12 ./Peripheral/src/ch32v20x_rcc.o
                0x0000000000003f36                RCC_ADCCLKConfig
 .text.RCC_LSEConfig
                0x0000000000003f48       0x28 ./Peripheral/src/ch32v20x_rcc.o
                0x0000000000003f48                RCC_LSEConfig
 .text.RCC_RTCCLKConfig
                0x0000000000003f70        0xc ./Peripheral/src/ch32v20x_rcc.o
                0x0000000000003f70                RCC_RTCCLKConfig
 .text.RCC_RTCCLKCmd
                0x0000000000003f7c       0x20 ./Peripheral/src/ch32v20x_rcc.o
                0x0000000000003f7c                RCC_RTCCLKCmd
 .text.RCC_GetClocksFreq
                0x0000000000003f9c       0xbe ./Peripheral/src/ch32v20x_rcc.o
                0x0000000000003f9c                RCC_GetClocksFreq
 .text.RCC_AHBPeriphClockCmd
                0x000000000000405a       0x1e ./Peripheral/src/ch32v20x_rcc.o
                0x000000000000405a                RCC_AHBPeriphClockCmd
 .text.RCC_APB2PeriphClockCmd
                0x0000000000004078       0x1e ./Peripheral/src/ch32v20x_rcc.o
                0x0000000000004078                RCC_APB2PeriphClockCmd
 .text.RCC_APB1PeriphClockCmd
                0x0000000000004096       0x1e ./Peripheral/src/ch32v20x_rcc.o
                0x0000000000004096                RCC_APB1PeriphClockCmd
 .text.RCC_APB2PeriphResetCmd
                0x00000000000040b4       0x1e ./Peripheral/src/ch32v20x_rcc.o
                0x00000000000040b4                RCC_APB2PeriphResetCmd
 .text.RCC_APB1PeriphResetCmd
                0x00000000000040d2       0x1e ./Peripheral/src/ch32v20x_rcc.o
                0x00000000000040d2                RCC_APB1PeriphResetCmd
 .text.RCC_BackupResetCmd
                0x00000000000040f0       0x20 ./Peripheral/src/ch32v20x_rcc.o
                0x00000000000040f0                RCC_BackupResetCmd
 .text.RCC_GetFlagStatus
                0x0000000000004110       0x2e ./Peripheral/src/ch32v20x_rcc.o
                0x0000000000004110                RCC_GetFlagStatus
 .text.RTC_ITConfig
                0x000000000000413e       0x1a ./Peripheral/src/ch32v20x_rtc.o
                0x000000000000413e                RTC_ITConfig
 .text.RTC_EnterConfigMode
                0x0000000000004158       0x12 ./Peripheral/src/ch32v20x_rtc.o
                0x0000000000004158                RTC_EnterConfigMode
 .text.RTC_ExitConfigMode
                0x000000000000416a       0x18 ./Peripheral/src/ch32v20x_rtc.o
                0x000000000000416a                RTC_ExitConfigMode
 .text.RTC_SetPrescaler
                0x0000000000004182       0x2e ./Peripheral/src/ch32v20x_rtc.o
                0x0000000000004182                RTC_SetPrescaler
 .text.RTC_WaitForLastTask
                0x00000000000041b0       0x10 ./Peripheral/src/ch32v20x_rtc.o
                0x00000000000041b0                RTC_WaitForLastTask
 .text.RTC_WaitForSynchro
                0x00000000000041c0       0x24 ./Peripheral/src/ch32v20x_rtc.o
                0x00000000000041c0                RTC_WaitForSynchro
 .text.RTC_ClearFlag
                0x00000000000041e4       0x14 ./Peripheral/src/ch32v20x_rtc.o
                0x00000000000041e4                RTC_ClearFlag
 .text.RTC_GetITStatus
                0x00000000000041f8       0x20 ./Peripheral/src/ch32v20x_rtc.o
                0x00000000000041f8                RTC_GetITStatus
 .text.RTC_ClearITPendingBit
                0x0000000000004218        0xc ./Peripheral/src/ch32v20x_rtc.o
                0x0000000000004218                RTC_ClearITPendingBit
 .text.SPI_I2S_DeInit
                0x0000000000004224       0x3e ./Peripheral/src/ch32v20x_spi.o
                0x0000000000004224                SPI_I2S_DeInit
 .text.SPI_Init
                0x0000000000004262       0x3e ./Peripheral/src/ch32v20x_spi.o
                0x0000000000004262                SPI_Init
 .text.SPI_Cmd  0x00000000000042a0       0x1a ./Peripheral/src/ch32v20x_spi.o
                0x00000000000042a0                SPI_Cmd
 .text.SPI_I2S_DMACmd
                0x00000000000042ba       0x12 ./Peripheral/src/ch32v20x_spi.o
                0x00000000000042ba                SPI_I2S_DMACmd
 .text.SPI_I2S_GetFlagStatus
                0x00000000000042cc        0xa ./Peripheral/src/ch32v20x_spi.o
                0x00000000000042cc                SPI_I2S_GetFlagStatus
 .text.SPI_I2S_ClearFlag
                0x00000000000042d6        0xc ./Peripheral/src/ch32v20x_spi.o
                0x00000000000042d6                SPI_I2S_ClearFlag
 .text.TIM_DeInit
                0x00000000000042e2       0x8a ./Peripheral/src/ch32v20x_tim.o
                0x00000000000042e2                TIM_DeInit
 .text.TIM_TimeBaseInit
                0x000000000000436c       0x6a ./Peripheral/src/ch32v20x_tim.o
                0x000000000000436c                TIM_TimeBaseInit
 .text.TIM_OC1Init
                0x00000000000043d6       0x6a ./Peripheral/src/ch32v20x_tim.o
                0x00000000000043d6                TIM_OC1Init
 .text.TIM_OC2Init
                0x0000000000004440       0x96 ./Peripheral/src/ch32v20x_tim.o
                0x0000000000004440                TIM_OC2Init
 .text.TIM_OC3Init
                0x00000000000044d6       0x94 ./Peripheral/src/ch32v20x_tim.o
                0x00000000000044d6                TIM_OC3Init
 .text.TIM_OC4Init
                0x000000000000456a       0x6c ./Peripheral/src/ch32v20x_tim.o
                0x000000000000456a                TIM_OC4Init
 .text.TIM_TimeBaseStructInit
                0x00000000000045d6       0x16 ./Peripheral/src/ch32v20x_tim.o
                0x00000000000045d6                TIM_TimeBaseStructInit
 .text.TIM_Cmd  0x00000000000045ec       0x18 ./Peripheral/src/ch32v20x_tim.o
                0x00000000000045ec                TIM_Cmd
 .text.TIM_CtrlPWMOutputs
                0x0000000000004604       0x16 ./Peripheral/src/ch32v20x_tim.o
                0x0000000000004604                TIM_CtrlPWMOutputs
 .text.TIM_ITConfig
                0x000000000000461a       0x12 ./Peripheral/src/ch32v20x_tim.o
                0x000000000000461a                TIM_ITConfig
 .text.TIM_InternalClockConfig
                0x000000000000462c       0x10 ./Peripheral/src/ch32v20x_tim.o
                0x000000000000462c                TIM_InternalClockConfig
 .text.TIM_ARRPreloadConfig
                0x000000000000463c       0x1a ./Peripheral/src/ch32v20x_tim.o
                0x000000000000463c                TIM_ARRPreloadConfig
 .text.TIM_OC1PreloadConfig
                0x0000000000004656        0xe ./Peripheral/src/ch32v20x_tim.o
                0x0000000000004656                TIM_OC1PreloadConfig
 .text.TIM_OC2PreloadConfig
                0x0000000000004664       0x16 ./Peripheral/src/ch32v20x_tim.o
                0x0000000000004664                TIM_OC2PreloadConfig
 .text.TIM_OC3PreloadConfig
                0x000000000000467a        0xe ./Peripheral/src/ch32v20x_tim.o
                0x000000000000467a                TIM_OC3PreloadConfig
 .text.TIM_OC4PreloadConfig
                0x0000000000004688       0x16 ./Peripheral/src/ch32v20x_tim.o
                0x0000000000004688                TIM_OC4PreloadConfig
 .text.TIM_GetITStatus
                0x000000000000469e       0x18 ./Peripheral/src/ch32v20x_tim.o
                0x000000000000469e                TIM_GetITStatus
 .text.TIM_ClearITPendingBit
                0x00000000000046b6        0xc ./Peripheral/src/ch32v20x_tim.o
                0x00000000000046b6                TIM_ClearITPendingBit
 .text.USART_Init
                0x00000000000046c2       0xbc ./Peripheral/src/ch32v20x_usart.o
                0x00000000000046c2                USART_Init
 .text.USART_Cmd
                0x000000000000477e       0x16 ./Peripheral/src/ch32v20x_usart.o
                0x000000000000477e                USART_Cmd
 .text.USART_SendData
                0x0000000000004794        0x8 ./Peripheral/src/ch32v20x_usart.o
                0x0000000000004794                USART_SendData
 .text.USART_GetFlagStatus
                0x000000000000479c        0xa ./Peripheral/src/ch32v20x_usart.o
                0x000000000000479c                USART_GetFlagStatus
 .text.vAINInit
                0x00000000000047a6       0x36 ./HWLIB/hw_lib_adc.o
                0x00000000000047a6                vAINInit
 .text.fGetAinCalData
                0x00000000000047dc       0xb2 ./HWLIB/hw_lib_adc.o
                0x00000000000047dc                fGetAinCalData
 .text.eAinCalDataConfig
                0x000000000000488e       0x48 ./HWLIB/hw_lib_adc.o
                0x000000000000488e                eAinCalDataConfig
 .text.vABLineKoofFinde
                0x00000000000048d6       0x6a ./HWLIB/hw_lib_adc.o
                0x00000000000048d6                vABLineKoofFinde
 .text.eSetAinCalPoint
                0x0000000000004940       0x64 ./HWLIB/hw_lib_adc.o
                0x0000000000004940                eSetAinCalPoint
 .text.getADC1Buffer
                0x00000000000049a4        0xa ./HWLIB/hw_lib_adc.o
                0x00000000000049a4                getADC1Buffer
 .text.eDOUTConfigWtihStruct
                0x00000000000049ae       0x1a ./HWLIB/hw_lib_din.o
                0x00000000000049ae                eDOUTConfigWtihStruct
 .text.eSetDUT  0x00000000000049c8       0x12 ./HWLIB/hw_lib_din.o
                0x00000000000049c8                eSetDUT
 .text.eDinConfigWtihStruct
                0x00000000000049da       0x32 ./HWLIB/hw_lib_din.o
                0x00000000000049da                eDinConfigWtihStruct
 .text.uGetDIN  0x0000000000004a0c       0x14 ./HWLIB/hw_lib_din.o
                0x0000000000004a0c                uGetDIN
 .text.eRPMConfig
                0x0000000000004a20       0x5a ./HWLIB/hw_lib_din.o
                0x0000000000004a20                eRPMConfig
 .text.xGetRPM  0x0000000000004a7a       0x72 ./HWLIB/hw_lib_din.o
                0x0000000000004a7a                xGetRPM
 .text.vDinDoutProcess
                0x0000000000004aec       0x98 ./HWLIB/hw_lib_din.o
                0x0000000000004aec                vDinDoutProcess
 .text.vInitEEPROM
                0x0000000000004b84       0x18 ./HWLIB/hw_lib_eeprom.o
                0x0000000000004b84                vInitEEPROM
 .text.xGetEEPROM
                0x0000000000004b9c        0xa ./HWLIB/hw_lib_eeprom.o
                0x0000000000004b9c                xGetEEPROM
 .text.eEEPROMWr
                0x0000000000004ba6       0xb0 ./HWLIB/hw_lib_eeprom.o
                0x0000000000004ba6                eEEPROMWr
 .text.eEEPROMRd
                0x0000000000004c56       0x34 ./HWLIB/hw_lib_eeprom.o
                0x0000000000004c56                eEEPROMRd
 .text.bReadEEPROM
                0x0000000000004c8a       0x1a ./HWLIB/hw_lib_eeprom.o
                0x0000000000004c8a                bReadEEPROM
 .text.vPostState
                0x0000000000004ca4       0x30 ./HWLIB/hw_lib_keyboard.o
 .text.xKeyboardQueue
                0x0000000000004cd4        0xa ./HWLIB/hw_lib_keyboard.o
                0x0000000000004cd4                xKeyboardQueue
 .text.HW_LIB_GetKeyboardPeriod
                0x0000000000004cde        0xa ./HWLIB/hw_lib_keyboard.o
                0x0000000000004cde                HW_LIB_GetKeyboardPeriod
 .text.eKeyboardInit
                0x0000000000004ce8       0x50 ./HWLIB/hw_lib_keyboard.o
                0x0000000000004ce8                eKeyboardInit
 .text.HW_LIB_KeyboradFSM
                0x0000000000004d38       0x86 ./HWLIB/hw_lib_keyboard.o
                0x0000000000004d38                HW_LIB_KeyboradFSM
 .text.Get_ConversionVal
                0x0000000000004dbe       0x2e ./HAL/hal_adc.o
                0x0000000000004dbe                Get_ConversionVal
 .text.HAL_ADC_CommonConfig
                0x0000000000004dec        0xe ./HAL/hal_adc.o
                0x0000000000004dec                HAL_ADC_CommonConfig
 .text.HAL_ADC_ContiniusScanCinvertionDMA
                0x0000000000004dfa       0xda ./HAL/hal_adc.o
                0x0000000000004dfa                HAL_ADC_ContiniusScanCinvertionDMA
 .text.ADC1_2_IRQHandler
                0x0000000000004ed4       0x74 ./HAL/hal_adc.o
                0x0000000000004ed4                ADC1_2_IRQHandler
 .text.HAL_CANSetTXCallback
                0x0000000000004f48        0xa ./HAL/hal_can.o
                0x0000000000004f48                HAL_CANSetTXCallback
 .text.HAL_CANSetRXCallback
                0x0000000000004f52        0xa ./HAL/hal_can.o
                0x0000000000004f52                HAL_CANSetRXCallback
 .text.HAL_CANSetERRCallback
                0x0000000000004f5c        0xa ./HAL/hal_can.o
                0x0000000000004f5c                HAL_CANSetERRCallback
 .text.HAL_CANIntIT
                0x0000000000004f66      0x124 ./HAL/hal_can.o
                0x0000000000004f66                HAL_CANIntIT
 .text.HAL_CANToInitMode
                0x000000000000508a       0x16 ./HAL/hal_can.o
                0x000000000000508a                HAL_CANToInitMode
 .text.HAL_CANToOperatingMode
                0x00000000000050a0       0x16 ./HAL/hal_can.o
                0x00000000000050a0                HAL_CANToOperatingMode
 .text.HAL_CANSend
                0x00000000000050b6       0x50 ./HAL/hal_can.o
                0x00000000000050b6                HAL_CANSend
 .text.HAL_CANSetFiters
                0x0000000000005106       0x3a ./HAL/hal_can.o
                0x0000000000005106                HAL_CANSetFiters
 .text.HAL_CANGetRXMessage
                0x0000000000005140       0x52 ./HAL/hal_can.o
                0x0000000000005140                HAL_CANGetRXMessage
 .text.USB_HP_CAN1_TX_IRQHandler
                0x0000000000005192       0xd6 ./HAL/hal_can.o
                0x0000000000005192                USB_HP_CAN1_TX_IRQHandler
 .text.USB_LP_CAN1_RX0_IRQHandler
                0x0000000000005268       0x62 ./HAL/hal_can.o
                0x0000000000005268                USB_LP_CAN1_RX0_IRQHandler
 .text.CAN1_RX1_IRQHandler
                0x00000000000052ca       0x64 ./HAL/hal_can.o
                0x00000000000052ca                CAN1_RX1_IRQHandler
 .text.CAN1_SCE_IRQHandler
                0x000000000000532e       0x62 ./HAL/hal_can.o
                0x000000000000532e                CAN1_SCE_IRQHandler
 .text.HAL_DMA_Enable
                0x0000000000005390        0xe ./HAL/hal_dma.o
                0x0000000000005390                HAL_DMA_Enable
 .text.HAL_DMA_Disable
                0x000000000000539e        0xe ./HAL/hal_dma.o
                0x000000000000539e                HAL_DMA_Disable
 .text.HAL_DMA_SetCounter
                0x00000000000053ac       0x10 ./HAL/hal_dma.o
                0x00000000000053ac                HAL_DMA_SetCounter
 .text.HAL_DMAInitIT
                0x00000000000053bc      0x172 ./HAL/hal_dma.o
                0x00000000000053bc                HAL_DMAInitIT
 .text.HAL_ADC_StartDMA
                0x000000000000552e       0x64 ./HAL/hal_dma.o
                0x000000000000552e                HAL_ADC_StartDMA
 .text.DMA1_Channel1_IRQHandler
                0x0000000000005592       0x64 ./HAL/hal_dma.o
                0x0000000000005592                DMA1_Channel1_IRQHandler
 .text.DMA1_Channel3_IRQHandler
                0x00000000000055f6       0x68 ./HAL/hal_dma.o
                0x00000000000055f6                DMA1_Channel3_IRQHandler
 .text.DMA1_Channel5_IRQHandler
                0x000000000000565e       0x66 ./HAL/hal_dma.o
                0x000000000000565e                DMA1_Channel5_IRQHandler
 .text.DMA1_Channel4_IRQHandler
                0x00000000000056c4       0x64 ./HAL/hal_dma.o
                0x00000000000056c4                DMA1_Channel4_IRQHandler
 .text.DMA1_Channel7_IRQHandler
                0x0000000000005728       0x68 ./HAL/hal_dma.o
                0x0000000000005728                DMA1_Channel7_IRQHandler
 .text.HAL_InitGpioLib
                0x0000000000005790       0x12 ./HAL/hal_gpio.o
                0x0000000000005790                HAL_InitGpioLib
 .text.HAL_InitGpioRCC
                0x00000000000057a2       0xb6 ./HAL/hal_gpio.o
                0x00000000000057a2                HAL_InitGpioRCC
 .text.HAL_InitGpioOut
                0x0000000000005858       0x28 ./HAL/hal_gpio.o
                0x0000000000005858                HAL_InitGpioOut
 .text.HAL_InitGpioAIN
                0x0000000000005880       0x26 ./HAL/hal_gpio.o
                0x0000000000005880                HAL_InitGpioAIN
 .text.HAL_InitGpioIn
                0x00000000000058a6       0x28 ./HAL/hal_gpio.o
                0x00000000000058a6                HAL_InitGpioIn
 .text.HAL_InitGpioAF
                0x00000000000058ce       0x3c ./HAL/hal_gpio.o
                0x00000000000058ce                HAL_InitGpioAF
 .text.HAL_GetBit
                0x000000000000590a        0xc ./HAL/hal_gpio.o
                0x000000000000590a                HAL_GetBit
 .text.HAL_SetBit
                0x0000000000005916        0xc ./HAL/hal_gpio.o
                0x0000000000005916                HAL_SetBit
 .text.HAL_ResetBit
                0x0000000000005922        0xc ./HAL/hal_gpio.o
                0x0000000000005922                HAL_ResetBit
 .text.I2C_Master_TransmitIT
                0x000000000000592e       0x8e ./HAL/hal_i2c.o
 .text.I2C_Master_ReviceIT
                0x00000000000059bc       0xa2 ./HAL/hal_i2c.o
 .text.I2C_FSM  0x0000000000005a5e      0x1d6 ./HAL/hal_i2c.o
 .text.InitI2CDMA
                0x0000000000005c34      0x102 ./HAL/hal_i2c.o
                0x0000000000005c34                InitI2CDMA
 .text.I2C1_EV_IRQHandler
                0x0000000000005d36       0x4c ./HAL/hal_i2c.o
                0x0000000000005d36                I2C1_EV_IRQHandler
 .text.I2C1_ER_IRQHandler
                0x0000000000005d82       0x4c ./HAL/hal_i2c.o
                0x0000000000005d82                I2C1_ER_IRQHandler
 .text.I2C2_EV_IRQHandler
                0x0000000000005dce       0x4c ./HAL/hal_i2c.o
                0x0000000000005dce                I2C2_EV_IRQHandler
 .text.I2C2_ER_IRQHandler
                0x0000000000005e1a       0x4c ./HAL/hal_i2c.o
                0x0000000000005e1a                I2C2_ER_IRQHandler
 .text.HAL_RTC_IT_Init
                0x0000000000005e66       0xb0 ./HAL/hal_rtc.o
                0x0000000000005e66                HAL_RTC_IT_Init
 .text.RTC_IRQHandler
                0x0000000000005f16       0x64 ./HAL/hal_rtc.o
                0x0000000000005f16                RTC_IRQHandler
 .text.HAL_SPI_InitDMA
                0x0000000000005f7a       0x96 ./HAL/hal_spi.o
                0x0000000000005f7a                HAL_SPI_InitDMA
 .text.HAL_SPI_RXOveleyClear
                0x0000000000006010       0x10 ./HAL/hal_spi.o
                0x0000000000006010                HAL_SPI_RXOveleyClear
 .text.HAL_SPI_GetBusy
                0x0000000000006020       0x16 ./HAL/hal_spi.o
                0x0000000000006020                HAL_SPI_GetBusy
 .text.vTimerInitRCC
                0x0000000000006036       0x48 ./HAL/hal_timers.o
 .text.TIM1_UP_IRQHandler
                0x000000000000607e       0x74 ./HAL/hal_timers.o
                0x000000000000607e                TIM1_UP_IRQHandler
 .text.TIM4_IRQHandler
                0x00000000000060f2       0x74 ./HAL/hal_timers.o
                0x00000000000060f2                TIM4_IRQHandler
 .text.TIM3_IRQHandler
                0x0000000000006166       0x74 ./HAL/hal_timers.o
                0x0000000000006166                TIM3_IRQHandler
 .text.TIM2_IRQHandler
                0x00000000000061da       0x6c ./HAL/hal_timers.o
                0x00000000000061da                TIM2_IRQHandler
 .text.HAL_TiemrEneblae
                0x0000000000006246       0x1c ./HAL/hal_timers.o
                0x0000000000006246                HAL_TiemrEneblae
 .text.HW_TIMER_BaseTimerInit
                0x0000000000006262       0x4e ./HAL/hal_timers.o
                0x0000000000006262                HW_TIMER_BaseTimerInit
 .text.HAL_TIMER_InitIt
                0x00000000000062b0       0xa4 ./HAL/hal_timers.o
                0x00000000000062b0                HAL_TIMER_InitIt
 .text.HAL_TIMER_PWMTimersInit
                0x0000000000006354       0xec ./HAL/hal_timers.o
                0x0000000000006354                HAL_TIMER_PWMTimersInit
 .text.HAL_TIMER_DisablePWMCH
                0x0000000000006440       0x1c ./HAL/hal_timers.o
                0x0000000000006440                HAL_TIMER_DisablePWMCH
 .text.HAL_TIMER_SetPWMPulse
                0x000000000000645c       0x80 ./HAL/hal_timers.o
                0x000000000000645c                HAL_TIMER_SetPWMPulse
 .text.HAL_TIMER_EnablePWMCH
                0x00000000000064dc       0x1c ./HAL/hal_timers.o
                0x00000000000064dc                HAL_TIMER_EnablePWMCH
 .text.HAL_WDTReset
                0x00000000000064f8        0x2 ./HAL/hal_wdt.o
                0x00000000000064f8                HAL_WDTReset
 .text.prvInsertBlockIntoFreeList
                0x00000000000064fa       0x4c ./FreeRTOS/portable/MemMang/heap_4.o
 .text.pvPortMalloc
                0x0000000000006546      0x18a ./FreeRTOS/portable/MemMang/heap_4.o
                0x0000000000006546                pvPortMalloc
 .text.vPortFree
                0x00000000000066d0       0xa8 ./FreeRTOS/portable/MemMang/heap_4.o
                0x00000000000066d0                vPortFree
 .text.vPortSetupTimerInterrupt
                0x0000000000006778       0x3e ./FreeRTOS/portable/GCC/RISC-V/port.o
                0x0000000000006778                vPortSetupTimerInterrupt
 .text.xPortStartScheduler
                0x00000000000067b6       0x90 ./FreeRTOS/portable/GCC/RISC-V/port.o
                0x00000000000067b6                xPortStartScheduler
 .text.SysTick_Handler
                0x0000000000006846       0x7c ./FreeRTOS/portable/GCC/RISC-V/port.o
                0x0000000000006846                SysTick_Handler
 .text.vPortEnterCritical
                0x00000000000068c2       0x16 ./FreeRTOS/portable/GCC/RISC-V/port.o
                0x00000000000068c2                vPortEnterCritical
 .text.vPortExitCritical
                0x00000000000068d8       0x42 ./FreeRTOS/portable/GCC/RISC-V/port.o
                0x00000000000068d8                vPortExitCritical
 .text.xPortSetInterruptMask
                0x000000000000691a        0xc ./FreeRTOS/portable/GCC/RISC-V/port.o
                0x000000000000691a                xPortSetInterruptMask
 .text.vPortClearInterruptMask
                0x0000000000006926        0x6 ./FreeRTOS/portable/GCC/RISC-V/port.o
                0x0000000000006926                vPortClearInterruptMask
 .text.vListInitialise
                0x000000000000692c       0x14 ./FreeRTOS/list.o
                0x000000000000692c                vListInitialise
 .text.vListInitialiseItem
                0x0000000000006940        0x6 ./FreeRTOS/list.o
                0x0000000000006940                vListInitialiseItem
 .text.vListInsertEnd
                0x0000000000006946       0x18 ./FreeRTOS/list.o
                0x0000000000006946                vListInsertEnd
 .text.vListInsert
                0x000000000000695e       0x2e ./FreeRTOS/list.o
                0x000000000000695e                vListInsert
 .text.uxListRemove
                0x000000000000698c       0x20 ./FreeRTOS/list.o
                0x000000000000698c                uxListRemove
 .text.prvIsQueueEmpty
                0x00000000000069ac       0x1e ./FreeRTOS/queue.o
 .text.prvCopyDataToQueue
                0x00000000000069ca       0x72 ./FreeRTOS/queue.o
 .text.prvCopyDataFromQueue
                0x0000000000006a3c       0x28 ./FreeRTOS/queue.o
 .text.prvUnlockQueue
                0x0000000000006a64       0x76 ./FreeRTOS/queue.o
 .text.xQueueGenericReset
                0x0000000000006ada       0xc4 ./FreeRTOS/queue.o
                0x0000000000006ada                xQueueGenericReset
 .text.xQueueGenericCreateStatic
                0x0000000000006b9e       0xae ./FreeRTOS/queue.o
                0x0000000000006b9e                xQueueGenericCreateStatic
 .text.xQueueGenericCreate
                0x0000000000006c4c       0x72 ./FreeRTOS/queue.o
                0x0000000000006c4c                xQueueGenericCreate
 .text.xQueueGenericSend
                0x0000000000006cbe      0x1a8 ./FreeRTOS/queue.o
                0x0000000000006cbe                xQueueGenericSend
 .text.xQueueGiveMutexRecursive
                0x0000000000006e66       0x56 ./FreeRTOS/queue.o
                0x0000000000006e66                xQueueGiveMutexRecursive
 .text.xQueueCreateMutex
                0x0000000000006ebc       0x2e ./FreeRTOS/queue.o
                0x0000000000006ebc                xQueueCreateMutex
 .text.xQueueReceive
                0x0000000000006eea      0x166 ./FreeRTOS/queue.o
                0x0000000000006eea                xQueueReceive
 .text.xQueueSemaphoreTake
                0x0000000000007050      0x1be ./FreeRTOS/queue.o
                0x0000000000007050                xQueueSemaphoreTake
 .text.xQueueTakeMutexRecursive
                0x000000000000720e       0x5a ./FreeRTOS/queue.o
                0x000000000000720e                xQueueTakeMutexRecursive
 .text.vQueueAddToRegistry
                0x0000000000007268       0x6c ./FreeRTOS/queue.o
                0x0000000000007268                vQueueAddToRegistry
 .text.vQueueWaitForMessageRestricted
                0x00000000000072d4       0x5c ./FreeRTOS/queue.o
                0x00000000000072d4                vQueueWaitForMessageRestricted
 .text.prvIdleTask
                0x0000000000007330        0x2 ./FreeRTOS/tasks.o
 .text.prvAddNewTaskToReadyList
                0x0000000000007332      0x106 ./FreeRTOS/tasks.o
 .text.prvResetNextTaskUnblockTime
                0x0000000000007438       0x20 ./FreeRTOS/tasks.o
 .text.prvTaskIsTaskSuspended
                0x0000000000007458       0x50 ./FreeRTOS/tasks.o
 .text.prvInitialiseNewTask.isra.2
                0x00000000000074a8       0xc8 ./FreeRTOS/tasks.o
 .text.prvAddCurrentTaskToDelayedList
                0x0000000000007570       0xa4 ./FreeRTOS/tasks.o
 .text.xTaskCreateStatic
                0x0000000000007614       0xa6 ./FreeRTOS/tasks.o
                0x0000000000007614                xTaskCreateStatic
 .text.vTaskResume
                0x00000000000076ba       0xa6 ./FreeRTOS/tasks.o
                0x00000000000076ba                vTaskResume
 .text.vTaskStartScheduler
                0x0000000000007760       0x90 ./FreeRTOS/tasks.o
                0x0000000000007760                vTaskStartScheduler
 .text.vTaskSuspendAll
                0x00000000000077f0       0x10 ./FreeRTOS/tasks.o
                0x00000000000077f0                vTaskSuspendAll
 .text.xTaskGetTickCount
                0x0000000000007800        0x6 ./FreeRTOS/tasks.o
                0x0000000000007800                xTaskGetTickCount
 .text.xTaskIncrementTick
                0x0000000000007806      0x194 ./FreeRTOS/tasks.o
                0x0000000000007806                xTaskIncrementTick
 .text.xTaskResumeAll
                0x000000000000799a      0x154 ./FreeRTOS/tasks.o
                0x000000000000799a                xTaskResumeAll
 .text.vTaskDelay
                0x0000000000007aee       0x66 ./FreeRTOS/tasks.o
                0x0000000000007aee                vTaskDelay
 .text.vTaskSwitchContext
                0x0000000000007b54       0x92 ./FreeRTOS/tasks.o
                0x0000000000007b54                vTaskSwitchContext
 .text.vTaskSuspend
                0x0000000000007be6       0xea ./FreeRTOS/tasks.o
                0x0000000000007be6                vTaskSuspend
 .text.vTaskPlaceOnEventList
                0x0000000000007cd0       0x48 ./FreeRTOS/tasks.o
                0x0000000000007cd0                vTaskPlaceOnEventList
 .text.vTaskPlaceOnEventListRestricted
                0x0000000000007d18       0x76 ./FreeRTOS/tasks.o
                0x0000000000007d18                vTaskPlaceOnEventListRestricted
 .text.xTaskRemoveFromEventList
                0x0000000000007d8e       0xe4 ./FreeRTOS/tasks.o
                0x0000000000007d8e                xTaskRemoveFromEventList
 .text.vTaskInternalSetTimeOutState
                0x0000000000007e72        0xe ./FreeRTOS/tasks.o
                0x0000000000007e72                vTaskInternalSetTimeOutState
 .text.xTaskCheckForTimeOut
                0x0000000000007e80       0xaa ./FreeRTOS/tasks.o
                0x0000000000007e80                xTaskCheckForTimeOut
 .text.vTaskMissedYield
                0x0000000000007f2a        0x8 ./FreeRTOS/tasks.o
                0x0000000000007f2a                vTaskMissedYield
 .text.xTaskGetCurrentTaskHandle
                0x0000000000007f32        0xa ./FreeRTOS/tasks.o
                0x0000000000007f32                xTaskGetCurrentTaskHandle
 .text.xTaskGetSchedulerState
                0x0000000000007f3c       0x18 ./FreeRTOS/tasks.o
                0x0000000000007f3c                xTaskGetSchedulerState
 .text.xTaskPriorityInherit
                0x0000000000007f54       0xaa ./FreeRTOS/tasks.o
                0x0000000000007f54                xTaskPriorityInherit
 .text.xTaskPriorityDisinherit
                0x0000000000007ffe       0xc6 ./FreeRTOS/tasks.o
                0x0000000000007ffe                xTaskPriorityDisinherit
 .text.vTaskPriorityDisinheritAfterTimeout
                0x00000000000080c4       0xe2 ./FreeRTOS/tasks.o
                0x00000000000080c4                vTaskPriorityDisinheritAfterTimeout
 .text.pvTaskIncrementMutexHeldCount
                0x00000000000081a6       0x1c ./FreeRTOS/tasks.o
                0x00000000000081a6                pvTaskIncrementMutexHeldCount
 .text.ulTaskGenericNotifyTake
                0x00000000000081c2       0xb8 ./FreeRTOS/tasks.o
                0x00000000000081c2                ulTaskGenericNotifyTake
 .text.xTaskGenericNotifyWait
                0x000000000000827a       0xe6 ./FreeRTOS/tasks.o
                0x000000000000827a                xTaskGenericNotifyWait
 .text.xTaskGenericNotify
                0x0000000000008360      0x1ac ./FreeRTOS/tasks.o
                0x0000000000008360                xTaskGenericNotify
 .text.xTaskGenericNotifyFromISR
                0x000000000000850c      0x1e8 ./FreeRTOS/tasks.o
                0x000000000000850c                xTaskGenericNotifyFromISR
 .text.ulTaskGenericNotifyValueClear
                0x00000000000086f4       0x3e ./FreeRTOS/tasks.o
                0x00000000000086f4                ulTaskGenericNotifyValueClear
 .text.prvCheckForValidListAndQueue
                0x0000000000008732       0x6a ./FreeRTOS/timers.o
 .text.prvInsertTimerInActiveList
                0x000000000000879c       0x3e ./FreeRTOS/timers.o
 .text.prvReloadTimer
                0x00000000000087da       0x2a ./FreeRTOS/timers.o
 .text.prvProcessExpiredTimer
                0x0000000000008804       0x42 ./FreeRTOS/timers.o
 .text.prvSwitchTimerLists
                0x0000000000008846       0x28 ./FreeRTOS/timers.o
 .text.prvTimerTask
                0x000000000000886e      0x188 ./FreeRTOS/timers.o
 .text.xTimerCreateTimerTask
                0x00000000000089f6       0x6e ./FreeRTOS/timers.o
                0x00000000000089f6                xTimerCreateTimerTask
 .text.vRCFilter
                0x0000000000008a64       0x30 ./Drivers/filters.o
                0x0000000000008a64                vRCFilter
 .text.Delay_Init
                0x0000000000008a94       0x2a ./Debug/debug.o
                0x0000000000008a94                Delay_Init
 .text.Delay_Ms
                0x0000000000008abe       0x36 ./Debug/debug.o
                0x0000000000008abe                Delay_Ms
 .text.USART_Printf_Init
                0x0000000000008af4       0x5a ./Debug/debug.o
                0x0000000000008af4                USART_Printf_Init
 .text._write   0x0000000000008b4e       0x3e ./Debug/debug.o
                0x0000000000008b4e                _write
 .text._sbrk    0x0000000000008b8c       0x2a ./Debug/debug.o
                0x0000000000008b8c                _sbrk
 .text.__get_MEPC
                0x0000000000008bb6        0x6 ./Core/core_riscv.o
                0x0000000000008bb6                __get_MEPC
 .text.__get_MCAUSE
                0x0000000000008bbc        0x6 ./Core/core_riscv.o
                0x0000000000008bbc                __get_MCAUSE
 .text.__get_MTVAL
                0x0000000000008bc2        0x6 ./Core/core_riscv.o
                0x0000000000008bc2                __get_MTVAL
 .text.prv_read_can_received_msg
                0x0000000000008bc8       0x50 ./CANopenNode/keypad/CO_driver_ST32F103.o
                0x0000000000008bc8                prv_read_can_received_msg
 .text.prv_send_can_message.isra.0
                0x0000000000008c18       0x2c ./CANopenNode/keypad/CO_driver_ST32F103.o
 .text.CAN_SendMessage
                0x0000000000008c44       0x66 ./CANopenNode/keypad/CO_driver_ST32F103.o
                0x0000000000008c44                CAN_SendMessage
 .text.co_drv_create_os_objects
                0x0000000000008caa       0x30 ./CANopenNode/keypad/CO_driver_ST32F103.o
                0x0000000000008caa                co_drv_create_os_objects
 .text.co_drv_mutex_lock
                0x0000000000008cda       0x18 ./CANopenNode/keypad/CO_driver_ST32F103.o
                0x0000000000008cda                co_drv_mutex_lock
 .text.co_drv_mutex_unlock
                0x0000000000008cf2       0x16 ./CANopenNode/keypad/CO_driver_ST32F103.o
                0x0000000000008cf2                co_drv_mutex_unlock
 .text.CO_CANsetConfigurationMode
                0x0000000000008d08       0x10 ./CANopenNode/keypad/CO_driver_ST32F103.o
                0x0000000000008d08                CO_CANsetConfigurationMode
 .text.CO_CANsetNormalMode
                0x0000000000008d18       0x1c ./CANopenNode/keypad/CO_driver_ST32F103.o
                0x0000000000008d18                CO_CANsetNormalMode
 .text.CO_CANmodule_init
                0x0000000000008d34      0x110 ./CANopenNode/keypad/CO_driver_ST32F103.o
                0x0000000000008d34                CO_CANmodule_init
 .text.CO_CANmodule_disable
                0x0000000000008e44       0x14 ./CANopenNode/keypad/CO_driver_ST32F103.o
                0x0000000000008e44                CO_CANmodule_disable
 .text.CO_CANrxBufferInit
                0x0000000000008e58       0x52 ./CANopenNode/keypad/CO_driver_ST32F103.o
                0x0000000000008e58                CO_CANrxBufferInit
 .text.CO_CANtxBufferInit
                0x0000000000008eaa       0x3a ./CANopenNode/keypad/CO_driver_ST32F103.o
                0x0000000000008eaa                CO_CANtxBufferInit
 .text.CO_CANmodule_process
                0x0000000000008ee4       0x12 ./CANopenNode/keypad/CO_driver_ST32F103.o
                0x0000000000008ee4                CO_CANmodule_process
 .text.CO_CANsend
                0x0000000000008ef6       0x46 ./CANopenNode/keypad/CO_driver_ST32F103.o
                0x0000000000008ef6                CO_CANsend
 .text.CO_LSSslave_receive
                0x0000000000008f3c      0x1a8 ./CANopenNode/305/CO_LSSslave.o
 .text.CO_LSSslave_init
                0x00000000000090e4       0xa4 ./CANopenNode/305/CO_LSSslave.o
                0x00000000000090e4                CO_LSSslave_init
 .text.CO_LSSslave_process
                0x0000000000009188      0x1a2 ./CANopenNode/305/CO_LSSslave.o
                0x0000000000009188                CO_LSSslave_process
 .text.OD_write_1003
                0x000000000000932a       0x28 ./CANopenNode/301/CO_Emergency.o
 .text.OD_read_1003
                0x0000000000009352       0x8c ./CANopenNode/301/CO_Emergency.o
 .text.OD_read_1014_default
                0x00000000000093de       0x50 ./CANopenNode/301/CO_Emergency.o
 .text.CO_EM_init
                0x000000000000942e      0x112 ./CANopenNode/301/CO_Emergency.o
                0x000000000000942e                CO_EM_init
 .text.CO_error
                0x0000000000009540       0xc4 ./CANopenNode/301/CO_Emergency.o
                0x0000000000009540                CO_error
 .text.CO_EM_process
                0x0000000000009604      0x17e ./CANopenNode/301/CO_Emergency.o
                0x0000000000009604                CO_EM_process
 .text.CO_NMT_receive
                0x0000000000009782       0x18 ./CANopenNode/301/CO_NMT_Heartbeat.o
 .text.OD_write_1017
                0x000000000000979a       0x48 ./CANopenNode/301/CO_NMT_Heartbeat.o
 .text.CO_NMT_init
                0x00000000000097e2       0xec ./CANopenNode/301/CO_NMT_Heartbeat.o
                0x00000000000097e2                CO_NMT_init
 .text.CO_NMT_process
                0x00000000000098ce      0x106 ./CANopenNode/301/CO_NMT_Heartbeat.o
                0x00000000000098ce                CO_NMT_process
 .text.OD_readDisabled
                0x00000000000099d4        0x4 ./CANopenNode/301/CO_ODinterface.o
 .text.OD_readOriginal
                0x00000000000099d8       0x50 ./CANopenNode/301/CO_ODinterface.o
                0x00000000000099d8                OD_readOriginal
 .text.OD_writeOriginal
                0x0000000000009a28       0x54 ./CANopenNode/301/CO_ODinterface.o
                0x0000000000009a28                OD_writeOriginal
 .text.OD_writeDisabled
                0x0000000000009a7c        0x4 ./CANopenNode/301/CO_ODinterface.o
 .text.OD_find  0x0000000000009a80       0x70 ./CANopenNode/301/CO_ODinterface.o
                0x0000000000009a80                OD_find
 .text.OD_getSub
                0x0000000000009af0       0xf2 ./CANopenNode/301/CO_ODinterface.o
                0x0000000000009af0                OD_getSub
 .text.OD_getSDOabCode
                0x0000000000009be2       0x20 ./CANopenNode/301/CO_ODinterface.o
                0x0000000000009be2                OD_getSDOabCode
 .text.OD_get_value
                0x0000000000009c02       0x34 ./CANopenNode/301/CO_ODinterface.o
                0x0000000000009c02                OD_get_value
 .text.OD_set_value
                0x0000000000009c36       0x2e ./CANopenNode/301/CO_ODinterface.o
                0x0000000000009c36                OD_set_value
 .text.OD_getPtr
                0x0000000000009c64       0x3c ./CANopenNode/301/CO_ODinterface.o
                0x0000000000009c64                OD_getPtr
 .text.OD_write_dummy
                0x0000000000009ca0        0x8 ./CANopenNode/301/CO_PDO.o
 .text.OD_read_dummy
                0x0000000000009ca8       0x2e ./CANopenNode/301/CO_PDO.o
 .text.PDOconfigMap
                0x0000000000009cd6       0xfc ./CANopenNode/301/CO_PDO.o
 .text.CO_PDO_receive
                0x0000000000009dd2       0x48 ./CANopenNode/301/CO_PDO.o
 .text.OD_read_PDO_commParam
                0x0000000000009e1a       0x70 ./CANopenNode/301/CO_PDO.o
 .text.PDO_initMapping.constprop.3
                0x0000000000009e8a       0xe4 ./CANopenNode/301/CO_PDO.o
 .text.OD_write_PDO_mapping
                0x0000000000009f6e       0xb2 ./CANopenNode/301/CO_PDO.o
 .text.OD_write_18xx
                0x000000000000a020      0x184 ./CANopenNode/301/CO_PDO.o
 .text.OD_write_14xx
                0x000000000000a1a4      0x15a ./CANopenNode/301/CO_PDO.o
 .text.CO_RPDO_init
                0x000000000000a2fe      0x172 ./CANopenNode/301/CO_PDO.o
                0x000000000000a2fe                CO_RPDO_init
 .text.CO_RPDO_process
                0x000000000000a470      0x114 ./CANopenNode/301/CO_PDO.o
                0x000000000000a470                CO_RPDO_process
 .text.CO_TPDO_init
                0x000000000000a584      0x1d2 ./CANopenNode/301/CO_PDO.o
                0x000000000000a584                CO_TPDO_init
 .text.CO_TPDO_process
                0x000000000000a756      0x15e ./CANopenNode/301/CO_PDO.o
                0x000000000000a756                CO_TPDO_process
 .text.CO_SDOserver_init_canRxTx
                0x000000000000a8b4       0x82 ./CANopenNode/301/CO_SDOserver.o
 .text.CO_SDO_receive
                0x000000000000a936       0x38 ./CANopenNode/301/CO_SDOserver.o
 .text.readFromOd.isra.1.constprop.5
                0x000000000000a96e       0xf6 ./CANopenNode/301/CO_SDOserver.o
 .text.OD_write_1201_additional
                0x000000000000aa64      0x158 ./CANopenNode/301/CO_SDOserver.o
 .text.CO_SDOserver_init
                0x000000000000abbc      0x172 ./CANopenNode/301/CO_SDOserver.o
                0x000000000000abbc                CO_SDOserver_init
 .text.CO_SDOserver_process
                0x000000000000ad2e      0x60e ./CANopenNode/301/CO_SDOserver.o
                0x000000000000ad2e                CO_SDOserver_process
 .text.CO_delete
                0x000000000000b33c       0x56 ./CANopenNode/CANopen.o
                0x000000000000b33c                CO_delete
 .text.CO_new   0x000000000000b392      0x102 ./CANopenNode/CANopen.o
                0x000000000000b392                CO_new
 .text.CO_CANinit
                0x000000000000b494       0x36 ./CANopenNode/CANopen.o
                0x000000000000b494                CO_CANinit
 .text.CO_LSSinit
                0x000000000000b4ca       0x32 ./CANopenNode/CANopen.o
                0x000000000000b4ca                CO_LSSinit
 .text.CO_CANopenInit
                0x000000000000b4fc       0xb8 ./CANopenNode/CANopen.o
                0x000000000000b4fc                CO_CANopenInit
 .text.CO_CANopenInitPDO
                0x000000000000b5b4       0xea ./CANopenNode/CANopen.o
                0x000000000000b5b4                CO_CANopenInitPDO
 .text.CO_process
                0x000000000000b69e       0x7e ./CANopenNode/CANopen.o
                0x000000000000b69e                CO_process
 .text.CO_process_RPDO
                0x000000000000b71c       0x40 ./CANopenNode/CANopen.o
                0x000000000000b71c                CO_process_RPDO
 .text.CO_process_TPDO
                0x000000000000b75c       0x40 ./CANopenNode/CANopen.o
                0x000000000000b75c                CO_process_TPDO
 .text.__addsf3
                0x000000000000b79c      0x36a c:/mounriver/mounriver_studio/toolchain/risc-v embedded gcc/bin/../lib/gcc/riscv-none-embed/8.2.0/rv32imacxw/ilp32\libgcc.a(addsf3.o)
                0x000000000000b79c                __addsf3
 .text.__divsf3
                0x000000000000bb06      0x2b2 c:/mounriver/mounriver_studio/toolchain/risc-v embedded gcc/bin/../lib/gcc/riscv-none-embed/8.2.0/rv32imacxw/ilp32\libgcc.a(divsf3.o)
                0x000000000000bb06                __divsf3
 .text.__gesf2  0x000000000000bdb8       0x86 c:/mounriver/mounriver_studio/toolchain/risc-v embedded gcc/bin/../lib/gcc/riscv-none-embed/8.2.0/rv32imacxw/ilp32\libgcc.a(gesf2.o)
                0x000000000000bdb8                __gesf2
                0x000000000000bdb8                __gtsf2
 .text.__lesf2  0x000000000000be3e       0x8c c:/mounriver/mounriver_studio/toolchain/risc-v embedded gcc/bin/../lib/gcc/riscv-none-embed/8.2.0/rv32imacxw/ilp32\libgcc.a(lesf2.o)
                0x000000000000be3e                __ltsf2
                0x000000000000be3e                __lesf2
 .text.__mulsf3
                0x000000000000beca      0x290 c:/mounriver/mounriver_studio/toolchain/risc-v embedded gcc/bin/../lib/gcc/riscv-none-embed/8.2.0/rv32imacxw/ilp32\libgcc.a(mulsf3.o)
                0x000000000000beca                __mulsf3
 .text.__subsf3
                0x000000000000c15a      0x388 c:/mounriver/mounriver_studio/toolchain/risc-v embedded gcc/bin/../lib/gcc/riscv-none-embed/8.2.0/rv32imacxw/ilp32\libgcc.a(subsf3.o)
                0x000000000000c15a                __subsf3
 .text.__fixsfsi
                0x000000000000c4e2       0x62 c:/mounriver/mounriver_studio/toolchain/risc-v embedded gcc/bin/../lib/gcc/riscv-none-embed/8.2.0/rv32imacxw/ilp32\libgcc.a(fixsfsi.o)
                0x000000000000c4e2                __fixsfsi
 .text.__fixunssfsi
                0x000000000000c544       0x56 c:/mounriver/mounriver_studio/toolchain/risc-v embedded gcc/bin/../lib/gcc/riscv-none-embed/8.2.0/rv32imacxw/ilp32\libgcc.a(fixunssfsi.o)
                0x000000000000c544                __fixunssfsi
 .text.__floatsisf
                0x000000000000c59a       0xc6 c:/mounriver/mounriver_studio/toolchain/risc-v embedded gcc/bin/../lib/gcc/riscv-none-embed/8.2.0/rv32imacxw/ilp32\libgcc.a(floatsisf.o)
                0x000000000000c59a                __floatsisf
 .text.__floatunsisf
                0x000000000000c660       0xce c:/mounriver/mounriver_studio/toolchain/risc-v embedded gcc/bin/../lib/gcc/riscv-none-embed/8.2.0/rv32imacxw/ilp32\libgcc.a(floatunsisf.o)
                0x000000000000c660                __floatunsisf
 .text.__clzsi2
                0x000000000000c72e       0x6e c:/mounriver/mounriver_studio/toolchain/risc-v embedded gcc/bin/../lib/gcc/riscv-none-embed/8.2.0/rv32imacxw/ilp32\libgcc.a(_clzsi2.o)
                0x000000000000c72e                __clzsi2
 .text.calloc   0x000000000000c79c        0xc c:/mounriver/mounriver_studio/toolchain/risc-v embedded gcc/bin/../lib/gcc/riscv-none-embed/8.2.0/../../../../riscv-none-embed/lib/rv32imacxw/ilp32\libg_nano.a(lib_a-calloc.o)
                0x000000000000c79c                calloc
 .text.free     0x000000000000c7a8        0xa c:/mounriver/mounriver_studio/toolchain/risc-v embedded gcc/bin/../lib/gcc/riscv-none-embed/8.2.0/../../../../riscv-none-embed/lib/rv32imacxw/ilp32\libg_nano.a(lib_a-malloc.o)
                0x000000000000c7a8                free
 .text.memcpy   0x000000000000c7b2       0xb2 c:/mounriver/mounriver_studio/toolchain/risc-v embedded gcc/bin/../lib/gcc/riscv-none-embed/8.2.0/../../../../riscv-none-embed/lib/rv32imacxw/ilp32\libg_nano.a(lib_a-memcpy.o)
                0x000000000000c7b2                memcpy
 .text.memmove  0x000000000000c864       0x46 c:/mounriver/mounriver_studio/toolchain/risc-v embedded gcc/bin/../lib/gcc/riscv-none-embed/8.2.0/../../../../riscv-none-embed/lib/rv32imacxw/ilp32\libg_nano.a(lib_a-memmove.o)
                0x000000000000c864                memmove
 .text._calloc_r
                0x000000000000c8aa       0x26 c:/mounriver/mounriver_studio/toolchain/risc-v embedded gcc/bin/../lib/gcc/riscv-none-embed/8.2.0/../../../../riscv-none-embed/lib/rv32imacxw/ilp32\libg_nano.a(lib_a-nano-callocr.o)
                0x000000000000c8aa                _calloc_r
 .text._free_r  0x000000000000c8d0       0xa8 c:/mounriver/mounriver_studio/toolchain/risc-v embedded gcc/bin/../lib/gcc/riscv-none-embed/8.2.0/../../../../riscv-none-embed/lib/rv32imacxw/ilp32\libg_nano.a(lib_a-nano-freer.o)
                0x000000000000c8d0                _free_r
 .text._malloc_r
                0x000000000000c978       0xd4 c:/mounriver/mounriver_studio/toolchain/risc-v embedded gcc/bin/../lib/gcc/riscv-none-embed/8.2.0/../../../../riscv-none-embed/lib/rv32imacxw/ilp32\libg_nano.a(lib_a-nano-mallocr.o)
                0x000000000000c978                _malloc_r
 .text.printf   0x000000000000ca4c       0x40 c:/mounriver/mounriver_studio/toolchain/risc-v embedded gcc/bin/../lib/gcc/riscv-none-embed/8.2.0/../../../../riscv-none-embed/lib/rv32imacxw/ilp32\libg_nano.a(lib_a-printf.o)
                0x000000000000ca4c                iprintf
                0x000000000000ca4c                printf
 .text._puts_r  0x000000000000ca8c       0xd4 c:/mounriver/mounriver_studio/toolchain/risc-v embedded gcc/bin/../lib/gcc/riscv-none-embed/8.2.0/../../../../riscv-none-embed/lib/rv32imacxw/ilp32\libg_nano.a(lib_a-puts.o)
                0x000000000000ca8c                _puts_r
 .text.puts     0x000000000000cb60        0xc c:/mounriver/mounriver_studio/toolchain/risc-v embedded gcc/bin/../lib/gcc/riscv-none-embed/8.2.0/../../../../riscv-none-embed/lib/rv32imacxw/ilp32\libg_nano.a(lib_a-puts.o)
                0x000000000000cb60                puts
 .text._sbrk_r  0x000000000000cb6c       0x32 c:/mounriver/mounriver_studio/toolchain/risc-v embedded gcc/bin/../lib/gcc/riscv-none-embed/8.2.0/../../../../riscv-none-embed/lib/rv32imacxw/ilp32\libg_nano.a(lib_a-sbrkr.o)
                0x000000000000cb6c                _sbrk_r
 .text.strlen   0x000000000000cb9e       0x12 c:/mounriver/mounriver_studio/toolchain/risc-v embedded gcc/bin/../lib/gcc/riscv-none-embed/8.2.0/../../../../riscv-none-embed/lib/rv32imacxw/ilp32\libg_nano.a(lib_a-strlen.o)
                0x000000000000cb9e                strlen
 .text.__swbuf_r
                0x000000000000cbb0       0xbc c:/mounriver/mounriver_studio/toolchain/risc-v embedded gcc/bin/../lib/gcc/riscv-none-embed/8.2.0/../../../../riscv-none-embed/lib/rv32imacxw/ilp32\libg_nano.a(lib_a-wbuf.o)
                0x000000000000cbb0                __swbuf_r
 .text.__swsetup_r
                0x000000000000cc6c       0xfe c:/mounriver/mounriver_studio/toolchain/risc-v embedded gcc/bin/../lib/gcc/riscv-none-embed/8.2.0/../../../../riscv-none-embed/lib/rv32imacxw/ilp32\libg_nano.a(lib_a-wsetup.o)
                0x000000000000cc6c                __swsetup_r
 .text.__sflush_r
                0x000000000000cd6a      0x132 c:/mounriver/mounriver_studio/toolchain/risc-v embedded gcc/bin/../lib/gcc/riscv-none-embed/8.2.0/../../../../riscv-none-embed/lib/rv32imacxw/ilp32\libg_nano.a(lib_a-fflush.o)
                0x000000000000cd6a                __sflush_r
 .text._fflush_r
                0x000000000000ce9c       0x66 c:/mounriver/mounriver_studio/toolchain/risc-v embedded gcc/bin/../lib/gcc/riscv-none-embed/8.2.0/../../../../riscv-none-embed/lib/rv32imacxw/ilp32\libg_nano.a(lib_a-fflush.o)
                0x000000000000ce9c                _fflush_r
 .text.std      0x000000000000cf02       0x66 c:/mounriver/mounriver_studio/toolchain/risc-v embedded gcc/bin/../lib/gcc/riscv-none-embed/8.2.0/../../../../riscv-none-embed/lib/rv32imacxw/ilp32\libg_nano.a(lib_a-findfp.o)
 .text._cleanup_r
                0x000000000000cf68        0xa c:/mounriver/mounriver_studio/toolchain/risc-v embedded gcc/bin/../lib/gcc/riscv-none-embed/8.2.0/../../../../riscv-none-embed/lib/rv32imacxw/ilp32\libg_nano.a(lib_a-findfp.o)
                0x000000000000cf68                _cleanup_r
 .text.__sfmoreglue
                0x000000000000cf72       0x48 c:/mounriver/mounriver_studio/toolchain/risc-v embedded gcc/bin/../lib/gcc/riscv-none-embed/8.2.0/../../../../riscv-none-embed/lib/rv32imacxw/ilp32\libg_nano.a(lib_a-findfp.o)
                0x000000000000cf72                __sfmoreglue
 .text.__sinit  0x000000000000cfba       0x6c c:/mounriver/mounriver_studio/toolchain/risc-v embedded gcc/bin/../lib/gcc/riscv-none-embed/8.2.0/../../../../riscv-none-embed/lib/rv32imacxw/ilp32\libg_nano.a(lib_a-findfp.o)
                0x000000000000cfba                __sinit
 .text.__sfp    0x000000000000d026       0xa0 c:/mounriver/mounriver_studio/toolchain/risc-v embedded gcc/bin/../lib/gcc/riscv-none-embed/8.2.0/../../../../riscv-none-embed/lib/rv32imacxw/ilp32\libg_nano.a(lib_a-findfp.o)
                0x000000000000d026                __sfp
 .text._fwalk_reent
                0x000000000000d0c6       0x6a c:/mounriver/mounriver_studio/toolchain/risc-v embedded gcc/bin/../lib/gcc/riscv-none-embed/8.2.0/../../../../riscv-none-embed/lib/rv32imacxw/ilp32\libg_nano.a(lib_a-fwalk.o)
                0x000000000000d0c6                _fwalk_reent
 .text.__swhatbuf_r
                0x000000000000d130       0x58 c:/mounriver/mounriver_studio/toolchain/risc-v embedded gcc/bin/../lib/gcc/riscv-none-embed/8.2.0/../../../../riscv-none-embed/lib/rv32imacxw/ilp32\libg_nano.a(lib_a-makebuf.o)
                0x000000000000d130                __swhatbuf_r
 .text.__smakebuf_r
                0x000000000000d188       0x94 c:/mounriver/mounriver_studio/toolchain/risc-v embedded gcc/bin/../lib/gcc/riscv-none-embed/8.2.0/../../../../riscv-none-embed/lib/rv32imacxw/ilp32\libg_nano.a(lib_a-makebuf.o)
                0x000000000000d188                __smakebuf_r
 .text.__malloc_lock
                0x000000000000d21c        0x2 c:/mounriver/mounriver_studio/toolchain/risc-v embedded gcc/bin/../lib/gcc/riscv-none-embed/8.2.0/../../../../riscv-none-embed/lib/rv32imacxw/ilp32\libg_nano.a(lib_a-mlock.o)
                0x000000000000d21c                __malloc_lock
 .text.__malloc_unlock
                0x000000000000d21e        0x2 c:/mounriver/mounriver_studio/toolchain/risc-v embedded gcc/bin/../lib/gcc/riscv-none-embed/8.2.0/../../../../riscv-none-embed/lib/rv32imacxw/ilp32\libg_nano.a(lib_a-mlock.o)
                0x000000000000d21e                __malloc_unlock
 .text.__sfputc_r
                0x000000000000d220       0x28 c:/mounriver/mounriver_studio/toolchain/risc-v embedded gcc/bin/../lib/gcc/riscv-none-embed/8.2.0/../../../../riscv-none-embed/lib/rv32imacxw/ilp32\libg_nano.a(lib_a-nano-vfprintf.o)
 .text.__sfputs_r
                0x000000000000d248       0x42 c:/mounriver/mounriver_studio/toolchain/risc-v embedded gcc/bin/../lib/gcc/riscv-none-embed/8.2.0/../../../../riscv-none-embed/lib/rv32imacxw/ilp32\libg_nano.a(lib_a-nano-vfprintf.o)
                0x000000000000d248                __sfputs_r
 .text._vfprintf_r
                0x000000000000d28a      0x288 c:/mounriver/mounriver_studio/toolchain/risc-v embedded gcc/bin/../lib/gcc/riscv-none-embed/8.2.0/../../../../riscv-none-embed/lib/rv32imacxw/ilp32\libg_nano.a(lib_a-nano-vfprintf.o)
                0x000000000000d28a                _vfprintf_r
                0x000000000000d28a                _vfiprintf_r
 .text._printf_common
                0x000000000000d512      0x10c c:/mounriver/mounriver_studio/toolchain/risc-v embedded gcc/bin/../lib/gcc/riscv-none-embed/8.2.0/../../../../riscv-none-embed/lib/rv32imacxw/ilp32\libg_nano.a(lib_a-nano-vfprintf_i.o)
                0x000000000000d512                _printf_common
 .text._printf_i
                0x000000000000d61e      0x2a2 c:/mounriver/mounriver_studio/toolchain/risc-v embedded gcc/bin/../lib/gcc/riscv-none-embed/8.2.0/../../../../riscv-none-embed/lib/rv32imacxw/ilp32\libg_nano.a(lib_a-nano-vfprintf_i.o)
                0x000000000000d61e                _printf_i
 .text.__sread  0x000000000000d8c0       0x2c c:/mounriver/mounriver_studio/toolchain/risc-v embedded gcc/bin/../lib/gcc/riscv-none-embed/8.2.0/../../../../riscv-none-embed/lib/rv32imacxw/ilp32\libg_nano.a(lib_a-stdio.o)
                0x000000000000d8c0                __sread
 .text.__swrite
                0x000000000000d8ec       0x48 c:/mounriver/mounriver_studio/toolchain/risc-v embedded gcc/bin/../lib/gcc/riscv-none-embed/8.2.0/../../../../riscv-none-embed/lib/rv32imacxw/ilp32\libg_nano.a(lib_a-stdio.o)
                0x000000000000d8ec                __swrite
 .text.__sseek  0x000000000000d934       0x30 c:/mounriver/mounriver_studio/toolchain/risc-v embedded gcc/bin/../lib/gcc/riscv-none-embed/8.2.0/../../../../riscv-none-embed/lib/rv32imacxw/ilp32\libg_nano.a(lib_a-stdio.o)
                0x000000000000d934                __sseek
 .text.__sclose
                0x000000000000d964        0x6 c:/mounriver/mounriver_studio/toolchain/risc-v embedded gcc/bin/../lib/gcc/riscv-none-embed/8.2.0/../../../../riscv-none-embed/lib/rv32imacxw/ilp32\libg_nano.a(lib_a-stdio.o)
                0x000000000000d964                __sclose
 .text._write_r
                0x000000000000d96a       0x36 c:/mounriver/mounriver_studio/toolchain/risc-v embedded gcc/bin/../lib/gcc/riscv-none-embed/8.2.0/../../../../riscv-none-embed/lib/rv32imacxw/ilp32\libg_nano.a(lib_a-writer.o)
                0x000000000000d96a                _write_r
 .text._close_r
                0x000000000000d9a0       0x30 c:/mounriver/mounriver_studio/toolchain/risc-v embedded gcc/bin/../lib/gcc/riscv-none-embed/8.2.0/../../../../riscv-none-embed/lib/rv32imacxw/ilp32\libg_nano.a(lib_a-closer.o)
                0x000000000000d9a0                _close_r
 .text._fstat_r
                0x000000000000d9d0       0x32 c:/mounriver/mounriver_studio/toolchain/risc-v embedded gcc/bin/../lib/gcc/riscv-none-embed/8.2.0/../../../../riscv-none-embed/lib/rv32imacxw/ilp32\libg_nano.a(lib_a-fstatr.o)
                0x000000000000d9d0                _fstat_r
 .text._isatty_r
                0x000000000000da02       0x30 c:/mounriver/mounriver_studio/toolchain/risc-v embedded gcc/bin/../lib/gcc/riscv-none-embed/8.2.0/../../../../riscv-none-embed/lib/rv32imacxw/ilp32\libg_nano.a(lib_a-isattyr.o)
                0x000000000000da02                _isatty_r
 .text._lseek_r
                0x000000000000da32       0x34 c:/mounriver/mounriver_studio/toolchain/risc-v embedded gcc/bin/../lib/gcc/riscv-none-embed/8.2.0/../../../../riscv-none-embed/lib/rv32imacxw/ilp32\libg_nano.a(lib_a-lseekr.o)
                0x000000000000da32                _lseek_r
 .text.memchr   0x000000000000da66       0x18 c:/mounriver/mounriver_studio/toolchain/risc-v embedded gcc/bin/../lib/gcc/riscv-none-embed/8.2.0/../../../../riscv-none-embed/lib/rv32imacxw/ilp32\libg_nano.a(lib_a-memchr.o)
                0x000000000000da66                memchr
 .text._read_r  0x000000000000da7e       0x34 c:/mounriver/mounriver_studio/toolchain/risc-v embedded gcc/bin/../lib/gcc/riscv-none-embed/8.2.0/../../../../riscv-none-embed/lib/rv32imacxw/ilp32\libg_nano.a(lib_a-readr.o)
                0x000000000000da7e                _read_r
 .text._close   0x000000000000dab2       0x10 c:/mounriver/mounriver_studio/toolchain/risc-v embedded gcc/bin/../lib/gcc/riscv-none-embed/8.2.0/../../../../riscv-none-embed/lib/rv32imacxw/ilp32\libnosys.a(close.o)
                0x000000000000dab2                _close
 .text._fstat   0x000000000000dac2       0x10 c:/mounriver/mounriver_studio/toolchain/risc-v embedded gcc/bin/../lib/gcc/riscv-none-embed/8.2.0/../../../../riscv-none-embed/lib/rv32imacxw/ilp32\libnosys.a(fstat.o)
                0x000000000000dac2                _fstat
 .text._isatty  0x000000000000dad2       0x10 c:/mounriver/mounriver_studio/toolchain/risc-v embedded gcc/bin/../lib/gcc/riscv-none-embed/8.2.0/../../../../riscv-none-embed/lib/rv32imacxw/ilp32\libnosys.a(isatty.o)
                0x000000000000dad2                _isatty
 .text._lseek   0x000000000000dae2       0x10 c:/mounriver/mounriver_studio/toolchain/risc-v embedded gcc/bin/../lib/gcc/riscv-none-embed/8.2.0/../../../../riscv-none-embed/lib/rv32imacxw/ilp32\libnosys.a(lseek.o)
                0x000000000000dae2                _lseek
 .text._read    0x000000000000daf2       0x10 c:/mounriver/mounriver_studio/toolchain/risc-v embedded gcc/bin/../lib/gcc/riscv-none-embed/8.2.0/../../../../riscv-none-embed/lib/rv32imacxw/ilp32\libnosys.a(read.o)
                0x000000000000daf2                _read
 *(.rodata)
 *(.rodata*)
 *fill*         0x000000000000db02        0x2 
 .rodata.CSWTCH.25
                0x000000000000db04       0x10 ./User/DataModel.o
 .rodata.CalPoint
                0x000000000000db14       0x48 ./User/DataModel.o
                0x000000000000db14                CalPoint
 .rodata.HardFault_Handler.str1.4
                0x000000000000db5c       0x42 ./User/ch32v20x_it.o
 *fill*         0x000000000000db9e        0x2 
 .rodata.getODValue
                0x000000000000dba0       0x70 ./User/dash_draw.o
 .rodata.getODValue.cst4
                0x000000000000dc10        0x8 ./User/dash_draw.o
 .rodata.vBarColorMode.cst4
                0x000000000000dc18        0x4 ./User/dash_draw.o
 .rodata.ADC_FSM.cst4
                0x000000000000dc1c       0x14 ./User/inputs.o
 .rodata.vInputsTask.cst4
                0x000000000000dc30        0x4 ./User/inputs.o
 .rodata.SetRGB
                0x000000000000dc34       0x38 ./User/led.o
 .rodata.SetSegDirect
                0x000000000000dc6c       0x1c ./User/led.o
 .rodata.Brigth
                0x000000000000dc88       0x1e ./User/led.o
 *fill*         0x000000000000dca6        0x2 
 .rodata.DigitMask
                0x000000000000dca8        0xa ./User/led.o
                0x000000000000dca8                DigitMask
 *fill*         0x000000000000dcb2        0x2 
 .rodata.main.str1.4
                0x000000000000dcb4       0x20 ./User/main.o
 .rodata.OD_ADC1_CAL_extension
                0x000000000000dcd4       0x10 ./User/process.o
                0x000000000000dcd4                OD_ADC1_CAL_extension
 .rodata.OD_ADC2_CAL_extension
                0x000000000000dce4       0x10 ./User/process.o
                0x000000000000dce4                OD_ADC2_CAL_extension
 .rodata.OD_ADC3_CAL_extension
                0x000000000000dcf4       0x10 ./User/process.o
                0x000000000000dcf4                OD_ADC3_CAL_extension
 .rodata.OD_AIN_RPM_extension
                0x000000000000dd04       0x10 ./User/process.o
                0x000000000000dd04                OD_AIN_RPM_extension
 .rodata.OD_BAR_extension