Archive member included to satisfy reference by file (symbol)

c:/mounriver/mounriver_studio/toolchain/risc-v embedded gcc/bin/../lib/gcc/riscv-none-embed/8.2.0/rv32imacxw/ilp32\libgcc.a(addsf3.o)
                              ./User/DataModel.o (__addsf3)
c:/mounriver/mounriver_studio/toolchain/risc-v embedded gcc/bin/../lib/gcc/riscv-none-embed/8.2.0/rv32imacxw/ilp32\libgcc.a(divsf3.o)
                              ./User/DataModel.o (__divsf3)
c:/mounriver/mounriver_studio/toolchain/risc-v embedded gcc/bin/../lib/gcc/riscv-none-embed/8.2.0/rv32imacxw/ilp32\libgcc.a(eqsf2.o)
                              ./HWLIB/hw_lib_din.o (__nesf2)
c:/mounriver/mounriver_studio/toolchain/risc-v embedded gcc/bin/../lib/gcc/riscv-none-embed/8.2.0/rv32imacxw/ilp32\libgcc.a(gesf2.o)
                              ./User/inputs.o (__gesf2)
c:/mounriver/mounriver_studio/toolchain/risc-v embedded gcc/bin/../lib/gcc/riscv-none-embed/8.2.0/rv32imacxw/ilp32\libgcc.a(lesf2.o)
                              ./HWLIB/hw_lib_adc.o (__lesf2)
c:/mounriver/mounriver_studio/toolchain/risc-v embedded gcc/bin/../lib/gcc/riscv-none-embed/8.2.0/rv32imacxw/ilp32\libgcc.a(mulsf3.o)
                              ./User/dash_draw.o (__mulsf3)
c:/mounriver/mounriver_studio/toolchain/risc-v embedded gcc/bin/../lib/gcc/riscv-none-embed/8.2.0/rv32imacxw/ilp32\libgcc.a(subsf3.o)
                              ./User/inputs.o (__subsf3)
c:/mounriver/mounriver_studio/toolchain/risc-v embedded gcc/bin/../lib/gcc/riscv-none-embed/8.2.0/rv32imacxw/ilp32\libgcc.a(fixsfsi.o)
                              ./User/dash_draw.o (__fixsfsi)
c:/mounriver/mounriver_studio/toolchain/risc-v embedded gcc/bin/../lib/gcc/riscv-none-embed/8.2.0/rv32imacxw/ilp32\libgcc.a(fixunssfsi.o)
                              ./User/DataModel.o (__fixunssfsi)
c:/mounriver/mounriver_studio/toolchain/risc-v embedded gcc/bin/../lib/gcc/riscv-none-embed/8.2.0/rv32imacxw/ilp32\libgcc.a(floatsisf.o)
                              ./User/DataModel.o (__floatsisf)
c:/mounriver/mounriver_studio/toolchain/risc-v embedded gcc/bin/../lib/gcc/riscv-none-embed/8.2.0/rv32imacxw/ilp32\libgcc.a(floatunsisf.o)
                              ./User/DataModel.o (__floatunsisf)
c:/mounriver/mounriver_studio/toolchain/risc-v embedded gcc/bin/../lib/gcc/riscv-none-embed/8.2.0/rv32imacxw/ilp32\libgcc.a(save-restore.o)
                              ./User/dash_draw.o (__riscv_save_12)
c:/mounriver/mounriver_studio/toolchain/risc-v embedded gcc/bin/../lib/gcc/riscv-none-embed/8.2.0/rv32imacxw/ilp32\libgcc.a(_clzsi2.o)
                              c:/mounriver/mounriver_studio/toolchain/risc-v embedded gcc/bin/../lib/gcc/riscv-none-embed/8.2.0/rv32imacxw/ilp32\libgcc.a(addsf3.o) (__clzsi2)
c:/mounriver/mounriver_studio/toolchain/risc-v embedded gcc/bin/../lib/gcc/riscv-none-embed/8.2.0/rv32imacxw/ilp32\libgcc.a(_clz.o)
                              c:/mounriver/mounriver_studio/toolchain/risc-v embedded gcc/bin/../lib/gcc/riscv-none-embed/8.2.0/rv32imacxw/ilp32\libgcc.a(_clzsi2.o) (__clz_tab)
c:/mounriver/mounriver_studio/toolchain/risc-v embedded gcc/bin/../lib/gcc/riscv-none-embed/8.2.0/../../../../riscv-none-embed/lib/rv32imacxw/ilp32\libg_nano.a(lib_a-calloc.o)
                              ./CANopenNode/CANopen.o (calloc)
c:/mounriver/mounriver_studio/toolchain/risc-v embedded gcc/bin/../lib/gcc/riscv-none-embed/8.2.0/../../../../riscv-none-embed/lib/rv32imacxw/ilp32\libg_nano.a(lib_a-impure.o)
                              c:/mounriver/mounriver_studio/toolchain/risc-v embedded gcc/bin/../lib/gcc/riscv-none-embed/8.2.0/../../../../riscv-none-embed/lib/rv32imacxw/ilp32\libg_nano.a(lib_a-calloc.o) (_impure_ptr)
c:/mounriver/mounriver_studio/toolchain/risc-v embedded gcc/bin/../lib/gcc/riscv-none-embed/8.2.0/../../../../riscv-none-embed/lib/rv32imacxw/ilp32\libg_nano.a(lib_a-malloc.o)
                              ./CANopenNode/CANopen.o (free)
c:/mounriver/mounriver_studio/toolchain/risc-v embedded gcc/bin/../lib/gcc/riscv-none-embed/8.2.0/../../../../riscv-none-embed/lib/rv32imacxw/ilp32\libg_nano.a(lib_a-memcpy.o)
                              ./User/DataModel.o (memcpy)
c:/mounriver/mounriver_studio/toolchain/risc-v embedded gcc/bin/../lib/gcc/riscv-none-embed/8.2.0/../../../../riscv-none-embed/lib/rv32imacxw/ilp32\libg_nano.a(lib_a-memmove.o)
                              ./CANopenNode/301/CO_SDOserver.o (memmove)
c:/mounriver/mounriver_studio/toolchain/risc-v embedded gcc/bin/../lib/gcc/riscv-none-embed/8.2.0/../../../../riscv-none-embed/lib/rv32imacxw/ilp32\libg_nano.a(lib_a-memset.o)
                              ./User/DataModel.o (memset)
c:/mounriver/mounriver_studio/toolchain/risc-v embedded gcc/bin/../lib/gcc/riscv-none-embed/8.2.0/../../../../riscv-none-embed/lib/rv32imacxw/ilp32\libg_nano.a(lib_a-nano-callocr.o)
[...]
Memory Configuration

Name             Origin             Length             Attributes
FLASH            0x0000000000000000 0x0000000000010000 xr
RAM              0x0000000020000000 0x0000000000005000 xrw
*default*        0x0000000000000000 0xffffffffffffffff

Linker script and memory map

LOAD ./User/CanOpenNode.o
LOAD ./User/DataModel.o
LOAD ./User/ch32v20x_it.o
LOAD ./User/dash_draw.o
LOAD ./User/init.o
LOAD ./User/inputs.o
LOAD ./User/led.o
LOAD ./User/main.o
LOAD ./User/process.o
LOAD ./User/system_ch32v20x.o
LOAD ./User/system_init.o
LOAD ./Startup/startup_ch32v20x_D6.o
LOAD ./Peripheral/src/ch32v20x_adc.o
LOAD ./Peripheral/src/ch32v20x_bkp.o
LOAD ./Peripheral/src/ch32v20x_can.o
LOAD ./Peripheral/src/ch32v20x_crc.o
LOAD ./Peripheral/src/ch32v20x_dbgmcu.o
LOAD ./Peripheral/src/ch32v20x_dma.o
LOAD ./Peripheral/src/ch32v20x_exti.o
LOAD ./Peripheral/src/ch32v20x_flash.o
LOAD ./Peripheral/src/ch32v20x_gpio.o
LOAD ./Peripheral/src/ch32v20x_i2c.o
LOAD ./Peripheral/src/ch32v20x_iwdg.o
LOAD ./Peripheral/src/ch32v20x_misc.o
LOAD ./Peripheral/src/ch32v20x_opa.o
LOAD ./Peripheral/src/ch32v20x_pwr.o
LOAD ./Peripheral/src/ch32v20x_rcc.o
LOAD ./Peripheral/src/ch32v20x_rtc.o
LOAD ./Peripheral/src/ch32v20x_spi.o
LOAD ./Peripheral/src/ch32v20x_tim.o
LOAD ./Peripheral/src/ch32v20x_usart.o
LOAD ./Peripheral/src/ch32v20x_wwdg.o
LOAD ./HWLIB/hw_lib_adc.o
LOAD ./HWLIB/hw_lib_din.o
LOAD ./HWLIB/hw_lib_eeprom.o
LOAD ./HWLIB/hw_lib_keyboard.o
LOAD ./HAL/hal_adc.o
LOAD ./HAL/hal_can.o
LOAD ./HAL/hal_dma.o
LOAD ./HAL/hal_gpio.o
LOAD ./HAL/hal_i2c.o
LOAD ./HAL/hal_rtc.o
LOAD ./HAL/hal_spi.o
LOAD ./HAL/hal_timers.o
LOAD ./HAL/hal_wdt.o
LOAD ./FreeRTOS/portable/MemMang/heap_4.o
LOAD ./FreeRTOS/portable/GCC/RISC-V/port.o
LOAD ./FreeRTOS/portable/GCC/RISC-V/portASM.o
LOAD ./FreeRTOS/croutine.o
LOAD ./FreeRTOS/event_groups.o
LOAD ./FreeRTOS/list.o
LOAD ./FreeRTOS/queue.o
LOAD ./FreeRTOS/stream_buffer.o
LOAD ./FreeRTOS/tasks.o
LOAD ./FreeRTOS/timers.o
LOAD ./Drivers/filters.o
LOAD ./Debug/debug.o
LOAD ./Core/core_riscv.o
LOAD ./CANopenNode/keypad/CO_driver_ST32F103.o
LOAD ./CANopenNode/keypad/OD.o
LOAD ./CANopenNode/extra/CO_trace.o
LOAD ./CANopenNode/309/CO_gateway_ascii.o
LOAD ./CANopenNode/305/CO_LSSmaster.o
LOAD ./CANopenNode/305/CO_LSSslave.o
LOAD ./CANopenNode/304/CO_GFC.o
LOAD ./CANopenNode/304/CO_SRDO.o
LOAD ./CANopenNode/303/CO_LEDs.o
LOAD ./CANopenNode/301/CO_Emergency.o
LOAD ./CANopenNode/301/CO_HBconsumer.o
LOAD ./CANopenNode/301/CO_NMT_Heartbeat.o
LOAD ./CANopenNode/301/CO_Node_Guarding.o
LOAD ./CANopenNode/301/CO_ODinterface.o
LOAD ./CANopenNode/301/CO_PDO.o
LOAD ./CANopenNode/301/CO_SDOclient.o
LOAD ./CANopenNode/301/CO_SDOserver.o
LOAD ./CANopenNode/301/CO_SYNC.o
LOAD ./CANopenNode/301/CO_TIME.o
LOAD ./CANopenNode/301/CO_fifo.o
LOAD ./CANopenNode/301/crc16-ccitt.o
LOAD ./CANopenNode/CANopen.o
LOAD c:/mounriver/mounriver_studio/toolchain/risc-v embedded gcc/bin/../lib/gcc/riscv-none-embed/8.2.0/../../../../riscv-none-embed/lib/rv32imacxw/ilp32\libm.a
LOAD c:/mounriver/mounriver_studio/toolchain/risc-v embedded gcc/bin/../lib/gcc/riscv-none-embed/8.2.0/rv32imacxw/ilp32\libgcc.a
LOAD c:/mounriver/mounriver_studio/toolchain/risc-v embedded gcc/bin/../lib/gcc/riscv-none-embed/8.2.0/../../../../riscv-none-embed/lib/rv32imacxw/ilp32\libg_nano.a
LOAD c:/mounriver/mounriver_studio/toolchain/risc-v embedded gcc/bin/../lib/gcc/riscv-none-embed/8.2.0/../../../../riscv-none-embed/lib/rv32imacxw/ilp32\libc_nano.a
LOAD c:/mounriver/mounriver_studio/toolchain/risc-v embedded gcc/bin/../lib/gcc/riscv-none-embed/8.2.0/rv32imacxw/ilp32\libgcc.a
START GROUP
LOAD c:/mounriver/mounriver_studio/toolchain/risc-v embedded gcc/bin/../lib/gcc/riscv-none-embed/8.2.0/rv32imacxw/ilp32\libgcc.a
LOAD c:/mounriver/mounriver_studio/toolchain/risc-v embedded gcc/bin/../lib/gcc/riscv-none-embed/8.2.0/../../../../riscv-none-embed/lib/rv32imacxw/ilp32\libc_nano.a
LOAD c:/mounriver/mounriver_studio/toolchain/risc-v embedded gcc/bin/../lib/gcc/riscv-none-embed/8.2.0/../../../../riscv-none-embed/lib/rv32imacxw/ilp32\libnosys.a
END GROUP
START GROUP
LOAD c:/mounriver/mounriver_studio/toolchain/risc-v embedded gcc/bin/../lib/gcc/riscv-none-embed/8.2.0/rv32imacxw/ilp32\libgcc.a
LOAD c:/mounriver/mounriver_studio/toolchain/risc-v embedded gcc/bin/../lib/gcc/riscv-none-embed/8.2.0/../../../../riscv-none-embed/lib/rv32imacxw/ilp32\libc_nano.a
LOAD c:/mounriver/mounriver_studio/toolchain/risc-v embedded gcc/bin/../lib/gcc/riscv-none-embed/8.2.0/../../../../riscv-none-embed/lib/rv32imacxw/ilp32\libnosys.a
END GROUP
                0x0000000000000800                __stack_size = 0x800
                [!provide]                        PROVIDE (_stack_size = __stack_size)

.init           0x0000000000000000       0x38
                0x0000000000000000                _sinit = .
                0x0000000000000000                . = ALIGN (0x4)
 *(SORT_NONE(.init))
 .init          0x0000000000000000       0x38 ./Startup/startup_ch32v20x_D6.o
                0x0000000000000000                _start
                0x0000000000000038                . = ALIGN (0x4)
                0x0000000000000038                _einit = .

.vector         0x0000000000000038      0x108
 *(.vector)
 .vector        0x0000000000000038       0xfc ./Startup/startup_ch32v20x_D6.o
                0x0000000000000140                . = ALIGN (0x40)
 *fill*         0x0000000000000134        0xc 

.text           0x0000000000000200     0xef4c
                0x0000000000000200                . = ALIGN (0x4)
 *(.text)
 .text          0x0000000000000200      0x2ee ./FreeRTOS/portable/GCC/RISC-V/portASM.o
                0x0000000000000200                SW_Handler
                0x0000000000000300                xPortStartFirstTask
                0x0000000000000400                pxPortInitialiseStack
 .text          0x00000000000004ee       0x60 c:/mounriver/mounriver_studio/toolchain/risc-v embedded gcc/bin/../lib/gcc/riscv-none-embed/8.2.0/rv32imacxw/ilp32\libgcc.a(save-restore.o)
                0x00000000000004ee                __riscv_save_12
                0x00000000000004f6                __riscv_save_9
                0x00000000000004f6                __riscv_save_11
                0x00000000000004f6                __riscv_save_10
                0x00000000000004f6                __riscv_save_8
                0x0000000000000504                __riscv_save_4
                0x0000000000000504                __riscv_save_6
                0x0000000000000504                __riscv_save_5
                0x0000000000000504                __riscv_save_7
                0x000000000000051e                __riscv_save_3
                0x000000000000051e                __riscv_save_2
                0x000000000000051e                __riscv_save_1
                0x000000000000051e                __riscv_save_0
                0x000000000000052a                __riscv_restore_12
                0x000000000000052e                __riscv_restore_11
                0x000000000000052e                __riscv_restore_9
                0x000000000000052e                __riscv_restore_10
                0x000000000000052e                __riscv_restore_8
                0x0000000000000538                __riscv_restore_5
                0x0000000000000538                __riscv_restore_7
                0x0000000000000538                __riscv_restore_6
                0x0000000000000538                __riscv_restore_4
                0x0000000000000542                __riscv_restore_3
                0x0000000000000542                __riscv_restore_0
                0x0000000000000542                __riscv_restore_2
                0x0000000000000542                __riscv_restore_1
 .text          0x000000000000054e       0xa8 c:/mounriver/mounriver_studio/toolchain/risc-v embedded gcc/bin/../lib/gcc/riscv-none-embed/8.2.0/../../../../riscv-none-embed/lib/rv32imacxw/ilp32\libg_nano.a(lib_a-memset.o)
                0x000000000000054e                memset
 *(.text.*)
 .text.xCanOpenProcessTaskHandle
                0x00000000000005f6        0xa ./User/CanOpenNode.o
                0x00000000000005f6                xCanOpenProcessTaskHandle
 .text.xCanOpenPeriodicTaskHandle
                0x0000000000000600        0xa ./User/CanOpenNode.o
                0x0000000000000600                xCanOpenPeriodicTaskHandle
 .text.vCanOpenInit
                0x000000000000060a        0xa ./User/CanOpenNode.o
                0x000000000000060a                vCanOpenInit
 .text.vCanOpenProcess
                0x0000000000000614      0x192 ./User/CanOpenNode.o
                0x0000000000000614                vCanOpenProcess
 .text.vCanOpenPeriodicProcess
                0x00000000000007a6       0x82 ./User/CanOpenNode.o
                0x00000000000007a6                vCanOpenPeriodicProcess
 .text.setReg32
                0x0000000000000828       0x1a ./User/DataModel.o
                0x0000000000000828                setReg32
 .text.setReg16
                0x0000000000000842        0xe ./User/DataModel.o
                0x0000000000000842                setReg16
 .text.SaveReg16
                0x0000000000000850       0x14 ./User/DataModel.o
                0x0000000000000850                SaveReg16
 .text.getReg16
                0x0000000000000864       0x10 ./User/DataModel.o
                0x0000000000000864                getReg16
 .text.DataModel_Init
                0x0000000000000874      0x47c ./User/DataModel.o
                0x0000000000000874                DataModel_Init
 .text.getReg32
                0x0000000000000cf0       0x1c ./User/DataModel.o
                0x0000000000000cf0                getReg32
 .text.getReg8  0x0000000000000d0c        0xa ./User/DataModel.o
                0x0000000000000d0c                getReg8
 .text.WriteReg
                0x0000000000000d16       0x56 ./User/DataModel.o
                0x0000000000000d16                WriteReg
 .text.vGetBitrate
                0x0000000000000d6c       0x2a ./User/DataModel.o
                0x0000000000000d6c                vGetBitrate
 .text.vFDGetNMTState
                0x0000000000000d96        0x6 ./User/DataModel.o
                0x0000000000000d96                vFDGetNMTState
 .text.vGetNodeId
                0x0000000000000d9c        0x6 ./User/DataModel.o
                0x0000000000000d9c                vGetNodeId
 .text.vIncrementSystemCounters
                0x0000000000000da2       0x66 ./User/DataModel.o
                0x0000000000000da2                vIncrementSystemCounters
 .text.vSaveData
                0x0000000000000e08       0x2c ./User/DataModel.o
                0x0000000000000e08                vSaveData
 .text.getOdometr
                0x0000000000000e34       0x12 ./User/DataModel.o
                0x0000000000000e34                getOdometr
 .text.NMI_Handler
                0x0000000000000e46        0x2 ./User/ch32v20x_it.o
                0x0000000000000e46                NMI_Handler
 .text.HardFault_Handler
                0x0000000000000e48        0x2 ./User/ch32v20x_it.o
                0x0000000000000e48                HardFault_Handler
 .text.SegPrint.constprop.5
                0x0000000000000e4a       0x56 ./User/dash_draw.o
 .text.xProcessTaskHandle
                0x0000000000000ea0        0xa ./User/dash_draw.o
                0x0000000000000ea0                xProcessTaskHandle
 .text.vSetErrorReg
                0x0000000000000eaa        0xa ./User/dash_draw.o
                0x0000000000000eaa                vSetErrorReg
 .text.getODValue
                0x0000000000000eb4      0x126 ./User/dash_draw.o
                0x0000000000000eb4                getODValue
 .text.IncMenuIndex
                0x0000000000000fda       0x80 ./User/dash_draw.o
                0x0000000000000fda                IncMenuIndex
 .text.GoToHome
                0x000000000000105a       0x12 ./User/dash_draw.o
                0x000000000000105a                GoToHome
 .text.SetCurMenuHome
                0x000000000000106c       0x1e ./User/dash_draw.o
                0x000000000000106c                SetCurMenuHome
 .text.GetCurMenuHome
                0x000000000000108a        0x6 ./User/dash_draw.o
                0x000000000000108a                GetCurMenuHome
 .text.SetCurrentMenu
                0x0000000000001090       0x12 ./User/dash_draw.o
                0x0000000000001090                SetCurrentMenu
 .text.SetDefault
                0x00000000000010a2       0x28 ./User/dash_draw.o
                0x00000000000010a2                SetDefault
 .text.MenuBackHomeCheck
                0x00000000000010ca       0x38 ./User/dash_draw.o
                0x00000000000010ca                MenuBackHomeCheck
 .text.CheckMenuChannel
                0x0000000000001102       0x20 ./User/dash_draw.o
                0x0000000000001102                CheckMenuChannel
 .text.vDashDrawInit
                0x0000000000001122       0x72 ./User/dash_draw.o
                0x0000000000001122                vDashDrawInit
 .text.SetErrorRegiter
                0x0000000000001194       0x5e ./User/dash_draw.o
                0x0000000000001194                SetErrorRegiter
 .text.uGetCurrMenu
                0x00000000000011f2       0x26 ./User/dash_draw.o
                0x00000000000011f2                uGetCurrMenu
 .text.vRGBOff  0x0000000000001218       0x26 ./User/dash_draw.o
                0x0000000000001218                vRGBOff
 .text.vGetEdgeData
                0x000000000000123e       0x2a ./User/dash_draw.o
                0x000000000000123e                vGetEdgeData
 .text.vRGBMode
                0x0000000000001268       0xd0 ./User/dash_draw.o
                0x0000000000001268                vRGBMode
 .text.vBarColorMode
                0x0000000000001338       0xc2 ./User/dash_draw.o
                0x0000000000001338                vBarColorMode
 .text.vBarWindowMode
                0x00000000000013fa       0x5a ./User/dash_draw.o
                0x00000000000013fa                vBarWindowMode
 .text.vBarMode
                0x0000000000001454       0x66 ./User/dash_draw.o
                0x0000000000001454                vBarMode
 .text.RedrawNotifyTaskToInit
                0x00000000000014ba       0x28 ./User/dash_draw.o
                0x00000000000014ba                RedrawNotifyTaskToInit
 .text.vRedrawTask
                0x00000000000014e2      0x5e2 ./User/dash_draw.o
                0x00000000000014e2                vRedrawTask
 .text.vInit_DeviceConfig
                0x0000000000001ac4      0x162 ./User/init.o
                0x0000000000001ac4                vInit_DeviceConfig
 .text.ADC1_Event
                0x0000000000001c26       0x48 ./User/inputs.o
                0x0000000000001c26                ADC1_Event
 .text.CaptureDMACallBack
                0x0000000000001c6e       0x30 ./User/inputs.o
                0x0000000000001c6e                CaptureDMACallBack
 .text.fDinStateCallback
                0x0000000000001c9e       0x32 ./User/inputs.o
                0x0000000000001c9e                fDinStateCallback
 .text.vSetDoutState
                0x0000000000001cd0       0x28 ./User/inputs.o
                0x0000000000001cd0                vSetDoutState
 .text.getInputsTaskHandle
                0x0000000000001cf8        0xa ./User/inputs.o
                0x0000000000001cf8                getInputsTaskHandle
 .text.InputsNotifyTaskToInit
                0x0000000000001d02       0x28 ./User/inputs.o
                0x0000000000001d02                InputsNotifyTaskToInit
 .text.ADC1_Init
                0x0000000000001d2a       0x54 ./User/inputs.o
                0x0000000000001d2a                ADC1_Init
 .text.ADC_FSM  0x0000000000001d7e       0xfe ./User/inputs.o
                0x0000000000001d7e                ADC_FSM
 .text.GetAIN   0x0000000000001e7c        0xc ./User/inputs.o
                0x0000000000001e7c                GetAIN
 .text.vInputsTask
                0x0000000000001e88      0x246 ./User/inputs.o
                0x0000000000001e88                vInputsTask
 .text.SPI1_DMA_Callback
                0x00000000000020ce       0x38 ./User/led.o
                0x00000000000020ce                SPI1_DMA_Callback
 .text.SPI2_DMA_Callback
                0x0000000000002106       0x3e ./User/led.o
                0x0000000000002106                SPI2_DMA_Callback
 .text.SetBarState
                0x0000000000002144       0x50 ./User/led.o
                0x0000000000002144                SetBarState
 .text.SetRGB   0x0000000000002194       0xa2 ./User/led.o
                0x0000000000002194                SetRGB
 .text.SetSegDirect
                0x0000000000002236       0x9c ./User/led.o
                0x0000000000002236                SetSegDirect
 .text.SetSegPoint
                0x00000000000022d2       0x22 ./User/led.o
                0x00000000000022d2                SetSegPoint
 .text.SetSEG   0x00000000000022f4      0x122 ./User/led.o
                0x00000000000022f4                SetSEG
 .text.SetBigSeg
                0x0000000000002416       0x14 ./User/led.o
                0x0000000000002416                SetBigSeg
 .text.vSetBrigth
                0x000000000000242a       0x2a ./User/led.o
                0x000000000000242a                vSetBrigth
 .text.vLedDriverStart
                0x0000000000002454       0x62 ./User/led.o
                0x0000000000002454                vLedDriverStart
 .text.vLedProcess
                0x00000000000024b6       0x2c ./User/led.o
                0x00000000000024b6                vLedProcess
 .text.vRGBProcess
                0x00000000000024e2      0x10e ./User/led.o
                0x00000000000024e2                vRGBProcess
 .text.startup.main
                0x00000000000025f0       0x20 ./User/main.o
                0x00000000000025f0                main
 .text.vRestartNode
                0x0000000000002610        0x2 ./User/main.o
                0x0000000000002610                vRestartNode
 .text.Error_Handler
                0x0000000000002612        0x8 ./User/main.o
                0x0000000000002612                Error_Handler
 .text.OD_writeV1_14
                0x000000000000261a       0x26 ./User/process.o
 .text.OD_writeRGBMAP
                0x0000000000002640       0x40 ./User/process.o
 .text.OD_writeBitrate
                0x0000000000002680       0x32 ./User/process.o
 .text.OD_writeBrigth
                0x00000000000026b2       0x4c ./User/process.o
 .text.OD_readAIN_RPM
                0x00000000000026fe       0x24 ./User/process.o
 .text.OD_readDIN
                0x0000000000002722       0x1c ./User/process.o
 .text.OD_writeMenuSetup
                0x000000000000273e       0x56 ./User/process.o
 .text.CO_getUint16
                0x0000000000002794       0x10 ./User/process.o
 .text.OD_writeV15_17
                0x00000000000027a4       0x30 ./User/process.o
 .text.OD_writeBAR
                0x00000000000027d4       0x36 ./User/process.o
 .text.OD_writeSEG
                0x000000000000280a       0x4a ./User/process.o
 .text.CO_getUint32
                0x0000000000002854       0x18 ./User/process.o
 .text.OD_writeRPMConfig
                0x000000000000286c       0x2c ./User/process.o
 .text.OD_writeMenuMap
                0x0000000000002898       0x36 ./User/process.o
 .text.OD_writeERROR_REG
                0x00000000000028ce       0x20 ./User/process.o
 .text.WriteRGB.isra.0
                0x00000000000028ee       0x3a ./User/process.o
 .text.OD_writeRGB1
                0x0000000000002928       0x14 ./User/process.o
 .text.OD_writeRGB2
                0x000000000000293c       0x16 ./User/process.o
 .text.OD_writeRGB3
                0x0000000000002952       0x16 ./User/process.o
 .text.OD_writeRGB4
                0x0000000000002968       0x16 ./User/process.o
 .text.OD_writeRGB5
                0x000000000000297e       0x16 ./User/process.o
 .text.OD_writeRGB6
                0x0000000000002994       0x16 ./User/process.o
 .text.OD_writeRGB7
                0x00000000000029aa       0x16 ./User/process.o
 .text.OD_writeRGB8
                0x00000000000029c0       0x16 ./User/process.o
 .text.OD_writeRGB9
                0x00000000000029d6       0x16 ./User/process.o
 .text.OD_writeRGB10
                0x00000000000029ec       0x16 ./User/process.o
 .text.OD_writeRGB11
                0x0000000000002a02       0x16 ./User/process.o
 .text.OD_writeRGB12
                0x0000000000002a18       0x16 ./User/process.o
 .text.OD_writeRGB13
                0x0000000000002a2e       0x16 ./User/process.o
 .text.OD_writeDashParam
                0x0000000000002a44       0x4e ./User/process.o
 .text.OD_readDashParam
                0x0000000000002a92       0x4a ./User/process.o
 .text.writeADC.isra.3
                0x0000000000002adc       0x7a ./User/process.o
 .text.OD_writeADC1
                0x0000000000002b56       0x2a ./User/process.o
 .text.OD_writeADC2
                0x0000000000002b80       0x2a ./User/process.o
 .text.OD_writeADC3
                0x0000000000002baa       0x2a ./User/process.o
 .text.OD_readRGB.isra.5
                0x0000000000002bd4       0x20 ./User/process.o
 .text.OD_readRGB1
                0x0000000000002bf4       0x10 ./User/process.o
 .text.OD_readRGB2
                0x0000000000002c04       0x12 ./User/process.o
 .text.OD_readRGB3
                0x0000000000002c16       0x12 ./User/process.o
 .text.OD_readRGB4
                0x0000000000002c28       0x12 ./User/process.o
 .text.OD_readRGB5
                0x0000000000002c3a       0x12 ./User/process.o
 .text.OD_readRGB6
                0x0000000000002c4c       0x12 ./User/process.o
 .text.OD_readRGB7
                0x0000000000002c5e       0x12 ./User/process.o
 .text.OD_readRGB8
                0x0000000000002c70       0x12 ./User/process.o
 .text.OD_readRGB9
                0x0000000000002c82       0x12 ./User/process.o
 .text.OD_readRGB10
                0x0000000000002c94       0x12 ./User/process.o
 .text.OD_readRGB11
                0x0000000000002ca6       0x12 ./User/process.o
 .text.OD_readRGB12
                0x0000000000002cb8       0x12 ./User/process.o
 .text.OD_readRGB13
                0x0000000000002cca       0x12 ./User/process.o
 .text.OD_readMenuSetup
                0x0000000000002cdc       0x38 ./User/process.o
 .text.vProceesInit
                0x0000000000002d14      0x226 ./User/process.o
                0x0000000000002d14                vProceesInit
 .text.SystemInit
                0x0000000000002f3a       0xee ./User/system_ch32v20x.o
                0x0000000000002f3a                SystemInit
 .text.SystemCoreClockUpdate
                0x0000000000003028       0x92 ./User/system_ch32v20x.o
                0x0000000000003028                SystemCoreClockUpdate
 .text.StartDefaultTask
                0x00000000000030ba       0x86 ./User/system_init.o
 .text.vApplicationGetIdleTaskMemory
                0x0000000000003140       0x1c ./User/system_init.o
                0x0000000000003140                vApplicationGetIdleTaskMemory
 .text.vApplicationGetTimerTaskMemory
                0x000000000000315c       0x1c ./User/system_init.o
                0x000000000000315c                vApplicationGetTimerTaskMemory
 .text.vSYStaskInit
                0x0000000000003178      0x110 ./User/system_init.o
                0x0000000000003178                vSYStaskInit
 .text.vSYSeventInit
                0x0000000000003288        0x2 ./User/system_init.o
                0x0000000000003288                vSYSeventInit
 .text.vector_handler
                0x000000000000328a       0x6c ./Startup/startup_ch32v20x_D6.o
                0x000000000000328e                Ecall_M_Mode_Handler
                0x0000000000003290                Ecall_U_Mode_Handler
                0x0000000000003292                Break_Point_Handler
                0x0000000000003298                WWDG_IRQHandler
                0x000000000000329a                PVD_IRQHandler
                0x000000000000329c                TAMPER_IRQHandler
                0x00000000000032a0                FLASH_IRQHandler
                0x00000000000032a2                RCC_IRQHandler
                0x00000000000032a4                EXTI0_IRQHandler
                0x00000000000032a6                EXTI1_IRQHandler
                0x00000000000032a8                EXTI2_IRQHandler
                0x00000000000032aa                EXTI3_IRQHandler
                0x00000000000032ac                EXTI4_IRQHandler
                0x00000000000032b0                DMA1_Channel2_IRQHandler
                0x00000000000032b8                DMA1_Channel6_IRQHandler
                0x00000000000032c6                EXTI9_5_IRQHandler
                0x00000000000032c8                TIM1_BRK_IRQHandler
                0x00000000000032cc                TIM1_TRG_COM_IRQHandler
                0x00000000000032de                SPI1_IRQHandler
                0x00000000000032e0                SPI2_IRQHandler
                0x00000000000032e2                USART1_IRQHandler
                0x00000000000032e4                USART2_IRQHandler
                0x00000000000032e6                USART3_IRQHandler
                0x00000000000032e8                EXTI15_10_IRQHandler
                0x00000000000032ea                RTCAlarm_IRQHandler
                0x00000000000032ec                USBWakeUp_IRQHandler
                0x00000000000032ee                USBHD_IRQHandler
                0x00000000000032f0                USBHDWakeUp_IRQHandler
                0x00000000000032f2                UART4_IRQHandler
                0x00000000000032f4                DMA1_Channel8_IRQHandler
 .text.handle_reset
                0x00000000000032f6       0x92 ./Startup/startup_ch32v20x_D6.o
                0x00000000000032f6                handle_reset
 .text.ADC_DeInit
                0x0000000000003388       0x46 ./Peripheral/src/ch32v20x_adc.o
                0x0000000000003388                ADC_DeInit
 .text.ADC_Init
                0x00000000000033ce       0x56 ./Peripheral/src/ch32v20x_adc.o
                0x00000000000033ce                ADC_Init
 .text.ADC_Cmd  0x0000000000003424       0x10 ./Peripheral/src/ch32v20x_adc.o
                0x0000000000003424                ADC_Cmd
 .text.ADC_DMACmd
                0x0000000000003434       0x12 ./Peripheral/src/ch32v20x_adc.o
                0x0000000000003434                ADC_DMACmd
 .text.ADC_ResetCalibration
                0x0000000000003446        0xa ./Peripheral/src/ch32v20x_adc.o
                0x0000000000003446                ADC_ResetCalibration
 .text.ADC_GetResetCalibrationStatus
                0x0000000000003450        0x8 ./Peripheral/src/ch32v20x_adc.o
                0x0000000000003450                ADC_GetResetCalibrationStatus
 .text.ADC_StartCalibration
                0x0000000000003458        0xa ./Peripheral/src/ch32v20x_adc.o
                0x0000000000003458                ADC_StartCalibration
 .text.ADC_GetCalibrationStatus
                0x0000000000003462        0x8 ./Peripheral/src/ch32v20x_adc.o
                0x0000000000003462                ADC_GetCalibrationStatus
 .text.ADC_SoftwareStartConvCmd
                0x000000000000346a       0x18 ./Peripheral/src/ch32v20x_adc.o
                0x000000000000346a                ADC_SoftwareStartConvCmd
 .text.ADC_RegularChannelConfig
                0x0000000000003482       0xb8 ./Peripheral/src/ch32v20x_adc.o
                0x0000000000003482                ADC_RegularChannelConfig
 .text.ADC_ExternalTrigConvCmd
                0x000000000000353a       0x18 ./Peripheral/src/ch32v20x_adc.o
                0x000000000000353a                ADC_ExternalTrigConvCmd
 .text.ADC_GetITStatus
                0x0000000000003552       0x1c ./Peripheral/src/ch32v20x_adc.o
                0x0000000000003552                ADC_GetITStatus
 .text.ADC_ClearITPendingBit
                0x000000000000356e        0xa ./Peripheral/src/ch32v20x_adc.o
                0x000000000000356e                ADC_ClearITPendingBit
 .text.ADC_BufferCmd
                0x0000000000003578       0x18 ./Peripheral/src/ch32v20x_adc.o
                0x0000000000003578                ADC_BufferCmd
 .text.Get_CalibrationValue
                0x0000000000003590      0x1fe ./Peripheral/src/ch32v20x_adc.o
                0x0000000000003590                Get_CalibrationValue
 .text.BKP_DeInit
                0x000000000000378e       0x14 ./Peripheral/src/ch32v20x_bkp.o
                0x000000000000378e                BKP_DeInit
 .text.CAN_Init
                0x00000000000037a2       0xe8 ./Peripheral/src/ch32v20x_can.o
                0x00000000000037a2                CAN_Init
 .text.CAN_FilterInit
                0x000000000000388a      0x118 ./Peripheral/src/ch32v20x_can.o
                0x000000000000388a                CAN_FilterInit
 .text.CAN_Transmit
                0x00000000000039a2       0xbc ./Peripheral/src/ch32v20x_can.o
                0x00000000000039a2                CAN_Transmit
 .text.CAN_Receive
                0x0000000000003a5e       0x8c ./Peripheral/src/ch32v20x_can.o
                0x0000000000003a5e                CAN_Receive
 .text.CAN_OperatingModeRequest
                0x0000000000003aea       0x72 ./Peripheral/src/ch32v20x_can.o
                0x0000000000003aea                CAN_OperatingModeRequest
 .text.CAN_ITConfig
                0x0000000000003b5c       0x12 ./Peripheral/src/ch32v20x_can.o
                0x0000000000003b5c                CAN_ITConfig
 .text.CAN_GetFlagStatus
                0x0000000000003b6e       0x56 ./Peripheral/src/ch32v20x_can.o
                0x0000000000003b6e                CAN_GetFlagStatus
 .text.CAN_ClearFlag
                0x0000000000003bc4       0x40 ./Peripheral/src/ch32v20x_can.o
                0x0000000000003bc4                CAN_ClearFlag
 .text.CAN_ClearITPendingBit
                0x0000000000003c04       0x94 ./Peripheral/src/ch32v20x_can.o
                0x0000000000003c04                CAN_ClearITPendingBit
 .text.DMA_Init
                0x0000000000003c98       0x38 ./Peripheral/src/ch32v20x_dma.o
                0x0000000000003c98                DMA_Init
 .text.DMA_Cmd  0x0000000000003cd0       0x14 ./Peripheral/src/ch32v20x_dma.o
                0x0000000000003cd0                DMA_Cmd
 .text.DMA_ITConfig
                0x0000000000003ce4       0x12 ./Peripheral/src/ch32v20x_dma.o
                0x0000000000003ce4                DMA_ITConfig
 .text.DMA_SetCurrDataCounter
                0x0000000000003cf6        0x4 ./Peripheral/src/ch32v20x_dma.o
                0x0000000000003cf6                DMA_SetCurrDataCounter
 .text.DMA_GetFlagStatus
                0x0000000000003cfa        0xe ./Peripheral/src/ch32v20x_dma.o
                0x0000000000003cfa                DMA_GetFlagStatus
 .text.DMA_GetITStatus
                0x0000000000003d08        0xc ./Peripheral/src/ch32v20x_dma.o
                0x0000000000003d08                DMA_GetITStatus
 .text.DMA_ClearITPendingBit
                0x0000000000003d14        0x8 ./Peripheral/src/ch32v20x_dma.o
                0x0000000000003d14                DMA_ClearITPendingBit
 .text.GPIO_Init
                0x0000000000003d1c       0xfa ./Peripheral/src/ch32v20x_gpio.o
                0x0000000000003d1c                GPIO_Init
 .text.GPIO_ReadInputDataBit
                0x0000000000003e16       0x1e ./Peripheral/src/ch32v20x_gpio.o
                0x0000000000003e16                GPIO_ReadInputDataBit
 .text.GPIO_SetBits
                0x0000000000003e34       0x18 ./Peripheral/src/ch32v20x_gpio.o
                0x0000000000003e34                GPIO_SetBits
 .text.GPIO_ResetBits
                0x0000000000003e4c       0x18 ./Peripheral/src/ch32v20x_gpio.o
                0x0000000000003e4c                GPIO_ResetBits
 .text.GPIO_PinRemapConfig
                0x0000000000003e64       0xf2 ./Peripheral/src/ch32v20x_gpio.o
                0x0000000000003e64                GPIO_PinRemapConfig
 .text.I2C_DeInit
                0x0000000000003f56       0x32 ./Peripheral/src/ch32v20x_i2c.o
                0x0000000000003f56                I2C_DeInit
 .text.I2C_Init
                0x0000000000003f88       0xf2 ./Peripheral/src/ch32v20x_i2c.o
                0x0000000000003f88                I2C_Init
 .text.I2C_Cmd  0x000000000000407a       0x18 ./Peripheral/src/ch32v20x_i2c.o
                0x000000000000407a                I2C_Cmd
 .text.I2C_GenerateSTART
                0x0000000000004092       0x1a ./Peripheral/src/ch32v20x_i2c.o
                0x0000000000004092                I2C_GenerateSTART
 .text.I2C_GenerateSTOP
                0x00000000000040ac       0x1a ./Peripheral/src/ch32v20x_i2c.o
                0x00000000000040ac                I2C_GenerateSTOP
 .text.I2C_AcknowledgeConfig
                0x00000000000040c6       0x1a ./Peripheral/src/ch32v20x_i2c.o
                0x00000000000040c6                I2C_AcknowledgeConfig
 .text.I2C_DualAddressCmd
                0x00000000000040e0       0x18 ./Peripheral/src/ch32v20x_i2c.o
                0x00000000000040e0                I2C_DualAddressCmd
 .text.I2C_ITConfig
                0x00000000000040f8       0x12 ./Peripheral/src/ch32v20x_i2c.o
                0x00000000000040f8                I2C_ITConfig
 .text.I2C_SendData
                0x000000000000410a        0x4 ./Peripheral/src/ch32v20x_i2c.o
                0x000000000000410a                I2C_SendData
 .text.I2C_ReceiveData
                0x000000000000410e        0x8 ./Peripheral/src/ch32v20x_i2c.o
                0x000000000000410e                I2C_ReceiveData
 .text.I2C_Send7bitAddress
                0x0000000000004116       0x12 ./Peripheral/src/ch32v20x_i2c.o
                0x0000000000004116                I2C_Send7bitAddress
 .text.I2C_ReadRegister
                0x0000000000004128       0x14 ./Peripheral/src/ch32v20x_i2c.o
                0x0000000000004128                I2C_ReadRegister
 .text.I2C_GetFlagStatus
                0x000000000000413c       0x32 ./Peripheral/src/ch32v20x_i2c.o
                0x000000000000413c                I2C_GetFlagStatus
 .text.I2C_ClearFlag
                0x000000000000416e        0xc ./Peripheral/src/ch32v20x_i2c.o
                0x000000000000416e                I2C_ClearFlag
 .text.NVIC_PriorityGroupConfig
                0x000000000000417a        0xa ./Peripheral/src/ch32v20x_misc.o
                0x000000000000417a                NVIC_PriorityGroupConfig
 .text.NVIC_Init
                0x0000000000004184       0xaa ./Peripheral/src/ch32v20x_misc.o
                0x0000000000004184                NVIC_Init
 .text.PWR_BackupAccessCmd
                0x000000000000422e       0x16 ./Peripheral/src/ch32v20x_pwr.o
                0x000000000000422e                PWR_BackupAccessCmd
 .text.RCC_ADCCLKConfig
                0x0000000000004244       0x12 ./Peripheral/src/ch32v20x_rcc.o
                0x0000000000004244                RCC_ADCCLKConfig
 .text.RCC_LSEConfig
                0x0000000000004256       0x28 ./Peripheral/src/ch32v20x_rcc.o
                0x0000000000004256                RCC_LSEConfig
 .text.RCC_RTCCLKConfig
                0x000000000000427e        0xc ./Peripheral/src/ch32v20x_rcc.o
                0x000000000000427e                RCC_RTCCLKConfig
 .text.RCC_RTCCLKCmd
                0x000000000000428a       0x20 ./Peripheral/src/ch32v20x_rcc.o
                0x000000000000428a                RCC_RTCCLKCmd
 .text.RCC_GetClocksFreq
                0x00000000000042aa       0xbe ./Peripheral/src/ch32v20x_rcc.o
                0x00000000000042aa                RCC_GetClocksFreq
 .text.RCC_AHBPeriphClockCmd
                0x0000000000004368       0x1e ./Peripheral/src/ch32v20x_rcc.o
                0x0000000000004368                RCC_AHBPeriphClockCmd
 .text.RCC_APB2PeriphClockCmd
                0x0000000000004386       0x1e ./Peripheral/src/ch32v20x_rcc.o
                0x0000000000004386                RCC_APB2PeriphClockCmd
 .text.RCC_APB1PeriphClockCmd
                0x00000000000043a4       0x1e ./Peripheral/src/ch32v20x_rcc.o
                0x00000000000043a4                RCC_APB1PeriphClockCmd
 .text.RCC_APB2PeriphResetCmd
                0x00000000000043c2       0x1e ./Peripheral/src/ch32v20x_rcc.o
                0x00000000000043c2                RCC_APB2PeriphResetCmd
 .text.RCC_APB1PeriphResetCmd
                0x00000000000043e0       0x1e ./Peripheral/src/ch32v20x_rcc.o
                0x00000000000043e0                RCC_APB1PeriphResetCmd
 .text.RCC_BackupResetCmd
                0x00000000000043fe       0x20 ./Peripheral/src/ch32v20x_rcc.o
                0x00000000000043fe                RCC_BackupResetCmd
 .text.RCC_GetFlagStatus
                0x000000000000441e       0x2e ./Peripheral/src/ch32v20x_rcc.o
                0x000000000000441e                RCC_GetFlagStatus
 .text.RTC_ITConfig
                0x000000000000444c       0x1a ./Peripheral/src/ch32v20x_rtc.o
                0x000000000000444c                RTC_ITConfig
 .text.RTC_EnterConfigMode
                0x0000000000004466       0x12 ./Peripheral/src/ch32v20x_rtc.o
                0x0000000000004466                RTC_EnterConfigMode
 .text.RTC_ExitConfigMode
                0x0000000000004478       0x18 ./Peripheral/src/ch32v20x_rtc.o
                0x0000000000004478                RTC_ExitConfigMode
 .text.RTC_SetPrescaler
                0x0000000000004490       0x2e ./Peripheral/src/ch32v20x_rtc.o
                0x0000000000004490                RTC_SetPrescaler
 .text.RTC_WaitForLastTask
                0x00000000000044be       0x10 ./Peripheral/src/ch32v20x_rtc.o
                0x00000000000044be                RTC_WaitForLastTask
 .text.RTC_WaitForSynchro
                0x00000000000044ce       0x24 ./Peripheral/src/ch32v20x_rtc.o
                0x00000000000044ce                RTC_WaitForSynchro
 .text.RTC_ClearFlag
                0x00000000000044f2       0x14 ./Peripheral/src/ch32v20x_rtc.o
                0x00000000000044f2                RTC_ClearFlag
 .text.RTC_GetITStatus
                0x0000000000004506       0x20 ./Peripheral/src/ch32v20x_rtc.o
                0x0000000000004506                RTC_GetITStatus
 .text.RTC_ClearITPendingBit
                0x0000000000004526        0xc ./Peripheral/src/ch32v20x_rtc.o
                0x0000000000004526                RTC_ClearITPendingBit
 .text.SPI_I2S_DeInit
                0x0000000000004532       0x3e ./Peripheral/src/ch32v20x_spi.o
                0x0000000000004532                SPI_I2S_DeInit
 .text.SPI_Init
                0x0000000000004570       0x3e ./Peripheral/src/ch32v20x_spi.o
                0x0000000000004570                SPI_Init
 .text.SPI_Cmd  0x00000000000045ae       0x1a ./Peripheral/src/ch32v20x_spi.o
                0x00000000000045ae                SPI_Cmd
 .text.SPI_I2S_DMACmd
                0x00000000000045c8       0x12 ./Peripheral/src/ch32v20x_spi.o
                0x00000000000045c8                SPI_I2S_DMACmd
 .text.SPI_I2S_GetFlagStatus
                0x00000000000045da        0xa ./Peripheral/src/ch32v20x_spi.o
                0x00000000000045da                SPI_I2S_GetFlagStatus
 .text.SPI_I2S_ClearFlag
                0x00000000000045e4        0xc ./Peripheral/src/ch32v20x_spi.o
                0x00000000000045e4                SPI_I2S_ClearFlag
 .text.TI1_Config
                0x00000000000045f0       0x6a ./Peripheral/src/ch32v20x_tim.o
 .text.TI2_Config
                0x000000000000465a       0x82 ./Peripheral/src/ch32v20x_tim.o
 .text.TIM_DeInit
                0x00000000000046dc       0x8a ./Peripheral/src/ch32v20x_tim.o
                0x00000000000046dc                TIM_DeInit
 .text.TIM_TimeBaseInit
                0x0000000000004766       0x6a ./Peripheral/src/ch32v20x_tim.o
                0x0000000000004766                TIM_TimeBaseInit
 .text.TIM_OC1Init
                0x00000000000047d0       0x6a ./Peripheral/src/ch32v20x_tim.o
                0x00000000000047d0                TIM_OC1Init
 .text.TIM_OC2Init
                0x000000000000483a       0x96 ./Peripheral/src/ch32v20x_tim.o
                0x000000000000483a                TIM_OC2Init
 .text.TIM_OC3Init
                0x00000000000048d0       0x94 ./Peripheral/src/ch32v20x_tim.o
                0x00000000000048d0                TIM_OC3Init
 .text.TIM_OC4Init
                0x0000000000004964       0x6c ./Peripheral/src/ch32v20x_tim.o
                0x0000000000004964                TIM_OC4Init
 .text.TIM_TimeBaseStructInit
                0x00000000000049d0       0x16 ./Peripheral/src/ch32v20x_tim.o
                0x00000000000049d0                TIM_TimeBaseStructInit
 .text.TIM_Cmd  0x00000000000049e6       0x18 ./Peripheral/src/ch32v20x_tim.o
                0x00000000000049e6                TIM_Cmd
 .text.TIM_CtrlPWMOutputs
                0x00000000000049fe       0x16 ./Peripheral/src/ch32v20x_tim.o
                0x00000000000049fe                TIM_CtrlPWMOutputs
 .text.TIM_ITConfig
                0x0000000000004a14       0x12 ./Peripheral/src/ch32v20x_tim.o
                0x0000000000004a14                TIM_ITConfig
 .text.TIM_DMACmd
                0x0000000000004a26        0xc ./Peripheral/src/ch32v20x_tim.o
                0x0000000000004a26                TIM_DMACmd
 .text.TIM_InternalClockConfig
                0x0000000000004a32       0x10 ./Peripheral/src/ch32v20x_tim.o
                0x0000000000004a32                TIM_InternalClockConfig
 .text.TIM_ARRPreloadConfig
                0x0000000000004a42       0x1a ./Peripheral/src/ch32v20x_tim.o
                0x0000000000004a42                TIM_ARRPreloadConfig
 .text.TIM_OC1PreloadConfig
                0x0000000000004a5c        0xe ./Peripheral/src/ch32v20x_tim.o
                0x0000000000004a5c                TIM_OC1PreloadConfig
 .text.TIM_OC2PreloadConfig
                0x0000000000004a6a       0x16 ./Peripheral/src/ch32v20x_tim.o
                0x0000000000004a6a                TIM_OC2PreloadConfig
 .text.TIM_OC3PreloadConfig
                0x0000000000004a80        0xe ./Peripheral/src/ch32v20x_tim.o
                0x0000000000004a80                TIM_OC3PreloadConfig
 .text.TIM_OC4PreloadConfig
                0x0000000000004a8e       0x16 ./Peripheral/src/ch32v20x_tim.o
                0x0000000000004a8e                TIM_OC4PreloadConfig
 .text.TIM_SetIC1Prescaler
                0x0000000000004aa4       0x16 ./Peripheral/src/ch32v20x_tim.o
                0x0000000000004aa4                TIM_SetIC1Prescaler
 .text.TIM_SetIC2Prescaler
                0x0000000000004aba       0x1a ./Peripheral/src/ch32v20x_tim.o
                0x0000000000004aba                TIM_SetIC2Prescaler
 .text.TIM_SetIC3Prescaler
                0x0000000000004ad4       0x16 ./Peripheral/src/ch32v20x_tim.o
                0x0000000000004ad4                TIM_SetIC3Prescaler
 .text.TIM_SetIC4Prescaler
                0x0000000000004aea       0x1a ./Peripheral/src/ch32v20x_tim.o
                0x0000000000004aea                TIM_SetIC4Prescaler
 .text.TIM_ICInit
                0x0000000000004b04      0x168 ./Peripheral/src/ch32v20x_tim.o
                0x0000000000004b04                TIM_ICInit
 .text.TIM_GetCapture3
                0x0000000000004c6c        0x4 ./Peripheral/src/ch32v20x_tim.o
                0x0000000000004c6c                TIM_GetCapture3
 .text.TIM_GetCapture4
                0x0000000000004c70        0x6 ./Peripheral/src/ch32v20x_tim.o
                0x0000000000004c70                TIM_GetCapture4
 .text.TIM_GetFlagStatus
                0x0000000000004c76        0xa ./Peripheral/src/ch32v20x_tim.o
                0x0000000000004c76                TIM_GetFlagStatus
 .text.TIM_ClearFlag
                0x0000000000004c80        0xc ./Peripheral/src/ch32v20x_tim.o
                0x0000000000004c80                TIM_ClearFlag
 .text.TIM_GetITStatus
                0x0000000000004c8c       0x18 ./Peripheral/src/ch32v20x_tim.o
                0x0000000000004c8c                TIM_GetITStatus
 .text.TIM_ClearITPendingBit
                0x0000000000004ca4        0xc ./Peripheral/src/ch32v20x_tim.o
                0x0000000000004ca4                TIM_ClearITPendingBit
 .text.USART_SendData
                0x0000000000004cb0        0x8 ./Peripheral/src/ch32v20x_usart.o
                0x0000000000004cb0                USART_SendData
 .text.USART_GetFlagStatus
                0x0000000000004cb8        0xa ./Peripheral/src/ch32v20x_usart.o
                0x0000000000004cb8                USART_GetFlagStatus
 .text.vAINInit
                0x0000000000004cc2       0x36 ./HWLIB/hw_lib_adc.o
                0x0000000000004cc2                vAINInit
 .text.fGetAinCalData
                0x0000000000004cf8       0xb2 ./HWLIB/hw_lib_adc.o
                0x0000000000004cf8                fGetAinCalData
 .text.eAinCalDataConfig
                0x0000000000004daa       0x48 ./HWLIB/hw_lib_adc.o
                0x0000000000004daa                eAinCalDataConfig
 .text.vABLineKoofFinde
                0x0000000000004df2       0x6a ./HWLIB/hw_lib_adc.o
                0x0000000000004df2                vABLineKoofFinde
 .text.eSetAinCalPoint
                0x0000000000004e5c       0x64 ./HWLIB/hw_lib_adc.o
                0x0000000000004e5c                eSetAinCalPoint
 .text.getADC1Buffer
                0x0000000000004ec0        0xa ./HWLIB/hw_lib_adc.o
                0x0000000000004ec0                getADC1Buffer
 .text.eDOUTConfigWtihStruct
                0x0000000000004eca       0x1a ./HWLIB/hw_lib_din.o
                0x0000000000004eca                eDOUTConfigWtihStruct
 .text.eSetDUT  0x0000000000004ee4       0x12 ./HWLIB/hw_lib_din.o
                0x0000000000004ee4                eSetDUT
 .text.eDinConfigWtihStruct
                0x0000000000004ef6       0x32 ./HWLIB/hw_lib_din.o
                0x0000000000004ef6                eDinConfigWtihStruct
 .text.uGetDIN  0x0000000000004f28       0x14 ./HWLIB/hw_lib_din.o
                0x0000000000004f28                uGetDIN
 .text.eRPMConfig
                0x0000000000004f3c       0x5a ./HWLIB/hw_lib_din.o
                0x0000000000004f3c                eRPMConfig
 .text.RMPDataConvert
                0x0000000000004f96       0x78 ./HWLIB/hw_lib_din.o
                0x0000000000004f96                RMPDataConvert
 .text.getCaputreBuffer
                0x000000000000500e       0x16 ./HWLIB/hw_lib_din.o
                0x000000000000500e                getCaputreBuffer
 .text.GetRPM   0x0000000000005024       0x74 ./HWLIB/hw_lib_din.o
                0x0000000000005024                GetRPM
 .text.xGetRPM  0x0000000000005098       0x72 ./HWLIB/hw_lib_din.o
                0x0000000000005098                xGetRPM
 .text.vDinDoutProcess
                0x000000000000510a       0x98 ./HWLIB/hw_lib_din.o
                0x000000000000510a                vDinDoutProcess
 .text.vInitEEPROM
                0x00000000000051a2       0x18 ./HWLIB/hw_lib_eeprom.o
                0x00000000000051a2                vInitEEPROM
 .text.xGetEEPROM
                0x00000000000051ba        0xa ./HWLIB/hw_lib_eeprom.o
                0x00000000000051ba                xGetEEPROM
 .text.eEEPROMWr
                0x00000000000051c4       0xae ./HWLIB/hw_lib_eeprom.o
                0x00000000000051c4                eEEPROMWr
 .text.eEEPROMRd
                0x0000000000005272       0x34 ./HWLIB/hw_lib_eeprom.o
                0x0000000000005272                eEEPROMRd
 .text.bReadEEPROM
                0x00000000000052a6       0x1a ./HWLIB/hw_lib_eeprom.o
                0x00000000000052a6                bReadEEPROM
 .text.Get_ConversionVal
                0x00000000000052c0       0x2e ./HAL/hal_adc.o
                0x00000000000052c0                Get_ConversionVal
 .text.HAL_ADC_CommonConfig
                0x00000000000052ee        0xe ./HAL/hal_adc.o
                0x00000000000052ee                HAL_ADC_CommonConfig
 .text.HAL_ADC_ContiniusScanCinvertionDMA
                0x00000000000052fc       0xda ./HAL/hal_adc.o
                0x00000000000052fc                HAL_ADC_ContiniusScanCinvertionDMA
 .text.ADC1_2_IRQHandler
                0x00000000000053d6       0x74 ./HAL/hal_adc.o
                0x00000000000053d6                ADC1_2_IRQHandler
 .text.HAL_CANSetTXCallback
                0x000000000000544a        0xa ./HAL/hal_can.o
                0x000000000000544a                HAL_CANSetTXCallback
 .text.HAL_CANSetRXCallback
                0x0000000000005454        0xa ./HAL/hal_can.o
                0x0000000000005454                HAL_CANSetRXCallback
 .text.HAL_CANSetERRCallback
                0x000000000000545e        0xa ./HAL/hal_can.o
                0x000000000000545e                HAL_CANSetERRCallback
 .text.HAL_CANIntIT
                0x0000000000005468      0x124 ./HAL/hal_can.o
                0x0000000000005468                HAL_CANIntIT
 .text.HAL_CANToInitMode
                0x000000000000558c       0x16 ./HAL/hal_can.o
                0x000000000000558c                HAL_CANToInitMode
 .text.HAL_CANToOperatingMode
                0x00000000000055a2       0x16 ./HAL/hal_can.o
                0x00000000000055a2                HAL_CANToOperatingMode
 .text.HAL_CANSend
                0x00000000000055b8       0x50 ./HAL/hal_can.o
                0x00000000000055b8                HAL_CANSend
 .text.HAL_CANSetFiters
                0x0000000000005608       0x3a ./HAL/hal_can.o
                0x0000000000005608                HAL_CANSetFiters
 .text.HAL_CANGetRXMessage
                0x0000000000005642       0x52 ./HAL/hal_can.o
                0x0000000000005642                HAL_CANGetRXMessage
 .text.USB_HP_CAN1_TX_IRQHandler
                0x0000000000005694       0xd6 ./HAL/hal_can.o
                0x0000000000005694                USB_HP_CAN1_TX_IRQHandler
 .text.USB_LP_CAN1_RX0_IRQHandler
                0x000000000000576a       0x62 ./HAL/hal_can.o
                0x000000000000576a                USB_LP_CAN1_RX0_IRQHandler
 .text.CAN1_RX1_IRQHandler
                0x00000000000057cc       0x64 ./HAL/hal_can.o
                0x00000000000057cc                CAN1_RX1_IRQHandler
 .text.CAN1_SCE_IRQHandler
                0x0000000000005830       0x62 ./HAL/hal_can.o
                0x0000000000005830                CAN1_SCE_IRQHandler
 .text.HAL_DMA_Enable
                0x0000000000005892        0xe ./HAL/hal_dma.o
                0x0000000000005892                HAL_DMA_Enable
 .text.HAL_DMA_Disable
                0x00000000000058a0        0xe ./HAL/hal_dma.o
                0x00000000000058a0                HAL_DMA_Disable
 .text.HAL_DMA_SetCounter
                0x00000000000058ae       0x10 ./HAL/hal_dma.o
                0x00000000000058ae                HAL_DMA_SetCounter
 .text.HAL_DMAInitIT
                0x00000000000058be      0x172 ./HAL/hal_dma.o
                0x00000000000058be                HAL_DMAInitIT
 .text.HAL_ADC_StartDMA
                0x0000000000005a30       0x64 ./HAL/hal_dma.o
                0x0000000000005a30                HAL_ADC_StartDMA
 .text.DMA1_Channel1_IRQHandler
                0x0000000000005a94       0x64 ./HAL/hal_dma.o
                0x0000000000005a94                DMA1_Channel1_IRQHandler
 .text.DMA1_Channel3_IRQHandler
                0x0000000000005af8       0x68 ./HAL/hal_dma.o
                0x0000000000005af8                DMA1_Channel3_IRQHandler
 .text.DMA1_Channel5_IRQHandler
                0x0000000000005b60       0x66 ./HAL/hal_dma.o
                0x0000000000005b60                DMA1_Channel5_IRQHandler
 .text.DMA1_Channel4_IRQHandler
                0x0000000000005bc6       0x64 ./HAL/hal_dma.o
                0x0000000000005bc6                DMA1_Channel4_IRQHandler
 .text.DMA1_Channel7_IRQHandler
                0x0000000000005c2a       0x68 ./HAL/hal_dma.o
                0x0000000000005c2a                DMA1_Channel7_IRQHandler
 .text.HAL_InitGpioLib
                0x0000000000005c92       0x12 ./HAL/hal_gpio.o
                0x0000000000005c92                HAL_InitGpioLib
 .text.HAL_InitGpioRCC
                0x0000000000005ca4       0xb6 ./HAL/hal_gpio.o
                0x0000000000005ca4                HAL_InitGpioRCC
 .text.HAL_InitGpioOut
                0x0000000000005d5a       0x28 ./HAL/hal_gpio.o
                0x0000000000005d5a                HAL_InitGpioOut
 .text.HAL_InitGpioAIN
                0x0000000000005d82       0x26 ./HAL/hal_gpio.o
                0x0000000000005d82                HAL_InitGpioAIN
 .text.HAL_InitGpioIn
                0x0000000000005da8       0x28 ./HAL/hal_gpio.o
                0x0000000000005da8                HAL_InitGpioIn
 .text.HAL_InitGpioAF
                0x0000000000005dd0       0x3c ./HAL/hal_gpio.o
                0x0000000000005dd0                HAL_InitGpioAF
 .text.HAL_GetBit
                0x0000000000005e0c        0xc ./HAL/hal_gpio.o
                0x0000000000005e0c                HAL_GetBit
 .text.HAL_SetBit
                0x0000000000005e18        0xc ./HAL/hal_gpio.o
                0x0000000000005e18                HAL_SetBit
 .text.HAL_ResetBit
                0x0000000000005e24        0xc ./HAL/hal_gpio.o
                0x0000000000005e24                HAL_ResetBit
 .text.I2C_Master_TransmitIT
                0x0000000000005e30       0x9a ./HAL/hal_i2c.o
 .text.I2C_Master_ReviceIT
                0x0000000000005eca       0xa8 ./HAL/hal_i2c.o
 .text.I2C_FSM  0x0000000000005f72      0x1d6 ./HAL/hal_i2c.o
 .text.InitI2CDMA
                0x0000000000006148       0xe0 ./HAL/hal_i2c.o
                0x0000000000006148                InitI2CDMA
 .text.I2C1_EV_IRQHandler
                0x0000000000006228       0x4c ./HAL/hal_i2c.o
                0x0000000000006228                I2C1_EV_IRQHandler
 .text.I2C1_ER_IRQHandler
                0x0000000000006274       0x4c ./HAL/hal_i2c.o
                0x0000000000006274                I2C1_ER_IRQHandler
 .text.I2C2_EV_IRQHandler
                0x00000000000062c0       0x4c ./HAL/hal_i2c.o
                0x00000000000062c0                I2C2_EV_IRQHandler
 .text.I2C2_ER_IRQHandler
                0x000000000000630c       0x4c ./HAL/hal_i2c.o
                0x000000000000630c                I2C2_ER_IRQHandler
 .text.HAL_RTC_IT_Init
                0x0000000000006358       0xb0 ./HAL/hal_rtc.o
                0x0000000000006358                HAL_RTC_IT_Init
 .text.RTC_IRQHandler
                0x0000000000006408       0x64 ./HAL/hal_rtc.o
                0x0000000000006408                RTC_IRQHandler
 .text.HAL_SPI_InitDMA
                0x000000000000646c       0x94 ./HAL/hal_spi.o
                0x000000000000646c                HAL_SPI_InitDMA
 .text.HAL_SPI_RXOveleyClear
                0x0000000000006500       0x10 ./HAL/hal_spi.o
                0x0000000000006500                HAL_SPI_RXOveleyClear
 .text.HAL_SPI_GetBusy
                0x0000000000006510       0x16 ./HAL/hal_spi.o
                0x0000000000006510                HAL_SPI_GetBusy
 .text.vTimerInitRCC
                0x0000000000006526       0x3e ./HAL/hal_timers.o
 .text.TIM1_CC_IRQHandler
                0x0000000000006564       0xea ./HAL/hal_timers.o
                0x0000000000006564                TIM1_CC_IRQHandler
 .text.TIM1_UP_IRQHandler
                0x000000000000664e       0x74 ./HAL/hal_timers.o
                0x000000000000664e                TIM1_UP_IRQHandler
 .text.TIM4_IRQHandler
                0x00000000000066c2       0x74 ./HAL/hal_timers.o
                0x00000000000066c2                TIM4_IRQHandler
 .text.TIM3_IRQHandler
                0x0000000000006736       0x74 ./HAL/hal_timers.o
                0x0000000000006736                TIM3_IRQHandler
 .text.TIM2_IRQHandler
                0x00000000000067aa       0x6c ./HAL/hal_timers.o
                0x00000000000067aa                TIM2_IRQHandler
 .text.HAL_TiemrEneblae
                0x0000000000006816       0x1c ./HAL/hal_timers.o
                0x0000000000006816                HAL_TiemrEneblae
 .text.HW_TIMER_BaseTimerInit
                0x0000000000006832       0x60 ./HAL/hal_timers.o
                0x0000000000006832                HW_TIMER_BaseTimerInit
 .text.HAL_TIMER_InitIt
                0x0000000000006892       0xa4 ./HAL/hal_timers.o
                0x0000000000006892                HAL_TIMER_InitIt
 .text.HAL_TIMER_PWMTimersInit
                0x0000000000006936       0xec ./HAL/hal_timers.o
                0x0000000000006936                HAL_TIMER_PWMTimersInit
 .text.HAL_TimeInitCaptureDMA
                0x0000000000006a22      0x114 ./HAL/hal_timers.o
                0x0000000000006a22                HAL_TimeInitCaptureDMA
 .text.HAL_TIMER_DisablePWMCH
                0x0000000000006b36       0x1c ./HAL/hal_timers.o
                0x0000000000006b36                HAL_TIMER_DisablePWMCH
 .text.HAL_TIMER_SetPWMPulse
                0x0000000000006b52       0x80 ./HAL/hal_timers.o
                0x0000000000006b52                HAL_TIMER_SetPWMPulse
 .text.HAL_TIMER_EnablePWMCH
                0x0000000000006bd2       0x1c ./HAL/hal_timers.o
                0x0000000000006bd2                HAL_TIMER_EnablePWMCH
 .text.HAL_WDTReset
                0x0000000000006bee        0x2 ./HAL/hal_wdt.o
                0x0000000000006bee                HAL_WDTReset
 .text.prvInsertBlockIntoFreeList
                0x0000000000006bf0       0x4c ./FreeRTOS/portable/MemMang/heap_4.o
 .text.pvPortMalloc
                0x0000000000006c3c      0x18a ./FreeRTOS/portable/MemMang/heap_4.o
                0x0000000000006c3c                pvPortMalloc
 .text.vPortFree
                0x0000000000006dc6       0xa8 ./FreeRTOS/portable/MemMang/heap_4.o
                0x0000000000006dc6                vPortFree
 .text.vPortSetupTimerInterrupt
                0x0000000000006e6e       0x3e ./FreeRTOS/portable/GCC/RISC-V/port.o
                0x0000000000006e6e                vPortSetupTimerInterrupt
 .text.xPortStartScheduler
                0x0000000000006eac       0x90 ./FreeRTOS/portable/GCC/RISC-V/port.o
                0x0000000000006eac                xPortStartScheduler
 .text.SysTick_Handler
                0x0000000000006f3c       0x7c ./FreeRTOS/portable/GCC/RISC-V/port.o
                0x0000000000006f3c                SysTick_Handler
 .text.vPortEnterCritical
                0x0000000000006fb8       0x16 ./FreeRTOS/portable/GCC/RISC-V/port.o
                0x0000000000006fb8                vPortEnterCritical
 .text.vPortExitCritical
                0x0000000000006fce       0x42 ./FreeRTOS/portable/GCC/RISC-V/port.o
                0x0000000000006fce                vPortExitCritical
 .text.xPortSetInterruptMask
                0x0000000000007010        0xc ./FreeRTOS/portable/GCC/RISC-V/port.o
                0x0000000000007010                xPortSetInterruptMask
 .text.vPortClearInterruptMask
                0x000000000000701c        0x6 ./FreeRTOS/portable/GCC/RISC-V/port.o
                0x000000000000701c                vPortClearInterruptMask
 .text.vListInitialise
                0x0000000000007022       0x14 ./FreeRTOS/list.o
                0x0000000000007022                vListInitialise
 .text.vListInitialiseItem
                0x0000000000007036        0x6 ./FreeRTOS/list.o
                0x0000000000007036                vListInitialiseItem
 .text.vListInsertEnd
                0x000000000000703c       0x18 ./FreeRTOS/list.o
                0x000000000000703c                vListInsertEnd
 .text.vListInsert
                0x0000000000007054       0x2e ./FreeRTOS/list.o
                0x0000000000007054                vListInsert
 .text.uxListRemove
                0x0000000000007082       0x20 ./FreeRTOS/list.o
                0x0000000000007082                uxListRemove
 .text.prvIsQueueEmpty
                0x00000000000070a2       0x1e ./FreeRTOS/queue.o
 .text.prvCopyDataToQueue
                0x00000000000070c0       0x72 ./FreeRTOS/queue.o
 .text.prvCopyDataFromQueue
                0x0000000000007132       0x28 ./FreeRTOS/queue.o
 .text.prvUnlockQueue
                0x000000000000715a       0x76 ./FreeRTOS/queue.o
 .text.xQueueGenericReset
                0x00000000000071d0       0xc4 ./FreeRTOS/queue.o
                0x00000000000071d0                xQueueGenericReset
 .text.xQueueGenericCreateStatic
                0x0000000000007294       0xae ./FreeRTOS/queue.o
                0x0000000000007294                xQueueGenericCreateStatic
 .text.xQueueGenericCreate
                0x0000000000007342       0x72 ./FreeRTOS/queue.o
                0x0000000000007342                xQueueGenericCreate
 .text.xQueueGenericSend
                0x00000000000073b4      0x1a8 ./FreeRTOS/queue.o
                0x00000000000073b4                xQueueGenericSend
 .text.xQueueGiveMutexRecursive
                0x000000000000755c       0x56 ./FreeRTOS/queue.o
                0x000000000000755c                xQueueGiveMutexRecursive
 .text.xQueueCreateMutex
                0x00000000000075b2       0x2e ./FreeRTOS/queue.o
                0x00000000000075b2                xQueueCreateMutex
 .text.xQueueReceive
                0x00000000000075e0      0x166 ./FreeRTOS/queue.o
                0x00000000000075e0                xQueueReceive
 .text.xQueueSemaphoreTake
                0x0000000000007746      0x1be ./FreeRTOS/queue.o
                0x0000000000007746                xQueueSemaphoreTake
 .text.xQueueTakeMutexRecursive
                0x0000000000007904       0x5a ./FreeRTOS/queue.o
                0x0000000000007904                xQueueTakeMutexRecursive
 .text.vQueueAddToRegistry
                0x000000000000795e       0x6c ./FreeRTOS/queue.o
                0x000000000000795e                vQueueAddToRegistry
 .text.vQueueWaitForMessageRestricted
                0x00000000000079ca       0x5c ./FreeRTOS/queue.o
                0x00000000000079ca                vQueueWaitForMessageRestricted
 .text.prvIdleTask
                0x0000000000007a26        0x2 ./FreeRTOS/tasks.o
 .text.prvAddNewTaskToReadyList
                0x0000000000007a28      0x10e ./FreeRTOS/tasks.o
 .text.prvResetNextTaskUnblockTime
                0x0000000000007b36       0x24 ./FreeRTOS/tasks.o
 .text.prvTaskIsTaskSuspended
                0x0000000000007b5a       0x50 ./FreeRTOS/tasks.o
 .text.prvInitialiseNewTask.isra.2
                0x0000000000007baa       0xc8 ./FreeRTOS/tasks.o
 .text.prvAddCurrentTaskToDelayedList
                0x0000000000007c72       0xa8 ./FreeRTOS/tasks.o
 .text.xTaskCreateStatic
                0x0000000000007d1a       0xa6 ./FreeRTOS/tasks.o
                0x0000000000007d1a                xTaskCreateStatic
 .text.vTaskResume
                0x0000000000007dc0       0xaa ./FreeRTOS/tasks.o
                0x0000000000007dc0                vTaskResume
 .text.vTaskStartScheduler
                0x0000000000007e6a       0x94 ./FreeRTOS/tasks.o
                0x0000000000007e6a                vTaskStartScheduler
 .text.vTaskSuspendAll
                0x0000000000007efe       0x10 ./FreeRTOS/tasks.o
                0x0000000000007efe                vTaskSuspendAll
 .text.xTaskGetTickCount
                0x0000000000007f0e        0x6 ./FreeRTOS/tasks.o
                0x0000000000007f0e                xTaskGetTickCount
 .text.xTaskIncrementTick
                0x0000000000007f14      0x19c ./FreeRTOS/tasks.o
                0x0000000000007f14                xTaskIncrementTick
 .text.xTaskResumeAll
                0x00000000000080b0      0x158 ./FreeRTOS/tasks.o
                0x00000000000080b0                xTaskResumeAll
 .text.vTaskDelay
                0x0000000000008208       0x66 ./FreeRTOS/tasks.o
                0x0000000000008208                vTaskDelay
 .text.vTaskSwitchContext
                0x000000000000826e       0x96 ./FreeRTOS/tasks.o
                0x000000000000826e                vTaskSwitchContext
 .text.vTaskSuspend
                0x0000000000008304       0xea ./FreeRTOS/tasks.o
                0x0000000000008304                vTaskSuspend
 .text.vTaskPlaceOnEventList
                0x00000000000083ee       0x48 ./FreeRTOS/tasks.o
                0x00000000000083ee                vTaskPlaceOnEventList
 .text.vTaskPlaceOnEventListRestricted
                0x0000000000008436       0x76 ./FreeRTOS/tasks.o
                0x0000000000008436                vTaskPlaceOnEventListRestricted
 .text.xTaskRemoveFromEventList
                0x00000000000084ac       0xe8 ./FreeRTOS/tasks.o
                0x00000000000084ac                xTaskRemoveFromEventList
 .text.vTaskInternalSetTimeOutState
                0x0000000000008594        0xe ./FreeRTOS/tasks.o
                0x0000000000008594                vTaskInternalSetTimeOutState
 .text.xTaskCheckForTimeOut
                0x00000000000085a2       0xaa ./FreeRTOS/tasks.o
                0x00000000000085a2                xTaskCheckForTimeOut
 .text.vTaskMissedYield
                0x000000000000864c        0x8 ./FreeRTOS/tasks.o
                0x000000000000864c                vTaskMissedYield
 .text.xTaskGetCurrentTaskHandle
                0x0000000000008654        0xa ./FreeRTOS/tasks.o
                0x0000000000008654                xTaskGetCurrentTaskHandle
 .text.xTaskGetSchedulerState
                0x000000000000865e       0x18 ./FreeRTOS/tasks.o
                0x000000000000865e                xTaskGetSchedulerState
 .text.xTaskPriorityInherit
                0x0000000000008676       0xae ./FreeRTOS/tasks.o
                0x0000000000008676                xTaskPriorityInherit
 .text.xTaskPriorityDisinherit
                0x0000000000008724       0xca ./FreeRTOS/tasks.o
                0x0000000000008724                xTaskPriorityDisinherit
 .text.vTaskPriorityDisinheritAfterTimeout
                0x00000000000087ee       0xe6 ./FreeRTOS/tasks.o
                0x00000000000087ee                vTaskPriorityDisinheritAfterTimeout
 .text.pvTaskIncrementMutexHeldCount
                0x00000000000088d4       0x1c ./FreeRTOS/tasks.o
                0x00000000000088d4                pvTaskIncrementMutexHeldCount
 .text.ulTaskGenericNotifyTake
                0x00000000000088f0       0xb8 ./FreeRTOS/tasks.o
                0x00000000000088f0                ulTaskGenericNotifyTake
 .text.xTaskGenericNotifyWait
                0x00000000000089a8       0xe6 ./FreeRTOS/tasks.o
                0x00000000000089a8                xTaskGenericNotifyWait
 .text.xTaskGenericNotify
                0x0000000000008a8e      0x1b0 ./FreeRTOS/tasks.o
                0x0000000000008a8e                xTaskGenericNotify
 .text.xTaskGenericNotifyFromISR
                0x0000000000008c3e      0x1ec ./FreeRTOS/tasks.o
                0x0000000000008c3e                xTaskGenericNotifyFromISR
 .text.ulTaskGenericNotifyValueClear
                0x0000000000008e2a       0x3e ./FreeRTOS/tasks.o
                0x0000000000008e2a                ulTaskGenericNotifyValueClear
 .text.prvCheckForValidListAndQueue
                0x0000000000008e68       0x6a ./FreeRTOS/timers.o
 .text.prvInsertTimerInActiveList
                0x0000000000008ed2       0x3e ./FreeRTOS/timers.o
 .text.prvReloadTimer
                0x0000000000008f10       0x2a ./FreeRTOS/timers.o
 .text.prvProcessExpiredTimer
                0x0000000000008f3a       0x42 ./FreeRTOS/timers.o
 .text.prvSwitchTimerLists
                0x0000000000008f7c       0x28 ./FreeRTOS/timers.o
 .text.prvTimerTask
                0x0000000000008fa4      0x188 ./FreeRTOS/timers.o
 .text.xTimerCreateTimerTask
                0x000000000000912c       0x6e ./FreeRTOS/timers.o
                0x000000000000912c                xTimerCreateTimerTask
 .text.vRCFilter
                0x000000000000919a       0x30 ./Drivers/filters.o
                0x000000000000919a                vRCFilter
 .text.vInitABFilter
                0x00000000000091ca       0x22 ./Drivers/filters.o
                0x00000000000091ca                vInitABFilter
 .text.vInitRunAverga
                0x00000000000091ec        0x8 ./Drivers/filters.o
                0x00000000000091ec                vInitRunAverga
 .text.vInitMedianFilter
                0x00000000000091f4       0x12 ./Drivers/filters.o
                0x00000000000091f4                vInitMedianFilter
 .text.MedianFilter
                0x0000000000009206       0x6e ./Drivers/filters.o
                0x0000000000009206                MedianFilter
 .text.Delay_Ms
                0x0000000000009274       0x36 ./Debug/debug.o
                0x0000000000009274                Delay_Ms
 .text._write   0x00000000000092aa       0x3e ./Debug/debug.o
                0x00000000000092aa                _write
 .text._sbrk    0x00000000000092e8       0x2a ./Debug/debug.o
                0x00000000000092e8                _sbrk
 .text.prv_read_can_received_msg
                0x0000000000009312       0x50 ./CANopenNode/keypad/CO_driver_ST32F103.o
                0x0000000000009312                prv_read_can_received_msg
 .text.prv_send_can_message.isra.0
                0x0000000000009362       0x2c ./CANopenNode/keypad/CO_driver_ST32F103.o
 .text.CAN_SendMessage
                0x000000000000938e       0x66 ./CANopenNode/keypad/CO_driver_ST32F103.o
                0x000000000000938e                CAN_SendMessage
 .text.co_drv_create_os_objects
                0x00000000000093f4       0x30 ./CANopenNode/keypad/CO_driver_ST32F103.o
                0x00000000000093f4                co_drv_create_os_objects
 .text.co_drv_mutex_lock
                0x0000000000009424       0x18 ./CANopenNode/keypad/CO_driver_ST32F103.o
                0x0000000000009424                co_drv_mutex_lock
 .text.co_drv_mutex_unlock
                0x000000000000943c       0x16 ./CANopenNode/keypad/CO_driver_ST32F103.o
                0x000000000000943c                co_drv_mutex_unlock
 .text.CO_CANsetConfigurationMode
                0x0000000000009452       0x10 ./CANopenNode/keypad/CO_driver_ST32F103.o
                0x0000000000009452                CO_CANsetConfigurationMode
 .text.CO_CANsetNormalMode
                0x0000000000009462       0x1c ./CANopenNode/keypad/CO_driver_ST32F103.o
                0x0000000000009462                CO_CANsetNormalMode
 .text.CO_CANmodule_init
                0x000000000000947e      0x110 ./CANopenNode/keypad/CO_driver_ST32F103.o
                0x000000000000947e                CO_CANmodule_init
 .text.CO_CANmodule_disable
                0x000000000000958e       0x14 ./CANopenNode/keypad/CO_driver_ST32F103.o
                0x000000000000958e                CO_CANmodule_disable
 .text.CO_CANrxBufferInit
                0x00000000000095a2       0x52 ./CANopenNode/keypad/CO_driver_ST32F103.o
                0x00000000000095a2                CO_CANrxBufferInit
 .text.CO_CANtxBufferInit
                0x00000000000095f4       0x3a ./CANopenNode/keypad/CO_driver_ST32F103.o
                0x00000000000095f4                CO_CANtxBufferInit
 .text.CO_CANmodule_process
                0x000000000000962e       0x12 ./CANopenNode/keypad/CO_driver_ST32F103.o
                0x000000000000962e                CO_CANmodule_process
 .text.CO_CANsend
                0x0000000000009640       0x46 ./CANopenNode/keypad/CO_driver_ST32F103.o
                0x0000000000009640                CO_CANsend
 .text.CO_LSSslave_receive
                0x0000000000009686      0x1a8 ./CANopenNode/305/CO_LSSslave.o
 .text.CO_LSSslave_init
                0x000000000000982e       0xa4 ./CANopenNode/305/CO_LSSslave.o
                0x000000000000982e                CO_LSSslave_init
 .text.CO_LSSslave_process
                0x00000000000098d2      0x1a2 ./CANopenNode/305/CO_LSSslave.o
                0x00000000000098d2                CO_LSSslave_process
 .text.OD_write_1003
                0x0000000000009a74       0x28 ./CANopenNode/301/CO_Emergency.o
 .text.OD_read_1003
                0x0000000000009a9c       0x8c ./CANopenNode/301/CO_Emergency.o
 .text.OD_read_1014_default
                0x0000000000009b28       0x50 ./CANopenNode/301/CO_Emergency.o
 .text.CO_EM_init
                0x0000000000009b78      0x112 ./CANopenNode/301/CO_Emergency.o
                0x0000000000009b78                CO_EM_init
 .text.CO_error
                0x0000000000009c8a       0xc4 ./CANopenNode/301/CO_Emergency.o
                0x0000000000009c8a                CO_error
 .text.CO_EM_process
                0x0000000000009d4e      0x182 ./CANopenNode/301/CO_Emergency.o
                0x0000000000009d4e                CO_EM_process
 .text.CO_NMT_receive
                0x0000000000009ed0       0x18 ./CANopenNode/301/CO_NMT_Heartbeat.o
 .text.OD_write_1017
                0x0000000000009ee8       0x48 ./CANopenNode/301/CO_NMT_Heartbeat.o
 .text.CO_NMT_init
                0x0000000000009f30       0xec ./CANopenNode/301/CO_NMT_Heartbeat.o
                0x0000000000009f30                CO_NMT_init
 .text.CO_NMT_process
                0x000000000000a01c      0x106 ./CANopenNode/301/CO_NMT_Heartbeat.o
                0x000000000000a01c                CO_NMT_process
 .text.OD_readDisabled
                0x000000000000a122        0x4 ./CANopenNode/301/CO_ODinterface.o
 .text.OD_readOriginal
                0x000000000000a126       0x50 ./CANopenNode/301/CO_ODinterface.o
                0x000000000000a126                OD_readOriginal
 .text.OD_writeOriginal
                0x000000000000a176       0x54 ./CANopenNode/301/CO_ODinterface.o
                0x000000000000a176                OD_writeOriginal
 .text.OD_writeDisabled
                0x000000000000a1ca        0x4 ./CANopenNode/301/CO_ODinterface.o
 .text.OD_find  0x000000000000a1ce       0x70 ./CANopenNode/301/CO_ODinterface.o
                0x000000000000a1ce                OD_find
 .text.OD_getSub
                0x000000000000a23e       0xf6 ./CANopenNode/301/CO_ODinterface.o
                0x000000000000a23e                OD_getSub
 .text.OD_getSDOabCode
                0x000000000000a334       0x20 ./CANopenNode/301/CO_ODinterface.o
                0x000000000000a334                OD_getSDOabCode
 .text.OD_get_value
                0x000000000000a354       0x34 ./CANopenNode/301/CO_ODinterface.o
                0x000000000000a354                OD_get_value
 .text.OD_set_value
                0x000000000000a388       0x2e ./CANopenNode/301/CO_ODinterface.o
                0x000000000000a388                OD_set_value
 .text.OD_getPtr
                0x000000000000a3b6       0x3c ./CANopenNode/301/CO_ODinterface.o
                0x000000000000a3b6                OD_getPtr
 .text.OD_write_dummy
                0x000000000000a3f2        0x8 ./CANopenNode/301/CO_PDO.o
 .text.OD_read_dummy
                0x000000000000a3fa       0x2e ./CANopenNode/301/CO_PDO.o
 .text.PDOconfigMap
                0x000000000000a428      0x100 ./CANopenNode/301/CO_PDO.o
 .text.CO_PDO_receive
                0x000000000000a528       0x48 ./CANopenNode/301/CO_PDO.o
 .text.OD_read_PDO_commParam
                0x000000000000a570       0x70 ./CANopenNode/301/CO_PDO.o
 .text.PDO_initMapping.constprop.3
                0x000000000000a5e0       0xe6 ./CANopenNode/301/CO_PDO.o
 .text.OD_write_PDO_mapping
                0x000000000000a6c6       0xb4 ./CANopenNode/301/CO_PDO.o
 .text.OD_write_18xx
                0x000000000000a77a      0x184 ./CANopenNode/301/CO_PDO.o
 .text.OD_write_14xx
                0x000000000000a8fe      0x15a ./CANopenNode/301/CO_PDO.o
 .text.CO_RPDO_init
                0x000000000000aa58      0x172 ./CANopenNode/301/CO_PDO.o
                0x000000000000aa58                CO_RPDO_init
 .text.CO_RPDO_process
                0x000000000000abca      0x114 ./CANopenNode/301/CO_PDO.o
                0x000000000000abca                CO_RPDO_process
 .text.CO_TPDO_init
                0x000000000000acde      0x1d2 ./CANopenNode/301/CO_PDO.o
                0x000000000000acde                CO_TPDO_init
 .text.CO_TPDO_process
                0x000000000000aeb0      0x15e ./CANopenNode/301/CO_PDO.o
                0x000000000000aeb0                CO_TPDO_process
 .text.CO_SDOserver_init_canRxTx
                0x000000000000b00e       0x82 ./CANopenNode/301/CO_SDOserver.o
 .text.CO_SDO_receive
                0x000000000000b090       0x38 ./CANopenNode/301/CO_SDOserver.o
 .text.readFromOd.isra.1.constprop.5
                0x000000000000b0c8       0xe2 ./CANopenNode/301/CO_SDOserver.o
 .text.OD_write_1201_additional
                0x000000000000b1aa      0x158 ./CANopenNode/301/CO_SDOserver.o
 .text.CO_SDOserver_init
                0x000000000000b302      0x172 ./CANopenNode/301/CO_SDOserver.o
                0x000000000000b302                CO_SDOserver_init
 .text.CO_SDOserver_process
                0x000000000000b474      0x5e8 ./CANopenNode/301/CO_SDOserver.o
                0x000000000000b474                CO_SDOserver_process
 .text.CO_delete
                0x000000000000ba5c       0x56 ./CANopenNode/CANopen.o
                0x000000000000ba5c                CO_delete
 .text.CO_new   0x000000000000bab2      0x102 ./CANopenNode/CANopen.o
                0x000000000000bab2                CO_new
 .text.CO_CANinit
                0x000000000000bbb4       0x36 ./CANopenNode/CANopen.o
                0x000000000000bbb4                CO_CANinit
 .text.CO_LSSinit
                0x000000000000bbea       0x32 ./CANopenNode/CANopen.o
                0x000000000000bbea                CO_LSSinit
 .text.CO_CANopenInit
                0x000000000000bc1c       0xb8 ./CANopenNode/CANopen.o
                0x000000000000bc1c                CO_CANopenInit
 .text.CO_CANopenInitPDO
                0x000000000000bcd4       0xea ./CANopenNode/CANopen.o
                0x000000000000bcd4                CO_CANopenInitPDO
 .text.CO_process
                0x000000000000bdbe       0x7e ./CANopenNode/CANopen.o
                0x000000000000bdbe                CO_process
 .text.CO_process_RPDO
                0x000000000000be3c       0x40 ./CANopenNode/CANopen.o
                0x000000000000be3c                CO_process_RPDO
 .text.CO_process_TPDO
                0x000000000000be7c       0x40 ./CANopenNode/CANopen.o
                0x000000000000be7c                CO_process_TPDO
 .text.__addsf3
                0x000000000000bebc      0x36a c:/mounriver/mounriver_studio/toolchain/risc-v embedded gcc/bin/../lib/gcc/riscv-none-embed/8.2.0/rv32imacxw/ilp32\libgcc.a(addsf3.o)
                0x000000000000bebc                __addsf3
 .text.__divsf3
                0x000000000000c226      0x2b2 c:/mounriver/mounriver_studio/toolchain/risc-v embedded gcc/bin/../lib/gcc/riscv-none-embed/8.2.0/rv32imacxw/ilp32\libgcc.a(divsf3.o)
                0x000000000000c226                __divsf3
 .text.__gesf2  0x000000000000c4d8       0x86 c:/mounriver/mounriver_studio/toolchain/risc-v embedded gcc/bin/../lib/gcc/riscv-none-embed/8.2.0/rv32imacxw/ilp32\libgcc.a(gesf2.o)
                0x000000000000c4d8                __gesf2
                0x000000000000c4d8                __gtsf2
 .text.__lesf2  0x000000000000c55e       0x8c c:/mounriver/mounriver_studio/toolchain/risc-v embedded gcc/bin/../lib/gcc/riscv-none-embed/8.2.0/rv32imacxw/ilp32\libgcc.a(lesf2.o)
                0x000000000000c55e                __ltsf2
                0x000000000000c55e                __lesf2
 .text.__mulsf3
                0x000000000000c5ea      0x290 c:/mounriver/mounriver_studio/toolchain/risc-v embedded gcc/bin/../lib/gcc/riscv-none-embed/8.2.0/rv32imacxw/ilp32\libgcc.a(mulsf3.o)
                0x000000000000c5ea                __mulsf3
 .text.__subsf3
                0x000000000000c87a      0x388 c:/mounriver/mounriver_studio/toolchain/risc-v embedded gcc/bin/../lib/gcc/riscv-none-embed/8.2.0/rv32imacxw/ilp32\libgcc.a(subsf3.o)
                0x000000000000c87a                __subsf3
 .text.__fixsfsi
                0x000000000000cc02       0x62 c:/mounriver/mounriver_studio/toolchain/risc-v embedded gcc/bin/../lib/gcc/riscv-none-embed/8.2.0/rv32imacxw/ilp32\libgcc.a(fixsfsi.o)
                0x000000000000cc02                __fixsfsi
 .text.__fixunssfsi
                0x000000000000cc64       0x56 c:/mounriver/mounriver_studio/toolchain/risc-v embedded gcc/bin/../lib/gcc/riscv-none-embed/8.2.0/rv32imacxw/ilp32\libgcc.a(fixunssfsi.o)
                0x000000000000cc64                __fixunssfsi
 .text.__floatsisf
                0x000000000000ccba       0xc6 c:/mounriver/mounriver_studio/toolchain/risc-v embedded gcc/bin/../lib/gcc/riscv-none-embed/8.2.0/rv32imacxw/ilp32\libgcc.a(floatsisf.o)
                0x000000000000ccba                __floatsisf
 .text.__floatunsisf
                0x000000000000cd80       0xce c:/mounriver/mounriver_studio/toolchain/risc-v embedded gcc/bin/../lib/gcc/riscv-none-embed/8.2.0/rv32imacxw/ilp32\libgcc.a(floatunsisf.o)
                0x000000000000cd80                __floatunsisf
 .text.__clzsi2
                0x000000000000ce4e       0x6e c:/mounriver/mounriver_studio/toolchain/risc-v embedded gcc/bin/../lib/gcc/riscv-none-embed/8.2.0/rv32imacxw/ilp32\libgcc.a(_clzsi2.o)
                0x000000000000ce4e                __clzsi2
 .text.calloc   0x000000000000cebc        0xc c:/mounriver/mounriver_studio/toolchain/risc-v embedded gcc/bin/../lib/gcc/riscv-none-embed/8.2.0/../../../../riscv-none-embed/lib/rv32imacxw/ilp32\libg_nano.a(lib_a-calloc.o)
                0x000000000000cebc                calloc
 .text.free     0x000000000000cec8        0xa c:/mounriver/mounriver_studio/toolchain/risc-v embedded gcc/bin/../lib/gcc/riscv-none-embed/8.2.0/../../../../riscv-none-embed/lib/rv32imacxw/ilp32\libg_nano.a(lib_a-malloc.o)
                0x000000000000cec8                free
 .text.memcpy   0x000000000000ced2       0xb2 c:/mounriver/mounriver_studio/toolchain/risc-v embedded gcc/bin/../lib/gcc/riscv-none-embed/8.2.0/../../../../riscv-none-embed/lib/rv32imacxw/ilp32\libg_nano.a(lib_a-memcpy.o)
                0x000000000000ced2                memcpy
 .text.memmove  0x000000000000cf84       0x46 c:/mounriver/mounriver_studio/toolchain/risc-v embedded gcc/bin/../lib/gcc/riscv-none-embed/8.2.0/../../../../riscv-none-embed/lib/rv32imacxw/ilp32\libg_nano.a(lib_a-memmove.o)
                0x000000000000cf84                memmove
 .text._calloc_r
                0x000000000000cfca       0x26 c:/mounriver/mounriver_studio/toolchain/risc-v embedded gcc/bin/../lib/gcc/riscv-none-embed/8.2.0/../../../../riscv-none-embed/lib/rv32imacxw/ilp32\libg_nano.a(lib_a-nano-callocr.o)
                0x000000000000cfca                _calloc_r
 .text._free_r  0x000000000000cff0       0xa4 c:/mounriver/mounriver_studio/toolchain/risc-v embedded gcc/bin/../lib/gcc/riscv-none-embed/8.2.0/../../../../riscv-none-embed/lib/rv32imacxw/ilp32\libg_nano.a(lib_a-nano-freer.o)
                0x000000000000cff0                _free_r
 .text._malloc_r
                0x000000000000d094       0xce c:/mounriver/mounriver_studio/toolchain/risc-v embedded gcc/bin/../lib/gcc/riscv-none-embed/8.2.0/../../../../riscv-none-embed/lib/rv32imacxw/ilp32\libg_nano.a(lib_a-nano-mallocr.o)
                0x000000000000d094                _malloc_r
 .text.printf   0x000000000000d162       0x3e c:/mounriver/mounriver_studio/toolchain/risc-v embedded gcc/bin/../lib/gcc/riscv-none-embed/8.2.0/../../../../riscv-none-embed/lib/rv32imacxw/ilp32\libg_nano.a(lib_a-printf.o)
                0x000000000000d162                iprintf
                0x000000000000d162                printf
 .text._sbrk_r  0x000000000000d1a0       0x32 c:/mounriver/mounriver_studio/toolchain/risc-v embedded gcc/bin/../lib/gcc/riscv-none-embed/8.2.0/../../../../riscv-none-embed/lib/rv32imacxw/ilp32\libg_nano.a(lib_a-sbrkr.o)
                0x000000000000d1a0                _sbrk_r
 .text.strlen   0x000000000000d1d2       0x12 c:/mounriver/mounriver_studio/toolchain/risc-v embedded gcc/bin/../lib/gcc/riscv-none-embed/8.2.0/../../../../riscv-none-embed/lib/rv32imacxw/ilp32\libg_nano.a(lib_a-strlen.o)
                0x000000000000d1d2                strlen
 .text.std      0x000000000000d1e4       0x66 c:/mounriver/mounriver_studio/toolchain/risc-v embedded gcc/bin/../lib/gcc/riscv-none-embed/8.2.0/../../../../riscv-none-embed/lib/rv32imacxw/ilp32\libg_nano.a(lib_a-findfp.o)
 .text._cleanup_r
                0x000000000000d24a        0xa c:/mounriver/mounriver_studio/toolchain/risc-v embedded gcc/bin/../lib/gcc/riscv-none-embed/8.2.0/../../../../riscv-none-embed/lib/rv32imacxw/ilp32\libg_nano.a(lib_a-findfp.o)
                0x000000000000d24a                _cleanup_r
 .text.__sfmoreglue
                0x000000000000d254       0x48 c:/mounriver/mounriver_studio/toolchain/risc-v embedded gcc/bin/../lib/gcc/riscv-none-embed/8.2.0/../../../../riscv-none-embed/lib/rv32imacxw/ilp32\libg_nano.a(lib_a-findfp.o)
                0x000000000000d254                __sfmoreglue
 .text.__sinit  0x000000000000d29c       0x6c c:/mounriver/mounriver_studio/toolchain/risc-v embedded gcc/bin/../lib/gcc/riscv-none-embed/8.2.0/../../../../riscv-none-embed/lib/rv32imacxw/ilp32\libg_nano.a(lib_a-findfp.o)
                0x000000000000d29c                __sinit
 .text.__sfp    0x000000000000d308       0xa0 c:/mounriver/mounriver_studio/toolchain/risc-v embedded gcc/bin/../lib/gcc/riscv-none-embed/8.2.0/../../../../riscv-none-embed/lib/rv32imacxw/ilp32\libg_nano.a(lib_a-findfp.o)
                0x000000000000d308                __sfp
 .text._fwalk_reent
                0x000000000000d3a8       0x6a c:/mounriver/mounriver_studio/toolchain/risc-v embedded gcc/bin/../lib/gcc/riscv-none-embed/8.2.0/../../../../riscv-none-embed/lib/rv32imacxw/ilp32\libg_nano.a(lib_a-fwalk.o)
                0x000000000000d3a8                _fwalk_reent
 .text.__malloc_lock
                0x000000000000d412        0x2 c:/mounriver/mounriver_studio/toolchain/risc-v embedded gcc/bin/../lib/gcc/riscv-none-embed/8.2.0/../../../../riscv-none-embed/lib/rv32imacxw/ilp32\libg_nano.a(lib_a-mlock.o)
                0x000000000000d412                __malloc_lock
 .text.__malloc_unlock
                0x000000000000d414        0x2 c:/mounriver/mounriver_studio/toolchain/risc-v embedded gcc/bin/../lib/gcc/riscv-none-embed/8.2.0/../../../../riscv-none-embed/lib/rv32imacxw/ilp32\libg_nano.a(lib_a-mlock.o)
                0x000000000000d414                __malloc_unlock
 .text.__sfputc_r
                0x000000000000d416       0x26 c:/mounriver/mounriver_studio/toolchain/risc-v embedded gcc/bin/../lib/gcc/riscv-none-embed/8.2.0/../../../../riscv-none-embed/lib/rv32imacxw/ilp32\libg_nano.a(lib_a-nano-vfprintf.o)
 .text.__sfputs_r
                0x000000000000d43c       0x42 c:/mounriver/mounriver_studio/toolchain/risc-v embedded gcc/bin/../lib/gcc/riscv-none-embed/8.2.0/../../../../riscv-none-embed/lib/rv32imacxw/ilp32\libg_nano.a(lib_a-nano-vfprintf.o)
                0x000000000000d43c                __sfputs_r
 .text._vfprintf_r
                0x000000000000d47e      0x28c c:/mounriver/mounriver_studio/toolchain/risc-v embedded gcc/bin/../lib/gcc/riscv-none-embed/8.2.0/../../../../riscv-none-embed/lib/rv32imacxw/ilp32\libg_nano.a(lib_a-nano-vfprintf.o)
                0x000000000000d47e                _vfprintf_r
                0x000000000000d47e                _vfiprintf_r
 .text._printf_common
                0x000000000000d70a      0x10c c:/mounriver/mounriver_studio/toolchain/risc-v embedded gcc/bin/../lib/gcc/riscv-none-embed/8.2.0/../../../../riscv-none-embed/lib/rv32imacxw/ilp32\libg_nano.a(lib_a-nano-vfprintf_i.o)
                0x000000000000d70a                _printf_common
 .text._printf_i
                0x000000000000d816      0x2a2 c:/mounriver/mounriver_studio/toolchain/risc-v embedded gcc/bin/../lib/gcc/riscv-none-embed/8.2.0/../../../../riscv-none-embed/lib/rv32imacxw/ilp32\libg_nano.a(lib_a-nano-vfprintf_i.o)
                0x000000000000d816                _printf_i
 .text.__sread  0x000000000000dab8       0x2c c:/mounriver/mounriver_studio/toolchain/risc-v embedded gcc/bin/../lib/gcc/riscv-none-embed/8.2.0/../../../../riscv-none-embed/lib/rv32imacxw/ilp32\libg_nano.a(lib_a-stdio.o)
                0x000000000000dab8                __sread
 .text.__swrite
                0x000000000000dae4       0x48 c:/mounriver/mounriver_studio/toolchain/risc-v embedded gcc/bin/../lib/gcc/riscv-none-embed/8.2.0/../../../../riscv-none-embed/lib/rv32imacxw/ilp32\libg_nano.a(lib_a-stdio.o)
                0x000000000000dae4                __swrite
 .text.__sseek  0x000000000000db2c       0x30 c:/mounriver/mounriver_studio/toolchain/risc-v embedded gcc/bin/../lib/gcc/riscv-none-embed/8.2.0/../../../../riscv-none-embed/lib/rv32imacxw/ilp32\libg_nano.a(lib_a-stdio.o)
                0x000000000000db2c                __sseek
 .text.__sclose
                0x000000000000db5c        0x6 c:/mounriver/mounriver_studio/toolchain/risc-v embedded gcc/bin/../lib/gcc/riscv-none-embed/8.2.0/../../../../riscv-none-embed/lib/rv32imacxw/ilp32\libg_nano.a(lib_a-stdio.o)
                0x000000000000db5c                __sclose
 .text.__swbuf_r
                0x000000000000db62       0xbe c:/mounriver/mounriver_studio/toolchain/risc-v embedded gcc/bin/../lib/gcc/riscv-none-embed/8.2.0/../../../../riscv-none-embed/lib/rv32imacxw/ilp32\libg_nano.a(lib_a-wbuf.o)
                0x000000000000db62                __swbuf_r
 .text._write_r
                0x000000000000dc20       0x36 c:/mounriver/mounriver_studio/toolchain/risc-v embedded gcc/bin/../lib/gcc/riscv-none-embed/8.2.0/../../../../riscv-none-embed/lib/rv32imacxw/ilp32\libg_nano.a(lib_a-writer.o)
                0x000000000000dc20                _write_r
 .text.__swsetup_r
                0x000000000000dc56      0x100 c:/mounriver/mounriver_studio/toolchain/risc-v embedded gcc/bin/../lib/gcc/riscv-none-embed/8.2.0/../../../../riscv-none-embed/lib/rv32imacxw/ilp32\libg_nano.a(lib_a-wsetup.o)
                0x000000000000dc56                __swsetup_r
 .text._close_r
                0x000000000000dd56       0x30 c:/mounriver/mounriver_studio/toolchain/risc-v embedded gcc/bin/../lib/gcc/riscv-none-embed/8.2.0/../../../../riscv-none-embed/lib/rv32imacxw/ilp32\libg_nano.a(lib_a-closer.o)
                0x000000000000dd56                _close_r
 .text.__sflush_r
                0x000000000000dd86      0x132 c:/mounriver/mounriver_studio/toolchain/risc-v embedded gcc/bin/../lib/gcc/riscv-none-embed/8.2.0/../../../../riscv-none-embed/lib/rv32imacxw/ilp32\libg_nano.a(lib_a-fflush.o)
                0x000000000000dd86                __sflush_r
 .text._fflush_r
                0x000000000000deb8       0x68 c:/mounriver/mounriver_studio/toolchain/risc-v embedded gcc/bin/../lib/gcc/riscv-none-embed/8.2.0/../../../../riscv-none-embed/lib/rv32imacxw/ilp32\libg_nano.a(lib_a-fflush.o)
                0x000000000000deb8                _fflush_r
 .text._lseek_r
                0x000000000000df20       0x34 c:/mounriver/mounriver_studio/toolchain/risc-v embedded gcc/bin/../lib/gcc/riscv-none-embed/8.2.0/../../../../riscv-none-embed/lib/rv32imacxw/ilp32\libg_nano.a(lib_a-lseekr.o)
                0x000000000000df20                _lseek_r
 .text.__swhatbuf_r
                0x000000000000df54       0x56 c:/mounriver/mounriver_studio/toolchain/risc-v embedded gcc/bin/../lib/gcc/riscv-none-embed/8.2.0/../../../../riscv-none-embed/lib/rv32imacxw/ilp32\libg_nano.a(lib_a-makebuf.o)
                0x000000000000df54                __swhatbuf_r
 .text.__smakebuf_r
                0x000000000000dfaa       0x92 c:/mounriver/mounriver_studio/toolchain/risc-v embedded gcc/bin/../lib/gcc/riscv-none-embed/8.2.0/../../../../riscv-none-embed/lib/rv32imacxw/ilp32\libg_nano.a(lib_a-makebuf.o)
                0x000000000000dfaa                __smakebuf_r
 .text.memchr   0x000000000000e03c       0x18 c:/mounriver/mounriver_studio/toolchain/risc-v embedded gcc/bin/../lib/gcc/riscv-none-embed/8.2.0/../../../../riscv-none-embed/lib/rv32imacxw/ilp32\libg_nano.a(lib_a-memchr.o)
                0x000000000000e03c                memchr
 .text._read_r  0x000000000000e054       0x34 c:/mounriver/mounriver_studio/toolchain/risc-v embedded gcc/bin/../lib/gcc/riscv-none-embed/8.2.0/../../../../riscv-none-embed/lib/rv32imacxw/ilp32\libg_nano.a(lib_a-readr.o)
                0x000000000000e054                _read_r
 .text._fstat_r
                0x000000000000e088       0x32 c:/mounriver/mounriver_studio/toolchain/risc-v embedded gcc/bin/../lib/gcc/riscv-none-embed/8.2.0/../../../../riscv-none-embed/lib/rv32imacxw/ilp32\libg_nano.a(lib_a-fstatr.o)
                0x000000000000e088                _fstat_r
 .text._isatty_r
                0x000000000000e0ba       0x30 c:/mounriver/mounriver_studio/toolchain/risc-v embedded gcc/bin/../lib/gcc/riscv-none-embed/8.2.0/../../../../riscv-none-embed/lib/rv32imacxw/ilp32\libg_nano.a(lib_a-isattyr.o)
                0x000000000000e0ba                _isatty_r
 .text._close   0x000000000000e0ea       0x10 c:/mounriver/mounriver_studio/toolchain/risc-v embedded gcc/bin/../lib/gcc/riscv-none-embed/8.2.0/../../../../riscv-none-embed/lib/rv32imacxw/ilp32\libnosys.a(close.o)
                0x000000000000e0ea                _close
 .text._fstat   0x000000000000e0fa       0x10 c:/mounriver/mounriver_studio/toolchain/risc-v embedded gcc/bin/../lib/gcc/riscv-none-embed/8.2.0/../../../../riscv-none-embed/lib/rv32imacxw/ilp32\libnosys.a(fstat.o)
                0x000000000000e0fa                _fstat
 .text._isatty  0x000000000000e10a       0x10 c:/mounriver/mounriver_studio/toolchain/risc-v embedded gcc/bin/../lib/gcc/riscv-none-embed/8.2.0/../../../../riscv-none-embed/lib/rv32imacxw/ilp32\libnosys.a(isatty.o)
                0x000000000000e10a                _isatty
 .text._lseek   0x000000000000e11a       0x10 c:/mounriver/mounriver_studio/toolchain/risc-v embedded gcc/bin/../lib/gcc/riscv-none-embed/8.2.0/../../../../riscv-none-embed/lib/rv32imacxw/ilp32\libnosys.a(lseek.o)
                0x000000000000e11a                _lseek
 .text._read    0x000000000000e12a       0x10 c:/mounriver/mounriver_studio/toolchain/risc-v embedded gcc/bin/../lib/gcc/riscv-none-embed/8.2.0/../../../../riscv-none-embed/lib/rv32imacxw/ilp32\libnosys.a(read.o)
                0x000000000000e12a                _read
 *(.rodata)
 *(.rodata*)
 *fill*         0x000000000000e13a        0x2 
 .rodata.CSWTCH.14
                0x000000000000e13c       0x10 ./User/DataModel.o