Archive member included to satisfy reference by file (symbol)

c:/mounriver/mounriver_studio/toolchain/risc-v embedded gcc/bin/../lib/gcc/riscv-none-embed/8.2.0/rv32imacxw/ilp32\libgcc.a(divdf3.o)
                              ./HAL_LIB/hw_lib_din.o (__divdf3)
c:/mounriver/mounriver_studio/toolchain/risc-v embedded gcc/bin/../lib/gcc/riscv-none-embed/8.2.0/rv32imacxw/ilp32\libgcc.a(muldf3.o)
                              ./User/inputs.o (__muldf3)
c:/mounriver/mounriver_studio/toolchain/risc-v embedded gcc/bin/../lib/gcc/riscv-none-embed/8.2.0/rv32imacxw/ilp32\libgcc.a(fixunsdfsi.o)
                              ./HAL_LIB/hw_lib_din.o (__fixunsdfsi)
c:/mounriver/mounriver_studio/toolchain/risc-v embedded gcc/bin/../lib/gcc/riscv-none-embed/8.2.0/rv32imacxw/ilp32\libgcc.a(floatunsidf.o)
                              ./User/inputs.o (__floatunsidf)
c:/mounriver/mounriver_studio/toolchain/risc-v embedded gcc/bin/../lib/gcc/riscv-none-embed/8.2.0/rv32imacxw/ilp32\libgcc.a(addsf3.o)
                              ./User/inputs.o (__addsf3)
c:/mounriver/mounriver_studio/toolchain/risc-v embedded gcc/bin/../lib/gcc/riscv-none-embed/8.2.0/rv32imacxw/ilp32\libgcc.a(divsf3.o)
                              ./User/DataModel.o (__divsf3)
c:/mounriver/mounriver_studio/toolchain/risc-v embedded gcc/bin/../lib/gcc/riscv-none-embed/8.2.0/rv32imacxw/ilp32\libgcc.a(eqsf2.o)
                              ./HAL_LIB/hw_lib_din.o (__nesf2)
c:/mounriver/mounriver_studio/toolchain/risc-v embedded gcc/bin/../lib/gcc/riscv-none-embed/8.2.0/rv32imacxw/ilp32\libgcc.a(gesf2.o)
                              ./User/inputs.o (__gesf2)
c:/mounriver/mounriver_studio/toolchain/risc-v embedded gcc/bin/../lib/gcc/riscv-none-embed/8.2.0/rv32imacxw/ilp32\libgcc.a(lesf2.o)
                              ./HAL_LIB/hw_lib_din.o (__lesf2)
c:/mounriver/mounriver_studio/toolchain/risc-v embedded gcc/bin/../lib/gcc/riscv-none-embed/8.2.0/rv32imacxw/ilp32\libgcc.a(mulsf3.o)
                              ./User/dash_draw.o (__mulsf3)
c:/mounriver/mounriver_studio/toolchain/risc-v embedded gcc/bin/../lib/gcc/riscv-none-embed/8.2.0/rv32imacxw/ilp32\libgcc.a(subsf3.o)
                              ./User/inputs.o (__subsf3)
c:/mounriver/mounriver_studio/toolchain/risc-v embedded gcc/bin/../lib/gcc/riscv-none-embed/8.2.0/rv32imacxw/ilp32\libgcc.a(fixsfsi.o)
                              ./User/dash_draw.o (__fixsfsi)
c:/mounriver/mounriver_studio/toolchain/risc-v embedded gcc/bin/../lib/gcc/riscv-none-embed/8.2.0/rv32imacxw/ilp32\libgcc.a(fixunssfsi.o)
                              ./User/DataModel.o (__fixunssfsi)
c:/mounriver/mounriver_studio/toolchain/risc-v embedded gcc/bin/../lib/gcc/riscv-none-embed/8.2.0/rv32imacxw/ilp32\libgcc.a(floatsisf.o)
                              ./User/DataModel.o (__floatsisf)
c:/mounriver/mounriver_studio/toolchain/risc-v embedded gcc/bin/../lib/gcc/riscv-none-embed/8.2.0/rv32imacxw/ilp32\libgcc.a(floatunsisf.o)
                              ./User/DataModel.o (__floatunsisf)
c:/mounriver/mounriver_studio/toolchain/risc-v embedded gcc/bin/../lib/gcc/riscv-none-embed/8.2.0/rv32imacxw/ilp32\libgcc.a(extendsfdf2.o)
                              ./HAL_LIB/hw_lib_din.o (__extendsfdf2)
c:/mounriver/mounriver_studio/toolchain/risc-v embedded gcc/bin/../lib/gcc/riscv-none-embed/8.2.0/rv32imacxw/ilp32\libgcc.a(truncdfsf2.o)
                              ./User/inputs.o (__truncdfsf2)
c:/mounriver/mounriver_studio/toolchain/risc-v embedded gcc/bin/../lib/gcc/riscv-none-embed/8.2.0/rv32imacxw/ilp32\libgcc.a(save-restore.o)
                              ./User/inputs.o (__riscv_save_12)
c:/mounriver/mounriver_studio/toolchain/risc-v embedded gcc/bin/../lib/gcc/riscv-none-embed/8.2.0/rv32imacxw/ilp32\libgcc.a(_clzsi2.o)
                              c:/mounriver/mounriver_studio/toolchain/risc-v embedded gcc/bin/../lib/gcc/riscv-none-embed/8.2.0/rv32imacxw/ilp32\libgcc.a(divdf3.o) (__clzsi2)
c:/mounriver/mounriver_studio/toolchain/risc-v embedded gcc/bin/../lib/gcc/riscv-none-embed/8.2.0/rv32imacxw/ilp32\libgcc.a(_clz.o)
                              c:/mounriver/mounriver_studio/toolchain/risc-v embedded gcc/bin/../lib/gcc/riscv-none-embed/8.2.0/rv32imacxw/ilp32\libgcc.a(_clzsi2.o) (__clz_tab)
c:/mounriver/mounriver_studio/toolchain/risc-v embedded gcc/bin/../lib/gcc/riscv-none-embed/8.2.0/../../../../riscv-none-embed/lib/rv32imacxw/ilp32\libg_nano.a(lib_a-calloc.o)
                              ./CANopenNode/CANopen.o (calloc)
c:/mounriver/mounriver_studio/toolchain/risc-v embedded gcc/bin/../lib/gcc/riscv-none-embed/8.2.0/../../../../riscv-none-embed/lib/rv32imacxw/ilp32\libg_nano.a(lib_a-impure.o)
                              c:/mounriver/mounriver_studio/toolchain/risc-v embedded gcc/bin/../lib/gcc/riscv-none-embed/8.2.0/../../../../riscv-none-embed/lib/rv32imacxw/ilp32\libg_nano.a(lib_a-calloc.o) (_impure_ptr)
[...]
Memory Configuration

Name             Origin             Length             Attributes
FLASH            0x0000000000000000 0x0000000000010000 xr
SFLASH           0x0000000000010000 0x0000000000002800 xr
RAM              0x0000000020000000 0x0000000000005000 xrw
*default*        0x0000000000000000 0xffffffffffffffff

Linker script and memory map

LOAD ./User/CanOpenNode.o
LOAD ./User/DataModel.o
LOAD ./User/ch32v20x_it.o
LOAD ./User/dash_draw.o
LOAD ./User/init.o
LOAD ./User/inputs.o
LOAD ./User/led.o
LOAD ./User/main.o
LOAD ./User/process.o
LOAD ./User/system_ch32v20x.o
LOAD ./User/system_init.o
LOAD ./Startup/startup_ch32v20x_D6.o
LOAD ./Peripheral/src/ch32v20x_adc.o
LOAD ./Peripheral/src/ch32v20x_bkp.o
LOAD ./Peripheral/src/ch32v20x_can.o
LOAD ./Peripheral/src/ch32v20x_crc.o
LOAD ./Peripheral/src/ch32v20x_dbgmcu.o
LOAD ./Peripheral/src/ch32v20x_dma.o
LOAD ./Peripheral/src/ch32v20x_exti.o
LOAD ./Peripheral/src/ch32v20x_flash.o
LOAD ./Peripheral/src/ch32v20x_gpio.o
LOAD ./Peripheral/src/ch32v20x_i2c.o
LOAD ./Peripheral/src/ch32v20x_iwdg.o
LOAD ./Peripheral/src/ch32v20x_misc.o
LOAD ./Peripheral/src/ch32v20x_opa.o
LOAD ./Peripheral/src/ch32v20x_pwr.o
LOAD ./Peripheral/src/ch32v20x_rcc.o
LOAD ./Peripheral/src/ch32v20x_rtc.o
LOAD ./Peripheral/src/ch32v20x_spi.o
LOAD ./Peripheral/src/ch32v20x_tim.o
LOAD ./Peripheral/src/ch32v20x_usart.o
LOAD ./Peripheral/src/ch32v20x_wwdg.o
LOAD ./HAL_LIB/filters.o
LOAD ./HAL_LIB/hw_data_model.o
LOAD ./HAL_LIB/hw_lib_adc.o
LOAD ./HAL_LIB/hw_lib_din.o
LOAD ./HAL_LIB/hw_lib_eeprom_i2c.o
LOAD ./HAL_LIB/hw_timeout.o
LOAD ./HAL_DRIVER/hal_can_ch32.o
LOAD ./HAL_DRIVER/hal_gpio_ch32.o
LOAD ./HAL_DRIVER/hal_i2c_ch32.o
LOAD ./HAL_DRIVER/hal_irq.o
LOAD ./HAL_DRIVER/hal_rtc_ch32.o
LOAD ./HAL_DRIVER/hal_spi_ch32.o
LOAD ./HAL_DRIVER/hal_wdt_ch32.o
LOAD ./HAL/hal_adc_ch32.o
LOAD ./HAL/hal_dma_ch32.o
LOAD ./HAL/hal_timers_ch32.o
LOAD ./FreeRTOS/portable/MemMang/heap_4.o
LOAD ./FreeRTOS/portable/GCC/RISC-V/port.o
LOAD ./FreeRTOS/portable/GCC/RISC-V/portASM.o
LOAD ./FreeRTOS/croutine.o
LOAD ./FreeRTOS/event_groups.o
LOAD ./FreeRTOS/list.o
LOAD ./FreeRTOS/queue.o
LOAD ./FreeRTOS/stream_buffer.o
LOAD ./FreeRTOS/tasks.o
LOAD ./FreeRTOS/timers.o
LOAD ./Debug/debug.o
LOAD ./Core/core_riscv.o
LOAD ./CANopenNode/keypad/CO_driver_ST32F103.o
LOAD ./CANopenNode/keypad/OD.o
LOAD ./CANopenNode/extra/CO_trace.o
LOAD ./CANopenNode/309/CO_gateway_ascii.o
LOAD ./CANopenNode/305/CO_LSSmaster.o
LOAD ./CANopenNode/305/CO_LSSslave.o
LOAD ./CANopenNode/304/CO_GFC.o
LOAD ./CANopenNode/304/CO_SRDO.o
LOAD ./CANopenNode/303/CO_LEDs.o
LOAD ./CANopenNode/301/CO_Emergency.o
LOAD ./CANopenNode/301/CO_HBconsumer.o
LOAD ./CANopenNode/301/CO_NMT_Heartbeat.o
LOAD ./CANopenNode/301/CO_Node_Guarding.o
LOAD ./CANopenNode/301/CO_ODinterface.o
LOAD ./CANopenNode/301/CO_PDO.o
LOAD ./CANopenNode/301/CO_SDOclient.o
LOAD ./CANopenNode/301/CO_SDOserver.o
LOAD ./CANopenNode/301/CO_SYNC.o
LOAD ./CANopenNode/301/CO_TIME.o
LOAD ./CANopenNode/301/CO_fifo.o
LOAD ./CANopenNode/301/crc16-ccitt.o
LOAD ./CANopenNode/CANopen.o
LOAD c:/mounriver/mounriver_studio/toolchain/risc-v embedded gcc/bin/../lib/gcc/riscv-none-embed/8.2.0/../../../../riscv-none-embed/lib/rv32imacxw/ilp32\libm.a
LOAD c:/mounriver/mounriver_studio/toolchain/risc-v embedded gcc/bin/../lib/gcc/riscv-none-embed/8.2.0/rv32imacxw/ilp32\libgcc.a
LOAD c:/mounriver/mounriver_studio/toolchain/risc-v embedded gcc/bin/../lib/gcc/riscv-none-embed/8.2.0/../../../../riscv-none-embed/lib/rv32imacxw/ilp32\libg_nano.a
LOAD c:/mounriver/mounriver_studio/toolchain/risc-v embedded gcc/bin/../lib/gcc/riscv-none-embed/8.2.0/../../../../riscv-none-embed/lib/rv32imacxw/ilp32\libc_nano.a
LOAD c:/mounriver/mounriver_studio/toolchain/risc-v embedded gcc/bin/../lib/gcc/riscv-none-embed/8.2.0/rv32imacxw/ilp32\libgcc.a
START GROUP
LOAD c:/mounriver/mounriver_studio/toolchain/risc-v embedded gcc/bin/../lib/gcc/riscv-none-embed/8.2.0/rv32imacxw/ilp32\libgcc.a
LOAD c:/mounriver/mounriver_studio/toolchain/risc-v embedded gcc/bin/../lib/gcc/riscv-none-embed/8.2.0/../../../../riscv-none-embed/lib/rv32imacxw/ilp32\libc_nano.a
LOAD c:/mounriver/mounriver_studio/toolchain/risc-v embedded gcc/bin/../lib/gcc/riscv-none-embed/8.2.0/../../../../riscv-none-embed/lib/rv32imacxw/ilp32\libnosys.a
END GROUP
START GROUP
LOAD c:/mounriver/mounriver_studio/toolchain/risc-v embedded gcc/bin/../lib/gcc/riscv-none-embed/8.2.0/rv32imacxw/ilp32\libgcc.a
LOAD c:/mounriver/mounriver_studio/toolchain/risc-v embedded gcc/bin/../lib/gcc/riscv-none-embed/8.2.0/../../../../riscv-none-embed/lib/rv32imacxw/ilp32\libc_nano.a
LOAD c:/mounriver/mounriver_studio/toolchain/risc-v embedded gcc/bin/../lib/gcc/riscv-none-embed/8.2.0/../../../../riscv-none-embed/lib/rv32imacxw/ilp32\libnosys.a
END GROUP
                0x0000000000000be8                __stack_size = 0xbe8
                [!provide]                        PROVIDE (_stack_size = __stack_size)

.init           0x0000000000000000       0x38
                0x0000000000000000                _sinit = .
                0x0000000000000000                . = ALIGN (0x4)
 *(SORT_NONE(.init))
 .init          0x0000000000000000       0x38 ./Startup/startup_ch32v20x_D6.o
                0x0000000000000000                _start
                0x0000000000000038                . = ALIGN (0x4)
                0x0000000000000038                _einit = .

.vector         0x0000000000000038      0x108
 *(.vector)
 .vector        0x0000000000000038       0xfc ./Startup/startup_ch32v20x_D6.o
                0x0000000000000140                . = ALIGN (0x40)
 *fill*         0x0000000000000134        0xc 

.stext          0x0000000000010000      0x8a4
                0x0000000000010000                . = ALIGN (0x4)
 *(.stext)
 .stext         0x0000000000010000        0xa ./User/CanOpenNode.o
                0x0000000000010000                vCanOpenInit
 .stext         0x000000000001000a      0x12a ./User/dash_draw.o
                0x000000000001000a                vDashDrawInit
                0x0000000000010084                TestProcedure
 .stext         0x0000000000010134       0xba ./User/inputs.o
                0x0000000000010134                ADC1_Init
 .stext         0x00000000000101ee       0x4e ./User/led.o
                0x00000000000101ee                vLedDriverStart
 .stext         0x000000000001023c      0x226 ./User/process.o
                0x000000000001023c                vProceesInit
 .stext         0x0000000000010462      0x134 ./User/system_init.o
                0x0000000000010462                vSYStaskInit
                0x000000000001056c                vSYSqueueInit
 .stext         0x0000000000010596       0x34 ./HAL_LIB/hw_lib_din.o
                0x0000000000010596                eDinConfigWtihStruct
 .stext         0x00000000000105ca       0xca ./HAL_DRIVER/hal_rtc_ch32.o
                0x00000000000105ca                HAL_RTC_IT_Init
 .stext         0x0000000000010694       0x60 ./HAL_DRIVER/hal_spi_ch32.o
                0x0000000000010694                HAL_SPI_InitDMA
 .stext         0x00000000000106f4       0x28 ./HAL_DRIVER/hal_wdt_ch32.o
                0x00000000000106f4                HAL_WDT_Init1s
 *fill*         0x000000000001071c        0x0 
 .stext         0x000000000001071c      0x188 ./CANopenNode/keypad/OD.o
                0x000000000001071c                OD_ROM

.text           0x0000000000000200     0xed2c
                0x0000000000000200                . = ALIGN (0x4)
 *(.text)
 .text          0x0000000000000200      0x2ee ./FreeRTOS/portable/GCC/RISC-V/portASM.o
                0x0000000000000200                SW_Handler
                0x0000000000000300                xPortStartFirstTask
                0x0000000000000400                pxPortInitialiseStack
 .text          0x00000000000004ee       0x60 c:/mounriver/mounriver_studio/toolchain/risc-v embedded gcc/bin/../lib/gcc/riscv-none-embed/8.2.0/rv32imacxw/ilp32\libgcc.a(save-restore.o)
                0x00000000000004ee                __riscv_save_12
                0x00000000000004f6                __riscv_save_9
                0x00000000000004f6                __riscv_save_11
                0x00000000000004f6                __riscv_save_10
                0x00000000000004f6                __riscv_save_8
                0x0000000000000504                __riscv_save_4
                0x0000000000000504                __riscv_save_6
                0x0000000000000504                __riscv_save_5
                0x0000000000000504                __riscv_save_7
                0x000000000000051e                __riscv_save_3
                0x000000000000051e                __riscv_save_2
                0x000000000000051e                __riscv_save_1
                0x000000000000051e                __riscv_save_0
                0x000000000000052a                __riscv_restore_12
                0x000000000000052e                __riscv_restore_11
                0x000000000000052e                __riscv_restore_9
                0x000000000000052e                __riscv_restore_10
                0x000000000000052e                __riscv_restore_8
                0x0000000000000538                __riscv_restore_5
                0x0000000000000538                __riscv_restore_7
                0x0000000000000538                __riscv_restore_6
                0x0000000000000538                __riscv_restore_4
                0x0000000000000542                __riscv_restore_3
                0x0000000000000542                __riscv_restore_0
                0x0000000000000542                __riscv_restore_2
                0x0000000000000542                __riscv_restore_1
 .text          0x000000000000054e       0xa8 c:/mounriver/mounriver_studio/toolchain/risc-v embedded gcc/bin/../lib/gcc/riscv-none-embed/8.2.0/../../../../riscv-none-embed/lib/rv32imacxw/ilp32\libg_nano.a(lib_a-memset.o)
                0x000000000000054e                memset
 *(.text.*)
 .text.xCanOpenProcessTaskHandle
                0x00000000000005f6        0xa ./User/CanOpenNode.o
                0x00000000000005f6                xCanOpenProcessTaskHandle
 .text.xCanOpenPeriodicTaskHandle
                0x0000000000000600        0xa ./User/CanOpenNode.o
                0x0000000000000600                xCanOpenPeriodicTaskHandle
 .text.vCanOpenProcess
                0x000000000000060a      0x18e ./User/CanOpenNode.o
                0x000000000000060a                vCanOpenProcess
 .text.vCanOpenPeriodicProcess
                0x0000000000000798       0x82 ./User/CanOpenNode.o
                0x0000000000000798                vCanOpenPeriodicProcess
 .text.xDataRegQueue
                0x000000000000081a        0xa ./User/DataModel.o
                0x000000000000081a                xDataRegQueue
 .text.DataModelGetSecCounter
                0x0000000000000824        0xa ./User/DataModel.o
                0x0000000000000824                DataModelGetSecCounter
 .text.vDataModelRegDelayWrite
                0x000000000000082e       0x38 ./User/DataModel.o
                0x000000000000082e                vDataModelRegDelayWrite
 .text.DataModel_Init
                0x0000000000000866      0x7b2 ./User/DataModel.o
                0x0000000000000866                DataModel_Init
 .text.WriteRegAfterDelay
                0x0000000000001018       0x62 ./User/DataModel.o
                0x0000000000001018                WriteRegAfterDelay
 .text.WriteReg
                0x000000000000107a       0x58 ./User/DataModel.o
                0x000000000000107a                WriteReg
 .text.vGetBitrate
                0x00000000000010d2       0x2a ./User/DataModel.o
                0x00000000000010d2                vGetBitrate
 .text.vFDGetNMTState
                0x00000000000010fc        0x6 ./User/DataModel.o
                0x00000000000010fc                vFDGetNMTState
 .text.vGetNodeId
                0x0000000000001102        0xe ./User/DataModel.o
                0x0000000000001102                vGetNodeId
 .text.vIncrementSystemCounters
                0x0000000000001110       0x9e ./User/DataModel.o
                0x0000000000001110                vIncrementSystemCounters
 .text.vSaveData
                0x00000000000011ae       0x18 ./User/DataModel.o
                0x00000000000011ae                vSaveData
 .text.getOdometr
                0x00000000000011c6       0x16 ./User/DataModel.o
                0x00000000000011c6                getOdometr
 .text.getOdometr1
                0x00000000000011dc       0x16 ./User/DataModel.o
                0x00000000000011dc                getOdometr1
 .text.ResrtOdometr1
                0x00000000000011f2       0x10 ./User/DataModel.o
                0x00000000000011f2                ResrtOdometr1
 .text.NMI_Handler
                0x0000000000001202        0x2 ./User/ch32v20x_it.o
                0x0000000000001202                NMI_Handler
 .text.HardFault_Handler
                0x0000000000001204        0x2 ./User/ch32v20x_it.o
                0x0000000000001204                HardFault_Handler
 .text.SegPrint
                0x0000000000001206       0x5a ./User/dash_draw.o
 .text.vCheckKeySatate
                0x0000000000001260       0x80 ./User/dash_draw.o
 .text.xProcessTaskHandle
                0x00000000000012e0        0xa ./User/dash_draw.o
                0x00000000000012e0                xProcessTaskHandle
 .text.vSetErrorReg
                0x00000000000012ea        0xa ./User/dash_draw.o
                0x00000000000012ea                vSetErrorReg
 .text.getODValue
                0x00000000000012f4      0x16a ./User/dash_draw.o
                0x00000000000012f4                getODValue
 .text.IncMenuIndex
                0x000000000000145e       0x80 ./User/dash_draw.o
                0x000000000000145e                IncMenuIndex
 .text.GoToHome
                0x00000000000014de       0x12 ./User/dash_draw.o
                0x00000000000014de                GoToHome
 .text.SetCurMenuHome
                0x00000000000014f0       0x3a ./User/dash_draw.o
                0x00000000000014f0                SetCurMenuHome
 .text.GetCurMenuHome
                0x000000000000152a        0x6 ./User/dash_draw.o
                0x000000000000152a                GetCurMenuHome
 .text.SetCurrentMenu
                0x0000000000001530       0x12 ./User/dash_draw.o
                0x0000000000001530                SetCurrentMenu
 .text.SetDefault
                0x0000000000001542       0x2a ./User/dash_draw.o
                0x0000000000001542                SetDefault
 .text.MenuBackHomeCheck
                0x000000000000156c       0x38 ./User/dash_draw.o
                0x000000000000156c                MenuBackHomeCheck
 .text.CheckMenuChannel
                0x00000000000015a4       0x20 ./User/dash_draw.o
                0x00000000000015a4                CheckMenuChannel
 .text.vMenuBlink
                0x00000000000015c4       0x4a ./User/dash_draw.o
                0x00000000000015c4                vMenuBlink
 .text.SetErrorRegiter
                0x000000000000160e       0x5e ./User/dash_draw.o
                0x000000000000160e                SetErrorRegiter
 .text.uGetCurrMenu
                0x000000000000166c       0x26 ./User/dash_draw.o
                0x000000000000166c                uGetCurrMenu
 .text.vGetEdgeData
                0x0000000000001692       0x2a ./User/dash_draw.o
                0x0000000000001692                vGetEdgeData
 .text.CheckLedState
                0x00000000000016bc       0x4a ./User/dash_draw.o
 .text.vRGBMode
                0x0000000000001706       0x8e ./User/dash_draw.o
                0x0000000000001706                vRGBMode
 .text.vBarColorMode
                0x0000000000001794       0xc2 ./User/dash_draw.o
                0x0000000000001794                vBarColorMode
 .text.vBarWindowMode
                0x0000000000001856       0x5a ./User/dash_draw.o
                0x0000000000001856                vBarWindowMode
 .text.vBarMode
                0x00000000000018b0       0x68 ./User/dash_draw.o
                0x00000000000018b0                vBarMode
 .text.SetTest  0x0000000000001918       0x5e ./User/dash_draw.o
                0x0000000000001918                SetTest
 .text.vRedrawTask
                0x0000000000001976      0x4fe ./User/dash_draw.o
                0x0000000000001976                vRedrawTask
 .text.vInit_DeviceConfig
                0x0000000000001e74      0x154 ./User/init.o
                0x0000000000001e74                vInit_DeviceConfig
 .text.HardwareDeinit
                0x0000000000001fc8       0x2a ./User/init.o
                0x0000000000001fc8                HardwareDeinit
 .text.SoftwareReset
                0x0000000000001ff2       0x14 ./User/init.o
                0x0000000000001ff2                SoftwareReset
 .text.ADC1_Event
                0x0000000000002006       0x44 ./User/inputs.o
                0x0000000000002006                ADC1_Event
 .text.CaptureDMACallBack
                0x000000000000204a       0x22 ./User/inputs.o
                0x000000000000204a                CaptureDMACallBack
 .text.CaptureDMACallBack_1
                0x000000000000206c       0x22 ./User/inputs.o
                0x000000000000206c                CaptureDMACallBack_1
 .text.fDinStateCallback
                0x000000000000208e       0x32 ./User/inputs.o
                0x000000000000208e                fDinStateCallback
 .text.getInputsTaskHandle
                0x00000000000020c0        0xa ./User/inputs.o
                0x00000000000020c0                getInputsTaskHandle
 .text.ADC_FSM  0x00000000000020ca      0x1ea ./User/inputs.o
                0x00000000000020ca                ADC_FSM
 .text.GetAIN   0x00000000000022b4        0xc ./User/inputs.o
                0x00000000000022b4                GetAIN
 .text.vInputsTask
                0x00000000000022c0      0x1d8 ./User/inputs.o
                0x00000000000022c0                vInputsTask
 .text.SPI1_DMA_Callback
                0x0000000000002498       0x2e ./User/led.o
                0x0000000000002498                SPI1_DMA_Callback
 .text.SPI2_DMA_Callback
                0x00000000000024c6       0x2e ./User/led.o
                0x00000000000024c6                SPI2_DMA_Callback
 .text.SetBarState
                0x00000000000024f4       0x50 ./User/led.o
                0x00000000000024f4                SetBarState
 .text.SetRGB   0x0000000000002544       0x4e ./User/led.o
                0x0000000000002544                SetRGB
 .text.SetSegDirect
                0x0000000000002592       0x9c ./User/led.o
                0x0000000000002592                SetSegDirect
 .text.SetSegPoint
                0x000000000000262e       0x22 ./User/led.o
                0x000000000000262e                SetSegPoint
 .text.SetSEG   0x0000000000002650      0x120 ./User/led.o
                0x0000000000002650                SetSEG
 .text.SetBigSeg
                0x0000000000002770       0x14 ./User/led.o
                0x0000000000002770                SetBigSeg
 .text.vSetBrigth
                0x0000000000002784       0x28 ./User/led.o
                0x0000000000002784                vSetBrigth
 .text.vLedProcess
                0x00000000000027ac       0x1e ./User/led.o
                0x00000000000027ac                vLedProcess
 .text.vRGBProcess
                0x00000000000027ca       0xe2 ./User/led.o
                0x00000000000027ca                vRGBProcess
 .text.startup.main
                0x00000000000028ac       0x3c ./User/main.o
                0x00000000000028ac                main
 .text.vRestartNode
                0x00000000000028e8        0x2 ./User/main.o
                0x00000000000028e8                vRestartNode
 .text.Error_Handler
                0x00000000000028ea       0x18 ./User/main.o
                0x00000000000028ea                Error_Handler
 .text.OD_readKEY
                0x0000000000002902        0x8 ./User/process.o
 .text.OD_writeRGBMAP
                0x000000000000290a       0x30 ./User/process.o
 .text.OD_writeKEY
                0x000000000000293a       0x34 ./User/process.o
 .text.OD_readRGBMAP
                0x000000000000296e       0x22 ./User/process.o
 .text.OD_readBoardSettings
                0x0000000000002990       0x5c ./User/process.o
 .text.OD_readDIN
                0x00000000000029ec       0x1c ./User/process.o
 .text.OD_writeMenuSetup
                0x0000000000002a08       0x46 ./User/process.o
 .text.OD_writeBoardSettings
                0x0000000000002a4e       0xc0 ./User/process.o
 .text.CO_getUint16
                0x0000000000002b0e       0x10 ./User/process.o
 .text.OD_writeSEG
                0x0000000000002b1e       0x46 ./User/process.o
 .text.OD_writeBAR
                0x0000000000002b64       0x30 ./User/process.o
 .text.OD_writeRPMConfig
                0x0000000000002b94       0x36 ./User/process.o
 .text.CO_getUint32
                0x0000000000002bca       0x18 ./User/process.o
 .text.OD_writeDashParam
                0x0000000000002be2       0x7c ./User/process.o
 .text.OD_writeMenuMap
                0x0000000000002c5e       0x30 ./User/process.o
 .text.CO_setUint16
                0x0000000000002c8e       0x10 ./User/process.o
 .text.OD_readBar
                0x0000000000002c9e       0x22 ./User/process.o
 .text.OD_readRPMConfig
                0x0000000000002cc0       0x24 ./User/process.o
 .text.OD_readAIN_RPM
                0x0000000000002ce4       0x26 ./User/process.o
 .text.OD_writeV1_14
                0x0000000000002d0a       0x56 ./User/process.o
 .text.WriteRGB.isra.1
                0x0000000000002d60       0x3a ./User/process.o
 .text.OD_writeRGB1
                0x0000000000002d9a       0x16 ./User/process.o
 .text.OD_writeRGB2
                0x0000000000002db0       0x16 ./User/process.o
 .text.OD_writeRGB3
                0x0000000000002dc6       0x16 ./User/process.o
 .text.OD_writeRGB4
                0x0000000000002ddc       0x16 ./User/process.o
 .text.OD_writeRGB5
                0x0000000000002df2       0x16 ./User/process.o
 .text.OD_writeRGB6
                0x0000000000002e08       0x16 ./User/process.o
 .text.OD_writeRGB7
                0x0000000000002e1e       0x16 ./User/process.o
 .text.OD_writeRGB8
                0x0000000000002e34       0x16 ./User/process.o
 .text.OD_writeRGB9
                0x0000000000002e4a       0x16 ./User/process.o
 .text.OD_writeRGB10
                0x0000000000002e60       0x16 ./User/process.o
 .text.OD_writeRGB11
                0x0000000000002e76       0x16 ./User/process.o
 .text.OD_writeRGB12
                0x0000000000002e8c       0x16 ./User/process.o
 .text.OD_writeRGB13
                0x0000000000002ea2       0x16 ./User/process.o
 .text.OD_writeRGB14
                0x0000000000002eb8       0x16 ./User/process.o
 .text.OD_writeICHC
                0x0000000000002ece       0x4c ./User/process.o
 .text.OD_readSEG
                0x0000000000002f1a       0x30 ./User/process.o
 .text.OD_readRGB.isra.4
                0x0000000000002f4a       0x1c ./User/process.o
 .text.OD_readRGB1
                0x0000000000002f66       0x14 ./User/process.o
 .text.OD_readRGB2
                0x0000000000002f7a       0x14 ./User/process.o
 .text.OD_readRGB3
                0x0000000000002f8e       0x14 ./User/process.o
 .text.OD_readRGB4
                0x0000000000002fa2       0x16 ./User/process.o
 .text.OD_readRGB5
                0x0000000000002fb8       0x16 ./User/process.o
 .text.OD_readRGB6
                0x0000000000002fce       0x16 ./User/process.o
 .text.OD_readRGB7
                0x0000000000002fe4       0x16 ./User/process.o
 .text.OD_readRGB8
                0x0000000000002ffa       0x16 ./User/process.o
 .text.OD_readRGB9
                0x0000000000003010       0x16 ./User/process.o
 .text.OD_readRGB10
                0x0000000000003026       0x16 ./User/process.o
 .text.OD_readRGB11
                0x000000000000303c       0x16 ./User/process.o
 .text.OD_readRGB12
                0x0000000000003052       0x16 ./User/process.o
 .text.OD_readRGB13
                0x0000000000003068       0x16 ./User/process.o
 .text.OD_readRGB14
                0x000000000000307e       0x16 ./User/process.o
 .text.readADC.isra.5
                0x0000000000003094       0x86 ./User/process.o
 .text.OD_readADC1
                0x000000000000311a       0x10 ./User/process.o
 .text.OD_readADC2
                0x000000000000312a       0x10 ./User/process.o
 .text.OD_readADC3
                0x000000000000313a       0x10 ./User/process.o
 .text.OD_readMenuSetup
                0x000000000000314a       0x30 ./User/process.o
 .text.writeADC.isra.9
                0x000000000000317a       0xde ./User/process.o
 .text.OD_writeADC1
                0x0000000000003258       0x10 ./User/process.o
 .text.OD_writeADC2
                0x0000000000003268       0x10 ./User/process.o
 .text.OD_writeADC3
                0x0000000000003278       0x10 ./User/process.o
 .text.OD_readDashParam
                0x0000000000003288       0x5a ./User/process.o
 .text.OD_readMenuMap
                0x00000000000032e2       0x2c ./User/process.o
 .text.OD_readICHC
                0x000000000000330e       0x4e ./User/process.o
 .text.SystemInit
                0x000000000000335c       0xea ./User/system_ch32v20x.o
                0x000000000000335c                SystemInit
 .text.SystemCoreClockUpdate
                0x0000000000003446       0x92 ./User/system_ch32v20x.o
                0x0000000000003446                SystemCoreClockUpdate
 .text.StartDefaultTask
                0x00000000000034d8       0xf6 ./User/system_init.o
 .text.vApplicationGetIdleTaskMemory
                0x00000000000035ce       0x1c ./User/system_init.o
                0x00000000000035ce                vApplicationGetIdleTaskMemory
 .text.vSystemStop
                0x00000000000035ea       0x26 ./User/system_init.o
                0x00000000000035ea                vSystemStop
 .text.vector_handler
                0x0000000000003610       0x6c ./Startup/startup_ch32v20x_D6.o
                0x0000000000003614                Ecall_M_Mode_Handler
                0x0000000000003616                Ecall_U_Mode_Handler
                0x0000000000003618                Break_Point_Handler
                0x000000000000361e                WWDG_IRQHandler
                0x0000000000003620                PVD_IRQHandler
                0x0000000000003622                TAMPER_IRQHandler
                0x0000000000003626                FLASH_IRQHandler
                0x0000000000003628                RCC_IRQHandler
                0x000000000000362a                EXTI0_IRQHandler
                0x000000000000362c                EXTI1_IRQHandler
                0x000000000000362e                EXTI2_IRQHandler
                0x0000000000003630                EXTI3_IRQHandler
                0x0000000000003632                EXTI4_IRQHandler
                0x0000000000003636                DMA1_Channel2_IRQHandler
                0x000000000000363e                DMA1_Channel6_IRQHandler
                0x000000000000364c                EXTI9_5_IRQHandler
                0x000000000000364e                TIM1_BRK_IRQHandler
                0x0000000000003650                TIM1_UP_IRQHandler
                0x0000000000003652                TIM1_TRG_COM_IRQHandler
                0x0000000000003654                TIM1_CC_IRQHandler
                0x0000000000003656                TIM2_IRQHandler
                0x0000000000003658                TIM3_IRQHandler
                0x0000000000003660                I2C2_EV_IRQHandler
                0x0000000000003662                I2C2_ER_IRQHandler
                0x0000000000003664                SPI1_IRQHandler
                0x0000000000003666                SPI2_IRQHandler
                0x0000000000003668                USART1_IRQHandler
                0x000000000000366a                USART2_IRQHandler
                0x000000000000366c                USART3_IRQHandler
                0x000000000000366e                EXTI15_10_IRQHandler
                0x0000000000003670                RTCAlarm_IRQHandler
                0x0000000000003672                USBWakeUp_IRQHandler
                0x0000000000003674                USBHD_IRQHandler
                0x0000000000003676                USBHDWakeUp_IRQHandler
                0x0000000000003678                UART4_IRQHandler
                0x000000000000367a                DMA1_Channel8_IRQHandler
 .text.handle_reset
                0x000000000000367c       0x92 ./Startup/startup_ch32v20x_D6.o
                0x000000000000367c                handle_reset
 .text.ADC_Cmd  0x000000000000370e       0x10 ./Peripheral/src/ch32v20x_adc.o
                0x000000000000370e                ADC_Cmd
 .text.ADC_GetResetCalibrationStatus
                0x000000000000371e        0x8 ./Peripheral/src/ch32v20x_adc.o
                0x000000000000371e                ADC_GetResetCalibrationStatus
 .text.ADC_GetCalibrationStatus
                0x0000000000003726        0x8 ./Peripheral/src/ch32v20x_adc.o
                0x0000000000003726                ADC_GetCalibrationStatus
 .text.ADC_GetITStatus
                0x000000000000372e       0x1c ./Peripheral/src/ch32v20x_adc.o
                0x000000000000372e                ADC_GetITStatus
 .text.ADC_ClearITPendingBit
                0x000000000000374a        0xa ./Peripheral/src/ch32v20x_adc.o
                0x000000000000374a                ADC_ClearITPendingBit
 .text.Get_CalibrationValue
                0x0000000000003754      0x1fe ./Peripheral/src/ch32v20x_adc.o
                0x0000000000003754                Get_CalibrationValue
 .text.DMA_GetFlagStatus
                0x0000000000003952        0xe ./Peripheral/src/ch32v20x_dma.o
                0x0000000000003952                DMA_GetFlagStatus
 .text.DMA_GetITStatus
                0x0000000000003960        0xc ./Peripheral/src/ch32v20x_dma.o
                0x0000000000003960                DMA_GetITStatus
 .text.DMA_ClearITPendingBit
                0x000000000000396c        0x8 ./Peripheral/src/ch32v20x_dma.o
                0x000000000000396c                DMA_ClearITPendingBit
 .text.GPIO_Init
                0x0000000000003974       0xfa ./Peripheral/src/ch32v20x_gpio.o
                0x0000000000003974                GPIO_Init
 .text.GPIO_PinRemapConfig
                0x0000000000003a6e       0xf2 ./Peripheral/src/ch32v20x_gpio.o
                0x0000000000003a6e                GPIO_PinRemapConfig
 .text.I2C_DualAddressCmd
                0x0000000000003b60       0x18 ./Peripheral/src/ch32v20x_i2c.o
                0x0000000000003b60                I2C_DualAddressCmd
 .text.I2C_ClearFlag
                0x0000000000003b78        0xc ./Peripheral/src/ch32v20x_i2c.o
                0x0000000000003b78                I2C_ClearFlag
 .text.RCC_LSEConfig
                0x0000000000003b84       0x28 ./Peripheral/src/ch32v20x_rcc.o
                0x0000000000003b84                RCC_LSEConfig
 .text.RCC_GetClocksFreq
                0x0000000000003bac       0xbe ./Peripheral/src/ch32v20x_rcc.o
                0x0000000000003bac                RCC_GetClocksFreq
 .text.RCC_APB2PeriphClockCmd
                0x0000000000003c6a       0x1e ./Peripheral/src/ch32v20x_rcc.o
                0x0000000000003c6a                RCC_APB2PeriphClockCmd
 .text.RCC_GetFlagStatus
                0x0000000000003c88       0x2e ./Peripheral/src/ch32v20x_rcc.o
                0x0000000000003c88                RCC_GetFlagStatus
 .text.RTC_EnterConfigMode
                0x0000000000003cb6       0x12 ./Peripheral/src/ch32v20x_rtc.o
                0x0000000000003cb6                RTC_EnterConfigMode
 .text.RTC_ExitConfigMode
                0x0000000000003cc8       0x18 ./Peripheral/src/ch32v20x_rtc.o
                0x0000000000003cc8                RTC_ExitConfigMode
 .text.RTC_GetCounter
                0x0000000000003ce0       0x36 ./Peripheral/src/ch32v20x_rtc.o
                0x0000000000003ce0                RTC_GetCounter
 .text.RTC_SetCounter
                0x0000000000003d16       0x2c ./Peripheral/src/ch32v20x_rtc.o
                0x0000000000003d16                RTC_SetCounter
 .text.RTC_SetPrescaler
                0x0000000000003d42       0x2e ./Peripheral/src/ch32v20x_rtc.o
                0x0000000000003d42                RTC_SetPrescaler
 .text.RTC_WaitForLastTask
                0x0000000000003d70       0x10 ./Peripheral/src/ch32v20x_rtc.o
                0x0000000000003d70                RTC_WaitForLastTask
 .text.RTC_WaitForSynchro
                0x0000000000003d80       0x24 ./Peripheral/src/ch32v20x_rtc.o
                0x0000000000003d80                RTC_WaitForSynchro
 .text.TIM_OC1Init
                0x0000000000003da4       0x6a ./Peripheral/src/ch32v20x_tim.o
                0x0000000000003da4                TIM_OC1Init
 .text.TIM_OC2Init
                0x0000000000003e0e       0x96 ./Peripheral/src/ch32v20x_tim.o
                0x0000000000003e0e                TIM_OC2Init
 .text.TIM_OC3Init
                0x0000000000003ea4       0x94 ./Peripheral/src/ch32v20x_tim.o
                0x0000000000003ea4                TIM_OC3Init
 .text.TIM_OC4Init
                0x0000000000003f38       0x6c ./Peripheral/src/ch32v20x_tim.o
                0x0000000000003f38                TIM_OC4Init
 .text.TIM_OC1PreloadConfig
                0x0000000000003fa4        0xe ./Peripheral/src/ch32v20x_tim.o
                0x0000000000003fa4                TIM_OC1PreloadConfig
 .text.TIM_OC2PreloadConfig
                0x0000000000003fb2       0x16 ./Peripheral/src/ch32v20x_tim.o
                0x0000000000003fb2                TIM_OC2PreloadConfig
 .text.TIM_OC3PreloadConfig
                0x0000000000003fc8        0xe ./Peripheral/src/ch32v20x_tim.o
                0x0000000000003fc8                TIM_OC3PreloadConfig
 .text.TIM_OC4PreloadConfig
                0x0000000000003fd6       0x16 ./Peripheral/src/ch32v20x_tim.o
                0x0000000000003fd6                TIM_OC4PreloadConfig
 .text.TIM_GetITStatus
                0x0000000000003fec       0x18 ./Peripheral/src/ch32v20x_tim.o
                0x0000000000003fec                TIM_GetITStatus
 .text.USART_Init
                0x0000000000004004       0xbc ./Peripheral/src/ch32v20x_usart.o
                0x0000000000004004                USART_Init
 .text.USART_Cmd
                0x00000000000040c0       0x16 ./Peripheral/src/ch32v20x_usart.o
                0x00000000000040c0                USART_Cmd
 .text.USART_SendData
                0x00000000000040d6        0x8 ./Peripheral/src/ch32v20x_usart.o
                0x00000000000040d6                USART_SendData
 .text.USART_GetFlagStatus
                0x00000000000040de        0xa ./Peripheral/src/ch32v20x_usart.o
                0x00000000000040de                USART_GetFlagStatus
 .text.vRCFilterConfig
                0x00000000000040e8       0x2e ./HAL_LIB/filters.o
                0x00000000000040e8                vRCFilterConfig
 .text.AddBufferData
                0x0000000000004116       0x20 ./HAL_LIB/filters.o
                0x0000000000004116                AddBufferData
 .text.GetConversional
                0x0000000000004136       0x4a ./HAL_LIB/filters.o
                0x0000000000004136                GetConversional
 .text.GetDataRegister
                0x0000000000004180        0xa ./HAL_LIB/hw_data_model.o
                0x0000000000004180                GetDataRegister
 .text.GetRegisterAddr
                0x000000000000418a        0xc ./HAL_LIB/hw_data_model.o
                0x000000000000418a                GetRegisterAddr
 .text.ClearDataModel
                0x0000000000004196       0x1e ./HAL_LIB/hw_data_model.o
                0x0000000000004196                ClearDataModel
 .text.setReg32
                0x00000000000041b4       0x1e ./HAL_LIB/hw_data_model.o
                0x00000000000041b4                setReg32
 .text.setReg16
                0x00000000000041d2       0x12 ./HAL_LIB/hw_data_model.o
                0x00000000000041d2                setReg16
 .text.setReg8  0x00000000000041e4        0xe ./HAL_LIB/hw_data_model.o
                0x00000000000041e4                setReg8
 .text.getReg16
                0x00000000000041f2       0x14 ./HAL_LIB/hw_data_model.o
                0x00000000000041f2                getReg16
 .text.getReg32
                0x0000000000004206       0x20 ./HAL_LIB/hw_data_model.o
                0x0000000000004206                getReg32
 .text.getReg8  0x0000000000004226        0xe ./HAL_LIB/hw_data_model.o
                0x0000000000004226                getReg8
 .text.vAINInit
                0x0000000000004234       0x36 ./HAL_LIB/hw_lib_adc.o
                0x0000000000004234                vAINInit
 .text.fGetAinCalData
                0x000000000000426a       0x7a ./HAL_LIB/hw_lib_adc.o
                0x000000000000426a                fGetAinCalData
 .text.eAinCalDataConfig
                0x00000000000042e4       0x50 ./HAL_LIB/hw_lib_adc.o
                0x00000000000042e4                eAinCalDataConfig
 .text.vABLineKoofFinde
                0x0000000000004334       0x6a ./HAL_LIB/hw_lib_adc.o
                0x0000000000004334                vABLineKoofFinde
 .text.eSetAinCalPoint
                0x000000000000439e       0x64 ./HAL_LIB/hw_lib_adc.o
                0x000000000000439e                eSetAinCalPoint
 .text.getADC1Buffer
                0x0000000000004402        0xa ./HAL_LIB/hw_lib_adc.o
                0x0000000000004402                getADC1Buffer
 .text.uGetDIN  0x000000000000440c       0x14 ./HAL_LIB/hw_lib_din.o
                0x000000000000440c                uGetDIN
 .text.eRPMConfig
                0x0000000000004420       0x5a ./HAL_LIB/hw_lib_din.o
                0x0000000000004420                eRPMConfig
 .text.RMPDataConvert
                0x000000000000447a       0x4e ./HAL_LIB/hw_lib_din.o
                0x000000000000447a                RMPDataConvert
 .text.GetRPM   0x00000000000044c8       0x7a ./HAL_LIB/hw_lib_din.o
                0x00000000000044c8                GetRPM
 .text.vDinDoutProcess
                0x0000000000004542       0x88 ./HAL_LIB/hw_lib_din.o
                0x0000000000004542                vDinDoutProcess
 .text.getCaputreBuffer
                0x00000000000045ca       0x16 ./HAL_LIB/hw_lib_din.o
                0x00000000000045ca                getCaputreBuffer
 .text.I2C_FSM  0x00000000000045e0      0x198 ./HAL_LIB/hw_lib_eeprom_i2c.o
                0x00000000000045e0                I2C_FSM
 .text.vInitEEPROM_I2C
                0x0000000000004778       0x52 ./HAL_LIB/hw_lib_eeprom_i2c.o
                0x0000000000004778                vInitEEPROM_I2C
 .text.eEEPROMWrFast
                0x00000000000047ca      0x104 ./HAL_LIB/hw_lib_eeprom_i2c.o
                0x00000000000047ca                eEEPROMWrFast
 .text.eEEPROMWr
                0x00000000000048ce       0xe2 ./HAL_LIB/hw_lib_eeprom_i2c.o
                0x00000000000048ce                eEEPROMWr
 .text.eEEPROMRd
                0x00000000000049b0       0x8a ./HAL_LIB/hw_lib_eeprom_i2c.o
                0x00000000000049b0                eEEPROMRd
 .text.bReadEEPROM
                0x0000000000004a3a       0x1a ./HAL_LIB/hw_lib_eeprom_i2c.o
                0x0000000000004a3a                bReadEEPROM
 .text.vHW_INIT_TIMEOUT
                0x0000000000004a54       0x1c ./HAL_LIB/hw_timeout.o
                0x0000000000004a54                vHW_INIT_TIMEOUT
 .text.vHW_PROCESS_TIMEOUT
                0x0000000000004a70       0x26 ./HAL_LIB/hw_timeout.o
                0x0000000000004a70                vHW_PROCESS_TIMEOUT
 .text.HAL_CANSetTXCallback
                0x0000000000004a96        0xa ./HAL_DRIVER/hal_can_ch32.o
                0x0000000000004a96                HAL_CANSetTXCallback
 .text.HAL_CANSetRXCallback
                0x0000000000004aa0        0xa ./HAL_DRIVER/hal_can_ch32.o
                0x0000000000004aa0                HAL_CANSetRXCallback
 .text.HAL_CANSetERRCallback
                0x0000000000004aaa        0xa ./HAL_DRIVER/hal_can_ch32.o
                0x0000000000004aaa                HAL_CANSetERRCallback
 .text.HAL_CANToInitMode
                0x0000000000004ab4       0x2c ./HAL_DRIVER/hal_can_ch32.o
                0x0000000000004ab4                HAL_CANToInitMode
 .text.HAL_CANIntIT
                0x0000000000004ae0      0x13e ./HAL_DRIVER/hal_can_ch32.o
                0x0000000000004ae0                HAL_CANIntIT
 .text.HAL_CANToOperatingMode
                0x0000000000004c1e       0x26 ./HAL_DRIVER/hal_can_ch32.o
                0x0000000000004c1e                HAL_CANToOperatingMode
 .text.HAL_CANSend
                0x0000000000004c44       0xae ./HAL_DRIVER/hal_can_ch32.o
                0x0000000000004c44                HAL_CANSend
 .text.HAL_CANSetFiters
                0x0000000000004cf2       0xc4 ./HAL_DRIVER/hal_can_ch32.o
                0x0000000000004cf2                HAL_CANSetFiters
 .text.HAL_CANGetRXMessage
                0x0000000000004db6       0xb0 ./HAL_DRIVER/hal_can_ch32.o
                0x0000000000004db6                HAL_CANGetRXMessage
 .text.USB_HP_CAN1_TX_IRQHandler
                0x0000000000004e66       0x60 ./HAL_DRIVER/hal_can_ch32.o
                0x0000000000004e66                USB_HP_CAN1_TX_IRQHandler
 .text.USB_LP_CAN1_RX0_IRQHandler
                0x0000000000004ec6       0x5e ./HAL_DRIVER/hal_can_ch32.o
                0x0000000000004ec6                USB_LP_CAN1_RX0_IRQHandler
 .text.CAN1_RX1_IRQHandler
                0x0000000000004f24       0x5e ./HAL_DRIVER/hal_can_ch32.o
                0x0000000000004f24                CAN1_RX1_IRQHandler
 .text.CAN1_SCE_IRQHandler
                0x0000000000004f82       0x5c ./HAL_DRIVER/hal_can_ch32.o
                0x0000000000004f82                CAN1_SCE_IRQHandler
 .text.HAL_InitGPIO
                0x0000000000004fde       0xba ./HAL_DRIVER/hal_gpio_ch32.o
                0x0000000000004fde                HAL_InitGPIO
 .text.HAL_InitGpioOut
                0x0000000000005098       0x10 ./HAL_DRIVER/hal_gpio_ch32.o
                0x0000000000005098                HAL_InitGpioOut
 .text.HAL_InitGpioAIN
                0x00000000000050a8       0x10 ./HAL_DRIVER/hal_gpio_ch32.o
                0x00000000000050a8                HAL_InitGpioAIN
 .text.HAL_InitGpioIn
                0x00000000000050b8       0x10 ./HAL_DRIVER/hal_gpio_ch32.o
                0x00000000000050b8                HAL_InitGpioIn
 .text.HAL_InitGpioAF
                0x00000000000050c8       0x34 ./HAL_DRIVER/hal_gpio_ch32.o
                0x00000000000050c8                HAL_InitGpioAF
 .text.HAL_GetBit
                0x00000000000050fc        0xa ./HAL_DRIVER/hal_gpio_ch32.o
                0x00000000000050fc                HAL_GetBit
 .text.HAL_SetBit
                0x0000000000005106        0x4 ./HAL_DRIVER/hal_gpio_ch32.o
                0x0000000000005106                HAL_SetBit
 .text.HAL_ResetBit
                0x000000000000510a        0x4 ./HAL_DRIVER/hal_gpio_ch32.o
                0x000000000000510a                HAL_ResetBit
 .text.HAL_InitGPO
                0x000000000000510e       0x14 ./HAL_DRIVER/hal_gpio_ch32.o
                0x000000000000510e                HAL_InitGPO
 .text.HAL_I2C_Init
                0x0000000000005122       0xf4 ./HAL_DRIVER/hal_i2c_ch32.o
                0x0000000000005122                HAL_I2C_Init
 .text.HAL_I2C_GET_STAR2
                0x0000000000005216        0xe ./HAL_DRIVER/hal_i2c_ch32.o
                0x0000000000005216                HAL_I2C_GET_STAR2
 .text.HAL_I2C_GET_STAR1
                0x0000000000005224        0xe ./HAL_DRIVER/hal_i2c_ch32.o
                0x0000000000005224                HAL_I2C_GET_STAR1
 .text.HAL_I2C_ENABLE
                0x0000000000005232       0x14 ./HAL_DRIVER/hal_i2c_ch32.o
                0x0000000000005232                HAL_I2C_ENABLE
 .text.InitI2CIT
                0x0000000000005246       0x6e ./HAL_DRIVER/hal_i2c_ch32.o
                0x0000000000005246                InitI2CIT
 .text.HAL_I2C_DISABLE
                0x00000000000052b4       0x1a ./HAL_DRIVER/hal_i2c_ch32.o
                0x00000000000052b4                HAL_I2C_DISABLE
 .text.I2C_IT_ENABLE
                0x00000000000052ce       0x12 ./HAL_DRIVER/hal_i2c_ch32.o
                0x00000000000052ce                I2C_IT_ENABLE
 .text.I2C_IT_DISABLE
                0x00000000000052e0       0x16 ./HAL_DRIVER/hal_i2c_ch32.o
                0x00000000000052e0                I2C_IT_DISABLE
 .text.HAL_I2C_STOP
                0x00000000000052f6       0x14 ./HAL_DRIVER/hal_i2c_ch32.o
                0x00000000000052f6                HAL_I2C_STOP
 .text.HAL_I2C_START
                0x000000000000530a       0x14 ./HAL_DRIVER/hal_i2c_ch32.o
                0x000000000000530a                HAL_I2C_START
 .text.HAL_I2C_SEND
                0x000000000000531e        0xe ./HAL_DRIVER/hal_i2c_ch32.o
                0x000000000000531e                HAL_I2C_SEND
 .text.HAL_I2C_SEND_ADDR_TRANS
                0x000000000000532c       0x12 ./HAL_DRIVER/hal_i2c_ch32.o
                0x000000000000532c                HAL_I2C_SEND_ADDR_TRANS
 .text.HAL_I2C_SEND_ADDR_RECIEVE
                0x000000000000533e       0x16 ./HAL_DRIVER/hal_i2c_ch32.o
                0x000000000000533e                HAL_I2C_SEND_ADDR_RECIEVE
 .text.HAL_I2C_ACK_ENABLE
                0x0000000000005354       0x14 ./HAL_DRIVER/hal_i2c_ch32.o
                0x0000000000005354                HAL_I2C_ACK_ENABLE
 .text.HAL_I2C_ACK_DISABLE
                0x0000000000005368       0x1c ./HAL_DRIVER/hal_i2c_ch32.o
                0x0000000000005368                HAL_I2C_ACK_DISABLE
 .text.HAL_I2C_ClearFlag
                0x0000000000005384       0x20 ./HAL_DRIVER/hal_i2c_ch32.o
                0x0000000000005384                HAL_I2C_ClearFlag
 .text.HAL_I2C_READ_DATA
                0x00000000000053a4        0xe ./HAL_DRIVER/hal_i2c_ch32.o
                0x00000000000053a4                HAL_I2C_READ_DATA
 .text.I2C1_EV_IRQHandler
                0x00000000000053b2       0x52 ./HAL_DRIVER/hal_i2c_ch32.o
                0x00000000000053b2                I2C1_EV_IRQHandler
 .text.I2C1_ER_IRQHandler
                0x0000000000005404       0x52 ./HAL_DRIVER/hal_i2c_ch32.o
                0x0000000000005404                I2C1_ER_IRQHandler
 .text.HAL_InitAPB1
                0x0000000000005456       0x1c ./HAL_DRIVER/hal_irq.o
                0x0000000000005456                HAL_InitAPB1
 .text.HAL_InitAPB2
                0x0000000000005472       0x1c ./HAL_DRIVER/hal_irq.o
                0x0000000000005472                HAL_InitAPB2
 .text.PFIC_IRQ_ENABLE_PG1
                0x000000000000548e       0x34 ./HAL_DRIVER/hal_irq.o
                0x000000000000548e                PFIC_IRQ_ENABLE_PG1
 .text.RTC_IRQHandler
                0x00000000000054c2       0x78 ./HAL_DRIVER/hal_rtc_ch32.o
                0x00000000000054c2                RTC_IRQHandler
 .text.HAL_SPI_RXOveleyClear
                0x000000000000553a       0x1e ./HAL_DRIVER/hal_spi_ch32.o
                0x000000000000553a                HAL_SPI_RXOveleyClear
 .text.HAL_SPI_GetBusy
                0x0000000000005558       0x10 ./HAL_DRIVER/hal_spi_ch32.o
                0x0000000000005558                HAL_SPI_GetBusy
 .text.HAL_WDTReset
                0x0000000000005568        0xe ./HAL_DRIVER/hal_wdt_ch32.o
                0x0000000000005568                HAL_WDTReset
 .text.Get_ConversionVal
                0x0000000000005576       0x2e ./HAL/hal_adc_ch32.o
                0x0000000000005576                Get_ConversionVal
 .text.HAL_ADC_RegularChannelConfig
                0x00000000000055a4       0x46 ./HAL/hal_adc_ch32.o
                0x00000000000055a4                HAL_ADC_RegularChannelConfig
 .text.HAL_ADC_ContiniusScanCinvertionDMA
                0x00000000000055ea       0xce ./HAL/hal_adc_ch32.o
                0x00000000000055ea                HAL_ADC_ContiniusScanCinvertionDMA
 .text.HAL_ADC_StartDMA
                0x00000000000056b8       0x42 ./HAL/hal_adc_ch32.o
                0x00000000000056b8                HAL_ADC_StartDMA
 .text.ADC1_2_IRQHandler
                0x00000000000056fa       0x74 ./HAL/hal_adc_ch32.o
                0x00000000000056fa                ADC1_2_IRQHandler
 .text.DMA_IRQ  0x000000000000576e       0x3a ./HAL/hal_dma_ch32.o
 .text.HAL_DMA_Enable
                0x00000000000057a8       0x18 ./HAL/hal_dma_ch32.o
                0x00000000000057a8                HAL_DMA_Enable
 .text.HAL_DMA_Disable
                0x00000000000057c0       0x1a ./HAL/hal_dma_ch32.o
                0x00000000000057c0                HAL_DMA_Disable
 .text.HAL_DMAInitIT
                0x00000000000057da       0xa0 ./HAL/hal_dma_ch32.o
                0x00000000000057da                HAL_DMAInitIT
 .text.HAL_DMA_SetCounter
                0x000000000000587a       0x12 ./HAL/hal_dma_ch32.o
                0x000000000000587a                HAL_DMA_SetCounter
 .text.HAL_DMA_ITENABLE
                0x000000000000588c       0x16 ./HAL/hal_dma_ch32.o
                0x000000000000588c                HAL_DMA_ITENABLE
 .text.HAL_DMA_SetCouterAndEnable
                0x00000000000058a2       0x1a ./HAL/hal_dma_ch32.o
                0x00000000000058a2                HAL_DMA_SetCouterAndEnable
 .text.DMA1_Channel1_IRQHandler
                0x00000000000058bc       0x4e ./HAL/hal_dma_ch32.o
                0x00000000000058bc                DMA1_Channel1_IRQHandler
 .text.DMA1_Channel3_IRQHandler
                0x000000000000590a       0x4e ./HAL/hal_dma_ch32.o
                0x000000000000590a                DMA1_Channel3_IRQHandler
 .text.DMA1_Channel4_IRQHandler
                0x0000000000005958       0x4e ./HAL/hal_dma_ch32.o
                0x0000000000005958                DMA1_Channel4_IRQHandler
 .text.DMA1_Channel5_IRQHandler
                0x00000000000059a6       0x4e ./HAL/hal_dma_ch32.o
                0x00000000000059a6                DMA1_Channel5_IRQHandler
 .text.DMA1_Channel7_IRQHandler
                0x00000000000059f4       0x4e ./HAL/hal_dma_ch32.o
                0x00000000000059f4                DMA1_Channel7_IRQHandler
 .text.TIM4_IRQHandler
                0x0000000000005a42       0x70 ./HAL/hal_timers_ch32.o
                0x0000000000005a42                TIM4_IRQHandler
 .text.HAL_TiemrEneblae
                0x0000000000005ab2       0x16 ./HAL/hal_timers_ch32.o
                0x0000000000005ab2                HAL_TiemrEneblae
 .text.HAL_TiemrDisable
                0x0000000000005ac8       0x1c ./HAL/hal_timers_ch32.o
                0x0000000000005ac8                HAL_TiemrDisable
 .text.HW_TIMER_BaseTimerInit
                0x0000000000005ae4       0x54 ./HAL/hal_timers_ch32.o
                0x0000000000005ae4                HW_TIMER_BaseTimerInit
 .text.HAL_TIMER_InitIt
                0x0000000000005b38       0x60 ./HAL/hal_timers_ch32.o
                0x0000000000005b38                HAL_TIMER_InitIt
 .text.HAL_TIMER_PWMTimersInit
                0x0000000000005b98       0xc2 ./HAL/hal_timers_ch32.o
                0x0000000000005b98                HAL_TIMER_PWMTimersInit
 .text.HAL_TimeInitCaptureDMA
                0x0000000000005c5a       0xec ./HAL/hal_timers_ch32.o
                0x0000000000005c5a                HAL_TimeInitCaptureDMA
 .text.HAL_TIMER_SetPWMPulse
                0x0000000000005d46       0x88 ./HAL/hal_timers_ch32.o
                0x0000000000005d46                HAL_TIMER_SetPWMPulse
 .text.HAL_TIMER_EnablePWMCH
                0x0000000000005dce       0x1a ./HAL/hal_timers_ch32.o
                0x0000000000005dce                HAL_TIMER_EnablePWMCH
 .text.prvInsertBlockIntoFreeList
                0x0000000000005de8       0x4c ./FreeRTOS/portable/MemMang/heap_4.o
 .text.pvPortMalloc
                0x0000000000005e34      0x18a ./FreeRTOS/portable/MemMang/heap_4.o
                0x0000000000005e34                pvPortMalloc
 .text.vPortSetupTimerInterrupt
                0x0000000000005fbe       0x3e ./FreeRTOS/portable/GCC/RISC-V/port.o
                0x0000000000005fbe                vPortSetupTimerInterrupt
 .text.xPortStartScheduler
                0x0000000000005ffc       0x90 ./FreeRTOS/portable/GCC/RISC-V/port.o
                0x0000000000005ffc                xPortStartScheduler
 .text.SysTick_Handler
                0x000000000000608c       0x7c ./FreeRTOS/portable/GCC/RISC-V/port.o
                0x000000000000608c                SysTick_Handler
 .text.vPortEnterCritical
                0x0000000000006108       0x16 ./FreeRTOS/portable/GCC/RISC-V/port.o
                0x0000000000006108                vPortEnterCritical
 .text.vPortExitCritical
                0x000000000000611e       0x42 ./FreeRTOS/portable/GCC/RISC-V/port.o
                0x000000000000611e                vPortExitCritical
 .text.xPortSetInterruptMask
                0x0000000000006160        0xc ./FreeRTOS/portable/GCC/RISC-V/port.o
                0x0000000000006160                xPortSetInterruptMask
 .text.vPortClearInterruptMask
                0x000000000000616c        0x6 ./FreeRTOS/portable/GCC/RISC-V/port.o
                0x000000000000616c                vPortClearInterruptMask
 .text.vListInitialise
                0x0000000000006172       0x14 ./FreeRTOS/list.o
                0x0000000000006172                vListInitialise
 .text.vListInitialiseItem
                0x0000000000006186        0x6 ./FreeRTOS/list.o
                0x0000000000006186                vListInitialiseItem
 .text.vListInsertEnd
                0x000000000000618c       0x18 ./FreeRTOS/list.o
                0x000000000000618c                vListInsertEnd
 .text.vListInsert
                0x00000000000061a4       0x2e ./FreeRTOS/list.o
                0x00000000000061a4                vListInsert
 .text.uxListRemove
                0x00000000000061d2       0x20 ./FreeRTOS/list.o
                0x00000000000061d2                uxListRemove
 .text.prvIsQueueEmpty
                0x00000000000061f2       0x1e ./FreeRTOS/queue.o
 .text.prvCopyDataToQueue
                0x0000000000006210       0x72 ./FreeRTOS/queue.o
 .text.prvCopyDataFromQueue
                0x0000000000006282       0x28 ./FreeRTOS/queue.o
 .text.prvUnlockQueue
                0x00000000000062aa       0x76 ./FreeRTOS/queue.o
 .text.xQueueGenericReset
                0x0000000000006320       0xc4 ./FreeRTOS/queue.o
                0x0000000000006320                xQueueGenericReset
 .text.xQueueGenericCreateStatic
                0x00000000000063e4       0xae ./FreeRTOS/queue.o
                0x00000000000063e4                xQueueGenericCreateStatic
 .text.xQueueGenericCreate
                0x0000000000006492       0x72 ./FreeRTOS/queue.o
                0x0000000000006492                xQueueGenericCreate
 .text.xQueueGenericSend
                0x0000000000006504      0x178 ./FreeRTOS/queue.o
                0x0000000000006504                xQueueGenericSend
 .text.xQueueGiveMutexRecursive
                0x000000000000667c       0x56 ./FreeRTOS/queue.o
                0x000000000000667c                xQueueGiveMutexRecursive
 .text.xQueueCreateMutex
                0x00000000000066d2       0x2e ./FreeRTOS/queue.o
                0x00000000000066d2                xQueueCreateMutex
 .text.xQueueReceive
                0x0000000000006700      0x138 ./FreeRTOS/queue.o
                0x0000000000006700                xQueueReceive
 .text.xQueueSemaphoreTake
                0x0000000000006838      0x18e ./FreeRTOS/queue.o
                0x0000000000006838                xQueueSemaphoreTake
 .text.xQueueTakeMutexRecursive
                0x00000000000069c6       0x5a ./FreeRTOS/queue.o
                0x00000000000069c6                xQueueTakeMutexRecursive
 .text.uxQueueMessagesWaiting
                0x0000000000006a20       0x44 ./FreeRTOS/queue.o
                0x0000000000006a20                uxQueueMessagesWaiting
 .text.prvIdleTask
                0x0000000000006a64        0x2 ./FreeRTOS/tasks.o
 .text.prvAddNewTaskToReadyList
                0x0000000000006a66      0x10e ./FreeRTOS/tasks.o
 .text.prvResetNextTaskUnblockTime
                0x0000000000006b74       0x20 ./FreeRTOS/tasks.o
 .text.prvTaskIsTaskSuspended
                0x0000000000006b94       0x50 ./FreeRTOS/tasks.o
 .text.prvInitialiseNewTask.isra.2
                0x0000000000006be4       0xc8 ./FreeRTOS/tasks.o
 .text.prvAddCurrentTaskToDelayedList
                0x0000000000006cac       0xa4 ./FreeRTOS/tasks.o
 .text.xTaskCreateStatic
                0x0000000000006d50       0xa6 ./FreeRTOS/tasks.o
                0x0000000000006d50                xTaskCreateStatic
 .text.vTaskResume
                0x0000000000006df6       0xaa ./FreeRTOS/tasks.o
                0x0000000000006df6                vTaskResume
 .text.vTaskStartScheduler
                0x0000000000006ea0       0x5c ./FreeRTOS/tasks.o
                0x0000000000006ea0                vTaskStartScheduler
 .text.vTaskSuspendAll
                0x0000000000006efc       0x10 ./FreeRTOS/tasks.o
                0x0000000000006efc                vTaskSuspendAll
 .text.xTaskGetTickCount
                0x0000000000006f0c        0x6 ./FreeRTOS/tasks.o
                0x0000000000006f0c                xTaskGetTickCount
 .text.xTaskIncrementTick
                0x0000000000006f12      0x198 ./FreeRTOS/tasks.o
                0x0000000000006f12                xTaskIncrementTick
 .text.xTaskResumeAll
                0x00000000000070aa      0x158 ./FreeRTOS/tasks.o
                0x00000000000070aa                xTaskResumeAll
 .text.vTaskDelay
                0x0000000000007202       0x66 ./FreeRTOS/tasks.o
                0x0000000000007202                vTaskDelay
 .text.vTaskSwitchContext
                0x0000000000007268       0x96 ./FreeRTOS/tasks.o
                0x0000000000007268                vTaskSwitchContext
 .text.vTaskSuspend
                0x00000000000072fe       0xea ./FreeRTOS/tasks.o
                0x00000000000072fe                vTaskSuspend
 .text.vTaskPlaceOnEventList
                0x00000000000073e8       0x48 ./FreeRTOS/tasks.o
                0x00000000000073e8                vTaskPlaceOnEventList
 .text.xTaskRemoveFromEventList
                0x0000000000007430       0xe8 ./FreeRTOS/tasks.o
                0x0000000000007430                xTaskRemoveFromEventList
 .text.vTaskInternalSetTimeOutState
                0x0000000000007518        0xe ./FreeRTOS/tasks.o
                0x0000000000007518                vTaskInternalSetTimeOutState
 .text.xTaskCheckForTimeOut
                0x0000000000007526       0xaa ./FreeRTOS/tasks.o
                0x0000000000007526                xTaskCheckForTimeOut
 .text.vTaskMissedYield
                0x00000000000075d0        0x8 ./FreeRTOS/tasks.o
                0x00000000000075d0                vTaskMissedYield
 .text.xTaskGetCurrentTaskHandle
                0x00000000000075d8        0xa ./FreeRTOS/tasks.o
                0x00000000000075d8                xTaskGetCurrentTaskHandle
 .text.xTaskPriorityInherit
                0x00000000000075e2       0xae ./FreeRTOS/tasks.o
                0x00000000000075e2                xTaskPriorityInherit
 .text.xTaskPriorityDisinherit
                0x0000000000007690       0xca ./FreeRTOS/tasks.o
                0x0000000000007690                xTaskPriorityDisinherit
 .text.vTaskPriorityDisinheritAfterTimeout
                0x000000000000775a       0xe6 ./FreeRTOS/tasks.o
                0x000000000000775a                vTaskPriorityDisinheritAfterTimeout
 .text.pvTaskIncrementMutexHeldCount
                0x0000000000007840       0x1c ./FreeRTOS/tasks.o
                0x0000000000007840                pvTaskIncrementMutexHeldCount
 .text.ulTaskGenericNotifyTake
                0x000000000000785c       0xb8 ./FreeRTOS/tasks.o
                0x000000000000785c                ulTaskGenericNotifyTake
 .text.xTaskGenericNotifyWait
                0x0000000000007914       0xe6 ./FreeRTOS/tasks.o
                0x0000000000007914                xTaskGenericNotifyWait
 .text.xTaskGenericNotifyFromISR
                0x00000000000079fa      0x1ec ./FreeRTOS/tasks.o
                0x00000000000079fa                xTaskGenericNotifyFromISR
 .text.Delay_Init
                0x0000000000007be6       0x2a ./Debug/debug.o
                0x0000000000007be6                Delay_Init
 .text.Delay_Ms
                0x0000000000007c10       0x36 ./Debug/debug.o
                0x0000000000007c10                Delay_Ms
 .text.USART_Printf_Init
                0x0000000000007c46       0x5a ./Debug/debug.o
                0x0000000000007c46                USART_Printf_Init
 .text._write   0x0000000000007ca0       0x3e ./Debug/debug.o
                0x0000000000007ca0                _write
 .text._sbrk    0x0000000000007cde       0x2a ./Debug/debug.o
                0x0000000000007cde                _sbrk
 .text.prv_read_can_received_msg
                0x0000000000007d08       0x50 ./CANopenNode/keypad/CO_driver_ST32F103.o
                0x0000000000007d08                prv_read_can_received_msg
 .text.prv_send_can_message.isra.0
                0x0000000000007d58       0x2c ./CANopenNode/keypad/CO_driver_ST32F103.o
 .text.CAN_SendMessage
                0x0000000000007d84       0x66 ./CANopenNode/keypad/CO_driver_ST32F103.o
                0x0000000000007d84                CAN_SendMessage
 .text.co_drv_create_os_objects
                0x0000000000007dea       0x30 ./CANopenNode/keypad/CO_driver_ST32F103.o
                0x0000000000007dea                co_drv_create_os_objects
 .text.co_drv_mutex_lock
                0x0000000000007e1a       0x18 ./CANopenNode/keypad/CO_driver_ST32F103.o
                0x0000000000007e1a                co_drv_mutex_lock
 .text.co_drv_mutex_unlock
                0x0000000000007e32       0x16 ./CANopenNode/keypad/CO_driver_ST32F103.o
                0x0000000000007e32                co_drv_mutex_unlock
 .text.CO_CANsetNormalMode
                0x0000000000007e48       0x1c ./CANopenNode/keypad/CO_driver_ST32F103.o
                0x0000000000007e48                CO_CANsetNormalMode
 .text.CO_CANmodule_init
                0x0000000000007e64      0x110 ./CANopenNode/keypad/CO_driver_ST32F103.o
                0x0000000000007e64                CO_CANmodule_init
 .text.CO_CANmodule_disable
                0x0000000000007f74       0x14 ./CANopenNode/keypad/CO_driver_ST32F103.o
                0x0000000000007f74                CO_CANmodule_disable
 .text.CO_CANrxBufferInit
                0x0000000000007f88       0x52 ./CANopenNode/keypad/CO_driver_ST32F103.o
                0x0000000000007f88                CO_CANrxBufferInit
 .text.CO_CANtxBufferInit
                0x0000000000007fda       0x3a ./CANopenNode/keypad/CO_driver_ST32F103.o
                0x0000000000007fda                CO_CANtxBufferInit
 .text.CO_CANmodule_process
                0x0000000000008014       0x12 ./CANopenNode/keypad/CO_driver_ST32F103.o
                0x0000000000008014                CO_CANmodule_process
 .text.CO_CANsend
                0x0000000000008026       0x46 ./CANopenNode/keypad/CO_driver_ST32F103.o
                0x0000000000008026                CO_CANsend
 .text.CO_LSSslave_receive
                0x000000000000806c      0x1a8 ./CANopenNode/305/CO_LSSslave.o
 .text.CO_LSSslave_init
                0x0000000000008214       0xa4 ./CANopenNode/305/CO_LSSslave.o
                0x0000000000008214                CO_LSSslave_init
 .text.CO_LSSslave_process
                0x00000000000082b8      0x1a2 ./CANopenNode/305/CO_LSSslave.o
                0x00000000000082b8                CO_LSSslave_process
 .text.OD_write_1003
                0x000000000000845a       0x28 ./CANopenNode/301/CO_Emergency.o
 .text.OD_read_1003
                0x0000000000008482       0x8c ./CANopenNode/301/CO_Emergency.o
 .text.OD_read_1014_default
                0x000000000000850e       0x50 ./CANopenNode/301/CO_Emergency.o
 .text.CO_EM_init
                0x000000000000855e      0x112 ./CANopenNode/301/CO_Emergency.o
                0x000000000000855e                CO_EM_init
 .text.CO_error
                0x0000000000008670       0xc4 ./CANopenNode/301/CO_Emergency.o
                0x0000000000008670                CO_error
 .text.CO_EM_process
                0x0000000000008734      0x182 ./CANopenNode/301/CO_Emergency.o
                0x0000000000008734                CO_EM_process
 .text.CO_NMT_receive
                0x00000000000088b6       0x18 ./CANopenNode/301/CO_NMT_Heartbeat.o
 .text.OD_write_1017
                0x00000000000088ce       0x48 ./CANopenNode/301/CO_NMT_Heartbeat.o
 .text.CO_NMT_init
                0x0000000000008916       0xec ./CANopenNode/301/CO_NMT_Heartbeat.o
                0x0000000000008916                CO_NMT_init
 .text.CO_NMT_process
                0x0000000000008a02      0x106 ./CANopenNode/301/CO_NMT_Heartbeat.o
                0x0000000000008a02                CO_NMT_process
 .text.OD_readDisabled
                0x0000000000008b08        0x4 ./CANopenNode/301/CO_ODinterface.o
 .text.OD_readOriginal
                0x0000000000008b0c       0x50 ./CANopenNode/301/CO_ODinterface.o
                0x0000000000008b0c                OD_readOriginal
 .text.OD_writeOriginal
                0x0000000000008b5c       0x54 ./CANopenNode/301/CO_ODinterface.o
                0x0000000000008b5c                OD_writeOriginal
 .text.OD_writeDisabled
                0x0000000000008bb0        0x4 ./CANopenNode/301/CO_ODinterface.o
 .text.OD_find  0x0000000000008bb4       0x70 ./CANopenNode/301/CO_ODinterface.o
                0x0000000000008bb4                OD_find
 .text.OD_getSub
                0x0000000000008c24       0xf6 ./CANopenNode/301/CO_ODinterface.o
                0x0000000000008c24                OD_getSub
 .text.OD_getSDOabCode
                0x0000000000008d1a       0x20 ./CANopenNode/301/CO_ODinterface.o
                0x0000000000008d1a                OD_getSDOabCode
 .text.OD_get_value
                0x0000000000008d3a       0x34 ./CANopenNode/301/CO_ODinterface.o
                0x0000000000008d3a                OD_get_value
 .text.OD_set_value
                0x0000000000008d6e       0x2e ./CANopenNode/301/CO_ODinterface.o
                0x0000000000008d6e                OD_set_value
 .text.OD_getPtr
                0x0000000000008d9c       0x3c ./CANopenNode/301/CO_ODinterface.o
                0x0000000000008d9c                OD_getPtr
 .text.OD_write_dummy
                0x0000000000008dd8        0x8 ./CANopenNode/301/CO_PDO.o
 .text.OD_read_dummy
                0x0000000000008de0       0x2e ./CANopenNode/301/CO_PDO.o
 .text.PDOconfigMap
                0x0000000000008e0e      0x100 ./CANopenNode/301/CO_PDO.o
 .text.CO_PDO_receive
                0x0000000000008f0e       0x48 ./CANopenNode/301/CO_PDO.o
 .text.OD_read_PDO_commParam
                0x0000000000008f56       0x70 ./CANopenNode/301/CO_PDO.o
 .text.PDO_initMapping.constprop.3
                0x0000000000008fc6       0xe6 ./CANopenNode/301/CO_PDO.o
 .text.OD_write_PDO_mapping
                0x00000000000090ac       0xb4 ./CANopenNode/301/CO_PDO.o
 .text.OD_write_18xx
                0x0000000000009160      0x184 ./CANopenNode/301/CO_PDO.o
 .text.OD_write_14xx
                0x00000000000092e4      0x15a ./CANopenNode/301/CO_PDO.o
 .text.CO_RPDO_init
                0x000000000000943e      0x172 ./CANopenNode/301/CO_PDO.o
                0x000000000000943e                CO_RPDO_init
 .text.CO_RPDO_process
                0x00000000000095b0      0x114 ./CANopenNode/301/CO_PDO.o
                0x00000000000095b0                CO_RPDO_process
 .text.CO_TPDO_init
                0x00000000000096c4      0x1d2 ./CANopenNode/301/CO_PDO.o
                0x00000000000096c4                CO_TPDO_init
 .text.CO_TPDO_process
                0x0000000000009896      0x15e ./CANopenNode/301/CO_PDO.o
                0x0000000000009896                CO_TPDO_process
 .text.CO_SDOserver_init_canRxTx
                0x00000000000099f4       0x82 ./CANopenNode/301/CO_SDOserver.o
 .text.CO_SDO_receive
                0x0000000000009a76       0x38 ./CANopenNode/301/CO_SDOserver.o
 .text.readFromOd.isra.1.constprop.5
                0x0000000000009aae       0xe2 ./CANopenNode/301/CO_SDOserver.o
 .text.OD_write_1201_additional
                0x0000000000009b90      0x158 ./CANopenNode/301/CO_SDOserver.o
 .text.CO_SDOserver_init
                0x0000000000009ce8      0x172 ./CANopenNode/301/CO_SDOserver.o
                0x0000000000009ce8                CO_SDOserver_init
 .text.CO_SDOserver_process
                0x0000000000009e5a      0x5e8 ./CANopenNode/301/CO_SDOserver.o
                0x0000000000009e5a                CO_SDOserver_process
 .text.CO_delete
                0x000000000000a442       0x56 ./CANopenNode/CANopen.o
                0x000000000000a442                CO_delete
 .text.CO_new   0x000000000000a498      0x102 ./CANopenNode/CANopen.o
                0x000000000000a498                CO_new
 .text.CO_CANinit
                0x000000000000a59a       0x28 ./CANopenNode/CANopen.o
                0x000000000000a59a                CO_CANinit
 .text.CO_LSSinit
                0x000000000000a5c2       0x32 ./CANopenNode/CANopen.o
                0x000000000000a5c2                CO_LSSinit
 .text.CO_CANopenInit
                0x000000000000a5f4       0xb8 ./CANopenNode/CANopen.o
                0x000000000000a5f4                CO_CANopenInit
 .text.CO_CANopenInitPDO
                0x000000000000a6ac       0xea ./CANopenNode/CANopen.o
                0x000000000000a6ac                CO_CANopenInitPDO
 .text.CO_process
                0x000000000000a796       0x7e ./CANopenNode/CANopen.o
                0x000000000000a796                CO_process
 .text.CO_process_RPDO
                0x000000000000a814       0x40 ./CANopenNode/CANopen.o
                0x000000000000a814                CO_process_RPDO
 .text.CO_process_TPDO
                0x000000000000a854       0x40 ./CANopenNode/CANopen.o
                0x000000000000a854                CO_process_TPDO
 .text.__divdf3
                0x000000000000a894      0x5b4 c:/mounriver/mounriver_studio/toolchain/risc-v embedded gcc/bin/../lib/gcc/riscv-none-embed/8.2.0/rv32imacxw/ilp32\libgcc.a(divdf3.o)
                0x000000000000a894                __divdf3
 .text.__muldf3
                0x000000000000ae48      0x4b8 c:/mounriver/mounriver_studio/toolchain/risc-v embedded gcc/bin/../lib/gcc/riscv-none-embed/8.2.0/rv32imacxw/ilp32\libgcc.a(muldf3.o)
                0x000000000000ae48                __muldf3
 .text.__fixunsdfsi
                0x000000000000b300       0x5c c:/mounriver/mounriver_studio/toolchain/risc-v embedded gcc/bin/../lib/gcc/riscv-none-embed/8.2.0/rv32imacxw/ilp32\libgcc.a(fixunsdfsi.o)
                0x000000000000b300                __fixunsdfsi
 .text.__floatunsidf
                0x000000000000b35c       0x68 c:/mounriver/mounriver_studio/toolchain/risc-v embedded gcc/bin/../lib/gcc/riscv-none-embed/8.2.0/rv32imacxw/ilp32\libgcc.a(floatunsidf.o)
                0x000000000000b35c                __floatunsidf
 .text.__addsf3
                0x000000000000b3c4      0x36a c:/mounriver/mounriver_studio/toolchain/risc-v embedded gcc/bin/../lib/gcc/riscv-none-embed/8.2.0/rv32imacxw/ilp32\libgcc.a(addsf3.o)
                0x000000000000b3c4                __addsf3
 .text.__divsf3
                0x000000000000b72e      0x2b2 c:/mounriver/mounriver_studio/toolchain/risc-v embedded gcc/bin/../lib/gcc/riscv-none-embed/8.2.0/rv32imacxw/ilp32\libgcc.a(divsf3.o)
                0x000000000000b72e                __divsf3
 .text.__gesf2  0x000000000000b9e0       0x86 c:/mounriver/mounriver_studio/toolchain/risc-v embedded gcc/bin/../lib/gcc/riscv-none-embed/8.2.0/rv32imacxw/ilp32\libgcc.a(gesf2.o)
                0x000000000000b9e0                __gesf2
                0x000000000000b9e0                __gtsf2
 .text.__lesf2  0x000000000000ba66       0x8c c:/mounriver/mounriver_studio/toolchain/risc-v embedded gcc/bin/../lib/gcc/riscv-none-embed/8.2.0/rv32imacxw/ilp32\libgcc.a(lesf2.o)
                0x000000000000ba66                __ltsf2
                0x000000000000ba66                __lesf2
 .text.__mulsf3
                0x000000000000baf2      0x294 c:/mounriver/mounriver_studio/toolchain/risc-v embedded gcc/bin/../lib/gcc/riscv-none-embed/8.2.0/rv32imacxw/ilp32\libgcc.a(mulsf3.o)
                0x000000000000baf2                __mulsf3
 .text.__subsf3
                0x000000000000bd86      0x388 c:/mounriver/mounriver_studio/toolchain/risc-v embedded gcc/bin/../lib/gcc/riscv-none-embed/8.2.0/rv32imacxw/ilp32\libgcc.a(subsf3.o)
                0x000000000000bd86                __subsf3
 .text.__fixsfsi
                0x000000000000c10e       0x62 c:/mounriver/mounriver_studio/toolchain/risc-v embedded gcc/bin/../lib/gcc/riscv-none-embed/8.2.0/rv32imacxw/ilp32\libgcc.a(fixsfsi.o)
                0x000000000000c10e                __fixsfsi
 .text.__fixunssfsi
                0x000000000000c170       0x56 c:/mounriver/mounriver_studio/toolchain/risc-v embedded gcc/bin/../lib/gcc/riscv-none-embed/8.2.0/rv32imacxw/ilp32\libgcc.a(fixunssfsi.o)
                0x000000000000c170                __fixunssfsi
 .text.__floatsisf
                0x000000000000c1c6       0xc6 c:/mounriver/mounriver_studio/toolchain/risc-v embedded gcc/bin/../lib/gcc/riscv-none-embed/8.2.0/rv32imacxw/ilp32\libgcc.a(floatsisf.o)
                0x000000000000c1c6                __floatsisf
 .text.__floatunsisf
                0x000000000000c28c       0xce c:/mounriver/mounriver_studio/toolchain/risc-v embedded gcc/bin/../lib/gcc/riscv-none-embed/8.2.0/rv32imacxw/ilp32\libgcc.a(floatunsisf.o)
                0x000000000000c28c                __floatunsisf
 .text.__extendsfdf2
                0x000000000000c35a       0xac c:/mounriver/mounriver_studio/toolchain/risc-v embedded gcc/bin/../lib/gcc/riscv-none-embed/8.2.0/rv32imacxw/ilp32\libgcc.a(extendsfdf2.o)
                0x000000000000c35a                __extendsfdf2
 .text.__truncdfsf2
                0x000000000000c406      0x16a c:/mounriver/mounriver_studio/toolchain/risc-v embedded gcc/bin/../lib/gcc/riscv-none-embed/8.2.0/rv32imacxw/ilp32\libgcc.a(truncdfsf2.o)
                0x000000000000c406                __truncdfsf2
 .text.__clzsi2
                0x000000000000c570       0x6e c:/mounriver/mounriver_studio/toolchain/risc-v embedded gcc/bin/../lib/gcc/riscv-none-embed/8.2.0/rv32imacxw/ilp32\libgcc.a(_clzsi2.o)
                0x000000000000c570                __clzsi2
 .text.calloc   0x000000000000c5de        0xc c:/mounriver/mounriver_studio/toolchain/risc-v embedded gcc/bin/../lib/gcc/riscv-none-embed/8.2.0/../../../../riscv-none-embed/lib/rv32imacxw/ilp32\libg_nano.a(lib_a-calloc.o)
                0x000000000000c5de                calloc
 .text.free     0x000000000000c5ea        0xa c:/mounriver/mounriver_studio/toolchain/risc-v embedded gcc/bin/../lib/gcc/riscv-none-embed/8.2.0/../../../../riscv-none-embed/lib/rv32imacxw/ilp32\libg_nano.a(lib_a-malloc.o)
                0x000000000000c5ea                free
 .text.memcpy   0x000000000000c5f4       0xb2 c:/mounriver/mounriver_studio/toolchain/risc-v embedded gcc/bin/../lib/gcc/riscv-none-embed/8.2.0/../../../../riscv-none-embed/lib/rv32imacxw/ilp32\libg_nano.a(lib_a-memcpy.o)
                0x000000000000c5f4                memcpy
 .text.memmove  0x000000000000c6a6       0x46 c:/mounriver/mounriver_studio/toolchain/risc-v embedded gcc/bin/../lib/gcc/riscv-none-embed/8.2.0/../../../../riscv-none-embed/lib/rv32imacxw/ilp32\libg_nano.a(lib_a-memmove.o)
                0x000000000000c6a6                memmove
 .text._calloc_r
                0x000000000000c6ec       0x26 c:/mounriver/mounriver_studio/toolchain/risc-v embedded gcc/bin/../lib/gcc/riscv-none-embed/8.2.0/../../../../riscv-none-embed/lib/rv32imacxw/ilp32\libg_nano.a(lib_a-nano-callocr.o)
                0x000000000000c6ec                _calloc_r
 .text._free_r  0x000000000000c712       0xa8 c:/mounriver/mounriver_studio/toolchain/risc-v embedded gcc/bin/../lib/gcc/riscv-none-embed/8.2.0/../../../../riscv-none-embed/lib/rv32imacxw/ilp32\libg_nano.a(lib_a-nano-freer.o)
                0x000000000000c712                _free_r
 .text._malloc_r
                0x000000000000c7ba       0xd4 c:/mounriver/mounriver_studio/toolchain/risc-v embedded gcc/bin/../lib/gcc/riscv-none-embed/8.2.0/../../../../riscv-none-embed/lib/rv32imacxw/ilp32\libg_nano.a(lib_a-nano-mallocr.o)
                0x000000000000c7ba                _malloc_r
 .text.printf   0x000000000000c88e       0x40 c:/mounriver/mounriver_studio/toolchain/risc-v embedded gcc/bin/../lib/gcc/riscv-none-embed/8.2.0/../../../../riscv-none-embed/lib/rv32imacxw/ilp32\libg_nano.a(lib_a-printf.o)
                0x000000000000c88e                iprintf
                0x000000000000c88e                printf
 .text._puts_r  0x000000000000c8ce       0xd4 c:/mounriver/mounriver_studio/toolchain/risc-v embedded gcc/bin/../lib/gcc/riscv-none-embed/8.2.0/../../../../riscv-none-embed/lib/rv32imacxw/ilp32\libg_nano.a(lib_a-puts.o)
                0x000000000000c8ce                _puts_r
 .text.puts     0x000000000000c9a2        0xc c:/mounriver/mounriver_studio/toolchain/risc-v embedded gcc/bin/../lib/gcc/riscv-none-embed/8.2.0/../../../../riscv-none-embed/lib/rv32imacxw/ilp32\libg_nano.a(lib_a-puts.o)
                0x000000000000c9a2                puts
 .text._sbrk_r  0x000000000000c9ae       0x32 c:/mounriver/mounriver_studio/toolchain/risc-v embedded gcc/bin/../lib/gcc/riscv-none-embed/8.2.0/../../../../riscv-none-embed/lib/rv32imacxw/ilp32\libg_nano.a(lib_a-sbrkr.o)
                0x000000000000c9ae                _sbrk_r
 .text.strlen   0x000000000000c9e0       0x12 c:/mounriver/mounriver_studio/toolchain/risc-v embedded gcc/bin/../lib/gcc/riscv-none-embed/8.2.0/../../../../riscv-none-embed/lib/rv32imacxw/ilp32\libg_nano.a(lib_a-strlen.o)
                0x000000000000c9e0                strlen
 .text.__swbuf_r
                0x000000000000c9f2       0xbc c:/mounriver/mounriver_studio/toolchain/risc-v embedded gcc/bin/../lib/gcc/riscv-none-embed/8.2.0/../../../../riscv-none-embed/lib/rv32imacxw/ilp32\libg_nano.a(lib_a-wbuf.o)
                0x000000000000c9f2                __swbuf_r
 .text.__swsetup_r
                0x000000000000caae       0xfe c:/mounriver/mounriver_studio/toolchain/risc-v embedded gcc/bin/../lib/gcc/riscv-none-embed/8.2.0/../../../../riscv-none-embed/lib/rv32imacxw/ilp32\libg_nano.a(lib_a-wsetup.o)
                0x000000000000caae                __swsetup_r
 .text.__sflush_r
                0x000000000000cbac      0x132 c:/mounriver/mounriver_studio/toolchain/risc-v embedded gcc/bin/../lib/gcc/riscv-none-embed/8.2.0/../../../../riscv-none-embed/lib/rv32imacxw/ilp32\libg_nano.a(lib_a-fflush.o)
                0x000000000000cbac                __sflush_r
 .text._fflush_r
                0x000000000000ccde       0x66 c:/mounriver/mounriver_studio/toolchain/risc-v embedded gcc/bin/../lib/gcc/riscv-none-embed/8.2.0/../../../../riscv-none-embed/lib/rv32imacxw/ilp32\libg_nano.a(lib_a-fflush.o)
                0x000000000000ccde                _fflush_r
 .text.std      0x000000000000cd44       0x66 c:/mounriver/mounriver_studio/toolchain/risc-v embedded gcc/bin/../lib/gcc/riscv-none-embed/8.2.0/../../../../riscv-none-embed/lib/rv32imacxw/ilp32\libg_nano.a(lib_a-findfp.o)
 .text._cleanup_r
                0x000000000000cdaa        0xa c:/mounriver/mounriver_studio/toolchain/risc-v embedded gcc/bin/../lib/gcc/riscv-none-embed/8.2.0/../../../../riscv-none-embed/lib/rv32imacxw/ilp32\libg_nano.a(lib_a-findfp.o)
                0x000000000000cdaa                _cleanup_r
 .text.__sfmoreglue
                0x000000000000cdb4       0x48 c:/mounriver/mounriver_studio/toolchain/risc-v embedded gcc/bin/../lib/gcc/riscv-none-embed/8.2.0/../../../../riscv-none-embed/lib/rv32imacxw/ilp32\libg_nano.a(lib_a-findfp.o)
                0x000000000000cdb4                __sfmoreglue
 .text.__sinit  0x000000000000cdfc       0x6c c:/mounriver/mounriver_studio/toolchain/risc-v embedded gcc/bin/../lib/gcc/riscv-none-embed/8.2.0/../../../../riscv-none-embed/lib/rv32imacxw/ilp32\libg_nano.a(lib_a-findfp.o)
                0x000000000000cdfc                __sinit
 .text.__sfp    0x000000000000ce68       0xa0 c:/mounriver/mounriver_studio/toolchain/risc-v embedded gcc/bin/../lib/gcc/riscv-none-embed/8.2.0/../../../../riscv-none-embed/lib/rv32imacxw/ilp32\libg_nano.a(lib_a-findfp.o)
                0x000000000000ce68                __sfp
 .text._fwalk_reent
                0x000000000000cf08       0x6a c:/mounriver/mounriver_studio/toolchain/risc-v embedded gcc/bin/../lib/gcc/riscv-none-embed/8.2.0/../../../../riscv-none-embed/lib/rv32imacxw/ilp32\libg_nano.a(lib_a-fwalk.o)
                0x000000000000cf08                _fwalk_reent
 .text.__swhatbuf_r
                0x000000000000cf72       0x58 c:/mounriver/mounriver_studio/toolchain/risc-v embedded gcc/bin/../lib/gcc/riscv-none-embed/8.2.0/../../../../riscv-none-embed/lib/rv32imacxw/ilp32\libg_nano.a(lib_a-makebuf.o)
                0x000000000000cf72                __swhatbuf_r
 .text.__smakebuf_r
                0x000000000000cfca       0x94 c:/mounriver/mounriver_studio/toolchain/risc-v embedded gcc/bin/../lib/gcc/riscv-none-embed/8.2.0/../../../../riscv-none-embed/lib/rv32imacxw/ilp32\libg_nano.a(lib_a-makebuf.o)
                0x000000000000cfca                __smakebuf_r
 .text.__malloc_lock
                0x000000000000d05e        0x2 c:/mounriver/mounriver_studio/toolchain/risc-v embedded gcc/bin/../lib/gcc/riscv-none-embed/8.2.0/../../../../riscv-none-embed/lib/rv32imacxw/ilp32\libg_nano.a(lib_a-mlock.o)
                0x000000000000d05e                __malloc_lock
 .text.__malloc_unlock
                0x000000000000d060        0x2 c:/mounriver/mounriver_studio/toolchain/risc-v embedded gcc/bin/../lib/gcc/riscv-none-embed/8.2.0/../../../../riscv-none-embed/lib/rv32imacxw/ilp32\libg_nano.a(lib_a-mlock.o)
                0x000000000000d060                __malloc_unlock
 .text.__sfputc_r
                0x000000000000d062       0x28 c:/mounriver/mounriver_studio/toolchain/risc-v embedded gcc/bin/../lib/gcc/riscv-none-embed/8.2.0/../../../../riscv-none-embed/lib/rv32imacxw/ilp32\libg_nano.a(lib_a-nano-vfprintf.o)
 .text.__sfputs_r
                0x000000000000d08a       0x42 c:/mounriver/mounriver_studio/toolchain/risc-v embedded gcc/bin/../lib/gcc/riscv-none-embed/8.2.0/../../../../riscv-none-embed/lib/rv32imacxw/ilp32\libg_nano.a(lib_a-nano-vfprintf.o)
                0x000000000000d08a                __sfputs_r
 .text._vfprintf_r
                0x000000000000d0cc      0x288 c:/mounriver/mounriver_studio/toolchain/risc-v embedded gcc/bin/../lib/gcc/riscv-none-embed/8.2.0/../../../../riscv-none-embed/lib/rv32imacxw/ilp32\libg_nano.a(lib_a-nano-vfprintf.o)
                0x000000000000d0cc                _vfprintf_r
                0x000000000000d0cc                _vfiprintf_r
 .text._printf_common
                0x000000000000d354      0x10c c:/mounriver/mounriver_studio/toolchain/risc-v embedded gcc/bin/../lib/gcc/riscv-none-embed/8.2.0/../../../../riscv-none-embed/lib/rv32imacxw/ilp32\libg_nano.a(lib_a-nano-vfprintf_i.o)
                0x000000000000d354                _printf_common
 .text._printf_i
                0x000000000000d460      0x2a2 c:/mounriver/mounriver_studio/toolchain/risc-v embedded gcc/bin/../lib/gcc/riscv-none-embed/8.2.0/../../../../riscv-none-embed/lib/rv32imacxw/ilp32\libg_nano.a(lib_a-nano-vfprintf_i.o)
                0x000000000000d460                _printf_i
 .text.__sread  0x000000000000d702       0x2c c:/mounriver/mounriver_studio/toolchain/risc-v embedded gcc/bin/../lib/gcc/riscv-none-embed/8.2.0/../../../../riscv-none-embed/lib/rv32imacxw/ilp32\libg_nano.a(lib_a-stdio.o)
                0x000000000000d702                __sread
 .text.__swrite
                0x000000000000d72e       0x48 c:/mounriver/mounriver_studio/toolchain/risc-v embedded gcc/bin/../lib/gcc/riscv-none-embed/8.2.0/../../../../riscv-none-embed/lib/rv32imacxw/ilp32\libg_nano.a(lib_a-stdio.o)
                0x000000000000d72e                __swrite
 .text.__sseek  0x000000000000d776       0x30 c:/mounriver/mounriver_studio/toolchain/risc-v embedded gcc/bin/../lib/gcc/riscv-none-embed/8.2.0/../../../../riscv-none-embed/lib/rv32imacxw/ilp32\libg_nano.a(lib_a-stdio.o)
                0x000000000000d776                __sseek
 .text.__sclose
                0x000000000000d7a6        0x6 c:/mounriver/mounriver_studio/toolchain/risc-v embedded gcc/bin/../lib/gcc/riscv-none-embed/8.2.0/../../../../riscv-none-embed/lib/rv32imacxw/ilp32\libg_nano.a(lib_a-stdio.o)
                0x000000000000d7a6                __sclose
 .text._write_r
                0x000000000000d7ac       0x36 c:/mounriver/mounriver_studio/toolchain/risc-v embedded gcc/bin/../lib/gcc/riscv-none-embed/8.2.0/../../../../riscv-none-embed/lib/rv32imacxw/ilp32\libg_nano.a(lib_a-writer.o)
                0x000000000000d7ac                _write_r
 .text._close_r
                0x000000000000d7e2       0x30 c:/mounriver/mounriver_studio/toolchain/risc-v embedded gcc/bin/../lib/gcc/riscv-none-embed/8.2.0/../../../../riscv-none-embed/lib/rv32imacxw/ilp32\libg_nano.a(lib_a-closer.o)
                0x000000000000d7e2                _close_r
 .text._fstat_r
                0x000000000000d812       0x32 c:/mounriver/mounriver_studio/toolchain/risc-v embedded gcc/bin/../lib/gcc/riscv-none-embed/8.2.0/../../../../riscv-none-embed/lib/rv32imacxw/ilp32\libg_nano.a(lib_a-fstatr.o)
                0x000000000000d812                _fstat_r
 .text._isatty_r
                0x000000000000d844       0x30 c:/mounriver/mounriver_studio/toolchain/risc-v embedded gcc/bin/../lib/gcc/riscv-none-embed/8.2.0/../../../../riscv-none-embed/lib/rv32imacxw/ilp32\libg_nano.a(lib_a-isattyr.o)
                0x000000000000d844                _isatty_r
 .text._lseek_r
                0x000000000000d874       0x34 c:/mounriver/mounriver_studio/toolchain/risc-v embedded gcc/bin/../lib/gcc/riscv-none-embed/8.2.0/../../../../riscv-none-embed/lib/rv32imacxw/ilp32\libg_nano.a(lib_a-lseekr.o)
                0x000000000000d874                _lseek_r
 .text.memchr   0x000000000000d8a8       0x18 c:/mounriver/mounriver_studio/toolchain/risc-v embedded gcc/bin/../lib/gcc/riscv-none-embed/8.2.0/../../../../riscv-none-embed/lib/rv32imacxw/ilp32\libg_nano.a(lib_a-memchr.o)
                0x000000000000d8a8                memchr
 .text._read_r  0x000000000000d8c0       0x34 c:/mounriver/mounriver_studio/toolchain/risc-v embedded gcc/bin/../lib/gcc/riscv-none-embed/8.2.0/../../../../riscv-none-embed/lib/rv32imacxw/ilp32\libg_nano.a(lib_a-readr.o)
                0x000000000000d8c0                _read_r
 .text._close   0x000000000000d8f4       0x10 c:/mounriver/mounriver_studio/toolchain/risc-v embedded gcc/bin/../lib/gcc/riscv-none-embed/8.2.0/../../../../riscv-none-embed/lib/rv32imacxw/ilp32\libnosys.a(close.o)
                0x000000000000d8f4                _close
 .text._fstat   0x000000000000d904       0x10 c:/mounriver/mounriver_studio/toolchain/risc-v embedded gcc/bin/../lib/gcc/riscv-none-embed/8.2.0/../../../../riscv-none-embed/lib/rv32imacxw/ilp32\libnosys.a(fstat.o)
                0x000000000000d904                _fstat
 .text._isatty  0x000000000000d914       0x10 c:/mounriver/mounriver_studio/toolchain/risc-v embedded gcc/bin/../lib/gcc/riscv-none-embed/8.2.0/../../../../riscv-none-embed/lib/rv32imacxw/ilp32\libnosys.a(isatty.o)
                0x000000000000d914                _isatty
 .text._lseek   0x000000000000d924       0x10 c:/mounriver/mounriver_studio/toolchain/risc-v embedded gcc/bin/../lib/gcc/riscv-none-embed/8.2.0/../../../../riscv-none-embed/lib/rv32imacxw/ilp32\libnosys.a(lseek.o)
                0x000000000000d924                _lseek
 .text._read    0x000000000000d934       0x10 c:/mounriver/mounriver_studio/toolchain/risc-v embedded gcc/bin/../lib/gcc/riscv-none-embed/8.2.0/../../../../riscv-none-embed/lib/rv32imacxw/ilp32\libnosys.a(read.o)
                0x000000000000d934                _read
 *(.rodata)
 *(.rodata*)
 *fill*         0x000000000000d944        0x0 
 .rodata.vCanOpenProcess.str1.4
                0x000000000000d944        0xa ./User/CanOpenNode.o
 *fill*         0x000000000000d94e        0x2 
 .rodata.CalPoint
                0x000000000000d950       0x48 ./User/DataModel.o
 .rodata.CalPoint1
                0x000000000000d998       0x18 ./User/DataModel.o
 .rodata.DataModel_Init.str1.4
                0x000000000000d9b0       0x1e ./User/DataModel.o
 *fill*         0x000000000000d9ce        0x2 
 .rodata.bitrate_table
                0x000000000000d9d0       0x10 ./User/DataModel.o
 .rodata.seg_const.7437
                0x000000000000d9e0       0x12 ./User/DataModel.o
 *fill*         0x000000000000d9f2        0x2 
 .rodata.vIncrementSystemCounters.cst4
                0x000000000000d9f4        0x8 ./User/DataModel.o
 .rodata.getODValue
                0x000000000000d9fc       0x78 ./User/dash_draw.o
 .rodata.MenuStateCross
                0x000000000000da74       0x1c ./User/dash_draw.o
 .rodata.SEG_MASK
                0x000000000000da90       0x14 ./User/dash_draw.o
                0x000000000000da90                SEG_MASK
 .rodata.dm     0x000000000000daa4       0x3f ./User/dash_draw.o
 *fill*         0x000000000000dae3        0x1 
 .rodata.getODValue.cst4
                0x000000000000dae4        0x4 ./User/dash_draw.o
                                          0x8 (size before relaxing)
 .rodata.vBarColorMode.cst4
                0x000000000000dae8        0x4 ./User/dash_draw.o
 .rodata.ADC_FSM.cst4
                0x000000000000daec       0x14 ./User/inputs.o
 *fill*         0x000000000000db00        0x0 
 .rodata.ADC_FSM.cst8
                0x000000000000db00       0x18 ./User/inputs.o
 .rodata.vInputsTask.cst4
                0x000000000000db18        0x8 ./User/inputs.o
 .rodata.SetSegDirect
                0x000000000000db20       0x1c ./User/led.o
 .rodata.Brigth
                0x000000000000db3c       0x1e ./User/led.o
 *fill*         0x000000000000db5a        0x2 
 .rodata.DigitMask
                0x000000000000db5c        0xa ./User/led.o
                0x000000000000db5c                DigitMask
 *fill*         0x000000000000db66        0x2 
 .rodata.offset_mask
                0x000000000000db68        0xe ./User/led.o
 *fill*         0x000000000000db76        0x2 
 .rodata.step_mask
                0x000000000000db78        0xe ./User/led.o
 *fill*         0x000000000000db86        0x2 
 .rodata.Error_Handler.str1.4
                0x000000000000db88        0xf ./User/main.o
 *fill*         0x000000000000db97        0x1 
 .rodata.main.str1.4
                0x000000000000db98        0xf ./User/main.o
 *fill*         0x000000000000dba7        0x1 
 .rodata.OD_readBoardSettings
                0x000000000000dba8       0x18 ./User/process.o
 .rodata.OD_writeBoardSettings
                0x000000000000dbc0       0x18 ./User/process.o
 .rodata.OD_ADC1_CAL_extension
                0x000000000000dbd8       0x10 ./User/process.o
                0x000000000000dbd8                OD_ADC1_CAL_extension
 .rodata.OD_ADC2_CAL_extension
                0x000000000000dbe8       0x10 ./User/process.o
                0x000000000000dbe8                OD_ADC2_CAL_extension
 .rodata.OD_ADC3_CAL_extension
                0x000000000000dbf8       0x10 ./User/process.o
                0x000000000000dbf8                OD_ADC3_CAL_extension
 .rodata.OD_AIN_RPM_extension
                0x000000000000dc08       0x10 ./User/process.o
                0x000000000000dc08                OD_AIN_RPM_extension
 .rodata.OD_BAR_extension
                0x000000000000dc18       0x10 ./User/process.o
                0x000000000000dc18                OD_BAR_extension
 .rodata.OD_BOARD_SETTINGS_extension
                0x000000000000dc28       0x10 ./User/process.o
                0x000000000000dc28                OD_BOARD_SETTINGS_extension
 .rodata.OD_DASH_PARAM_extension
                0x000000000000dc38       0x10 ./User/process.o
                0x000000000000dc38                OD_DASH_PARAM_extension
 .rodata.OD_DIN_extension
                0x000000000000dc48       0x10 ./User/process.o
                0x000000000000dc48                OD_DIN_extension
 .rodata.OD_INPUT_CH_CONFIG_extension
                0x000000000000dc58       0x10 ./User/process.o
                0x000000000000dc58                OD_INPUT_CH_CONFIG_extension
 .rodata.OD_KEY_extension
                0x000000000000dc68       0x10 ./User/process.o
                0x000000000000dc68                OD_KEY_extension
 .rodata.OD_MENU_MAP_extension
                0x000000000000dc78       0x10 ./User/process.o
                0x000000000000dc78                OD_MENU_MAP_extension
 .rodata.OD_MENU_SETUP_extension
                0x000000000000dc88       0x10 ./User/process.o
                0x000000000000dc88                OD_MENU_SETUP_extension
 .rodata.OD_RGB10_extension
                0x000000000000dc98       0x10 ./User/process.o
                0x000000000000dc98                OD_RGB10_extension
 .rodata.OD_RGB11_extension
                0x000000000000dca8       0x10 ./User/process.o
                0x000000000000dca8                OD_RGB11_extension
 .rodata.OD_RGB12_extension
                0x000000000000dcb8       0x10 ./User/process.o
                0x000000000000dcb8                OD_RGB12_extension
 .rodata.OD_RGB13_extension
                0x000000000000dcc8       0x10 ./User/process.o
                0x000000000000dcc8                OD_RGB13_extension
 .rodata.OD_RGB14_extension
                0x000000000000dcd8       0x10 ./User/process.o
                0x000000000000dcd8                OD_RGB14_extension
 .rodata.OD_RGB1_extension
                0x000000000000dce8       0x10 ./User/process.o
                0x000000000000dce8                OD_RGB1_extension
 .rodata.OD_RGB2_extension
                0x000000000000dcf8       0x10 ./User/process.o
                0x000000000000dcf8                OD_RGB2_extension