Archive member included to satisfy reference by file (symbol)

c:/mounriver/mounriver_studio/toolchain/risc-v embedded gcc/bin/../lib/gcc/riscv-none-embed/8.2.0/rv32imacxw/ilp32\libgcc.a(addsf3.o)
                              ./User/DataModel.o (__addsf3)
c:/mounriver/mounriver_studio/toolchain/risc-v embedded gcc/bin/../lib/gcc/riscv-none-embed/8.2.0/rv32imacxw/ilp32\libgcc.a(divsf3.o)
                              ./User/DataModel.o (__divsf3)
c:/mounriver/mounriver_studio/toolchain/risc-v embedded gcc/bin/../lib/gcc/riscv-none-embed/8.2.0/rv32imacxw/ilp32\libgcc.a(eqsf2.o)
                              ./HWLIB/hw_lib_din.o (__nesf2)
c:/mounriver/mounriver_studio/toolchain/risc-v embedded gcc/bin/../lib/gcc/riscv-none-embed/8.2.0/rv32imacxw/ilp32\libgcc.a(gesf2.o)
                              ./User/inputs.o (__gesf2)
c:/mounriver/mounriver_studio/toolchain/risc-v embedded gcc/bin/../lib/gcc/riscv-none-embed/8.2.0/rv32imacxw/ilp32\libgcc.a(lesf2.o)
                              ./HWLIB/hw_lib_adc.o (__lesf2)
c:/mounriver/mounriver_studio/toolchain/risc-v embedded gcc/bin/../lib/gcc/riscv-none-embed/8.2.0/rv32imacxw/ilp32\libgcc.a(mulsf3.o)
                              ./User/dash_draw.o (__mulsf3)
c:/mounriver/mounriver_studio/toolchain/risc-v embedded gcc/bin/../lib/gcc/riscv-none-embed/8.2.0/rv32imacxw/ilp32\libgcc.a(subsf3.o)
                              ./User/inputs.o (__subsf3)
c:/mounriver/mounriver_studio/toolchain/risc-v embedded gcc/bin/../lib/gcc/riscv-none-embed/8.2.0/rv32imacxw/ilp32\libgcc.a(fixsfsi.o)
                              ./User/dash_draw.o (__fixsfsi)
c:/mounriver/mounriver_studio/toolchain/risc-v embedded gcc/bin/../lib/gcc/riscv-none-embed/8.2.0/rv32imacxw/ilp32\libgcc.a(fixunssfsi.o)
                              ./User/DataModel.o (__fixunssfsi)
c:/mounriver/mounriver_studio/toolchain/risc-v embedded gcc/bin/../lib/gcc/riscv-none-embed/8.2.0/rv32imacxw/ilp32\libgcc.a(floatsisf.o)
                              ./User/DataModel.o (__floatsisf)
c:/mounriver/mounriver_studio/toolchain/risc-v embedded gcc/bin/../lib/gcc/riscv-none-embed/8.2.0/rv32imacxw/ilp32\libgcc.a(floatunsisf.o)
                              ./User/DataModel.o (__floatunsisf)
c:/mounriver/mounriver_studio/toolchain/risc-v embedded gcc/bin/../lib/gcc/riscv-none-embed/8.2.0/rv32imacxw/ilp32\libgcc.a(save-restore.o)
                              ./User/inputs.o (__riscv_save_12)
c:/mounriver/mounriver_studio/toolchain/risc-v embedded gcc/bin/../lib/gcc/riscv-none-embed/8.2.0/rv32imacxw/ilp32\libgcc.a(_clzsi2.o)
                              c:/mounriver/mounriver_studio/toolchain/risc-v embedded gcc/bin/../lib/gcc/riscv-none-embed/8.2.0/rv32imacxw/ilp32\libgcc.a(addsf3.o) (__clzsi2)
c:/mounriver/mounriver_studio/toolchain/risc-v embedded gcc/bin/../lib/gcc/riscv-none-embed/8.2.0/rv32imacxw/ilp32\libgcc.a(_clz.o)
                              c:/mounriver/mounriver_studio/toolchain/risc-v embedded gcc/bin/../lib/gcc/riscv-none-embed/8.2.0/rv32imacxw/ilp32\libgcc.a(_clzsi2.o) (__clz_tab)
c:/mounriver/mounriver_studio/toolchain/risc-v embedded gcc/bin/../lib/gcc/riscv-none-embed/8.2.0/../../../../riscv-none-embed/lib/rv32imacxw/ilp32\libg_nano.a(lib_a-calloc.o)
                              ./CANopenNode/CANopen.o (calloc)
c:/mounriver/mounriver_studio/toolchain/risc-v embedded gcc/bin/../lib/gcc/riscv-none-embed/8.2.0/../../../../riscv-none-embed/lib/rv32imacxw/ilp32\libg_nano.a(lib_a-impure.o)
                              c:/mounriver/mounriver_studio/toolchain/risc-v embedded gcc/bin/../lib/gcc/riscv-none-embed/8.2.0/../../../../riscv-none-embed/lib/rv32imacxw/ilp32\libg_nano.a(lib_a-calloc.o) (_impure_ptr)
c:/mounriver/mounriver_studio/toolchain/risc-v embedded gcc/bin/../lib/gcc/riscv-none-embed/8.2.0/../../../../riscv-none-embed/lib/rv32imacxw/ilp32\libg_nano.a(lib_a-malloc.o)
                              ./CANopenNode/CANopen.o (free)
c:/mounriver/mounriver_studio/toolchain/risc-v embedded gcc/bin/../lib/gcc/riscv-none-embed/8.2.0/../../../../riscv-none-embed/lib/rv32imacxw/ilp32\libg_nano.a(lib_a-memcpy.o)
                              ./User/DataModel.o (memcpy)
c:/mounriver/mounriver_studio/toolchain/risc-v embedded gcc/bin/../lib/gcc/riscv-none-embed/8.2.0/../../../../riscv-none-embed/lib/rv32imacxw/ilp32\libg_nano.a(lib_a-memmove.o)
                              ./CANopenNode/301/CO_SDOserver.o (memmove)
c:/mounriver/mounriver_studio/toolchain/risc-v embedded gcc/bin/../lib/gcc/riscv-none-embed/8.2.0/../../../../riscv-none-embed/lib/rv32imacxw/ilp32\libg_nano.a(lib_a-memset.o)
                              ./User/DataModel.o (memset)
c:/mounriver/mounriver_studio/toolchain/risc-v embedded gcc/bin/../lib/gcc/riscv-none-embed/8.2.0/../../../../riscv-none-embed/lib/rv32imacxw/ilp32\libg_nano.a(lib_a-nano-callocr.o)
[...]
Memory Configuration

Name             Origin             Length             Attributes
FLASH            0x0000000000000000 0x0000000000010000 xr
RAM              0x0000000020000000 0x0000000000005000 xrw
*default*        0x0000000000000000 0xffffffffffffffff

Linker script and memory map

LOAD ./User/CanOpenNode.o
LOAD ./User/DataModel.o
LOAD ./User/ch32v20x_it.o
LOAD ./User/dash_draw.o
LOAD ./User/init.o
LOAD ./User/inputs.o
LOAD ./User/led.o
LOAD ./User/main.o
LOAD ./User/process.o
LOAD ./User/system_ch32v20x.o
LOAD ./User/system_init.o
LOAD ./Startup/startup_ch32v20x_D6.o
LOAD ./Peripheral/src/ch32v20x_adc.o
LOAD ./Peripheral/src/ch32v20x_bkp.o
LOAD ./Peripheral/src/ch32v20x_can.o
LOAD ./Peripheral/src/ch32v20x_crc.o
LOAD ./Peripheral/src/ch32v20x_dbgmcu.o
LOAD ./Peripheral/src/ch32v20x_dma.o
LOAD ./Peripheral/src/ch32v20x_exti.o
LOAD ./Peripheral/src/ch32v20x_flash.o
LOAD ./Peripheral/src/ch32v20x_gpio.o
LOAD ./Peripheral/src/ch32v20x_i2c.o
LOAD ./Peripheral/src/ch32v20x_iwdg.o
LOAD ./Peripheral/src/ch32v20x_misc.o
LOAD ./Peripheral/src/ch32v20x_opa.o
LOAD ./Peripheral/src/ch32v20x_pwr.o
LOAD ./Peripheral/src/ch32v20x_rcc.o
LOAD ./Peripheral/src/ch32v20x_rtc.o
LOAD ./Peripheral/src/ch32v20x_spi.o
LOAD ./Peripheral/src/ch32v20x_tim.o
LOAD ./Peripheral/src/ch32v20x_usart.o
LOAD ./Peripheral/src/ch32v20x_wwdg.o
LOAD ./HWLIB/hw_lib_adc.o
LOAD ./HWLIB/hw_lib_din.o
LOAD ./HWLIB/hw_lib_eeprom.o
LOAD ./HAL/hal_adc.o
LOAD ./HAL/hal_can.o
LOAD ./HAL/hal_dma.o
LOAD ./HAL/hal_gpio.o
LOAD ./HAL/hal_i2c.o
LOAD ./HAL/hal_rtc.o
LOAD ./HAL/hal_spi.o
LOAD ./HAL/hal_timers.o
LOAD ./HAL/hal_wdt.o
LOAD ./FreeRTOS/portable/MemMang/heap_4.o
LOAD ./FreeRTOS/portable/GCC/RISC-V/port.o
LOAD ./FreeRTOS/portable/GCC/RISC-V/portASM.o
LOAD ./FreeRTOS/croutine.o
LOAD ./FreeRTOS/event_groups.o
LOAD ./FreeRTOS/list.o
LOAD ./FreeRTOS/queue.o
LOAD ./FreeRTOS/stream_buffer.o
LOAD ./FreeRTOS/tasks.o
LOAD ./FreeRTOS/timers.o
LOAD ./Drivers/filters.o
LOAD ./Debug/debug.o
LOAD ./Core/core_riscv.o
LOAD ./CANopenNode/keypad/CO_driver_ST32F103.o
LOAD ./CANopenNode/keypad/OD.o
LOAD ./CANopenNode/extra/CO_trace.o
LOAD ./CANopenNode/309/CO_gateway_ascii.o
LOAD ./CANopenNode/305/CO_LSSmaster.o
LOAD ./CANopenNode/305/CO_LSSslave.o
LOAD ./CANopenNode/304/CO_GFC.o
LOAD ./CANopenNode/304/CO_SRDO.o
LOAD ./CANopenNode/303/CO_LEDs.o
LOAD ./CANopenNode/301/CO_Emergency.o
LOAD ./CANopenNode/301/CO_HBconsumer.o
LOAD ./CANopenNode/301/CO_NMT_Heartbeat.o
LOAD ./CANopenNode/301/CO_Node_Guarding.o
LOAD ./CANopenNode/301/CO_ODinterface.o
LOAD ./CANopenNode/301/CO_PDO.o
LOAD ./CANopenNode/301/CO_SDOclient.o
LOAD ./CANopenNode/301/CO_SDOserver.o
LOAD ./CANopenNode/301/CO_SYNC.o
LOAD ./CANopenNode/301/CO_TIME.o
LOAD ./CANopenNode/301/CO_fifo.o
LOAD ./CANopenNode/301/crc16-ccitt.o
LOAD ./CANopenNode/CANopen.o
LOAD c:/mounriver/mounriver_studio/toolchain/risc-v embedded gcc/bin/../lib/gcc/riscv-none-embed/8.2.0/../../../../riscv-none-embed/lib/rv32imacxw/ilp32\libm.a
LOAD c:/mounriver/mounriver_studio/toolchain/risc-v embedded gcc/bin/../lib/gcc/riscv-none-embed/8.2.0/rv32imacxw/ilp32\libgcc.a
LOAD c:/mounriver/mounriver_studio/toolchain/risc-v embedded gcc/bin/../lib/gcc/riscv-none-embed/8.2.0/../../../../riscv-none-embed/lib/rv32imacxw/ilp32\libg_nano.a
LOAD c:/mounriver/mounriver_studio/toolchain/risc-v embedded gcc/bin/../lib/gcc/riscv-none-embed/8.2.0/../../../../riscv-none-embed/lib/rv32imacxw/ilp32\libc_nano.a
LOAD c:/mounriver/mounriver_studio/toolchain/risc-v embedded gcc/bin/../lib/gcc/riscv-none-embed/8.2.0/rv32imacxw/ilp32\libgcc.a
START GROUP
LOAD c:/mounriver/mounriver_studio/toolchain/risc-v embedded gcc/bin/../lib/gcc/riscv-none-embed/8.2.0/rv32imacxw/ilp32\libgcc.a
LOAD c:/mounriver/mounriver_studio/toolchain/risc-v embedded gcc/bin/../lib/gcc/riscv-none-embed/8.2.0/../../../../riscv-none-embed/lib/rv32imacxw/ilp32\libc_nano.a
LOAD c:/mounriver/mounriver_studio/toolchain/risc-v embedded gcc/bin/../lib/gcc/riscv-none-embed/8.2.0/../../../../riscv-none-embed/lib/rv32imacxw/ilp32\libnosys.a
END GROUP
START GROUP
LOAD c:/mounriver/mounriver_studio/toolchain/risc-v embedded gcc/bin/../lib/gcc/riscv-none-embed/8.2.0/rv32imacxw/ilp32\libgcc.a
LOAD c:/mounriver/mounriver_studio/toolchain/risc-v embedded gcc/bin/../lib/gcc/riscv-none-embed/8.2.0/../../../../riscv-none-embed/lib/rv32imacxw/ilp32\libc_nano.a
LOAD c:/mounriver/mounriver_studio/toolchain/risc-v embedded gcc/bin/../lib/gcc/riscv-none-embed/8.2.0/../../../../riscv-none-embed/lib/rv32imacxw/ilp32\libnosys.a
END GROUP
                0x0000000000000be8                __stack_size = 0xbe8
                [!provide]                        PROVIDE (_stack_size = __stack_size)

.init           0x0000000000000000       0x38
                0x0000000000000000                _sinit = .
                0x0000000000000000                . = ALIGN (0x4)
 *(SORT_NONE(.init))
 .init          0x0000000000000000       0x38 ./Startup/startup_ch32v20x_D6.o
                0x0000000000000000                _start
                0x0000000000000038                . = ALIGN (0x4)
                0x0000000000000038                _einit = .

.vector         0x0000000000000038      0x108
 *(.vector)
 .vector        0x0000000000000038       0xfc ./Startup/startup_ch32v20x_D6.o
                0x0000000000000140                . = ALIGN (0x40)
 *fill*         0x0000000000000134        0xc 

.text           0x0000000000000200     0xe548
                0x0000000000000200                . = ALIGN (0x4)
 *(.text)
 .text          0x0000000000000200      0x2ee ./FreeRTOS/portable/GCC/RISC-V/portASM.o
                0x0000000000000200                SW_Handler
                0x0000000000000300                xPortStartFirstTask
                0x0000000000000400                pxPortInitialiseStack
 .text          0x00000000000004ee       0x60 c:/mounriver/mounriver_studio/toolchain/risc-v embedded gcc/bin/../lib/gcc/riscv-none-embed/8.2.0/rv32imacxw/ilp32\libgcc.a(save-restore.o)
                0x00000000000004ee                __riscv_save_12
                0x00000000000004f6                __riscv_save_9
                0x00000000000004f6                __riscv_save_11
                0x00000000000004f6                __riscv_save_10
                0x00000000000004f6                __riscv_save_8
                0x0000000000000504                __riscv_save_4
                0x0000000000000504                __riscv_save_6
                0x0000000000000504                __riscv_save_5
                0x0000000000000504                __riscv_save_7
                0x000000000000051e                __riscv_save_3
                0x000000000000051e                __riscv_save_2
                0x000000000000051e                __riscv_save_1
                0x000000000000051e                __riscv_save_0
                0x000000000000052a                __riscv_restore_12
                0x000000000000052e                __riscv_restore_11
                0x000000000000052e                __riscv_restore_9
                0x000000000000052e                __riscv_restore_10
                0x000000000000052e                __riscv_restore_8
                0x0000000000000538                __riscv_restore_5
                0x0000000000000538                __riscv_restore_7
                0x0000000000000538                __riscv_restore_6
                0x0000000000000538                __riscv_restore_4
                0x0000000000000542                __riscv_restore_3
                0x0000000000000542                __riscv_restore_0
                0x0000000000000542                __riscv_restore_2
                0x0000000000000542                __riscv_restore_1
 .text          0x000000000000054e       0xa8 c:/mounriver/mounriver_studio/toolchain/risc-v embedded gcc/bin/../lib/gcc/riscv-none-embed/8.2.0/../../../../riscv-none-embed/lib/rv32imacxw/ilp32\libg_nano.a(lib_a-memset.o)
                0x000000000000054e                memset
 *(.text.*)
 .text.xCanOpenProcessTaskHandle
                0x00000000000005f6        0xa ./User/CanOpenNode.o
                0x00000000000005f6                xCanOpenProcessTaskHandle
 .text.xCanOpenPeriodicTaskHandle
                0x0000000000000600        0xa ./User/CanOpenNode.o
                0x0000000000000600                xCanOpenPeriodicTaskHandle
 .text.vCanOpenInit
                0x000000000000060a        0xa ./User/CanOpenNode.o
                0x000000000000060a                vCanOpenInit
 .text.vCanOpenProcess
                0x0000000000000614      0x192 ./User/CanOpenNode.o
                0x0000000000000614                vCanOpenProcess
 .text.vCanOpenPeriodicProcess
                0x00000000000007a6       0x82 ./User/CanOpenNode.o
                0x00000000000007a6                vCanOpenPeriodicProcess
 .text.xDataRegQueue
                0x0000000000000828        0xa ./User/DataModel.o
                0x0000000000000828                xDataRegQueue
 .text.vDataModelRegDelayWrite
                0x0000000000000832       0x34 ./User/DataModel.o
                0x0000000000000832                vDataModelRegDelayWrite
 .text.setReg32
                0x0000000000000866       0x1a ./User/DataModel.o
                0x0000000000000866                setReg32
 .text.setReg16
                0x0000000000000880        0xe ./User/DataModel.o
                0x0000000000000880                setReg16
 .text.setReg8  0x000000000000088e        0xa ./User/DataModel.o
                0x000000000000088e                setReg8
 .text.SaveReg16
                0x0000000000000898       0x14 ./User/DataModel.o
                0x0000000000000898                SaveReg16
 .text.getReg16
                0x00000000000008ac       0x10 ./User/DataModel.o
                0x00000000000008ac                getReg16
 .text.getReg32
                0x00000000000008bc       0x1c ./User/DataModel.o
                0x00000000000008bc                getReg32
 .text.DataModel_Init
                0x00000000000008d8      0x392 ./User/DataModel.o
                0x00000000000008d8                DataModel_Init
 .text.getReg8  0x0000000000000c6a        0xa ./User/DataModel.o
                0x0000000000000c6a                getReg8
 .text.WriteRegAfterDelay
                0x0000000000000c74       0x60 ./User/DataModel.o
                0x0000000000000c74                WriteRegAfterDelay
 .text.WriteReg
                0x0000000000000cd4       0x56 ./User/DataModel.o
                0x0000000000000cd4                WriteReg
 .text.vGetBitrate
                0x0000000000000d2a       0x2a ./User/DataModel.o
                0x0000000000000d2a                vGetBitrate
 .text.vFDGetNMTState
                0x0000000000000d54        0x6 ./User/DataModel.o
                0x0000000000000d54                vFDGetNMTState
 .text.vGetNodeId
                0x0000000000000d5a        0x6 ./User/DataModel.o
                0x0000000000000d5a                vGetNodeId
 .text.vIncrementSystemCounters
                0x0000000000000d60       0x76 ./User/DataModel.o
                0x0000000000000d60                vIncrementSystemCounters
 .text.vSaveData
                0x0000000000000dd6       0x14 ./User/DataModel.o
                0x0000000000000dd6                vSaveData
 .text.getOdometr
                0x0000000000000dea       0x14 ./User/DataModel.o
                0x0000000000000dea                getOdometr
 .text.NMI_Handler
                0x0000000000000dfe        0x2 ./User/ch32v20x_it.o
                0x0000000000000dfe                NMI_Handler
 .text.HardFault_Handler
                0x0000000000000e00        0x2 ./User/ch32v20x_it.o
                0x0000000000000e00                HardFault_Handler
 .text.SegPrint
                0x0000000000000e02       0x5a ./User/dash_draw.o
 .text.xProcessTaskHandle
                0x0000000000000e5c        0xa ./User/dash_draw.o
                0x0000000000000e5c                xProcessTaskHandle
 .text.vSetErrorReg
                0x0000000000000e66        0xa ./User/dash_draw.o
                0x0000000000000e66                vSetErrorReg
 .text.getODValue
                0x0000000000000e70      0x12c ./User/dash_draw.o
                0x0000000000000e70                getODValue
 .text.IncMenuIndex
                0x0000000000000f9c       0x80 ./User/dash_draw.o
                0x0000000000000f9c                IncMenuIndex
 .text.GoToHome
                0x000000000000101c       0x12 ./User/dash_draw.o
                0x000000000000101c                GoToHome
 .text.SetCurMenuHome
                0x000000000000102e       0x1e ./User/dash_draw.o
                0x000000000000102e                SetCurMenuHome
 .text.GetCurMenuHome
                0x000000000000104c        0x6 ./User/dash_draw.o
                0x000000000000104c                GetCurMenuHome
 .text.SetCurrentMenu
                0x0000000000001052       0x12 ./User/dash_draw.o
                0x0000000000001052                SetCurrentMenu
 .text.SetDefault
                0x0000000000001064       0x28 ./User/dash_draw.o
                0x0000000000001064                SetDefault
 .text.MenuBackHomeCheck
                0x000000000000108c       0x38 ./User/dash_draw.o
                0x000000000000108c                MenuBackHomeCheck
 .text.CheckMenuChannel
                0x00000000000010c4       0x20 ./User/dash_draw.o
                0x00000000000010c4                CheckMenuChannel
 .text.vDashDrawInit
                0x00000000000010e4       0x7e ./User/dash_draw.o
                0x00000000000010e4                vDashDrawInit
 .text.vMenuBlink
                0x0000000000001162       0x4a ./User/dash_draw.o
                0x0000000000001162                vMenuBlink
 .text.SetErrorRegiter
                0x00000000000011ac       0x5e ./User/dash_draw.o
                0x00000000000011ac                SetErrorRegiter
 .text.uGetCurrMenu
                0x000000000000120a       0x26 ./User/dash_draw.o
                0x000000000000120a                uGetCurrMenu
 .text.vGetEdgeData
                0x0000000000001230       0x2a ./User/dash_draw.o
                0x0000000000001230                vGetEdgeData
 .text.checkLedState
                0x000000000000125a       0x3a ./User/dash_draw.o
 .text.vRGBMode
                0x0000000000001294       0x72 ./User/dash_draw.o
                0x0000000000001294                vRGBMode
 .text.vBarColorMode
                0x0000000000001306       0xc2 ./User/dash_draw.o
                0x0000000000001306                vBarColorMode
 .text.vBarWindowMode
                0x00000000000013c8       0x5a ./User/dash_draw.o
                0x00000000000013c8                vBarWindowMode
 .text.vBarMode
                0x0000000000001422       0x66 ./User/dash_draw.o
                0x0000000000001422                vBarMode
 .text.RedrawNotifyTaskToInit
                0x0000000000001488       0x28 ./User/dash_draw.o
                0x0000000000001488                RedrawNotifyTaskToInit
 .text.vRedrawTask
                0x00000000000014b0      0x572 ./User/dash_draw.o
                0x00000000000014b0                vRedrawTask
 .text.vInit_DeviceConfig
                0x0000000000001a22      0x162 ./User/init.o
                0x0000000000001a22                vInit_DeviceConfig
 .text.HardwareDeinit
                0x0000000000001b84       0x2a ./User/init.o
                0x0000000000001b84                HardwareDeinit
 .text.SoftwareReset
                0x0000000000001bae       0x14 ./User/init.o
                0x0000000000001bae                SoftwareReset
 .text.ADC1_Event
                0x0000000000001bc2       0x48 ./User/inputs.o
                0x0000000000001bc2                ADC1_Event
 .text.CaptureDMACallBack
                0x0000000000001c0a       0x30 ./User/inputs.o
                0x0000000000001c0a                CaptureDMACallBack
 .text.CaptureDMACallBack_1
                0x0000000000001c3a       0x30 ./User/inputs.o
                0x0000000000001c3a                CaptureDMACallBack_1
 .text.fDinStateCallback
                0x0000000000001c6a       0x32 ./User/inputs.o
                0x0000000000001c6a                fDinStateCallback
 .text.vSetDoutState
                0x0000000000001c9c       0x28 ./User/inputs.o
                0x0000000000001c9c                vSetDoutState
 .text.getInputsTaskHandle
                0x0000000000001cc4        0xa ./User/inputs.o
                0x0000000000001cc4                getInputsTaskHandle
 .text.InputsNotifyTaskToInit
                0x0000000000001cce       0x28 ./User/inputs.o
                0x0000000000001cce                InputsNotifyTaskToInit
 .text.ADC1_Init
                0x0000000000001cf6       0x52 ./User/inputs.o
                0x0000000000001cf6                ADC1_Init
 .text.ADC_FSM  0x0000000000001d48       0xfe ./User/inputs.o
                0x0000000000001d48                ADC_FSM
 .text.GetAIN   0x0000000000001e46        0xc ./User/inputs.o
                0x0000000000001e46                GetAIN
 .text.vInputsTask
                0x0000000000001e52      0x314 ./User/inputs.o
                0x0000000000001e52                vInputsTask
 .text.SPI1_DMA_Callback
                0x0000000000002166       0x34 ./User/led.o
                0x0000000000002166                SPI1_DMA_Callback
 .text.SPI2_DMA_Callback
                0x000000000000219a       0x34 ./User/led.o
                0x000000000000219a                SPI2_DMA_Callback
 .text.SetBarState
                0x00000000000021ce       0x50 ./User/led.o
                0x00000000000021ce                SetBarState
 .text.SetRGB   0x000000000000221e       0x4e ./User/led.o
                0x000000000000221e                SetRGB
 .text.SetSegDirect
                0x000000000000226c       0x9c ./User/led.o
                0x000000000000226c                SetSegDirect
 .text.SetSegPoint
                0x0000000000002308       0x22 ./User/led.o
                0x0000000000002308                SetSegPoint
 .text.SetSEG   0x000000000000232a      0x120 ./User/led.o
                0x000000000000232a                SetSEG
 .text.SetBigSeg
                0x000000000000244a       0x14 ./User/led.o
                0x000000000000244a                SetBigSeg
 .text.vSetBrigth
                0x000000000000245e       0x2a ./User/led.o
                0x000000000000245e                vSetBrigth
 .text.vLedDriverStart
                0x0000000000002488       0x62 ./User/led.o
                0x0000000000002488                vLedDriverStart
 .text.vLedProcess
                0x00000000000024ea       0x24 ./User/led.o
                0x00000000000024ea                vLedProcess
 .text.vRGBProcess
                0x000000000000250e       0xe8 ./User/led.o
                0x000000000000250e                vRGBProcess
 .text.startup.main
                0x00000000000025f6       0x24 ./User/main.o
                0x00000000000025f6                main
 .text.vRestartNode
                0x000000000000261a        0x2 ./User/main.o
                0x000000000000261a                vRestartNode
 .text.Error_Handler
                0x000000000000261c        0x8 ./User/main.o
                0x000000000000261c                Error_Handler
 .text.OD_writeRGBMAP
                0x0000000000002624       0x30 ./User/process.o
 .text.OD_readRGBMAP
                0x0000000000002654       0x22 ./User/process.o
 .text.OD_readDIN
                0x0000000000002676       0x1c ./User/process.o
 .text.OD_writeMenuSetup
                0x0000000000002692       0x46 ./User/process.o
 .text.OD_writeBoardSettings
                0x00000000000026d8       0x78 ./User/process.o
 .text.CO_getUint16
                0x0000000000002750       0x10 ./User/process.o
 .text.OD_writeSEG
                0x0000000000002760       0x44 ./User/process.o
 .text.OD_writeBAR
                0x00000000000027a4       0x30 ./User/process.o
 .text.OD_writeRPMConfig
                0x00000000000027d4       0x36 ./User/process.o
 .text.CO_getUint32
                0x000000000000280a       0x18 ./User/process.o
 .text.OD_writeMenuMap
                0x0000000000002822       0x30 ./User/process.o
 .text.OD_writeV1_14
                0x0000000000002852       0x56 ./User/process.o
 .text.OD_writeDashParam
                0x00000000000028a8       0x44 ./User/process.o
 .text.WriteRGB.isra.2
                0x00000000000028ec       0x3a ./User/process.o
 .text.OD_writeRGB1
                0x0000000000002926       0x14 ./User/process.o
 .text.OD_writeRGB2
                0x000000000000293a       0x16 ./User/process.o
 .text.OD_writeRGB3
                0x0000000000002950       0x16 ./User/process.o
 .text.OD_writeRGB4
                0x0000000000002966       0x16 ./User/process.o
 .text.OD_writeRGB5
                0x000000000000297c       0x16 ./User/process.o
 .text.OD_writeRGB6
                0x0000000000002992       0x16 ./User/process.o
 .text.OD_writeRGB7
                0x00000000000029a8       0x16 ./User/process.o
 .text.OD_writeRGB8
                0x00000000000029be       0x16 ./User/process.o
 .text.OD_writeRGB9
                0x00000000000029d4       0x16 ./User/process.o
 .text.OD_writeRGB10
                0x00000000000029ea       0x16 ./User/process.o
 .text.OD_writeRGB11
                0x0000000000002a00       0x16 ./User/process.o
 .text.OD_writeRGB12
                0x0000000000002a16       0x16 ./User/process.o
 .text.OD_writeRGB13
                0x0000000000002a2c       0x16 ./User/process.o
 .text.OD_readBoardSettings
                0x0000000000002a42       0x2c ./User/process.o
 .text.readADC.isra.6
                0x0000000000002a6e       0x84 ./User/process.o
 .text.OD_readADC1
                0x0000000000002af2       0x10 ./User/process.o
 .text.OD_readADC2
                0x0000000000002b02       0x10 ./User/process.o
 .text.OD_readADC3
                0x0000000000002b12       0x10 ./User/process.o
 .text.OD_readMenuSetup
                0x0000000000002b22       0x30 ./User/process.o
 .text.writeADC.isra.9
                0x0000000000002b52       0xde ./User/process.o
 .text.OD_writeADC1
                0x0000000000002c30       0x10 ./User/process.o
 .text.OD_writeADC2
                0x0000000000002c40       0x10 ./User/process.o
 .text.OD_writeADC3
                0x0000000000002c50       0x10 ./User/process.o
 .text.OD_readRGB.isra.5
                0x0000000000002c60       0x22 ./User/process.o
 .text.OD_readRGB1
                0x0000000000002c82       0x10 ./User/process.o
 .text.OD_readRGB2
                0x0000000000002c92       0x12 ./User/process.o
 .text.OD_readRGB3
                0x0000000000002ca4       0x12 ./User/process.o
 .text.OD_readRGB4
                0x0000000000002cb6       0x12 ./User/process.o
 .text.OD_readRGB5
                0x0000000000002cc8       0x12 ./User/process.o
 .text.OD_readRGB6
                0x0000000000002cda       0x12 ./User/process.o
 .text.OD_readRGB7
                0x0000000000002cec       0x12 ./User/process.o
 .text.OD_readRGB8
                0x0000000000002cfe       0x12 ./User/process.o
 .text.OD_readRGB9
                0x0000000000002d10       0x12 ./User/process.o
 .text.OD_readRGB10
                0x0000000000002d22       0x12 ./User/process.o
 .text.OD_readRGB11
                0x0000000000002d34       0x12 ./User/process.o
 .text.OD_readRGB12
                0x0000000000002d46       0x12 ./User/process.o
 .text.OD_readRGB13
                0x0000000000002d58       0x12 ./User/process.o
 .text.OD_readAIN_RPM
                0x0000000000002d6a       0x26 ./User/process.o
 .text.OD_readMenuMap
                0x0000000000002d90       0x2c ./User/process.o
 .text.OD_readRPMConfig
                0x0000000000002dbc       0x2a ./User/process.o
 .text.OD_readBar
                0x0000000000002de6       0x28 ./User/process.o
 .text.OD_readDashParam
                0x0000000000002e0e       0x4c ./User/process.o
 .text.OD_readSEG
                0x0000000000002e5a       0x34 ./User/process.o
 .text.vProceesInit
                0x0000000000002e8e      0x1ba ./User/process.o
                0x0000000000002e8e                vProceesInit
 .text.SystemInit
                0x0000000000003048       0xee ./User/system_ch32v20x.o
                0x0000000000003048                SystemInit
 .text.SystemCoreClockUpdate
                0x0000000000003136       0x92 ./User/system_ch32v20x.o
                0x0000000000003136                SystemCoreClockUpdate
 .text.StartDefaultTask
                0x00000000000031c8       0x86 ./User/system_init.o
 .text.vApplicationGetIdleTaskMemory
                0x000000000000324e       0x1c ./User/system_init.o
                0x000000000000324e                vApplicationGetIdleTaskMemory
 .text.vApplicationGetTimerTaskMemory
                0x000000000000326a       0x1c ./User/system_init.o
                0x000000000000326a                vApplicationGetTimerTaskMemory
 .text.vSystemStopProcess
                0x0000000000003286       0x1c ./User/system_init.o
                0x0000000000003286                vSystemStopProcess
 .text.vSYStaskInit
                0x00000000000032a2      0x100 ./User/system_init.o
                0x00000000000032a2                vSYStaskInit
 .text.vSYSqueueInit
                0x00000000000033a2       0x2a ./User/system_init.o
                0x00000000000033a2                vSYSqueueInit
 .text.vector_handler
                0x00000000000033cc       0x6c ./Startup/startup_ch32v20x_D6.o
                0x00000000000033d0                Ecall_M_Mode_Handler
                0x00000000000033d2                Ecall_U_Mode_Handler
                0x00000000000033d4                Break_Point_Handler
                0x00000000000033da                WWDG_IRQHandler
                0x00000000000033dc                PVD_IRQHandler
                0x00000000000033de                TAMPER_IRQHandler
                0x00000000000033e2                FLASH_IRQHandler
                0x00000000000033e4                RCC_IRQHandler
                0x00000000000033e6                EXTI0_IRQHandler
                0x00000000000033e8                EXTI1_IRQHandler
                0x00000000000033ea                EXTI2_IRQHandler
                0x00000000000033ec                EXTI3_IRQHandler
                0x00000000000033ee                EXTI4_IRQHandler
                0x00000000000033f2                DMA1_Channel2_IRQHandler
                0x00000000000033fa                DMA1_Channel6_IRQHandler
                0x00000000000033fe                ADC1_2_IRQHandler
                0x0000000000003408                EXTI9_5_IRQHandler
                0x000000000000340a                TIM1_BRK_IRQHandler
                0x000000000000340c                TIM1_UP_IRQHandler
                0x000000000000340e                TIM1_TRG_COM_IRQHandler
                0x0000000000003410                TIM1_CC_IRQHandler
                0x0000000000003412                TIM2_IRQHandler
                0x0000000000003414                TIM3_IRQHandler
                0x000000000000341c                I2C2_EV_IRQHandler
                0x000000000000341e                I2C2_ER_IRQHandler
                0x0000000000003420                SPI1_IRQHandler
                0x0000000000003422                SPI2_IRQHandler
                0x0000000000003424                USART1_IRQHandler
                0x0000000000003426                USART2_IRQHandler
                0x0000000000003428                USART3_IRQHandler
                0x000000000000342a                EXTI15_10_IRQHandler
                0x000000000000342c                RTCAlarm_IRQHandler
                0x000000000000342e                USBWakeUp_IRQHandler
                0x0000000000003430                USBHD_IRQHandler
                0x0000000000003432                USBHDWakeUp_IRQHandler
                0x0000000000003434                UART4_IRQHandler
                0x0000000000003436                DMA1_Channel8_IRQHandler
 .text.handle_reset
                0x0000000000003438       0x92 ./Startup/startup_ch32v20x_D6.o
                0x0000000000003438                handle_reset
 .text.ADC_Init
                0x00000000000034ca       0x56 ./Peripheral/src/ch32v20x_adc.o
                0x00000000000034ca                ADC_Init
 .text.ADC_Cmd  0x0000000000003520       0x10 ./Peripheral/src/ch32v20x_adc.o
                0x0000000000003520                ADC_Cmd
 .text.ADC_GetResetCalibrationStatus
                0x0000000000003530        0x8 ./Peripheral/src/ch32v20x_adc.o
                0x0000000000003530                ADC_GetResetCalibrationStatus
 .text.ADC_GetCalibrationStatus
                0x0000000000003538        0x8 ./Peripheral/src/ch32v20x_adc.o
                0x0000000000003538                ADC_GetCalibrationStatus
 .text.ADC_RegularChannelConfig
                0x0000000000003540       0xb8 ./Peripheral/src/ch32v20x_adc.o
                0x0000000000003540                ADC_RegularChannelConfig
 .text.ADC_ClearITPendingBit
                0x00000000000035f8        0xa ./Peripheral/src/ch32v20x_adc.o
                0x00000000000035f8                ADC_ClearITPendingBit
 .text.Get_CalibrationValue
                0x0000000000003602      0x1fe ./Peripheral/src/ch32v20x_adc.o
                0x0000000000003602                Get_CalibrationValue
 .text.DMA_Init
                0x0000000000003800       0x38 ./Peripheral/src/ch32v20x_dma.o
                0x0000000000003800                DMA_Init
 .text.DMA_Cmd  0x0000000000003838       0x14 ./Peripheral/src/ch32v20x_dma.o
                0x0000000000003838                DMA_Cmd
 .text.DMA_SetCurrDataCounter
                0x000000000000384c        0x4 ./Peripheral/src/ch32v20x_dma.o
                0x000000000000384c                DMA_SetCurrDataCounter
 .text.DMA_GetFlagStatus
                0x0000000000003850        0xe ./Peripheral/src/ch32v20x_dma.o
                0x0000000000003850                DMA_GetFlagStatus
 .text.DMA_GetITStatus
                0x000000000000385e        0xc ./Peripheral/src/ch32v20x_dma.o
                0x000000000000385e                DMA_GetITStatus
 .text.DMA_ClearITPendingBit
                0x000000000000386a        0x8 ./Peripheral/src/ch32v20x_dma.o
                0x000000000000386a                DMA_ClearITPendingBit
 .text.GPIO_Init
                0x0000000000003872       0xfa ./Peripheral/src/ch32v20x_gpio.o
                0x0000000000003872                GPIO_Init
 .text.GPIO_ReadInputDataBit
                0x000000000000396c       0x1e ./Peripheral/src/ch32v20x_gpio.o
                0x000000000000396c                GPIO_ReadInputDataBit
 .text.GPIO_SetBits
                0x000000000000398a       0x18 ./Peripheral/src/ch32v20x_gpio.o
                0x000000000000398a                GPIO_SetBits
 .text.GPIO_ResetBits
                0x00000000000039a2       0x18 ./Peripheral/src/ch32v20x_gpio.o
                0x00000000000039a2                GPIO_ResetBits
 .text.GPIO_PinRemapConfig
                0x00000000000039ba       0xf2 ./Peripheral/src/ch32v20x_gpio.o
                0x00000000000039ba                GPIO_PinRemapConfig
 .text.I2C_Init
                0x0000000000003aac       0xf2 ./Peripheral/src/ch32v20x_i2c.o
                0x0000000000003aac                I2C_Init
 .text.I2C_Send7bitAddress
                0x0000000000003b9e       0x12 ./Peripheral/src/ch32v20x_i2c.o
                0x0000000000003b9e                I2C_Send7bitAddress
 .text.I2C_CheckEvent
                0x0000000000003bb0       0x16 ./Peripheral/src/ch32v20x_i2c.o
                0x0000000000003bb0                I2C_CheckEvent
 .text.I2C_GetFlagStatus
                0x0000000000003bc6       0x32 ./Peripheral/src/ch32v20x_i2c.o
                0x0000000000003bc6                I2C_GetFlagStatus
 .text.I2C_ClearFlag
                0x0000000000003bf8        0xc ./Peripheral/src/ch32v20x_i2c.o
                0x0000000000003bf8                I2C_ClearFlag
 .text.NVIC_PriorityGroupConfig
                0x0000000000003c04        0xa ./Peripheral/src/ch32v20x_misc.o
                0x0000000000003c04                NVIC_PriorityGroupConfig
 .text.NVIC_Init
                0x0000000000003c0e       0xaa ./Peripheral/src/ch32v20x_misc.o
                0x0000000000003c0e                NVIC_Init
 .text.RCC_ADCCLKConfig
                0x0000000000003cb8       0x12 ./Peripheral/src/ch32v20x_rcc.o
                0x0000000000003cb8                RCC_ADCCLKConfig
 .text.RCC_LSEConfig
                0x0000000000003cca       0x28 ./Peripheral/src/ch32v20x_rcc.o
                0x0000000000003cca                RCC_LSEConfig
 .text.RCC_GetClocksFreq
                0x0000000000003cf2       0xbe ./Peripheral/src/ch32v20x_rcc.o
                0x0000000000003cf2                RCC_GetClocksFreq
 .text.RCC_APB2PeriphClockCmd
                0x0000000000003db0       0x1e ./Peripheral/src/ch32v20x_rcc.o
                0x0000000000003db0                RCC_APB2PeriphClockCmd
 .text.RCC_GetFlagStatus
                0x0000000000003dce       0x2e ./Peripheral/src/ch32v20x_rcc.o
                0x0000000000003dce                RCC_GetFlagStatus
 .text.RTC_EnterConfigMode
                0x0000000000003dfc       0x12 ./Peripheral/src/ch32v20x_rtc.o
                0x0000000000003dfc                RTC_EnterConfigMode
 .text.RTC_ExitConfigMode
                0x0000000000003e0e       0x18 ./Peripheral/src/ch32v20x_rtc.o
                0x0000000000003e0e                RTC_ExitConfigMode
 .text.RTC_SetPrescaler
                0x0000000000003e26       0x2e ./Peripheral/src/ch32v20x_rtc.o
                0x0000000000003e26                RTC_SetPrescaler
 .text.RTC_WaitForLastTask
                0x0000000000003e54       0x10 ./Peripheral/src/ch32v20x_rtc.o
                0x0000000000003e54                RTC_WaitForLastTask
 .text.RTC_WaitForSynchro
                0x0000000000003e64       0x24 ./Peripheral/src/ch32v20x_rtc.o
                0x0000000000003e64                RTC_WaitForSynchro
 .text.RTC_GetITStatus
                0x0000000000003e88       0x20 ./Peripheral/src/ch32v20x_rtc.o
                0x0000000000003e88                RTC_GetITStatus
 .text.TIM_OC1Init
                0x0000000000003ea8       0x6a ./Peripheral/src/ch32v20x_tim.o
                0x0000000000003ea8                TIM_OC1Init
 .text.TIM_OC2Init
                0x0000000000003f12       0x96 ./Peripheral/src/ch32v20x_tim.o
                0x0000000000003f12                TIM_OC2Init
 .text.TIM_OC3Init
                0x0000000000003fa8       0x94 ./Peripheral/src/ch32v20x_tim.o
                0x0000000000003fa8                TIM_OC3Init
 .text.TIM_OC4Init
                0x000000000000403c       0x6c ./Peripheral/src/ch32v20x_tim.o
                0x000000000000403c                TIM_OC4Init
 .text.TIM_OC1PreloadConfig
                0x00000000000040a8        0xe ./Peripheral/src/ch32v20x_tim.o
                0x00000000000040a8                TIM_OC1PreloadConfig
 .text.TIM_OC2PreloadConfig
                0x00000000000040b6       0x16 ./Peripheral/src/ch32v20x_tim.o
                0x00000000000040b6                TIM_OC2PreloadConfig
 .text.TIM_OC3PreloadConfig
                0x00000000000040cc        0xe ./Peripheral/src/ch32v20x_tim.o
                0x00000000000040cc                TIM_OC3PreloadConfig
 .text.TIM_OC4PreloadConfig
                0x00000000000040da       0x16 ./Peripheral/src/ch32v20x_tim.o
                0x00000000000040da                TIM_OC4PreloadConfig
 .text.TIM_GetITStatus
                0x00000000000040f0       0x18 ./Peripheral/src/ch32v20x_tim.o
                0x00000000000040f0                TIM_GetITStatus
 .text.USART_SendData
                0x0000000000004108        0x8 ./Peripheral/src/ch32v20x_usart.o
                0x0000000000004108                USART_SendData
 .text.USART_GetFlagStatus
                0x0000000000004110        0xa ./Peripheral/src/ch32v20x_usart.o
                0x0000000000004110                USART_GetFlagStatus
 .text.vAINInit
                0x000000000000411a       0x36 ./HWLIB/hw_lib_adc.o
                0x000000000000411a                vAINInit
 .text.fGetAinCalData
                0x0000000000004150       0xa4 ./HWLIB/hw_lib_adc.o
                0x0000000000004150                fGetAinCalData
 .text.eAinCalDataConfig
                0x00000000000041f4       0x48 ./HWLIB/hw_lib_adc.o
                0x00000000000041f4                eAinCalDataConfig
 .text.vABLineKoofFinde
                0x000000000000423c       0x6a ./HWLIB/hw_lib_adc.o
                0x000000000000423c                vABLineKoofFinde
 .text.eSetAinCalPoint
                0x00000000000042a6       0x64 ./HWLIB/hw_lib_adc.o
                0x00000000000042a6                eSetAinCalPoint
 .text.getADC1Buffer
                0x000000000000430a        0xa ./HWLIB/hw_lib_adc.o
                0x000000000000430a                getADC1Buffer
 .text.eDOUTConfigWtihStruct
                0x0000000000004314       0x1a ./HWLIB/hw_lib_din.o
                0x0000000000004314                eDOUTConfigWtihStruct
 .text.eDinConfigWtihStruct
                0x000000000000432e       0x34 ./HWLIB/hw_lib_din.o
                0x000000000000432e                eDinConfigWtihStruct
 .text.uGetDIN  0x0000000000004362       0x14 ./HWLIB/hw_lib_din.o
                0x0000000000004362                uGetDIN
 .text.eRPMConfig
                0x0000000000004376       0x56 ./HWLIB/hw_lib_din.o
                0x0000000000004376                eRPMConfig
 .text.RMPDataConvert
                0x00000000000043cc       0x78 ./HWLIB/hw_lib_din.o
                0x00000000000043cc                RMPDataConvert
 .text.getCaputreBuffer
                0x0000000000004444       0x16 ./HWLIB/hw_lib_din.o
                0x0000000000004444                getCaputreBuffer
 .text.GetRPM   0x000000000000445a       0x74 ./HWLIB/hw_lib_din.o
                0x000000000000445a                GetRPM
 .text.xGetRPM  0x00000000000044ce       0x72 ./HWLIB/hw_lib_din.o
                0x00000000000044ce                xGetRPM
 .text.vDinDoutProcess
                0x0000000000004540       0x98 ./HWLIB/hw_lib_din.o
                0x0000000000004540                vDinDoutProcess
 .text.xGetEEPROM
                0x00000000000045d8        0xa ./HWLIB/hw_lib_eeprom.o
                0x00000000000045d8                xGetEEPROM
 .text.eEEPROMWrFast
                0x00000000000045e2       0x98 ./HWLIB/hw_lib_eeprom.o
                0x00000000000045e2                eEEPROMWrFast
 .text.eEEPROMWr
                0x000000000000467a       0xae ./HWLIB/hw_lib_eeprom.o
                0x000000000000467a                eEEPROMWr
 .text.eEEPROMRd
                0x0000000000004728       0x34 ./HWLIB/hw_lib_eeprom.o
                0x0000000000004728                eEEPROMRd
 .text.bReadEEPROM
                0x000000000000475c       0x1a ./HWLIB/hw_lib_eeprom.o
                0x000000000000475c                bReadEEPROM
 .text.Get_ConversionVal
                0x0000000000004776       0x2e ./HAL/hal_adc.o
                0x0000000000004776                Get_ConversionVal
 .text.ADC_Enable_and_Start
                0x00000000000047a4       0x1e ./HAL/hal_adc.o
                0x00000000000047a4                ADC_Enable_and_Start
 .text.ADC_Clear_Pending_and_DMA_EN
                0x00000000000047c2       0x22 ./HAL/hal_adc.o
                0x00000000000047c2                ADC_Clear_Pending_and_DMA_EN
 .text.HAL_ADC_CommonConfig
                0x00000000000047e4        0xe ./HAL/hal_adc.o
                0x00000000000047e4                HAL_ADC_CommonConfig
 .text.HAL_ADC_ContiniusScanCinvertionDMA
                0x00000000000047f2      0x100 ./HAL/hal_adc.o
                0x00000000000047f2                HAL_ADC_ContiniusScanCinvertionDMA
 .text.HAL_CANSetTXCallback
                0x00000000000048f2        0xa ./HAL/hal_can.o
                0x00000000000048f2                HAL_CANSetTXCallback
 .text.HAL_CANSetRXCallback
                0x00000000000048fc        0xa ./HAL/hal_can.o
                0x00000000000048fc                HAL_CANSetRXCallback
 .text.HAL_CANSetERRCallback
                0x0000000000004906        0xa ./HAL/hal_can.o
                0x0000000000004906                HAL_CANSetERRCallback
 .text.HAL_CANIntIT
                0x0000000000004910      0x14a ./HAL/hal_can.o
                0x0000000000004910                HAL_CANIntIT
 .text.HAL_CANToInitMode
                0x0000000000004a5a       0x30 ./HAL/hal_can.o
                0x0000000000004a5a                HAL_CANToInitMode
 .text.HAL_CANToOperatingMode
                0x0000000000004a8a       0x26 ./HAL/hal_can.o
                0x0000000000004a8a                HAL_CANToOperatingMode
 .text.HAL_CANSend
                0x0000000000004ab0       0xae ./HAL/hal_can.o
                0x0000000000004ab0                HAL_CANSend
 .text.HAL_CANSetFiters
                0x0000000000004b5e       0xc4 ./HAL/hal_can.o
                0x0000000000004b5e                HAL_CANSetFiters
 .text.HAL_CANGetRXMessage
                0x0000000000004c22       0xae ./HAL/hal_can.o
                0x0000000000004c22                HAL_CANGetRXMessage
 .text.USB_HP_CAN1_TX_IRQHandler
                0x0000000000004cd0       0x60 ./HAL/hal_can.o
                0x0000000000004cd0                USB_HP_CAN1_TX_IRQHandler
 .text.USB_LP_CAN1_RX0_IRQHandler
                0x0000000000004d30       0x5e ./HAL/hal_can.o
                0x0000000000004d30                USB_LP_CAN1_RX0_IRQHandler
 .text.CAN1_RX1_IRQHandler
                0x0000000000004d8e       0x5e ./HAL/hal_can.o
                0x0000000000004d8e                CAN1_RX1_IRQHandler
 .text.CAN1_SCE_IRQHandler
                0x0000000000004dec       0x5c ./HAL/hal_can.o
                0x0000000000004dec                CAN1_SCE_IRQHandler
 .text.DMA_IRQ  0x0000000000004e48       0x3a ./HAL/hal_dma.o
 .text.HAL_DMA_Disable
                0x0000000000004e82        0xc ./HAL/hal_dma.o
                0x0000000000004e82                HAL_DMA_Disable
 .text.HAL_DMA_SetCouterAndEnable
                0x0000000000004e8e        0xc ./HAL/hal_dma.o
                0x0000000000004e8e                HAL_DMA_SetCouterAndEnable
 .text.HAL_DMAInitIT
                0x0000000000004e9a      0x10c ./HAL/hal_dma.o
                0x0000000000004e9a                HAL_DMAInitIT
 .text.HAL_ADC_StartDMA
                0x0000000000004fa6       0x3c ./HAL/hal_dma.o
                0x0000000000004fa6                HAL_ADC_StartDMA
 .text.DMA1_Channel1_IRQHandler
                0x0000000000004fe2       0x4e ./HAL/hal_dma.o
                0x0000000000004fe2                DMA1_Channel1_IRQHandler
 .text.DMA1_Channel3_IRQHandler
                0x0000000000005030       0x4e ./HAL/hal_dma.o
                0x0000000000005030                DMA1_Channel3_IRQHandler
 .text.DMA1_Channel4_IRQHandler
                0x000000000000507e       0x4e ./HAL/hal_dma.o
                0x000000000000507e                DMA1_Channel4_IRQHandler
 .text.DMA1_Channel5_IRQHandler
                0x00000000000050cc       0x4e ./HAL/hal_dma.o
                0x00000000000050cc                DMA1_Channel5_IRQHandler
 .text.DMA1_Channel7_IRQHandler
                0x000000000000511a       0x4e ./HAL/hal_dma.o
                0x000000000000511a                DMA1_Channel7_IRQHandler
 .text.HAL_InitRCC
                0x0000000000005168       0x48 ./HAL/hal_gpio.o
 .text.HAL_InitGpioOut
                0x00000000000051b0       0x28 ./HAL/hal_gpio.o
                0x00000000000051b0                HAL_InitGpioOut
 .text.HAL_InitGpioAIN
                0x00000000000051d8       0x26 ./HAL/hal_gpio.o
                0x00000000000051d8                HAL_InitGpioAIN
 .text.HAL_InitGpioIn
                0x00000000000051fe       0x28 ./HAL/hal_gpio.o
                0x00000000000051fe                HAL_InitGpioIn
 .text.HAL_InitGpioAF
                0x0000000000005226       0x3c ./HAL/hal_gpio.o
                0x0000000000005226                HAL_InitGpioAF
 .text.HAL_GetBit
                0x0000000000005262        0xc ./HAL/hal_gpio.o
                0x0000000000005262                HAL_GetBit
 .text.HAL_SetBit
                0x000000000000526e        0xc ./HAL/hal_gpio.o
                0x000000000000526e                HAL_SetBit
 .text.HAL_ResetBit
                0x000000000000527a        0xc ./HAL/hal_gpio.o
                0x000000000000527a                HAL_ResetBit
 .text.EEPROM_I2C_ENABLE
                0x0000000000005286       0x14 ./HAL/hal_i2c.o
 .text.EEPROM_I2C_STOP
                0x000000000000529a       0x14 ./HAL/hal_i2c.o
 .text.EEPROM_I2C_SEND
                0x00000000000052ae        0xe ./HAL/hal_i2c.o
 .text.EEPROM_I2C_START
                0x00000000000052bc       0x14 ./HAL/hal_i2c.o
 .text.I2C_Master_TransmitFast
                0x00000000000052d0       0xcc ./HAL/hal_i2c.o
 .text.I2C_FSM  0x000000000000539c      0x18c ./HAL/hal_i2c.o
 .text.I2C_Master_ReviceIT
                0x0000000000005528       0x9c ./HAL/hal_i2c.o
 .text.I2C_Master_TransmitIT
                0x00000000000055c4       0x8e ./HAL/hal_i2c.o
 .text.InitI2CDMA
                0x0000000000005652      0x112 ./HAL/hal_i2c.o
                0x0000000000005652                InitI2CDMA
 .text.I2C1_EV_IRQHandler
                0x0000000000005764       0x4c ./HAL/hal_i2c.o
                0x0000000000005764                I2C1_EV_IRQHandler
 .text.I2C1_ER_IRQHandler
                0x00000000000057b0       0x4c ./HAL/hal_i2c.o
                0x00000000000057b0                I2C1_ER_IRQHandler
 .text.HAL_RTC_IT_Init
                0x00000000000057fc       0xce ./HAL/hal_rtc.o
                0x00000000000057fc                HAL_RTC_IT_Init
 .text.RTC_IRQHandler
                0x00000000000058ca       0x78 ./HAL/hal_rtc.o
                0x00000000000058ca                RTC_IRQHandler
 .text.HAL_SPI_InitDMA
                0x0000000000005942       0x86 ./HAL/hal_spi.o
                0x0000000000005942                HAL_SPI_InitDMA
 .text.HAL_SPI_RXOveleyClear
                0x00000000000059c8       0x12 ./HAL/hal_spi.o
                0x00000000000059c8                HAL_SPI_RXOveleyClear
 .text.HAL_SPI_GetBusy
                0x00000000000059da       0x10 ./HAL/hal_spi.o
                0x00000000000059da                HAL_SPI_GetBusy
 .text.vTimerInitRCC
                0x00000000000059ea       0xa2 ./HAL/hal_timers.o
 .text.TIM4_IRQHandler
                0x0000000000005a8c       0x70 ./HAL/hal_timers.o
                0x0000000000005a8c                TIM4_IRQHandler
 .text.HAL_TiemrEneblae
                0x0000000000005afc       0x16 ./HAL/hal_timers.o
                0x0000000000005afc                HAL_TiemrEneblae
 .text.HAL_TiemrDisable
                0x0000000000005b12       0x1c ./HAL/hal_timers.o
                0x0000000000005b12                HAL_TiemrDisable
 .text.HW_TIMER_BaseTimerInit
                0x0000000000005b2e       0x54 ./HAL/hal_timers.o
                0x0000000000005b2e                HW_TIMER_BaseTimerInit
 .text.HAL_TIMER_InitIt
                0x0000000000005b82       0x9e ./HAL/hal_timers.o
                0x0000000000005b82                HAL_TIMER_InitIt
 .text.HAL_TIMER_PWMTimersInit
                0x0000000000005c20       0xe6 ./HAL/hal_timers.o
                0x0000000000005c20                HAL_TIMER_PWMTimersInit
 .text.HAL_TimeInitCaptureDMA
                0x0000000000005d06      0x112 ./HAL/hal_timers.o
                0x0000000000005d06                HAL_TimeInitCaptureDMA
 .text.HAL_TIMER_DisablePWMCH
                0x0000000000005e18       0x1a ./HAL/hal_timers.o
                0x0000000000005e18                HAL_TIMER_DisablePWMCH
 .text.HAL_TIMER_SetPWMPulse
                0x0000000000005e32       0x86 ./HAL/hal_timers.o
                0x0000000000005e32                HAL_TIMER_SetPWMPulse
 .text.HAL_TIMER_EnablePWMCH
                0x0000000000005eb8       0x1a ./HAL/hal_timers.o
                0x0000000000005eb8                HAL_TIMER_EnablePWMCH
 .text.HAL_WDTReset
                0x0000000000005ed2        0xe ./HAL/hal_wdt.o
                0x0000000000005ed2                HAL_WDTReset
 .text.HAL_WDT_Init1s
                0x0000000000005ee0       0x28 ./HAL/hal_wdt.o
                0x0000000000005ee0                HAL_WDT_Init1s
 .text.prvInsertBlockIntoFreeList
                0x0000000000005f08       0x48 ./FreeRTOS/portable/MemMang/heap_4.o
 .text.pvPortMalloc
                0x0000000000005f50      0x176 ./FreeRTOS/portable/MemMang/heap_4.o
                0x0000000000005f50                pvPortMalloc
 .text.vPortFree
                0x00000000000060c6       0xa4 ./FreeRTOS/portable/MemMang/heap_4.o
                0x00000000000060c6                vPortFree
 .text.vPortSetupTimerInterrupt
                0x000000000000616a       0x3e ./FreeRTOS/portable/GCC/RISC-V/port.o
                0x000000000000616a                vPortSetupTimerInterrupt
 .text.xPortStartScheduler
                0x00000000000061a8       0x90 ./FreeRTOS/portable/GCC/RISC-V/port.o
                0x00000000000061a8                xPortStartScheduler
 .text.SysTick_Handler
                0x0000000000006238       0x7c ./FreeRTOS/portable/GCC/RISC-V/port.o
                0x0000000000006238                SysTick_Handler
 .text.vPortEnterCritical
                0x00000000000062b4       0x16 ./FreeRTOS/portable/GCC/RISC-V/port.o
                0x00000000000062b4                vPortEnterCritical
 .text.vPortExitCritical
                0x00000000000062ca       0x42 ./FreeRTOS/portable/GCC/RISC-V/port.o
                0x00000000000062ca                vPortExitCritical
 .text.xPortSetInterruptMask
                0x000000000000630c        0xc ./FreeRTOS/portable/GCC/RISC-V/port.o
                0x000000000000630c                xPortSetInterruptMask
 .text.vPortClearInterruptMask
                0x0000000000006318        0x6 ./FreeRTOS/portable/GCC/RISC-V/port.o
                0x0000000000006318                vPortClearInterruptMask
 .text.vListInitialise
                0x000000000000631e       0x14 ./FreeRTOS/list.o
                0x000000000000631e                vListInitialise
 .text.vListInitialiseItem
                0x0000000000006332        0x6 ./FreeRTOS/list.o
                0x0000000000006332                vListInitialiseItem
 .text.vListInsertEnd
                0x0000000000006338       0x18 ./FreeRTOS/list.o
                0x0000000000006338                vListInsertEnd
 .text.vListInsert
                0x0000000000006350       0x2e ./FreeRTOS/list.o
                0x0000000000006350                vListInsert
 .text.uxListRemove
                0x000000000000637e       0x20 ./FreeRTOS/list.o
                0x000000000000637e                uxListRemove
 .text.prvIsQueueEmpty
                0x000000000000639e       0x1e ./FreeRTOS/queue.o
 .text.prvCopyDataToQueue
                0x00000000000063bc       0x72 ./FreeRTOS/queue.o
 .text.prvCopyDataFromQueue
                0x000000000000642e       0x28 ./FreeRTOS/queue.o
 .text.prvUnlockQueue
                0x0000000000006456       0x76 ./FreeRTOS/queue.o
 .text.xQueueGenericReset
                0x00000000000064cc       0xc4 ./FreeRTOS/queue.o
                0x00000000000064cc                xQueueGenericReset
 .text.xQueueGenericCreateStatic
                0x0000000000006590       0xae ./FreeRTOS/queue.o
                0x0000000000006590                xQueueGenericCreateStatic
 .text.xQueueGenericCreate
                0x000000000000663e       0x72 ./FreeRTOS/queue.o
                0x000000000000663e                xQueueGenericCreate
 .text.xQueueGenericSend
                0x00000000000066b0      0x1a8 ./FreeRTOS/queue.o
                0x00000000000066b0                xQueueGenericSend
 .text.xQueueGiveMutexRecursive
                0x0000000000006858       0x56 ./FreeRTOS/queue.o
                0x0000000000006858                xQueueGiveMutexRecursive
 .text.xQueueCreateMutex
                0x00000000000068ae       0x2e ./FreeRTOS/queue.o
                0x00000000000068ae                xQueueCreateMutex
 .text.xQueueReceive
                0x00000000000068dc      0x166 ./FreeRTOS/queue.o
                0x00000000000068dc                xQueueReceive
 .text.xQueueSemaphoreTake
                0x0000000000006a42      0x1be ./FreeRTOS/queue.o
                0x0000000000006a42                xQueueSemaphoreTake
 .text.xQueueTakeMutexRecursive
                0x0000000000006c00       0x5a ./FreeRTOS/queue.o
                0x0000000000006c00                xQueueTakeMutexRecursive
 .text.uxQueueMessagesWaiting
                0x0000000000006c5a       0x44 ./FreeRTOS/queue.o
                0x0000000000006c5a                uxQueueMessagesWaiting
 .text.vQueueAddToRegistry
                0x0000000000006c9e       0x6c ./FreeRTOS/queue.o
                0x0000000000006c9e                vQueueAddToRegistry
 .text.vQueueWaitForMessageRestricted
                0x0000000000006d0a       0x5c ./FreeRTOS/queue.o
                0x0000000000006d0a                vQueueWaitForMessageRestricted
 .text.prvIdleTask
                0x0000000000006d66        0x2 ./FreeRTOS/tasks.o
 .text.prvAddNewTaskToReadyList
                0x0000000000006d68       0xf6 ./FreeRTOS/tasks.o
 .text.prvResetNextTaskUnblockTime
                0x0000000000006e5e       0x1c ./FreeRTOS/tasks.o
 .text.prvTaskIsTaskSuspended
                0x0000000000006e7a       0x50 ./FreeRTOS/tasks.o
 .text.prvInitialiseNewTask.isra.2
                0x0000000000006eca       0xc8 ./FreeRTOS/tasks.o
 .text.prvAddCurrentTaskToDelayedList
                0x0000000000006f92       0x98 ./FreeRTOS/tasks.o
 .text.xTaskCreateStatic
                0x000000000000702a       0xa6 ./FreeRTOS/tasks.o
                0x000000000000702a                xTaskCreateStatic
 .text.vTaskResume
                0x00000000000070d0       0xa2 ./FreeRTOS/tasks.o
                0x00000000000070d0                vTaskResume
 .text.vTaskStartScheduler
                0x0000000000007172       0x90 ./FreeRTOS/tasks.o
                0x0000000000007172                vTaskStartScheduler
 .text.vTaskSuspendAll
                0x0000000000007202        0xc ./FreeRTOS/tasks.o
                0x0000000000007202                vTaskSuspendAll
 .text.xTaskGetTickCount
                0x000000000000720e        0x6 ./FreeRTOS/tasks.o
                0x000000000000720e                xTaskGetTickCount
 .text.xTaskIncrementTick
                0x0000000000007214      0x180 ./FreeRTOS/tasks.o
                0x0000000000007214                xTaskIncrementTick
 .text.xTaskResumeAll
                0x0000000000007394      0x148 ./FreeRTOS/tasks.o
                0x0000000000007394                xTaskResumeAll
 .text.vTaskDelay
                0x00000000000074dc       0x62 ./FreeRTOS/tasks.o
                0x00000000000074dc                vTaskDelay
 .text.vTaskSwitchContext
                0x000000000000753e       0x8a ./FreeRTOS/tasks.o
                0x000000000000753e                vTaskSwitchContext
 .text.vTaskSuspend
                0x00000000000075c8       0xde ./FreeRTOS/tasks.o
                0x00000000000075c8                vTaskSuspend
 .text.vTaskPlaceOnEventList
                0x00000000000076a6       0x44 ./FreeRTOS/tasks.o
                0x00000000000076a6                vTaskPlaceOnEventList
 .text.vTaskPlaceOnEventListRestricted
                0x00000000000076ea       0x72 ./FreeRTOS/tasks.o
                0x00000000000076ea                vTaskPlaceOnEventListRestricted
 .text.xTaskRemoveFromEventList
                0x000000000000775c       0xdc ./FreeRTOS/tasks.o
                0x000000000000775c                xTaskRemoveFromEventList
 .text.vTaskInternalSetTimeOutState
                0x0000000000007838        0xe ./FreeRTOS/tasks.o
                0x0000000000007838                vTaskInternalSetTimeOutState
 .text.xTaskCheckForTimeOut
                0x0000000000007846       0xaa ./FreeRTOS/tasks.o
                0x0000000000007846                xTaskCheckForTimeOut
 .text.vTaskMissedYield
                0x00000000000078f0        0x8 ./FreeRTOS/tasks.o
                0x00000000000078f0                vTaskMissedYield
 .text.xTaskGetCurrentTaskHandle
                0x00000000000078f8        0x6 ./FreeRTOS/tasks.o
                0x00000000000078f8                xTaskGetCurrentTaskHandle
 .text.xTaskGetSchedulerState
                0x00000000000078fe       0x14 ./FreeRTOS/tasks.o
                0x00000000000078fe                xTaskGetSchedulerState
 .text.xTaskPriorityInherit
                0x0000000000007912       0xa6 ./FreeRTOS/tasks.o
                0x0000000000007912                xTaskPriorityInherit
 .text.xTaskPriorityDisinherit
                0x00000000000079b8       0xc2 ./FreeRTOS/tasks.o
                0x00000000000079b8                xTaskPriorityDisinherit
 .text.vTaskPriorityDisinheritAfterTimeout
                0x0000000000007a7a       0xde ./FreeRTOS/tasks.o
                0x0000000000007a7a                vTaskPriorityDisinheritAfterTimeout
 .text.pvTaskIncrementMutexHeldCount
                0x0000000000007b58       0x18 ./FreeRTOS/tasks.o
                0x0000000000007b58                pvTaskIncrementMutexHeldCount
 .text.ulTaskGenericNotifyTake
                0x0000000000007b70       0xb4 ./FreeRTOS/tasks.o
                0x0000000000007b70                ulTaskGenericNotifyTake
 .text.xTaskGenericNotifyWait
                0x0000000000007c24       0xe2 ./FreeRTOS/tasks.o
                0x0000000000007c24                xTaskGenericNotifyWait
 .text.xTaskGenericNotify
                0x0000000000007d06      0x1a8 ./FreeRTOS/tasks.o
                0x0000000000007d06                xTaskGenericNotify
 .text.xTaskGenericNotifyFromISR
                0x0000000000007eae      0x1e0 ./FreeRTOS/tasks.o
                0x0000000000007eae                xTaskGenericNotifyFromISR
 .text.ulTaskGenericNotifyValueClear
                0x000000000000808e       0x3a ./FreeRTOS/tasks.o
                0x000000000000808e                ulTaskGenericNotifyValueClear
 .text.prvCheckForValidListAndQueue
                0x00000000000080c8       0x6a ./FreeRTOS/timers.o
 .text.prvInsertTimerInActiveList
                0x0000000000008132       0x3e ./FreeRTOS/timers.o
 .text.prvReloadTimer
                0x0000000000008170       0x2a ./FreeRTOS/timers.o
 .text.prvProcessExpiredTimer
                0x000000000000819a       0x42 ./FreeRTOS/timers.o
 .text.prvSwitchTimerLists
                0x00000000000081dc       0x28 ./FreeRTOS/timers.o
 .text.prvTimerTask
                0x0000000000008204      0x188 ./FreeRTOS/timers.o
 .text.xTimerCreateTimerTask
                0x000000000000838c       0x6e ./FreeRTOS/timers.o
                0x000000000000838c                xTimerCreateTimerTask
 .text.vRCFilter
                0x00000000000083fa       0x30 ./Drivers/filters.o
                0x00000000000083fa                vRCFilter
 .text.vInitABFilter
                0x000000000000842a       0x22 ./Drivers/filters.o
                0x000000000000842a                vInitABFilter
 .text.vInitRunAverga
                0x000000000000844c        0x8 ./Drivers/filters.o
                0x000000000000844c                vInitRunAverga
 .text.vInitMedianFilter
                0x0000000000008454       0x12 ./Drivers/filters.o
                0x0000000000008454                vInitMedianFilter
 .text.MedianFilter
                0x0000000000008466       0x6e ./Drivers/filters.o
                0x0000000000008466                MedianFilter
 .text.Delay_Init
                0x00000000000084d4       0x2a ./Debug/debug.o
                0x00000000000084d4                Delay_Init
 .text.Delay_Ms
                0x00000000000084fe       0x36 ./Debug/debug.o
                0x00000000000084fe                Delay_Ms
 .text._write   0x0000000000008534       0x3e ./Debug/debug.o
                0x0000000000008534                _write
 .text._sbrk    0x0000000000008572       0x2a ./Debug/debug.o
                0x0000000000008572                _sbrk
 .text.prv_read_can_received_msg
                0x000000000000859c       0x50 ./CANopenNode/keypad/CO_driver_ST32F103.o
                0x000000000000859c                prv_read_can_received_msg
 .text.prv_send_can_message.isra.0
                0x00000000000085ec       0x2c ./CANopenNode/keypad/CO_driver_ST32F103.o
 .text.CAN_SendMessage
                0x0000000000008618       0x66 ./CANopenNode/keypad/CO_driver_ST32F103.o
                0x0000000000008618                CAN_SendMessage
 .text.co_drv_create_os_objects
                0x000000000000867e       0x30 ./CANopenNode/keypad/CO_driver_ST32F103.o
                0x000000000000867e                co_drv_create_os_objects
 .text.co_drv_mutex_lock
                0x00000000000086ae       0x18 ./CANopenNode/keypad/CO_driver_ST32F103.o
                0x00000000000086ae                co_drv_mutex_lock
 .text.co_drv_mutex_unlock
                0x00000000000086c6       0x16 ./CANopenNode/keypad/CO_driver_ST32F103.o
                0x00000000000086c6                co_drv_mutex_unlock
 .text.CO_CANsetConfigurationMode
                0x00000000000086dc       0x10 ./CANopenNode/keypad/CO_driver_ST32F103.o
                0x00000000000086dc                CO_CANsetConfigurationMode
 .text.CO_CANsetNormalMode
                0x00000000000086ec       0x1c ./CANopenNode/keypad/CO_driver_ST32F103.o
                0x00000000000086ec                CO_CANsetNormalMode
 .text.CO_CANmodule_init
                0x0000000000008708      0x110 ./CANopenNode/keypad/CO_driver_ST32F103.o
                0x0000000000008708                CO_CANmodule_init
 .text.CO_CANmodule_disable
                0x0000000000008818       0x14 ./CANopenNode/keypad/CO_driver_ST32F103.o
                0x0000000000008818                CO_CANmodule_disable
 .text.CO_CANrxBufferInit
                0x000000000000882c       0x52 ./CANopenNode/keypad/CO_driver_ST32F103.o
                0x000000000000882c                CO_CANrxBufferInit
 .text.CO_CANtxBufferInit
                0x000000000000887e       0x3a ./CANopenNode/keypad/CO_driver_ST32F103.o
                0x000000000000887e                CO_CANtxBufferInit
 .text.CO_CANmodule_process
                0x00000000000088b8       0x12 ./CANopenNode/keypad/CO_driver_ST32F103.o
                0x00000000000088b8                CO_CANmodule_process
 .text.CO_CANsend
                0x00000000000088ca       0x46 ./CANopenNode/keypad/CO_driver_ST32F103.o
                0x00000000000088ca                CO_CANsend
 .text.CO_LSSslave_receive
                0x0000000000008910      0x1a8 ./CANopenNode/305/CO_LSSslave.o
 .text.CO_LSSslave_init
                0x0000000000008ab8       0xa4 ./CANopenNode/305/CO_LSSslave.o
                0x0000000000008ab8                CO_LSSslave_init
 .text.CO_LSSslave_process
                0x0000000000008b5c      0x1a2 ./CANopenNode/305/CO_LSSslave.o
                0x0000000000008b5c                CO_LSSslave_process
 .text.OD_write_1003
                0x0000000000008cfe       0x28 ./CANopenNode/301/CO_Emergency.o
 .text.OD_read_1003
                0x0000000000008d26       0x8c ./CANopenNode/301/CO_Emergency.o
 .text.OD_read_1014_default
                0x0000000000008db2       0x50 ./CANopenNode/301/CO_Emergency.o
 .text.CO_EM_init
                0x0000000000008e02      0x112 ./CANopenNode/301/CO_Emergency.o
                0x0000000000008e02                CO_EM_init
 .text.CO_error
                0x0000000000008f14       0xc4 ./CANopenNode/301/CO_Emergency.o
                0x0000000000008f14                CO_error
 .text.CO_EM_process
                0x0000000000008fd8      0x182 ./CANopenNode/301/CO_Emergency.o
                0x0000000000008fd8                CO_EM_process
 .text.CO_NMT_receive
                0x000000000000915a       0x18 ./CANopenNode/301/CO_NMT_Heartbeat.o
 .text.OD_write_1017
                0x0000000000009172       0x48 ./CANopenNode/301/CO_NMT_Heartbeat.o
 .text.CO_NMT_init
                0x00000000000091ba       0xec ./CANopenNode/301/CO_NMT_Heartbeat.o
                0x00000000000091ba                CO_NMT_init
 .text.CO_NMT_process
                0x00000000000092a6      0x106 ./CANopenNode/301/CO_NMT_Heartbeat.o
                0x00000000000092a6                CO_NMT_process
 .text.OD_readDisabled
                0x00000000000093ac        0x4 ./CANopenNode/301/CO_ODinterface.o
 .text.OD_readOriginal
                0x00000000000093b0       0x50 ./CANopenNode/301/CO_ODinterface.o
                0x00000000000093b0                OD_readOriginal
 .text.OD_writeOriginal
                0x0000000000009400       0x54 ./CANopenNode/301/CO_ODinterface.o
                0x0000000000009400                OD_writeOriginal
 .text.OD_writeDisabled
                0x0000000000009454        0x4 ./CANopenNode/301/CO_ODinterface.o
 .text.OD_find  0x0000000000009458       0x70 ./CANopenNode/301/CO_ODinterface.o
                0x0000000000009458                OD_find
 .text.OD_getSub
                0x00000000000094c8       0xf6 ./CANopenNode/301/CO_ODinterface.o
                0x00000000000094c8                OD_getSub
 .text.OD_getSDOabCode
                0x00000000000095be       0x20 ./CANopenNode/301/CO_ODinterface.o
                0x00000000000095be                OD_getSDOabCode
 .text.OD_get_value
                0x00000000000095de       0x34 ./CANopenNode/301/CO_ODinterface.o
                0x00000000000095de                OD_get_value
 .text.OD_set_value
                0x0000000000009612       0x2e ./CANopenNode/301/CO_ODinterface.o
                0x0000000000009612                OD_set_value
 .text.OD_getPtr
                0x0000000000009640       0x3c ./CANopenNode/301/CO_ODinterface.o
                0x0000000000009640                OD_getPtr
 .text.OD_write_dummy
                0x000000000000967c        0x8 ./CANopenNode/301/CO_PDO.o
 .text.OD_read_dummy
                0x0000000000009684       0x2e ./CANopenNode/301/CO_PDO.o
 .text.PDOconfigMap
                0x00000000000096b2      0x100 ./CANopenNode/301/CO_PDO.o
 .text.CO_PDO_receive
                0x00000000000097b2       0x48 ./CANopenNode/301/CO_PDO.o
 .text.OD_read_PDO_commParam
                0x00000000000097fa       0x70 ./CANopenNode/301/CO_PDO.o
 .text.PDO_initMapping.constprop.3
                0x000000000000986a       0xe6 ./CANopenNode/301/CO_PDO.o
 .text.OD_write_PDO_mapping
                0x0000000000009950       0xb4 ./CANopenNode/301/CO_PDO.o
 .text.OD_write_18xx
                0x0000000000009a04      0x184 ./CANopenNode/301/CO_PDO.o
 .text.OD_write_14xx
                0x0000000000009b88      0x15a ./CANopenNode/301/CO_PDO.o
 .text.CO_RPDO_init
                0x0000000000009ce2      0x172 ./CANopenNode/301/CO_PDO.o
                0x0000000000009ce2                CO_RPDO_init
 .text.CO_RPDO_process
                0x0000000000009e54      0x114 ./CANopenNode/301/CO_PDO.o
                0x0000000000009e54                CO_RPDO_process
 .text.CO_TPDO_init
                0x0000000000009f68      0x1d2 ./CANopenNode/301/CO_PDO.o
                0x0000000000009f68                CO_TPDO_init
 .text.CO_TPDO_process
                0x000000000000a13a      0x15e ./CANopenNode/301/CO_PDO.o
                0x000000000000a13a                CO_TPDO_process
 .text.CO_SDOserver_init_canRxTx
                0x000000000000a298       0x82 ./CANopenNode/301/CO_SDOserver.o
 .text.CO_SDO_receive
                0x000000000000a31a       0x38 ./CANopenNode/301/CO_SDOserver.o
 .text.readFromOd.isra.1.constprop.5
                0x000000000000a352       0xe2 ./CANopenNode/301/CO_SDOserver.o
 .text.OD_write_1201_additional
                0x000000000000a434      0x158 ./CANopenNode/301/CO_SDOserver.o
 .text.CO_SDOserver_init
                0x000000000000a58c      0x172 ./CANopenNode/301/CO_SDOserver.o
                0x000000000000a58c                CO_SDOserver_init
 .text.CO_SDOserver_process
                0x000000000000a6fe      0x5e8 ./CANopenNode/301/CO_SDOserver.o
                0x000000000000a6fe                CO_SDOserver_process
 .text.CO_delete
                0x000000000000ace6       0x56 ./CANopenNode/CANopen.o
                0x000000000000ace6                CO_delete
 .text.CO_new   0x000000000000ad3c      0x102 ./CANopenNode/CANopen.o
                0x000000000000ad3c                CO_new
 .text.CO_CANinit
                0x000000000000ae3e       0x36 ./CANopenNode/CANopen.o
                0x000000000000ae3e                CO_CANinit
 .text.CO_LSSinit
                0x000000000000ae74       0x32 ./CANopenNode/CANopen.o
                0x000000000000ae74                CO_LSSinit
 .text.CO_CANopenInit
                0x000000000000aea6       0xb8 ./CANopenNode/CANopen.o
                0x000000000000aea6                CO_CANopenInit
 .text.CO_CANopenInitPDO
                0x000000000000af5e       0xea ./CANopenNode/CANopen.o
                0x000000000000af5e                CO_CANopenInitPDO
 .text.CO_process
                0x000000000000b048       0x7e ./CANopenNode/CANopen.o
                0x000000000000b048                CO_process
 .text.CO_process_RPDO
                0x000000000000b0c6       0x40 ./CANopenNode/CANopen.o
                0x000000000000b0c6                CO_process_RPDO
 .text.CO_process_TPDO
                0x000000000000b106       0x40 ./CANopenNode/CANopen.o
                0x000000000000b106                CO_process_TPDO
 .text.__addsf3
                0x000000000000b146      0x36a c:/mounriver/mounriver_studio/toolchain/risc-v embedded gcc/bin/../lib/gcc/riscv-none-embed/8.2.0/rv32imacxw/ilp32\libgcc.a(addsf3.o)
                0x000000000000b146                __addsf3
 .text.__divsf3
                0x000000000000b4b0      0x2b2 c:/mounriver/mounriver_studio/toolchain/risc-v embedded gcc/bin/../lib/gcc/riscv-none-embed/8.2.0/rv32imacxw/ilp32\libgcc.a(divsf3.o)
                0x000000000000b4b0                __divsf3
 .text.__gesf2  0x000000000000b762       0x86 c:/mounriver/mounriver_studio/toolchain/risc-v embedded gcc/bin/../lib/gcc/riscv-none-embed/8.2.0/rv32imacxw/ilp32\libgcc.a(gesf2.o)
                0x000000000000b762                __gesf2
                0x000000000000b762                __gtsf2
 .text.__lesf2  0x000000000000b7e8       0x8c c:/mounriver/mounriver_studio/toolchain/risc-v embedded gcc/bin/../lib/gcc/riscv-none-embed/8.2.0/rv32imacxw/ilp32\libgcc.a(lesf2.o)
                0x000000000000b7e8                __ltsf2
                0x000000000000b7e8                __lesf2
 .text.__mulsf3
                0x000000000000b874      0x290 c:/mounriver/mounriver_studio/toolchain/risc-v embedded gcc/bin/../lib/gcc/riscv-none-embed/8.2.0/rv32imacxw/ilp32\libgcc.a(mulsf3.o)
                0x000000000000b874                __mulsf3
 .text.__subsf3
                0x000000000000bb04      0x388 c:/mounriver/mounriver_studio/toolchain/risc-v embedded gcc/bin/../lib/gcc/riscv-none-embed/8.2.0/rv32imacxw/ilp32\libgcc.a(subsf3.o)
                0x000000000000bb04                __subsf3
 .text.__fixsfsi
                0x000000000000be8c       0x62 c:/mounriver/mounriver_studio/toolchain/risc-v embedded gcc/bin/../lib/gcc/riscv-none-embed/8.2.0/rv32imacxw/ilp32\libgcc.a(fixsfsi.o)
                0x000000000000be8c                __fixsfsi
 .text.__fixunssfsi
                0x000000000000beee       0x56 c:/mounriver/mounriver_studio/toolchain/risc-v embedded gcc/bin/../lib/gcc/riscv-none-embed/8.2.0/rv32imacxw/ilp32\libgcc.a(fixunssfsi.o)
                0x000000000000beee                __fixunssfsi
 .text.__floatsisf
                0x000000000000bf44       0xc6 c:/mounriver/mounriver_studio/toolchain/risc-v embedded gcc/bin/../lib/gcc/riscv-none-embed/8.2.0/rv32imacxw/ilp32\libgcc.a(floatsisf.o)
                0x000000000000bf44                __floatsisf
 .text.__floatunsisf
                0x000000000000c00a       0xce c:/mounriver/mounriver_studio/toolchain/risc-v embedded gcc/bin/../lib/gcc/riscv-none-embed/8.2.0/rv32imacxw/ilp32\libgcc.a(floatunsisf.o)
                0x000000000000c00a                __floatunsisf
 .text.__clzsi2
                0x000000000000c0d8       0x6e c:/mounriver/mounriver_studio/toolchain/risc-v embedded gcc/bin/../lib/gcc/riscv-none-embed/8.2.0/rv32imacxw/ilp32\libgcc.a(_clzsi2.o)
                0x000000000000c0d8                __clzsi2
 .text.calloc   0x000000000000c146        0xc c:/mounriver/mounriver_studio/toolchain/risc-v embedded gcc/bin/../lib/gcc/riscv-none-embed/8.2.0/../../../../riscv-none-embed/lib/rv32imacxw/ilp32\libg_nano.a(lib_a-calloc.o)
                0x000000000000c146                calloc
 .text.free     0x000000000000c152        0xa c:/mounriver/mounriver_studio/toolchain/risc-v embedded gcc/bin/../lib/gcc/riscv-none-embed/8.2.0/../../../../riscv-none-embed/lib/rv32imacxw/ilp32\libg_nano.a(lib_a-malloc.o)
                0x000000000000c152                free
 .text.memcpy   0x000000000000c15c       0xb2 c:/mounriver/mounriver_studio/toolchain/risc-v embedded gcc/bin/../lib/gcc/riscv-none-embed/8.2.0/../../../../riscv-none-embed/lib/rv32imacxw/ilp32\libg_nano.a(lib_a-memcpy.o)
                0x000000000000c15c                memcpy
 .text.memmove  0x000000000000c20e       0x46 c:/mounriver/mounriver_studio/toolchain/risc-v embedded gcc/bin/../lib/gcc/riscv-none-embed/8.2.0/../../../../riscv-none-embed/lib/rv32imacxw/ilp32\libg_nano.a(lib_a-memmove.o)
                0x000000000000c20e                memmove
 .text._calloc_r
                0x000000000000c254       0x26 c:/mounriver/mounriver_studio/toolchain/risc-v embedded gcc/bin/../lib/gcc/riscv-none-embed/8.2.0/../../../../riscv-none-embed/lib/rv32imacxw/ilp32\libg_nano.a(lib_a-nano-callocr.o)
                0x000000000000c254                _calloc_r
 .text._free_r  0x000000000000c27a       0xa4 c:/mounriver/mounriver_studio/toolchain/risc-v embedded gcc/bin/../lib/gcc/riscv-none-embed/8.2.0/../../../../riscv-none-embed/lib/rv32imacxw/ilp32\libg_nano.a(lib_a-nano-freer.o)
                0x000000000000c27a                _free_r
 .text._malloc_r
                0x000000000000c31e       0xce c:/mounriver/mounriver_studio/toolchain/risc-v embedded gcc/bin/../lib/gcc/riscv-none-embed/8.2.0/../../../../riscv-none-embed/lib/rv32imacxw/ilp32\libg_nano.a(lib_a-nano-mallocr.o)
                0x000000000000c31e                _malloc_r
 .text.printf   0x000000000000c3ec       0x3e c:/mounriver/mounriver_studio/toolchain/risc-v embedded gcc/bin/../lib/gcc/riscv-none-embed/8.2.0/../../../../riscv-none-embed/lib/rv32imacxw/ilp32\libg_nano.a(lib_a-printf.o)
                0x000000000000c3ec                iprintf
                0x000000000000c3ec                printf
 .text._sbrk_r  0x000000000000c42a       0x32 c:/mounriver/mounriver_studio/toolchain/risc-v embedded gcc/bin/../lib/gcc/riscv-none-embed/8.2.0/../../../../riscv-none-embed/lib/rv32imacxw/ilp32\libg_nano.a(lib_a-sbrkr.o)
                0x000000000000c42a                _sbrk_r
 .text.strlen   0x000000000000c45c       0x12 c:/mounriver/mounriver_studio/toolchain/risc-v embedded gcc/bin/../lib/gcc/riscv-none-embed/8.2.0/../../../../riscv-none-embed/lib/rv32imacxw/ilp32\libg_nano.a(lib_a-strlen.o)
                0x000000000000c45c                strlen
 .text.std      0x000000000000c46e       0x66 c:/mounriver/mounriver_studio/toolchain/risc-v embedded gcc/bin/../lib/gcc/riscv-none-embed/8.2.0/../../../../riscv-none-embed/lib/rv32imacxw/ilp32\libg_nano.a(lib_a-findfp.o)
 .text._cleanup_r
                0x000000000000c4d4        0xa c:/mounriver/mounriver_studio/toolchain/risc-v embedded gcc/bin/../lib/gcc/riscv-none-embed/8.2.0/../../../../riscv-none-embed/lib/rv32imacxw/ilp32\libg_nano.a(lib_a-findfp.o)
                0x000000000000c4d4                _cleanup_r
 .text.__sfmoreglue
                0x000000000000c4de       0x48 c:/mounriver/mounriver_studio/toolchain/risc-v embedded gcc/bin/../lib/gcc/riscv-none-embed/8.2.0/../../../../riscv-none-embed/lib/rv32imacxw/ilp32\libg_nano.a(lib_a-findfp.o)
                0x000000000000c4de                __sfmoreglue
 .text.__sinit  0x000000000000c526       0x6c c:/mounriver/mounriver_studio/toolchain/risc-v embedded gcc/bin/../lib/gcc/riscv-none-embed/8.2.0/../../../../riscv-none-embed/lib/rv32imacxw/ilp32\libg_nano.a(lib_a-findfp.o)
                0x000000000000c526                __sinit
 .text.__sfp    0x000000000000c592       0xa0 c:/mounriver/mounriver_studio/toolchain/risc-v embedded gcc/bin/../lib/gcc/riscv-none-embed/8.2.0/../../../../riscv-none-embed/lib/rv32imacxw/ilp32\libg_nano.a(lib_a-findfp.o)
                0x000000000000c592                __sfp
 .text._fwalk_reent
                0x000000000000c632       0x6a c:/mounriver/mounriver_studio/toolchain/risc-v embedded gcc/bin/../lib/gcc/riscv-none-embed/8.2.0/../../../../riscv-none-embed/lib/rv32imacxw/ilp32\libg_nano.a(lib_a-fwalk.o)
                0x000000000000c632                _fwalk_reent
 .text.__malloc_lock
                0x000000000000c69c        0x2 c:/mounriver/mounriver_studio/toolchain/risc-v embedded gcc/bin/../lib/gcc/riscv-none-embed/8.2.0/../../../../riscv-none-embed/lib/rv32imacxw/ilp32\libg_nano.a(lib_a-mlock.o)
                0x000000000000c69c                __malloc_lock
 .text.__malloc_unlock
                0x000000000000c69e        0x2 c:/mounriver/mounriver_studio/toolchain/risc-v embedded gcc/bin/../lib/gcc/riscv-none-embed/8.2.0/../../../../riscv-none-embed/lib/rv32imacxw/ilp32\libg_nano.a(lib_a-mlock.o)
                0x000000000000c69e                __malloc_unlock
 .text.__sfputc_r
                0x000000000000c6a0       0x26 c:/mounriver/mounriver_studio/toolchain/risc-v embedded gcc/bin/../lib/gcc/riscv-none-embed/8.2.0/../../../../riscv-none-embed/lib/rv32imacxw/ilp32\libg_nano.a(lib_a-nano-vfprintf.o)
 .text.__sfputs_r
                0x000000000000c6c6       0x42 c:/mounriver/mounriver_studio/toolchain/risc-v embedded gcc/bin/../lib/gcc/riscv-none-embed/8.2.0/../../../../riscv-none-embed/lib/rv32imacxw/ilp32\libg_nano.a(lib_a-nano-vfprintf.o)
                0x000000000000c6c6                __sfputs_r
 .text._vfprintf_r
                0x000000000000c708      0x28c c:/mounriver/mounriver_studio/toolchain/risc-v embedded gcc/bin/../lib/gcc/riscv-none-embed/8.2.0/../../../../riscv-none-embed/lib/rv32imacxw/ilp32\libg_nano.a(lib_a-nano-vfprintf.o)
                0x000000000000c708                _vfprintf_r
                0x000000000000c708                _vfiprintf_r
 .text._printf_common
                0x000000000000c994      0x10c c:/mounriver/mounriver_studio/toolchain/risc-v embedded gcc/bin/../lib/gcc/riscv-none-embed/8.2.0/../../../../riscv-none-embed/lib/rv32imacxw/ilp32\libg_nano.a(lib_a-nano-vfprintf_i.o)
                0x000000000000c994                _printf_common
 .text._printf_i
                0x000000000000caa0      0x2a2 c:/mounriver/mounriver_studio/toolchain/risc-v embedded gcc/bin/../lib/gcc/riscv-none-embed/8.2.0/../../../../riscv-none-embed/lib/rv32imacxw/ilp32\libg_nano.a(lib_a-nano-vfprintf_i.o)
                0x000000000000caa0                _printf_i
 .text.__sread  0x000000000000cd42       0x2c c:/mounriver/mounriver_studio/toolchain/risc-v embedded gcc/bin/../lib/gcc/riscv-none-embed/8.2.0/../../../../riscv-none-embed/lib/rv32imacxw/ilp32\libg_nano.a(lib_a-stdio.o)
                0x000000000000cd42                __sread
 .text.__swrite
                0x000000000000cd6e       0x48 c:/mounriver/mounriver_studio/toolchain/risc-v embedded gcc/bin/../lib/gcc/riscv-none-embed/8.2.0/../../../../riscv-none-embed/lib/rv32imacxw/ilp32\libg_nano.a(lib_a-stdio.o)
                0x000000000000cd6e                __swrite
 .text.__sseek  0x000000000000cdb6       0x30 c:/mounriver/mounriver_studio/toolchain/risc-v embedded gcc/bin/../lib/gcc/riscv-none-embed/8.2.0/../../../../riscv-none-embed/lib/rv32imacxw/ilp32\libg_nano.a(lib_a-stdio.o)
                0x000000000000cdb6                __sseek
 .text.__sclose
                0x000000000000cde6        0x6 c:/mounriver/mounriver_studio/toolchain/risc-v embedded gcc/bin/../lib/gcc/riscv-none-embed/8.2.0/../../../../riscv-none-embed/lib/rv32imacxw/ilp32\libg_nano.a(lib_a-stdio.o)
                0x000000000000cde6                __sclose
 .text.__swbuf_r
                0x000000000000cdec       0xbe c:/mounriver/mounriver_studio/toolchain/risc-v embedded gcc/bin/../lib/gcc/riscv-none-embed/8.2.0/../../../../riscv-none-embed/lib/rv32imacxw/ilp32\libg_nano.a(lib_a-wbuf.o)
                0x000000000000cdec                __swbuf_r
 .text._write_r
                0x000000000000ceaa       0x36 c:/mounriver/mounriver_studio/toolchain/risc-v embedded gcc/bin/../lib/gcc/riscv-none-embed/8.2.0/../../../../riscv-none-embed/lib/rv32imacxw/ilp32\libg_nano.a(lib_a-writer.o)
                0x000000000000ceaa                _write_r
 .text.__swsetup_r
                0x000000000000cee0      0x100 c:/mounriver/mounriver_studio/toolchain/risc-v embedded gcc/bin/../lib/gcc/riscv-none-embed/8.2.0/../../../../riscv-none-embed/lib/rv32imacxw/ilp32\libg_nano.a(lib_a-wsetup.o)
                0x000000000000cee0                __swsetup_r
 .text._close_r
                0x000000000000cfe0       0x30 c:/mounriver/mounriver_studio/toolchain/risc-v embedded gcc/bin/../lib/gcc/riscv-none-embed/8.2.0/../../../../riscv-none-embed/lib/rv32imacxw/ilp32\libg_nano.a(lib_a-closer.o)
                0x000000000000cfe0                _close_r
 .text.__sflush_r
                0x000000000000d010      0x132 c:/mounriver/mounriver_studio/toolchain/risc-v embedded gcc/bin/../lib/gcc/riscv-none-embed/8.2.0/../../../../riscv-none-embed/lib/rv32imacxw/ilp32\libg_nano.a(lib_a-fflush.o)
                0x000000000000d010                __sflush_r
 .text._fflush_r
                0x000000000000d142       0x68 c:/mounriver/mounriver_studio/toolchain/risc-v embedded gcc/bin/../lib/gcc/riscv-none-embed/8.2.0/../../../../riscv-none-embed/lib/rv32imacxw/ilp32\libg_nano.a(lib_a-fflush.o)
                0x000000000000d142                _fflush_r
 .text._lseek_r
                0x000000000000d1aa       0x34 c:/mounriver/mounriver_studio/toolchain/risc-v embedded gcc/bin/../lib/gcc/riscv-none-embed/8.2.0/../../../../riscv-none-embed/lib/rv32imacxw/ilp32\libg_nano.a(lib_a-lseekr.o)
                0x000000000000d1aa                _lseek_r
 .text.__swhatbuf_r
                0x000000000000d1de       0x56 c:/mounriver/mounriver_studio/toolchain/risc-v embedded gcc/bin/../lib/gcc/riscv-none-embed/8.2.0/../../../../riscv-none-embed/lib/rv32imacxw/ilp32\libg_nano.a(lib_a-makebuf.o)
                0x000000000000d1de                __swhatbuf_r
 .text.__smakebuf_r
                0x000000000000d234       0x92 c:/mounriver/mounriver_studio/toolchain/risc-v embedded gcc/bin/../lib/gcc/riscv-none-embed/8.2.0/../../../../riscv-none-embed/lib/rv32imacxw/ilp32\libg_nano.a(lib_a-makebuf.o)
                0x000000000000d234                __smakebuf_r
 .text.memchr   0x000000000000d2c6       0x18 c:/mounriver/mounriver_studio/toolchain/risc-v embedded gcc/bin/../lib/gcc/riscv-none-embed/8.2.0/../../../../riscv-none-embed/lib/rv32imacxw/ilp32\libg_nano.a(lib_a-memchr.o)
                0x000000000000d2c6                memchr
 .text._read_r  0x000000000000d2de       0x34 c:/mounriver/mounriver_studio/toolchain/risc-v embedded gcc/bin/../lib/gcc/riscv-none-embed/8.2.0/../../../../riscv-none-embed/lib/rv32imacxw/ilp32\libg_nano.a(lib_a-readr.o)
                0x000000000000d2de                _read_r
 .text._fstat_r
                0x000000000000d312       0x32 c:/mounriver/mounriver_studio/toolchain/risc-v embedded gcc/bin/../lib/gcc/riscv-none-embed/8.2.0/../../../../riscv-none-embed/lib/rv32imacxw/ilp32\libg_nano.a(lib_a-fstatr.o)
                0x000000000000d312                _fstat_r
 .text._isatty_r
                0x000000000000d344       0x30 c:/mounriver/mounriver_studio/toolchain/risc-v embedded gcc/bin/../lib/gcc/riscv-none-embed/8.2.0/../../../../riscv-none-embed/lib/rv32imacxw/ilp32\libg_nano.a(lib_a-isattyr.o)
                0x000000000000d344                _isatty_r
 .text._close   0x000000000000d374       0x10 c:/mounriver/mounriver_studio/toolchain/risc-v embedded gcc/bin/../lib/gcc/riscv-none-embed/8.2.0/../../../../riscv-none-embed/lib/rv32imacxw/ilp32\libnosys.a(close.o)
                0x000000000000d374                _close
 .text._fstat   0x000000000000d384       0x10 c:/mounriver/mounriver_studio/toolchain/risc-v embedded gcc/bin/../lib/gcc/riscv-none-embed/8.2.0/../../../../riscv-none-embed/lib/rv32imacxw/ilp32\libnosys.a(fstat.o)
                0x000000000000d384                _fstat
 .text._isatty  0x000000000000d394       0x10 c:/mounriver/mounriver_studio/toolchain/risc-v embedded gcc/bin/../lib/gcc/riscv-none-embed/8.2.0/../../../../riscv-none-embed/lib/rv32imacxw/ilp32\libnosys.a(isatty.o)
                0x000000000000d394                _isatty
 .text._lseek   0x000000000000d3a4       0x10 c:/mounriver/mounriver_studio/toolchain/risc-v embedded gcc/bin/../lib/gcc/riscv-none-embed/8.2.0/../../../../riscv-none-embed/lib/rv32imacxw/ilp32\libnosys.a(lseek.o)
                0x000000000000d3a4                _lseek
 .text._read    0x000000000000d3b4       0x10 c:/mounriver/mounriver_studio/toolchain/risc-v embedded gcc/bin/../lib/gcc/riscv-none-embed/8.2.0/../../../../riscv-none-embed/lib/rv32imacxw/ilp32\libnosys.a(read.o)
                0x000000000000d3b4                _read
 *(.rodata)
 *(.rodata*)
 *fill*         0x000000000000d3c4        0x0 
 .rodata.CalPoint
                0x000000000000d3c4       0x48 ./User/DataModel.o
 .rodata.bitrate_table
                0x000000000000d40c       0x10 ./User/DataModel.o
 .rodata.seg_const
                0x000000000000d41c       0x12 ./User/DataModel.o
 *fill*         0x000000000000d42e        0x2 
 .rodata.vIncrementSystemCounters.cst4
                0x000000000000d430        0x8 ./User/DataModel.o
 .rodata.getODValue
                0x000000000000d438       0x74 ./User/dash_draw.o
 .rodata.MenuStateCross
                0x000000000000d4ac       0x14 ./User/dash_draw.o
 .rodata.dm     0x000000000000d4c0       0x3f ./User/dash_draw.o
 *fill*         0x000000000000d4ff        0x1 
 .rodata.getODValue.cst4
                0x000000000000d500        0x4 ./User/dash_draw.o
                                          0x8 (size before relaxing)
 .rodata.vBarColorMode.cst4
                0x000000000000d504        0x4 ./User/dash_draw.o
 .rodata.ADC_FSM.cst4
                0x000000000000d508       0x14 ./User/inputs.o
 .rodata.vInputsTask.cst4
                0x000000000000d51c        0xc ./User/inputs.o
 .rodata.SetSegDirect
                0x000000000000d528       0x1c ./User/led.o
 .rodata.Brigth
                0x000000000000d544       0x1e ./User/led.o
 *fill*         0x000000000000d562        0x2 
 .rodata.DigitMask
                0x000000000000d564        0xa ./User/led.o
                0x000000000000d564                DigitMask
 *fill*         0x000000000000d56e        0x2 
 .rodata.offset_mask
                0x000000000000d570        0xe ./User/led.o
 *fill*         0x000000000000d57e        0x2 
 .rodata.step_mask
                0x000000000000d580        0xe ./User/led.o
 *fill*         0x000000000000d58e        0x2 
 .rodata.OD_ADC1_CAL_extension
                0x000000000000d590       0x10 ./User/process.o
                0x000000000000d590                OD_ADC1_CAL_extension
 .rodata.OD_ADC2_CAL_extension
                0x000000000000d5a0       0x10 ./User/process.o
                0x000000000000d5a0                OD_ADC2_CAL_extension
 .rodata.OD_ADC3_CAL_extension
                0x000000000000d5b0       0x10 ./User/process.o
                0x000000000000d5b0                OD_ADC3_CAL_extension
 .rodata.OD_AIN_RPM_extension
                0x000000000000d5c0       0x10 ./User/process.o
                0x000000000000d5c0                OD_AIN_RPM_extension
 .rodata.OD_BAR_extension
                0x000000000000d5d0       0x10 ./User/process.o
                0x000000000000d5d0                OD_BAR_extension
 .rodata.OD_BOARD_SETTINGS_extension
                0x000000000000d5e0       0x10 ./User/process.o
                0x000000000000d5e0                OD_BOARD_SETTINGS_extension
 .rodata.OD_DASH_PARAM_extension
                0x000000000000d5f0       0x10 ./User/process.o
                0x000000000000d5f0                OD_DASH_PARAM_extension
 .rodata.OD_DIN_extension
                0x000000000000d600       0x10 ./User/process.o
                0x000000000000d600                OD_DIN_extension
 .rodata.OD_MENU_MAP_extension
                0x000000000000d610       0x10 ./User/process.o
                0x000000000000d610                OD_MENU_MAP_extension
 .rodata.OD_MENU_SETUP_extension
                0x000000000000d620       0x10 ./User/process.o
                0x000000000000d620                OD_MENU_SETUP_extension
 .rodata.OD_RGB10_extension
                0x000000000000d630       0x10 ./User/process.o
                0x000000000000d630                OD_RGB10_extension
 .rodata.OD_RGB11_extension
                0x000000000000d640       0x10 ./User/process.o
                0x000000000000d640                OD_RGB11_extension
 .rodata.OD_RGB12_extension
                0x000000000000d650       0x10 ./User/process.o
                0x000000000000d650                OD_RGB12_extension
 .rodata.OD_RGB13_extension
                0x000000000000d660       0x10 ./User/process.o
                0x000000000000d660                OD_RGB13_extension
 .rodata.OD_RGB1_extension
                0x000000000000d670       0x10 ./User/process.o
                0x000000000000d670                OD_RGB1_extension
 .rodata.OD_RGB2_extension
                0x000000000000d680       0x10 ./User/process.o
                0x000000000000d680                OD_RGB2_extension
 .rodata.OD_RGB3_extension
                0x000000000000d690       0x10 ./User/process.o
                0x000000000000d690                OD_RGB3_extension
 .rodata.OD_RGB4_extension
                0x000000000000d6a0       0x10 ./User/process.o
                0x000000000000d6a0                OD_RGB4_extension
 .rodata.OD_RGB5_extension
                0x000000000000d6b0       0x10 ./User/process.o
                0x000000000000d6b0                OD_RGB5_extension
 .rodata.OD_RGB6_extension
                0x000000000000d6c0       0x10 ./User/process.o
                0x000000000000d6c0                OD_RGB6_extension
 .rodata.OD_RGB7_extension
                0x000000000000d6d0       0x10 ./User/process.o
                0x000000000000d6d0                OD_RGB7_extension
 .rodata.OD_RGB8_extension
                0x000000000000d6e0       0x10 ./User/process.o
                0x000000000000d6e0                OD_RGB8_extension
 .rodata.OD_RGB9_extension
                0x000000000000d6f0       0x10 ./User/process.o
                0x000000000000d6f0                OD_RGB9_extension
 .rodata.OD_RGBMAP_extension
                0x000000000000d700       0x10 ./User/process.o
                0x000000000000d700                OD_RGBMAP_extension
 .rodata.OD_RPMCONFIG_extension
                0x000000000000d710       0x10 ./User/process.o
                0x000000000000d710                OD_RPMCONFIG_extension
 .rodata.OD_SEG_extension
                0x000000000000d720       0x10 ./User/process.o
                0x000000000000d720                OD_SEG_extension
 .rodata.OD_VRegiters_extension
                0x000000000000d730       0x10 ./User/process.o
                0x000000000000d730                OD_VRegiters_extension
 .rodata.writeADC.isra.9.cst4
                0x000000000000d740        0x4 ./User/process.o
 .rodata.vSYStaskInit.str1.4
                0x000000000000d740       0x44 ./User/system_init.o
 .rodata.GetRPM.cst4
                0x000000000000d784        0x8 ./HWLIB/hw_lib_din.o
 .rodata.vSetRPMConfig.cst4
                0x000000000000d78c        0x4 ./HWLIB/hw_lib_din.o
 .rodata.ADC_chennel_ref
                0x000000000000d790       0x12 ./HAL/hal_adc.o
 *fill*         0x000000000000d7a2        0x2 
 .rodata.I2C_FSM
                0x000000000000d7a4       0x30 ./HAL/hal_i2c.o
 .rodata.timers
                0x000000000000d7d4       0x10 ./HAL/hal_timers.o
 .rodata.pvPortMalloc.str1.4
                0x000000000000d7e4       0x49 ./FreeRTOS/portable/MemMang/heap_4.o
 *fill*         0x000000000000d82d        0x3 
 .rodata.xPortStartScheduler.str1.4
                0x000000000000d830       0x27 ./FreeRTOS/portable/GCC/RISC-V/port.o
                                         0x49 (size before relaxing)
 *fill*         0x000000000000d857        0x1 
 .rodata.xQueueGenericReset.str1.4
                0x000000000000d858       0x14 ./FreeRTOS/queue.o
                                         0x35 (size before relaxing)
 .rodata.xTaskGenericNotify
                0x000000000000d86c       0x14 ./FreeRTOS/tasks.o
 .rodata.xTaskGenericNotifyFromISR
                0x000000000000d880       0x14 ./FreeRTOS/tasks.o
 .rodata.prvTaskIsTaskSuspended.str1.4
                0x000000000000d894       0x14 ./FreeRTOS/tasks.o
                                         0x35 (size before relaxing)
 .rodata.vTaskStartScheduler.str1.4
                0x000000000000d8a8        0x5 ./FreeRTOS/tasks.o
 *fill*         0x000000000000d8ad        0x3 
 .rodata.prvTimerTask
                0x000000000000d8b0       0x24 ./FreeRTOS/timers.o
 .rodata.prvCheckForValidListAndQueue.str1.4
                0x000000000000d8d4        0x5 ./FreeRTOS/timers.o
 *fill*         0x000000000000d8d9        0x3 
 .rodata.prvTimerTask.str1.4
                0x000000000000d8dc       0x15 ./FreeRTOS/timers.o
                                         0x39 (size before relaxing)
 *fill*         0x000000000000d8f1        0x3 
 .rodata.xTimerCreateTimerTask.str1.4
                0x000000000000d8f4        0x8 ./FreeRTOS/timers.o
 .rodata.vInitABFilter.cst4
                0x000000000000d8fc        0x4 ./Drivers/filters.o
 .rodata.ODObjs
                0x000000000000d900      0xb70 ./CANopenNode/keypad/OD.o
 .rodata.CO_LSS_bitTimingTableLookup
                0x000000000000e470       0x14 ./CANopenNode/305/CO_LSSslave.o
 .rodata.abortCodes.6833