Archive member included to satisfy reference by file (symbol)

c:/mounriver/mounriver_studio/toolchain/risc-v embedded gcc/bin/../lib/gcc/riscv-none-embed/8.2.0/rv32imacxw/ilp32\libgcc.a(divdf3.o)
                              ./HAL_LIB/hw_lib_din.o (__divdf3)
c:/mounriver/mounriver_studio/toolchain/risc-v embedded gcc/bin/../lib/gcc/riscv-none-embed/8.2.0/rv32imacxw/ilp32\libgcc.a(muldf3.o)
                              ./User/inputs.o (__muldf3)
c:/mounriver/mounriver_studio/toolchain/risc-v embedded gcc/bin/../lib/gcc/riscv-none-embed/8.2.0/rv32imacxw/ilp32\libgcc.a(fixunsdfsi.o)
                              ./HAL_LIB/hw_lib_din.o (__fixunsdfsi)
c:/mounriver/mounriver_studio/toolchain/risc-v embedded gcc/bin/../lib/gcc/riscv-none-embed/8.2.0/rv32imacxw/ilp32\libgcc.a(floatunsidf.o)
                              ./User/inputs.o (__floatunsidf)
c:/mounriver/mounriver_studio/toolchain/risc-v embedded gcc/bin/../lib/gcc/riscv-none-embed/8.2.0/rv32imacxw/ilp32\libgcc.a(addsf3.o)
                              ./User/inputs.o (__addsf3)
c:/mounriver/mounriver_studio/toolchain/risc-v embedded gcc/bin/../lib/gcc/riscv-none-embed/8.2.0/rv32imacxw/ilp32\libgcc.a(divsf3.o)
                              ./User/DataModel.o (__divsf3)
c:/mounriver/mounriver_studio/toolchain/risc-v embedded gcc/bin/../lib/gcc/riscv-none-embed/8.2.0/rv32imacxw/ilp32\libgcc.a(eqsf2.o)
                              ./HAL_LIB/hw_lib_din.o (__nesf2)
c:/mounriver/mounriver_studio/toolchain/risc-v embedded gcc/bin/../lib/gcc/riscv-none-embed/8.2.0/rv32imacxw/ilp32\libgcc.a(gesf2.o)
                              ./User/inputs.o (__gesf2)
c:/mounriver/mounriver_studio/toolchain/risc-v embedded gcc/bin/../lib/gcc/riscv-none-embed/8.2.0/rv32imacxw/ilp32\libgcc.a(lesf2.o)
                              ./HAL_LIB/hw_lib_din.o (__lesf2)
c:/mounriver/mounriver_studio/toolchain/risc-v embedded gcc/bin/../lib/gcc/riscv-none-embed/8.2.0/rv32imacxw/ilp32\libgcc.a(mulsf3.o)
                              ./User/dash_draw.o (__mulsf3)
c:/mounriver/mounriver_studio/toolchain/risc-v embedded gcc/bin/../lib/gcc/riscv-none-embed/8.2.0/rv32imacxw/ilp32\libgcc.a(subsf3.o)
                              ./User/dash_draw.o (__subsf3)
c:/mounriver/mounriver_studio/toolchain/risc-v embedded gcc/bin/../lib/gcc/riscv-none-embed/8.2.0/rv32imacxw/ilp32\libgcc.a(fixsfsi.o)
                              ./User/dash_draw.o (__fixsfsi)
c:/mounriver/mounriver_studio/toolchain/risc-v embedded gcc/bin/../lib/gcc/riscv-none-embed/8.2.0/rv32imacxw/ilp32\libgcc.a(fixunssfsi.o)
                              ./User/DataModel.o (__fixunssfsi)
c:/mounriver/mounriver_studio/toolchain/risc-v embedded gcc/bin/../lib/gcc/riscv-none-embed/8.2.0/rv32imacxw/ilp32\libgcc.a(floatsisf.o)
                              ./User/DataModel.o (__floatsisf)
c:/mounriver/mounriver_studio/toolchain/risc-v embedded gcc/bin/../lib/gcc/riscv-none-embed/8.2.0/rv32imacxw/ilp32\libgcc.a(floatunsisf.o)
                              ./User/DataModel.o (__floatunsisf)
c:/mounriver/mounriver_studio/toolchain/risc-v embedded gcc/bin/../lib/gcc/riscv-none-embed/8.2.0/rv32imacxw/ilp32\libgcc.a(extendsfdf2.o)
                              ./HAL_LIB/hw_lib_din.o (__extendsfdf2)
c:/mounriver/mounriver_studio/toolchain/risc-v embedded gcc/bin/../lib/gcc/riscv-none-embed/8.2.0/rv32imacxw/ilp32\libgcc.a(truncdfsf2.o)
                              ./User/inputs.o (__truncdfsf2)
c:/mounriver/mounriver_studio/toolchain/risc-v embedded gcc/bin/../lib/gcc/riscv-none-embed/8.2.0/rv32imacxw/ilp32\libgcc.a(save-restore.o)
                              ./User/inputs.o (__riscv_save_12)
c:/mounriver/mounriver_studio/toolchain/risc-v embedded gcc/bin/../lib/gcc/riscv-none-embed/8.2.0/rv32imacxw/ilp32\libgcc.a(_clzsi2.o)
                              c:/mounriver/mounriver_studio/toolchain/risc-v embedded gcc/bin/../lib/gcc/riscv-none-embed/8.2.0/rv32imacxw/ilp32\libgcc.a(divdf3.o) (__clzsi2)
c:/mounriver/mounriver_studio/toolchain/risc-v embedded gcc/bin/../lib/gcc/riscv-none-embed/8.2.0/rv32imacxw/ilp32\libgcc.a(_clz.o)
                              c:/mounriver/mounriver_studio/toolchain/risc-v embedded gcc/bin/../lib/gcc/riscv-none-embed/8.2.0/rv32imacxw/ilp32\libgcc.a(_clzsi2.o) (__clz_tab)
c:/mounriver/mounriver_studio/toolchain/risc-v embedded gcc/bin/../lib/gcc/riscv-none-embed/8.2.0/../../../../riscv-none-embed/lib/rv32imacxw/ilp32\libg_nano.a(lib_a-calloc.o)
                              ./CANopenNode/CANopen.o (calloc)
c:/mounriver/mounriver_studio/toolchain/risc-v embedded gcc/bin/../lib/gcc/riscv-none-embed/8.2.0/../../../../riscv-none-embed/lib/rv32imacxw/ilp32\libg_nano.a(lib_a-impure.o)
                              c:/mounriver/mounriver_studio/toolchain/risc-v embedded gcc/bin/../lib/gcc/riscv-none-embed/8.2.0/../../../../riscv-none-embed/lib/rv32imacxw/ilp32\libg_nano.a(lib_a-calloc.o) (_impure_ptr)
[...]
Memory Configuration

Name             Origin             Length             Attributes
FLASH            0x0000000000001000 0x000000000000f000 xr
SFLASH           0x0000000000010000 0x0000000000002800 xr
RAM              0x0000000020000000 0x0000000000005000 xrw
*default*        0x0000000000000000 0xffffffffffffffff

Linker script and memory map

LOAD ./User/CanOpenNode.o
LOAD ./User/DataModel.o
LOAD ./User/ch32v20x_it.o
LOAD ./User/dash_draw.o
LOAD ./User/init.o
LOAD ./User/inputs.o
LOAD ./User/led.o
LOAD ./User/main.o
LOAD ./User/process.o
LOAD ./User/system_ch32v20x.o
LOAD ./User/system_init.o
LOAD ./Startup/startup_ch32v20x_D6.o
LOAD ./Peripheral/src/ch32v20x_adc.o
LOAD ./Peripheral/src/ch32v20x_bkp.o
LOAD ./Peripheral/src/ch32v20x_can.o
LOAD ./Peripheral/src/ch32v20x_crc.o
LOAD ./Peripheral/src/ch32v20x_dbgmcu.o
LOAD ./Peripheral/src/ch32v20x_dma.o
LOAD ./Peripheral/src/ch32v20x_exti.o
LOAD ./Peripheral/src/ch32v20x_flash.o
LOAD ./Peripheral/src/ch32v20x_gpio.o
LOAD ./Peripheral/src/ch32v20x_i2c.o
LOAD ./Peripheral/src/ch32v20x_iwdg.o
LOAD ./Peripheral/src/ch32v20x_misc.o
LOAD ./Peripheral/src/ch32v20x_opa.o
LOAD ./Peripheral/src/ch32v20x_pwr.o
LOAD ./Peripheral/src/ch32v20x_rcc.o
LOAD ./Peripheral/src/ch32v20x_rtc.o
LOAD ./Peripheral/src/ch32v20x_spi.o
LOAD ./Peripheral/src/ch32v20x_tim.o
LOAD ./Peripheral/src/ch32v20x_usart.o
LOAD ./Peripheral/src/ch32v20x_wwdg.o
LOAD ./HAL_LIB/filters.o
LOAD ./HAL_LIB/hw_data_model.o
LOAD ./HAL_LIB/hw_lib_adc.o
LOAD ./HAL_LIB/hw_lib_din.o
LOAD ./HAL_LIB/hw_lib_eeprom_i2c.o
LOAD ./HAL_LIB/hw_timeout.o
LOAD ./HAL_DRIVER/hal_can_ch32.o
LOAD ./HAL_DRIVER/hal_flash_ch32.o
LOAD ./HAL_DRIVER/hal_gpio_ch32.o
LOAD ./HAL_DRIVER/hal_irq.o
LOAD ./HAL_DRIVER/hal_rtc_ch32.o
LOAD ./HAL_DRIVER/hal_wdt_ch32.o
LOAD ./FreeRTOS/portable/MemMang/heap_4.o
LOAD ./FreeRTOS/portable/GCC/RISC-V/port.o
LOAD ./FreeRTOS/portable/GCC/RISC-V/portASM.o
LOAD ./FreeRTOS/croutine.o
LOAD ./FreeRTOS/event_groups.o
LOAD ./FreeRTOS/list.o
LOAD ./FreeRTOS/queue.o
LOAD ./FreeRTOS/stream_buffer.o
LOAD ./FreeRTOS/tasks.o
LOAD ./FreeRTOS/timers.o
LOAD ./Debug/debug.o
LOAD ./DRIVER/hal_adc_ch32.o
LOAD ./DRIVER/hal_dma_ch32.o
LOAD ./DRIVER/hal_i2c_ch32.o
LOAD ./DRIVER/hal_spi_ch32.o
LOAD ./DRIVER/hal_timers_ch32.o
LOAD ./Core/core_riscv.o
LOAD ./CANopenNode/keypad/CO_driver_ST32F103.o
LOAD ./CANopenNode/keypad/OD.o
LOAD ./CANopenNode/extra/CO_trace.o
LOAD ./CANopenNode/309/CO_gateway_ascii.o
LOAD ./CANopenNode/305/CO_LSSmaster.o
LOAD ./CANopenNode/305/CO_LSSslave.o
LOAD ./CANopenNode/304/CO_GFC.o
LOAD ./CANopenNode/304/CO_SRDO.o
LOAD ./CANopenNode/303/CO_LEDs.o
LOAD ./CANopenNode/301/CO_Emergency.o
LOAD ./CANopenNode/301/CO_HBconsumer.o
LOAD ./CANopenNode/301/CO_NMT_Heartbeat.o
LOAD ./CANopenNode/301/CO_Node_Guarding.o
LOAD ./CANopenNode/301/CO_ODinterface.o
LOAD ./CANopenNode/301/CO_PDO.o
LOAD ./CANopenNode/301/CO_SDOclient.o
LOAD ./CANopenNode/301/CO_SDOserver.o
LOAD ./CANopenNode/301/CO_SYNC.o
LOAD ./CANopenNode/301/CO_TIME.o
LOAD ./CANopenNode/301/CO_fifo.o
LOAD ./CANopenNode/301/crc16-ccitt.o
LOAD ./CANopenNode/CANopen.o
LOAD c:/mounriver/mounriver_studio/toolchain/risc-v embedded gcc/bin/../lib/gcc/riscv-none-embed/8.2.0/../../../../riscv-none-embed/lib/rv32imacxw/ilp32\libm.a
LOAD c:/mounriver/mounriver_studio/toolchain/risc-v embedded gcc/bin/../lib/gcc/riscv-none-embed/8.2.0/rv32imacxw/ilp32\libgcc.a
LOAD c:/mounriver/mounriver_studio/toolchain/risc-v embedded gcc/bin/../lib/gcc/riscv-none-embed/8.2.0/../../../../riscv-none-embed/lib/rv32imacxw/ilp32\libg_nano.a
LOAD c:/mounriver/mounriver_studio/toolchain/risc-v embedded gcc/bin/../lib/gcc/riscv-none-embed/8.2.0/../../../../riscv-none-embed/lib/rv32imacxw/ilp32\libc_nano.a
LOAD c:/mounriver/mounriver_studio/toolchain/risc-v embedded gcc/bin/../lib/gcc/riscv-none-embed/8.2.0/rv32imacxw/ilp32\libgcc.a
START GROUP
LOAD c:/mounriver/mounriver_studio/toolchain/risc-v embedded gcc/bin/../lib/gcc/riscv-none-embed/8.2.0/rv32imacxw/ilp32\libgcc.a
LOAD c:/mounriver/mounriver_studio/toolchain/risc-v embedded gcc/bin/../lib/gcc/riscv-none-embed/8.2.0/../../../../riscv-none-embed/lib/rv32imacxw/ilp32\libc_nano.a
LOAD c:/mounriver/mounriver_studio/toolchain/risc-v embedded gcc/bin/../lib/gcc/riscv-none-embed/8.2.0/../../../../riscv-none-embed/lib/rv32imacxw/ilp32\libnosys.a
END GROUP
START GROUP
LOAD c:/mounriver/mounriver_studio/toolchain/risc-v embedded gcc/bin/../lib/gcc/riscv-none-embed/8.2.0/rv32imacxw/ilp32\libgcc.a
LOAD c:/mounriver/mounriver_studio/toolchain/risc-v embedded gcc/bin/../lib/gcc/riscv-none-embed/8.2.0/../../../../riscv-none-embed/lib/rv32imacxw/ilp32\libc_nano.a
LOAD c:/mounriver/mounriver_studio/toolchain/risc-v embedded gcc/bin/../lib/gcc/riscv-none-embed/8.2.0/../../../../riscv-none-embed/lib/rv32imacxw/ilp32\libnosys.a
END GROUP
                0x0000000000000800                __stack_size = 0x800
                [!provide]                        PROVIDE (_stack_size = __stack_size)

.init           0x0000000000001000       0x38
                0x0000000000001000                _sinit = .
                0x0000000000001000                . = ALIGN (0x4)
 *(SORT_NONE(.init))
 .init          0x0000000000001000       0x38 ./Startup/startup_ch32v20x_D6.o
                0x0000000000001000                _start
                0x0000000000001038                . = ALIGN (0x4)
                0x0000000000001038                _einit = .

.vector         0x0000000000001038      0x108
 *(.vector)
 .vector        0x0000000000001038       0xfc ./Startup/startup_ch32v20x_D6.o
                0x0000000000001140                . = ALIGN (0x40)
 *fill*         0x0000000000001134        0xc 

.stext          0x0000000000010000     0x18ec
                0x0000000000010000                . = ALIGN (0x4)
 *(.stext)
 .stext         0x0000000000010000        0xa ./User/CanOpenNode.o
                0x0000000000010000                vCanOpenInit
 .stext         0x000000000001000a      0x7c4 ./User/DataModel.o
                0x000000000001000a                DataModel_Init
 .stext         0x00000000000107ce      0x1a0 ./User/dash_draw.o
                0x00000000000107ce                xProcessTaskHandle
                0x00000000000107d8                vDashDrawInit
                0x0000000000010852                SetTest
                0x00000000000108b0                TestProcedure
 .stext         0x000000000001096e      0x15c ./User/init.o
                0x000000000001096e                vInit_DeviceConfig
 .stext         0x0000000000010aca       0xba ./User/inputs.o
                0x0000000000010aca                ADC1_Init
 .stext         0x0000000000010b84       0x4e ./User/led.o
                0x0000000000010b84                vLedDriverStart
 .stext         0x0000000000010bd2      0x238 ./User/process.o
                0x0000000000010bd2                vProceesInit
 .stext         0x0000000000010e0a      0x134 ./User/system_init.o
                0x0000000000010e0a                vSYStaskInit
                0x0000000000010f14                vSYSqueueInit
 .stext         0x0000000000010f3e       0x36 ./HAL_LIB/hw_lib_adc.o
                0x0000000000010f3e                vAINInit
 .stext         0x0000000000010f74       0x34 ./HAL_LIB/hw_lib_din.o
                0x0000000000010f74                eDinConfigWtihStruct
 .stext         0x0000000000010fa8       0x50 ./HAL_LIB/hw_lib_eeprom_i2c.o
                0x0000000000010fa8                vInitEEPROM_I2C
 .stext         0x0000000000010ff8      0x2c8 ./HAL_DRIVER/hal_can_ch32.o
                0x0000000000010ff8                HAL_CANInt
                0x00000000000110b6                HAL_CANIntIT
                0x000000000001119e                HAL_CANToInitMode
                0x00000000000111d2                HAL_CANToOperatingMode
                0x00000000000111fc                HAL_CANSetFiters
 .stext         0x00000000000112c0      0x13a ./HAL_DRIVER/hal_gpio_ch32.o
                0x00000000000112c0                HAL_InitGPIO
                0x000000000001137a                HAL_InitGpioOut
                0x0000000000011388                HAL_InitGpioAIN
                0x0000000000011396                HAL_InitGpioInPUP
                0x00000000000113a6                HAL_InitGpioIn
                0x00000000000113b4                HAL_InitGpioAF
                0x00000000000113e6                HAL_InitGPO
 .stext         0x00000000000113fa       0x6c ./HAL_DRIVER/hal_irq.o
                0x00000000000113fa                HAL_InitAPB1
                0x0000000000011416                HAL_InitAPB2
                0x0000000000011432                PFIC_IRQ_ENABLE_PG1
 .stext         0x0000000000011466       0xdc ./HAL_DRIVER/hal_rtc_ch32.o
                0x0000000000011466                HAL_RTC_IT_Init
 .stext         0x0000000000011542       0x86 ./HAL_DRIVER/hal_wdt_ch32.o
                0x0000000000011542                HAL_WDT_Init
                0x0000000000011576                HAL_WDTInit
                0x00000000000115a0                HAL_WDT_Init1s
 .stext         0x00000000000115c8       0x6e ./DRIVER/hal_i2c_ch32.o
                0x00000000000115c8                InitI2CIT
 .stext         0x0000000000011636       0x5e ./DRIVER/hal_spi_ch32.o
                0x0000000000011636                HAL_SPI_InitDMA
 .stext         0x0000000000011694      0x120 ./DRIVER/hal_timers_ch32.o
                0x0000000000011694                HAL_TIMER_InitIt
                0x00000000000116f8                HAL_TIMER_PWMTimersInit
 .stext         0x00000000000117b4      0x138 ./CANopenNode/keypad/OD.o
                0x00000000000117b4                OD_ROM

.text           0x0000000000001200     0xdff0
                0x0000000000001200                . = ALIGN (0x4)
 *(.text)
 .text          0x0000000000001200      0x2ee ./FreeRTOS/portable/GCC/RISC-V/portASM.o
                0x0000000000001200                SW_Handler
                0x0000000000001300                xPortStartFirstTask
                0x0000000000001400                pxPortInitialiseStack
 .text          0x00000000000014ee       0x60 c:/mounriver/mounriver_studio/toolchain/risc-v embedded gcc/bin/../lib/gcc/riscv-none-embed/8.2.0/rv32imacxw/ilp32\libgcc.a(save-restore.o)
                0x00000000000014ee                __riscv_save_12
                0x00000000000014f6                __riscv_save_9
                0x00000000000014f6                __riscv_save_11
                0x00000000000014f6                __riscv_save_10
                0x00000000000014f6                __riscv_save_8
                0x0000000000001504                __riscv_save_4
                0x0000000000001504                __riscv_save_6
                0x0000000000001504                __riscv_save_5
                0x0000000000001504                __riscv_save_7
                0x000000000000151e                __riscv_save_3
                0x000000000000151e                __riscv_save_2
                0x000000000000151e                __riscv_save_1
                0x000000000000151e                __riscv_save_0
                0x000000000000152a                __riscv_restore_12
                0x000000000000152e                __riscv_restore_11
                0x000000000000152e                __riscv_restore_9
                0x000000000000152e                __riscv_restore_10
                0x000000000000152e                __riscv_restore_8
                0x0000000000001538                __riscv_restore_5
                0x0000000000001538                __riscv_restore_7
                0x0000000000001538                __riscv_restore_6
                0x0000000000001538                __riscv_restore_4
                0x0000000000001542                __riscv_restore_3
                0x0000000000001542                __riscv_restore_0
                0x0000000000001542                __riscv_restore_2
                0x0000000000001542                __riscv_restore_1
 .text          0x000000000000154e       0xa8 c:/mounriver/mounriver_studio/toolchain/risc-v embedded gcc/bin/../lib/gcc/riscv-none-embed/8.2.0/../../../../riscv-none-embed/lib/rv32imacxw/ilp32\libg_nano.a(lib_a-memset.o)
                0x000000000000154e                memset
 *(.text.*)
 .text.xCanOpenProcessTaskHandle
                0x00000000000015f6        0xa ./User/CanOpenNode.o
                0x00000000000015f6                xCanOpenProcessTaskHandle
 .text.xCanOpenPeriodicTaskHandle
                0x0000000000001600        0xa ./User/CanOpenNode.o
                0x0000000000001600                xCanOpenPeriodicTaskHandle
 .text.vCanOpenProcess
                0x000000000000160a      0x18a ./User/CanOpenNode.o
                0x000000000000160a                vCanOpenProcess
 .text.vCanOpenPeriodicProcess
                0x0000000000001794       0x82 ./User/CanOpenNode.o
                0x0000000000001794                vCanOpenPeriodicProcess
 .text.xDataRegQueue
                0x0000000000001816        0xa ./User/DataModel.o
                0x0000000000001816                xDataRegQueue
 .text.DataModelGetSecCounter
                0x0000000000001820        0xa ./User/DataModel.o
                0x0000000000001820                DataModelGetSecCounter
 .text.WriteRegAfterDelay
                0x000000000000182a       0x68 ./User/DataModel.o
                0x000000000000182a                WriteRegAfterDelay
 .text.WriteReg
                0x0000000000001892       0x50 ./User/DataModel.o
                0x0000000000001892                WriteReg
 .text.vGetBitrate
                0x00000000000018e2        0xe ./User/DataModel.o
                0x00000000000018e2                vGetBitrate
 .text.vFDGetNMTState
                0x00000000000018f0        0x6 ./User/DataModel.o
                0x00000000000018f0                vFDGetNMTState
 .text.vGetNodeId
                0x00000000000018f6        0xe ./User/DataModel.o
                0x00000000000018f6                vGetNodeId
 .text.vSetBitrate
                0x0000000000001904        0xe ./User/DataModel.o
                0x0000000000001904                vSetBitrate
 .text.vSetNodeID
                0x0000000000001912        0xe ./User/DataModel.o
                0x0000000000001912                vSetNodeID
 .text.vDataModelRegDelayWrite
                0x0000000000001920       0x60 ./User/DataModel.o
                0x0000000000001920                vDataModelRegDelayWrite
 .text.vIncrementSystemCounters
                0x0000000000001980       0x9c ./User/DataModel.o
                0x0000000000001980                vIncrementSystemCounters
 .text.vSaveData
                0x0000000000001a1c       0x16 ./User/DataModel.o
                0x0000000000001a1c                vSaveData
 .text.getOdometr
                0x0000000000001a32       0x14 ./User/DataModel.o
                0x0000000000001a32                getOdometr
 .text.getOdometr1
                0x0000000000001a46       0x14 ./User/DataModel.o
                0x0000000000001a46                getOdometr1
 .text.ResrtOdometr1
                0x0000000000001a5a        0xe ./User/DataModel.o
                0x0000000000001a5a                ResrtOdometr1
 .text.NMI_Handler
                0x0000000000001a68        0x2 ./User/ch32v20x_it.o
                0x0000000000001a68                NMI_Handler
 .text.HardFault_Handler
                0x0000000000001a6a        0x2 ./User/ch32v20x_it.o
                0x0000000000001a6a                HardFault_Handler
 .text.SegPrint
                0x0000000000001a6c       0x58 ./User/dash_draw.o
 .text.vCheckKeySatate
                0x0000000000001ac4       0x80 ./User/dash_draw.o
 .text.vSetErrorReg
                0x0000000000001b44        0xa ./User/dash_draw.o
                0x0000000000001b44                vSetErrorReg
 .text.getODValue
                0x0000000000001b4e      0x1bc ./User/dash_draw.o
                0x0000000000001b4e                getODValue
 .text.IncMenuIndex
                0x0000000000001d0a       0x80 ./User/dash_draw.o
                0x0000000000001d0a                IncMenuIndex
 .text.GoToHome
                0x0000000000001d8a       0x12 ./User/dash_draw.o
                0x0000000000001d8a                GoToHome
 .text.SetCurMenuHome
                0x0000000000001d9c       0x36 ./User/dash_draw.o
                0x0000000000001d9c                SetCurMenuHome
 .text.GetCurMenuHome
                0x0000000000001dd2        0x6 ./User/dash_draw.o
                0x0000000000001dd2                GetCurMenuHome
 .text.SetCurrentMenu
                0x0000000000001dd8       0x12 ./User/dash_draw.o
                0x0000000000001dd8                SetCurrentMenu
 .text.SetDefault
                0x0000000000001dea       0x2a ./User/dash_draw.o
                0x0000000000001dea                SetDefault
 .text.MenuBackHomeCheck
                0x0000000000001e14       0x38 ./User/dash_draw.o
                0x0000000000001e14                MenuBackHomeCheck
 .text.CheckMenuChannel
                0x0000000000001e4c       0x20 ./User/dash_draw.o
                0x0000000000001e4c                CheckMenuChannel
 .text.vMenuBlink
                0x0000000000001e6c       0x4a ./User/dash_draw.o
                0x0000000000001e6c                vMenuBlink
 .text.SetErrorRegiter
                0x0000000000001eb6       0x5e ./User/dash_draw.o
                0x0000000000001eb6                SetErrorRegiter
 .text.uGetCurrMenu
                0x0000000000001f14       0x26 ./User/dash_draw.o
                0x0000000000001f14                uGetCurrMenu
 .text.vGetEdgeData
                0x0000000000001f3a       0x2a ./User/dash_draw.o
                0x0000000000001f3a                vGetEdgeData
 .text.CheckLedState
                0x0000000000001f64       0xce ./User/dash_draw.o
 .text.vRGBMode
                0x0000000000002032       0xa4 ./User/dash_draw.o
                0x0000000000002032                vRGBMode
 .text.vBarColorMode
                0x00000000000020d6       0xc2 ./User/dash_draw.o
                0x00000000000020d6                vBarColorMode
 .text.vBarMode
                0x0000000000002198       0x36 ./User/dash_draw.o
                0x0000000000002198                vBarMode
 .text.vRedrawTask
                0x00000000000021ce      0x4c0 ./User/dash_draw.o
                0x00000000000021ce                vRedrawTask
 .text.HardwareDeinit
                0x000000000000268e       0x2a ./User/init.o
                0x000000000000268e                HardwareDeinit
 .text.SoftwareReset
                0x00000000000026b8       0x14 ./User/init.o
                0x00000000000026b8                SoftwareReset
 .text.ADC1_Event
                0x00000000000026cc       0x44 ./User/inputs.o
                0x00000000000026cc                ADC1_Event
 .text.CaptureDMACallBack
                0x0000000000002710       0x22 ./User/inputs.o
                0x0000000000002710                CaptureDMACallBack
 .text.CaptureDMACallBack_1
                0x0000000000002732       0x22 ./User/inputs.o
                0x0000000000002732                CaptureDMACallBack_1
 .text.fDinStateCallback
                0x0000000000002754       0x32 ./User/inputs.o
                0x0000000000002754                fDinStateCallback
 .text.getInputsTaskHandle
                0x0000000000002786        0xa ./User/inputs.o
                0x0000000000002786                getInputsTaskHandle
 .text.ADC_FSM  0x0000000000002790      0x200 ./User/inputs.o
                0x0000000000002790                ADC_FSM
 .text.GetAIN   0x0000000000002990        0xc ./User/inputs.o
                0x0000000000002990                GetAIN
 .text.InputsGetTest
                0x000000000000299c       0x44 ./User/inputs.o
                0x000000000000299c                InputsGetTest
 .text.vInputsTask
                0x00000000000029e0      0x1d8 ./User/inputs.o
                0x00000000000029e0                vInputsTask
 .text.SPI1_DMA_Callback
                0x0000000000002bb8       0x2e ./User/led.o
                0x0000000000002bb8                SPI1_DMA_Callback
 .text.SPI2_DMA_Callback
                0x0000000000002be6       0x2e ./User/led.o
                0x0000000000002be6                SPI2_DMA_Callback
 .text.SetBarState
                0x0000000000002c14       0x50 ./User/led.o
                0x0000000000002c14                SetBarState
 .text.SetRGB   0x0000000000002c64       0x4e ./User/led.o
                0x0000000000002c64                SetRGB
 .text.SetSegDirect
                0x0000000000002cb2       0x9c ./User/led.o
                0x0000000000002cb2                SetSegDirect
 .text.SetSegPoint
                0x0000000000002d4e       0x22 ./User/led.o
                0x0000000000002d4e                SetSegPoint
 .text.SetSEG   0x0000000000002d70      0x11a ./User/led.o
                0x0000000000002d70                SetSEG
 .text.SetBigSeg
                0x0000000000002e8a       0x14 ./User/led.o
                0x0000000000002e8a                SetBigSeg
 .text.vSetBrigth
                0x0000000000002e9e       0x28 ./User/led.o
                0x0000000000002e9e                vSetBrigth
 .text.vLedProcess
                0x0000000000002ec6       0x1e ./User/led.o
                0x0000000000002ec6                vLedProcess
 .text.vRGBProcess
                0x0000000000002ee4       0xe2 ./User/led.o
                0x0000000000002ee4                vRGBProcess
 .text.startup.main
                0x0000000000002fc6       0x32 ./User/main.o
                0x0000000000002fc6                main
 .text.vRestartNode
                0x0000000000002ff8        0x2 ./User/main.o
                0x0000000000002ff8                vRestartNode
 .text.Error_Handler
                0x0000000000002ffa       0x18 ./User/main.o
                0x0000000000002ffa                Error_Handler
 .text.OD_writeRGBMAP
                0x0000000000003012       0x30 ./User/process.o
 .text.OD_writeKEY
                0x0000000000003042       0x34 ./User/process.o
 .text.OD_writeHister
                0x0000000000003076       0x26 ./User/process.o
 .text.OD_readRGBMAP
                0x000000000000309c       0x22 ./User/process.o
 .text.OD_readHister
                0x00000000000030be       0x22 ./User/process.o
 .text.OD_readDIN
                0x00000000000030e0       0x1c ./User/process.o
 .text.OD_writeMenuSetup
                0x00000000000030fc       0x46 ./User/process.o
 .text.OD_writeBoardSettings
                0x0000000000003142       0xb8 ./User/process.o
 .text.CO_getUint16
                0x00000000000031fa       0x10 ./User/process.o
 .text.OD_writeSEG
                0x000000000000320a       0x44 ./User/process.o
 .text.OD_writeBAR
                0x000000000000324e       0x2e ./User/process.o
 .text.OD_writeRPMConfig
                0x000000000000327c       0x36 ./User/process.o
 .text.CO_getUint32
                0x00000000000032b2       0x18 ./User/process.o
 .text.OD_writeMenuMap
                0x00000000000032ca       0x2e ./User/process.o
 .text.OD_writeV1_14
                0x00000000000032f8       0x56 ./User/process.o
 .text.OD_writeDashParam
                0x000000000000334e       0x70 ./User/process.o
 .text.WriteRGB.isra.2
                0x00000000000033be       0x3a ./User/process.o
 .text.OD_writeRGB1
                0x00000000000033f8       0x14 ./User/process.o
 .text.OD_writeRGB2
                0x000000000000340c       0x16 ./User/process.o
 .text.OD_writeRGB3
                0x0000000000003422       0x16 ./User/process.o
 .text.OD_writeRGB4
                0x0000000000003438       0x16 ./User/process.o
 .text.OD_writeRGB5
                0x000000000000344e       0x16 ./User/process.o
 .text.OD_writeRGB6
                0x0000000000003464       0x16 ./User/process.o
 .text.OD_writeRGB7
                0x000000000000347a       0x16 ./User/process.o
 .text.OD_writeRGB8
                0x0000000000003490       0x16 ./User/process.o
 .text.OD_writeRGB9
                0x00000000000034a6       0x16 ./User/process.o
 .text.OD_writeRGB10
                0x00000000000034bc       0x16 ./User/process.o
 .text.OD_writeRGB11
                0x00000000000034d2       0x16 ./User/process.o
 .text.OD_writeRGB12
                0x00000000000034e8       0x16 ./User/process.o
 .text.OD_writeRGB13
                0x00000000000034fe       0x16 ./User/process.o
 .text.OD_writeRGB14
                0x0000000000003514       0x16 ./User/process.o
 .text.OD_writeICHC
                0x000000000000352a       0x4c ./User/process.o
 .text.OD_readKEY
                0x0000000000003576       0x24 ./User/process.o
 .text.OD_readMenuSetup
                0x000000000000359a       0x30 ./User/process.o
 .text.OD_readBoardSettings
                0x00000000000035ca       0x58 ./User/process.o
 .text.writeADC.isra.12
                0x0000000000003622       0xb6 ./User/process.o
 .text.OD_writeADC1
                0x00000000000036d8       0x10 ./User/process.o
 .text.OD_writeADC2
                0x00000000000036e8       0x10 ./User/process.o
 .text.OD_writeADC3
                0x00000000000036f8       0x10 ./User/process.o
 .text.OD_readRGB.isra.8
                0x0000000000003708       0x22 ./User/process.o
 .text.OD_readRGB1
                0x000000000000372a       0x14 ./User/process.o
 .text.OD_readRGB2
                0x000000000000373e       0x16 ./User/process.o
 .text.OD_readRGB3
                0x0000000000003754       0x16 ./User/process.o
 .text.OD_readRGB4
                0x000000000000376a       0x16 ./User/process.o
 .text.OD_readRGB5
                0x0000000000003780       0x16 ./User/process.o
 .text.OD_readRGB6
                0x0000000000003796       0x16 ./User/process.o
 .text.OD_readRGB7
                0x00000000000037ac       0x16 ./User/process.o
 .text.OD_readRGB8
                0x00000000000037c2       0x16 ./User/process.o
 .text.OD_readRGB9
                0x00000000000037d8       0x16 ./User/process.o
 .text.OD_readRGB10
                0x00000000000037ee       0x16 ./User/process.o
 .text.OD_readRGB11
                0x0000000000003804       0x16 ./User/process.o
 .text.OD_readRGB12
                0x000000000000381a       0x16 ./User/process.o
 .text.OD_readRGB13
                0x0000000000003830       0x16 ./User/process.o
 .text.OD_readRGB14
                0x0000000000003846       0x16 ./User/process.o
 .text.OD_readSEG
                0x000000000000385c       0x34 ./User/process.o
 .text.OD_readDashParam
                0x0000000000003890       0x5a ./User/process.o
 .text.OD_readICHC
                0x00000000000038ea       0x4e ./User/process.o
 .text.OD_readRPMConfig
                0x0000000000003938       0x2a ./User/process.o
 .text.OD_readAIN_RPM
                0x0000000000003962       0x26 ./User/process.o
 .text.OD_readMenuMap
                0x0000000000003988       0x2c ./User/process.o
 .text.OD_readBar
                0x00000000000039b4       0x28 ./User/process.o
 .text.readADC.isra.4
                0x00000000000039dc       0x5a ./User/process.o
 .text.OD_readADC1
                0x0000000000003a36       0x10 ./User/process.o
 .text.OD_readADC2
                0x0000000000003a46       0x10 ./User/process.o
 .text.OD_readADC3
                0x0000000000003a56       0x10 ./User/process.o
 .text.SystemInit
                0x0000000000003a66       0xea ./User/system_ch32v20x.o
                0x0000000000003a66                SystemInit
 .text.SystemCoreClockUpdate
                0x0000000000003b50       0x8e ./User/system_ch32v20x.o
                0x0000000000003b50                SystemCoreClockUpdate
 .text.StartDefaultTask
                0x0000000000003bde      0x11a ./User/system_init.o
 .text.vApplicationGetIdleTaskMemory
                0x0000000000003cf8       0x1c ./User/system_init.o
                0x0000000000003cf8                vApplicationGetIdleTaskMemory
 .text.vSystemStop
                0x0000000000003d14       0x26 ./User/system_init.o
                0x0000000000003d14                vSystemStop
 .text.vector_handler
                0x0000000000003d3a       0x6c ./Startup/startup_ch32v20x_D6.o
                0x0000000000003d3e                Ecall_M_Mode_Handler
                0x0000000000003d40                Ecall_U_Mode_Handler
                0x0000000000003d42                Break_Point_Handler
                0x0000000000003d48                WWDG_IRQHandler
                0x0000000000003d4a                PVD_IRQHandler
                0x0000000000003d4c                TAMPER_IRQHandler
                0x0000000000003d50                FLASH_IRQHandler
                0x0000000000003d52                RCC_IRQHandler
                0x0000000000003d54                EXTI0_IRQHandler
                0x0000000000003d56                EXTI1_IRQHandler
                0x0000000000003d58                EXTI2_IRQHandler
                0x0000000000003d5a                EXTI3_IRQHandler
                0x0000000000003d5c                EXTI4_IRQHandler
                0x0000000000003d60                DMA1_Channel2_IRQHandler
                0x0000000000003d68                DMA1_Channel6_IRQHandler
                0x0000000000003d76                EXTI9_5_IRQHandler
                0x0000000000003d78                TIM1_BRK_IRQHandler
                0x0000000000003d7a                TIM1_UP_IRQHandler
                0x0000000000003d7c                TIM1_TRG_COM_IRQHandler
                0x0000000000003d7e                TIM1_CC_IRQHandler
                0x0000000000003d80                TIM2_IRQHandler
                0x0000000000003d82                TIM3_IRQHandler
                0x0000000000003d8a                I2C2_EV_IRQHandler
                0x0000000000003d8c                I2C2_ER_IRQHandler
                0x0000000000003d8e                SPI1_IRQHandler
                0x0000000000003d90                SPI2_IRQHandler
                0x0000000000003d92                USART1_IRQHandler
                0x0000000000003d94                USART2_IRQHandler
                0x0000000000003d96                USART3_IRQHandler
                0x0000000000003d98                EXTI15_10_IRQHandler
                0x0000000000003d9a                RTCAlarm_IRQHandler
                0x0000000000003d9c                USBWakeUp_IRQHandler
                0x0000000000003d9e                USBHD_IRQHandler
                0x0000000000003da0                USBHDWakeUp_IRQHandler
                0x0000000000003da2                UART4_IRQHandler
                0x0000000000003da4                DMA1_Channel8_IRQHandler
 .text.handle_reset
                0x0000000000003da6       0x92 ./Startup/startup_ch32v20x_D6.o
                0x0000000000003da6                handle_reset
 .text.ADC_Cmd  0x0000000000003e38       0x10 ./Peripheral/src/ch32v20x_adc.o
                0x0000000000003e38                ADC_Cmd
 .text.ADC_GetResetCalibrationStatus
                0x0000000000003e48        0x8 ./Peripheral/src/ch32v20x_adc.o
                0x0000000000003e48                ADC_GetResetCalibrationStatus
 .text.ADC_GetCalibrationStatus
                0x0000000000003e50        0x8 ./Peripheral/src/ch32v20x_adc.o
                0x0000000000003e50                ADC_GetCalibrationStatus
 .text.ADC_GetITStatus
                0x0000000000003e58       0x1c ./Peripheral/src/ch32v20x_adc.o
                0x0000000000003e58                ADC_GetITStatus
 .text.ADC_ClearITPendingBit
                0x0000000000003e74        0xa ./Peripheral/src/ch32v20x_adc.o
                0x0000000000003e74                ADC_ClearITPendingBit
 .text.Get_CalibrationValue
                0x0000000000003e7e      0x1fe ./Peripheral/src/ch32v20x_adc.o
                0x0000000000003e7e                Get_CalibrationValue
 .text.DMA_GetFlagStatus
                0x000000000000407c        0xe ./Peripheral/src/ch32v20x_dma.o
                0x000000000000407c                DMA_GetFlagStatus
 .text.DMA_GetITStatus
                0x000000000000408a        0xc ./Peripheral/src/ch32v20x_dma.o
                0x000000000000408a                DMA_GetITStatus
 .text.DMA_ClearITPendingBit
                0x0000000000004096        0x8 ./Peripheral/src/ch32v20x_dma.o
                0x0000000000004096                DMA_ClearITPendingBit
 .text.FLASH_GetBank1Status
                0x000000000000409e       0x18 ./Peripheral/src/ch32v20x_flash.o
                0x000000000000409e                FLASH_GetBank1Status
 .text.FLASH_WaitForLastOperation
                0x00000000000040b6       0x24 ./Peripheral/src/ch32v20x_flash.o
                0x00000000000040b6                FLASH_WaitForLastOperation
 .text.GPIO_Init
                0x00000000000040da       0xfa ./Peripheral/src/ch32v20x_gpio.o
                0x00000000000040da                GPIO_Init
 .text.GPIO_PinRemapConfig
                0x00000000000041d4       0xf2 ./Peripheral/src/ch32v20x_gpio.o
                0x00000000000041d4                GPIO_PinRemapConfig
 .text.I2C_DualAddressCmd
                0x00000000000042c6       0x18 ./Peripheral/src/ch32v20x_i2c.o
                0x00000000000042c6                I2C_DualAddressCmd
 .text.I2C_ClearFlag
                0x00000000000042de        0xc ./Peripheral/src/ch32v20x_i2c.o
                0x00000000000042de                I2C_ClearFlag
 .text.RCC_LSEConfig
                0x00000000000042ea       0x28 ./Peripheral/src/ch32v20x_rcc.o
                0x00000000000042ea                RCC_LSEConfig
 .text.RCC_GetClocksFreq
                0x0000000000004312       0xbe ./Peripheral/src/ch32v20x_rcc.o
                0x0000000000004312                RCC_GetClocksFreq
 .text.RCC_APB2PeriphClockCmd
                0x00000000000043d0       0x1e ./Peripheral/src/ch32v20x_rcc.o
                0x00000000000043d0                RCC_APB2PeriphClockCmd
 .text.RCC_GetFlagStatus
                0x00000000000043ee       0x2e ./Peripheral/src/ch32v20x_rcc.o
                0x00000000000043ee                RCC_GetFlagStatus
 .text.RTC_EnterConfigMode
                0x000000000000441c       0x12 ./Peripheral/src/ch32v20x_rtc.o
                0x000000000000441c                RTC_EnterConfigMode
 .text.RTC_ExitConfigMode
                0x000000000000442e       0x18 ./Peripheral/src/ch32v20x_rtc.o
                0x000000000000442e                RTC_ExitConfigMode
 .text.RTC_GetCounter
                0x0000000000004446       0x36 ./Peripheral/src/ch32v20x_rtc.o
                0x0000000000004446                RTC_GetCounter
 .text.RTC_SetCounter
                0x000000000000447c       0x2c ./Peripheral/src/ch32v20x_rtc.o
                0x000000000000447c                RTC_SetCounter
 .text.RTC_SetPrescaler
                0x00000000000044a8       0x2e ./Peripheral/src/ch32v20x_rtc.o
                0x00000000000044a8                RTC_SetPrescaler
 .text.RTC_WaitForLastTask
                0x00000000000044d6       0x10 ./Peripheral/src/ch32v20x_rtc.o
                0x00000000000044d6                RTC_WaitForLastTask
 .text.RTC_WaitForSynchro
                0x00000000000044e6       0x24 ./Peripheral/src/ch32v20x_rtc.o
                0x00000000000044e6                RTC_WaitForSynchro
 .text.TIM_OC1Init
                0x000000000000450a       0x6a ./Peripheral/src/ch32v20x_tim.o
                0x000000000000450a                TIM_OC1Init
 .text.TIM_OC2Init
                0x0000000000004574       0x96 ./Peripheral/src/ch32v20x_tim.o
                0x0000000000004574                TIM_OC2Init
 .text.TIM_OC3Init
                0x000000000000460a       0x94 ./Peripheral/src/ch32v20x_tim.o
                0x000000000000460a                TIM_OC3Init
 .text.TIM_OC4Init
                0x000000000000469e       0x6c ./Peripheral/src/ch32v20x_tim.o
                0x000000000000469e                TIM_OC4Init
 .text.TIM_OC1PreloadConfig
                0x000000000000470a        0xe ./Peripheral/src/ch32v20x_tim.o
                0x000000000000470a                TIM_OC1PreloadConfig
 .text.TIM_OC2PreloadConfig
                0x0000000000004718       0x16 ./Peripheral/src/ch32v20x_tim.o
                0x0000000000004718                TIM_OC2PreloadConfig
 .text.TIM_OC3PreloadConfig
                0x000000000000472e        0xe ./Peripheral/src/ch32v20x_tim.o
                0x000000000000472e                TIM_OC3PreloadConfig
 .text.TIM_OC4PreloadConfig
                0x000000000000473c       0x16 ./Peripheral/src/ch32v20x_tim.o
                0x000000000000473c                TIM_OC4PreloadConfig
 .text.TIM_GetITStatus
                0x0000000000004752       0x18 ./Peripheral/src/ch32v20x_tim.o
                0x0000000000004752                TIM_GetITStatus
 .text.USART_Init
                0x000000000000476a       0xbc ./Peripheral/src/ch32v20x_usart.o
                0x000000000000476a                USART_Init
 .text.USART_Cmd
                0x0000000000004826       0x16 ./Peripheral/src/ch32v20x_usart.o
                0x0000000000004826                USART_Cmd
 .text.USART_SendData
                0x000000000000483c        0x8 ./Peripheral/src/ch32v20x_usart.o
                0x000000000000483c                USART_SendData
 .text.USART_GetFlagStatus
                0x0000000000004844        0xa ./Peripheral/src/ch32v20x_usart.o
                0x0000000000004844                USART_GetFlagStatus
 .text.vRCFilterConfig
                0x000000000000484e       0x2e ./HAL_LIB/filters.o
                0x000000000000484e                vRCFilterConfig
 .text.AddBufferData
                0x000000000000487c       0x20 ./HAL_LIB/filters.o
                0x000000000000487c                AddBufferData
 .text.GetConversional
                0x000000000000489c       0x4a ./HAL_LIB/filters.o
                0x000000000000489c                GetConversional
 .text.GetDataRegister
                0x00000000000048e6        0xa ./HAL_LIB/hw_data_model.o
                0x00000000000048e6                GetDataRegister
 .text.GetRegisterAddr
                0x00000000000048f0        0xc ./HAL_LIB/hw_data_model.o
                0x00000000000048f0                GetRegisterAddr
 .text.ClearDataModel
                0x00000000000048fc       0x1a ./HAL_LIB/hw_data_model.o
                0x00000000000048fc                ClearDataModel
 .text.setReg32
                0x0000000000004916       0x1e ./HAL_LIB/hw_data_model.o
                0x0000000000004916                setReg32
 .text.setReg16
                0x0000000000004934       0x12 ./HAL_LIB/hw_data_model.o
                0x0000000000004934                setReg16
 .text.setReg8  0x0000000000004946        0xe ./HAL_LIB/hw_data_model.o
                0x0000000000004946                setReg8
 .text.getReg16
                0x0000000000004954       0x14 ./HAL_LIB/hw_data_model.o
                0x0000000000004954                getReg16
 .text.getReg32
                0x0000000000004968       0x20 ./HAL_LIB/hw_data_model.o
                0x0000000000004968                getReg32
 .text.getReg8  0x0000000000004988        0xe ./HAL_LIB/hw_data_model.o
                0x0000000000004988                getReg8
 .text.fGetAinCalData
                0x0000000000004996       0x7a ./HAL_LIB/hw_lib_adc.o
                0x0000000000004996                fGetAinCalData
 .text.eAinCalDataConfig
                0x0000000000004a10       0x50 ./HAL_LIB/hw_lib_adc.o
                0x0000000000004a10                eAinCalDataConfig
 .text.vABLineKoofFinde
                0x0000000000004a60       0x6a ./HAL_LIB/hw_lib_adc.o
                0x0000000000004a60                vABLineKoofFinde
 .text.eSetAinCalPoint
                0x0000000000004aca       0x64 ./HAL_LIB/hw_lib_adc.o
                0x0000000000004aca                eSetAinCalPoint
 .text.getADC1Buffer
                0x0000000000004b2e        0xa ./HAL_LIB/hw_lib_adc.o
                0x0000000000004b2e                getADC1Buffer
 .text.uGetDIN  0x0000000000004b38       0x14 ./HAL_LIB/hw_lib_din.o
                0x0000000000004b38                uGetDIN
 .text.eRPMConfig
                0x0000000000004b4c       0x5a ./HAL_LIB/hw_lib_din.o
                0x0000000000004b4c                eRPMConfig
 .text.RMPDataConvert
                0x0000000000004ba6       0x4e ./HAL_LIB/hw_lib_din.o
                0x0000000000004ba6                RMPDataConvert
 .text.GetRPM   0x0000000000004bf4       0x7a ./HAL_LIB/hw_lib_din.o
                0x0000000000004bf4                GetRPM
 .text.vDinDoutProcess
                0x0000000000004c6e       0x88 ./HAL_LIB/hw_lib_din.o
                0x0000000000004c6e                vDinDoutProcess
 .text.getCaputreBuffer
                0x0000000000004cf6       0x16 ./HAL_LIB/hw_lib_din.o
                0x0000000000004cf6                getCaputreBuffer
 .text.I2C_FSM  0x0000000000004d0c      0x198 ./HAL_LIB/hw_lib_eeprom_i2c.o
                0x0000000000004d0c                I2C_FSM
 .text.eEEPROMWrFast
                0x0000000000004ea4      0x102 ./HAL_LIB/hw_lib_eeprom_i2c.o
                0x0000000000004ea4                eEEPROMWrFast
 .text.eEEPROMWr
                0x0000000000004fa6       0xe0 ./HAL_LIB/hw_lib_eeprom_i2c.o
                0x0000000000004fa6                eEEPROMWr
 .text.eEEPROMRd
                0x0000000000005086       0x8a ./HAL_LIB/hw_lib_eeprom_i2c.o
                0x0000000000005086                eEEPROMRd
 .text.vHW_INIT_TIMEOUT
                0x0000000000005110       0x1c ./HAL_LIB/hw_timeout.o
                0x0000000000005110                vHW_INIT_TIMEOUT
 .text.vHW_PROCESS_TIMEOUT
                0x000000000000512c       0x26 ./HAL_LIB/hw_timeout.o
                0x000000000000512c                vHW_PROCESS_TIMEOUT
 .text.HAL_CANSetTXCallback
                0x0000000000005152        0xa ./HAL_DRIVER/hal_can_ch32.o
                0x0000000000005152                HAL_CANSetTXCallback
 .text.HAL_CANSetRXCallback
                0x000000000000515c        0xa ./HAL_DRIVER/hal_can_ch32.o
                0x000000000000515c                HAL_CANSetRXCallback
 .text.HAL_CANSetERRCallback
                0x0000000000005166        0xa ./HAL_DRIVER/hal_can_ch32.o
                0x0000000000005166                HAL_CANSetERRCallback
 .text.HAL_CANSend
                0x0000000000005170       0xc4 ./HAL_DRIVER/hal_can_ch32.o
                0x0000000000005170                HAL_CANSend
 .text.HAL_CANGetRXMessage
                0x0000000000005234       0xb0 ./HAL_DRIVER/hal_can_ch32.o
                0x0000000000005234                HAL_CANGetRXMessage
 .text.USB_HP_CAN1_TX_IRQHandler
                0x00000000000052e4       0x60 ./HAL_DRIVER/hal_can_ch32.o
                0x00000000000052e4                USB_HP_CAN1_TX_IRQHandler
 .text.USB_LP_CAN1_RX0_IRQHandler
                0x0000000000005344       0x5e ./HAL_DRIVER/hal_can_ch32.o
                0x0000000000005344                USB_LP_CAN1_RX0_IRQHandler
 .text.CAN1_RX1_IRQHandler
                0x00000000000053a2       0x5e ./HAL_DRIVER/hal_can_ch32.o
                0x00000000000053a2                CAN1_RX1_IRQHandler
 .text.CAN1_SCE_IRQHandler
                0x0000000000005400       0x5c ./HAL_DRIVER/hal_can_ch32.o
                0x0000000000005400                CAN1_SCE_IRQHandler
 .text.ProgramOptionByteData
                0x000000000000545c      0x120 ./HAL_DRIVER/hal_flash_ch32.o
                0x000000000000545c                ProgramOptionByteData
 .text.HAL_GetBit
                0x000000000000557c        0xa ./HAL_DRIVER/hal_gpio_ch32.o
                0x000000000000557c                HAL_GetBit
 .text.HAL_SetBit
                0x0000000000005586        0x4 ./HAL_DRIVER/hal_gpio_ch32.o
                0x0000000000005586                HAL_SetBit
 .text.HAL_ResetBit
                0x000000000000558a        0x4 ./HAL_DRIVER/hal_gpio_ch32.o
                0x000000000000558a                HAL_ResetBit
 .text.RTC_IRQHandler
                0x000000000000558e       0x78 ./HAL_DRIVER/hal_rtc_ch32.o
                0x000000000000558e                RTC_IRQHandler
 .text.HAL_WDTReset
                0x0000000000005606        0xe ./HAL_DRIVER/hal_wdt_ch32.o
                0x0000000000005606                HAL_WDTReset
 .text.prvInsertBlockIntoFreeList
                0x0000000000005614       0x4c ./FreeRTOS/portable/MemMang/heap_4.o
 .text.pvPortMalloc
                0x0000000000005660      0x18a ./FreeRTOS/portable/MemMang/heap_4.o
                0x0000000000005660                pvPortMalloc
 .text.vPortSetupTimerInterrupt
                0x00000000000057ea       0x3e ./FreeRTOS/portable/GCC/RISC-V/port.o
                0x00000000000057ea                vPortSetupTimerInterrupt
 .text.xPortStartScheduler
                0x0000000000005828       0x90 ./FreeRTOS/portable/GCC/RISC-V/port.o
                0x0000000000005828                xPortStartScheduler
 .text.SysTick_Handler
                0x00000000000058b8       0x7c ./FreeRTOS/portable/GCC/RISC-V/port.o
                0x00000000000058b8                SysTick_Handler
 .text.vPortEnterCritical
                0x0000000000005934       0x16 ./FreeRTOS/portable/GCC/RISC-V/port.o
                0x0000000000005934                vPortEnterCritical
 .text.vPortExitCritical
                0x000000000000594a       0x42 ./FreeRTOS/portable/GCC/RISC-V/port.o
                0x000000000000594a                vPortExitCritical
 .text.xPortSetInterruptMask
                0x000000000000598c        0xc ./FreeRTOS/portable/GCC/RISC-V/port.o
                0x000000000000598c                xPortSetInterruptMask
 .text.vPortClearInterruptMask
                0x0000000000005998        0x6 ./FreeRTOS/portable/GCC/RISC-V/port.o
                0x0000000000005998                vPortClearInterruptMask
 .text.vListInitialise
                0x000000000000599e       0x14 ./FreeRTOS/list.o
                0x000000000000599e                vListInitialise
 .text.vListInitialiseItem
                0x00000000000059b2        0x6 ./FreeRTOS/list.o
                0x00000000000059b2                vListInitialiseItem
 .text.vListInsertEnd
                0x00000000000059b8       0x18 ./FreeRTOS/list.o
                0x00000000000059b8                vListInsertEnd
 .text.vListInsert
                0x00000000000059d0       0x2e ./FreeRTOS/list.o
                0x00000000000059d0                vListInsert
 .text.uxListRemove
                0x00000000000059fe       0x20 ./FreeRTOS/list.o
                0x00000000000059fe                uxListRemove
 .text.prvIsQueueEmpty
                0x0000000000005a1e       0x1e ./FreeRTOS/queue.o
 .text.prvCopyDataToQueue
                0x0000000000005a3c       0x72 ./FreeRTOS/queue.o
 .text.prvCopyDataFromQueue
                0x0000000000005aae       0x28 ./FreeRTOS/queue.o
 .text.prvUnlockQueue
                0x0000000000005ad6       0x76 ./FreeRTOS/queue.o
 .text.xQueueGenericReset
                0x0000000000005b4c       0xc4 ./FreeRTOS/queue.o
                0x0000000000005b4c                xQueueGenericReset
 .text.xQueueGenericCreateStatic
                0x0000000000005c10       0xae ./FreeRTOS/queue.o
                0x0000000000005c10                xQueueGenericCreateStatic
 .text.xQueueGenericCreate
                0x0000000000005cbe       0x72 ./FreeRTOS/queue.o
                0x0000000000005cbe                xQueueGenericCreate
 .text.xQueueGenericSend
                0x0000000000005d30      0x178 ./FreeRTOS/queue.o
                0x0000000000005d30                xQueueGenericSend
 .text.xQueueGiveMutexRecursive
                0x0000000000005ea8       0x56 ./FreeRTOS/queue.o
                0x0000000000005ea8                xQueueGiveMutexRecursive
 .text.xQueueCreateMutex
                0x0000000000005efe       0x2e ./FreeRTOS/queue.o
                0x0000000000005efe                xQueueCreateMutex
 .text.xQueueReceive
                0x0000000000005f2c      0x138 ./FreeRTOS/queue.o
                0x0000000000005f2c                xQueueReceive
 .text.xQueueSemaphoreTake
                0x0000000000006064      0x18e ./FreeRTOS/queue.o
                0x0000000000006064                xQueueSemaphoreTake
 .text.xQueueTakeMutexRecursive
                0x00000000000061f2       0x5a ./FreeRTOS/queue.o
                0x00000000000061f2                xQueueTakeMutexRecursive
 .text.uxQueueMessagesWaiting
                0x000000000000624c       0x44 ./FreeRTOS/queue.o
                0x000000000000624c                uxQueueMessagesWaiting
 .text.prvIdleTask
                0x0000000000006290        0x2 ./FreeRTOS/tasks.o
 .text.prvAddNewTaskToReadyList
                0x0000000000006292      0x10e ./FreeRTOS/tasks.o
 .text.prvResetNextTaskUnblockTime
                0x00000000000063a0       0x24 ./FreeRTOS/tasks.o
 .text.prvTaskIsTaskSuspended
                0x00000000000063c4       0x50 ./FreeRTOS/tasks.o
 .text.prvInitialiseNewTask.isra.2
                0x0000000000006414       0xc8 ./FreeRTOS/tasks.o
 .text.prvAddCurrentTaskToDelayedList
                0x00000000000064dc       0xa8 ./FreeRTOS/tasks.o
 .text.xTaskCreateStatic
                0x0000000000006584       0xa6 ./FreeRTOS/tasks.o
                0x0000000000006584                xTaskCreateStatic
 .text.vTaskResume
                0x000000000000662a       0xaa ./FreeRTOS/tasks.o
                0x000000000000662a                vTaskResume
 .text.vTaskStartScheduler
                0x00000000000066d4       0x60 ./FreeRTOS/tasks.o
                0x00000000000066d4                vTaskStartScheduler
 .text.vTaskSuspendAll
                0x0000000000006734       0x10 ./FreeRTOS/tasks.o
                0x0000000000006734                vTaskSuspendAll
 .text.xTaskGetTickCount
                0x0000000000006744        0x6 ./FreeRTOS/tasks.o
                0x0000000000006744                xTaskGetTickCount
 .text.xTaskIncrementTick
                0x000000000000674a      0x19c ./FreeRTOS/tasks.o
                0x000000000000674a                xTaskIncrementTick
 .text.xTaskResumeAll
                0x00000000000068e6      0x158 ./FreeRTOS/tasks.o
                0x00000000000068e6                xTaskResumeAll
 .text.vTaskDelay
                0x0000000000006a3e       0x66 ./FreeRTOS/tasks.o
                0x0000000000006a3e                vTaskDelay
 .text.vTaskSwitchContext
                0x0000000000006aa4       0x96 ./FreeRTOS/tasks.o
                0x0000000000006aa4                vTaskSwitchContext
 .text.vTaskSuspend
                0x0000000000006b3a       0xea ./FreeRTOS/tasks.o
                0x0000000000006b3a                vTaskSuspend
 .text.vTaskPlaceOnEventList
                0x0000000000006c24       0x48 ./FreeRTOS/tasks.o
                0x0000000000006c24                vTaskPlaceOnEventList
 .text.xTaskRemoveFromEventList
                0x0000000000006c6c       0xe8 ./FreeRTOS/tasks.o
                0x0000000000006c6c                xTaskRemoveFromEventList
 .text.vTaskInternalSetTimeOutState
                0x0000000000006d54        0xe ./FreeRTOS/tasks.o
                0x0000000000006d54                vTaskInternalSetTimeOutState
 .text.xTaskCheckForTimeOut
                0x0000000000006d62       0xaa ./FreeRTOS/tasks.o
                0x0000000000006d62                xTaskCheckForTimeOut
 .text.vTaskMissedYield
                0x0000000000006e0c        0x8 ./FreeRTOS/tasks.o
                0x0000000000006e0c                vTaskMissedYield
 .text.xTaskGetCurrentTaskHandle
                0x0000000000006e14        0xa ./FreeRTOS/tasks.o
                0x0000000000006e14                xTaskGetCurrentTaskHandle
 .text.xTaskPriorityInherit
                0x0000000000006e1e       0xae ./FreeRTOS/tasks.o
                0x0000000000006e1e                xTaskPriorityInherit
 .text.xTaskPriorityDisinherit
                0x0000000000006ecc       0xca ./FreeRTOS/tasks.o
                0x0000000000006ecc                xTaskPriorityDisinherit
 .text.vTaskPriorityDisinheritAfterTimeout
                0x0000000000006f96       0xe6 ./FreeRTOS/tasks.o
                0x0000000000006f96                vTaskPriorityDisinheritAfterTimeout
 .text.pvTaskIncrementMutexHeldCount
                0x000000000000707c       0x1c ./FreeRTOS/tasks.o
                0x000000000000707c                pvTaskIncrementMutexHeldCount
 .text.ulTaskGenericNotifyTake
                0x0000000000007098       0xb8 ./FreeRTOS/tasks.o
                0x0000000000007098                ulTaskGenericNotifyTake
 .text.xTaskGenericNotifyWait
                0x0000000000007150       0xe6 ./FreeRTOS/tasks.o
                0x0000000000007150                xTaskGenericNotifyWait
 .text.xTaskGenericNotifyFromISR
                0x0000000000007236      0x1ec ./FreeRTOS/tasks.o
                0x0000000000007236                xTaskGenericNotifyFromISR
 .text.Delay_Init
                0x0000000000007422       0x3e ./Debug/debug.o
                0x0000000000007422                Delay_Init
 .text.Delay_Ms
                0x0000000000007460       0x3c ./Debug/debug.o
                0x0000000000007460                Delay_Ms
 .text.USART_Printf_Init
                0x000000000000749c       0x5a ./Debug/debug.o
                0x000000000000749c                USART_Printf_Init
 .text._write   0x00000000000074f6       0x3e ./Debug/debug.o
                0x00000000000074f6                _write
 .text._sbrk    0x0000000000007534       0x2a ./Debug/debug.o
                0x0000000000007534                _sbrk
 .text.Get_ConversionVal
                0x000000000000755e       0x2a ./DRIVER/hal_adc_ch32.o
                0x000000000000755e                Get_ConversionVal
 .text.HAL_ADC_RegularChannelConfig
                0x0000000000007588       0x46 ./DRIVER/hal_adc_ch32.o
                0x0000000000007588                HAL_ADC_RegularChannelConfig
 .text.HAL_ADC_ContiniusScanCinvertionDMA
                0x00000000000075ce       0xca ./DRIVER/hal_adc_ch32.o
                0x00000000000075ce                HAL_ADC_ContiniusScanCinvertionDMA
 .text.HAL_ADC_StartDMA
                0x0000000000007698       0x42 ./DRIVER/hal_adc_ch32.o
                0x0000000000007698                HAL_ADC_StartDMA
 .text.ADC1_2_IRQHandler
                0x00000000000076da       0x70 ./DRIVER/hal_adc_ch32.o
                0x00000000000076da                ADC1_2_IRQHandler
 .text.DMA_IRQ  0x000000000000774a       0x3a ./DRIVER/hal_dma_ch32.o
 .text.HAL_DMA_Enable
                0x0000000000007784       0x18 ./DRIVER/hal_dma_ch32.o
                0x0000000000007784                HAL_DMA_Enable
 .text.HAL_DMA_Disable
                0x000000000000779c       0x1a ./DRIVER/hal_dma_ch32.o
                0x000000000000779c                HAL_DMA_Disable
 .text.HAL_DMAInitIT
                0x00000000000077b6       0xa0 ./DRIVER/hal_dma_ch32.o
                0x00000000000077b6                HAL_DMAInitIT
 .text.HAL_DMA_SetCounter
                0x0000000000007856       0x12 ./DRIVER/hal_dma_ch32.o
                0x0000000000007856                HAL_DMA_SetCounter
 .text.HAL_DMA_ITENABLE
                0x0000000000007868       0x16 ./DRIVER/hal_dma_ch32.o
                0x0000000000007868                HAL_DMA_ITENABLE
 .text.HAL_DMA_SetCouterAndEnable
                0x000000000000787e       0x1a ./DRIVER/hal_dma_ch32.o
                0x000000000000787e                HAL_DMA_SetCouterAndEnable
 .text.DMA1_Channel1_IRQHandler
                0x0000000000007898       0x4e ./DRIVER/hal_dma_ch32.o
                0x0000000000007898                DMA1_Channel1_IRQHandler
 .text.DMA1_Channel3_IRQHandler
                0x00000000000078e6       0x4e ./DRIVER/hal_dma_ch32.o
                0x00000000000078e6                DMA1_Channel3_IRQHandler
 .text.DMA1_Channel4_IRQHandler
                0x0000000000007934       0x4e ./DRIVER/hal_dma_ch32.o
                0x0000000000007934                DMA1_Channel4_IRQHandler
 .text.DMA1_Channel5_IRQHandler
                0x0000000000007982       0x4e ./DRIVER/hal_dma_ch32.o
                0x0000000000007982                DMA1_Channel5_IRQHandler
 .text.DMA1_Channel7_IRQHandler
                0x00000000000079d0       0x4e ./DRIVER/hal_dma_ch32.o
                0x00000000000079d0                DMA1_Channel7_IRQHandler
 .text.HAL_I2C_Init
                0x0000000000007a1e       0xf6 ./DRIVER/hal_i2c_ch32.o
                0x0000000000007a1e                HAL_I2C_Init
 .text.HAL_I2C_GET_STAR2
                0x0000000000007b14        0xe ./DRIVER/hal_i2c_ch32.o
                0x0000000000007b14                HAL_I2C_GET_STAR2
 .text.HAL_I2C_GET_STAR1
                0x0000000000007b22        0xe ./DRIVER/hal_i2c_ch32.o
                0x0000000000007b22                HAL_I2C_GET_STAR1
 .text.HAL_I2C_ENABLE
                0x0000000000007b30       0x14 ./DRIVER/hal_i2c_ch32.o
                0x0000000000007b30                HAL_I2C_ENABLE
 .text.HAL_I2C_DISABLE
                0x0000000000007b44       0x1a ./DRIVER/hal_i2c_ch32.o
                0x0000000000007b44                HAL_I2C_DISABLE
 .text.I2C_IT_ENABLE
                0x0000000000007b5e       0x12 ./DRIVER/hal_i2c_ch32.o
                0x0000000000007b5e                I2C_IT_ENABLE
 .text.I2C_IT_DISABLE
                0x0000000000007b70       0x16 ./DRIVER/hal_i2c_ch32.o
                0x0000000000007b70                I2C_IT_DISABLE
 .text.HAL_I2C_STOP
                0x0000000000007b86       0x14 ./DRIVER/hal_i2c_ch32.o
                0x0000000000007b86                HAL_I2C_STOP
 .text.HAL_I2C_START
                0x0000000000007b9a       0x14 ./DRIVER/hal_i2c_ch32.o
                0x0000000000007b9a                HAL_I2C_START
 .text.HAL_I2C_SEND
                0x0000000000007bae        0xe ./DRIVER/hal_i2c_ch32.o
                0x0000000000007bae                HAL_I2C_SEND
 .text.HAL_I2C_SEND_ADDR_TRANS
                0x0000000000007bbc       0x12 ./DRIVER/hal_i2c_ch32.o
                0x0000000000007bbc                HAL_I2C_SEND_ADDR_TRANS
 .text.HAL_I2C_SEND_ADDR_RECIEVE
                0x0000000000007bce       0x16 ./DRIVER/hal_i2c_ch32.o
                0x0000000000007bce                HAL_I2C_SEND_ADDR_RECIEVE
 .text.HAL_I2C_ACK_ENABLE
                0x0000000000007be4       0x14 ./DRIVER/hal_i2c_ch32.o
                0x0000000000007be4                HAL_I2C_ACK_ENABLE
 .text.HAL_I2C_ACK_DISABLE
                0x0000000000007bf8       0x1c ./DRIVER/hal_i2c_ch32.o
                0x0000000000007bf8                HAL_I2C_ACK_DISABLE
 .text.HAL_I2C_ClearFlag
                0x0000000000007c14       0x20 ./DRIVER/hal_i2c_ch32.o
                0x0000000000007c14                HAL_I2C_ClearFlag
 .text.HAL_I2C_READ_DATA
                0x0000000000007c34        0xe ./DRIVER/hal_i2c_ch32.o
                0x0000000000007c34                HAL_I2C_READ_DATA
 .text.I2C1_EV_IRQHandler
                0x0000000000007c42       0x52 ./DRIVER/hal_i2c_ch32.o
                0x0000000000007c42                I2C1_EV_IRQHandler
 .text.I2C1_ER_IRQHandler
                0x0000000000007c94       0x52 ./DRIVER/hal_i2c_ch32.o
                0x0000000000007c94                I2C1_ER_IRQHandler
 .text.HAL_SPI_RXOveleyClear
                0x0000000000007ce6       0x1e ./DRIVER/hal_spi_ch32.o
                0x0000000000007ce6                HAL_SPI_RXOveleyClear
 .text.HAL_SPI_GetBusy
                0x0000000000007d04       0x10 ./DRIVER/hal_spi_ch32.o
                0x0000000000007d04                HAL_SPI_GetBusy
 .text.HAL_TIMER_BaseTimerInit.constprop.2
                0x0000000000007d14       0x7e ./DRIVER/hal_timers_ch32.o
 .text.HAL_TiemrEneblae
                0x0000000000007d92       0x1a ./DRIVER/hal_timers_ch32.o
                0x0000000000007d92                HAL_TiemrEneblae
 .text.TIM4_IRQHandler
                0x0000000000007dac       0x70 ./DRIVER/hal_timers_ch32.o
                0x0000000000007dac                TIM4_IRQHandler
 .text.HAL_TiemrDisable
                0x0000000000007e1c       0x1c ./DRIVER/hal_timers_ch32.o
                0x0000000000007e1c                HAL_TiemrDisable
 .text.HAL_TimeInitCaptureDMA
                0x0000000000007e38       0xea ./DRIVER/hal_timers_ch32.o
                0x0000000000007e38                HAL_TimeInitCaptureDMA
 .text.HAL_TIMER_SetPWMPulse
                0x0000000000007f22       0x88 ./DRIVER/hal_timers_ch32.o
                0x0000000000007f22                HAL_TIMER_SetPWMPulse
 .text.HAL_TIMER_EnablePWMCH
                0x0000000000007faa       0x1a ./DRIVER/hal_timers_ch32.o
                0x0000000000007faa                HAL_TIMER_EnablePWMCH
 .text.prv_read_can_received_msg
                0x0000000000007fc4       0x50 ./CANopenNode/keypad/CO_driver_ST32F103.o
                0x0000000000007fc4                prv_read_can_received_msg
 .text.prv_send_can_message.isra.0
                0x0000000000008014       0x30 ./CANopenNode/keypad/CO_driver_ST32F103.o
 .text.CAN_SendMessage
                0x0000000000008044       0x66 ./CANopenNode/keypad/CO_driver_ST32F103.o
                0x0000000000008044                CAN_SendMessage
 .text.co_drv_create_os_objects
                0x00000000000080aa       0x30 ./CANopenNode/keypad/CO_driver_ST32F103.o
                0x00000000000080aa                co_drv_create_os_objects
 .text.co_drv_mutex_lock
                0x00000000000080da       0x18 ./CANopenNode/keypad/CO_driver_ST32F103.o
                0x00000000000080da                co_drv_mutex_lock
 .text.co_drv_mutex_unlock
                0x00000000000080f2       0x16 ./CANopenNode/keypad/CO_driver_ST32F103.o
                0x00000000000080f2                co_drv_mutex_unlock
 .text.CO_CANsetNormalMode
                0x0000000000008108       0x1c ./CANopenNode/keypad/CO_driver_ST32F103.o
                0x0000000000008108                CO_CANsetNormalMode
 .text.CO_CANmodule_init
                0x0000000000008124      0x112 ./CANopenNode/keypad/CO_driver_ST32F103.o
                0x0000000000008124                CO_CANmodule_init
 .text.CO_CANmodule_disable
                0x0000000000008236       0x14 ./CANopenNode/keypad/CO_driver_ST32F103.o
                0x0000000000008236                CO_CANmodule_disable
 .text.CO_CANrxBufferInit
                0x000000000000824a       0x52 ./CANopenNode/keypad/CO_driver_ST32F103.o
                0x000000000000824a                CO_CANrxBufferInit
 .text.CO_CANtxBufferInit
                0x000000000000829c       0x3a ./CANopenNode/keypad/CO_driver_ST32F103.o
                0x000000000000829c                CO_CANtxBufferInit
 .text.CO_CANmodule_process
                0x00000000000082d6       0x12 ./CANopenNode/keypad/CO_driver_ST32F103.o
                0x00000000000082d6                CO_CANmodule_process
 .text.CO_CANsend
                0x00000000000082e8       0x46 ./CANopenNode/keypad/CO_driver_ST32F103.o
                0x00000000000082e8                CO_CANsend
 .text.CO_LSSslave_receive
                0x000000000000832e      0x1a8 ./CANopenNode/305/CO_LSSslave.o
 .text.CO_LSSslave_init
                0x00000000000084d6       0xa4 ./CANopenNode/305/CO_LSSslave.o
                0x00000000000084d6                CO_LSSslave_init
 .text.CO_LSSslave_process
                0x000000000000857a      0x1a2 ./CANopenNode/305/CO_LSSslave.o
                0x000000000000857a                CO_LSSslave_process
 .text.OD_write_1003
                0x000000000000871c       0x28 ./CANopenNode/301/CO_Emergency.o
 .text.OD_read_1003
                0x0000000000008744       0x8c ./CANopenNode/301/CO_Emergency.o
 .text.OD_read_1014_default
                0x00000000000087d0       0x50 ./CANopenNode/301/CO_Emergency.o
 .text.CO_EM_init
                0x0000000000008820      0x112 ./CANopenNode/301/CO_Emergency.o
                0x0000000000008820                CO_EM_init
 .text.CO_error
                0x0000000000008932       0xc4 ./CANopenNode/301/CO_Emergency.o
                0x0000000000008932                CO_error
 .text.CO_EM_process
                0x00000000000089f6      0x182 ./CANopenNode/301/CO_Emergency.o
                0x00000000000089f6                CO_EM_process
 .text.CO_NMT_receive
                0x0000000000008b78       0x18 ./CANopenNode/301/CO_NMT_Heartbeat.o
 .text.OD_write_1017
                0x0000000000008b90       0x48 ./CANopenNode/301/CO_NMT_Heartbeat.o
 .text.CO_NMT_init
                0x0000000000008bd8       0xec ./CANopenNode/301/CO_NMT_Heartbeat.o
                0x0000000000008bd8                CO_NMT_init
 .text.CO_NMT_process
                0x0000000000008cc4      0x106 ./CANopenNode/301/CO_NMT_Heartbeat.o
                0x0000000000008cc4                CO_NMT_process
 .text.OD_readDisabled
                0x0000000000008dca        0x4 ./CANopenNode/301/CO_ODinterface.o
 .text.OD_readOriginal
                0x0000000000008dce       0x50 ./CANopenNode/301/CO_ODinterface.o
                0x0000000000008dce                OD_readOriginal
 .text.OD_writeOriginal
                0x0000000000008e1e       0x54 ./CANopenNode/301/CO_ODinterface.o
                0x0000000000008e1e                OD_writeOriginal
 .text.OD_writeDisabled
                0x0000000000008e72        0x4 ./CANopenNode/301/CO_ODinterface.o
 .text.OD_find  0x0000000000008e76       0x70 ./CANopenNode/301/CO_ODinterface.o
                0x0000000000008e76                OD_find
 .text.OD_getSub
                0x0000000000008ee6       0xf6 ./CANopenNode/301/CO_ODinterface.o
                0x0000000000008ee6                OD_getSub
 .text.OD_getSDOabCode
                0x0000000000008fdc       0x20 ./CANopenNode/301/CO_ODinterface.o
                0x0000000000008fdc                OD_getSDOabCode
 .text.OD_get_value
                0x0000000000008ffc       0x34 ./CANopenNode/301/CO_ODinterface.o
                0x0000000000008ffc                OD_get_value
 .text.OD_set_value
                0x0000000000009030       0x2e ./CANopenNode/301/CO_ODinterface.o
                0x0000000000009030                OD_set_value
 .text.OD_getPtr
                0x000000000000905e       0x3c ./CANopenNode/301/CO_ODinterface.o
                0x000000000000905e                OD_getPtr
 .text.OD_write_dummy
                0x000000000000909a        0x8 ./CANopenNode/301/CO_PDO.o
 .text.OD_read_dummy
                0x00000000000090a2       0x2e ./CANopenNode/301/CO_PDO.o
 .text.PDOconfigMap
                0x00000000000090d0      0x100 ./CANopenNode/301/CO_PDO.o
 .text.CO_PDO_receive
                0x00000000000091d0       0x48 ./CANopenNode/301/CO_PDO.o
 .text.OD_read_PDO_commParam
                0x0000000000009218       0x70 ./CANopenNode/301/CO_PDO.o
 .text.PDO_initMapping.constprop.3
                0x0000000000009288       0xe6 ./CANopenNode/301/CO_PDO.o
 .text.OD_write_PDO_mapping
                0x000000000000936e       0xb4 ./CANopenNode/301/CO_PDO.o
 .text.OD_write_18xx
                0x0000000000009422      0x184 ./CANopenNode/301/CO_PDO.o
 .text.OD_write_14xx
                0x00000000000095a6      0x15a ./CANopenNode/301/CO_PDO.o
 .text.CO_RPDO_init
                0x0000000000009700      0x172 ./CANopenNode/301/CO_PDO.o
                0x0000000000009700                CO_RPDO_init
 .text.CO_RPDO_process
                0x0000000000009872      0x114 ./CANopenNode/301/CO_PDO.o
                0x0000000000009872                CO_RPDO_process
 .text.CO_TPDO_init
                0x0000000000009986      0x1d2 ./CANopenNode/301/CO_PDO.o
                0x0000000000009986                CO_TPDO_init
 .text.CO_TPDO_process
                0x0000000000009b58      0x15e ./CANopenNode/301/CO_PDO.o
                0x0000000000009b58                CO_TPDO_process
 .text.CO_SDOserver_init_canRxTx
                0x0000000000009cb6       0x82 ./CANopenNode/301/CO_SDOserver.o
 .text.CO_SDO_receive
                0x0000000000009d38       0x38 ./CANopenNode/301/CO_SDOserver.o
 .text.readFromOd.isra.1.constprop.5
                0x0000000000009d70       0xe2 ./CANopenNode/301/CO_SDOserver.o
 .text.OD_write_1201_additional
                0x0000000000009e52      0x158 ./CANopenNode/301/CO_SDOserver.o
 .text.CO_SDOserver_init
                0x0000000000009faa      0x172 ./CANopenNode/301/CO_SDOserver.o
                0x0000000000009faa                CO_SDOserver_init
 .text.CO_SDOserver_process
                0x000000000000a11c      0x5e8 ./CANopenNode/301/CO_SDOserver.o
                0x000000000000a11c                CO_SDOserver_process
 .text.CO_delete
                0x000000000000a704       0x56 ./CANopenNode/CANopen.o
                0x000000000000a704                CO_delete
 .text.CO_new   0x000000000000a75a      0x102 ./CANopenNode/CANopen.o
                0x000000000000a75a                CO_new
 .text.CO_CANinit
                0x000000000000a85c       0x28 ./CANopenNode/CANopen.o
                0x000000000000a85c                CO_CANinit
 .text.CO_LSSinit
                0x000000000000a884       0x32 ./CANopenNode/CANopen.o
                0x000000000000a884                CO_LSSinit
 .text.CO_CANopenInit
                0x000000000000a8b6       0xb8 ./CANopenNode/CANopen.o
                0x000000000000a8b6                CO_CANopenInit
 .text.CO_CANopenInitPDO
                0x000000000000a96e       0xea ./CANopenNode/CANopen.o
                0x000000000000a96e                CO_CANopenInitPDO
 .text.CO_process
                0x000000000000aa58       0x7e ./CANopenNode/CANopen.o
                0x000000000000aa58                CO_process
 .text.CO_process_RPDO
                0x000000000000aad6       0x40 ./CANopenNode/CANopen.o
                0x000000000000aad6                CO_process_RPDO
 .text.CO_process_TPDO
                0x000000000000ab16       0x40 ./CANopenNode/CANopen.o
                0x000000000000ab16                CO_process_TPDO
 .text.__divdf3
                0x000000000000ab56      0x5b4 c:/mounriver/mounriver_studio/toolchain/risc-v embedded gcc/bin/../lib/gcc/riscv-none-embed/8.2.0/rv32imacxw/ilp32\libgcc.a(divdf3.o)
                0x000000000000ab56                __divdf3
 .text.__muldf3
                0x000000000000b10a      0x4b8 c:/mounriver/mounriver_studio/toolchain/risc-v embedded gcc/bin/../lib/gcc/riscv-none-embed/8.2.0/rv32imacxw/ilp32\libgcc.a(muldf3.o)
                0x000000000000b10a                __muldf3
 .text.__fixunsdfsi
                0x000000000000b5c2       0x5c c:/mounriver/mounriver_studio/toolchain/risc-v embedded gcc/bin/../lib/gcc/riscv-none-embed/8.2.0/rv32imacxw/ilp32\libgcc.a(fixunsdfsi.o)
                0x000000000000b5c2                __fixunsdfsi
 .text.__floatunsidf
                0x000000000000b61e       0x68 c:/mounriver/mounriver_studio/toolchain/risc-v embedded gcc/bin/../lib/gcc/riscv-none-embed/8.2.0/rv32imacxw/ilp32\libgcc.a(floatunsidf.o)
                0x000000000000b61e                __floatunsidf
 .text.__addsf3
                0x000000000000b686      0x36a c:/mounriver/mounriver_studio/toolchain/risc-v embedded gcc/bin/../lib/gcc/riscv-none-embed/8.2.0/rv32imacxw/ilp32\libgcc.a(addsf3.o)
                0x000000000000b686                __addsf3
 .text.__divsf3
                0x000000000000b9f0      0x2b2 c:/mounriver/mounriver_studio/toolchain/risc-v embedded gcc/bin/../lib/gcc/riscv-none-embed/8.2.0/rv32imacxw/ilp32\libgcc.a(divsf3.o)
                0x000000000000b9f0                __divsf3
 .text.__gesf2  0x000000000000bca2       0x86 c:/mounriver/mounriver_studio/toolchain/risc-v embedded gcc/bin/../lib/gcc/riscv-none-embed/8.2.0/rv32imacxw/ilp32\libgcc.a(gesf2.o)
                0x000000000000bca2                __gesf2
                0x000000000000bca2                __gtsf2
 .text.__lesf2  0x000000000000bd28       0x8c c:/mounriver/mounriver_studio/toolchain/risc-v embedded gcc/bin/../lib/gcc/riscv-none-embed/8.2.0/rv32imacxw/ilp32\libgcc.a(lesf2.o)
                0x000000000000bd28                __ltsf2
                0x000000000000bd28                __lesf2
 .text.__mulsf3
                0x000000000000bdb4      0x294 c:/mounriver/mounriver_studio/toolchain/risc-v embedded gcc/bin/../lib/gcc/riscv-none-embed/8.2.0/rv32imacxw/ilp32\libgcc.a(mulsf3.o)
                0x000000000000bdb4                __mulsf3
 .text.__subsf3
                0x000000000000c048      0x388 c:/mounriver/mounriver_studio/toolchain/risc-v embedded gcc/bin/../lib/gcc/riscv-none-embed/8.2.0/rv32imacxw/ilp32\libgcc.a(subsf3.o)
                0x000000000000c048                __subsf3
 .text.__fixsfsi
                0x000000000000c3d0       0x62 c:/mounriver/mounriver_studio/toolchain/risc-v embedded gcc/bin/../lib/gcc/riscv-none-embed/8.2.0/rv32imacxw/ilp32\libgcc.a(fixsfsi.o)
                0x000000000000c3d0                __fixsfsi
 .text.__fixunssfsi
                0x000000000000c432       0x56 c:/mounriver/mounriver_studio/toolchain/risc-v embedded gcc/bin/../lib/gcc/riscv-none-embed/8.2.0/rv32imacxw/ilp32\libgcc.a(fixunssfsi.o)
                0x000000000000c432                __fixunssfsi
 .text.__floatsisf
                0x000000000000c488       0xc6 c:/mounriver/mounriver_studio/toolchain/risc-v embedded gcc/bin/../lib/gcc/riscv-none-embed/8.2.0/rv32imacxw/ilp32\libgcc.a(floatsisf.o)
                0x000000000000c488                __floatsisf
 .text.__floatunsisf
                0x000000000000c54e       0xce c:/mounriver/mounriver_studio/toolchain/risc-v embedded gcc/bin/../lib/gcc/riscv-none-embed/8.2.0/rv32imacxw/ilp32\libgcc.a(floatunsisf.o)
                0x000000000000c54e                __floatunsisf
 .text.__extendsfdf2
                0x000000000000c61c       0xac c:/mounriver/mounriver_studio/toolchain/risc-v embedded gcc/bin/../lib/gcc/riscv-none-embed/8.2.0/rv32imacxw/ilp32\libgcc.a(extendsfdf2.o)
                0x000000000000c61c                __extendsfdf2
 .text.__truncdfsf2
                0x000000000000c6c8      0x16a c:/mounriver/mounriver_studio/toolchain/risc-v embedded gcc/bin/../lib/gcc/riscv-none-embed/8.2.0/rv32imacxw/ilp32\libgcc.a(truncdfsf2.o)
                0x000000000000c6c8                __truncdfsf2
 .text.__clzsi2
                0x000000000000c832       0x6e c:/mounriver/mounriver_studio/toolchain/risc-v embedded gcc/bin/../lib/gcc/riscv-none-embed/8.2.0/rv32imacxw/ilp32\libgcc.a(_clzsi2.o)
                0x000000000000c832                __clzsi2
 .text.calloc   0x000000000000c8a0        0xc c:/mounriver/mounriver_studio/toolchain/risc-v embedded gcc/bin/../lib/gcc/riscv-none-embed/8.2.0/../../../../riscv-none-embed/lib/rv32imacxw/ilp32\libg_nano.a(lib_a-calloc.o)
                0x000000000000c8a0                calloc
 .text.free     0x000000000000c8ac        0xa c:/mounriver/mounriver_studio/toolchain/risc-v embedded gcc/bin/../lib/gcc/riscv-none-embed/8.2.0/../../../../riscv-none-embed/lib/rv32imacxw/ilp32\libg_nano.a(lib_a-malloc.o)
                0x000000000000c8ac                free
 .text.memcpy   0x000000000000c8b6       0xb2 c:/mounriver/mounriver_studio/toolchain/risc-v embedded gcc/bin/../lib/gcc/riscv-none-embed/8.2.0/../../../../riscv-none-embed/lib/rv32imacxw/ilp32\libg_nano.a(lib_a-memcpy.o)
                0x000000000000c8b6                memcpy
 .text.memmove  0x000000000000c968       0x46 c:/mounriver/mounriver_studio/toolchain/risc-v embedded gcc/bin/../lib/gcc/riscv-none-embed/8.2.0/../../../../riscv-none-embed/lib/rv32imacxw/ilp32\libg_nano.a(lib_a-memmove.o)
                0x000000000000c968                memmove
 .text._calloc_r
                0x000000000000c9ae       0x26 c:/mounriver/mounriver_studio/toolchain/risc-v embedded gcc/bin/../lib/gcc/riscv-none-embed/8.2.0/../../../../riscv-none-embed/lib/rv32imacxw/ilp32\libg_nano.a(lib_a-nano-callocr.o)
                0x000000000000c9ae                _calloc_r
 .text._free_r  0x000000000000c9d4       0xa8 c:/mounriver/mounriver_studio/toolchain/risc-v embedded gcc/bin/../lib/gcc/riscv-none-embed/8.2.0/../../../../riscv-none-embed/lib/rv32imacxw/ilp32\libg_nano.a(lib_a-nano-freer.o)
                0x000000000000c9d4                _free_r
 .text._malloc_r
                0x000000000000ca7c       0xd4 c:/mounriver/mounriver_studio/toolchain/risc-v embedded gcc/bin/../lib/gcc/riscv-none-embed/8.2.0/../../../../riscv-none-embed/lib/rv32imacxw/ilp32\libg_nano.a(lib_a-nano-mallocr.o)
                0x000000000000ca7c                _malloc_r
 .text.printf   0x000000000000cb50       0x40 c:/mounriver/mounriver_studio/toolchain/risc-v embedded gcc/bin/../lib/gcc/riscv-none-embed/8.2.0/../../../../riscv-none-embed/lib/rv32imacxw/ilp32\libg_nano.a(lib_a-printf.o)
                0x000000000000cb50                iprintf
                0x000000000000cb50                printf
 .text._puts_r  0x000000000000cb90       0xd4 c:/mounriver/mounriver_studio/toolchain/risc-v embedded gcc/bin/../lib/gcc/riscv-none-embed/8.2.0/../../../../riscv-none-embed/lib/rv32imacxw/ilp32\libg_nano.a(lib_a-puts.o)
                0x000000000000cb90                _puts_r
 .text.puts     0x000000000000cc64        0xc c:/mounriver/mounriver_studio/toolchain/risc-v embedded gcc/bin/../lib/gcc/riscv-none-embed/8.2.0/../../../../riscv-none-embed/lib/rv32imacxw/ilp32\libg_nano.a(lib_a-puts.o)
                0x000000000000cc64                puts
 .text._sbrk_r  0x000000000000cc70       0x32 c:/mounriver/mounriver_studio/toolchain/risc-v embedded gcc/bin/../lib/gcc/riscv-none-embed/8.2.0/../../../../riscv-none-embed/lib/rv32imacxw/ilp32\libg_nano.a(lib_a-sbrkr.o)
                0x000000000000cc70                _sbrk_r
 .text.strlen   0x000000000000cca2       0x12 c:/mounriver/mounriver_studio/toolchain/risc-v embedded gcc/bin/../lib/gcc/riscv-none-embed/8.2.0/../../../../riscv-none-embed/lib/rv32imacxw/ilp32\libg_nano.a(lib_a-strlen.o)
                0x000000000000cca2                strlen
 .text.__swbuf_r
                0x000000000000ccb4       0xbc c:/mounriver/mounriver_studio/toolchain/risc-v embedded gcc/bin/../lib/gcc/riscv-none-embed/8.2.0/../../../../riscv-none-embed/lib/rv32imacxw/ilp32\libg_nano.a(lib_a-wbuf.o)
                0x000000000000ccb4                __swbuf_r
 .text.__swsetup_r
                0x000000000000cd70       0xfe c:/mounriver/mounriver_studio/toolchain/risc-v embedded gcc/bin/../lib/gcc/riscv-none-embed/8.2.0/../../../../riscv-none-embed/lib/rv32imacxw/ilp32\libg_nano.a(lib_a-wsetup.o)
                0x000000000000cd70                __swsetup_r
 .text.__sflush_r
                0x000000000000ce6e      0x132 c:/mounriver/mounriver_studio/toolchain/risc-v embedded gcc/bin/../lib/gcc/riscv-none-embed/8.2.0/../../../../riscv-none-embed/lib/rv32imacxw/ilp32\libg_nano.a(lib_a-fflush.o)
                0x000000000000ce6e                __sflush_r
 .text._fflush_r
                0x000000000000cfa0       0x66 c:/mounriver/mounriver_studio/toolchain/risc-v embedded gcc/bin/../lib/gcc/riscv-none-embed/8.2.0/../../../../riscv-none-embed/lib/rv32imacxw/ilp32\libg_nano.a(lib_a-fflush.o)
                0x000000000000cfa0                _fflush_r
 .text.std      0x000000000000d006       0x66 c:/mounriver/mounriver_studio/toolchain/risc-v embedded gcc/bin/../lib/gcc/riscv-none-embed/8.2.0/../../../../riscv-none-embed/lib/rv32imacxw/ilp32\libg_nano.a(lib_a-findfp.o)
 .text._cleanup_r
                0x000000000000d06c        0xa c:/mounriver/mounriver_studio/toolchain/risc-v embedded gcc/bin/../lib/gcc/riscv-none-embed/8.2.0/../../../../riscv-none-embed/lib/rv32imacxw/ilp32\libg_nano.a(lib_a-findfp.o)
                0x000000000000d06c                _cleanup_r
 .text.__sfmoreglue
                0x000000000000d076       0x48 c:/mounriver/mounriver_studio/toolchain/risc-v embedded gcc/bin/../lib/gcc/riscv-none-embed/8.2.0/../../../../riscv-none-embed/lib/rv32imacxw/ilp32\libg_nano.a(lib_a-findfp.o)
                0x000000000000d076                __sfmoreglue
 .text.__sinit  0x000000000000d0be       0x6c c:/mounriver/mounriver_studio/toolchain/risc-v embedded gcc/bin/../lib/gcc/riscv-none-embed/8.2.0/../../../../riscv-none-embed/lib/rv32imacxw/ilp32\libg_nano.a(lib_a-findfp.o)
                0x000000000000d0be                __sinit
 .text.__sfp    0x000000000000d12a       0xa0 c:/mounriver/mounriver_studio/toolchain/risc-v embedded gcc/bin/../lib/gcc/riscv-none-embed/8.2.0/../../../../riscv-none-embed/lib/rv32imacxw/ilp32\libg_nano.a(lib_a-findfp.o)
                0x000000000000d12a                __sfp
 .text._fwalk_reent
                0x000000000000d1ca       0x6a c:/mounriver/mounriver_studio/toolchain/risc-v embedded gcc/bin/../lib/gcc/riscv-none-embed/8.2.0/../../../../riscv-none-embed/lib/rv32imacxw/ilp32\libg_nano.a(lib_a-fwalk.o)
                0x000000000000d1ca                _fwalk_reent
 .text.__swhatbuf_r
                0x000000000000d234       0x58 c:/mounriver/mounriver_studio/toolchain/risc-v embedded gcc/bin/../lib/gcc/riscv-none-embed/8.2.0/../../../../riscv-none-embed/lib/rv32imacxw/ilp32\libg_nano.a(lib_a-makebuf.o)
                0x000000000000d234                __swhatbuf_r
 .text.__smakebuf_r
                0x000000000000d28c       0x94 c:/mounriver/mounriver_studio/toolchain/risc-v embedded gcc/bin/../lib/gcc/riscv-none-embed/8.2.0/../../../../riscv-none-embed/lib/rv32imacxw/ilp32\libg_nano.a(lib_a-makebuf.o)
                0x000000000000d28c                __smakebuf_r
 .text.__malloc_lock
                0x000000000000d320        0x2 c:/mounriver/mounriver_studio/toolchain/risc-v embedded gcc/bin/../lib/gcc/riscv-none-embed/8.2.0/../../../../riscv-none-embed/lib/rv32imacxw/ilp32\libg_nano.a(lib_a-mlock.o)
                0x000000000000d320                __malloc_lock
 .text.__malloc_unlock
                0x000000000000d322        0x2 c:/mounriver/mounriver_studio/toolchain/risc-v embedded gcc/bin/../lib/gcc/riscv-none-embed/8.2.0/../../../../riscv-none-embed/lib/rv32imacxw/ilp32\libg_nano.a(lib_a-mlock.o)
                0x000000000000d322                __malloc_unlock
 .text.__sfputc_r
                0x000000000000d324       0x28 c:/mounriver/mounriver_studio/toolchain/risc-v embedded gcc/bin/../lib/gcc/riscv-none-embed/8.2.0/../../../../riscv-none-embed/lib/rv32imacxw/ilp32\libg_nano.a(lib_a-nano-vfprintf.o)
 .text.__sfputs_r
                0x000000000000d34c       0x42 c:/mounriver/mounriver_studio/toolchain/risc-v embedded gcc/bin/../lib/gcc/riscv-none-embed/8.2.0/../../../../riscv-none-embed/lib/rv32imacxw/ilp32\libg_nano.a(lib_a-nano-vfprintf.o)
                0x000000000000d34c                __sfputs_r
 .text._vfprintf_r
                0x000000000000d38e      0x288 c:/mounriver/mounriver_studio/toolchain/risc-v embedded gcc/bin/../lib/gcc/riscv-none-embed/8.2.0/../../../../riscv-none-embed/lib/rv32imacxw/ilp32\libg_nano.a(lib_a-nano-vfprintf.o)
                0x000000000000d38e                _vfprintf_r
                0x000000000000d38e                _vfiprintf_r
 .text._printf_common
                0x000000000000d616      0x10c c:/mounriver/mounriver_studio/toolchain/risc-v embedded gcc/bin/../lib/gcc/riscv-none-embed/8.2.0/../../../../riscv-none-embed/lib/rv32imacxw/ilp32\libg_nano.a(lib_a-nano-vfprintf_i.o)
                0x000000000000d616                _printf_common
 .text._printf_i
                0x000000000000d722      0x2a2 c:/mounriver/mounriver_studio/toolchain/risc-v embedded gcc/bin/../lib/gcc/riscv-none-embed/8.2.0/../../../../riscv-none-embed/lib/rv32imacxw/ilp32\libg_nano.a(lib_a-nano-vfprintf_i.o)
                0x000000000000d722                _printf_i
 .text.__sread  0x000000000000d9c4       0x2c c:/mounriver/mounriver_studio/toolchain/risc-v embedded gcc/bin/../lib/gcc/riscv-none-embed/8.2.0/../../../../riscv-none-embed/lib/rv32imacxw/ilp32\libg_nano.a(lib_a-stdio.o)
                0x000000000000d9c4                __sread
 .text.__swrite
                0x000000000000d9f0       0x48 c:/mounriver/mounriver_studio/toolchain/risc-v embedded gcc/bin/../lib/gcc/riscv-none-embed/8.2.0/../../../../riscv-none-embed/lib/rv32imacxw/ilp32\libg_nano.a(lib_a-stdio.o)
                0x000000000000d9f0                __swrite
 .text.__sseek  0x000000000000da38       0x30 c:/mounriver/mounriver_studio/toolchain/risc-v embedded gcc/bin/../lib/gcc/riscv-none-embed/8.2.0/../../../../riscv-none-embed/lib/rv32imacxw/ilp32\libg_nano.a(lib_a-stdio.o)
                0x000000000000da38                __sseek
 .text.__sclose
                0x000000000000da68        0x6 c:/mounriver/mounriver_studio/toolchain/risc-v embedded gcc/bin/../lib/gcc/riscv-none-embed/8.2.0/../../../../riscv-none-embed/lib/rv32imacxw/ilp32\libg_nano.a(lib_a-stdio.o)
                0x000000000000da68                __sclose
 .text._write_r
                0x000000000000da6e       0x36 c:/mounriver/mounriver_studio/toolchain/risc-v embedded gcc/bin/../lib/gcc/riscv-none-embed/8.2.0/../../../../riscv-none-embed/lib/rv32imacxw/ilp32\libg_nano.a(lib_a-writer.o)
                0x000000000000da6e                _write_r
 .text._close_r
                0x000000000000daa4       0x30 c:/mounriver/mounriver_studio/toolchain/risc-v embedded gcc/bin/../lib/gcc/riscv-none-embed/8.2.0/../../../../riscv-none-embed/lib/rv32imacxw/ilp32\libg_nano.a(lib_a-closer.o)
                0x000000000000daa4                _close_r
 .text._fstat_r
                0x000000000000dad4       0x32 c:/mounriver/mounriver_studio/toolchain/risc-v embedded gcc/bin/../lib/gcc/riscv-none-embed/8.2.0/../../../../riscv-none-embed/lib/rv32imacxw/ilp32\libg_nano.a(lib_a-fstatr.o)
                0x000000000000dad4                _fstat_r
 .text._isatty_r
                0x000000000000db06       0x30 c:/mounriver/mounriver_studio/toolchain/risc-v embedded gcc/bin/../lib/gcc/riscv-none-embed/8.2.0/../../../../riscv-none-embed/lib/rv32imacxw/ilp32\libg_nano.a(lib_a-isattyr.o)
                0x000000000000db06                _isatty_r
 .text._lseek_r
                0x000000000000db36       0x34 c:/mounriver/mounriver_studio/toolchain/risc-v embedded gcc/bin/../lib/gcc/riscv-none-embed/8.2.0/../../../../riscv-none-embed/lib/rv32imacxw/ilp32\libg_nano.a(lib_a-lseekr.o)
                0x000000000000db36                _lseek_r
 .text.memchr   0x000000000000db6a       0x18 c:/mounriver/mounriver_studio/toolchain/risc-v embedded gcc/bin/../lib/gcc/riscv-none-embed/8.2.0/../../../../riscv-none-embed/lib/rv32imacxw/ilp32\libg_nano.a(lib_a-memchr.o)
                0x000000000000db6a                memchr
 .text._read_r  0x000000000000db82       0x34 c:/mounriver/mounriver_studio/toolchain/risc-v embedded gcc/bin/../lib/gcc/riscv-none-embed/8.2.0/../../../../riscv-none-embed/lib/rv32imacxw/ilp32\libg_nano.a(lib_a-readr.o)
                0x000000000000db82                _read_r
 .text._close   0x000000000000dbb6       0x10 c:/mounriver/mounriver_studio/toolchain/risc-v embedded gcc/bin/../lib/gcc/riscv-none-embed/8.2.0/../../../../riscv-none-embed/lib/rv32imacxw/ilp32\libnosys.a(close.o)
                0x000000000000dbb6                _close
 .text._fstat   0x000000000000dbc6       0x10 c:/mounriver/mounriver_studio/toolchain/risc-v embedded gcc/bin/../lib/gcc/riscv-none-embed/8.2.0/../../../../riscv-none-embed/lib/rv32imacxw/ilp32\libnosys.a(fstat.o)
                0x000000000000dbc6                _fstat
 .text._isatty  0x000000000000dbd6       0x10 c:/mounriver/mounriver_studio/toolchain/risc-v embedded gcc/bin/../lib/gcc/riscv-none-embed/8.2.0/../../../../riscv-none-embed/lib/rv32imacxw/ilp32\libnosys.a(isatty.o)
                0x000000000000dbd6                _isatty
 .text._lseek   0x000000000000dbe6       0x10 c:/mounriver/mounriver_studio/toolchain/risc-v embedded gcc/bin/../lib/gcc/riscv-none-embed/8.2.0/../../../../riscv-none-embed/lib/rv32imacxw/ilp32\libnosys.a(lseek.o)
                0x000000000000dbe6                _lseek
 .text._read    0x000000000000dbf6       0x10 c:/mounriver/mounriver_studio/toolchain/risc-v embedded gcc/bin/../lib/gcc/riscv-none-embed/8.2.0/../../../../riscv-none-embed/lib/rv32imacxw/ilp32\libnosys.a(read.o)
                0x000000000000dbf6                _read
 *(.rodata)
 *fill*         0x000000000000dc06        0x2 
 .rodata        0x000000000000dc08       0x14 ./User/dash_draw.o
 *(.rodata*)
 .rodata.vCanOpenProcess.str1.4
                0x000000000000dc1c        0xe ./User/CanOpenNode.o
 *fill*         0x000000000000dc2a        0x2 
 .rodata.CalPoint
                0x000000000000dc2c       0x48 ./User/DataModel.o
 .rodata.CalPoint1
                0x000000000000dc74       0x18 ./User/DataModel.o
 .rodata.seg_const.7436
                0x000000000000dc8c       0x12 ./User/DataModel.o
 *fill*         0x000000000000dc9e        0x2 
 .rodata.str1.4
                0x000000000000dca0       0x1e ./User/DataModel.o
 *fill*         0x000000000000dcbe        0x2 
 .rodata.vIncrementSystemCounters.cst4
                0x000000000000dcc0        0x8 ./User/DataModel.o
 .rodata.getODValue
                0x000000000000dcc8       0x78 ./User/dash_draw.o
 .rodata.CheckLedState.cst4
                0x000000000000dd40        0x4 ./User/dash_draw.o
 .rodata.MenuStateCross
                0x000000000000dd44       0x1c ./User/dash_draw.o
 .rodata.dm     0x000000000000dd60       0x3f ./User/dash_draw.o
 *fill*         0x000000000000dd9f        0x1 
 .rodata.getODValue.cst4
                0x000000000000dda0        0x4 ./User/dash_draw.o
                                          0x8 (size before relaxing)
 .rodata.vBarColorMode.cst4
                0x000000000000dda4        0x4 ./User/dash_draw.o
 .rodata.vRedrawTask.cst4
                0x000000000000dda8        0x4 ./User/dash_draw.o
 .rodata.ADC_FSM.cst4
                0x000000000000ddac        0xc ./User/inputs.o
 *fill*         0x000000000000ddb8        0x0 
 .rodata.ADC_FSM.cst8
                0x000000000000ddb8       0x18 ./User/inputs.o
 .rodata.vInputsTask.cst4
                0x000000000000ddd0        0x8 ./User/inputs.o
 .rodata.SetSegDirect
                0x000000000000ddd8       0x1c ./User/led.o
 .rodata.Brigth
                0x000000000000ddf4       0x1e ./User/led.o
 *fill*         0x000000000000de12        0x2 
 .rodata.DigitMask
                0x000000000000de14        0xa ./User/led.o
                0x000000000000de14                DigitMask
 *fill*         0x000000000000de1e        0x2 
 .rodata.offset_mask
                0x000000000000de20        0xe ./User/led.o
 *fill*         0x000000000000de2e        0x2 
 .rodata.step_mask
                0x000000000000de30        0xe ./User/led.o
 *fill*         0x000000000000de3e        0x2 
 .rodata.Error_Handler.str1.4
                0x000000000000de40        0xf ./User/main.o
 *fill*         0x000000000000de4f        0x1 
 .rodata.main.str1.4
                0x000000000000de50        0xf ./User/main.o
 *fill*         0x000000000000de5f        0x1 
 .rodata.OD_writeBoardSettings
                0x000000000000de60       0x18 ./User/process.o
 .rodata.OD_readBoardSettings
                0x000000000000de78       0x18 ./User/process.o
 .rodata.OD_ADC1_CAL_extension
                0x000000000000de90       0x10 ./User/process.o
                0x000000000000de90                OD_ADC1_CAL_extension
 .rodata.OD_ADC2_CAL_extension
                0x000000000000dea0       0x10 ./User/process.o
                0x000000000000dea0                OD_ADC2_CAL_extension
 .rodata.OD_ADC3_CAL_extension
                0x000000000000deb0       0x10 ./User/process.o
                0x000000000000deb0                OD_ADC3_CAL_extension
 .rodata.OD_AIN_RPM_extension
                0x000000000000dec0       0x10 ./User/process.o
                0x000000000000dec0                OD_AIN_RPM_extension
 .rodata.OD_BAR_extension
                0x000000000000ded0       0x10 ./User/process.o
                0x000000000000ded0                OD_BAR_extension
 .rodata.OD_BOARD_SETTINGS_extension
                0x000000000000dee0       0x10 ./User/process.o
                0x000000000000dee0                OD_BOARD_SETTINGS_extension
 .rodata.OD_DASH_PARAM_extension
                0x000000000000def0       0x10 ./User/process.o
                0x000000000000def0                OD_DASH_PARAM_extension
 .rodata.OD_DIN_extension
                0x000000000000df00       0x10 ./User/process.o
                0x000000000000df00                OD_DIN_extension
 .rodata.OD_HISTER_CONFIG_extension
                0x000000000000df10       0x10 ./User/process.o
                0x000000000000df10                OD_HISTER_CONFIG_extension
 .rodata.OD_INPUT_CH_CONFIG_extension
                0x000000000000df20       0x10 ./User/process.o
                0x000000000000df20                OD_INPUT_CH_CONFIG_extension
 .rodata.OD_KEY_extension
                0x000000000000df30       0x10 ./User/process.o
                0x000000000000df30                OD_KEY_extension
 .rodata.OD_MENU_MAP_extension
                0x000000000000df40       0x10 ./User/process.o
                0x000000000000df40                OD_MENU_MAP_extension
 .rodata.OD_MENU_SETUP_extension
                0x000000000000df50       0x10 ./User/process.o
                0x000000000000df50                OD_MENU_SETUP_extension
 .rodata.OD_RGB10_extension
                0x000000000000df60       0x10 ./User/process.o
                0x000000000000df60                OD_RGB10_extension
 .rodata.OD_RGB11_extension
                0x000000000000df70       0x10 ./User/process.o
                0x000000000000df70                OD_RGB11_extension
 .rodata.OD_RGB12_extension
                0x000000000000df80       0x10 ./User/process.o
                0x000000000000df80                OD_RGB12_extension
 .rodata.OD_RGB13_extension
                0x000000000000df90       0x10 ./User/process.o
                0x000000000000df90                OD_RGB13_extension
 .rodata.OD_RGB14_extension
                0x000000000000dfa0       0x10 ./User/process.o
                0x000000000000dfa0                OD_RGB14_extension
 .rodata.OD_RGB1_extension
                0x000000000000dfb0       0x10 ./User/process.o
                0x000000000000dfb0                OD_RGB1_extension
 .rodata.OD_RGB2_extension
                0x000000000000dfc0       0x10 ./User/process.o
                0x000000000000dfc0                OD_RGB2_extension
 .rodata.OD_RGB3_extension
                0x000000000000dfd0       0x10 ./User/process.o
                0x000000000000dfd0                OD_RGB3_extension
 .rodata.OD_RGB4_extension
                0x000000000000dfe0       0x10 ./User/process.o
                0x000000000000dfe0                OD_RGB4_extension