Archive member included to satisfy reference by file (symbol)

c:/mounriver/mounriver_studio2/resources/app/resources/win32/components/wch/toolchain/risc-v embedded gcc/bin/../lib/gcc/riscv-none-embed/8.2.0/rv32imacxw/ilp32\libgcc.a(divdf3.o)
                              ./HAL_LIB/hw_lib_din.o (__divdf3)
c:/mounriver/mounriver_studio2/resources/app/resources/win32/components/wch/toolchain/risc-v embedded gcc/bin/../lib/gcc/riscv-none-embed/8.2.0/rv32imacxw/ilp32\libgcc.a(muldf3.o)
                              ./User/inputs.o (__muldf3)
c:/mounriver/mounriver_studio2/resources/app/resources/win32/components/wch/toolchain/risc-v embedded gcc/bin/../lib/gcc/riscv-none-embed/8.2.0/rv32imacxw/ilp32\libgcc.a(fixunsdfsi.o)
                              ./HAL_LIB/hw_lib_din.o (__fixunsdfsi)
c:/mounriver/mounriver_studio2/resources/app/resources/win32/components/wch/toolchain/risc-v embedded gcc/bin/../lib/gcc/riscv-none-embed/8.2.0/rv32imacxw/ilp32\libgcc.a(floatunsidf.o)
                              ./User/inputs.o (__floatunsidf)
c:/mounriver/mounriver_studio2/resources/app/resources/win32/components/wch/toolchain/risc-v embedded gcc/bin/../lib/gcc/riscv-none-embed/8.2.0/rv32imacxw/ilp32\libgcc.a(addsf3.o)
                              ./User/inputs.o (__addsf3)
c:/mounriver/mounriver_studio2/resources/app/resources/win32/components/wch/toolchain/risc-v embedded gcc/bin/../lib/gcc/riscv-none-embed/8.2.0/rv32imacxw/ilp32\libgcc.a(divsf3.o)
                              ./User/DataModel.o (__divsf3)
c:/mounriver/mounriver_studio2/resources/app/resources/win32/components/wch/toolchain/risc-v embedded gcc/bin/../lib/gcc/riscv-none-embed/8.2.0/rv32imacxw/ilp32\libgcc.a(eqsf2.o)
                              ./HAL_LIB/hw_lib_din.o (__nesf2)
c:/mounriver/mounriver_studio2/resources/app/resources/win32/components/wch/toolchain/risc-v embedded gcc/bin/../lib/gcc/riscv-none-embed/8.2.0/rv32imacxw/ilp32\libgcc.a(gesf2.o)
                              ./User/inputs.o (__gesf2)
c:/mounriver/mounriver_studio2/resources/app/resources/win32/components/wch/toolchain/risc-v embedded gcc/bin/../lib/gcc/riscv-none-embed/8.2.0/rv32imacxw/ilp32\libgcc.a(lesf2.o)
                              ./HAL_LIB/hw_lib_din.o (__lesf2)
c:/mounriver/mounriver_studio2/resources/app/resources/win32/components/wch/toolchain/risc-v embedded gcc/bin/../lib/gcc/riscv-none-embed/8.2.0/rv32imacxw/ilp32\libgcc.a(mulsf3.o)
                              ./User/dash_draw.o (__mulsf3)
c:/mounriver/mounriver_studio2/resources/app/resources/win32/components/wch/toolchain/risc-v embedded gcc/bin/../lib/gcc/riscv-none-embed/8.2.0/rv32imacxw/ilp32\libgcc.a(subsf3.o)
                              ./User/dash_draw.o (__subsf3)
c:/mounriver/mounriver_studio2/resources/app/resources/win32/components/wch/toolchain/risc-v embedded gcc/bin/../lib/gcc/riscv-none-embed/8.2.0/rv32imacxw/ilp32\libgcc.a(fixsfsi.o)
                              ./User/dash_draw.o (__fixsfsi)
c:/mounriver/mounriver_studio2/resources/app/resources/win32/components/wch/toolchain/risc-v embedded gcc/bin/../lib/gcc/riscv-none-embed/8.2.0/rv32imacxw/ilp32\libgcc.a(fixunssfsi.o)
                              ./User/DataModel.o (__fixunssfsi)
c:/mounriver/mounriver_studio2/resources/app/resources/win32/components/wch/toolchain/risc-v embedded gcc/bin/../lib/gcc/riscv-none-embed/8.2.0/rv32imacxw/ilp32\libgcc.a(floatsisf.o)
                              ./User/DataModel.o (__floatsisf)
c:/mounriver/mounriver_studio2/resources/app/resources/win32/components/wch/toolchain/risc-v embedded gcc/bin/../lib/gcc/riscv-none-embed/8.2.0/rv32imacxw/ilp32\libgcc.a(floatunsisf.o)
                              ./User/DataModel.o (__floatunsisf)
c:/mounriver/mounriver_studio2/resources/app/resources/win32/components/wch/toolchain/risc-v embedded gcc/bin/../lib/gcc/riscv-none-embed/8.2.0/rv32imacxw/ilp32\libgcc.a(extendsfdf2.o)
                              ./HAL_LIB/hw_lib_din.o (__extendsfdf2)
c:/mounriver/mounriver_studio2/resources/app/resources/win32/components/wch/toolchain/risc-v embedded gcc/bin/../lib/gcc/riscv-none-embed/8.2.0/rv32imacxw/ilp32\libgcc.a(truncdfsf2.o)
                              ./User/inputs.o (__truncdfsf2)
c:/mounriver/mounriver_studio2/resources/app/resources/win32/components/wch/toolchain/risc-v embedded gcc/bin/../lib/gcc/riscv-none-embed/8.2.0/rv32imacxw/ilp32\libgcc.a(save-restore.o)
                              ./User/inputs.o (__riscv_save_12)
c:/mounriver/mounriver_studio2/resources/app/resources/win32/components/wch/toolchain/risc-v embedded gcc/bin/../lib/gcc/riscv-none-embed/8.2.0/rv32imacxw/ilp32\libgcc.a(_clzsi2.o)
                              c:/mounriver/mounriver_studio2/resources/app/resources/win32/components/wch/toolchain/risc-v embedded gcc/bin/../lib/gcc/riscv-none-embed/8.2.0/rv32imacxw/ilp32\libgcc.a(divdf3.o) (__clzsi2)
[...]
Memory Configuration

Name             Origin             Length             Attributes
FLASH            0x0000000000001000 0x000000000000f000 xr
SFLASH           0x0000000000010000 0x000000000000f000 xr
RAM              0x0000000020000000 0x0000000000005000 xrw
*default*        0x0000000000000000 0xffffffffffffffff

Linker script and memory map

LOAD ./User/CanOpenNode.o
LOAD ./User/DataModel.o
LOAD ./User/ch32v20x_it.o
LOAD ./User/dash_draw.o
LOAD ./User/init.o
LOAD ./User/inputs.o
LOAD ./User/led.o
LOAD ./User/main.o
LOAD ./User/process.o
LOAD ./User/system_ch32v20x.o
LOAD ./User/system_init.o
LOAD ./Startup/startup_ch32v20x_D6.o
LOAD ./Peripheral/src/ch32v20x_adc.o
LOAD ./Peripheral/src/ch32v20x_bkp.o
LOAD ./Peripheral/src/ch32v20x_can.o
LOAD ./Peripheral/src/ch32v20x_crc.o
LOAD ./Peripheral/src/ch32v20x_dbgmcu.o
LOAD ./Peripheral/src/ch32v20x_dma.o
LOAD ./Peripheral/src/ch32v20x_exti.o
LOAD ./Peripheral/src/ch32v20x_flash.o
LOAD ./Peripheral/src/ch32v20x_gpio.o
LOAD ./Peripheral/src/ch32v20x_i2c.o
LOAD ./Peripheral/src/ch32v20x_iwdg.o
LOAD ./Peripheral/src/ch32v20x_misc.o
LOAD ./Peripheral/src/ch32v20x_opa.o
LOAD ./Peripheral/src/ch32v20x_pwr.o
LOAD ./Peripheral/src/ch32v20x_rcc.o
LOAD ./Peripheral/src/ch32v20x_rtc.o
LOAD ./Peripheral/src/ch32v20x_spi.o
LOAD ./Peripheral/src/ch32v20x_tim.o
LOAD ./Peripheral/src/ch32v20x_usart.o
LOAD ./Peripheral/src/ch32v20x_wwdg.o
LOAD ./HAL_LIB/filters.o
LOAD ./HAL_LIB/hw_data_model.o
LOAD ./HAL_LIB/hw_lib_adc.o
LOAD ./HAL_LIB/hw_lib_can.o
LOAD ./HAL_LIB/hw_lib_din.o
LOAD ./HAL_LIB/hw_lib_eeprom_i2c.o
LOAD ./HAL_LIB/hw_timeout.o
LOAD ./HAL_DRIVER/hal_can_ch32.o
LOAD ./HAL_DRIVER/hal_flash_ch32.o
LOAD ./HAL_DRIVER/hal_gpio_ch32.o
LOAD ./HAL_DRIVER/hal_irq.o
LOAD ./HAL_DRIVER/hal_rtc_ch32.o
LOAD ./HAL_DRIVER/hal_spi_ch32.o
LOAD ./HAL_DRIVER/hal_wdt_ch32.o
LOAD ./FreeRTOS/portable/MemMang/heap_4.o
LOAD ./FreeRTOS/portable/GCC/RISC-V/port.o
LOAD ./FreeRTOS/portable/GCC/RISC-V/portASM.o
LOAD ./FreeRTOS/croutine.o
LOAD ./FreeRTOS/event_groups.o
LOAD ./FreeRTOS/list.o
LOAD ./FreeRTOS/queue.o
LOAD ./FreeRTOS/stream_buffer.o
LOAD ./FreeRTOS/tasks.o
LOAD ./FreeRTOS/timers.o
LOAD ./Debug/debug.o
LOAD ./DRIVER/hal_adc_ch32.o
LOAD ./DRIVER/hal_dma_ch32.o
LOAD ./DRIVER/hal_i2c_ch32.o
LOAD ./DRIVER/hal_timers_ch32.o
LOAD ./Core/core_riscv.o
LOAD ./CANopenNode/keypad/CO_driver_ST32F103.o
LOAD ./CANopenNode/keypad/OD.o
LOAD ./CANopenNode/extra/CO_trace.o
LOAD ./CANopenNode/309/CO_gateway_ascii.o
LOAD ./CANopenNode/305/CO_LSSmaster.o
LOAD ./CANopenNode/305/CO_LSSslave.o
LOAD ./CANopenNode/304/CO_GFC.o
LOAD ./CANopenNode/304/CO_SRDO.o
LOAD ./CANopenNode/303/CO_LEDs.o
LOAD ./CANopenNode/301/CO_Emergency.o
LOAD ./CANopenNode/301/CO_HBconsumer.o
LOAD ./CANopenNode/301/CO_NMT_Heartbeat.o
LOAD ./CANopenNode/301/CO_Node_Guarding.o
LOAD ./CANopenNode/301/CO_ODinterface.o
LOAD ./CANopenNode/301/CO_PDO.o
LOAD ./CANopenNode/301/CO_SDOclient.o
LOAD ./CANopenNode/301/CO_SDOserver.o
LOAD ./CANopenNode/301/CO_SYNC.o
LOAD ./CANopenNode/301/CO_TIME.o
LOAD ./CANopenNode/301/CO_fifo.o
LOAD ./CANopenNode/301/crc16-ccitt.o
LOAD ./CANopenNode/CANopen.o
LOAD c:/mounriver/mounriver_studio2/resources/app/resources/win32/components/wch/toolchain/risc-v embedded gcc/bin/../lib/gcc/riscv-none-embed/8.2.0/../../../../riscv-none-embed/lib/rv32imacxw/ilp32\libm.a
LOAD c:/mounriver/mounriver_studio2/resources/app/resources/win32/components/wch/toolchain/risc-v embedded gcc/bin/../lib/gcc/riscv-none-embed/8.2.0/rv32imacxw/ilp32\libgcc.a
LOAD c:/mounriver/mounriver_studio2/resources/app/resources/win32/components/wch/toolchain/risc-v embedded gcc/bin/../lib/gcc/riscv-none-embed/8.2.0/../../../../riscv-none-embed/lib/rv32imacxw/ilp32\libg_nano.a
LOAD c:/mounriver/mounriver_studio2/resources/app/resources/win32/components/wch/toolchain/risc-v embedded gcc/bin/../lib/gcc/riscv-none-embed/8.2.0/../../../../riscv-none-embed/lib/rv32imacxw/ilp32\libc_nano.a
LOAD c:/mounriver/mounriver_studio2/resources/app/resources/win32/components/wch/toolchain/risc-v embedded gcc/bin/../lib/gcc/riscv-none-embed/8.2.0/rv32imacxw/ilp32\libgcc.a
START GROUP
LOAD c:/mounriver/mounriver_studio2/resources/app/resources/win32/components/wch/toolchain/risc-v embedded gcc/bin/../lib/gcc/riscv-none-embed/8.2.0/rv32imacxw/ilp32\libgcc.a
LOAD c:/mounriver/mounriver_studio2/resources/app/resources/win32/components/wch/toolchain/risc-v embedded gcc/bin/../lib/gcc/riscv-none-embed/8.2.0/../../../../riscv-none-embed/lib/rv32imacxw/ilp32\libc_nano.a
LOAD c:/mounriver/mounriver_studio2/resources/app/resources/win32/components/wch/toolchain/risc-v embedded gcc/bin/../lib/gcc/riscv-none-embed/8.2.0/../../../../riscv-none-embed/lib/rv32imacxw/ilp32\libnosys.a
END GROUP
START GROUP
LOAD c:/mounriver/mounriver_studio2/resources/app/resources/win32/components/wch/toolchain/risc-v embedded gcc/bin/../lib/gcc/riscv-none-embed/8.2.0/rv32imacxw/ilp32\libgcc.a
LOAD c:/mounriver/mounriver_studio2/resources/app/resources/win32/components/wch/toolchain/risc-v embedded gcc/bin/../lib/gcc/riscv-none-embed/8.2.0/../../../../riscv-none-embed/lib/rv32imacxw/ilp32\libc_nano.a
LOAD c:/mounriver/mounriver_studio2/resources/app/resources/win32/components/wch/toolchain/risc-v embedded gcc/bin/../lib/gcc/riscv-none-embed/8.2.0/../../../../riscv-none-embed/lib/rv32imacxw/ilp32\libnosys.a
END GROUP
                0x0000000000000800                __stack_size = 0x800
                [!provide]                        PROVIDE (_stack_size = __stack_size)

.init           0x0000000000001000       0x38
                0x0000000000001000                _sinit = .
                0x0000000000001000                . = ALIGN (0x4)
 *(SORT_NONE(.init))
 .init          0x0000000000001000       0x38 ./Startup/startup_ch32v20x_D6.o
                0x0000000000001000                _start
                0x0000000000001038                . = ALIGN (0x4)
                0x0000000000001038                _einit = .

.vector         0x0000000000001038      0x108
 *(.vector)
 .vector        0x0000000000001038       0xfc ./Startup/startup_ch32v20x_D6.o
                0x0000000000001140                . = ALIGN (0x40)
 *fill*         0x0000000000001134        0xc 

.stext          0x0000000000010000     0x30dc
                0x0000000000010000                . = ALIGN (0x4)
 *(.stext)
 .stext         0x0000000000010000        0xa ./User/CanOpenNode.o
                0x0000000000010000                vCanOpenInit
 .stext         0x000000000001000a      0x7f2 ./User/DataModel.o
                0x000000000001000a                DataModel_Init
 .stext         0x00000000000107fc      0x342 ./User/dash_draw.o
                0x0000000000010812                TestProcedure
                0x000000000001097c                xProcessTaskHandle
                0x0000000000010986                vDashDrawInit
                0x0000000000010a22                SetTest
 .stext         0x0000000000010b3e      0x160 ./User/init.o
                0x0000000000010b3e                vInit_DeviceConfig
 .stext         0x0000000000010c9e      0x19e ./User/inputs.o
                0x0000000000010d7c                ADC1_Init
 .stext         0x0000000000010e3c       0x4e ./User/led.o
                0x0000000000010e3c                vLedDriverStart
 .stext         0x0000000000010e8a      0x53a ./User/process.o
                0x0000000000010e8a                vProceesInit
 .stext         0x00000000000113c4      0x14e ./User/system_init.o
                0x00000000000113c4                vSYStaskInit
                0x00000000000114e8                vSYSqueueInit
 .stext         0x0000000000011512       0x36 ./HAL_LIB/hw_lib_adc.o
                0x0000000000011512                vAINInit
 .stext         0x0000000000011548       0x3e ./HAL_LIB/hw_lib_din.o
                0x0000000000011548                eDinConfigWtihStruct
 .stext         0x0000000000011586       0x5c ./HAL_LIB/hw_lib_eeprom_i2c.o
                0x0000000000011586                vInitEEPROM_I2C
 .stext         0x00000000000115e2      0x506 ./HAL_DRIVER/hal_can_ch32.o
                0x00000000000115e2                HAL_CANInt
                0x00000000000116ba                HAL_CANIntIT
                0x000000000001185e                HAL_CANToInitMode
                0x00000000000118aa                HAL_CANToOperatingMode
                0x00000000000118e8                HAL_CANSetFiters
                0x00000000000119c8                HAL_CANResetFiltesr
                0x00000000000119f8                HAL_CANSetFitersEX
 .stext         0x0000000000011ae8      0xfb2 ./HAL_DRIVER/hal_gpio_ch32.o
                0x0000000000011ae8                HAL_InitGPIO
                0x0000000000011f62                HAL_InitGpioOut
                0x00000000000120fa                HAL_InitGpioAIN
                0x0000000000012242                HAL_InitGpioInPUP
                0x0000000000012446                HAL_InitGpioIn
                0x00000000000125de                HAL_InitGpioAF
                0x0000000000012a86                HAL_InitGPO
 .stext         0x0000000000012a9a       0x7c ./HAL_DRIVER/hal_irq.o
                0x0000000000012a9a                HAL_InitAPB1
                0x0000000000012ab6                HAL_InitAPB2
                0x0000000000012ad2                PFIC_IRQ_ENABLE_PG1
 .stext         0x0000000000012b16       0xe4 ./HAL_DRIVER/hal_rtc_ch32.o
                0x0000000000012b16                HAL_RTC_IT_Init
 .stext         0x0000000000012bfa       0x64 ./HAL_DRIVER/hal_spi_ch32.o
                0x0000000000012bfa                HAL_SPI_InitDMA
 .stext         0x0000000000012c5e       0x86 ./HAL_DRIVER/hal_wdt_ch32.o
                0x0000000000012c5e                HAL_WDT_Init
                0x0000000000012c92                HAL_WDTInit
                0x0000000000012cbc                HAL_WDT_Init1s
 .stext         0x0000000000012ce4       0x7e ./DRIVER/hal_i2c_ch32.o
                0x0000000000012ce4                InitI2CIT
 .stext         0x0000000000012d62      0x242 ./DRIVER/hal_timers_ch32.o
                0x0000000000012d62                HAL_TIMER_InitIt
                0x0000000000012e52                HAL_TIMER_PWMTimersInit
 *fill*         0x0000000000012fa4        0x0 
 .stext         0x0000000000012fa4      0x138 ./CANopenNode/keypad/OD.o
                0x0000000000012fa4                OD_ROM

.text           0x0000000000001200     0xe190
                0x0000000000001200                . = ALIGN (0x4)
 *(.text)
 .text          0x0000000000001200      0x2ee ./FreeRTOS/portable/GCC/RISC-V/portASM.o
                0x0000000000001200                SW_Handler
                0x0000000000001300                xPortStartFirstTask
                0x0000000000001400                pxPortInitialiseStack
 .text          0x00000000000014ee       0x60 c:/mounriver/mounriver_studio2/resources/app/resources/win32/components/wch/toolchain/risc-v embedded gcc/bin/../lib/gcc/riscv-none-embed/8.2.0/rv32imacxw/ilp32\libgcc.a(save-restore.o)
                0x00000000000014ee                __riscv_save_12
                0x00000000000014f6                __riscv_save_9
                0x00000000000014f6                __riscv_save_11
                0x00000000000014f6                __riscv_save_10
                0x00000000000014f6                __riscv_save_8
                0x0000000000001504                __riscv_save_4
                0x0000000000001504                __riscv_save_6
                0x0000000000001504                __riscv_save_5
                0x0000000000001504                __riscv_save_7
                0x000000000000151e                __riscv_save_3
                0x000000000000151e                __riscv_save_2
                0x000000000000151e                __riscv_save_1
                0x000000000000151e                __riscv_save_0
                0x000000000000152a                __riscv_restore_12
                0x000000000000152e                __riscv_restore_11
                0x000000000000152e                __riscv_restore_9
                0x000000000000152e                __riscv_restore_10
                0x000000000000152e                __riscv_restore_8
                0x0000000000001538                __riscv_restore_5
                0x0000000000001538                __riscv_restore_7
                0x0000000000001538                __riscv_restore_6
                0x0000000000001538                __riscv_restore_4
                0x0000000000001542                __riscv_restore_3
                0x0000000000001542                __riscv_restore_0
                0x0000000000001542                __riscv_restore_2
                0x0000000000001542                __riscv_restore_1
 .text          0x000000000000154e       0xa8 c:/mounriver/mounriver_studio2/resources/app/resources/win32/components/wch/toolchain/risc-v embedded gcc/bin/../lib/gcc/riscv-none-embed/8.2.0/../../../../riscv-none-embed/lib/rv32imacxw/ilp32\libg_nano.a(lib_a-memset.o)
                0x000000000000154e                memset
 *(.text.*)
 .text.xCanOpenProcessTaskHandle
                0x00000000000015f6        0xa ./User/CanOpenNode.o
                0x00000000000015f6                xCanOpenProcessTaskHandle
 .text.xCanOpenPeriodicTaskHandle
                0x0000000000001600        0xa ./User/CanOpenNode.o
                0x0000000000001600                xCanOpenPeriodicTaskHandle
 .text.vCanOpenProcess
                0x000000000000160a      0x18e ./User/CanOpenNode.o
                0x000000000000160a                vCanOpenProcess
 .text.vCanOpenPeriodicProcess
                0x0000000000001798       0x82 ./User/CanOpenNode.o
                0x0000000000001798                vCanOpenPeriodicProcess
 .text.xDataRegQueue
                0x000000000000181a        0xa ./User/DataModel.o
                0x000000000000181a                xDataRegQueue
 .text.DataModelGetSecCounter
                0x0000000000001824        0xa ./User/DataModel.o
                0x0000000000001824                DataModelGetSecCounter
 .text.WriteRegAfterDelay
                0x000000000000182e       0x68 ./User/DataModel.o
                0x000000000000182e                WriteRegAfterDelay
 .text.WriteReg
                0x0000000000001896       0x50 ./User/DataModel.o
                0x0000000000001896                WriteReg
 .text.vGetBitrate
                0x00000000000018e6        0xe ./User/DataModel.o
                0x00000000000018e6                vGetBitrate
 .text.vFDGetNMTState
                0x00000000000018f4        0x6 ./User/DataModel.o
                0x00000000000018f4                vFDGetNMTState
 .text.vGetNodeId
                0x00000000000018fa        0xe ./User/DataModel.o
                0x00000000000018fa                vGetNodeId
 .text.vSetBitrate
                0x0000000000001908       0x20 ./User/DataModel.o
                0x0000000000001908                vSetBitrate
 .text.vSetNodeID
                0x0000000000001928        0xe ./User/DataModel.o
                0x0000000000001928                vSetNodeID
 .text.vDataModelRegDelayWrite
                0x0000000000001936       0x60 ./User/DataModel.o
                0x0000000000001936                vDataModelRegDelayWrite
 .text.vIncrementSystemCounters
                0x0000000000001996       0x9c ./User/DataModel.o
                0x0000000000001996                vIncrementSystemCounters
 .text.vSaveData
                0x0000000000001a32       0x16 ./User/DataModel.o
                0x0000000000001a32                vSaveData
 .text.getOdometr
                0x0000000000001a48       0x14 ./User/DataModel.o
                0x0000000000001a48                getOdometr
 .text.getOdometr1
                0x0000000000001a5c       0x14 ./User/DataModel.o
                0x0000000000001a5c                getOdometr1
 .text.ResrtOdometr1
                0x0000000000001a70        0xe ./User/DataModel.o
                0x0000000000001a70                ResrtOdometr1
 .text.NMI_Handler
                0x0000000000001a7e        0x2 ./User/ch32v20x_it.o
                0x0000000000001a7e                NMI_Handler
 .text.HardFault_Handler
                0x0000000000001a80        0x2 ./User/ch32v20x_it.o
                0x0000000000001a80                HardFault_Handler
 .text.SegPrint
                0x0000000000001a82       0x58 ./User/dash_draw.o
 .text.vCheckKeySatate
                0x0000000000001ada       0x80 ./User/dash_draw.o
 .text.vSetErrorReg
                0x0000000000001b5a        0xa ./User/dash_draw.o
                0x0000000000001b5a                vSetErrorReg
 .text.getODValue
                0x0000000000001b64      0x1ba ./User/dash_draw.o
                0x0000000000001b64                getODValue
 .text.IncMenuIndex
                0x0000000000001d1e       0x80 ./User/dash_draw.o
                0x0000000000001d1e                IncMenuIndex
 .text.GoToHome
                0x0000000000001d9e       0x12 ./User/dash_draw.o
                0x0000000000001d9e                GoToHome
 .text.SetCurMenuHome
                0x0000000000001db0       0x36 ./User/dash_draw.o
                0x0000000000001db0                SetCurMenuHome
 .text.GetCurMenuHome
                0x0000000000001de6        0x6 ./User/dash_draw.o
                0x0000000000001de6                GetCurMenuHome
 .text.SetCurrentMenu
                0x0000000000001dec       0x12 ./User/dash_draw.o
                0x0000000000001dec                SetCurrentMenu
 .text.SetDefault
                0x0000000000001dfe       0x2a ./User/dash_draw.o
                0x0000000000001dfe                SetDefault
 .text.MenuBackHomeCheck
                0x0000000000001e28       0x38 ./User/dash_draw.o
                0x0000000000001e28                MenuBackHomeCheck
 .text.vMenuBlink
                0x0000000000001e60       0x4a ./User/dash_draw.o
                0x0000000000001e60                vMenuBlink
 .text.SetErrorRegiter
                0x0000000000001eaa       0x5e ./User/dash_draw.o
                0x0000000000001eaa                SetErrorRegiter
 .text.uGetCurrMenu
                0x0000000000001f08       0x26 ./User/dash_draw.o
                0x0000000000001f08                uGetCurrMenu
 .text.vGetEdgeData
                0x0000000000001f2e       0x2a ./User/dash_draw.o
                0x0000000000001f2e                vGetEdgeData
 .text.CheckLedState
                0x0000000000001f58       0xce ./User/dash_draw.o
 .text.vRGBMode
                0x0000000000002026       0xaa ./User/dash_draw.o
                0x0000000000002026                vRGBMode
 .text.vBarColorMode
                0x00000000000020d0       0xc8 ./User/dash_draw.o
                0x00000000000020d0                vBarColorMode
 .text.vBarMode
                0x0000000000002198       0x36 ./User/dash_draw.o
                0x0000000000002198                vBarMode
 .text.vRedrawTask
                0x00000000000021ce      0x4de ./User/dash_draw.o
                0x00000000000021ce                vRedrawTask
 .text.HardwareDeinit
                0x00000000000026ac       0x2a ./User/init.o
                0x00000000000026ac                HardwareDeinit
 .text.SoftwareReset
                0x00000000000026d6       0x14 ./User/init.o
                0x00000000000026d6                SoftwareReset
 .text.ADC1_Event
                0x00000000000026ea       0x44 ./User/inputs.o
                0x00000000000026ea                ADC1_Event
 .text.CaptureDMACallBack
                0x000000000000272e       0x22 ./User/inputs.o
                0x000000000000272e                CaptureDMACallBack
 .text.CaptureDMACallBack_1
                0x0000000000002750       0x22 ./User/inputs.o
                0x0000000000002750                CaptureDMACallBack_1
 .text.fDinStateCallback
                0x0000000000002772       0x42 ./User/inputs.o
                0x0000000000002772                fDinStateCallback
 .text.getInputsTaskHandle
                0x00000000000027b4        0xa ./User/inputs.o
                0x00000000000027b4                getInputsTaskHandle
 .text.ADC_FSM  0x00000000000027be      0x200 ./User/inputs.o
                0x00000000000027be                ADC_FSM
 .text.GetAIN   0x00000000000029be        0xc ./User/inputs.o
                0x00000000000029be                GetAIN
 .text.InputsGetTest
                0x00000000000029ca       0x6e ./User/inputs.o
                0x00000000000029ca                InputsGetTest
 .text.vInputsTask
                0x0000000000002a38      0x10a ./User/inputs.o
                0x0000000000002a38                vInputsTask
 .text.SPI1_DMA_Callback
                0x0000000000002b42       0x2e ./User/led.o
                0x0000000000002b42                SPI1_DMA_Callback
 .text.SPI2_DMA_Callback
                0x0000000000002b70       0x2e ./User/led.o
                0x0000000000002b70                SPI2_DMA_Callback
 .text.SetBarState
                0x0000000000002b9e       0x50 ./User/led.o
                0x0000000000002b9e                SetBarState
 .text.SetRGB   0x0000000000002bee       0x50 ./User/led.o
                0x0000000000002bee                SetRGB
 .text.SetSegDirect
                0x0000000000002c3e       0xa8 ./User/led.o
                0x0000000000002c3e                SetSegDirect
 .text.SetSegPoint
                0x0000000000002ce6       0x22 ./User/led.o
                0x0000000000002ce6                SetSegPoint
 .text.SetSEG   0x0000000000002d08      0x11a ./User/led.o
                0x0000000000002d08                SetSEG
 .text.SetBigSeg
                0x0000000000002e22       0x14 ./User/led.o
                0x0000000000002e22                SetBigSeg
 .text.vSetBrigth
                0x0000000000002e36       0x28 ./User/led.o
                0x0000000000002e36                vSetBrigth
 .text.vLedProcess
                0x0000000000002e5e       0x1e ./User/led.o
                0x0000000000002e5e                vLedProcess
 .text.vRGBProcess
                0x0000000000002e7c       0xe2 ./User/led.o
                0x0000000000002e7c                vRGBProcess
 .text.startup.main
                0x0000000000002f5e       0x32 ./User/main.o
                0x0000000000002f5e                main
 .text.vRestartNode
                0x0000000000002f90        0x2 ./User/main.o
                0x0000000000002f90                vRestartNode
 .text.Error_Handler
                0x0000000000002f92       0x18 ./User/main.o
                0x0000000000002f92                Error_Handler
 .text.OD_writeRGBMAP
                0x0000000000002faa       0x30 ./User/process.o
 .text.OD_writeKEY
                0x0000000000002fda       0x34 ./User/process.o
 .text.OD_writeHister
                0x000000000000300e       0x26 ./User/process.o
 .text.OD_readRGBMAP
                0x0000000000003034       0x22 ./User/process.o
 .text.OD_readHister
                0x0000000000003056       0x22 ./User/process.o
 .text.OD_readDIN
                0x0000000000003078       0x1c ./User/process.o
 .text.OD_writeMenuSetup
                0x0000000000003094       0x46 ./User/process.o
 .text.OD_writeBoardSettings
                0x00000000000030da       0xd8 ./User/process.o
 .text.CO_getUint16
                0x00000000000031b2       0x10 ./User/process.o
 .text.OD_writeSEG
                0x00000000000031c2       0x44 ./User/process.o
 .text.OD_writeBAR
                0x0000000000003206       0x2e ./User/process.o
 .text.OD_writeRPMConfig
                0x0000000000003234       0x36 ./User/process.o
 .text.CO_getUint32
                0x000000000000326a       0x18 ./User/process.o
 .text.OD_writeMenuMap
                0x0000000000003282       0x2e ./User/process.o
 .text.OD_writeV1_14
                0x00000000000032b0       0x56 ./User/process.o
 .text.OD_writeDashParam
                0x0000000000003306       0x7c ./User/process.o
 .text.WriteRGB.isra.2
                0x0000000000003382       0x3a ./User/process.o
 .text.OD_writeRGB1
                0x00000000000033bc       0x14 ./User/process.o
 .text.OD_writeRGB2
                0x00000000000033d0       0x16 ./User/process.o
 .text.OD_writeRGB3
                0x00000000000033e6       0x16 ./User/process.o
 .text.OD_writeRGB4
                0x00000000000033fc       0x16 ./User/process.o
 .text.OD_writeRGB5
                0x0000000000003412       0x16 ./User/process.o
 .text.OD_writeRGB6
                0x0000000000003428       0x16 ./User/process.o
 .text.OD_writeRGB7
                0x000000000000343e       0x16 ./User/process.o
 .text.OD_writeRGB8
                0x0000000000003454       0x16 ./User/process.o
 .text.OD_writeRGB9
                0x000000000000346a       0x16 ./User/process.o
 .text.OD_writeRGB10
                0x0000000000003480       0x16 ./User/process.o
 .text.OD_writeRGB11
                0x0000000000003496       0x16 ./User/process.o
 .text.OD_writeRGB12
                0x00000000000034ac       0x16 ./User/process.o
 .text.OD_writeRGB13
                0x00000000000034c2       0x16 ./User/process.o
 .text.OD_writeRGB14
                0x00000000000034d8       0x16 ./User/process.o
 .text.OD_writeICHC
                0x00000000000034ee       0x50 ./User/process.o
 .text.OD_readKEY
                0x000000000000353e       0x2c ./User/process.o
 .text.OD_readMenuSetup
                0x000000000000356a       0x3a ./User/process.o
 .text.OD_readBoardSettings
                0x00000000000035a4       0x6a ./User/process.o
 .text.writeADC.isra.12
                0x000000000000360e       0xb6 ./User/process.o
 .text.OD_writeADC1
                0x00000000000036c4       0x10 ./User/process.o
 .text.OD_writeADC2
                0x00000000000036d4       0x10 ./User/process.o
 .text.OD_writeADC3
                0x00000000000036e4       0x10 ./User/process.o
 .text.OD_readRGB.isra.8
                0x00000000000036f4       0x22 ./User/process.o
 .text.OD_readRGB1
                0x0000000000003716       0x14 ./User/process.o
 .text.OD_readRGB2
                0x000000000000372a       0x16 ./User/process.o
 .text.OD_readRGB3
                0x0000000000003740       0x16 ./User/process.o
 .text.OD_readRGB4
                0x0000000000003756       0x16 ./User/process.o
 .text.OD_readRGB5
                0x000000000000376c       0x16 ./User/process.o
 .text.OD_readRGB6
                0x0000000000003782       0x16 ./User/process.o
 .text.OD_readRGB7
                0x0000000000003798       0x16 ./User/process.o
 .text.OD_readRGB8
                0x00000000000037ae       0x16 ./User/process.o
 .text.OD_readRGB9
                0x00000000000037c4       0x16 ./User/process.o
 .text.OD_readRGB10
                0x00000000000037da       0x16 ./User/process.o
 .text.OD_readRGB11
                0x00000000000037f0       0x16 ./User/process.o
 .text.OD_readRGB12
                0x0000000000003806       0x16 ./User/process.o
 .text.OD_readRGB13
                0x000000000000381c       0x16 ./User/process.o
 .text.OD_readRGB14
                0x0000000000003832       0x16 ./User/process.o
 .text.OD_readSEG
                0x0000000000003848       0x40 ./User/process.o
 .text.OD_readDashParam
                0x0000000000003888       0x64 ./User/process.o
 .text.OD_readICHC
                0x00000000000038ec       0x4e ./User/process.o
 .text.OD_readRPMConfig
                0x000000000000393a       0x2a ./User/process.o
 .text.OD_readAIN_RPM
                0x0000000000003964       0x26 ./User/process.o
 .text.OD_readMenuMap
                0x000000000000398a       0x2c ./User/process.o
 .text.OD_readBar
                0x00000000000039b6       0x28 ./User/process.o
 .text.readADC.isra.4
                0x00000000000039de       0x5a ./User/process.o
 .text.OD_readADC1
                0x0000000000003a38       0x10 ./User/process.o
 .text.OD_readADC2
                0x0000000000003a48       0x10 ./User/process.o
 .text.OD_readADC3
                0x0000000000003a58       0x10 ./User/process.o
 .text.SystemInit
                0x0000000000003a68       0xea ./User/system_ch32v20x.o
                0x0000000000003a68                SystemInit
 .text.SystemCoreClockUpdate
                0x0000000000003b52       0x8e ./User/system_ch32v20x.o
                0x0000000000003b52                SystemCoreClockUpdate
 .text.StartDefaultTask
                0x0000000000003be0      0x11a ./User/system_init.o
 .text.vApplicationGetIdleTaskMemory
                0x0000000000003cfa       0x1c ./User/system_init.o
                0x0000000000003cfa                vApplicationGetIdleTaskMemory
 .text.vSystemStop
                0x0000000000003d16       0x26 ./User/system_init.o
                0x0000000000003d16                vSystemStop
 .text.vector_handler
                0x0000000000003d3c       0x6c ./Startup/startup_ch32v20x_D6.o
                0x0000000000003d40                Ecall_M_Mode_Handler
                0x0000000000003d42                Ecall_U_Mode_Handler
                0x0000000000003d44                Break_Point_Handler
                0x0000000000003d4a                WWDG_IRQHandler
                0x0000000000003d4c                PVD_IRQHandler
                0x0000000000003d4e                TAMPER_IRQHandler
                0x0000000000003d52                FLASH_IRQHandler
                0x0000000000003d54                RCC_IRQHandler
                0x0000000000003d56                EXTI0_IRQHandler
                0x0000000000003d58                EXTI1_IRQHandler
                0x0000000000003d5a                EXTI2_IRQHandler
                0x0000000000003d5c                EXTI3_IRQHandler
                0x0000000000003d5e                EXTI4_IRQHandler
                0x0000000000003d62                DMA1_Channel2_IRQHandler
                0x0000000000003d6a                DMA1_Channel6_IRQHandler
                0x0000000000003d78                EXTI9_5_IRQHandler
                0x0000000000003d7a                TIM1_BRK_IRQHandler
                0x0000000000003d7c                TIM1_UP_IRQHandler
                0x0000000000003d7e                TIM1_TRG_COM_IRQHandler
                0x0000000000003d80                TIM1_CC_IRQHandler
                0x0000000000003d82                TIM2_IRQHandler
                0x0000000000003d84                TIM3_IRQHandler
                0x0000000000003d8c                I2C2_EV_IRQHandler
                0x0000000000003d8e                I2C2_ER_IRQHandler
                0x0000000000003d90                SPI1_IRQHandler
                0x0000000000003d92                SPI2_IRQHandler
                0x0000000000003d94                USART1_IRQHandler
                0x0000000000003d96                USART2_IRQHandler
                0x0000000000003d98                USART3_IRQHandler
                0x0000000000003d9a                EXTI15_10_IRQHandler
                0x0000000000003d9c                RTCAlarm_IRQHandler
                0x0000000000003d9e                USBWakeUp_IRQHandler
                0x0000000000003da0                USBHD_IRQHandler
                0x0000000000003da2                USBHDWakeUp_IRQHandler
                0x0000000000003da4                UART4_IRQHandler
                0x0000000000003da6                DMA1_Channel8_IRQHandler
 .text.handle_reset
                0x0000000000003da8       0x92 ./Startup/startup_ch32v20x_D6.o
                0x0000000000003da8                handle_reset
 .text.ADC_Cmd  0x0000000000003e3a       0x10 ./Peripheral/src/ch32v20x_adc.o
                0x0000000000003e3a                ADC_Cmd
 .text.ADC_GetResetCalibrationStatus
                0x0000000000003e4a        0x8 ./Peripheral/src/ch32v20x_adc.o
                0x0000000000003e4a                ADC_GetResetCalibrationStatus
 .text.ADC_GetCalibrationStatus
                0x0000000000003e52        0x8 ./Peripheral/src/ch32v20x_adc.o
                0x0000000000003e52                ADC_GetCalibrationStatus
 .text.ADC_GetITStatus
                0x0000000000003e5a       0x1c ./Peripheral/src/ch32v20x_adc.o
                0x0000000000003e5a                ADC_GetITStatus
 .text.ADC_ClearITPendingBit
                0x0000000000003e76        0xa ./Peripheral/src/ch32v20x_adc.o
                0x0000000000003e76                ADC_ClearITPendingBit
 .text.Get_CalibrationValue
                0x0000000000003e80      0x1fe ./Peripheral/src/ch32v20x_adc.o
                0x0000000000003e80                Get_CalibrationValue
 .text.DMA_GetFlagStatus
                0x000000000000407e        0xe ./Peripheral/src/ch32v20x_dma.o
                0x000000000000407e                DMA_GetFlagStatus
 .text.DMA_GetITStatus
                0x000000000000408c        0xc ./Peripheral/src/ch32v20x_dma.o
                0x000000000000408c                DMA_GetITStatus
 .text.DMA_ClearITPendingBit
                0x0000000000004098        0x8 ./Peripheral/src/ch32v20x_dma.o
                0x0000000000004098                DMA_ClearITPendingBit
 .text.FLASH_GetBank1Status
                0x00000000000040a0       0x18 ./Peripheral/src/ch32v20x_flash.o
                0x00000000000040a0                FLASH_GetBank1Status
 .text.FLASH_WaitForLastOperation
                0x00000000000040b8       0x24 ./Peripheral/src/ch32v20x_flash.o
                0x00000000000040b8                FLASH_WaitForLastOperation
 .text.GPIO_Init
                0x00000000000040dc       0xfa ./Peripheral/src/ch32v20x_gpio.o
                0x00000000000040dc                GPIO_Init
 .text.GPIO_PinRemapConfig
                0x00000000000041d6       0xf2 ./Peripheral/src/ch32v20x_gpio.o
                0x00000000000041d6                GPIO_PinRemapConfig
 .text.I2C_DualAddressCmd
                0x00000000000042c8       0x18 ./Peripheral/src/ch32v20x_i2c.o
                0x00000000000042c8                I2C_DualAddressCmd
 .text.I2C_ClearFlag
                0x00000000000042e0        0xc ./Peripheral/src/ch32v20x_i2c.o
                0x00000000000042e0                I2C_ClearFlag
 .text.RCC_LSEConfig
                0x00000000000042ec       0x28 ./Peripheral/src/ch32v20x_rcc.o
                0x00000000000042ec                RCC_LSEConfig
 .text.RCC_GetClocksFreq
                0x0000000000004314       0xbe ./Peripheral/src/ch32v20x_rcc.o
                0x0000000000004314                RCC_GetClocksFreq
 .text.RCC_APB2PeriphClockCmd
                0x00000000000043d2       0x1e ./Peripheral/src/ch32v20x_rcc.o
                0x00000000000043d2                RCC_APB2PeriphClockCmd
 .text.RCC_GetFlagStatus
                0x00000000000043f0       0x2e ./Peripheral/src/ch32v20x_rcc.o
                0x00000000000043f0                RCC_GetFlagStatus
 .text.RTC_EnterConfigMode
                0x000000000000441e       0x12 ./Peripheral/src/ch32v20x_rtc.o
                0x000000000000441e                RTC_EnterConfigMode
 .text.RTC_ExitConfigMode
                0x0000000000004430       0x18 ./Peripheral/src/ch32v20x_rtc.o
                0x0000000000004430                RTC_ExitConfigMode
 .text.RTC_GetCounter
                0x0000000000004448       0x36 ./Peripheral/src/ch32v20x_rtc.o
                0x0000000000004448                RTC_GetCounter
 .text.RTC_SetCounter
                0x000000000000447e       0x2c ./Peripheral/src/ch32v20x_rtc.o
                0x000000000000447e                RTC_SetCounter
 .text.RTC_SetPrescaler
                0x00000000000044aa       0x2e ./Peripheral/src/ch32v20x_rtc.o
                0x00000000000044aa                RTC_SetPrescaler
 .text.RTC_WaitForLastTask
                0x00000000000044d8       0x10 ./Peripheral/src/ch32v20x_rtc.o
                0x00000000000044d8                RTC_WaitForLastTask
 .text.RTC_WaitForSynchro
                0x00000000000044e8       0x24 ./Peripheral/src/ch32v20x_rtc.o
                0x00000000000044e8                RTC_WaitForSynchro
 .text.TIM_OC1Init
                0x000000000000450c       0x6a ./Peripheral/src/ch32v20x_tim.o
                0x000000000000450c                TIM_OC1Init
 .text.TIM_OC2Init
                0x0000000000004576       0x96 ./Peripheral/src/ch32v20x_tim.o
                0x0000000000004576                TIM_OC2Init
 .text.TIM_OC3Init
                0x000000000000460c       0x94 ./Peripheral/src/ch32v20x_tim.o
                0x000000000000460c                TIM_OC3Init
 .text.TIM_OC4Init
                0x00000000000046a0       0x6c ./Peripheral/src/ch32v20x_tim.o
                0x00000000000046a0                TIM_OC4Init
 .text.TIM_OC1PreloadConfig
                0x000000000000470c        0xe ./Peripheral/src/ch32v20x_tim.o
                0x000000000000470c                TIM_OC1PreloadConfig
 .text.TIM_OC2PreloadConfig
                0x000000000000471a       0x16 ./Peripheral/src/ch32v20x_tim.o
                0x000000000000471a                TIM_OC2PreloadConfig
 .text.TIM_OC3PreloadConfig
                0x0000000000004730        0xe ./Peripheral/src/ch32v20x_tim.o
                0x0000000000004730                TIM_OC3PreloadConfig
 .text.TIM_OC4PreloadConfig
                0x000000000000473e       0x16 ./Peripheral/src/ch32v20x_tim.o
                0x000000000000473e                TIM_OC4PreloadConfig
 .text.TIM_GetITStatus
                0x0000000000004754       0x18 ./Peripheral/src/ch32v20x_tim.o
                0x0000000000004754                TIM_GetITStatus
 .text.USART_Init
                0x000000000000476c       0xbc ./Peripheral/src/ch32v20x_usart.o
                0x000000000000476c                USART_Init
 .text.USART_Cmd
                0x0000000000004828       0x16 ./Peripheral/src/ch32v20x_usart.o
                0x0000000000004828                USART_Cmd
 .text.USART_SendData
                0x000000000000483e        0x8 ./Peripheral/src/ch32v20x_usart.o
                0x000000000000483e                USART_SendData
 .text.USART_GetFlagStatus
                0x0000000000004846        0xa ./Peripheral/src/ch32v20x_usart.o
                0x0000000000004846                USART_GetFlagStatus
 .text.vRCFilterConfig
                0x0000000000004850       0x2e ./HAL_LIB/filters.o
                0x0000000000004850                vRCFilterConfig
 .text.AddBufferData
                0x000000000000487e       0x20 ./HAL_LIB/filters.o
                0x000000000000487e                AddBufferData
 .text.GetConversional
                0x000000000000489e       0x4a ./HAL_LIB/filters.o
                0x000000000000489e                GetConversional
 .text.GetDataRegister
                0x00000000000048e8        0xa ./HAL_LIB/hw_data_model.o
                0x00000000000048e8                GetDataRegister
 .text.GetRegisterAddr
                0x00000000000048f2        0xc ./HAL_LIB/hw_data_model.o
                0x00000000000048f2                GetRegisterAddr
 .text.ClearDataModel
                0x00000000000048fe       0x1a ./HAL_LIB/hw_data_model.o
                0x00000000000048fe                ClearDataModel
 .text.setReg32
                0x0000000000004918       0x1e ./HAL_LIB/hw_data_model.o
                0x0000000000004918                setReg32
 .text.setReg16
                0x0000000000004936       0x12 ./HAL_LIB/hw_data_model.o
                0x0000000000004936                setReg16
 .text.setReg8  0x0000000000004948        0xe ./HAL_LIB/hw_data_model.o
                0x0000000000004948                setReg8
 .text.getReg16
                0x0000000000004956       0x14 ./HAL_LIB/hw_data_model.o
                0x0000000000004956                getReg16
 .text.getReg32
                0x000000000000496a       0x20 ./HAL_LIB/hw_data_model.o
                0x000000000000496a                getReg32
 .text.getReg8  0x000000000000498a        0xe ./HAL_LIB/hw_data_model.o
                0x000000000000498a                getReg8
 .text.fGetAinCalData
                0x0000000000004998       0x7a ./HAL_LIB/hw_lib_adc.o
                0x0000000000004998                fGetAinCalData
 .text.eAinCalDataConfig
                0x0000000000004a12       0x50 ./HAL_LIB/hw_lib_adc.o
                0x0000000000004a12                eAinCalDataConfig
 .text.vABLineKoofFinde
                0x0000000000004a62       0x6a ./HAL_LIB/hw_lib_adc.o
                0x0000000000004a62                vABLineKoofFinde
 .text.eSetAinCalPoint
                0x0000000000004acc       0x64 ./HAL_LIB/hw_lib_adc.o
                0x0000000000004acc                eSetAinCalPoint
 .text.getADC1Buffer
                0x0000000000004b30        0xa ./HAL_LIB/hw_lib_adc.o
                0x0000000000004b30                getADC1Buffer
 .text.CAN_SendMessage
                0x0000000000004b3a       0x36 ./HAL_LIB/hw_lib_can.o
                0x0000000000004b3a                CAN_SendMessage
 .text.prv_read_can_received_msg
                0x0000000000004b70       0x40 ./HAL_LIB/hw_lib_can.o
                0x0000000000004b70                prv_read_can_received_msg
 .text.uGetDIN  0x0000000000004bb0       0x14 ./HAL_LIB/hw_lib_din.o
                0x0000000000004bb0                uGetDIN
 .text.eRPMConfig
                0x0000000000004bc4       0x5a ./HAL_LIB/hw_lib_din.o
                0x0000000000004bc4                eRPMConfig
 .text.RMPDataConvert
                0x0000000000004c1e       0x4e ./HAL_LIB/hw_lib_din.o
                0x0000000000004c1e                RMPDataConvert
 .text.GetRPM   0x0000000000004c6c       0x7a ./HAL_LIB/hw_lib_din.o
                0x0000000000004c6c                GetRPM
 .text.vDinDoutProcess
                0x0000000000004ce6       0x88 ./HAL_LIB/hw_lib_din.o
                0x0000000000004ce6                vDinDoutProcess
 .text.getCaputreBuffer
                0x0000000000004d6e       0x16 ./HAL_LIB/hw_lib_din.o
                0x0000000000004d6e                getCaputreBuffer
 .text.I2C_FSM  0x0000000000004d84      0x1ae ./HAL_LIB/hw_lib_eeprom_i2c.o
                0x0000000000004d84                I2C_FSM
 .text.eEEPROMWrFast
                0x0000000000004f32      0x102 ./HAL_LIB/hw_lib_eeprom_i2c.o
                0x0000000000004f32                eEEPROMWrFast
 .text.eEEPROMWr
                0x0000000000005034       0xe0 ./HAL_LIB/hw_lib_eeprom_i2c.o
                0x0000000000005034                eEEPROMWr
 .text.eEEPROMRd
                0x0000000000005114       0x8a ./HAL_LIB/hw_lib_eeprom_i2c.o
                0x0000000000005114                eEEPROMRd
 .text.vHW_INIT_TIMEOUT
                0x000000000000519e       0x1c ./HAL_LIB/hw_timeout.o
                0x000000000000519e                vHW_INIT_TIMEOUT
 .text.vHW_PROCESS_TIMEOUT
                0x00000000000051ba       0x26 ./HAL_LIB/hw_timeout.o
                0x00000000000051ba                vHW_PROCESS_TIMEOUT
 .text.HAL_CANSetTXCallback
                0x00000000000051e0        0xa ./HAL_DRIVER/hal_can_ch32.o
                0x00000000000051e0                HAL_CANSetTXCallback
 .text.HAL_CANSetRXCallback
                0x00000000000051ea        0xa ./HAL_DRIVER/hal_can_ch32.o
                0x00000000000051ea                HAL_CANSetRXCallback
 .text.HAL_CANSetERRCallback
                0x00000000000051f4        0xa ./HAL_DRIVER/hal_can_ch32.o
                0x00000000000051f4                HAL_CANSetERRCallback
 .text.HAL_CANSend
                0x00000000000051fe       0xc8 ./HAL_DRIVER/hal_can_ch32.o
                0x00000000000051fe                HAL_CANSend
 .text.HAL_CAN_MSG_GET
                0x00000000000052c6       0xa4 ./HAL_DRIVER/hal_can_ch32.o
                0x00000000000052c6                HAL_CAN_MSG_GET
 .text.USB_HP_CAN1_TX_IRQHandler
                0x000000000000536a       0x60 ./HAL_DRIVER/hal_can_ch32.o
                0x000000000000536a                USB_HP_CAN1_TX_IRQHandler
 .text.USB_LP_CAN1_RX0_IRQHandler
                0x00000000000053ca       0x5e ./HAL_DRIVER/hal_can_ch32.o
                0x00000000000053ca                USB_LP_CAN1_RX0_IRQHandler
 .text.CAN1_RX1_IRQHandler
                0x0000000000005428       0x5e ./HAL_DRIVER/hal_can_ch32.o
                0x0000000000005428                CAN1_RX1_IRQHandler
 .text.CAN1_SCE_IRQHandler
                0x0000000000005486       0x5c ./HAL_DRIVER/hal_can_ch32.o
                0x0000000000005486                CAN1_SCE_IRQHandler
 .text.ProgramOptionByteData
                0x00000000000054e2      0x120 ./HAL_DRIVER/hal_flash_ch32.o
                0x00000000000054e2                ProgramOptionByteData
 .text.HAL_GetBit
                0x0000000000005602        0xa ./HAL_DRIVER/hal_gpio_ch32.o
                0x0000000000005602                HAL_GetBit
 .text.HAL_SetBit
                0x000000000000560c        0x4 ./HAL_DRIVER/hal_gpio_ch32.o
                0x000000000000560c                HAL_SetBit
 .text.HAL_ResetBit
                0x0000000000005610        0x4 ./HAL_DRIVER/hal_gpio_ch32.o
                0x0000000000005610                HAL_ResetBit
 .text.RTC_IRQHandler
                0x0000000000005614       0x78 ./HAL_DRIVER/hal_rtc_ch32.o
                0x0000000000005614                RTC_IRQHandler
 .text.HAL_SPI_RXOveleyClear
                0x000000000000568c       0x1e ./HAL_DRIVER/hal_spi_ch32.o
                0x000000000000568c                HAL_SPI_RXOveleyClear
 .text.HAL_SPI_GetBusy
                0x00000000000056aa       0x10 ./HAL_DRIVER/hal_spi_ch32.o
                0x00000000000056aa                HAL_SPI_GetBusy
 .text.HAL_WDTReset
                0x00000000000056ba        0xe ./HAL_DRIVER/hal_wdt_ch32.o
                0x00000000000056ba                HAL_WDTReset
 .text.prvInsertBlockIntoFreeList
                0x00000000000056c8       0x4c ./FreeRTOS/portable/MemMang/heap_4.o
 .text.pvPortMalloc
                0x0000000000005714      0x18a ./FreeRTOS/portable/MemMang/heap_4.o
                0x0000000000005714                pvPortMalloc
 .text.vPortSetupTimerInterrupt
                0x000000000000589e       0x3e ./FreeRTOS/portable/GCC/RISC-V/port.o
                0x000000000000589e                vPortSetupTimerInterrupt
 .text.xPortStartScheduler
                0x00000000000058dc       0x90 ./FreeRTOS/portable/GCC/RISC-V/port.o
                0x00000000000058dc                xPortStartScheduler
 .text.SysTick_Handler
                0x000000000000596c       0x7c ./FreeRTOS/portable/GCC/RISC-V/port.o
                0x000000000000596c                SysTick_Handler
 .text.vPortEnterCritical
                0x00000000000059e8       0x16 ./FreeRTOS/portable/GCC/RISC-V/port.o
                0x00000000000059e8                vPortEnterCritical
 .text.vPortExitCritical
                0x00000000000059fe       0x42 ./FreeRTOS/portable/GCC/RISC-V/port.o
                0x00000000000059fe                vPortExitCritical
 .text.xPortSetInterruptMask
                0x0000000000005a40        0xc ./FreeRTOS/portable/GCC/RISC-V/port.o
                0x0000000000005a40                xPortSetInterruptMask
 .text.vPortClearInterruptMask
                0x0000000000005a4c        0x6 ./FreeRTOS/portable/GCC/RISC-V/port.o
                0x0000000000005a4c                vPortClearInterruptMask
 .text.vListInitialise
                0x0000000000005a52       0x14 ./FreeRTOS/list.o
                0x0000000000005a52                vListInitialise
 .text.vListInitialiseItem
                0x0000000000005a66        0x6 ./FreeRTOS/list.o
                0x0000000000005a66                vListInitialiseItem
 .text.vListInsertEnd
                0x0000000000005a6c       0x18 ./FreeRTOS/list.o
                0x0000000000005a6c                vListInsertEnd
 .text.vListInsert
                0x0000000000005a84       0x2e ./FreeRTOS/list.o
                0x0000000000005a84                vListInsert
 .text.uxListRemove
                0x0000000000005ab2       0x20 ./FreeRTOS/list.o
                0x0000000000005ab2                uxListRemove
 .text.prvIsQueueEmpty
                0x0000000000005ad2       0x1e ./FreeRTOS/queue.o
 .text.prvCopyDataToQueue
                0x0000000000005af0       0x72 ./FreeRTOS/queue.o
 .text.prvCopyDataFromQueue
                0x0000000000005b62       0x28 ./FreeRTOS/queue.o
 .text.prvUnlockQueue
                0x0000000000005b8a       0x76 ./FreeRTOS/queue.o
 .text.xQueueGenericReset
                0x0000000000005c00       0xc4 ./FreeRTOS/queue.o
                0x0000000000005c00                xQueueGenericReset
 .text.xQueueGenericCreateStatic
                0x0000000000005cc4       0xae ./FreeRTOS/queue.o
                0x0000000000005cc4                xQueueGenericCreateStatic
 .text.xQueueGenericCreate
                0x0000000000005d72       0x72 ./FreeRTOS/queue.o
                0x0000000000005d72                xQueueGenericCreate
 .text.xQueueGenericSend
                0x0000000000005de4      0x178 ./FreeRTOS/queue.o
                0x0000000000005de4                xQueueGenericSend
 .text.xQueueGiveMutexRecursive
                0x0000000000005f5c       0x56 ./FreeRTOS/queue.o
                0x0000000000005f5c                xQueueGiveMutexRecursive
 .text.xQueueCreateMutex
                0x0000000000005fb2       0x2e ./FreeRTOS/queue.o
                0x0000000000005fb2                xQueueCreateMutex
 .text.xQueueGenericSendFromISR
                0x0000000000005fe0      0x128 ./FreeRTOS/queue.o
                0x0000000000005fe0                xQueueGenericSendFromISR
 .text.xQueueReceive
                0x0000000000006108      0x138 ./FreeRTOS/queue.o
                0x0000000000006108                xQueueReceive
 .text.xQueueSemaphoreTake
                0x0000000000006240      0x190 ./FreeRTOS/queue.o
                0x0000000000006240                xQueueSemaphoreTake
 .text.xQueueTakeMutexRecursive
                0x00000000000063d0       0x5a ./FreeRTOS/queue.o
                0x00000000000063d0                xQueueTakeMutexRecursive
 .text.xQueueReceiveFromISR
                0x000000000000642a       0xf0 ./FreeRTOS/queue.o
                0x000000000000642a                xQueueReceiveFromISR
 .text.uxQueueMessagesWaiting
                0x000000000000651a       0x44 ./FreeRTOS/queue.o
                0x000000000000651a                uxQueueMessagesWaiting
 .text.prvIdleTask
                0x000000000000655e        0x2 ./FreeRTOS/tasks.o
 .text.prvAddNewTaskToReadyList
                0x0000000000006560      0x106 ./FreeRTOS/tasks.o
 .text.prvResetNextTaskUnblockTime
                0x0000000000006666       0x20 ./FreeRTOS/tasks.o
 .text.prvTaskIsTaskSuspended
                0x0000000000006686       0x50 ./FreeRTOS/tasks.o
 .text.prvInitialiseNewTask.isra.2
                0x00000000000066d6       0xc8 ./FreeRTOS/tasks.o
 .text.prvAddCurrentTaskToDelayedList
                0x000000000000679e       0xa4 ./FreeRTOS/tasks.o
 .text.xTaskCreateStatic
                0x0000000000006842       0xa6 ./FreeRTOS/tasks.o
                0x0000000000006842                xTaskCreateStatic
 .text.vTaskResume
                0x00000000000068e8       0xa6 ./FreeRTOS/tasks.o
                0x00000000000068e8                vTaskResume
 .text.vTaskStartScheduler
                0x000000000000698e       0x5c ./FreeRTOS/tasks.o
                0x000000000000698e                vTaskStartScheduler
 .text.vTaskSuspendAll
                0x00000000000069ea       0x10 ./FreeRTOS/tasks.o
                0x00000000000069ea                vTaskSuspendAll
 .text.xTaskGetTickCount
                0x00000000000069fa        0x6 ./FreeRTOS/tasks.o
                0x00000000000069fa                xTaskGetTickCount
 .text.xTaskIncrementTick
                0x0000000000006a00      0x194 ./FreeRTOS/tasks.o
                0x0000000000006a00                xTaskIncrementTick
 .text.xTaskResumeAll
                0x0000000000006b94      0x154 ./FreeRTOS/tasks.o
                0x0000000000006b94                xTaskResumeAll
 .text.vTaskDelay
                0x0000000000006ce8       0x66 ./FreeRTOS/tasks.o
                0x0000000000006ce8                vTaskDelay
 .text.vTaskSwitchContext
                0x0000000000006d4e       0x92 ./FreeRTOS/tasks.o
                0x0000000000006d4e                vTaskSwitchContext
 .text.vTaskSuspend
                0x0000000000006de0       0xea ./FreeRTOS/tasks.o
                0x0000000000006de0                vTaskSuspend
 .text.vTaskPlaceOnEventList
                0x0000000000006eca       0x48 ./FreeRTOS/tasks.o
                0x0000000000006eca                vTaskPlaceOnEventList
 .text.xTaskRemoveFromEventList
                0x0000000000006f12       0xe4 ./FreeRTOS/tasks.o
                0x0000000000006f12                xTaskRemoveFromEventList
 .text.vTaskInternalSetTimeOutState
                0x0000000000006ff6        0xe ./FreeRTOS/tasks.o
                0x0000000000006ff6                vTaskInternalSetTimeOutState
 .text.xTaskCheckForTimeOut
                0x0000000000007004       0xaa ./FreeRTOS/tasks.o
                0x0000000000007004                xTaskCheckForTimeOut
 .text.vTaskMissedYield
                0x00000000000070ae        0x8 ./FreeRTOS/tasks.o
                0x00000000000070ae                vTaskMissedYield
 .text.xTaskGetCurrentTaskHandle
                0x00000000000070b6        0xa ./FreeRTOS/tasks.o
                0x00000000000070b6                xTaskGetCurrentTaskHandle
 .text.xTaskPriorityInherit
                0x00000000000070c0       0xaa ./FreeRTOS/tasks.o
                0x00000000000070c0                xTaskPriorityInherit
 .text.xTaskPriorityDisinherit
                0x000000000000716a       0xc6 ./FreeRTOS/tasks.o
                0x000000000000716a                xTaskPriorityDisinherit
 .text.vTaskPriorityDisinheritAfterTimeout
                0x0000000000007230       0xe2 ./FreeRTOS/tasks.o
                0x0000000000007230                vTaskPriorityDisinheritAfterTimeout
 .text.pvTaskIncrementMutexHeldCount
                0x0000000000007312       0x1c ./FreeRTOS/tasks.o
                0x0000000000007312                pvTaskIncrementMutexHeldCount
 .text.ulTaskGenericNotifyTake
                0x000000000000732e       0xb8 ./FreeRTOS/tasks.o
                0x000000000000732e                ulTaskGenericNotifyTake
 .text.xTaskGenericNotifyWait
                0x00000000000073e6       0xe6 ./FreeRTOS/tasks.o
                0x00000000000073e6                xTaskGenericNotifyWait
 .text.xTaskGenericNotifyFromISR
                0x00000000000074cc      0x1e8 ./FreeRTOS/tasks.o
                0x00000000000074cc                xTaskGenericNotifyFromISR
 .text.Delay_Init
                0x00000000000076b4       0x3e ./Debug/debug.o
                0x00000000000076b4                Delay_Init
 .text.Delay_Ms
                0x00000000000076f2       0x3c ./Debug/debug.o
                0x00000000000076f2                Delay_Ms
 .text.USART_Printf_Init
                0x000000000000772e       0x5a ./Debug/debug.o
                0x000000000000772e                USART_Printf_Init
 .text._write   0x0000000000007788       0x3e ./Debug/debug.o
                0x0000000000007788                _write
 .text._sbrk    0x00000000000077c6       0x2a ./Debug/debug.o
                0x00000000000077c6                _sbrk
 .text.Get_ConversionVal
                0x00000000000077f0       0x2a ./DRIVER/hal_adc_ch32.o
                0x00000000000077f0                Get_ConversionVal
 .text.HAL_ADC_RegularChannelConfig
                0x000000000000781a       0x46 ./DRIVER/hal_adc_ch32.o
                0x000000000000781a                HAL_ADC_RegularChannelConfig
 .text.HAL_ADC_ContiniusScanCinvertionDMA
                0x0000000000007860       0xca ./DRIVER/hal_adc_ch32.o
                0x0000000000007860                HAL_ADC_ContiniusScanCinvertionDMA
 .text.HAL_ADC_StartDMA
                0x000000000000792a       0x42 ./DRIVER/hal_adc_ch32.o
                0x000000000000792a                HAL_ADC_StartDMA
 .text.ADC1_2_IRQHandler
                0x000000000000796c       0x70 ./DRIVER/hal_adc_ch32.o
                0x000000000000796c                ADC1_2_IRQHandler
 .text.DMA_IRQ  0x00000000000079dc       0x3a ./DRIVER/hal_dma_ch32.o
 .text.HAL_DMA_Enable
                0x0000000000007a16       0x18 ./DRIVER/hal_dma_ch32.o
                0x0000000000007a16                HAL_DMA_Enable
 .text.HAL_DMA_Disable
                0x0000000000007a2e       0x1a ./DRIVER/hal_dma_ch32.o
                0x0000000000007a2e                HAL_DMA_Disable
 .text.HAL_DMAInitIT
                0x0000000000007a48       0xa0 ./DRIVER/hal_dma_ch32.o
                0x0000000000007a48                HAL_DMAInitIT
 .text.HAL_DMA_SetCounter
                0x0000000000007ae8       0x12 ./DRIVER/hal_dma_ch32.o
                0x0000000000007ae8                HAL_DMA_SetCounter
 .text.HAL_DMA_ITENABLE
                0x0000000000007afa       0x16 ./DRIVER/hal_dma_ch32.o
                0x0000000000007afa                HAL_DMA_ITENABLE
 .text.HAL_DMA_SetCouterAndEnable
                0x0000000000007b10       0x1a ./DRIVER/hal_dma_ch32.o
                0x0000000000007b10                HAL_DMA_SetCouterAndEnable
 .text.DMA1_Channel1_IRQHandler
                0x0000000000007b2a       0x4e ./DRIVER/hal_dma_ch32.o
                0x0000000000007b2a                DMA1_Channel1_IRQHandler
 .text.DMA1_Channel3_IRQHandler
                0x0000000000007b78       0x4e ./DRIVER/hal_dma_ch32.o
                0x0000000000007b78                DMA1_Channel3_IRQHandler
 .text.DMA1_Channel4_IRQHandler
                0x0000000000007bc6       0x4e ./DRIVER/hal_dma_ch32.o
                0x0000000000007bc6                DMA1_Channel4_IRQHandler
 .text.DMA1_Channel5_IRQHandler
                0x0000000000007c14       0x4e ./DRIVER/hal_dma_ch32.o
                0x0000000000007c14                DMA1_Channel5_IRQHandler
 .text.DMA1_Channel7_IRQHandler
                0x0000000000007c62       0x4e ./DRIVER/hal_dma_ch32.o
                0x0000000000007c62                DMA1_Channel7_IRQHandler
 .text.HAL_I2C_Init
                0x0000000000007cb0       0xf6 ./DRIVER/hal_i2c_ch32.o
                0x0000000000007cb0                HAL_I2C_Init
 .text.HAL_I2C_GET_STAR2
                0x0000000000007da6        0xe ./DRIVER/hal_i2c_ch32.o
                0x0000000000007da6                HAL_I2C_GET_STAR2
 .text.HAL_I2C_GET_STAR1
                0x0000000000007db4        0xe ./DRIVER/hal_i2c_ch32.o
                0x0000000000007db4                HAL_I2C_GET_STAR1
 .text.HAL_I2C_ENABLE
                0x0000000000007dc2       0x14 ./DRIVER/hal_i2c_ch32.o
                0x0000000000007dc2                HAL_I2C_ENABLE
 .text.HAL_I2C_DISABLE
                0x0000000000007dd6       0x1a ./DRIVER/hal_i2c_ch32.o
                0x0000000000007dd6                HAL_I2C_DISABLE
 .text.I2C_IT_ENABLE
                0x0000000000007df0       0x12 ./DRIVER/hal_i2c_ch32.o
                0x0000000000007df0                I2C_IT_ENABLE
 .text.I2C_IT_DISABLE
                0x0000000000007e02       0x16 ./DRIVER/hal_i2c_ch32.o
                0x0000000000007e02                I2C_IT_DISABLE
 .text.HAL_I2C_STOP
                0x0000000000007e18       0x14 ./DRIVER/hal_i2c_ch32.o
                0x0000000000007e18                HAL_I2C_STOP
 .text.HAL_I2C_START
                0x0000000000007e2c       0x14 ./DRIVER/hal_i2c_ch32.o
                0x0000000000007e2c                HAL_I2C_START
 .text.HAL_I2C_SEND
                0x0000000000007e40        0xe ./DRIVER/hal_i2c_ch32.o
                0x0000000000007e40                HAL_I2C_SEND
 .text.HAL_I2C_SEND_ADDR_TRANS
                0x0000000000007e4e       0x12 ./DRIVER/hal_i2c_ch32.o
                0x0000000000007e4e                HAL_I2C_SEND_ADDR_TRANS
 .text.HAL_I2C_SEND_ADDR_RECIEVE
                0x0000000000007e60       0x16 ./DRIVER/hal_i2c_ch32.o
                0x0000000000007e60                HAL_I2C_SEND_ADDR_RECIEVE
 .text.HAL_I2C_ACK_ENABLE
                0x0000000000007e76       0x14 ./DRIVER/hal_i2c_ch32.o
                0x0000000000007e76                HAL_I2C_ACK_ENABLE
 .text.HAL_I2C_ACK_DISABLE
                0x0000000000007e8a       0x1c ./DRIVER/hal_i2c_ch32.o
                0x0000000000007e8a                HAL_I2C_ACK_DISABLE
 .text.HAL_I2C_ClearFlag
                0x0000000000007ea6       0x20 ./DRIVER/hal_i2c_ch32.o
                0x0000000000007ea6                HAL_I2C_ClearFlag
 .text.HAL_I2C_READ_DATA
                0x0000000000007ec6        0xe ./DRIVER/hal_i2c_ch32.o
                0x0000000000007ec6                HAL_I2C_READ_DATA
 .text.I2C1_EV_IRQHandler
                0x0000000000007ed4       0x52 ./DRIVER/hal_i2c_ch32.o
                0x0000000000007ed4                I2C1_EV_IRQHandler
 .text.I2C1_ER_IRQHandler
                0x0000000000007f26       0x52 ./DRIVER/hal_i2c_ch32.o
                0x0000000000007f26                I2C1_ER_IRQHandler
 .text.HAL_TiemrEneblae
                0x0000000000007f78       0x1a ./DRIVER/hal_timers_ch32.o
                0x0000000000007f78                HAL_TiemrEneblae
 .text.TIM4_IRQHandler
                0x0000000000007f92       0x70 ./DRIVER/hal_timers_ch32.o
                0x0000000000007f92                TIM4_IRQHandler
 .text.HAL_TiemrDisable
                0x0000000000008002       0x1c ./DRIVER/hal_timers_ch32.o
                0x0000000000008002                HAL_TiemrDisable
 .text.HAL_TimeInitCaptureDMA
                0x000000000000801e      0x13c ./DRIVER/hal_timers_ch32.o
                0x000000000000801e                HAL_TimeInitCaptureDMA
 .text.HAL_TIMER_SetPWMPulse
                0x000000000000815a       0x88 ./DRIVER/hal_timers_ch32.o
                0x000000000000815a                HAL_TIMER_SetPWMPulse
 .text.HAL_TIMER_EnablePWMCH
                0x00000000000081e2       0x1a ./DRIVER/hal_timers_ch32.o
                0x00000000000081e2                HAL_TIMER_EnablePWMCH
 .text.prv_send_can_message.isra.0
                0x00000000000081fc       0x30 ./CANopenNode/keypad/CO_driver_ST32F103.o
 .text.co_drv_create_os_objects
                0x000000000000822c       0x30 ./CANopenNode/keypad/CO_driver_ST32F103.o
                0x000000000000822c                co_drv_create_os_objects
 .text.co_drv_mutex_lock
                0x000000000000825c       0x18 ./CANopenNode/keypad/CO_driver_ST32F103.o
                0x000000000000825c                co_drv_mutex_lock
 .text.co_drv_mutex_unlock
                0x0000000000008274       0x16 ./CANopenNode/keypad/CO_driver_ST32F103.o
                0x0000000000008274                co_drv_mutex_unlock
 .text.CO_CANsetNormalMode
                0x000000000000828a       0x1c ./CANopenNode/keypad/CO_driver_ST32F103.o
                0x000000000000828a                CO_CANsetNormalMode
 .text.CO_CANmodule_init
                0x00000000000082a6      0x112 ./CANopenNode/keypad/CO_driver_ST32F103.o
                0x00000000000082a6                CO_CANmodule_init
 .text.CO_CANmodule_disable
                0x00000000000083b8       0x14 ./CANopenNode/keypad/CO_driver_ST32F103.o
                0x00000000000083b8                CO_CANmodule_disable
 .text.CO_CANrxBufferInit
                0x00000000000083cc       0x52 ./CANopenNode/keypad/CO_driver_ST32F103.o
                0x00000000000083cc                CO_CANrxBufferInit
 .text.CO_CANtxBufferInit
                0x000000000000841e       0x3a ./CANopenNode/keypad/CO_driver_ST32F103.o
                0x000000000000841e                CO_CANtxBufferInit
 .text.CO_CANmodule_process
                0x0000000000008458       0x12 ./CANopenNode/keypad/CO_driver_ST32F103.o
                0x0000000000008458                CO_CANmodule_process
 .text.CO_CANsend
                0x000000000000846a       0x46 ./CANopenNode/keypad/CO_driver_ST32F103.o
                0x000000000000846a                CO_CANsend
 .text.CO_LSSslave_receive
                0x00000000000084b0      0x1a8 ./CANopenNode/305/CO_LSSslave.o
 .text.CO_LSSslave_init
                0x0000000000008658       0xa4 ./CANopenNode/305/CO_LSSslave.o
                0x0000000000008658                CO_LSSslave_init
 .text.CO_LSSslave_process
                0x00000000000086fc      0x1a2 ./CANopenNode/305/CO_LSSslave.o
                0x00000000000086fc                CO_LSSslave_process
 .text.OD_write_1003
                0x000000000000889e       0x28 ./CANopenNode/301/CO_Emergency.o
 .text.OD_read_1003
                0x00000000000088c6       0x8c ./CANopenNode/301/CO_Emergency.o
 .text.OD_read_1014_default
                0x0000000000008952       0x50 ./CANopenNode/301/CO_Emergency.o
 .text.CO_EM_init
                0x00000000000089a2      0x112 ./CANopenNode/301/CO_Emergency.o
                0x00000000000089a2                CO_EM_init
 .text.CO_error
                0x0000000000008ab4       0xc4 ./CANopenNode/301/CO_Emergency.o
                0x0000000000008ab4                CO_error
 .text.CO_EM_process
                0x0000000000008b78      0x182 ./CANopenNode/301/CO_Emergency.o
                0x0000000000008b78                CO_EM_process
 .text.CO_NMT_receive
                0x0000000000008cfa       0x18 ./CANopenNode/301/CO_NMT_Heartbeat.o
 .text.OD_write_1017
                0x0000000000008d12       0x48 ./CANopenNode/301/CO_NMT_Heartbeat.o
 .text.CO_NMT_init
                0x0000000000008d5a       0xec ./CANopenNode/301/CO_NMT_Heartbeat.o
                0x0000000000008d5a                CO_NMT_init
 .text.CO_NMT_process
                0x0000000000008e46      0x106 ./CANopenNode/301/CO_NMT_Heartbeat.o
                0x0000000000008e46                CO_NMT_process
 .text.OD_readDisabled
                0x0000000000008f4c        0x4 ./CANopenNode/301/CO_ODinterface.o
 .text.OD_readOriginal
                0x0000000000008f50       0x50 ./CANopenNode/301/CO_ODinterface.o
                0x0000000000008f50                OD_readOriginal
 .text.OD_writeOriginal
                0x0000000000008fa0       0x54 ./CANopenNode/301/CO_ODinterface.o
                0x0000000000008fa0                OD_writeOriginal
 .text.OD_writeDisabled
                0x0000000000008ff4        0x4 ./CANopenNode/301/CO_ODinterface.o
 .text.OD_find  0x0000000000008ff8       0x70 ./CANopenNode/301/CO_ODinterface.o
                0x0000000000008ff8                OD_find
 .text.OD_getSub
                0x0000000000009068       0xf6 ./CANopenNode/301/CO_ODinterface.o
                0x0000000000009068                OD_getSub
 .text.OD_getSDOabCode
                0x000000000000915e       0x20 ./CANopenNode/301/CO_ODinterface.o
                0x000000000000915e                OD_getSDOabCode
 .text.OD_get_value
                0x000000000000917e       0x34 ./CANopenNode/301/CO_ODinterface.o
                0x000000000000917e                OD_get_value
 .text.OD_set_value
                0x00000000000091b2       0x2e ./CANopenNode/301/CO_ODinterface.o
                0x00000000000091b2                OD_set_value
 .text.OD_getPtr
                0x00000000000091e0       0x3c ./CANopenNode/301/CO_ODinterface.o
                0x00000000000091e0                OD_getPtr
 .text.OD_write_dummy
                0x000000000000921c        0x8 ./CANopenNode/301/CO_PDO.o
 .text.OD_read_dummy
                0x0000000000009224       0x2e ./CANopenNode/301/CO_PDO.o
 .text.PDOconfigMap
                0x0000000000009252      0x100 ./CANopenNode/301/CO_PDO.o
 .text.CO_PDO_receive
                0x0000000000009352       0x48 ./CANopenNode/301/CO_PDO.o
 .text.OD_read_PDO_commParam
                0x000000000000939a       0x70 ./CANopenNode/301/CO_PDO.o
 .text.PDO_initMapping.constprop.3
                0x000000000000940a       0xe6 ./CANopenNode/301/CO_PDO.o
 .text.OD_write_PDO_mapping
                0x00000000000094f0       0xb4 ./CANopenNode/301/CO_PDO.o
 .text.OD_write_18xx
                0x00000000000095a4      0x184 ./CANopenNode/301/CO_PDO.o
 .text.OD_write_14xx
                0x0000000000009728      0x15a ./CANopenNode/301/CO_PDO.o
 .text.CO_RPDO_init
                0x0000000000009882      0x172 ./CANopenNode/301/CO_PDO.o
                0x0000000000009882                CO_RPDO_init
 .text.CO_RPDO_process
                0x00000000000099f4      0x114 ./CANopenNode/301/CO_PDO.o
                0x00000000000099f4                CO_RPDO_process
 .text.CO_TPDO_init
                0x0000000000009b08      0x1d2 ./CANopenNode/301/CO_PDO.o
                0x0000000000009b08                CO_TPDO_init
 .text.CO_TPDO_process
                0x0000000000009cda      0x15e ./CANopenNode/301/CO_PDO.o
                0x0000000000009cda                CO_TPDO_process
 .text.CO_SDOserver_init_canRxTx
                0x0000000000009e38       0x82 ./CANopenNode/301/CO_SDOserver.o
 .text.CO_SDO_receive
                0x0000000000009eba       0x38 ./CANopenNode/301/CO_SDOserver.o
 .text.readFromOd.isra.1.constprop.5
                0x0000000000009ef2       0xe2 ./CANopenNode/301/CO_SDOserver.o
 .text.OD_write_1201_additional
                0x0000000000009fd4      0x158 ./CANopenNode/301/CO_SDOserver.o
 .text.CO_SDOserver_init
                0x000000000000a12c      0x172 ./CANopenNode/301/CO_SDOserver.o
                0x000000000000a12c                CO_SDOserver_init
 .text.CO_SDOserver_process
                0x000000000000a29e      0x5e8 ./CANopenNode/301/CO_SDOserver.o
                0x000000000000a29e                CO_SDOserver_process
 .text.CO_delete
                0x000000000000a886       0x56 ./CANopenNode/CANopen.o
                0x000000000000a886                CO_delete
 .text.CO_new   0x000000000000a8dc      0x102 ./CANopenNode/CANopen.o
                0x000000000000a8dc                CO_new
 .text.CO_CANinit
                0x000000000000a9de       0x28 ./CANopenNode/CANopen.o
                0x000000000000a9de                CO_CANinit
 .text.CO_LSSinit
                0x000000000000aa06       0x32 ./CANopenNode/CANopen.o
                0x000000000000aa06                CO_LSSinit
 .text.CO_CANopenInit
                0x000000000000aa38       0xb8 ./CANopenNode/CANopen.o
                0x000000000000aa38                CO_CANopenInit
 .text.CO_CANopenInitPDO
                0x000000000000aaf0       0xea ./CANopenNode/CANopen.o
                0x000000000000aaf0                CO_CANopenInitPDO
 .text.CO_process
                0x000000000000abda       0x7e ./CANopenNode/CANopen.o
                0x000000000000abda                CO_process
 .text.CO_process_RPDO
                0x000000000000ac58       0x40 ./CANopenNode/CANopen.o
                0x000000000000ac58                CO_process_RPDO
 .text.CO_process_TPDO
                0x000000000000ac98       0x40 ./CANopenNode/CANopen.o
                0x000000000000ac98                CO_process_TPDO
 .text.__divdf3
                0x000000000000acd8      0x5b4 c:/mounriver/mounriver_studio2/resources/app/resources/win32/components/wch/toolchain/risc-v embedded gcc/bin/../lib/gcc/riscv-none-embed/8.2.0/rv32imacxw/ilp32\libgcc.a(divdf3.o)
                0x000000000000acd8                __divdf3
 .text.__muldf3
                0x000000000000b28c      0x4b8 c:/mounriver/mounriver_studio2/resources/app/resources/win32/components/wch/toolchain/risc-v embedded gcc/bin/../lib/gcc/riscv-none-embed/8.2.0/rv32imacxw/ilp32\libgcc.a(muldf3.o)
                0x000000000000b28c                __muldf3
 .text.__fixunsdfsi
                0x000000000000b744       0x5c c:/mounriver/mounriver_studio2/resources/app/resources/win32/components/wch/toolchain/risc-v embedded gcc/bin/../lib/gcc/riscv-none-embed/8.2.0/rv32imacxw/ilp32\libgcc.a(fixunsdfsi.o)
                0x000000000000b744                __fixunsdfsi
 .text.__floatunsidf
                0x000000000000b7a0       0x68 c:/mounriver/mounriver_studio2/resources/app/resources/win32/components/wch/toolchain/risc-v embedded gcc/bin/../lib/gcc/riscv-none-embed/8.2.0/rv32imacxw/ilp32\libgcc.a(floatunsidf.o)
                0x000000000000b7a0                __floatunsidf
 .text.__addsf3
                0x000000000000b808      0x36a c:/mounriver/mounriver_studio2/resources/app/resources/win32/components/wch/toolchain/risc-v embedded gcc/bin/../lib/gcc/riscv-none-embed/8.2.0/rv32imacxw/ilp32\libgcc.a(addsf3.o)
                0x000000000000b808                __addsf3
 .text.__divsf3
                0x000000000000bb72      0x2b2 c:/mounriver/mounriver_studio2/resources/app/resources/win32/components/wch/toolchain/risc-v embedded gcc/bin/../lib/gcc/riscv-none-embed/8.2.0/rv32imacxw/ilp32\libgcc.a(divsf3.o)
                0x000000000000bb72                __divsf3
 .text.__gesf2  0x000000000000be24       0x86 c:/mounriver/mounriver_studio2/resources/app/resources/win32/components/wch/toolchain/risc-v embedded gcc/bin/../lib/gcc/riscv-none-embed/8.2.0/rv32imacxw/ilp32\libgcc.a(gesf2.o)
                0x000000000000be24                __gesf2
                0x000000000000be24                __gtsf2
 .text.__lesf2  0x000000000000beaa       0x8c c:/mounriver/mounriver_studio2/resources/app/resources/win32/components/wch/toolchain/risc-v embedded gcc/bin/../lib/gcc/riscv-none-embed/8.2.0/rv32imacxw/ilp32\libgcc.a(lesf2.o)
                0x000000000000beaa                __ltsf2
                0x000000000000beaa                __lesf2
 .text.__mulsf3
                0x000000000000bf36      0x294 c:/mounriver/mounriver_studio2/resources/app/resources/win32/components/wch/toolchain/risc-v embedded gcc/bin/../lib/gcc/riscv-none-embed/8.2.0/rv32imacxw/ilp32\libgcc.a(mulsf3.o)
                0x000000000000bf36                __mulsf3
 .text.__subsf3
                0x000000000000c1ca      0x388 c:/mounriver/mounriver_studio2/resources/app/resources/win32/components/wch/toolchain/risc-v embedded gcc/bin/../lib/gcc/riscv-none-embed/8.2.0/rv32imacxw/ilp32\libgcc.a(subsf3.o)
                0x000000000000c1ca                __subsf3
 .text.__fixsfsi
                0x000000000000c552       0x62 c:/mounriver/mounriver_studio2/resources/app/resources/win32/components/wch/toolchain/risc-v embedded gcc/bin/../lib/gcc/riscv-none-embed/8.2.0/rv32imacxw/ilp32\libgcc.a(fixsfsi.o)
                0x000000000000c552                __fixsfsi
 .text.__fixunssfsi
                0x000000000000c5b4       0x56 c:/mounriver/mounriver_studio2/resources/app/resources/win32/components/wch/toolchain/risc-v embedded gcc/bin/../lib/gcc/riscv-none-embed/8.2.0/rv32imacxw/ilp32\libgcc.a(fixunssfsi.o)
                0x000000000000c5b4                __fixunssfsi
 .text.__floatsisf
                0x000000000000c60a       0xc6 c:/mounriver/mounriver_studio2/resources/app/resources/win32/components/wch/toolchain/risc-v embedded gcc/bin/../lib/gcc/riscv-none-embed/8.2.0/rv32imacxw/ilp32\libgcc.a(floatsisf.o)
                0x000000000000c60a                __floatsisf
 .text.__floatunsisf
                0x000000000000c6d0       0xce c:/mounriver/mounriver_studio2/resources/app/resources/win32/components/wch/toolchain/risc-v embedded gcc/bin/../lib/gcc/riscv-none-embed/8.2.0/rv32imacxw/ilp32\libgcc.a(floatunsisf.o)
                0x000000000000c6d0                __floatunsisf
 .text.__extendsfdf2
                0x000000000000c79e       0xac c:/mounriver/mounriver_studio2/resources/app/resources/win32/components/wch/toolchain/risc-v embedded gcc/bin/../lib/gcc/riscv-none-embed/8.2.0/rv32imacxw/ilp32\libgcc.a(extendsfdf2.o)
                0x000000000000c79e                __extendsfdf2
 .text.__truncdfsf2
                0x000000000000c84a      0x16a c:/mounriver/mounriver_studio2/resources/app/resources/win32/components/wch/toolchain/risc-v embedded gcc/bin/../lib/gcc/riscv-none-embed/8.2.0/rv32imacxw/ilp32\libgcc.a(truncdfsf2.o)
                0x000000000000c84a                __truncdfsf2
 .text.__clzsi2
                0x000000000000c9b4       0x6e c:/mounriver/mounriver_studio2/resources/app/resources/win32/components/wch/toolchain/risc-v embedded gcc/bin/../lib/gcc/riscv-none-embed/8.2.0/rv32imacxw/ilp32\libgcc.a(_clzsi2.o)
                0x000000000000c9b4                __clzsi2
 .text.calloc   0x000000000000ca22        0xc c:/mounriver/mounriver_studio2/resources/app/resources/win32/components/wch/toolchain/risc-v embedded gcc/bin/../lib/gcc/riscv-none-embed/8.2.0/../../../../riscv-none-embed/lib/rv32imacxw/ilp32\libg_nano.a(lib_a-calloc.o)
                0x000000000000ca22                calloc
 .text.free     0x000000000000ca2e        0xa c:/mounriver/mounriver_studio2/resources/app/resources/win32/components/wch/toolchain/risc-v embedded gcc/bin/../lib/gcc/riscv-none-embed/8.2.0/../../../../riscv-none-embed/lib/rv32imacxw/ilp32\libg_nano.a(lib_a-malloc.o)
                0x000000000000ca2e                free
 .text.memcpy   0x000000000000ca38       0xb2 c:/mounriver/mounriver_studio2/resources/app/resources/win32/components/wch/toolchain/risc-v embedded gcc/bin/../lib/gcc/riscv-none-embed/8.2.0/../../../../riscv-none-embed/lib/rv32imacxw/ilp32\libg_nano.a(lib_a-memcpy.o)
                0x000000000000ca38                memcpy
 .text.memmove  0x000000000000caea       0x46 c:/mounriver/mounriver_studio2/resources/app/resources/win32/components/wch/toolchain/risc-v embedded gcc/bin/../lib/gcc/riscv-none-embed/8.2.0/../../../../riscv-none-embed/lib/rv32imacxw/ilp32\libg_nano.a(lib_a-memmove.o)
                0x000000000000caea                memmove
 .text._calloc_r
                0x000000000000cb30       0x26 c:/mounriver/mounriver_studio2/resources/app/resources/win32/components/wch/toolchain/risc-v embedded gcc/bin/../lib/gcc/riscv-none-embed/8.2.0/../../../../riscv-none-embed/lib/rv32imacxw/ilp32\libg_nano.a(lib_a-nano-callocr.o)
                0x000000000000cb30                _calloc_r
 .text._free_r  0x000000000000cb56       0xa8 c:/mounriver/mounriver_studio2/resources/app/resources/win32/components/wch/toolchain/risc-v embedded gcc/bin/../lib/gcc/riscv-none-embed/8.2.0/../../../../riscv-none-embed/lib/rv32imacxw/ilp32\libg_nano.a(lib_a-nano-freer.o)
                0x000000000000cb56                _free_r
 .text._malloc_r
                0x000000000000cbfe       0xd4 c:/mounriver/mounriver_studio2/resources/app/resources/win32/components/wch/toolchain/risc-v embedded gcc/bin/../lib/gcc/riscv-none-embed/8.2.0/../../../../riscv-none-embed/lib/rv32imacxw/ilp32\libg_nano.a(lib_a-nano-mallocr.o)
                0x000000000000cbfe                _malloc_r
 .text.printf   0x000000000000ccd2       0x40 c:/mounriver/mounriver_studio2/resources/app/resources/win32/components/wch/toolchain/risc-v embedded gcc/bin/../lib/gcc/riscv-none-embed/8.2.0/../../../../riscv-none-embed/lib/rv32imacxw/ilp32\libg_nano.a(lib_a-printf.o)
                0x000000000000ccd2                iprintf
                0x000000000000ccd2                printf
 .text._puts_r  0x000000000000cd12       0xd4 c:/mounriver/mounriver_studio2/resources/app/resources/win32/components/wch/toolchain/risc-v embedded gcc/bin/../lib/gcc/riscv-none-embed/8.2.0/../../../../riscv-none-embed/lib/rv32imacxw/ilp32\libg_nano.a(lib_a-puts.o)
                0x000000000000cd12                _puts_r
 .text.puts     0x000000000000cde6        0xc c:/mounriver/mounriver_studio2/resources/app/resources/win32/components/wch/toolchain/risc-v embedded gcc/bin/../lib/gcc/riscv-none-embed/8.2.0/../../../../riscv-none-embed/lib/rv32imacxw/ilp32\libg_nano.a(lib_a-puts.o)
                0x000000000000cde6                puts
 .text._sbrk_r  0x000000000000cdf2       0x32 c:/mounriver/mounriver_studio2/resources/app/resources/win32/components/wch/toolchain/risc-v embedded gcc/bin/../lib/gcc/riscv-none-embed/8.2.0/../../../../riscv-none-embed/lib/rv32imacxw/ilp32\libg_nano.a(lib_a-sbrkr.o)
                0x000000000000cdf2                _sbrk_r
 .text.strlen   0x000000000000ce24       0x12 c:/mounriver/mounriver_studio2/resources/app/resources/win32/components/wch/toolchain/risc-v embedded gcc/bin/../lib/gcc/riscv-none-embed/8.2.0/../../../../riscv-none-embed/lib/rv32imacxw/ilp32\libg_nano.a(lib_a-strlen.o)
                0x000000000000ce24                strlen
 .text.__swbuf_r
                0x000000000000ce36       0xbc c:/mounriver/mounriver_studio2/resources/app/resources/win32/components/wch/toolchain/risc-v embedded gcc/bin/../lib/gcc/riscv-none-embed/8.2.0/../../../../riscv-none-embed/lib/rv32imacxw/ilp32\libg_nano.a(lib_a-wbuf.o)
                0x000000000000ce36                __swbuf_r
 .text.__swsetup_r
                0x000000000000cef2       0xfe c:/mounriver/mounriver_studio2/resources/app/resources/win32/components/wch/toolchain/risc-v embedded gcc/bin/../lib/gcc/riscv-none-embed/8.2.0/../../../../riscv-none-embed/lib/rv32imacxw/ilp32\libg_nano.a(lib_a-wsetup.o)
                0x000000000000cef2                __swsetup_r
 .text.__sflush_r
                0x000000000000cff0      0x132 c:/mounriver/mounriver_studio2/resources/app/resources/win32/components/wch/toolchain/risc-v embedded gcc/bin/../lib/gcc/riscv-none-embed/8.2.0/../../../../riscv-none-embed/lib/rv32imacxw/ilp32\libg_nano.a(lib_a-fflush.o)
                0x000000000000cff0                __sflush_r
 .text._fflush_r
                0x000000000000d122       0x66 c:/mounriver/mounriver_studio2/resources/app/resources/win32/components/wch/toolchain/risc-v embedded gcc/bin/../lib/gcc/riscv-none-embed/8.2.0/../../../../riscv-none-embed/lib/rv32imacxw/ilp32\libg_nano.a(lib_a-fflush.o)
                0x000000000000d122                _fflush_r
 .text.std      0x000000000000d188       0x66 c:/mounriver/mounriver_studio2/resources/app/resources/win32/components/wch/toolchain/risc-v embedded gcc/bin/../lib/gcc/riscv-none-embed/8.2.0/../../../../riscv-none-embed/lib/rv32imacxw/ilp32\libg_nano.a(lib_a-findfp.o)
 .text._cleanup_r
                0x000000000000d1ee        0xa c:/mounriver/mounriver_studio2/resources/app/resources/win32/components/wch/toolchain/risc-v embedded gcc/bin/../lib/gcc/riscv-none-embed/8.2.0/../../../../riscv-none-embed/lib/rv32imacxw/ilp32\libg_nano.a(lib_a-findfp.o)
                0x000000000000d1ee                _cleanup_r
 .text.__sfmoreglue
                0x000000000000d1f8       0x48 c:/mounriver/mounriver_studio2/resources/app/resources/win32/components/wch/toolchain/risc-v embedded gcc/bin/../lib/gcc/riscv-none-embed/8.2.0/../../../../riscv-none-embed/lib/rv32imacxw/ilp32\libg_nano.a(lib_a-findfp.o)
                0x000000000000d1f8                __sfmoreglue
 .text.__sinit  0x000000000000d240       0x6c c:/mounriver/mounriver_studio2/resources/app/resources/win32/components/wch/toolchain/risc-v embedded gcc/bin/../lib/gcc/riscv-none-embed/8.2.0/../../../../riscv-none-embed/lib/rv32imacxw/ilp32\libg_nano.a(lib_a-findfp.o)
                0x000000000000d240                __sinit
 .text.__sfp    0x000000000000d2ac       0xa0 c:/mounriver/mounriver_studio2/resources/app/resources/win32/components/wch/toolchain/risc-v embedded gcc/bin/../lib/gcc/riscv-none-embed/8.2.0/../../../../riscv-none-embed/lib/rv32imacxw/ilp32\libg_nano.a(lib_a-findfp.o)
                0x000000000000d2ac                __sfp
 .text._fwalk_reent
                0x000000000000d34c       0x6a c:/mounriver/mounriver_studio2/resources/app/resources/win32/components/wch/toolchain/risc-v embedded gcc/bin/../lib/gcc/riscv-none-embed/8.2.0/../../../../riscv-none-embed/lib/rv32imacxw/ilp32\libg_nano.a(lib_a-fwalk.o)
                0x000000000000d34c                _fwalk_reent
 .text.__swhatbuf_r
                0x000000000000d3b6       0x58 c:/mounriver/mounriver_studio2/resources/app/resources/win32/components/wch/toolchain/risc-v embedded gcc/bin/../lib/gcc/riscv-none-embed/8.2.0/../../../../riscv-none-embed/lib/rv32imacxw/ilp32\libg_nano.a(lib_a-makebuf.o)
                0x000000000000d3b6                __swhatbuf_r
 .text.__smakebuf_r
                0x000000000000d40e       0x94 c:/mounriver/mounriver_studio2/resources/app/resources/win32/components/wch/toolchain/risc-v embedded gcc/bin/../lib/gcc/riscv-none-embed/8.2.0/../../../../riscv-none-embed/lib/rv32imacxw/ilp32\libg_nano.a(lib_a-makebuf.o)
                0x000000000000d40e                __smakebuf_r
 .text.__malloc_lock
                0x000000000000d4a2        0x2 c:/mounriver/mounriver_studio2/resources/app/resources/win32/components/wch/toolchain/risc-v embedded gcc/bin/../lib/gcc/riscv-none-embed/8.2.0/../../../../riscv-none-embed/lib/rv32imacxw/ilp32\libg_nano.a(lib_a-mlock.o)
                0x000000000000d4a2                __malloc_lock
 .text.__malloc_unlock
                0x000000000000d4a4        0x2 c:/mounriver/mounriver_studio2/resources/app/resources/win32/components/wch/toolchain/risc-v embedded gcc/bin/../lib/gcc/riscv-none-embed/8.2.0/../../../../riscv-none-embed/lib/rv32imacxw/ilp32\libg_nano.a(lib_a-mlock.o)
                0x000000000000d4a4                __malloc_unlock
 .text.__sfputc_r
                0x000000000000d4a6       0x28 c:/mounriver/mounriver_studio2/resources/app/resources/win32/components/wch/toolchain/risc-v embedded gcc/bin/../lib/gcc/riscv-none-embed/8.2.0/../../../../riscv-none-embed/lib/rv32imacxw/ilp32\libg_nano.a(lib_a-nano-vfprintf.o)
 .text.__sfputs_r
                0x000000000000d4ce       0x42 c:/mounriver/mounriver_studio2/resources/app/resources/win32/components/wch/toolchain/risc-v embedded gcc/bin/../lib/gcc/riscv-none-embed/8.2.0/../../../../riscv-none-embed/lib/rv32imacxw/ilp32\libg_nano.a(lib_a-nano-vfprintf.o)
                0x000000000000d4ce                __sfputs_r
 .text._vfprintf_r
                0x000000000000d510      0x288 c:/mounriver/mounriver_studio2/resources/app/resources/win32/components/wch/toolchain/risc-v embedded gcc/bin/../lib/gcc/riscv-none-embed/8.2.0/../../../../riscv-none-embed/lib/rv32imacxw/ilp32\libg_nano.a(lib_a-nano-vfprintf.o)
                0x000000000000d510                _vfprintf_r
                0x000000000000d510                _vfiprintf_r
 .text._printf_common
                0x000000000000d798      0x10c c:/mounriver/mounriver_studio2/resources/app/resources/win32/components/wch/toolchain/risc-v embedded gcc/bin/../lib/gcc/riscv-none-embed/8.2.0/../../../../riscv-none-embed/lib/rv32imacxw/ilp32\libg_nano.a(lib_a-nano-vfprintf_i.o)
                0x000000000000d798                _printf_common
 .text._printf_i
                0x000000000000d8a4      0x2a2 c:/mounriver/mounriver_studio2/resources/app/resources/win32/components/wch/toolchain/risc-v embedded gcc/bin/../lib/gcc/riscv-none-embed/8.2.0/../../../../riscv-none-embed/lib/rv32imacxw/ilp32\libg_nano.a(lib_a-nano-vfprintf_i.o)
                0x000000000000d8a4                _printf_i
 .text.__sread  0x000000000000db46       0x2c c:/mounriver/mounriver_studio2/resources/app/resources/win32/components/wch/toolchain/risc-v embedded gcc/bin/../lib/gcc/riscv-none-embed/8.2.0/../../../../riscv-none-embed/lib/rv32imacxw/ilp32\libg_nano.a(lib_a-stdio.o)
                0x000000000000db46                __sread
 .text.__swrite
                0x000000000000db72       0x48 c:/mounriver/mounriver_studio2/resources/app/resources/win32/components/wch/toolchain/risc-v embedded gcc/bin/../lib/gcc/riscv-none-embed/8.2.0/../../../../riscv-none-embed/lib/rv32imacxw/ilp32\libg_nano.a(lib_a-stdio.o)
                0x000000000000db72                __swrite
 .text.__sseek  0x000000000000dbba       0x30 c:/mounriver/mounriver_studio2/resources/app/resources/win32/components/wch/toolchain/risc-v embedded gcc/bin/../lib/gcc/riscv-none-embed/8.2.0/../../../../riscv-none-embed/lib/rv32imacxw/ilp32\libg_nano.a(lib_a-stdio.o)
                0x000000000000dbba                __sseek
 .text.__sclose
                0x000000000000dbea        0x6 c:/mounriver/mounriver_studio2/resources/app/resources/win32/components/wch/toolchain/risc-v embedded gcc/bin/../lib/gcc/riscv-none-embed/8.2.0/../../../../riscv-none-embed/lib/rv32imacxw/ilp32\libg_nano.a(lib_a-stdio.o)
                0x000000000000dbea                __sclose
 .text._write_r
                0x000000000000dbf0       0x36 c:/mounriver/mounriver_studio2/resources/app/resources/win32/components/wch/toolchain/risc-v embedded gcc/bin/../lib/gcc/riscv-none-embed/8.2.0/../../../../riscv-none-embed/lib/rv32imacxw/ilp32\libg_nano.a(lib_a-writer.o)
                0x000000000000dbf0                _write_r
 .text._close_r
                0x000000000000dc26       0x30 c:/mounriver/mounriver_studio2/resources/app/resources/win32/components/wch/toolchain/risc-v embedded gcc/bin/../lib/gcc/riscv-none-embed/8.2.0/../../../../riscv-none-embed/lib/rv32imacxw/ilp32\libg_nano.a(lib_a-closer.o)
                0x000000000000dc26                _close_r
 .text._fstat_r
                0x000000000000dc56       0x32 c:/mounriver/mounriver_studio2/resources/app/resources/win32/components/wch/toolchain/risc-v embedded gcc/bin/../lib/gcc/riscv-none-embed/8.2.0/../../../../riscv-none-embed/lib/rv32imacxw/ilp32\libg_nano.a(lib_a-fstatr.o)
                0x000000000000dc56                _fstat_r
 .text._isatty_r
                0x000000000000dc88       0x30 c:/mounriver/mounriver_studio2/resources/app/resources/win32/components/wch/toolchain/risc-v embedded gcc/bin/../lib/gcc/riscv-none-embed/8.2.0/../../../../riscv-none-embed/lib/rv32imacxw/ilp32\libg_nano.a(lib_a-isattyr.o)
                0x000000000000dc88                _isatty_r
 .text._lseek_r
                0x000000000000dcb8       0x34 c:/mounriver/mounriver_studio2/resources/app/resources/win32/components/wch/toolchain/risc-v embedded gcc/bin/../lib/gcc/riscv-none-embed/8.2.0/../../../../riscv-none-embed/lib/rv32imacxw/ilp32\libg_nano.a(lib_a-lseekr.o)
                0x000000000000dcb8                _lseek_r
 .text.memchr   0x000000000000dcec       0x18 c:/mounriver/mounriver_studio2/resources/app/resources/win32/components/wch/toolchain/risc-v embedded gcc/bin/../lib/gcc/riscv-none-embed/8.2.0/../../../../riscv-none-embed/lib/rv32imacxw/ilp32\libg_nano.a(lib_a-memchr.o)
                0x000000000000dcec                memchr
 .text._read_r  0x000000000000dd04       0x34 c:/mounriver/mounriver_studio2/resources/app/resources/win32/components/wch/toolchain/risc-v embedded gcc/bin/../lib/gcc/riscv-none-embed/8.2.0/../../../../riscv-none-embed/lib/rv32imacxw/ilp32\libg_nano.a(lib_a-readr.o)
                0x000000000000dd04                _read_r
 .text._close   0x000000000000dd38       0x10 c:/mounriver/mounriver_studio2/resources/app/resources/win32/components/wch/toolchain/risc-v embedded gcc/bin/../lib/gcc/riscv-none-embed/8.2.0/../../../../riscv-none-embed/lib/rv32imacxw/ilp32\libnosys.a(close.o)
                0x000000000000dd38                _close
 .text._fstat   0x000000000000dd48       0x10 c:/mounriver/mounriver_studio2/resources/app/resources/win32/components/wch/toolchain/risc-v embedded gcc/bin/../lib/gcc/riscv-none-embed/8.2.0/../../../../riscv-none-embed/lib/rv32imacxw/ilp32\libnosys.a(fstat.o)
                0x000000000000dd48                _fstat
 .text._isatty  0x000000000000dd58       0x10 c:/mounriver/mounriver_studio2/resources/app/resources/win32/components/wch/toolchain/risc-v embedded gcc/bin/../lib/gcc/riscv-none-embed/8.2.0/../../../../riscv-none-embed/lib/rv32imacxw/ilp32\libnosys.a(isatty.o)
                0x000000000000dd58                _isatty
 .text._lseek   0x000000000000dd68       0x10 c:/mounriver/mounriver_studio2/resources/app/resources/win32/components/wch/toolchain/risc-v embedded gcc/bin/../lib/gcc/riscv-none-embed/8.2.0/../../../../riscv-none-embed/lib/rv32imacxw/ilp32\libnosys.a(lseek.o)
                0x000000000000dd68                _lseek
 .text._read    0x000000000000dd78       0x10 c:/mounriver/mounriver_studio2/resources/app/resources/win32/components/wch/toolchain/risc-v embedded gcc/bin/../lib/gcc/riscv-none-embed/8.2.0/../../../../riscv-none-embed/lib/rv32imacxw/ilp32\libnosys.a(read.o)
                0x000000000000dd78                _read
 *(.rodata)
 *fill*         0x000000000000dd88        0x0 
 .rodata        0x000000000000dd88       0x14 ./User/dash_draw.o
 .rodata        0x000000000000dd9c       0x20 ./HAL_DRIVER/hal_can_ch32.o
 *(.rodata*)
 .rodata.vCanOpenProcess.str1.4
                0x000000000000ddbc        0xe ./User/CanOpenNode.o
 *fill*         0x000000000000ddca        0x2 
 .rodata.CalPoint
                0x000000000000ddcc       0x48 ./User/DataModel.o
 .rodata.CalPoint1
                0x000000000000de14       0x18 ./User/DataModel.o
 .rodata.seg_const.7438
                0x000000000000de2c       0x12 ./User/DataModel.o
 *fill*         0x000000000000de3e        0x2 
 .rodata.str1.4
                0x000000000000de40       0x1e ./User/DataModel.o
 *fill*         0x000000000000de5e        0x2 
 .rodata.vIncrementSystemCounters.cst4
                0x000000000000de60        0x8 ./User/DataModel.o
 .rodata.getODValue
                0x000000000000de68       0x78 ./User/dash_draw.o
 .rodata.CheckLedState.cst4
                0x000000000000dee0        0x4 ./User/dash_draw.o
 .rodata.MenuStateCross
                0x000000000000dee4       0x1c ./User/dash_draw.o
 .rodata.dm     0x000000000000df00       0x3f ./User/dash_draw.o
 *fill*         0x000000000000df3f        0x1 
 .rodata.getODValue.cst4
                0x000000000000df40        0x4 ./User/dash_draw.o
                                          0x8 (size before relaxing)
 .rodata.vBarColorMode.cst4
                0x000000000000df44        0x4 ./User/dash_draw.o
 .rodata.vRedrawTask.cst4
                0x000000000000df48        0x4 ./User/dash_draw.o
 .rodata.ADC_FSM.cst4
                0x000000000000df4c        0xc ./User/inputs.o
 *fill*         0x000000000000df58        0x0 
 .rodata.ADC_FSM.cst8
                0x000000000000df58       0x18 ./User/inputs.o
 .rodata.vInputsTask.cst4
                0x000000000000df70        0x8 ./User/inputs.o
 .rodata.SetSegDirect
                0x000000000000df78       0x1c ./User/led.o
 .rodata.Brigth
                0x000000000000df94       0x1e ./User/led.o
 *fill*         0x000000000000dfb2        0x2 
 .rodata.DigitMask
                0x000000000000dfb4        0xa ./User/led.o
                0x000000000000dfb4                DigitMask
 *fill*         0x000000000000dfbe        0x2 
 .rodata.offset_mask
                0x000000000000dfc0        0xe ./User/led.o
 *fill*         0x000000000000dfce        0x2 
 .rodata.step_mask
                0x000000000000dfd0        0xe ./User/led.o
 *fill*         0x000000000000dfde        0x2 
 .rodata.Error_Handler.str1.4
                0x000000000000dfe0        0xf ./User/main.o
 *fill*         0x000000000000dfef        0x1 
 .rodata.main.str1.4