Archive member included to satisfy reference by file (symbol)

c:/mounriver/mounriver_studio/toolchain/risc-v embedded gcc/bin/../lib/gcc/riscv-none-embed/8.2.0/rv32imacxw/ilp32\libgcc.a(divdf3.o)
                              ./HAL_LIB/hw_lib_din.o (__divdf3)
c:/mounriver/mounriver_studio/toolchain/risc-v embedded gcc/bin/../lib/gcc/riscv-none-embed/8.2.0/rv32imacxw/ilp32\libgcc.a(muldf3.o)
                              ./User/inputs.o (__muldf3)
c:/mounriver/mounriver_studio/toolchain/risc-v embedded gcc/bin/../lib/gcc/riscv-none-embed/8.2.0/rv32imacxw/ilp32\libgcc.a(fixunsdfsi.o)
                              ./HAL_LIB/hw_lib_din.o (__fixunsdfsi)
c:/mounriver/mounriver_studio/toolchain/risc-v embedded gcc/bin/../lib/gcc/riscv-none-embed/8.2.0/rv32imacxw/ilp32\libgcc.a(floatunsidf.o)
                              ./User/inputs.o (__floatunsidf)
c:/mounriver/mounriver_studio/toolchain/risc-v embedded gcc/bin/../lib/gcc/riscv-none-embed/8.2.0/rv32imacxw/ilp32\libgcc.a(addsf3.o)
                              ./User/inputs.o (__addsf3)
c:/mounriver/mounriver_studio/toolchain/risc-v embedded gcc/bin/../lib/gcc/riscv-none-embed/8.2.0/rv32imacxw/ilp32\libgcc.a(divsf3.o)
                              ./User/DataModel.o (__divsf3)
c:/mounriver/mounriver_studio/toolchain/risc-v embedded gcc/bin/../lib/gcc/riscv-none-embed/8.2.0/rv32imacxw/ilp32\libgcc.a(eqsf2.o)
                              ./HAL_LIB/hw_lib_din.o (__nesf2)
c:/mounriver/mounriver_studio/toolchain/risc-v embedded gcc/bin/../lib/gcc/riscv-none-embed/8.2.0/rv32imacxw/ilp32\libgcc.a(gesf2.o)
                              ./User/inputs.o (__gesf2)
c:/mounriver/mounriver_studio/toolchain/risc-v embedded gcc/bin/../lib/gcc/riscv-none-embed/8.2.0/rv32imacxw/ilp32\libgcc.a(lesf2.o)
                              ./HAL_LIB/hw_lib_din.o (__lesf2)
c:/mounriver/mounriver_studio/toolchain/risc-v embedded gcc/bin/../lib/gcc/riscv-none-embed/8.2.0/rv32imacxw/ilp32\libgcc.a(mulsf3.o)
                              ./User/dash_draw.o (__mulsf3)
c:/mounriver/mounriver_studio/toolchain/risc-v embedded gcc/bin/../lib/gcc/riscv-none-embed/8.2.0/rv32imacxw/ilp32\libgcc.a(subsf3.o)
                              ./User/inputs.o (__subsf3)
c:/mounriver/mounriver_studio/toolchain/risc-v embedded gcc/bin/../lib/gcc/riscv-none-embed/8.2.0/rv32imacxw/ilp32\libgcc.a(fixsfsi.o)
                              ./User/dash_draw.o (__fixsfsi)
c:/mounriver/mounriver_studio/toolchain/risc-v embedded gcc/bin/../lib/gcc/riscv-none-embed/8.2.0/rv32imacxw/ilp32\libgcc.a(fixunssfsi.o)
                              ./User/DataModel.o (__fixunssfsi)
c:/mounriver/mounriver_studio/toolchain/risc-v embedded gcc/bin/../lib/gcc/riscv-none-embed/8.2.0/rv32imacxw/ilp32\libgcc.a(floatsisf.o)
                              ./User/DataModel.o (__floatsisf)
c:/mounriver/mounriver_studio/toolchain/risc-v embedded gcc/bin/../lib/gcc/riscv-none-embed/8.2.0/rv32imacxw/ilp32\libgcc.a(floatunsisf.o)
                              ./User/DataModel.o (__floatunsisf)
c:/mounriver/mounriver_studio/toolchain/risc-v embedded gcc/bin/../lib/gcc/riscv-none-embed/8.2.0/rv32imacxw/ilp32\libgcc.a(extendsfdf2.o)
                              ./HAL_LIB/hw_lib_din.o (__extendsfdf2)
c:/mounriver/mounriver_studio/toolchain/risc-v embedded gcc/bin/../lib/gcc/riscv-none-embed/8.2.0/rv32imacxw/ilp32\libgcc.a(truncdfsf2.o)
                              ./User/inputs.o (__truncdfsf2)
c:/mounriver/mounriver_studio/toolchain/risc-v embedded gcc/bin/../lib/gcc/riscv-none-embed/8.2.0/rv32imacxw/ilp32\libgcc.a(save-restore.o)
                              ./User/inputs.o (__riscv_save_12)
c:/mounriver/mounriver_studio/toolchain/risc-v embedded gcc/bin/../lib/gcc/riscv-none-embed/8.2.0/rv32imacxw/ilp32\libgcc.a(_clzsi2.o)
                              c:/mounriver/mounriver_studio/toolchain/risc-v embedded gcc/bin/../lib/gcc/riscv-none-embed/8.2.0/rv32imacxw/ilp32\libgcc.a(divdf3.o) (__clzsi2)
c:/mounriver/mounriver_studio/toolchain/risc-v embedded gcc/bin/../lib/gcc/riscv-none-embed/8.2.0/rv32imacxw/ilp32\libgcc.a(_clz.o)
                              c:/mounriver/mounriver_studio/toolchain/risc-v embedded gcc/bin/../lib/gcc/riscv-none-embed/8.2.0/rv32imacxw/ilp32\libgcc.a(_clzsi2.o) (__clz_tab)
c:/mounriver/mounriver_studio/toolchain/risc-v embedded gcc/bin/../lib/gcc/riscv-none-embed/8.2.0/../../../../riscv-none-embed/lib/rv32imacxw/ilp32\libg_nano.a(lib_a-calloc.o)
                              ./CANopenNode/CANopen.o (calloc)
c:/mounriver/mounriver_studio/toolchain/risc-v embedded gcc/bin/../lib/gcc/riscv-none-embed/8.2.0/../../../../riscv-none-embed/lib/rv32imacxw/ilp32\libg_nano.a(lib_a-impure.o)
                              c:/mounriver/mounriver_studio/toolchain/risc-v embedded gcc/bin/../lib/gcc/riscv-none-embed/8.2.0/../../../../riscv-none-embed/lib/rv32imacxw/ilp32\libg_nano.a(lib_a-calloc.o) (_impure_ptr)
[...]
Memory Configuration

Name             Origin             Length             Attributes
FLASH            0x0000000000000000 0x0000000000010000 xr
SFLASH           0x0000000000010000 0x0000000000002800 xr
RAM              0x0000000020000000 0x0000000000005000 xrw
*default*        0x0000000000000000 0xffffffffffffffff

Linker script and memory map

LOAD ./User/CanOpenNode.o
LOAD ./User/DataModel.o
LOAD ./User/ch32v20x_it.o
LOAD ./User/dash_draw.o
LOAD ./User/init.o
LOAD ./User/inputs.o
LOAD ./User/led.o
LOAD ./User/main.o
LOAD ./User/process.o
LOAD ./User/system_ch32v20x.o
LOAD ./User/system_init.o
LOAD ./Startup/startup_ch32v20x_D6.o
LOAD ./Peripheral/src/ch32v20x_adc.o
LOAD ./Peripheral/src/ch32v20x_bkp.o
LOAD ./Peripheral/src/ch32v20x_can.o
LOAD ./Peripheral/src/ch32v20x_crc.o
LOAD ./Peripheral/src/ch32v20x_dbgmcu.o
LOAD ./Peripheral/src/ch32v20x_dma.o
LOAD ./Peripheral/src/ch32v20x_exti.o
LOAD ./Peripheral/src/ch32v20x_flash.o
LOAD ./Peripheral/src/ch32v20x_gpio.o
LOAD ./Peripheral/src/ch32v20x_i2c.o
LOAD ./Peripheral/src/ch32v20x_iwdg.o
LOAD ./Peripheral/src/ch32v20x_misc.o
LOAD ./Peripheral/src/ch32v20x_opa.o
LOAD ./Peripheral/src/ch32v20x_pwr.o
LOAD ./Peripheral/src/ch32v20x_rcc.o
LOAD ./Peripheral/src/ch32v20x_rtc.o
LOAD ./Peripheral/src/ch32v20x_spi.o
LOAD ./Peripheral/src/ch32v20x_tim.o
LOAD ./Peripheral/src/ch32v20x_usart.o
LOAD ./Peripheral/src/ch32v20x_wwdg.o
LOAD ./HAL_LIB/filters.o
LOAD ./HAL_LIB/hw_data_model.o
LOAD ./HAL_LIB/hw_lib_adc.o
LOAD ./HAL_LIB/hw_lib_din.o
LOAD ./HAL_LIB/hw_lib_eeprom_i2c.o
LOAD ./HAL_LIB/hw_timeout.o
LOAD ./HAL_DRIVER/hal_can_ch32.o
LOAD ./HAL_DRIVER/hal_gpio_ch32.o
LOAD ./HAL_DRIVER/hal_i2c_ch32.o
LOAD ./HAL_DRIVER/hal_irq.o
LOAD ./HAL_DRIVER/hal_rtc_ch32.o
LOAD ./HAL_DRIVER/hal_spi_ch32.o
LOAD ./HAL_DRIVER/hal_wdt_ch32.o
LOAD ./HAL/hal_adc_ch32.o
LOAD ./HAL/hal_dma_ch32.o
LOAD ./HAL/hal_timers_ch32.o
LOAD ./FreeRTOS/portable/MemMang/heap_4.o
LOAD ./FreeRTOS/portable/GCC/RISC-V/port.o
LOAD ./FreeRTOS/portable/GCC/RISC-V/portASM.o
LOAD ./FreeRTOS/croutine.o
LOAD ./FreeRTOS/event_groups.o
LOAD ./FreeRTOS/list.o
LOAD ./FreeRTOS/queue.o
LOAD ./FreeRTOS/stream_buffer.o
LOAD ./FreeRTOS/tasks.o
LOAD ./FreeRTOS/timers.o
LOAD ./Debug/debug.o
LOAD ./Core/core_riscv.o
LOAD ./CANopenNode/keypad/CO_driver_ST32F103.o
LOAD ./CANopenNode/keypad/OD.o
LOAD ./CANopenNode/extra/CO_trace.o
LOAD ./CANopenNode/309/CO_gateway_ascii.o
LOAD ./CANopenNode/305/CO_LSSmaster.o
LOAD ./CANopenNode/305/CO_LSSslave.o
LOAD ./CANopenNode/304/CO_GFC.o
LOAD ./CANopenNode/304/CO_SRDO.o
LOAD ./CANopenNode/303/CO_LEDs.o
LOAD ./CANopenNode/301/CO_Emergency.o
LOAD ./CANopenNode/301/CO_HBconsumer.o
LOAD ./CANopenNode/301/CO_NMT_Heartbeat.o
LOAD ./CANopenNode/301/CO_Node_Guarding.o
LOAD ./CANopenNode/301/CO_ODinterface.o
LOAD ./CANopenNode/301/CO_PDO.o
LOAD ./CANopenNode/301/CO_SDOclient.o
LOAD ./CANopenNode/301/CO_SDOserver.o
LOAD ./CANopenNode/301/CO_SYNC.o
LOAD ./CANopenNode/301/CO_TIME.o
LOAD ./CANopenNode/301/CO_fifo.o
LOAD ./CANopenNode/301/crc16-ccitt.o
LOAD ./CANopenNode/CANopen.o
LOAD c:/mounriver/mounriver_studio/toolchain/risc-v embedded gcc/bin/../lib/gcc/riscv-none-embed/8.2.0/../../../../riscv-none-embed/lib/rv32imacxw/ilp32\libm.a
LOAD c:/mounriver/mounriver_studio/toolchain/risc-v embedded gcc/bin/../lib/gcc/riscv-none-embed/8.2.0/rv32imacxw/ilp32\libgcc.a
LOAD c:/mounriver/mounriver_studio/toolchain/risc-v embedded gcc/bin/../lib/gcc/riscv-none-embed/8.2.0/../../../../riscv-none-embed/lib/rv32imacxw/ilp32\libg_nano.a
LOAD c:/mounriver/mounriver_studio/toolchain/risc-v embedded gcc/bin/../lib/gcc/riscv-none-embed/8.2.0/../../../../riscv-none-embed/lib/rv32imacxw/ilp32\libc_nano.a
LOAD c:/mounriver/mounriver_studio/toolchain/risc-v embedded gcc/bin/../lib/gcc/riscv-none-embed/8.2.0/rv32imacxw/ilp32\libgcc.a
START GROUP
LOAD c:/mounriver/mounriver_studio/toolchain/risc-v embedded gcc/bin/../lib/gcc/riscv-none-embed/8.2.0/rv32imacxw/ilp32\libgcc.a
LOAD c:/mounriver/mounriver_studio/toolchain/risc-v embedded gcc/bin/../lib/gcc/riscv-none-embed/8.2.0/../../../../riscv-none-embed/lib/rv32imacxw/ilp32\libc_nano.a
LOAD c:/mounriver/mounriver_studio/toolchain/risc-v embedded gcc/bin/../lib/gcc/riscv-none-embed/8.2.0/../../../../riscv-none-embed/lib/rv32imacxw/ilp32\libnosys.a
END GROUP
START GROUP
LOAD c:/mounriver/mounriver_studio/toolchain/risc-v embedded gcc/bin/../lib/gcc/riscv-none-embed/8.2.0/rv32imacxw/ilp32\libgcc.a
LOAD c:/mounriver/mounriver_studio/toolchain/risc-v embedded gcc/bin/../lib/gcc/riscv-none-embed/8.2.0/../../../../riscv-none-embed/lib/rv32imacxw/ilp32\libc_nano.a
LOAD c:/mounriver/mounriver_studio/toolchain/risc-v embedded gcc/bin/../lib/gcc/riscv-none-embed/8.2.0/../../../../riscv-none-embed/lib/rv32imacxw/ilp32\libnosys.a
END GROUP
                0x0000000000000be8                __stack_size = 0xbe8
                [!provide]                        PROVIDE (_stack_size = __stack_size)

.init           0x0000000000000000       0x38
                0x0000000000000000                _sinit = .
                0x0000000000000000                . = ALIGN (0x4)
 *(SORT_NONE(.init))
 .init          0x0000000000000000       0x38 ./Startup/startup_ch32v20x_D6.o
                0x0000000000000000                _start
                0x0000000000000038                . = ALIGN (0x4)
                0x0000000000000038                _einit = .

.vector         0x0000000000000038      0x108
 *(.vector)
 .vector        0x0000000000000038       0xfc ./Startup/startup_ch32v20x_D6.o
                0x0000000000000140                . = ALIGN (0x40)
 *fill*         0x0000000000000134        0xc 

.stext          0x0000000000010000      0xf0c
                0x0000000000010000                . = ALIGN (0x4)
 *(.stext)
 .stext         0x0000000000010000        0xa ./User/CanOpenNode.o
                0x0000000000010000                vCanOpenInit
 .stext         0x000000000001000a      0x702 ./User/DataModel.o
                0x000000000001000a                DataModel_Init
 .stext         0x000000000001070c       0xea ./User/dash_draw.o
                0x000000000001070c                vDashDrawInit
                0x000000000001078e                TestProcedure
 .stext         0x00000000000107f6      0x14c ./User/init.o
                0x00000000000107f6                vInit_DeviceConfig
 .stext         0x0000000000010942       0xa6 ./User/inputs.o
                0x0000000000010942                ADC1_Init
 .stext         0x00000000000109e8       0x4e ./User/led.o
                0x00000000000109e8                vLedDriverStart
 .stext         0x0000000000010a36      0x202 ./User/process.o
                0x0000000000010a36                vProceesInit
 .stext         0x0000000000010c38      0x14e ./User/system_init.o
                0x0000000000010c38                vSYStaskInit
                0x0000000000010d5c                vSYSqueueInit
 .stext         0x0000000000010d86       0x34 ./HAL_LIB/hw_lib_din.o
                0x0000000000010d86                eDinConfigWtihStruct
 .stext         0x0000000000010dba       0xca ./HAL_DRIVER/hal_rtc_ch32.o
                0x0000000000010dba                HAL_RTC_IT_Init
 .stext         0x0000000000010e84       0x60 ./HAL_DRIVER/hal_spi_ch32.o
                0x0000000000010e84                HAL_SPI_InitDMA
 .stext         0x0000000000010ee4       0x28 ./HAL_DRIVER/hal_wdt_ch32.o
                0x0000000000010ee4                HAL_WDT_Init1s

.text           0x0000000000000200     0xe244
                0x0000000000000200                . = ALIGN (0x4)
 *(.text)
 .text          0x0000000000000200      0x2ee ./FreeRTOS/portable/GCC/RISC-V/portASM.o
                0x0000000000000200                SW_Handler
                0x0000000000000300                xPortStartFirstTask
                0x0000000000000400                pxPortInitialiseStack
 .text          0x00000000000004ee       0x60 c:/mounriver/mounriver_studio/toolchain/risc-v embedded gcc/bin/../lib/gcc/riscv-none-embed/8.2.0/rv32imacxw/ilp32\libgcc.a(save-restore.o)
                0x00000000000004ee                __riscv_save_12
                0x00000000000004f6                __riscv_save_9
                0x00000000000004f6                __riscv_save_11
                0x00000000000004f6                __riscv_save_10
                0x00000000000004f6                __riscv_save_8
                0x0000000000000504                __riscv_save_4
                0x0000000000000504                __riscv_save_6
                0x0000000000000504                __riscv_save_5
                0x0000000000000504                __riscv_save_7
                0x000000000000051e                __riscv_save_3
                0x000000000000051e                __riscv_save_2
                0x000000000000051e                __riscv_save_1
                0x000000000000051e                __riscv_save_0
                0x000000000000052a                __riscv_restore_12
                0x000000000000052e                __riscv_restore_11
                0x000000000000052e                __riscv_restore_9
                0x000000000000052e                __riscv_restore_10
                0x000000000000052e                __riscv_restore_8
                0x0000000000000538                __riscv_restore_5
                0x0000000000000538                __riscv_restore_7
                0x0000000000000538                __riscv_restore_6
                0x0000000000000538                __riscv_restore_4
                0x0000000000000542                __riscv_restore_3
                0x0000000000000542                __riscv_restore_0
                0x0000000000000542                __riscv_restore_2
                0x0000000000000542                __riscv_restore_1
 .text          0x000000000000054e       0xa8 c:/mounriver/mounriver_studio/toolchain/risc-v embedded gcc/bin/../lib/gcc/riscv-none-embed/8.2.0/../../../../riscv-none-embed/lib/rv32imacxw/ilp32\libg_nano.a(lib_a-memset.o)
                0x000000000000054e                memset
 *(.text.*)
 .text.xCanOpenProcessTaskHandle
                0x00000000000005f6        0xa ./User/CanOpenNode.o
                0x00000000000005f6                xCanOpenProcessTaskHandle
 .text.xCanOpenPeriodicTaskHandle
                0x0000000000000600        0xa ./User/CanOpenNode.o
                0x0000000000000600                xCanOpenPeriodicTaskHandle
 .text.vCanOpenProcess
                0x000000000000060a      0x18c ./User/CanOpenNode.o
                0x000000000000060a                vCanOpenProcess
 .text.vCanOpenPeriodicProcess
                0x0000000000000796       0x82 ./User/CanOpenNode.o
                0x0000000000000796                vCanOpenPeriodicProcess
 .text.xDataRegQueue
                0x0000000000000818        0xa ./User/DataModel.o
                0x0000000000000818                xDataRegQueue
 .text.vDataModelRegDelayWrite
                0x0000000000000822       0x38 ./User/DataModel.o
                0x0000000000000822                vDataModelRegDelayWrite
 .text.SaveReg16
                0x000000000000085a       0x1e ./User/DataModel.o
                0x000000000000085a                SaveReg16
 .text.WriteRegAfterDelay
                0x0000000000000878       0x60 ./User/DataModel.o
                0x0000000000000878                WriteRegAfterDelay
 .text.WriteReg
                0x00000000000008d8       0x56 ./User/DataModel.o
                0x00000000000008d8                WriteReg
 .text.vGetBitrate
                0x000000000000092e       0x28 ./User/DataModel.o
                0x000000000000092e                vGetBitrate
 .text.vFDGetNMTState
                0x0000000000000956        0x6 ./User/DataModel.o
                0x0000000000000956                vFDGetNMTState
 .text.vGetNodeId
                0x000000000000095c        0xc ./User/DataModel.o
                0x000000000000095c                vGetNodeId
 .text.vIncrementSystemCounters
                0x0000000000000968       0x9c ./User/DataModel.o
                0x0000000000000968                vIncrementSystemCounters
 .text.vSaveData
                0x0000000000000a04       0x16 ./User/DataModel.o
                0x0000000000000a04                vSaveData
 .text.getOdometr
                0x0000000000000a1a       0x14 ./User/DataModel.o
                0x0000000000000a1a                getOdometr
 .text.getOdometr1
                0x0000000000000a2e       0x14 ./User/DataModel.o
                0x0000000000000a2e                getOdometr1
 .text.ResrtOdometr1
                0x0000000000000a42        0xe ./User/DataModel.o
                0x0000000000000a42                ResrtOdometr1
 .text.NMI_Handler
                0x0000000000000a50        0x2 ./User/ch32v20x_it.o
                0x0000000000000a50                NMI_Handler
 .text.HardFault_Handler
                0x0000000000000a52       0x66 ./User/ch32v20x_it.o
                0x0000000000000a52                HardFault_Handler
 .text.SegPrint
                0x0000000000000ab8       0x58 ./User/dash_draw.o
 .text.vCheckKeySatate
                0x0000000000000b10       0x68 ./User/dash_draw.o
 .text.xProcessTaskHandle
                0x0000000000000b78        0xa ./User/dash_draw.o
                0x0000000000000b78                xProcessTaskHandle
 .text.vSetErrorReg
                0x0000000000000b82        0xa ./User/dash_draw.o
                0x0000000000000b82                vSetErrorReg
 .text.getODValue
                0x0000000000000b8c      0x16a ./User/dash_draw.o
                0x0000000000000b8c                getODValue
 .text.IncMenuIndex
                0x0000000000000cf6       0x80 ./User/dash_draw.o
                0x0000000000000cf6                IncMenuIndex
 .text.GoToHome
                0x0000000000000d76       0x12 ./User/dash_draw.o
                0x0000000000000d76                GoToHome
 .text.SetCurMenuHome
                0x0000000000000d88       0x36 ./User/dash_draw.o
                0x0000000000000d88                SetCurMenuHome
 .text.GetCurMenuHome
                0x0000000000000dbe        0x6 ./User/dash_draw.o
                0x0000000000000dbe                GetCurMenuHome
 .text.SetCurrentMenu
                0x0000000000000dc4       0x12 ./User/dash_draw.o
                0x0000000000000dc4                SetCurrentMenu
 .text.SetDefault
                0x0000000000000dd6       0x2a ./User/dash_draw.o
                0x0000000000000dd6                SetDefault
 .text.MenuBackHomeCheck
                0x0000000000000e00       0x38 ./User/dash_draw.o
                0x0000000000000e00                MenuBackHomeCheck
 .text.CheckMenuChannel
                0x0000000000000e38       0x20 ./User/dash_draw.o
                0x0000000000000e38                CheckMenuChannel
 .text.vMenuBlink
                0x0000000000000e58       0x4a ./User/dash_draw.o
                0x0000000000000e58                vMenuBlink
 .text.SetErrorRegiter
                0x0000000000000ea2       0x5e ./User/dash_draw.o
                0x0000000000000ea2                SetErrorRegiter
 .text.uGetCurrMenu
                0x0000000000000f00       0x26 ./User/dash_draw.o
                0x0000000000000f00                uGetCurrMenu
 .text.vGetEdgeData
                0x0000000000000f26       0x2a ./User/dash_draw.o
                0x0000000000000f26                vGetEdgeData
 .text.checkLedState
                0x0000000000000f50       0x3a ./User/dash_draw.o
 .text.vRGBMode
                0x0000000000000f8a       0x70 ./User/dash_draw.o
                0x0000000000000f8a                vRGBMode
 .text.vBarColorMode
                0x0000000000000ffa       0xc2 ./User/dash_draw.o
                0x0000000000000ffa                vBarColorMode
 .text.vBarWindowMode
                0x00000000000010bc       0x5a ./User/dash_draw.o
                0x00000000000010bc                vBarWindowMode
 .text.vBarMode
                0x0000000000001116       0x66 ./User/dash_draw.o
                0x0000000000001116                vBarMode
 .text.SetTest  0x000000000000117c       0x58 ./User/dash_draw.o
                0x000000000000117c                SetTest
 .text.vRedrawTask
                0x00000000000011d4      0x502 ./User/dash_draw.o
                0x00000000000011d4                vRedrawTask
 .text.HardwareDeinit
                0x00000000000016d6       0x2a ./User/init.o
                0x00000000000016d6                HardwareDeinit
 .text.SoftwareReset
                0x0000000000001700       0x14 ./User/init.o
                0x0000000000001700                SoftwareReset
 .text.ADC1_Event
                0x0000000000001714       0x48 ./User/inputs.o
                0x0000000000001714                ADC1_Event
 .text.CaptureDMACallBack
                0x000000000000175c       0x22 ./User/inputs.o
                0x000000000000175c                CaptureDMACallBack
 .text.CaptureDMACallBack_1
                0x000000000000177e       0x22 ./User/inputs.o
                0x000000000000177e                CaptureDMACallBack_1
 .text.SaveData
                0x00000000000017a0       0x2e ./User/inputs.o
 .text.fDinStateCallback
                0x00000000000017ce       0x32 ./User/inputs.o
                0x00000000000017ce                fDinStateCallback
 .text.vSetDoutState
                0x0000000000001800       0x28 ./User/inputs.o
                0x0000000000001800                vSetDoutState
 .text.getInputsTaskHandle
                0x0000000000001828        0xa ./User/inputs.o
                0x0000000000001828                getInputsTaskHandle
 .text.ADC_FSM  0x0000000000001832      0x1e6 ./User/inputs.o
                0x0000000000001832                ADC_FSM
 .text.GetAIN   0x0000000000001a18        0xc ./User/inputs.o
                0x0000000000001a18                GetAIN
 .text.vInputsTask
                0x0000000000001a24      0x292 ./User/inputs.o
                0x0000000000001a24                vInputsTask
 .text.SPI1_DMA_Callback
                0x0000000000001cb6       0x2e ./User/led.o
                0x0000000000001cb6                SPI1_DMA_Callback
 .text.SPI2_DMA_Callback
                0x0000000000001ce4       0x2e ./User/led.o
                0x0000000000001ce4                SPI2_DMA_Callback
 .text.SetBarState
                0x0000000000001d12       0x50 ./User/led.o
                0x0000000000001d12                SetBarState
 .text.SetRGB   0x0000000000001d62       0x4e ./User/led.o
                0x0000000000001d62                SetRGB
 .text.SetSegDirect
                0x0000000000001db0       0x9c ./User/led.o
                0x0000000000001db0                SetSegDirect
 .text.SetSegPoint
                0x0000000000001e4c       0x22 ./User/led.o
                0x0000000000001e4c                SetSegPoint
 .text.SetSEG   0x0000000000001e6e      0x11e ./User/led.o
                0x0000000000001e6e                SetSEG
 .text.SetBigSeg
                0x0000000000001f8c       0x14 ./User/led.o
                0x0000000000001f8c                SetBigSeg
 .text.vSetBrigth
                0x0000000000001fa0       0x28 ./User/led.o
                0x0000000000001fa0                vSetBrigth
 .text.vLedProcess
                0x0000000000001fc8       0x1e ./User/led.o
                0x0000000000001fc8                vLedProcess
 .text.vRGBProcess
                0x0000000000001fe6       0xe2 ./User/led.o
                0x0000000000001fe6                vRGBProcess
 .text.startup.main
                0x00000000000020c8       0x28 ./User/main.o
                0x00000000000020c8                main
 .text.vRestartNode
                0x00000000000020f0        0x2 ./User/main.o
                0x00000000000020f0                vRestartNode
 .text.Error_Handler
                0x00000000000020f2        0x8 ./User/main.o
                0x00000000000020f2                Error_Handler
 .text.OD_readKEY
                0x00000000000020fa        0x8 ./User/process.o
 .text.OD_writeRGBMAP
                0x0000000000002102       0x30 ./User/process.o
 .text.OD_writeKEY
                0x0000000000002132       0x34 ./User/process.o
 .text.OD_readRGBMAP
                0x0000000000002166       0x22 ./User/process.o
 .text.OD_readDIN
                0x0000000000002188       0x1c ./User/process.o
 .text.OD_writeMenuSetup
                0x00000000000021a4       0x46 ./User/process.o
 .text.OD_writeBoardSettings
                0x00000000000021ea       0x78 ./User/process.o
 .text.CO_getUint16
                0x0000000000002262       0x10 ./User/process.o
 .text.OD_writeSEG
                0x0000000000002272       0x42 ./User/process.o
 .text.OD_writeBAR
                0x00000000000022b4       0x30 ./User/process.o
 .text.OD_writeRPMConfig
                0x00000000000022e4       0x36 ./User/process.o
 .text.CO_getUint32
                0x000000000000231a       0x18 ./User/process.o
 .text.OD_writeMenuMap
                0x0000000000002332       0x30 ./User/process.o
 .text.OD_writeV1_14
                0x0000000000002362       0x54 ./User/process.o
 .text.OD_writeDashParam
                0x00000000000023b6       0x44 ./User/process.o
 .text.WriteRGB.isra.2
                0x00000000000023fa       0x3a ./User/process.o
 .text.OD_writeRGB1
                0x0000000000002434       0x14 ./User/process.o
 .text.OD_writeRGB2
                0x0000000000002448       0x16 ./User/process.o
 .text.OD_writeRGB3
                0x000000000000245e       0x16 ./User/process.o
 .text.OD_writeRGB4
                0x0000000000002474       0x16 ./User/process.o
 .text.OD_writeRGB5
                0x000000000000248a       0x16 ./User/process.o
 .text.OD_writeRGB6
                0x00000000000024a0       0x16 ./User/process.o
 .text.OD_writeRGB7
                0x00000000000024b6       0x16 ./User/process.o
 .text.OD_writeRGB8
                0x00000000000024cc       0x16 ./User/process.o
 .text.OD_writeRGB9
                0x00000000000024e2       0x16 ./User/process.o
 .text.OD_writeRGB10
                0x00000000000024f8       0x16 ./User/process.o
 .text.OD_writeRGB11
                0x000000000000250e       0x16 ./User/process.o
 .text.OD_writeRGB12
                0x0000000000002524       0x16 ./User/process.o
 .text.OD_writeRGB13
                0x000000000000253a       0x16 ./User/process.o
 .text.OD_readBoardSettings
                0x0000000000002550       0x2a ./User/process.o
 .text.readADC.isra.6
                0x000000000000257a       0x84 ./User/process.o
 .text.OD_readADC1
                0x00000000000025fe       0x10 ./User/process.o
 .text.OD_readADC2
                0x000000000000260e       0x10 ./User/process.o
 .text.OD_readADC3
                0x000000000000261e       0x10 ./User/process.o
 .text.OD_readMenuSetup
                0x000000000000262e       0x30 ./User/process.o
 .text.writeADC.isra.9
                0x000000000000265e       0xde ./User/process.o
 .text.OD_writeADC1
                0x000000000000273c       0x10 ./User/process.o
 .text.OD_writeADC2
                0x000000000000274c       0x10 ./User/process.o
 .text.OD_writeADC3
                0x000000000000275c       0x10 ./User/process.o
 .text.OD_readRGB.isra.5
                0x000000000000276c       0x22 ./User/process.o
 .text.OD_readRGB1
                0x000000000000278e       0x10 ./User/process.o
 .text.OD_readRGB2
                0x000000000000279e       0x12 ./User/process.o
 .text.OD_readRGB3
                0x00000000000027b0       0x12 ./User/process.o
 .text.OD_readRGB4
                0x00000000000027c2       0x12 ./User/process.o
 .text.OD_readRGB5
                0x00000000000027d4       0x12 ./User/process.o
 .text.OD_readRGB6
                0x00000000000027e6       0x12 ./User/process.o
 .text.OD_readRGB7
                0x00000000000027f8       0x12 ./User/process.o
 .text.OD_readRGB8
                0x000000000000280a       0x12 ./User/process.o
 .text.OD_readRGB9
                0x000000000000281c       0x12 ./User/process.o
 .text.OD_readRGB10
                0x000000000000282e       0x12 ./User/process.o
 .text.OD_readRGB11
                0x0000000000002840       0x12 ./User/process.o
 .text.OD_readRGB12
                0x0000000000002852       0x12 ./User/process.o
 .text.OD_readRGB13
                0x0000000000002864       0x12 ./User/process.o
 .text.OD_readAIN_RPM
                0x0000000000002876       0x26 ./User/process.o
 .text.OD_readMenuMap
                0x000000000000289c       0x2c ./User/process.o
 .text.OD_readRPMConfig
                0x00000000000028c8       0x2a ./User/process.o
 .text.OD_readBar
                0x00000000000028f2       0x28 ./User/process.o
 .text.OD_readDashParam
                0x000000000000291a       0x4c ./User/process.o
 .text.OD_readSEG
                0x0000000000002966       0x34 ./User/process.o
 .text.SystemInit
                0x000000000000299a       0xea ./User/system_ch32v20x.o
                0x000000000000299a                SystemInit
 .text.SystemCoreClockUpdate
                0x0000000000002a84       0x92 ./User/system_ch32v20x.o
                0x0000000000002a84                SystemCoreClockUpdate
 .text.StartDefaultTask
                0x0000000000002b16       0x78 ./User/system_init.o
 .text.vApplicationGetIdleTaskMemory
                0x0000000000002b8e       0x1c ./User/system_init.o
                0x0000000000002b8e                vApplicationGetIdleTaskMemory
 .text.vSystemStop
                0x0000000000002baa       0x26 ./User/system_init.o
                0x0000000000002baa                vSystemStop
 .text.vector_handler
                0x0000000000002bd0       0x6c ./Startup/startup_ch32v20x_D6.o
                0x0000000000002bd4                Ecall_M_Mode_Handler
                0x0000000000002bd6                Ecall_U_Mode_Handler
                0x0000000000002bd8                Break_Point_Handler
                0x0000000000002bde                WWDG_IRQHandler
                0x0000000000002be0                PVD_IRQHandler
                0x0000000000002be2                TAMPER_IRQHandler
                0x0000000000002be6                FLASH_IRQHandler
                0x0000000000002be8                RCC_IRQHandler
                0x0000000000002bea                EXTI0_IRQHandler
                0x0000000000002bec                EXTI1_IRQHandler
                0x0000000000002bee                EXTI2_IRQHandler
                0x0000000000002bf0                EXTI3_IRQHandler
                0x0000000000002bf2                EXTI4_IRQHandler
                0x0000000000002bf6                DMA1_Channel2_IRQHandler
                0x0000000000002bfe                DMA1_Channel6_IRQHandler
                0x0000000000002c0c                EXTI9_5_IRQHandler
                0x0000000000002c0e                TIM1_BRK_IRQHandler
                0x0000000000002c10                TIM1_UP_IRQHandler
                0x0000000000002c12                TIM1_TRG_COM_IRQHandler
                0x0000000000002c14                TIM1_CC_IRQHandler
                0x0000000000002c16                TIM2_IRQHandler
                0x0000000000002c18                TIM3_IRQHandler
                0x0000000000002c20                I2C2_EV_IRQHandler
                0x0000000000002c22                I2C2_ER_IRQHandler
                0x0000000000002c24                SPI1_IRQHandler
                0x0000000000002c26                SPI2_IRQHandler
                0x0000000000002c28                USART1_IRQHandler
                0x0000000000002c2a                USART2_IRQHandler
                0x0000000000002c2c                USART3_IRQHandler
                0x0000000000002c2e                EXTI15_10_IRQHandler
                0x0000000000002c30                RTCAlarm_IRQHandler
                0x0000000000002c32                USBWakeUp_IRQHandler
                0x0000000000002c34                USBHD_IRQHandler
                0x0000000000002c36                USBHDWakeUp_IRQHandler
                0x0000000000002c38                UART4_IRQHandler
                0x0000000000002c3a                DMA1_Channel8_IRQHandler
 .text.handle_reset
                0x0000000000002c3c       0x92 ./Startup/startup_ch32v20x_D6.o
                0x0000000000002c3c                handle_reset
 .text.ADC_Cmd  0x0000000000002cce       0x10 ./Peripheral/src/ch32v20x_adc.o
                0x0000000000002cce                ADC_Cmd
 .text.ADC_GetResetCalibrationStatus
                0x0000000000002cde        0x8 ./Peripheral/src/ch32v20x_adc.o
                0x0000000000002cde                ADC_GetResetCalibrationStatus
 .text.ADC_GetCalibrationStatus
                0x0000000000002ce6        0x8 ./Peripheral/src/ch32v20x_adc.o
                0x0000000000002ce6                ADC_GetCalibrationStatus
 .text.ADC_GetITStatus
                0x0000000000002cee       0x1c ./Peripheral/src/ch32v20x_adc.o
                0x0000000000002cee                ADC_GetITStatus
 .text.ADC_ClearITPendingBit
                0x0000000000002d0a        0xa ./Peripheral/src/ch32v20x_adc.o
                0x0000000000002d0a                ADC_ClearITPendingBit
 .text.Get_CalibrationValue
                0x0000000000002d14      0x1fe ./Peripheral/src/ch32v20x_adc.o
                0x0000000000002d14                Get_CalibrationValue
 .text.DMA_GetFlagStatus
                0x0000000000002f12        0xe ./Peripheral/src/ch32v20x_dma.o
                0x0000000000002f12                DMA_GetFlagStatus
 .text.DMA_GetITStatus
                0x0000000000002f20        0xc ./Peripheral/src/ch32v20x_dma.o
                0x0000000000002f20                DMA_GetITStatus
 .text.DMA_ClearITPendingBit
                0x0000000000002f2c        0x8 ./Peripheral/src/ch32v20x_dma.o
                0x0000000000002f2c                DMA_ClearITPendingBit
 .text.GPIO_Init
                0x0000000000002f34       0xfa ./Peripheral/src/ch32v20x_gpio.o
                0x0000000000002f34                GPIO_Init
 .text.GPIO_PinRemapConfig
                0x000000000000302e       0xf2 ./Peripheral/src/ch32v20x_gpio.o
                0x000000000000302e                GPIO_PinRemapConfig
 .text.I2C_DualAddressCmd
                0x0000000000003120       0x18 ./Peripheral/src/ch32v20x_i2c.o
                0x0000000000003120                I2C_DualAddressCmd
 .text.I2C_ClearFlag
                0x0000000000003138        0xc ./Peripheral/src/ch32v20x_i2c.o
                0x0000000000003138                I2C_ClearFlag
 .text.RCC_LSEConfig
                0x0000000000003144       0x28 ./Peripheral/src/ch32v20x_rcc.o
                0x0000000000003144                RCC_LSEConfig
 .text.RCC_GetClocksFreq
                0x000000000000316c       0xbe ./Peripheral/src/ch32v20x_rcc.o
                0x000000000000316c                RCC_GetClocksFreq
 .text.RCC_APB2PeriphClockCmd
                0x000000000000322a       0x1e ./Peripheral/src/ch32v20x_rcc.o
                0x000000000000322a                RCC_APB2PeriphClockCmd
 .text.RCC_GetFlagStatus
                0x0000000000003248       0x2e ./Peripheral/src/ch32v20x_rcc.o
                0x0000000000003248                RCC_GetFlagStatus
 .text.RTC_EnterConfigMode
                0x0000000000003276       0x12 ./Peripheral/src/ch32v20x_rtc.o
                0x0000000000003276                RTC_EnterConfigMode
 .text.RTC_ExitConfigMode
                0x0000000000003288       0x18 ./Peripheral/src/ch32v20x_rtc.o
                0x0000000000003288                RTC_ExitConfigMode
 .text.RTC_GetCounter
                0x00000000000032a0       0x36 ./Peripheral/src/ch32v20x_rtc.o
                0x00000000000032a0                RTC_GetCounter
 .text.RTC_SetCounter
                0x00000000000032d6       0x2c ./Peripheral/src/ch32v20x_rtc.o
                0x00000000000032d6                RTC_SetCounter
 .text.RTC_SetPrescaler
                0x0000000000003302       0x2e ./Peripheral/src/ch32v20x_rtc.o
                0x0000000000003302                RTC_SetPrescaler
 .text.RTC_WaitForLastTask
                0x0000000000003330       0x10 ./Peripheral/src/ch32v20x_rtc.o
                0x0000000000003330                RTC_WaitForLastTask
 .text.RTC_WaitForSynchro
                0x0000000000003340       0x24 ./Peripheral/src/ch32v20x_rtc.o
                0x0000000000003340                RTC_WaitForSynchro
 .text.TIM_OC1Init
                0x0000000000003364       0x6a ./Peripheral/src/ch32v20x_tim.o
                0x0000000000003364                TIM_OC1Init
 .text.TIM_OC2Init
                0x00000000000033ce       0x96 ./Peripheral/src/ch32v20x_tim.o
                0x00000000000033ce                TIM_OC2Init
 .text.TIM_OC3Init
                0x0000000000003464       0x94 ./Peripheral/src/ch32v20x_tim.o
                0x0000000000003464                TIM_OC3Init
 .text.TIM_OC4Init
                0x00000000000034f8       0x6c ./Peripheral/src/ch32v20x_tim.o
                0x00000000000034f8                TIM_OC4Init
 .text.TIM_OC1PreloadConfig
                0x0000000000003564        0xe ./Peripheral/src/ch32v20x_tim.o
                0x0000000000003564                TIM_OC1PreloadConfig
 .text.TIM_OC2PreloadConfig
                0x0000000000003572       0x16 ./Peripheral/src/ch32v20x_tim.o
                0x0000000000003572                TIM_OC2PreloadConfig
 .text.TIM_OC3PreloadConfig
                0x0000000000003588        0xe ./Peripheral/src/ch32v20x_tim.o
                0x0000000000003588                TIM_OC3PreloadConfig
 .text.TIM_OC4PreloadConfig
                0x0000000000003596       0x16 ./Peripheral/src/ch32v20x_tim.o
                0x0000000000003596                TIM_OC4PreloadConfig
 .text.TIM_GetITStatus
                0x00000000000035ac       0x18 ./Peripheral/src/ch32v20x_tim.o
                0x00000000000035ac                TIM_GetITStatus
 .text.USART_Init
                0x00000000000035c4       0xbc ./Peripheral/src/ch32v20x_usart.o
                0x00000000000035c4                USART_Init
 .text.USART_Cmd
                0x0000000000003680       0x16 ./Peripheral/src/ch32v20x_usart.o
                0x0000000000003680                USART_Cmd
 .text.USART_SendData
                0x0000000000003696        0x8 ./Peripheral/src/ch32v20x_usart.o
                0x0000000000003696                USART_SendData
 .text.USART_GetFlagStatus
                0x000000000000369e        0xa ./Peripheral/src/ch32v20x_usart.o
                0x000000000000369e                USART_GetFlagStatus
 .text.vRCFilterConfig
                0x00000000000036a8       0x2e ./HAL_LIB/filters.o
                0x00000000000036a8                vRCFilterConfig
 .text.vInitABFilter
                0x00000000000036d6       0x22 ./HAL_LIB/filters.o
                0x00000000000036d6                vInitABFilter
 .text.vInitRunAverga
                0x00000000000036f8        0x8 ./HAL_LIB/filters.o
                0x00000000000036f8                vInitRunAverga
 .text.vInitMedianFilter
                0x0000000000003700       0x12 ./HAL_LIB/filters.o
                0x0000000000003700                vInitMedianFilter
 .text.AddBufferData
                0x0000000000003712       0x20 ./HAL_LIB/filters.o
                0x0000000000003712                AddBufferData
 .text.GetConversional
                0x0000000000003732       0x4a ./HAL_LIB/filters.o
                0x0000000000003732                GetConversional
 .text.GetDataRegister
                0x000000000000377c        0xa ./HAL_LIB/hw_data_model.o
                0x000000000000377c                GetDataRegister
 .text.GetRegisterAddr
                0x0000000000003786        0xc ./HAL_LIB/hw_data_model.o
                0x0000000000003786                GetRegisterAddr
 .text.ClearDataModel
                0x0000000000003792       0x1a ./HAL_LIB/hw_data_model.o
                0x0000000000003792                ClearDataModel
 .text.setReg32
                0x00000000000037ac       0x1e ./HAL_LIB/hw_data_model.o
                0x00000000000037ac                setReg32
 .text.setReg16
                0x00000000000037ca       0x12 ./HAL_LIB/hw_data_model.o
                0x00000000000037ca                setReg16
 .text.setReg8  0x00000000000037dc        0xe ./HAL_LIB/hw_data_model.o
                0x00000000000037dc                setReg8
 .text.getReg16
                0x00000000000037ea       0x14 ./HAL_LIB/hw_data_model.o
                0x00000000000037ea                getReg16
 .text.getReg32
                0x00000000000037fe       0x20 ./HAL_LIB/hw_data_model.o
                0x00000000000037fe                getReg32
 .text.getReg8  0x000000000000381e        0xe ./HAL_LIB/hw_data_model.o
                0x000000000000381e                getReg8
 .text.vAINInit
                0x000000000000382c       0x36 ./HAL_LIB/hw_lib_adc.o
                0x000000000000382c                vAINInit
 .text.fGetAinCalData
                0x0000000000003862       0x7a ./HAL_LIB/hw_lib_adc.o
                0x0000000000003862                fGetAinCalData
 .text.eAinCalDataConfig
                0x00000000000038dc       0x50 ./HAL_LIB/hw_lib_adc.o
                0x00000000000038dc                eAinCalDataConfig
 .text.vABLineKoofFinde
                0x000000000000392c       0x6a ./HAL_LIB/hw_lib_adc.o
                0x000000000000392c                vABLineKoofFinde
 .text.eSetAinCalPoint
                0x0000000000003996       0x64 ./HAL_LIB/hw_lib_adc.o
                0x0000000000003996                eSetAinCalPoint
 .text.getADC1Buffer
                0x00000000000039fa        0xa ./HAL_LIB/hw_lib_adc.o
                0x00000000000039fa                getADC1Buffer
 .text.eDOUTConfigWtihStruct
                0x0000000000003a04       0x1c ./HAL_LIB/hw_lib_din.o
                0x0000000000003a04                eDOUTConfigWtihStruct
 .text.eSetDUT  0x0000000000003a20       0x16 ./HAL_LIB/hw_lib_din.o
                0x0000000000003a20                eSetDUT
 .text.uGetDIN  0x0000000000003a36       0x14 ./HAL_LIB/hw_lib_din.o
                0x0000000000003a36                uGetDIN
 .text.eRPMConfig
                0x0000000000003a4a       0x5a ./HAL_LIB/hw_lib_din.o
                0x0000000000003a4a                eRPMConfig
 .text.RMPDataConvert
                0x0000000000003aa4       0x4e ./HAL_LIB/hw_lib_din.o
                0x0000000000003aa4                RMPDataConvert
 .text.GetRPM   0x0000000000003af2       0x7a ./HAL_LIB/hw_lib_din.o
                0x0000000000003af2                GetRPM
 .text.xGetRPM  0x0000000000003b6c       0x72 ./HAL_LIB/hw_lib_din.o
                0x0000000000003b6c                xGetRPM
 .text.vDinDoutProcess
                0x0000000000003bde       0xa0 ./HAL_LIB/hw_lib_din.o
                0x0000000000003bde                vDinDoutProcess
 .text.getCaputreBuffer
                0x0000000000003c7e       0x16 ./HAL_LIB/hw_lib_din.o
                0x0000000000003c7e                getCaputreBuffer
 .text.I2C_FSM  0x0000000000003c94      0x198 ./HAL_LIB/hw_lib_eeprom_i2c.o
                0x0000000000003c94                I2C_FSM
 .text.vInitEEPROM_I2C
                0x0000000000003e2c       0x4e ./HAL_LIB/hw_lib_eeprom_i2c.o
                0x0000000000003e2c                vInitEEPROM_I2C
 .text.eEEPROMWrFast
                0x0000000000003e7a      0x10a ./HAL_LIB/hw_lib_eeprom_i2c.o
                0x0000000000003e7a                eEEPROMWrFast
 .text.eEEPROMWr
                0x0000000000003f84       0xe2 ./HAL_LIB/hw_lib_eeprom_i2c.o
                0x0000000000003f84                eEEPROMWr
 .text.eEEPROMRd
                0x0000000000004066       0x8a ./HAL_LIB/hw_lib_eeprom_i2c.o
                0x0000000000004066                eEEPROMRd
 .text.bReadEEPROM
                0x00000000000040f0       0x1a ./HAL_LIB/hw_lib_eeprom_i2c.o
                0x00000000000040f0                bReadEEPROM
 .text.vHW_INIT_TIMEOUT
                0x000000000000410a       0x1c ./HAL_LIB/hw_timeout.o
                0x000000000000410a                vHW_INIT_TIMEOUT
 .text.vHW_PROCESS_TIMEOUT
                0x0000000000004126       0x26 ./HAL_LIB/hw_timeout.o
                0x0000000000004126                vHW_PROCESS_TIMEOUT
 .text.HAL_CANSetTXCallback
                0x000000000000414c        0xa ./HAL_DRIVER/hal_can_ch32.o
                0x000000000000414c                HAL_CANSetTXCallback
 .text.HAL_CANSetRXCallback
                0x0000000000004156        0xa ./HAL_DRIVER/hal_can_ch32.o
                0x0000000000004156                HAL_CANSetRXCallback
 .text.HAL_CANSetERRCallback
                0x0000000000004160        0xa ./HAL_DRIVER/hal_can_ch32.o
                0x0000000000004160                HAL_CANSetERRCallback
 .text.HAL_CANIntIT
                0x000000000000416a      0x13c ./HAL_DRIVER/hal_can_ch32.o
                0x000000000000416a                HAL_CANIntIT
 .text.HAL_CANToInitMode
                0x00000000000042a6       0x30 ./HAL_DRIVER/hal_can_ch32.o
                0x00000000000042a6                HAL_CANToInitMode
 .text.HAL_CANToOperatingMode
                0x00000000000042d6       0x26 ./HAL_DRIVER/hal_can_ch32.o
                0x00000000000042d6                HAL_CANToOperatingMode
 .text.HAL_CANSend
                0x00000000000042fc       0xae ./HAL_DRIVER/hal_can_ch32.o
                0x00000000000042fc                HAL_CANSend
 .text.HAL_CANSetFiters
                0x00000000000043aa       0xc4 ./HAL_DRIVER/hal_can_ch32.o
                0x00000000000043aa                HAL_CANSetFiters
 .text.HAL_CANGetRXMessage
                0x000000000000446e       0xb0 ./HAL_DRIVER/hal_can_ch32.o
                0x000000000000446e                HAL_CANGetRXMessage
 .text.USB_HP_CAN1_TX_IRQHandler
                0x000000000000451e       0x60 ./HAL_DRIVER/hal_can_ch32.o
                0x000000000000451e                USB_HP_CAN1_TX_IRQHandler
 .text.USB_LP_CAN1_RX0_IRQHandler
                0x000000000000457e       0x5e ./HAL_DRIVER/hal_can_ch32.o
                0x000000000000457e                USB_LP_CAN1_RX0_IRQHandler
 .text.CAN1_RX1_IRQHandler
                0x00000000000045dc       0x5e ./HAL_DRIVER/hal_can_ch32.o
                0x00000000000045dc                CAN1_RX1_IRQHandler
 .text.CAN1_SCE_IRQHandler
                0x000000000000463a       0x5c ./HAL_DRIVER/hal_can_ch32.o
                0x000000000000463a                CAN1_SCE_IRQHandler
 .text.HAL_InitGPIO
                0x0000000000004696       0xba ./HAL_DRIVER/hal_gpio_ch32.o
                0x0000000000004696                HAL_InitGPIO
 .text.HAL_InitGpioOut
                0x0000000000004750       0x10 ./HAL_DRIVER/hal_gpio_ch32.o
                0x0000000000004750                HAL_InitGpioOut
 .text.HAL_InitGpioAIN
                0x0000000000004760       0x10 ./HAL_DRIVER/hal_gpio_ch32.o
                0x0000000000004760                HAL_InitGpioAIN
 .text.HAL_InitGpioIn
                0x0000000000004770       0x10 ./HAL_DRIVER/hal_gpio_ch32.o
                0x0000000000004770                HAL_InitGpioIn
 .text.HAL_InitGpioAF
                0x0000000000004780       0x34 ./HAL_DRIVER/hal_gpio_ch32.o
                0x0000000000004780                HAL_InitGpioAF
 .text.HAL_GetBit
                0x00000000000047b4        0xa ./HAL_DRIVER/hal_gpio_ch32.o
                0x00000000000047b4                HAL_GetBit
 .text.HAL_SetBit
                0x00000000000047be        0x4 ./HAL_DRIVER/hal_gpio_ch32.o
                0x00000000000047be                HAL_SetBit
 .text.HAL_ResetBit
                0x00000000000047c2        0x4 ./HAL_DRIVER/hal_gpio_ch32.o
                0x00000000000047c2                HAL_ResetBit
 .text.HAL_InitGPO
                0x00000000000047c6       0x14 ./HAL_DRIVER/hal_gpio_ch32.o
                0x00000000000047c6                HAL_InitGPO
 .text.HAL_I2C_Init
                0x00000000000047da       0xf4 ./HAL_DRIVER/hal_i2c_ch32.o
                0x00000000000047da                HAL_I2C_Init
 .text.HAL_I2C_GET_STAR2
                0x00000000000048ce        0xe ./HAL_DRIVER/hal_i2c_ch32.o
                0x00000000000048ce                HAL_I2C_GET_STAR2
 .text.HAL_I2C_GET_STAR1
                0x00000000000048dc        0xe ./HAL_DRIVER/hal_i2c_ch32.o
                0x00000000000048dc                HAL_I2C_GET_STAR1
 .text.HAL_I2C_ENABLE
                0x00000000000048ea       0x14 ./HAL_DRIVER/hal_i2c_ch32.o
                0x00000000000048ea                HAL_I2C_ENABLE
 .text.InitI2CIT
                0x00000000000048fe       0x6e ./HAL_DRIVER/hal_i2c_ch32.o
                0x00000000000048fe                InitI2CIT
 .text.HAL_I2C_DISABLE
                0x000000000000496c       0x1a ./HAL_DRIVER/hal_i2c_ch32.o
                0x000000000000496c                HAL_I2C_DISABLE
 .text.I2C_IT_ENABLE
                0x0000000000004986       0x12 ./HAL_DRIVER/hal_i2c_ch32.o
                0x0000000000004986                I2C_IT_ENABLE
 .text.I2C_IT_DISABLE
                0x0000000000004998       0x16 ./HAL_DRIVER/hal_i2c_ch32.o
                0x0000000000004998                I2C_IT_DISABLE
 .text.HAL_I2C_STOP
                0x00000000000049ae       0x14 ./HAL_DRIVER/hal_i2c_ch32.o
                0x00000000000049ae                HAL_I2C_STOP
 .text.HAL_I2C_START
                0x00000000000049c2       0x14 ./HAL_DRIVER/hal_i2c_ch32.o
                0x00000000000049c2                HAL_I2C_START
 .text.HAL_I2C_SEND
                0x00000000000049d6        0xe ./HAL_DRIVER/hal_i2c_ch32.o
                0x00000000000049d6                HAL_I2C_SEND
 .text.HAL_I2C_SEND_ADDR_TRANS
                0x00000000000049e4       0x12 ./HAL_DRIVER/hal_i2c_ch32.o
                0x00000000000049e4                HAL_I2C_SEND_ADDR_TRANS
 .text.HAL_I2C_SEND_ADDR_RECIEVE
                0x00000000000049f6       0x16 ./HAL_DRIVER/hal_i2c_ch32.o
                0x00000000000049f6                HAL_I2C_SEND_ADDR_RECIEVE
 .text.HAL_I2C_ACK_ENABLE
                0x0000000000004a0c       0x14 ./HAL_DRIVER/hal_i2c_ch32.o
                0x0000000000004a0c                HAL_I2C_ACK_ENABLE
 .text.HAL_I2C_ACK_DISABLE
                0x0000000000004a20       0x1c ./HAL_DRIVER/hal_i2c_ch32.o
                0x0000000000004a20                HAL_I2C_ACK_DISABLE
 .text.HAL_I2C_ClearFlag
                0x0000000000004a3c       0x20 ./HAL_DRIVER/hal_i2c_ch32.o
                0x0000000000004a3c                HAL_I2C_ClearFlag
 .text.HAL_I2C_READ_DATA
                0x0000000000004a5c        0xe ./HAL_DRIVER/hal_i2c_ch32.o
                0x0000000000004a5c                HAL_I2C_READ_DATA
 .text.I2C1_EV_IRQHandler
                0x0000000000004a6a       0x52 ./HAL_DRIVER/hal_i2c_ch32.o
                0x0000000000004a6a                I2C1_EV_IRQHandler
 .text.I2C1_ER_IRQHandler
                0x0000000000004abc       0x52 ./HAL_DRIVER/hal_i2c_ch32.o
                0x0000000000004abc                I2C1_ER_IRQHandler
 .text.HAL_InitAPB1
                0x0000000000004b0e       0x1c ./HAL_DRIVER/hal_irq.o
                0x0000000000004b0e                HAL_InitAPB1
 .text.HAL_InitAPB2
                0x0000000000004b2a       0x1c ./HAL_DRIVER/hal_irq.o
                0x0000000000004b2a                HAL_InitAPB2
 .text.PFIC_IRQ_ENABLE_PG1
                0x0000000000004b46       0x34 ./HAL_DRIVER/hal_irq.o
                0x0000000000004b46                PFIC_IRQ_ENABLE_PG1
 .text.RTC_IRQHandler
                0x0000000000004b7a       0x78 ./HAL_DRIVER/hal_rtc_ch32.o
                0x0000000000004b7a                RTC_IRQHandler
 .text.HAL_SPI_RXOveleyClear
                0x0000000000004bf2       0x1e ./HAL_DRIVER/hal_spi_ch32.o
                0x0000000000004bf2                HAL_SPI_RXOveleyClear
 .text.HAL_SPI_GetBusy
                0x0000000000004c10       0x10 ./HAL_DRIVER/hal_spi_ch32.o
                0x0000000000004c10                HAL_SPI_GetBusy
 .text.HAL_WDTReset
                0x0000000000004c20        0xe ./HAL_DRIVER/hal_wdt_ch32.o
                0x0000000000004c20                HAL_WDTReset
 .text.Get_ConversionVal
                0x0000000000004c2e       0x2e ./HAL/hal_adc_ch32.o
                0x0000000000004c2e                Get_ConversionVal
 .text.HAL_ADC_RegularChannelConfig
                0x0000000000004c5c       0x46 ./HAL/hal_adc_ch32.o
                0x0000000000004c5c                HAL_ADC_RegularChannelConfig
 .text.HAL_ADC_ContiniusScanCinvertionDMA
                0x0000000000004ca2       0xce ./HAL/hal_adc_ch32.o
                0x0000000000004ca2                HAL_ADC_ContiniusScanCinvertionDMA
 .text.HAL_ADC_StartDMA
                0x0000000000004d70       0x42 ./HAL/hal_adc_ch32.o
                0x0000000000004d70                HAL_ADC_StartDMA
 .text.ADC1_2_IRQHandler
                0x0000000000004db2       0x74 ./HAL/hal_adc_ch32.o
                0x0000000000004db2                ADC1_2_IRQHandler
 .text.DMA_IRQ  0x0000000000004e26       0x3a ./HAL/hal_dma_ch32.o
 .text.HAL_DMA_Enable
                0x0000000000004e60       0x18 ./HAL/hal_dma_ch32.o
                0x0000000000004e60                HAL_DMA_Enable
 .text.HAL_DMA_Disable
                0x0000000000004e78       0x1a ./HAL/hal_dma_ch32.o
                0x0000000000004e78                HAL_DMA_Disable
 .text.HAL_DMAInitIT
                0x0000000000004e92       0xa0 ./HAL/hal_dma_ch32.o
                0x0000000000004e92                HAL_DMAInitIT
 .text.HAL_DMA_SetCounter
                0x0000000000004f32       0x12 ./HAL/hal_dma_ch32.o
                0x0000000000004f32                HAL_DMA_SetCounter
 .text.HAL_DMA_ITENABLE
                0x0000000000004f44       0x16 ./HAL/hal_dma_ch32.o
                0x0000000000004f44                HAL_DMA_ITENABLE
 .text.HAL_DMA_SetCouterAndEnable
                0x0000000000004f5a       0x1a ./HAL/hal_dma_ch32.o
                0x0000000000004f5a                HAL_DMA_SetCouterAndEnable
 .text.DMA1_Channel1_IRQHandler
                0x0000000000004f74       0x4e ./HAL/hal_dma_ch32.o
                0x0000000000004f74                DMA1_Channel1_IRQHandler
 .text.DMA1_Channel3_IRQHandler
                0x0000000000004fc2       0x4e ./HAL/hal_dma_ch32.o
                0x0000000000004fc2                DMA1_Channel3_IRQHandler
 .text.DMA1_Channel4_IRQHandler
                0x0000000000005010       0x4e ./HAL/hal_dma_ch32.o
                0x0000000000005010                DMA1_Channel4_IRQHandler
 .text.DMA1_Channel5_IRQHandler
                0x000000000000505e       0x4e ./HAL/hal_dma_ch32.o
                0x000000000000505e                DMA1_Channel5_IRQHandler
 .text.DMA1_Channel7_IRQHandler
                0x00000000000050ac       0x4e ./HAL/hal_dma_ch32.o
                0x00000000000050ac                DMA1_Channel7_IRQHandler
 .text.TIM4_IRQHandler
                0x00000000000050fa       0x70 ./HAL/hal_timers_ch32.o
                0x00000000000050fa                TIM4_IRQHandler
 .text.HAL_TiemrEneblae
                0x000000000000516a       0x16 ./HAL/hal_timers_ch32.o
                0x000000000000516a                HAL_TiemrEneblae
 .text.HAL_TiemrDisable
                0x0000000000005180       0x1c ./HAL/hal_timers_ch32.o
                0x0000000000005180                HAL_TiemrDisable
 .text.HW_TIMER_BaseTimerInit
                0x000000000000519c       0x54 ./HAL/hal_timers_ch32.o
                0x000000000000519c                HW_TIMER_BaseTimerInit
 .text.HAL_TIMER_InitIt
                0x00000000000051f0       0x60 ./HAL/hal_timers_ch32.o
                0x00000000000051f0                HAL_TIMER_InitIt
 .text.HAL_TIMER_PWMTimersInit
                0x0000000000005250       0xc2 ./HAL/hal_timers_ch32.o
                0x0000000000005250                HAL_TIMER_PWMTimersInit
 .text.HAL_TimeInitCaptureDMA
                0x0000000000005312       0xec ./HAL/hal_timers_ch32.o
                0x0000000000005312                HAL_TimeInitCaptureDMA
 .text.HAL_TIMER_SetPWMPulse
                0x00000000000053fe       0x88 ./HAL/hal_timers_ch32.o
                0x00000000000053fe                HAL_TIMER_SetPWMPulse
 .text.HAL_TIMER_EnablePWMCH
                0x0000000000005486       0x1a ./HAL/hal_timers_ch32.o
                0x0000000000005486                HAL_TIMER_EnablePWMCH
 .text.prvInsertBlockIntoFreeList
                0x00000000000054a0       0x4c ./FreeRTOS/portable/MemMang/heap_4.o
 .text.pvPortMalloc
                0x00000000000054ec      0x18a ./FreeRTOS/portable/MemMang/heap_4.o
                0x00000000000054ec                pvPortMalloc
 .text.vPortSetupTimerInterrupt
                0x0000000000005676       0x3e ./FreeRTOS/portable/GCC/RISC-V/port.o
                0x0000000000005676                vPortSetupTimerInterrupt
 .text.xPortStartScheduler
                0x00000000000056b4       0x90 ./FreeRTOS/portable/GCC/RISC-V/port.o
                0x00000000000056b4                xPortStartScheduler
 .text.SysTick_Handler
                0x0000000000005744       0x7c ./FreeRTOS/portable/GCC/RISC-V/port.o
                0x0000000000005744                SysTick_Handler
 .text.vPortEnterCritical
                0x00000000000057c0       0x16 ./FreeRTOS/portable/GCC/RISC-V/port.o
                0x00000000000057c0                vPortEnterCritical
 .text.vPortExitCritical
                0x00000000000057d6       0x42 ./FreeRTOS/portable/GCC/RISC-V/port.o
                0x00000000000057d6                vPortExitCritical
 .text.xPortSetInterruptMask
                0x0000000000005818        0xc ./FreeRTOS/portable/GCC/RISC-V/port.o
                0x0000000000005818                xPortSetInterruptMask
 .text.vPortClearInterruptMask
                0x0000000000005824        0x6 ./FreeRTOS/portable/GCC/RISC-V/port.o
                0x0000000000005824                vPortClearInterruptMask
 .text.vListInitialise
                0x000000000000582a       0x14 ./FreeRTOS/list.o
                0x000000000000582a                vListInitialise
 .text.vListInitialiseItem
                0x000000000000583e        0x6 ./FreeRTOS/list.o
                0x000000000000583e                vListInitialiseItem
 .text.vListInsertEnd
                0x0000000000005844       0x18 ./FreeRTOS/list.o
                0x0000000000005844                vListInsertEnd
 .text.vListInsert
                0x000000000000585c       0x2e ./FreeRTOS/list.o
                0x000000000000585c                vListInsert
 .text.uxListRemove
                0x000000000000588a       0x20 ./FreeRTOS/list.o
                0x000000000000588a                uxListRemove
 .text.prvIsQueueEmpty
                0x00000000000058aa       0x1e ./FreeRTOS/queue.o
 .text.prvCopyDataToQueue
                0x00000000000058c8       0x72 ./FreeRTOS/queue.o
 .text.prvCopyDataFromQueue
                0x000000000000593a       0x28 ./FreeRTOS/queue.o
 .text.prvUnlockQueue
                0x0000000000005962       0x76 ./FreeRTOS/queue.o
 .text.xQueueGenericReset
                0x00000000000059d8       0xc4 ./FreeRTOS/queue.o
                0x00000000000059d8                xQueueGenericReset
 .text.xQueueGenericCreateStatic
                0x0000000000005a9c       0xae ./FreeRTOS/queue.o
                0x0000000000005a9c                xQueueGenericCreateStatic
 .text.xQueueGenericCreate
                0x0000000000005b4a       0x72 ./FreeRTOS/queue.o
                0x0000000000005b4a                xQueueGenericCreate
 .text.xQueueGenericSend
                0x0000000000005bbc      0x178 ./FreeRTOS/queue.o
                0x0000000000005bbc                xQueueGenericSend
 .text.xQueueGiveMutexRecursive
                0x0000000000005d34       0x56 ./FreeRTOS/queue.o
                0x0000000000005d34                xQueueGiveMutexRecursive
 .text.xQueueCreateMutex
                0x0000000000005d8a       0x2e ./FreeRTOS/queue.o
                0x0000000000005d8a                xQueueCreateMutex
 .text.xQueueReceive
                0x0000000000005db8      0x138 ./FreeRTOS/queue.o
                0x0000000000005db8                xQueueReceive
 .text.xQueueSemaphoreTake
                0x0000000000005ef0      0x18e ./FreeRTOS/queue.o
                0x0000000000005ef0                xQueueSemaphoreTake
 .text.xQueueTakeMutexRecursive
                0x000000000000607e       0x5a ./FreeRTOS/queue.o
                0x000000000000607e                xQueueTakeMutexRecursive
 .text.uxQueueMessagesWaiting
                0x00000000000060d8       0x44 ./FreeRTOS/queue.o
                0x00000000000060d8                uxQueueMessagesWaiting
 .text.prvIdleTask
                0x000000000000611c        0x2 ./FreeRTOS/tasks.o
 .text.prvAddNewTaskToReadyList
                0x000000000000611e       0xfe ./FreeRTOS/tasks.o
 .text.prvResetNextTaskUnblockTime
                0x000000000000621c       0x20 ./FreeRTOS/tasks.o
 .text.prvTaskIsTaskSuspended
                0x000000000000623c       0x50 ./FreeRTOS/tasks.o
 .text.prvInitialiseNewTask.isra.2
                0x000000000000628c       0xc8 ./FreeRTOS/tasks.o
 .text.prvAddCurrentTaskToDelayedList
                0x0000000000006354       0xa0 ./FreeRTOS/tasks.o
 .text.xTaskCreateStatic
                0x00000000000063f4       0xa6 ./FreeRTOS/tasks.o
                0x00000000000063f4                xTaskCreateStatic
 .text.vTaskResume
                0x000000000000649a       0xa6 ./FreeRTOS/tasks.o
                0x000000000000649a                vTaskResume
 .text.vTaskStartScheduler
                0x0000000000006540       0x5c ./FreeRTOS/tasks.o
                0x0000000000006540                vTaskStartScheduler
 .text.vTaskSuspendAll
                0x000000000000659c        0xc ./FreeRTOS/tasks.o
                0x000000000000659c                vTaskSuspendAll
 .text.xTaskGetTickCount
                0x00000000000065a8        0x6 ./FreeRTOS/tasks.o
                0x00000000000065a8                xTaskGetTickCount
 .text.xTaskIncrementTick
                0x00000000000065ae      0x18c ./FreeRTOS/tasks.o
                0x00000000000065ae                xTaskIncrementTick
 .text.xTaskResumeAll
                0x000000000000673a      0x14c ./FreeRTOS/tasks.o
                0x000000000000673a                xTaskResumeAll
 .text.vTaskDelay
                0x0000000000006886       0x62 ./FreeRTOS/tasks.o
                0x0000000000006886                vTaskDelay
 .text.vTaskSwitchContext
                0x00000000000068e8       0x8e ./FreeRTOS/tasks.o
                0x00000000000068e8                vTaskSwitchContext
 .text.vTaskSuspend
                0x0000000000006976       0xe2 ./FreeRTOS/tasks.o
                0x0000000000006976                vTaskSuspend
 .text.vTaskPlaceOnEventList
                0x0000000000006a58       0x48 ./FreeRTOS/tasks.o
                0x0000000000006a58                vTaskPlaceOnEventList
 .text.xTaskRemoveFromEventList
                0x0000000000006aa0       0xe0 ./FreeRTOS/tasks.o
                0x0000000000006aa0                xTaskRemoveFromEventList
 .text.vTaskInternalSetTimeOutState
                0x0000000000006b80        0xe ./FreeRTOS/tasks.o
                0x0000000000006b80                vTaskInternalSetTimeOutState
 .text.xTaskCheckForTimeOut
                0x0000000000006b8e       0xaa ./FreeRTOS/tasks.o
                0x0000000000006b8e                xTaskCheckForTimeOut
 .text.vTaskMissedYield
                0x0000000000006c38        0x8 ./FreeRTOS/tasks.o
                0x0000000000006c38                vTaskMissedYield
 .text.xTaskGetCurrentTaskHandle
                0x0000000000006c40        0xa ./FreeRTOS/tasks.o
                0x0000000000006c40                xTaskGetCurrentTaskHandle
 .text.xTaskPriorityInherit
                0x0000000000006c4a       0xaa ./FreeRTOS/tasks.o
                0x0000000000006c4a                xTaskPriorityInherit
 .text.xTaskPriorityDisinherit
                0x0000000000006cf4       0xc6 ./FreeRTOS/tasks.o
                0x0000000000006cf4                xTaskPriorityDisinherit
 .text.vTaskPriorityDisinheritAfterTimeout
                0x0000000000006dba       0xe2 ./FreeRTOS/tasks.o
                0x0000000000006dba                vTaskPriorityDisinheritAfterTimeout
 .text.pvTaskIncrementMutexHeldCount
                0x0000000000006e9c       0x1c ./FreeRTOS/tasks.o
                0x0000000000006e9c                pvTaskIncrementMutexHeldCount
 .text.ulTaskGenericNotifyTake
                0x0000000000006eb8       0xb8 ./FreeRTOS/tasks.o
                0x0000000000006eb8                ulTaskGenericNotifyTake
 .text.xTaskGenericNotifyWait
                0x0000000000006f70       0xe6 ./FreeRTOS/tasks.o
                0x0000000000006f70                xTaskGenericNotifyWait
 .text.xTaskGenericNotifyFromISR
                0x0000000000007056      0x1e4 ./FreeRTOS/tasks.o
                0x0000000000007056                xTaskGenericNotifyFromISR
 .text.Delay_Init
                0x000000000000723a       0x2a ./Debug/debug.o
                0x000000000000723a                Delay_Init
 .text.Delay_Ms
                0x0000000000007264       0x36 ./Debug/debug.o
                0x0000000000007264                Delay_Ms
 .text.USART_Printf_Init
                0x000000000000729a       0x5a ./Debug/debug.o
                0x000000000000729a                USART_Printf_Init
 .text._write   0x00000000000072f4       0x3e ./Debug/debug.o
                0x00000000000072f4                _write
 .text._sbrk    0x0000000000007332       0x2a ./Debug/debug.o
                0x0000000000007332                _sbrk
 .text.__get_MEPC
                0x000000000000735c        0x6 ./Core/core_riscv.o
                0x000000000000735c                __get_MEPC
 .text.__get_MCAUSE
                0x0000000000007362        0x6 ./Core/core_riscv.o
                0x0000000000007362                __get_MCAUSE
 .text.__get_MTVAL
                0x0000000000007368        0x6 ./Core/core_riscv.o
                0x0000000000007368                __get_MTVAL
 .text.prv_read_can_received_msg
                0x000000000000736e       0x50 ./CANopenNode/keypad/CO_driver_ST32F103.o
                0x000000000000736e                prv_read_can_received_msg
 .text.prv_send_can_message.isra.0
                0x00000000000073be       0x2c ./CANopenNode/keypad/CO_driver_ST32F103.o
 .text.CAN_SendMessage
                0x00000000000073ea       0x66 ./CANopenNode/keypad/CO_driver_ST32F103.o
                0x00000000000073ea                CAN_SendMessage
 .text.co_drv_create_os_objects
                0x0000000000007450       0x30 ./CANopenNode/keypad/CO_driver_ST32F103.o
                0x0000000000007450                co_drv_create_os_objects
 .text.co_drv_mutex_lock
                0x0000000000007480       0x18 ./CANopenNode/keypad/CO_driver_ST32F103.o
                0x0000000000007480                co_drv_mutex_lock
 .text.co_drv_mutex_unlock
                0x0000000000007498       0x16 ./CANopenNode/keypad/CO_driver_ST32F103.o
                0x0000000000007498                co_drv_mutex_unlock
 .text.CO_CANsetConfigurationMode
                0x00000000000074ae       0x10 ./CANopenNode/keypad/CO_driver_ST32F103.o
                0x00000000000074ae                CO_CANsetConfigurationMode
 .text.CO_CANsetNormalMode
                0x00000000000074be       0x1c ./CANopenNode/keypad/CO_driver_ST32F103.o
                0x00000000000074be                CO_CANsetNormalMode
 .text.CO_CANmodule_init
                0x00000000000074da      0x110 ./CANopenNode/keypad/CO_driver_ST32F103.o
                0x00000000000074da                CO_CANmodule_init
 .text.CO_CANmodule_disable
                0x00000000000075ea       0x14 ./CANopenNode/keypad/CO_driver_ST32F103.o
                0x00000000000075ea                CO_CANmodule_disable
 .text.CO_CANrxBufferInit
                0x00000000000075fe       0x52 ./CANopenNode/keypad/CO_driver_ST32F103.o
                0x00000000000075fe                CO_CANrxBufferInit
 .text.CO_CANtxBufferInit
                0x0000000000007650       0x3a ./CANopenNode/keypad/CO_driver_ST32F103.o
                0x0000000000007650                CO_CANtxBufferInit
 .text.CO_CANmodule_process
                0x000000000000768a       0x12 ./CANopenNode/keypad/CO_driver_ST32F103.o
                0x000000000000768a                CO_CANmodule_process
 .text.CO_CANsend
                0x000000000000769c       0x46 ./CANopenNode/keypad/CO_driver_ST32F103.o
                0x000000000000769c                CO_CANsend
 .text.CO_LSSslave_receive
                0x00000000000076e2      0x1a8 ./CANopenNode/305/CO_LSSslave.o
 .text.CO_LSSslave_init
                0x000000000000788a       0xa4 ./CANopenNode/305/CO_LSSslave.o
                0x000000000000788a                CO_LSSslave_init
 .text.CO_LSSslave_process
                0x000000000000792e      0x1a2 ./CANopenNode/305/CO_LSSslave.o
                0x000000000000792e                CO_LSSslave_process
 .text.OD_write_1003
                0x0000000000007ad0       0x28 ./CANopenNode/301/CO_Emergency.o
 .text.OD_read_1003
                0x0000000000007af8       0x8c ./CANopenNode/301/CO_Emergency.o
 .text.OD_read_1014_default
                0x0000000000007b84       0x50 ./CANopenNode/301/CO_Emergency.o
 .text.CO_EM_init
                0x0000000000007bd4      0x112 ./CANopenNode/301/CO_Emergency.o
                0x0000000000007bd4                CO_EM_init
 .text.CO_error
                0x0000000000007ce6       0xc4 ./CANopenNode/301/CO_Emergency.o
                0x0000000000007ce6                CO_error
 .text.CO_EM_process
                0x0000000000007daa      0x182 ./CANopenNode/301/CO_Emergency.o
                0x0000000000007daa                CO_EM_process
 .text.CO_NMT_receive
                0x0000000000007f2c       0x18 ./CANopenNode/301/CO_NMT_Heartbeat.o
 .text.OD_write_1017
                0x0000000000007f44       0x48 ./CANopenNode/301/CO_NMT_Heartbeat.o
 .text.CO_NMT_init
                0x0000000000007f8c       0xec ./CANopenNode/301/CO_NMT_Heartbeat.o
                0x0000000000007f8c                CO_NMT_init
 .text.CO_NMT_process
                0x0000000000008078      0x106 ./CANopenNode/301/CO_NMT_Heartbeat.o
                0x0000000000008078                CO_NMT_process
 .text.OD_readDisabled
                0x000000000000817e        0x4 ./CANopenNode/301/CO_ODinterface.o
 .text.OD_readOriginal
                0x0000000000008182       0x50 ./CANopenNode/301/CO_ODinterface.o
                0x0000000000008182                OD_readOriginal
 .text.OD_writeOriginal
                0x00000000000081d2       0x54 ./CANopenNode/301/CO_ODinterface.o
                0x00000000000081d2                OD_writeOriginal
 .text.OD_writeDisabled
                0x0000000000008226        0x4 ./CANopenNode/301/CO_ODinterface.o
 .text.OD_find  0x000000000000822a       0x70 ./CANopenNode/301/CO_ODinterface.o
                0x000000000000822a                OD_find
 .text.OD_getSub
                0x000000000000829a       0xf6 ./CANopenNode/301/CO_ODinterface.o
                0x000000000000829a                OD_getSub
 .text.OD_getSDOabCode
                0x0000000000008390       0x20 ./CANopenNode/301/CO_ODinterface.o
                0x0000000000008390                OD_getSDOabCode
 .text.OD_get_value
                0x00000000000083b0       0x34 ./CANopenNode/301/CO_ODinterface.o
                0x00000000000083b0                OD_get_value
 .text.OD_set_value
                0x00000000000083e4       0x2e ./CANopenNode/301/CO_ODinterface.o
                0x00000000000083e4                OD_set_value
 .text.OD_getPtr
                0x0000000000008412       0x3c ./CANopenNode/301/CO_ODinterface.o
                0x0000000000008412                OD_getPtr
 .text.OD_write_dummy
                0x000000000000844e        0x8 ./CANopenNode/301/CO_PDO.o
 .text.OD_read_dummy
                0x0000000000008456       0x2e ./CANopenNode/301/CO_PDO.o
 .text.PDOconfigMap
                0x0000000000008484      0x100 ./CANopenNode/301/CO_PDO.o
 .text.CO_PDO_receive
                0x0000000000008584       0x48 ./CANopenNode/301/CO_PDO.o
 .text.OD_read_PDO_commParam
                0x00000000000085cc       0x70 ./CANopenNode/301/CO_PDO.o
 .text.PDO_initMapping.constprop.3
                0x000000000000863c       0xe6 ./CANopenNode/301/CO_PDO.o
 .text.OD_write_PDO_mapping
                0x0000000000008722       0xb4 ./CANopenNode/301/CO_PDO.o
 .text.OD_write_18xx
                0x00000000000087d6      0x184 ./CANopenNode/301/CO_PDO.o
 .text.OD_write_14xx
                0x000000000000895a      0x15a ./CANopenNode/301/CO_PDO.o
 .text.CO_RPDO_init
                0x0000000000008ab4      0x172 ./CANopenNode/301/CO_PDO.o
                0x0000000000008ab4                CO_RPDO_init
 .text.CO_RPDO_process
                0x0000000000008c26      0x114 ./CANopenNode/301/CO_PDO.o
                0x0000000000008c26                CO_RPDO_process
 .text.CO_TPDO_init
                0x0000000000008d3a      0x1d2 ./CANopenNode/301/CO_PDO.o
                0x0000000000008d3a                CO_TPDO_init
 .text.CO_TPDO_process
                0x0000000000008f0c      0x15e ./CANopenNode/301/CO_PDO.o
                0x0000000000008f0c                CO_TPDO_process
 .text.CO_SDOserver_init_canRxTx
                0x000000000000906a       0x82 ./CANopenNode/301/CO_SDOserver.o
 .text.CO_SDO_receive
                0x00000000000090ec       0x38 ./CANopenNode/301/CO_SDOserver.o
 .text.readFromOd.isra.1.constprop.5
                0x0000000000009124       0xe2 ./CANopenNode/301/CO_SDOserver.o
 .text.OD_write_1201_additional
                0x0000000000009206      0x158 ./CANopenNode/301/CO_SDOserver.o
 .text.CO_SDOserver_init
                0x000000000000935e      0x172 ./CANopenNode/301/CO_SDOserver.o
                0x000000000000935e                CO_SDOserver_init
 .text.CO_SDOserver_process
                0x00000000000094d0      0x5e8 ./CANopenNode/301/CO_SDOserver.o
                0x00000000000094d0                CO_SDOserver_process
 .text.CO_delete
                0x0000000000009ab8       0x56 ./CANopenNode/CANopen.o
                0x0000000000009ab8                CO_delete
 .text.CO_new   0x0000000000009b0e      0x102 ./CANopenNode/CANopen.o
                0x0000000000009b0e                CO_new
 .text.CO_CANinit
                0x0000000000009c10       0x36 ./CANopenNode/CANopen.o
                0x0000000000009c10                CO_CANinit
 .text.CO_LSSinit
                0x0000000000009c46       0x32 ./CANopenNode/CANopen.o
                0x0000000000009c46                CO_LSSinit
 .text.CO_CANopenInit
                0x0000000000009c78       0xb8 ./CANopenNode/CANopen.o
                0x0000000000009c78                CO_CANopenInit
 .text.CO_CANopenInitPDO
                0x0000000000009d30       0xea ./CANopenNode/CANopen.o
                0x0000000000009d30                CO_CANopenInitPDO
 .text.CO_process
                0x0000000000009e1a       0x7e ./CANopenNode/CANopen.o
                0x0000000000009e1a                CO_process
 .text.CO_process_RPDO
                0x0000000000009e98       0x40 ./CANopenNode/CANopen.o
                0x0000000000009e98                CO_process_RPDO
 .text.CO_process_TPDO
                0x0000000000009ed8       0x40 ./CANopenNode/CANopen.o
                0x0000000000009ed8                CO_process_TPDO
 .text.__divdf3
                0x0000000000009f18      0x5b4 c:/mounriver/mounriver_studio/toolchain/risc-v embedded gcc/bin/../lib/gcc/riscv-none-embed/8.2.0/rv32imacxw/ilp32\libgcc.a(divdf3.o)
                0x0000000000009f18                __divdf3
 .text.__muldf3
                0x000000000000a4cc      0x4b8 c:/mounriver/mounriver_studio/toolchain/risc-v embedded gcc/bin/../lib/gcc/riscv-none-embed/8.2.0/rv32imacxw/ilp32\libgcc.a(muldf3.o)
                0x000000000000a4cc                __muldf3
 .text.__fixunsdfsi
                0x000000000000a984       0x5c c:/mounriver/mounriver_studio/toolchain/risc-v embedded gcc/bin/../lib/gcc/riscv-none-embed/8.2.0/rv32imacxw/ilp32\libgcc.a(fixunsdfsi.o)
                0x000000000000a984                __fixunsdfsi
 .text.__floatunsidf
                0x000000000000a9e0       0x68 c:/mounriver/mounriver_studio/toolchain/risc-v embedded gcc/bin/../lib/gcc/riscv-none-embed/8.2.0/rv32imacxw/ilp32\libgcc.a(floatunsidf.o)
                0x000000000000a9e0                __floatunsidf
 .text.__addsf3
                0x000000000000aa48      0x36a c:/mounriver/mounriver_studio/toolchain/risc-v embedded gcc/bin/../lib/gcc/riscv-none-embed/8.2.0/rv32imacxw/ilp32\libgcc.a(addsf3.o)
                0x000000000000aa48                __addsf3
 .text.__divsf3
                0x000000000000adb2      0x2b2 c:/mounriver/mounriver_studio/toolchain/risc-v embedded gcc/bin/../lib/gcc/riscv-none-embed/8.2.0/rv32imacxw/ilp32\libgcc.a(divsf3.o)
                0x000000000000adb2                __divsf3
 .text.__gesf2  0x000000000000b064       0x86 c:/mounriver/mounriver_studio/toolchain/risc-v embedded gcc/bin/../lib/gcc/riscv-none-embed/8.2.0/rv32imacxw/ilp32\libgcc.a(gesf2.o)
                0x000000000000b064                __gesf2
                0x000000000000b064                __gtsf2
 .text.__lesf2  0x000000000000b0ea       0x8c c:/mounriver/mounriver_studio/toolchain/risc-v embedded gcc/bin/../lib/gcc/riscv-none-embed/8.2.0/rv32imacxw/ilp32\libgcc.a(lesf2.o)
                0x000000000000b0ea                __ltsf2
                0x000000000000b0ea                __lesf2
 .text.__mulsf3
                0x000000000000b176      0x294 c:/mounriver/mounriver_studio/toolchain/risc-v embedded gcc/bin/../lib/gcc/riscv-none-embed/8.2.0/rv32imacxw/ilp32\libgcc.a(mulsf3.o)
                0x000000000000b176                __mulsf3
 .text.__subsf3
                0x000000000000b40a      0x388 c:/mounriver/mounriver_studio/toolchain/risc-v embedded gcc/bin/../lib/gcc/riscv-none-embed/8.2.0/rv32imacxw/ilp32\libgcc.a(subsf3.o)
                0x000000000000b40a                __subsf3
 .text.__fixsfsi
                0x000000000000b792       0x62 c:/mounriver/mounriver_studio/toolchain/risc-v embedded gcc/bin/../lib/gcc/riscv-none-embed/8.2.0/rv32imacxw/ilp32\libgcc.a(fixsfsi.o)
                0x000000000000b792                __fixsfsi
 .text.__fixunssfsi
                0x000000000000b7f4       0x56 c:/mounriver/mounriver_studio/toolchain/risc-v embedded gcc/bin/../lib/gcc/riscv-none-embed/8.2.0/rv32imacxw/ilp32\libgcc.a(fixunssfsi.o)
                0x000000000000b7f4                __fixunssfsi
 .text.__floatsisf
                0x000000000000b84a       0xc6 c:/mounriver/mounriver_studio/toolchain/risc-v embedded gcc/bin/../lib/gcc/riscv-none-embed/8.2.0/rv32imacxw/ilp32\libgcc.a(floatsisf.o)
                0x000000000000b84a                __floatsisf
 .text.__floatunsisf
                0x000000000000b910       0xce c:/mounriver/mounriver_studio/toolchain/risc-v embedded gcc/bin/../lib/gcc/riscv-none-embed/8.2.0/rv32imacxw/ilp32\libgcc.a(floatunsisf.o)
                0x000000000000b910                __floatunsisf
 .text.__extendsfdf2
                0x000000000000b9de       0xac c:/mounriver/mounriver_studio/toolchain/risc-v embedded gcc/bin/../lib/gcc/riscv-none-embed/8.2.0/rv32imacxw/ilp32\libgcc.a(extendsfdf2.o)
                0x000000000000b9de                __extendsfdf2
 .text.__truncdfsf2
                0x000000000000ba8a      0x16a c:/mounriver/mounriver_studio/toolchain/risc-v embedded gcc/bin/../lib/gcc/riscv-none-embed/8.2.0/rv32imacxw/ilp32\libgcc.a(truncdfsf2.o)
                0x000000000000ba8a                __truncdfsf2
 .text.__clzsi2
                0x000000000000bbf4       0x6e c:/mounriver/mounriver_studio/toolchain/risc-v embedded gcc/bin/../lib/gcc/riscv-none-embed/8.2.0/rv32imacxw/ilp32\libgcc.a(_clzsi2.o)
                0x000000000000bbf4                __clzsi2
 .text.calloc   0x000000000000bc62        0xc c:/mounriver/mounriver_studio/toolchain/risc-v embedded gcc/bin/../lib/gcc/riscv-none-embed/8.2.0/../../../../riscv-none-embed/lib/rv32imacxw/ilp32\libg_nano.a(lib_a-calloc.o)
                0x000000000000bc62                calloc
 .text.free     0x000000000000bc6e        0xa c:/mounriver/mounriver_studio/toolchain/risc-v embedded gcc/bin/../lib/gcc/riscv-none-embed/8.2.0/../../../../riscv-none-embed/lib/rv32imacxw/ilp32\libg_nano.a(lib_a-malloc.o)
                0x000000000000bc6e                free
 .text.memcpy   0x000000000000bc78       0xb2 c:/mounriver/mounriver_studio/toolchain/risc-v embedded gcc/bin/../lib/gcc/riscv-none-embed/8.2.0/../../../../riscv-none-embed/lib/rv32imacxw/ilp32\libg_nano.a(lib_a-memcpy.o)
                0x000000000000bc78                memcpy
 .text.memmove  0x000000000000bd2a       0x46 c:/mounriver/mounriver_studio/toolchain/risc-v embedded gcc/bin/../lib/gcc/riscv-none-embed/8.2.0/../../../../riscv-none-embed/lib/rv32imacxw/ilp32\libg_nano.a(lib_a-memmove.o)
                0x000000000000bd2a                memmove
 .text._calloc_r
                0x000000000000bd70       0x26 c:/mounriver/mounriver_studio/toolchain/risc-v embedded gcc/bin/../lib/gcc/riscv-none-embed/8.2.0/../../../../riscv-none-embed/lib/rv32imacxw/ilp32\libg_nano.a(lib_a-nano-callocr.o)
                0x000000000000bd70                _calloc_r
 .text._free_r  0x000000000000bd96       0xa8 c:/mounriver/mounriver_studio/toolchain/risc-v embedded gcc/bin/../lib/gcc/riscv-none-embed/8.2.0/../../../../riscv-none-embed/lib/rv32imacxw/ilp32\libg_nano.a(lib_a-nano-freer.o)
                0x000000000000bd96                _free_r
 .text._malloc_r
                0x000000000000be3e       0xd4 c:/mounriver/mounriver_studio/toolchain/risc-v embedded gcc/bin/../lib/gcc/riscv-none-embed/8.2.0/../../../../riscv-none-embed/lib/rv32imacxw/ilp32\libg_nano.a(lib_a-nano-mallocr.o)
                0x000000000000be3e                _malloc_r
 .text.printf   0x000000000000bf12       0x40 c:/mounriver/mounriver_studio/toolchain/risc-v embedded gcc/bin/../lib/gcc/riscv-none-embed/8.2.0/../../../../riscv-none-embed/lib/rv32imacxw/ilp32\libg_nano.a(lib_a-printf.o)
                0x000000000000bf12                iprintf
                0x000000000000bf12                printf
 .text._puts_r  0x000000000000bf52       0xd4 c:/mounriver/mounriver_studio/toolchain/risc-v embedded gcc/bin/../lib/gcc/riscv-none-embed/8.2.0/../../../../riscv-none-embed/lib/rv32imacxw/ilp32\libg_nano.a(lib_a-puts.o)
                0x000000000000bf52                _puts_r
 .text.puts     0x000000000000c026        0xc c:/mounriver/mounriver_studio/toolchain/risc-v embedded gcc/bin/../lib/gcc/riscv-none-embed/8.2.0/../../../../riscv-none-embed/lib/rv32imacxw/ilp32\libg_nano.a(lib_a-puts.o)
                0x000000000000c026                puts
 .text._sbrk_r  0x000000000000c032       0x32 c:/mounriver/mounriver_studio/toolchain/risc-v embedded gcc/bin/../lib/gcc/riscv-none-embed/8.2.0/../../../../riscv-none-embed/lib/rv32imacxw/ilp32\libg_nano.a(lib_a-sbrkr.o)
                0x000000000000c032                _sbrk_r
 .text.strlen   0x000000000000c064       0x12 c:/mounriver/mounriver_studio/toolchain/risc-v embedded gcc/bin/../lib/gcc/riscv-none-embed/8.2.0/../../../../riscv-none-embed/lib/rv32imacxw/ilp32\libg_nano.a(lib_a-strlen.o)
                0x000000000000c064                strlen
 .text.__swbuf_r
                0x000000000000c076       0xbc c:/mounriver/mounriver_studio/toolchain/risc-v embedded gcc/bin/../lib/gcc/riscv-none-embed/8.2.0/../../../../riscv-none-embed/lib/rv32imacxw/ilp32\libg_nano.a(lib_a-wbuf.o)
                0x000000000000c076                __swbuf_r
 .text.__swsetup_r
                0x000000000000c132       0xfe c:/mounriver/mounriver_studio/toolchain/risc-v embedded gcc/bin/../lib/gcc/riscv-none-embed/8.2.0/../../../../riscv-none-embed/lib/rv32imacxw/ilp32\libg_nano.a(lib_a-wsetup.o)
                0x000000000000c132                __swsetup_r
 .text.__sflush_r
                0x000000000000c230      0x132 c:/mounriver/mounriver_studio/toolchain/risc-v embedded gcc/bin/../lib/gcc/riscv-none-embed/8.2.0/../../../../riscv-none-embed/lib/rv32imacxw/ilp32\libg_nano.a(lib_a-fflush.o)
                0x000000000000c230                __sflush_r
 .text._fflush_r
                0x000000000000c362       0x66 c:/mounriver/mounriver_studio/toolchain/risc-v embedded gcc/bin/../lib/gcc/riscv-none-embed/8.2.0/../../../../riscv-none-embed/lib/rv32imacxw/ilp32\libg_nano.a(lib_a-fflush.o)
                0x000000000000c362                _fflush_r
 .text.std      0x000000000000c3c8       0x66 c:/mounriver/mounriver_studio/toolchain/risc-v embedded gcc/bin/../lib/gcc/riscv-none-embed/8.2.0/../../../../riscv-none-embed/lib/rv32imacxw/ilp32\libg_nano.a(lib_a-findfp.o)
 .text._cleanup_r
                0x000000000000c42e        0xa c:/mounriver/mounriver_studio/toolchain/risc-v embedded gcc/bin/../lib/gcc/riscv-none-embed/8.2.0/../../../../riscv-none-embed/lib/rv32imacxw/ilp32\libg_nano.a(lib_a-findfp.o)
                0x000000000000c42e                _cleanup_r
 .text.__sfmoreglue
                0x000000000000c438       0x48 c:/mounriver/mounriver_studio/toolchain/risc-v embedded gcc/bin/../lib/gcc/riscv-none-embed/8.2.0/../../../../riscv-none-embed/lib/rv32imacxw/ilp32\libg_nano.a(lib_a-findfp.o)
                0x000000000000c438                __sfmoreglue
 .text.__sinit  0x000000000000c480       0x6c c:/mounriver/mounriver_studio/toolchain/risc-v embedded gcc/bin/../lib/gcc/riscv-none-embed/8.2.0/../../../../riscv-none-embed/lib/rv32imacxw/ilp32\libg_nano.a(lib_a-findfp.o)
                0x000000000000c480                __sinit
 .text.__sfp    0x000000000000c4ec       0xa0 c:/mounriver/mounriver_studio/toolchain/risc-v embedded gcc/bin/../lib/gcc/riscv-none-embed/8.2.0/../../../../riscv-none-embed/lib/rv32imacxw/ilp32\libg_nano.a(lib_a-findfp.o)
                0x000000000000c4ec                __sfp
 .text._fwalk_reent
                0x000000000000c58c       0x6a c:/mounriver/mounriver_studio/toolchain/risc-v embedded gcc/bin/../lib/gcc/riscv-none-embed/8.2.0/../../../../riscv-none-embed/lib/rv32imacxw/ilp32\libg_nano.a(lib_a-fwalk.o)
                0x000000000000c58c                _fwalk_reent
 .text.__swhatbuf_r
                0x000000000000c5f6       0x58 c:/mounriver/mounriver_studio/toolchain/risc-v embedded gcc/bin/../lib/gcc/riscv-none-embed/8.2.0/../../../../riscv-none-embed/lib/rv32imacxw/ilp32\libg_nano.a(lib_a-makebuf.o)
                0x000000000000c5f6                __swhatbuf_r
 .text.__smakebuf_r
                0x000000000000c64e       0x94 c:/mounriver/mounriver_studio/toolchain/risc-v embedded gcc/bin/../lib/gcc/riscv-none-embed/8.2.0/../../../../riscv-none-embed/lib/rv32imacxw/ilp32\libg_nano.a(lib_a-makebuf.o)
                0x000000000000c64e                __smakebuf_r
 .text.__malloc_lock
                0x000000000000c6e2        0x2 c:/mounriver/mounriver_studio/toolchain/risc-v embedded gcc/bin/../lib/gcc/riscv-none-embed/8.2.0/../../../../riscv-none-embed/lib/rv32imacxw/ilp32\libg_nano.a(lib_a-mlock.o)
                0x000000000000c6e2                __malloc_lock
 .text.__malloc_unlock
                0x000000000000c6e4        0x2 c:/mounriver/mounriver_studio/toolchain/risc-v embedded gcc/bin/../lib/gcc/riscv-none-embed/8.2.0/../../../../riscv-none-embed/lib/rv32imacxw/ilp32\libg_nano.a(lib_a-mlock.o)
                0x000000000000c6e4                __malloc_unlock
 .text.__sfputc_r
                0x000000000000c6e6       0x28 c:/mounriver/mounriver_studio/toolchain/risc-v embedded gcc/bin/../lib/gcc/riscv-none-embed/8.2.0/../../../../riscv-none-embed/lib/rv32imacxw/ilp32\libg_nano.a(lib_a-nano-vfprintf.o)
 .text.__sfputs_r
                0x000000000000c70e       0x42 c:/mounriver/mounriver_studio/toolchain/risc-v embedded gcc/bin/../lib/gcc/riscv-none-embed/8.2.0/../../../../riscv-none-embed/lib/rv32imacxw/ilp32\libg_nano.a(lib_a-nano-vfprintf.o)
                0x000000000000c70e                __sfputs_r
 .text._vfprintf_r
                0x000000000000c750      0x288 c:/mounriver/mounriver_studio/toolchain/risc-v embedded gcc/bin/../lib/gcc/riscv-none-embed/8.2.0/../../../../riscv-none-embed/lib/rv32imacxw/ilp32\libg_nano.a(lib_a-nano-vfprintf.o)
                0x000000000000c750                _vfprintf_r
                0x000000000000c750                _vfiprintf_r
 .text._printf_common
                0x000000000000c9d8      0x10c c:/mounriver/mounriver_studio/toolchain/risc-v embedded gcc/bin/../lib/gcc/riscv-none-embed/8.2.0/../../../../riscv-none-embed/lib/rv32imacxw/ilp32\libg_nano.a(lib_a-nano-vfprintf_i.o)
                0x000000000000c9d8                _printf_common
 .text._printf_i
                0x000000000000cae4      0x2a2 c:/mounriver/mounriver_studio/toolchain/risc-v embedded gcc/bin/../lib/gcc/riscv-none-embed/8.2.0/../../../../riscv-none-embed/lib/rv32imacxw/ilp32\libg_nano.a(lib_a-nano-vfprintf_i.o)
                0x000000000000cae4                _printf_i
 .text.__sread  0x000000000000cd86       0x2c c:/mounriver/mounriver_studio/toolchain/risc-v embedded gcc/bin/../lib/gcc/riscv-none-embed/8.2.0/../../../../riscv-none-embed/lib/rv32imacxw/ilp32\libg_nano.a(lib_a-stdio.o)
                0x000000000000cd86                __sread
 .text.__swrite
                0x000000000000cdb2       0x48 c:/mounriver/mounriver_studio/toolchain/risc-v embedded gcc/bin/../lib/gcc/riscv-none-embed/8.2.0/../../../../riscv-none-embed/lib/rv32imacxw/ilp32\libg_nano.a(lib_a-stdio.o)
                0x000000000000cdb2                __swrite
 .text.__sseek  0x000000000000cdfa       0x30 c:/mounriver/mounriver_studio/toolchain/risc-v embedded gcc/bin/../lib/gcc/riscv-none-embed/8.2.0/../../../../riscv-none-embed/lib/rv32imacxw/ilp32\libg_nano.a(lib_a-stdio.o)
                0x000000000000cdfa                __sseek
 .text.__sclose
                0x000000000000ce2a        0x6 c:/mounriver/mounriver_studio/toolchain/risc-v embedded gcc/bin/../lib/gcc/riscv-none-embed/8.2.0/../../../../riscv-none-embed/lib/rv32imacxw/ilp32\libg_nano.a(lib_a-stdio.o)
                0x000000000000ce2a                __sclose
 .text._write_r
                0x000000000000ce30       0x36 c:/mounriver/mounriver_studio/toolchain/risc-v embedded gcc/bin/../lib/gcc/riscv-none-embed/8.2.0/../../../../riscv-none-embed/lib/rv32imacxw/ilp32\libg_nano.a(lib_a-writer.o)
                0x000000000000ce30                _write_r
 .text._close_r
                0x000000000000ce66       0x30 c:/mounriver/mounriver_studio/toolchain/risc-v embedded gcc/bin/../lib/gcc/riscv-none-embed/8.2.0/../../../../riscv-none-embed/lib/rv32imacxw/ilp32\libg_nano.a(lib_a-closer.o)
                0x000000000000ce66                _close_r
 .text._fstat_r
                0x000000000000ce96       0x32 c:/mounriver/mounriver_studio/toolchain/risc-v embedded gcc/bin/../lib/gcc/riscv-none-embed/8.2.0/../../../../riscv-none-embed/lib/rv32imacxw/ilp32\libg_nano.a(lib_a-fstatr.o)
                0x000000000000ce96                _fstat_r
 .text._isatty_r
                0x000000000000cec8       0x30 c:/mounriver/mounriver_studio/toolchain/risc-v embedded gcc/bin/../lib/gcc/riscv-none-embed/8.2.0/../../../../riscv-none-embed/lib/rv32imacxw/ilp32\libg_nano.a(lib_a-isattyr.o)
                0x000000000000cec8                _isatty_r
 .text._lseek_r
                0x000000000000cef8       0x34 c:/mounriver/mounriver_studio/toolchain/risc-v embedded gcc/bin/../lib/gcc/riscv-none-embed/8.2.0/../../../../riscv-none-embed/lib/rv32imacxw/ilp32\libg_nano.a(lib_a-lseekr.o)
                0x000000000000cef8                _lseek_r
 .text.memchr   0x000000000000cf2c       0x18 c:/mounriver/mounriver_studio/toolchain/risc-v embedded gcc/bin/../lib/gcc/riscv-none-embed/8.2.0/../../../../riscv-none-embed/lib/rv32imacxw/ilp32\libg_nano.a(lib_a-memchr.o)
                0x000000000000cf2c                memchr
 .text._read_r  0x000000000000cf44       0x34 c:/mounriver/mounriver_studio/toolchain/risc-v embedded gcc/bin/../lib/gcc/riscv-none-embed/8.2.0/../../../../riscv-none-embed/lib/rv32imacxw/ilp32\libg_nano.a(lib_a-readr.o)
                0x000000000000cf44                _read_r
 .text._close   0x000000000000cf78       0x10 c:/mounriver/mounriver_studio/toolchain/risc-v embedded gcc/bin/../lib/gcc/riscv-none-embed/8.2.0/../../../../riscv-none-embed/lib/rv32imacxw/ilp32\libnosys.a(close.o)
                0x000000000000cf78                _close
 .text._fstat   0x000000000000cf88       0x10 c:/mounriver/mounriver_studio/toolchain/risc-v embedded gcc/bin/../lib/gcc/riscv-none-embed/8.2.0/../../../../riscv-none-embed/lib/rv32imacxw/ilp32\libnosys.a(fstat.o)
                0x000000000000cf88                _fstat
 .text._isatty  0x000000000000cf98       0x10 c:/mounriver/mounriver_studio/toolchain/risc-v embedded gcc/bin/../lib/gcc/riscv-none-embed/8.2.0/../../../../riscv-none-embed/lib/rv32imacxw/ilp32\libnosys.a(isatty.o)
                0x000000000000cf98                _isatty
 .text._lseek   0x000000000000cfa8       0x10 c:/mounriver/mounriver_studio/toolchain/risc-v embedded gcc/bin/../lib/gcc/riscv-none-embed/8.2.0/../../../../riscv-none-embed/lib/rv32imacxw/ilp32\libnosys.a(lseek.o)
                0x000000000000cfa8                _lseek
 .text._read    0x000000000000cfb8       0x10 c:/mounriver/mounriver_studio/toolchain/risc-v embedded gcc/bin/../lib/gcc/riscv-none-embed/8.2.0/../../../../riscv-none-embed/lib/rv32imacxw/ilp32\libnosys.a(read.o)
                0x000000000000cfb8                _read
 *(.rodata)
 *(.rodata*)
 *fill*         0x000000000000cfc8        0x0 
 .rodata.CalPoint
                0x000000000000cfc8       0x48 ./User/DataModel.o
 .rodata.CalPoint1
                0x000000000000d010       0x28 ./User/DataModel.o
 .rodata.bitrate_table
                0x000000000000d038       0x10 ./User/DataModel.o
 .rodata.seg_const.7429
                0x000000000000d048       0x12 ./User/DataModel.o
 *fill*         0x000000000000d05a        0x2 
 .rodata.vIncrementSystemCounters.cst4
                0x000000000000d05c        0x8 ./User/DataModel.o
 .rodata.HardFault_Handler.str1.4
                0x000000000000d064       0x42 ./User/ch32v20x_it.o
 *fill*         0x000000000000d0a6        0x2 
 .rodata.getODValue
                0x000000000000d0a8       0x78 ./User/dash_draw.o
 .rodata.MenuStateCross
                0x000000000000d120       0x1c ./User/dash_draw.o
 .rodata.dm     0x000000000000d13c       0x3f ./User/dash_draw.o
 *fill*         0x000000000000d17b        0x1 
 .rodata.getODValue.cst4
                0x000000000000d17c        0x4 ./User/dash_draw.o
                                          0x8 (size before relaxing)
 .rodata.vBarColorMode.cst4
                0x000000000000d180        0x4 ./User/dash_draw.o
 .rodata.ADC_FSM.cst4
                0x000000000000d184       0x14 ./User/inputs.o
 *fill*         0x000000000000d198        0x0 
 .rodata.ADC_FSM.cst8
                0x000000000000d198       0x18 ./User/inputs.o
 .rodata.vInputsTask.cst4
                0x000000000000d1b0       0x10 ./User/inputs.o
 .rodata.SetSegDirect
                0x000000000000d1c0       0x1c ./User/led.o
 .rodata.Brigth
                0x000000000000d1dc       0x1e ./User/led.o
 *fill*         0x000000000000d1fa        0x2 
 .rodata.DigitMask
                0x000000000000d1fc        0xa ./User/led.o
                0x000000000000d1fc                DigitMask
 *fill*         0x000000000000d206        0x2 
 .rodata.offset_mask
                0x000000000000d208        0xe ./User/led.o
 *fill*         0x000000000000d216        0x2 
 .rodata.step_mask
                0x000000000000d218        0xe ./User/led.o
 *fill*         0x000000000000d226        0x2 
 .rodata.OD_ADC1_CAL_extension
                0x000000000000d228       0x10 ./User/process.o
                0x000000000000d228                OD_ADC1_CAL_extension
 .rodata.OD_ADC2_CAL_extension
                0x000000000000d238       0x10 ./User/process.o
                0x000000000000d238                OD_ADC2_CAL_extension
 .rodata.OD_ADC3_CAL_extension
                0x000000000000d248       0x10 ./User/process.o
                0x000000000000d248                OD_ADC3_CAL_extension
 .rodata.OD_AIN_RPM_extension
                0x000000000000d258       0x10 ./User/process.o
                0x000000000000d258                OD_AIN_RPM_extension
 .rodata.OD_BAR_extension
                0x000000000000d268       0x10 ./User/process.o
                0x000000000000d268                OD_BAR_extension
 .rodata.OD_BOARD_SETTINGS_extension
                0x000000000000d278       0x10 ./User/process.o
                0x000000000000d278                OD_BOARD_SETTINGS_extension
 .rodata.OD_DASH_PARAM_extension
                0x000000000000d288       0x10 ./User/process.o
                0x000000000000d288                OD_DASH_PARAM_extension
 .rodata.OD_DIN_extension
                0x000000000000d298       0x10 ./User/process.o
                0x000000000000d298                OD_DIN_extension
 .rodata.OD_KEY_extension
                0x000000000000d2a8       0x10 ./User/process.o
                0x000000000000d2a8                OD_KEY_extension
 .rodata.OD_MENU_MAP_extension
                0x000000000000d2b8       0x10 ./User/process.o
                0x000000000000d2b8                OD_MENU_MAP_extension
 .rodata.OD_MENU_SETUP_extension
                0x000000000000d2c8       0x10 ./User/process.o
                0x000000000000d2c8                OD_MENU_SETUP_extension
 .rodata.OD_RGB10_extension
                0x000000000000d2d8       0x10 ./User/process.o
                0x000000000000d2d8                OD_RGB10_extension
 .rodata.OD_RGB11_extension
                0x000000000000d2e8       0x10 ./User/process.o
                0x000000000000d2e8                OD_RGB11_extension
 .rodata.OD_RGB12_extension
                0x000000000000d2f8       0x10 ./User/process.o
                0x000000000000d2f8                OD_RGB12_extension
 .rodata.OD_RGB13_extension
                0x000000000000d308       0x10 ./User/process.o
                0x000000000000d308                OD_RGB13_extension
 .rodata.OD_RGB1_extension
                0x000000000000d318       0x10 ./User/process.o
                0x000000000000d318                OD_RGB1_extension
 .rodata.OD_RGB2_extension
                0x000000000000d328       0x10 ./User/process.o
                0x000000000000d328                OD_RGB2_extension