Archive member included to satisfy reference by file (symbol)

c:/mounriver/mounriver_studio/toolchain/risc-v embedded gcc/bin/../lib/gcc/riscv-none-embed/8.2.0/rv32imacxw/ilp32\libgcc.a(divdf3.o)
                              ./HAL_LIB/hw_lib_din.o (__divdf3)
c:/mounriver/mounriver_studio/toolchain/risc-v embedded gcc/bin/../lib/gcc/riscv-none-embed/8.2.0/rv32imacxw/ilp32\libgcc.a(muldf3.o)
                              ./User/inputs.o (__muldf3)
c:/mounriver/mounriver_studio/toolchain/risc-v embedded gcc/bin/../lib/gcc/riscv-none-embed/8.2.0/rv32imacxw/ilp32\libgcc.a(fixunsdfsi.o)
                              ./HAL_LIB/hw_lib_din.o (__fixunsdfsi)
c:/mounriver/mounriver_studio/toolchain/risc-v embedded gcc/bin/../lib/gcc/riscv-none-embed/8.2.0/rv32imacxw/ilp32\libgcc.a(floatunsidf.o)
                              ./User/inputs.o (__floatunsidf)
c:/mounriver/mounriver_studio/toolchain/risc-v embedded gcc/bin/../lib/gcc/riscv-none-embed/8.2.0/rv32imacxw/ilp32\libgcc.a(addsf3.o)
                              ./User/inputs.o (__addsf3)
c:/mounriver/mounriver_studio/toolchain/risc-v embedded gcc/bin/../lib/gcc/riscv-none-embed/8.2.0/rv32imacxw/ilp32\libgcc.a(divsf3.o)
                              ./User/DataModel.o (__divsf3)
c:/mounriver/mounriver_studio/toolchain/risc-v embedded gcc/bin/../lib/gcc/riscv-none-embed/8.2.0/rv32imacxw/ilp32\libgcc.a(eqsf2.o)
                              ./HAL_LIB/hw_lib_din.o (__nesf2)
c:/mounriver/mounriver_studio/toolchain/risc-v embedded gcc/bin/../lib/gcc/riscv-none-embed/8.2.0/rv32imacxw/ilp32\libgcc.a(gesf2.o)
                              ./User/inputs.o (__gesf2)
c:/mounriver/mounriver_studio/toolchain/risc-v embedded gcc/bin/../lib/gcc/riscv-none-embed/8.2.0/rv32imacxw/ilp32\libgcc.a(lesf2.o)
                              ./HAL_LIB/hw_lib_din.o (__lesf2)
c:/mounriver/mounriver_studio/toolchain/risc-v embedded gcc/bin/../lib/gcc/riscv-none-embed/8.2.0/rv32imacxw/ilp32\libgcc.a(mulsf3.o)
                              ./User/dash_draw.o (__mulsf3)
c:/mounriver/mounriver_studio/toolchain/risc-v embedded gcc/bin/../lib/gcc/riscv-none-embed/8.2.0/rv32imacxw/ilp32\libgcc.a(subsf3.o)
                              ./User/dash_draw.o (__subsf3)
c:/mounriver/mounriver_studio/toolchain/risc-v embedded gcc/bin/../lib/gcc/riscv-none-embed/8.2.0/rv32imacxw/ilp32\libgcc.a(fixsfsi.o)
                              ./User/dash_draw.o (__fixsfsi)
c:/mounriver/mounriver_studio/toolchain/risc-v embedded gcc/bin/../lib/gcc/riscv-none-embed/8.2.0/rv32imacxw/ilp32\libgcc.a(fixunssfsi.o)
                              ./User/DataModel.o (__fixunssfsi)
c:/mounriver/mounriver_studio/toolchain/risc-v embedded gcc/bin/../lib/gcc/riscv-none-embed/8.2.0/rv32imacxw/ilp32\libgcc.a(floatsisf.o)
                              ./User/DataModel.o (__floatsisf)
c:/mounriver/mounriver_studio/toolchain/risc-v embedded gcc/bin/../lib/gcc/riscv-none-embed/8.2.0/rv32imacxw/ilp32\libgcc.a(floatunsisf.o)
                              ./User/DataModel.o (__floatunsisf)
c:/mounriver/mounriver_studio/toolchain/risc-v embedded gcc/bin/../lib/gcc/riscv-none-embed/8.2.0/rv32imacxw/ilp32\libgcc.a(extendsfdf2.o)
                              ./HAL_LIB/hw_lib_din.o (__extendsfdf2)
c:/mounriver/mounriver_studio/toolchain/risc-v embedded gcc/bin/../lib/gcc/riscv-none-embed/8.2.0/rv32imacxw/ilp32\libgcc.a(truncdfsf2.o)
                              ./User/inputs.o (__truncdfsf2)
c:/mounriver/mounriver_studio/toolchain/risc-v embedded gcc/bin/../lib/gcc/riscv-none-embed/8.2.0/rv32imacxw/ilp32\libgcc.a(save-restore.o)
                              ./User/inputs.o (__riscv_save_12)
c:/mounriver/mounriver_studio/toolchain/risc-v embedded gcc/bin/../lib/gcc/riscv-none-embed/8.2.0/rv32imacxw/ilp32\libgcc.a(_clzsi2.o)
                              c:/mounriver/mounriver_studio/toolchain/risc-v embedded gcc/bin/../lib/gcc/riscv-none-embed/8.2.0/rv32imacxw/ilp32\libgcc.a(divdf3.o) (__clzsi2)
c:/mounriver/mounriver_studio/toolchain/risc-v embedded gcc/bin/../lib/gcc/riscv-none-embed/8.2.0/rv32imacxw/ilp32\libgcc.a(_clz.o)
                              c:/mounriver/mounriver_studio/toolchain/risc-v embedded gcc/bin/../lib/gcc/riscv-none-embed/8.2.0/rv32imacxw/ilp32\libgcc.a(_clzsi2.o) (__clz_tab)
c:/mounriver/mounriver_studio/toolchain/risc-v embedded gcc/bin/../lib/gcc/riscv-none-embed/8.2.0/../../../../riscv-none-embed/lib/rv32imacxw/ilp32\libg_nano.a(lib_a-calloc.o)
                              ./CANopenNode/CANopen.o (calloc)
c:/mounriver/mounriver_studio/toolchain/risc-v embedded gcc/bin/../lib/gcc/riscv-none-embed/8.2.0/../../../../riscv-none-embed/lib/rv32imacxw/ilp32\libg_nano.a(lib_a-impure.o)
                              c:/mounriver/mounriver_studio/toolchain/risc-v embedded gcc/bin/../lib/gcc/riscv-none-embed/8.2.0/../../../../riscv-none-embed/lib/rv32imacxw/ilp32\libg_nano.a(lib_a-calloc.o) (_impure_ptr)
[...]
Memory Configuration

Name             Origin             Length             Attributes
FLASH            0x0000000000000000 0x0000000000010000 xr
SFLASH           0x0000000000010000 0x0000000000002800 xr
RAM              0x0000000020000000 0x0000000000005000 xrw
*default*        0x0000000000000000 0xffffffffffffffff

Linker script and memory map

LOAD ./User/CanOpenNode.o
LOAD ./User/DataModel.o
LOAD ./User/ch32v20x_it.o
LOAD ./User/dash_draw.o
LOAD ./User/init.o
LOAD ./User/inputs.o
LOAD ./User/led.o
LOAD ./User/main.o
LOAD ./User/process.o
LOAD ./User/system_ch32v20x.o
LOAD ./User/system_init.o
LOAD ./Startup/startup_ch32v20x_D6.o
LOAD ./Peripheral/src/ch32v20x_adc.o
LOAD ./Peripheral/src/ch32v20x_bkp.o
LOAD ./Peripheral/src/ch32v20x_can.o
LOAD ./Peripheral/src/ch32v20x_crc.o
LOAD ./Peripheral/src/ch32v20x_dbgmcu.o
LOAD ./Peripheral/src/ch32v20x_dma.o
LOAD ./Peripheral/src/ch32v20x_exti.o
LOAD ./Peripheral/src/ch32v20x_flash.o
LOAD ./Peripheral/src/ch32v20x_gpio.o
LOAD ./Peripheral/src/ch32v20x_i2c.o
LOAD ./Peripheral/src/ch32v20x_iwdg.o
LOAD ./Peripheral/src/ch32v20x_misc.o
LOAD ./Peripheral/src/ch32v20x_opa.o
LOAD ./Peripheral/src/ch32v20x_pwr.o
LOAD ./Peripheral/src/ch32v20x_rcc.o
LOAD ./Peripheral/src/ch32v20x_rtc.o
LOAD ./Peripheral/src/ch32v20x_spi.o
LOAD ./Peripheral/src/ch32v20x_tim.o
LOAD ./Peripheral/src/ch32v20x_usart.o
LOAD ./Peripheral/src/ch32v20x_wwdg.o
LOAD ./HAL_LIB/filters.o
LOAD ./HAL_LIB/hw_data_model.o
LOAD ./HAL_LIB/hw_lib_adc.o
LOAD ./HAL_LIB/hw_lib_din.o
LOAD ./HAL_LIB/hw_lib_eeprom_i2c.o
LOAD ./HAL_LIB/hw_timeout.o
LOAD ./HAL_DRIVER/hal_can_ch32.o
LOAD ./HAL_DRIVER/hal_gpio_ch32.o
LOAD ./HAL_DRIVER/hal_i2c_ch32.o
LOAD ./HAL_DRIVER/hal_irq.o
LOAD ./HAL_DRIVER/hal_rtc_ch32.o
LOAD ./HAL_DRIVER/hal_spi_ch32.o
LOAD ./HAL_DRIVER/hal_timers_ch32.o
LOAD ./HAL_DRIVER/hal_wdt_ch32.o
LOAD ./HAL/hal_adc_ch32.o
LOAD ./HAL/hal_dma_ch32.o
LOAD ./FreeRTOS/portable/MemMang/heap_4.o
LOAD ./FreeRTOS/portable/GCC/RISC-V/port.o
LOAD ./FreeRTOS/portable/GCC/RISC-V/portASM.o
LOAD ./FreeRTOS/croutine.o
LOAD ./FreeRTOS/event_groups.o
LOAD ./FreeRTOS/list.o
LOAD ./FreeRTOS/queue.o
LOAD ./FreeRTOS/stream_buffer.o
LOAD ./FreeRTOS/tasks.o
LOAD ./FreeRTOS/timers.o
LOAD ./Debug/debug.o
LOAD ./Core/core_riscv.o
LOAD ./CANopenNode/keypad/CO_driver_ST32F103.o
LOAD ./CANopenNode/keypad/OD.o
LOAD ./CANopenNode/extra/CO_trace.o
LOAD ./CANopenNode/309/CO_gateway_ascii.o
LOAD ./CANopenNode/305/CO_LSSmaster.o
LOAD ./CANopenNode/305/CO_LSSslave.o
LOAD ./CANopenNode/304/CO_GFC.o
LOAD ./CANopenNode/304/CO_SRDO.o
LOAD ./CANopenNode/303/CO_LEDs.o
LOAD ./CANopenNode/301/CO_Emergency.o
LOAD ./CANopenNode/301/CO_HBconsumer.o
LOAD ./CANopenNode/301/CO_NMT_Heartbeat.o
LOAD ./CANopenNode/301/CO_Node_Guarding.o
LOAD ./CANopenNode/301/CO_ODinterface.o
LOAD ./CANopenNode/301/CO_PDO.o
LOAD ./CANopenNode/301/CO_SDOclient.o
LOAD ./CANopenNode/301/CO_SDOserver.o
LOAD ./CANopenNode/301/CO_SYNC.o
LOAD ./CANopenNode/301/CO_TIME.o
LOAD ./CANopenNode/301/CO_fifo.o
LOAD ./CANopenNode/301/crc16-ccitt.o
LOAD ./CANopenNode/CANopen.o
LOAD c:/mounriver/mounriver_studio/toolchain/risc-v embedded gcc/bin/../lib/gcc/riscv-none-embed/8.2.0/../../../../riscv-none-embed/lib/rv32imacxw/ilp32\libm.a
LOAD c:/mounriver/mounriver_studio/toolchain/risc-v embedded gcc/bin/../lib/gcc/riscv-none-embed/8.2.0/rv32imacxw/ilp32\libgcc.a
LOAD c:/mounriver/mounriver_studio/toolchain/risc-v embedded gcc/bin/../lib/gcc/riscv-none-embed/8.2.0/../../../../riscv-none-embed/lib/rv32imacxw/ilp32\libg_nano.a
LOAD c:/mounriver/mounriver_studio/toolchain/risc-v embedded gcc/bin/../lib/gcc/riscv-none-embed/8.2.0/../../../../riscv-none-embed/lib/rv32imacxw/ilp32\libc_nano.a
LOAD c:/mounriver/mounriver_studio/toolchain/risc-v embedded gcc/bin/../lib/gcc/riscv-none-embed/8.2.0/rv32imacxw/ilp32\libgcc.a
START GROUP
LOAD c:/mounriver/mounriver_studio/toolchain/risc-v embedded gcc/bin/../lib/gcc/riscv-none-embed/8.2.0/rv32imacxw/ilp32\libgcc.a
LOAD c:/mounriver/mounriver_studio/toolchain/risc-v embedded gcc/bin/../lib/gcc/riscv-none-embed/8.2.0/../../../../riscv-none-embed/lib/rv32imacxw/ilp32\libc_nano.a
LOAD c:/mounriver/mounriver_studio/toolchain/risc-v embedded gcc/bin/../lib/gcc/riscv-none-embed/8.2.0/../../../../riscv-none-embed/lib/rv32imacxw/ilp32\libnosys.a
END GROUP
START GROUP
LOAD c:/mounriver/mounriver_studio/toolchain/risc-v embedded gcc/bin/../lib/gcc/riscv-none-embed/8.2.0/rv32imacxw/ilp32\libgcc.a
LOAD c:/mounriver/mounriver_studio/toolchain/risc-v embedded gcc/bin/../lib/gcc/riscv-none-embed/8.2.0/../../../../riscv-none-embed/lib/rv32imacxw/ilp32\libc_nano.a
LOAD c:/mounriver/mounriver_studio/toolchain/risc-v embedded gcc/bin/../lib/gcc/riscv-none-embed/8.2.0/../../../../riscv-none-embed/lib/rv32imacxw/ilp32\libnosys.a
END GROUP
                0x0000000000000be8                __stack_size = 0xbe8
                [!provide]                        PROVIDE (_stack_size = __stack_size)

.init           0x0000000000000000       0x38
                0x0000000000000000                _sinit = .
                0x0000000000000000                . = ALIGN (0x4)
 *(SORT_NONE(.init))
 .init          0x0000000000000000       0x38 ./Startup/startup_ch32v20x_D6.o
                0x0000000000000000                _start
                0x0000000000000038                . = ALIGN (0x4)
                0x0000000000000038                _einit = .

.vector         0x0000000000000038      0x108
 *(.vector)
 .vector        0x0000000000000038       0xfc ./Startup/startup_ch32v20x_D6.o
                0x0000000000000140                . = ALIGN (0x40)
 *fill*         0x0000000000000134        0xc 

.stext          0x0000000000010000     0x106c
                0x0000000000010000                . = ALIGN (0x4)
 *(.stext)
 .stext         0x0000000000010000        0xa ./User/CanOpenNode.o
                0x0000000000010000                vCanOpenInit
 .stext         0x000000000001000a      0x7ac ./User/DataModel.o
                0x000000000001000a                DataModel_Init
 .stext         0x00000000000107b6      0x196 ./User/dash_draw.o
                0x00000000000107b6                vDashDrawInit
                0x0000000000010830                SetTest
                0x000000000001088e                TestProcedure
 .stext         0x000000000001094c       0xba ./User/inputs.o
                0x000000000001094c                ADC1_Init
 .stext         0x0000000000010a06       0x4e ./User/led.o
                0x0000000000010a06                vLedDriverStart
 .stext         0x0000000000010a54      0x226 ./User/process.o
                0x0000000000010a54                vProceesInit
 .stext         0x0000000000010c7a      0x134 ./User/system_init.o
                0x0000000000010c7a                vSYStaskInit
                0x0000000000010d84                vSYSqueueInit
 .stext         0x0000000000010dae       0x34 ./HAL_LIB/hw_lib_din.o
                0x0000000000010dae                eDinConfigWtihStruct
 .stext         0x0000000000010de2       0xca ./HAL_DRIVER/hal_rtc_ch32.o
                0x0000000000010de2                HAL_RTC_IT_Init
 .stext         0x0000000000010eac       0x60 ./HAL_DRIVER/hal_spi_ch32.o
                0x0000000000010eac                HAL_SPI_InitDMA
 .stext         0x0000000000010f0c       0x28 ./HAL_DRIVER/hal_wdt_ch32.o
                0x0000000000010f0c                HAL_WDT_Init1s
 *fill*         0x0000000000010f34        0x0 
 .stext         0x0000000000010f34      0x138 ./CANopenNode/keypad/OD.o
                0x0000000000010f34                OD_ROM

.text           0x0000000000000200     0xe4f4
                0x0000000000000200                . = ALIGN (0x4)
 *(.text)
 .text          0x0000000000000200      0x2ee ./FreeRTOS/portable/GCC/RISC-V/portASM.o
                0x0000000000000200                SW_Handler
                0x0000000000000300                xPortStartFirstTask
                0x0000000000000400                pxPortInitialiseStack
 .text          0x00000000000004ee       0x60 c:/mounriver/mounriver_studio/toolchain/risc-v embedded gcc/bin/../lib/gcc/riscv-none-embed/8.2.0/rv32imacxw/ilp32\libgcc.a(save-restore.o)
                0x00000000000004ee                __riscv_save_12
                0x00000000000004f6                __riscv_save_9
                0x00000000000004f6                __riscv_save_11
                0x00000000000004f6                __riscv_save_10
                0x00000000000004f6                __riscv_save_8
                0x0000000000000504                __riscv_save_4
                0x0000000000000504                __riscv_save_6
                0x0000000000000504                __riscv_save_5
                0x0000000000000504                __riscv_save_7
                0x000000000000051e                __riscv_save_3
                0x000000000000051e                __riscv_save_2
                0x000000000000051e                __riscv_save_1
                0x000000000000051e                __riscv_save_0
                0x000000000000052a                __riscv_restore_12
                0x000000000000052e                __riscv_restore_11
                0x000000000000052e                __riscv_restore_9
                0x000000000000052e                __riscv_restore_10
                0x000000000000052e                __riscv_restore_8
                0x0000000000000538                __riscv_restore_5
                0x0000000000000538                __riscv_restore_7
                0x0000000000000538                __riscv_restore_6
                0x0000000000000538                __riscv_restore_4
                0x0000000000000542                __riscv_restore_3
                0x0000000000000542                __riscv_restore_0
                0x0000000000000542                __riscv_restore_2
                0x0000000000000542                __riscv_restore_1
 .text          0x000000000000054e       0xa8 c:/mounriver/mounriver_studio/toolchain/risc-v embedded gcc/bin/../lib/gcc/riscv-none-embed/8.2.0/../../../../riscv-none-embed/lib/rv32imacxw/ilp32\libg_nano.a(lib_a-memset.o)
                0x000000000000054e                memset
 *(.text.*)
 .text.xCanOpenProcessTaskHandle
                0x00000000000005f6        0xa ./User/CanOpenNode.o
                0x00000000000005f6                xCanOpenProcessTaskHandle
 .text.xCanOpenPeriodicTaskHandle
                0x0000000000000600        0xa ./User/CanOpenNode.o
                0x0000000000000600                xCanOpenPeriodicTaskHandle
 .text.vCanOpenProcess
                0x000000000000060a      0x188 ./User/CanOpenNode.o
                0x000000000000060a                vCanOpenProcess
 .text.vCanOpenPeriodicProcess
                0x0000000000000792       0x82 ./User/CanOpenNode.o
                0x0000000000000792                vCanOpenPeriodicProcess
 .text.xDataRegQueue
                0x0000000000000814        0xa ./User/DataModel.o
                0x0000000000000814                xDataRegQueue
 .text.DataModelGetSecCounter
                0x000000000000081e        0xa ./User/DataModel.o
                0x000000000000081e                DataModelGetSecCounter
 .text.vDataModelRegDelayWrite
                0x0000000000000828       0x38 ./User/DataModel.o
                0x0000000000000828                vDataModelRegDelayWrite
 .text.WriteRegAfterDelay
                0x0000000000000860       0x5a ./User/DataModel.o
                0x0000000000000860                WriteRegAfterDelay
 .text.WriteReg
                0x00000000000008ba       0x50 ./User/DataModel.o
                0x00000000000008ba                WriteReg
 .text.vGetBitrate
                0x000000000000090a       0x28 ./User/DataModel.o
                0x000000000000090a                vGetBitrate
 .text.vFDGetNMTState
                0x0000000000000932        0x6 ./User/DataModel.o
                0x0000000000000932                vFDGetNMTState
 .text.vGetNodeId
                0x0000000000000938        0xc ./User/DataModel.o
                0x0000000000000938                vGetNodeId
 .text.vIncrementSystemCounters
                0x0000000000000944       0x9c ./User/DataModel.o
                0x0000000000000944                vIncrementSystemCounters
 .text.vSaveData
                0x00000000000009e0       0x16 ./User/DataModel.o
                0x00000000000009e0                vSaveData
 .text.getOdometr
                0x00000000000009f6       0x14 ./User/DataModel.o
                0x00000000000009f6                getOdometr
 .text.getOdometr1
                0x0000000000000a0a       0x14 ./User/DataModel.o
                0x0000000000000a0a                getOdometr1
 .text.ResrtOdometr1
                0x0000000000000a1e        0xe ./User/DataModel.o
                0x0000000000000a1e                ResrtOdometr1
 .text.NMI_Handler
                0x0000000000000a2c        0x2 ./User/ch32v20x_it.o
                0x0000000000000a2c                NMI_Handler
 .text.HardFault_Handler
                0x0000000000000a2e        0x2 ./User/ch32v20x_it.o
                0x0000000000000a2e                HardFault_Handler
 .text.SegPrint
                0x0000000000000a30       0x58 ./User/dash_draw.o
 .text.vCheckKeySatate
                0x0000000000000a88       0x80 ./User/dash_draw.o
 .text.xProcessTaskHandle
                0x0000000000000b08        0xa ./User/dash_draw.o
                0x0000000000000b08                xProcessTaskHandle
 .text.vSetErrorReg
                0x0000000000000b12        0xa ./User/dash_draw.o
                0x0000000000000b12                vSetErrorReg
 .text.getODValue
                0x0000000000000b1c      0x1cc ./User/dash_draw.o
                0x0000000000000b1c                getODValue
 .text.IncMenuIndex
                0x0000000000000ce8       0x80 ./User/dash_draw.o
                0x0000000000000ce8                IncMenuIndex
 .text.GoToHome
                0x0000000000000d68       0x12 ./User/dash_draw.o
                0x0000000000000d68                GoToHome
 .text.SetCurMenuHome
                0x0000000000000d7a       0x36 ./User/dash_draw.o
                0x0000000000000d7a                SetCurMenuHome
 .text.GetCurMenuHome
                0x0000000000000db0        0x6 ./User/dash_draw.o
                0x0000000000000db0                GetCurMenuHome
 .text.SetCurrentMenu
                0x0000000000000db6       0x12 ./User/dash_draw.o
                0x0000000000000db6                SetCurrentMenu
 .text.SetDefault
                0x0000000000000dc8       0x28 ./User/dash_draw.o
                0x0000000000000dc8                SetDefault
 .text.MenuBackHomeCheck
                0x0000000000000df0       0x38 ./User/dash_draw.o
                0x0000000000000df0                MenuBackHomeCheck
 .text.CheckMenuChannel
                0x0000000000000e28       0x20 ./User/dash_draw.o
                0x0000000000000e28                CheckMenuChannel
 .text.vMenuBlink
                0x0000000000000e48       0x4a ./User/dash_draw.o
                0x0000000000000e48                vMenuBlink
 .text.SetErrorRegiter
                0x0000000000000e92       0x5e ./User/dash_draw.o
                0x0000000000000e92                SetErrorRegiter
 .text.uGetCurrMenu
                0x0000000000000ef0       0x26 ./User/dash_draw.o
                0x0000000000000ef0                uGetCurrMenu
 .text.vGetEdgeData
                0x0000000000000f16       0x2a ./User/dash_draw.o
                0x0000000000000f16                vGetEdgeData
 .text.CheckLedState
                0x0000000000000f40       0x4a ./User/dash_draw.o
 .text.vRGBMode
                0x0000000000000f8a       0x8c ./User/dash_draw.o
                0x0000000000000f8a                vRGBMode
 .text.vBarColorMode
                0x0000000000001016       0xc2 ./User/dash_draw.o
                0x0000000000001016                vBarColorMode
 .text.vBarMode
                0x00000000000010d8       0x36 ./User/dash_draw.o
                0x00000000000010d8                vBarMode
 .text.vRedrawTask
                0x000000000000110e      0x4ba ./User/dash_draw.o
                0x000000000000110e                vRedrawTask
 .text.vInit_DeviceConfig
                0x00000000000015c8      0x16e ./User/init.o
                0x00000000000015c8                vInit_DeviceConfig
 .text.HardwareDeinit
                0x0000000000001736       0x2a ./User/init.o
                0x0000000000001736                HardwareDeinit
 .text.SoftwareReset
                0x0000000000001760       0x14 ./User/init.o
                0x0000000000001760                SoftwareReset
 .text.ADC1_Event
                0x0000000000001774       0x44 ./User/inputs.o
                0x0000000000001774                ADC1_Event
 .text.CaptureDMACallBack
                0x00000000000017b8       0x22 ./User/inputs.o
                0x00000000000017b8                CaptureDMACallBack
 .text.CaptureDMACallBack_1
                0x00000000000017da       0x22 ./User/inputs.o
                0x00000000000017da                CaptureDMACallBack_1
 .text.fDinStateCallback
                0x00000000000017fc       0x32 ./User/inputs.o
                0x00000000000017fc                fDinStateCallback
 .text.getInputsTaskHandle
                0x000000000000182e        0xa ./User/inputs.o
                0x000000000000182e                getInputsTaskHandle
 .text.ADC_FSM  0x0000000000001838      0x200 ./User/inputs.o
                0x0000000000001838                ADC_FSM
 .text.GetAIN   0x0000000000001a38        0xc ./User/inputs.o
                0x0000000000001a38                GetAIN
 .text.InputsGetTest
                0x0000000000001a44       0x44 ./User/inputs.o
                0x0000000000001a44                InputsGetTest
 .text.vInputsTask
                0x0000000000001a88      0x1d8 ./User/inputs.o
                0x0000000000001a88                vInputsTask
 .text.SPI1_DMA_Callback
                0x0000000000001c60       0x2e ./User/led.o
                0x0000000000001c60                SPI1_DMA_Callback
 .text.SPI2_DMA_Callback
                0x0000000000001c8e       0x2e ./User/led.o
                0x0000000000001c8e                SPI2_DMA_Callback
 .text.SetBarState
                0x0000000000001cbc       0x50 ./User/led.o
                0x0000000000001cbc                SetBarState
 .text.SetRGB   0x0000000000001d0c       0x4e ./User/led.o
                0x0000000000001d0c                SetRGB
 .text.SetSegDirect
                0x0000000000001d5a       0x9c ./User/led.o
                0x0000000000001d5a                SetSegDirect
 .text.SetSegPoint
                0x0000000000001df6       0x22 ./User/led.o
                0x0000000000001df6                SetSegPoint
 .text.SetSEG   0x0000000000001e18      0x11e ./User/led.o
                0x0000000000001e18                SetSEG
 .text.SetBigSeg
                0x0000000000001f36       0x14 ./User/led.o
                0x0000000000001f36                SetBigSeg
 .text.vSetBrigth
                0x0000000000001f4a       0x28 ./User/led.o
                0x0000000000001f4a                vSetBrigth
 .text.vLedProcess
                0x0000000000001f72       0x1e ./User/led.o
                0x0000000000001f72                vLedProcess
 .text.vRGBProcess
                0x0000000000001f90       0xe2 ./User/led.o
                0x0000000000001f90                vRGBProcess
 .text.startup.main
                0x0000000000002072       0x3c ./User/main.o
                0x0000000000002072                main
 .text.vRestartNode
                0x00000000000020ae        0x2 ./User/main.o
                0x00000000000020ae                vRestartNode
 .text.Error_Handler
                0x00000000000020b0       0x18 ./User/main.o
                0x00000000000020b0                Error_Handler
 .text.OD_writeRGBMAP
                0x00000000000020c8       0x30 ./User/process.o
 .text.OD_writeKEY
                0x00000000000020f8       0x34 ./User/process.o
 .text.OD_readRGBMAP
                0x000000000000212c       0x22 ./User/process.o
 .text.OD_readBoardSettings
                0x000000000000214e       0x5c ./User/process.o
 .text.OD_readDIN
                0x00000000000021aa       0x1c ./User/process.o
 .text.OD_writeMenuSetup
                0x00000000000021c6       0x46 ./User/process.o
 .text.OD_writeBoardSettings
                0x000000000000220c       0xc0 ./User/process.o
 .text.CO_getUint16
                0x00000000000022cc       0x10 ./User/process.o
 .text.OD_writeSEG
                0x00000000000022dc       0x44 ./User/process.o
 .text.OD_writeBAR
                0x0000000000002320       0x30 ./User/process.o
 .text.OD_writeRPMConfig
                0x0000000000002350       0x36 ./User/process.o
 .text.CO_getUint32
                0x0000000000002386       0x18 ./User/process.o
 .text.OD_writeMenuMap
                0x000000000000239e       0x30 ./User/process.o
 .text.CO_setUint16
                0x00000000000023ce       0x10 ./User/process.o
 .text.OD_readBar
                0x00000000000023de       0x22 ./User/process.o
 .text.OD_readRPMConfig
                0x0000000000002400       0x24 ./User/process.o
 .text.OD_readAIN_RPM
                0x0000000000002424       0x26 ./User/process.o
 .text.OD_writeV1_14
                0x000000000000244a       0x56 ./User/process.o
 .text.OD_writeDashParam
                0x00000000000024a0       0x70 ./User/process.o
 .text.WriteRGB.isra.2
                0x0000000000002510       0x3a ./User/process.o
 .text.OD_writeRGB1
                0x000000000000254a       0x16 ./User/process.o
 .text.OD_writeRGB2
                0x0000000000002560       0x16 ./User/process.o
 .text.OD_writeRGB3
                0x0000000000002576       0x16 ./User/process.o
 .text.OD_writeRGB4
                0x000000000000258c       0x16 ./User/process.o
 .text.OD_writeRGB5
                0x00000000000025a2       0x16 ./User/process.o
 .text.OD_writeRGB6
                0x00000000000025b8       0x16 ./User/process.o
 .text.OD_writeRGB7
                0x00000000000025ce       0x16 ./User/process.o
 .text.OD_writeRGB8
                0x00000000000025e4       0x16 ./User/process.o
 .text.OD_writeRGB9
                0x00000000000025fa       0x16 ./User/process.o
 .text.OD_writeRGB10
                0x0000000000002610       0x16 ./User/process.o
 .text.OD_writeRGB11
                0x0000000000002626       0x16 ./User/process.o
 .text.OD_writeRGB12
                0x000000000000263c       0x16 ./User/process.o
 .text.OD_writeRGB13
                0x0000000000002652       0x16 ./User/process.o
 .text.OD_writeRGB14
                0x0000000000002668       0x16 ./User/process.o
 .text.OD_writeICHC
                0x000000000000267e       0x4c ./User/process.o
 .text.OD_readKEY
                0x00000000000026ca       0x24 ./User/process.o
 .text.OD_readSEG
                0x00000000000026ee       0x30 ./User/process.o
 .text.OD_readRGB.isra.6
                0x000000000000271e       0x1c ./User/process.o
 .text.OD_readRGB1
                0x000000000000273a       0x14 ./User/process.o
 .text.OD_readRGB2
                0x000000000000274e       0x14 ./User/process.o
 .text.OD_readRGB3
                0x0000000000002762       0x14 ./User/process.o
 .text.OD_readRGB4
                0x0000000000002776       0x16 ./User/process.o
 .text.OD_readRGB5
                0x000000000000278c       0x16 ./User/process.o
 .text.OD_readRGB6
                0x00000000000027a2       0x16 ./User/process.o
 .text.OD_readRGB7
                0x00000000000027b8       0x16 ./User/process.o
 .text.OD_readRGB8
                0x00000000000027ce       0x16 ./User/process.o
 .text.OD_readRGB9
                0x00000000000027e4       0x16 ./User/process.o
 .text.OD_readRGB10
                0x00000000000027fa       0x16 ./User/process.o
 .text.OD_readRGB11
                0x0000000000002810       0x16 ./User/process.o
 .text.OD_readRGB12
                0x0000000000002826       0x16 ./User/process.o
 .text.OD_readRGB13
                0x000000000000283c       0x16 ./User/process.o
 .text.OD_readRGB14
                0x0000000000002852       0x16 ./User/process.o
 .text.readADC.isra.7
                0x0000000000002868       0x86 ./User/process.o
 .text.OD_readADC1
                0x00000000000028ee       0x10 ./User/process.o
 .text.OD_readADC2
                0x00000000000028fe       0x10 ./User/process.o
 .text.OD_readADC3
                0x000000000000290e       0x10 ./User/process.o
 .text.OD_readMenuSetup
                0x000000000000291e       0x30 ./User/process.o
 .text.writeADC.isra.11
                0x000000000000294e       0xde ./User/process.o
 .text.OD_writeADC1
                0x0000000000002a2c       0x10 ./User/process.o
 .text.OD_writeADC2
                0x0000000000002a3c       0x10 ./User/process.o
 .text.OD_writeADC3
                0x0000000000002a4c       0x10 ./User/process.o
 .text.OD_readDashParam
                0x0000000000002a5c       0x5a ./User/process.o
 .text.OD_readMenuMap
                0x0000000000002ab6       0x2c ./User/process.o
 .text.OD_readICHC
                0x0000000000002ae2       0x4e ./User/process.o
 .text.SystemInit
                0x0000000000002b30       0xea ./User/system_ch32v20x.o
                0x0000000000002b30                SystemInit
 .text.SystemCoreClockUpdate
                0x0000000000002c1a       0x92 ./User/system_ch32v20x.o
                0x0000000000002c1a                SystemCoreClockUpdate
 .text.StartDefaultTask
                0x0000000000002cac      0x11a ./User/system_init.o
 .text.vApplicationGetIdleTaskMemory
                0x0000000000002dc6       0x1c ./User/system_init.o
                0x0000000000002dc6                vApplicationGetIdleTaskMemory
 .text.vSystemStop
                0x0000000000002de2       0x26 ./User/system_init.o
                0x0000000000002de2                vSystemStop
 .text.vector_handler
                0x0000000000002e08       0x6c ./Startup/startup_ch32v20x_D6.o
                0x0000000000002e0c                Ecall_M_Mode_Handler
                0x0000000000002e0e                Ecall_U_Mode_Handler
                0x0000000000002e10                Break_Point_Handler
                0x0000000000002e16                WWDG_IRQHandler
                0x0000000000002e18                PVD_IRQHandler
                0x0000000000002e1a                TAMPER_IRQHandler
                0x0000000000002e1e                FLASH_IRQHandler
                0x0000000000002e20                RCC_IRQHandler
                0x0000000000002e22                EXTI0_IRQHandler
                0x0000000000002e24                EXTI1_IRQHandler
                0x0000000000002e26                EXTI2_IRQHandler
                0x0000000000002e28                EXTI3_IRQHandler
                0x0000000000002e2a                EXTI4_IRQHandler
                0x0000000000002e2e                DMA1_Channel2_IRQHandler
                0x0000000000002e36                DMA1_Channel6_IRQHandler
                0x0000000000002e44                EXTI9_5_IRQHandler
                0x0000000000002e46                TIM1_BRK_IRQHandler
                0x0000000000002e48                TIM1_UP_IRQHandler
                0x0000000000002e4a                TIM1_TRG_COM_IRQHandler
                0x0000000000002e4c                TIM1_CC_IRQHandler
                0x0000000000002e4e                TIM2_IRQHandler
                0x0000000000002e50                TIM3_IRQHandler
                0x0000000000002e58                I2C2_EV_IRQHandler
                0x0000000000002e5a                I2C2_ER_IRQHandler
                0x0000000000002e5c                SPI1_IRQHandler
                0x0000000000002e5e                SPI2_IRQHandler
                0x0000000000002e60                USART1_IRQHandler
                0x0000000000002e62                USART2_IRQHandler
                0x0000000000002e64                USART3_IRQHandler
                0x0000000000002e66                EXTI15_10_IRQHandler
                0x0000000000002e68                RTCAlarm_IRQHandler
                0x0000000000002e6a                USBWakeUp_IRQHandler
                0x0000000000002e6c                USBHD_IRQHandler
                0x0000000000002e6e                USBHDWakeUp_IRQHandler
                0x0000000000002e70                UART4_IRQHandler
                0x0000000000002e72                DMA1_Channel8_IRQHandler
 .text.handle_reset
                0x0000000000002e74       0x92 ./Startup/startup_ch32v20x_D6.o
                0x0000000000002e74                handle_reset
 .text.ADC_Cmd  0x0000000000002f06       0x10 ./Peripheral/src/ch32v20x_adc.o
                0x0000000000002f06                ADC_Cmd
 .text.ADC_GetResetCalibrationStatus
                0x0000000000002f16        0x8 ./Peripheral/src/ch32v20x_adc.o
                0x0000000000002f16                ADC_GetResetCalibrationStatus
 .text.ADC_GetCalibrationStatus
                0x0000000000002f1e        0x8 ./Peripheral/src/ch32v20x_adc.o
                0x0000000000002f1e                ADC_GetCalibrationStatus
 .text.ADC_GetITStatus
                0x0000000000002f26       0x1c ./Peripheral/src/ch32v20x_adc.o
                0x0000000000002f26                ADC_GetITStatus
 .text.ADC_ClearITPendingBit
                0x0000000000002f42        0xa ./Peripheral/src/ch32v20x_adc.o
                0x0000000000002f42                ADC_ClearITPendingBit
 .text.Get_CalibrationValue
                0x0000000000002f4c      0x1fe ./Peripheral/src/ch32v20x_adc.o
                0x0000000000002f4c                Get_CalibrationValue
 .text.DMA_GetFlagStatus
                0x000000000000314a        0xe ./Peripheral/src/ch32v20x_dma.o
                0x000000000000314a                DMA_GetFlagStatus
 .text.DMA_GetITStatus
                0x0000000000003158        0xc ./Peripheral/src/ch32v20x_dma.o
                0x0000000000003158                DMA_GetITStatus
 .text.DMA_ClearITPendingBit
                0x0000000000003164        0x8 ./Peripheral/src/ch32v20x_dma.o
                0x0000000000003164                DMA_ClearITPendingBit
 .text.GPIO_Init
                0x000000000000316c       0xfa ./Peripheral/src/ch32v20x_gpio.o
                0x000000000000316c                GPIO_Init
 .text.GPIO_PinRemapConfig
                0x0000000000003266       0xf2 ./Peripheral/src/ch32v20x_gpio.o
                0x0000000000003266                GPIO_PinRemapConfig
 .text.I2C_DualAddressCmd
                0x0000000000003358       0x18 ./Peripheral/src/ch32v20x_i2c.o
                0x0000000000003358                I2C_DualAddressCmd
 .text.I2C_ClearFlag
                0x0000000000003370        0xc ./Peripheral/src/ch32v20x_i2c.o
                0x0000000000003370                I2C_ClearFlag
 .text.RCC_LSEConfig
                0x000000000000337c       0x28 ./Peripheral/src/ch32v20x_rcc.o
                0x000000000000337c                RCC_LSEConfig
 .text.RCC_GetClocksFreq
                0x00000000000033a4       0xbe ./Peripheral/src/ch32v20x_rcc.o
                0x00000000000033a4                RCC_GetClocksFreq
 .text.RCC_APB2PeriphClockCmd
                0x0000000000003462       0x1e ./Peripheral/src/ch32v20x_rcc.o
                0x0000000000003462                RCC_APB2PeriphClockCmd
 .text.RCC_GetFlagStatus
                0x0000000000003480       0x2e ./Peripheral/src/ch32v20x_rcc.o
                0x0000000000003480                RCC_GetFlagStatus
 .text.RTC_EnterConfigMode
                0x00000000000034ae       0x12 ./Peripheral/src/ch32v20x_rtc.o
                0x00000000000034ae                RTC_EnterConfigMode
 .text.RTC_ExitConfigMode
                0x00000000000034c0       0x18 ./Peripheral/src/ch32v20x_rtc.o
                0x00000000000034c0                RTC_ExitConfigMode
 .text.RTC_GetCounter
                0x00000000000034d8       0x36 ./Peripheral/src/ch32v20x_rtc.o
                0x00000000000034d8                RTC_GetCounter
 .text.RTC_SetCounter
                0x000000000000350e       0x2c ./Peripheral/src/ch32v20x_rtc.o
                0x000000000000350e                RTC_SetCounter
 .text.RTC_SetPrescaler
                0x000000000000353a       0x2e ./Peripheral/src/ch32v20x_rtc.o
                0x000000000000353a                RTC_SetPrescaler
 .text.RTC_WaitForLastTask
                0x0000000000003568       0x10 ./Peripheral/src/ch32v20x_rtc.o
                0x0000000000003568                RTC_WaitForLastTask
 .text.RTC_WaitForSynchro
                0x0000000000003578       0x24 ./Peripheral/src/ch32v20x_rtc.o
                0x0000000000003578                RTC_WaitForSynchro
 .text.TIM_OC1Init
                0x000000000000359c       0x6a ./Peripheral/src/ch32v20x_tim.o
                0x000000000000359c                TIM_OC1Init
 .text.TIM_OC2Init
                0x0000000000003606       0x96 ./Peripheral/src/ch32v20x_tim.o
                0x0000000000003606                TIM_OC2Init
 .text.TIM_OC3Init
                0x000000000000369c       0x94 ./Peripheral/src/ch32v20x_tim.o
                0x000000000000369c                TIM_OC3Init
 .text.TIM_OC4Init
                0x0000000000003730       0x6c ./Peripheral/src/ch32v20x_tim.o
                0x0000000000003730                TIM_OC4Init
 .text.TIM_OC1PreloadConfig
                0x000000000000379c        0xe ./Peripheral/src/ch32v20x_tim.o
                0x000000000000379c                TIM_OC1PreloadConfig
 .text.TIM_OC2PreloadConfig
                0x00000000000037aa       0x16 ./Peripheral/src/ch32v20x_tim.o
                0x00000000000037aa                TIM_OC2PreloadConfig
 .text.TIM_OC3PreloadConfig
                0x00000000000037c0        0xe ./Peripheral/src/ch32v20x_tim.o
                0x00000000000037c0                TIM_OC3PreloadConfig
 .text.TIM_OC4PreloadConfig
                0x00000000000037ce       0x16 ./Peripheral/src/ch32v20x_tim.o
                0x00000000000037ce                TIM_OC4PreloadConfig
 .text.TIM_GetITStatus
                0x00000000000037e4       0x18 ./Peripheral/src/ch32v20x_tim.o
                0x00000000000037e4                TIM_GetITStatus
 .text.USART_Init
                0x00000000000037fc       0xbc ./Peripheral/src/ch32v20x_usart.o
                0x00000000000037fc                USART_Init
 .text.USART_Cmd
                0x00000000000038b8       0x16 ./Peripheral/src/ch32v20x_usart.o
                0x00000000000038b8                USART_Cmd
 .text.USART_SendData
                0x00000000000038ce        0x8 ./Peripheral/src/ch32v20x_usart.o
                0x00000000000038ce                USART_SendData
 .text.USART_GetFlagStatus
                0x00000000000038d6        0xa ./Peripheral/src/ch32v20x_usart.o
                0x00000000000038d6                USART_GetFlagStatus
 .text.vRCFilterConfig
                0x00000000000038e0       0x2e ./HAL_LIB/filters.o
                0x00000000000038e0                vRCFilterConfig
 .text.AddBufferData
                0x000000000000390e       0x20 ./HAL_LIB/filters.o
                0x000000000000390e                AddBufferData
 .text.GetConversional
                0x000000000000392e       0x4a ./HAL_LIB/filters.o
                0x000000000000392e                GetConversional
 .text.GetDataRegister
                0x0000000000003978        0xa ./HAL_LIB/hw_data_model.o
                0x0000000000003978                GetDataRegister
 .text.GetRegisterAddr
                0x0000000000003982        0xc ./HAL_LIB/hw_data_model.o
                0x0000000000003982                GetRegisterAddr
 .text.ClearDataModel
                0x000000000000398e       0x1a ./HAL_LIB/hw_data_model.o
                0x000000000000398e                ClearDataModel
 .text.setReg32
                0x00000000000039a8       0x1e ./HAL_LIB/hw_data_model.o
                0x00000000000039a8                setReg32
 .text.setReg16
                0x00000000000039c6       0x12 ./HAL_LIB/hw_data_model.o
                0x00000000000039c6                setReg16
 .text.setReg8  0x00000000000039d8        0xe ./HAL_LIB/hw_data_model.o
                0x00000000000039d8                setReg8
 .text.getReg16
                0x00000000000039e6       0x14 ./HAL_LIB/hw_data_model.o
                0x00000000000039e6                getReg16
 .text.getReg32
                0x00000000000039fa       0x20 ./HAL_LIB/hw_data_model.o
                0x00000000000039fa                getReg32
 .text.getReg8  0x0000000000003a1a        0xe ./HAL_LIB/hw_data_model.o
                0x0000000000003a1a                getReg8
 .text.vAINInit
                0x0000000000003a28       0x36 ./HAL_LIB/hw_lib_adc.o
                0x0000000000003a28                vAINInit
 .text.fGetAinCalData
                0x0000000000003a5e       0x7a ./HAL_LIB/hw_lib_adc.o
                0x0000000000003a5e                fGetAinCalData
 .text.eAinCalDataConfig
                0x0000000000003ad8       0x50 ./HAL_LIB/hw_lib_adc.o
                0x0000000000003ad8                eAinCalDataConfig
 .text.vABLineKoofFinde
                0x0000000000003b28       0x6a ./HAL_LIB/hw_lib_adc.o
                0x0000000000003b28                vABLineKoofFinde
 .text.eSetAinCalPoint
                0x0000000000003b92       0x64 ./HAL_LIB/hw_lib_adc.o
                0x0000000000003b92                eSetAinCalPoint
 .text.getADC1Buffer
                0x0000000000003bf6        0xa ./HAL_LIB/hw_lib_adc.o
                0x0000000000003bf6                getADC1Buffer
 .text.uGetDIN  0x0000000000003c00       0x14 ./HAL_LIB/hw_lib_din.o
                0x0000000000003c00                uGetDIN
 .text.eRPMConfig
                0x0000000000003c14       0x5a ./HAL_LIB/hw_lib_din.o
                0x0000000000003c14                eRPMConfig
 .text.RMPDataConvert
                0x0000000000003c6e       0x4e ./HAL_LIB/hw_lib_din.o
                0x0000000000003c6e                RMPDataConvert
 .text.GetRPM   0x0000000000003cbc       0x7a ./HAL_LIB/hw_lib_din.o
                0x0000000000003cbc                GetRPM
 .text.vDinDoutProcess
                0x0000000000003d36       0x88 ./HAL_LIB/hw_lib_din.o
                0x0000000000003d36                vDinDoutProcess
 .text.getCaputreBuffer
                0x0000000000003dbe       0x16 ./HAL_LIB/hw_lib_din.o
                0x0000000000003dbe                getCaputreBuffer
 .text.I2C_FSM  0x0000000000003dd4      0x198 ./HAL_LIB/hw_lib_eeprom_i2c.o
                0x0000000000003dd4                I2C_FSM
 .text.vInitEEPROM_I2C
                0x0000000000003f6c       0x52 ./HAL_LIB/hw_lib_eeprom_i2c.o
                0x0000000000003f6c                vInitEEPROM_I2C
 .text.eEEPROMWrFast
                0x0000000000003fbe      0x104 ./HAL_LIB/hw_lib_eeprom_i2c.o
                0x0000000000003fbe                eEEPROMWrFast
 .text.eEEPROMWr
                0x00000000000040c2       0xe2 ./HAL_LIB/hw_lib_eeprom_i2c.o
                0x00000000000040c2                eEEPROMWr
 .text.eEEPROMRd
                0x00000000000041a4       0x8a ./HAL_LIB/hw_lib_eeprom_i2c.o
                0x00000000000041a4                eEEPROMRd
 .text.bReadEEPROM
                0x000000000000422e       0x1a ./HAL_LIB/hw_lib_eeprom_i2c.o
                0x000000000000422e                bReadEEPROM
 .text.vHW_INIT_TIMEOUT
                0x0000000000004248       0x1c ./HAL_LIB/hw_timeout.o
                0x0000000000004248                vHW_INIT_TIMEOUT
 .text.vHW_PROCESS_TIMEOUT
                0x0000000000004264       0x26 ./HAL_LIB/hw_timeout.o
                0x0000000000004264                vHW_PROCESS_TIMEOUT
 .text.HAL_CANSetTXCallback
                0x000000000000428a        0xa ./HAL_DRIVER/hal_can_ch32.o
                0x000000000000428a                HAL_CANSetTXCallback
 .text.HAL_CANSetRXCallback
                0x0000000000004294        0xa ./HAL_DRIVER/hal_can_ch32.o
                0x0000000000004294                HAL_CANSetRXCallback
 .text.HAL_CANSetERRCallback
                0x000000000000429e        0xa ./HAL_DRIVER/hal_can_ch32.o
                0x000000000000429e                HAL_CANSetERRCallback
 .text.HAL_CANToInitMode
                0x00000000000042a8       0x2c ./HAL_DRIVER/hal_can_ch32.o
                0x00000000000042a8                HAL_CANToInitMode
 .text.HAL_CANIntIT
                0x00000000000042d4      0x126 ./HAL_DRIVER/hal_can_ch32.o
                0x00000000000042d4                HAL_CANIntIT
 .text.HAL_CANToOperatingMode
                0x00000000000043fa       0x26 ./HAL_DRIVER/hal_can_ch32.o
                0x00000000000043fa                HAL_CANToOperatingMode
 .text.HAL_CANSend
                0x0000000000004420       0xae ./HAL_DRIVER/hal_can_ch32.o
                0x0000000000004420                HAL_CANSend
 .text.HAL_CANSetFiters
                0x00000000000044ce       0xc4 ./HAL_DRIVER/hal_can_ch32.o
                0x00000000000044ce                HAL_CANSetFiters
 .text.HAL_CANGetRXMessage
                0x0000000000004592       0xb0 ./HAL_DRIVER/hal_can_ch32.o
                0x0000000000004592                HAL_CANGetRXMessage
 .text.USB_HP_CAN1_TX_IRQHandler
                0x0000000000004642       0x60 ./HAL_DRIVER/hal_can_ch32.o
                0x0000000000004642                USB_HP_CAN1_TX_IRQHandler
 .text.USB_LP_CAN1_RX0_IRQHandler
                0x00000000000046a2       0x5e ./HAL_DRIVER/hal_can_ch32.o
                0x00000000000046a2                USB_LP_CAN1_RX0_IRQHandler
 .text.CAN1_RX1_IRQHandler
                0x0000000000004700       0x5e ./HAL_DRIVER/hal_can_ch32.o
                0x0000000000004700                CAN1_RX1_IRQHandler
 .text.CAN1_SCE_IRQHandler
                0x000000000000475e       0x5c ./HAL_DRIVER/hal_can_ch32.o
                0x000000000000475e                CAN1_SCE_IRQHandler
 .text.HAL_InitGPIO
                0x00000000000047ba       0xba ./HAL_DRIVER/hal_gpio_ch32.o
                0x00000000000047ba                HAL_InitGPIO
 .text.HAL_InitGpioOut
                0x0000000000004874       0x10 ./HAL_DRIVER/hal_gpio_ch32.o
                0x0000000000004874                HAL_InitGpioOut
 .text.HAL_InitGpioAIN
                0x0000000000004884       0x10 ./HAL_DRIVER/hal_gpio_ch32.o
                0x0000000000004884                HAL_InitGpioAIN
 .text.HAL_InitGpioIn
                0x0000000000004894       0x10 ./HAL_DRIVER/hal_gpio_ch32.o
                0x0000000000004894                HAL_InitGpioIn
 .text.HAL_InitGpioAF
                0x00000000000048a4       0x34 ./HAL_DRIVER/hal_gpio_ch32.o
                0x00000000000048a4                HAL_InitGpioAF
 .text.HAL_GetBit
                0x00000000000048d8        0xa ./HAL_DRIVER/hal_gpio_ch32.o
                0x00000000000048d8                HAL_GetBit
 .text.HAL_SetBit
                0x00000000000048e2        0x4 ./HAL_DRIVER/hal_gpio_ch32.o
                0x00000000000048e2                HAL_SetBit
 .text.HAL_ResetBit
                0x00000000000048e6        0x4 ./HAL_DRIVER/hal_gpio_ch32.o
                0x00000000000048e6                HAL_ResetBit
 .text.HAL_InitGPO
                0x00000000000048ea       0x14 ./HAL_DRIVER/hal_gpio_ch32.o
                0x00000000000048ea                HAL_InitGPO
 .text.HAL_I2C_Init
                0x00000000000048fe       0xf4 ./HAL_DRIVER/hal_i2c_ch32.o
                0x00000000000048fe                HAL_I2C_Init
 .text.HAL_I2C_GET_STAR2
                0x00000000000049f2        0xe ./HAL_DRIVER/hal_i2c_ch32.o
                0x00000000000049f2                HAL_I2C_GET_STAR2
 .text.HAL_I2C_GET_STAR1
                0x0000000000004a00        0xe ./HAL_DRIVER/hal_i2c_ch32.o
                0x0000000000004a00                HAL_I2C_GET_STAR1
 .text.HAL_I2C_ENABLE
                0x0000000000004a0e       0x14 ./HAL_DRIVER/hal_i2c_ch32.o
                0x0000000000004a0e                HAL_I2C_ENABLE
 .text.InitI2CIT
                0x0000000000004a22       0x6e ./HAL_DRIVER/hal_i2c_ch32.o
                0x0000000000004a22                InitI2CIT
 .text.HAL_I2C_DISABLE
                0x0000000000004a90       0x1a ./HAL_DRIVER/hal_i2c_ch32.o
                0x0000000000004a90                HAL_I2C_DISABLE
 .text.I2C_IT_ENABLE
                0x0000000000004aaa       0x12 ./HAL_DRIVER/hal_i2c_ch32.o
                0x0000000000004aaa                I2C_IT_ENABLE
 .text.I2C_IT_DISABLE
                0x0000000000004abc       0x16 ./HAL_DRIVER/hal_i2c_ch32.o
                0x0000000000004abc                I2C_IT_DISABLE
 .text.HAL_I2C_STOP
                0x0000000000004ad2       0x14 ./HAL_DRIVER/hal_i2c_ch32.o
                0x0000000000004ad2                HAL_I2C_STOP
 .text.HAL_I2C_START
                0x0000000000004ae6       0x14 ./HAL_DRIVER/hal_i2c_ch32.o
                0x0000000000004ae6                HAL_I2C_START
 .text.HAL_I2C_SEND
                0x0000000000004afa        0xe ./HAL_DRIVER/hal_i2c_ch32.o
                0x0000000000004afa                HAL_I2C_SEND
 .text.HAL_I2C_SEND_ADDR_TRANS
                0x0000000000004b08       0x12 ./HAL_DRIVER/hal_i2c_ch32.o
                0x0000000000004b08                HAL_I2C_SEND_ADDR_TRANS
 .text.HAL_I2C_SEND_ADDR_RECIEVE
                0x0000000000004b1a       0x16 ./HAL_DRIVER/hal_i2c_ch32.o
                0x0000000000004b1a                HAL_I2C_SEND_ADDR_RECIEVE
 .text.HAL_I2C_ACK_ENABLE
                0x0000000000004b30       0x14 ./HAL_DRIVER/hal_i2c_ch32.o
                0x0000000000004b30                HAL_I2C_ACK_ENABLE
 .text.HAL_I2C_ACK_DISABLE
                0x0000000000004b44       0x1c ./HAL_DRIVER/hal_i2c_ch32.o
                0x0000000000004b44                HAL_I2C_ACK_DISABLE
 .text.HAL_I2C_ClearFlag
                0x0000000000004b60       0x20 ./HAL_DRIVER/hal_i2c_ch32.o
                0x0000000000004b60                HAL_I2C_ClearFlag
 .text.HAL_I2C_READ_DATA
                0x0000000000004b80        0xe ./HAL_DRIVER/hal_i2c_ch32.o
                0x0000000000004b80                HAL_I2C_READ_DATA
 .text.I2C1_EV_IRQHandler
                0x0000000000004b8e       0x52 ./HAL_DRIVER/hal_i2c_ch32.o
                0x0000000000004b8e                I2C1_EV_IRQHandler
 .text.I2C1_ER_IRQHandler
                0x0000000000004be0       0x52 ./HAL_DRIVER/hal_i2c_ch32.o
                0x0000000000004be0                I2C1_ER_IRQHandler
 .text.HAL_InitAPB1
                0x0000000000004c32       0x1c ./HAL_DRIVER/hal_irq.o
                0x0000000000004c32                HAL_InitAPB1
 .text.HAL_InitAPB2
                0x0000000000004c4e       0x1c ./HAL_DRIVER/hal_irq.o
                0x0000000000004c4e                HAL_InitAPB2
 .text.PFIC_IRQ_ENABLE_PG1
                0x0000000000004c6a       0x34 ./HAL_DRIVER/hal_irq.o
                0x0000000000004c6a                PFIC_IRQ_ENABLE_PG1
 .text.RTC_IRQHandler
                0x0000000000004c9e       0x78 ./HAL_DRIVER/hal_rtc_ch32.o
                0x0000000000004c9e                RTC_IRQHandler
 .text.HAL_SPI_RXOveleyClear
                0x0000000000004d16       0x1e ./HAL_DRIVER/hal_spi_ch32.o
                0x0000000000004d16                HAL_SPI_RXOveleyClear
 .text.HAL_SPI_GetBusy
                0x0000000000004d34       0x10 ./HAL_DRIVER/hal_spi_ch32.o
                0x0000000000004d34                HAL_SPI_GetBusy
 .text.HAL_TIMER_BaseTimerInit.constprop.3
                0x0000000000004d44       0x7e ./HAL_DRIVER/hal_timers_ch32.o
 .text.HAL_TiemrEneblae
                0x0000000000004dc2       0x1a ./HAL_DRIVER/hal_timers_ch32.o
                0x0000000000004dc2                HAL_TiemrEneblae
 .text.HAL_TIMER_InitIt
                0x0000000000004ddc       0x64 ./HAL_DRIVER/hal_timers_ch32.o
                0x0000000000004ddc                HAL_TIMER_InitIt
 .text.TIM4_IRQHandler
                0x0000000000004e40       0x70 ./HAL_DRIVER/hal_timers_ch32.o
                0x0000000000004e40                TIM4_IRQHandler
 .text.HAL_TiemrDisable
                0x0000000000004eb0       0x1c ./HAL_DRIVER/hal_timers_ch32.o
                0x0000000000004eb0                HAL_TiemrDisable
 .text.HAL_TIMER_PWMTimersInit
                0x0000000000004ecc       0xbc ./HAL_DRIVER/hal_timers_ch32.o
                0x0000000000004ecc                HAL_TIMER_PWMTimersInit
 .text.HAL_TimeInitCaptureDMA
                0x0000000000004f88       0xea ./HAL_DRIVER/hal_timers_ch32.o
                0x0000000000004f88                HAL_TimeInitCaptureDMA
 .text.HAL_TIMER_SetPWMPulse
                0x0000000000005072       0x88 ./HAL_DRIVER/hal_timers_ch32.o
                0x0000000000005072                HAL_TIMER_SetPWMPulse
 .text.HAL_TIMER_EnablePWMCH
                0x00000000000050fa       0x1a ./HAL_DRIVER/hal_timers_ch32.o
                0x00000000000050fa                HAL_TIMER_EnablePWMCH
 .text.HAL_WDTReset
                0x0000000000005114        0xe ./HAL_DRIVER/hal_wdt_ch32.o
                0x0000000000005114                HAL_WDTReset
 .text.Get_ConversionVal
                0x0000000000005122       0x2e ./HAL/hal_adc_ch32.o
                0x0000000000005122                Get_ConversionVal
 .text.HAL_ADC_RegularChannelConfig
                0x0000000000005150       0x46 ./HAL/hal_adc_ch32.o
                0x0000000000005150                HAL_ADC_RegularChannelConfig
 .text.HAL_ADC_ContiniusScanCinvertionDMA
                0x0000000000005196       0xce ./HAL/hal_adc_ch32.o
                0x0000000000005196                HAL_ADC_ContiniusScanCinvertionDMA
 .text.HAL_ADC_StartDMA
                0x0000000000005264       0x42 ./HAL/hal_adc_ch32.o
                0x0000000000005264                HAL_ADC_StartDMA
 .text.ADC1_2_IRQHandler
                0x00000000000052a6       0x74 ./HAL/hal_adc_ch32.o
                0x00000000000052a6                ADC1_2_IRQHandler
 .text.DMA_IRQ  0x000000000000531a       0x3a ./HAL/hal_dma_ch32.o
 .text.HAL_DMA_Enable
                0x0000000000005354       0x18 ./HAL/hal_dma_ch32.o
                0x0000000000005354                HAL_DMA_Enable
 .text.HAL_DMA_Disable
                0x000000000000536c       0x1a ./HAL/hal_dma_ch32.o
                0x000000000000536c                HAL_DMA_Disable
 .text.HAL_DMAInitIT
                0x0000000000005386       0xa0 ./HAL/hal_dma_ch32.o
                0x0000000000005386                HAL_DMAInitIT
 .text.HAL_DMA_SetCounter
                0x0000000000005426       0x12 ./HAL/hal_dma_ch32.o
                0x0000000000005426                HAL_DMA_SetCounter
 .text.HAL_DMA_ITENABLE
                0x0000000000005438       0x16 ./HAL/hal_dma_ch32.o
                0x0000000000005438                HAL_DMA_ITENABLE
 .text.HAL_DMA_SetCouterAndEnable
                0x000000000000544e       0x1a ./HAL/hal_dma_ch32.o
                0x000000000000544e                HAL_DMA_SetCouterAndEnable
 .text.DMA1_Channel1_IRQHandler
                0x0000000000005468       0x4e ./HAL/hal_dma_ch32.o
                0x0000000000005468                DMA1_Channel1_IRQHandler
 .text.DMA1_Channel3_IRQHandler
                0x00000000000054b6       0x4e ./HAL/hal_dma_ch32.o
                0x00000000000054b6                DMA1_Channel3_IRQHandler
 .text.DMA1_Channel4_IRQHandler
                0x0000000000005504       0x4e ./HAL/hal_dma_ch32.o
                0x0000000000005504                DMA1_Channel4_IRQHandler
 .text.DMA1_Channel5_IRQHandler
                0x0000000000005552       0x4e ./HAL/hal_dma_ch32.o
                0x0000000000005552                DMA1_Channel5_IRQHandler
 .text.DMA1_Channel7_IRQHandler
                0x00000000000055a0       0x4e ./HAL/hal_dma_ch32.o
                0x00000000000055a0                DMA1_Channel7_IRQHandler
 .text.prvInsertBlockIntoFreeList
                0x00000000000055ee       0x4c ./FreeRTOS/portable/MemMang/heap_4.o
 .text.pvPortMalloc
                0x000000000000563a      0x18a ./FreeRTOS/portable/MemMang/heap_4.o
                0x000000000000563a                pvPortMalloc
 .text.vPortSetupTimerInterrupt
                0x00000000000057c4       0x3e ./FreeRTOS/portable/GCC/RISC-V/port.o
                0x00000000000057c4                vPortSetupTimerInterrupt
 .text.xPortStartScheduler
                0x0000000000005802       0x90 ./FreeRTOS/portable/GCC/RISC-V/port.o
                0x0000000000005802                xPortStartScheduler
 .text.SysTick_Handler
                0x0000000000005892       0x7c ./FreeRTOS/portable/GCC/RISC-V/port.o
                0x0000000000005892                SysTick_Handler
 .text.vPortEnterCritical
                0x000000000000590e       0x16 ./FreeRTOS/portable/GCC/RISC-V/port.o
                0x000000000000590e                vPortEnterCritical
 .text.vPortExitCritical
                0x0000000000005924       0x42 ./FreeRTOS/portable/GCC/RISC-V/port.o
                0x0000000000005924                vPortExitCritical
 .text.xPortSetInterruptMask
                0x0000000000005966        0xc ./FreeRTOS/portable/GCC/RISC-V/port.o
                0x0000000000005966                xPortSetInterruptMask
 .text.vPortClearInterruptMask
                0x0000000000005972        0x6 ./FreeRTOS/portable/GCC/RISC-V/port.o
                0x0000000000005972                vPortClearInterruptMask
 .text.vListInitialise
                0x0000000000005978       0x14 ./FreeRTOS/list.o
                0x0000000000005978                vListInitialise
 .text.vListInitialiseItem
                0x000000000000598c        0x6 ./FreeRTOS/list.o
                0x000000000000598c                vListInitialiseItem
 .text.vListInsertEnd
                0x0000000000005992       0x18 ./FreeRTOS/list.o
                0x0000000000005992                vListInsertEnd
 .text.vListInsert
                0x00000000000059aa       0x2e ./FreeRTOS/list.o
                0x00000000000059aa                vListInsert
 .text.uxListRemove
                0x00000000000059d8       0x20 ./FreeRTOS/list.o
                0x00000000000059d8                uxListRemove
 .text.prvIsQueueEmpty
                0x00000000000059f8       0x1e ./FreeRTOS/queue.o
 .text.prvCopyDataToQueue
                0x0000000000005a16       0x72 ./FreeRTOS/queue.o
 .text.prvCopyDataFromQueue
                0x0000000000005a88       0x28 ./FreeRTOS/queue.o
 .text.prvUnlockQueue
                0x0000000000005ab0       0x76 ./FreeRTOS/queue.o
 .text.xQueueGenericReset
                0x0000000000005b26       0xc4 ./FreeRTOS/queue.o
                0x0000000000005b26                xQueueGenericReset
 .text.xQueueGenericCreateStatic
                0x0000000000005bea       0xae ./FreeRTOS/queue.o
                0x0000000000005bea                xQueueGenericCreateStatic
 .text.xQueueGenericCreate
                0x0000000000005c98       0x72 ./FreeRTOS/queue.o
                0x0000000000005c98                xQueueGenericCreate
 .text.xQueueGenericSend
                0x0000000000005d0a      0x178 ./FreeRTOS/queue.o
                0x0000000000005d0a                xQueueGenericSend
 .text.xQueueGiveMutexRecursive
                0x0000000000005e82       0x56 ./FreeRTOS/queue.o
                0x0000000000005e82                xQueueGiveMutexRecursive
 .text.xQueueCreateMutex
                0x0000000000005ed8       0x2e ./FreeRTOS/queue.o
                0x0000000000005ed8                xQueueCreateMutex
 .text.xQueueReceive
                0x0000000000005f06      0x138 ./FreeRTOS/queue.o
                0x0000000000005f06                xQueueReceive
 .text.xQueueSemaphoreTake
                0x000000000000603e      0x18e ./FreeRTOS/queue.o
                0x000000000000603e                xQueueSemaphoreTake
 .text.xQueueTakeMutexRecursive
                0x00000000000061cc       0x5a ./FreeRTOS/queue.o
                0x00000000000061cc                xQueueTakeMutexRecursive
 .text.uxQueueMessagesWaiting
                0x0000000000006226       0x44 ./FreeRTOS/queue.o
                0x0000000000006226                uxQueueMessagesWaiting
 .text.prvIdleTask
                0x000000000000626a        0x2 ./FreeRTOS/tasks.o
 .text.prvAddNewTaskToReadyList
                0x000000000000626c      0x106 ./FreeRTOS/tasks.o
 .text.prvResetNextTaskUnblockTime
                0x0000000000006372       0x20 ./FreeRTOS/tasks.o
 .text.prvTaskIsTaskSuspended
                0x0000000000006392       0x50 ./FreeRTOS/tasks.o
 .text.prvInitialiseNewTask.isra.2
                0x00000000000063e2       0xc8 ./FreeRTOS/tasks.o
 .text.prvAddCurrentTaskToDelayedList
                0x00000000000064aa       0xa4 ./FreeRTOS/tasks.o
 .text.xTaskCreateStatic
                0x000000000000654e       0xa6 ./FreeRTOS/tasks.o
                0x000000000000654e                xTaskCreateStatic
 .text.vTaskResume
                0x00000000000065f4       0xa6 ./FreeRTOS/tasks.o
                0x00000000000065f4                vTaskResume
 .text.vTaskStartScheduler
                0x000000000000669a       0x5c ./FreeRTOS/tasks.o
                0x000000000000669a                vTaskStartScheduler
 .text.vTaskSuspendAll
                0x00000000000066f6       0x10 ./FreeRTOS/tasks.o
                0x00000000000066f6                vTaskSuspendAll
 .text.xTaskGetTickCount
                0x0000000000006706        0x6 ./FreeRTOS/tasks.o
                0x0000000000006706                xTaskGetTickCount
 .text.xTaskIncrementTick
                0x000000000000670c      0x194 ./FreeRTOS/tasks.o
                0x000000000000670c                xTaskIncrementTick
 .text.xTaskResumeAll
                0x00000000000068a0      0x154 ./FreeRTOS/tasks.o
                0x00000000000068a0                xTaskResumeAll
 .text.vTaskDelay
                0x00000000000069f4       0x66 ./FreeRTOS/tasks.o
                0x00000000000069f4                vTaskDelay
 .text.vTaskSwitchContext
                0x0000000000006a5a       0x92 ./FreeRTOS/tasks.o
                0x0000000000006a5a                vTaskSwitchContext
 .text.vTaskSuspend
                0x0000000000006aec       0xea ./FreeRTOS/tasks.o
                0x0000000000006aec                vTaskSuspend
 .text.vTaskPlaceOnEventList
                0x0000000000006bd6       0x48 ./FreeRTOS/tasks.o
                0x0000000000006bd6                vTaskPlaceOnEventList
 .text.xTaskRemoveFromEventList
                0x0000000000006c1e       0xe4 ./FreeRTOS/tasks.o
                0x0000000000006c1e                xTaskRemoveFromEventList
 .text.vTaskInternalSetTimeOutState
                0x0000000000006d02        0xe ./FreeRTOS/tasks.o
                0x0000000000006d02                vTaskInternalSetTimeOutState
 .text.xTaskCheckForTimeOut
                0x0000000000006d10       0xaa ./FreeRTOS/tasks.o
                0x0000000000006d10                xTaskCheckForTimeOut
 .text.vTaskMissedYield
                0x0000000000006dba        0x8 ./FreeRTOS/tasks.o
                0x0000000000006dba                vTaskMissedYield
 .text.xTaskGetCurrentTaskHandle
                0x0000000000006dc2        0xa ./FreeRTOS/tasks.o
                0x0000000000006dc2                xTaskGetCurrentTaskHandle
 .text.xTaskPriorityInherit
                0x0000000000006dcc       0xaa ./FreeRTOS/tasks.o
                0x0000000000006dcc                xTaskPriorityInherit
 .text.xTaskPriorityDisinherit
                0x0000000000006e76       0xc6 ./FreeRTOS/tasks.o
                0x0000000000006e76                xTaskPriorityDisinherit
 .text.vTaskPriorityDisinheritAfterTimeout
                0x0000000000006f3c       0xe2 ./FreeRTOS/tasks.o
                0x0000000000006f3c                vTaskPriorityDisinheritAfterTimeout
 .text.pvTaskIncrementMutexHeldCount
                0x000000000000701e       0x1c ./FreeRTOS/tasks.o
                0x000000000000701e                pvTaskIncrementMutexHeldCount
 .text.ulTaskGenericNotifyTake
                0x000000000000703a       0xb8 ./FreeRTOS/tasks.o
                0x000000000000703a                ulTaskGenericNotifyTake
 .text.xTaskGenericNotifyWait
                0x00000000000070f2       0xe6 ./FreeRTOS/tasks.o
                0x00000000000070f2                xTaskGenericNotifyWait
 .text.xTaskGenericNotifyFromISR
                0x00000000000071d8      0x1e8 ./FreeRTOS/tasks.o
                0x00000000000071d8                xTaskGenericNotifyFromISR
 .text.Delay_Init
                0x00000000000073c0       0x2a ./Debug/debug.o
                0x00000000000073c0                Delay_Init
 .text.Delay_Ms
                0x00000000000073ea       0x36 ./Debug/debug.o
                0x00000000000073ea                Delay_Ms
 .text.USART_Printf_Init
                0x0000000000007420       0x5a ./Debug/debug.o
                0x0000000000007420                USART_Printf_Init
 .text._write   0x000000000000747a       0x3e ./Debug/debug.o
                0x000000000000747a                _write
 .text._sbrk    0x00000000000074b8       0x2a ./Debug/debug.o
                0x00000000000074b8                _sbrk
 .text.prv_read_can_received_msg
                0x00000000000074e2       0x50 ./CANopenNode/keypad/CO_driver_ST32F103.o
                0x00000000000074e2                prv_read_can_received_msg
 .text.prv_send_can_message.isra.0
                0x0000000000007532       0x2c ./CANopenNode/keypad/CO_driver_ST32F103.o
 .text.CAN_SendMessage
                0x000000000000755e       0x66 ./CANopenNode/keypad/CO_driver_ST32F103.o
                0x000000000000755e                CAN_SendMessage
 .text.co_drv_create_os_objects
                0x00000000000075c4       0x30 ./CANopenNode/keypad/CO_driver_ST32F103.o
                0x00000000000075c4                co_drv_create_os_objects
 .text.co_drv_mutex_lock
                0x00000000000075f4       0x18 ./CANopenNode/keypad/CO_driver_ST32F103.o
                0x00000000000075f4                co_drv_mutex_lock
 .text.co_drv_mutex_unlock
                0x000000000000760c       0x16 ./CANopenNode/keypad/CO_driver_ST32F103.o
                0x000000000000760c                co_drv_mutex_unlock
 .text.CO_CANsetNormalMode
                0x0000000000007622       0x1c ./CANopenNode/keypad/CO_driver_ST32F103.o
                0x0000000000007622                CO_CANsetNormalMode
 .text.CO_CANmodule_init
                0x000000000000763e      0x110 ./CANopenNode/keypad/CO_driver_ST32F103.o
                0x000000000000763e                CO_CANmodule_init
 .text.CO_CANmodule_disable
                0x000000000000774e       0x14 ./CANopenNode/keypad/CO_driver_ST32F103.o
                0x000000000000774e                CO_CANmodule_disable
 .text.CO_CANrxBufferInit
                0x0000000000007762       0x52 ./CANopenNode/keypad/CO_driver_ST32F103.o
                0x0000000000007762                CO_CANrxBufferInit
 .text.CO_CANtxBufferInit
                0x00000000000077b4       0x3a ./CANopenNode/keypad/CO_driver_ST32F103.o
                0x00000000000077b4                CO_CANtxBufferInit
 .text.CO_CANmodule_process
                0x00000000000077ee       0x12 ./CANopenNode/keypad/CO_driver_ST32F103.o
                0x00000000000077ee                CO_CANmodule_process
 .text.CO_CANsend
                0x0000000000007800       0x46 ./CANopenNode/keypad/CO_driver_ST32F103.o
                0x0000000000007800                CO_CANsend
 .text.CO_LSSslave_receive
                0x0000000000007846      0x1a8 ./CANopenNode/305/CO_LSSslave.o
 .text.CO_LSSslave_init
                0x00000000000079ee       0xa4 ./CANopenNode/305/CO_LSSslave.o
                0x00000000000079ee                CO_LSSslave_init
 .text.CO_LSSslave_process
                0x0000000000007a92      0x1a2 ./CANopenNode/305/CO_LSSslave.o
                0x0000000000007a92                CO_LSSslave_process
 .text.OD_write_1003
                0x0000000000007c34       0x28 ./CANopenNode/301/CO_Emergency.o
 .text.OD_read_1003
                0x0000000000007c5c       0x8c ./CANopenNode/301/CO_Emergency.o
 .text.OD_read_1014_default
                0x0000000000007ce8       0x50 ./CANopenNode/301/CO_Emergency.o
 .text.CO_EM_init
                0x0000000000007d38      0x112 ./CANopenNode/301/CO_Emergency.o
                0x0000000000007d38                CO_EM_init
 .text.CO_error
                0x0000000000007e4a       0xc4 ./CANopenNode/301/CO_Emergency.o
                0x0000000000007e4a                CO_error
 .text.CO_EM_process
                0x0000000000007f0e      0x182 ./CANopenNode/301/CO_Emergency.o
                0x0000000000007f0e                CO_EM_process
 .text.CO_NMT_receive
                0x0000000000008090       0x18 ./CANopenNode/301/CO_NMT_Heartbeat.o
 .text.OD_write_1017
                0x00000000000080a8       0x48 ./CANopenNode/301/CO_NMT_Heartbeat.o
 .text.CO_NMT_init
                0x00000000000080f0       0xec ./CANopenNode/301/CO_NMT_Heartbeat.o
                0x00000000000080f0                CO_NMT_init
 .text.CO_NMT_process
                0x00000000000081dc      0x106 ./CANopenNode/301/CO_NMT_Heartbeat.o
                0x00000000000081dc                CO_NMT_process
 .text.OD_readDisabled
                0x00000000000082e2        0x4 ./CANopenNode/301/CO_ODinterface.o
 .text.OD_readOriginal
                0x00000000000082e6       0x50 ./CANopenNode/301/CO_ODinterface.o
                0x00000000000082e6                OD_readOriginal
 .text.OD_writeOriginal
                0x0000000000008336       0x54 ./CANopenNode/301/CO_ODinterface.o
                0x0000000000008336                OD_writeOriginal
 .text.OD_writeDisabled
                0x000000000000838a        0x4 ./CANopenNode/301/CO_ODinterface.o
 .text.OD_find  0x000000000000838e       0x70 ./CANopenNode/301/CO_ODinterface.o
                0x000000000000838e                OD_find
 .text.OD_getSub
                0x00000000000083fe       0xf6 ./CANopenNode/301/CO_ODinterface.o
                0x00000000000083fe                OD_getSub
 .text.OD_getSDOabCode
                0x00000000000084f4       0x20 ./CANopenNode/301/CO_ODinterface.o
                0x00000000000084f4                OD_getSDOabCode
 .text.OD_get_value
                0x0000000000008514       0x34 ./CANopenNode/301/CO_ODinterface.o
                0x0000000000008514                OD_get_value
 .text.OD_set_value
                0x0000000000008548       0x2e ./CANopenNode/301/CO_ODinterface.o
                0x0000000000008548                OD_set_value
 .text.OD_getPtr
                0x0000000000008576       0x3c ./CANopenNode/301/CO_ODinterface.o
                0x0000000000008576                OD_getPtr
 .text.OD_write_dummy
                0x00000000000085b2        0x8 ./CANopenNode/301/CO_PDO.o
 .text.OD_read_dummy
                0x00000000000085ba       0x2e ./CANopenNode/301/CO_PDO.o
 .text.PDOconfigMap
                0x00000000000085e8      0x100 ./CANopenNode/301/CO_PDO.o
 .text.CO_PDO_receive
                0x00000000000086e8       0x48 ./CANopenNode/301/CO_PDO.o
 .text.OD_read_PDO_commParam
                0x0000000000008730       0x70 ./CANopenNode/301/CO_PDO.o
 .text.PDO_initMapping.constprop.3
                0x00000000000087a0       0xe6 ./CANopenNode/301/CO_PDO.o
 .text.OD_write_PDO_mapping
                0x0000000000008886       0xb4 ./CANopenNode/301/CO_PDO.o
 .text.OD_write_18xx
                0x000000000000893a      0x184 ./CANopenNode/301/CO_PDO.o
 .text.OD_write_14xx
                0x0000000000008abe      0x15a ./CANopenNode/301/CO_PDO.o
 .text.CO_RPDO_init
                0x0000000000008c18      0x172 ./CANopenNode/301/CO_PDO.o
                0x0000000000008c18                CO_RPDO_init
 .text.CO_RPDO_process
                0x0000000000008d8a      0x114 ./CANopenNode/301/CO_PDO.o
                0x0000000000008d8a                CO_RPDO_process
 .text.CO_TPDO_init
                0x0000000000008e9e      0x1d2 ./CANopenNode/301/CO_PDO.o
                0x0000000000008e9e                CO_TPDO_init
 .text.CO_TPDO_process
                0x0000000000009070      0x15e ./CANopenNode/301/CO_PDO.o
                0x0000000000009070                CO_TPDO_process
 .text.CO_SDOserver_init_canRxTx
                0x00000000000091ce       0x82 ./CANopenNode/301/CO_SDOserver.o
 .text.CO_SDO_receive
                0x0000000000009250       0x38 ./CANopenNode/301/CO_SDOserver.o
 .text.readFromOd.isra.1.constprop.5
                0x0000000000009288       0xe2 ./CANopenNode/301/CO_SDOserver.o
 .text.OD_write_1201_additional
                0x000000000000936a      0x158 ./CANopenNode/301/CO_SDOserver.o
 .text.CO_SDOserver_init
                0x00000000000094c2      0x172 ./CANopenNode/301/CO_SDOserver.o
                0x00000000000094c2                CO_SDOserver_init
 .text.CO_SDOserver_process
                0x0000000000009634      0x5e8 ./CANopenNode/301/CO_SDOserver.o
                0x0000000000009634                CO_SDOserver_process
 .text.CO_delete
                0x0000000000009c1c       0x56 ./CANopenNode/CANopen.o
                0x0000000000009c1c                CO_delete
 .text.CO_new   0x0000000000009c72      0x102 ./CANopenNode/CANopen.o
                0x0000000000009c72                CO_new
 .text.CO_CANinit
                0x0000000000009d74       0x28 ./CANopenNode/CANopen.o
                0x0000000000009d74                CO_CANinit
 .text.CO_LSSinit
                0x0000000000009d9c       0x32 ./CANopenNode/CANopen.o
                0x0000000000009d9c                CO_LSSinit
 .text.CO_CANopenInit
                0x0000000000009dce       0xb8 ./CANopenNode/CANopen.o
                0x0000000000009dce                CO_CANopenInit
 .text.CO_CANopenInitPDO
                0x0000000000009e86       0xea ./CANopenNode/CANopen.o
                0x0000000000009e86                CO_CANopenInitPDO
 .text.CO_process
                0x0000000000009f70       0x7e ./CANopenNode/CANopen.o
                0x0000000000009f70                CO_process
 .text.CO_process_RPDO
                0x0000000000009fee       0x40 ./CANopenNode/CANopen.o
                0x0000000000009fee                CO_process_RPDO
 .text.CO_process_TPDO
                0x000000000000a02e       0x40 ./CANopenNode/CANopen.o
                0x000000000000a02e                CO_process_TPDO
 .text.__divdf3
                0x000000000000a06e      0x5b4 c:/mounriver/mounriver_studio/toolchain/risc-v embedded gcc/bin/../lib/gcc/riscv-none-embed/8.2.0/rv32imacxw/ilp32\libgcc.a(divdf3.o)
                0x000000000000a06e                __divdf3
 .text.__muldf3
                0x000000000000a622      0x4b8 c:/mounriver/mounriver_studio/toolchain/risc-v embedded gcc/bin/../lib/gcc/riscv-none-embed/8.2.0/rv32imacxw/ilp32\libgcc.a(muldf3.o)
                0x000000000000a622                __muldf3
 .text.__fixunsdfsi
                0x000000000000aada       0x5c c:/mounriver/mounriver_studio/toolchain/risc-v embedded gcc/bin/../lib/gcc/riscv-none-embed/8.2.0/rv32imacxw/ilp32\libgcc.a(fixunsdfsi.o)
                0x000000000000aada                __fixunsdfsi
 .text.__floatunsidf
                0x000000000000ab36       0x68 c:/mounriver/mounriver_studio/toolchain/risc-v embedded gcc/bin/../lib/gcc/riscv-none-embed/8.2.0/rv32imacxw/ilp32\libgcc.a(floatunsidf.o)
                0x000000000000ab36                __floatunsidf
 .text.__addsf3
                0x000000000000ab9e      0x36a c:/mounriver/mounriver_studio/toolchain/risc-v embedded gcc/bin/../lib/gcc/riscv-none-embed/8.2.0/rv32imacxw/ilp32\libgcc.a(addsf3.o)
                0x000000000000ab9e                __addsf3
 .text.__divsf3
                0x000000000000af08      0x2b2 c:/mounriver/mounriver_studio/toolchain/risc-v embedded gcc/bin/../lib/gcc/riscv-none-embed/8.2.0/rv32imacxw/ilp32\libgcc.a(divsf3.o)
                0x000000000000af08                __divsf3
 .text.__gesf2  0x000000000000b1ba       0x86 c:/mounriver/mounriver_studio/toolchain/risc-v embedded gcc/bin/../lib/gcc/riscv-none-embed/8.2.0/rv32imacxw/ilp32\libgcc.a(gesf2.o)
                0x000000000000b1ba                __gesf2
                0x000000000000b1ba                __gtsf2
 .text.__lesf2  0x000000000000b240       0x8c c:/mounriver/mounriver_studio/toolchain/risc-v embedded gcc/bin/../lib/gcc/riscv-none-embed/8.2.0/rv32imacxw/ilp32\libgcc.a(lesf2.o)
                0x000000000000b240                __ltsf2
                0x000000000000b240                __lesf2
 .text.__mulsf3
                0x000000000000b2cc      0x294 c:/mounriver/mounriver_studio/toolchain/risc-v embedded gcc/bin/../lib/gcc/riscv-none-embed/8.2.0/rv32imacxw/ilp32\libgcc.a(mulsf3.o)
                0x000000000000b2cc                __mulsf3
 .text.__subsf3
                0x000000000000b560      0x388 c:/mounriver/mounriver_studio/toolchain/risc-v embedded gcc/bin/../lib/gcc/riscv-none-embed/8.2.0/rv32imacxw/ilp32\libgcc.a(subsf3.o)
                0x000000000000b560                __subsf3
 .text.__fixsfsi
                0x000000000000b8e8       0x62 c:/mounriver/mounriver_studio/toolchain/risc-v embedded gcc/bin/../lib/gcc/riscv-none-embed/8.2.0/rv32imacxw/ilp32\libgcc.a(fixsfsi.o)
                0x000000000000b8e8                __fixsfsi
 .text.__fixunssfsi
                0x000000000000b94a       0x56 c:/mounriver/mounriver_studio/toolchain/risc-v embedded gcc/bin/../lib/gcc/riscv-none-embed/8.2.0/rv32imacxw/ilp32\libgcc.a(fixunssfsi.o)
                0x000000000000b94a                __fixunssfsi
 .text.__floatsisf
                0x000000000000b9a0       0xc6 c:/mounriver/mounriver_studio/toolchain/risc-v embedded gcc/bin/../lib/gcc/riscv-none-embed/8.2.0/rv32imacxw/ilp32\libgcc.a(floatsisf.o)
                0x000000000000b9a0                __floatsisf
 .text.__floatunsisf
                0x000000000000ba66       0xce c:/mounriver/mounriver_studio/toolchain/risc-v embedded gcc/bin/../lib/gcc/riscv-none-embed/8.2.0/rv32imacxw/ilp32\libgcc.a(floatunsisf.o)
                0x000000000000ba66                __floatunsisf
 .text.__extendsfdf2
                0x000000000000bb34       0xac c:/mounriver/mounriver_studio/toolchain/risc-v embedded gcc/bin/../lib/gcc/riscv-none-embed/8.2.0/rv32imacxw/ilp32\libgcc.a(extendsfdf2.o)
                0x000000000000bb34                __extendsfdf2
 .text.__truncdfsf2
                0x000000000000bbe0      0x16a c:/mounriver/mounriver_studio/toolchain/risc-v embedded gcc/bin/../lib/gcc/riscv-none-embed/8.2.0/rv32imacxw/ilp32\libgcc.a(truncdfsf2.o)
                0x000000000000bbe0                __truncdfsf2
 .text.__clzsi2
                0x000000000000bd4a       0x6e c:/mounriver/mounriver_studio/toolchain/risc-v embedded gcc/bin/../lib/gcc/riscv-none-embed/8.2.0/rv32imacxw/ilp32\libgcc.a(_clzsi2.o)
                0x000000000000bd4a                __clzsi2
 .text.calloc   0x000000000000bdb8        0xc c:/mounriver/mounriver_studio/toolchain/risc-v embedded gcc/bin/../lib/gcc/riscv-none-embed/8.2.0/../../../../riscv-none-embed/lib/rv32imacxw/ilp32\libg_nano.a(lib_a-calloc.o)
                0x000000000000bdb8                calloc
 .text.free     0x000000000000bdc4        0xa c:/mounriver/mounriver_studio/toolchain/risc-v embedded gcc/bin/../lib/gcc/riscv-none-embed/8.2.0/../../../../riscv-none-embed/lib/rv32imacxw/ilp32\libg_nano.a(lib_a-malloc.o)
                0x000000000000bdc4                free
 .text.memcpy   0x000000000000bdce       0xb2 c:/mounriver/mounriver_studio/toolchain/risc-v embedded gcc/bin/../lib/gcc/riscv-none-embed/8.2.0/../../../../riscv-none-embed/lib/rv32imacxw/ilp32\libg_nano.a(lib_a-memcpy.o)
                0x000000000000bdce                memcpy
 .text.memmove  0x000000000000be80       0x46 c:/mounriver/mounriver_studio/toolchain/risc-v embedded gcc/bin/../lib/gcc/riscv-none-embed/8.2.0/../../../../riscv-none-embed/lib/rv32imacxw/ilp32\libg_nano.a(lib_a-memmove.o)
                0x000000000000be80                memmove
 .text._calloc_r
                0x000000000000bec6       0x26 c:/mounriver/mounriver_studio/toolchain/risc-v embedded gcc/bin/../lib/gcc/riscv-none-embed/8.2.0/../../../../riscv-none-embed/lib/rv32imacxw/ilp32\libg_nano.a(lib_a-nano-callocr.o)
                0x000000000000bec6                _calloc_r
 .text._free_r  0x000000000000beec       0xa8 c:/mounriver/mounriver_studio/toolchain/risc-v embedded gcc/bin/../lib/gcc/riscv-none-embed/8.2.0/../../../../riscv-none-embed/lib/rv32imacxw/ilp32\libg_nano.a(lib_a-nano-freer.o)
                0x000000000000beec                _free_r
 .text._malloc_r
                0x000000000000bf94       0xd4 c:/mounriver/mounriver_studio/toolchain/risc-v embedded gcc/bin/../lib/gcc/riscv-none-embed/8.2.0/../../../../riscv-none-embed/lib/rv32imacxw/ilp32\libg_nano.a(lib_a-nano-mallocr.o)
                0x000000000000bf94                _malloc_r
 .text.printf   0x000000000000c068       0x40 c:/mounriver/mounriver_studio/toolchain/risc-v embedded gcc/bin/../lib/gcc/riscv-none-embed/8.2.0/../../../../riscv-none-embed/lib/rv32imacxw/ilp32\libg_nano.a(lib_a-printf.o)
                0x000000000000c068                iprintf
                0x000000000000c068                printf
 .text._puts_r  0x000000000000c0a8       0xd4 c:/mounriver/mounriver_studio/toolchain/risc-v embedded gcc/bin/../lib/gcc/riscv-none-embed/8.2.0/../../../../riscv-none-embed/lib/rv32imacxw/ilp32\libg_nano.a(lib_a-puts.o)
                0x000000000000c0a8                _puts_r
 .text.puts     0x000000000000c17c        0xc c:/mounriver/mounriver_studio/toolchain/risc-v embedded gcc/bin/../lib/gcc/riscv-none-embed/8.2.0/../../../../riscv-none-embed/lib/rv32imacxw/ilp32\libg_nano.a(lib_a-puts.o)
                0x000000000000c17c                puts
 .text._sbrk_r  0x000000000000c188       0x32 c:/mounriver/mounriver_studio/toolchain/risc-v embedded gcc/bin/../lib/gcc/riscv-none-embed/8.2.0/../../../../riscv-none-embed/lib/rv32imacxw/ilp32\libg_nano.a(lib_a-sbrkr.o)
                0x000000000000c188                _sbrk_r
 .text.strlen   0x000000000000c1ba       0x12 c:/mounriver/mounriver_studio/toolchain/risc-v embedded gcc/bin/../lib/gcc/riscv-none-embed/8.2.0/../../../../riscv-none-embed/lib/rv32imacxw/ilp32\libg_nano.a(lib_a-strlen.o)
                0x000000000000c1ba                strlen
 .text.__swbuf_r
                0x000000000000c1cc       0xbc c:/mounriver/mounriver_studio/toolchain/risc-v embedded gcc/bin/../lib/gcc/riscv-none-embed/8.2.0/../../../../riscv-none-embed/lib/rv32imacxw/ilp32\libg_nano.a(lib_a-wbuf.o)
                0x000000000000c1cc                __swbuf_r
 .text.__swsetup_r
                0x000000000000c288       0xfe c:/mounriver/mounriver_studio/toolchain/risc-v embedded gcc/bin/../lib/gcc/riscv-none-embed/8.2.0/../../../../riscv-none-embed/lib/rv32imacxw/ilp32\libg_nano.a(lib_a-wsetup.o)
                0x000000000000c288                __swsetup_r
 .text.__sflush_r
                0x000000000000c386      0x132 c:/mounriver/mounriver_studio/toolchain/risc-v embedded gcc/bin/../lib/gcc/riscv-none-embed/8.2.0/../../../../riscv-none-embed/lib/rv32imacxw/ilp32\libg_nano.a(lib_a-fflush.o)
                0x000000000000c386                __sflush_r
 .text._fflush_r
                0x000000000000c4b8       0x66 c:/mounriver/mounriver_studio/toolchain/risc-v embedded gcc/bin/../lib/gcc/riscv-none-embed/8.2.0/../../../../riscv-none-embed/lib/rv32imacxw/ilp32\libg_nano.a(lib_a-fflush.o)
                0x000000000000c4b8                _fflush_r
 .text.std      0x000000000000c51e       0x66 c:/mounriver/mounriver_studio/toolchain/risc-v embedded gcc/bin/../lib/gcc/riscv-none-embed/8.2.0/../../../../riscv-none-embed/lib/rv32imacxw/ilp32\libg_nano.a(lib_a-findfp.o)
 .text._cleanup_r
                0x000000000000c584        0xa c:/mounriver/mounriver_studio/toolchain/risc-v embedded gcc/bin/../lib/gcc/riscv-none-embed/8.2.0/../../../../riscv-none-embed/lib/rv32imacxw/ilp32\libg_nano.a(lib_a-findfp.o)
                0x000000000000c584                _cleanup_r
 .text.__sfmoreglue
                0x000000000000c58e       0x48 c:/mounriver/mounriver_studio/toolchain/risc-v embedded gcc/bin/../lib/gcc/riscv-none-embed/8.2.0/../../../../riscv-none-embed/lib/rv32imacxw/ilp32\libg_nano.a(lib_a-findfp.o)
                0x000000000000c58e                __sfmoreglue
 .text.__sinit  0x000000000000c5d6       0x6c c:/mounriver/mounriver_studio/toolchain/risc-v embedded gcc/bin/../lib/gcc/riscv-none-embed/8.2.0/../../../../riscv-none-embed/lib/rv32imacxw/ilp32\libg_nano.a(lib_a-findfp.o)
                0x000000000000c5d6                __sinit
 .text.__sfp    0x000000000000c642       0xa0 c:/mounriver/mounriver_studio/toolchain/risc-v embedded gcc/bin/../lib/gcc/riscv-none-embed/8.2.0/../../../../riscv-none-embed/lib/rv32imacxw/ilp32\libg_nano.a(lib_a-findfp.o)
                0x000000000000c642                __sfp
 .text._fwalk_reent
                0x000000000000c6e2       0x6a c:/mounriver/mounriver_studio/toolchain/risc-v embedded gcc/bin/../lib/gcc/riscv-none-embed/8.2.0/../../../../riscv-none-embed/lib/rv32imacxw/ilp32\libg_nano.a(lib_a-fwalk.o)
                0x000000000000c6e2                _fwalk_reent
 .text.__swhatbuf_r
                0x000000000000c74c       0x58 c:/mounriver/mounriver_studio/toolchain/risc-v embedded gcc/bin/../lib/gcc/riscv-none-embed/8.2.0/../../../../riscv-none-embed/lib/rv32imacxw/ilp32\libg_nano.a(lib_a-makebuf.o)
                0x000000000000c74c                __swhatbuf_r
 .text.__smakebuf_r
                0x000000000000c7a4       0x94 c:/mounriver/mounriver_studio/toolchain/risc-v embedded gcc/bin/../lib/gcc/riscv-none-embed/8.2.0/../../../../riscv-none-embed/lib/rv32imacxw/ilp32\libg_nano.a(lib_a-makebuf.o)
                0x000000000000c7a4                __smakebuf_r
 .text.__malloc_lock
                0x000000000000c838        0x2 c:/mounriver/mounriver_studio/toolchain/risc-v embedded gcc/bin/../lib/gcc/riscv-none-embed/8.2.0/../../../../riscv-none-embed/lib/rv32imacxw/ilp32\libg_nano.a(lib_a-mlock.o)
                0x000000000000c838                __malloc_lock
 .text.__malloc_unlock
                0x000000000000c83a        0x2 c:/mounriver/mounriver_studio/toolchain/risc-v embedded gcc/bin/../lib/gcc/riscv-none-embed/8.2.0/../../../../riscv-none-embed/lib/rv32imacxw/ilp32\libg_nano.a(lib_a-mlock.o)
                0x000000000000c83a                __malloc_unlock
 .text.__sfputc_r
                0x000000000000c83c       0x28 c:/mounriver/mounriver_studio/toolchain/risc-v embedded gcc/bin/../lib/gcc/riscv-none-embed/8.2.0/../../../../riscv-none-embed/lib/rv32imacxw/ilp32\libg_nano.a(lib_a-nano-vfprintf.o)
 .text.__sfputs_r
                0x000000000000c864       0x42 c:/mounriver/mounriver_studio/toolchain/risc-v embedded gcc/bin/../lib/gcc/riscv-none-embed/8.2.0/../../../../riscv-none-embed/lib/rv32imacxw/ilp32\libg_nano.a(lib_a-nano-vfprintf.o)
                0x000000000000c864                __sfputs_r
 .text._vfprintf_r
                0x000000000000c8a6      0x288 c:/mounriver/mounriver_studio/toolchain/risc-v embedded gcc/bin/../lib/gcc/riscv-none-embed/8.2.0/../../../../riscv-none-embed/lib/rv32imacxw/ilp32\libg_nano.a(lib_a-nano-vfprintf.o)
                0x000000000000c8a6                _vfprintf_r
                0x000000000000c8a6                _vfiprintf_r
 .text._printf_common
                0x000000000000cb2e      0x10c c:/mounriver/mounriver_studio/toolchain/risc-v embedded gcc/bin/../lib/gcc/riscv-none-embed/8.2.0/../../../../riscv-none-embed/lib/rv32imacxw/ilp32\libg_nano.a(lib_a-nano-vfprintf_i.o)
                0x000000000000cb2e                _printf_common
 .text._printf_i
                0x000000000000cc3a      0x2a2 c:/mounriver/mounriver_studio/toolchain/risc-v embedded gcc/bin/../lib/gcc/riscv-none-embed/8.2.0/../../../../riscv-none-embed/lib/rv32imacxw/ilp32\libg_nano.a(lib_a-nano-vfprintf_i.o)
                0x000000000000cc3a                _printf_i
 .text.__sread  0x000000000000cedc       0x2c c:/mounriver/mounriver_studio/toolchain/risc-v embedded gcc/bin/../lib/gcc/riscv-none-embed/8.2.0/../../../../riscv-none-embed/lib/rv32imacxw/ilp32\libg_nano.a(lib_a-stdio.o)
                0x000000000000cedc                __sread
 .text.__swrite
                0x000000000000cf08       0x48 c:/mounriver/mounriver_studio/toolchain/risc-v embedded gcc/bin/../lib/gcc/riscv-none-embed/8.2.0/../../../../riscv-none-embed/lib/rv32imacxw/ilp32\libg_nano.a(lib_a-stdio.o)
                0x000000000000cf08                __swrite
 .text.__sseek  0x000000000000cf50       0x30 c:/mounriver/mounriver_studio/toolchain/risc-v embedded gcc/bin/../lib/gcc/riscv-none-embed/8.2.0/../../../../riscv-none-embed/lib/rv32imacxw/ilp32\libg_nano.a(lib_a-stdio.o)
                0x000000000000cf50                __sseek
 .text.__sclose
                0x000000000000cf80        0x6 c:/mounriver/mounriver_studio/toolchain/risc-v embedded gcc/bin/../lib/gcc/riscv-none-embed/8.2.0/../../../../riscv-none-embed/lib/rv32imacxw/ilp32\libg_nano.a(lib_a-stdio.o)
                0x000000000000cf80                __sclose
 .text._write_r
                0x000000000000cf86       0x36 c:/mounriver/mounriver_studio/toolchain/risc-v embedded gcc/bin/../lib/gcc/riscv-none-embed/8.2.0/../../../../riscv-none-embed/lib/rv32imacxw/ilp32\libg_nano.a(lib_a-writer.o)
                0x000000000000cf86                _write_r
 .text._close_r
                0x000000000000cfbc       0x30 c:/mounriver/mounriver_studio/toolchain/risc-v embedded gcc/bin/../lib/gcc/riscv-none-embed/8.2.0/../../../../riscv-none-embed/lib/rv32imacxw/ilp32\libg_nano.a(lib_a-closer.o)
                0x000000000000cfbc                _close_r
 .text._fstat_r
                0x000000000000cfec       0x32 c:/mounriver/mounriver_studio/toolchain/risc-v embedded gcc/bin/../lib/gcc/riscv-none-embed/8.2.0/../../../../riscv-none-embed/lib/rv32imacxw/ilp32\libg_nano.a(lib_a-fstatr.o)
                0x000000000000cfec                _fstat_r
 .text._isatty_r
                0x000000000000d01e       0x30 c:/mounriver/mounriver_studio/toolchain/risc-v embedded gcc/bin/../lib/gcc/riscv-none-embed/8.2.0/../../../../riscv-none-embed/lib/rv32imacxw/ilp32\libg_nano.a(lib_a-isattyr.o)
                0x000000000000d01e                _isatty_r
 .text._lseek_r
                0x000000000000d04e       0x34 c:/mounriver/mounriver_studio/toolchain/risc-v embedded gcc/bin/../lib/gcc/riscv-none-embed/8.2.0/../../../../riscv-none-embed/lib/rv32imacxw/ilp32\libg_nano.a(lib_a-lseekr.o)
                0x000000000000d04e                _lseek_r
 .text.memchr   0x000000000000d082       0x18 c:/mounriver/mounriver_studio/toolchain/risc-v embedded gcc/bin/../lib/gcc/riscv-none-embed/8.2.0/../../../../riscv-none-embed/lib/rv32imacxw/ilp32\libg_nano.a(lib_a-memchr.o)
                0x000000000000d082                memchr
 .text._read_r  0x000000000000d09a       0x34 c:/mounriver/mounriver_studio/toolchain/risc-v embedded gcc/bin/../lib/gcc/riscv-none-embed/8.2.0/../../../../riscv-none-embed/lib/rv32imacxw/ilp32\libg_nano.a(lib_a-readr.o)
                0x000000000000d09a                _read_r
 .text._close   0x000000000000d0ce       0x10 c:/mounriver/mounriver_studio/toolchain/risc-v embedded gcc/bin/../lib/gcc/riscv-none-embed/8.2.0/../../../../riscv-none-embed/lib/rv32imacxw/ilp32\libnosys.a(close.o)
                0x000000000000d0ce                _close
 .text._fstat   0x000000000000d0de       0x10 c:/mounriver/mounriver_studio/toolchain/risc-v embedded gcc/bin/../lib/gcc/riscv-none-embed/8.2.0/../../../../riscv-none-embed/lib/rv32imacxw/ilp32\libnosys.a(fstat.o)
                0x000000000000d0de                _fstat
 .text._isatty  0x000000000000d0ee       0x10 c:/mounriver/mounriver_studio/toolchain/risc-v embedded gcc/bin/../lib/gcc/riscv-none-embed/8.2.0/../../../../riscv-none-embed/lib/rv32imacxw/ilp32\libnosys.a(isatty.o)
                0x000000000000d0ee                _isatty
 .text._lseek   0x000000000000d0fe       0x10 c:/mounriver/mounriver_studio/toolchain/risc-v embedded gcc/bin/../lib/gcc/riscv-none-embed/8.2.0/../../../../riscv-none-embed/lib/rv32imacxw/ilp32\libnosys.a(lseek.o)
                0x000000000000d0fe                _lseek
 .text._read    0x000000000000d10e       0x10 c:/mounriver/mounriver_studio/toolchain/risc-v embedded gcc/bin/../lib/gcc/riscv-none-embed/8.2.0/../../../../riscv-none-embed/lib/rv32imacxw/ilp32\libnosys.a(read.o)
                0x000000000000d10e                _read
 *(.rodata)
 *fill*         0x000000000000d11e        0x2 
 .rodata        0x000000000000d120       0x14 ./User/dash_draw.o
 *(.rodata*)
 .rodata.vCanOpenProcess.str1.4
                0x000000000000d134        0xa ./User/CanOpenNode.o
 *fill*         0x000000000000d13e        0x2 
 .rodata.CalPoint
                0x000000000000d140       0x48 ./User/DataModel.o
 .rodata.CalPoint1
                0x000000000000d188       0x18 ./User/DataModel.o
 .rodata.bitrate_table
                0x000000000000d1a0       0x10 ./User/DataModel.o
 .rodata.seg_const.7401
                0x000000000000d1b0       0x12 ./User/DataModel.o
 *fill*         0x000000000000d1c2        0x2 
 .rodata.str1.4
                0x000000000000d1c4       0x1e ./User/DataModel.o
 *fill*         0x000000000000d1e2        0x2 
 .rodata.vIncrementSystemCounters.cst4
                0x000000000000d1e4        0x8 ./User/DataModel.o
 .rodata.getODValue
                0x000000000000d1ec       0x78 ./User/dash_draw.o
 .rodata.MenuStateCross
                0x000000000000d264       0x1c ./User/dash_draw.o
 .rodata.dm     0x000000000000d280       0x3f ./User/dash_draw.o
 *fill*         0x000000000000d2bf        0x1 
 .rodata.getODValue.cst4
                0x000000000000d2c0        0x4 ./User/dash_draw.o
                                          0x8 (size before relaxing)
 .rodata.vBarColorMode.cst4
                0x000000000000d2c4        0x4 ./User/dash_draw.o
 .rodata.vRedrawTask.cst4
                0x000000000000d2c8        0x4 ./User/dash_draw.o
 .rodata.ADC_FSM.cst4
                0x000000000000d2cc        0xc ./User/inputs.o
 .rodata.ADC_FSM.cst8
                0x000000000000d2d8       0x18 ./User/inputs.o
 .rodata.vInputsTask.cst4
                0x000000000000d2f0        0x8 ./User/inputs.o
 .rodata.SetSegDirect
                0x000000000000d2f8       0x1c ./User/led.o
 .rodata.Brigth
                0x000000000000d314       0x1e ./User/led.o
 *fill*         0x000000000000d332        0x2 
 .rodata.DigitMask
                0x000000000000d334        0xa ./User/led.o
                0x000000000000d334                DigitMask
 *fill*         0x000000000000d33e        0x2 
 .rodata.offset_mask
                0x000000000000d340        0xe ./User/led.o
 *fill*         0x000000000000d34e        0x2 
 .rodata.step_mask
                0x000000000000d350        0xe ./User/led.o
 *fill*         0x000000000000d35e        0x2 
 .rodata.Error_Handler.str1.4
                0x000000000000d360        0xf ./User/main.o
 *fill*         0x000000000000d36f        0x1 
 .rodata.main.str1.4
                0x000000000000d370        0xf ./User/main.o
 *fill*         0x000000000000d37f        0x1 
 .rodata.OD_readBoardSettings
                0x000000000000d380       0x18 ./User/process.o
 .rodata.OD_writeBoardSettings
                0x000000000000d398       0x18 ./User/process.o
 .rodata.OD_ADC1_CAL_extension
                0x000000000000d3b0       0x10 ./User/process.o
                0x000000000000d3b0                OD_ADC1_CAL_extension
 .rodata.OD_ADC2_CAL_extension
                0x000000000000d3c0       0x10 ./User/process.o
                0x000000000000d3c0                OD_ADC2_CAL_extension
 .rodata.OD_ADC3_CAL_extension
                0x000000000000d3d0       0x10 ./User/process.o
                0x000000000000d3d0                OD_ADC3_CAL_extension
 .rodata.OD_AIN_RPM_extension
                0x000000000000d3e0       0x10 ./User/process.o
                0x000000000000d3e0                OD_AIN_RPM_extension
 .rodata.OD_BAR_extension
                0x000000000000d3f0       0x10 ./User/process.o
                0x000000000000d3f0                OD_BAR_extension
 .rodata.OD_BOARD_SETTINGS_extension
                0x000000000000d400       0x10 ./User/process.o
                0x000000000000d400                OD_BOARD_SETTINGS_extension
 .rodata.OD_DASH_PARAM_extension
                0x000000000000d410       0x10 ./User/process.o
                0x000000000000d410                OD_DASH_PARAM_extension
 .rodata.OD_DIN_extension
                0x000000000000d420       0x10 ./User/process.o
                0x000000000000d420                OD_DIN_extension
 .rodata.OD_INPUT_CH_CONFIG_extension
                0x000000000000d430       0x10 ./User/process.o
                0x000000000000d430                OD_INPUT_CH_CONFIG_extension
 .rodata.OD_KEY_extension
                0x000000000000d440       0x10 ./User/process.o
                0x000000000000d440                OD_KEY_extension
 .rodata.OD_MENU_MAP_extension
                0x000000000000d450       0x10 ./User/process.o
                0x000000000000d450                OD_MENU_MAP_extension
 .rodata.OD_MENU_SETUP_extension
                0x000000000000d460       0x10 ./User/process.o
                0x000000000000d460                OD_MENU_SETUP_extension
 .rodata.OD_RGB10_extension
                0x000000000000d470       0x10 ./User/process.o
                0x000000000000d470                OD_RGB10_extension
 .rodata.OD_RGB11_extension
                0x000000000000d480       0x10 ./User/process.o
                0x000000000000d480                OD_RGB11_extension
 .rodata.OD_RGB12_extension
                0x000000000000d490       0x10 ./User/process.o
                0x000000000000d490                OD_RGB12_extension
 .rodata.OD_RGB13_extension
                0x000000000000d4a0       0x10 ./User/process.o
                0x000000000000d4a0                OD_RGB13_extension
 .rodata.OD_RGB14_extension
                0x000000000000d4b0       0x10 ./User/process.o
                0x000000000000d4b0                OD_RGB14_extension
 .rodata.OD_RGB1_extension
                0x000000000000d4c0       0x10 ./User/process.o
                0x000000000000d4c0                OD_RGB1_extension
 .rodata.OD_RGB2_extension
                0x000000000000d4d0       0x10 ./User/process.o
                0x000000000000d4d0                OD_RGB2_extension
 .rodata.OD_RGB3_extension
                0x000000000000d4e0       0x10 ./User/process.o