Archive member included to satisfy reference by file (symbol)

c:/mounriver/mounriver_studio/toolchain/risc-v embedded gcc/bin/../lib/gcc/riscv-none-embed/8.2.0/rv32imacxw/ilp32\libgcc.a(addsf3.o)
                              ./User/DataModel.o (__addsf3)
c:/mounriver/mounriver_studio/toolchain/risc-v embedded gcc/bin/../lib/gcc/riscv-none-embed/8.2.0/rv32imacxw/ilp32\libgcc.a(divsf3.o)
                              ./User/DataModel.o (__divsf3)
c:/mounriver/mounriver_studio/toolchain/risc-v embedded gcc/bin/../lib/gcc/riscv-none-embed/8.2.0/rv32imacxw/ilp32\libgcc.a(eqsf2.o)
                              ./HWLIB/hw_lib_din.o (__nesf2)
c:/mounriver/mounriver_studio/toolchain/risc-v embedded gcc/bin/../lib/gcc/riscv-none-embed/8.2.0/rv32imacxw/ilp32\libgcc.a(gesf2.o)
                              ./User/inputs.o (__gesf2)
c:/mounriver/mounriver_studio/toolchain/risc-v embedded gcc/bin/../lib/gcc/riscv-none-embed/8.2.0/rv32imacxw/ilp32\libgcc.a(lesf2.o)
                              ./HWLIB/hw_lib_adc.o (__lesf2)
c:/mounriver/mounriver_studio/toolchain/risc-v embedded gcc/bin/../lib/gcc/riscv-none-embed/8.2.0/rv32imacxw/ilp32\libgcc.a(mulsf3.o)
                              ./User/dash_draw.o (__mulsf3)
c:/mounriver/mounriver_studio/toolchain/risc-v embedded gcc/bin/../lib/gcc/riscv-none-embed/8.2.0/rv32imacxw/ilp32\libgcc.a(subsf3.o)
                              ./User/inputs.o (__subsf3)
c:/mounriver/mounriver_studio/toolchain/risc-v embedded gcc/bin/../lib/gcc/riscv-none-embed/8.2.0/rv32imacxw/ilp32\libgcc.a(fixsfsi.o)
                              ./User/dash_draw.o (__fixsfsi)
c:/mounriver/mounriver_studio/toolchain/risc-v embedded gcc/bin/../lib/gcc/riscv-none-embed/8.2.0/rv32imacxw/ilp32\libgcc.a(fixunssfsi.o)
                              ./User/DataModel.o (__fixunssfsi)
c:/mounriver/mounriver_studio/toolchain/risc-v embedded gcc/bin/../lib/gcc/riscv-none-embed/8.2.0/rv32imacxw/ilp32\libgcc.a(floatsisf.o)
                              ./User/DataModel.o (__floatsisf)
c:/mounriver/mounriver_studio/toolchain/risc-v embedded gcc/bin/../lib/gcc/riscv-none-embed/8.2.0/rv32imacxw/ilp32\libgcc.a(floatunsisf.o)
                              ./User/DataModel.o (__floatunsisf)
c:/mounriver/mounriver_studio/toolchain/risc-v embedded gcc/bin/../lib/gcc/riscv-none-embed/8.2.0/rv32imacxw/ilp32\libgcc.a(save-restore.o)
                              ./User/inputs.o (__riscv_save_12)
c:/mounriver/mounriver_studio/toolchain/risc-v embedded gcc/bin/../lib/gcc/riscv-none-embed/8.2.0/rv32imacxw/ilp32\libgcc.a(_clzsi2.o)
                              c:/mounriver/mounriver_studio/toolchain/risc-v embedded gcc/bin/../lib/gcc/riscv-none-embed/8.2.0/rv32imacxw/ilp32\libgcc.a(addsf3.o) (__clzsi2)
c:/mounriver/mounriver_studio/toolchain/risc-v embedded gcc/bin/../lib/gcc/riscv-none-embed/8.2.0/rv32imacxw/ilp32\libgcc.a(_clz.o)
                              c:/mounriver/mounriver_studio/toolchain/risc-v embedded gcc/bin/../lib/gcc/riscv-none-embed/8.2.0/rv32imacxw/ilp32\libgcc.a(_clzsi2.o) (__clz_tab)
c:/mounriver/mounriver_studio/toolchain/risc-v embedded gcc/bin/../lib/gcc/riscv-none-embed/8.2.0/../../../../riscv-none-embed/lib/rv32imacxw/ilp32\libg_nano.a(lib_a-calloc.o)
                              ./CANopenNode/CANopen.o (calloc)
c:/mounriver/mounriver_studio/toolchain/risc-v embedded gcc/bin/../lib/gcc/riscv-none-embed/8.2.0/../../../../riscv-none-embed/lib/rv32imacxw/ilp32\libg_nano.a(lib_a-impure.o)
                              c:/mounriver/mounriver_studio/toolchain/risc-v embedded gcc/bin/../lib/gcc/riscv-none-embed/8.2.0/../../../../riscv-none-embed/lib/rv32imacxw/ilp32\libg_nano.a(lib_a-calloc.o) (_impure_ptr)
c:/mounriver/mounriver_studio/toolchain/risc-v embedded gcc/bin/../lib/gcc/riscv-none-embed/8.2.0/../../../../riscv-none-embed/lib/rv32imacxw/ilp32\libg_nano.a(lib_a-malloc.o)
                              ./CANopenNode/CANopen.o (free)
c:/mounriver/mounriver_studio/toolchain/risc-v embedded gcc/bin/../lib/gcc/riscv-none-embed/8.2.0/../../../../riscv-none-embed/lib/rv32imacxw/ilp32\libg_nano.a(lib_a-memcpy.o)
                              ./User/DataModel.o (memcpy)
c:/mounriver/mounriver_studio/toolchain/risc-v embedded gcc/bin/../lib/gcc/riscv-none-embed/8.2.0/../../../../riscv-none-embed/lib/rv32imacxw/ilp32\libg_nano.a(lib_a-memmove.o)
                              ./CANopenNode/301/CO_SDOserver.o (memmove)
c:/mounriver/mounriver_studio/toolchain/risc-v embedded gcc/bin/../lib/gcc/riscv-none-embed/8.2.0/../../../../riscv-none-embed/lib/rv32imacxw/ilp32\libg_nano.a(lib_a-memset.o)
                              ./User/DataModel.o (memset)
c:/mounriver/mounriver_studio/toolchain/risc-v embedded gcc/bin/../lib/gcc/riscv-none-embed/8.2.0/../../../../riscv-none-embed/lib/rv32imacxw/ilp32\libg_nano.a(lib_a-nano-callocr.o)
[...]
Memory Configuration

Name             Origin             Length             Attributes
FLASH            0x0000000000000000 0x0000000000010000 xr
RAM              0x0000000020000000 0x0000000000005000 xrw
*default*        0x0000000000000000 0xffffffffffffffff

Linker script and memory map

LOAD ./User/CanOpenNode.o
LOAD ./User/DataModel.o
LOAD ./User/ch32v20x_it.o
LOAD ./User/dash_draw.o
LOAD ./User/init.o
LOAD ./User/inputs.o
LOAD ./User/led.o
LOAD ./User/main.o
LOAD ./User/process.o
LOAD ./User/system_ch32v20x.o
LOAD ./User/system_init.o
LOAD ./Startup/startup_ch32v20x_D6.o
LOAD ./Peripheral/src/ch32v20x_adc.o
LOAD ./Peripheral/src/ch32v20x_bkp.o
LOAD ./Peripheral/src/ch32v20x_can.o
LOAD ./Peripheral/src/ch32v20x_crc.o
LOAD ./Peripheral/src/ch32v20x_dbgmcu.o
LOAD ./Peripheral/src/ch32v20x_dma.o
LOAD ./Peripheral/src/ch32v20x_exti.o
LOAD ./Peripheral/src/ch32v20x_flash.o
LOAD ./Peripheral/src/ch32v20x_gpio.o
LOAD ./Peripheral/src/ch32v20x_i2c.o
LOAD ./Peripheral/src/ch32v20x_iwdg.o
LOAD ./Peripheral/src/ch32v20x_misc.o
LOAD ./Peripheral/src/ch32v20x_opa.o
LOAD ./Peripheral/src/ch32v20x_pwr.o
LOAD ./Peripheral/src/ch32v20x_rcc.o
LOAD ./Peripheral/src/ch32v20x_rtc.o
LOAD ./Peripheral/src/ch32v20x_spi.o
LOAD ./Peripheral/src/ch32v20x_tim.o
LOAD ./Peripheral/src/ch32v20x_usart.o
LOAD ./Peripheral/src/ch32v20x_wwdg.o
LOAD ./HWLIB/hw_lib_adc.o
LOAD ./HWLIB/hw_lib_din.o
LOAD ./HWLIB/hw_lib_eeprom.o
LOAD ./HAL/hal_adc.o
LOAD ./HAL/hal_can.o
LOAD ./HAL/hal_dma.o
LOAD ./HAL/hal_gpio.o
LOAD ./HAL/hal_i2c.o
LOAD ./HAL/hal_irq.o
LOAD ./HAL/hal_rtc.o
LOAD ./HAL/hal_spi.o
LOAD ./HAL/hal_timers.o
LOAD ./HAL/hal_wdt.o
LOAD ./FreeRTOS/portable/MemMang/heap_4.o
LOAD ./FreeRTOS/portable/GCC/RISC-V/port.o
LOAD ./FreeRTOS/portable/GCC/RISC-V/portASM.o
LOAD ./FreeRTOS/croutine.o
LOAD ./FreeRTOS/event_groups.o
LOAD ./FreeRTOS/list.o
LOAD ./FreeRTOS/queue.o
LOAD ./FreeRTOS/stream_buffer.o
LOAD ./FreeRTOS/tasks.o
LOAD ./FreeRTOS/timers.o
LOAD ./Drivers/filters.o
LOAD ./Debug/debug.o
LOAD ./Core/core_riscv.o
LOAD ./CANopenNode/keypad/CO_driver_ST32F103.o
LOAD ./CANopenNode/keypad/OD.o
LOAD ./CANopenNode/extra/CO_trace.o
LOAD ./CANopenNode/309/CO_gateway_ascii.o
LOAD ./CANopenNode/305/CO_LSSmaster.o
LOAD ./CANopenNode/305/CO_LSSslave.o
LOAD ./CANopenNode/304/CO_GFC.o
LOAD ./CANopenNode/304/CO_SRDO.o
LOAD ./CANopenNode/303/CO_LEDs.o
LOAD ./CANopenNode/301/CO_Emergency.o
LOAD ./CANopenNode/301/CO_HBconsumer.o
LOAD ./CANopenNode/301/CO_NMT_Heartbeat.o
LOAD ./CANopenNode/301/CO_Node_Guarding.o
LOAD ./CANopenNode/301/CO_ODinterface.o
LOAD ./CANopenNode/301/CO_PDO.o
LOAD ./CANopenNode/301/CO_SDOclient.o
LOAD ./CANopenNode/301/CO_SDOserver.o
LOAD ./CANopenNode/301/CO_SYNC.o
LOAD ./CANopenNode/301/CO_TIME.o
LOAD ./CANopenNode/301/CO_fifo.o
LOAD ./CANopenNode/301/crc16-ccitt.o
LOAD ./CANopenNode/CANopen.o
LOAD c:/mounriver/mounriver_studio/toolchain/risc-v embedded gcc/bin/../lib/gcc/riscv-none-embed/8.2.0/../../../../riscv-none-embed/lib/rv32imacxw/ilp32\libm.a
LOAD c:/mounriver/mounriver_studio/toolchain/risc-v embedded gcc/bin/../lib/gcc/riscv-none-embed/8.2.0/rv32imacxw/ilp32\libgcc.a
LOAD c:/mounriver/mounriver_studio/toolchain/risc-v embedded gcc/bin/../lib/gcc/riscv-none-embed/8.2.0/../../../../riscv-none-embed/lib/rv32imacxw/ilp32\libg_nano.a
LOAD c:/mounriver/mounriver_studio/toolchain/risc-v embedded gcc/bin/../lib/gcc/riscv-none-embed/8.2.0/../../../../riscv-none-embed/lib/rv32imacxw/ilp32\libc_nano.a
LOAD c:/mounriver/mounriver_studio/toolchain/risc-v embedded gcc/bin/../lib/gcc/riscv-none-embed/8.2.0/rv32imacxw/ilp32\libgcc.a
START GROUP
LOAD c:/mounriver/mounriver_studio/toolchain/risc-v embedded gcc/bin/../lib/gcc/riscv-none-embed/8.2.0/rv32imacxw/ilp32\libgcc.a
LOAD c:/mounriver/mounriver_studio/toolchain/risc-v embedded gcc/bin/../lib/gcc/riscv-none-embed/8.2.0/../../../../riscv-none-embed/lib/rv32imacxw/ilp32\libc_nano.a
LOAD c:/mounriver/mounriver_studio/toolchain/risc-v embedded gcc/bin/../lib/gcc/riscv-none-embed/8.2.0/../../../../riscv-none-embed/lib/rv32imacxw/ilp32\libnosys.a
END GROUP
START GROUP
LOAD c:/mounriver/mounriver_studio/toolchain/risc-v embedded gcc/bin/../lib/gcc/riscv-none-embed/8.2.0/rv32imacxw/ilp32\libgcc.a
LOAD c:/mounriver/mounriver_studio/toolchain/risc-v embedded gcc/bin/../lib/gcc/riscv-none-embed/8.2.0/../../../../riscv-none-embed/lib/rv32imacxw/ilp32\libc_nano.a
LOAD c:/mounriver/mounriver_studio/toolchain/risc-v embedded gcc/bin/../lib/gcc/riscv-none-embed/8.2.0/../../../../riscv-none-embed/lib/rv32imacxw/ilp32\libnosys.a
END GROUP
                0x0000000000000be8                __stack_size = 0xbe8
                [!provide]                        PROVIDE (_stack_size = __stack_size)

.init           0x0000000000000000       0x38
                0x0000000000000000                _sinit = .
                0x0000000000000000                . = ALIGN (0x4)
 *(SORT_NONE(.init))
 .init          0x0000000000000000       0x38 ./Startup/startup_ch32v20x_D6.o
                0x0000000000000000                _start
                0x0000000000000038                . = ALIGN (0x4)
                0x0000000000000038                _einit = .

.vector         0x0000000000000038      0x108
 *(.vector)
 .vector        0x0000000000000038       0xfc ./Startup/startup_ch32v20x_D6.o
                0x0000000000000140                . = ALIGN (0x40)
 *fill*         0x0000000000000134        0xc 

.text           0x0000000000000200     0xe324
                0x0000000000000200                . = ALIGN (0x4)
 *(.text)
 .text          0x0000000000000200      0x2ee ./FreeRTOS/portable/GCC/RISC-V/portASM.o
                0x0000000000000200                SW_Handler
                0x0000000000000300                xPortStartFirstTask
                0x0000000000000400                pxPortInitialiseStack
 .text          0x00000000000004ee       0x60 c:/mounriver/mounriver_studio/toolchain/risc-v embedded gcc/bin/../lib/gcc/riscv-none-embed/8.2.0/rv32imacxw/ilp32\libgcc.a(save-restore.o)
                0x00000000000004ee                __riscv_save_12
                0x00000000000004f6                __riscv_save_9
                0x00000000000004f6                __riscv_save_11
                0x00000000000004f6                __riscv_save_10
                0x00000000000004f6                __riscv_save_8
                0x0000000000000504                __riscv_save_4
                0x0000000000000504                __riscv_save_6
                0x0000000000000504                __riscv_save_5
                0x0000000000000504                __riscv_save_7
                0x000000000000051e                __riscv_save_3
                0x000000000000051e                __riscv_save_2
                0x000000000000051e                __riscv_save_1
                0x000000000000051e                __riscv_save_0
                0x000000000000052a                __riscv_restore_12
                0x000000000000052e                __riscv_restore_11
                0x000000000000052e                __riscv_restore_9
                0x000000000000052e                __riscv_restore_10
                0x000000000000052e                __riscv_restore_8
                0x0000000000000538                __riscv_restore_5
                0x0000000000000538                __riscv_restore_7
                0x0000000000000538                __riscv_restore_6
                0x0000000000000538                __riscv_restore_4
                0x0000000000000542                __riscv_restore_3
                0x0000000000000542                __riscv_restore_0
                0x0000000000000542                __riscv_restore_2
                0x0000000000000542                __riscv_restore_1
 .text          0x000000000000054e       0xa8 c:/mounriver/mounriver_studio/toolchain/risc-v embedded gcc/bin/../lib/gcc/riscv-none-embed/8.2.0/../../../../riscv-none-embed/lib/rv32imacxw/ilp32\libg_nano.a(lib_a-memset.o)
                0x000000000000054e                memset
 *(.text.*)
 .text.xCanOpenProcessTaskHandle
                0x00000000000005f6        0xa ./User/CanOpenNode.o
                0x00000000000005f6                xCanOpenProcessTaskHandle
 .text.xCanOpenPeriodicTaskHandle
                0x0000000000000600        0xa ./User/CanOpenNode.o
                0x0000000000000600                xCanOpenPeriodicTaskHandle
 .text.vCanOpenInit
                0x000000000000060a        0xa ./User/CanOpenNode.o
                0x000000000000060a                vCanOpenInit
 .text.vCanOpenProcess
                0x0000000000000614      0x192 ./User/CanOpenNode.o
                0x0000000000000614                vCanOpenProcess
 .text.vCanOpenPeriodicProcess
                0x00000000000007a6       0x82 ./User/CanOpenNode.o
                0x00000000000007a6                vCanOpenPeriodicProcess
 .text.xDataRegQueue
                0x0000000000000828        0xa ./User/DataModel.o
                0x0000000000000828                xDataRegQueue
 .text.vDataModelRegDelayWrite
                0x0000000000000832       0x34 ./User/DataModel.o
                0x0000000000000832                vDataModelRegDelayWrite
 .text.setReg32
                0x0000000000000866       0x1a ./User/DataModel.o
                0x0000000000000866                setReg32
 .text.setReg16
                0x0000000000000880        0xe ./User/DataModel.o
                0x0000000000000880                setReg16
 .text.setReg8  0x000000000000088e        0xa ./User/DataModel.o
                0x000000000000088e                setReg8
 .text.SaveReg16
                0x0000000000000898       0x14 ./User/DataModel.o
                0x0000000000000898                SaveReg16
 .text.getReg16
                0x00000000000008ac       0x10 ./User/DataModel.o
                0x00000000000008ac                getReg16
 .text.getReg32
                0x00000000000008bc       0x1c ./User/DataModel.o
                0x00000000000008bc                getReg32
 .text.DataModel_Init
                0x00000000000008d8      0x392 ./User/DataModel.o
                0x00000000000008d8                DataModel_Init
 .text.getReg8  0x0000000000000c6a        0xa ./User/DataModel.o
                0x0000000000000c6a                getReg8
 .text.WriteRegAfterDelay
                0x0000000000000c74       0x60 ./User/DataModel.o
                0x0000000000000c74                WriteRegAfterDelay
 .text.WriteReg
                0x0000000000000cd4       0x56 ./User/DataModel.o
                0x0000000000000cd4                WriteReg
 .text.vGetBitrate
                0x0000000000000d2a       0x2a ./User/DataModel.o
                0x0000000000000d2a                vGetBitrate
 .text.vFDGetNMTState
                0x0000000000000d54        0x6 ./User/DataModel.o
                0x0000000000000d54                vFDGetNMTState
 .text.vGetNodeId
                0x0000000000000d5a        0x6 ./User/DataModel.o
                0x0000000000000d5a                vGetNodeId
 .text.vIncrementSystemCounters
                0x0000000000000d60       0x76 ./User/DataModel.o
                0x0000000000000d60                vIncrementSystemCounters
 .text.vSaveData
                0x0000000000000dd6       0x14 ./User/DataModel.o
                0x0000000000000dd6                vSaveData
 .text.getOdometr
                0x0000000000000dea       0x14 ./User/DataModel.o
                0x0000000000000dea                getOdometr
 .text.NMI_Handler
                0x0000000000000dfe        0x2 ./User/ch32v20x_it.o
                0x0000000000000dfe                NMI_Handler
 .text.HardFault_Handler
                0x0000000000000e00        0x2 ./User/ch32v20x_it.o
                0x0000000000000e00                HardFault_Handler
 .text.SegPrint
                0x0000000000000e02       0x5a ./User/dash_draw.o
 .text.xProcessTaskHandle
                0x0000000000000e5c        0xa ./User/dash_draw.o
                0x0000000000000e5c                xProcessTaskHandle
 .text.vSetErrorReg
                0x0000000000000e66        0xa ./User/dash_draw.o
                0x0000000000000e66                vSetErrorReg
 .text.getODValue
                0x0000000000000e70      0x12c ./User/dash_draw.o
                0x0000000000000e70                getODValue
 .text.IncMenuIndex
                0x0000000000000f9c       0x80 ./User/dash_draw.o
                0x0000000000000f9c                IncMenuIndex
 .text.GoToHome
                0x000000000000101c       0x12 ./User/dash_draw.o
                0x000000000000101c                GoToHome
 .text.SetCurMenuHome
                0x000000000000102e       0x1e ./User/dash_draw.o
                0x000000000000102e                SetCurMenuHome
 .text.GetCurMenuHome
                0x000000000000104c        0x6 ./User/dash_draw.o
                0x000000000000104c                GetCurMenuHome
 .text.SetCurrentMenu
                0x0000000000001052       0x12 ./User/dash_draw.o
                0x0000000000001052                SetCurrentMenu
 .text.SetDefault
                0x0000000000001064       0x28 ./User/dash_draw.o
                0x0000000000001064                SetDefault
 .text.MenuBackHomeCheck
                0x000000000000108c       0x38 ./User/dash_draw.o
                0x000000000000108c                MenuBackHomeCheck
 .text.CheckMenuChannel
                0x00000000000010c4       0x20 ./User/dash_draw.o
                0x00000000000010c4                CheckMenuChannel
 .text.vDashDrawInit
                0x00000000000010e4       0x7e ./User/dash_draw.o
                0x00000000000010e4                vDashDrawInit
 .text.vMenuBlink
                0x0000000000001162       0x4a ./User/dash_draw.o
                0x0000000000001162                vMenuBlink
 .text.SetErrorRegiter
                0x00000000000011ac       0x5e ./User/dash_draw.o
                0x00000000000011ac                SetErrorRegiter
 .text.uGetCurrMenu
                0x000000000000120a       0x26 ./User/dash_draw.o
                0x000000000000120a                uGetCurrMenu
 .text.vGetEdgeData
                0x0000000000001230       0x2a ./User/dash_draw.o
                0x0000000000001230                vGetEdgeData
 .text.checkLedState
                0x000000000000125a       0x3a ./User/dash_draw.o
 .text.vRGBMode
                0x0000000000001294       0x72 ./User/dash_draw.o
                0x0000000000001294                vRGBMode
 .text.vBarColorMode
                0x0000000000001306       0xc2 ./User/dash_draw.o
                0x0000000000001306                vBarColorMode
 .text.vBarWindowMode
                0x00000000000013c8       0x5a ./User/dash_draw.o
                0x00000000000013c8                vBarWindowMode
 .text.vBarMode
                0x0000000000001422       0x66 ./User/dash_draw.o
                0x0000000000001422                vBarMode
 .text.RedrawNotifyTaskToInit
                0x0000000000001488       0x28 ./User/dash_draw.o
                0x0000000000001488                RedrawNotifyTaskToInit
 .text.vRedrawTask
                0x00000000000014b0      0x572 ./User/dash_draw.o
                0x00000000000014b0                vRedrawTask
 .text.vInit_DeviceConfig
                0x0000000000001a22      0x162 ./User/init.o
                0x0000000000001a22                vInit_DeviceConfig
 .text.HardwareDeinit
                0x0000000000001b84       0x2a ./User/init.o
                0x0000000000001b84                HardwareDeinit
 .text.SoftwareReset
                0x0000000000001bae       0x14 ./User/init.o
                0x0000000000001bae                SoftwareReset
 .text.ADC1_Event
                0x0000000000001bc2       0x48 ./User/inputs.o
                0x0000000000001bc2                ADC1_Event
 .text.CaptureDMACallBack
                0x0000000000001c0a       0x22 ./User/inputs.o
                0x0000000000001c0a                CaptureDMACallBack
 .text.CaptureDMACallBack_1
                0x0000000000001c2c       0x22 ./User/inputs.o
                0x0000000000001c2c                CaptureDMACallBack_1
 .text.fDinStateCallback
                0x0000000000001c4e       0x32 ./User/inputs.o
                0x0000000000001c4e                fDinStateCallback
 .text.vSetDoutState
                0x0000000000001c80       0x28 ./User/inputs.o
                0x0000000000001c80                vSetDoutState
 .text.getInputsTaskHandle
                0x0000000000001ca8        0xa ./User/inputs.o
                0x0000000000001ca8                getInputsTaskHandle
 .text.InputsNotifyTaskToInit
                0x0000000000001cb2       0x28 ./User/inputs.o
                0x0000000000001cb2                InputsNotifyTaskToInit
 .text.ADC1_Init
                0x0000000000001cda       0x4e ./User/inputs.o
                0x0000000000001cda                ADC1_Init
 .text.ADC_FSM  0x0000000000001d28       0xfe ./User/inputs.o
                0x0000000000001d28                ADC_FSM
 .text.GetAIN   0x0000000000001e26        0xc ./User/inputs.o
                0x0000000000001e26                GetAIN
 .text.vInputsTask
                0x0000000000001e32      0x2f0 ./User/inputs.o
                0x0000000000001e32                vInputsTask
 .text.SPI1_DMA_Callback
                0x0000000000002122       0x2e ./User/led.o
                0x0000000000002122                SPI1_DMA_Callback
 .text.SPI2_DMA_Callback
                0x0000000000002150       0x2e ./User/led.o
                0x0000000000002150                SPI2_DMA_Callback
 .text.SetBarState
                0x000000000000217e       0x50 ./User/led.o
                0x000000000000217e                SetBarState
 .text.SetRGB   0x00000000000021ce       0x4e ./User/led.o
                0x00000000000021ce                SetRGB
 .text.SetSegDirect
                0x000000000000221c       0x9c ./User/led.o
                0x000000000000221c                SetSegDirect
 .text.SetSegPoint
                0x00000000000022b8       0x22 ./User/led.o
                0x00000000000022b8                SetSegPoint
 .text.SetSEG   0x00000000000022da      0x120 ./User/led.o
                0x00000000000022da                SetSEG
 .text.SetBigSeg
                0x00000000000023fa       0x14 ./User/led.o
                0x00000000000023fa                SetBigSeg
 .text.vSetBrigth
                0x000000000000240e       0x2a ./User/led.o
                0x000000000000240e                vSetBrigth
 .text.vLedDriverStart
                0x0000000000002438       0x5a ./User/led.o
                0x0000000000002438                vLedDriverStart
 .text.vLedProcess
                0x0000000000002492       0x1e ./User/led.o
                0x0000000000002492                vLedProcess
 .text.vRGBProcess
                0x00000000000024b0       0xe2 ./User/led.o
                0x00000000000024b0                vRGBProcess
 .text.startup.main
                0x0000000000002592       0x1e ./User/main.o
                0x0000000000002592                main
 .text.vRestartNode
                0x00000000000025b0        0x2 ./User/main.o
                0x00000000000025b0                vRestartNode
 .text.Error_Handler
                0x00000000000025b2        0x8 ./User/main.o
                0x00000000000025b2                Error_Handler
 .text.OD_writeRGBMAP
                0x00000000000025ba       0x30 ./User/process.o
 .text.OD_readRGBMAP
                0x00000000000025ea       0x22 ./User/process.o
 .text.OD_readDIN
                0x000000000000260c       0x1c ./User/process.o
 .text.OD_writeMenuSetup
                0x0000000000002628       0x46 ./User/process.o
 .text.OD_writeBoardSettings
                0x000000000000266e       0x78 ./User/process.o
 .text.CO_getUint16
                0x00000000000026e6       0x10 ./User/process.o
 .text.OD_writeSEG
                0x00000000000026f6       0x44 ./User/process.o
 .text.OD_writeBAR
                0x000000000000273a       0x30 ./User/process.o
 .text.OD_writeRPMConfig
                0x000000000000276a       0x36 ./User/process.o
 .text.CO_getUint32
                0x00000000000027a0       0x18 ./User/process.o
 .text.OD_writeMenuMap
                0x00000000000027b8       0x30 ./User/process.o
 .text.OD_writeV1_14
                0x00000000000027e8       0x56 ./User/process.o
 .text.OD_writeDashParam
                0x000000000000283e       0x44 ./User/process.o
 .text.WriteRGB.isra.2
                0x0000000000002882       0x3a ./User/process.o
 .text.OD_writeRGB1
                0x00000000000028bc       0x14 ./User/process.o
 .text.OD_writeRGB2
                0x00000000000028d0       0x16 ./User/process.o
 .text.OD_writeRGB3
                0x00000000000028e6       0x16 ./User/process.o
 .text.OD_writeRGB4
                0x00000000000028fc       0x16 ./User/process.o
 .text.OD_writeRGB5
                0x0000000000002912       0x16 ./User/process.o
 .text.OD_writeRGB6
                0x0000000000002928       0x16 ./User/process.o
 .text.OD_writeRGB7
                0x000000000000293e       0x16 ./User/process.o
 .text.OD_writeRGB8
                0x0000000000002954       0x16 ./User/process.o
 .text.OD_writeRGB9
                0x000000000000296a       0x16 ./User/process.o
 .text.OD_writeRGB10
                0x0000000000002980       0x16 ./User/process.o
 .text.OD_writeRGB11
                0x0000000000002996       0x16 ./User/process.o
 .text.OD_writeRGB12
                0x00000000000029ac       0x16 ./User/process.o
 .text.OD_writeRGB13
                0x00000000000029c2       0x16 ./User/process.o
 .text.OD_readBoardSettings
                0x00000000000029d8       0x2c ./User/process.o
 .text.readADC.isra.6
                0x0000000000002a04       0x84 ./User/process.o
 .text.OD_readADC1
                0x0000000000002a88       0x10 ./User/process.o
 .text.OD_readADC2
                0x0000000000002a98       0x10 ./User/process.o
 .text.OD_readADC3
                0x0000000000002aa8       0x10 ./User/process.o
 .text.OD_readMenuSetup
                0x0000000000002ab8       0x30 ./User/process.o
 .text.writeADC.isra.9
                0x0000000000002ae8       0xde ./User/process.o
 .text.OD_writeADC1
                0x0000000000002bc6       0x10 ./User/process.o
 .text.OD_writeADC2
                0x0000000000002bd6       0x10 ./User/process.o
 .text.OD_writeADC3
                0x0000000000002be6       0x10 ./User/process.o
 .text.OD_readRGB.isra.5
                0x0000000000002bf6       0x22 ./User/process.o
 .text.OD_readRGB1
                0x0000000000002c18       0x10 ./User/process.o
 .text.OD_readRGB2
                0x0000000000002c28       0x12 ./User/process.o
 .text.OD_readRGB3
                0x0000000000002c3a       0x12 ./User/process.o
 .text.OD_readRGB4
                0x0000000000002c4c       0x12 ./User/process.o
 .text.OD_readRGB5
                0x0000000000002c5e       0x12 ./User/process.o
 .text.OD_readRGB6
                0x0000000000002c70       0x12 ./User/process.o
 .text.OD_readRGB7
                0x0000000000002c82       0x12 ./User/process.o
 .text.OD_readRGB8
                0x0000000000002c94       0x12 ./User/process.o
 .text.OD_readRGB9
                0x0000000000002ca6       0x12 ./User/process.o
 .text.OD_readRGB10
                0x0000000000002cb8       0x12 ./User/process.o
 .text.OD_readRGB11
                0x0000000000002cca       0x12 ./User/process.o
 .text.OD_readRGB12
                0x0000000000002cdc       0x12 ./User/process.o
 .text.OD_readRGB13
                0x0000000000002cee       0x12 ./User/process.o
 .text.OD_readAIN_RPM
                0x0000000000002d00       0x26 ./User/process.o
 .text.OD_readMenuMap
                0x0000000000002d26       0x2c ./User/process.o
 .text.OD_readRPMConfig
                0x0000000000002d52       0x2a ./User/process.o
 .text.OD_readBar
                0x0000000000002d7c       0x28 ./User/process.o
 .text.OD_readDashParam
                0x0000000000002da4       0x4c ./User/process.o
 .text.OD_readSEG
                0x0000000000002df0       0x34 ./User/process.o
 .text.vProceesInit
                0x0000000000002e24      0x1ba ./User/process.o
                0x0000000000002e24                vProceesInit
 .text.SystemInit
                0x0000000000002fde       0xee ./User/system_ch32v20x.o
                0x0000000000002fde                SystemInit
 .text.SystemCoreClockUpdate
                0x00000000000030cc       0x92 ./User/system_ch32v20x.o
                0x00000000000030cc                SystemCoreClockUpdate
 .text.StartDefaultTask
                0x000000000000315e       0x86 ./User/system_init.o
 .text.vApplicationGetIdleTaskMemory
                0x00000000000031e4       0x1c ./User/system_init.o
                0x00000000000031e4                vApplicationGetIdleTaskMemory
 .text.vApplicationGetTimerTaskMemory
                0x0000000000003200       0x1c ./User/system_init.o
                0x0000000000003200                vApplicationGetTimerTaskMemory
 .text.vSystemStopProcess
                0x000000000000321c       0x1c ./User/system_init.o
                0x000000000000321c                vSystemStopProcess
 .text.vSYStaskInit
                0x0000000000003238      0x100 ./User/system_init.o
                0x0000000000003238                vSYStaskInit
 .text.vSYSqueueInit
                0x0000000000003338       0x2a ./User/system_init.o
                0x0000000000003338                vSYSqueueInit
 .text.vector_handler
                0x0000000000003362       0x6c ./Startup/startup_ch32v20x_D6.o
                0x0000000000003366                Ecall_M_Mode_Handler
                0x0000000000003368                Ecall_U_Mode_Handler
                0x000000000000336a                Break_Point_Handler
                0x0000000000003370                WWDG_IRQHandler
                0x0000000000003372                PVD_IRQHandler
                0x0000000000003374                TAMPER_IRQHandler
                0x0000000000003378                FLASH_IRQHandler
                0x000000000000337a                RCC_IRQHandler
                0x000000000000337c                EXTI0_IRQHandler
                0x000000000000337e                EXTI1_IRQHandler
                0x0000000000003380                EXTI2_IRQHandler
                0x0000000000003382                EXTI3_IRQHandler
                0x0000000000003384                EXTI4_IRQHandler
                0x0000000000003388                DMA1_Channel2_IRQHandler
                0x0000000000003390                DMA1_Channel6_IRQHandler
                0x0000000000003394                ADC1_2_IRQHandler
                0x000000000000339e                EXTI9_5_IRQHandler
                0x00000000000033a0                TIM1_BRK_IRQHandler
                0x00000000000033a2                TIM1_UP_IRQHandler
                0x00000000000033a4                TIM1_TRG_COM_IRQHandler
                0x00000000000033a6                TIM1_CC_IRQHandler
                0x00000000000033a8                TIM2_IRQHandler
                0x00000000000033aa                TIM3_IRQHandler
                0x00000000000033b2                I2C2_EV_IRQHandler
                0x00000000000033b4                I2C2_ER_IRQHandler
                0x00000000000033b6                SPI1_IRQHandler
                0x00000000000033b8                SPI2_IRQHandler
                0x00000000000033ba                USART1_IRQHandler
                0x00000000000033bc                USART2_IRQHandler
                0x00000000000033be                USART3_IRQHandler
                0x00000000000033c0                EXTI15_10_IRQHandler
                0x00000000000033c2                RTCAlarm_IRQHandler
                0x00000000000033c4                USBWakeUp_IRQHandler
                0x00000000000033c6                USBHD_IRQHandler
                0x00000000000033c8                USBHDWakeUp_IRQHandler
                0x00000000000033ca                UART4_IRQHandler
                0x00000000000033cc                DMA1_Channel8_IRQHandler
 .text.handle_reset
                0x00000000000033ce       0x92 ./Startup/startup_ch32v20x_D6.o
                0x00000000000033ce                handle_reset
 .text.ADC_Cmd  0x0000000000003460       0x10 ./Peripheral/src/ch32v20x_adc.o
                0x0000000000003460                ADC_Cmd
 .text.ADC_GetResetCalibrationStatus
                0x0000000000003470        0x8 ./Peripheral/src/ch32v20x_adc.o
                0x0000000000003470                ADC_GetResetCalibrationStatus
 .text.ADC_GetCalibrationStatus
                0x0000000000003478        0x8 ./Peripheral/src/ch32v20x_adc.o
                0x0000000000003478                ADC_GetCalibrationStatus
 .text.ADC_RegularChannelConfig
                0x0000000000003480       0xb8 ./Peripheral/src/ch32v20x_adc.o
                0x0000000000003480                ADC_RegularChannelConfig
 .text.ADC_ClearITPendingBit
                0x0000000000003538        0xa ./Peripheral/src/ch32v20x_adc.o
                0x0000000000003538                ADC_ClearITPendingBit
 .text.Get_CalibrationValue
                0x0000000000003542      0x1fe ./Peripheral/src/ch32v20x_adc.o
                0x0000000000003542                Get_CalibrationValue
 .text.DMA_GetFlagStatus
                0x0000000000003740        0xe ./Peripheral/src/ch32v20x_dma.o
                0x0000000000003740                DMA_GetFlagStatus
 .text.DMA_GetITStatus
                0x000000000000374e        0xc ./Peripheral/src/ch32v20x_dma.o
                0x000000000000374e                DMA_GetITStatus
 .text.DMA_ClearITPendingBit
                0x000000000000375a        0x8 ./Peripheral/src/ch32v20x_dma.o
                0x000000000000375a                DMA_ClearITPendingBit
 .text.GPIO_Init
                0x0000000000003762       0xfa ./Peripheral/src/ch32v20x_gpio.o
                0x0000000000003762                GPIO_Init
 .text.GPIO_ReadInputDataBit
                0x000000000000385c       0x1e ./Peripheral/src/ch32v20x_gpio.o
                0x000000000000385c                GPIO_ReadInputDataBit
 .text.GPIO_SetBits
                0x000000000000387a       0x18 ./Peripheral/src/ch32v20x_gpio.o
                0x000000000000387a                GPIO_SetBits
 .text.GPIO_ResetBits
                0x0000000000003892       0x18 ./Peripheral/src/ch32v20x_gpio.o
                0x0000000000003892                GPIO_ResetBits
 .text.GPIO_PinRemapConfig
                0x00000000000038aa       0xf2 ./Peripheral/src/ch32v20x_gpio.o
                0x00000000000038aa                GPIO_PinRemapConfig
 .text.I2C_Cmd  0x000000000000399c       0x18 ./Peripheral/src/ch32v20x_i2c.o
                0x000000000000399c                I2C_Cmd
 .text.I2C_GenerateSTART
                0x00000000000039b4       0x1a ./Peripheral/src/ch32v20x_i2c.o
                0x00000000000039b4                I2C_GenerateSTART
 .text.I2C_GenerateSTOP
                0x00000000000039ce       0x1a ./Peripheral/src/ch32v20x_i2c.o
                0x00000000000039ce                I2C_GenerateSTOP
 .text.I2C_AcknowledgeConfig
                0x00000000000039e8       0x1a ./Peripheral/src/ch32v20x_i2c.o
                0x00000000000039e8                I2C_AcknowledgeConfig
 .text.I2C_DualAddressCmd
                0x0000000000003a02       0x18 ./Peripheral/src/ch32v20x_i2c.o
                0x0000000000003a02                I2C_DualAddressCmd
 .text.I2C_ITConfig
                0x0000000000003a1a       0x12 ./Peripheral/src/ch32v20x_i2c.o
                0x0000000000003a1a                I2C_ITConfig
 .text.I2C_SendData
                0x0000000000003a2c        0x4 ./Peripheral/src/ch32v20x_i2c.o
                0x0000000000003a2c                I2C_SendData
 .text.I2C_ReceiveData
                0x0000000000003a30        0x8 ./Peripheral/src/ch32v20x_i2c.o
                0x0000000000003a30                I2C_ReceiveData
 .text.I2C_Send7bitAddress
                0x0000000000003a38       0x12 ./Peripheral/src/ch32v20x_i2c.o
                0x0000000000003a38                I2C_Send7bitAddress
 .text.I2C_ReadRegister
                0x0000000000003a4a       0x14 ./Peripheral/src/ch32v20x_i2c.o
                0x0000000000003a4a                I2C_ReadRegister
 .text.I2C_CheckEvent
                0x0000000000003a5e       0x16 ./Peripheral/src/ch32v20x_i2c.o
                0x0000000000003a5e                I2C_CheckEvent
 .text.I2C_GetFlagStatus
                0x0000000000003a74       0x32 ./Peripheral/src/ch32v20x_i2c.o
                0x0000000000003a74                I2C_GetFlagStatus
 .text.I2C_ClearFlag
                0x0000000000003aa6        0xc ./Peripheral/src/ch32v20x_i2c.o
                0x0000000000003aa6                I2C_ClearFlag
 .text.RCC_LSEConfig
                0x0000000000003ab2       0x28 ./Peripheral/src/ch32v20x_rcc.o
                0x0000000000003ab2                RCC_LSEConfig
 .text.RCC_GetClocksFreq
                0x0000000000003ada       0xbe ./Peripheral/src/ch32v20x_rcc.o
                0x0000000000003ada                RCC_GetClocksFreq
 .text.RCC_APB2PeriphClockCmd
                0x0000000000003b98       0x1e ./Peripheral/src/ch32v20x_rcc.o
                0x0000000000003b98                RCC_APB2PeriphClockCmd
 .text.RCC_GetFlagStatus
                0x0000000000003bb6       0x2e ./Peripheral/src/ch32v20x_rcc.o
                0x0000000000003bb6                RCC_GetFlagStatus
 .text.RTC_EnterConfigMode
                0x0000000000003be4       0x12 ./Peripheral/src/ch32v20x_rtc.o
                0x0000000000003be4                RTC_EnterConfigMode
 .text.RTC_ExitConfigMode
                0x0000000000003bf6       0x18 ./Peripheral/src/ch32v20x_rtc.o
                0x0000000000003bf6                RTC_ExitConfigMode
 .text.RTC_SetPrescaler
                0x0000000000003c0e       0x2e ./Peripheral/src/ch32v20x_rtc.o
                0x0000000000003c0e                RTC_SetPrescaler
 .text.RTC_WaitForLastTask
                0x0000000000003c3c       0x10 ./Peripheral/src/ch32v20x_rtc.o
                0x0000000000003c3c                RTC_WaitForLastTask
 .text.RTC_WaitForSynchro
                0x0000000000003c4c       0x24 ./Peripheral/src/ch32v20x_rtc.o
                0x0000000000003c4c                RTC_WaitForSynchro
 .text.TIM_OC1Init
                0x0000000000003c70       0x6a ./Peripheral/src/ch32v20x_tim.o
                0x0000000000003c70                TIM_OC1Init
 .text.TIM_OC2Init
                0x0000000000003cda       0x96 ./Peripheral/src/ch32v20x_tim.o
                0x0000000000003cda                TIM_OC2Init
 .text.TIM_OC3Init
                0x0000000000003d70       0x94 ./Peripheral/src/ch32v20x_tim.o
                0x0000000000003d70                TIM_OC3Init
 .text.TIM_OC4Init
                0x0000000000003e04       0x6c ./Peripheral/src/ch32v20x_tim.o
                0x0000000000003e04                TIM_OC4Init
 .text.TIM_OC1PreloadConfig
                0x0000000000003e70        0xe ./Peripheral/src/ch32v20x_tim.o
                0x0000000000003e70                TIM_OC1PreloadConfig
 .text.TIM_OC2PreloadConfig
                0x0000000000003e7e       0x16 ./Peripheral/src/ch32v20x_tim.o
                0x0000000000003e7e                TIM_OC2PreloadConfig
 .text.TIM_OC3PreloadConfig
                0x0000000000003e94        0xe ./Peripheral/src/ch32v20x_tim.o
                0x0000000000003e94                TIM_OC3PreloadConfig
 .text.TIM_OC4PreloadConfig
                0x0000000000003ea2       0x16 ./Peripheral/src/ch32v20x_tim.o
                0x0000000000003ea2                TIM_OC4PreloadConfig
 .text.TIM_GetITStatus
                0x0000000000003eb8       0x18 ./Peripheral/src/ch32v20x_tim.o
                0x0000000000003eb8                TIM_GetITStatus
 .text.USART_SendData
                0x0000000000003ed0        0x8 ./Peripheral/src/ch32v20x_usart.o
                0x0000000000003ed0                USART_SendData
 .text.USART_GetFlagStatus
                0x0000000000003ed8        0xa ./Peripheral/src/ch32v20x_usart.o
                0x0000000000003ed8                USART_GetFlagStatus
 .text.vAINInit
                0x0000000000003ee2       0x36 ./HWLIB/hw_lib_adc.o
                0x0000000000003ee2                vAINInit
 .text.fGetAinCalData
                0x0000000000003f18       0xa4 ./HWLIB/hw_lib_adc.o
                0x0000000000003f18                fGetAinCalData
 .text.eAinCalDataConfig
                0x0000000000003fbc       0x48 ./HWLIB/hw_lib_adc.o
                0x0000000000003fbc                eAinCalDataConfig
 .text.vABLineKoofFinde
                0x0000000000004004       0x6a ./HWLIB/hw_lib_adc.o
                0x0000000000004004                vABLineKoofFinde
 .text.eSetAinCalPoint
                0x000000000000406e       0x64 ./HWLIB/hw_lib_adc.o
                0x000000000000406e                eSetAinCalPoint
 .text.getADC1Buffer
                0x00000000000040d2        0xa ./HWLIB/hw_lib_adc.o
                0x00000000000040d2                getADC1Buffer
 .text.eDOUTConfigWtihStruct
                0x00000000000040dc       0x1a ./HWLIB/hw_lib_din.o
                0x00000000000040dc                eDOUTConfigWtihStruct
 .text.eDinConfigWtihStruct
                0x00000000000040f6       0x34 ./HWLIB/hw_lib_din.o
                0x00000000000040f6                eDinConfigWtihStruct
 .text.uGetDIN  0x000000000000412a       0x14 ./HWLIB/hw_lib_din.o
                0x000000000000412a                uGetDIN
 .text.eRPMConfig
                0x000000000000413e       0x56 ./HWLIB/hw_lib_din.o
                0x000000000000413e                eRPMConfig
 .text.RMPDataConvert
                0x0000000000004194       0x78 ./HWLIB/hw_lib_din.o
                0x0000000000004194                RMPDataConvert
 .text.getCaputreBuffer
                0x000000000000420c       0x16 ./HWLIB/hw_lib_din.o
                0x000000000000420c                getCaputreBuffer
 .text.GetRPM   0x0000000000004222       0x74 ./HWLIB/hw_lib_din.o
                0x0000000000004222                GetRPM
 .text.xGetRPM  0x0000000000004296       0x72 ./HWLIB/hw_lib_din.o
                0x0000000000004296                xGetRPM
 .text.vDinDoutProcess
                0x0000000000004308       0x98 ./HWLIB/hw_lib_din.o
                0x0000000000004308                vDinDoutProcess
 .text.xGetEEPROM
                0x00000000000043a0        0xa ./HWLIB/hw_lib_eeprom.o
                0x00000000000043a0                xGetEEPROM
 .text.eEEPROMWrFast
                0x00000000000043aa       0x80 ./HWLIB/hw_lib_eeprom.o
                0x00000000000043aa                eEEPROMWrFast
 .text.eEEPROMWr
                0x000000000000442a       0x92 ./HWLIB/hw_lib_eeprom.o
                0x000000000000442a                eEEPROMWr
 .text.eEEPROMRd
                0x00000000000044bc       0x34 ./HWLIB/hw_lib_eeprom.o
                0x00000000000044bc                eEEPROMRd
 .text.bReadEEPROM
                0x00000000000044f0       0x1a ./HWLIB/hw_lib_eeprom.o
                0x00000000000044f0                bReadEEPROM
 .text.Get_ConversionVal
                0x000000000000450a       0x2e ./HAL/hal_adc.o
                0x000000000000450a                Get_ConversionVal
 .text.ADC_Enable_and_Start
                0x0000000000004538       0x1e ./HAL/hal_adc.o
                0x0000000000004538                ADC_Enable_and_Start
 .text.ADC_Clear_Pending_and_DMA_EN
                0x0000000000004556       0x22 ./HAL/hal_adc.o
                0x0000000000004556                ADC_Clear_Pending_and_DMA_EN
 .text.HAL_ADC_CommonConfig
                0x0000000000004578       0x14 ./HAL/hal_adc.o
                0x0000000000004578                HAL_ADC_CommonConfig
 .text.HAL_ADC_ContiniusScanCinvertionDMA
                0x000000000000458c      0x118 ./HAL/hal_adc.o
                0x000000000000458c                HAL_ADC_ContiniusScanCinvertionDMA
 .text.HAL_CANSetTXCallback
                0x00000000000046a4        0xa ./HAL/hal_can.o
                0x00000000000046a4                HAL_CANSetTXCallback
 .text.HAL_CANSetRXCallback
                0x00000000000046ae        0xa ./HAL/hal_can.o
                0x00000000000046ae                HAL_CANSetRXCallback
 .text.HAL_CANSetERRCallback
                0x00000000000046b8        0xa ./HAL/hal_can.o
                0x00000000000046b8                HAL_CANSetERRCallback
 .text.HAL_CANIntIT
                0x00000000000046c2      0x13c ./HAL/hal_can.o
                0x00000000000046c2                HAL_CANIntIT
 .text.HAL_CANToInitMode
                0x00000000000047fe       0x30 ./HAL/hal_can.o
                0x00000000000047fe                HAL_CANToInitMode
 .text.HAL_CANToOperatingMode
                0x000000000000482e       0x26 ./HAL/hal_can.o
                0x000000000000482e                HAL_CANToOperatingMode
 .text.HAL_CANSend
                0x0000000000004854       0xae ./HAL/hal_can.o
                0x0000000000004854                HAL_CANSend
 .text.HAL_CANSetFiters
                0x0000000000004902       0xc4 ./HAL/hal_can.o
                0x0000000000004902                HAL_CANSetFiters
 .text.HAL_CANGetRXMessage
                0x00000000000049c6       0xae ./HAL/hal_can.o
                0x00000000000049c6                HAL_CANGetRXMessage
 .text.USB_HP_CAN1_TX_IRQHandler
                0x0000000000004a74       0x60 ./HAL/hal_can.o
                0x0000000000004a74                USB_HP_CAN1_TX_IRQHandler
 .text.USB_LP_CAN1_RX0_IRQHandler
                0x0000000000004ad4       0x5e ./HAL/hal_can.o
                0x0000000000004ad4                USB_LP_CAN1_RX0_IRQHandler
 .text.CAN1_RX1_IRQHandler
                0x0000000000004b32       0x5e ./HAL/hal_can.o
                0x0000000000004b32                CAN1_RX1_IRQHandler
 .text.CAN1_SCE_IRQHandler
                0x0000000000004b90       0x5c ./HAL/hal_can.o
                0x0000000000004b90                CAN1_SCE_IRQHandler
 .text.DMA_IRQ  0x0000000000004bec       0x3a ./HAL/hal_dma.o
 .text.HAL_DMA_Enable
                0x0000000000004c26       0x18 ./HAL/hal_dma.o
                0x0000000000004c26                HAL_DMA_Enable
 .text.HAL_DMA_Disable
                0x0000000000004c3e       0x1a ./HAL/hal_dma.o
                0x0000000000004c3e                HAL_DMA_Disable
 .text.HAL_DMA_SetCounter
                0x0000000000004c58       0x12 ./HAL/hal_dma.o
                0x0000000000004c58                HAL_DMA_SetCounter
 .text.HAL_DMA_SetCouterAndEnable
                0x0000000000004c6a       0x1a ./HAL/hal_dma.o
                0x0000000000004c6a                HAL_DMA_SetCouterAndEnable
 .text.HAL_DMAInitIT
                0x0000000000004c84       0xb2 ./HAL/hal_dma.o
                0x0000000000004c84                HAL_DMAInitIT
 .text.HAL_ADC_StartDMA
                0x0000000000004d36       0x38 ./HAL/hal_dma.o
                0x0000000000004d36                HAL_ADC_StartDMA
 .text.DMA1_Channel1_IRQHandler
                0x0000000000004d6e       0x4e ./HAL/hal_dma.o
                0x0000000000004d6e                DMA1_Channel1_IRQHandler
 .text.DMA1_Channel3_IRQHandler
                0x0000000000004dbc       0x4e ./HAL/hal_dma.o
                0x0000000000004dbc                DMA1_Channel3_IRQHandler
 .text.DMA1_Channel4_IRQHandler
                0x0000000000004e0a       0x4e ./HAL/hal_dma.o
                0x0000000000004e0a                DMA1_Channel4_IRQHandler
 .text.DMA1_Channel5_IRQHandler
                0x0000000000004e58       0x4e ./HAL/hal_dma.o
                0x0000000000004e58                DMA1_Channel5_IRQHandler
 .text.DMA1_Channel7_IRQHandler
                0x0000000000004ea6       0x4e ./HAL/hal_dma.o
                0x0000000000004ea6                DMA1_Channel7_IRQHandler
 .text.HAL_InitRCC
                0x0000000000004ef4       0x48 ./HAL/hal_gpio.o
 .text.HAL_InitGpioOut
                0x0000000000004f3c       0x28 ./HAL/hal_gpio.o
                0x0000000000004f3c                HAL_InitGpioOut
 .text.HAL_InitGpioAIN
                0x0000000000004f64       0x26 ./HAL/hal_gpio.o
                0x0000000000004f64                HAL_InitGpioAIN
 .text.HAL_InitGpioIn
                0x0000000000004f8a       0x28 ./HAL/hal_gpio.o
                0x0000000000004f8a                HAL_InitGpioIn
 .text.HAL_InitGpioAF
                0x0000000000004fb2       0x3c ./HAL/hal_gpio.o
                0x0000000000004fb2                HAL_InitGpioAF
 .text.HAL_GetBit
                0x0000000000004fee        0xc ./HAL/hal_gpio.o
                0x0000000000004fee                HAL_GetBit
 .text.HAL_SetBit
                0x0000000000004ffa        0xc ./HAL/hal_gpio.o
                0x0000000000004ffa                HAL_SetBit
 .text.HAL_ResetBit
                0x0000000000005006        0xc ./HAL/hal_gpio.o
                0x0000000000005006                HAL_ResetBit
 .text.I2C_Master_TransmitFast
                0x0000000000005012       0xe8 ./HAL/hal_i2c.o
 .text.I2C_Master_TransmitIT
                0x00000000000050fa       0xa0 ./HAL/hal_i2c.o
 .text.I2C_Master_ReviceIT
                0x000000000000519a       0x9e ./HAL/hal_i2c.o
 .text.I2C_FSM  0x0000000000005238      0x1d6 ./HAL/hal_i2c.o
 .text.InitI2CDMA
                0x000000000000540e      0x156 ./HAL/hal_i2c.o
                0x000000000000540e                InitI2CDMA
 .text.I2C1_EV_IRQHandler
                0x0000000000005564       0x4c ./HAL/hal_i2c.o
                0x0000000000005564                I2C1_EV_IRQHandler
 .text.I2C1_ER_IRQHandler
                0x00000000000055b0       0x4c ./HAL/hal_i2c.o
                0x00000000000055b0                I2C1_ER_IRQHandler
 .text.PFIC_IRQ_ENABLE_PG1
                0x00000000000055fc       0x34 ./HAL/hal_irq.o
                0x00000000000055fc                PFIC_IRQ_ENABLE_PG1
 .text.HAL_RTC_IT_Init
                0x0000000000005630       0xba ./HAL/hal_rtc.o
                0x0000000000005630                HAL_RTC_IT_Init
 .text.RTC_IRQHandler
                0x00000000000056ea       0x78 ./HAL/hal_rtc.o
                0x00000000000056ea                RTC_IRQHandler
 .text.HAL_SPI_InitDMA
                0x0000000000005762       0x86 ./HAL/hal_spi.o
                0x0000000000005762                HAL_SPI_InitDMA
 .text.HAL_SPI_RXOveleyClear
                0x00000000000057e8       0x12 ./HAL/hal_spi.o
                0x00000000000057e8                HAL_SPI_RXOveleyClear
 .text.HAL_SPI_GetBusy
                0x00000000000057fa       0x10 ./HAL/hal_spi.o
                0x00000000000057fa                HAL_SPI_GetBusy
 .text.vTimerInitRCC
                0x000000000000580a       0x82 ./HAL/hal_timers.o
 .text.TIM4_IRQHandler
                0x000000000000588c       0x70 ./HAL/hal_timers.o
                0x000000000000588c                TIM4_IRQHandler
 .text.HAL_TiemrEneblae
                0x00000000000058fc       0x16 ./HAL/hal_timers.o
                0x00000000000058fc                HAL_TiemrEneblae
 .text.HAL_TiemrDisable
                0x0000000000005912       0x1c ./HAL/hal_timers.o
                0x0000000000005912                HAL_TiemrDisable
 .text.HW_TIMER_BaseTimerInit
                0x000000000000592e       0x54 ./HAL/hal_timers.o
                0x000000000000592e                HW_TIMER_BaseTimerInit
 .text.HAL_TIMER_InitIt
                0x0000000000005982       0x84 ./HAL/hal_timers.o
                0x0000000000005982                HAL_TIMER_InitIt
 .text.HAL_TIMER_PWMTimersInit
                0x0000000000005a06       0xda ./HAL/hal_timers.o
                0x0000000000005a06                HAL_TIMER_PWMTimersInit
 .text.HAL_TimeInitCaptureDMA
                0x0000000000005ae0      0x108 ./HAL/hal_timers.o
                0x0000000000005ae0                HAL_TimeInitCaptureDMA
 .text.HAL_TIMER_DisablePWMCH
                0x0000000000005be8       0x1a ./HAL/hal_timers.o
                0x0000000000005be8                HAL_TIMER_DisablePWMCH
 .text.HAL_TIMER_SetPWMPulse
                0x0000000000005c02       0x86 ./HAL/hal_timers.o
                0x0000000000005c02                HAL_TIMER_SetPWMPulse
 .text.HAL_TIMER_EnablePWMCH
                0x0000000000005c88       0x1a ./HAL/hal_timers.o
                0x0000000000005c88                HAL_TIMER_EnablePWMCH
 .text.HAL_WDTReset
                0x0000000000005ca2        0xe ./HAL/hal_wdt.o
                0x0000000000005ca2                HAL_WDTReset
 .text.HAL_WDT_Init1s
                0x0000000000005cb0       0x28 ./HAL/hal_wdt.o
                0x0000000000005cb0                HAL_WDT_Init1s
 .text.prvInsertBlockIntoFreeList
                0x0000000000005cd8       0x48 ./FreeRTOS/portable/MemMang/heap_4.o
 .text.pvPortMalloc
                0x0000000000005d20      0x182 ./FreeRTOS/portable/MemMang/heap_4.o
                0x0000000000005d20                pvPortMalloc
 .text.vPortFree
                0x0000000000005ea2       0xa4 ./FreeRTOS/portable/MemMang/heap_4.o
                0x0000000000005ea2                vPortFree
 .text.vPortSetupTimerInterrupt
                0x0000000000005f46       0x3e ./FreeRTOS/portable/GCC/RISC-V/port.o
                0x0000000000005f46                vPortSetupTimerInterrupt
 .text.xPortStartScheduler
                0x0000000000005f84       0x90 ./FreeRTOS/portable/GCC/RISC-V/port.o
                0x0000000000005f84                xPortStartScheduler
 .text.SysTick_Handler
                0x0000000000006014       0x7c ./FreeRTOS/portable/GCC/RISC-V/port.o
                0x0000000000006014                SysTick_Handler
 .text.vPortEnterCritical
                0x0000000000006090       0x16 ./FreeRTOS/portable/GCC/RISC-V/port.o
                0x0000000000006090                vPortEnterCritical
 .text.vPortExitCritical
                0x00000000000060a6       0x42 ./FreeRTOS/portable/GCC/RISC-V/port.o
                0x00000000000060a6                vPortExitCritical
 .text.xPortSetInterruptMask
                0x00000000000060e8        0xc ./FreeRTOS/portable/GCC/RISC-V/port.o
                0x00000000000060e8                xPortSetInterruptMask
 .text.vPortClearInterruptMask
                0x00000000000060f4        0x6 ./FreeRTOS/portable/GCC/RISC-V/port.o
                0x00000000000060f4                vPortClearInterruptMask
 .text.vListInitialise
                0x00000000000060fa       0x14 ./FreeRTOS/list.o
                0x00000000000060fa                vListInitialise
 .text.vListInitialiseItem
                0x000000000000610e        0x6 ./FreeRTOS/list.o
                0x000000000000610e                vListInitialiseItem
 .text.vListInsertEnd
                0x0000000000006114       0x18 ./FreeRTOS/list.o
                0x0000000000006114                vListInsertEnd
 .text.vListInsert
                0x000000000000612c       0x2e ./FreeRTOS/list.o
                0x000000000000612c                vListInsert
 .text.uxListRemove
                0x000000000000615a       0x20 ./FreeRTOS/list.o
                0x000000000000615a                uxListRemove
 .text.prvIsQueueEmpty
                0x000000000000617a       0x1e ./FreeRTOS/queue.o
 .text.prvCopyDataToQueue
                0x0000000000006198       0x72 ./FreeRTOS/queue.o
 .text.prvCopyDataFromQueue
                0x000000000000620a       0x28 ./FreeRTOS/queue.o
 .text.prvUnlockQueue
                0x0000000000006232       0x76 ./FreeRTOS/queue.o
 .text.xQueueGenericReset
                0x00000000000062a8       0xc4 ./FreeRTOS/queue.o
                0x00000000000062a8                xQueueGenericReset
 .text.xQueueGenericCreateStatic
                0x000000000000636c       0xae ./FreeRTOS/queue.o
                0x000000000000636c                xQueueGenericCreateStatic
 .text.xQueueGenericCreate
                0x000000000000641a       0x72 ./FreeRTOS/queue.o
                0x000000000000641a                xQueueGenericCreate
 .text.xQueueGenericSend
                0x000000000000648c      0x1a8 ./FreeRTOS/queue.o
                0x000000000000648c                xQueueGenericSend
 .text.xQueueGiveMutexRecursive
                0x0000000000006634       0x56 ./FreeRTOS/queue.o
                0x0000000000006634                xQueueGiveMutexRecursive
 .text.xQueueCreateMutex
                0x000000000000668a       0x2e ./FreeRTOS/queue.o
                0x000000000000668a                xQueueCreateMutex
 .text.xQueueReceive
                0x00000000000066b8      0x166 ./FreeRTOS/queue.o
                0x00000000000066b8                xQueueReceive
 .text.xQueueSemaphoreTake
                0x000000000000681e      0x1be ./FreeRTOS/queue.o
                0x000000000000681e                xQueueSemaphoreTake
 .text.xQueueTakeMutexRecursive
                0x00000000000069dc       0x5a ./FreeRTOS/queue.o
                0x00000000000069dc                xQueueTakeMutexRecursive
 .text.uxQueueMessagesWaiting
                0x0000000000006a36       0x44 ./FreeRTOS/queue.o
                0x0000000000006a36                uxQueueMessagesWaiting
 .text.vQueueAddToRegistry
                0x0000000000006a7a       0x6c ./FreeRTOS/queue.o
                0x0000000000006a7a                vQueueAddToRegistry
 .text.vQueueWaitForMessageRestricted
                0x0000000000006ae6       0x5c ./FreeRTOS/queue.o
                0x0000000000006ae6                vQueueWaitForMessageRestricted
 .text.prvIdleTask
                0x0000000000006b42        0x2 ./FreeRTOS/tasks.o
 .text.prvAddNewTaskToReadyList
                0x0000000000006b44       0xf6 ./FreeRTOS/tasks.o
 .text.prvResetNextTaskUnblockTime
                0x0000000000006c3a       0x1c ./FreeRTOS/tasks.o
 .text.prvTaskIsTaskSuspended
                0x0000000000006c56       0x50 ./FreeRTOS/tasks.o
 .text.prvInitialiseNewTask.isra.2
                0x0000000000006ca6       0xc8 ./FreeRTOS/tasks.o
 .text.prvAddCurrentTaskToDelayedList
                0x0000000000006d6e       0x98 ./FreeRTOS/tasks.o
 .text.xTaskCreateStatic
                0x0000000000006e06       0xa6 ./FreeRTOS/tasks.o
                0x0000000000006e06                xTaskCreateStatic
 .text.vTaskResume
                0x0000000000006eac       0xa2 ./FreeRTOS/tasks.o
                0x0000000000006eac                vTaskResume
 .text.vTaskStartScheduler
                0x0000000000006f4e       0x90 ./FreeRTOS/tasks.o
                0x0000000000006f4e                vTaskStartScheduler
 .text.vTaskSuspendAll
                0x0000000000006fde        0xc ./FreeRTOS/tasks.o
                0x0000000000006fde                vTaskSuspendAll
 .text.xTaskGetTickCount
                0x0000000000006fea        0x6 ./FreeRTOS/tasks.o
                0x0000000000006fea                xTaskGetTickCount
 .text.xTaskIncrementTick
                0x0000000000006ff0      0x180 ./FreeRTOS/tasks.o
                0x0000000000006ff0                xTaskIncrementTick
 .text.xTaskResumeAll
                0x0000000000007170      0x148 ./FreeRTOS/tasks.o
                0x0000000000007170                xTaskResumeAll
 .text.vTaskDelay
                0x00000000000072b8       0x62 ./FreeRTOS/tasks.o
                0x00000000000072b8                vTaskDelay
 .text.vTaskSwitchContext
                0x000000000000731a       0x8a ./FreeRTOS/tasks.o
                0x000000000000731a                vTaskSwitchContext
 .text.vTaskSuspend
                0x00000000000073a4       0xde ./FreeRTOS/tasks.o
                0x00000000000073a4                vTaskSuspend
 .text.vTaskPlaceOnEventList
                0x0000000000007482       0x44 ./FreeRTOS/tasks.o
                0x0000000000007482                vTaskPlaceOnEventList
 .text.vTaskPlaceOnEventListRestricted
                0x00000000000074c6       0x72 ./FreeRTOS/tasks.o
                0x00000000000074c6                vTaskPlaceOnEventListRestricted
 .text.xTaskRemoveFromEventList
                0x0000000000007538       0xdc ./FreeRTOS/tasks.o
                0x0000000000007538                xTaskRemoveFromEventList
 .text.vTaskInternalSetTimeOutState
                0x0000000000007614        0xe ./FreeRTOS/tasks.o
                0x0000000000007614                vTaskInternalSetTimeOutState
 .text.xTaskCheckForTimeOut
                0x0000000000007622       0xaa ./FreeRTOS/tasks.o
                0x0000000000007622                xTaskCheckForTimeOut
 .text.vTaskMissedYield
                0x00000000000076cc        0x8 ./FreeRTOS/tasks.o
                0x00000000000076cc                vTaskMissedYield
 .text.xTaskGetCurrentTaskHandle
                0x00000000000076d4        0x6 ./FreeRTOS/tasks.o
                0x00000000000076d4                xTaskGetCurrentTaskHandle
 .text.xTaskGetSchedulerState
                0x00000000000076da       0x14 ./FreeRTOS/tasks.o
                0x00000000000076da                xTaskGetSchedulerState
 .text.xTaskPriorityInherit
                0x00000000000076ee       0xa6 ./FreeRTOS/tasks.o
                0x00000000000076ee                xTaskPriorityInherit
 .text.xTaskPriorityDisinherit
                0x0000000000007794       0xc2 ./FreeRTOS/tasks.o
                0x0000000000007794                xTaskPriorityDisinherit
 .text.vTaskPriorityDisinheritAfterTimeout
                0x0000000000007856       0xde ./FreeRTOS/tasks.o
                0x0000000000007856                vTaskPriorityDisinheritAfterTimeout
 .text.pvTaskIncrementMutexHeldCount
                0x0000000000007934       0x18 ./FreeRTOS/tasks.o
                0x0000000000007934                pvTaskIncrementMutexHeldCount
 .text.ulTaskGenericNotifyTake
                0x000000000000794c       0xb4 ./FreeRTOS/tasks.o
                0x000000000000794c                ulTaskGenericNotifyTake
 .text.xTaskGenericNotifyWait
                0x0000000000007a00       0xe2 ./FreeRTOS/tasks.o
                0x0000000000007a00                xTaskGenericNotifyWait
 .text.xTaskGenericNotify
                0x0000000000007ae2      0x1a8 ./FreeRTOS/tasks.o
                0x0000000000007ae2                xTaskGenericNotify
 .text.xTaskGenericNotifyFromISR
                0x0000000000007c8a      0x1e0 ./FreeRTOS/tasks.o
                0x0000000000007c8a                xTaskGenericNotifyFromISR
 .text.ulTaskGenericNotifyValueClear
                0x0000000000007e6a       0x3a ./FreeRTOS/tasks.o
                0x0000000000007e6a                ulTaskGenericNotifyValueClear
 .text.prvCheckForValidListAndQueue
                0x0000000000007ea4       0x6a ./FreeRTOS/timers.o
 .text.prvInsertTimerInActiveList
                0x0000000000007f0e       0x3e ./FreeRTOS/timers.o
 .text.prvReloadTimer
                0x0000000000007f4c       0x2a ./FreeRTOS/timers.o
 .text.prvProcessExpiredTimer
                0x0000000000007f76       0x42 ./FreeRTOS/timers.o
 .text.prvSwitchTimerLists
                0x0000000000007fb8       0x28 ./FreeRTOS/timers.o
 .text.prvTimerTask
                0x0000000000007fe0      0x188 ./FreeRTOS/timers.o
 .text.xTimerCreateTimerTask
                0x0000000000008168       0x6e ./FreeRTOS/timers.o
                0x0000000000008168                xTimerCreateTimerTask
 .text.vRCFilter
                0x00000000000081d6       0x30 ./Drivers/filters.o
                0x00000000000081d6                vRCFilter
 .text.vInitABFilter
                0x0000000000008206       0x22 ./Drivers/filters.o
                0x0000000000008206                vInitABFilter
 .text.vInitRunAverga
                0x0000000000008228        0x8 ./Drivers/filters.o
                0x0000000000008228                vInitRunAverga
 .text.vInitMedianFilter
                0x0000000000008230       0x12 ./Drivers/filters.o
                0x0000000000008230                vInitMedianFilter
 .text.MedianFilter
                0x0000000000008242       0x6e ./Drivers/filters.o
                0x0000000000008242                MedianFilter
 .text.Delay_Init
                0x00000000000082b0       0x2a ./Debug/debug.o
                0x00000000000082b0                Delay_Init
 .text.Delay_Ms
                0x00000000000082da       0x36 ./Debug/debug.o
                0x00000000000082da                Delay_Ms
 .text._write   0x0000000000008310       0x3e ./Debug/debug.o
                0x0000000000008310                _write
 .text._sbrk    0x000000000000834e       0x2a ./Debug/debug.o
                0x000000000000834e                _sbrk
 .text.prv_read_can_received_msg
                0x0000000000008378       0x50 ./CANopenNode/keypad/CO_driver_ST32F103.o
                0x0000000000008378                prv_read_can_received_msg
 .text.prv_send_can_message.isra.0
                0x00000000000083c8       0x2c ./CANopenNode/keypad/CO_driver_ST32F103.o
 .text.CAN_SendMessage
                0x00000000000083f4       0x66 ./CANopenNode/keypad/CO_driver_ST32F103.o
                0x00000000000083f4                CAN_SendMessage
 .text.co_drv_create_os_objects
                0x000000000000845a       0x30 ./CANopenNode/keypad/CO_driver_ST32F103.o
                0x000000000000845a                co_drv_create_os_objects
 .text.co_drv_mutex_lock
                0x000000000000848a       0x18 ./CANopenNode/keypad/CO_driver_ST32F103.o
                0x000000000000848a                co_drv_mutex_lock
 .text.co_drv_mutex_unlock
                0x00000000000084a2       0x16 ./CANopenNode/keypad/CO_driver_ST32F103.o
                0x00000000000084a2                co_drv_mutex_unlock
 .text.CO_CANsetConfigurationMode
                0x00000000000084b8       0x10 ./CANopenNode/keypad/CO_driver_ST32F103.o
                0x00000000000084b8                CO_CANsetConfigurationMode
 .text.CO_CANsetNormalMode
                0x00000000000084c8       0x1c ./CANopenNode/keypad/CO_driver_ST32F103.o
                0x00000000000084c8                CO_CANsetNormalMode
 .text.CO_CANmodule_init
                0x00000000000084e4      0x110 ./CANopenNode/keypad/CO_driver_ST32F103.o
                0x00000000000084e4                CO_CANmodule_init
 .text.CO_CANmodule_disable
                0x00000000000085f4       0x14 ./CANopenNode/keypad/CO_driver_ST32F103.o
                0x00000000000085f4                CO_CANmodule_disable
 .text.CO_CANrxBufferInit
                0x0000000000008608       0x52 ./CANopenNode/keypad/CO_driver_ST32F103.o
                0x0000000000008608                CO_CANrxBufferInit
 .text.CO_CANtxBufferInit
                0x000000000000865a       0x3a ./CANopenNode/keypad/CO_driver_ST32F103.o
                0x000000000000865a                CO_CANtxBufferInit
 .text.CO_CANmodule_process
                0x0000000000008694       0x12 ./CANopenNode/keypad/CO_driver_ST32F103.o
                0x0000000000008694                CO_CANmodule_process
 .text.CO_CANsend
                0x00000000000086a6       0x46 ./CANopenNode/keypad/CO_driver_ST32F103.o
                0x00000000000086a6                CO_CANsend
 .text.CO_LSSslave_receive
                0x00000000000086ec      0x1a8 ./CANopenNode/305/CO_LSSslave.o
 .text.CO_LSSslave_init
                0x0000000000008894       0xa4 ./CANopenNode/305/CO_LSSslave.o
                0x0000000000008894                CO_LSSslave_init
 .text.CO_LSSslave_process
                0x0000000000008938      0x1a2 ./CANopenNode/305/CO_LSSslave.o
                0x0000000000008938                CO_LSSslave_process
 .text.OD_write_1003
                0x0000000000008ada       0x28 ./CANopenNode/301/CO_Emergency.o
 .text.OD_read_1003
                0x0000000000008b02       0x8c ./CANopenNode/301/CO_Emergency.o
 .text.OD_read_1014_default
                0x0000000000008b8e       0x50 ./CANopenNode/301/CO_Emergency.o
 .text.CO_EM_init
                0x0000000000008bde      0x112 ./CANopenNode/301/CO_Emergency.o
                0x0000000000008bde                CO_EM_init
 .text.CO_error
                0x0000000000008cf0       0xc4 ./CANopenNode/301/CO_Emergency.o
                0x0000000000008cf0                CO_error
 .text.CO_EM_process
                0x0000000000008db4      0x182 ./CANopenNode/301/CO_Emergency.o
                0x0000000000008db4                CO_EM_process
 .text.CO_NMT_receive
                0x0000000000008f36       0x18 ./CANopenNode/301/CO_NMT_Heartbeat.o
 .text.OD_write_1017
                0x0000000000008f4e       0x48 ./CANopenNode/301/CO_NMT_Heartbeat.o
 .text.CO_NMT_init
                0x0000000000008f96       0xec ./CANopenNode/301/CO_NMT_Heartbeat.o
                0x0000000000008f96                CO_NMT_init
 .text.CO_NMT_process
                0x0000000000009082      0x106 ./CANopenNode/301/CO_NMT_Heartbeat.o
                0x0000000000009082                CO_NMT_process
 .text.OD_readDisabled
                0x0000000000009188        0x4 ./CANopenNode/301/CO_ODinterface.o
 .text.OD_readOriginal
                0x000000000000918c       0x50 ./CANopenNode/301/CO_ODinterface.o
                0x000000000000918c                OD_readOriginal
 .text.OD_writeOriginal
                0x00000000000091dc       0x54 ./CANopenNode/301/CO_ODinterface.o
                0x00000000000091dc                OD_writeOriginal
 .text.OD_writeDisabled
                0x0000000000009230        0x4 ./CANopenNode/301/CO_ODinterface.o
 .text.OD_find  0x0000000000009234       0x70 ./CANopenNode/301/CO_ODinterface.o
                0x0000000000009234                OD_find
 .text.OD_getSub
                0x00000000000092a4       0xf6 ./CANopenNode/301/CO_ODinterface.o
                0x00000000000092a4                OD_getSub
 .text.OD_getSDOabCode
                0x000000000000939a       0x20 ./CANopenNode/301/CO_ODinterface.o
                0x000000000000939a                OD_getSDOabCode
 .text.OD_get_value
                0x00000000000093ba       0x34 ./CANopenNode/301/CO_ODinterface.o
                0x00000000000093ba                OD_get_value
 .text.OD_set_value
                0x00000000000093ee       0x2e ./CANopenNode/301/CO_ODinterface.o
                0x00000000000093ee                OD_set_value
 .text.OD_getPtr
                0x000000000000941c       0x3c ./CANopenNode/301/CO_ODinterface.o
                0x000000000000941c                OD_getPtr
 .text.OD_write_dummy
                0x0000000000009458        0x8 ./CANopenNode/301/CO_PDO.o
 .text.OD_read_dummy
                0x0000000000009460       0x2e ./CANopenNode/301/CO_PDO.o
 .text.PDOconfigMap
                0x000000000000948e      0x100 ./CANopenNode/301/CO_PDO.o
 .text.CO_PDO_receive
                0x000000000000958e       0x48 ./CANopenNode/301/CO_PDO.o
 .text.OD_read_PDO_commParam
                0x00000000000095d6       0x70 ./CANopenNode/301/CO_PDO.o
 .text.PDO_initMapping.constprop.3
                0x0000000000009646       0xe6 ./CANopenNode/301/CO_PDO.o
 .text.OD_write_PDO_mapping
                0x000000000000972c       0xb4 ./CANopenNode/301/CO_PDO.o
 .text.OD_write_18xx
                0x00000000000097e0      0x184 ./CANopenNode/301/CO_PDO.o
 .text.OD_write_14xx
                0x0000000000009964      0x15a ./CANopenNode/301/CO_PDO.o
 .text.CO_RPDO_init
                0x0000000000009abe      0x172 ./CANopenNode/301/CO_PDO.o
                0x0000000000009abe                CO_RPDO_init
 .text.CO_RPDO_process
                0x0000000000009c30      0x114 ./CANopenNode/301/CO_PDO.o
                0x0000000000009c30                CO_RPDO_process
 .text.CO_TPDO_init
                0x0000000000009d44      0x1d2 ./CANopenNode/301/CO_PDO.o
                0x0000000000009d44                CO_TPDO_init
 .text.CO_TPDO_process
                0x0000000000009f16      0x15e ./CANopenNode/301/CO_PDO.o
                0x0000000000009f16                CO_TPDO_process
 .text.CO_SDOserver_init_canRxTx
                0x000000000000a074       0x82 ./CANopenNode/301/CO_SDOserver.o
 .text.CO_SDO_receive
                0x000000000000a0f6       0x38 ./CANopenNode/301/CO_SDOserver.o
 .text.readFromOd.isra.1.constprop.5
                0x000000000000a12e       0xe2 ./CANopenNode/301/CO_SDOserver.o
 .text.OD_write_1201_additional
                0x000000000000a210      0x158 ./CANopenNode/301/CO_SDOserver.o
 .text.CO_SDOserver_init
                0x000000000000a368      0x172 ./CANopenNode/301/CO_SDOserver.o
                0x000000000000a368                CO_SDOserver_init
 .text.CO_SDOserver_process
                0x000000000000a4da      0x5e8 ./CANopenNode/301/CO_SDOserver.o
                0x000000000000a4da                CO_SDOserver_process
 .text.CO_delete
                0x000000000000aac2       0x56 ./CANopenNode/CANopen.o
                0x000000000000aac2                CO_delete
 .text.CO_new   0x000000000000ab18      0x102 ./CANopenNode/CANopen.o
                0x000000000000ab18                CO_new
 .text.CO_CANinit
                0x000000000000ac1a       0x36 ./CANopenNode/CANopen.o
                0x000000000000ac1a                CO_CANinit
 .text.CO_LSSinit
                0x000000000000ac50       0x32 ./CANopenNode/CANopen.o
                0x000000000000ac50                CO_LSSinit
 .text.CO_CANopenInit
                0x000000000000ac82       0xb8 ./CANopenNode/CANopen.o
                0x000000000000ac82                CO_CANopenInit
 .text.CO_CANopenInitPDO
                0x000000000000ad3a       0xea ./CANopenNode/CANopen.o
                0x000000000000ad3a                CO_CANopenInitPDO
 .text.CO_process
                0x000000000000ae24       0x7e ./CANopenNode/CANopen.o
                0x000000000000ae24                CO_process
 .text.CO_process_RPDO
                0x000000000000aea2       0x40 ./CANopenNode/CANopen.o
                0x000000000000aea2                CO_process_RPDO
 .text.CO_process_TPDO
                0x000000000000aee2       0x40 ./CANopenNode/CANopen.o
                0x000000000000aee2                CO_process_TPDO
 .text.__addsf3
                0x000000000000af22      0x36a c:/mounriver/mounriver_studio/toolchain/risc-v embedded gcc/bin/../lib/gcc/riscv-none-embed/8.2.0/rv32imacxw/ilp32\libgcc.a(addsf3.o)
                0x000000000000af22                __addsf3
 .text.__divsf3
                0x000000000000b28c      0x2b2 c:/mounriver/mounriver_studio/toolchain/risc-v embedded gcc/bin/../lib/gcc/riscv-none-embed/8.2.0/rv32imacxw/ilp32\libgcc.a(divsf3.o)
                0x000000000000b28c                __divsf3
 .text.__gesf2  0x000000000000b53e       0x86 c:/mounriver/mounriver_studio/toolchain/risc-v embedded gcc/bin/../lib/gcc/riscv-none-embed/8.2.0/rv32imacxw/ilp32\libgcc.a(gesf2.o)
                0x000000000000b53e                __gesf2
                0x000000000000b53e                __gtsf2
 .text.__lesf2  0x000000000000b5c4       0x8c c:/mounriver/mounriver_studio/toolchain/risc-v embedded gcc/bin/../lib/gcc/riscv-none-embed/8.2.0/rv32imacxw/ilp32\libgcc.a(lesf2.o)
                0x000000000000b5c4                __ltsf2
                0x000000000000b5c4                __lesf2
 .text.__mulsf3
                0x000000000000b650      0x290 c:/mounriver/mounriver_studio/toolchain/risc-v embedded gcc/bin/../lib/gcc/riscv-none-embed/8.2.0/rv32imacxw/ilp32\libgcc.a(mulsf3.o)
                0x000000000000b650                __mulsf3
 .text.__subsf3
                0x000000000000b8e0      0x388 c:/mounriver/mounriver_studio/toolchain/risc-v embedded gcc/bin/../lib/gcc/riscv-none-embed/8.2.0/rv32imacxw/ilp32\libgcc.a(subsf3.o)
                0x000000000000b8e0                __subsf3
 .text.__fixsfsi
                0x000000000000bc68       0x62 c:/mounriver/mounriver_studio/toolchain/risc-v embedded gcc/bin/../lib/gcc/riscv-none-embed/8.2.0/rv32imacxw/ilp32\libgcc.a(fixsfsi.o)
                0x000000000000bc68                __fixsfsi
 .text.__fixunssfsi
                0x000000000000bcca       0x56 c:/mounriver/mounriver_studio/toolchain/risc-v embedded gcc/bin/../lib/gcc/riscv-none-embed/8.2.0/rv32imacxw/ilp32\libgcc.a(fixunssfsi.o)
                0x000000000000bcca                __fixunssfsi
 .text.__floatsisf
                0x000000000000bd20       0xc6 c:/mounriver/mounriver_studio/toolchain/risc-v embedded gcc/bin/../lib/gcc/riscv-none-embed/8.2.0/rv32imacxw/ilp32\libgcc.a(floatsisf.o)
                0x000000000000bd20                __floatsisf
 .text.__floatunsisf
                0x000000000000bde6       0xce c:/mounriver/mounriver_studio/toolchain/risc-v embedded gcc/bin/../lib/gcc/riscv-none-embed/8.2.0/rv32imacxw/ilp32\libgcc.a(floatunsisf.o)
                0x000000000000bde6                __floatunsisf
 .text.__clzsi2
                0x000000000000beb4       0x6e c:/mounriver/mounriver_studio/toolchain/risc-v embedded gcc/bin/../lib/gcc/riscv-none-embed/8.2.0/rv32imacxw/ilp32\libgcc.a(_clzsi2.o)
                0x000000000000beb4                __clzsi2
 .text.calloc   0x000000000000bf22        0xc c:/mounriver/mounriver_studio/toolchain/risc-v embedded gcc/bin/../lib/gcc/riscv-none-embed/8.2.0/../../../../riscv-none-embed/lib/rv32imacxw/ilp32\libg_nano.a(lib_a-calloc.o)
                0x000000000000bf22                calloc
 .text.free     0x000000000000bf2e        0xa c:/mounriver/mounriver_studio/toolchain/risc-v embedded gcc/bin/../lib/gcc/riscv-none-embed/8.2.0/../../../../riscv-none-embed/lib/rv32imacxw/ilp32\libg_nano.a(lib_a-malloc.o)
                0x000000000000bf2e                free
 .text.memcpy   0x000000000000bf38       0xb2 c:/mounriver/mounriver_studio/toolchain/risc-v embedded gcc/bin/../lib/gcc/riscv-none-embed/8.2.0/../../../../riscv-none-embed/lib/rv32imacxw/ilp32\libg_nano.a(lib_a-memcpy.o)
                0x000000000000bf38                memcpy
 .text.memmove  0x000000000000bfea       0x46 c:/mounriver/mounriver_studio/toolchain/risc-v embedded gcc/bin/../lib/gcc/riscv-none-embed/8.2.0/../../../../riscv-none-embed/lib/rv32imacxw/ilp32\libg_nano.a(lib_a-memmove.o)
                0x000000000000bfea                memmove
 .text._calloc_r
                0x000000000000c030       0x26 c:/mounriver/mounriver_studio/toolchain/risc-v embedded gcc/bin/../lib/gcc/riscv-none-embed/8.2.0/../../../../riscv-none-embed/lib/rv32imacxw/ilp32\libg_nano.a(lib_a-nano-callocr.o)
                0x000000000000c030                _calloc_r
 .text._free_r  0x000000000000c056       0xa4 c:/mounriver/mounriver_studio/toolchain/risc-v embedded gcc/bin/../lib/gcc/riscv-none-embed/8.2.0/../../../../riscv-none-embed/lib/rv32imacxw/ilp32\libg_nano.a(lib_a-nano-freer.o)
                0x000000000000c056                _free_r
 .text._malloc_r
                0x000000000000c0fa       0xce c:/mounriver/mounriver_studio/toolchain/risc-v embedded gcc/bin/../lib/gcc/riscv-none-embed/8.2.0/../../../../riscv-none-embed/lib/rv32imacxw/ilp32\libg_nano.a(lib_a-nano-mallocr.o)
                0x000000000000c0fa                _malloc_r
 .text.printf   0x000000000000c1c8       0x3e c:/mounriver/mounriver_studio/toolchain/risc-v embedded gcc/bin/../lib/gcc/riscv-none-embed/8.2.0/../../../../riscv-none-embed/lib/rv32imacxw/ilp32\libg_nano.a(lib_a-printf.o)
                0x000000000000c1c8                iprintf
                0x000000000000c1c8                printf
 .text._sbrk_r  0x000000000000c206       0x32 c:/mounriver/mounriver_studio/toolchain/risc-v embedded gcc/bin/../lib/gcc/riscv-none-embed/8.2.0/../../../../riscv-none-embed/lib/rv32imacxw/ilp32\libg_nano.a(lib_a-sbrkr.o)
                0x000000000000c206                _sbrk_r
 .text.strlen   0x000000000000c238       0x12 c:/mounriver/mounriver_studio/toolchain/risc-v embedded gcc/bin/../lib/gcc/riscv-none-embed/8.2.0/../../../../riscv-none-embed/lib/rv32imacxw/ilp32\libg_nano.a(lib_a-strlen.o)
                0x000000000000c238                strlen
 .text.std      0x000000000000c24a       0x66 c:/mounriver/mounriver_studio/toolchain/risc-v embedded gcc/bin/../lib/gcc/riscv-none-embed/8.2.0/../../../../riscv-none-embed/lib/rv32imacxw/ilp32\libg_nano.a(lib_a-findfp.o)
 .text._cleanup_r
                0x000000000000c2b0        0xa c:/mounriver/mounriver_studio/toolchain/risc-v embedded gcc/bin/../lib/gcc/riscv-none-embed/8.2.0/../../../../riscv-none-embed/lib/rv32imacxw/ilp32\libg_nano.a(lib_a-findfp.o)
                0x000000000000c2b0                _cleanup_r
 .text.__sfmoreglue
                0x000000000000c2ba       0x48 c:/mounriver/mounriver_studio/toolchain/risc-v embedded gcc/bin/../lib/gcc/riscv-none-embed/8.2.0/../../../../riscv-none-embed/lib/rv32imacxw/ilp32\libg_nano.a(lib_a-findfp.o)
                0x000000000000c2ba                __sfmoreglue
 .text.__sinit  0x000000000000c302       0x6c c:/mounriver/mounriver_studio/toolchain/risc-v embedded gcc/bin/../lib/gcc/riscv-none-embed/8.2.0/../../../../riscv-none-embed/lib/rv32imacxw/ilp32\libg_nano.a(lib_a-findfp.o)
                0x000000000000c302                __sinit
 .text.__sfp    0x000000000000c36e       0xa0 c:/mounriver/mounriver_studio/toolchain/risc-v embedded gcc/bin/../lib/gcc/riscv-none-embed/8.2.0/../../../../riscv-none-embed/lib/rv32imacxw/ilp32\libg_nano.a(lib_a-findfp.o)
                0x000000000000c36e                __sfp
 .text._fwalk_reent
                0x000000000000c40e       0x6a c:/mounriver/mounriver_studio/toolchain/risc-v embedded gcc/bin/../lib/gcc/riscv-none-embed/8.2.0/../../../../riscv-none-embed/lib/rv32imacxw/ilp32\libg_nano.a(lib_a-fwalk.o)
                0x000000000000c40e                _fwalk_reent
 .text.__malloc_lock
                0x000000000000c478        0x2 c:/mounriver/mounriver_studio/toolchain/risc-v embedded gcc/bin/../lib/gcc/riscv-none-embed/8.2.0/../../../../riscv-none-embed/lib/rv32imacxw/ilp32\libg_nano.a(lib_a-mlock.o)
                0x000000000000c478                __malloc_lock
 .text.__malloc_unlock
                0x000000000000c47a        0x2 c:/mounriver/mounriver_studio/toolchain/risc-v embedded gcc/bin/../lib/gcc/riscv-none-embed/8.2.0/../../../../riscv-none-embed/lib/rv32imacxw/ilp32\libg_nano.a(lib_a-mlock.o)
                0x000000000000c47a                __malloc_unlock
 .text.__sfputc_r
                0x000000000000c47c       0x26 c:/mounriver/mounriver_studio/toolchain/risc-v embedded gcc/bin/../lib/gcc/riscv-none-embed/8.2.0/../../../../riscv-none-embed/lib/rv32imacxw/ilp32\libg_nano.a(lib_a-nano-vfprintf.o)
 .text.__sfputs_r
                0x000000000000c4a2       0x42 c:/mounriver/mounriver_studio/toolchain/risc-v embedded gcc/bin/../lib/gcc/riscv-none-embed/8.2.0/../../../../riscv-none-embed/lib/rv32imacxw/ilp32\libg_nano.a(lib_a-nano-vfprintf.o)
                0x000000000000c4a2                __sfputs_r
 .text._vfprintf_r
                0x000000000000c4e4      0x28c c:/mounriver/mounriver_studio/toolchain/risc-v embedded gcc/bin/../lib/gcc/riscv-none-embed/8.2.0/../../../../riscv-none-embed/lib/rv32imacxw/ilp32\libg_nano.a(lib_a-nano-vfprintf.o)
                0x000000000000c4e4                _vfprintf_r
                0x000000000000c4e4                _vfiprintf_r
 .text._printf_common
                0x000000000000c770      0x10c c:/mounriver/mounriver_studio/toolchain/risc-v embedded gcc/bin/../lib/gcc/riscv-none-embed/8.2.0/../../../../riscv-none-embed/lib/rv32imacxw/ilp32\libg_nano.a(lib_a-nano-vfprintf_i.o)
                0x000000000000c770                _printf_common
 .text._printf_i
                0x000000000000c87c      0x2a2 c:/mounriver/mounriver_studio/toolchain/risc-v embedded gcc/bin/../lib/gcc/riscv-none-embed/8.2.0/../../../../riscv-none-embed/lib/rv32imacxw/ilp32\libg_nano.a(lib_a-nano-vfprintf_i.o)
                0x000000000000c87c                _printf_i
 .text.__sread  0x000000000000cb1e       0x2c c:/mounriver/mounriver_studio/toolchain/risc-v embedded gcc/bin/../lib/gcc/riscv-none-embed/8.2.0/../../../../riscv-none-embed/lib/rv32imacxw/ilp32\libg_nano.a(lib_a-stdio.o)
                0x000000000000cb1e                __sread
 .text.__swrite
                0x000000000000cb4a       0x48 c:/mounriver/mounriver_studio/toolchain/risc-v embedded gcc/bin/../lib/gcc/riscv-none-embed/8.2.0/../../../../riscv-none-embed/lib/rv32imacxw/ilp32\libg_nano.a(lib_a-stdio.o)
                0x000000000000cb4a                __swrite
 .text.__sseek  0x000000000000cb92       0x30 c:/mounriver/mounriver_studio/toolchain/risc-v embedded gcc/bin/../lib/gcc/riscv-none-embed/8.2.0/../../../../riscv-none-embed/lib/rv32imacxw/ilp32\libg_nano.a(lib_a-stdio.o)
                0x000000000000cb92                __sseek
 .text.__sclose
                0x000000000000cbc2        0x6 c:/mounriver/mounriver_studio/toolchain/risc-v embedded gcc/bin/../lib/gcc/riscv-none-embed/8.2.0/../../../../riscv-none-embed/lib/rv32imacxw/ilp32\libg_nano.a(lib_a-stdio.o)
                0x000000000000cbc2                __sclose
 .text.__swbuf_r
                0x000000000000cbc8       0xbe c:/mounriver/mounriver_studio/toolchain/risc-v embedded gcc/bin/../lib/gcc/riscv-none-embed/8.2.0/../../../../riscv-none-embed/lib/rv32imacxw/ilp32\libg_nano.a(lib_a-wbuf.o)
                0x000000000000cbc8                __swbuf_r
 .text._write_r
                0x000000000000cc86       0x36 c:/mounriver/mounriver_studio/toolchain/risc-v embedded gcc/bin/../lib/gcc/riscv-none-embed/8.2.0/../../../../riscv-none-embed/lib/rv32imacxw/ilp32\libg_nano.a(lib_a-writer.o)
                0x000000000000cc86                _write_r
 .text.__swsetup_r
                0x000000000000ccbc      0x100 c:/mounriver/mounriver_studio/toolchain/risc-v embedded gcc/bin/../lib/gcc/riscv-none-embed/8.2.0/../../../../riscv-none-embed/lib/rv32imacxw/ilp32\libg_nano.a(lib_a-wsetup.o)
                0x000000000000ccbc                __swsetup_r
 .text._close_r
                0x000000000000cdbc       0x30 c:/mounriver/mounriver_studio/toolchain/risc-v embedded gcc/bin/../lib/gcc/riscv-none-embed/8.2.0/../../../../riscv-none-embed/lib/rv32imacxw/ilp32\libg_nano.a(lib_a-closer.o)
                0x000000000000cdbc                _close_r
 .text.__sflush_r
                0x000000000000cdec      0x132 c:/mounriver/mounriver_studio/toolchain/risc-v embedded gcc/bin/../lib/gcc/riscv-none-embed/8.2.0/../../../../riscv-none-embed/lib/rv32imacxw/ilp32\libg_nano.a(lib_a-fflush.o)
                0x000000000000cdec                __sflush_r
 .text._fflush_r
                0x000000000000cf1e       0x68 c:/mounriver/mounriver_studio/toolchain/risc-v embedded gcc/bin/../lib/gcc/riscv-none-embed/8.2.0/../../../../riscv-none-embed/lib/rv32imacxw/ilp32\libg_nano.a(lib_a-fflush.o)
                0x000000000000cf1e                _fflush_r
 .text._lseek_r
                0x000000000000cf86       0x34 c:/mounriver/mounriver_studio/toolchain/risc-v embedded gcc/bin/../lib/gcc/riscv-none-embed/8.2.0/../../../../riscv-none-embed/lib/rv32imacxw/ilp32\libg_nano.a(lib_a-lseekr.o)
                0x000000000000cf86                _lseek_r
 .text.__swhatbuf_r
                0x000000000000cfba       0x56 c:/mounriver/mounriver_studio/toolchain/risc-v embedded gcc/bin/../lib/gcc/riscv-none-embed/8.2.0/../../../../riscv-none-embed/lib/rv32imacxw/ilp32\libg_nano.a(lib_a-makebuf.o)
                0x000000000000cfba                __swhatbuf_r
 .text.__smakebuf_r
                0x000000000000d010       0x92 c:/mounriver/mounriver_studio/toolchain/risc-v embedded gcc/bin/../lib/gcc/riscv-none-embed/8.2.0/../../../../riscv-none-embed/lib/rv32imacxw/ilp32\libg_nano.a(lib_a-makebuf.o)
                0x000000000000d010                __smakebuf_r
 .text.memchr   0x000000000000d0a2       0x18 c:/mounriver/mounriver_studio/toolchain/risc-v embedded gcc/bin/../lib/gcc/riscv-none-embed/8.2.0/../../../../riscv-none-embed/lib/rv32imacxw/ilp32\libg_nano.a(lib_a-memchr.o)
                0x000000000000d0a2                memchr
 .text._read_r  0x000000000000d0ba       0x34 c:/mounriver/mounriver_studio/toolchain/risc-v embedded gcc/bin/../lib/gcc/riscv-none-embed/8.2.0/../../../../riscv-none-embed/lib/rv32imacxw/ilp32\libg_nano.a(lib_a-readr.o)
                0x000000000000d0ba                _read_r
 .text._fstat_r
                0x000000000000d0ee       0x32 c:/mounriver/mounriver_studio/toolchain/risc-v embedded gcc/bin/../lib/gcc/riscv-none-embed/8.2.0/../../../../riscv-none-embed/lib/rv32imacxw/ilp32\libg_nano.a(lib_a-fstatr.o)
                0x000000000000d0ee                _fstat_r
 .text._isatty_r
                0x000000000000d120       0x30 c:/mounriver/mounriver_studio/toolchain/risc-v embedded gcc/bin/../lib/gcc/riscv-none-embed/8.2.0/../../../../riscv-none-embed/lib/rv32imacxw/ilp32\libg_nano.a(lib_a-isattyr.o)
                0x000000000000d120                _isatty_r
 .text._close   0x000000000000d150       0x10 c:/mounriver/mounriver_studio/toolchain/risc-v embedded gcc/bin/../lib/gcc/riscv-none-embed/8.2.0/../../../../riscv-none-embed/lib/rv32imacxw/ilp32\libnosys.a(close.o)
                0x000000000000d150                _close
 .text._fstat   0x000000000000d160       0x10 c:/mounriver/mounriver_studio/toolchain/risc-v embedded gcc/bin/../lib/gcc/riscv-none-embed/8.2.0/../../../../riscv-none-embed/lib/rv32imacxw/ilp32\libnosys.a(fstat.o)
                0x000000000000d160                _fstat
 .text._isatty  0x000000000000d170       0x10 c:/mounriver/mounriver_studio/toolchain/risc-v embedded gcc/bin/../lib/gcc/riscv-none-embed/8.2.0/../../../../riscv-none-embed/lib/rv32imacxw/ilp32\libnosys.a(isatty.o)
                0x000000000000d170                _isatty
 .text._lseek   0x000000000000d180       0x10 c:/mounriver/mounriver_studio/toolchain/risc-v embedded gcc/bin/../lib/gcc/riscv-none-embed/8.2.0/../../../../riscv-none-embed/lib/rv32imacxw/ilp32\libnosys.a(lseek.o)
                0x000000000000d180                _lseek
 .text._read    0x000000000000d190       0x10 c:/mounriver/mounriver_studio/toolchain/risc-v embedded gcc/bin/../lib/gcc/riscv-none-embed/8.2.0/../../../../riscv-none-embed/lib/rv32imacxw/ilp32\libnosys.a(read.o)
                0x000000000000d190                _read
 *(.rodata)
 *(.rodata*)
 *fill*         0x000000000000d1a0        0x0 
 .rodata.CalPoint
                0x000000000000d1a0       0x48 ./User/DataModel.o
 .rodata.bitrate_table
                0x000000000000d1e8       0x10 ./User/DataModel.o
 .rodata.seg_const
                0x000000000000d1f8       0x12 ./User/DataModel.o
 *fill*         0x000000000000d20a        0x2 
 .rodata.vIncrementSystemCounters.cst4
                0x000000000000d20c        0x8 ./User/DataModel.o
 .rodata.getODValue
                0x000000000000d214       0x74 ./User/dash_draw.o
 .rodata.MenuStateCross
                0x000000000000d288       0x14 ./User/dash_draw.o
 .rodata.dm     0x000000000000d29c       0x3f ./User/dash_draw.o
 *fill*         0x000000000000d2db        0x1 
 .rodata.getODValue.cst4
                0x000000000000d2dc        0x4 ./User/dash_draw.o
                                          0x8 (size before relaxing)
 .rodata.vBarColorMode.cst4
                0x000000000000d2e0        0x4 ./User/dash_draw.o
 .rodata.ADC_FSM.cst4
                0x000000000000d2e4       0x14 ./User/inputs.o
 .rodata.vInputsTask.cst4
                0x000000000000d2f8        0xc ./User/inputs.o
 .rodata.SetSegDirect
                0x000000000000d304       0x1c ./User/led.o
 .rodata.Brigth
                0x000000000000d320       0x1e ./User/led.o
 *fill*         0x000000000000d33e        0x2 
 .rodata.DigitMask
                0x000000000000d340        0xa ./User/led.o
                0x000000000000d340                DigitMask
 *fill*         0x000000000000d34a        0x2 
 .rodata.offset_mask
                0x000000000000d34c        0xe ./User/led.o
 *fill*         0x000000000000d35a        0x2 
 .rodata.step_mask
                0x000000000000d35c        0xe ./User/led.o
 *fill*         0x000000000000d36a        0x2 
 .rodata.OD_ADC1_CAL_extension
                0x000000000000d36c       0x10 ./User/process.o
                0x000000000000d36c                OD_ADC1_CAL_extension
 .rodata.OD_ADC2_CAL_extension
                0x000000000000d37c       0x10 ./User/process.o
                0x000000000000d37c                OD_ADC2_CAL_extension
 .rodata.OD_ADC3_CAL_extension
                0x000000000000d38c       0x10 ./User/process.o
                0x000000000000d38c                OD_ADC3_CAL_extension
 .rodata.OD_AIN_RPM_extension
                0x000000000000d39c       0x10 ./User/process.o
                0x000000000000d39c                OD_AIN_RPM_extension
 .rodata.OD_BAR_extension
                0x000000000000d3ac       0x10 ./User/process.o
                0x000000000000d3ac                OD_BAR_extension
 .rodata.OD_BOARD_SETTINGS_extension
                0x000000000000d3bc       0x10 ./User/process.o
                0x000000000000d3bc                OD_BOARD_SETTINGS_extension
 .rodata.OD_DASH_PARAM_extension
                0x000000000000d3cc       0x10 ./User/process.o
                0x000000000000d3cc                OD_DASH_PARAM_extension
 .rodata.OD_DIN_extension
                0x000000000000d3dc       0x10 ./User/process.o
                0x000000000000d3dc                OD_DIN_extension
 .rodata.OD_MENU_MAP_extension
                0x000000000000d3ec       0x10 ./User/process.o
                0x000000000000d3ec                OD_MENU_MAP_extension
 .rodata.OD_MENU_SETUP_extension
                0x000000000000d3fc       0x10 ./User/process.o
                0x000000000000d3fc                OD_MENU_SETUP_extension
 .rodata.OD_RGB10_extension
                0x000000000000d40c       0x10 ./User/process.o
                0x000000000000d40c                OD_RGB10_extension
 .rodata.OD_RGB11_extension
                0x000000000000d41c       0x10 ./User/process.o
                0x000000000000d41c                OD_RGB11_extension
 .rodata.OD_RGB12_extension
                0x000000000000d42c       0x10 ./User/process.o
                0x000000000000d42c                OD_RGB12_extension
 .rodata.OD_RGB13_extension
                0x000000000000d43c       0x10 ./User/process.o
                0x000000000000d43c                OD_RGB13_extension
 .rodata.OD_RGB1_extension
                0x000000000000d44c       0x10 ./User/process.o
                0x000000000000d44c                OD_RGB1_extension
 .rodata.OD_RGB2_extension
                0x000000000000d45c       0x10 ./User/process.o
                0x000000000000d45c                OD_RGB2_extension
 .rodata.OD_RGB3_extension
                0x000000000000d46c       0x10 ./User/process.o
                0x000000000000d46c                OD_RGB3_extension
 .rodata.OD_RGB4_extension
                0x000000000000d47c       0x10 ./User/process.o
                0x000000000000d47c                OD_RGB4_extension
 .rodata.OD_RGB5_extension
                0x000000000000d48c       0x10 ./User/process.o
                0x000000000000d48c                OD_RGB5_extension
 .rodata.OD_RGB6_extension
                0x000000000000d49c       0x10 ./User/process.o
                0x000000000000d49c                OD_RGB6_extension
 .rodata.OD_RGB7_extension
                0x000000000000d4ac       0x10 ./User/process.o
                0x000000000000d4ac                OD_RGB7_extension
 .rodata.OD_RGB8_extension
                0x000000000000d4bc       0x10 ./User/process.o
                0x000000000000d4bc                OD_RGB8_extension
 .rodata.OD_RGB9_extension
                0x000000000000d4cc       0x10 ./User/process.o
                0x000000000000d4cc                OD_RGB9_extension
 .rodata.OD_RGBMAP_extension
                0x000000000000d4dc       0x10 ./User/process.o
                0x000000000000d4dc                OD_RGBMAP_extension
 .rodata.OD_RPMCONFIG_extension
                0x000000000000d4ec       0x10 ./User/process.o
                0x000000000000d4ec                OD_RPMCONFIG_extension
 .rodata.OD_SEG_extension
                0x000000000000d4fc       0x10 ./User/process.o
                0x000000000000d4fc                OD_SEG_extension
 .rodata.OD_VRegiters_extension
                0x000000000000d50c       0x10 ./User/process.o
                0x000000000000d50c                OD_VRegiters_extension
 .rodata.writeADC.isra.9.cst4
                0x000000000000d51c        0x4 ./User/process.o
 .rodata.vSYStaskInit.str1.4
                0x000000000000d51c       0x44 ./User/system_init.o
 .rodata.GetRPM.cst4
                0x000000000000d560        0x8 ./HWLIB/hw_lib_din.o
 .rodata.vSetRPMConfig.cst4
                0x000000000000d568        0x4 ./HWLIB/hw_lib_din.o
 .rodata.ADC_chennel_ref
                0x000000000000d56c       0x12 ./HAL/hal_adc.o
 *fill*         0x000000000000d57e        0x2 
 .rodata.I2C_FSM
                0x000000000000d580       0x30 ./HAL/hal_i2c.o
 .rodata.timers
                0x000000000000d5b0       0x10 ./HAL/hal_timers.o
 .rodata.pvPortMalloc.str1.4
                0x000000000000d5c0       0x49 ./FreeRTOS/portable/MemMang/heap_4.o
 *fill*         0x000000000000d609        0x3 
 .rodata.xPortStartScheduler.str1.4
                0x000000000000d60c       0x27 ./FreeRTOS/portable/GCC/RISC-V/port.o
                                         0x49 (size before relaxing)
 *fill*         0x000000000000d633        0x1 
 .rodata.xQueueGenericReset.str1.4
                0x000000000000d634       0x14 ./FreeRTOS/queue.o
                                         0x35 (size before relaxing)
 .rodata.xTaskGenericNotify
                0x000000000000d648       0x14 ./FreeRTOS/tasks.o
 .rodata.xTaskGenericNotifyFromISR
                0x000000000000d65c       0x14 ./FreeRTOS/tasks.o
 .rodata.prvTaskIsTaskSuspended.str1.4
                0x000000000000d670       0x14 ./FreeRTOS/tasks.o
                                         0x35 (size before relaxing)
 .rodata.vTaskStartScheduler.str1.4
                0x000000000000d684        0x5 ./FreeRTOS/tasks.o
 *fill*         0x000000000000d689        0x3 
 .rodata.prvTimerTask
                0x000000000000d68c       0x24 ./FreeRTOS/timers.o
 .rodata.prvCheckForValidListAndQueue.str1.4
                0x000000000000d6b0        0x5 ./FreeRTOS/timers.o
 *fill*         0x000000000000d6b5        0x3 
 .rodata.prvTimerTask.str1.4
                0x000000000000d6b8       0x15 ./FreeRTOS/timers.o
                                         0x39 (size before relaxing)
 *fill*         0x000000000000d6cd        0x3 
 .rodata.xTimerCreateTimerTask.str1.4
                0x000000000000d6d0        0x8 ./FreeRTOS/timers.o
 .rodata.vInitABFilter.cst4
                0x000000000000d6d8        0x4 ./Drivers/filters.o
 .rodata.ODObjs
                0x000000000000d6dc      0xb70 ./CANopenNode/keypad/OD.o