Archive member included to satisfy reference by file (symbol)

c:/mounriver/mounriver_studio/toolchain/risc-v embedded gcc/bin/../lib/gcc/riscv-none-embed/8.2.0/rv32imacxw/ilp32\libgcc.a(addsf3.o)
                              ./User/inputs.o (__addsf3)
c:/mounriver/mounriver_studio/toolchain/risc-v embedded gcc/bin/../lib/gcc/riscv-none-embed/8.2.0/rv32imacxw/ilp32\libgcc.a(divsf3.o)
                              ./User/dash_draw.o (__divsf3)
c:/mounriver/mounriver_studio/toolchain/risc-v embedded gcc/bin/../lib/gcc/riscv-none-embed/8.2.0/rv32imacxw/ilp32\libgcc.a(eqsf2.o)
                              ./HWLIB/hw_lib_din.o (__nesf2)
c:/mounriver/mounriver_studio/toolchain/risc-v embedded gcc/bin/../lib/gcc/riscv-none-embed/8.2.0/rv32imacxw/ilp32\libgcc.a(gesf2.o)
                              ./User/inputs.o (__gtsf2)
c:/mounriver/mounriver_studio/toolchain/risc-v embedded gcc/bin/../lib/gcc/riscv-none-embed/8.2.0/rv32imacxw/ilp32\libgcc.a(lesf2.o)
                              ./HWLIB/hw_lib_adc.o (__lesf2)
c:/mounriver/mounriver_studio/toolchain/risc-v embedded gcc/bin/../lib/gcc/riscv-none-embed/8.2.0/rv32imacxw/ilp32\libgcc.a(mulsf3.o)
                              ./User/dash_draw.o (__mulsf3)
c:/mounriver/mounriver_studio/toolchain/risc-v embedded gcc/bin/../lib/gcc/riscv-none-embed/8.2.0/rv32imacxw/ilp32\libgcc.a(subsf3.o)
                              ./User/inputs.o (__subsf3)
c:/mounriver/mounriver_studio/toolchain/risc-v embedded gcc/bin/../lib/gcc/riscv-none-embed/8.2.0/rv32imacxw/ilp32\libgcc.a(fixsfsi.o)
                              ./User/dash_draw.o (__fixsfsi)
c:/mounriver/mounriver_studio/toolchain/risc-v embedded gcc/bin/../lib/gcc/riscv-none-embed/8.2.0/rv32imacxw/ilp32\libgcc.a(fixunssfsi.o)
                              ./User/dash_draw.o (__fixunssfsi)
c:/mounriver/mounriver_studio/toolchain/risc-v embedded gcc/bin/../lib/gcc/riscv-none-embed/8.2.0/rv32imacxw/ilp32\libgcc.a(floatsisf.o)
                              ./User/DataModel.o (__floatsisf)
c:/mounriver/mounriver_studio/toolchain/risc-v embedded gcc/bin/../lib/gcc/riscv-none-embed/8.2.0/rv32imacxw/ilp32\libgcc.a(floatunsisf.o)
                              ./User/DataModel.o (__floatunsisf)
c:/mounriver/mounriver_studio/toolchain/risc-v embedded gcc/bin/../lib/gcc/riscv-none-embed/8.2.0/rv32imacxw/ilp32\libgcc.a(save-restore.o)
                              ./User/inputs.o (__riscv_save_12)
c:/mounriver/mounriver_studio/toolchain/risc-v embedded gcc/bin/../lib/gcc/riscv-none-embed/8.2.0/rv32imacxw/ilp32\libgcc.a(_clzsi2.o)
                              c:/mounriver/mounriver_studio/toolchain/risc-v embedded gcc/bin/../lib/gcc/riscv-none-embed/8.2.0/rv32imacxw/ilp32\libgcc.a(addsf3.o) (__clzsi2)
c:/mounriver/mounriver_studio/toolchain/risc-v embedded gcc/bin/../lib/gcc/riscv-none-embed/8.2.0/rv32imacxw/ilp32\libgcc.a(_clz.o)
                              c:/mounriver/mounriver_studio/toolchain/risc-v embedded gcc/bin/../lib/gcc/riscv-none-embed/8.2.0/rv32imacxw/ilp32\libgcc.a(_clzsi2.o) (__clz_tab)
c:/mounriver/mounriver_studio/toolchain/risc-v embedded gcc/bin/../lib/gcc/riscv-none-embed/8.2.0/../../../../riscv-none-embed/lib/rv32imacxw/ilp32\libg_nano.a(lib_a-calloc.o)
                              ./CANopenNode/CANopen.o (calloc)
c:/mounriver/mounriver_studio/toolchain/risc-v embedded gcc/bin/../lib/gcc/riscv-none-embed/8.2.0/../../../../riscv-none-embed/lib/rv32imacxw/ilp32\libg_nano.a(lib_a-impure.o)
                              c:/mounriver/mounriver_studio/toolchain/risc-v embedded gcc/bin/../lib/gcc/riscv-none-embed/8.2.0/../../../../riscv-none-embed/lib/rv32imacxw/ilp32\libg_nano.a(lib_a-calloc.o) (_impure_ptr)
c:/mounriver/mounriver_studio/toolchain/risc-v embedded gcc/bin/../lib/gcc/riscv-none-embed/8.2.0/../../../../riscv-none-embed/lib/rv32imacxw/ilp32\libg_nano.a(lib_a-malloc.o)
                              ./CANopenNode/CANopen.o (free)
c:/mounriver/mounriver_studio/toolchain/risc-v embedded gcc/bin/../lib/gcc/riscv-none-embed/8.2.0/../../../../riscv-none-embed/lib/rv32imacxw/ilp32\libg_nano.a(lib_a-memcpy.o)
                              ./FreeRTOS/queue.o (memcpy)
c:/mounriver/mounriver_studio/toolchain/risc-v embedded gcc/bin/../lib/gcc/riscv-none-embed/8.2.0/../../../../riscv-none-embed/lib/rv32imacxw/ilp32\libg_nano.a(lib_a-memmove.o)
                              ./CANopenNode/301/CO_SDOserver.o (memmove)
c:/mounriver/mounriver_studio/toolchain/risc-v embedded gcc/bin/../lib/gcc/riscv-none-embed/8.2.0/../../../../riscv-none-embed/lib/rv32imacxw/ilp32\libg_nano.a(lib_a-memset.o)
                              ./User/DataModel.o (memset)
c:/mounriver/mounriver_studio/toolchain/risc-v embedded gcc/bin/../lib/gcc/riscv-none-embed/8.2.0/../../../../riscv-none-embed/lib/rv32imacxw/ilp32\libg_nano.a(lib_a-nano-callocr.o)
[...]
Memory Configuration

Name             Origin             Length             Attributes
FLASH            0x0000000000000000 0x0000000000010000 xr
RAM              0x0000000020000000 0x0000000000005000 xrw
*default*        0x0000000000000000 0xffffffffffffffff

Linker script and memory map

LOAD ./User/CanOpenNode.o
LOAD ./User/DataModel.o
LOAD ./User/ch32v20x_it.o
LOAD ./User/dash_draw.o
LOAD ./User/init.o
LOAD ./User/inputs.o
LOAD ./User/keyboard_task.o
LOAD ./User/led.o
LOAD ./User/main.o
LOAD ./User/process.o
LOAD ./User/system_ch32v20x.o
LOAD ./User/system_init.o
LOAD ./Startup/startup_ch32v20x_D6.o
LOAD ./Peripheral/src/ch32v20x_adc.o
LOAD ./Peripheral/src/ch32v20x_bkp.o
LOAD ./Peripheral/src/ch32v20x_can.o
LOAD ./Peripheral/src/ch32v20x_crc.o
LOAD ./Peripheral/src/ch32v20x_dbgmcu.o
LOAD ./Peripheral/src/ch32v20x_dma.o
LOAD ./Peripheral/src/ch32v20x_exti.o
LOAD ./Peripheral/src/ch32v20x_flash.o
LOAD ./Peripheral/src/ch32v20x_gpio.o
LOAD ./Peripheral/src/ch32v20x_i2c.o
LOAD ./Peripheral/src/ch32v20x_iwdg.o
LOAD ./Peripheral/src/ch32v20x_misc.o
LOAD ./Peripheral/src/ch32v20x_opa.o
LOAD ./Peripheral/src/ch32v20x_pwr.o
LOAD ./Peripheral/src/ch32v20x_rcc.o
LOAD ./Peripheral/src/ch32v20x_rtc.o
LOAD ./Peripheral/src/ch32v20x_spi.o
LOAD ./Peripheral/src/ch32v20x_tim.o
LOAD ./Peripheral/src/ch32v20x_usart.o
LOAD ./Peripheral/src/ch32v20x_wwdg.o
LOAD ./HWLIB/hw_lib_adc.o
LOAD ./HWLIB/hw_lib_din.o
LOAD ./HWLIB/hw_lib_eeprom.o
LOAD ./HWLIB/hw_lib_keyboard.o
LOAD ./HAL/hal_adc.o
LOAD ./HAL/hal_can.o
LOAD ./HAL/hal_dma.o
LOAD ./HAL/hal_gpio.o
LOAD ./HAL/hal_i2c.o
LOAD ./HAL/hal_rtc.o
LOAD ./HAL/hal_spi.o
LOAD ./HAL/hal_timers.o
LOAD ./HAL/hal_wdt.o
LOAD ./FreeRTOS/portable/MemMang/heap_4.o
LOAD ./FreeRTOS/portable/GCC/RISC-V/port.o
LOAD ./FreeRTOS/portable/GCC/RISC-V/portASM.o
LOAD ./FreeRTOS/croutine.o
LOAD ./FreeRTOS/event_groups.o
LOAD ./FreeRTOS/list.o
LOAD ./FreeRTOS/queue.o
LOAD ./FreeRTOS/stream_buffer.o
LOAD ./FreeRTOS/tasks.o
LOAD ./FreeRTOS/timers.o
LOAD ./Drivers/filters.o
LOAD ./Debug/debug.o
LOAD ./Core/core_riscv.o
LOAD ./CANopenNode/keypad/CO_driver_ST32F103.o
LOAD ./CANopenNode/keypad/OD.o
LOAD ./CANopenNode/extra/CO_trace.o
LOAD ./CANopenNode/309/CO_gateway_ascii.o
LOAD ./CANopenNode/305/CO_LSSmaster.o
LOAD ./CANopenNode/305/CO_LSSslave.o
LOAD ./CANopenNode/304/CO_GFC.o
LOAD ./CANopenNode/304/CO_SRDO.o
LOAD ./CANopenNode/303/CO_LEDs.o
LOAD ./CANopenNode/301/CO_Emergency.o
LOAD ./CANopenNode/301/CO_HBconsumer.o
LOAD ./CANopenNode/301/CO_NMT_Heartbeat.o
LOAD ./CANopenNode/301/CO_ODinterface.o
LOAD ./CANopenNode/301/CO_PDO.o
LOAD ./CANopenNode/301/CO_SDOclient.o
LOAD ./CANopenNode/301/CO_SDOserver.o
LOAD ./CANopenNode/301/CO_SYNC.o
LOAD ./CANopenNode/301/CO_TIME.o
LOAD ./CANopenNode/301/CO_fifo.o
LOAD ./CANopenNode/301/crc16-ccitt.o
LOAD ./CANopenNode/CANopen.o
LOAD c:/mounriver/mounriver_studio/toolchain/risc-v embedded gcc/bin/../lib/gcc/riscv-none-embed/8.2.0/../../../../riscv-none-embed/lib/rv32imacxw/ilp32\libm.a
LOAD c:/mounriver/mounriver_studio/toolchain/risc-v embedded gcc/bin/../lib/gcc/riscv-none-embed/8.2.0/rv32imacxw/ilp32\libgcc.a
LOAD c:/mounriver/mounriver_studio/toolchain/risc-v embedded gcc/bin/../lib/gcc/riscv-none-embed/8.2.0/../../../../riscv-none-embed/lib/rv32imacxw/ilp32\libg_nano.a
LOAD c:/mounriver/mounriver_studio/toolchain/risc-v embedded gcc/bin/../lib/gcc/riscv-none-embed/8.2.0/../../../../riscv-none-embed/lib/rv32imacxw/ilp32\libc_nano.a
LOAD c:/mounriver/mounriver_studio/toolchain/risc-v embedded gcc/bin/../lib/gcc/riscv-none-embed/8.2.0/rv32imacxw/ilp32\libgcc.a
START GROUP
LOAD c:/mounriver/mounriver_studio/toolchain/risc-v embedded gcc/bin/../lib/gcc/riscv-none-embed/8.2.0/rv32imacxw/ilp32\libgcc.a
LOAD c:/mounriver/mounriver_studio/toolchain/risc-v embedded gcc/bin/../lib/gcc/riscv-none-embed/8.2.0/../../../../riscv-none-embed/lib/rv32imacxw/ilp32\libc_nano.a
LOAD c:/mounriver/mounriver_studio/toolchain/risc-v embedded gcc/bin/../lib/gcc/riscv-none-embed/8.2.0/../../../../riscv-none-embed/lib/rv32imacxw/ilp32\libnosys.a
END GROUP
START GROUP
LOAD c:/mounriver/mounriver_studio/toolchain/risc-v embedded gcc/bin/../lib/gcc/riscv-none-embed/8.2.0/rv32imacxw/ilp32\libgcc.a
LOAD c:/mounriver/mounriver_studio/toolchain/risc-v embedded gcc/bin/../lib/gcc/riscv-none-embed/8.2.0/../../../../riscv-none-embed/lib/rv32imacxw/ilp32\libc_nano.a
LOAD c:/mounriver/mounriver_studio/toolchain/risc-v embedded gcc/bin/../lib/gcc/riscv-none-embed/8.2.0/../../../../riscv-none-embed/lib/rv32imacxw/ilp32\libnosys.a
END GROUP
                0x0000000000000800                __stack_size = 0x800
                [!provide]                        PROVIDE (_stack_size = __stack_size)

.init           0x0000000000000000       0x38
                0x0000000000000000                _sinit = .
                0x0000000000000000                . = ALIGN (0x4)
 *(SORT_NONE(.init))
 .init          0x0000000000000000       0x38 ./Startup/startup_ch32v20x_D6.o
                0x0000000000000000                _start
                0x0000000000000038                . = ALIGN (0x4)
                0x0000000000000038                _einit = .

.vector         0x0000000000000038      0x108
 *(.vector)
 .vector        0x0000000000000038       0xfc ./Startup/startup_ch32v20x_D6.o
                0x0000000000000140                . = ALIGN (0x40)
 *fill*         0x0000000000000134        0xc 

.text           0x0000000000000200     0xf47c
                0x0000000000000200                . = ALIGN (0x4)
 *(.text)
 .text          0x0000000000000200      0x2ee ./FreeRTOS/portable/GCC/RISC-V/portASM.o
                0x0000000000000200                SW_Handler
                0x0000000000000300                xPortStartFirstTask
                0x0000000000000400                pxPortInitialiseStack
 .text          0x00000000000004ee       0x60 c:/mounriver/mounriver_studio/toolchain/risc-v embedded gcc/bin/../lib/gcc/riscv-none-embed/8.2.0/rv32imacxw/ilp32\libgcc.a(save-restore.o)
                0x00000000000004ee                __riscv_save_12
                0x00000000000004f6                __riscv_save_9
                0x00000000000004f6                __riscv_save_11
                0x00000000000004f6                __riscv_save_10
                0x00000000000004f6                __riscv_save_8
                0x0000000000000504                __riscv_save_4
                0x0000000000000504                __riscv_save_6
                0x0000000000000504                __riscv_save_5
                0x0000000000000504                __riscv_save_7
                0x000000000000051e                __riscv_save_3
                0x000000000000051e                __riscv_save_2
                0x000000000000051e                __riscv_save_1
                0x000000000000051e                __riscv_save_0
                0x000000000000052a                __riscv_restore_12
                0x000000000000052e                __riscv_restore_11
                0x000000000000052e                __riscv_restore_9
                0x000000000000052e                __riscv_restore_10
                0x000000000000052e                __riscv_restore_8
                0x0000000000000538                __riscv_restore_5
                0x0000000000000538                __riscv_restore_7
                0x0000000000000538                __riscv_restore_6
                0x0000000000000538                __riscv_restore_4
                0x0000000000000542                __riscv_restore_3
                0x0000000000000542                __riscv_restore_0
                0x0000000000000542                __riscv_restore_2
                0x0000000000000542                __riscv_restore_1
 .text          0x000000000000054e       0xa8 c:/mounriver/mounriver_studio/toolchain/risc-v embedded gcc/bin/../lib/gcc/riscv-none-embed/8.2.0/../../../../riscv-none-embed/lib/rv32imacxw/ilp32\libg_nano.a(lib_a-memset.o)
                0x000000000000054e                memset
 *(.text.*)
 .text.xCanOpenProcessTaskHandle
                0x00000000000005f6        0xa ./User/CanOpenNode.o
                0x00000000000005f6                xCanOpenProcessTaskHandle
 .text.xCanOpenPeriodicTaskHandle
                0x0000000000000600        0xa ./User/CanOpenNode.o
                0x0000000000000600                xCanOpenPeriodicTaskHandle
 .text.vCanOpenInit
                0x000000000000060a        0xa ./User/CanOpenNode.o
                0x000000000000060a                vCanOpenInit
 .text.vCanOpenProcess
                0x0000000000000614      0x1d4 ./User/CanOpenNode.o
                0x0000000000000614                vCanOpenProcess
 .text.vCanOpenPeriodicProcess
                0x00000000000007e8       0x84 ./User/CanOpenNode.o
                0x00000000000007e8                vCanOpenPeriodicProcess
 .text.setReg32
                0x000000000000086c       0x1a ./User/DataModel.o
                0x000000000000086c                setReg32
 .text.setReg16
                0x0000000000000886        0xe ./User/DataModel.o
                0x0000000000000886                setReg16
 .text.setReg8  0x0000000000000894        0xa ./User/DataModel.o
                0x0000000000000894                setReg8
 .text.setReg   0x000000000000089e       0x4e ./User/DataModel.o
                0x000000000000089e                setReg
 .text.getReg16
                0x00000000000008ec       0x10 ./User/DataModel.o
                0x00000000000008ec                getReg16
 .text.getReg32
                0x00000000000008fc       0x1c ./User/DataModel.o
                0x00000000000008fc                getReg32
 .text.DataModel_Init
                0x0000000000000918      0x836 ./User/DataModel.o
                0x0000000000000918                DataModel_Init
 .text.getReg8  0x000000000000114e        0xa ./User/DataModel.o
                0x000000000000114e                getReg8
 .text.vGetBitrate
                0x0000000000001158       0x4a ./User/DataModel.o
                0x0000000000001158                vGetBitrate
 .text.vFDGetNMTState
                0x00000000000011a2        0x6 ./User/DataModel.o
                0x00000000000011a2                vFDGetNMTState
 .text.vGetNodeId
                0x00000000000011a8        0x6 ./User/DataModel.o
                0x00000000000011a8                vGetNodeId
 .text.vIncrementSystemCounters
                0x00000000000011ae       0x18 ./User/DataModel.o
                0x00000000000011ae                vIncrementSystemCounters
 .text.vSaveData
                0x00000000000011c6       0x16 ./User/DataModel.o
                0x00000000000011c6                vSaveData
 .text.getOdometr
                0x00000000000011dc        0x4 ./User/DataModel.o
                0x00000000000011dc                getOdometr
 .text.NMI_Handler
                0x00000000000011e0        0x2 ./User/ch32v20x_it.o
                0x00000000000011e0                NMI_Handler
 .text.HardFault_Handler
                0x00000000000011e2       0x66 ./User/ch32v20x_it.o
                0x00000000000011e2                HardFault_Handler
 .text.xProcessTaskHandle
                0x0000000000001248        0xa ./User/dash_draw.o
                0x0000000000001248                xProcessTaskHandle
 .text.getODValue
                0x0000000000001252      0x156 ./User/dash_draw.o
                0x0000000000001252                getODValue
 .text.IncMenuIndex
                0x00000000000013a8       0x66 ./User/dash_draw.o
                0x00000000000013a8                IncMenuIndex
 .text.SetCurMenuHome
                0x000000000000140e        0xe ./User/dash_draw.o
                0x000000000000140e                SetCurMenuHome
 .text.CheckMenuChannel
                0x000000000000141c       0x1e ./User/dash_draw.o
                0x000000000000141c                CheckMenuChannel
 .text.vDashDrawInit
                0x000000000000143a       0x78 ./User/dash_draw.o
                0x000000000000143a                vDashDrawInit
 .text.vAcceptError
                0x00000000000014b2       0x16 ./User/dash_draw.o
                0x00000000000014b2                vAcceptError
 .text.vRGBOff  0x00000000000014c8       0x26 ./User/dash_draw.o
                0x00000000000014c8                vRGBOff
 .text.vGetEdgeData
                0x00000000000014ee       0x24 ./User/dash_draw.o
                0x00000000000014ee                vGetEdgeData
 .text.vRGBMode
                0x0000000000001512       0xe4 ./User/dash_draw.o
                0x0000000000001512                vRGBMode
 .text.vBarColorMode
                0x00000000000015f6       0xce ./User/dash_draw.o
                0x00000000000015f6                vBarColorMode
 .text.vBarWindowMode
                0x00000000000016c4       0x6e ./User/dash_draw.o
                0x00000000000016c4                vBarWindowMode
 .text.vBarMode
                0x0000000000001732       0x74 ./User/dash_draw.o
                0x0000000000001732                vBarMode
 .text.RedrawNotifyTaskToInit
                0x00000000000017a6       0x28 ./User/dash_draw.o
                0x00000000000017a6                RedrawNotifyTaskToInit
 .text.vRedrawTask
                0x00000000000017ce      0x254 ./User/dash_draw.o
                0x00000000000017ce                vRedrawTask
 .text.vInit_DeviceConfig
                0x0000000000001a22      0x164 ./User/init.o
                0x0000000000001a22                vInit_DeviceConfig
 .text.ADC1_Event
                0x0000000000001b86       0x48 ./User/inputs.o
                0x0000000000001b86                ADC1_Event
 .text.fDinStateCallback
                0x0000000000001bce       0x42 ./User/inputs.o
                0x0000000000001bce                fDinStateCallback
 .text.vSetDoutState
                0x0000000000001c10       0x28 ./User/inputs.o
                0x0000000000001c10                vSetDoutState
 .text.getInputsTaskHandle
                0x0000000000001c38        0xa ./User/inputs.o
                0x0000000000001c38                getInputsTaskHandle
 .text.InputsNotifyTaskToInit
                0x0000000000001c42       0x28 ./User/inputs.o
                0x0000000000001c42                InputsNotifyTaskToInit
 .text.ADC1_Init
                0x0000000000001c6a       0x54 ./User/inputs.o
                0x0000000000001c6a                ADC1_Init
 .text.ADC_FSM  0x0000000000001cbe      0x122 ./User/inputs.o
                0x0000000000001cbe                ADC_FSM
 .text.GetAIN   0x0000000000001de0        0xc ./User/inputs.o
                0x0000000000001de0                GetAIN
 .text.vInputsTask
                0x0000000000001dec      0x126 ./User/inputs.o
                0x0000000000001dec                vInputsTask
 .text.fPortState
                0x0000000000001f12       0x1a ./User/keyboard_task.o
                0x0000000000001f12                fPortState
 .text.xKeyboardProcessTaskHandle
                0x0000000000001f2c        0xa ./User/keyboard_task.o
                0x0000000000001f2c                xKeyboardProcessTaskHandle
 .text.vInitKeybord
                0x0000000000001f36       0x46 ./User/keyboard_task.o
                0x0000000000001f36                vInitKeybord
 .text.vKeyboardTask
                0x0000000000001f7c       0x14 ./User/keyboard_task.o
                0x0000000000001f7c                vKeyboardTask
 .text.SPI1_DMA_Callback
                0x0000000000001f90       0x38 ./User/led.o
                0x0000000000001f90                SPI1_DMA_Callback
 .text.SPI2_DMA_Callback
                0x0000000000001fc8       0x42 ./User/led.o
                0x0000000000001fc8                SPI2_DMA_Callback
 .text.SetBarState
                0x000000000000200a       0x58 ./User/led.o
                0x000000000000200a                SetBarState
 .text.vSetInitBrigth
                0x0000000000002062        0x2 ./User/led.o
                0x0000000000002062                vSetInitBrigth
 .text.SetRGB   0x0000000000002064       0xba ./User/led.o
                0x0000000000002064                SetRGB
 .text.SetSegDirect
                0x000000000000211e       0xde ./User/led.o
                0x000000000000211e                SetSegDirect
 .text.SetSEG   0x00000000000021fc      0x13a ./User/led.o
                0x00000000000021fc                SetSEG
 .text.SetBigSeg
                0x0000000000002336       0x14 ./User/led.o
                0x0000000000002336                SetBigSeg
 .text.vSetBrigth
                0x000000000000234a       0x30 ./User/led.o
                0x000000000000234a                vSetBrigth
 .text.vLedDriverStart
                0x000000000000237a       0x6e ./User/led.o
                0x000000000000237a                vLedDriverStart
 .text.vLedProcess
                0x00000000000023e8       0x2c ./User/led.o
                0x00000000000023e8                vLedProcess
 .text.vRGBProcess
                0x0000000000002414       0x2c ./User/led.o
                0x0000000000002414                vRGBProcess
 .text.main     0x0000000000002440       0x42 ./User/main.o
                0x0000000000002440                main
 .text.vRestartNode
                0x0000000000002482        0x2 ./User/main.o
                0x0000000000002482                vRestartNode
 .text.Error_Handler
                0x0000000000002484        0x8 ./User/main.o
                0x0000000000002484                Error_Handler
 .text.SystemInit
                0x000000000000248c       0xf8 ./User/system_ch32v20x.o
                0x000000000000248c                SystemInit
 .text.SystemCoreClockUpdate
                0x0000000000002584      0x104 ./User/system_ch32v20x.o
                0x0000000000002584                SystemCoreClockUpdate
 .text.StartDefaultTask
                0x0000000000002688      0x1ee ./User/system_init.o
 .text.vApplicationGetIdleTaskMemory
                0x0000000000002876       0x1c ./User/system_init.o
                0x0000000000002876                vApplicationGetIdleTaskMemory
 .text.vApplicationGetTimerTaskMemory
                0x0000000000002892       0x1c ./User/system_init.o
                0x0000000000002892                vApplicationGetTimerTaskMemory
 .text.vSYStaskInit
                0x00000000000028ae      0x144 ./User/system_init.o
                0x00000000000028ae                vSYStaskInit
 .text.vSYSqueueInit
                0x00000000000029f2       0x2a ./User/system_init.o
                0x00000000000029f2                vSYSqueueInit
 .text.vSYSeventInit
                0x0000000000002a1c        0x2 ./User/system_init.o
                0x0000000000002a1c                vSYSeventInit
 .text.vector_handler
                0x0000000000002a1e       0x6c ./Startup/startup_ch32v20x_D6.o
                0x0000000000002a22                Ecall_M_Mode_Handler
                0x0000000000002a24                Ecall_U_Mode_Handler
                0x0000000000002a26                Break_Point_Handler
                0x0000000000002a2c                WWDG_IRQHandler
                0x0000000000002a2e                PVD_IRQHandler
                0x0000000000002a30                TAMPER_IRQHandler
                0x0000000000002a34                FLASH_IRQHandler
                0x0000000000002a36                RCC_IRQHandler
                0x0000000000002a38                EXTI0_IRQHandler
                0x0000000000002a3a                EXTI1_IRQHandler
                0x0000000000002a3c                EXTI2_IRQHandler
                0x0000000000002a3e                EXTI3_IRQHandler
                0x0000000000002a40                EXTI4_IRQHandler
                0x0000000000002a44                DMA1_Channel2_IRQHandler
                0x0000000000002a4c                DMA1_Channel6_IRQHandler
                0x0000000000002a5a                EXTI9_5_IRQHandler
                0x0000000000002a5c                TIM1_BRK_IRQHandler
                0x0000000000002a60                TIM1_TRG_COM_IRQHandler
                0x0000000000002a62                TIM1_CC_IRQHandler
                0x0000000000002a72                SPI1_IRQHandler
                0x0000000000002a74                SPI2_IRQHandler
                0x0000000000002a76                USART1_IRQHandler
                0x0000000000002a78                USART2_IRQHandler
                0x0000000000002a7a                USART3_IRQHandler
                0x0000000000002a7c                EXTI15_10_IRQHandler
                0x0000000000002a7e                RTCAlarm_IRQHandler
                0x0000000000002a80                USBWakeUp_IRQHandler
                0x0000000000002a82                USBHD_IRQHandler
                0x0000000000002a84                USBHDWakeUp_IRQHandler
                0x0000000000002a86                UART4_IRQHandler
                0x0000000000002a88                DMA1_Channel8_IRQHandler
 .text.handle_reset
                0x0000000000002a8a       0x92 ./Startup/startup_ch32v20x_D6.o
                0x0000000000002a8a                handle_reset
 .text.ADC_DeInit
                0x0000000000002b1c       0x4c ./Peripheral/src/ch32v20x_adc.o
                0x0000000000002b1c                ADC_DeInit
 .text.ADC_Init
                0x0000000000002b68       0x56 ./Peripheral/src/ch32v20x_adc.o
                0x0000000000002b68                ADC_Init
 .text.ADC_Cmd  0x0000000000002bbe       0x14 ./Peripheral/src/ch32v20x_adc.o
                0x0000000000002bbe                ADC_Cmd
 .text.ADC_DMACmd
                0x0000000000002bd2       0x16 ./Peripheral/src/ch32v20x_adc.o
                0x0000000000002bd2                ADC_DMACmd
 .text.ADC_ResetCalibration
                0x0000000000002be8        0xa ./Peripheral/src/ch32v20x_adc.o
                0x0000000000002be8                ADC_ResetCalibration
 .text.ADC_GetResetCalibrationStatus
                0x0000000000002bf2        0x8 ./Peripheral/src/ch32v20x_adc.o
                0x0000000000002bf2                ADC_GetResetCalibrationStatus
 .text.ADC_StartCalibration
                0x0000000000002bfa        0xa ./Peripheral/src/ch32v20x_adc.o
                0x0000000000002bfa                ADC_StartCalibration
 .text.ADC_GetCalibrationStatus
                0x0000000000002c04        0x8 ./Peripheral/src/ch32v20x_adc.o
                0x0000000000002c04                ADC_GetCalibrationStatus
 .text.ADC_SoftwareStartConvCmd
                0x0000000000002c0c       0x1c ./Peripheral/src/ch32v20x_adc.o
                0x0000000000002c0c                ADC_SoftwareStartConvCmd
 .text.ADC_RegularChannelConfig
                0x0000000000002c28       0xba ./Peripheral/src/ch32v20x_adc.o
                0x0000000000002c28                ADC_RegularChannelConfig
 .text.ADC_ExternalTrigConvCmd
                0x0000000000002ce2       0x1c ./Peripheral/src/ch32v20x_adc.o
                0x0000000000002ce2                ADC_ExternalTrigConvCmd
 .text.ADC_GetITStatus
                0x0000000000002cfe       0x1c ./Peripheral/src/ch32v20x_adc.o
                0x0000000000002cfe                ADC_GetITStatus
 .text.ADC_ClearITPendingBit
                0x0000000000002d1a        0xa ./Peripheral/src/ch32v20x_adc.o
                0x0000000000002d1a                ADC_ClearITPendingBit
 .text.ADC_BufferCmd
                0x0000000000002d24       0x1c ./Peripheral/src/ch32v20x_adc.o
                0x0000000000002d24                ADC_BufferCmd
 .text.Get_CalibrationValue
                0x0000000000002d40      0x2d6 ./Peripheral/src/ch32v20x_adc.o
                0x0000000000002d40                Get_CalibrationValue
 .text.BKP_DeInit
                0x0000000000003016       0x14 ./Peripheral/src/ch32v20x_bkp.o
                0x0000000000003016                BKP_DeInit
 .text.CAN_Init
                0x000000000000302a      0x104 ./Peripheral/src/ch32v20x_can.o
                0x000000000000302a                CAN_Init
 .text.CAN_FilterInit
                0x000000000000312e      0x15a ./Peripheral/src/ch32v20x_can.o
                0x000000000000312e                CAN_FilterInit
 .text.CAN_Transmit
                0x0000000000003288       0xc2 ./Peripheral/src/ch32v20x_can.o
                0x0000000000003288                CAN_Transmit
 .text.CAN_Receive
                0x000000000000334a       0x8c ./Peripheral/src/ch32v20x_can.o
                0x000000000000334a                CAN_Receive
 .text.CAN_OperatingModeRequest
                0x00000000000033d6       0x9c ./Peripheral/src/ch32v20x_can.o
                0x00000000000033d6                CAN_OperatingModeRequest
 .text.CAN_ITConfig
                0x0000000000003472       0x16 ./Peripheral/src/ch32v20x_can.o
                0x0000000000003472                CAN_ITConfig
 .text.CAN_GetFlagStatus
                0x0000000000003488       0x6e ./Peripheral/src/ch32v20x_can.o
                0x0000000000003488                CAN_GetFlagStatus
 .text.CAN_ClearFlag
                0x00000000000034f6       0x40 ./Peripheral/src/ch32v20x_can.o
                0x00000000000034f6                CAN_ClearFlag
 .text.CAN_ClearITPendingBit
                0x0000000000003536       0xc2 ./Peripheral/src/ch32v20x_can.o
                0x0000000000003536                CAN_ClearITPendingBit
 .text.DMA_Init
                0x00000000000035f8       0x38 ./Peripheral/src/ch32v20x_dma.o
                0x00000000000035f8                DMA_Init
 .text.DMA_Cmd  0x0000000000003630       0x18 ./Peripheral/src/ch32v20x_dma.o
                0x0000000000003630                DMA_Cmd
 .text.DMA_ITConfig
                0x0000000000003648       0x16 ./Peripheral/src/ch32v20x_dma.o
                0x0000000000003648                DMA_ITConfig
 .text.DMA_SetCurrDataCounter
                0x000000000000365e        0x4 ./Peripheral/src/ch32v20x_dma.o
                0x000000000000365e                DMA_SetCurrDataCounter
 .text.DMA_GetITStatus
                0x0000000000003662        0xe ./Peripheral/src/ch32v20x_dma.o
                0x0000000000003662                DMA_GetITStatus
 .text.DMA_ClearITPendingBit
                0x0000000000003670        0x8 ./Peripheral/src/ch32v20x_dma.o
                0x0000000000003670                DMA_ClearITPendingBit
 .text.GPIO_Init
                0x0000000000003678      0x100 ./Peripheral/src/ch32v20x_gpio.o
                0x0000000000003678                GPIO_Init
 .text.GPIO_ReadInputDataBit
                0x0000000000003778       0x20 ./Peripheral/src/ch32v20x_gpio.o
                0x0000000000003778                GPIO_ReadInputDataBit
 .text.GPIO_SetBits
                0x0000000000003798       0x1a ./Peripheral/src/ch32v20x_gpio.o
                0x0000000000003798                GPIO_SetBits
 .text.GPIO_ResetBits
                0x00000000000037b2       0x1a ./Peripheral/src/ch32v20x_gpio.o
                0x00000000000037b2                GPIO_ResetBits
 .text.GPIO_PinRemapConfig
                0x00000000000037cc      0x116 ./Peripheral/src/ch32v20x_gpio.o
                0x00000000000037cc                GPIO_PinRemapConfig
 .text.I2C_Init
                0x00000000000038e2      0x100 ./Peripheral/src/ch32v20x_i2c.o
                0x00000000000038e2                I2C_Init
 .text.I2C_Cmd  0x00000000000039e2       0x1c ./Peripheral/src/ch32v20x_i2c.o
                0x00000000000039e2                I2C_Cmd
 .text.I2C_GenerateSTART
                0x00000000000039fe       0x1e ./Peripheral/src/ch32v20x_i2c.o
                0x00000000000039fe                I2C_GenerateSTART
 .text.I2C_GenerateSTOP
                0x0000000000003a1c       0x1e ./Peripheral/src/ch32v20x_i2c.o
                0x0000000000003a1c                I2C_GenerateSTOP
 .text.I2C_AcknowledgeConfig
                0x0000000000003a3a       0x1e ./Peripheral/src/ch32v20x_i2c.o
                0x0000000000003a3a                I2C_AcknowledgeConfig
 .text.I2C_DualAddressCmd
                0x0000000000003a58       0x1c ./Peripheral/src/ch32v20x_i2c.o
                0x0000000000003a58                I2C_DualAddressCmd
 .text.I2C_ITConfig
                0x0000000000003a74       0x16 ./Peripheral/src/ch32v20x_i2c.o
                0x0000000000003a74                I2C_ITConfig
 .text.I2C_SendData
                0x0000000000003a8a        0x4 ./Peripheral/src/ch32v20x_i2c.o
                0x0000000000003a8a                I2C_SendData
 .text.I2C_ReceiveData
                0x0000000000003a8e        0x8 ./Peripheral/src/ch32v20x_i2c.o
                0x0000000000003a8e                I2C_ReceiveData
 .text.I2C_Send7bitAddress
                0x0000000000003a96       0x12 ./Peripheral/src/ch32v20x_i2c.o
                0x0000000000003a96                I2C_Send7bitAddress
 .text.I2C_ReadRegister
                0x0000000000003aa8       0x14 ./Peripheral/src/ch32v20x_i2c.o
                0x0000000000003aa8                I2C_ReadRegister
 .text.I2C_GetFlagStatus
                0x0000000000003abc       0x34 ./Peripheral/src/ch32v20x_i2c.o
                0x0000000000003abc                I2C_GetFlagStatus
 .text.I2C_ClearFlag
                0x0000000000003af0       0x10 ./Peripheral/src/ch32v20x_i2c.o
                0x0000000000003af0                I2C_ClearFlag
 .text.NVIC_PriorityGroupConfig
                0x0000000000003b00        0xa ./Peripheral/src/ch32v20x_misc.o
                0x0000000000003b00                NVIC_PriorityGroupConfig
 .text.NVIC_Init
                0x0000000000003b0a      0x170 ./Peripheral/src/ch32v20x_misc.o
                0x0000000000003b0a                NVIC_Init
 .text.PWR_BackupAccessCmd
                0x0000000000003c7a       0x1e ./Peripheral/src/ch32v20x_pwr.o
                0x0000000000003c7a                PWR_BackupAccessCmd
 .text.RCC_ADCCLKConfig
                0x0000000000003c98       0x12 ./Peripheral/src/ch32v20x_rcc.o
                0x0000000000003c98                RCC_ADCCLKConfig
 .text.RCC_LSEConfig
                0x0000000000003caa       0x32 ./Peripheral/src/ch32v20x_rcc.o
                0x0000000000003caa                RCC_LSEConfig
 .text.RCC_RTCCLKConfig
                0x0000000000003cdc        0xc ./Peripheral/src/ch32v20x_rcc.o
                0x0000000000003cdc                RCC_RTCCLKConfig
 .text.RCC_RTCCLKCmd
                0x0000000000003ce8       0x20 ./Peripheral/src/ch32v20x_rcc.o
                0x0000000000003ce8                RCC_RTCCLKCmd
 .text.RCC_GetClocksFreq
                0x0000000000003d08      0x10a ./Peripheral/src/ch32v20x_rcc.o
                0x0000000000003d08                RCC_GetClocksFreq
 .text.RCC_AHBPeriphClockCmd
                0x0000000000003e12       0x1e ./Peripheral/src/ch32v20x_rcc.o
                0x0000000000003e12                RCC_AHBPeriphClockCmd
 .text.RCC_APB2PeriphClockCmd
                0x0000000000003e30       0x1e ./Peripheral/src/ch32v20x_rcc.o
                0x0000000000003e30                RCC_APB2PeriphClockCmd
 .text.RCC_APB1PeriphClockCmd
                0x0000000000003e4e       0x1e ./Peripheral/src/ch32v20x_rcc.o
                0x0000000000003e4e                RCC_APB1PeriphClockCmd
 .text.RCC_APB2PeriphResetCmd
                0x0000000000003e6c       0x1e ./Peripheral/src/ch32v20x_rcc.o
                0x0000000000003e6c                RCC_APB2PeriphResetCmd
 .text.RCC_APB1PeriphResetCmd
                0x0000000000003e8a       0x1e ./Peripheral/src/ch32v20x_rcc.o
                0x0000000000003e8a                RCC_APB1PeriphResetCmd
 .text.RCC_BackupResetCmd
                0x0000000000003ea8       0x20 ./Peripheral/src/ch32v20x_rcc.o
                0x0000000000003ea8                RCC_BackupResetCmd
 .text.RCC_GetFlagStatus
                0x0000000000003ec8       0x2e ./Peripheral/src/ch32v20x_rcc.o
                0x0000000000003ec8                RCC_GetFlagStatus
 .text.RTC_ITConfig
                0x0000000000003ef6       0x26 ./Peripheral/src/ch32v20x_rtc.o
                0x0000000000003ef6                RTC_ITConfig
 .text.RTC_EnterConfigMode
                0x0000000000003f1c       0x12 ./Peripheral/src/ch32v20x_rtc.o
                0x0000000000003f1c                RTC_EnterConfigMode
 .text.RTC_ExitConfigMode
                0x0000000000003f2e       0x18 ./Peripheral/src/ch32v20x_rtc.o
                0x0000000000003f2e                RTC_ExitConfigMode
 .text.RTC_SetPrescaler
                0x0000000000003f46       0x28 ./Peripheral/src/ch32v20x_rtc.o
                0x0000000000003f46                RTC_SetPrescaler
 .text.RTC_WaitForLastTask
                0x0000000000003f6e       0x10 ./Peripheral/src/ch32v20x_rtc.o
                0x0000000000003f6e                RTC_WaitForLastTask
 .text.RTC_WaitForSynchro
                0x0000000000003f7e       0x24 ./Peripheral/src/ch32v20x_rtc.o
                0x0000000000003f7e                RTC_WaitForSynchro
 .text.RTC_GetITStatus
                0x0000000000003fa2       0x20 ./Peripheral/src/ch32v20x_rtc.o
                0x0000000000003fa2                RTC_GetITStatus
 .text.RTC_ClearITPendingBit
                0x0000000000003fc2       0x14 ./Peripheral/src/ch32v20x_rtc.o
                0x0000000000003fc2                RTC_ClearITPendingBit
 .text.SPI_I2S_DeInit
                0x0000000000003fd6       0x40 ./Peripheral/src/ch32v20x_spi.o
                0x0000000000003fd6                SPI_I2S_DeInit
 .text.SPI_Init
                0x0000000000004016       0x3e ./Peripheral/src/ch32v20x_spi.o
                0x0000000000004016                SPI_Init
 .text.SPI_Cmd  0x0000000000004054       0x1e ./Peripheral/src/ch32v20x_spi.o
                0x0000000000004054                SPI_Cmd
 .text.SPI_I2S_DMACmd
                0x0000000000004072       0x16 ./Peripheral/src/ch32v20x_spi.o
                0x0000000000004072                SPI_I2S_DMACmd
 .text.SPI_I2S_GetFlagStatus
                0x0000000000004088        0xa ./Peripheral/src/ch32v20x_spi.o
                0x0000000000004088                SPI_I2S_GetFlagStatus
 .text.SPI_I2S_ClearFlag
                0x0000000000004092        0xc ./Peripheral/src/ch32v20x_spi.o
                0x0000000000004092                SPI_I2S_ClearFlag
 .text.TIM_DeInit
                0x000000000000409e       0xa0 ./Peripheral/src/ch32v20x_tim.o
                0x000000000000409e                TIM_DeInit
 .text.TIM_TimeBaseInit
                0x000000000000413e       0x94 ./Peripheral/src/ch32v20x_tim.o
                0x000000000000413e                TIM_TimeBaseInit
 .text.TIM_OC1Init
                0x00000000000041d2       0x6c ./Peripheral/src/ch32v20x_tim.o
                0x00000000000041d2                TIM_OC1Init
 .text.TIM_OC2Init
                0x000000000000423e       0x94 ./Peripheral/src/ch32v20x_tim.o
                0x000000000000423e                TIM_OC2Init
 .text.TIM_OC3Init
                0x00000000000042d2       0x92 ./Peripheral/src/ch32v20x_tim.o
                0x00000000000042d2                TIM_OC3Init
 .text.TIM_OC4Init
                0x0000000000004364       0x6e ./Peripheral/src/ch32v20x_tim.o
                0x0000000000004364                TIM_OC4Init
 .text.TIM_TimeBaseStructInit
                0x00000000000043d2       0x16 ./Peripheral/src/ch32v20x_tim.o
                0x00000000000043d2                TIM_TimeBaseStructInit
 .text.TIM_Cmd  0x00000000000043e8       0x1c ./Peripheral/src/ch32v20x_tim.o
                0x00000000000043e8                TIM_Cmd
 .text.TIM_CtrlPWMOutputs
                0x0000000000004404       0x1e ./Peripheral/src/ch32v20x_tim.o
                0x0000000000004404                TIM_CtrlPWMOutputs
 .text.TIM_ITConfig
                0x0000000000004422       0x16 ./Peripheral/src/ch32v20x_tim.o
                0x0000000000004422                TIM_ITConfig
 .text.TIM_InternalClockConfig
                0x0000000000004438       0x10 ./Peripheral/src/ch32v20x_tim.o
                0x0000000000004438                TIM_InternalClockConfig
 .text.TIM_ARRPreloadConfig
                0x0000000000004448       0x1e ./Peripheral/src/ch32v20x_tim.o
                0x0000000000004448                TIM_ARRPreloadConfig
 .text.TIM_OC1PreloadConfig
                0x0000000000004466        0xe ./Peripheral/src/ch32v20x_tim.o
                0x0000000000004466                TIM_OC1PreloadConfig
 .text.TIM_OC2PreloadConfig
                0x0000000000004474       0x16 ./Peripheral/src/ch32v20x_tim.o
                0x0000000000004474                TIM_OC2PreloadConfig
 .text.TIM_OC3PreloadConfig
                0x000000000000448a        0xe ./Peripheral/src/ch32v20x_tim.o
                0x000000000000448a                TIM_OC3PreloadConfig
 .text.TIM_OC4PreloadConfig
                0x0000000000004498       0x16 ./Peripheral/src/ch32v20x_tim.o
                0x0000000000004498                TIM_OC4PreloadConfig
 .text.TIM_GetITStatus
                0x00000000000044ae       0x18 ./Peripheral/src/ch32v20x_tim.o
                0x00000000000044ae                TIM_GetITStatus
 .text.TIM_ClearITPendingBit
                0x00000000000044c6        0xc ./Peripheral/src/ch32v20x_tim.o
                0x00000000000044c6                TIM_ClearITPendingBit
 .text.USART_Init
                0x00000000000044d2       0xd6 ./Peripheral/src/ch32v20x_usart.o
                0x00000000000044d2                USART_Init
 .text.USART_Cmd
                0x00000000000045a8       0x18 ./Peripheral/src/ch32v20x_usart.o
                0x00000000000045a8                USART_Cmd
 .text.USART_SendData
                0x00000000000045c0        0x8 ./Peripheral/src/ch32v20x_usart.o
                0x00000000000045c0                USART_SendData
 .text.USART_GetFlagStatus
                0x00000000000045c8        0xa ./Peripheral/src/ch32v20x_usart.o
                0x00000000000045c8                USART_GetFlagStatus
 .text.vAINInit
                0x00000000000045d2       0x5e ./HWLIB/hw_lib_adc.o
                0x00000000000045d2                vAINInit
 .text.fGetAinCalData
                0x0000000000004630      0x11e ./HWLIB/hw_lib_adc.o
                0x0000000000004630                fGetAinCalData
 .text.eAinCalDataConfig
                0x000000000000474e       0x5c ./HWLIB/hw_lib_adc.o
                0x000000000000474e                eAinCalDataConfig
 .text.vABLineKoofFinde
                0x00000000000047aa       0x62 ./HWLIB/hw_lib_adc.o
                0x00000000000047aa                vABLineKoofFinde
 .text.eSetAinCalPoint
                0x000000000000480c       0x6e ./HWLIB/hw_lib_adc.o
                0x000000000000480c                eSetAinCalPoint
 .text.getADC1Buffer
                0x000000000000487a        0xa ./HWLIB/hw_lib_adc.o
                0x000000000000487a                getADC1Buffer
 .text.eDOUTConfigWtihStruct
                0x0000000000004884       0x1a ./HWLIB/hw_lib_din.o
                0x0000000000004884                eDOUTConfigWtihStruct
 .text.eDinConfigWtihStruct
                0x000000000000489e       0x3e ./HWLIB/hw_lib_din.o
                0x000000000000489e                eDinConfigWtihStruct
 .text.uGetDIN  0x00000000000048dc       0x16 ./HWLIB/hw_lib_din.o
                0x00000000000048dc                uGetDIN
 .text.eRPMConfig
                0x00000000000048f2       0x86 ./HWLIB/hw_lib_din.o
                0x00000000000048f2                eRPMConfig
 .text.xGetRPM  0x0000000000004978       0x90 ./HWLIB/hw_lib_din.o
                0x0000000000004978                xGetRPM
 .text.vDinDoutProcess
                0x0000000000004a08       0xa2 ./HWLIB/hw_lib_din.o
                0x0000000000004a08                vDinDoutProcess
 .text.vInitEEPROM
                0x0000000000004aaa       0x18 ./HWLIB/hw_lib_eeprom.o
                0x0000000000004aaa                vInitEEPROM
 .text.xGetEEPROM
                0x0000000000004ac2        0xa ./HWLIB/hw_lib_eeprom.o
                0x0000000000004ac2                xGetEEPROM
 .text.eEEPROMWr
                0x0000000000004acc       0xb6 ./HWLIB/hw_lib_eeprom.o
                0x0000000000004acc                eEEPROMWr
 .text.eEEPROMRd
                0x0000000000004b82       0x34 ./HWLIB/hw_lib_eeprom.o
                0x0000000000004b82                eEEPROMRd
 .text.bReadEEPROM
                0x0000000000004bb6       0x1a ./HWLIB/hw_lib_eeprom.o
                0x0000000000004bb6                bReadEEPROM
 .text.vPostState
                0x0000000000004bd0       0x30 ./HWLIB/hw_lib_keyboard.o
 .text.xKeyboardQueue
                0x0000000000004c00        0xa ./HWLIB/hw_lib_keyboard.o
                0x0000000000004c00                xKeyboardQueue
 .text.HW_LIB_GetKeyboardPeriod
                0x0000000000004c0a        0xa ./HWLIB/hw_lib_keyboard.o
                0x0000000000004c0a                HW_LIB_GetKeyboardPeriod
 .text.eKeyboardInit
                0x0000000000004c14       0x5e ./HWLIB/hw_lib_keyboard.o
                0x0000000000004c14                eKeyboardInit
 .text.HW_LIB_KeyboradFSM
                0x0000000000004c72       0xa6 ./HWLIB/hw_lib_keyboard.o
                0x0000000000004c72                HW_LIB_KeyboradFSM
 .text.Get_ConversionVal
                0x0000000000004d18       0x3c ./HAL/hal_adc.o
                0x0000000000004d18                Get_ConversionVal
 .text.HAL_ADC_CommonConfig
                0x0000000000004d54        0xe ./HAL/hal_adc.o
                0x0000000000004d54                HAL_ADC_CommonConfig
 .text.HAL_ADC_ContiniusScanCinvertionDMA
                0x0000000000004d62       0xf0 ./HAL/hal_adc.o
                0x0000000000004d62                HAL_ADC_ContiniusScanCinvertionDMA
 .text.ADC1_2_IRQHandler
                0x0000000000004e52       0x76 ./HAL/hal_adc.o
                0x0000000000004e52                ADC1_2_IRQHandler
 .text.HAL_CANSetTXCallback
                0x0000000000004ec8        0xa ./HAL/hal_can.o
                0x0000000000004ec8                HAL_CANSetTXCallback
 .text.HAL_CANSetRXCallback
                0x0000000000004ed2        0xa ./HAL/hal_can.o
                0x0000000000004ed2                HAL_CANSetRXCallback
 .text.HAL_CANSetERRCallback
                0x0000000000004edc        0xa ./HAL/hal_can.o
                0x0000000000004edc                HAL_CANSetERRCallback
 .text.HAL_CANIntIT
                0x0000000000004ee6      0x144 ./HAL/hal_can.o
                0x0000000000004ee6                HAL_CANIntIT
 .text.HAL_CANToInitMode
                0x000000000000502a       0x16 ./HAL/hal_can.o
                0x000000000000502a                HAL_CANToInitMode
 .text.HAL_CANToOperatingMode
                0x0000000000005040       0x16 ./HAL/hal_can.o
                0x0000000000005040                HAL_CANToOperatingMode
 .text.HAL_CANSend
                0x0000000000005056       0x50 ./HAL/hal_can.o
                0x0000000000005056                HAL_CANSend
 .text.HAL_CANSetFiters
                0x00000000000050a6       0x3a ./HAL/hal_can.o
                0x00000000000050a6                HAL_CANSetFiters
 .text.HAL_CANGetRXMessage
                0x00000000000050e0       0x72 ./HAL/hal_can.o
                0x00000000000050e0                HAL_CANGetRXMessage
 .text.USB_HP_CAN1_TX_IRQHandler
                0x0000000000005152       0xe4 ./HAL/hal_can.o
                0x0000000000005152                USB_HP_CAN1_TX_IRQHandler
 .text.USB_LP_CAN1_RX0_IRQHandler
                0x0000000000005236       0x62 ./HAL/hal_can.o
                0x0000000000005236                USB_LP_CAN1_RX0_IRQHandler
 .text.CAN1_RX1_IRQHandler
                0x0000000000005298       0x64 ./HAL/hal_can.o
                0x0000000000005298                CAN1_RX1_IRQHandler
 .text.CAN1_SCE_IRQHandler
                0x00000000000052fc       0x62 ./HAL/hal_can.o
                0x00000000000052fc                CAN1_SCE_IRQHandler
 .text.HAL_DMA_Enable
                0x000000000000535e        0xe ./HAL/hal_dma.o
                0x000000000000535e                HAL_DMA_Enable
 .text.HAL_DMA_Disable
                0x000000000000536c        0xe ./HAL/hal_dma.o
                0x000000000000536c                HAL_DMA_Disable
 .text.HAL_DMA_SetCounter
                0x000000000000537a       0x10 ./HAL/hal_dma.o
                0x000000000000537a                HAL_DMA_SetCounter
 .text.HAL_DMAInitIT
                0x000000000000538a      0x194 ./HAL/hal_dma.o
                0x000000000000538a                HAL_DMAInitIT
 .text.HAL_ADC_StartDMA
                0x000000000000551e       0x5e ./HAL/hal_dma.o
                0x000000000000551e                HAL_ADC_StartDMA
 .text.DMA1_Channel1_IRQHandler
                0x000000000000557c       0x66 ./HAL/hal_dma.o
                0x000000000000557c                DMA1_Channel1_IRQHandler
 .text.DMA1_Channel3_IRQHandler
                0x00000000000055e2       0x6a ./HAL/hal_dma.o
                0x00000000000055e2                DMA1_Channel3_IRQHandler
 .text.DMA1_Channel5_IRQHandler
                0x000000000000564c       0x68 ./HAL/hal_dma.o
                0x000000000000564c                DMA1_Channel5_IRQHandler
 .text.DMA1_Channel4_IRQHandler
                0x00000000000056b4       0x66 ./HAL/hal_dma.o
                0x00000000000056b4                DMA1_Channel4_IRQHandler
 .text.DMA1_Channel7_IRQHandler
                0x000000000000571a       0x6a ./HAL/hal_dma.o
                0x000000000000571a                DMA1_Channel7_IRQHandler
 .text.HAL_InitGpioLib
                0x0000000000005784       0x12 ./HAL/hal_gpio.o
                0x0000000000005784                HAL_InitGpioLib
 .text.HAL_InitGpioRCC
                0x0000000000005796       0xee ./HAL/hal_gpio.o
                0x0000000000005796                HAL_InitGpioRCC
 .text.HAL_InitGpioOut
                0x0000000000005884       0x26 ./HAL/hal_gpio.o
                0x0000000000005884                HAL_InitGpioOut
 .text.HAL_InitGpioAIN
                0x00000000000058aa       0x24 ./HAL/hal_gpio.o
                0x00000000000058aa                HAL_InitGpioAIN
 .text.HAL_InitGpioIn
                0x00000000000058ce       0x26 ./HAL/hal_gpio.o
                0x00000000000058ce                HAL_InitGpioIn
 .text.HAL_InitGpioAF
                0x00000000000058f4       0x3e ./HAL/hal_gpio.o
                0x00000000000058f4                HAL_InitGpioAF
 .text.HAL_GetBit
                0x0000000000005932        0xc ./HAL/hal_gpio.o
                0x0000000000005932                HAL_GetBit
 .text.HAL_SetBit
                0x000000000000593e        0xc ./HAL/hal_gpio.o
                0x000000000000593e                HAL_SetBit
 .text.HAL_ResetBit
                0x000000000000594a        0xc ./HAL/hal_gpio.o
                0x000000000000594a                HAL_ResetBit
 .text.I2C_Master_TransmitIT
                0x0000000000005956       0xa0 ./HAL/hal_i2c.o
 .text.I2C_Master_ReviceIT
                0x00000000000059f6       0xb4 ./HAL/hal_i2c.o
 .text.I2C_FSM  0x0000000000005aaa      0x27a ./HAL/hal_i2c.o
 .text.InitI2CDMA
                0x0000000000005d24      0x1c4 ./HAL/hal_i2c.o
                0x0000000000005d24                InitI2CDMA
 .text.I2C1_EV_IRQHandler
                0x0000000000005ee8       0x4c ./HAL/hal_i2c.o
                0x0000000000005ee8                I2C1_EV_IRQHandler
 .text.I2C1_ER_IRQHandler
                0x0000000000005f34       0x4c ./HAL/hal_i2c.o
                0x0000000000005f34                I2C1_ER_IRQHandler
 .text.I2C2_EV_IRQHandler
                0x0000000000005f80       0x4c ./HAL/hal_i2c.o
                0x0000000000005f80                I2C2_EV_IRQHandler
 .text.I2C2_ER_IRQHandler
                0x0000000000005fcc       0x4c ./HAL/hal_i2c.o
                0x0000000000005fcc                I2C2_ER_IRQHandler
 .text.HAL_RTC_IT_Init
                0x0000000000006018       0xae ./HAL/hal_rtc.o
                0x0000000000006018                HAL_RTC_IT_Init
 .text.RTC_IRQHandler
                0x00000000000060c6       0x66 ./HAL/hal_rtc.o
                0x00000000000060c6                RTC_IRQHandler
 .text.HAL_SPI_InitDMA
                0x000000000000612c       0x9c ./HAL/hal_spi.o
                0x000000000000612c                HAL_SPI_InitDMA
 .text.HAL_SPI_RXOveleyClear
                0x00000000000061c8       0x10 ./HAL/hal_spi.o
                0x00000000000061c8                HAL_SPI_RXOveleyClear
 .text.HAL_SPI_GetBusy
                0x00000000000061d8       0x16 ./HAL/hal_spi.o
                0x00000000000061d8                HAL_SPI_GetBusy
 .text.vTimerInitRCC
                0x00000000000061ee       0x68 ./HAL/hal_timers.o
 .text.TIM1_UP_IRQHandler
                0x0000000000006256       0x76 ./HAL/hal_timers.o
                0x0000000000006256                TIM1_UP_IRQHandler
 .text.TIM4_IRQHandler
                0x00000000000062cc       0x76 ./HAL/hal_timers.o
                0x00000000000062cc                TIM4_IRQHandler
 .text.TIM3_IRQHandler
                0x0000000000006342       0x76 ./HAL/hal_timers.o
                0x0000000000006342                TIM3_IRQHandler
 .text.TIM2_IRQHandler
                0x00000000000063b8       0x6e ./HAL/hal_timers.o
                0x00000000000063b8                TIM2_IRQHandler
 .text.HAL_TiemrEneblae
                0x0000000000006426       0x1c ./HAL/hal_timers.o
                0x0000000000006426                HAL_TiemrEneblae
 .text.HW_TIMER_BaseTimerInit
                0x0000000000006442       0x58 ./HAL/hal_timers.o
                0x0000000000006442                HW_TIMER_BaseTimerInit
 .text.HAL_TIMER_InitIt
                0x000000000000649a       0xc0 ./HAL/hal_timers.o
                0x000000000000649a                HAL_TIMER_InitIt
 .text.HAL_TIMER_PWMTimersInit
                0x000000000000655a       0xfa ./HAL/hal_timers.o
                0x000000000000655a                HAL_TIMER_PWMTimersInit
 .text.HAL_TIMER_DisablePWMCH
                0x0000000000006654       0x1c ./HAL/hal_timers.o
                0x0000000000006654                HAL_TIMER_DisablePWMCH
 .text.HAL_TIMER_SetPWMPulse
                0x0000000000006670       0x8a ./HAL/hal_timers.o
                0x0000000000006670                HAL_TIMER_SetPWMPulse
 .text.HAL_TIMER_EnablePWMCH
                0x00000000000066fa       0x1c ./HAL/hal_timers.o
                0x00000000000066fa                HAL_TIMER_EnablePWMCH
 .text.HAL_WDTReset
                0x0000000000006716        0x2 ./HAL/hal_wdt.o
                0x0000000000006716                HAL_WDTReset
 .text.prvInsertBlockIntoFreeList
                0x0000000000006718       0x58 ./FreeRTOS/portable/MemMang/heap_4.o
 .text.pvPortMalloc
                0x0000000000006770      0x1a6 ./FreeRTOS/portable/MemMang/heap_4.o
                0x0000000000006770                pvPortMalloc
 .text.vPortFree
                0x0000000000006916       0xa8 ./FreeRTOS/portable/MemMang/heap_4.o
                0x0000000000006916                vPortFree
 .text.vPortSetupTimerInterrupt
                0x00000000000069be       0x3e ./FreeRTOS/portable/GCC/RISC-V/port.o
                0x00000000000069be                vPortSetupTimerInterrupt
 .text.xPortStartScheduler
                0x00000000000069fc       0x90 ./FreeRTOS/portable/GCC/RISC-V/port.o
                0x00000000000069fc                xPortStartScheduler
 .text.SysTick_Handler
                0x0000000000006a8c       0x7c ./FreeRTOS/portable/GCC/RISC-V/port.o
                0x0000000000006a8c                SysTick_Handler
 .text.vPortEnterCritical
                0x0000000000006b08       0x16 ./FreeRTOS/portable/GCC/RISC-V/port.o
                0x0000000000006b08                vPortEnterCritical
 .text.vPortExitCritical
                0x0000000000006b1e       0x42 ./FreeRTOS/portable/GCC/RISC-V/port.o
                0x0000000000006b1e                vPortExitCritical
 .text.xPortSetInterruptMask
                0x0000000000006b60        0xc ./FreeRTOS/portable/GCC/RISC-V/port.o
                0x0000000000006b60                xPortSetInterruptMask
 .text.vPortClearInterruptMask
                0x0000000000006b6c        0x6 ./FreeRTOS/portable/GCC/RISC-V/port.o
                0x0000000000006b6c                vPortClearInterruptMask
 .text.vListInitialise
                0x0000000000006b72       0x14 ./FreeRTOS/list.o
                0x0000000000006b72                vListInitialise
 .text.vListInitialiseItem
                0x0000000000006b86        0x6 ./FreeRTOS/list.o
                0x0000000000006b86                vListInitialiseItem
 .text.vListInsertEnd
                0x0000000000006b8c       0x16 ./FreeRTOS/list.o
                0x0000000000006b8c                vListInsertEnd
 .text.vListInsert
                0x0000000000006ba2       0x2e ./FreeRTOS/list.o
                0x0000000000006ba2                vListInsert
 .text.uxListRemove
                0x0000000000006bd0       0x26 ./FreeRTOS/list.o
                0x0000000000006bd0                uxListRemove
 .text.prvIsQueueEmpty
                0x0000000000006bf6       0x18 ./FreeRTOS/queue.o
 .text.prvCopyDataToQueue
                0x0000000000006c0e       0x74 ./FreeRTOS/queue.o
 .text.prvCopyDataFromQueue
                0x0000000000006c82       0x28 ./FreeRTOS/queue.o
 .text.prvUnlockQueue
                0x0000000000006caa       0x82 ./FreeRTOS/queue.o
 .text.xQueueGenericReset
                0x0000000000006d2c       0xc0 ./FreeRTOS/queue.o
                0x0000000000006d2c                xQueueGenericReset
 .text.xQueueGenericCreateStatic
                0x0000000000006dec       0xc0 ./FreeRTOS/queue.o
                0x0000000000006dec                xQueueGenericCreateStatic
 .text.xQueueGenericCreate
                0x0000000000006eac       0x6e ./FreeRTOS/queue.o
                0x0000000000006eac                xQueueGenericCreate
 .text.xQueueGenericSend
                0x0000000000006f1a      0x1be ./FreeRTOS/queue.o
                0x0000000000006f1a                xQueueGenericSend
 .text.prvInitialiseMutex
                0x00000000000070d8       0x22 ./FreeRTOS/queue.o
 .text.xQueueCreateMutex
                0x00000000000070fa       0x1a ./FreeRTOS/queue.o
                0x00000000000070fa                xQueueCreateMutex
 .text.xQueueGiveMutexRecursive
                0x0000000000007114       0x58 ./FreeRTOS/queue.o
                0x0000000000007114                xQueueGiveMutexRecursive
 .text.xQueueReceive
                0x000000000000716c      0x174 ./FreeRTOS/queue.o
                0x000000000000716c                xQueueReceive
 .text.xQueueSemaphoreTake
                0x00000000000072e0      0x1d4 ./FreeRTOS/queue.o
                0x00000000000072e0                xQueueSemaphoreTake
 .text.xQueueTakeMutexRecursive
                0x00000000000074b4       0x56 ./FreeRTOS/queue.o
                0x00000000000074b4                xQueueTakeMutexRecursive
 .text.vQueueAddToRegistry
                0x000000000000750a       0x80 ./FreeRTOS/queue.o
                0x000000000000750a                vQueueAddToRegistry
 .text.vQueueWaitForMessageRestricted
                0x000000000000758a       0x56 ./FreeRTOS/queue.o
                0x000000000000758a                vQueueWaitForMessageRestricted
 .text.prvIdleTask
                0x00000000000075e0        0x2 ./FreeRTOS/tasks.o
 .text.prvResetNextTaskUnblockTime
                0x00000000000075e2       0x2e ./FreeRTOS/tasks.o
 .text.prvTaskIsTaskSuspended
                0x0000000000007610       0x52 ./FreeRTOS/tasks.o
 .text.prvInitialiseNewTask
                0x0000000000007662       0xf6 ./FreeRTOS/tasks.o
 .text.prvAddNewTaskToReadyList
                0x0000000000007758      0x144 ./FreeRTOS/tasks.o
 .text.prvAddCurrentTaskToDelayedList
                0x000000000000789c       0xae ./FreeRTOS/tasks.o
 .text.xTaskCreateStatic
                0x000000000000794a       0xa8 ./FreeRTOS/tasks.o
                0x000000000000794a                xTaskCreateStatic
 .text.vTaskResume
                0x00000000000079f2       0xc2 ./FreeRTOS/tasks.o
                0x00000000000079f2                vTaskResume
 .text.vTaskStartScheduler
                0x0000000000007ab4       0x96 ./FreeRTOS/tasks.o
                0x0000000000007ab4                vTaskStartScheduler
 .text.vTaskSuspendAll
                0x0000000000007b4a       0x10 ./FreeRTOS/tasks.o
                0x0000000000007b4a                vTaskSuspendAll
 .text.xTaskGetTickCount
                0x0000000000007b5a        0x6 ./FreeRTOS/tasks.o
                0x0000000000007b5a                xTaskGetTickCount
 .text.xTaskIncrementTick
                0x0000000000007b60      0x1bc ./FreeRTOS/tasks.o
                0x0000000000007b60                xTaskIncrementTick
 .text.xTaskResumeAll
                0x0000000000007d1c      0x170 ./FreeRTOS/tasks.o
                0x0000000000007d1c                xTaskResumeAll
 .text.vTaskDelay
                0x0000000000007e8c       0x62 ./FreeRTOS/tasks.o
                0x0000000000007e8c                vTaskDelay
 .text.vTaskSwitchContext
                0x0000000000007eee       0xe6 ./FreeRTOS/tasks.o
                0x0000000000007eee                vTaskSwitchContext
 .text.vTaskSuspend
                0x0000000000007fd4      0x102 ./FreeRTOS/tasks.o
                0x0000000000007fd4                vTaskSuspend
 .text.vTaskPlaceOnEventList
                0x00000000000080d6       0x48 ./FreeRTOS/tasks.o
                0x00000000000080d6                vTaskPlaceOnEventList
 .text.vTaskPlaceOnEventListRestricted
                0x000000000000811e       0x74 ./FreeRTOS/tasks.o
                0x000000000000811e                vTaskPlaceOnEventListRestricted
 .text.xTaskRemoveFromEventList
                0x0000000000008192      0x110 ./FreeRTOS/tasks.o
                0x0000000000008192                xTaskRemoveFromEventList
 .text.vTaskInternalSetTimeOutState
                0x00000000000082a2       0x12 ./FreeRTOS/tasks.o
                0x00000000000082a2                vTaskInternalSetTimeOutState
 .text.xTaskCheckForTimeOut
                0x00000000000082b4       0xb2 ./FreeRTOS/tasks.o
                0x00000000000082b4                xTaskCheckForTimeOut
 .text.vTaskMissedYield
                0x0000000000008366        0x8 ./FreeRTOS/tasks.o
                0x0000000000008366                vTaskMissedYield
 .text.xTaskGetCurrentTaskHandle
                0x000000000000836e        0xa ./FreeRTOS/tasks.o
                0x000000000000836e                xTaskGetCurrentTaskHandle
 .text.xTaskGetSchedulerState
                0x0000000000008378       0x18 ./FreeRTOS/tasks.o
                0x0000000000008378                xTaskGetSchedulerState
 .text.xTaskPriorityInherit
                0x0000000000008390       0xd8 ./FreeRTOS/tasks.o
                0x0000000000008390                xTaskPriorityInherit
 .text.xTaskPriorityDisinherit
                0x0000000000008468       0xe2 ./FreeRTOS/tasks.o
                0x0000000000008468                xTaskPriorityDisinherit
 .text.vTaskPriorityDisinheritAfterTimeout
                0x000000000000854a      0x106 ./FreeRTOS/tasks.o
                0x000000000000854a                vTaskPriorityDisinheritAfterTimeout
 .text.pvTaskIncrementMutexHeldCount
                0x0000000000008650       0x22 ./FreeRTOS/tasks.o
                0x0000000000008650                pvTaskIncrementMutexHeldCount
 .text.ulTaskGenericNotifyTake
                0x0000000000008672       0xd8 ./FreeRTOS/tasks.o
                0x0000000000008672                ulTaskGenericNotifyTake
 .text.xTaskGenericNotifyWait
                0x000000000000874a       0xfe ./FreeRTOS/tasks.o
                0x000000000000874a                xTaskGenericNotifyWait
 .text.xTaskGenericNotify
                0x0000000000008848      0x1e2 ./FreeRTOS/tasks.o
                0x0000000000008848                xTaskGenericNotify
 .text.xTaskGenericNotifyFromISR
                0x0000000000008a2a      0x218 ./FreeRTOS/tasks.o
                0x0000000000008a2a                xTaskGenericNotifyFromISR
 .text.ulTaskGenericNotifyValueClear
                0x0000000000008c42       0x36 ./FreeRTOS/tasks.o
                0x0000000000008c42                ulTaskGenericNotifyValueClear
 .text.prvInsertTimerInActiveList
                0x0000000000008c78       0x46 ./FreeRTOS/timers.o
 .text.prvReloadTimer
                0x0000000000008cbe       0x2a ./FreeRTOS/timers.o
 .text.prvProcessExpiredTimer
                0x0000000000008ce8       0x3e ./FreeRTOS/timers.o
 .text.prvSampleTimeNow
                0x0000000000008d26       0x4e ./FreeRTOS/timers.o
 .text.prvTimerTask
                0x0000000000008d74      0x176 ./FreeRTOS/timers.o
 .text.prvCheckForValidListAndQueue
                0x0000000000008eea       0x6c ./FreeRTOS/timers.o
 .text.xTimerCreateTimerTask
                0x0000000000008f56       0x6e ./FreeRTOS/timers.o
                0x0000000000008f56                xTimerCreateTimerTask
 .text.vRCFilter
                0x0000000000008fc4       0x30 ./Drivers/filters.o
                0x0000000000008fc4                vRCFilter
 .text.Delay_Init
                0x0000000000008ff4       0x2a ./Debug/debug.o
                0x0000000000008ff4                Delay_Init
 .text.Delay_Ms
                0x000000000000901e       0x3e ./Debug/debug.o
                0x000000000000901e                Delay_Ms
 .text.USART_Printf_Init
                0x000000000000905c       0x62 ./Debug/debug.o
                0x000000000000905c                USART_Printf_Init
 .text._write   0x00000000000090be       0x3e ./Debug/debug.o
                0x00000000000090be                _write
 .text._sbrk    0x00000000000090fc       0x2e ./Debug/debug.o
                0x00000000000090fc                _sbrk
 .text.__get_MEPC
                0x000000000000912a        0x6 ./Core/core_riscv.o
                0x000000000000912a                __get_MEPC
 .text.__get_MCAUSE
                0x0000000000009130        0x6 ./Core/core_riscv.o
                0x0000000000009130                __get_MCAUSE
 .text.__get_MTVAL
                0x0000000000009136        0x6 ./Core/core_riscv.o
                0x0000000000009136                __get_MTVAL
 .text.CAN_SendMessage
                0x000000000000913c       0x96 ./CANopenNode/keypad/CO_driver_ST32F103.o
                0x000000000000913c                CAN_SendMessage
 .text.prv_read_can_received_msg
                0x00000000000091d2       0x6a ./CANopenNode/keypad/CO_driver_ST32F103.o
                0x00000000000091d2                prv_read_can_received_msg
 .text.co_drv_create_os_objects
                0x000000000000923c       0x30 ./CANopenNode/keypad/CO_driver_ST32F103.o
                0x000000000000923c                co_drv_create_os_objects
 .text.co_drv_mutex_lock
                0x000000000000926c       0x18 ./CANopenNode/keypad/CO_driver_ST32F103.o
                0x000000000000926c                co_drv_mutex_lock
 .text.co_drv_mutex_unlock
                0x0000000000009284       0x16 ./CANopenNode/keypad/CO_driver_ST32F103.o
                0x0000000000009284                co_drv_mutex_unlock
 .text.CO_CANsetConfigurationMode
                0x000000000000929a       0x10 ./CANopenNode/keypad/CO_driver_ST32F103.o
                0x000000000000929a                CO_CANsetConfigurationMode
 .text.CO_CANsetNormalMode
                0x00000000000092aa       0x1e ./CANopenNode/keypad/CO_driver_ST32F103.o
                0x00000000000092aa                CO_CANsetNormalMode
 .text.CO_CANmodule_init
                0x00000000000092c8      0x114 ./CANopenNode/keypad/CO_driver_ST32F103.o
                0x00000000000092c8                CO_CANmodule_init
 .text.CO_CANmodule_disable
                0x00000000000093dc       0x14 ./CANopenNode/keypad/CO_driver_ST32F103.o
                0x00000000000093dc                CO_CANmodule_disable
 .text.CO_CANrxBufferInit
                0x00000000000093f0       0x5a ./CANopenNode/keypad/CO_driver_ST32F103.o
                0x00000000000093f0                CO_CANrxBufferInit
 .text.CO_CANtxBufferInit
                0x000000000000944a       0x38 ./CANopenNode/keypad/CO_driver_ST32F103.o
                0x000000000000944a                CO_CANtxBufferInit
 .text.CO_CANmodule_process
                0x0000000000009482       0x12 ./CANopenNode/keypad/CO_driver_ST32F103.o
                0x0000000000009482                CO_CANmodule_process
 .text.CO_CANsend
                0x0000000000009494       0x62 ./CANopenNode/keypad/CO_driver_ST32F103.o
                0x0000000000009494                CO_CANsend
 .text.CO_LSSslave_receive
                0x00000000000094f6      0x1f8 ./CANopenNode/305/CO_LSSslave.o
 .text.CO_LSSslave_init
                0x00000000000096ee       0xbe ./CANopenNode/305/CO_LSSslave.o
                0x00000000000096ee                CO_LSSslave_init
 .text.CO_LSSslave_process
                0x00000000000097ac      0x1e6 ./CANopenNode/305/CO_LSSslave.o
                0x00000000000097ac                CO_LSSslave_process
 .text.OD_write_1003
                0x0000000000009992       0x34 ./CANopenNode/301/CO_Emergency.o
 .text.OD_read_1003
                0x00000000000099c6       0x9c ./CANopenNode/301/CO_Emergency.o
 .text.OD_read_1014_default
                0x0000000000009a62       0x52 ./CANopenNode/301/CO_Emergency.o
 .text.CO_EM_init
                0x0000000000009ab4      0x13c ./CANopenNode/301/CO_Emergency.o
                0x0000000000009ab4                CO_EM_init
 .text.CO_error
                0x0000000000009bf0       0xc4 ./CANopenNode/301/CO_Emergency.o
                0x0000000000009bf0                CO_error
 .text.CO_EM_process
                0x0000000000009cb4      0x1c6 ./CANopenNode/301/CO_Emergency.o
                0x0000000000009cb4                CO_EM_process
 .text.CO_NMT_receive
                0x0000000000009e7a       0x1a ./CANopenNode/301/CO_NMT_Heartbeat.o
 .text.OD_write_1017
                0x0000000000009e94       0x4e ./CANopenNode/301/CO_NMT_Heartbeat.o
 .text.CO_NMT_init
                0x0000000000009ee2       0xfe ./CANopenNode/301/CO_NMT_Heartbeat.o
                0x0000000000009ee2                CO_NMT_init
 .text.CO_NMT_process
                0x0000000000009fe0      0x154 ./CANopenNode/301/CO_NMT_Heartbeat.o
                0x0000000000009fe0                CO_NMT_process
 .text.OD_readDisabled
                0x000000000000a134        0x4 ./CANopenNode/301/CO_ODinterface.o
 .text.OD_writeDisabled
                0x000000000000a138        0x4 ./CANopenNode/301/CO_ODinterface.o
 .text.OD_readOriginal
                0x000000000000a13c       0x60 ./CANopenNode/301/CO_ODinterface.o
                0x000000000000a13c                OD_readOriginal
 .text.OD_writeOriginal
                0x000000000000a19c       0x62 ./CANopenNode/301/CO_ODinterface.o
                0x000000000000a19c                OD_writeOriginal
 .text.OD_find  0x000000000000a1fe       0xa2 ./CANopenNode/301/CO_ODinterface.o
                0x000000000000a1fe                OD_find
 .text.OD_getSub
                0x000000000000a2a0      0x118 ./CANopenNode/301/CO_ODinterface.o
                0x000000000000a2a0                OD_getSub
 .text.OD_getSDOabCode
                0x000000000000a3b8       0x1e ./CANopenNode/301/CO_ODinterface.o
                0x000000000000a3b8                OD_getSDOabCode
 .text.OD_get_value
                0x000000000000a3d6       0x36 ./CANopenNode/301/CO_ODinterface.o
                0x000000000000a3d6                OD_get_value
 .text.OD_set_value
                0x000000000000a40c       0x30 ./CANopenNode/301/CO_ODinterface.o
                0x000000000000a40c                OD_set_value
 .text.OD_getPtr
                0x000000000000a43c       0x48 ./CANopenNode/301/CO_ODinterface.o
                0x000000000000a43c                OD_getPtr
 .text.OD_write_dummy
                0x000000000000a484        0x8 ./CANopenNode/301/CO_PDO.o
 .text.OD_read_dummy
                0x000000000000a48c       0x32 ./CANopenNode/301/CO_PDO.o
 .text.OD_read_PDO_commParam
                0x000000000000a4be       0x7c ./CANopenNode/301/CO_PDO.o
 .text.PDOconfigMap
                0x000000000000a53a      0x12a ./CANopenNode/301/CO_PDO.o
 .text.OD_write_PDO_mapping
                0x000000000000a664       0xe6 ./CANopenNode/301/CO_PDO.o
 .text.OD_write_14xx
                0x000000000000a74a      0x18c ./CANopenNode/301/CO_PDO.o
 .text.CO_PDO_receive
                0x000000000000a8d6       0x72 ./CANopenNode/301/CO_PDO.o
 .text.PDO_initMapping
                0x000000000000a948      0x106 ./CANopenNode/301/CO_PDO.o
 .text.OD_write_18xx
                0x000000000000aa4e      0x1b2 ./CANopenNode/301/CO_PDO.o
 .text.CO_RPDO_init
                0x000000000000ac00      0x1ee ./CANopenNode/301/CO_PDO.o
                0x000000000000ac00                CO_RPDO_init
 .text.CO_RPDO_process
                0x000000000000adee      0x156 ./CANopenNode/301/CO_PDO.o
                0x000000000000adee                CO_RPDO_process
 .text.CO_TPDO_init
                0x000000000000af44      0x25e ./CANopenNode/301/CO_PDO.o
                0x000000000000af44                CO_TPDO_init
 .text.CO_TPDO_process
                0x000000000000b1a2      0x196 ./CANopenNode/301/CO_PDO.o
                0x000000000000b1a2                CO_TPDO_process
 .text.CO_SDOserver_init_canRxTx
                0x000000000000b338       0x9a ./CANopenNode/301/CO_SDOserver.o
 .text.OD_write_1201_additional
                0x000000000000b3d2      0x1a4 ./CANopenNode/301/CO_SDOserver.o
 .text.CO_SDO_receive
                0x000000000000b576       0x60 ./CANopenNode/301/CO_SDOserver.o
 .text.readFromOd
                0x000000000000b5d6      0x10c ./CANopenNode/301/CO_SDOserver.o
 .text.CO_SDOserver_init
                0x000000000000b6e2      0x188 ./CANopenNode/301/CO_SDOserver.o
                0x000000000000b6e2                CO_SDOserver_init
 .text.CO_SDOserver_process
                0x000000000000b86a      0x772 ./CANopenNode/301/CO_SDOserver.o
                0x000000000000b86a                CO_SDOserver_process
 .text.CO_delete
                0x000000000000bfdc       0x56 ./CANopenNode/CANopen.o
                0x000000000000bfdc                CO_delete
 .text.CO_new   0x000000000000c032      0x100 ./CANopenNode/CANopen.o
                0x000000000000c032                CO_new
 .text.CO_CANinit
                0x000000000000c132       0x32 ./CANopenNode/CANopen.o
                0x000000000000c132                CO_CANinit
 .text.CO_LSSinit
                0x000000000000c164       0x32 ./CANopenNode/CANopen.o
                0x000000000000c164                CO_LSSinit
 .text.CO_CANopenInit
                0x000000000000c196       0xc0 ./CANopenNode/CANopen.o
                0x000000000000c196                CO_CANopenInit
 .text.CO_CANopenInitPDO
                0x000000000000c256       0xfc ./CANopenNode/CANopen.o
                0x000000000000c256                CO_CANopenInitPDO
 .text.CO_process
                0x000000000000c352       0x7e ./CANopenNode/CANopen.o
                0x000000000000c352                CO_process
 .text.CO_process_RPDO
                0x000000000000c3d0       0x44 ./CANopenNode/CANopen.o
                0x000000000000c3d0                CO_process_RPDO
 .text.CO_process_TPDO
                0x000000000000c414       0x44 ./CANopenNode/CANopen.o
                0x000000000000c414                CO_process_TPDO
 .text.__addsf3
                0x000000000000c458      0x36a c:/mounriver/mounriver_studio/toolchain/risc-v embedded gcc/bin/../lib/gcc/riscv-none-embed/8.2.0/rv32imacxw/ilp32\libgcc.a(addsf3.o)
                0x000000000000c458                __addsf3
 .text.__divsf3
                0x000000000000c7c2      0x2b2 c:/mounriver/mounriver_studio/toolchain/risc-v embedded gcc/bin/../lib/gcc/riscv-none-embed/8.2.0/rv32imacxw/ilp32\libgcc.a(divsf3.o)
                0x000000000000c7c2                __divsf3
 .text.__gesf2  0x000000000000ca74       0x86 c:/mounriver/mounriver_studio/toolchain/risc-v embedded gcc/bin/../lib/gcc/riscv-none-embed/8.2.0/rv32imacxw/ilp32\libgcc.a(gesf2.o)
                0x000000000000ca74                __gesf2
                0x000000000000ca74                __gtsf2
 .text.__lesf2  0x000000000000cafa       0x8c c:/mounriver/mounriver_studio/toolchain/risc-v embedded gcc/bin/../lib/gcc/riscv-none-embed/8.2.0/rv32imacxw/ilp32\libgcc.a(lesf2.o)
                0x000000000000cafa                __ltsf2
                0x000000000000cafa                __lesf2
 .text.__mulsf3
                0x000000000000cb86      0x290 c:/mounriver/mounriver_studio/toolchain/risc-v embedded gcc/bin/../lib/gcc/riscv-none-embed/8.2.0/rv32imacxw/ilp32\libgcc.a(mulsf3.o)
                0x000000000000cb86                __mulsf3
 .text.__subsf3
                0x000000000000ce16      0x388 c:/mounriver/mounriver_studio/toolchain/risc-v embedded gcc/bin/../lib/gcc/riscv-none-embed/8.2.0/rv32imacxw/ilp32\libgcc.a(subsf3.o)
                0x000000000000ce16                __subsf3
 .text.__fixsfsi
                0x000000000000d19e       0x62 c:/mounriver/mounriver_studio/toolchain/risc-v embedded gcc/bin/../lib/gcc/riscv-none-embed/8.2.0/rv32imacxw/ilp32\libgcc.a(fixsfsi.o)
                0x000000000000d19e                __fixsfsi
 .text.__fixunssfsi
                0x000000000000d200       0x56 c:/mounriver/mounriver_studio/toolchain/risc-v embedded gcc/bin/../lib/gcc/riscv-none-embed/8.2.0/rv32imacxw/ilp32\libgcc.a(fixunssfsi.o)
                0x000000000000d200                __fixunssfsi
 .text.__floatsisf
                0x000000000000d256       0xc6 c:/mounriver/mounriver_studio/toolchain/risc-v embedded gcc/bin/../lib/gcc/riscv-none-embed/8.2.0/rv32imacxw/ilp32\libgcc.a(floatsisf.o)
                0x000000000000d256                __floatsisf
 .text.__floatunsisf
                0x000000000000d31c       0xce c:/mounriver/mounriver_studio/toolchain/risc-v embedded gcc/bin/../lib/gcc/riscv-none-embed/8.2.0/rv32imacxw/ilp32\libgcc.a(floatunsisf.o)
                0x000000000000d31c                __floatunsisf
 .text.__clzsi2
                0x000000000000d3ea       0x6e c:/mounriver/mounriver_studio/toolchain/risc-v embedded gcc/bin/../lib/gcc/riscv-none-embed/8.2.0/rv32imacxw/ilp32\libgcc.a(_clzsi2.o)
                0x000000000000d3ea                __clzsi2
 .text.calloc   0x000000000000d458        0xc c:/mounriver/mounriver_studio/toolchain/risc-v embedded gcc/bin/../lib/gcc/riscv-none-embed/8.2.0/../../../../riscv-none-embed/lib/rv32imacxw/ilp32\libg_nano.a(lib_a-calloc.o)
                0x000000000000d458                calloc
 .text.free     0x000000000000d464        0xa c:/mounriver/mounriver_studio/toolchain/risc-v embedded gcc/bin/../lib/gcc/riscv-none-embed/8.2.0/../../../../riscv-none-embed/lib/rv32imacxw/ilp32\libg_nano.a(lib_a-malloc.o)
                0x000000000000d464                free
 .text.memcpy   0x000000000000d46e       0xb2 c:/mounriver/mounriver_studio/toolchain/risc-v embedded gcc/bin/../lib/gcc/riscv-none-embed/8.2.0/../../../../riscv-none-embed/lib/rv32imacxw/ilp32\libg_nano.a(lib_a-memcpy.o)
                0x000000000000d46e                memcpy
 .text.memmove  0x000000000000d520       0x46 c:/mounriver/mounriver_studio/toolchain/risc-v embedded gcc/bin/../lib/gcc/riscv-none-embed/8.2.0/../../../../riscv-none-embed/lib/rv32imacxw/ilp32\libg_nano.a(lib_a-memmove.o)
                0x000000000000d520                memmove
 .text._calloc_r
                0x000000000000d566       0x26 c:/mounriver/mounriver_studio/toolchain/risc-v embedded gcc/bin/../lib/gcc/riscv-none-embed/8.2.0/../../../../riscv-none-embed/lib/rv32imacxw/ilp32\libg_nano.a(lib_a-nano-callocr.o)
                0x000000000000d566                _calloc_r
 .text._free_r  0x000000000000d58c       0xa8 c:/mounriver/mounriver_studio/toolchain/risc-v embedded gcc/bin/../lib/gcc/riscv-none-embed/8.2.0/../../../../riscv-none-embed/lib/rv32imacxw/ilp32\libg_nano.a(lib_a-nano-freer.o)
                0x000000000000d58c                _free_r
 .text._malloc_r
                0x000000000000d634       0xd4 c:/mounriver/mounriver_studio/toolchain/risc-v embedded gcc/bin/../lib/gcc/riscv-none-embed/8.2.0/../../../../riscv-none-embed/lib/rv32imacxw/ilp32\libg_nano.a(lib_a-nano-mallocr.o)
                0x000000000000d634                _malloc_r
 .text.printf   0x000000000000d708       0x40 c:/mounriver/mounriver_studio/toolchain/risc-v embedded gcc/bin/../lib/gcc/riscv-none-embed/8.2.0/../../../../riscv-none-embed/lib/rv32imacxw/ilp32\libg_nano.a(lib_a-printf.o)
                0x000000000000d708                iprintf
                0x000000000000d708                printf
 .text._puts_r  0x000000000000d748       0xd4 c:/mounriver/mounriver_studio/toolchain/risc-v embedded gcc/bin/../lib/gcc/riscv-none-embed/8.2.0/../../../../riscv-none-embed/lib/rv32imacxw/ilp32\libg_nano.a(lib_a-puts.o)
                0x000000000000d748                _puts_r
 .text.puts     0x000000000000d81c        0xc c:/mounriver/mounriver_studio/toolchain/risc-v embedded gcc/bin/../lib/gcc/riscv-none-embed/8.2.0/../../../../riscv-none-embed/lib/rv32imacxw/ilp32\libg_nano.a(lib_a-puts.o)
                0x000000000000d81c                puts
 .text._sbrk_r  0x000000000000d828       0x32 c:/mounriver/mounriver_studio/toolchain/risc-v embedded gcc/bin/../lib/gcc/riscv-none-embed/8.2.0/../../../../riscv-none-embed/lib/rv32imacxw/ilp32\libg_nano.a(lib_a-sbrkr.o)
                0x000000000000d828                _sbrk_r
 .text.strlen   0x000000000000d85a       0x12 c:/mounriver/mounriver_studio/toolchain/risc-v embedded gcc/bin/../lib/gcc/riscv-none-embed/8.2.0/../../../../riscv-none-embed/lib/rv32imacxw/ilp32\libg_nano.a(lib_a-strlen.o)
                0x000000000000d85a                strlen
 .text.__swbuf_r
                0x000000000000d86c       0xbc c:/mounriver/mounriver_studio/toolchain/risc-v embedded gcc/bin/../lib/gcc/riscv-none-embed/8.2.0/../../../../riscv-none-embed/lib/rv32imacxw/ilp32\libg_nano.a(lib_a-wbuf.o)
                0x000000000000d86c                __swbuf_r
 .text.__swsetup_r
                0x000000000000d928       0xfe c:/mounriver/mounriver_studio/toolchain/risc-v embedded gcc/bin/../lib/gcc/riscv-none-embed/8.2.0/../../../../riscv-none-embed/lib/rv32imacxw/ilp32\libg_nano.a(lib_a-wsetup.o)
                0x000000000000d928                __swsetup_r
 .text.__sflush_r
                0x000000000000da26      0x132 c:/mounriver/mounriver_studio/toolchain/risc-v embedded gcc/bin/../lib/gcc/riscv-none-embed/8.2.0/../../../../riscv-none-embed/lib/rv32imacxw/ilp32\libg_nano.a(lib_a-fflush.o)
                0x000000000000da26                __sflush_r
 .text._fflush_r
                0x000000000000db58       0x66 c:/mounriver/mounriver_studio/toolchain/risc-v embedded gcc/bin/../lib/gcc/riscv-none-embed/8.2.0/../../../../riscv-none-embed/lib/rv32imacxw/ilp32\libg_nano.a(lib_a-fflush.o)
                0x000000000000db58                _fflush_r
 .text.std      0x000000000000dbbe       0x66 c:/mounriver/mounriver_studio/toolchain/risc-v embedded gcc/bin/../lib/gcc/riscv-none-embed/8.2.0/../../../../riscv-none-embed/lib/rv32imacxw/ilp32\libg_nano.a(lib_a-findfp.o)
 .text._cleanup_r
                0x000000000000dc24        0xa c:/mounriver/mounriver_studio/toolchain/risc-v embedded gcc/bin/../lib/gcc/riscv-none-embed/8.2.0/../../../../riscv-none-embed/lib/rv32imacxw/ilp32\libg_nano.a(lib_a-findfp.o)
                0x000000000000dc24                _cleanup_r
 .text.__sfmoreglue
                0x000000000000dc2e       0x48 c:/mounriver/mounriver_studio/toolchain/risc-v embedded gcc/bin/../lib/gcc/riscv-none-embed/8.2.0/../../../../riscv-none-embed/lib/rv32imacxw/ilp32\libg_nano.a(lib_a-findfp.o)
                0x000000000000dc2e                __sfmoreglue
 .text.__sinit  0x000000000000dc76       0x6c c:/mounriver/mounriver_studio/toolchain/risc-v embedded gcc/bin/../lib/gcc/riscv-none-embed/8.2.0/../../../../riscv-none-embed/lib/rv32imacxw/ilp32\libg_nano.a(lib_a-findfp.o)
                0x000000000000dc76                __sinit
 .text.__sfp    0x000000000000dce2       0xa0 c:/mounriver/mounriver_studio/toolchain/risc-v embedded gcc/bin/../lib/gcc/riscv-none-embed/8.2.0/../../../../riscv-none-embed/lib/rv32imacxw/ilp32\libg_nano.a(lib_a-findfp.o)
                0x000000000000dce2                __sfp
 .text._fwalk_reent
                0x000000000000dd82       0x6a c:/mounriver/mounriver_studio/toolchain/risc-v embedded gcc/bin/../lib/gcc/riscv-none-embed/8.2.0/../../../../riscv-none-embed/lib/rv32imacxw/ilp32\libg_nano.a(lib_a-fwalk.o)
                0x000000000000dd82                _fwalk_reent
 .text.__swhatbuf_r
                0x000000000000ddec       0x58 c:/mounriver/mounriver_studio/toolchain/risc-v embedded gcc/bin/../lib/gcc/riscv-none-embed/8.2.0/../../../../riscv-none-embed/lib/rv32imacxw/ilp32\libg_nano.a(lib_a-makebuf.o)
                0x000000000000ddec                __swhatbuf_r
 .text.__smakebuf_r
                0x000000000000de44       0x94 c:/mounriver/mounriver_studio/toolchain/risc-v embedded gcc/bin/../lib/gcc/riscv-none-embed/8.2.0/../../../../riscv-none-embed/lib/rv32imacxw/ilp32\libg_nano.a(lib_a-makebuf.o)
                0x000000000000de44                __smakebuf_r
 .text.__malloc_lock
                0x000000000000ded8        0x2 c:/mounriver/mounriver_studio/toolchain/risc-v embedded gcc/bin/../lib/gcc/riscv-none-embed/8.2.0/../../../../riscv-none-embed/lib/rv32imacxw/ilp32\libg_nano.a(lib_a-mlock.o)
                0x000000000000ded8                __malloc_lock
 .text.__malloc_unlock
                0x000000000000deda        0x2 c:/mounriver/mounriver_studio/toolchain/risc-v embedded gcc/bin/../lib/gcc/riscv-none-embed/8.2.0/../../../../riscv-none-embed/lib/rv32imacxw/ilp32\libg_nano.a(lib_a-mlock.o)
                0x000000000000deda                __malloc_unlock
 .text.__sfputc_r
                0x000000000000dedc       0x28 c:/mounriver/mounriver_studio/toolchain/risc-v embedded gcc/bin/../lib/gcc/riscv-none-embed/8.2.0/../../../../riscv-none-embed/lib/rv32imacxw/ilp32\libg_nano.a(lib_a-nano-vfprintf.o)
 .text.__sfputs_r
                0x000000000000df04       0x42 c:/mounriver/mounriver_studio/toolchain/risc-v embedded gcc/bin/../lib/gcc/riscv-none-embed/8.2.0/../../../../riscv-none-embed/lib/rv32imacxw/ilp32\libg_nano.a(lib_a-nano-vfprintf.o)
                0x000000000000df04                __sfputs_r
 .text._vfprintf_r
                0x000000000000df46      0x288 c:/mounriver/mounriver_studio/toolchain/risc-v embedded gcc/bin/../lib/gcc/riscv-none-embed/8.2.0/../../../../riscv-none-embed/lib/rv32imacxw/ilp32\libg_nano.a(lib_a-nano-vfprintf.o)
                0x000000000000df46                _vfprintf_r
                0x000000000000df46                _vfiprintf_r
 .text._printf_common
                0x000000000000e1ce      0x10c c:/mounriver/mounriver_studio/toolchain/risc-v embedded gcc/bin/../lib/gcc/riscv-none-embed/8.2.0/../../../../riscv-none-embed/lib/rv32imacxw/ilp32\libg_nano.a(lib_a-nano-vfprintf_i.o)
                0x000000000000e1ce                _printf_common
 .text._printf_i
                0x000000000000e2da      0x2a2 c:/mounriver/mounriver_studio/toolchain/risc-v embedded gcc/bin/../lib/gcc/riscv-none-embed/8.2.0/../../../../riscv-none-embed/lib/rv32imacxw/ilp32\libg_nano.a(lib_a-nano-vfprintf_i.o)
                0x000000000000e2da                _printf_i
 .text.__sread  0x000000000000e57c       0x2c c:/mounriver/mounriver_studio/toolchain/risc-v embedded gcc/bin/../lib/gcc/riscv-none-embed/8.2.0/../../../../riscv-none-embed/lib/rv32imacxw/ilp32\libg_nano.a(lib_a-stdio.o)
                0x000000000000e57c                __sread
 .text.__swrite
                0x000000000000e5a8       0x48 c:/mounriver/mounriver_studio/toolchain/risc-v embedded gcc/bin/../lib/gcc/riscv-none-embed/8.2.0/../../../../riscv-none-embed/lib/rv32imacxw/ilp32\libg_nano.a(lib_a-stdio.o)
                0x000000000000e5a8                __swrite
 .text.__sseek  0x000000000000e5f0       0x30 c:/mounriver/mounriver_studio/toolchain/risc-v embedded gcc/bin/../lib/gcc/riscv-none-embed/8.2.0/../../../../riscv-none-embed/lib/rv32imacxw/ilp32\libg_nano.a(lib_a-stdio.o)
                0x000000000000e5f0                __sseek
 .text.__sclose
                0x000000000000e620        0x6 c:/mounriver/mounriver_studio/toolchain/risc-v embedded gcc/bin/../lib/gcc/riscv-none-embed/8.2.0/../../../../riscv-none-embed/lib/rv32imacxw/ilp32\libg_nano.a(lib_a-stdio.o)
                0x000000000000e620                __sclose
 .text._write_r
                0x000000000000e626       0x36 c:/mounriver/mounriver_studio/toolchain/risc-v embedded gcc/bin/../lib/gcc/riscv-none-embed/8.2.0/../../../../riscv-none-embed/lib/rv32imacxw/ilp32\libg_nano.a(lib_a-writer.o)
                0x000000000000e626                _write_r
 .text._close_r
                0x000000000000e65c       0x30 c:/mounriver/mounriver_studio/toolchain/risc-v embedded gcc/bin/../lib/gcc/riscv-none-embed/8.2.0/../../../../riscv-none-embed/lib/rv32imacxw/ilp32\libg_nano.a(lib_a-closer.o)
                0x000000000000e65c                _close_r
 .text._fstat_r
                0x000000000000e68c       0x32 c:/mounriver/mounriver_studio/toolchain/risc-v embedded gcc/bin/../lib/gcc/riscv-none-embed/8.2.0/../../../../riscv-none-embed/lib/rv32imacxw/ilp32\libg_nano.a(lib_a-fstatr.o)
                0x000000000000e68c                _fstat_r
 .text._isatty_r
                0x000000000000e6be       0x30 c:/mounriver/mounriver_studio/toolchain/risc-v embedded gcc/bin/../lib/gcc/riscv-none-embed/8.2.0/../../../../riscv-none-embed/lib/rv32imacxw/ilp32\libg_nano.a(lib_a-isattyr.o)
                0x000000000000e6be                _isatty_r
 .text._lseek_r
                0x000000000000e6ee       0x34 c:/mounriver/mounriver_studio/toolchain/risc-v embedded gcc/bin/../lib/gcc/riscv-none-embed/8.2.0/../../../../riscv-none-embed/lib/rv32imacxw/ilp32\libg_nano.a(lib_a-lseekr.o)
                0x000000000000e6ee                _lseek_r
 .text.memchr   0x000000000000e722       0x18 c:/mounriver/mounriver_studio/toolchain/risc-v embedded gcc/bin/../lib/gcc/riscv-none-embed/8.2.0/../../../../riscv-none-embed/lib/rv32imacxw/ilp32\libg_nano.a(lib_a-memchr.o)
                0x000000000000e722                memchr
 .text._read_r  0x000000000000e73a       0x34 c:/mounriver/mounriver_studio/toolchain/risc-v embedded gcc/bin/../lib/gcc/riscv-none-embed/8.2.0/../../../../riscv-none-embed/lib/rv32imacxw/ilp32\libg_nano.a(lib_a-readr.o)
                0x000000000000e73a                _read_r
 .text._close   0x000000000000e76e       0x10 c:/mounriver/mounriver_studio/toolchain/risc-v embedded gcc/bin/../lib/gcc/riscv-none-embed/8.2.0/../../../../riscv-none-embed/lib/rv32imacxw/ilp32\libnosys.a(close.o)
                0x000000000000e76e                _close
 .text._fstat   0x000000000000e77e       0x10 c:/mounriver/mounriver_studio/toolchain/risc-v embedded gcc/bin/../lib/gcc/riscv-none-embed/8.2.0/../../../../riscv-none-embed/lib/rv32imacxw/ilp32\libnosys.a(fstat.o)
                0x000000000000e77e                _fstat
 .text._isatty  0x000000000000e78e       0x10 c:/mounriver/mounriver_studio/toolchain/risc-v embedded gcc/bin/../lib/gcc/riscv-none-embed/8.2.0/../../../../riscv-none-embed/lib/rv32imacxw/ilp32\libnosys.a(isatty.o)
                0x000000000000e78e                _isatty
 .text._lseek   0x000000000000e79e       0x10 c:/mounriver/mounriver_studio/toolchain/risc-v embedded gcc/bin/../lib/gcc/riscv-none-embed/8.2.0/../../../../riscv-none-embed/lib/rv32imacxw/ilp32\libnosys.a(lseek.o)
                0x000000000000e79e                _lseek
 .text._read    0x000000000000e7ae       0x10 c:/mounriver/mounriver_studio/toolchain/risc-v embedded gcc/bin/../lib/gcc/riscv-none-embed/8.2.0/../../../../riscv-none-embed/lib/rv32imacxw/ilp32\libnosys.a(read.o)
                0x000000000000e7ae                _read
 *(.rodata)
 *(.rodata*)
 *fill*         0x000000000000e7be        0x2 
 .rodata.vGetBitrate
                0x000000000000e7c0       0x20 ./User/DataModel.o
 .rodata.CalPoint
                0x000000000000e7e0       0x48 ./User/DataModel.o
                0x000000000000e7e0                CalPoint
 .rodata.HardFault_Handler.str1.4
                0x000000000000e828       0x42 ./User/ch32v20x_it.o
 *fill*         0x000000000000e86a        0x2 
 .rodata.getODValue
                0x000000000000e86c       0x74 ./User/dash_draw.o
 .rodata.getODValue.cst4
                0x000000000000e8e0        0x8 ./User/dash_draw.o
 .rodata.vBarColorMode.cst4
                0x000000000000e8e8        0x4 ./User/dash_draw.o
 .rodata.ADC_FSM.cst4
                0x000000000000e8ec       0x14 ./User/inputs.o
 .rodata.vInputsTask.cst4
                0x000000000000e900        0x4 ./User/inputs.o
 .rodata.SetRGB
                0x000000000000e904       0x38 ./User/led.o
 .rodata.SetSegDirect
                0x000000000000e93c       0x1c ./User/led.o
 .rodata.Brigth
                0x000000000000e958       0x1e ./User/led.o
 *fill*         0x000000000000e976        0x2 
 .rodata.DigitMask
                0x000000000000e978        0xa ./User/led.o
                0x000000000000e978                DigitMask
 *fill*         0x000000000000e982        0x2 
 .rodata.main.str1.4
                0x000000000000e984       0x20 ./User/main.o
 .rodata.vSYStaskInit.str1.4
                0x000000000000e9a4       0x54 ./User/system_init.o
 .rodata.GetRPM.cst4
                0x000000000000e9f8        0x4 ./HWLIB/hw_lib_din.o
 .rodata.vSetRPMConfig.cst4
                0x000000000000e9fc        0x4 ./HWLIB/hw_lib_din.o
 .rodata.ADC_chennel_ref
                0x000000000000ea00       0x12 ./HAL/hal_adc.o
 *fill*         0x000000000000ea12        0x2 
 .rodata.I2C_FSM
                0x000000000000ea14       0x34 ./HAL/hal_i2c.o
 .rodata.vTimerInitRCC
                0x000000000000ea48       0x1c ./HAL/hal_timers.o
 .rodata.timers
                0x000000000000ea64       0x14 ./HAL/hal_timers.o
 .rodata.pvPortMalloc.str1.4
                0x000000000000ea78       0x49 ./FreeRTOS/portable/MemMang/heap_4.o
 *fill*         0x000000000000eac1        0x3 
 .rodata.xPortStartScheduler.str1.4
                0x000000000000eac4       0x27 ./FreeRTOS/portable/GCC/RISC-V/port.o
                                         0x49 (size before relaxing)
 *fill*         0x000000000000eaeb        0x1 
 .rodata.xQueueGenericReset.str1.4
                0x000000000000eaec       0x14 ./FreeRTOS/queue.o
                                         0x35 (size before relaxing)
 .rodata.xTaskGenericNotify
                0x000000000000eb00       0x14 ./FreeRTOS/tasks.o
 .rodata.xTaskGenericNotifyFromISR
                0x000000000000eb14       0x14 ./FreeRTOS/tasks.o
 .rodata.prvTaskIsTaskSuspended.str1.4
                0x000000000000eb28       0x14 ./FreeRTOS/tasks.o
                                         0x35 (size before relaxing)
 .rodata.vTaskStartScheduler.str1.4
                0x000000000000eb3c        0x5 ./FreeRTOS/tasks.o
 *fill*         0x000000000000eb41        0x3 
 .rodata.prvTimerTask
                0x000000000000eb44       0x28 ./FreeRTOS/timers.o
 .rodata.prvCheckForValidListAndQueue.str1.4
                0x000000000000eb6c        0x5 ./FreeRTOS/timers.o
 *fill*         0x000000000000eb71        0x3 
 .rodata.prvTimerTask.str1.4
                0x000000000000eb74       0x15 ./FreeRTOS/timers.o
                                         0x39 (size before relaxing)
 *fill*         0x000000000000eb89        0x3 
 .rodata.xTimerCreateTimerTask.str1.4
                0x000000000000eb8c        0x8 ./FreeRTOS/timers.o
 .rodata.ODObjs
                0x000000000000eb94      0x65c ./CANopenNode/keypad/OD.o
 .rodata.CO_LSSslave_receive
                0x000000000000f1f0       0x48 ./CANopenNode/305/CO_LSSslave.o
 .rodata.CO_LSSslave_process
                0x000000000000f238      0x16c ./CANopenNode/305/CO_LSSslave.o
 .rodata.CO_LSS_bitTimingTableLookup
                0x000000000000f3a4       0x14 ./CANopenNode/305/CO_LSSslave.o
 .rodata.abortCodes.6775
                0x000000000000f3b8       0x68 ./CANopenNode/301/CO_ODinterface.o
 .rodata.__divsf3
                0x000000000000f420       0x80 c:/mounriver/mounriver_studio/toolchain/risc-v embedded gcc/bin/../lib/gcc/riscv-none-embed/8.2.0/rv32imacxw/ilp32\libgcc.a(divsf3.o)
 .rodata.__mulsf3
                0x000000000000f4a0       0x40 c:/mounriver/mounriver_studio/toolchain/risc-v embedded gcc/bin/../lib/gcc/riscv-none-embed/8.2.0/rv32imacxw/ilp32\libgcc.a(mulsf3.o)
 .rodata.__clz_tab
                0x000000000000f4e0      0x100 c:/mounriver/mounriver_studio/toolchain/risc-v embedded gcc/bin/../lib/gcc/riscv-none-embed/8.2.0/rv32imacxw/ilp32\libgcc.a(_clz.o)
                0x000000000000f4e0                __clz_tab
 .rodata.__sf_fake_stderr
                0x000000000000f5e0       0x20 c:/mounriver/mounriver_studio/toolchain/risc-v embedded gcc/bin/../lib/gcc/riscv-none-embed/8.2.0/../../../../riscv-none-embed/lib/rv32imacxw/ilp32\libg_nano.a(lib_a-findfp.o)
                0x000000000000f5e0                __sf_fake_stderr
 .rodata.__sf_fake_stdin
                0x000000000000f600       0x20 c:/mounriver/mounriver_studio/toolchain/risc-v embedded gcc/bin/../lib/gcc/riscv-none-embed/8.2.0/../../../../riscv-none-embed/lib/rv32imacxw/ilp32\libg_nano.a(lib_a-findfp.o)
                0x000000000000f600                __sf_fake_stdin
 .rodata.__sf_fake_stdout
                0x000000000000f620       0x20 c:/mounriver/mounriver_studio/toolchain/risc-v embedded gcc/bin/../lib/gcc/riscv-none-embed/8.2.0/../../../../riscv-none-embed/lib/rv32imacxw/ilp32\libg_nano.a(lib_a-findfp.o)
                0x000000000000f620                __sf_fake_stdout
 .rodata._vfprintf_r.str1.4
                0x000000000000f640       0x13 c:/mounriver/mounriver_studio/toolchain/risc-v embedded gcc/bin/../lib/gcc/riscv-none-embed/8.2.0/../../../../riscv-none-embed/lib/rv32imacxw/ilp32\libg_nano.a(lib_a-nano-vfprintf.o)
 *fill*         0x000000000000f653        0x1 
 .rodata._printf_i.str1.4
                0x000000000000f654       0x28 c:/mounriver/mounriver_studio/toolchain/risc-v embedded gcc/bin/../lib/gcc/riscv-none-embed/8.2.0/../../../../riscv-none-embed/lib/rv32imacxw/ilp32\libg_nano.a(lib_a-nano-vfprintf_i.o)
                                         0x25 (size before relaxing)
 *(.glue_7)
 *(.glue_7t)
 *(.gnu.linkonce.t.*)
                0x000000000000f67c                . = ALIGN (0x4)
