Archive member included to satisfy reference by file (symbol)

c:/mounriver/mounriver_studio/toolchain/risc-v embedded gcc/bin/../lib/gcc/riscv-none-embed/8.2.0/rv32imacxw/ilp32\libgcc.a(addsf3.o)
                              ./User/DataModel.o (__addsf3)
c:/mounriver/mounriver_studio/toolchain/risc-v embedded gcc/bin/../lib/gcc/riscv-none-embed/8.2.0/rv32imacxw/ilp32\libgcc.a(divsf3.o)
                              ./User/DataModel.o (__divsf3)
c:/mounriver/mounriver_studio/toolchain/risc-v embedded gcc/bin/../lib/gcc/riscv-none-embed/8.2.0/rv32imacxw/ilp32\libgcc.a(eqsf2.o)
                              ./HWLIB/hw_lib_din.o (__nesf2)
c:/mounriver/mounriver_studio/toolchain/risc-v embedded gcc/bin/../lib/gcc/riscv-none-embed/8.2.0/rv32imacxw/ilp32\libgcc.a(lesf2.o)
                              ./HWLIB/hw_lib_adc.o (__lesf2)
c:/mounriver/mounriver_studio/toolchain/risc-v embedded gcc/bin/../lib/gcc/riscv-none-embed/8.2.0/rv32imacxw/ilp32\libgcc.a(mulsf3.o)
                              ./User/dash_draw.o (__mulsf3)
c:/mounriver/mounriver_studio/toolchain/risc-v embedded gcc/bin/../lib/gcc/riscv-none-embed/8.2.0/rv32imacxw/ilp32\libgcc.a(subsf3.o)
                              ./HWLIB/hw_lib_adc.o (__subsf3)
c:/mounriver/mounriver_studio/toolchain/risc-v embedded gcc/bin/../lib/gcc/riscv-none-embed/8.2.0/rv32imacxw/ilp32\libgcc.a(fixunssfsi.o)
                              ./User/DataModel.o (__fixunssfsi)
c:/mounriver/mounriver_studio/toolchain/risc-v embedded gcc/bin/../lib/gcc/riscv-none-embed/8.2.0/rv32imacxw/ilp32\libgcc.a(floatsisf.o)
                              ./User/dash_draw.o (__floatsisf)
c:/mounriver/mounriver_studio/toolchain/risc-v embedded gcc/bin/../lib/gcc/riscv-none-embed/8.2.0/rv32imacxw/ilp32\libgcc.a(floatunsisf.o)
                              ./User/DataModel.o (__floatunsisf)
c:/mounriver/mounriver_studio/toolchain/risc-v embedded gcc/bin/../lib/gcc/riscv-none-embed/8.2.0/rv32imacxw/ilp32\libgcc.a(save-restore.o)
                              ./CANopenNode/301/CO_PDO.o (__riscv_save_12)
c:/mounriver/mounriver_studio/toolchain/risc-v embedded gcc/bin/../lib/gcc/riscv-none-embed/8.2.0/rv32imacxw/ilp32\libgcc.a(_clzsi2.o)
                              c:/mounriver/mounriver_studio/toolchain/risc-v embedded gcc/bin/../lib/gcc/riscv-none-embed/8.2.0/rv32imacxw/ilp32\libgcc.a(addsf3.o) (__clzsi2)
c:/mounriver/mounriver_studio/toolchain/risc-v embedded gcc/bin/../lib/gcc/riscv-none-embed/8.2.0/rv32imacxw/ilp32\libgcc.a(_clz.o)
                              c:/mounriver/mounriver_studio/toolchain/risc-v embedded gcc/bin/../lib/gcc/riscv-none-embed/8.2.0/rv32imacxw/ilp32\libgcc.a(_clzsi2.o) (__clz_tab)
c:/mounriver/mounriver_studio/toolchain/risc-v embedded gcc/bin/../lib/gcc/riscv-none-embed/8.2.0/../../../../riscv-none-embed/lib/rv32imacxw/ilp32\libg_nano.a(lib_a-calloc.o)
                              ./CANopenNode/CANopen.o (calloc)
c:/mounriver/mounriver_studio/toolchain/risc-v embedded gcc/bin/../lib/gcc/riscv-none-embed/8.2.0/../../../../riscv-none-embed/lib/rv32imacxw/ilp32\libg_nano.a(lib_a-impure.o)
                              c:/mounriver/mounriver_studio/toolchain/risc-v embedded gcc/bin/../lib/gcc/riscv-none-embed/8.2.0/../../../../riscv-none-embed/lib/rv32imacxw/ilp32\libg_nano.a(lib_a-calloc.o) (_impure_ptr)
c:/mounriver/mounriver_studio/toolchain/risc-v embedded gcc/bin/../lib/gcc/riscv-none-embed/8.2.0/../../../../riscv-none-embed/lib/rv32imacxw/ilp32\libg_nano.a(lib_a-malloc.o)
                              ./CANopenNode/CANopen.o (free)
c:/mounriver/mounriver_studio/toolchain/risc-v embedded gcc/bin/../lib/gcc/riscv-none-embed/8.2.0/../../../../riscv-none-embed/lib/rv32imacxw/ilp32\libg_nano.a(lib_a-memcpy.o)
                              ./User/process.o (memcpy)
c:/mounriver/mounriver_studio/toolchain/risc-v embedded gcc/bin/../lib/gcc/riscv-none-embed/8.2.0/../../../../riscv-none-embed/lib/rv32imacxw/ilp32\libg_nano.a(lib_a-memmove.o)
                              ./CANopenNode/301/CO_SDOserver.o (memmove)
c:/mounriver/mounriver_studio/toolchain/risc-v embedded gcc/bin/../lib/gcc/riscv-none-embed/8.2.0/../../../../riscv-none-embed/lib/rv32imacxw/ilp32\libg_nano.a(lib_a-memset.o)
                              ./User/DataModel.o (memset)
c:/mounriver/mounriver_studio/toolchain/risc-v embedded gcc/bin/../lib/gcc/riscv-none-embed/8.2.0/../../../../riscv-none-embed/lib/rv32imacxw/ilp32\libg_nano.a(lib_a-nano-callocr.o)
                              c:/mounriver/mounriver_studio/toolchain/risc-v embedded gcc/bin/../lib/gcc/riscv-none-embed/8.2.0/../../../../riscv-none-embed/lib/rv32imacxw/ilp32\libg_nano.a(lib_a-calloc.o) (_calloc_r)
c:/mounriver/mounriver_studio/toolchain/risc-v embedded gcc/bin/../lib/gcc/riscv-none-embed/8.2.0/../../../../riscv-none-embed/lib/rv32imacxw/ilp32\libg_nano.a(lib_a-nano-freer.o)
[...]
Memory Configuration

Name             Origin             Length             Attributes
FLASH            0x0000000000000000 0x0000000000010000 xr
RAM              0x0000000020000000 0x0000000000005000 xrw
*default*        0x0000000000000000 0xffffffffffffffff

Linker script and memory map

LOAD ./User/CanOpenNode.o
LOAD ./User/DataModel.o
LOAD ./User/ch32v20x_it.o
LOAD ./User/dash_draw.o
LOAD ./User/init.o
LOAD ./User/inputs.o
LOAD ./User/led.o
LOAD ./User/main.o
LOAD ./User/process.o
LOAD ./User/system_ch32v20x.o
LOAD ./User/system_init.o
LOAD ./Startup/startup_ch32v20x_D6.o
LOAD ./Peripheral/src/ch32v20x_adc.o
LOAD ./Peripheral/src/ch32v20x_bkp.o
LOAD ./Peripheral/src/ch32v20x_can.o
LOAD ./Peripheral/src/ch32v20x_crc.o
LOAD ./Peripheral/src/ch32v20x_dbgmcu.o
LOAD ./Peripheral/src/ch32v20x_dma.o
LOAD ./Peripheral/src/ch32v20x_exti.o
LOAD ./Peripheral/src/ch32v20x_flash.o
LOAD ./Peripheral/src/ch32v20x_gpio.o
LOAD ./Peripheral/src/ch32v20x_i2c.o
LOAD ./Peripheral/src/ch32v20x_iwdg.o
LOAD ./Peripheral/src/ch32v20x_misc.o
LOAD ./Peripheral/src/ch32v20x_opa.o
LOAD ./Peripheral/src/ch32v20x_pwr.o
LOAD ./Peripheral/src/ch32v20x_rcc.o
LOAD ./Peripheral/src/ch32v20x_rtc.o
LOAD ./Peripheral/src/ch32v20x_spi.o
LOAD ./Peripheral/src/ch32v20x_tim.o
LOAD ./Peripheral/src/ch32v20x_usart.o
LOAD ./Peripheral/src/ch32v20x_wwdg.o
LOAD ./HWLIB/hw_lib_adc.o
LOAD ./HWLIB/hw_lib_din.o
LOAD ./HWLIB/hw_lib_eeprom.o
LOAD ./HWLIB/keyboard.o
LOAD ./HAL/hal_adc.o
LOAD ./HAL/hal_can.o
LOAD ./HAL/hal_dma.o
LOAD ./HAL/hal_gpio.o
LOAD ./HAL/hal_i2c.o
LOAD ./HAL/hal_rtc.o
LOAD ./HAL/hal_spi.o
LOAD ./HAL/hal_timers.o
LOAD ./HAL/hal_wdt.o
LOAD ./FreeRTOS/portable/MemMang/heap_4.o
LOAD ./FreeRTOS/portable/GCC/RISC-V/port.o
LOAD ./FreeRTOS/portable/GCC/RISC-V/portASM.o
LOAD ./FreeRTOS/croutine.o
LOAD ./FreeRTOS/event_groups.o
LOAD ./FreeRTOS/list.o
LOAD ./FreeRTOS/queue.o
LOAD ./FreeRTOS/stream_buffer.o
LOAD ./FreeRTOS/tasks.o
LOAD ./FreeRTOS/timers.o
LOAD ./Drivers/filters.o
LOAD ./Debug/debug.o
LOAD ./Core/core_riscv.o
LOAD ./CANopenNode/keypad/CO_driver_ST32F103.o
LOAD ./CANopenNode/keypad/OD.o
LOAD ./CANopenNode/extra/CO_trace.o
LOAD ./CANopenNode/309/CO_gateway_ascii.o
LOAD ./CANopenNode/305/CO_LSSmaster.o
LOAD ./CANopenNode/305/CO_LSSslave.o
LOAD ./CANopenNode/304/CO_GFC.o
LOAD ./CANopenNode/304/CO_SRDO.o
LOAD ./CANopenNode/303/CO_LEDs.o
LOAD ./CANopenNode/301/CO_Emergency.o
LOAD ./CANopenNode/301/CO_HBconsumer.o
LOAD ./CANopenNode/301/CO_NMT_Heartbeat.o
LOAD ./CANopenNode/301/CO_ODinterface.o
LOAD ./CANopenNode/301/CO_PDO.o
LOAD ./CANopenNode/301/CO_SDOclient.o
LOAD ./CANopenNode/301/CO_SDOserver.o
LOAD ./CANopenNode/301/CO_SYNC.o
LOAD ./CANopenNode/301/CO_TIME.o
LOAD ./CANopenNode/301/CO_fifo.o
LOAD ./CANopenNode/301/crc16-ccitt.o
LOAD ./CANopenNode/CANopen.o
LOAD c:/mounriver/mounriver_studio/toolchain/risc-v embedded gcc/bin/../lib/gcc/riscv-none-embed/8.2.0/../../../../riscv-none-embed/lib/rv32imacxw/ilp32\libm.a
LOAD c:/mounriver/mounriver_studio/toolchain/risc-v embedded gcc/bin/../lib/gcc/riscv-none-embed/8.2.0/rv32imacxw/ilp32\libgcc.a
LOAD c:/mounriver/mounriver_studio/toolchain/risc-v embedded gcc/bin/../lib/gcc/riscv-none-embed/8.2.0/../../../../riscv-none-embed/lib/rv32imacxw/ilp32\libg_nano.a
LOAD c:/mounriver/mounriver_studio/toolchain/risc-v embedded gcc/bin/../lib/gcc/riscv-none-embed/8.2.0/../../../../riscv-none-embed/lib/rv32imacxw/ilp32\libc_nano.a
LOAD c:/mounriver/mounriver_studio/toolchain/risc-v embedded gcc/bin/../lib/gcc/riscv-none-embed/8.2.0/rv32imacxw/ilp32\libgcc.a
START GROUP
LOAD c:/mounriver/mounriver_studio/toolchain/risc-v embedded gcc/bin/../lib/gcc/riscv-none-embed/8.2.0/rv32imacxw/ilp32\libgcc.a
LOAD c:/mounriver/mounriver_studio/toolchain/risc-v embedded gcc/bin/../lib/gcc/riscv-none-embed/8.2.0/../../../../riscv-none-embed/lib/rv32imacxw/ilp32\libc_nano.a
LOAD c:/mounriver/mounriver_studio/toolchain/risc-v embedded gcc/bin/../lib/gcc/riscv-none-embed/8.2.0/../../../../riscv-none-embed/lib/rv32imacxw/ilp32\libnosys.a
END GROUP
START GROUP
LOAD c:/mounriver/mounriver_studio/toolchain/risc-v embedded gcc/bin/../lib/gcc/riscv-none-embed/8.2.0/rv32imacxw/ilp32\libgcc.a
LOAD c:/mounriver/mounriver_studio/toolchain/risc-v embedded gcc/bin/../lib/gcc/riscv-none-embed/8.2.0/../../../../riscv-none-embed/lib/rv32imacxw/ilp32\libc_nano.a
LOAD c:/mounriver/mounriver_studio/toolchain/risc-v embedded gcc/bin/../lib/gcc/riscv-none-embed/8.2.0/../../../../riscv-none-embed/lib/rv32imacxw/ilp32\libnosys.a
END GROUP
                0x0000000000000800                __stack_size = 0x800
                [!provide]                        PROVIDE (_stack_size = __stack_size)

.init           0x0000000000000000       0x38
                0x0000000000000000                _sinit = .
                0x0000000000000000                . = ALIGN (0x4)
 *(SORT_NONE(.init))
 .init          0x0000000000000000       0x38 ./Startup/startup_ch32v20x_D6.o
                0x0000000000000000                _start
                0x0000000000000038                . = ALIGN (0x4)
                0x0000000000000038                _einit = .

.vector         0x0000000000000038      0x108
 *(.vector)
 .vector        0x0000000000000038       0xfc ./Startup/startup_ch32v20x_D6.o
                0x0000000000000140                . = ALIGN (0x40)
 *fill*         0x0000000000000134        0xc 

.text           0x0000000000000200     0x4c78
                0x0000000000000200                . = ALIGN (0x4)
 *(.text)
 .text          0x0000000000000200      0x2ee ./FreeRTOS/portable/GCC/RISC-V/portASM.o
                0x0000000000000200                SW_Handler
                0x0000000000000300                xPortStartFirstTask
                0x0000000000000400                pxPortInitialiseStack
 .text          0x00000000000004ee       0x60 c:/mounriver/mounriver_studio/toolchain/risc-v embedded gcc/bin/../lib/gcc/riscv-none-embed/8.2.0/rv32imacxw/ilp32\libgcc.a(save-restore.o)
                0x00000000000004ee                __riscv_save_12
                0x00000000000004f6                __riscv_save_9
                0x00000000000004f6                __riscv_save_11
                0x00000000000004f6                __riscv_save_10
                0x00000000000004f6                __riscv_save_8
                0x0000000000000504                __riscv_save_4
                0x0000000000000504                __riscv_save_6
                0x0000000000000504                __riscv_save_5
                0x0000000000000504                __riscv_save_7
                0x000000000000051e                __riscv_save_3
                0x000000000000051e                __riscv_save_2
                0x000000000000051e                __riscv_save_1
                0x000000000000051e                __riscv_save_0
                0x000000000000052a                __riscv_restore_12
                0x000000000000052e                __riscv_restore_11
                0x000000000000052e                __riscv_restore_9
                0x000000000000052e                __riscv_restore_10
                0x000000000000052e                __riscv_restore_8
                0x0000000000000538                __riscv_restore_5
                0x0000000000000538                __riscv_restore_7
                0x0000000000000538                __riscv_restore_6
                0x0000000000000538                __riscv_restore_4
                0x0000000000000542                __riscv_restore_3
                0x0000000000000542                __riscv_restore_0
                0x0000000000000542                __riscv_restore_2
                0x0000000000000542                __riscv_restore_1
 .text          0x000000000000054e       0xa8 c:/mounriver/mounriver_studio/toolchain/risc-v embedded gcc/bin/../lib/gcc/riscv-none-embed/8.2.0/../../../../riscv-none-embed/lib/rv32imacxw/ilp32\libg_nano.a(lib_a-memset.o)
                0x000000000000054e                memset
 *(.text.*)
 .text.vSaveData
                0x00000000000005f6       0x3c ./User/DataModel.o
                0x00000000000005f6                vSaveData
 .text.NMI_Handler
                0x0000000000000632        0x2 ./User/ch32v20x_it.o
                0x0000000000000632                NMI_Handler
 .text.HardFault_Handler
                0x0000000000000634       0x66 ./User/ch32v20x_it.o
                0x0000000000000634                HardFault_Handler
 .text.ADC1_2_IRQHandler
                0x000000000000069a       0x22 ./User/ch32v20x_it.o
                0x000000000000069a                ADC1_2_IRQHandler
 .text.vInit_DeviceConfig
                0x00000000000006bc       0xc8 ./User/init.o
                0x00000000000006bc                vInit_DeviceConfig
 .text.startup.main
                0x0000000000000784       0x40 ./User/main.o
                0x0000000000000784                main
 .text.SystemInit
                0x00000000000007c4       0xee ./User/system_ch32v20x.o
                0x00000000000007c4                SystemInit
 .text.SystemCoreClockUpdate
                0x00000000000008b2       0x92 ./User/system_ch32v20x.o
                0x00000000000008b2                SystemCoreClockUpdate
 .text.StartDefaultTask
                0x0000000000000944       0x7a ./User/system_init.o
 .text.vApplicationGetIdleTaskMemory
                0x00000000000009be       0x14 ./User/system_init.o
                0x00000000000009be                vApplicationGetIdleTaskMemory
 .text.vApplicationGetTimerTaskMemory
                0x00000000000009d2       0x14 ./User/system_init.o
                0x00000000000009d2                vApplicationGetTimerTaskMemory
 .text.vSYStaskInit
                0x00000000000009e6       0x2a ./User/system_init.o
                0x00000000000009e6                vSYStaskInit
 .text.vSYSqueueInit
                0x0000000000000a10        0x2 ./User/system_init.o
                0x0000000000000a10                vSYSqueueInit
 .text.vSYSeventInit
                0x0000000000000a12        0x2 ./User/system_init.o
                0x0000000000000a12                vSYSeventInit
 .text.vector_handler
                0x0000000000000a14       0x6c ./Startup/startup_ch32v20x_D6.o
                0x0000000000000a18                Ecall_M_Mode_Handler
                0x0000000000000a1a                Ecall_U_Mode_Handler
                0x0000000000000a1c                Break_Point_Handler
                0x0000000000000a22                WWDG_IRQHandler
                0x0000000000000a24                PVD_IRQHandler
                0x0000000000000a26                TAMPER_IRQHandler
                0x0000000000000a2a                FLASH_IRQHandler
                0x0000000000000a2c                RCC_IRQHandler
                0x0000000000000a2e                EXTI0_IRQHandler
                0x0000000000000a30                EXTI1_IRQHandler
                0x0000000000000a32                EXTI2_IRQHandler
                0x0000000000000a34                EXTI3_IRQHandler
                0x0000000000000a36                EXTI4_IRQHandler
                0x0000000000000a3a                DMA1_Channel2_IRQHandler
                0x0000000000000a3c                DMA1_Channel3_IRQHandler
                0x0000000000000a42                DMA1_Channel6_IRQHandler
                0x0000000000000a50                EXTI9_5_IRQHandler
                0x0000000000000a52                TIM1_BRK_IRQHandler
                0x0000000000000a54                TIM1_UP_IRQHandler
                0x0000000000000a56                TIM1_TRG_COM_IRQHandler
                0x0000000000000a58                TIM1_CC_IRQHandler
                0x0000000000000a68                SPI1_IRQHandler
                0x0000000000000a6a                SPI2_IRQHandler
                0x0000000000000a6c                USART1_IRQHandler
                0x0000000000000a6e                USART2_IRQHandler
                0x0000000000000a70                USART3_IRQHandler
                0x0000000000000a72                EXTI15_10_IRQHandler
                0x0000000000000a74                RTCAlarm_IRQHandler
                0x0000000000000a76                USBWakeUp_IRQHandler
                0x0000000000000a78                USBHD_IRQHandler
                0x0000000000000a7a                USBHDWakeUp_IRQHandler
                0x0000000000000a7c                UART4_IRQHandler
                0x0000000000000a7e                DMA1_Channel8_IRQHandler
 .text.handle_reset
                0x0000000000000a80       0x8e ./Startup/startup_ch32v20x_D6.o
                0x0000000000000a80                handle_reset
 .text.ADC_GetITStatus
                0x0000000000000b0e       0x1c ./Peripheral/src/ch32v20x_adc.o
                0x0000000000000b0e                ADC_GetITStatus
 .text.ADC_ClearITPendingBit
                0x0000000000000b2a        0xa ./Peripheral/src/ch32v20x_adc.o
                0x0000000000000b2a                ADC_ClearITPendingBit
 .text.CAN_GetFlagStatus
                0x0000000000000b34       0x56 ./Peripheral/src/ch32v20x_can.o
                0x0000000000000b34                CAN_GetFlagStatus
 .text.CAN_ClearFlag
                0x0000000000000b8a       0x40 ./Peripheral/src/ch32v20x_can.o
                0x0000000000000b8a                CAN_ClearFlag
 .text.CAN_ClearITPendingBit
                0x0000000000000bca       0x94 ./Peripheral/src/ch32v20x_can.o
                0x0000000000000bca                CAN_ClearITPendingBit
 .text.DMA_GetFlagStatus
                0x0000000000000c5e        0xe ./Peripheral/src/ch32v20x_dma.o
                0x0000000000000c5e                DMA_GetFlagStatus
 .text.DMA_GetITStatus
                0x0000000000000c6c        0xa ./Peripheral/src/ch32v20x_dma.o
                0x0000000000000c6c                DMA_GetITStatus
 .text.DMA_ClearITPendingBit
                0x0000000000000c76        0x8 ./Peripheral/src/ch32v20x_dma.o
                0x0000000000000c76                DMA_ClearITPendingBit
 .text.GPIO_Init
                0x0000000000000c7e       0xfa ./Peripheral/src/ch32v20x_gpio.o
                0x0000000000000c7e                GPIO_Init
 .text.GPIO_ResetBits
                0x0000000000000d78       0x18 ./Peripheral/src/ch32v20x_gpio.o
                0x0000000000000d78                GPIO_ResetBits
 .text.GPIO_PinRemapConfig
                0x0000000000000d90       0xf2 ./Peripheral/src/ch32v20x_gpio.o
                0x0000000000000d90                GPIO_PinRemapConfig
 .text.I2C_Init
                0x0000000000000e82       0xf2 ./Peripheral/src/ch32v20x_i2c.o
                0x0000000000000e82                I2C_Init
 .text.I2C_Cmd  0x0000000000000f74       0x18 ./Peripheral/src/ch32v20x_i2c.o
                0x0000000000000f74                I2C_Cmd
 .text.I2C_GenerateSTART
                0x0000000000000f8c       0x1a ./Peripheral/src/ch32v20x_i2c.o
                0x0000000000000f8c                I2C_GenerateSTART
 .text.I2C_GenerateSTOP
                0x0000000000000fa6       0x1a ./Peripheral/src/ch32v20x_i2c.o
                0x0000000000000fa6                I2C_GenerateSTOP
 .text.I2C_AcknowledgeConfig
                0x0000000000000fc0       0x1a ./Peripheral/src/ch32v20x_i2c.o
                0x0000000000000fc0                I2C_AcknowledgeConfig
 .text.I2C_DualAddressCmd
                0x0000000000000fda       0x18 ./Peripheral/src/ch32v20x_i2c.o
                0x0000000000000fda                I2C_DualAddressCmd
 .text.I2C_ITConfig
                0x0000000000000ff2       0x12 ./Peripheral/src/ch32v20x_i2c.o
                0x0000000000000ff2                I2C_ITConfig
 .text.I2C_SendData
                0x0000000000001004        0x4 ./Peripheral/src/ch32v20x_i2c.o
                0x0000000000001004                I2C_SendData
 .text.I2C_ReceiveData
                0x0000000000001008        0x8 ./Peripheral/src/ch32v20x_i2c.o
                0x0000000000001008                I2C_ReceiveData
 .text.I2C_Send7bitAddress
                0x0000000000001010       0x12 ./Peripheral/src/ch32v20x_i2c.o
                0x0000000000001010                I2C_Send7bitAddress
 .text.I2C_ReadRegister
                0x0000000000001022       0x14 ./Peripheral/src/ch32v20x_i2c.o
                0x0000000000001022                I2C_ReadRegister
 .text.I2C_CheckEvent
                0x0000000000001036       0x16 ./Peripheral/src/ch32v20x_i2c.o
                0x0000000000001036                I2C_CheckEvent
 .text.I2C_GetFlagStatus
                0x000000000000104c       0x32 ./Peripheral/src/ch32v20x_i2c.o
                0x000000000000104c                I2C_GetFlagStatus
 .text.I2C_ClearFlag
                0x000000000000107e        0xc ./Peripheral/src/ch32v20x_i2c.o
                0x000000000000107e                I2C_ClearFlag
 .text.NVIC_PriorityGroupConfig
                0x000000000000108a        0xa ./Peripheral/src/ch32v20x_misc.o
                0x000000000000108a                NVIC_PriorityGroupConfig
 .text.NVIC_Init
                0x0000000000001094       0xaa ./Peripheral/src/ch32v20x_misc.o
                0x0000000000001094                NVIC_Init
 .text.RCC_GetClocksFreq
                0x000000000000113e       0xbe ./Peripheral/src/ch32v20x_rcc.o
                0x000000000000113e                RCC_GetClocksFreq
 .text.RCC_APB2PeriphClockCmd
                0x00000000000011fc       0x1e ./Peripheral/src/ch32v20x_rcc.o
                0x00000000000011fc                RCC_APB2PeriphClockCmd
 .text.RCC_APB1PeriphClockCmd
                0x000000000000121a       0x1e ./Peripheral/src/ch32v20x_rcc.o
                0x000000000000121a                RCC_APB1PeriphClockCmd
 .text.RTC_ClearFlag
                0x0000000000001238       0x14 ./Peripheral/src/ch32v20x_rtc.o
                0x0000000000001238                RTC_ClearFlag
 .text.RTC_GetITStatus
                0x000000000000124c       0x20 ./Peripheral/src/ch32v20x_rtc.o
                0x000000000000124c                RTC_GetITStatus
 .text.RTC_ClearITPendingBit
                0x000000000000126c        0xa ./Peripheral/src/ch32v20x_rtc.o
                0x000000000000126c                RTC_ClearITPendingBit
 .text.TIM_GetITStatus
                0x0000000000001276       0x18 ./Peripheral/src/ch32v20x_tim.o
                0x0000000000001276                TIM_GetITStatus
 .text.TIM_ClearITPendingBit
                0x000000000000128e        0xc ./Peripheral/src/ch32v20x_tim.o
                0x000000000000128e                TIM_ClearITPendingBit
 .text.USART_Init
                0x000000000000129a       0xba ./Peripheral/src/ch32v20x_usart.o
                0x000000000000129a                USART_Init
 .text.USART_Cmd
                0x0000000000001354       0x16 ./Peripheral/src/ch32v20x_usart.o
                0x0000000000001354                USART_Cmd
 .text.USART_SendData
                0x000000000000136a        0x8 ./Peripheral/src/ch32v20x_usart.o
                0x000000000000136a                USART_SendData
 .text.USART_GetFlagStatus
                0x0000000000001372        0xa ./Peripheral/src/ch32v20x_usart.o
                0x0000000000001372                USART_GetFlagStatus
 .text.vInitEEPROM
                0x000000000000137c       0x14 ./HWLIB/hw_lib_eeprom.o
                0x000000000000137c                vInitEEPROM
 .text.xGetEEPROM
                0x0000000000001390        0x6 ./HWLIB/hw_lib_eeprom.o
                0x0000000000001390                xGetEEPROM
 .text.eEEPROMWr
                0x0000000000001396       0x96 ./HWLIB/hw_lib_eeprom.o
                0x0000000000001396                eEEPROMWr
 .text.eEEPROMRd
                0x000000000000142c       0x1e ./HWLIB/hw_lib_eeprom.o
                0x000000000000142c                eEEPROMRd
 .text.USB_HP_CAN1_TX_IRQHandler
                0x000000000000144a       0xd2 ./HAL/hal_can.o
                0x000000000000144a                USB_HP_CAN1_TX_IRQHandler
 .text.USB_LP_CAN1_RX0_IRQHandler
                0x000000000000151c       0x5e ./HAL/hal_can.o
                0x000000000000151c                USB_LP_CAN1_RX0_IRQHandler
 .text.CAN1_RX1_IRQHandler
                0x000000000000157a       0x60 ./HAL/hal_can.o
                0x000000000000157a                CAN1_RX1_IRQHandler
 .text.CAN1_SCE_IRQHandler
                0x00000000000015da       0x5e ./HAL/hal_can.o
                0x00000000000015da                CAN1_SCE_IRQHandler
 .text.DMA1_Channel1_IRQHandler
                0x0000000000001638       0x60 ./HAL/hal_dma.o
                0x0000000000001638                DMA1_Channel1_IRQHandler
 .text.DMA1_Channel5_IRQHandler
                0x0000000000001698       0x62 ./HAL/hal_dma.o
                0x0000000000001698                DMA1_Channel5_IRQHandler
 .text.DMA1_Channel4_IRQHandler
                0x00000000000016fa       0x60 ./HAL/hal_dma.o
                0x00000000000016fa                DMA1_Channel4_IRQHandler
 .text.DMA1_Channel7_IRQHandler
                0x000000000000175a       0x64 ./HAL/hal_dma.o
                0x000000000000175a                DMA1_Channel7_IRQHandler
 .text.HAL_InitGpioLib
                0x00000000000017be        0xe ./HAL/hal_gpio.o
                0x00000000000017be                HAL_InitGpioLib
 .text.HAL_InitGpioRCC
                0x00000000000017cc       0xb2 ./HAL/hal_gpio.o
                0x00000000000017cc                HAL_InitGpioRCC
 .text.HAL_InitGpioOut
                0x000000000000187e       0x26 ./HAL/hal_gpio.o
                0x000000000000187e                HAL_InitGpioOut
 .text.HAL_InitGpioAIN
                0x00000000000018a4       0x24 ./HAL/hal_gpio.o
                0x00000000000018a4                HAL_InitGpioAIN
 .text.HAL_InitGpioIn
                0x00000000000018c8       0x26 ./HAL/hal_gpio.o
                0x00000000000018c8                HAL_InitGpioIn
 .text.HAL_InitGpioAF
                0x00000000000018ee       0x3a ./HAL/hal_gpio.o
                0x00000000000018ee                HAL_InitGpioAF
 .text.HAL_ResetBit
                0x0000000000001928        0xc ./HAL/hal_gpio.o
                0x0000000000001928                HAL_ResetBit
 .text.I2C_Master_Transmit
                0x0000000000001934       0xec ./HAL/hal_i2c.o
 .text.I2C_Master_Revice
                0x0000000000001a20      0x148 ./HAL/hal_i2c.o
 .text.I2C_FSM  0x0000000000001b68      0x1d6 ./HAL/hal_i2c.o
 .text.InitI2CDMA
                0x0000000000001d3e       0xfc ./HAL/hal_i2c.o
                0x0000000000001d3e                InitI2CDMA
 .text.I2C1_EV_IRQHandler
                0x0000000000001e3a       0x4a ./HAL/hal_i2c.o
                0x0000000000001e3a                I2C1_EV_IRQHandler
 .text.I2C1_ER_IRQHandler
                0x0000000000001e84       0x4a ./HAL/hal_i2c.o
                0x0000000000001e84                I2C1_ER_IRQHandler
 .text.I2C2_EV_IRQHandler
                0x0000000000001ece       0x4a ./HAL/hal_i2c.o
                0x0000000000001ece                I2C2_EV_IRQHandler
 .text.I2C2_ER_IRQHandler
                0x0000000000001f18       0x4a ./HAL/hal_i2c.o
                0x0000000000001f18                I2C2_ER_IRQHandler
 .text.RTC_IRQHandler
                0x0000000000001f62       0x24 ./HAL/hal_rtc.o
                0x0000000000001f62                RTC_IRQHandler
 .text.TIM4_IRQHandler
                0x0000000000001f86       0x70 ./HAL/hal_timers.o
                0x0000000000001f86                TIM4_IRQHandler
 .text.TIM3_IRQHandler
                0x0000000000001ff6       0x70 ./HAL/hal_timers.o
                0x0000000000001ff6                TIM3_IRQHandler
 .text.TIM2_IRQHandler
                0x0000000000002066       0x68 ./HAL/hal_timers.o
                0x0000000000002066                TIM2_IRQHandler
 .text.prvInsertBlockIntoFreeList
                0x00000000000020ce       0x4c ./FreeRTOS/portable/MemMang/heap_4.o
 .text.vPortFree
                0x000000000000211a       0xa6 ./FreeRTOS/portable/MemMang/heap_4.o
                0x000000000000211a                vPortFree
 .text.vPortSetupTimerInterrupt
                0x00000000000021c0       0x3e ./FreeRTOS/portable/GCC/RISC-V/port.o
                0x00000000000021c0                vPortSetupTimerInterrupt
 .text.xPortStartScheduler
                0x00000000000021fe       0x8e ./FreeRTOS/portable/GCC/RISC-V/port.o
                0x00000000000021fe                xPortStartScheduler
 .text.SysTick_Handler
                0x000000000000228c       0x7c ./FreeRTOS/portable/GCC/RISC-V/port.o
                0x000000000000228c                SysTick_Handler
 .text.vPortEnterCritical
                0x0000000000002308       0x16 ./FreeRTOS/portable/GCC/RISC-V/port.o
                0x0000000000002308                vPortEnterCritical
 .text.vPortExitCritical
                0x000000000000231e       0x42 ./FreeRTOS/portable/GCC/RISC-V/port.o
                0x000000000000231e                vPortExitCritical
 .text.xPortSetInterruptMask
                0x0000000000002360        0xc ./FreeRTOS/portable/GCC/RISC-V/port.o
                0x0000000000002360                xPortSetInterruptMask
 .text.vPortClearInterruptMask
                0x000000000000236c        0x6 ./FreeRTOS/portable/GCC/RISC-V/port.o
                0x000000000000236c                vPortClearInterruptMask
 .text.vListInitialise
                0x0000000000002372       0x14 ./FreeRTOS/list.o
                0x0000000000002372                vListInitialise
 .text.vListInitialiseItem
                0x0000000000002386        0x6 ./FreeRTOS/list.o
                0x0000000000002386                vListInitialiseItem
 .text.vListInsert
                0x000000000000238c       0x2e ./FreeRTOS/list.o
                0x000000000000238c                vListInsert
 .text.uxListRemove
                0x00000000000023ba       0x20 ./FreeRTOS/list.o
                0x00000000000023ba                uxListRemove
 .text.prvIsQueueEmpty
                0x00000000000023da       0x1a ./FreeRTOS/queue.o
 .text.prvCopyDataFromQueue
                0x00000000000023f4       0x28 ./FreeRTOS/queue.o
 .text.prvUnlockQueue
                0x000000000000241c       0x6e ./FreeRTOS/queue.o
 .text.xQueueGenericReset
                0x000000000000248a       0xbc ./FreeRTOS/queue.o
                0x000000000000248a                xQueueGenericReset
 .text.xQueueGenericCreateStatic
                0x0000000000002546       0xac ./FreeRTOS/queue.o
                0x0000000000002546                xQueueGenericCreateStatic
 .text.xQueueReceive
                0x00000000000025f2      0x152 ./FreeRTOS/queue.o
                0x00000000000025f2                xQueueReceive
 .text.vQueueAddToRegistry
                0x0000000000002744       0x68 ./FreeRTOS/queue.o
                0x0000000000002744                vQueueAddToRegistry
 .text.vQueueWaitForMessageRestricted
                0x00000000000027ac       0x5c ./FreeRTOS/queue.o
                0x00000000000027ac                vQueueWaitForMessageRestricted
 .text.prvIdleTask
                0x0000000000002808        0x2 ./FreeRTOS/tasks.o
 .text.prvAddNewTaskToReadyList
                0x000000000000280a      0x102 ./FreeRTOS/tasks.o
 .text.prvResetNextTaskUnblockTime
                0x000000000000290c       0x24 ./FreeRTOS/tasks.o
 .text.prvInitialiseNewTask.isra.2
                0x0000000000002930       0xc8 ./FreeRTOS/tasks.o
 .text.prvAddCurrentTaskToDelayedList
                0x00000000000029f8       0xa8 ./FreeRTOS/tasks.o
 .text.xTaskCreateStatic
                0x0000000000002aa0       0xa4 ./FreeRTOS/tasks.o
                0x0000000000002aa0                xTaskCreateStatic
 .text.vTaskStartScheduler
                0x0000000000002b44       0x9a ./FreeRTOS/tasks.o
                0x0000000000002b44                vTaskStartScheduler
 .text.vTaskSuspendAll
                0x0000000000002bde       0x10 ./FreeRTOS/tasks.o
                0x0000000000002bde                vTaskSuspendAll
 .text.xTaskGetTickCount
                0x0000000000002bee        0xa ./FreeRTOS/tasks.o
                0x0000000000002bee                xTaskGetTickCount
 .text.xTaskIncrementTick
                0x0000000000002bf8      0x1a8 ./FreeRTOS/tasks.o
                0x0000000000002bf8                xTaskIncrementTick
 .text.xTaskResumeAll
                0x0000000000002da0      0x160 ./FreeRTOS/tasks.o
                0x0000000000002da0                xTaskResumeAll
 .text.vTaskDelay
                0x0000000000002f00       0x64 ./FreeRTOS/tasks.o
                0x0000000000002f00                vTaskDelay
 .text.vTaskSwitchContext
                0x0000000000002f64       0x96 ./FreeRTOS/tasks.o
                0x0000000000002f64                vTaskSwitchContext
 .text.vTaskPlaceOnEventList
                0x0000000000002ffa       0x48 ./FreeRTOS/tasks.o
                0x0000000000002ffa                vTaskPlaceOnEventList
 .text.vTaskPlaceOnEventListRestricted
                0x0000000000003042       0x76 ./FreeRTOS/tasks.o
                0x0000000000003042                vTaskPlaceOnEventListRestricted
 .text.xTaskRemoveFromEventList
                0x00000000000030b8       0xe4 ./FreeRTOS/tasks.o
                0x00000000000030b8                xTaskRemoveFromEventList
 .text.vTaskInternalSetTimeOutState
                0x000000000000319c       0x16 ./FreeRTOS/tasks.o
                0x000000000000319c                vTaskInternalSetTimeOutState
 .text.xTaskCheckForTimeOut
                0x00000000000031b2       0xb0 ./FreeRTOS/tasks.o
                0x00000000000031b2                xTaskCheckForTimeOut
 .text.vTaskMissedYield
                0x0000000000003262        0xc ./FreeRTOS/tasks.o
                0x0000000000003262                vTaskMissedYield
 .text.xTaskGetCurrentTaskHandle
                0x000000000000326e        0xa ./FreeRTOS/tasks.o
                0x000000000000326e                xTaskGetCurrentTaskHandle
 .text.xTaskGetSchedulerState
                0x0000000000003278       0x1c ./FreeRTOS/tasks.o
                0x0000000000003278                xTaskGetSchedulerState
 .text.ulTaskGenericNotifyTake
                0x0000000000003294       0xb8 ./FreeRTOS/tasks.o
                0x0000000000003294                ulTaskGenericNotifyTake
 .text.xTaskGenericNotifyFromISR
                0x000000000000334c      0x1ec ./FreeRTOS/tasks.o
                0x000000000000334c                xTaskGenericNotifyFromISR
 .text.prvCheckForValidListAndQueue
                0x0000000000003538       0x66 ./FreeRTOS/timers.o
 .text.prvInsertTimerInActiveList
                0x000000000000359e       0x46 ./FreeRTOS/timers.o
 .text.prvReloadTimer
                0x00000000000035e4       0x28 ./FreeRTOS/timers.o
 .text.prvProcessExpiredTimer
                0x000000000000360c       0x44 ./FreeRTOS/timers.o
 .text.prvSwitchTimerLists
                0x0000000000003650       0x2e ./FreeRTOS/timers.o
 .text.prvTimerTask
                0x000000000000367e      0x194 ./FreeRTOS/timers.o
 .text.xTimerCreateTimerTask
                0x0000000000003812       0x74 ./FreeRTOS/timers.o
                0x0000000000003812                xTimerCreateTimerTask
 .text.Delay_Init
                0x0000000000003886       0x32 ./Debug/debug.o
                0x0000000000003886                Delay_Init
 .text.USART_Printf_Init
                0x00000000000038b8       0x5a ./Debug/debug.o
                0x00000000000038b8                USART_Printf_Init
 .text._write   0x0000000000003912       0x3e ./Debug/debug.o
                0x0000000000003912                _write
 .text._sbrk    0x0000000000003950       0x26 ./Debug/debug.o
                0x0000000000003950                _sbrk
 .text.__get_MEPC
                0x0000000000003976        0x6 ./Core/core_riscv.o
                0x0000000000003976                __get_MEPC
 .text.__get_MCAUSE
                0x000000000000397c        0x6 ./Core/core_riscv.o
                0x000000000000397c                __get_MCAUSE
 .text.__get_MTVAL
                0x0000000000003982        0x6 ./Core/core_riscv.o
                0x0000000000003982                __get_MTVAL
 .text.memcpy   0x0000000000003988       0xb2 c:/mounriver/mounriver_studio/toolchain/risc-v embedded gcc/bin/../lib/gcc/riscv-none-embed/8.2.0/../../../../riscv-none-embed/lib/rv32imacxw/ilp32\libg_nano.a(lib_a-memcpy.o)
                0x0000000000003988                memcpy
 .text._free_r  0x0000000000003a3a       0xb0 c:/mounriver/mounriver_studio/toolchain/risc-v embedded gcc/bin/../lib/gcc/riscv-none-embed/8.2.0/../../../../riscv-none-embed/lib/rv32imacxw/ilp32\libg_nano.a(lib_a-nano-freer.o)
                0x0000000000003a3a                _free_r
 .text._malloc_r
                0x0000000000003aea       0xe4 c:/mounriver/mounriver_studio/toolchain/risc-v embedded gcc/bin/../lib/gcc/riscv-none-embed/8.2.0/../../../../riscv-none-embed/lib/rv32imacxw/ilp32\libg_nano.a(lib_a-nano-mallocr.o)
                0x0000000000003aea                _malloc_r
 .text.printf   0x0000000000003bce       0x40 c:/mounriver/mounriver_studio/toolchain/risc-v embedded gcc/bin/../lib/gcc/riscv-none-embed/8.2.0/../../../../riscv-none-embed/lib/rv32imacxw/ilp32\libg_nano.a(lib_a-printf.o)
                0x0000000000003bce                iprintf
                0x0000000000003bce                printf
 .text._puts_r  0x0000000000003c0e       0xd4 c:/mounriver/mounriver_studio/toolchain/risc-v embedded gcc/bin/../lib/gcc/riscv-none-embed/8.2.0/../../../../riscv-none-embed/lib/rv32imacxw/ilp32\libg_nano.a(lib_a-puts.o)
                0x0000000000003c0e                _puts_r
 .text.puts     0x0000000000003ce2        0xc c:/mounriver/mounriver_studio/toolchain/risc-v embedded gcc/bin/../lib/gcc/riscv-none-embed/8.2.0/../../../../riscv-none-embed/lib/rv32imacxw/ilp32\libg_nano.a(lib_a-puts.o)
                0x0000000000003ce2                puts
 .text._sbrk_r  0x0000000000003cee       0x2a c:/mounriver/mounriver_studio/toolchain/risc-v embedded gcc/bin/../lib/gcc/riscv-none-embed/8.2.0/../../../../riscv-none-embed/lib/rv32imacxw/ilp32\libg_nano.a(lib_a-sbrkr.o)
                0x0000000000003cee                _sbrk_r
 .text.__swbuf_r
                0x0000000000003d18       0xbc c:/mounriver/mounriver_studio/toolchain/risc-v embedded gcc/bin/../lib/gcc/riscv-none-embed/8.2.0/../../../../riscv-none-embed/lib/rv32imacxw/ilp32\libg_nano.a(lib_a-wbuf.o)
                0x0000000000003d18                __swbuf_r
 .text.__swsetup_r
                0x0000000000003dd4       0xfe c:/mounriver/mounriver_studio/toolchain/risc-v embedded gcc/bin/../lib/gcc/riscv-none-embed/8.2.0/../../../../riscv-none-embed/lib/rv32imacxw/ilp32\libg_nano.a(lib_a-wsetup.o)
                0x0000000000003dd4                __swsetup_r
 .text.__sflush_r
                0x0000000000003ed2      0x132 c:/mounriver/mounriver_studio/toolchain/risc-v embedded gcc/bin/../lib/gcc/riscv-none-embed/8.2.0/../../../../riscv-none-embed/lib/rv32imacxw/ilp32\libg_nano.a(lib_a-fflush.o)
                0x0000000000003ed2                __sflush_r
 .text._fflush_r
                0x0000000000004004       0x66 c:/mounriver/mounriver_studio/toolchain/risc-v embedded gcc/bin/../lib/gcc/riscv-none-embed/8.2.0/../../../../riscv-none-embed/lib/rv32imacxw/ilp32\libg_nano.a(lib_a-fflush.o)
                0x0000000000004004                _fflush_r
 .text.std      0x000000000000406a       0x66 c:/mounriver/mounriver_studio/toolchain/risc-v embedded gcc/bin/../lib/gcc/riscv-none-embed/8.2.0/../../../../riscv-none-embed/lib/rv32imacxw/ilp32\libg_nano.a(lib_a-findfp.o)
 .text._cleanup_r
                0x00000000000040d0        0xa c:/mounriver/mounriver_studio/toolchain/risc-v embedded gcc/bin/../lib/gcc/riscv-none-embed/8.2.0/../../../../riscv-none-embed/lib/rv32imacxw/ilp32\libg_nano.a(lib_a-findfp.o)
                0x00000000000040d0                _cleanup_r
 .text.__sfmoreglue
                0x00000000000040da       0x48 c:/mounriver/mounriver_studio/toolchain/risc-v embedded gcc/bin/../lib/gcc/riscv-none-embed/8.2.0/../../../../riscv-none-embed/lib/rv32imacxw/ilp32\libg_nano.a(lib_a-findfp.o)
                0x00000000000040da                __sfmoreglue
 .text.__sinit  0x0000000000004122       0x6c c:/mounriver/mounriver_studio/toolchain/risc-v embedded gcc/bin/../lib/gcc/riscv-none-embed/8.2.0/../../../../riscv-none-embed/lib/rv32imacxw/ilp32\libg_nano.a(lib_a-findfp.o)
                0x0000000000004122                __sinit
 .text.__sfp    0x000000000000418e       0xa0 c:/mounriver/mounriver_studio/toolchain/risc-v embedded gcc/bin/../lib/gcc/riscv-none-embed/8.2.0/../../../../riscv-none-embed/lib/rv32imacxw/ilp32\libg_nano.a(lib_a-findfp.o)
                0x000000000000418e                __sfp
 .text._fwalk_reent
                0x000000000000422e       0x6a c:/mounriver/mounriver_studio/toolchain/risc-v embedded gcc/bin/../lib/gcc/riscv-none-embed/8.2.0/../../../../riscv-none-embed/lib/rv32imacxw/ilp32\libg_nano.a(lib_a-fwalk.o)
                0x000000000000422e                _fwalk_reent
 .text.__swhatbuf_r
                0x0000000000004298       0x58 c:/mounriver/mounriver_studio/toolchain/risc-v embedded gcc/bin/../lib/gcc/riscv-none-embed/8.2.0/../../../../riscv-none-embed/lib/rv32imacxw/ilp32\libg_nano.a(lib_a-makebuf.o)
                0x0000000000004298                __swhatbuf_r
 .text.__smakebuf_r
                0x00000000000042f0       0x94 c:/mounriver/mounriver_studio/toolchain/risc-v embedded gcc/bin/../lib/gcc/riscv-none-embed/8.2.0/../../../../riscv-none-embed/lib/rv32imacxw/ilp32\libg_nano.a(lib_a-makebuf.o)
                0x00000000000042f0                __smakebuf_r
 .text.__malloc_lock
                0x0000000000004384        0x2 c:/mounriver/mounriver_studio/toolchain/risc-v embedded gcc/bin/../lib/gcc/riscv-none-embed/8.2.0/../../../../riscv-none-embed/lib/rv32imacxw/ilp32\libg_nano.a(lib_a-mlock.o)
                0x0000000000004384                __malloc_lock
 .text.__malloc_unlock
                0x0000000000004386        0x2 c:/mounriver/mounriver_studio/toolchain/risc-v embedded gcc/bin/../lib/gcc/riscv-none-embed/8.2.0/../../../../riscv-none-embed/lib/rv32imacxw/ilp32\libg_nano.a(lib_a-mlock.o)
                0x0000000000004386                __malloc_unlock
 .text.__sfputc_r
                0x0000000000004388       0x28 c:/mounriver/mounriver_studio/toolchain/risc-v embedded gcc/bin/../lib/gcc/riscv-none-embed/8.2.0/../../../../riscv-none-embed/lib/rv32imacxw/ilp32\libg_nano.a(lib_a-nano-vfprintf.o)
 .text.__sfputs_r
                0x00000000000043b0       0x42 c:/mounriver/mounriver_studio/toolchain/risc-v embedded gcc/bin/../lib/gcc/riscv-none-embed/8.2.0/../../../../riscv-none-embed/lib/rv32imacxw/ilp32\libg_nano.a(lib_a-nano-vfprintf.o)
                0x00000000000043b0                __sfputs_r
 .text._vfprintf_r
                0x00000000000043f2      0x288 c:/mounriver/mounriver_studio/toolchain/risc-v embedded gcc/bin/../lib/gcc/riscv-none-embed/8.2.0/../../../../riscv-none-embed/lib/rv32imacxw/ilp32\libg_nano.a(lib_a-nano-vfprintf.o)
                0x00000000000043f2                _vfprintf_r
                0x00000000000043f2                _vfiprintf_r
 .text._printf_common
                0x000000000000467a      0x10c c:/mounriver/mounriver_studio/toolchain/risc-v embedded gcc/bin/../lib/gcc/riscv-none-embed/8.2.0/../../../../riscv-none-embed/lib/rv32imacxw/ilp32\libg_nano.a(lib_a-nano-vfprintf_i.o)
                0x000000000000467a                _printf_common
 .text._printf_i
                0x0000000000004786      0x2a2 c:/mounriver/mounriver_studio/toolchain/risc-v embedded gcc/bin/../lib/gcc/riscv-none-embed/8.2.0/../../../../riscv-none-embed/lib/rv32imacxw/ilp32\libg_nano.a(lib_a-nano-vfprintf_i.o)
                0x0000000000004786                _printf_i
 .text.__sread  0x0000000000004a28       0x2c c:/mounriver/mounriver_studio/toolchain/risc-v embedded gcc/bin/../lib/gcc/riscv-none-embed/8.2.0/../../../../riscv-none-embed/lib/rv32imacxw/ilp32\libg_nano.a(lib_a-stdio.o)
                0x0000000000004a28                __sread
 .text.__swrite
                0x0000000000004a54       0x48 c:/mounriver/mounriver_studio/toolchain/risc-v embedded gcc/bin/../lib/gcc/riscv-none-embed/8.2.0/../../../../riscv-none-embed/lib/rv32imacxw/ilp32\libg_nano.a(lib_a-stdio.o)
                0x0000000000004a54                __swrite
 .text.__sseek  0x0000000000004a9c       0x30 c:/mounriver/mounriver_studio/toolchain/risc-v embedded gcc/bin/../lib/gcc/riscv-none-embed/8.2.0/../../../../riscv-none-embed/lib/rv32imacxw/ilp32\libg_nano.a(lib_a-stdio.o)
                0x0000000000004a9c                __sseek
 .text.__sclose
                0x0000000000004acc        0x6 c:/mounriver/mounriver_studio/toolchain/risc-v embedded gcc/bin/../lib/gcc/riscv-none-embed/8.2.0/../../../../riscv-none-embed/lib/rv32imacxw/ilp32\libg_nano.a(lib_a-stdio.o)
                0x0000000000004acc                __sclose
 .text._write_r
                0x0000000000004ad2       0x2e c:/mounriver/mounriver_studio/toolchain/risc-v embedded gcc/bin/../lib/gcc/riscv-none-embed/8.2.0/../../../../riscv-none-embed/lib/rv32imacxw/ilp32\libg_nano.a(lib_a-writer.o)
                0x0000000000004ad2                _write_r
 .text._close_r
                0x0000000000004b00       0x28 c:/mounriver/mounriver_studio/toolchain/risc-v embedded gcc/bin/../lib/gcc/riscv-none-embed/8.2.0/../../../../riscv-none-embed/lib/rv32imacxw/ilp32\libg_nano.a(lib_a-closer.o)
                0x0000000000004b00                _close_r
 .text._fstat_r
                0x0000000000004b28       0x2a c:/mounriver/mounriver_studio/toolchain/risc-v embedded gcc/bin/../lib/gcc/riscv-none-embed/8.2.0/../../../../riscv-none-embed/lib/rv32imacxw/ilp32\libg_nano.a(lib_a-fstatr.o)
                0x0000000000004b28                _fstat_r
 .text._isatty_r
                0x0000000000004b52       0x28 c:/mounriver/mounriver_studio/toolchain/risc-v embedded gcc/bin/../lib/gcc/riscv-none-embed/8.2.0/../../../../riscv-none-embed/lib/rv32imacxw/ilp32\libg_nano.a(lib_a-isattyr.o)
                0x0000000000004b52                _isatty_r
 .text._lseek_r
                0x0000000000004b7a       0x2c c:/mounriver/mounriver_studio/toolchain/risc-v embedded gcc/bin/../lib/gcc/riscv-none-embed/8.2.0/../../../../riscv-none-embed/lib/rv32imacxw/ilp32\libg_nano.a(lib_a-lseekr.o)
                0x0000000000004b7a                _lseek_r
 .text.memchr   0x0000000000004ba6       0x18 c:/mounriver/mounriver_studio/toolchain/risc-v embedded gcc/bin/../lib/gcc/riscv-none-embed/8.2.0/../../../../riscv-none-embed/lib/rv32imacxw/ilp32\libg_nano.a(lib_a-memchr.o)
                0x0000000000004ba6                memchr
 .text._read_r  0x0000000000004bbe       0x2c c:/mounriver/mounriver_studio/toolchain/risc-v embedded gcc/bin/../lib/gcc/riscv-none-embed/8.2.0/../../../../riscv-none-embed/lib/rv32imacxw/ilp32\libg_nano.a(lib_a-readr.o)
                0x0000000000004bbe                _read_r
 .text._close   0x0000000000004bea        0xc c:/mounriver/mounriver_studio/toolchain/risc-v embedded gcc/bin/../lib/gcc/riscv-none-embed/8.2.0/../../../../riscv-none-embed/lib/rv32imacxw/ilp32\libnosys.a(close.o)
                0x0000000000004bea                _close
 .text._fstat   0x0000000000004bf6        0xc c:/mounriver/mounriver_studio/toolchain/risc-v embedded gcc/bin/../lib/gcc/riscv-none-embed/8.2.0/../../../../riscv-none-embed/lib/rv32imacxw/ilp32\libnosys.a(fstat.o)
                0x0000000000004bf6                _fstat
 .text._isatty  0x0000000000004c02        0xc c:/mounriver/mounriver_studio/toolchain/risc-v embedded gcc/bin/../lib/gcc/riscv-none-embed/8.2.0/../../../../riscv-none-embed/lib/rv32imacxw/ilp32\libnosys.a(isatty.o)
                0x0000000000004c02                _isatty
 .text._lseek   0x0000000000004c0e        0xc c:/mounriver/mounriver_studio/toolchain/risc-v embedded gcc/bin/../lib/gcc/riscv-none-embed/8.2.0/../../../../riscv-none-embed/lib/rv32imacxw/ilp32\libnosys.a(lseek.o)
                0x0000000000004c0e                _lseek
 .text._read    0x0000000000004c1a        0xc c:/mounriver/mounriver_studio/toolchain/risc-v embedded gcc/bin/../lib/gcc/riscv-none-embed/8.2.0/../../../../riscv-none-embed/lib/rv32imacxw/ilp32\libnosys.a(read.o)
                0x0000000000004c1a                _read
 *(.rodata)
 *(.rodata*)
 *fill*         0x0000000000004c26        0x2 
 .rodata.HardFault_Handler.str1.4
                0x0000000000004c28       0x42 ./User/ch32v20x_it.o
 *fill*         0x0000000000004c6a        0x2 
 .rodata.main.str1.4
                0x0000000000004c6c       0x20 ./User/main.o
 .rodata.StartDefaultTask.str1.4
                0x0000000000004c8c       0x11 ./User/system_init.o
 *fill*         0x0000000000004c9d        0x3 
 .rodata.vSYStaskInit.str1.4
                0x0000000000004ca0        0x8 ./User/system_init.o
 .rodata.I2C_FSM
                0x0000000000004ca8       0x30 ./HAL/hal_i2c.o
 .rodata.pvPortMalloc.str1.4
                0x0000000000004cd8       0x49 ./FreeRTOS/portable/MemMang/heap_4.o
 *fill*         0x0000000000004d21        0x3 
 .rodata.xPortStartScheduler.str1.4
                0x0000000000004d24       0x27 ./FreeRTOS/portable/GCC/RISC-V/port.o
                                         0x49 (size before relaxing)
 *fill*         0x0000000000004d4b        0x1 
 .rodata.xQueueGenericReset.str1.4
                0x0000000000004d4c       0x14 ./FreeRTOS/queue.o
                                         0x35 (size before relaxing)
 .rodata.xTaskGenericNotifyFromISR
                0x0000000000004d60       0x14 ./FreeRTOS/tasks.o
 .rodata.prvTaskIsTaskSuspended.str1.4
                0x0000000000004d74       0x14 ./FreeRTOS/tasks.o
                                         0x35 (size before relaxing)
 .rodata.vTaskStartScheduler.str1.4
                0x0000000000004d88        0x5 ./FreeRTOS/tasks.o
 *fill*         0x0000000000004d8d        0x3 
 .rodata.prvTimerTask
                0x0000000000004d90       0x24 ./FreeRTOS/timers.o
 .rodata.prvCheckForValidListAndQueue.str1.4
                0x0000000000004db4        0x5 ./FreeRTOS/timers.o
 *fill*         0x0000000000004db9        0x3 
 .rodata.prvTimerTask.str1.4
                0x0000000000004dbc       0x15 ./FreeRTOS/timers.o
                                         0x39 (size before relaxing)
 *fill*         0x0000000000004dd1        0x3 
 .rodata.xTimerCreateTimerTask.str1.4
                0x0000000000004dd4        0x8 ./FreeRTOS/timers.o
 .rodata.__sf_fake_stderr
                0x0000000000004ddc       0x20 c:/mounriver/mounriver_studio/toolchain/risc-v embedded gcc/bin/../lib/gcc/riscv-none-embed/8.2.0/../../../../riscv-none-embed/lib/rv32imacxw/ilp32\libg_nano.a(lib_a-findfp.o)
                0x0000000000004ddc                __sf_fake_stderr
 .rodata.__sf_fake_stdin
                0x0000000000004dfc       0x20 c:/mounriver/mounriver_studio/toolchain/risc-v embedded gcc/bin/../lib/gcc/riscv-none-embed/8.2.0/../../../../riscv-none-embed/lib/rv32imacxw/ilp32\libg_nano.a(lib_a-findfp.o)
                0x0000000000004dfc                __sf_fake_stdin
 .rodata.__sf_fake_stdout
                0x0000000000004e1c       0x20 c:/mounriver/mounriver_studio/toolchain/risc-v embedded gcc/bin/../lib/gcc/riscv-none-embed/8.2.0/../../../../riscv-none-embed/lib/rv32imacxw/ilp32\libg_nano.a(lib_a-findfp.o)
                0x0000000000004e1c                __sf_fake_stdout
 .rodata._vfprintf_r.str1.4
                0x0000000000004e3c       0x13 c:/mounriver/mounriver_studio/toolchain/risc-v embedded gcc/bin/../lib/gcc/riscv-none-embed/8.2.0/../../../../riscv-none-embed/lib/rv32imacxw/ilp32\libg_nano.a(lib_a-nano-vfprintf.o)
 *fill*         0x0000000000004e4f        0x1 
 .rodata._printf_i.str1.4
                0x0000000000004e50       0x28 c:/mounriver/mounriver_studio/toolchain/risc-v embedded gcc/bin/../lib/gcc/riscv-none-embed/8.2.0/../../../../riscv-none-embed/lib/rv32imacxw/ilp32\libg_nano.a(lib_a-nano-vfprintf_i.o)
                                         0x25 (size before relaxing)
 *(.glue_7)
 *(.glue_7t)
 *(.gnu.linkonce.t.*)
                0x0000000000004e78                . = ALIGN (0x4)

.rela.dyn       0x0000000000004e78        0x0
 .rela.init     0x0000000000004e78        0x0 ./User/DataModel.o
 .rela.vector   0x0000000000004e78        0x0 ./User/DataModel.o
 .rela.text.handle_reset
                0x0000000000004e78        0x0 ./User/DataModel.o
 .rela.text.xPortStartScheduler
                0x0000000000004e78        0x0 ./User/DataModel.o
 .rela.sdata2.xISRStackTop
                0x0000000000004e78        0x0 ./User/DataModel.o
 .rela.text._sbrk
                0x0000000000004e78        0x0 ./User/DataModel.o
 .rela.sdata.curbrk.4664
                0x0000000000004e78        0x0 ./User/DataModel.o
 .rela.text._sbrk_r
                0x0000000000004e78        0x0 ./User/DataModel.o
 .rela.text._vfprintf_r
                0x0000000000004e78        0x0 ./User/DataModel.o
 .rela.text._write_r
                0x0000000000004e78        0x0 ./User/DataModel.o
 .rela.text._close_r
                0x0000000000004e78        0x0 ./User/DataModel.o
 .rela.text._fstat_r
                0x0000000000004e78        0x0 ./User/DataModel.o
 .rela.text._isatty_r
                0x0000000000004e78        0x0 ./User/DataModel.o
 .rela.text._lseek_r
                0x0000000000004e78        0x0 ./User/DataModel.o
 .rela.text._read_r
                0x0000000000004e78        0x0 ./User/DataModel.o
 .rela.text._close
                0x0000000000004e78        0x0 ./User/DataModel.o
 .rela.text._fstat
                0x0000000000004e78        0x0 ./User/DataModel.o
 .rela.text._isatty
                0x0000000000004e78        0x0 ./User/DataModel.o
 .rela.text._lseek
                0x0000000000004e78        0x0 ./User/DataModel.o
 .rela.text._read
                0x0000000000004e78        0x0 ./User/DataModel.o

.fini           0x0000000000004e78        0x0
 *(SORT_NONE(.fini))
                0x0000000000004e78                . = ALIGN (0x4)
                [!provide]                        PROVIDE (_etext = .)
                [!provide]                        PROVIDE (_eitcm = .)

.preinit_array  0x0000000000004e78        0x0
                [!provide]                        PROVIDE (__preinit_array_start = .)
 *(.preinit_array)
                [!provide]                        PROVIDE (__preinit_array_end = .)

.init_array     0x0000000000004e78        0x0
                [!provide]                        PROVIDE (__init_array_start = .)
 *(SORT_BY_INIT_PRIORITY(.init_array.*) SORT_BY_INIT_PRIORITY(.ctors.*))
 *(.init_array EXCLUDE_FILE(*crtend?.o *crtend.o *crtbegin?.o *crtbegin.o) .ctors)
                [!provide]                        PROVIDE (__init_array_end = .)

.fini_array     0x0000000000004e78        0x0
                [!provide]                        PROVIDE (__fini_array_start = .)
 *(SORT_BY_INIT_PRIORITY(.fini_array.*) SORT_BY_INIT_PRIORITY(.dtors.*))
 *(.fini_array EXCLUDE_FILE(*crtend?.o *crtend.o *crtbegin?.o *crtbegin.o) .dtors)
                [!provide]                        PROVIDE (__fini_array_end = .)

.ctors
 *crtbegin.o(.ctors)
 *crtbegin?.o(.ctors)
 *(EXCLUDE_FILE(*crtend?.o *crtend.o) .ctors)
 *(SORT_BY_NAME(.ctors.*))
 *(.ctors)

.dtors
 *crtbegin.o(.dtors)
 *crtbegin?.o(.dtors)
 *(EXCLUDE_FILE(*crtend?.o *crtend.o) .dtors)
 *(SORT_BY_NAME(.dtors.*))
 *(.dtors)

.dalign         0x0000000020000000        0x0 load address 0x0000000000004e78
                0x0000000020000000                . = ALIGN (0x4)
                0x0000000020000000                PROVIDE (_data_vma = .)

.dlalign        0x0000000000004e78        0x0
                0x0000000000004e78                . = ALIGN (0x4)
                0x0000000000004e78                PROVIDE (_data_lma = .)

.data           0x0000000020000000       0xa0 load address 0x0000000000004e78
 *(.gnu.linkonce.r.*)
 *(.data .data.*)
 .data.AHBPrescTable
                0x0000000020000000       0x10 ./User/system_ch32v20x.o
                0x0000000020000000                AHBPrescTable
 .data.APBAHBPrescTable
                0x0000000020000010       0x10 ./Peripheral/src/ch32v20x_rcc.o
 .data.impure_data
                0x0000000020000020       0x60 c:/mounriver/mounriver_studio/toolchain/risc-v embedded gcc/bin/../lib/gcc/riscv-none-embed/8.2.0/../../../../riscv-none-embed/lib/rv32imacxw/ilp32\libg_nano.a(lib_a-impure.o)
 *(.gnu.linkonce.d.*)
                0x0000000020000080                . = ALIGN (0x8)
                0x0000000020000880                PROVIDE (__global_pointer$ = (. + 0x800))
 *(.sdata .sdata.*)
 .sdata.SystemCoreClock
                0x0000000020000080        0x4 ./User/system_ch32v20x.o
                0x0000000020000080                SystemCoreClock
 .sdata.ADCPrescTable
                0x0000000020000084        0x4 ./Peripheral/src/ch32v20x_rcc.o
 .sdata.uxCriticalNesting
                0x0000000020000088        0x4 ./FreeRTOS/portable/GCC/RISC-V/port.o
 .sdata.uxTopUsedPriority
                0x000000002000008c        0x4 ./FreeRTOS/tasks.o
                0x000000002000008c                uxTopUsedPriority
 .sdata.curbrk.4664
                0x0000000020000090        0x4 ./Debug/debug.o
 .sdata._impure_ptr
                0x0000000020000094        0x4 c:/mounriver/mounriver_studio/toolchain/risc-v embedded gcc/bin/../lib/gcc/riscv-none-embed/8.2.0/../../../../riscv-none-embed/lib/rv32imacxw/ilp32\libg_nano.a(lib_a-impure.o)
                0x0000000020000094                _impure_ptr
 *(.sdata2.*)
 .sdata2.xISRStackTop
                0x0000000020000098        0x4 ./FreeRTOS/portable/GCC/RISC-V/port.o
                0x0000000020000098                xISRStackTop
 .sdata2._global_impure_ptr
                0x000000002000009c        0x4 c:/mounriver/mounriver_studio/toolchain/risc-v embedded gcc/bin/../lib/gcc/riscv-none-embed/8.2.0/../../../../riscv-none-embed/lib/rv32imacxw/ilp32\libg_nano.a(lib_a-impure.o)
                0x000000002000009c                _global_impure_ptr
 *(.gnu.linkonce.s.*)
                0x00000000200000a0                . = ALIGN (0x8)
 *(.srodata.cst16)
 *(.srodata.cst8)
 *(.srodata.cst4)
 *(.srodata.cst2)
 *(.srodata .srodata.*)
                0x00000000200000a0                . = ALIGN (0x4)
                0x00000000200000a0                PROVIDE (_edata = .)

.bss            0x00000000200000a0      0xd30 load address 0x0000000000004f18
                0x00000000200000a0                . = ALIGN (0x4)
                0x00000000200000a0                PROVIDE (_sbss = .)
 *(.sbss*)
 .sbss.odometr  0x00000000200000a0        0x4 ./User/DataModel.o
 .sbss.MCU_Version
                0x00000000200000a4        0x1 ./Peripheral/src/ch32v20x_gpio.o
                0x00000000200000a4                MCU_Version
 *fill*         0x00000000200000a5        0x3 
 .sbss.NVIC_Priority_Group
                0x00000000200000a8        0x4 ./Peripheral/src/ch32v20x_misc.o
                0x00000000200000a8                NVIC_Priority_Group
 .sbss.pEEPROM  0x00000000200000ac        0x4 ./HAL/hal_i2c.o
                0x00000000200000ac                pEEPROM
 .sbss.func     0x00000000200000b0        0x4 ./HAL/hal_rtc.o
 .sbss.pxEnd    0x00000000200000b4        0x4 ./FreeRTOS/portable/MemMang/heap_4.o
 .sbss.xBlockAllocatedBit
                0x00000000200000b8        0x4 ./FreeRTOS/portable/MemMang/heap_4.o
 .sbss.xFreeBytesRemaining
                0x00000000200000bc        0x4 ./FreeRTOS/portable/MemMang/heap_4.o
 .sbss.xNumberOfSuccessfulFrees
                0x00000000200000c0        0x4 ./FreeRTOS/portable/MemMang/heap_4.o
 .sbss.xStart   0x00000000200000c4        0x8 ./FreeRTOS/portable/MemMang/heap_4.o
 .sbss.pxCurrentTCB
                0x00000000200000cc        0x4 ./FreeRTOS/tasks.o
                0x00000000200000cc                pxCurrentTCB
 .sbss.pxDelayedTaskList
                0x00000000200000d0        0x4 ./FreeRTOS/tasks.o
 .sbss.pxOverflowDelayedTaskList
                0x00000000200000d4        0x4 ./FreeRTOS/tasks.o
 .sbss.uxCurrentNumberOfTasks
                0x00000000200000d8        0x4 ./FreeRTOS/tasks.o
 .sbss.uxSchedulerSuspended
                0x00000000200000dc        0x4 ./FreeRTOS/tasks.o
 .sbss.uxTaskNumber
                0x00000000200000e0        0x4 ./FreeRTOS/tasks.o
 .sbss.uxTopReadyPriority
                0x00000000200000e4        0x4 ./FreeRTOS/tasks.o
 .sbss.xNextTaskUnblockTime
                0x00000000200000e8        0x4 ./FreeRTOS/tasks.o
 .sbss.xNumOfOverflows
                0x00000000200000ec        0x4 ./FreeRTOS/tasks.o
 .sbss.xPendedTicks
                0x00000000200000f0        0x4 ./FreeRTOS/tasks.o
 .sbss.xSchedulerRunning
                0x00000000200000f4        0x4 ./FreeRTOS/tasks.o
 .sbss.xTickCount
                0x00000000200000f8        0x4 ./FreeRTOS/tasks.o
 .sbss.xYieldPending
                0x00000000200000fc        0x4 ./FreeRTOS/tasks.o
 .sbss.pxCurrentTimerList
                0x0000000020000100        0x4 ./FreeRTOS/timers.o
 .sbss.pxOverflowTimerList
                0x0000000020000104        0x4 ./FreeRTOS/timers.o
 .sbss.xLastTime.5762
                0x0000000020000108        0x4 ./FreeRTOS/timers.o
 .sbss.xTimerQueue
                0x000000002000010c        0x4 ./FreeRTOS/timers.o
 .sbss.xTimerTaskHandle
                0x0000000020000110        0x4 ./FreeRTOS/timers.o
 .sbss.p_ms     0x0000000020000114        0x2 ./Debug/debug.o
 .sbss.p_us     0x0000000020000116        0x1 ./Debug/debug.o
 *fill*         0x0000000020000117        0x1 
 .sbss.__malloc_free_list
                0x0000000020000118        0x4 c:/mounriver/mounriver_studio/toolchain/risc-v embedded gcc/bin/../lib/gcc/riscv-none-embed/8.2.0/../../../../riscv-none-embed/lib/rv32imacxw/ilp32\libg_nano.a(lib_a-nano-mallocr.o)
                0x0000000020000118                __malloc_free_list
 .sbss.__malloc_sbrk_start
                0x000000002000011c        0x4 c:/mounriver/mounriver_studio/toolchain/risc-v embedded gcc/bin/../lib/gcc/riscv-none-embed/8.2.0/../../../../riscv-none-embed/lib/rv32imacxw/ilp32\libg_nano.a(lib_a-nano-mallocr.o)
                0x000000002000011c                __malloc_sbrk_start
 *(.gnu.linkonce.sb.*)
 *(.bss*)
 .bss.DATA_MODEL_REGISTER
                0x0000000020000120      0x21b ./User/DataModel.o
                0x0000000020000120                DATA_MODEL_REGISTER
 *fill*         0x000000002000033b        0x1 
 .bss.data      0x000000002000033c       0x64 ./User/system_init.o
 .bss.defaultTaskBuffer
                0x00000000200003a0      0x200 ./User/system_init.o
 .bss.defaultTaskControlBlock
                0x00000000200005a0       0x5c ./User/system_init.o
 .bss.uxIdleTaskStack
                0x00000000200005fc      0x200 ./User/system_init.o
 .bss.uxTimerTaskStack
                0x00000000200007fc      0x200 ./User/system_init.o
 .bss.xIdleTaskTCB
                0x00000000200009fc       0x5c ./User/system_init.o
 .bss.xTimerTaskTCB
                0x0000000020000a58       0x5c ./User/system_init.o
 .bss.Dev       0x0000000020000ab4       0x28 ./HWLIB/hw_lib_eeprom.o
 .bss.CAN       0x0000000020000adc        0xc ./HAL/hal_can.o
 .bss.DMA_CALLback
                0x0000000020000ae8       0x1c ./HAL/hal_dma.o
                0x0000000020000ae8                DMA_CALLback
 .bss.InitPort  0x0000000020000b04       0x20 ./HAL/hal_gpio.o
                0x0000000020000b04                InitPort
 .bss.config    0x0000000020000b24       0x3c ./HAL/hal_timers.o
 .bss.xQueueRegistry
                0x0000000020000b60       0x40 ./FreeRTOS/queue.o
                0x0000000020000b60                xQueueRegistry
 .bss.pxReadyTasksLists
                0x0000000020000ba0      0x12c ./FreeRTOS/tasks.o
 .bss.xDelayedTaskList1
                0x0000000020000ccc       0x14 ./FreeRTOS/tasks.o
 .bss.xDelayedTaskList2
                0x0000000020000ce0       0x14 ./FreeRTOS/tasks.o
 .bss.xPendingReadyList
                0x0000000020000cf4       0x14 ./FreeRTOS/tasks.o
 .bss.xSuspendedTaskList
                0x0000000020000d08       0x14 ./FreeRTOS/tasks.o
 .bss.ucStaticTimerQueueStorage.5806
                0x0000000020000d1c       0x40 ./FreeRTOS/timers.o
 .bss.xActiveTimerList1
                0x0000000020000d5c       0x14 ./FreeRTOS/timers.o
 .bss.xActiveTimerList2
                0x0000000020000d70       0x14 ./FreeRTOS/timers.o
 .bss.xStaticTimerQueue.5805
                0x0000000020000d84       0x48 ./FreeRTOS/timers.o
 *(.gnu.linkonce.b.*)
 *(COMMON*)
 COMMON         0x0000000020000dcc        0x4 c:/mounriver/mounriver_studio/toolchain/risc-v embedded gcc/bin/../lib/gcc/riscv-none-embed/8.2.0/../../../../riscv-none-embed/lib/rv32imacxw/ilp32\libg_nano.a(lib_a-reent.o)
                0x0000000020000dcc                errno
                0x0000000020000dd0                . = ALIGN (0x4)
                0x0000000020000dd0                PROVIDE (_ebss = .)
                0x0000000020000dd0                PROVIDE (_end = _ebss)
                [!provide]                        PROVIDE (end = .)

.stack          0x0000000020004800      0x800
                0x0000000020004800                PROVIDE (_heap_end = .)
                0x0000000020004800                . = ALIGN (0x4)
                [!provide]                        PROVIDE (_susrstack = .)
                0x0000000020005000                . = (. + __stack_size)
 *fill*         0x0000000020004800      0x800 
                0x0000000020005000                PROVIDE (_eusrstack = .)
                0x0000000020005000                __freertos_irq_stack_top = .
OUTPUT(DASH.elf elf32-littleriscv)

.debug_info     0x0000000000000000    0x2a499
 .debug_info    0x0000000000000000     0x214d ./User/DataModel.o
 .debug_info    0x000000000000214d      0xc7c ./User/ch32v20x_it.o
 .debug_info    0x0000000000002dc9      0xf3d ./User/init.o
 .debug_info    0x0000000000003d06     0x1921 ./User/main.o
 .debug_info    0x0000000000005627      0xb89 ./User/system_ch32v20x.o
 .debug_info    0x00000000000061b0      0xf75 ./User/system_init.o
 .debug_info    0x0000000000007125       0x22 ./Startup/startup_ch32v20x_D6.o
 .debug_info    0x0000000000007147     0x16f6 ./Peripheral/src/ch32v20x_adc.o
 .debug_info    0x000000000000883d     0x181a ./Peripheral/src/ch32v20x_can.o
 .debug_info    0x000000000000a057      0xd21 ./Peripheral/src/ch32v20x_dma.o
 .debug_info    0x000000000000ad78     0x12c8 ./Peripheral/src/ch32v20x_gpio.o
 .debug_info    0x000000000000c040     0x147f ./Peripheral/src/ch32v20x_i2c.o
 .debug_info    0x000000000000d4bf      0xe7c ./Peripheral/src/ch32v20x_misc.o
 .debug_info    0x000000000000e33b     0x125c ./Peripheral/src/ch32v20x_rcc.o
 .debug_info    0x000000000000f597      0xd4f ./Peripheral/src/ch32v20x_rtc.o
 .debug_info    0x00000000000102e6     0x2abe ./Peripheral/src/ch32v20x_tim.o
 .debug_info    0x0000000000012da4     0x13b4 ./Peripheral/src/ch32v20x_usart.o
 .debug_info    0x0000000000014158      0xf5c ./HWLIB/hw_lib_eeprom.o
 .debug_info    0x00000000000150b4     0x17ff ./HAL/hal_can.o
 .debug_info    0x00000000000168b3     0x137d ./HAL/hal_dma.o
 .debug_info    0x0000000000017c30     0x1092 ./HAL/hal_gpio.o
 .debug_info    0x0000000000018cc2     0x19e2 ./HAL/hal_i2c.o
 .debug_info    0x000000000001a6a4      0xdcb ./HAL/hal_rtc.o
 .debug_info    0x000000000001b46f     0x1dfb ./HAL/hal_timers.o
 .debug_info    0x000000000001d26a      0xe5c ./FreeRTOS/portable/MemMang/heap_4.o
 .debug_info    0x000000000001e0c6     0x1079 ./FreeRTOS/portable/GCC/RISC-V/port.o
 .debug_info    0x000000000001f13f       0x26 ./FreeRTOS/portable/GCC/RISC-V/portASM.o
 .debug_info    0x000000000001f165      0xb80 ./FreeRTOS/list.o
 .debug_info    0x000000000001fce5     0x33b3 ./FreeRTOS/queue.o
 .debug_info    0x0000000000023098     0x3b17 ./FreeRTOS/tasks.o
 .debug_info    0x0000000000026baf     0x2676 ./FreeRTOS/timers.o
 .debug_info    0x0000000000029225      0xefe ./Debug/debug.o
 .debug_info    0x000000000002a123      0x376 ./Core/core_riscv.o

.debug_abbrev   0x0000000000000000     0x68fd
 .debug_abbrev  0x0000000000000000      0x4b2 ./User/DataModel.o
 .debug_abbrev  0x00000000000004b2      0x291 ./User/ch32v20x_it.o
 .debug_abbrev  0x0000000000000743      0x305 ./User/init.o
 .debug_abbrev  0x0000000000000a48      0x324 ./User/main.o
 .debug_abbrev  0x0000000000000d6c      0x2c0 ./User/system_ch32v20x.o
 .debug_abbrev  0x000000000000102c      0x33b ./User/system_init.o
 .debug_abbrev  0x0000000000001367       0x12 ./Startup/startup_ch32v20x_D6.o
 .debug_abbrev  0x0000000000001379      0x3a9 ./Peripheral/src/ch32v20x_adc.o
 .debug_abbrev  0x0000000000001722      0x3fa ./Peripheral/src/ch32v20x_can.o
 .debug_abbrev  0x0000000000001b1c      0x302 ./Peripheral/src/ch32v20x_dma.o
 .debug_abbrev  0x0000000000001e1e      0x34b ./Peripheral/src/ch32v20x_gpio.o
 .debug_abbrev  0x0000000000002169      0x3a7 ./Peripheral/src/ch32v20x_i2c.o
 .debug_abbrev  0x0000000000002510      0x2fb ./Peripheral/src/ch32v20x_misc.o
 .debug_abbrev  0x000000000000280b      0x351 ./Peripheral/src/ch32v20x_rcc.o
 .debug_abbrev  0x0000000000002b5c      0x2c0 ./Peripheral/src/ch32v20x_rtc.o
 .debug_abbrev  0x0000000000002e1c      0x418 ./Peripheral/src/ch32v20x_tim.o
 .debug_abbrev  0x0000000000003234      0x312 ./Peripheral/src/ch32v20x_usart.o
 .debug_abbrev  0x0000000000003546      0x300 ./HWLIB/hw_lib_eeprom.o
 .debug_abbrev  0x0000000000003846      0x39e ./HAL/hal_can.o
 .debug_abbrev  0x0000000000003be4      0x30e ./HAL/hal_dma.o
 .debug_abbrev  0x0000000000003ef2      0x362 ./HAL/hal_gpio.o
 .debug_abbrev  0x0000000000004254      0x3f0 ./HAL/hal_i2c.o
 .debug_abbrev  0x0000000000004644      0x2b4 ./HAL/hal_rtc.o
 .debug_abbrev  0x00000000000048f8      0x48d ./HAL/hal_timers.o
 .debug_abbrev  0x0000000000004d85      0x36c ./FreeRTOS/portable/MemMang/heap_4.o
 .debug_abbrev  0x00000000000050f1      0x3ad ./FreeRTOS/portable/GCC/RISC-V/port.o
 .debug_abbrev  0x000000000000549e       0x14 ./FreeRTOS/portable/GCC/RISC-V/portASM.o
 .debug_abbrev  0x00000000000054b2      0x254 ./FreeRTOS/list.o
 .debug_abbrev  0x0000000000005706      0x4a1 ./FreeRTOS/queue.o
 .debug_abbrev  0x0000000000005ba7      0x540 ./FreeRTOS/tasks.o
 .debug_abbrev  0x00000000000060e7      0x45f ./FreeRTOS/timers.o
 .debug_abbrev  0x0000000000006546      0x2d7 ./Debug/debug.o
 .debug_abbrev  0x000000000000681d       0xe0 ./Core/core_riscv.o

.debug_loc      0x0000000000000000     0xc5b6
 .debug_loc     0x0000000000000000      0x263 ./User/DataModel.o
 .debug_loc     0x0000000000000263       0x21 ./User/init.o
 .debug_loc     0x0000000000000284       0x21 ./User/main.o
 .debug_loc     0x00000000000002a5       0xac ./User/system_ch32v20x.o
 .debug_loc     0x0000000000000351       0x7e ./User/system_init.o
 .debug_loc     0x00000000000003cf      0xab6 ./Peripheral/src/ch32v20x_adc.o
 .debug_loc     0x0000000000000e85      0x999 ./Peripheral/src/ch32v20x_can.o
 .debug_loc     0x000000000000181e      0x155 ./Peripheral/src/ch32v20x_dma.o
 .debug_loc     0x0000000000001973      0x8d6 ./Peripheral/src/ch32v20x_gpio.o
 .debug_loc     0x0000000000002249      0x70d ./Peripheral/src/ch32v20x_i2c.o
 .debug_loc     0x0000000000002956       0xce ./Peripheral/src/ch32v20x_misc.o
 .debug_loc     0x0000000000002a24      0x797 ./Peripheral/src/ch32v20x_rcc.o
 .debug_loc     0x00000000000031bb      0x272 ./Peripheral/src/ch32v20x_rtc.o
 .debug_loc     0x000000000000342d     0x190e ./Peripheral/src/ch32v20x_tim.o
 .debug_loc     0x0000000000004d3b      0x757 ./Peripheral/src/ch32v20x_usart.o
 .debug_loc     0x0000000000005492      0x254 ./HWLIB/hw_lib_eeprom.o
 .debug_loc     0x00000000000056e6      0x1ea ./HAL/hal_can.o
 .debug_loc     0x00000000000058d0      0x369 ./HAL/hal_dma.o
 .debug_loc     0x0000000000005c39      0x3a2 ./HAL/hal_gpio.o
 .debug_loc     0x0000000000005fdb      0x2ca ./HAL/hal_i2c.o
 .debug_loc     0x00000000000062a5       0x48 ./HAL/hal_rtc.o
 .debug_loc     0x00000000000062ed      0x52f ./HAL/hal_timers.o
 .debug_loc     0x000000000000681c      0x330 ./FreeRTOS/portable/MemMang/heap_4.o
 .debug_loc     0x0000000000006b4c       0xad ./FreeRTOS/portable/GCC/RISC-V/port.o
 .debug_loc     0x0000000000006bf9       0x94 ./FreeRTOS/list.o
 .debug_loc     0x0000000000006c8d     0x1ea1 ./FreeRTOS/queue.o
 .debug_loc     0x0000000000008b2e     0x265f ./FreeRTOS/tasks.o
 .debug_loc     0x000000000000b18d     0x12b2 ./FreeRTOS/timers.o
 .debug_loc     0x000000000000c43f      0x177 ./Debug/debug.o

.debug_aranges  0x0000000000000000     0x13d8
 .debug_aranges
                0x0000000000000000       0x78 ./User/DataModel.o
 .debug_aranges
                0x0000000000000078       0x30 ./User/ch32v20x_it.o
 .debug_aranges
                0x00000000000000a8       0x30 ./User/init.o
 .debug_aranges
                0x00000000000000d8       0x40 ./User/main.o
 .debug_aranges
                0x0000000000000118       0x28 ./User/system_ch32v20x.o
 .debug_aranges
                0x0000000000000140       0x40 ./User/system_init.o
 .debug_aranges
                0x0000000000000180       0x30 ./Startup/startup_ch32v20x_D6.o
 .debug_aranges
                0x00000000000001b0      0x150 ./Peripheral/src/ch32v20x_adc.o
 .debug_aranges
                0x0000000000000300       0xd8 ./Peripheral/src/ch32v20x_can.o
 .debug_aranges
                0x00000000000003d8       0x60 ./Peripheral/src/ch32v20x_dma.o
 .debug_aranges
                0x0000000000000438       0xb0 ./Peripheral/src/ch32v20x_gpio.o
 .debug_aranges
                0x00000000000004e8      0x110 ./Peripheral/src/ch32v20x_i2c.o
 .debug_aranges
                0x00000000000005f8       0x28 ./Peripheral/src/ch32v20x_misc.o
 .debug_aranges
                0x0000000000000620      0x128 ./Peripheral/src/ch32v20x_rcc.o
 .debug_aranges
                0x0000000000000748       0x80 ./Peripheral/src/ch32v20x_rtc.o
 .debug_aranges
                0x00000000000007c8      0x2d0 ./Peripheral/src/ch32v20x_tim.o
 .debug_aranges
                0x0000000000000a98      0x100 ./Peripheral/src/ch32v20x_usart.o
 .debug_aranges
                0x0000000000000b98       0x40 ./HWLIB/hw_lib_eeprom.o
 .debug_aranges
                0x0000000000000bd8       0x80 ./HAL/hal_can.o
 .debug_aranges
                0x0000000000000c58       0x60 ./HAL/hal_dma.o
 .debug_aranges
                0x0000000000000cb8       0x70 ./HAL/hal_gpio.o
 .debug_aranges
                0x0000000000000d28       0x40 ./HAL/hal_i2c.o
 .debug_aranges
                0x0000000000000d68       0x30 ./HAL/hal_rtc.o
 .debug_aranges
                0x0000000000000d98       0xc0 ./HAL/hal_timers.o
 .debug_aranges
                0x0000000000000e58       0x50 ./FreeRTOS/portable/MemMang/heap_4.o
 .debug_aranges
                0x0000000000000ea8       0x58 ./FreeRTOS/portable/GCC/RISC-V/port.o
 .debug_aranges
                0x0000000000000f00       0x20 ./FreeRTOS/portable/GCC/RISC-V/portASM.o
 .debug_aranges
                0x0000000000000f20       0x40 ./FreeRTOS/list.o
 .debug_aranges
                0x0000000000000f60      0x110 ./FreeRTOS/queue.o
 .debug_aranges
                0x0000000000001070      0x1b0 ./FreeRTOS/tasks.o
 .debug_aranges
                0x0000000000001220       0xc0 ./FreeRTOS/timers.o
 .debug_aranges
                0x00000000000012e0       0x48 ./Debug/debug.o
 .debug_aranges
                0x0000000000001328       0xb0 ./Core/core_riscv.o

.debug_ranges   0x0000000000000000     0x19a0
 .debug_ranges  0x0000000000000000      0x190 ./User/DataModel.o
 .debug_ranges  0x0000000000000190       0x20 ./User/ch32v20x_it.o
 .debug_ranges  0x00000000000001b0       0x20 ./User/init.o
 .debug_ranges  0x00000000000001d0       0x30 ./User/main.o
 .debug_ranges  0x0000000000000200       0x38 ./User/system_ch32v20x.o
 .debug_ranges  0x0000000000000238       0x68 ./User/system_init.o
 .debug_ranges  0x00000000000002a0       0x28 ./Startup/startup_ch32v20x_D6.o
 .debug_ranges  0x00000000000002c8      0x140 ./Peripheral/src/ch32v20x_adc.o
 .debug_ranges  0x0000000000000408       0xf8 ./Peripheral/src/ch32v20x_can.o
 .debug_ranges  0x0000000000000500       0x50 ./Peripheral/src/ch32v20x_dma.o
 .debug_ranges  0x0000000000000550       0xa0 ./Peripheral/src/ch32v20x_gpio.o
 .debug_ranges  0x00000000000005f0      0x100 ./Peripheral/src/ch32v20x_i2c.o
 .debug_ranges  0x00000000000006f0       0x48 ./Peripheral/src/ch32v20x_misc.o
 .debug_ranges  0x0000000000000738      0x118 ./Peripheral/src/ch32v20x_rcc.o
 .debug_ranges  0x0000000000000850       0x70 ./Peripheral/src/ch32v20x_rtc.o
 .debug_ranges  0x00000000000008c0      0x2f0 ./Peripheral/src/ch32v20x_tim.o
 .debug_ranges  0x0000000000000bb0       0xf0 ./Peripheral/src/ch32v20x_usart.o
 .debug_ranges  0x0000000000000ca0       0x48 ./HWLIB/hw_lib_eeprom.o
 .debug_ranges  0x0000000000000ce8       0x88 ./HAL/hal_can.o
 .debug_ranges  0x0000000000000d70       0x50 ./HAL/hal_dma.o
 .debug_ranges  0x0000000000000dc0       0x78 ./HAL/hal_gpio.o
 .debug_ranges  0x0000000000000e38       0x58 ./HAL/hal_i2c.o
 .debug_ranges  0x0000000000000e90       0x20 ./HAL/hal_rtc.o
 .debug_ranges  0x0000000000000eb0       0xf8 ./HAL/hal_timers.o
 .debug_ranges  0x0000000000000fa8       0x40 ./FreeRTOS/portable/MemMang/heap_4.o
 .debug_ranges  0x0000000000000fe8       0x60 ./FreeRTOS/portable/GCC/RISC-V/port.o
 .debug_ranges  0x0000000000001048       0x30 ./FreeRTOS/list.o
 .debug_ranges  0x0000000000001078      0x2d8 ./FreeRTOS/queue.o
 .debug_ranges  0x0000000000001350      0x3e0 ./FreeRTOS/tasks.o
 .debug_ranges  0x0000000000001730      0x198 ./FreeRTOS/timers.o
 .debug_ranges  0x00000000000018c8       0x38 ./Debug/debug.o
 .debug_ranges  0x0000000000001900       0xa0 ./Core/core_riscv.o

.debug_line     0x0000000000000000    0x1fd6d
 .debug_line    0x0000000000000000     0x1950 ./User/DataModel.o
 .debug_line    0x0000000000001950      0x42a ./User/ch32v20x_it.o
 .debug_line    0x0000000000001d7a      0x514 ./User/init.o
 .debug_line    0x000000000000228e      0x5d9 ./User/main.o
 .debug_line    0x0000000000002867      0x66c ./User/system_ch32v20x.o
 .debug_line    0x0000000000002ed3      0x5ad ./User/system_init.o
 .debug_line    0x0000000000003480      0x25f ./Startup/startup_ch32v20x_D6.o
 .debug_line    0x00000000000036df     0x1a80 ./Peripheral/src/ch32v20x_adc.o
 .debug_line    0x000000000000515f     0x1a28 ./Peripheral/src/ch32v20x_can.o
 .debug_line    0x0000000000006b87      0x76a ./Peripheral/src/ch32v20x_dma.o
 .debug_line    0x00000000000072f1     0x14b1 ./Peripheral/src/ch32v20x_gpio.o
 .debug_line    0x00000000000087a2     0x10f0 ./Peripheral/src/ch32v20x_i2c.o
 .debug_line    0x0000000000009892      0x484 ./Peripheral/src/ch32v20x_misc.o
 .debug_line    0x0000000000009d16     0x1122 ./Peripheral/src/ch32v20x_rcc.o
 .debug_line    0x000000000000ae38      0x75a ./Peripheral/src/ch32v20x_rtc.o
 .debug_line    0x000000000000b592     0x30a3 ./Peripheral/src/ch32v20x_tim.o
 .debug_line    0x000000000000e635      0xf5a ./Peripheral/src/ch32v20x_usart.o
 .debug_line    0x000000000000f58f      0x59c ./HWLIB/hw_lib_eeprom.o
 .debug_line    0x000000000000fb2b      0xba4 ./HAL/hal_can.o
 .debug_line    0x00000000000106cf      0xa40 ./HAL/hal_dma.o
 .debug_line    0x000000000001110f      0x8c3 ./HAL/hal_gpio.o
 .debug_line    0x00000000000119d2     0x10dc ./HAL/hal_i2c.o
 .debug_line    0x0000000000012aae      0x494 ./HAL/hal_rtc.o
 .debug_line    0x0000000000012f42      0xed2 ./HAL/hal_timers.o
 .debug_line    0x0000000000013e14      0xc01 ./FreeRTOS/portable/MemMang/heap_4.o
 .debug_line    0x0000000000014a15      0x71a ./FreeRTOS/portable/GCC/RISC-V/port.o
 .debug_line    0x000000000001512f      0x368 ./FreeRTOS/portable/GCC/RISC-V/portASM.o
 .debug_line    0x0000000000015497      0x626 ./FreeRTOS/list.o
 .debug_line    0x0000000000015abd     0x3356 ./FreeRTOS/queue.o
 .debug_line    0x0000000000018e13     0x4c89 ./FreeRTOS/tasks.o
 .debug_line    0x000000000001da9c     0x17d6 ./FreeRTOS/timers.o
 .debug_line    0x000000000001f272      0x6b5 ./Debug/debug.o
 .debug_line    0x000000000001f927      0x446 ./Core/core_riscv.o

.debug_str      0x0000000000000000     0x75fc
 .debug_str     0x0000000000000000     0x14b3 ./User/DataModel.o
                                       0x156f (size before relaxing)
 .debug_str     0x00000000000014b3      0x124 ./User/ch32v20x_it.o
                                        0x784 (size before relaxing)
 .debug_str     0x00000000000015d7      0x2b6 ./User/init.o
                                        0x91a (size before relaxing)
 .debug_str     0x000000000000188d      0x279 ./User/main.o
                                       0x14a7 (size before relaxing)
 .debug_str     0x0000000000001b06       0xf6 ./User/system_ch32v20x.o
                                        0x6cc (size before relaxing)
 .debug_str     0x0000000000001bfc      0x36a ./User/system_init.o
                                        0xa44 (size before relaxing)
 .debug_str     0x0000000000001f66       0x2d ./Startup/startup_ch32v20x_D6.o
                                         0x4c (size before relaxing)
 .debug_str     0x0000000000001f93      0x563 ./Peripheral/src/ch32v20x_adc.o
                                        0xc16 (size before relaxing)
 .debug_str     0x00000000000024f6      0x58a ./Peripheral/src/ch32v20x_can.o
                                        0xbba (size before relaxing)
 .debug_str     0x0000000000002a80      0x205 ./Peripheral/src/ch32v20x_dma.o
                                        0x7f2 (size before relaxing)
 .debug_str     0x0000000000002c85      0x2d8 ./Peripheral/src/ch32v20x_gpio.o
                                        0x9bb (size before relaxing)
 .debug_str     0x0000000000002f5d      0x452 ./Peripheral/src/ch32v20x_i2c.o
                                        0xadf (size before relaxing)
 .debug_str     0x00000000000033af      0x45f ./Peripheral/src/ch32v20x_misc.o
                                        0xa84 (size before relaxing)
 .debug_str     0x000000000000380e      0x325 ./Peripheral/src/ch32v20x_rcc.o
                                        0xabb (size before relaxing)
 .debug_str     0x0000000000003b33      0x19e ./Peripheral/src/ch32v20x_rtc.o
                                        0x7eb (size before relaxing)
 .debug_str     0x0000000000003cd1      0xbc9 ./Peripheral/src/ch32v20x_tim.o
                                       0x12b8 (size before relaxing)
 .debug_str     0x000000000000489a      0x409 ./Peripheral/src/ch32v20x_usart.o
                                        0xb16 (size before relaxing)
 .debug_str     0x0000000000004ca3      0x273 ./HWLIB/hw_lib_eeprom.o
                                        0xa2e (size before relaxing)
 .debug_str     0x0000000000004f16      0x28d ./HAL/hal_can.o
                                        0xfc4 (size before relaxing)
 .debug_str     0x00000000000051a3      0x1c2 ./HAL/hal_dma.o
                                        0xdec (size before relaxing)
 .debug_str     0x0000000000005365       0xec ./HAL/hal_gpio.o
                                        0x98c (size before relaxing)
 .debug_str     0x0000000000005451      0x17d ./HAL/hal_i2c.o
                                       0x115f (size before relaxing)
 .debug_str     0x00000000000055ce       0x76 ./HAL/hal_rtc.o
                                        0xaac (size before relaxing)
 .debug_str     0x0000000000005644      0x2ea ./HAL/hal_timers.o
                                       0x1197 (size before relaxing)
 .debug_str     0x000000000000592e      0x312 ./FreeRTOS/portable/MemMang/heap_4.o
                                        0x8d3 (size before relaxing)
 .debug_str     0x0000000000005c40      0x128 ./FreeRTOS/portable/GCC/RISC-V/port.o
                                        0xb16 (size before relaxing)
 .debug_str     0x0000000000005d68       0x2a ./FreeRTOS/portable/GCC/RISC-V/portASM.o
                                         0x55 (size before relaxing)
 .debug_str     0x0000000000005d92      0x10f ./FreeRTOS/list.o
                                        0x6dd (size before relaxing)
 .debug_str     0x0000000000005ea1      0x7bc ./FreeRTOS/queue.o
                                       0x13c4 (size before relaxing)
 .debug_str     0x000000000000665d      0x922 ./FreeRTOS/tasks.o
                                       0x1883 (size before relaxing)
 .debug_str     0x0000000000006f7f      0x533 ./FreeRTOS/timers.o
                                       0x137f (size before relaxing)
 .debug_str     0x00000000000074b2       0x67 ./Debug/debug.o
                                        0x8fe (size before relaxing)
 .debug_str     0x0000000000007519       0xe3 ./Core/core_riscv.o
                                        0x29b (size before relaxing)

.comment        0x0000000000000000       0x33
 .comment       0x0000000000000000       0x33 ./User/DataModel.o
                                         0x34 (size before relaxing)
 .comment       0x0000000000000033       0x34 ./User/ch32v20x_it.o
 .comment       0x0000000000000033       0x34 ./User/init.o
 .comment       0x0000000000000033       0x34 ./User/main.o
 .comment       0x0000000000000033       0x34 ./User/system_ch32v20x.o
 .comment       0x0000000000000033       0x34 ./User/system_init.o
 .comment       0x0000000000000033       0x34 ./Peripheral/src/ch32v20x_adc.o
 .comment       0x0000000000000033       0x34 ./Peripheral/src/ch32v20x_can.o
 .comment       0x0000000000000033       0x34 ./Peripheral/src/ch32v20x_dma.o
 .comment       0x0000000000000033       0x34 ./Peripheral/src/ch32v20x_gpio.o
 .comment       0x0000000000000033       0x34 ./Peripheral/src/ch32v20x_i2c.o
 .comment       0x0000000000000033       0x34 ./Peripheral/src/ch32v20x_misc.o
 .comment       0x0000000000000033       0x34 ./Peripheral/src/ch32v20x_rcc.o
 .comment       0x0000000000000033       0x34 ./Peripheral/src/ch32v20x_rtc.o
 .comment       0x0000000000000033       0x34 ./Peripheral/src/ch32v20x_tim.o
 .comment       0x0000000000000033       0x34 ./Peripheral/src/ch32v20x_usart.o
 .comment       0x0000000000000033       0x34 ./HWLIB/hw_lib_eeprom.o
 .comment       0x0000000000000033       0x34 ./HAL/hal_can.o
 .comment       0x0000000000000033       0x34 ./HAL/hal_dma.o
 .comment       0x0000000000000033       0x34 ./HAL/hal_gpio.o
 .comment       0x0000000000000033       0x34 ./HAL/hal_i2c.o
 .comment       0x0000000000000033       0x34 ./HAL/hal_rtc.o
 .comment       0x0000000000000033       0x34 ./HAL/hal_timers.o
 .comment       0x0000000000000033       0x34 ./FreeRTOS/portable/MemMang/heap_4.o
 .comment       0x0000000000000033       0x34 ./FreeRTOS/portable/GCC/RISC-V/port.o
 .comment       0x0000000000000033       0x34 ./FreeRTOS/list.o
 .comment       0x0000000000000033       0x34 ./FreeRTOS/queue.o
 .comment       0x0000000000000033       0x34 ./FreeRTOS/tasks.o
 .comment       0x0000000000000033       0x34 ./FreeRTOS/timers.o
 .comment       0x0000000000000033       0x34 ./Debug/debug.o
 .comment       0x0000000000000033       0x34 ./Core/core_riscv.o

.debug_frame    0x0000000000000000     0x3fa0
 .debug_frame   0x0000000000000000      0x150 ./User/DataModel.o
 .debug_frame   0x0000000000000150       0x74 ./User/ch32v20x_it.o
 .debug_frame   0x00000000000001c4       0x70 ./User/init.o
 .debug_frame   0x0000000000000234       0x7c ./User/main.o
 .debug_frame   0x00000000000002b0       0x3c ./User/system_ch32v20x.o
 .debug_frame   0x00000000000002ec       0x8c ./User/system_init.o
 .debug_frame   0x0000000000000378      0x2b4 ./Peripheral/src/ch32v20x_adc.o
 .debug_frame   0x000000000000062c      0x19c ./Peripheral/src/ch32v20x_can.o
 .debug_frame   0x00000000000007c8       0xcc ./Peripheral/src/ch32v20x_dma.o
 .debug_frame   0x0000000000000894      0x170 ./Peripheral/src/ch32v20x_gpio.o
 .debug_frame   0x0000000000000a04      0x264 ./Peripheral/src/ch32v20x_i2c.o
 .debug_frame   0x0000000000000c68       0x30 ./Peripheral/src/ch32v20x_misc.o
 .debug_frame   0x0000000000000c98      0x244 ./Peripheral/src/ch32v20x_rcc.o
 .debug_frame   0x0000000000000edc      0x12c ./Peripheral/src/ch32v20x_rtc.o
 .debug_frame   0x0000000000001008      0x614 ./Peripheral/src/ch32v20x_tim.o
 .debug_frame   0x000000000000161c      0x204 ./Peripheral/src/ch32v20x_usart.o
 .debug_frame   0x0000000000001820       0xb8 ./HWLIB/hw_lib_eeprom.o
 .debug_frame   0x00000000000018d8      0x27c ./HAL/hal_can.o
 .debug_frame   0x0000000000001b54      0x224 ./HAL/hal_dma.o
 .debug_frame   0x0000000000001d78      0x170 ./HAL/hal_gpio.o
 .debug_frame   0x0000000000001ee8      0x214 ./HAL/hal_i2c.o
 .debug_frame   0x00000000000020fc       0x68 ./HAL/hal_rtc.o
 .debug_frame   0x0000000000002164      0x31c ./HAL/hal_timers.o
 .debug_frame   0x0000000000002480       0xc8 ./FreeRTOS/portable/MemMang/heap_4.o
 .debug_frame   0x0000000000002548       0xf4 ./FreeRTOS/portable/GCC/RISC-V/port.o
 .debug_frame   0x000000000000263c       0x60 ./FreeRTOS/list.o
 .debug_frame   0x000000000000269c      0x4a8 ./FreeRTOS/queue.o
 .debug_frame   0x0000000000002b44      0x67c ./FreeRTOS/tasks.o
 .debug_frame   0x00000000000031c0      0x2d0 ./FreeRTOS/timers.o
 .debug_frame   0x0000000000003490       0x9c ./Debug/debug.o
 .debug_frame   0x000000000000352c      0x140 ./Core/core_riscv.o
 .debug_frame   0x000000000000366c       0x20 c:/mounriver/mounriver_studio/toolchain/risc-v embedded gcc/bin/../lib/gcc/riscv-none-embed/8.2.0/../../../../riscv-none-embed/lib/rv32imacxw/ilp32\libg_nano.a(lib_a-memcpy.o)
 .debug_frame   0x000000000000368c       0x40 c:/mounriver/mounriver_studio/toolchain/risc-v embedded gcc/bin/../lib/gcc/riscv-none-embed/8.2.0/../../../../riscv-none-embed/lib/rv32imacxw/ilp32\libg_nano.a(lib_a-nano-freer.o)
 .debug_frame   0x00000000000036cc       0x40 c:/mounriver/mounriver_studio/toolchain/risc-v embedded gcc/bin/../lib/gcc/riscv-none-embed/8.2.0/../../../../riscv-none-embed/lib/rv32imacxw/ilp32\libg_nano.a(lib_a-nano-mallocr.o)
 .debug_frame   0x000000000000370c       0x54 c:/mounriver/mounriver_studio/toolchain/risc-v embedded gcc/bin/../lib/gcc/riscv-none-embed/8.2.0/../../../../riscv-none-embed/lib/rv32imacxw/ilp32\libg_nano.a(lib_a-printf.o)
 .debug_frame   0x0000000000003760       0x54 c:/mounriver/mounriver_studio/toolchain/risc-v embedded gcc/bin/../lib/gcc/riscv-none-embed/8.2.0/../../../../riscv-none-embed/lib/rv32imacxw/ilp32\libg_nano.a(lib_a-puts.o)
 .debug_frame   0x00000000000037b4       0x30 c:/mounriver/mounriver_studio/toolchain/risc-v embedded gcc/bin/../lib/gcc/riscv-none-embed/8.2.0/../../../../riscv-none-embed/lib/rv32imacxw/ilp32\libg_nano.a(lib_a-sbrkr.o)
 .debug_frame   0x00000000000037e4       0x50 c:/mounriver/mounriver_studio/toolchain/risc-v embedded gcc/bin/../lib/gcc/riscv-none-embed/8.2.0/../../../../riscv-none-embed/lib/rv32imacxw/ilp32\libg_nano.a(lib_a-wbuf.o)
 .debug_frame   0x0000000000003834       0x3c c:/mounriver/mounriver_studio/toolchain/risc-v embedded gcc/bin/../lib/gcc/riscv-none-embed/8.2.0/../../../../riscv-none-embed/lib/rv32imacxw/ilp32\libg_nano.a(lib_a-wsetup.o)
 .debug_frame   0x0000000000003870       0x7c c:/mounriver/mounriver_studio/toolchain/risc-v embedded gcc/bin/../lib/gcc/riscv-none-embed/8.2.0/../../../../riscv-none-embed/lib/rv32imacxw/ilp32\libg_nano.a(lib_a-fflush.o)
 .debug_frame   0x00000000000038ec      0x148 c:/mounriver/mounriver_studio/toolchain/risc-v embedded gcc/bin/../lib/gcc/riscv-none-embed/8.2.0/../../../../riscv-none-embed/lib/rv32imacxw/ilp32\libg_nano.a(lib_a-findfp.o)
 .debug_frame   0x0000000000003a34       0x88 c:/mounriver/mounriver_studio/toolchain/risc-v embedded gcc/bin/../lib/gcc/riscv-none-embed/8.2.0/../../../../riscv-none-embed/lib/rv32imacxw/ilp32\libg_nano.a(lib_a-fwalk.o)
 .debug_frame   0x0000000000003abc       0x64 c:/mounriver/mounriver_studio/toolchain/risc-v embedded gcc/bin/../lib/gcc/riscv-none-embed/8.2.0/../../../../riscv-none-embed/lib/rv32imacxw/ilp32\libg_nano.a(lib_a-makebuf.o)
 .debug_frame   0x0000000000003b20       0x30 c:/mounriver/mounriver_studio/toolchain/risc-v embedded gcc/bin/../lib/gcc/riscv-none-embed/8.2.0/../../../../riscv-none-embed/lib/rv32imacxw/ilp32\libg_nano.a(lib_a-mlock.o)
 .debug_frame   0x0000000000003b50       0xd0 c:/mounriver/mounriver_studio/toolchain/risc-v embedded gcc/bin/../lib/gcc/riscv-none-embed/8.2.0/../../../../riscv-none-embed/lib/rv32imacxw/ilp32\libg_nano.a(lib_a-nano-vfprintf.o)
 .debug_frame   0x0000000000003c20       0x8c c:/mounriver/mounriver_studio/toolchain/risc-v embedded gcc/bin/../lib/gcc/riscv-none-embed/8.2.0/../../../../riscv-none-embed/lib/rv32imacxw/ilp32\libg_nano.a(lib_a-nano-vfprintf_i.o)
 .debug_frame   0x0000000000003cac       0x70 c:/mounriver/mounriver_studio/toolchain/risc-v embedded gcc/bin/../lib/gcc/riscv-none-embed/8.2.0/../../../../riscv-none-embed/lib/rv32imacxw/ilp32\libg_nano.a(lib_a-reent.o)
 .debug_frame   0x0000000000003d1c       0xa4 c:/mounriver/mounriver_studio/toolchain/risc-v embedded gcc/bin/../lib/gcc/riscv-none-embed/8.2.0/../../../../riscv-none-embed/lib/rv32imacxw/ilp32\libg_nano.a(lib_a-stdio.o)
 .debug_frame   0x0000000000003dc0       0x30 c:/mounriver/mounriver_studio/toolchain/risc-v embedded gcc/bin/../lib/gcc/riscv-none-embed/8.2.0/../../../../riscv-none-embed/lib/rv32imacxw/ilp32\libg_nano.a(lib_a-writer.o)
 .debug_frame   0x0000000000003df0       0x30 c:/mounriver/mounriver_studio/toolchain/risc-v embedded gcc/bin/../lib/gcc/riscv-none-embed/8.2.0/../../../../riscv-none-embed/lib/rv32imacxw/ilp32\libg_nano.a(lib_a-closer.o)
 .debug_frame   0x0000000000003e20       0x30 c:/mounriver/mounriver_studio/toolchain/risc-v embedded gcc/bin/../lib/gcc/riscv-none-embed/8.2.0/../../../../riscv-none-embed/lib/rv32imacxw/ilp32\libg_nano.a(lib_a-fstatr.o)
 .debug_frame   0x0000000000003e50       0x30 c:/mounriver/mounriver_studio/toolchain/risc-v embedded gcc/bin/../lib/gcc/riscv-none-embed/8.2.0/../../../../riscv-none-embed/lib/rv32imacxw/ilp32\libg_nano.a(lib_a-isattyr.o)
 .debug_frame   0x0000000000003e80       0x30 c:/mounriver/mounriver_studio/toolchain/risc-v embedded gcc/bin/../lib/gcc/riscv-none-embed/8.2.0/../../../../riscv-none-embed/lib/rv32imacxw/ilp32\libg_nano.a(lib_a-lseekr.o)
 .debug_frame   0x0000000000003eb0       0x20 c:/mounriver/mounriver_studio/toolchain/risc-v embedded gcc/bin/../lib/gcc/riscv-none-embed/8.2.0/../../../../riscv-none-embed/lib/rv32imacxw/ilp32\libg_nano.a(lib_a-memchr.o)
 .debug_frame   0x0000000000003ed0       0x30 c:/mounriver/mounriver_studio/toolchain/risc-v embedded gcc/bin/../lib/gcc/riscv-none-embed/8.2.0/../../../../riscv-none-embed/lib/rv32imacxw/ilp32\libg_nano.a(lib_a-readr.o)
 .debug_frame   0x0000000000003f00       0x20 c:/mounriver/mounriver_studio/toolchain/risc-v embedded gcc/bin/../lib/gcc/riscv-none-embed/8.2.0/../../../../riscv-none-embed/lib/rv32imacxw/ilp32\libnosys.a(close.o)
 .debug_frame   0x0000000000003f20       0x20 c:/mounriver/mounriver_studio/toolchain/risc-v embedded gcc/bin/../lib/gcc/riscv-none-embed/8.2.0/../../../../riscv-none-embed/lib/rv32imacxw/ilp32\libnosys.a(fstat.o)
 .debug_frame   0x0000000000003f40       0x20 c:/mounriver/mounriver_studio/toolchain/risc-v embedded gcc/bin/../lib/gcc/riscv-none-embed/8.2.0/../../../../riscv-none-embed/lib/rv32imacxw/ilp32\libnosys.a(isatty.o)
 .debug_frame   0x0000000000003f60       0x20 c:/mounriver/mounriver_studio/toolchain/risc-v embedded gcc/bin/../lib/gcc/riscv-none-embed/8.2.0/../../../../riscv-none-embed/lib/rv32imacxw/ilp32\libnosys.a(lseek.o)
 .debug_frame   0x0000000000003f80       0x20 c:/mounriver/mounriver_studio/toolchain/risc-v embedded gcc/bin/../lib/gcc/riscv-none-embed/8.2.0/../../../../riscv-none-embed/lib/rv32imacxw/ilp32\libnosys.a(read.o)

.stab           0x0000000000000000       0x84
 .stab          0x0000000000000000       0x24 c:/mounriver/mounriver_studio/toolchain/risc-v embedded gcc/bin/../lib/gcc/riscv-none-embed/8.2.0/../../../../riscv-none-embed/lib/rv32imacxw/ilp32\libnosys.a(close.o)
 .stab          0x0000000000000024       0x18 c:/mounriver/mounriver_studio/toolchain/risc-v embedded gcc/bin/../lib/gcc/riscv-none-embed/8.2.0/../../../../riscv-none-embed/lib/rv32imacxw/ilp32\libnosys.a(fstat.o)
                                         0x24 (size before relaxing)
 .stab          0x000000000000003c       0x18 c:/mounriver/mounriver_studio/toolchain/risc-v embedded gcc/bin/../lib/gcc/riscv-none-embed/8.2.0/../../../../riscv-none-embed/lib/rv32imacxw/ilp32\libnosys.a(isatty.o)
                                         0x24 (size before relaxing)
 .stab          0x0000000000000054       0x18 c:/mounriver/mounriver_studio/toolchain/risc-v embedded gcc/bin/../lib/gcc/riscv-none-embed/8.2.0/../../../../riscv-none-embed/lib/rv32imacxw/ilp32\libnosys.a(lseek.o)
                                         0x24 (size before relaxing)
 .stab          0x000000000000006c       0x18 c:/mounriver/mounriver_studio/toolchain/risc-v embedded gcc/bin/../lib/gcc/riscv-none-embed/8.2.0/../../../../riscv-none-embed/lib/rv32imacxw/ilp32\libnosys.a(read.o)
                                         0x24 (size before relaxing)

.stabstr        0x0000000000000000      0x117
 .stabstr       0x0000000000000000      0x117 c:/mounriver/mounriver_studio/toolchain/risc-v embedded gcc/bin/../lib/gcc/riscv-none-embed/8.2.0/../../../../riscv-none-embed/lib/rv32imacxw/ilp32\libnosys.a(close.o)