Archive member included to satisfy reference by file (symbol)

c:/mounriver/mounriver_studio/toolchain/risc-v embedded gcc/bin/../lib/gcc/riscv-none-embed/8.2.0/rv32imacxw/ilp32\libgcc.a(addsf3.o)
                              ./User/DataModel.o (__addsf3)
c:/mounriver/mounriver_studio/toolchain/risc-v embedded gcc/bin/../lib/gcc/riscv-none-embed/8.2.0/rv32imacxw/ilp32\libgcc.a(divsf3.o)
                              ./User/DataModel.o (__divsf3)
c:/mounriver/mounriver_studio/toolchain/risc-v embedded gcc/bin/../lib/gcc/riscv-none-embed/8.2.0/rv32imacxw/ilp32\libgcc.a(eqsf2.o)
                              ./HWLIB/hw_lib_din.o (__nesf2)
c:/mounriver/mounriver_studio/toolchain/risc-v embedded gcc/bin/../lib/gcc/riscv-none-embed/8.2.0/rv32imacxw/ilp32\libgcc.a(gesf2.o)
                              ./User/inputs.o (__gesf2)
c:/mounriver/mounriver_studio/toolchain/risc-v embedded gcc/bin/../lib/gcc/riscv-none-embed/8.2.0/rv32imacxw/ilp32\libgcc.a(lesf2.o)
                              ./HWLIB/hw_lib_adc.o (__lesf2)
c:/mounriver/mounriver_studio/toolchain/risc-v embedded gcc/bin/../lib/gcc/riscv-none-embed/8.2.0/rv32imacxw/ilp32\libgcc.a(mulsf3.o)
                              ./User/dash_draw.o (__mulsf3)
c:/mounriver/mounriver_studio/toolchain/risc-v embedded gcc/bin/../lib/gcc/riscv-none-embed/8.2.0/rv32imacxw/ilp32\libgcc.a(subsf3.o)
                              ./User/inputs.o (__subsf3)
c:/mounriver/mounriver_studio/toolchain/risc-v embedded gcc/bin/../lib/gcc/riscv-none-embed/8.2.0/rv32imacxw/ilp32\libgcc.a(fixsfsi.o)
                              ./User/dash_draw.o (__fixsfsi)
c:/mounriver/mounriver_studio/toolchain/risc-v embedded gcc/bin/../lib/gcc/riscv-none-embed/8.2.0/rv32imacxw/ilp32\libgcc.a(fixunssfsi.o)
                              ./User/DataModel.o (__fixunssfsi)
c:/mounriver/mounriver_studio/toolchain/risc-v embedded gcc/bin/../lib/gcc/riscv-none-embed/8.2.0/rv32imacxw/ilp32\libgcc.a(floatsisf.o)
                              ./User/DataModel.o (__floatsisf)
c:/mounriver/mounriver_studio/toolchain/risc-v embedded gcc/bin/../lib/gcc/riscv-none-embed/8.2.0/rv32imacxw/ilp32\libgcc.a(floatunsisf.o)
                              ./User/DataModel.o (__floatunsisf)
c:/mounriver/mounriver_studio/toolchain/risc-v embedded gcc/bin/../lib/gcc/riscv-none-embed/8.2.0/rv32imacxw/ilp32\libgcc.a(save-restore.o)
                              ./User/inputs.o (__riscv_save_12)
c:/mounriver/mounriver_studio/toolchain/risc-v embedded gcc/bin/../lib/gcc/riscv-none-embed/8.2.0/rv32imacxw/ilp32\libgcc.a(_clzsi2.o)
                              c:/mounriver/mounriver_studio/toolchain/risc-v embedded gcc/bin/../lib/gcc/riscv-none-embed/8.2.0/rv32imacxw/ilp32\libgcc.a(addsf3.o) (__clzsi2)
c:/mounriver/mounriver_studio/toolchain/risc-v embedded gcc/bin/../lib/gcc/riscv-none-embed/8.2.0/rv32imacxw/ilp32\libgcc.a(_clz.o)
                              c:/mounriver/mounriver_studio/toolchain/risc-v embedded gcc/bin/../lib/gcc/riscv-none-embed/8.2.0/rv32imacxw/ilp32\libgcc.a(_clzsi2.o) (__clz_tab)
c:/mounriver/mounriver_studio/toolchain/risc-v embedded gcc/bin/../lib/gcc/riscv-none-embed/8.2.0/../../../../riscv-none-embed/lib/rv32imacxw/ilp32\libg_nano.a(lib_a-calloc.o)
                              ./CANopenNode/CANopen.o (calloc)
c:/mounriver/mounriver_studio/toolchain/risc-v embedded gcc/bin/../lib/gcc/riscv-none-embed/8.2.0/../../../../riscv-none-embed/lib/rv32imacxw/ilp32\libg_nano.a(lib_a-impure.o)
                              c:/mounriver/mounriver_studio/toolchain/risc-v embedded gcc/bin/../lib/gcc/riscv-none-embed/8.2.0/../../../../riscv-none-embed/lib/rv32imacxw/ilp32\libg_nano.a(lib_a-calloc.o) (_impure_ptr)
c:/mounriver/mounriver_studio/toolchain/risc-v embedded gcc/bin/../lib/gcc/riscv-none-embed/8.2.0/../../../../riscv-none-embed/lib/rv32imacxw/ilp32\libg_nano.a(lib_a-malloc.o)
                              ./CANopenNode/CANopen.o (free)
c:/mounriver/mounriver_studio/toolchain/risc-v embedded gcc/bin/../lib/gcc/riscv-none-embed/8.2.0/../../../../riscv-none-embed/lib/rv32imacxw/ilp32\libg_nano.a(lib_a-memcpy.o)
                              ./User/DataModel.o (memcpy)
c:/mounriver/mounriver_studio/toolchain/risc-v embedded gcc/bin/../lib/gcc/riscv-none-embed/8.2.0/../../../../riscv-none-embed/lib/rv32imacxw/ilp32\libg_nano.a(lib_a-memmove.o)
                              ./CANopenNode/301/CO_SDOserver.o (memmove)
c:/mounriver/mounriver_studio/toolchain/risc-v embedded gcc/bin/../lib/gcc/riscv-none-embed/8.2.0/../../../../riscv-none-embed/lib/rv32imacxw/ilp32\libg_nano.a(lib_a-memset.o)
                              ./User/DataModel.o (memset)
c:/mounriver/mounriver_studio/toolchain/risc-v embedded gcc/bin/../lib/gcc/riscv-none-embed/8.2.0/../../../../riscv-none-embed/lib/rv32imacxw/ilp32\libg_nano.a(lib_a-nano-callocr.o)
[...]
Memory Configuration

Name             Origin             Length             Attributes
FLASH            0x0000000000000000 0x0000000000010000 xr
RAM              0x0000000020000000 0x0000000000005000 xrw
*default*        0x0000000000000000 0xffffffffffffffff

Linker script and memory map

LOAD ./User/CanOpenNode.o
LOAD ./User/DataModel.o
LOAD ./User/ch32v20x_it.o
LOAD ./User/dash_draw.o
LOAD ./User/init.o
LOAD ./User/inputs.o
LOAD ./User/led.o
LOAD ./User/main.o
LOAD ./User/process.o
LOAD ./User/system_ch32v20x.o
LOAD ./User/system_init.o
LOAD ./Startup/startup_ch32v20x_D6.o
LOAD ./Peripheral/src/ch32v20x_adc.o
LOAD ./Peripheral/src/ch32v20x_bkp.o
LOAD ./Peripheral/src/ch32v20x_can.o
LOAD ./Peripheral/src/ch32v20x_crc.o
LOAD ./Peripheral/src/ch32v20x_dbgmcu.o
LOAD ./Peripheral/src/ch32v20x_dma.o
LOAD ./Peripheral/src/ch32v20x_exti.o
LOAD ./Peripheral/src/ch32v20x_flash.o
LOAD ./Peripheral/src/ch32v20x_gpio.o
LOAD ./Peripheral/src/ch32v20x_i2c.o
LOAD ./Peripheral/src/ch32v20x_iwdg.o
LOAD ./Peripheral/src/ch32v20x_misc.o
LOAD ./Peripheral/src/ch32v20x_opa.o
LOAD ./Peripheral/src/ch32v20x_pwr.o
LOAD ./Peripheral/src/ch32v20x_rcc.o
LOAD ./Peripheral/src/ch32v20x_rtc.o
LOAD ./Peripheral/src/ch32v20x_spi.o
LOAD ./Peripheral/src/ch32v20x_tim.o
LOAD ./Peripheral/src/ch32v20x_usart.o
LOAD ./Peripheral/src/ch32v20x_wwdg.o
LOAD ./HWLIB/hw_lib_adc.o
LOAD ./HWLIB/hw_lib_din.o
LOAD ./HWLIB/hw_lib_eeprom.o
LOAD ./HAL/hal_adc.o
LOAD ./HAL/hal_can.o
LOAD ./HAL/hal_dma.o
LOAD ./HAL/hal_gpio.o
LOAD ./HAL/hal_i2c.o
LOAD ./HAL/hal_rtc.o
LOAD ./HAL/hal_spi.o
LOAD ./HAL/hal_timers.o
LOAD ./HAL/hal_wdt.o
LOAD ./FreeRTOS/portable/MemMang/heap_4.o
LOAD ./FreeRTOS/portable/GCC/RISC-V/port.o
LOAD ./FreeRTOS/portable/GCC/RISC-V/portASM.o
LOAD ./FreeRTOS/croutine.o
LOAD ./FreeRTOS/event_groups.o
LOAD ./FreeRTOS/list.o
LOAD ./FreeRTOS/queue.o
LOAD ./FreeRTOS/stream_buffer.o
LOAD ./FreeRTOS/tasks.o
LOAD ./FreeRTOS/timers.o
LOAD ./Drivers/filters.o
LOAD ./Debug/debug.o
LOAD ./Core/core_riscv.o
LOAD ./CANopenNode/keypad/CO_driver_ST32F103.o
LOAD ./CANopenNode/keypad/OD.o
LOAD ./CANopenNode/extra/CO_trace.o
LOAD ./CANopenNode/309/CO_gateway_ascii.o
LOAD ./CANopenNode/305/CO_LSSmaster.o
LOAD ./CANopenNode/305/CO_LSSslave.o
LOAD ./CANopenNode/304/CO_GFC.o
LOAD ./CANopenNode/304/CO_SRDO.o
LOAD ./CANopenNode/303/CO_LEDs.o
LOAD ./CANopenNode/301/CO_Emergency.o
LOAD ./CANopenNode/301/CO_HBconsumer.o
LOAD ./CANopenNode/301/CO_NMT_Heartbeat.o
LOAD ./CANopenNode/301/CO_Node_Guarding.o
LOAD ./CANopenNode/301/CO_ODinterface.o
LOAD ./CANopenNode/301/CO_PDO.o
LOAD ./CANopenNode/301/CO_SDOclient.o
LOAD ./CANopenNode/301/CO_SDOserver.o
LOAD ./CANopenNode/301/CO_SYNC.o
LOAD ./CANopenNode/301/CO_TIME.o
LOAD ./CANopenNode/301/CO_fifo.o
LOAD ./CANopenNode/301/crc16-ccitt.o
LOAD ./CANopenNode/CANopen.o
LOAD c:/mounriver/mounriver_studio/toolchain/risc-v embedded gcc/bin/../lib/gcc/riscv-none-embed/8.2.0/../../../../riscv-none-embed/lib/rv32imacxw/ilp32\libm.a
LOAD c:/mounriver/mounriver_studio/toolchain/risc-v embedded gcc/bin/../lib/gcc/riscv-none-embed/8.2.0/rv32imacxw/ilp32\libgcc.a
LOAD c:/mounriver/mounriver_studio/toolchain/risc-v embedded gcc/bin/../lib/gcc/riscv-none-embed/8.2.0/../../../../riscv-none-embed/lib/rv32imacxw/ilp32\libg_nano.a
LOAD c:/mounriver/mounriver_studio/toolchain/risc-v embedded gcc/bin/../lib/gcc/riscv-none-embed/8.2.0/../../../../riscv-none-embed/lib/rv32imacxw/ilp32\libc_nano.a
LOAD c:/mounriver/mounriver_studio/toolchain/risc-v embedded gcc/bin/../lib/gcc/riscv-none-embed/8.2.0/rv32imacxw/ilp32\libgcc.a
START GROUP
LOAD c:/mounriver/mounriver_studio/toolchain/risc-v embedded gcc/bin/../lib/gcc/riscv-none-embed/8.2.0/rv32imacxw/ilp32\libgcc.a
LOAD c:/mounriver/mounriver_studio/toolchain/risc-v embedded gcc/bin/../lib/gcc/riscv-none-embed/8.2.0/../../../../riscv-none-embed/lib/rv32imacxw/ilp32\libc_nano.a
LOAD c:/mounriver/mounriver_studio/toolchain/risc-v embedded gcc/bin/../lib/gcc/riscv-none-embed/8.2.0/../../../../riscv-none-embed/lib/rv32imacxw/ilp32\libnosys.a
END GROUP
START GROUP
LOAD c:/mounriver/mounriver_studio/toolchain/risc-v embedded gcc/bin/../lib/gcc/riscv-none-embed/8.2.0/rv32imacxw/ilp32\libgcc.a
LOAD c:/mounriver/mounriver_studio/toolchain/risc-v embedded gcc/bin/../lib/gcc/riscv-none-embed/8.2.0/../../../../riscv-none-embed/lib/rv32imacxw/ilp32\libc_nano.a
LOAD c:/mounriver/mounriver_studio/toolchain/risc-v embedded gcc/bin/../lib/gcc/riscv-none-embed/8.2.0/../../../../riscv-none-embed/lib/rv32imacxw/ilp32\libnosys.a
END GROUP
                0x0000000000000be8                __stack_size = 0xbe8
                [!provide]                        PROVIDE (_stack_size = __stack_size)

.init           0x0000000000000000       0x38
                0x0000000000000000                _sinit = .
                0x0000000000000000                . = ALIGN (0x4)
 *(SORT_NONE(.init))
 .init          0x0000000000000000       0x38 ./Startup/startup_ch32v20x_D6.o
                0x0000000000000000                _start
                0x0000000000000038                . = ALIGN (0x4)
                0x0000000000000038                _einit = .

.vector         0x0000000000000038      0x108
 *(.vector)
 .vector        0x0000000000000038       0xfc ./Startup/startup_ch32v20x_D6.o
                0x0000000000000140                . = ALIGN (0x40)
 *fill*         0x0000000000000134        0xc 

.text           0x0000000000000200     0xf1e8
                0x0000000000000200                . = ALIGN (0x4)
 *(.text)
 .text          0x0000000000000200      0x2ee ./FreeRTOS/portable/GCC/RISC-V/portASM.o
                0x0000000000000200                SW_Handler
                0x0000000000000300                xPortStartFirstTask
                0x0000000000000400                pxPortInitialiseStack
 .text          0x00000000000004ee       0x60 c:/mounriver/mounriver_studio/toolchain/risc-v embedded gcc/bin/../lib/gcc/riscv-none-embed/8.2.0/rv32imacxw/ilp32\libgcc.a(save-restore.o)
                0x00000000000004ee                __riscv_save_12
                0x00000000000004f6                __riscv_save_9
                0x00000000000004f6                __riscv_save_11
                0x00000000000004f6                __riscv_save_10
                0x00000000000004f6                __riscv_save_8
                0x0000000000000504                __riscv_save_4
                0x0000000000000504                __riscv_save_6
                0x0000000000000504                __riscv_save_5
                0x0000000000000504                __riscv_save_7
                0x000000000000051e                __riscv_save_3
                0x000000000000051e                __riscv_save_2
                0x000000000000051e                __riscv_save_1
                0x000000000000051e                __riscv_save_0
                0x000000000000052a                __riscv_restore_12
                0x000000000000052e                __riscv_restore_11
                0x000000000000052e                __riscv_restore_9
                0x000000000000052e                __riscv_restore_10
                0x000000000000052e                __riscv_restore_8
                0x0000000000000538                __riscv_restore_5
                0x0000000000000538                __riscv_restore_7
                0x0000000000000538                __riscv_restore_6
                0x0000000000000538                __riscv_restore_4
                0x0000000000000542                __riscv_restore_3
                0x0000000000000542                __riscv_restore_0
                0x0000000000000542                __riscv_restore_2
                0x0000000000000542                __riscv_restore_1
 .text          0x000000000000054e       0xa8 c:/mounriver/mounriver_studio/toolchain/risc-v embedded gcc/bin/../lib/gcc/riscv-none-embed/8.2.0/../../../../riscv-none-embed/lib/rv32imacxw/ilp32\libg_nano.a(lib_a-memset.o)
                0x000000000000054e                memset
 *(.text.*)
 .text.xCanOpenProcessTaskHandle
                0x00000000000005f6        0xa ./User/CanOpenNode.o
                0x00000000000005f6                xCanOpenProcessTaskHandle
 .text.xCanOpenPeriodicTaskHandle
                0x0000000000000600        0xa ./User/CanOpenNode.o
                0x0000000000000600                xCanOpenPeriodicTaskHandle
 .text.vCanOpenInit
                0x000000000000060a        0xa ./User/CanOpenNode.o
                0x000000000000060a                vCanOpenInit
 .text.vCanOpenProcess
                0x0000000000000614      0x192 ./User/CanOpenNode.o
                0x0000000000000614                vCanOpenProcess
 .text.vCanOpenPeriodicProcess
                0x00000000000007a6       0x82 ./User/CanOpenNode.o
                0x00000000000007a6                vCanOpenPeriodicProcess
 .text.xDataRegQueue
                0x0000000000000828        0xa ./User/DataModel.o
                0x0000000000000828                xDataRegQueue
 .text.vDataModelRegDelayWrite
                0x0000000000000832       0x34 ./User/DataModel.o
                0x0000000000000832                vDataModelRegDelayWrite
 .text.setReg32
                0x0000000000000866       0x1a ./User/DataModel.o
                0x0000000000000866                setReg32
 .text.setReg16
                0x0000000000000880        0xe ./User/DataModel.o
                0x0000000000000880                setReg16
 .text.setReg8  0x000000000000088e        0xa ./User/DataModel.o
                0x000000000000088e                setReg8
 .text.SaveReg16
                0x0000000000000898       0x14 ./User/DataModel.o
                0x0000000000000898                SaveReg16
 .text.getReg16
                0x00000000000008ac       0x10 ./User/DataModel.o
                0x00000000000008ac                getReg16
 .text.getReg32
                0x00000000000008bc       0x1c ./User/DataModel.o
                0x00000000000008bc                getReg32
 .text.DataModel_Init
                0x00000000000008d8      0x39e ./User/DataModel.o
                0x00000000000008d8                DataModel_Init
 .text.getReg8  0x0000000000000c76        0xa ./User/DataModel.o
                0x0000000000000c76                getReg8
 .text.WriteRegAfterDelay
                0x0000000000000c80       0x60 ./User/DataModel.o
                0x0000000000000c80                WriteRegAfterDelay
 .text.WriteReg
                0x0000000000000ce0       0x56 ./User/DataModel.o
                0x0000000000000ce0                WriteReg
 .text.vGetBitrate
                0x0000000000000d36       0x2a ./User/DataModel.o
                0x0000000000000d36                vGetBitrate
 .text.vFDGetNMTState
                0x0000000000000d60        0x6 ./User/DataModel.o
                0x0000000000000d60                vFDGetNMTState
 .text.vGetNodeId
                0x0000000000000d66        0x6 ./User/DataModel.o
                0x0000000000000d66                vGetNodeId
 .text.vIncrementSystemCounters
                0x0000000000000d6c       0x8a ./User/DataModel.o
                0x0000000000000d6c                vIncrementSystemCounters
 .text.vSaveData
                0x0000000000000df6       0x16 ./User/DataModel.o
                0x0000000000000df6                vSaveData
 .text.getOdometr
                0x0000000000000e0c       0x14 ./User/DataModel.o
                0x0000000000000e0c                getOdometr
 .text.NMI_Handler
                0x0000000000000e20        0x2 ./User/ch32v20x_it.o
                0x0000000000000e20                NMI_Handler
 .text.HardFault_Handler
                0x0000000000000e22        0x2 ./User/ch32v20x_it.o
                0x0000000000000e22                HardFault_Handler
 .text.SegPrint
                0x0000000000000e24       0x5a ./User/dash_draw.o
 .text.xProcessTaskHandle
                0x0000000000000e7e        0xa ./User/dash_draw.o
                0x0000000000000e7e                xProcessTaskHandle
 .text.vSetErrorReg
                0x0000000000000e88        0xa ./User/dash_draw.o
                0x0000000000000e88                vSetErrorReg
 .text.getODValue
                0x0000000000000e92      0x134 ./User/dash_draw.o
                0x0000000000000e92                getODValue
 .text.IncMenuIndex
                0x0000000000000fc6       0x80 ./User/dash_draw.o
                0x0000000000000fc6                IncMenuIndex
 .text.GoToHome
                0x0000000000001046       0x12 ./User/dash_draw.o
                0x0000000000001046                GoToHome
 .text.SetCurMenuHome
                0x0000000000001058       0x1e ./User/dash_draw.o
                0x0000000000001058                SetCurMenuHome
 .text.GetCurMenuHome
                0x0000000000001076        0x6 ./User/dash_draw.o
                0x0000000000001076                GetCurMenuHome
 .text.SetCurrentMenu
                0x000000000000107c       0x12 ./User/dash_draw.o
                0x000000000000107c                SetCurrentMenu
 .text.SetDefault
                0x000000000000108e       0x28 ./User/dash_draw.o
                0x000000000000108e                SetDefault
 .text.MenuBackHomeCheck
                0x00000000000010b6       0x38 ./User/dash_draw.o
                0x00000000000010b6                MenuBackHomeCheck
 .text.CheckMenuChannel
                0x00000000000010ee       0x20 ./User/dash_draw.o
                0x00000000000010ee                CheckMenuChannel
 .text.vDashDrawInit
                0x000000000000110e       0x80 ./User/dash_draw.o
                0x000000000000110e                vDashDrawInit
 .text.vMenuBlink
                0x000000000000118e       0x4a ./User/dash_draw.o
                0x000000000000118e                vMenuBlink
 .text.SetErrorRegiter
                0x00000000000011d8       0x5e ./User/dash_draw.o
                0x00000000000011d8                SetErrorRegiter
 .text.uGetCurrMenu
                0x0000000000001236       0x26 ./User/dash_draw.o
                0x0000000000001236                uGetCurrMenu
 .text.vGetEdgeData
                0x000000000000125c       0x2a ./User/dash_draw.o
                0x000000000000125c                vGetEdgeData
 .text.checkLedState
                0x0000000000001286       0x3a ./User/dash_draw.o
 .text.vRGBMode
                0x00000000000012c0       0x72 ./User/dash_draw.o
                0x00000000000012c0                vRGBMode
 .text.vBarColorMode
                0x0000000000001332       0xc2 ./User/dash_draw.o
                0x0000000000001332                vBarColorMode
 .text.vBarWindowMode
                0x00000000000013f4       0x5a ./User/dash_draw.o
                0x00000000000013f4                vBarWindowMode
 .text.vBarMode
                0x000000000000144e       0x66 ./User/dash_draw.o
                0x000000000000144e                vBarMode
 .text.RedrawNotifyTaskToInit
                0x00000000000014b4       0x28 ./User/dash_draw.o
                0x00000000000014b4                RedrawNotifyTaskToInit
 .text.vRedrawTask
                0x00000000000014dc      0x566 ./User/dash_draw.o
                0x00000000000014dc                vRedrawTask
 .text.vInit_DeviceConfig
                0x0000000000001a42      0x132 ./User/init.o
                0x0000000000001a42                vInit_DeviceConfig
 .text.ADC1_Event
                0x0000000000001b74       0x48 ./User/inputs.o
                0x0000000000001b74                ADC1_Event
 .text.CaptureDMACallBack
                0x0000000000001bbc       0x30 ./User/inputs.o
                0x0000000000001bbc                CaptureDMACallBack
 .text.CaptureDMACallBack_1
                0x0000000000001bec       0x30 ./User/inputs.o
                0x0000000000001bec                CaptureDMACallBack_1
 .text.SaveData
                0x0000000000001c1c       0x30 ./User/inputs.o
 .text.fDinStateCallback
                0x0000000000001c4c       0x32 ./User/inputs.o
                0x0000000000001c4c                fDinStateCallback
 .text.vSetDoutState
                0x0000000000001c7e       0x28 ./User/inputs.o
                0x0000000000001c7e                vSetDoutState
 .text.getInputsTaskHandle
                0x0000000000001ca6        0xa ./User/inputs.o
                0x0000000000001ca6                getInputsTaskHandle
 .text.InputsNotifyTaskToInit
                0x0000000000001cb0       0x28 ./User/inputs.o
                0x0000000000001cb0                InputsNotifyTaskToInit
 .text.ADC1_Init
                0x0000000000001cd8       0x54 ./User/inputs.o
                0x0000000000001cd8                ADC1_Init
 .text.ADC_FSM  0x0000000000001d2c       0xfe ./User/inputs.o
                0x0000000000001d2c                ADC_FSM
 .text.GetAIN   0x0000000000001e2a        0xc ./User/inputs.o
                0x0000000000001e2a                GetAIN
 .text.vInputsTask
                0x0000000000001e36      0x2a0 ./User/inputs.o
                0x0000000000001e36                vInputsTask
 .text.SPI1_DMA_Callback
                0x00000000000020d6       0x38 ./User/led.o
                0x00000000000020d6                SPI1_DMA_Callback
 .text.SPI2_DMA_Callback
                0x000000000000210e       0x3e ./User/led.o
                0x000000000000210e                SPI2_DMA_Callback
 .text.SetBarState
                0x000000000000214c       0x50 ./User/led.o
                0x000000000000214c                SetBarState
 .text.SetRGB   0x000000000000219c       0x4e ./User/led.o
                0x000000000000219c                SetRGB
 .text.SetSegDirect
                0x00000000000021ea       0x9c ./User/led.o
                0x00000000000021ea                SetSegDirect
 .text.SetSegPoint
                0x0000000000002286       0x22 ./User/led.o
                0x0000000000002286                SetSegPoint
 .text.SetSEG   0x00000000000022a8      0x120 ./User/led.o
                0x00000000000022a8                SetSEG
 .text.SetBigSeg
                0x00000000000023c8       0x14 ./User/led.o
                0x00000000000023c8                SetBigSeg
 .text.vSetBrigth
                0x00000000000023dc       0x2a ./User/led.o
                0x00000000000023dc                vSetBrigth
 .text.vLedDriverStart
                0x0000000000002406       0x62 ./User/led.o
                0x0000000000002406                vLedDriverStart
 .text.vLedProcess
                0x0000000000002468       0x24 ./User/led.o
                0x0000000000002468                vLedProcess
 .text.vRGBProcess
                0x000000000000248c       0xe8 ./User/led.o
                0x000000000000248c                vRGBProcess
 .text.startup.main
                0x0000000000002574       0x2e ./User/main.o
                0x0000000000002574                main
 .text.vRestartNode
                0x00000000000025a2        0x2 ./User/main.o
                0x00000000000025a2                vRestartNode
 .text.Error_Handler
                0x00000000000025a4        0x8 ./User/main.o
                0x00000000000025a4                Error_Handler
 .text.OD_writeRGBMAP
                0x00000000000025ac       0x30 ./User/process.o
 .text.OD_readRGBMAP
                0x00000000000025dc       0x22 ./User/process.o
 .text.OD_readDIN
                0x00000000000025fe       0x1c ./User/process.o
 .text.OD_writeMenuSetup
                0x000000000000261a       0x46 ./User/process.o
 .text.OD_writeBoardSettings
                0x0000000000002660       0x78 ./User/process.o
 .text.CO_getUint16
                0x00000000000026d8       0x10 ./User/process.o
 .text.OD_writeSEG
                0x00000000000026e8       0x44 ./User/process.o
 .text.OD_writeBAR
                0x000000000000272c       0x30 ./User/process.o
 .text.OD_writeRPMConfig
                0x000000000000275c       0x36 ./User/process.o
 .text.CO_getUint32
                0x0000000000002792       0x18 ./User/process.o
 .text.OD_writeMenuMap
                0x00000000000027aa       0x30 ./User/process.o
 .text.OD_writeV1_14
                0x00000000000027da       0x56 ./User/process.o
 .text.OD_writeDashParam
                0x0000000000002830       0x44 ./User/process.o
 .text.WriteRGB.isra.2
                0x0000000000002874       0x3a ./User/process.o
 .text.OD_writeRGB1
                0x00000000000028ae       0x14 ./User/process.o
 .text.OD_writeRGB2
                0x00000000000028c2       0x16 ./User/process.o
 .text.OD_writeRGB3
                0x00000000000028d8       0x16 ./User/process.o
 .text.OD_writeRGB4
                0x00000000000028ee       0x16 ./User/process.o
 .text.OD_writeRGB5
                0x0000000000002904       0x16 ./User/process.o
 .text.OD_writeRGB6
                0x000000000000291a       0x16 ./User/process.o
 .text.OD_writeRGB7
                0x0000000000002930       0x16 ./User/process.o
 .text.OD_writeRGB8
                0x0000000000002946       0x16 ./User/process.o
 .text.OD_writeRGB9
                0x000000000000295c       0x16 ./User/process.o
 .text.OD_writeRGB10
                0x0000000000002972       0x16 ./User/process.o
 .text.OD_writeRGB11
                0x0000000000002988       0x16 ./User/process.o
 .text.OD_writeRGB12
                0x000000000000299e       0x16 ./User/process.o
 .text.OD_writeRGB13
                0x00000000000029b4       0x16 ./User/process.o
 .text.OD_readBoardSettings
                0x00000000000029ca       0x2c ./User/process.o
 .text.readADC.isra.6
                0x00000000000029f6       0x84 ./User/process.o
 .text.OD_readADC1
                0x0000000000002a7a       0x10 ./User/process.o
 .text.OD_readADC2
                0x0000000000002a8a       0x10 ./User/process.o
 .text.OD_readADC3
                0x0000000000002a9a       0x10 ./User/process.o
 .text.OD_readMenuSetup
                0x0000000000002aaa       0x30 ./User/process.o
 .text.writeADC.isra.9
                0x0000000000002ada       0xde ./User/process.o
 .text.OD_writeADC1
                0x0000000000002bb8       0x10 ./User/process.o
 .text.OD_writeADC2
                0x0000000000002bc8       0x10 ./User/process.o
 .text.OD_writeADC3
                0x0000000000002bd8       0x10 ./User/process.o
 .text.OD_readRGB.isra.5
                0x0000000000002be8       0x22 ./User/process.o
 .text.OD_readRGB1
                0x0000000000002c0a       0x10 ./User/process.o
 .text.OD_readRGB2
                0x0000000000002c1a       0x12 ./User/process.o
 .text.OD_readRGB3
                0x0000000000002c2c       0x12 ./User/process.o
 .text.OD_readRGB4
                0x0000000000002c3e       0x12 ./User/process.o
 .text.OD_readRGB5
                0x0000000000002c50       0x12 ./User/process.o
 .text.OD_readRGB6
                0x0000000000002c62       0x12 ./User/process.o
 .text.OD_readRGB7
                0x0000000000002c74       0x12 ./User/process.o
 .text.OD_readRGB8
                0x0000000000002c86       0x12 ./User/process.o
 .text.OD_readRGB9
                0x0000000000002c98       0x12 ./User/process.o
 .text.OD_readRGB10
                0x0000000000002caa       0x12 ./User/process.o
 .text.OD_readRGB11
                0x0000000000002cbc       0x12 ./User/process.o
 .text.OD_readRGB12
                0x0000000000002cce       0x12 ./User/process.o
 .text.OD_readRGB13
                0x0000000000002ce0       0x12 ./User/process.o
 .text.OD_readAIN_RPM
                0x0000000000002cf2       0x26 ./User/process.o
 .text.OD_readMenuMap
                0x0000000000002d18       0x2c ./User/process.o
 .text.OD_readRPMConfig
                0x0000000000002d44       0x2a ./User/process.o
 .text.OD_readBar
                0x0000000000002d6e       0x28 ./User/process.o
 .text.OD_readDashParam
                0x0000000000002d96       0x4c ./User/process.o
 .text.OD_readSEG
                0x0000000000002de2       0x34 ./User/process.o
 .text.vProceesInit
                0x0000000000002e16      0x1ba ./User/process.o
                0x0000000000002e16                vProceesInit
 .text.SystemInit
                0x0000000000002fd0       0xee ./User/system_ch32v20x.o
                0x0000000000002fd0                SystemInit
 .text.SystemCoreClockUpdate
                0x00000000000030be       0x92 ./User/system_ch32v20x.o
                0x00000000000030be                SystemCoreClockUpdate
 .text.StartDefaultTask
                0x0000000000003150       0x96 ./User/system_init.o
 .text.vApplicationGetIdleTaskMemory
                0x00000000000031e6       0x1c ./User/system_init.o
                0x00000000000031e6                vApplicationGetIdleTaskMemory
 .text.vApplicationGetTimerTaskMemory
                0x0000000000003202       0x1c ./User/system_init.o
                0x0000000000003202                vApplicationGetTimerTaskMemory
 .text.vSYStaskInit
                0x000000000000321e      0x110 ./User/system_init.o
                0x000000000000321e                vSYStaskInit
 .text.vSYSqueueInit
                0x000000000000332e       0x2a ./User/system_init.o
                0x000000000000332e                vSYSqueueInit
 .text.vector_handler
                0x0000000000003358       0x6c ./Startup/startup_ch32v20x_D6.o
                0x000000000000335c                Ecall_M_Mode_Handler
                0x000000000000335e                Ecall_U_Mode_Handler
                0x0000000000003360                Break_Point_Handler
                0x0000000000003366                WWDG_IRQHandler
                0x0000000000003368                PVD_IRQHandler
                0x000000000000336a                TAMPER_IRQHandler
                0x000000000000336e                FLASH_IRQHandler
                0x0000000000003370                RCC_IRQHandler
                0x0000000000003372                EXTI0_IRQHandler
                0x0000000000003374                EXTI1_IRQHandler
                0x0000000000003376                EXTI2_IRQHandler
                0x0000000000003378                EXTI3_IRQHandler
                0x000000000000337a                EXTI4_IRQHandler
                0x000000000000337e                DMA1_Channel2_IRQHandler
                0x0000000000003386                DMA1_Channel6_IRQHandler
                0x0000000000003394                EXTI9_5_IRQHandler
                0x0000000000003396                TIM1_BRK_IRQHandler
                0x000000000000339a                TIM1_TRG_COM_IRQHandler
                0x00000000000033ac                SPI1_IRQHandler
                0x00000000000033ae                SPI2_IRQHandler
                0x00000000000033b0                USART1_IRQHandler
                0x00000000000033b2                USART2_IRQHandler
                0x00000000000033b4                USART3_IRQHandler
                0x00000000000033b6                EXTI15_10_IRQHandler
                0x00000000000033b8                RTCAlarm_IRQHandler
                0x00000000000033ba                USBWakeUp_IRQHandler
                0x00000000000033bc                USBHD_IRQHandler
                0x00000000000033be                USBHDWakeUp_IRQHandler
                0x00000000000033c0                UART4_IRQHandler
                0x00000000000033c2                DMA1_Channel8_IRQHandler
 .text.handle_reset
                0x00000000000033c4       0x92 ./Startup/startup_ch32v20x_D6.o
                0x00000000000033c4                handle_reset
 .text.ADC_DeInit
                0x0000000000003456       0x46 ./Peripheral/src/ch32v20x_adc.o
                0x0000000000003456                ADC_DeInit
 .text.ADC_Init
                0x000000000000349c       0x56 ./Peripheral/src/ch32v20x_adc.o
                0x000000000000349c                ADC_Init
 .text.ADC_Cmd  0x00000000000034f2       0x10 ./Peripheral/src/ch32v20x_adc.o
                0x00000000000034f2                ADC_Cmd
 .text.ADC_DMACmd
                0x0000000000003502       0x12 ./Peripheral/src/ch32v20x_adc.o
                0x0000000000003502                ADC_DMACmd
 .text.ADC_ResetCalibration
                0x0000000000003514        0xa ./Peripheral/src/ch32v20x_adc.o
                0x0000000000003514                ADC_ResetCalibration
 .text.ADC_GetResetCalibrationStatus
                0x000000000000351e        0x8 ./Peripheral/src/ch32v20x_adc.o
                0x000000000000351e                ADC_GetResetCalibrationStatus
 .text.ADC_StartCalibration
                0x0000000000003526        0xa ./Peripheral/src/ch32v20x_adc.o
                0x0000000000003526                ADC_StartCalibration
 .text.ADC_GetCalibrationStatus
                0x0000000000003530        0x8 ./Peripheral/src/ch32v20x_adc.o
                0x0000000000003530                ADC_GetCalibrationStatus
 .text.ADC_SoftwareStartConvCmd
                0x0000000000003538       0x18 ./Peripheral/src/ch32v20x_adc.o
                0x0000000000003538                ADC_SoftwareStartConvCmd
 .text.ADC_RegularChannelConfig
                0x0000000000003550       0xb8 ./Peripheral/src/ch32v20x_adc.o
                0x0000000000003550                ADC_RegularChannelConfig
 .text.ADC_ExternalTrigConvCmd
                0x0000000000003608       0x18 ./Peripheral/src/ch32v20x_adc.o
                0x0000000000003608                ADC_ExternalTrigConvCmd
 .text.ADC_GetITStatus
                0x0000000000003620       0x1c ./Peripheral/src/ch32v20x_adc.o
                0x0000000000003620                ADC_GetITStatus
 .text.ADC_ClearITPendingBit
                0x000000000000363c        0xa ./Peripheral/src/ch32v20x_adc.o
                0x000000000000363c                ADC_ClearITPendingBit
 .text.ADC_BufferCmd
                0x0000000000003646       0x18 ./Peripheral/src/ch32v20x_adc.o
                0x0000000000003646                ADC_BufferCmd
 .text.Get_CalibrationValue
                0x000000000000365e      0x1fe ./Peripheral/src/ch32v20x_adc.o
                0x000000000000365e                Get_CalibrationValue
 .text.BKP_DeInit
                0x000000000000385c       0x14 ./Peripheral/src/ch32v20x_bkp.o
                0x000000000000385c                BKP_DeInit
 .text.CAN_Init
                0x0000000000003870       0xe8 ./Peripheral/src/ch32v20x_can.o
                0x0000000000003870                CAN_Init
 .text.CAN_FilterInit
                0x0000000000003958      0x118 ./Peripheral/src/ch32v20x_can.o
                0x0000000000003958                CAN_FilterInit
 .text.CAN_Transmit
                0x0000000000003a70       0xbc ./Peripheral/src/ch32v20x_can.o
                0x0000000000003a70                CAN_Transmit
 .text.CAN_OperatingModeRequest
                0x0000000000003b2c       0x72 ./Peripheral/src/ch32v20x_can.o
                0x0000000000003b2c                CAN_OperatingModeRequest
 .text.CAN_ITConfig
                0x0000000000003b9e       0x12 ./Peripheral/src/ch32v20x_can.o
                0x0000000000003b9e                CAN_ITConfig
 .text.CAN_GetFlagStatus
                0x0000000000003bb0       0x56 ./Peripheral/src/ch32v20x_can.o
                0x0000000000003bb0                CAN_GetFlagStatus
 .text.CAN_ClearFlag
                0x0000000000003c06       0x40 ./Peripheral/src/ch32v20x_can.o
                0x0000000000003c06                CAN_ClearFlag
 .text.CAN_ClearITPendingBit
                0x0000000000003c46       0x94 ./Peripheral/src/ch32v20x_can.o
                0x0000000000003c46                CAN_ClearITPendingBit
 .text.DMA_Init
                0x0000000000003cda       0x38 ./Peripheral/src/ch32v20x_dma.o
                0x0000000000003cda                DMA_Init
 .text.DMA_Cmd  0x0000000000003d12       0x14 ./Peripheral/src/ch32v20x_dma.o
                0x0000000000003d12                DMA_Cmd
 .text.DMA_ITConfig
                0x0000000000003d26       0x12 ./Peripheral/src/ch32v20x_dma.o
                0x0000000000003d26                DMA_ITConfig
 .text.DMA_SetCurrDataCounter
                0x0000000000003d38        0x4 ./Peripheral/src/ch32v20x_dma.o
                0x0000000000003d38                DMA_SetCurrDataCounter
 .text.DMA_GetFlagStatus
                0x0000000000003d3c        0xe ./Peripheral/src/ch32v20x_dma.o
                0x0000000000003d3c                DMA_GetFlagStatus
 .text.DMA_GetITStatus
                0x0000000000003d4a        0xc ./Peripheral/src/ch32v20x_dma.o
                0x0000000000003d4a                DMA_GetITStatus
 .text.DMA_ClearITPendingBit
                0x0000000000003d56        0x8 ./Peripheral/src/ch32v20x_dma.o
                0x0000000000003d56                DMA_ClearITPendingBit
 .text.GPIO_Init
                0x0000000000003d5e       0xfa ./Peripheral/src/ch32v20x_gpio.o
                0x0000000000003d5e                GPIO_Init
 .text.GPIO_ReadInputDataBit
                0x0000000000003e58       0x1e ./Peripheral/src/ch32v20x_gpio.o
                0x0000000000003e58                GPIO_ReadInputDataBit
 .text.GPIO_SetBits
                0x0000000000003e76       0x18 ./Peripheral/src/ch32v20x_gpio.o
                0x0000000000003e76                GPIO_SetBits
 .text.GPIO_ResetBits
                0x0000000000003e8e       0x18 ./Peripheral/src/ch32v20x_gpio.o
                0x0000000000003e8e                GPIO_ResetBits
 .text.GPIO_PinRemapConfig
                0x0000000000003ea6       0xf2 ./Peripheral/src/ch32v20x_gpio.o
                0x0000000000003ea6                GPIO_PinRemapConfig
 .text.I2C_Init
                0x0000000000003f98       0xf2 ./Peripheral/src/ch32v20x_i2c.o
                0x0000000000003f98                I2C_Init
 .text.I2C_Cmd  0x000000000000408a       0x18 ./Peripheral/src/ch32v20x_i2c.o
                0x000000000000408a                I2C_Cmd
 .text.I2C_GenerateSTART
                0x00000000000040a2       0x1a ./Peripheral/src/ch32v20x_i2c.o
                0x00000000000040a2                I2C_GenerateSTART
 .text.I2C_GenerateSTOP
                0x00000000000040bc       0x1a ./Peripheral/src/ch32v20x_i2c.o
                0x00000000000040bc                I2C_GenerateSTOP
 .text.I2C_AcknowledgeConfig
                0x00000000000040d6       0x1a ./Peripheral/src/ch32v20x_i2c.o
                0x00000000000040d6                I2C_AcknowledgeConfig
 .text.I2C_DualAddressCmd
                0x00000000000040f0       0x18 ./Peripheral/src/ch32v20x_i2c.o
                0x00000000000040f0                I2C_DualAddressCmd
 .text.I2C_ITConfig
                0x0000000000004108       0x12 ./Peripheral/src/ch32v20x_i2c.o
                0x0000000000004108                I2C_ITConfig
 .text.I2C_SendData
                0x000000000000411a        0x4 ./Peripheral/src/ch32v20x_i2c.o
                0x000000000000411a                I2C_SendData
 .text.I2C_ReceiveData
                0x000000000000411e        0x8 ./Peripheral/src/ch32v20x_i2c.o
                0x000000000000411e                I2C_ReceiveData
 .text.I2C_Send7bitAddress
                0x0000000000004126       0x12 ./Peripheral/src/ch32v20x_i2c.o
                0x0000000000004126                I2C_Send7bitAddress
 .text.I2C_ReadRegister
                0x0000000000004138       0x14 ./Peripheral/src/ch32v20x_i2c.o
                0x0000000000004138                I2C_ReadRegister
 .text.I2C_GetFlagStatus
                0x000000000000414c       0x32 ./Peripheral/src/ch32v20x_i2c.o
                0x000000000000414c                I2C_GetFlagStatus
 .text.I2C_ClearFlag
                0x000000000000417e        0xc ./Peripheral/src/ch32v20x_i2c.o
                0x000000000000417e                I2C_ClearFlag
 .text.NVIC_PriorityGroupConfig
                0x000000000000418a        0xa ./Peripheral/src/ch32v20x_misc.o
                0x000000000000418a                NVIC_PriorityGroupConfig
 .text.NVIC_Init
                0x0000000000004194       0xaa ./Peripheral/src/ch32v20x_misc.o
                0x0000000000004194                NVIC_Init
 .text.PWR_BackupAccessCmd
                0x000000000000423e       0x16 ./Peripheral/src/ch32v20x_pwr.o
                0x000000000000423e                PWR_BackupAccessCmd
 .text.RCC_ADCCLKConfig
                0x0000000000004254       0x12 ./Peripheral/src/ch32v20x_rcc.o
                0x0000000000004254                RCC_ADCCLKConfig
 .text.RCC_LSEConfig
                0x0000000000004266       0x28 ./Peripheral/src/ch32v20x_rcc.o
                0x0000000000004266                RCC_LSEConfig
 .text.RCC_RTCCLKConfig
                0x000000000000428e        0xc ./Peripheral/src/ch32v20x_rcc.o
                0x000000000000428e                RCC_RTCCLKConfig
 .text.RCC_RTCCLKCmd
                0x000000000000429a       0x20 ./Peripheral/src/ch32v20x_rcc.o
                0x000000000000429a                RCC_RTCCLKCmd
 .text.RCC_GetClocksFreq
                0x00000000000042ba       0xbe ./Peripheral/src/ch32v20x_rcc.o
                0x00000000000042ba                RCC_GetClocksFreq
 .text.RCC_AHBPeriphClockCmd
                0x0000000000004378       0x1e ./Peripheral/src/ch32v20x_rcc.o
                0x0000000000004378                RCC_AHBPeriphClockCmd
 .text.RCC_APB2PeriphClockCmd
                0x0000000000004396       0x1e ./Peripheral/src/ch32v20x_rcc.o
                0x0000000000004396                RCC_APB2PeriphClockCmd
 .text.RCC_APB1PeriphClockCmd
                0x00000000000043b4       0x1e ./Peripheral/src/ch32v20x_rcc.o
                0x00000000000043b4                RCC_APB1PeriphClockCmd
 .text.RCC_APB2PeriphResetCmd
                0x00000000000043d2       0x1e ./Peripheral/src/ch32v20x_rcc.o
                0x00000000000043d2                RCC_APB2PeriphResetCmd
 .text.RCC_APB1PeriphResetCmd
                0x00000000000043f0       0x1e ./Peripheral/src/ch32v20x_rcc.o
                0x00000000000043f0                RCC_APB1PeriphResetCmd
 .text.RCC_BackupResetCmd
                0x000000000000440e       0x20 ./Peripheral/src/ch32v20x_rcc.o
                0x000000000000440e                RCC_BackupResetCmd
 .text.RCC_GetFlagStatus
                0x000000000000442e       0x2e ./Peripheral/src/ch32v20x_rcc.o
                0x000000000000442e                RCC_GetFlagStatus
 .text.RTC_ITConfig
                0x000000000000445c       0x1a ./Peripheral/src/ch32v20x_rtc.o
                0x000000000000445c                RTC_ITConfig
 .text.RTC_EnterConfigMode
                0x0000000000004476       0x12 ./Peripheral/src/ch32v20x_rtc.o
                0x0000000000004476                RTC_EnterConfigMode
 .text.RTC_ExitConfigMode
                0x0000000000004488       0x18 ./Peripheral/src/ch32v20x_rtc.o
                0x0000000000004488                RTC_ExitConfigMode
 .text.RTC_SetPrescaler
                0x00000000000044a0       0x2e ./Peripheral/src/ch32v20x_rtc.o
                0x00000000000044a0                RTC_SetPrescaler
 .text.RTC_WaitForLastTask
                0x00000000000044ce       0x10 ./Peripheral/src/ch32v20x_rtc.o
                0x00000000000044ce                RTC_WaitForLastTask
 .text.RTC_WaitForSynchro
                0x00000000000044de       0x24 ./Peripheral/src/ch32v20x_rtc.o
                0x00000000000044de                RTC_WaitForSynchro
 .text.RTC_ClearFlag
                0x0000000000004502       0x14 ./Peripheral/src/ch32v20x_rtc.o
                0x0000000000004502                RTC_ClearFlag
 .text.RTC_GetITStatus
                0x0000000000004516       0x20 ./Peripheral/src/ch32v20x_rtc.o
                0x0000000000004516                RTC_GetITStatus
 .text.RTC_ClearITPendingBit
                0x0000000000004536        0xc ./Peripheral/src/ch32v20x_rtc.o
                0x0000000000004536                RTC_ClearITPendingBit
 .text.SPI_Init
                0x0000000000004542       0x3e ./Peripheral/src/ch32v20x_spi.o
                0x0000000000004542                SPI_Init
 .text.SPI_Cmd  0x0000000000004580       0x1a ./Peripheral/src/ch32v20x_spi.o
                0x0000000000004580                SPI_Cmd
 .text.SPI_I2S_DMACmd
                0x000000000000459a       0x12 ./Peripheral/src/ch32v20x_spi.o
                0x000000000000459a                SPI_I2S_DMACmd
 .text.SPI_I2S_GetFlagStatus
                0x00000000000045ac        0xa ./Peripheral/src/ch32v20x_spi.o
                0x00000000000045ac                SPI_I2S_GetFlagStatus
 .text.TI1_Config
                0x00000000000045b6       0x6a ./Peripheral/src/ch32v20x_tim.o
 .text.TI2_Config
                0x0000000000004620       0x82 ./Peripheral/src/ch32v20x_tim.o
 .text.TIM_DeInit
                0x00000000000046a2       0x8a ./Peripheral/src/ch32v20x_tim.o
                0x00000000000046a2                TIM_DeInit
 .text.TIM_TimeBaseInit
                0x000000000000472c       0x6a ./Peripheral/src/ch32v20x_tim.o
                0x000000000000472c                TIM_TimeBaseInit
 .text.TIM_OC1Init
                0x0000000000004796       0x6a ./Peripheral/src/ch32v20x_tim.o
                0x0000000000004796                TIM_OC1Init
 .text.TIM_OC2Init
                0x0000000000004800       0x96 ./Peripheral/src/ch32v20x_tim.o
                0x0000000000004800                TIM_OC2Init
 .text.TIM_OC3Init
                0x0000000000004896       0x94 ./Peripheral/src/ch32v20x_tim.o
                0x0000000000004896                TIM_OC3Init
 .text.TIM_OC4Init
                0x000000000000492a       0x6c ./Peripheral/src/ch32v20x_tim.o
                0x000000000000492a                TIM_OC4Init
 .text.TIM_TimeBaseStructInit
                0x0000000000004996       0x16 ./Peripheral/src/ch32v20x_tim.o
                0x0000000000004996                TIM_TimeBaseStructInit
 .text.TIM_Cmd  0x00000000000049ac       0x18 ./Peripheral/src/ch32v20x_tim.o
                0x00000000000049ac                TIM_Cmd
 .text.TIM_CtrlPWMOutputs
                0x00000000000049c4       0x16 ./Peripheral/src/ch32v20x_tim.o
                0x00000000000049c4                TIM_CtrlPWMOutputs
 .text.TIM_ITConfig
                0x00000000000049da       0x12 ./Peripheral/src/ch32v20x_tim.o
                0x00000000000049da                TIM_ITConfig
 .text.TIM_DMACmd
                0x00000000000049ec        0xc ./Peripheral/src/ch32v20x_tim.o
                0x00000000000049ec                TIM_DMACmd
 .text.TIM_InternalClockConfig
                0x00000000000049f8       0x10 ./Peripheral/src/ch32v20x_tim.o
                0x00000000000049f8                TIM_InternalClockConfig
 .text.TIM_ARRPreloadConfig
                0x0000000000004a08       0x1a ./Peripheral/src/ch32v20x_tim.o
                0x0000000000004a08                TIM_ARRPreloadConfig
 .text.TIM_OC1PreloadConfig
                0x0000000000004a22        0xe ./Peripheral/src/ch32v20x_tim.o
                0x0000000000004a22                TIM_OC1PreloadConfig
 .text.TIM_OC2PreloadConfig
                0x0000000000004a30       0x16 ./Peripheral/src/ch32v20x_tim.o
                0x0000000000004a30                TIM_OC2PreloadConfig
 .text.TIM_OC3PreloadConfig
                0x0000000000004a46        0xe ./Peripheral/src/ch32v20x_tim.o
                0x0000000000004a46                TIM_OC3PreloadConfig
 .text.TIM_OC4PreloadConfig
                0x0000000000004a54       0x16 ./Peripheral/src/ch32v20x_tim.o
                0x0000000000004a54                TIM_OC4PreloadConfig
 .text.TIM_SetIC1Prescaler
                0x0000000000004a6a       0x16 ./Peripheral/src/ch32v20x_tim.o
                0x0000000000004a6a                TIM_SetIC1Prescaler
 .text.TIM_SetIC2Prescaler
                0x0000000000004a80       0x1a ./Peripheral/src/ch32v20x_tim.o
                0x0000000000004a80                TIM_SetIC2Prescaler
 .text.TIM_SetIC3Prescaler
                0x0000000000004a9a       0x16 ./Peripheral/src/ch32v20x_tim.o
                0x0000000000004a9a                TIM_SetIC3Prescaler
 .text.TIM_SetIC4Prescaler
                0x0000000000004ab0       0x1a ./Peripheral/src/ch32v20x_tim.o
                0x0000000000004ab0                TIM_SetIC4Prescaler
 .text.TIM_ICInit
                0x0000000000004aca      0x168 ./Peripheral/src/ch32v20x_tim.o
                0x0000000000004aca                TIM_ICInit
 .text.TIM_GetCapture3
                0x0000000000004c32        0x4 ./Peripheral/src/ch32v20x_tim.o
                0x0000000000004c32                TIM_GetCapture3
 .text.TIM_GetCapture4
                0x0000000000004c36        0x6 ./Peripheral/src/ch32v20x_tim.o
                0x0000000000004c36                TIM_GetCapture4
 .text.TIM_GetFlagStatus
                0x0000000000004c3c        0xa ./Peripheral/src/ch32v20x_tim.o
                0x0000000000004c3c                TIM_GetFlagStatus
 .text.TIM_ClearFlag
                0x0000000000004c46        0xc ./Peripheral/src/ch32v20x_tim.o
                0x0000000000004c46                TIM_ClearFlag
 .text.TIM_GetITStatus
                0x0000000000004c52       0x18 ./Peripheral/src/ch32v20x_tim.o
                0x0000000000004c52                TIM_GetITStatus
 .text.TIM_ClearITPendingBit
                0x0000000000004c6a        0xc ./Peripheral/src/ch32v20x_tim.o
                0x0000000000004c6a                TIM_ClearITPendingBit
 .text.USART_Init
                0x0000000000004c76       0xbc ./Peripheral/src/ch32v20x_usart.o
                0x0000000000004c76                USART_Init
 .text.USART_Cmd
                0x0000000000004d32       0x16 ./Peripheral/src/ch32v20x_usart.o
                0x0000000000004d32                USART_Cmd
 .text.USART_SendData
                0x0000000000004d48        0x8 ./Peripheral/src/ch32v20x_usart.o
                0x0000000000004d48                USART_SendData
 .text.USART_GetFlagStatus
                0x0000000000004d50        0xa ./Peripheral/src/ch32v20x_usart.o
                0x0000000000004d50                USART_GetFlagStatus
 .text.vAINInit
                0x0000000000004d5a       0x36 ./HWLIB/hw_lib_adc.o
                0x0000000000004d5a                vAINInit
 .text.fGetAinCalData
                0x0000000000004d90       0xa4 ./HWLIB/hw_lib_adc.o
                0x0000000000004d90                fGetAinCalData
 .text.eAinCalDataConfig
                0x0000000000004e34       0x48 ./HWLIB/hw_lib_adc.o
                0x0000000000004e34                eAinCalDataConfig
 .text.vABLineKoofFinde
                0x0000000000004e7c       0x6a ./HWLIB/hw_lib_adc.o
                0x0000000000004e7c                vABLineKoofFinde
 .text.eSetAinCalPoint
                0x0000000000004ee6       0x64 ./HWLIB/hw_lib_adc.o
                0x0000000000004ee6                eSetAinCalPoint
 .text.getADC1Buffer
                0x0000000000004f4a        0xa ./HWLIB/hw_lib_adc.o
                0x0000000000004f4a                getADC1Buffer
 .text.eDOUTConfigWtihStruct
                0x0000000000004f54       0x1a ./HWLIB/hw_lib_din.o
                0x0000000000004f54                eDOUTConfigWtihStruct
 .text.eDinConfigWtihStruct
                0x0000000000004f6e       0x34 ./HWLIB/hw_lib_din.o
                0x0000000000004f6e                eDinConfigWtihStruct
 .text.uGetDIN  0x0000000000004fa2       0x14 ./HWLIB/hw_lib_din.o
                0x0000000000004fa2                uGetDIN
 .text.eRPMConfig
                0x0000000000004fb6       0x5a ./HWLIB/hw_lib_din.o
                0x0000000000004fb6                eRPMConfig
 .text.RMPDataConvert
                0x0000000000005010       0x78 ./HWLIB/hw_lib_din.o
                0x0000000000005010                RMPDataConvert
 .text.getCaputreBuffer
                0x0000000000005088       0x16 ./HWLIB/hw_lib_din.o
                0x0000000000005088                getCaputreBuffer
 .text.GetRPM   0x000000000000509e       0x74 ./HWLIB/hw_lib_din.o
                0x000000000000509e                GetRPM
 .text.xGetRPM  0x0000000000005112       0x72 ./HWLIB/hw_lib_din.o
                0x0000000000005112                xGetRPM
 .text.vDinDoutProcess
                0x0000000000005184       0x98 ./HWLIB/hw_lib_din.o
                0x0000000000005184                vDinDoutProcess
 .text.xGetEEPROM
                0x000000000000521c        0xa ./HWLIB/hw_lib_eeprom.o
                0x000000000000521c                xGetEEPROM
 .text.eEEPROMWr
                0x0000000000005226       0xae ./HWLIB/hw_lib_eeprom.o
                0x0000000000005226                eEEPROMWr
 .text.eEEPROMRd
                0x00000000000052d4       0x34 ./HWLIB/hw_lib_eeprom.o
                0x00000000000052d4                eEEPROMRd
 .text.bReadEEPROM
                0x0000000000005308       0x1a ./HWLIB/hw_lib_eeprom.o
                0x0000000000005308                bReadEEPROM
 .text.Get_ConversionVal
                0x0000000000005322       0x2e ./HAL/hal_adc.o
                0x0000000000005322                Get_ConversionVal
 .text.HAL_ADC_CommonConfig
                0x0000000000005350        0xe ./HAL/hal_adc.o
                0x0000000000005350                HAL_ADC_CommonConfig
 .text.HAL_ADC_ContiniusScanCinvertionDMA
                0x000000000000535e       0xda ./HAL/hal_adc.o
                0x000000000000535e                HAL_ADC_ContiniusScanCinvertionDMA
 .text.ADC1_2_IRQHandler
                0x0000000000005438       0x74 ./HAL/hal_adc.o
                0x0000000000005438                ADC1_2_IRQHandler
 .text.HAL_CANSetTXCallback
                0x00000000000054ac        0xa ./HAL/hal_can.o
                0x00000000000054ac                HAL_CANSetTXCallback
 .text.HAL_CANSetRXCallback
                0x00000000000054b6        0xa ./HAL/hal_can.o
                0x00000000000054b6                HAL_CANSetRXCallback
 .text.HAL_CANSetERRCallback
                0x00000000000054c0        0xa ./HAL/hal_can.o
                0x00000000000054c0                HAL_CANSetERRCallback
 .text.HAL_CANIntIT
                0x00000000000054ca      0x108 ./HAL/hal_can.o
                0x00000000000054ca                HAL_CANIntIT
 .text.HAL_CANToInitMode
                0x00000000000055d2       0x16 ./HAL/hal_can.o
                0x00000000000055d2                HAL_CANToInitMode
 .text.HAL_CANToOperatingMode
                0x00000000000055e8       0x16 ./HAL/hal_can.o
                0x00000000000055e8                HAL_CANToOperatingMode
 .text.HAL_CANSend
                0x00000000000055fe       0x50 ./HAL/hal_can.o
                0x00000000000055fe                HAL_CANSend
 .text.HAL_CANSetFiters
                0x000000000000564e       0x3a ./HAL/hal_can.o
                0x000000000000564e                HAL_CANSetFiters
 .text.HAL_CANGetRXMessage
                0x0000000000005688       0x96 ./HAL/hal_can.o
                0x0000000000005688                HAL_CANGetRXMessage
 .text.USB_HP_CAN1_TX_IRQHandler
                0x000000000000571e       0xd6 ./HAL/hal_can.o
                0x000000000000571e                USB_HP_CAN1_TX_IRQHandler
 .text.USB_LP_CAN1_RX0_IRQHandler
                0x00000000000057f4       0x62 ./HAL/hal_can.o
                0x00000000000057f4                USB_LP_CAN1_RX0_IRQHandler
 .text.CAN1_RX1_IRQHandler
                0x0000000000005856       0x64 ./HAL/hal_can.o
                0x0000000000005856                CAN1_RX1_IRQHandler
 .text.CAN1_SCE_IRQHandler
                0x00000000000058ba       0x62 ./HAL/hal_can.o
                0x00000000000058ba                CAN1_SCE_IRQHandler
 .text.HAL_DMA_Disable
                0x000000000000591c        0xc ./HAL/hal_dma.o
                0x000000000000591c                HAL_DMA_Disable
 .text.HAL_DMA_SetCouterAndEnable
                0x0000000000005928        0xc ./HAL/hal_dma.o
                0x0000000000005928                HAL_DMA_SetCouterAndEnable
 .text.HAL_DMAInitIT
                0x0000000000005934      0x128 ./HAL/hal_dma.o
                0x0000000000005934                HAL_DMAInitIT
 .text.HAL_ADC_StartDMA
                0x0000000000005a5c       0x60 ./HAL/hal_dma.o
                0x0000000000005a5c                HAL_ADC_StartDMA
 .text.DMA1_Channel1_IRQHandler
                0x0000000000005abc       0x64 ./HAL/hal_dma.o
                0x0000000000005abc                DMA1_Channel1_IRQHandler
 .text.DMA1_Channel3_IRQHandler
                0x0000000000005b20       0x68 ./HAL/hal_dma.o
                0x0000000000005b20                DMA1_Channel3_IRQHandler
 .text.DMA1_Channel5_IRQHandler
                0x0000000000005b88       0x66 ./HAL/hal_dma.o
                0x0000000000005b88                DMA1_Channel5_IRQHandler
 .text.DMA1_Channel4_IRQHandler
                0x0000000000005bee       0x64 ./HAL/hal_dma.o
                0x0000000000005bee                DMA1_Channel4_IRQHandler
 .text.DMA1_Channel7_IRQHandler
                0x0000000000005c52       0x68 ./HAL/hal_dma.o
                0x0000000000005c52                DMA1_Channel7_IRQHandler
 .text.HAL_InitRCC
                0x0000000000005cba       0x48 ./HAL/hal_gpio.o
 .text.HAL_InitGpioOut
                0x0000000000005d02       0x28 ./HAL/hal_gpio.o
                0x0000000000005d02                HAL_InitGpioOut
 .text.HAL_InitGpioAIN
                0x0000000000005d2a       0x26 ./HAL/hal_gpio.o
                0x0000000000005d2a                HAL_InitGpioAIN
 .text.HAL_InitGpioIn
                0x0000000000005d50       0x28 ./HAL/hal_gpio.o
                0x0000000000005d50                HAL_InitGpioIn
 .text.HAL_InitGpioAF
                0x0000000000005d78       0x3c ./HAL/hal_gpio.o
                0x0000000000005d78                HAL_InitGpioAF
 .text.HAL_GetBit
                0x0000000000005db4        0xc ./HAL/hal_gpio.o
                0x0000000000005db4                HAL_GetBit
 .text.HAL_SetBit
                0x0000000000005dc0        0xc ./HAL/hal_gpio.o
                0x0000000000005dc0                HAL_SetBit
 .text.HAL_ResetBit
                0x0000000000005dcc        0xc ./HAL/hal_gpio.o
                0x0000000000005dcc                HAL_ResetBit
 .text.I2C_Master_TransmitIT
                0x0000000000005dd8       0xa0 ./HAL/hal_i2c.o
 .text.I2C_Master_ReviceIT
                0x0000000000005e78       0x9e ./HAL/hal_i2c.o
 .text.I2C_FSM  0x0000000000005f16      0x1d6 ./HAL/hal_i2c.o
 .text.InitI2CDMA
                0x00000000000060ec      0x102 ./HAL/hal_i2c.o
                0x00000000000060ec                InitI2CDMA
 .text.I2C1_EV_IRQHandler
                0x00000000000061ee       0x4c ./HAL/hal_i2c.o
                0x00000000000061ee                I2C1_EV_IRQHandler
 .text.I2C1_ER_IRQHandler
                0x000000000000623a       0x4c ./HAL/hal_i2c.o
                0x000000000000623a                I2C1_ER_IRQHandler
 .text.I2C2_EV_IRQHandler
                0x0000000000006286       0x4c ./HAL/hal_i2c.o
                0x0000000000006286                I2C2_EV_IRQHandler
 .text.I2C2_ER_IRQHandler
                0x00000000000062d2       0x4c ./HAL/hal_i2c.o
                0x00000000000062d2                I2C2_ER_IRQHandler
 .text.HAL_RTC_IT_Init
                0x000000000000631e       0xb0 ./HAL/hal_rtc.o
                0x000000000000631e                HAL_RTC_IT_Init
 .text.RTC_IRQHandler
                0x00000000000063ce       0x68 ./HAL/hal_rtc.o
                0x00000000000063ce                RTC_IRQHandler
 .text.HAL_SPI_InitDMA
                0x0000000000006436       0x92 ./HAL/hal_spi.o
                0x0000000000006436                HAL_SPI_InitDMA
 .text.HAL_SPI_RXOveleyClear
                0x00000000000064c8        0x8 ./HAL/hal_spi.o
                0x00000000000064c8                HAL_SPI_RXOveleyClear
 .text.HAL_SPI_GetBusy
                0x00000000000064d0       0x16 ./HAL/hal_spi.o
                0x00000000000064d0                HAL_SPI_GetBusy
 .text.vTimerInitRCC
                0x00000000000064e6       0x3e ./HAL/hal_timers.o
 .text.TIM1_CC_IRQHandler
                0x0000000000006524       0xea ./HAL/hal_timers.o
                0x0000000000006524                TIM1_CC_IRQHandler
 .text.TIM1_UP_IRQHandler
                0x000000000000660e       0x74 ./HAL/hal_timers.o
                0x000000000000660e                TIM1_UP_IRQHandler
 .text.TIM4_IRQHandler
                0x0000000000006682       0x74 ./HAL/hal_timers.o
                0x0000000000006682                TIM4_IRQHandler
 .text.TIM3_IRQHandler
                0x00000000000066f6       0x74 ./HAL/hal_timers.o
                0x00000000000066f6                TIM3_IRQHandler
 .text.TIM2_IRQHandler
                0x000000000000676a       0x6c ./HAL/hal_timers.o
                0x000000000000676a                TIM2_IRQHandler
 .text.HAL_TiemrEneblae
                0x00000000000067d6       0x1c ./HAL/hal_timers.o
                0x00000000000067d6                HAL_TiemrEneblae
 .text.HW_TIMER_BaseTimerInit
                0x00000000000067f2       0x60 ./HAL/hal_timers.o
                0x00000000000067f2                HW_TIMER_BaseTimerInit
 .text.HAL_TIMER_InitIt
                0x0000000000006852       0xa4 ./HAL/hal_timers.o
                0x0000000000006852                HAL_TIMER_InitIt
 .text.HAL_TIMER_PWMTimersInit
                0x00000000000068f6       0xec ./HAL/hal_timers.o
                0x00000000000068f6                HAL_TIMER_PWMTimersInit
 .text.HAL_TimeInitCaptureDMA
                0x00000000000069e2       0xbc ./HAL/hal_timers.o
                0x00000000000069e2                HAL_TimeInitCaptureDMA
 .text.HAL_TIMER_DisablePWMCH
                0x0000000000006a9e       0x1c ./HAL/hal_timers.o
                0x0000000000006a9e                HAL_TIMER_DisablePWMCH
 .text.HAL_TIMER_SetPWMPulse
                0x0000000000006aba       0x80 ./HAL/hal_timers.o
                0x0000000000006aba                HAL_TIMER_SetPWMPulse
 .text.HAL_TIMER_EnablePWMCH
                0x0000000000006b3a       0x1c ./HAL/hal_timers.o
                0x0000000000006b3a                HAL_TIMER_EnablePWMCH
 .text.HAL_WDTReset
                0x0000000000006b56        0x2 ./HAL/hal_wdt.o
                0x0000000000006b56                HAL_WDTReset
 .text.prvInsertBlockIntoFreeList
                0x0000000000006b58       0x48 ./FreeRTOS/portable/MemMang/heap_4.o
 .text.pvPortMalloc
                0x0000000000006ba0      0x182 ./FreeRTOS/portable/MemMang/heap_4.o
                0x0000000000006ba0                pvPortMalloc
 .text.vPortFree
                0x0000000000006d22       0xa8 ./FreeRTOS/portable/MemMang/heap_4.o
                0x0000000000006d22                vPortFree
 .text.vPortSetupTimerInterrupt
                0x0000000000006dca       0x3e ./FreeRTOS/portable/GCC/RISC-V/port.o
                0x0000000000006dca                vPortSetupTimerInterrupt
 .text.xPortStartScheduler
                0x0000000000006e08       0x90 ./FreeRTOS/portable/GCC/RISC-V/port.o
                0x0000000000006e08                xPortStartScheduler
 .text.SysTick_Handler
                0x0000000000006e98       0x7c ./FreeRTOS/portable/GCC/RISC-V/port.o
                0x0000000000006e98                SysTick_Handler
 .text.vPortEnterCritical
                0x0000000000006f14       0x16 ./FreeRTOS/portable/GCC/RISC-V/port.o
                0x0000000000006f14                vPortEnterCritical
 .text.vPortExitCritical
                0x0000000000006f2a       0x42 ./FreeRTOS/portable/GCC/RISC-V/port.o
                0x0000000000006f2a                vPortExitCritical
 .text.xPortSetInterruptMask
                0x0000000000006f6c        0xc ./FreeRTOS/portable/GCC/RISC-V/port.o
                0x0000000000006f6c                xPortSetInterruptMask
 .text.vPortClearInterruptMask
                0x0000000000006f78        0x6 ./FreeRTOS/portable/GCC/RISC-V/port.o
                0x0000000000006f78                vPortClearInterruptMask
 .text.vListInitialise
                0x0000000000006f7e       0x14 ./FreeRTOS/list.o
                0x0000000000006f7e                vListInitialise
 .text.vListInitialiseItem
                0x0000000000006f92        0x6 ./FreeRTOS/list.o
                0x0000000000006f92                vListInitialiseItem
 .text.vListInsertEnd
                0x0000000000006f98       0x18 ./FreeRTOS/list.o
                0x0000000000006f98                vListInsertEnd
 .text.vListInsert
                0x0000000000006fb0       0x2e ./FreeRTOS/list.o
                0x0000000000006fb0                vListInsert
 .text.uxListRemove
                0x0000000000006fde       0x20 ./FreeRTOS/list.o
                0x0000000000006fde                uxListRemove
 .text.prvIsQueueEmpty
                0x0000000000006ffe       0x1e ./FreeRTOS/queue.o
 .text.prvCopyDataToQueue
                0x000000000000701c       0x72 ./FreeRTOS/queue.o
 .text.prvCopyDataFromQueue
                0x000000000000708e       0x28 ./FreeRTOS/queue.o
 .text.prvUnlockQueue
                0x00000000000070b6       0x76 ./FreeRTOS/queue.o
 .text.xQueueGenericReset
                0x000000000000712c       0xc4 ./FreeRTOS/queue.o
                0x000000000000712c                xQueueGenericReset
 .text.xQueueGenericCreateStatic
                0x00000000000071f0       0xae ./FreeRTOS/queue.o
                0x00000000000071f0                xQueueGenericCreateStatic
 .text.xQueueGenericCreate
                0x000000000000729e       0x72 ./FreeRTOS/queue.o
                0x000000000000729e                xQueueGenericCreate
 .text.xQueueGenericSend
                0x0000000000007310      0x1a8 ./FreeRTOS/queue.o
                0x0000000000007310                xQueueGenericSend
 .text.xQueueGiveMutexRecursive
                0x00000000000074b8       0x56 ./FreeRTOS/queue.o
                0x00000000000074b8                xQueueGiveMutexRecursive
 .text.xQueueCreateMutex
                0x000000000000750e       0x2e ./FreeRTOS/queue.o
                0x000000000000750e                xQueueCreateMutex
 .text.xQueueReceive
                0x000000000000753c      0x166 ./FreeRTOS/queue.o
                0x000000000000753c                xQueueReceive
 .text.xQueueSemaphoreTake
                0x00000000000076a2      0x1be ./FreeRTOS/queue.o
                0x00000000000076a2                xQueueSemaphoreTake
 .text.xQueueTakeMutexRecursive
                0x0000000000007860       0x5a ./FreeRTOS/queue.o
                0x0000000000007860                xQueueTakeMutexRecursive
 .text.uxQueueMessagesWaiting
                0x00000000000078ba       0x44 ./FreeRTOS/queue.o
                0x00000000000078ba                uxQueueMessagesWaiting
 .text.vQueueAddToRegistry
                0x00000000000078fe       0x6c ./FreeRTOS/queue.o
                0x00000000000078fe                vQueueAddToRegistry
 .text.vQueueWaitForMessageRestricted
                0x000000000000796a       0x5c ./FreeRTOS/queue.o
                0x000000000000796a                vQueueWaitForMessageRestricted
 .text.prvIdleTask
                0x00000000000079c6        0x2 ./FreeRTOS/tasks.o
 .text.prvAddNewTaskToReadyList
                0x00000000000079c8       0xf6 ./FreeRTOS/tasks.o
 .text.prvResetNextTaskUnblockTime
                0x0000000000007abe       0x1c ./FreeRTOS/tasks.o
 .text.prvTaskIsTaskSuspended
                0x0000000000007ada       0x50 ./FreeRTOS/tasks.o
 .text.prvInitialiseNewTask.isra.2
                0x0000000000007b2a       0xc8 ./FreeRTOS/tasks.o
 .text.prvAddCurrentTaskToDelayedList
                0x0000000000007bf2       0x98 ./FreeRTOS/tasks.o
 .text.xTaskCreateStatic
                0x0000000000007c8a       0xa6 ./FreeRTOS/tasks.o
                0x0000000000007c8a                xTaskCreateStatic
 .text.vTaskResume
                0x0000000000007d30       0xa2 ./FreeRTOS/tasks.o
                0x0000000000007d30                vTaskResume
 .text.vTaskStartScheduler
                0x0000000000007dd2       0x90 ./FreeRTOS/tasks.o
                0x0000000000007dd2                vTaskStartScheduler
 .text.vTaskSuspendAll
                0x0000000000007e62        0xc ./FreeRTOS/tasks.o
                0x0000000000007e62                vTaskSuspendAll
 .text.xTaskGetTickCount
                0x0000000000007e6e        0x6 ./FreeRTOS/tasks.o
                0x0000000000007e6e                xTaskGetTickCount
 .text.xTaskIncrementTick
                0x0000000000007e74      0x180 ./FreeRTOS/tasks.o
                0x0000000000007e74                xTaskIncrementTick
 .text.xTaskResumeAll
                0x0000000000007ff4      0x148 ./FreeRTOS/tasks.o
                0x0000000000007ff4                xTaskResumeAll
 .text.vTaskDelay
                0x000000000000813c       0x62 ./FreeRTOS/tasks.o
                0x000000000000813c                vTaskDelay
 .text.vTaskSwitchContext
                0x000000000000819e       0x8a ./FreeRTOS/tasks.o
                0x000000000000819e                vTaskSwitchContext
 .text.vTaskSuspend
                0x0000000000008228       0xde ./FreeRTOS/tasks.o
                0x0000000000008228                vTaskSuspend
 .text.vTaskPlaceOnEventList
                0x0000000000008306       0x44 ./FreeRTOS/tasks.o
                0x0000000000008306                vTaskPlaceOnEventList
 .text.vTaskPlaceOnEventListRestricted
                0x000000000000834a       0x72 ./FreeRTOS/tasks.o
                0x000000000000834a                vTaskPlaceOnEventListRestricted
 .text.xTaskRemoveFromEventList
                0x00000000000083bc       0xdc ./FreeRTOS/tasks.o
                0x00000000000083bc                xTaskRemoveFromEventList
 .text.vTaskInternalSetTimeOutState
                0x0000000000008498        0xe ./FreeRTOS/tasks.o
                0x0000000000008498                vTaskInternalSetTimeOutState
 .text.xTaskCheckForTimeOut
                0x00000000000084a6       0xaa ./FreeRTOS/tasks.o
                0x00000000000084a6                xTaskCheckForTimeOut
 .text.vTaskMissedYield
                0x0000000000008550        0x8 ./FreeRTOS/tasks.o
                0x0000000000008550                vTaskMissedYield
 .text.xTaskGetCurrentTaskHandle
                0x0000000000008558        0x6 ./FreeRTOS/tasks.o
                0x0000000000008558                xTaskGetCurrentTaskHandle
 .text.xTaskGetSchedulerState
                0x000000000000855e       0x14 ./FreeRTOS/tasks.o
                0x000000000000855e                xTaskGetSchedulerState
 .text.xTaskPriorityInherit
                0x0000000000008572       0xa6 ./FreeRTOS/tasks.o
                0x0000000000008572                xTaskPriorityInherit
 .text.xTaskPriorityDisinherit
                0x0000000000008618       0xc2 ./FreeRTOS/tasks.o
                0x0000000000008618                xTaskPriorityDisinherit
 .text.vTaskPriorityDisinheritAfterTimeout
                0x00000000000086da       0xde ./FreeRTOS/tasks.o
                0x00000000000086da                vTaskPriorityDisinheritAfterTimeout
 .text.pvTaskIncrementMutexHeldCount
                0x00000000000087b8       0x18 ./FreeRTOS/tasks.o
                0x00000000000087b8                pvTaskIncrementMutexHeldCount
 .text.ulTaskGenericNotifyTake
                0x00000000000087d0       0xb4 ./FreeRTOS/tasks.o
                0x00000000000087d0                ulTaskGenericNotifyTake
 .text.xTaskGenericNotifyWait
                0x0000000000008884       0xe2 ./FreeRTOS/tasks.o
                0x0000000000008884                xTaskGenericNotifyWait
 .text.xTaskGenericNotify
                0x0000000000008966      0x1a8 ./FreeRTOS/tasks.o
                0x0000000000008966                xTaskGenericNotify
 .text.xTaskGenericNotifyFromISR
                0x0000000000008b0e      0x1e0 ./FreeRTOS/tasks.o
                0x0000000000008b0e                xTaskGenericNotifyFromISR
 .text.ulTaskGenericNotifyValueClear
                0x0000000000008cee       0x3a ./FreeRTOS/tasks.o
                0x0000000000008cee                ulTaskGenericNotifyValueClear
 .text.prvCheckForValidListAndQueue
                0x0000000000008d28       0x6a ./FreeRTOS/timers.o
 .text.prvInsertTimerInActiveList
                0x0000000000008d92       0x3e ./FreeRTOS/timers.o
 .text.prvReloadTimer
                0x0000000000008dd0       0x2a ./FreeRTOS/timers.o
 .text.prvProcessExpiredTimer
                0x0000000000008dfa       0x42 ./FreeRTOS/timers.o
 .text.prvSwitchTimerLists
                0x0000000000008e3c       0x28 ./FreeRTOS/timers.o
 .text.prvTimerTask
                0x0000000000008e64      0x188 ./FreeRTOS/timers.o
 .text.xTimerCreateTimerTask
                0x0000000000008fec       0x6e ./FreeRTOS/timers.o
                0x0000000000008fec                xTimerCreateTimerTask
 .text.vRCFilter
                0x000000000000905a       0x30 ./Drivers/filters.o
                0x000000000000905a                vRCFilter
 .text.vInitABFilter
                0x000000000000908a       0x22 ./Drivers/filters.o
                0x000000000000908a                vInitABFilter
 .text.vInitRunAverga
                0x00000000000090ac        0x8 ./Drivers/filters.o
                0x00000000000090ac                vInitRunAverga
 .text.vInitMedianFilter
                0x00000000000090b4       0x12 ./Drivers/filters.o
                0x00000000000090b4                vInitMedianFilter
 .text.MedianFilter
                0x00000000000090c6       0x6e ./Drivers/filters.o
                0x00000000000090c6                MedianFilter
 .text.Delay_Init
                0x0000000000009134       0x2a ./Debug/debug.o
                0x0000000000009134                Delay_Init
 .text.USART_Printf_Init
                0x000000000000915e       0x5a ./Debug/debug.o
                0x000000000000915e                USART_Printf_Init
 .text._write   0x00000000000091b8       0x3e ./Debug/debug.o
                0x00000000000091b8                _write
 .text._sbrk    0x00000000000091f6       0x2a ./Debug/debug.o
                0x00000000000091f6                _sbrk
 .text.prv_read_can_received_msg
                0x0000000000009220       0x50 ./CANopenNode/keypad/CO_driver_ST32F103.o
                0x0000000000009220                prv_read_can_received_msg
 .text.prv_send_can_message.isra.0
                0x0000000000009270       0x2c ./CANopenNode/keypad/CO_driver_ST32F103.o
 .text.CAN_SendMessage
                0x000000000000929c       0x66 ./CANopenNode/keypad/CO_driver_ST32F103.o
                0x000000000000929c                CAN_SendMessage
 .text.co_drv_create_os_objects
                0x0000000000009302       0x30 ./CANopenNode/keypad/CO_driver_ST32F103.o
                0x0000000000009302                co_drv_create_os_objects
 .text.co_drv_mutex_lock
                0x0000000000009332       0x18 ./CANopenNode/keypad/CO_driver_ST32F103.o
                0x0000000000009332                co_drv_mutex_lock
 .text.co_drv_mutex_unlock
                0x000000000000934a       0x16 ./CANopenNode/keypad/CO_driver_ST32F103.o
                0x000000000000934a                co_drv_mutex_unlock
 .text.CO_CANsetConfigurationMode
                0x0000000000009360       0x10 ./CANopenNode/keypad/CO_driver_ST32F103.o
                0x0000000000009360                CO_CANsetConfigurationMode
 .text.CO_CANsetNormalMode
                0x0000000000009370       0x1c ./CANopenNode/keypad/CO_driver_ST32F103.o
                0x0000000000009370                CO_CANsetNormalMode
 .text.CO_CANmodule_init
                0x000000000000938c      0x110 ./CANopenNode/keypad/CO_driver_ST32F103.o
                0x000000000000938c                CO_CANmodule_init
 .text.CO_CANmodule_disable
                0x000000000000949c       0x14 ./CANopenNode/keypad/CO_driver_ST32F103.o
                0x000000000000949c                CO_CANmodule_disable
 .text.CO_CANrxBufferInit
                0x00000000000094b0       0x52 ./CANopenNode/keypad/CO_driver_ST32F103.o
                0x00000000000094b0                CO_CANrxBufferInit
 .text.CO_CANtxBufferInit
                0x0000000000009502       0x3a ./CANopenNode/keypad/CO_driver_ST32F103.o
                0x0000000000009502                CO_CANtxBufferInit
 .text.CO_CANmodule_process
                0x000000000000953c       0x12 ./CANopenNode/keypad/CO_driver_ST32F103.o
                0x000000000000953c                CO_CANmodule_process
 .text.CO_CANsend
                0x000000000000954e       0x46 ./CANopenNode/keypad/CO_driver_ST32F103.o
                0x000000000000954e                CO_CANsend
 .text.CO_LSSslave_receive
                0x0000000000009594      0x1a8 ./CANopenNode/305/CO_LSSslave.o
 .text.CO_LSSslave_init
                0x000000000000973c       0xa4 ./CANopenNode/305/CO_LSSslave.o
                0x000000000000973c                CO_LSSslave_init
 .text.CO_LSSslave_process
                0x00000000000097e0      0x1a2 ./CANopenNode/305/CO_LSSslave.o
                0x00000000000097e0                CO_LSSslave_process
 .text.OD_write_1003
                0x0000000000009982       0x28 ./CANopenNode/301/CO_Emergency.o
 .text.OD_read_1003
                0x00000000000099aa       0x8c ./CANopenNode/301/CO_Emergency.o
 .text.OD_read_1014_default
                0x0000000000009a36       0x50 ./CANopenNode/301/CO_Emergency.o
 .text.CO_EM_init
                0x0000000000009a86      0x112 ./CANopenNode/301/CO_Emergency.o
                0x0000000000009a86                CO_EM_init
 .text.CO_error
                0x0000000000009b98       0xc4 ./CANopenNode/301/CO_Emergency.o
                0x0000000000009b98                CO_error
 .text.CO_EM_process
                0x0000000000009c5c      0x182 ./CANopenNode/301/CO_Emergency.o
                0x0000000000009c5c                CO_EM_process
 .text.CO_NMT_receive
                0x0000000000009dde       0x18 ./CANopenNode/301/CO_NMT_Heartbeat.o
 .text.OD_write_1017
                0x0000000000009df6       0x48 ./CANopenNode/301/CO_NMT_Heartbeat.o
 .text.CO_NMT_init
                0x0000000000009e3e       0xec ./CANopenNode/301/CO_NMT_Heartbeat.o
                0x0000000000009e3e                CO_NMT_init
 .text.CO_NMT_process
                0x0000000000009f2a      0x106 ./CANopenNode/301/CO_NMT_Heartbeat.o
                0x0000000000009f2a                CO_NMT_process
 .text.OD_readDisabled
                0x000000000000a030        0x4 ./CANopenNode/301/CO_ODinterface.o
 .text.OD_readOriginal
                0x000000000000a034       0x50 ./CANopenNode/301/CO_ODinterface.o
                0x000000000000a034                OD_readOriginal
 .text.OD_writeOriginal
                0x000000000000a084       0x54 ./CANopenNode/301/CO_ODinterface.o
                0x000000000000a084                OD_writeOriginal
 .text.OD_writeDisabled
                0x000000000000a0d8        0x4 ./CANopenNode/301/CO_ODinterface.o
 .text.OD_find  0x000000000000a0dc       0x70 ./CANopenNode/301/CO_ODinterface.o
                0x000000000000a0dc                OD_find
 .text.OD_getSub
                0x000000000000a14c       0xf6 ./CANopenNode/301/CO_ODinterface.o
                0x000000000000a14c                OD_getSub
 .text.OD_getSDOabCode
                0x000000000000a242       0x20 ./CANopenNode/301/CO_ODinterface.o
                0x000000000000a242                OD_getSDOabCode
 .text.OD_get_value
                0x000000000000a262       0x34 ./CANopenNode/301/CO_ODinterface.o
                0x000000000000a262                OD_get_value
 .text.OD_set_value
                0x000000000000a296       0x2e ./CANopenNode/301/CO_ODinterface.o
                0x000000000000a296                OD_set_value
 .text.OD_getPtr
                0x000000000000a2c4       0x3c ./CANopenNode/301/CO_ODinterface.o
                0x000000000000a2c4                OD_getPtr
 .text.OD_write_dummy
                0x000000000000a300        0x8 ./CANopenNode/301/CO_PDO.o
 .text.OD_read_dummy
                0x000000000000a308       0x2e ./CANopenNode/301/CO_PDO.o
 .text.PDOconfigMap
                0x000000000000a336      0x100 ./CANopenNode/301/CO_PDO.o
 .text.CO_PDO_receive
                0x000000000000a436       0x48 ./CANopenNode/301/CO_PDO.o
 .text.OD_read_PDO_commParam
                0x000000000000a47e       0x70 ./CANopenNode/301/CO_PDO.o
 .text.PDO_initMapping.constprop.3
                0x000000000000a4ee       0xe6 ./CANopenNode/301/CO_PDO.o
 .text.OD_write_PDO_mapping
                0x000000000000a5d4       0xb4 ./CANopenNode/301/CO_PDO.o
 .text.OD_write_18xx
                0x000000000000a688      0x184 ./CANopenNode/301/CO_PDO.o
 .text.OD_write_14xx
                0x000000000000a80c      0x15a ./CANopenNode/301/CO_PDO.o
 .text.CO_RPDO_init
                0x000000000000a966      0x172 ./CANopenNode/301/CO_PDO.o
                0x000000000000a966                CO_RPDO_init
 .text.CO_RPDO_process
                0x000000000000aad8      0x114 ./CANopenNode/301/CO_PDO.o
                0x000000000000aad8                CO_RPDO_process
 .text.CO_TPDO_init
                0x000000000000abec      0x1d2 ./CANopenNode/301/CO_PDO.o
                0x000000000000abec                CO_TPDO_init
 .text.CO_TPDO_process
                0x000000000000adbe      0x15e ./CANopenNode/301/CO_PDO.o
                0x000000000000adbe                CO_TPDO_process
 .text.CO_SDOserver_init_canRxTx
                0x000000000000af1c       0x82 ./CANopenNode/301/CO_SDOserver.o
 .text.CO_SDO_receive
                0x000000000000af9e       0x38 ./CANopenNode/301/CO_SDOserver.o
 .text.readFromOd.isra.1.constprop.5
                0x000000000000afd6       0xe2 ./CANopenNode/301/CO_SDOserver.o
 .text.OD_write_1201_additional
                0x000000000000b0b8      0x158 ./CANopenNode/301/CO_SDOserver.o
 .text.CO_SDOserver_init
                0x000000000000b210      0x172 ./CANopenNode/301/CO_SDOserver.o
                0x000000000000b210                CO_SDOserver_init
 .text.CO_SDOserver_process
                0x000000000000b382      0x5e8 ./CANopenNode/301/CO_SDOserver.o
                0x000000000000b382                CO_SDOserver_process
 .text.CO_delete
                0x000000000000b96a       0x56 ./CANopenNode/CANopen.o
                0x000000000000b96a                CO_delete
 .text.CO_new   0x000000000000b9c0      0x102 ./CANopenNode/CANopen.o
                0x000000000000b9c0                CO_new
 .text.CO_CANinit
                0x000000000000bac2       0x36 ./CANopenNode/CANopen.o
                0x000000000000bac2                CO_CANinit
 .text.CO_LSSinit
                0x000000000000baf8       0x32 ./CANopenNode/CANopen.o
                0x000000000000baf8                CO_LSSinit
 .text.CO_CANopenInit
                0x000000000000bb2a       0xb8 ./CANopenNode/CANopen.o
                0x000000000000bb2a                CO_CANopenInit
 .text.CO_CANopenInitPDO
                0x000000000000bbe2       0xea ./CANopenNode/CANopen.o
                0x000000000000bbe2                CO_CANopenInitPDO
 .text.CO_process
                0x000000000000bccc       0x7e ./CANopenNode/CANopen.o
                0x000000000000bccc                CO_process
 .text.CO_process_RPDO
                0x000000000000bd4a       0x40 ./CANopenNode/CANopen.o
                0x000000000000bd4a                CO_process_RPDO
 .text.CO_process_TPDO
                0x000000000000bd8a       0x40 ./CANopenNode/CANopen.o
                0x000000000000bd8a                CO_process_TPDO
 .text.__addsf3
                0x000000000000bdca      0x36a c:/mounriver/mounriver_studio/toolchain/risc-v embedded gcc/bin/../lib/gcc/riscv-none-embed/8.2.0/rv32imacxw/ilp32\libgcc.a(addsf3.o)
                0x000000000000bdca                __addsf3
 .text.__divsf3
                0x000000000000c134      0x2b2 c:/mounriver/mounriver_studio/toolchain/risc-v embedded gcc/bin/../lib/gcc/riscv-none-embed/8.2.0/rv32imacxw/ilp32\libgcc.a(divsf3.o)
                0x000000000000c134                __divsf3
 .text.__gesf2  0x000000000000c3e6       0x86 c:/mounriver/mounriver_studio/toolchain/risc-v embedded gcc/bin/../lib/gcc/riscv-none-embed/8.2.0/rv32imacxw/ilp32\libgcc.a(gesf2.o)
                0x000000000000c3e6                __gesf2
                0x000000000000c3e6                __gtsf2
 .text.__lesf2  0x000000000000c46c       0x8c c:/mounriver/mounriver_studio/toolchain/risc-v embedded gcc/bin/../lib/gcc/riscv-none-embed/8.2.0/rv32imacxw/ilp32\libgcc.a(lesf2.o)
                0x000000000000c46c                __ltsf2
                0x000000000000c46c                __lesf2
 .text.__mulsf3
                0x000000000000c4f8      0x290 c:/mounriver/mounriver_studio/toolchain/risc-v embedded gcc/bin/../lib/gcc/riscv-none-embed/8.2.0/rv32imacxw/ilp32\libgcc.a(mulsf3.o)
                0x000000000000c4f8                __mulsf3
 .text.__subsf3
                0x000000000000c788      0x388 c:/mounriver/mounriver_studio/toolchain/risc-v embedded gcc/bin/../lib/gcc/riscv-none-embed/8.2.0/rv32imacxw/ilp32\libgcc.a(subsf3.o)
                0x000000000000c788                __subsf3
 .text.__fixsfsi
                0x000000000000cb10       0x62 c:/mounriver/mounriver_studio/toolchain/risc-v embedded gcc/bin/../lib/gcc/riscv-none-embed/8.2.0/rv32imacxw/ilp32\libgcc.a(fixsfsi.o)
                0x000000000000cb10                __fixsfsi
 .text.__fixunssfsi
                0x000000000000cb72       0x56 c:/mounriver/mounriver_studio/toolchain/risc-v embedded gcc/bin/../lib/gcc/riscv-none-embed/8.2.0/rv32imacxw/ilp32\libgcc.a(fixunssfsi.o)
                0x000000000000cb72                __fixunssfsi
 .text.__floatsisf
                0x000000000000cbc8       0xc6 c:/mounriver/mounriver_studio/toolchain/risc-v embedded gcc/bin/../lib/gcc/riscv-none-embed/8.2.0/rv32imacxw/ilp32\libgcc.a(floatsisf.o)
                0x000000000000cbc8                __floatsisf
 .text.__floatunsisf
                0x000000000000cc8e       0xce c:/mounriver/mounriver_studio/toolchain/risc-v embedded gcc/bin/../lib/gcc/riscv-none-embed/8.2.0/rv32imacxw/ilp32\libgcc.a(floatunsisf.o)
                0x000000000000cc8e                __floatunsisf
 .text.__clzsi2
                0x000000000000cd5c       0x6e c:/mounriver/mounriver_studio/toolchain/risc-v embedded gcc/bin/../lib/gcc/riscv-none-embed/8.2.0/rv32imacxw/ilp32\libgcc.a(_clzsi2.o)
                0x000000000000cd5c                __clzsi2
 .text.calloc   0x000000000000cdca        0xc c:/mounriver/mounriver_studio/toolchain/risc-v embedded gcc/bin/../lib/gcc/riscv-none-embed/8.2.0/../../../../riscv-none-embed/lib/rv32imacxw/ilp32\libg_nano.a(lib_a-calloc.o)
                0x000000000000cdca                calloc
 .text.free     0x000000000000cdd6        0xa c:/mounriver/mounriver_studio/toolchain/risc-v embedded gcc/bin/../lib/gcc/riscv-none-embed/8.2.0/../../../../riscv-none-embed/lib/rv32imacxw/ilp32\libg_nano.a(lib_a-malloc.o)
                0x000000000000cdd6                free
 .text.memcpy   0x000000000000cde0       0xb2 c:/mounriver/mounriver_studio/toolchain/risc-v embedded gcc/bin/../lib/gcc/riscv-none-embed/8.2.0/../../../../riscv-none-embed/lib/rv32imacxw/ilp32\libg_nano.a(lib_a-memcpy.o)
                0x000000000000cde0                memcpy
 .text.memmove  0x000000000000ce92       0x46 c:/mounriver/mounriver_studio/toolchain/risc-v embedded gcc/bin/../lib/gcc/riscv-none-embed/8.2.0/../../../../riscv-none-embed/lib/rv32imacxw/ilp32\libg_nano.a(lib_a-memmove.o)
                0x000000000000ce92                memmove
 .text._calloc_r
                0x000000000000ced8       0x26 c:/mounriver/mounriver_studio/toolchain/risc-v embedded gcc/bin/../lib/gcc/riscv-none-embed/8.2.0/../../../../riscv-none-embed/lib/rv32imacxw/ilp32\libg_nano.a(lib_a-nano-callocr.o)
                0x000000000000ced8                _calloc_r
 .text._free_r  0x000000000000cefe       0xa4 c:/mounriver/mounriver_studio/toolchain/risc-v embedded gcc/bin/../lib/gcc/riscv-none-embed/8.2.0/../../../../riscv-none-embed/lib/rv32imacxw/ilp32\libg_nano.a(lib_a-nano-freer.o)
                0x000000000000cefe                _free_r
 .text._malloc_r
                0x000000000000cfa2       0xce c:/mounriver/mounriver_studio/toolchain/risc-v embedded gcc/bin/../lib/gcc/riscv-none-embed/8.2.0/../../../../riscv-none-embed/lib/rv32imacxw/ilp32\libg_nano.a(lib_a-nano-mallocr.o)
                0x000000000000cfa2                _malloc_r
 .text.printf   0x000000000000d070       0x3e c:/mounriver/mounriver_studio/toolchain/risc-v embedded gcc/bin/../lib/gcc/riscv-none-embed/8.2.0/../../../../riscv-none-embed/lib/rv32imacxw/ilp32\libg_nano.a(lib_a-printf.o)
                0x000000000000d070                iprintf
                0x000000000000d070                printf
 .text._sbrk_r  0x000000000000d0ae       0x32 c:/mounriver/mounriver_studio/toolchain/risc-v embedded gcc/bin/../lib/gcc/riscv-none-embed/8.2.0/../../../../riscv-none-embed/lib/rv32imacxw/ilp32\libg_nano.a(lib_a-sbrkr.o)
                0x000000000000d0ae                _sbrk_r
 .text.strlen   0x000000000000d0e0       0x12 c:/mounriver/mounriver_studio/toolchain/risc-v embedded gcc/bin/../lib/gcc/riscv-none-embed/8.2.0/../../../../riscv-none-embed/lib/rv32imacxw/ilp32\libg_nano.a(lib_a-strlen.o)
                0x000000000000d0e0                strlen
 .text.std      0x000000000000d0f2       0x66 c:/mounriver/mounriver_studio/toolchain/risc-v embedded gcc/bin/../lib/gcc/riscv-none-embed/8.2.0/../../../../riscv-none-embed/lib/rv32imacxw/ilp32\libg_nano.a(lib_a-findfp.o)
 .text._cleanup_r
                0x000000000000d158        0xa c:/mounriver/mounriver_studio/toolchain/risc-v embedded gcc/bin/../lib/gcc/riscv-none-embed/8.2.0/../../../../riscv-none-embed/lib/rv32imacxw/ilp32\libg_nano.a(lib_a-findfp.o)
                0x000000000000d158                _cleanup_r
 .text.__sfmoreglue
                0x000000000000d162       0x48 c:/mounriver/mounriver_studio/toolchain/risc-v embedded gcc/bin/../lib/gcc/riscv-none-embed/8.2.0/../../../../riscv-none-embed/lib/rv32imacxw/ilp32\libg_nano.a(lib_a-findfp.o)
                0x000000000000d162                __sfmoreglue
 .text.__sinit  0x000000000000d1aa       0x6c c:/mounriver/mounriver_studio/toolchain/risc-v embedded gcc/bin/../lib/gcc/riscv-none-embed/8.2.0/../../../../riscv-none-embed/lib/rv32imacxw/ilp32\libg_nano.a(lib_a-findfp.o)
                0x000000000000d1aa                __sinit
 .text.__sfp    0x000000000000d216       0xa0 c:/mounriver/mounriver_studio/toolchain/risc-v embedded gcc/bin/../lib/gcc/riscv-none-embed/8.2.0/../../../../riscv-none-embed/lib/rv32imacxw/ilp32\libg_nano.a(lib_a-findfp.o)
                0x000000000000d216                __sfp
 .text._fwalk_reent
                0x000000000000d2b6       0x6a c:/mounriver/mounriver_studio/toolchain/risc-v embedded gcc/bin/../lib/gcc/riscv-none-embed/8.2.0/../../../../riscv-none-embed/lib/rv32imacxw/ilp32\libg_nano.a(lib_a-fwalk.o)
                0x000000000000d2b6                _fwalk_reent
 .text.__malloc_lock
                0x000000000000d320        0x2 c:/mounriver/mounriver_studio/toolchain/risc-v embedded gcc/bin/../lib/gcc/riscv-none-embed/8.2.0/../../../../riscv-none-embed/lib/rv32imacxw/ilp32\libg_nano.a(lib_a-mlock.o)
                0x000000000000d320                __malloc_lock
 .text.__malloc_unlock
                0x000000000000d322        0x2 c:/mounriver/mounriver_studio/toolchain/risc-v embedded gcc/bin/../lib/gcc/riscv-none-embed/8.2.0/../../../../riscv-none-embed/lib/rv32imacxw/ilp32\libg_nano.a(lib_a-mlock.o)
                0x000000000000d322                __malloc_unlock
 .text.__sfputc_r
                0x000000000000d324       0x26 c:/mounriver/mounriver_studio/toolchain/risc-v embedded gcc/bin/../lib/gcc/riscv-none-embed/8.2.0/../../../../riscv-none-embed/lib/rv32imacxw/ilp32\libg_nano.a(lib_a-nano-vfprintf.o)
 .text.__sfputs_r
                0x000000000000d34a       0x42 c:/mounriver/mounriver_studio/toolchain/risc-v embedded gcc/bin/../lib/gcc/riscv-none-embed/8.2.0/../../../../riscv-none-embed/lib/rv32imacxw/ilp32\libg_nano.a(lib_a-nano-vfprintf.o)
                0x000000000000d34a                __sfputs_r
 .text._vfprintf_r
                0x000000000000d38c      0x28c c:/mounriver/mounriver_studio/toolchain/risc-v embedded gcc/bin/../lib/gcc/riscv-none-embed/8.2.0/../../../../riscv-none-embed/lib/rv32imacxw/ilp32\libg_nano.a(lib_a-nano-vfprintf.o)
                0x000000000000d38c                _vfprintf_r
                0x000000000000d38c                _vfiprintf_r
 .text._printf_common
                0x000000000000d618      0x10c c:/mounriver/mounriver_studio/toolchain/risc-v embedded gcc/bin/../lib/gcc/riscv-none-embed/8.2.0/../../../../riscv-none-embed/lib/rv32imacxw/ilp32\libg_nano.a(lib_a-nano-vfprintf_i.o)
                0x000000000000d618                _printf_common
 .text._printf_i
                0x000000000000d724      0x2a2 c:/mounriver/mounriver_studio/toolchain/risc-v embedded gcc/bin/../lib/gcc/riscv-none-embed/8.2.0/../../../../riscv-none-embed/lib/rv32imacxw/ilp32\libg_nano.a(lib_a-nano-vfprintf_i.o)
                0x000000000000d724                _printf_i
 .text.__sread  0x000000000000d9c6       0x2c c:/mounriver/mounriver_studio/toolchain/risc-v embedded gcc/bin/../lib/gcc/riscv-none-embed/8.2.0/../../../../riscv-none-embed/lib/rv32imacxw/ilp32\libg_nano.a(lib_a-stdio.o)
                0x000000000000d9c6                __sread
 .text.__swrite
                0x000000000000d9f2       0x48 c:/mounriver/mounriver_studio/toolchain/risc-v embedded gcc/bin/../lib/gcc/riscv-none-embed/8.2.0/../../../../riscv-none-embed/lib/rv32imacxw/ilp32\libg_nano.a(lib_a-stdio.o)
                0x000000000000d9f2                __swrite
 .text.__sseek  0x000000000000da3a       0x30 c:/mounriver/mounriver_studio/toolchain/risc-v embedded gcc/bin/../lib/gcc/riscv-none-embed/8.2.0/../../../../riscv-none-embed/lib/rv32imacxw/ilp32\libg_nano.a(lib_a-stdio.o)
                0x000000000000da3a                __sseek
 .text.__sclose
                0x000000000000da6a        0x6 c:/mounriver/mounriver_studio/toolchain/risc-v embedded gcc/bin/../lib/gcc/riscv-none-embed/8.2.0/../../../../riscv-none-embed/lib/rv32imacxw/ilp32\libg_nano.a(lib_a-stdio.o)
                0x000000000000da6a                __sclose
 .text.__swbuf_r
                0x000000000000da70       0xbe c:/mounriver/mounriver_studio/toolchain/risc-v embedded gcc/bin/../lib/gcc/riscv-none-embed/8.2.0/../../../../riscv-none-embed/lib/rv32imacxw/ilp32\libg_nano.a(lib_a-wbuf.o)
                0x000000000000da70                __swbuf_r
 .text._write_r
                0x000000000000db2e       0x36 c:/mounriver/mounriver_studio/toolchain/risc-v embedded gcc/bin/../lib/gcc/riscv-none-embed/8.2.0/../../../../riscv-none-embed/lib/rv32imacxw/ilp32\libg_nano.a(lib_a-writer.o)
                0x000000000000db2e                _write_r
 .text.__swsetup_r
                0x000000000000db64      0x100 c:/mounriver/mounriver_studio/toolchain/risc-v embedded gcc/bin/../lib/gcc/riscv-none-embed/8.2.0/../../../../riscv-none-embed/lib/rv32imacxw/ilp32\libg_nano.a(lib_a-wsetup.o)
                0x000000000000db64                __swsetup_r
 .text._close_r
                0x000000000000dc64       0x30 c:/mounriver/mounriver_studio/toolchain/risc-v embedded gcc/bin/../lib/gcc/riscv-none-embed/8.2.0/../../../../riscv-none-embed/lib/rv32imacxw/ilp32\libg_nano.a(lib_a-closer.o)
                0x000000000000dc64                _close_r
 .text.__sflush_r
                0x000000000000dc94      0x132 c:/mounriver/mounriver_studio/toolchain/risc-v embedded gcc/bin/../lib/gcc/riscv-none-embed/8.2.0/../../../../riscv-none-embed/lib/rv32imacxw/ilp32\libg_nano.a(lib_a-fflush.o)
                0x000000000000dc94                __sflush_r
 .text._fflush_r
                0x000000000000ddc6       0x68 c:/mounriver/mounriver_studio/toolchain/risc-v embedded gcc/bin/../lib/gcc/riscv-none-embed/8.2.0/../../../../riscv-none-embed/lib/rv32imacxw/ilp32\libg_nano.a(lib_a-fflush.o)
                0x000000000000ddc6                _fflush_r
 .text._lseek_r
                0x000000000000de2e       0x34 c:/mounriver/mounriver_studio/toolchain/risc-v embedded gcc/bin/../lib/gcc/riscv-none-embed/8.2.0/../../../../riscv-none-embed/lib/rv32imacxw/ilp32\libg_nano.a(lib_a-lseekr.o)
                0x000000000000de2e                _lseek_r
 .text.__swhatbuf_r
                0x000000000000de62       0x56 c:/mounriver/mounriver_studio/toolchain/risc-v embedded gcc/bin/../lib/gcc/riscv-none-embed/8.2.0/../../../../riscv-none-embed/lib/rv32imacxw/ilp32\libg_nano.a(lib_a-makebuf.o)
                0x000000000000de62                __swhatbuf_r
 .text.__smakebuf_r
                0x000000000000deb8       0x92 c:/mounriver/mounriver_studio/toolchain/risc-v embedded gcc/bin/../lib/gcc/riscv-none-embed/8.2.0/../../../../riscv-none-embed/lib/rv32imacxw/ilp32\libg_nano.a(lib_a-makebuf.o)
                0x000000000000deb8                __smakebuf_r
 .text.memchr   0x000000000000df4a       0x18 c:/mounriver/mounriver_studio/toolchain/risc-v embedded gcc/bin/../lib/gcc/riscv-none-embed/8.2.0/../../../../riscv-none-embed/lib/rv32imacxw/ilp32\libg_nano.a(lib_a-memchr.o)
                0x000000000000df4a                memchr
 .text._read_r  0x000000000000df62       0x34 c:/mounriver/mounriver_studio/toolchain/risc-v embedded gcc/bin/../lib/gcc/riscv-none-embed/8.2.0/../../../../riscv-none-embed/lib/rv32imacxw/ilp32\libg_nano.a(lib_a-readr.o)
                0x000000000000df62                _read_r
 .text._fstat_r
                0x000000000000df96       0x32 c:/mounriver/mounriver_studio/toolchain/risc-v embedded gcc/bin/../lib/gcc/riscv-none-embed/8.2.0/../../../../riscv-none-embed/lib/rv32imacxw/ilp32\libg_nano.a(lib_a-fstatr.o)
                0x000000000000df96                _fstat_r
 .text._isatty_r
                0x000000000000dfc8       0x30 c:/mounriver/mounriver_studio/toolchain/risc-v embedded gcc/bin/../lib/gcc/riscv-none-embed/8.2.0/../../../../riscv-none-embed/lib/rv32imacxw/ilp32\libg_nano.a(lib_a-isattyr.o)
                0x000000000000dfc8                _isatty_r
 .text._close   0x000000000000dff8       0x10 c:/mounriver/mounriver_studio/toolchain/risc-v embedded gcc/bin/../lib/gcc/riscv-none-embed/8.2.0/../../../../riscv-none-embed/lib/rv32imacxw/ilp32\libnosys.a(close.o)
                0x000000000000dff8                _close
 .text._fstat   0x000000000000e008       0x10 c:/mounriver/mounriver_studio/toolchain/risc-v embedded gcc/bin/../lib/gcc/riscv-none-embed/8.2.0/../../../../riscv-none-embed/lib/rv32imacxw/ilp32\libnosys.a(fstat.o)
                0x000000000000e008                _fstat