Archive member included to satisfy reference by file (symbol)

c:/mounriver/mounriver_studio/toolchain/risc-v embedded gcc/bin/../lib/gcc/riscv-none-embed/8.2.0/rv32imacxw/ilp32\libgcc.a(addsf3.o)
                              ./User/DataModel.o (__addsf3)
c:/mounriver/mounriver_studio/toolchain/risc-v embedded gcc/bin/../lib/gcc/riscv-none-embed/8.2.0/rv32imacxw/ilp32\libgcc.a(divsf3.o)
                              ./User/DataModel.o (__divsf3)
c:/mounriver/mounriver_studio/toolchain/risc-v embedded gcc/bin/../lib/gcc/riscv-none-embed/8.2.0/rv32imacxw/ilp32\libgcc.a(eqsf2.o)
                              ./HWLIB/hw_lib_din.o (__nesf2)
c:/mounriver/mounriver_studio/toolchain/risc-v embedded gcc/bin/../lib/gcc/riscv-none-embed/8.2.0/rv32imacxw/ilp32\libgcc.a(gesf2.o)
                              ./User/inputs.o (__gesf2)
c:/mounriver/mounriver_studio/toolchain/risc-v embedded gcc/bin/../lib/gcc/riscv-none-embed/8.2.0/rv32imacxw/ilp32\libgcc.a(lesf2.o)
                              ./HWLIB/hw_lib_adc.o (__lesf2)
c:/mounriver/mounriver_studio/toolchain/risc-v embedded gcc/bin/../lib/gcc/riscv-none-embed/8.2.0/rv32imacxw/ilp32\libgcc.a(mulsf3.o)
                              ./User/dash_draw.o (__mulsf3)
c:/mounriver/mounriver_studio/toolchain/risc-v embedded gcc/bin/../lib/gcc/riscv-none-embed/8.2.0/rv32imacxw/ilp32\libgcc.a(subsf3.o)
                              ./User/inputs.o (__subsf3)
c:/mounriver/mounriver_studio/toolchain/risc-v embedded gcc/bin/../lib/gcc/riscv-none-embed/8.2.0/rv32imacxw/ilp32\libgcc.a(fixsfsi.o)
                              ./User/dash_draw.o (__fixsfsi)
c:/mounriver/mounriver_studio/toolchain/risc-v embedded gcc/bin/../lib/gcc/riscv-none-embed/8.2.0/rv32imacxw/ilp32\libgcc.a(fixunssfsi.o)
                              ./User/DataModel.o (__fixunssfsi)
c:/mounriver/mounriver_studio/toolchain/risc-v embedded gcc/bin/../lib/gcc/riscv-none-embed/8.2.0/rv32imacxw/ilp32\libgcc.a(floatsisf.o)
                              ./User/DataModel.o (__floatsisf)
c:/mounriver/mounriver_studio/toolchain/risc-v embedded gcc/bin/../lib/gcc/riscv-none-embed/8.2.0/rv32imacxw/ilp32\libgcc.a(floatunsisf.o)
                              ./User/DataModel.o (__floatunsisf)
c:/mounriver/mounriver_studio/toolchain/risc-v embedded gcc/bin/../lib/gcc/riscv-none-embed/8.2.0/rv32imacxw/ilp32\libgcc.a(save-restore.o)
                              ./User/dash_draw.o (__riscv_save_12)
c:/mounriver/mounriver_studio/toolchain/risc-v embedded gcc/bin/../lib/gcc/riscv-none-embed/8.2.0/rv32imacxw/ilp32\libgcc.a(_clzsi2.o)
                              c:/mounriver/mounriver_studio/toolchain/risc-v embedded gcc/bin/../lib/gcc/riscv-none-embed/8.2.0/rv32imacxw/ilp32\libgcc.a(addsf3.o) (__clzsi2)
c:/mounriver/mounriver_studio/toolchain/risc-v embedded gcc/bin/../lib/gcc/riscv-none-embed/8.2.0/rv32imacxw/ilp32\libgcc.a(_clz.o)
                              c:/mounriver/mounriver_studio/toolchain/risc-v embedded gcc/bin/../lib/gcc/riscv-none-embed/8.2.0/rv32imacxw/ilp32\libgcc.a(_clzsi2.o) (__clz_tab)
c:/mounriver/mounriver_studio/toolchain/risc-v embedded gcc/bin/../lib/gcc/riscv-none-embed/8.2.0/../../../../riscv-none-embed/lib/rv32imacxw/ilp32\libg_nano.a(lib_a-calloc.o)
                              ./CANopenNode/CANopen.o (calloc)
c:/mounriver/mounriver_studio/toolchain/risc-v embedded gcc/bin/../lib/gcc/riscv-none-embed/8.2.0/../../../../riscv-none-embed/lib/rv32imacxw/ilp32\libg_nano.a(lib_a-impure.o)
                              c:/mounriver/mounriver_studio/toolchain/risc-v embedded gcc/bin/../lib/gcc/riscv-none-embed/8.2.0/../../../../riscv-none-embed/lib/rv32imacxw/ilp32\libg_nano.a(lib_a-calloc.o) (_impure_ptr)
c:/mounriver/mounriver_studio/toolchain/risc-v embedded gcc/bin/../lib/gcc/riscv-none-embed/8.2.0/../../../../riscv-none-embed/lib/rv32imacxw/ilp32\libg_nano.a(lib_a-malloc.o)
                              ./CANopenNode/CANopen.o (free)
c:/mounriver/mounriver_studio/toolchain/risc-v embedded gcc/bin/../lib/gcc/riscv-none-embed/8.2.0/../../../../riscv-none-embed/lib/rv32imacxw/ilp32\libg_nano.a(lib_a-memcpy.o)
                              ./User/DataModel.o (memcpy)
c:/mounriver/mounriver_studio/toolchain/risc-v embedded gcc/bin/../lib/gcc/riscv-none-embed/8.2.0/../../../../riscv-none-embed/lib/rv32imacxw/ilp32\libg_nano.a(lib_a-memmove.o)
                              ./CANopenNode/301/CO_SDOserver.o (memmove)
c:/mounriver/mounriver_studio/toolchain/risc-v embedded gcc/bin/../lib/gcc/riscv-none-embed/8.2.0/../../../../riscv-none-embed/lib/rv32imacxw/ilp32\libg_nano.a(lib_a-memset.o)
                              ./User/DataModel.o (memset)
c:/mounriver/mounriver_studio/toolchain/risc-v embedded gcc/bin/../lib/gcc/riscv-none-embed/8.2.0/../../../../riscv-none-embed/lib/rv32imacxw/ilp32\libg_nano.a(lib_a-nano-callocr.o)
[...]
Memory Configuration

Name             Origin             Length             Attributes
FLASH            0x0000000000000000 0x0000000000010000 xr
RAM              0x0000000020000000 0x0000000000005000 xrw
*default*        0x0000000000000000 0xffffffffffffffff

Linker script and memory map

LOAD ./User/CanOpenNode.o
LOAD ./User/DataModel.o
LOAD ./User/ch32v20x_it.o
LOAD ./User/dash_draw.o
LOAD ./User/init.o
LOAD ./User/inputs.o
LOAD ./User/led.o
LOAD ./User/main.o
LOAD ./User/process.o
LOAD ./User/system_ch32v20x.o
LOAD ./User/system_init.o
LOAD ./Startup/startup_ch32v20x_D6.o
LOAD ./Peripheral/src/ch32v20x_adc.o
LOAD ./Peripheral/src/ch32v20x_bkp.o
LOAD ./Peripheral/src/ch32v20x_can.o
LOAD ./Peripheral/src/ch32v20x_crc.o
LOAD ./Peripheral/src/ch32v20x_dbgmcu.o
LOAD ./Peripheral/src/ch32v20x_dma.o
LOAD ./Peripheral/src/ch32v20x_exti.o
LOAD ./Peripheral/src/ch32v20x_flash.o
LOAD ./Peripheral/src/ch32v20x_gpio.o
LOAD ./Peripheral/src/ch32v20x_i2c.o
LOAD ./Peripheral/src/ch32v20x_iwdg.o
LOAD ./Peripheral/src/ch32v20x_misc.o
LOAD ./Peripheral/src/ch32v20x_opa.o
LOAD ./Peripheral/src/ch32v20x_pwr.o
LOAD ./Peripheral/src/ch32v20x_rcc.o
LOAD ./Peripheral/src/ch32v20x_rtc.o
LOAD ./Peripheral/src/ch32v20x_spi.o
LOAD ./Peripheral/src/ch32v20x_tim.o
LOAD ./Peripheral/src/ch32v20x_usart.o
LOAD ./Peripheral/src/ch32v20x_wwdg.o
LOAD ./HWLIB/hw_lib_adc.o
LOAD ./HWLIB/hw_lib_din.o
LOAD ./HWLIB/hw_lib_eeprom.o
LOAD ./HWLIB/hw_lib_keyboard.o
LOAD ./HAL/hal_adc.o
LOAD ./HAL/hal_can.o
LOAD ./HAL/hal_dma.o
LOAD ./HAL/hal_gpio.o
LOAD ./HAL/hal_i2c.o
LOAD ./HAL/hal_rtc.o
LOAD ./HAL/hal_spi.o
LOAD ./HAL/hal_timers.o
LOAD ./HAL/hal_wdt.o
LOAD ./FreeRTOS/portable/MemMang/heap_4.o
LOAD ./FreeRTOS/portable/GCC/RISC-V/port.o
LOAD ./FreeRTOS/portable/GCC/RISC-V/portASM.o
LOAD ./FreeRTOS/croutine.o
LOAD ./FreeRTOS/event_groups.o
LOAD ./FreeRTOS/list.o
LOAD ./FreeRTOS/queue.o
LOAD ./FreeRTOS/stream_buffer.o
LOAD ./FreeRTOS/tasks.o
LOAD ./FreeRTOS/timers.o
LOAD ./Drivers/filters.o
LOAD ./Debug/debug.o
LOAD ./Core/core_riscv.o
LOAD ./CANopenNode/keypad/CO_driver_ST32F103.o
LOAD ./CANopenNode/keypad/OD.o
LOAD ./CANopenNode/extra/CO_trace.o
LOAD ./CANopenNode/309/CO_gateway_ascii.o
LOAD ./CANopenNode/305/CO_LSSmaster.o
LOAD ./CANopenNode/305/CO_LSSslave.o
LOAD ./CANopenNode/304/CO_GFC.o
LOAD ./CANopenNode/304/CO_SRDO.o
LOAD ./CANopenNode/303/CO_LEDs.o
LOAD ./CANopenNode/301/CO_Emergency.o
LOAD ./CANopenNode/301/CO_HBconsumer.o
LOAD ./CANopenNode/301/CO_NMT_Heartbeat.o
LOAD ./CANopenNode/301/CO_ODinterface.o
LOAD ./CANopenNode/301/CO_PDO.o
LOAD ./CANopenNode/301/CO_SDOclient.o
LOAD ./CANopenNode/301/CO_SDOserver.o
LOAD ./CANopenNode/301/CO_SYNC.o
LOAD ./CANopenNode/301/CO_TIME.o
LOAD ./CANopenNode/301/CO_fifo.o
LOAD ./CANopenNode/301/crc16-ccitt.o
LOAD ./CANopenNode/CANopen.o
LOAD c:/mounriver/mounriver_studio/toolchain/risc-v embedded gcc/bin/../lib/gcc/riscv-none-embed/8.2.0/../../../../riscv-none-embed/lib/rv32imacxw/ilp32\libm.a
LOAD c:/mounriver/mounriver_studio/toolchain/risc-v embedded gcc/bin/../lib/gcc/riscv-none-embed/8.2.0/rv32imacxw/ilp32\libgcc.a
LOAD c:/mounriver/mounriver_studio/toolchain/risc-v embedded gcc/bin/../lib/gcc/riscv-none-embed/8.2.0/../../../../riscv-none-embed/lib/rv32imacxw/ilp32\libg_nano.a
LOAD c:/mounriver/mounriver_studio/toolchain/risc-v embedded gcc/bin/../lib/gcc/riscv-none-embed/8.2.0/../../../../riscv-none-embed/lib/rv32imacxw/ilp32\libc_nano.a
LOAD c:/mounriver/mounriver_studio/toolchain/risc-v embedded gcc/bin/../lib/gcc/riscv-none-embed/8.2.0/rv32imacxw/ilp32\libgcc.a
START GROUP
LOAD c:/mounriver/mounriver_studio/toolchain/risc-v embedded gcc/bin/../lib/gcc/riscv-none-embed/8.2.0/rv32imacxw/ilp32\libgcc.a
LOAD c:/mounriver/mounriver_studio/toolchain/risc-v embedded gcc/bin/../lib/gcc/riscv-none-embed/8.2.0/../../../../riscv-none-embed/lib/rv32imacxw/ilp32\libc_nano.a
LOAD c:/mounriver/mounriver_studio/toolchain/risc-v embedded gcc/bin/../lib/gcc/riscv-none-embed/8.2.0/../../../../riscv-none-embed/lib/rv32imacxw/ilp32\libnosys.a
END GROUP
START GROUP
LOAD c:/mounriver/mounriver_studio/toolchain/risc-v embedded gcc/bin/../lib/gcc/riscv-none-embed/8.2.0/rv32imacxw/ilp32\libgcc.a
LOAD c:/mounriver/mounriver_studio/toolchain/risc-v embedded gcc/bin/../lib/gcc/riscv-none-embed/8.2.0/../../../../riscv-none-embed/lib/rv32imacxw/ilp32\libc_nano.a
LOAD c:/mounriver/mounriver_studio/toolchain/risc-v embedded gcc/bin/../lib/gcc/riscv-none-embed/8.2.0/../../../../riscv-none-embed/lib/rv32imacxw/ilp32\libnosys.a
END GROUP
                0x0000000000000800                __stack_size = 0x800
                [!provide]                        PROVIDE (_stack_size = __stack_size)

.init           0x0000000000000000       0x38
                0x0000000000000000                _sinit = .
                0x0000000000000000                . = ALIGN (0x4)
 *(SORT_NONE(.init))
 .init          0x0000000000000000       0x38 ./Startup/startup_ch32v20x_D6.o
                0x0000000000000000                _start
                0x0000000000000038                . = ALIGN (0x4)
                0x0000000000000038                _einit = .

.vector         0x0000000000000038      0x108
 *(.vector)
 .vector        0x0000000000000038       0xfc ./Startup/startup_ch32v20x_D6.o
                0x0000000000000140                . = ALIGN (0x40)
 *fill*         0x0000000000000134        0xc 

.text           0x0000000000000200     0xefac
                0x0000000000000200                . = ALIGN (0x4)
 *(.text)
 .text          0x0000000000000200      0x2ee ./FreeRTOS/portable/GCC/RISC-V/portASM.o
                0x0000000000000200                SW_Handler
                0x0000000000000300                xPortStartFirstTask
                0x0000000000000400                pxPortInitialiseStack
 .text          0x00000000000004ee       0x60 c:/mounriver/mounriver_studio/toolchain/risc-v embedded gcc/bin/../lib/gcc/riscv-none-embed/8.2.0/rv32imacxw/ilp32\libgcc.a(save-restore.o)
                0x00000000000004ee                __riscv_save_12
                0x00000000000004f6                __riscv_save_9
                0x00000000000004f6                __riscv_save_11
                0x00000000000004f6                __riscv_save_10
                0x00000000000004f6                __riscv_save_8
                0x0000000000000504                __riscv_save_4
                0x0000000000000504                __riscv_save_6
                0x0000000000000504                __riscv_save_5
                0x0000000000000504                __riscv_save_7
                0x000000000000051e                __riscv_save_3
                0x000000000000051e                __riscv_save_2
                0x000000000000051e                __riscv_save_1
                0x000000000000051e                __riscv_save_0
                0x000000000000052a                __riscv_restore_12
                0x000000000000052e                __riscv_restore_11
                0x000000000000052e                __riscv_restore_9
                0x000000000000052e                __riscv_restore_10
                0x000000000000052e                __riscv_restore_8
                0x0000000000000538                __riscv_restore_5
                0x0000000000000538                __riscv_restore_7
                0x0000000000000538                __riscv_restore_6
                0x0000000000000538                __riscv_restore_4
                0x0000000000000542                __riscv_restore_3
                0x0000000000000542                __riscv_restore_0
                0x0000000000000542                __riscv_restore_2
                0x0000000000000542                __riscv_restore_1
 .text          0x000000000000054e       0xa8 c:/mounriver/mounriver_studio/toolchain/risc-v embedded gcc/bin/../lib/gcc/riscv-none-embed/8.2.0/../../../../riscv-none-embed/lib/rv32imacxw/ilp32\libg_nano.a(lib_a-memset.o)
                0x000000000000054e                memset
 *(.text.*)
 .text.xCanOpenProcessTaskHandle
                0x00000000000005f6        0xa ./User/CanOpenNode.o
                0x00000000000005f6                xCanOpenProcessTaskHandle
 .text.xCanOpenPeriodicTaskHandle
                0x0000000000000600        0xa ./User/CanOpenNode.o
                0x0000000000000600                xCanOpenPeriodicTaskHandle
 .text.vCanOpenInit
                0x000000000000060a        0xa ./User/CanOpenNode.o
                0x000000000000060a                vCanOpenInit
 .text.vCanOpenProcess
                0x0000000000000614      0x192 ./User/CanOpenNode.o
                0x0000000000000614                vCanOpenProcess
 .text.vCanOpenPeriodicProcess
                0x00000000000007a6       0x82 ./User/CanOpenNode.o
                0x00000000000007a6                vCanOpenPeriodicProcess
 .text.setReg32
                0x0000000000000828       0x1a ./User/DataModel.o
                0x0000000000000828                setReg32
 .text.setReg16
                0x0000000000000842        0xe ./User/DataModel.o
                0x0000000000000842                setReg16
 .text.SaveReg16
                0x0000000000000850       0x14 ./User/DataModel.o
                0x0000000000000850                SaveReg16
 .text.getReg16
                0x0000000000000864       0x10 ./User/DataModel.o
                0x0000000000000864                getReg16
 .text.DataModel_Init
                0x0000000000000874      0x47c ./User/DataModel.o
                0x0000000000000874                DataModel_Init
 .text.getReg32
                0x0000000000000cf0       0x1c ./User/DataModel.o
                0x0000000000000cf0                getReg32
 .text.getReg8  0x0000000000000d0c        0xa ./User/DataModel.o
                0x0000000000000d0c                getReg8
 .text.WriteReg
                0x0000000000000d16       0x56 ./User/DataModel.o
                0x0000000000000d16                WriteReg
 .text.vGetBitrate
                0x0000000000000d6c       0x2a ./User/DataModel.o
                0x0000000000000d6c                vGetBitrate
 .text.vFDGetNMTState
                0x0000000000000d96        0x6 ./User/DataModel.o
                0x0000000000000d96                vFDGetNMTState
 .text.vGetNodeId
                0x0000000000000d9c        0x6 ./User/DataModel.o
                0x0000000000000d9c                vGetNodeId
 .text.vIncrementSystemCounters
                0x0000000000000da2       0x66 ./User/DataModel.o
                0x0000000000000da2                vIncrementSystemCounters
 .text.vSaveData
                0x0000000000000e08       0x2c ./User/DataModel.o
                0x0000000000000e08                vSaveData
 .text.getOdometr
                0x0000000000000e34       0x12 ./User/DataModel.o
                0x0000000000000e34                getOdometr
 .text.NMI_Handler
                0x0000000000000e46        0x2 ./User/ch32v20x_it.o
                0x0000000000000e46                NMI_Handler
 .text.HardFault_Handler
                0x0000000000000e48        0x2 ./User/ch32v20x_it.o
                0x0000000000000e48                HardFault_Handler
 .text.SegPrint.constprop.5
                0x0000000000000e4a       0x56 ./User/dash_draw.o
 .text.xProcessTaskHandle
                0x0000000000000ea0        0xa ./User/dash_draw.o
                0x0000000000000ea0                xProcessTaskHandle
 .text.vSetErrorReg
                0x0000000000000eaa        0xa ./User/dash_draw.o
                0x0000000000000eaa                vSetErrorReg
 .text.getODValue
                0x0000000000000eb4      0x126 ./User/dash_draw.o
                0x0000000000000eb4                getODValue
 .text.IncMenuIndex
                0x0000000000000fda       0x80 ./User/dash_draw.o
                0x0000000000000fda                IncMenuIndex
 .text.GoToHome
                0x000000000000105a       0x12 ./User/dash_draw.o
                0x000000000000105a                GoToHome
 .text.SetCurMenuHome
                0x000000000000106c       0x1e ./User/dash_draw.o
                0x000000000000106c                SetCurMenuHome
 .text.GetCurMenuHome
                0x000000000000108a        0x6 ./User/dash_draw.o
                0x000000000000108a                GetCurMenuHome
 .text.SetCurrentMenu
                0x0000000000001090       0x12 ./User/dash_draw.o
                0x0000000000001090                SetCurrentMenu
 .text.SetDefault
                0x00000000000010a2       0x28 ./User/dash_draw.o
                0x00000000000010a2                SetDefault
 .text.MenuBackHomeCheck
                0x00000000000010ca       0x38 ./User/dash_draw.o
                0x00000000000010ca                MenuBackHomeCheck
 .text.CheckMenuChannel
                0x0000000000001102       0x20 ./User/dash_draw.o
                0x0000000000001102                CheckMenuChannel
 .text.vDashDrawInit
                0x0000000000001122       0x72 ./User/dash_draw.o
                0x0000000000001122                vDashDrawInit
 .text.SetErrorRegiter
                0x0000000000001194       0x5e ./User/dash_draw.o
                0x0000000000001194                SetErrorRegiter
 .text.uGetCurrMenu
                0x00000000000011f2       0x26 ./User/dash_draw.o
                0x00000000000011f2                uGetCurrMenu
 .text.vRGBOff  0x0000000000001218       0x26 ./User/dash_draw.o
                0x0000000000001218                vRGBOff
 .text.vGetEdgeData
                0x000000000000123e       0x2a ./User/dash_draw.o
                0x000000000000123e                vGetEdgeData
 .text.vRGBMode
                0x0000000000001268       0xd0 ./User/dash_draw.o
                0x0000000000001268                vRGBMode
 .text.vBarColorMode
                0x0000000000001338       0xc2 ./User/dash_draw.o
                0x0000000000001338                vBarColorMode
 .text.vBarWindowMode
                0x00000000000013fa       0x5a ./User/dash_draw.o
                0x00000000000013fa                vBarWindowMode
 .text.vBarMode
                0x0000000000001454       0x66 ./User/dash_draw.o
                0x0000000000001454                vBarMode
 .text.RedrawNotifyTaskToInit
                0x00000000000014ba       0x28 ./User/dash_draw.o
                0x00000000000014ba                RedrawNotifyTaskToInit
 .text.vRedrawTask
                0x00000000000014e2      0x5e2 ./User/dash_draw.o
                0x00000000000014e2                vRedrawTask
 .text.vInit_DeviceConfig
                0x0000000000001ac4      0x162 ./User/init.o
                0x0000000000001ac4                vInit_DeviceConfig
 .text.ADC1_Event
                0x0000000000001c26       0x48 ./User/inputs.o
                0x0000000000001c26                ADC1_Event
 .text.CaptureCallBack
                0x0000000000001c6e       0x30 ./User/inputs.o
                0x0000000000001c6e                CaptureCallBack
 .text.fDinStateCallback
                0x0000000000001c9e       0x32 ./User/inputs.o
                0x0000000000001c9e                fDinStateCallback
 .text.vSetDoutState
                0x0000000000001cd0       0x28 ./User/inputs.o
                0x0000000000001cd0                vSetDoutState
 .text.getInputsTaskHandle
                0x0000000000001cf8        0xa ./User/inputs.o
                0x0000000000001cf8                getInputsTaskHandle
 .text.InputsNotifyTaskToInit
                0x0000000000001d02       0x28 ./User/inputs.o
                0x0000000000001d02                InputsNotifyTaskToInit
 .text.ADC1_Init
                0x0000000000001d2a       0x54 ./User/inputs.o
                0x0000000000001d2a                ADC1_Init
 .text.ADC_FSM  0x0000000000001d7e       0xfe ./User/inputs.o
                0x0000000000001d7e                ADC_FSM
 .text.GetAIN   0x0000000000001e7c        0xc ./User/inputs.o
                0x0000000000001e7c                GetAIN
 .text.vInputsTask
                0x0000000000001e88      0x324 ./User/inputs.o
                0x0000000000001e88                vInputsTask
 .text.SPI1_DMA_Callback
                0x00000000000021ac       0x38 ./User/led.o
                0x00000000000021ac                SPI1_DMA_Callback
 .text.SPI2_DMA_Callback
                0x00000000000021e4       0x3e ./User/led.o
                0x00000000000021e4                SPI2_DMA_Callback
 .text.SetBarState
                0x0000000000002222       0x50 ./User/led.o
                0x0000000000002222                SetBarState
 .text.SetRGB   0x0000000000002272       0xa2 ./User/led.o
                0x0000000000002272                SetRGB
 .text.SetSegDirect
                0x0000000000002314       0x9c ./User/led.o
                0x0000000000002314                SetSegDirect
 .text.SetSegPoint
                0x00000000000023b0       0x22 ./User/led.o
                0x00000000000023b0                SetSegPoint
 .text.SetSEG   0x00000000000023d2      0x122 ./User/led.o
                0x00000000000023d2                SetSEG
 .text.SetBigSeg
                0x00000000000024f4       0x14 ./User/led.o
                0x00000000000024f4                SetBigSeg
 .text.vSetBrigth
                0x0000000000002508       0x2a ./User/led.o
                0x0000000000002508                vSetBrigth
 .text.vLedDriverStart
                0x0000000000002532       0x62 ./User/led.o
                0x0000000000002532                vLedDriverStart
 .text.vLedProcess
                0x0000000000002594       0x2c ./User/led.o
                0x0000000000002594                vLedProcess
 .text.vRGBProcess
                0x00000000000025c0      0x10e ./User/led.o
                0x00000000000025c0                vRGBProcess
 .text.startup.main
                0x00000000000026ce       0x20 ./User/main.o
                0x00000000000026ce                main
 .text.vRestartNode
                0x00000000000026ee        0x2 ./User/main.o
                0x00000000000026ee                vRestartNode
 .text.Error_Handler
                0x00000000000026f0        0x8 ./User/main.o
                0x00000000000026f0                Error_Handler
 .text.OD_writeV1_7
                0x00000000000026f8       0x34 ./User/process.o
 .text.OD_writeV8_14
                0x000000000000272c       0x34 ./User/process.o
 .text.OD_writeRGBMAP
                0x0000000000002760       0x40 ./User/process.o
 .text.OD_writeBitrate
                0x00000000000027a0       0x32 ./User/process.o
 .text.OD_readAIN_RPM
                0x00000000000027d2       0x24 ./User/process.o
 .text.OD_readDIN
                0x00000000000027f6       0x1c ./User/process.o
 .text.OD_writeMenuSetup
                0x0000000000002812       0x56 ./User/process.o
 .text.CO_getUint16
                0x0000000000002868       0x10 ./User/process.o
 .text.OD_writeV15_17
                0x0000000000002878       0x38 ./User/process.o
 .text.OD_writeBAR
                0x00000000000028b0       0x36 ./User/process.o
 .text.WriteRGB
                0x00000000000028e6       0x42 ./User/process.o
 .text.OD_writeRGB1
                0x0000000000002928       0x16 ./User/process.o
 .text.OD_writeRGB2
                0x000000000000293e       0x18 ./User/process.o
 .text.OD_writeRGB3
                0x0000000000002956       0x18 ./User/process.o
 .text.OD_writeRGB4
                0x000000000000296e       0x18 ./User/process.o
 .text.OD_writeRGB5
                0x0000000000002986       0x18 ./User/process.o
 .text.OD_writeRGB6
                0x000000000000299e       0x18 ./User/process.o
 .text.OD_writeRGB7
                0x00000000000029b6       0x18 ./User/process.o
 .text.OD_writeRGB8
                0x00000000000029ce       0x18 ./User/process.o
 .text.OD_writeRGB9
                0x00000000000029e6       0x18 ./User/process.o
 .text.OD_writeRGB10
                0x00000000000029fe       0x18 ./User/process.o
 .text.OD_writeRGB11
                0x0000000000002a16       0x18 ./User/process.o
 .text.OD_writeRGB12
                0x0000000000002a2e       0x18 ./User/process.o
 .text.OD_writeRGB13
                0x0000000000002a46       0x18 ./User/process.o
 .text.OD_writeSEG
                0x0000000000002a5e       0x4a ./User/process.o
 .text.CO_getUint32
                0x0000000000002aa8       0x18 ./User/process.o
 .text.OD_writeRPMConfig
                0x0000000000002ac0       0x3a ./User/process.o
 .text.OD_writeMenuMap
                0x0000000000002afa       0x36 ./User/process.o
 .text.OD_writeERROR_REG
                0x0000000000002b30       0x2a ./User/process.o
 .text.OD_writeDashParam
                0x0000000000002b5a       0x4e ./User/process.o
 .text.OD_readDashParam
                0x0000000000002ba8       0x4a ./User/process.o
 .text.writeADC.isra.2
                0x0000000000002bf2       0x7a ./User/process.o
 .text.OD_writeADC1
                0x0000000000002c6c       0x2a ./User/process.o
 .text.OD_writeADC2
                0x0000000000002c96       0x2a ./User/process.o
 .text.OD_writeADC3
                0x0000000000002cc0       0x2a ./User/process.o
 .text.OD_writeBrigth
                0x0000000000002cea       0x6a ./User/process.o
 .text.OD_readMenuSetup
                0x0000000000002d54       0x38 ./User/process.o
 .text.vProceesInit
                0x0000000000002d8c      0x238 ./User/process.o
                0x0000000000002d8c                vProceesInit
 .text.SystemInit
                0x0000000000002fc4       0xee ./User/system_ch32v20x.o
                0x0000000000002fc4                SystemInit
 .text.SystemCoreClockUpdate
                0x00000000000030b2       0x92 ./User/system_ch32v20x.o
                0x00000000000030b2                SystemCoreClockUpdate
 .text.StartDefaultTask
                0x0000000000003144       0x86 ./User/system_init.o
 .text.vApplicationGetIdleTaskMemory
                0x00000000000031ca       0x1c ./User/system_init.o
                0x00000000000031ca                vApplicationGetIdleTaskMemory
 .text.vApplicationGetTimerTaskMemory
                0x00000000000031e6       0x1c ./User/system_init.o
                0x00000000000031e6                vApplicationGetTimerTaskMemory
 .text.vSYStaskInit
                0x0000000000003202      0x110 ./User/system_init.o
                0x0000000000003202                vSYStaskInit
 .text.vSYSeventInit
                0x0000000000003312        0x2 ./User/system_init.o
                0x0000000000003312                vSYSeventInit
 .text.vector_handler
                0x0000000000003314       0x6c ./Startup/startup_ch32v20x_D6.o
                0x0000000000003318                Ecall_M_Mode_Handler
                0x000000000000331a                Ecall_U_Mode_Handler
                0x000000000000331c                Break_Point_Handler
                0x0000000000003322                WWDG_IRQHandler
                0x0000000000003324                PVD_IRQHandler
                0x0000000000003326                TAMPER_IRQHandler
                0x000000000000332a                FLASH_IRQHandler
                0x000000000000332c                RCC_IRQHandler
                0x000000000000332e                EXTI0_IRQHandler
                0x0000000000003330                EXTI1_IRQHandler
                0x0000000000003332                EXTI2_IRQHandler
                0x0000000000003334                EXTI3_IRQHandler
                0x0000000000003336                EXTI4_IRQHandler
                0x000000000000333a                DMA1_Channel2_IRQHandler
                0x0000000000003342                DMA1_Channel6_IRQHandler
                0x0000000000003350                EXTI9_5_IRQHandler
                0x0000000000003352                TIM1_BRK_IRQHandler
                0x0000000000003356                TIM1_TRG_COM_IRQHandler
                0x0000000000003368                SPI1_IRQHandler
                0x000000000000336a                SPI2_IRQHandler
                0x000000000000336c                USART1_IRQHandler
                0x000000000000336e                USART2_IRQHandler
                0x0000000000003370                USART3_IRQHandler
                0x0000000000003372                EXTI15_10_IRQHandler
                0x0000000000003374                RTCAlarm_IRQHandler
                0x0000000000003376                USBWakeUp_IRQHandler
                0x0000000000003378                USBHD_IRQHandler
                0x000000000000337a                USBHDWakeUp_IRQHandler
                0x000000000000337c                UART4_IRQHandler
                0x000000000000337e                DMA1_Channel8_IRQHandler
 .text.handle_reset
                0x0000000000003380       0x92 ./Startup/startup_ch32v20x_D6.o
                0x0000000000003380                handle_reset
 .text.ADC_DeInit
                0x0000000000003412       0x46 ./Peripheral/src/ch32v20x_adc.o
                0x0000000000003412                ADC_DeInit
 .text.ADC_Init
                0x0000000000003458       0x56 ./Peripheral/src/ch32v20x_adc.o
                0x0000000000003458                ADC_Init
 .text.ADC_Cmd  0x00000000000034ae       0x10 ./Peripheral/src/ch32v20x_adc.o
                0x00000000000034ae                ADC_Cmd
 .text.ADC_DMACmd
                0x00000000000034be       0x12 ./Peripheral/src/ch32v20x_adc.o
                0x00000000000034be                ADC_DMACmd
 .text.ADC_ResetCalibration
                0x00000000000034d0        0xa ./Peripheral/src/ch32v20x_adc.o
                0x00000000000034d0                ADC_ResetCalibration
 .text.ADC_GetResetCalibrationStatus
                0x00000000000034da        0x8 ./Peripheral/src/ch32v20x_adc.o
                0x00000000000034da                ADC_GetResetCalibrationStatus
 .text.ADC_StartCalibration
                0x00000000000034e2        0xa ./Peripheral/src/ch32v20x_adc.o
                0x00000000000034e2                ADC_StartCalibration
 .text.ADC_GetCalibrationStatus
                0x00000000000034ec        0x8 ./Peripheral/src/ch32v20x_adc.o
                0x00000000000034ec                ADC_GetCalibrationStatus
 .text.ADC_SoftwareStartConvCmd
                0x00000000000034f4       0x18 ./Peripheral/src/ch32v20x_adc.o
                0x00000000000034f4                ADC_SoftwareStartConvCmd
 .text.ADC_RegularChannelConfig
                0x000000000000350c       0xb8 ./Peripheral/src/ch32v20x_adc.o
                0x000000000000350c                ADC_RegularChannelConfig
 .text.ADC_ExternalTrigConvCmd
                0x00000000000035c4       0x18 ./Peripheral/src/ch32v20x_adc.o
                0x00000000000035c4                ADC_ExternalTrigConvCmd
 .text.ADC_GetITStatus
                0x00000000000035dc       0x1c ./Peripheral/src/ch32v20x_adc.o
                0x00000000000035dc                ADC_GetITStatus
 .text.ADC_ClearITPendingBit
                0x00000000000035f8        0xa ./Peripheral/src/ch32v20x_adc.o
                0x00000000000035f8                ADC_ClearITPendingBit
 .text.ADC_BufferCmd
                0x0000000000003602       0x18 ./Peripheral/src/ch32v20x_adc.o
                0x0000000000003602                ADC_BufferCmd
 .text.Get_CalibrationValue
                0x000000000000361a      0x1fe ./Peripheral/src/ch32v20x_adc.o
                0x000000000000361a                Get_CalibrationValue
 .text.BKP_DeInit
                0x0000000000003818       0x14 ./Peripheral/src/ch32v20x_bkp.o
                0x0000000000003818                BKP_DeInit
 .text.CAN_Init
                0x000000000000382c       0xe8 ./Peripheral/src/ch32v20x_can.o
                0x000000000000382c                CAN_Init
 .text.CAN_FilterInit
                0x0000000000003914      0x118 ./Peripheral/src/ch32v20x_can.o
                0x0000000000003914                CAN_FilterInit
 .text.CAN_Transmit
                0x0000000000003a2c       0xbc ./Peripheral/src/ch32v20x_can.o
                0x0000000000003a2c                CAN_Transmit
 .text.CAN_Receive
                0x0000000000003ae8       0x8c ./Peripheral/src/ch32v20x_can.o
                0x0000000000003ae8                CAN_Receive
 .text.CAN_OperatingModeRequest
                0x0000000000003b74       0x72 ./Peripheral/src/ch32v20x_can.o
                0x0000000000003b74                CAN_OperatingModeRequest
 .text.CAN_ITConfig
                0x0000000000003be6       0x12 ./Peripheral/src/ch32v20x_can.o
                0x0000000000003be6                CAN_ITConfig
 .text.CAN_GetFlagStatus
                0x0000000000003bf8       0x56 ./Peripheral/src/ch32v20x_can.o
                0x0000000000003bf8                CAN_GetFlagStatus
 .text.CAN_ClearFlag
                0x0000000000003c4e       0x40 ./Peripheral/src/ch32v20x_can.o
                0x0000000000003c4e                CAN_ClearFlag
 .text.CAN_ClearITPendingBit
                0x0000000000003c8e       0x94 ./Peripheral/src/ch32v20x_can.o
                0x0000000000003c8e                CAN_ClearITPendingBit
 .text.DMA_Init
                0x0000000000003d22       0x38 ./Peripheral/src/ch32v20x_dma.o
                0x0000000000003d22                DMA_Init
 .text.DMA_Cmd  0x0000000000003d5a       0x14 ./Peripheral/src/ch32v20x_dma.o
                0x0000000000003d5a                DMA_Cmd
 .text.DMA_ITConfig
                0x0000000000003d6e       0x12 ./Peripheral/src/ch32v20x_dma.o
                0x0000000000003d6e                DMA_ITConfig
 .text.DMA_SetCurrDataCounter
                0x0000000000003d80        0x4 ./Peripheral/src/ch32v20x_dma.o
                0x0000000000003d80                DMA_SetCurrDataCounter
 .text.DMA_GetFlagStatus
                0x0000000000003d84        0xe ./Peripheral/src/ch32v20x_dma.o
                0x0000000000003d84                DMA_GetFlagStatus
 .text.DMA_GetITStatus
                0x0000000000003d92        0xc ./Peripheral/src/ch32v20x_dma.o
                0x0000000000003d92                DMA_GetITStatus
 .text.DMA_ClearITPendingBit
                0x0000000000003d9e        0x8 ./Peripheral/src/ch32v20x_dma.o
                0x0000000000003d9e                DMA_ClearITPendingBit
 .text.GPIO_Init
                0x0000000000003da6       0xfa ./Peripheral/src/ch32v20x_gpio.o
                0x0000000000003da6                GPIO_Init
 .text.GPIO_ReadInputDataBit
                0x0000000000003ea0       0x1e ./Peripheral/src/ch32v20x_gpio.o
                0x0000000000003ea0                GPIO_ReadInputDataBit
 .text.GPIO_SetBits
                0x0000000000003ebe       0x18 ./Peripheral/src/ch32v20x_gpio.o
                0x0000000000003ebe                GPIO_SetBits
 .text.GPIO_ResetBits
                0x0000000000003ed6       0x18 ./Peripheral/src/ch32v20x_gpio.o
                0x0000000000003ed6                GPIO_ResetBits
 .text.GPIO_PinRemapConfig
                0x0000000000003eee       0xf2 ./Peripheral/src/ch32v20x_gpio.o
                0x0000000000003eee                GPIO_PinRemapConfig
 .text.I2C_DeInit
                0x0000000000003fe0       0x32 ./Peripheral/src/ch32v20x_i2c.o
                0x0000000000003fe0                I2C_DeInit
 .text.I2C_Init
                0x0000000000004012       0xf2 ./Peripheral/src/ch32v20x_i2c.o
                0x0000000000004012                I2C_Init
 .text.I2C_Cmd  0x0000000000004104       0x18 ./Peripheral/src/ch32v20x_i2c.o
                0x0000000000004104                I2C_Cmd
 .text.I2C_GenerateSTART
                0x000000000000411c       0x1a ./Peripheral/src/ch32v20x_i2c.o
                0x000000000000411c                I2C_GenerateSTART
 .text.I2C_GenerateSTOP
                0x0000000000004136       0x1a ./Peripheral/src/ch32v20x_i2c.o
                0x0000000000004136                I2C_GenerateSTOP
 .text.I2C_AcknowledgeConfig
                0x0000000000004150       0x1a ./Peripheral/src/ch32v20x_i2c.o
                0x0000000000004150                I2C_AcknowledgeConfig
 .text.I2C_DualAddressCmd
                0x000000000000416a       0x18 ./Peripheral/src/ch32v20x_i2c.o
                0x000000000000416a                I2C_DualAddressCmd
 .text.I2C_ITConfig
                0x0000000000004182       0x12 ./Peripheral/src/ch32v20x_i2c.o
                0x0000000000004182                I2C_ITConfig
 .text.I2C_SendData
                0x0000000000004194        0x4 ./Peripheral/src/ch32v20x_i2c.o
                0x0000000000004194                I2C_SendData
 .text.I2C_ReceiveData
                0x0000000000004198        0x8 ./Peripheral/src/ch32v20x_i2c.o
                0x0000000000004198                I2C_ReceiveData
 .text.I2C_Send7bitAddress
                0x00000000000041a0       0x12 ./Peripheral/src/ch32v20x_i2c.o
                0x00000000000041a0                I2C_Send7bitAddress
 .text.I2C_ReadRegister
                0x00000000000041b2       0x14 ./Peripheral/src/ch32v20x_i2c.o
                0x00000000000041b2                I2C_ReadRegister
 .text.I2C_GetFlagStatus
                0x00000000000041c6       0x32 ./Peripheral/src/ch32v20x_i2c.o
                0x00000000000041c6                I2C_GetFlagStatus
 .text.I2C_ClearFlag
                0x00000000000041f8        0xc ./Peripheral/src/ch32v20x_i2c.o
                0x00000000000041f8                I2C_ClearFlag
 .text.NVIC_PriorityGroupConfig
                0x0000000000004204        0xa ./Peripheral/src/ch32v20x_misc.o
                0x0000000000004204                NVIC_PriorityGroupConfig
 .text.NVIC_Init
                0x000000000000420e       0xaa ./Peripheral/src/ch32v20x_misc.o
                0x000000000000420e                NVIC_Init
 .text.PWR_BackupAccessCmd
                0x00000000000042b8       0x16 ./Peripheral/src/ch32v20x_pwr.o
                0x00000000000042b8                PWR_BackupAccessCmd
 .text.RCC_ADCCLKConfig
                0x00000000000042ce       0x12 ./Peripheral/src/ch32v20x_rcc.o
                0x00000000000042ce                RCC_ADCCLKConfig
 .text.RCC_LSEConfig
                0x00000000000042e0       0x28 ./Peripheral/src/ch32v20x_rcc.o
                0x00000000000042e0                RCC_LSEConfig
 .text.RCC_RTCCLKConfig
                0x0000000000004308        0xc ./Peripheral/src/ch32v20x_rcc.o
                0x0000000000004308                RCC_RTCCLKConfig
 .text.RCC_RTCCLKCmd
                0x0000000000004314       0x20 ./Peripheral/src/ch32v20x_rcc.o
                0x0000000000004314                RCC_RTCCLKCmd
 .text.RCC_GetClocksFreq
                0x0000000000004334       0xbe ./Peripheral/src/ch32v20x_rcc.o
                0x0000000000004334                RCC_GetClocksFreq
 .text.RCC_AHBPeriphClockCmd
                0x00000000000043f2       0x1e ./Peripheral/src/ch32v20x_rcc.o
                0x00000000000043f2                RCC_AHBPeriphClockCmd
 .text.RCC_APB2PeriphClockCmd
                0x0000000000004410       0x1e ./Peripheral/src/ch32v20x_rcc.o
                0x0000000000004410                RCC_APB2PeriphClockCmd
 .text.RCC_APB1PeriphClockCmd
                0x000000000000442e       0x1e ./Peripheral/src/ch32v20x_rcc.o
                0x000000000000442e                RCC_APB1PeriphClockCmd
 .text.RCC_APB2PeriphResetCmd
                0x000000000000444c       0x1e ./Peripheral/src/ch32v20x_rcc.o
                0x000000000000444c                RCC_APB2PeriphResetCmd
 .text.RCC_APB1PeriphResetCmd
                0x000000000000446a       0x1e ./Peripheral/src/ch32v20x_rcc.o
                0x000000000000446a                RCC_APB1PeriphResetCmd
 .text.RCC_BackupResetCmd
                0x0000000000004488       0x20 ./Peripheral/src/ch32v20x_rcc.o
                0x0000000000004488                RCC_BackupResetCmd
 .text.RCC_GetFlagStatus
                0x00000000000044a8       0x2e ./Peripheral/src/ch32v20x_rcc.o
                0x00000000000044a8                RCC_GetFlagStatus
 .text.RTC_ITConfig
                0x00000000000044d6       0x1a ./Peripheral/src/ch32v20x_rtc.o
                0x00000000000044d6                RTC_ITConfig
 .text.RTC_EnterConfigMode
                0x00000000000044f0       0x12 ./Peripheral/src/ch32v20x_rtc.o
                0x00000000000044f0                RTC_EnterConfigMode
 .text.RTC_ExitConfigMode
                0x0000000000004502       0x18 ./Peripheral/src/ch32v20x_rtc.o
                0x0000000000004502                RTC_ExitConfigMode
 .text.RTC_SetPrescaler
                0x000000000000451a       0x2e ./Peripheral/src/ch32v20x_rtc.o
                0x000000000000451a                RTC_SetPrescaler
 .text.RTC_WaitForLastTask
                0x0000000000004548       0x10 ./Peripheral/src/ch32v20x_rtc.o
                0x0000000000004548                RTC_WaitForLastTask
 .text.RTC_WaitForSynchro
                0x0000000000004558       0x24 ./Peripheral/src/ch32v20x_rtc.o
                0x0000000000004558                RTC_WaitForSynchro
 .text.RTC_ClearFlag
                0x000000000000457c       0x14 ./Peripheral/src/ch32v20x_rtc.o
                0x000000000000457c                RTC_ClearFlag
 .text.RTC_GetITStatus
                0x0000000000004590       0x20 ./Peripheral/src/ch32v20x_rtc.o
                0x0000000000004590                RTC_GetITStatus
 .text.RTC_ClearITPendingBit
                0x00000000000045b0        0xc ./Peripheral/src/ch32v20x_rtc.o
                0x00000000000045b0                RTC_ClearITPendingBit
 .text.SPI_I2S_DeInit
                0x00000000000045bc       0x3e ./Peripheral/src/ch32v20x_spi.o
                0x00000000000045bc                SPI_I2S_DeInit
 .text.SPI_Init
                0x00000000000045fa       0x3e ./Peripheral/src/ch32v20x_spi.o
                0x00000000000045fa                SPI_Init
 .text.SPI_Cmd  0x0000000000004638       0x1a ./Peripheral/src/ch32v20x_spi.o
                0x0000000000004638                SPI_Cmd
 .text.SPI_I2S_DMACmd
                0x0000000000004652       0x12 ./Peripheral/src/ch32v20x_spi.o
                0x0000000000004652                SPI_I2S_DMACmd
 .text.SPI_I2S_GetFlagStatus
                0x0000000000004664        0xa ./Peripheral/src/ch32v20x_spi.o
                0x0000000000004664                SPI_I2S_GetFlagStatus
 .text.SPI_I2S_ClearFlag
                0x000000000000466e        0xc ./Peripheral/src/ch32v20x_spi.o
                0x000000000000466e                SPI_I2S_ClearFlag
 .text.TI1_Config
                0x000000000000467a       0x6a ./Peripheral/src/ch32v20x_tim.o
 .text.TI2_Config
                0x00000000000046e4       0x82 ./Peripheral/src/ch32v20x_tim.o
 .text.TIM_DeInit
                0x0000000000004766       0x8a ./Peripheral/src/ch32v20x_tim.o
                0x0000000000004766                TIM_DeInit
 .text.TIM_TimeBaseInit
                0x00000000000047f0       0x6a ./Peripheral/src/ch32v20x_tim.o
                0x00000000000047f0                TIM_TimeBaseInit
 .text.TIM_OC1Init
                0x000000000000485a       0x6a ./Peripheral/src/ch32v20x_tim.o
                0x000000000000485a                TIM_OC1Init
 .text.TIM_OC2Init
                0x00000000000048c4       0x96 ./Peripheral/src/ch32v20x_tim.o
                0x00000000000048c4                TIM_OC2Init
 .text.TIM_OC3Init
                0x000000000000495a       0x94 ./Peripheral/src/ch32v20x_tim.o
                0x000000000000495a                TIM_OC3Init
 .text.TIM_OC4Init
                0x00000000000049ee       0x6c ./Peripheral/src/ch32v20x_tim.o
                0x00000000000049ee                TIM_OC4Init
 .text.TIM_TimeBaseStructInit
                0x0000000000004a5a       0x16 ./Peripheral/src/ch32v20x_tim.o
                0x0000000000004a5a                TIM_TimeBaseStructInit
 .text.TIM_Cmd  0x0000000000004a70       0x18 ./Peripheral/src/ch32v20x_tim.o
                0x0000000000004a70                TIM_Cmd
 .text.TIM_CtrlPWMOutputs
                0x0000000000004a88       0x16 ./Peripheral/src/ch32v20x_tim.o
                0x0000000000004a88                TIM_CtrlPWMOutputs
 .text.TIM_ITConfig
                0x0000000000004a9e       0x12 ./Peripheral/src/ch32v20x_tim.o
                0x0000000000004a9e                TIM_ITConfig
 .text.TIM_DMACmd
                0x0000000000004ab0        0xc ./Peripheral/src/ch32v20x_tim.o
                0x0000000000004ab0                TIM_DMACmd
 .text.TIM_InternalClockConfig
                0x0000000000004abc       0x10 ./Peripheral/src/ch32v20x_tim.o
                0x0000000000004abc                TIM_InternalClockConfig
 .text.TIM_ARRPreloadConfig
                0x0000000000004acc       0x1a ./Peripheral/src/ch32v20x_tim.o
                0x0000000000004acc                TIM_ARRPreloadConfig
 .text.TIM_OC1PreloadConfig
                0x0000000000004ae6        0xe ./Peripheral/src/ch32v20x_tim.o
                0x0000000000004ae6                TIM_OC1PreloadConfig
 .text.TIM_OC2PreloadConfig
                0x0000000000004af4       0x16 ./Peripheral/src/ch32v20x_tim.o
                0x0000000000004af4                TIM_OC2PreloadConfig
 .text.TIM_OC3PreloadConfig
                0x0000000000004b0a        0xe ./Peripheral/src/ch32v20x_tim.o
                0x0000000000004b0a                TIM_OC3PreloadConfig
 .text.TIM_OC4PreloadConfig
                0x0000000000004b18       0x16 ./Peripheral/src/ch32v20x_tim.o
                0x0000000000004b18                TIM_OC4PreloadConfig
 .text.TIM_SetIC1Prescaler
                0x0000000000004b2e       0x16 ./Peripheral/src/ch32v20x_tim.o
                0x0000000000004b2e                TIM_SetIC1Prescaler
 .text.TIM_SetIC2Prescaler
                0x0000000000004b44       0x1a ./Peripheral/src/ch32v20x_tim.o
                0x0000000000004b44                TIM_SetIC2Prescaler
 .text.TIM_SetIC3Prescaler
                0x0000000000004b5e       0x16 ./Peripheral/src/ch32v20x_tim.o
                0x0000000000004b5e                TIM_SetIC3Prescaler
 .text.TIM_SetIC4Prescaler
                0x0000000000004b74       0x1a ./Peripheral/src/ch32v20x_tim.o
                0x0000000000004b74                TIM_SetIC4Prescaler
 .text.TIM_ICInit
                0x0000000000004b8e      0x168 ./Peripheral/src/ch32v20x_tim.o
                0x0000000000004b8e                TIM_ICInit
 .text.TIM_GetCapture3
                0x0000000000004cf6        0x4 ./Peripheral/src/ch32v20x_tim.o
                0x0000000000004cf6                TIM_GetCapture3
 .text.TIM_GetCapture4
                0x0000000000004cfa        0x6 ./Peripheral/src/ch32v20x_tim.o
                0x0000000000004cfa                TIM_GetCapture4
 .text.TIM_GetFlagStatus
                0x0000000000004d00        0xa ./Peripheral/src/ch32v20x_tim.o
                0x0000000000004d00                TIM_GetFlagStatus
 .text.TIM_ClearFlag
                0x0000000000004d0a        0xc ./Peripheral/src/ch32v20x_tim.o
                0x0000000000004d0a                TIM_ClearFlag
 .text.TIM_GetITStatus
                0x0000000000004d16       0x18 ./Peripheral/src/ch32v20x_tim.o
                0x0000000000004d16                TIM_GetITStatus
 .text.TIM_ClearITPendingBit
                0x0000000000004d2e        0xc ./Peripheral/src/ch32v20x_tim.o
                0x0000000000004d2e                TIM_ClearITPendingBit
 .text.USART_SendData
                0x0000000000004d3a        0x8 ./Peripheral/src/ch32v20x_usart.o
                0x0000000000004d3a                USART_SendData
 .text.USART_GetFlagStatus
                0x0000000000004d42        0xa ./Peripheral/src/ch32v20x_usart.o
                0x0000000000004d42                USART_GetFlagStatus
 .text.vAINInit
                0x0000000000004d4c       0x36 ./HWLIB/hw_lib_adc.o
                0x0000000000004d4c                vAINInit
 .text.fGetAinCalData
                0x0000000000004d82       0xb2 ./HWLIB/hw_lib_adc.o
                0x0000000000004d82                fGetAinCalData
 .text.eAinCalDataConfig
                0x0000000000004e34       0x48 ./HWLIB/hw_lib_adc.o
                0x0000000000004e34                eAinCalDataConfig
 .text.vABLineKoofFinde
                0x0000000000004e7c       0x6a ./HWLIB/hw_lib_adc.o
                0x0000000000004e7c                vABLineKoofFinde
 .text.eSetAinCalPoint
                0x0000000000004ee6       0x64 ./HWLIB/hw_lib_adc.o
                0x0000000000004ee6                eSetAinCalPoint
 .text.getADC1Buffer
                0x0000000000004f4a        0xa ./HWLIB/hw_lib_adc.o
                0x0000000000004f4a                getADC1Buffer
 .text.eDOUTConfigWtihStruct
                0x0000000000004f54       0x1a ./HWLIB/hw_lib_din.o
                0x0000000000004f54                eDOUTConfigWtihStruct
 .text.eSetDUT  0x0000000000004f6e       0x12 ./HWLIB/hw_lib_din.o
                0x0000000000004f6e                eSetDUT
 .text.eDinConfigWtihStruct
                0x0000000000004f80       0x32 ./HWLIB/hw_lib_din.o
                0x0000000000004f80                eDinConfigWtihStruct
 .text.uGetDIN  0x0000000000004fb2       0x14 ./HWLIB/hw_lib_din.o
                0x0000000000004fb2                uGetDIN
 .text.xGetDIN  0x0000000000004fc6       0x24 ./HWLIB/hw_lib_din.o
                0x0000000000004fc6                xGetDIN
 .text.eRPMConfig
                0x0000000000004fea       0x5a ./HWLIB/hw_lib_din.o
                0x0000000000004fea                eRPMConfig
 .text.RMPDataConvert
                0x0000000000005044       0x78 ./HWLIB/hw_lib_din.o
                0x0000000000005044                RMPDataConvert
 .text.getCaputreBuffer
                0x00000000000050bc       0x16 ./HWLIB/hw_lib_din.o
                0x00000000000050bc                getCaputreBuffer
 .text.GetRPM   0x00000000000050d2       0x74 ./HWLIB/hw_lib_din.o
                0x00000000000050d2                GetRPM
 .text.xGetRPM  0x0000000000005146       0x72 ./HWLIB/hw_lib_din.o
                0x0000000000005146                xGetRPM
 .text.vDinDoutProcess
                0x00000000000051b8       0x98 ./HWLIB/hw_lib_din.o
                0x00000000000051b8                vDinDoutProcess
 .text.vInitEEPROM
                0x0000000000005250       0x18 ./HWLIB/hw_lib_eeprom.o
                0x0000000000005250                vInitEEPROM
 .text.xGetEEPROM
                0x0000000000005268        0xa ./HWLIB/hw_lib_eeprom.o
                0x0000000000005268                xGetEEPROM
 .text.eEEPROMWr
                0x0000000000005272       0xb0 ./HWLIB/hw_lib_eeprom.o
                0x0000000000005272                eEEPROMWr
 .text.eEEPROMRd
                0x0000000000005322       0x34 ./HWLIB/hw_lib_eeprom.o
                0x0000000000005322                eEEPROMRd
 .text.bReadEEPROM
                0x0000000000005356       0x1a ./HWLIB/hw_lib_eeprom.o
                0x0000000000005356                bReadEEPROM
 .text.Get_ConversionVal
                0x0000000000005370       0x2e ./HAL/hal_adc.o
                0x0000000000005370                Get_ConversionVal
 .text.HAL_ADC_CommonConfig
                0x000000000000539e        0xe ./HAL/hal_adc.o
                0x000000000000539e                HAL_ADC_CommonConfig
 .text.HAL_ADC_ContiniusScanCinvertionDMA
                0x00000000000053ac       0xda ./HAL/hal_adc.o
                0x00000000000053ac                HAL_ADC_ContiniusScanCinvertionDMA
 .text.ADC1_2_IRQHandler
                0x0000000000005486       0x74 ./HAL/hal_adc.o
                0x0000000000005486                ADC1_2_IRQHandler
 .text.HAL_CANSetTXCallback
                0x00000000000054fa        0xa ./HAL/hal_can.o
                0x00000000000054fa                HAL_CANSetTXCallback
 .text.HAL_CANSetRXCallback
                0x0000000000005504        0xa ./HAL/hal_can.o
                0x0000000000005504                HAL_CANSetRXCallback
 .text.HAL_CANSetERRCallback
                0x000000000000550e        0xa ./HAL/hal_can.o
                0x000000000000550e                HAL_CANSetERRCallback
 .text.HAL_CANIntIT
                0x0000000000005518      0x124 ./HAL/hal_can.o
                0x0000000000005518                HAL_CANIntIT
 .text.HAL_CANToInitMode
                0x000000000000563c       0x16 ./HAL/hal_can.o
                0x000000000000563c                HAL_CANToInitMode
 .text.HAL_CANToOperatingMode
                0x0000000000005652       0x16 ./HAL/hal_can.o
                0x0000000000005652                HAL_CANToOperatingMode
 .text.HAL_CANSend
                0x0000000000005668       0x50 ./HAL/hal_can.o
                0x0000000000005668                HAL_CANSend
 .text.HAL_CANSetFiters
                0x00000000000056b8       0x3a ./HAL/hal_can.o
                0x00000000000056b8                HAL_CANSetFiters
 .text.HAL_CANGetRXMessage
                0x00000000000056f2       0x52 ./HAL/hal_can.o
                0x00000000000056f2                HAL_CANGetRXMessage
 .text.USB_HP_CAN1_TX_IRQHandler
                0x0000000000005744       0xd6 ./HAL/hal_can.o
                0x0000000000005744                USB_HP_CAN1_TX_IRQHandler
 .text.USB_LP_CAN1_RX0_IRQHandler
                0x000000000000581a       0x62 ./HAL/hal_can.o
                0x000000000000581a                USB_LP_CAN1_RX0_IRQHandler
 .text.CAN1_RX1_IRQHandler
                0x000000000000587c       0x64 ./HAL/hal_can.o
                0x000000000000587c                CAN1_RX1_IRQHandler
 .text.CAN1_SCE_IRQHandler
                0x00000000000058e0       0x62 ./HAL/hal_can.o
                0x00000000000058e0                CAN1_SCE_IRQHandler
 .text.HAL_DMA_Enable
                0x0000000000005942        0xe ./HAL/hal_dma.o
                0x0000000000005942                HAL_DMA_Enable
 .text.HAL_DMA_Disable
                0x0000000000005950        0xe ./HAL/hal_dma.o
                0x0000000000005950                HAL_DMA_Disable
 .text.HAL_DMA_SetCounter
                0x000000000000595e       0x10 ./HAL/hal_dma.o
                0x000000000000595e                HAL_DMA_SetCounter
 .text.HAL_DMAInitIT
                0x000000000000596e      0x172 ./HAL/hal_dma.o
                0x000000000000596e                HAL_DMAInitIT
 .text.HAL_ADC_StartDMA
                0x0000000000005ae0       0x64 ./HAL/hal_dma.o
                0x0000000000005ae0                HAL_ADC_StartDMA
 .text.DMA1_Channel1_IRQHandler
                0x0000000000005b44       0x64 ./HAL/hal_dma.o
                0x0000000000005b44                DMA1_Channel1_IRQHandler
 .text.DMA1_Channel3_IRQHandler
                0x0000000000005ba8       0x68 ./HAL/hal_dma.o
                0x0000000000005ba8                DMA1_Channel3_IRQHandler
 .text.DMA1_Channel5_IRQHandler
                0x0000000000005c10       0x66 ./HAL/hal_dma.o
                0x0000000000005c10                DMA1_Channel5_IRQHandler
 .text.DMA1_Channel4_IRQHandler
                0x0000000000005c76       0x64 ./HAL/hal_dma.o
                0x0000000000005c76                DMA1_Channel4_IRQHandler
 .text.DMA1_Channel7_IRQHandler
                0x0000000000005cda       0x68 ./HAL/hal_dma.o
                0x0000000000005cda                DMA1_Channel7_IRQHandler
 .text.HAL_InitGpioLib
                0x0000000000005d42       0x12 ./HAL/hal_gpio.o
                0x0000000000005d42                HAL_InitGpioLib
 .text.HAL_InitGpioRCC
                0x0000000000005d54       0xb6 ./HAL/hal_gpio.o
                0x0000000000005d54                HAL_InitGpioRCC
 .text.HAL_InitGpioOut
                0x0000000000005e0a       0x28 ./HAL/hal_gpio.o
                0x0000000000005e0a                HAL_InitGpioOut
 .text.HAL_InitGpioAIN
                0x0000000000005e32       0x26 ./HAL/hal_gpio.o
                0x0000000000005e32                HAL_InitGpioAIN
 .text.HAL_InitGpioIn
                0x0000000000005e58       0x28 ./HAL/hal_gpio.o
                0x0000000000005e58                HAL_InitGpioIn
 .text.HAL_InitGpioAF
                0x0000000000005e80       0x3c ./HAL/hal_gpio.o
                0x0000000000005e80                HAL_InitGpioAF
 .text.HAL_GetBit
                0x0000000000005ebc        0xc ./HAL/hal_gpio.o
                0x0000000000005ebc                HAL_GetBit
 .text.HAL_SetBit
                0x0000000000005ec8        0xc ./HAL/hal_gpio.o
                0x0000000000005ec8                HAL_SetBit
 .text.HAL_ResetBit
                0x0000000000005ed4        0xc ./HAL/hal_gpio.o
                0x0000000000005ed4                HAL_ResetBit
 .text.I2C_Master_TransmitIT
                0x0000000000005ee0       0xa4 ./HAL/hal_i2c.o
 .text.I2C_Master_ReviceIT
                0x0000000000005f84       0xb8 ./HAL/hal_i2c.o
 .text.I2C_FSM  0x000000000000603c      0x1d6 ./HAL/hal_i2c.o
 .text.InitI2CDMA
                0x0000000000006212       0xe0 ./HAL/hal_i2c.o
                0x0000000000006212                InitI2CDMA
 .text.I2C1_EV_IRQHandler
                0x00000000000062f2       0x4c ./HAL/hal_i2c.o
                0x00000000000062f2                I2C1_EV_IRQHandler
 .text.I2C1_ER_IRQHandler
                0x000000000000633e       0x4c ./HAL/hal_i2c.o
                0x000000000000633e                I2C1_ER_IRQHandler
 .text.I2C2_EV_IRQHandler
                0x000000000000638a       0x4c ./HAL/hal_i2c.o
                0x000000000000638a                I2C2_EV_IRQHandler
 .text.I2C2_ER_IRQHandler
                0x00000000000063d6       0x4c ./HAL/hal_i2c.o
                0x00000000000063d6                I2C2_ER_IRQHandler
 .text.HAL_RTC_IT_Init
                0x0000000000006422       0xb0 ./HAL/hal_rtc.o
                0x0000000000006422                HAL_RTC_IT_Init
 .text.RTC_IRQHandler
                0x00000000000064d2       0x64 ./HAL/hal_rtc.o
                0x00000000000064d2                RTC_IRQHandler
 .text.HAL_SPI_InitDMA
                0x0000000000006536       0x94 ./HAL/hal_spi.o
                0x0000000000006536                HAL_SPI_InitDMA
 .text.HAL_SPI_RXOveleyClear
                0x00000000000065ca       0x10 ./HAL/hal_spi.o
                0x00000000000065ca                HAL_SPI_RXOveleyClear
 .text.HAL_SPI_GetBusy
                0x00000000000065da       0x16 ./HAL/hal_spi.o
                0x00000000000065da                HAL_SPI_GetBusy
 .text.vTimerInitRCC
                0x00000000000065f0       0x3e ./HAL/hal_timers.o
 .text.TIM1_CC_IRQHandler
                0x000000000000662e       0xea ./HAL/hal_timers.o
                0x000000000000662e                TIM1_CC_IRQHandler
 .text.TIM1_UP_IRQHandler
                0x0000000000006718       0x74 ./HAL/hal_timers.o
                0x0000000000006718                TIM1_UP_IRQHandler
 .text.TIM4_IRQHandler
                0x000000000000678c       0x74 ./HAL/hal_timers.o
                0x000000000000678c                TIM4_IRQHandler
 .text.TIM3_IRQHandler
                0x0000000000006800       0x74 ./HAL/hal_timers.o
                0x0000000000006800                TIM3_IRQHandler
 .text.TIM2_IRQHandler
                0x0000000000006874       0x6c ./HAL/hal_timers.o
                0x0000000000006874                TIM2_IRQHandler
 .text.HAL_TiemrEneblae
                0x00000000000068e0       0x1c ./HAL/hal_timers.o
                0x00000000000068e0                HAL_TiemrEneblae
 .text.HW_TIMER_BaseTimerInit
                0x00000000000068fc       0x60 ./HAL/hal_timers.o
                0x00000000000068fc                HW_TIMER_BaseTimerInit
 .text.HAL_TIMER_InitIt
                0x000000000000695c       0xa4 ./HAL/hal_timers.o
                0x000000000000695c                HAL_TIMER_InitIt
 .text.HAL_TIMER_PWMTimersInit
                0x0000000000006a00       0xec ./HAL/hal_timers.o
                0x0000000000006a00                HAL_TIMER_PWMTimersInit
 .text.HAL_TimeInitCaptureIT
                0x0000000000006aec      0x142 ./HAL/hal_timers.o
                0x0000000000006aec                HAL_TimeInitCaptureIT
 .text.HAL_TimeInitCaptureDMA
                0x0000000000006c2e      0x114 ./HAL/hal_timers.o
                0x0000000000006c2e                HAL_TimeInitCaptureDMA
 .text.HAL_TIMER_DisablePWMCH
                0x0000000000006d42       0x1c ./HAL/hal_timers.o
                0x0000000000006d42                HAL_TIMER_DisablePWMCH
 .text.HAL_TIMER_SetPWMPulse
                0x0000000000006d5e       0x80 ./HAL/hal_timers.o
                0x0000000000006d5e                HAL_TIMER_SetPWMPulse
 .text.HAL_TIMER_EnablePWMCH
                0x0000000000006dde       0x1c ./HAL/hal_timers.o
                0x0000000000006dde                HAL_TIMER_EnablePWMCH
 .text.HAL_WDTReset
                0x0000000000006dfa        0x2 ./HAL/hal_wdt.o
                0x0000000000006dfa                HAL_WDTReset
 .text.prvInsertBlockIntoFreeList
                0x0000000000006dfc       0x4c ./FreeRTOS/portable/MemMang/heap_4.o
 .text.pvPortMalloc
                0x0000000000006e48      0x18a ./FreeRTOS/portable/MemMang/heap_4.o
                0x0000000000006e48                pvPortMalloc
 .text.vPortFree
                0x0000000000006fd2       0xa8 ./FreeRTOS/portable/MemMang/heap_4.o
                0x0000000000006fd2                vPortFree
 .text.vPortSetupTimerInterrupt
                0x000000000000707a       0x3e ./FreeRTOS/portable/GCC/RISC-V/port.o
                0x000000000000707a                vPortSetupTimerInterrupt
 .text.xPortStartScheduler
                0x00000000000070b8       0x90 ./FreeRTOS/portable/GCC/RISC-V/port.o
                0x00000000000070b8                xPortStartScheduler
 .text.SysTick_Handler
                0x0000000000007148       0x7c ./FreeRTOS/portable/GCC/RISC-V/port.o
                0x0000000000007148                SysTick_Handler
 .text.vPortEnterCritical
                0x00000000000071c4       0x16 ./FreeRTOS/portable/GCC/RISC-V/port.o
                0x00000000000071c4                vPortEnterCritical
 .text.vPortExitCritical
                0x00000000000071da       0x42 ./FreeRTOS/portable/GCC/RISC-V/port.o
                0x00000000000071da                vPortExitCritical
 .text.xPortSetInterruptMask
                0x000000000000721c        0xc ./FreeRTOS/portable/GCC/RISC-V/port.o
                0x000000000000721c                xPortSetInterruptMask
 .text.vPortClearInterruptMask
                0x0000000000007228        0x6 ./FreeRTOS/portable/GCC/RISC-V/port.o
                0x0000000000007228                vPortClearInterruptMask
 .text.vListInitialise
                0x000000000000722e       0x14 ./FreeRTOS/list.o
                0x000000000000722e                vListInitialise
 .text.vListInitialiseItem
                0x0000000000007242        0x6 ./FreeRTOS/list.o
                0x0000000000007242                vListInitialiseItem
 .text.vListInsertEnd
                0x0000000000007248       0x18 ./FreeRTOS/list.o
                0x0000000000007248                vListInsertEnd
 .text.vListInsert
                0x0000000000007260       0x2e ./FreeRTOS/list.o
                0x0000000000007260                vListInsert
 .text.uxListRemove
                0x000000000000728e       0x20 ./FreeRTOS/list.o
                0x000000000000728e                uxListRemove
 .text.prvIsQueueEmpty
                0x00000000000072ae       0x1e ./FreeRTOS/queue.o
 .text.prvCopyDataToQueue
                0x00000000000072cc       0x72 ./FreeRTOS/queue.o
 .text.prvCopyDataFromQueue
                0x000000000000733e       0x28 ./FreeRTOS/queue.o
 .text.prvUnlockQueue
                0x0000000000007366       0x76 ./FreeRTOS/queue.o
 .text.xQueueGenericReset
                0x00000000000073dc       0xc4 ./FreeRTOS/queue.o
                0x00000000000073dc                xQueueGenericReset
 .text.xQueueGenericCreateStatic
                0x00000000000074a0       0xae ./FreeRTOS/queue.o
                0x00000000000074a0                xQueueGenericCreateStatic
 .text.xQueueGenericCreate
                0x000000000000754e       0x72 ./FreeRTOS/queue.o
                0x000000000000754e                xQueueGenericCreate
 .text.xQueueGenericSend
                0x00000000000075c0      0x1a8 ./FreeRTOS/queue.o
                0x00000000000075c0                xQueueGenericSend
 .text.xQueueGiveMutexRecursive
                0x0000000000007768       0x56 ./FreeRTOS/queue.o
                0x0000000000007768                xQueueGiveMutexRecursive
 .text.xQueueCreateMutex
                0x00000000000077be       0x2e ./FreeRTOS/queue.o
                0x00000000000077be                xQueueCreateMutex
 .text.xQueueReceive
                0x00000000000077ec      0x166 ./FreeRTOS/queue.o
                0x00000000000077ec                xQueueReceive
 .text.xQueueSemaphoreTake
                0x0000000000007952      0x1be ./FreeRTOS/queue.o
                0x0000000000007952                xQueueSemaphoreTake
 .text.xQueueTakeMutexRecursive
                0x0000000000007b10       0x5a ./FreeRTOS/queue.o
                0x0000000000007b10                xQueueTakeMutexRecursive
 .text.vQueueAddToRegistry
                0x0000000000007b6a       0x6c ./FreeRTOS/queue.o
                0x0000000000007b6a                vQueueAddToRegistry
 .text.vQueueWaitForMessageRestricted
                0x0000000000007bd6       0x5c ./FreeRTOS/queue.o
                0x0000000000007bd6                vQueueWaitForMessageRestricted
 .text.prvIdleTask
                0x0000000000007c32        0x2 ./FreeRTOS/tasks.o
 .text.prvAddNewTaskToReadyList
                0x0000000000007c34      0x10a ./FreeRTOS/tasks.o
 .text.prvResetNextTaskUnblockTime
                0x0000000000007d3e       0x20 ./FreeRTOS/tasks.o
 .text.prvTaskIsTaskSuspended
                0x0000000000007d5e       0x50 ./FreeRTOS/tasks.o
 .text.prvInitialiseNewTask.isra.2
                0x0000000000007dae       0xc8 ./FreeRTOS/tasks.o
 .text.prvAddCurrentTaskToDelayedList
                0x0000000000007e76       0xa4 ./FreeRTOS/tasks.o
 .text.xTaskCreateStatic
                0x0000000000007f1a       0xa6 ./FreeRTOS/tasks.o
                0x0000000000007f1a                xTaskCreateStatic
 .text.vTaskResume
                0x0000000000007fc0       0xa6 ./FreeRTOS/tasks.o
                0x0000000000007fc0                vTaskResume
 .text.vTaskStartScheduler
                0x0000000000008066       0x90 ./FreeRTOS/tasks.o
                0x0000000000008066                vTaskStartScheduler
 .text.vTaskSuspendAll
                0x00000000000080f6       0x10 ./FreeRTOS/tasks.o
                0x00000000000080f6                vTaskSuspendAll
 .text.xTaskGetTickCount
                0x0000000000008106        0x6 ./FreeRTOS/tasks.o
                0x0000000000008106                xTaskGetTickCount
 .text.xTaskIncrementTick
                0x000000000000810c      0x194 ./FreeRTOS/tasks.o
                0x000000000000810c                xTaskIncrementTick
 .text.xTaskResumeAll
                0x00000000000082a0      0x154 ./FreeRTOS/tasks.o
                0x00000000000082a0                xTaskResumeAll
 .text.vTaskDelay
                0x00000000000083f4       0x66 ./FreeRTOS/tasks.o
                0x00000000000083f4                vTaskDelay
 .text.vTaskSwitchContext
                0x000000000000845a       0x92 ./FreeRTOS/tasks.o
                0x000000000000845a                vTaskSwitchContext
 .text.vTaskSuspend
                0x00000000000084ec       0xea ./FreeRTOS/tasks.o
                0x00000000000084ec                vTaskSuspend
 .text.vTaskPlaceOnEventList
                0x00000000000085d6       0x48 ./FreeRTOS/tasks.o
                0x00000000000085d6                vTaskPlaceOnEventList
 .text.vTaskPlaceOnEventListRestricted
                0x000000000000861e       0x76 ./FreeRTOS/tasks.o
                0x000000000000861e                vTaskPlaceOnEventListRestricted
 .text.xTaskRemoveFromEventList
                0x0000000000008694       0xe4 ./FreeRTOS/tasks.o
                0x0000000000008694                xTaskRemoveFromEventList
 .text.vTaskInternalSetTimeOutState
                0x0000000000008778        0xe ./FreeRTOS/tasks.o
                0x0000000000008778                vTaskInternalSetTimeOutState
 .text.xTaskCheckForTimeOut
                0x0000000000008786       0xaa ./FreeRTOS/tasks.o
                0x0000000000008786                xTaskCheckForTimeOut
 .text.vTaskMissedYield
                0x0000000000008830        0x8 ./FreeRTOS/tasks.o
                0x0000000000008830                vTaskMissedYield
 .text.xTaskGetCurrentTaskHandle
                0x0000000000008838        0xa ./FreeRTOS/tasks.o
                0x0000000000008838                xTaskGetCurrentTaskHandle
 .text.xTaskGetSchedulerState
                0x0000000000008842       0x18 ./FreeRTOS/tasks.o
                0x0000000000008842                xTaskGetSchedulerState
 .text.xTaskPriorityInherit
                0x000000000000885a       0xaa ./FreeRTOS/tasks.o
                0x000000000000885a                xTaskPriorityInherit
 .text.xTaskPriorityDisinherit
                0x0000000000008904       0xc6 ./FreeRTOS/tasks.o
                0x0000000000008904                xTaskPriorityDisinherit
 .text.vTaskPriorityDisinheritAfterTimeout
                0x00000000000089ca       0xe2 ./FreeRTOS/tasks.o
                0x00000000000089ca                vTaskPriorityDisinheritAfterTimeout
 .text.pvTaskIncrementMutexHeldCount
                0x0000000000008aac       0x1c ./FreeRTOS/tasks.o
                0x0000000000008aac                pvTaskIncrementMutexHeldCount
 .text.ulTaskGenericNotifyTake
                0x0000000000008ac8       0xb8 ./FreeRTOS/tasks.o
                0x0000000000008ac8                ulTaskGenericNotifyTake
 .text.xTaskGenericNotifyWait
                0x0000000000008b80       0xe6 ./FreeRTOS/tasks.o
                0x0000000000008b80                xTaskGenericNotifyWait
 .text.xTaskGenericNotify
                0x0000000000008c66      0x1ac ./FreeRTOS/tasks.o
                0x0000000000008c66                xTaskGenericNotify
 .text.xTaskGenericNotifyFromISR
                0x0000000000008e12      0x1e8 ./FreeRTOS/tasks.o
                0x0000000000008e12                xTaskGenericNotifyFromISR
 .text.ulTaskGenericNotifyValueClear
                0x0000000000008ffa       0x3e ./FreeRTOS/tasks.o
                0x0000000000008ffa                ulTaskGenericNotifyValueClear
 .text.prvCheckForValidListAndQueue
                0x0000000000009038       0x6a ./FreeRTOS/timers.o
 .text.prvInsertTimerInActiveList
                0x00000000000090a2       0x3e ./FreeRTOS/timers.o
 .text.prvReloadTimer
                0x00000000000090e0       0x2a ./FreeRTOS/timers.o
 .text.prvProcessExpiredTimer
                0x000000000000910a       0x42 ./FreeRTOS/timers.o
 .text.prvSwitchTimerLists
                0x000000000000914c       0x28 ./FreeRTOS/timers.o
 .text.prvTimerTask
                0x0000000000009174      0x188 ./FreeRTOS/timers.o
 .text.xTimerCreateTimerTask
                0x00000000000092fc       0x6e ./FreeRTOS/timers.o
                0x00000000000092fc                xTimerCreateTimerTask
 .text.vRCFilter
                0x000000000000936a       0x30 ./Drivers/filters.o
                0x000000000000936a                vRCFilter
 .text.vInitABFilter
                0x000000000000939a       0x22 ./Drivers/filters.o
                0x000000000000939a                vInitABFilter
 .text.vInitRunAverga
                0x00000000000093bc        0x8 ./Drivers/filters.o
                0x00000000000093bc                vInitRunAverga
 .text.vInitMedianFilter
                0x00000000000093c4       0x12 ./Drivers/filters.o
                0x00000000000093c4                vInitMedianFilter
 .text.MedianFilter
                0x00000000000093d6       0x6e ./Drivers/filters.o
                0x00000000000093d6                MedianFilter
 .text.Delay_Ms
                0x0000000000009444       0x36 ./Debug/debug.o
                0x0000000000009444                Delay_Ms
 .text._write   0x000000000000947a       0x3e ./Debug/debug.o
                0x000000000000947a                _write
 .text._sbrk    0x00000000000094b8       0x2a ./Debug/debug.o
                0x00000000000094b8                _sbrk
 .text.prv_read_can_received_msg
                0x00000000000094e2       0x50 ./CANopenNode/keypad/CO_driver_ST32F103.o
                0x00000000000094e2                prv_read_can_received_msg
 .text.prv_send_can_message.isra.0
                0x0000000000009532       0x2c ./CANopenNode/keypad/CO_driver_ST32F103.o
 .text.CAN_SendMessage
                0x000000000000955e       0x66 ./CANopenNode/keypad/CO_driver_ST32F103.o
                0x000000000000955e                CAN_SendMessage
 .text.co_drv_create_os_objects
                0x00000000000095c4       0x30 ./CANopenNode/keypad/CO_driver_ST32F103.o
                0x00000000000095c4                co_drv_create_os_objects
 .text.co_drv_mutex_lock
                0x00000000000095f4       0x18 ./CANopenNode/keypad/CO_driver_ST32F103.o
                0x00000000000095f4                co_drv_mutex_lock
 .text.co_drv_mutex_unlock
                0x000000000000960c       0x16 ./CANopenNode/keypad/CO_driver_ST32F103.o
                0x000000000000960c                co_drv_mutex_unlock
 .text.CO_CANsetConfigurationMode
                0x0000000000009622       0x10 ./CANopenNode/keypad/CO_driver_ST32F103.o
                0x0000000000009622                CO_CANsetConfigurationMode
 .text.CO_CANsetNormalMode
                0x0000000000009632       0x1c ./CANopenNode/keypad/CO_driver_ST32F103.o
                0x0000000000009632                CO_CANsetNormalMode
 .text.CO_CANmodule_init
                0x000000000000964e      0x110 ./CANopenNode/keypad/CO_driver_ST32F103.o
                0x000000000000964e                CO_CANmodule_init
 .text.CO_CANmodule_disable
                0x000000000000975e       0x14 ./CANopenNode/keypad/CO_driver_ST32F103.o
                0x000000000000975e                CO_CANmodule_disable
 .text.CO_CANrxBufferInit
                0x0000000000009772       0x52 ./CANopenNode/keypad/CO_driver_ST32F103.o
                0x0000000000009772                CO_CANrxBufferInit
 .text.CO_CANtxBufferInit
                0x00000000000097c4       0x3a ./CANopenNode/keypad/CO_driver_ST32F103.o
                0x00000000000097c4                CO_CANtxBufferInit
 .text.CO_CANmodule_process
                0x00000000000097fe       0x12 ./CANopenNode/keypad/CO_driver_ST32F103.o
                0x00000000000097fe                CO_CANmodule_process
 .text.CO_CANsend
                0x0000000000009810       0x46 ./CANopenNode/keypad/CO_driver_ST32F103.o
                0x0000000000009810                CO_CANsend
 .text.CO_LSSslave_receive
                0x0000000000009856      0x1a8 ./CANopenNode/305/CO_LSSslave.o
 .text.CO_LSSslave_init
                0x00000000000099fe       0xa4 ./CANopenNode/305/CO_LSSslave.o
                0x00000000000099fe                CO_LSSslave_init
 .text.CO_LSSslave_process
                0x0000000000009aa2      0x1a2 ./CANopenNode/305/CO_LSSslave.o
                0x0000000000009aa2                CO_LSSslave_process
 .text.OD_write_1003
                0x0000000000009c44       0x28 ./CANopenNode/301/CO_Emergency.o
 .text.OD_read_1003
                0x0000000000009c6c       0x8c ./CANopenNode/301/CO_Emergency.o
 .text.OD_read_1014_default
                0x0000000000009cf8       0x50 ./CANopenNode/301/CO_Emergency.o
 .text.CO_EM_init
                0x0000000000009d48      0x112 ./CANopenNode/301/CO_Emergency.o
                0x0000000000009d48                CO_EM_init
 .text.CO_error
                0x0000000000009e5a       0xc4 ./CANopenNode/301/CO_Emergency.o
                0x0000000000009e5a                CO_error
 .text.CO_EM_process
                0x0000000000009f1e      0x17e ./CANopenNode/301/CO_Emergency.o
                0x0000000000009f1e                CO_EM_process
 .text.CO_NMT_receive
                0x000000000000a09c       0x18 ./CANopenNode/301/CO_NMT_Heartbeat.o
 .text.OD_write_1017
                0x000000000000a0b4       0x48 ./CANopenNode/301/CO_NMT_Heartbeat.o
 .text.CO_NMT_init
                0x000000000000a0fc       0xec ./CANopenNode/301/CO_NMT_Heartbeat.o
                0x000000000000a0fc                CO_NMT_init
 .text.CO_NMT_process
                0x000000000000a1e8      0x106 ./CANopenNode/301/CO_NMT_Heartbeat.o
                0x000000000000a1e8                CO_NMT_process
 .text.OD_readDisabled
                0x000000000000a2ee        0x4 ./CANopenNode/301/CO_ODinterface.o
 .text.OD_readOriginal
                0x000000000000a2f2       0x50 ./CANopenNode/301/CO_ODinterface.o
                0x000000000000a2f2                OD_readOriginal
 .text.OD_writeOriginal
                0x000000000000a342       0x54 ./CANopenNode/301/CO_ODinterface.o
                0x000000000000a342                OD_writeOriginal
 .text.OD_writeDisabled
                0x000000000000a396        0x4 ./CANopenNode/301/CO_ODinterface.o
 .text.OD_find  0x000000000000a39a       0x70 ./CANopenNode/301/CO_ODinterface.o
                0x000000000000a39a                OD_find
 .text.OD_getSub
                0x000000000000a40a       0xf2 ./CANopenNode/301/CO_ODinterface.o
                0x000000000000a40a                OD_getSub
 .text.OD_getSDOabCode
                0x000000000000a4fc       0x20 ./CANopenNode/301/CO_ODinterface.o
                0x000000000000a4fc                OD_getSDOabCode
 .text.OD_get_value
                0x000000000000a51c       0x34 ./CANopenNode/301/CO_ODinterface.o
                0x000000000000a51c                OD_get_value
 .text.OD_set_value
                0x000000000000a550       0x2e ./CANopenNode/301/CO_ODinterface.o
                0x000000000000a550                OD_set_value
 .text.OD_getPtr
                0x000000000000a57e       0x3c ./CANopenNode/301/CO_ODinterface.o
                0x000000000000a57e                OD_getPtr
 .text.OD_write_dummy
                0x000000000000a5ba        0x8 ./CANopenNode/301/CO_PDO.o
 .text.OD_read_dummy
                0x000000000000a5c2       0x2e ./CANopenNode/301/CO_PDO.o
 .text.PDOconfigMap
                0x000000000000a5f0       0xfc ./CANopenNode/301/CO_PDO.o
 .text.CO_PDO_receive
                0x000000000000a6ec       0x48 ./CANopenNode/301/CO_PDO.o
 .text.OD_read_PDO_commParam
                0x000000000000a734       0x70 ./CANopenNode/301/CO_PDO.o
 .text.PDO_initMapping.constprop.3
                0x000000000000a7a4       0xe4 ./CANopenNode/301/CO_PDO.o
 .text.OD_write_PDO_mapping
                0x000000000000a888       0xb2 ./CANopenNode/301/CO_PDO.o
 .text.OD_write_18xx
                0x000000000000a93a      0x184 ./CANopenNode/301/CO_PDO.o
 .text.OD_write_14xx
                0x000000000000aabe      0x15a ./CANopenNode/301/CO_PDO.o
 .text.CO_RPDO_init
                0x000000000000ac18      0x172 ./CANopenNode/301/CO_PDO.o
                0x000000000000ac18                CO_RPDO_init
 .text.CO_RPDO_process
                0x000000000000ad8a      0x114 ./CANopenNode/301/CO_PDO.o
                0x000000000000ad8a                CO_RPDO_process
 .text.CO_TPDO_init
                0x000000000000ae9e      0x1d2 ./CANopenNode/301/CO_PDO.o
                0x000000000000ae9e                CO_TPDO_init
 .text.CO_TPDO_process
                0x000000000000b070      0x15e ./CANopenNode/301/CO_PDO.o
                0x000000000000b070                CO_TPDO_process
 .text.CO_SDOserver_init_canRxTx
                0x000000000000b1ce       0x82 ./CANopenNode/301/CO_SDOserver.o
 .text.CO_SDO_receive
                0x000000000000b250       0x38 ./CANopenNode/301/CO_SDOserver.o
 .text.readFromOd.isra.1.constprop.5
                0x000000000000b288       0xf6 ./CANopenNode/301/CO_SDOserver.o
 .text.OD_write_1201_additional
                0x000000000000b37e      0x158 ./CANopenNode/301/CO_SDOserver.o
 .text.CO_SDOserver_init
                0x000000000000b4d6      0x172 ./CANopenNode/301/CO_SDOserver.o
                0x000000000000b4d6                CO_SDOserver_init
 .text.CO_SDOserver_process
                0x000000000000b648      0x60e ./CANopenNode/301/CO_SDOserver.o
                0x000000000000b648                CO_SDOserver_process
 .text.CO_delete
                0x000000000000bc56       0x56 ./CANopenNode/CANopen.o
                0x000000000000bc56                CO_delete
 .text.CO_new   0x000000000000bcac      0x102 ./CANopenNode/CANopen.o
                0x000000000000bcac                CO_new
 .text.CO_CANinit
                0x000000000000bdae       0x36 ./CANopenNode/CANopen.o
                0x000000000000bdae                CO_CANinit
 .text.CO_LSSinit
                0x000000000000bde4       0x32 ./CANopenNode/CANopen.o
                0x000000000000bde4                CO_LSSinit
 .text.CO_CANopenInit
                0x000000000000be16       0xb8 ./CANopenNode/CANopen.o
                0x000000000000be16                CO_CANopenInit
 .text.CO_CANopenInitPDO
                0x000000000000bece       0xea ./CANopenNode/CANopen.o
                0x000000000000bece                CO_CANopenInitPDO
 .text.CO_process
                0x000000000000bfb8       0x7e ./CANopenNode/CANopen.o
                0x000000000000bfb8                CO_process
 .text.CO_process_RPDO
                0x000000000000c036       0x40 ./CANopenNode/CANopen.o
                0x000000000000c036                CO_process_RPDO
 .text.CO_process_TPDO
                0x000000000000c076       0x40 ./CANopenNode/CANopen.o
                0x000000000000c076                CO_process_TPDO
 .text.__addsf3
                0x000000000000c0b6      0x36a c:/mounriver/mounriver_studio/toolchain/risc-v embedded gcc/bin/../lib/gcc/riscv-none-embed/8.2.0/rv32imacxw/ilp32\libgcc.a(addsf3.o)
                0x000000000000c0b6                __addsf3
 .text.__divsf3
                0x000000000000c420      0x2b2 c:/mounriver/mounriver_studio/toolchain/risc-v embedded gcc/bin/../lib/gcc/riscv-none-embed/8.2.0/rv32imacxw/ilp32\libgcc.a(divsf3.o)
                0x000000000000c420                __divsf3
 .text.__gesf2  0x000000000000c6d2       0x86 c:/mounriver/mounriver_studio/toolchain/risc-v embedded gcc/bin/../lib/gcc/riscv-none-embed/8.2.0/rv32imacxw/ilp32\libgcc.a(gesf2.o)
                0x000000000000c6d2                __gesf2
                0x000000000000c6d2                __gtsf2
 .text.__lesf2  0x000000000000c758       0x8c c:/mounriver/mounriver_studio/toolchain/risc-v embedded gcc/bin/../lib/gcc/riscv-none-embed/8.2.0/rv32imacxw/ilp32\libgcc.a(lesf2.o)
                0x000000000000c758                __ltsf2
                0x000000000000c758                __lesf2
 .text.__mulsf3
                0x000000000000c7e4      0x290 c:/mounriver/mounriver_studio/toolchain/risc-v embedded gcc/bin/../lib/gcc/riscv-none-embed/8.2.0/rv32imacxw/ilp32\libgcc.a(mulsf3.o)
                0x000000000000c7e4                __mulsf3
 .text.__subsf3
                0x000000000000ca74      0x388 c:/mounriver/mounriver_studio/toolchain/risc-v embedded gcc/bin/../lib/gcc/riscv-none-embed/8.2.0/rv32imacxw/ilp32\libgcc.a(subsf3.o)
                0x000000000000ca74                __subsf3
 .text.__fixsfsi
                0x000000000000cdfc       0x62 c:/mounriver/mounriver_studio/toolchain/risc-v embedded gcc/bin/../lib/gcc/riscv-none-embed/8.2.0/rv32imacxw/ilp32\libgcc.a(fixsfsi.o)
                0x000000000000cdfc                __fixsfsi
 .text.__fixunssfsi
                0x000000000000ce5e       0x56 c:/mounriver/mounriver_studio/toolchain/risc-v embedded gcc/bin/../lib/gcc/riscv-none-embed/8.2.0/rv32imacxw/ilp32\libgcc.a(fixunssfsi.o)
                0x000000000000ce5e                __fixunssfsi
 .text.__floatsisf
                0x000000000000ceb4       0xc6 c:/mounriver/mounriver_studio/toolchain/risc-v embedded gcc/bin/../lib/gcc/riscv-none-embed/8.2.0/rv32imacxw/ilp32\libgcc.a(floatsisf.o)
                0x000000000000ceb4                __floatsisf
 .text.__floatunsisf
                0x000000000000cf7a       0xce c:/mounriver/mounriver_studio/toolchain/risc-v embedded gcc/bin/../lib/gcc/riscv-none-embed/8.2.0/rv32imacxw/ilp32\libgcc.a(floatunsisf.o)
                0x000000000000cf7a                __floatunsisf
 .text.__clzsi2
                0x000000000000d048       0x6e c:/mounriver/mounriver_studio/toolchain/risc-v embedded gcc/bin/../lib/gcc/riscv-none-embed/8.2.0/rv32imacxw/ilp32\libgcc.a(_clzsi2.o)
                0x000000000000d048                __clzsi2
 .text.calloc   0x000000000000d0b6        0xc c:/mounriver/mounriver_studio/toolchain/risc-v embedded gcc/bin/../lib/gcc/riscv-none-embed/8.2.0/../../../../riscv-none-embed/lib/rv32imacxw/ilp32\libg_nano.a(lib_a-calloc.o)
                0x000000000000d0b6                calloc
 .text.free     0x000000000000d0c2        0xa c:/mounriver/mounriver_studio/toolchain/risc-v embedded gcc/bin/../lib/gcc/riscv-none-embed/8.2.0/../../../../riscv-none-embed/lib/rv32imacxw/ilp32\libg_nano.a(lib_a-malloc.o)
                0x000000000000d0c2                free
 .text.memcpy   0x000000000000d0cc       0xb2 c:/mounriver/mounriver_studio/toolchain/risc-v embedded gcc/bin/../lib/gcc/riscv-none-embed/8.2.0/../../../../riscv-none-embed/lib/rv32imacxw/ilp32\libg_nano.a(lib_a-memcpy.o)
                0x000000000000d0cc                memcpy
 .text.memmove  0x000000000000d17e       0x46 c:/mounriver/mounriver_studio/toolchain/risc-v embedded gcc/bin/../lib/gcc/riscv-none-embed/8.2.0/../../../../riscv-none-embed/lib/rv32imacxw/ilp32\libg_nano.a(lib_a-memmove.o)
                0x000000000000d17e                memmove
 .text._calloc_r
                0x000000000000d1c4       0x26 c:/mounriver/mounriver_studio/toolchain/risc-v embedded gcc/bin/../lib/gcc/riscv-none-embed/8.2.0/../../../../riscv-none-embed/lib/rv32imacxw/ilp32\libg_nano.a(lib_a-nano-callocr.o)
                0x000000000000d1c4                _calloc_r
 .text._free_r  0x000000000000d1ea       0xa4 c:/mounriver/mounriver_studio/toolchain/risc-v embedded gcc/bin/../lib/gcc/riscv-none-embed/8.2.0/../../../../riscv-none-embed/lib/rv32imacxw/ilp32\libg_nano.a(lib_a-nano-freer.o)
                0x000000000000d1ea                _free_r
 .text._malloc_r
                0x000000000000d28e       0xce c:/mounriver/mounriver_studio/toolchain/risc-v embedded gcc/bin/../lib/gcc/riscv-none-embed/8.2.0/../../../../riscv-none-embed/lib/rv32imacxw/ilp32\libg_nano.a(lib_a-nano-mallocr.o)
                0x000000000000d28e                _malloc_r
 .text.printf   0x000000000000d35c       0x3e c:/mounriver/mounriver_studio/toolchain/risc-v embedded gcc/bin/../lib/gcc/riscv-none-embed/8.2.0/../../../../riscv-none-embed/lib/rv32imacxw/ilp32\libg_nano.a(lib_a-printf.o)
                0x000000000000d35c                iprintf
                0x000000000000d35c                printf
 .text._sbrk_r  0x000000000000d39a       0x32 c:/mounriver/mounriver_studio/toolchain/risc-v embedded gcc/bin/../lib/gcc/riscv-none-embed/8.2.0/../../../../riscv-none-embed/lib/rv32imacxw/ilp32\libg_nano.a(lib_a-sbrkr.o)
                0x000000000000d39a                _sbrk_r
 .text.strlen   0x000000000000d3cc       0x12 c:/mounriver/mounriver_studio/toolchain/risc-v embedded gcc/bin/../lib/gcc/riscv-none-embed/8.2.0/../../../../riscv-none-embed/lib/rv32imacxw/ilp32\libg_nano.a(lib_a-strlen.o)
                0x000000000000d3cc                strlen
 .text.std      0x000000000000d3de       0x66 c:/mounriver/mounriver_studio/toolchain/risc-v embedded gcc/bin/../lib/gcc/riscv-none-embed/8.2.0/../../../../riscv-none-embed/lib/rv32imacxw/ilp32\libg_nano.a(lib_a-findfp.o)
 .text._cleanup_r
                0x000000000000d444        0xa c:/mounriver/mounriver_studio/toolchain/risc-v embedded gcc/bin/../lib/gcc/riscv-none-embed/8.2.0/../../../../riscv-none-embed/lib/rv32imacxw/ilp32\libg_nano.a(lib_a-findfp.o)
                0x000000000000d444                _cleanup_r
 .text.__sfmoreglue
                0x000000000000d44e       0x48 c:/mounriver/mounriver_studio/toolchain/risc-v embedded gcc/bin/../lib/gcc/riscv-none-embed/8.2.0/../../../../riscv-none-embed/lib/rv32imacxw/ilp32\libg_nano.a(lib_a-findfp.o)
                0x000000000000d44e                __sfmoreglue
 .text.__sinit  0x000000000000d496       0x6c c:/mounriver/mounriver_studio/toolchain/risc-v embedded gcc/bin/../lib/gcc/riscv-none-embed/8.2.0/../../../../riscv-none-embed/lib/rv32imacxw/ilp32\libg_nano.a(lib_a-findfp.o)
                0x000000000000d496                __sinit
 .text.__sfp    0x000000000000d502       0xa0 c:/mounriver/mounriver_studio/toolchain/risc-v embedded gcc/bin/../lib/gcc/riscv-none-embed/8.2.0/../../../../riscv-none-embed/lib/rv32imacxw/ilp32\libg_nano.a(lib_a-findfp.o)
                0x000000000000d502                __sfp
 .text._fwalk_reent
                0x000000000000d5a2       0x6a c:/mounriver/mounriver_studio/toolchain/risc-v embedded gcc/bin/../lib/gcc/riscv-none-embed/8.2.0/../../../../riscv-none-embed/lib/rv32imacxw/ilp32\libg_nano.a(lib_a-fwalk.o)
                0x000000000000d5a2                _fwalk_reent
 .text.__malloc_lock
                0x000000000000d60c        0x2 c:/mounriver/mounriver_studio/toolchain/risc-v embedded gcc/bin/../lib/gcc/riscv-none-embed/8.2.0/../../../../riscv-none-embed/lib/rv32imacxw/ilp32\libg_nano.a(lib_a-mlock.o)
                0x000000000000d60c                __malloc_lock
 .text.__malloc_unlock
                0x000000000000d60e        0x2 c:/mounriver/mounriver_studio/toolchain/risc-v embedded gcc/bin/../lib/gcc/riscv-none-embed/8.2.0/../../../../riscv-none-embed/lib/rv32imacxw/ilp32\libg_nano.a(lib_a-mlock.o)
                0x000000000000d60e                __malloc_unlock
 .text.__sfputc_r
                0x000000000000d610       0x26 c:/mounriver/mounriver_studio/toolchain/risc-v embedded gcc/bin/../lib/gcc/riscv-none-embed/8.2.0/../../../../riscv-none-embed/lib/rv32imacxw/ilp32\libg_nano.a(lib_a-nano-vfprintf.o)
 .text.__sfputs_r
                0x000000000000d636       0x42 c:/mounriver/mounriver_studio/toolchain/risc-v embedded gcc/bin/../lib/gcc/riscv-none-embed/8.2.0/../../../../riscv-none-embed/lib/rv32imacxw/ilp32\libg_nano.a(lib_a-nano-vfprintf.o)
                0x000000000000d636                __sfputs_r
 .text._vfprintf_r
                0x000000000000d678      0x28c c:/mounriver/mounriver_studio/toolchain/risc-v embedded gcc/bin/../lib/gcc/riscv-none-embed/8.2.0/../../../../riscv-none-embed/lib/rv32imacxw/ilp32\libg_nano.a(lib_a-nano-vfprintf.o)
                0x000000000000d678                _vfprintf_r
                0x000000000000d678                _vfiprintf_r
 .text._printf_common
                0x000000000000d904      0x10c c:/mounriver/mounriver_studio/toolchain/risc-v embedded gcc/bin/../lib/gcc/riscv-none-embed/8.2.0/../../../../riscv-none-embed/lib/rv32imacxw/ilp32\libg_nano.a(lib_a-nano-vfprintf_i.o)
                0x000000000000d904                _printf_common
 .text._printf_i
                0x000000000000da10      0x2a2 c:/mounriver/mounriver_studio/toolchain/risc-v embedded gcc/bin/../lib/gcc/riscv-none-embed/8.2.0/../../../../riscv-none-embed/lib/rv32imacxw/ilp32\libg_nano.a(lib_a-nano-vfprintf_i.o)
                0x000000000000da10                _printf_i
 .text.__sread  0x000000000000dcb2       0x2c c:/mounriver/mounriver_studio/toolchain/risc-v embedded gcc/bin/../lib/gcc/riscv-none-embed/8.2.0/../../../../riscv-none-embed/lib/rv32imacxw/ilp32\libg_nano.a(lib_a-stdio.o)
                0x000000000000dcb2                __sread
 .text.__swrite
                0x000000000000dcde       0x48 c:/mounriver/mounriver_studio/toolchain/risc-v embedded gcc/bin/../lib/gcc/riscv-none-embed/8.2.0/../../../../riscv-none-embed/lib/rv32imacxw/ilp32\libg_nano.a(lib_a-stdio.o)
                0x000000000000dcde                __swrite
 .text.__sseek  0x000000000000dd26       0x30 c:/mounriver/mounriver_studio/toolchain/risc-v embedded gcc/bin/../lib/gcc/riscv-none-embed/8.2.0/../../../../riscv-none-embed/lib/rv32imacxw/ilp32\libg_nano.a(lib_a-stdio.o)
                0x000000000000dd26                __sseek
 .text.__sclose
                0x000000000000dd56        0x6 c:/mounriver/mounriver_studio/toolchain/risc-v embedded gcc/bin/../lib/gcc/riscv-none-embed/8.2.0/../../../../riscv-none-embed/lib/rv32imacxw/ilp32\libg_nano.a(lib_a-stdio.o)
                0x000000000000dd56                __sclose
 .text.__swbuf_r
                0x000000000000dd5c       0xbe c:/mounriver/mounriver_studio/toolchain/risc-v embedded gcc/bin/../lib/gcc/riscv-none-embed/8.2.0/../../../../riscv-none-embed/lib/rv32imacxw/ilp32\libg_nano.a(lib_a-wbuf.o)
                0x000000000000dd5c                __swbuf_r
 .text._write_r
                0x000000000000de1a       0x36 c:/mounriver/mounriver_studio/toolchain/risc-v embedded gcc/bin/../lib/gcc/riscv-none-embed/8.2.0/../../../../riscv-none-embed/lib/rv32imacxw/ilp32\libg_nano.a(lib_a-writer.o)
                0x000000000000de1a                _write_r
 .text.__swsetup_r
                0x000000000000de50      0x100 c:/mounriver/mounriver_studio/toolchain/risc-v embedded gcc/bin/../lib/gcc/riscv-none-embed/8.2.0/../../../../riscv-none-embed/lib/rv32imacxw/ilp32\libg_nano.a(lib_a-wsetup.o)
                0x000000000000de50                __swsetup_r
 .text._close_r
                0x000000000000df50       0x30 c:/mounriver/mounriver_studio/toolchain/risc-v embedded gcc/bin/../lib/gcc/riscv-none-embed/8.2.0/../../../../riscv-none-embed/lib/rv32imacxw/ilp32\libg_nano.a(lib_a-closer.o)
                0x000000000000df50                _close_r
 .text.__sflush_r
                0x000000000000df80      0x132 c:/mounriver/mounriver_studio/toolchain/risc-v embedded gcc/bin/../lib/gcc/riscv-none-embed/8.2.0/../../../../riscv-none-embed/lib/rv32imacxw/ilp32\libg_nano.a(lib_a-fflush.o)
                0x000000000000df80                __sflush_r
 .text._fflush_r
                0x000000000000e0b2       0x68 c:/mounriver/mounriver_studio/toolchain/risc-v embedded gcc/bin/../lib/gcc/riscv-none-embed/8.2.0/../../../../riscv-none-embed/lib/rv32imacxw/ilp32\libg_nano.a(lib_a-fflush.o)
                0x000000000000e0b2                _fflush_r
 .text._lseek_r
                0x000000000000e11a       0x34 c:/mounriver/mounriver_studio/toolchain/risc-v embedded gcc/bin/../lib/gcc/riscv-none-embed/8.2.0/../../../../riscv-none-embed/lib/rv32imacxw/ilp32\libg_nano.a(lib_a-lseekr.o)
                0x000000000000e11a                _lseek_r
 .text.__swhatbuf_r
                0x000000000000e14e       0x56 c:/mounriver/mounriver_studio/toolchain/risc-v embedded gcc/bin/../lib/gcc/riscv-none-embed/8.2.0/../../../../riscv-none-embed/lib/rv32imacxw/ilp32\libg_nano.a(lib_a-makebuf.o)
                0x000000000000e14e                __swhatbuf_r
 .text.__smakebuf_r
                0x000000000000e1a4       0x92 c:/mounriver/mounriver_studio/toolchain/risc-v embedded gcc/bin/../lib/gcc/riscv-none-embed/8.2.0/../../../../riscv-none-embed/lib/rv32imacxw/ilp32\libg_nano.a(lib_a-makebuf.o)
                0x000000000000e1a4                __smakebuf_r
 .text.memchr   0x000000000000e236       0x18 c:/mounriver/mounriver_studio/toolchain/risc-v embedded gcc/bin/../lib/gcc/riscv-none-embed/8.2.0/../../../../riscv-none-embed/lib/rv32imacxw/ilp32\libg_nano.a(lib_a-memchr.o)
                0x000000000000e236                memchr
 .text._read_r  0x000000000000e24e       0x34 c:/mounriver/mounriver_studio/toolchain/risc-v embedded gcc/bin/../lib/gcc/riscv-none-embed/8.2.0/../../../../riscv-none-embed/lib/rv32imacxw/ilp32\libg_nano.a(lib_a-readr.o)
                0x000000000000e24e                _read_r
 .text._fstat_r
                0x000000000000e282       0x32 c:/mounriver/mounriver_studio/toolchain/risc-v embedded gcc/bin/../lib/gcc/riscv-none-embed/8.2.0/../../../../riscv-none-embed/lib/rv32imacxw/ilp32\libg_nano.a(lib_a-fstatr.o)
                0x000000000000e282                _fstat_r
 .text._isatty_r
                0x000000000000e2b4       0x30 c:/mounriver/mounriver_studio/toolchain/risc-v embedded gcc/bin/../lib/gcc/riscv-none-embed/8.2.0/../../../../riscv-none-embed/lib/rv32imacxw/ilp32\libg_nano.a(lib_a-isattyr.o)
                0x000000000000e2b4                _isatty_r
 .text._close   0x000000000000e2e4       0x10 c:/mounriver/mounriver_studio/toolchain/risc-v embedded gcc/bin/../lib/gcc/riscv-none-embed/8.2.0/../../../../riscv-none-embed/lib/rv32imacxw/ilp32\libnosys.a(close.o)
                0x000000000000e2e4                _close
 .text._fstat   0x000000000000e2f4       0x10 c:/mounriver/mounriver_studio/toolchain/risc-v embedded gcc/bin/../lib/gcc/riscv-none-embed/8.2.0/../../../../riscv-none-embed/lib/rv32imacxw/ilp32\libnosys.a(fstat.o)
                0x000000000000e2f4                _fstat
 .text._isatty  0x000000000000e304       0x10 c:/mounriver/mounriver_studio/toolchain/risc-v embedded gcc/bin/../lib/gcc/riscv-none-embed/8.2.0/../../../../riscv-none-embed/lib/rv32imacxw/ilp32\libnosys.a(isatty.o)
                0x000000000000e304                _isatty
 .text._lseek   0x000000000000e314       0x10 c:/mounriver/mounriver_studio/toolchain/risc-v embedded gcc/bin/../lib/gcc/riscv-none-embed/8.2.0/../../../../riscv-none-embed/lib/rv32imacxw/ilp32\libnosys.a(lseek.o)
                0x000000000000e314                _lseek
 .text._read    0x000000000000e324       0x10 c:/mounriver/mounriver_studio/toolchain/risc-v embedded gcc/bin/../lib/gcc/riscv-none-embed/8.2.0/../../../../riscv-none-embed/lib/rv32imacxw/ilp32\libnosys.a(read.o)
                0x000000000000e324                _read
 *(.rodata)
 *(.rodata*)
 *fill*         0x000000000000e334        0x0 
 .rodata.CSWTCH.14
                0x000000000000e334       0x10 ./User/DataModel.o
 .rodata.CalPoint
                0x000000000000e344       0x48 ./User/DataModel.o
                0x000000000000e344                CalPoint
 .rodata.vIncrementSystemCounters.cst4
                0x000000000000e38c        0x4 ./User/DataModel.o
 .rodata.getODValue
                0x000000000000e390       0x74 ./User/dash_draw.o
 .rodata.vRedrawTask
                0x000000000000e404       0x60 ./User/dash_draw.o
 .rodata.getODValue.cst4
                0x000000000000e464        0x8 ./User/dash_draw.o
 .rodata.vBarColorMode.cst4
                0x000000000000e46c        0x4 ./User/dash_draw.o
 .rodata.ADC_FSM.cst4
                0x000000000000e470       0x14 ./User/inputs.o
 .rodata.vInputsTask.cst4
                0x000000000000e484        0xc ./User/inputs.o
 .rodata.SetRGB
                0x000000000000e490       0x38 ./User/led.o