Archive member included to satisfy reference by file (symbol)

c:/mounriver/mounriver_studio/toolchain/risc-v embedded gcc/bin/../lib/gcc/riscv-none-embed/8.2.0/rv32imacxw/ilp32\libgcc.a(addsf3.o)
                              ./User/DataModel.o (__addsf3)
c:/mounriver/mounriver_studio/toolchain/risc-v embedded gcc/bin/../lib/gcc/riscv-none-embed/8.2.0/rv32imacxw/ilp32\libgcc.a(divsf3.o)
                              ./User/DataModel.o (__divsf3)
c:/mounriver/mounriver_studio/toolchain/risc-v embedded gcc/bin/../lib/gcc/riscv-none-embed/8.2.0/rv32imacxw/ilp32\libgcc.a(eqsf2.o)
                              ./HWLIB/hw_lib_din.o (__nesf2)
c:/mounriver/mounriver_studio/toolchain/risc-v embedded gcc/bin/../lib/gcc/riscv-none-embed/8.2.0/rv32imacxw/ilp32\libgcc.a(gesf2.o)
                              ./User/inputs.o (__gesf2)
c:/mounriver/mounriver_studio/toolchain/risc-v embedded gcc/bin/../lib/gcc/riscv-none-embed/8.2.0/rv32imacxw/ilp32\libgcc.a(lesf2.o)
                              ./HWLIB/hw_lib_adc.o (__lesf2)
c:/mounriver/mounriver_studio/toolchain/risc-v embedded gcc/bin/../lib/gcc/riscv-none-embed/8.2.0/rv32imacxw/ilp32\libgcc.a(mulsf3.o)
                              ./User/dash_draw.o (__mulsf3)
c:/mounriver/mounriver_studio/toolchain/risc-v embedded gcc/bin/../lib/gcc/riscv-none-embed/8.2.0/rv32imacxw/ilp32\libgcc.a(subsf3.o)
                              ./User/inputs.o (__subsf3)
c:/mounriver/mounriver_studio/toolchain/risc-v embedded gcc/bin/../lib/gcc/riscv-none-embed/8.2.0/rv32imacxw/ilp32\libgcc.a(fixsfsi.o)
                              ./User/dash_draw.o (__fixsfsi)
c:/mounriver/mounriver_studio/toolchain/risc-v embedded gcc/bin/../lib/gcc/riscv-none-embed/8.2.0/rv32imacxw/ilp32\libgcc.a(fixunssfsi.o)
                              ./User/DataModel.o (__fixunssfsi)
c:/mounriver/mounriver_studio/toolchain/risc-v embedded gcc/bin/../lib/gcc/riscv-none-embed/8.2.0/rv32imacxw/ilp32\libgcc.a(floatsisf.o)
                              ./User/DataModel.o (__floatsisf)
c:/mounriver/mounriver_studio/toolchain/risc-v embedded gcc/bin/../lib/gcc/riscv-none-embed/8.2.0/rv32imacxw/ilp32\libgcc.a(floatunsisf.o)
                              ./User/DataModel.o (__floatunsisf)
c:/mounriver/mounriver_studio/toolchain/risc-v embedded gcc/bin/../lib/gcc/riscv-none-embed/8.2.0/rv32imacxw/ilp32\libgcc.a(save-restore.o)
                              ./User/inputs.o (__riscv_save_12)
c:/mounriver/mounriver_studio/toolchain/risc-v embedded gcc/bin/../lib/gcc/riscv-none-embed/8.2.0/rv32imacxw/ilp32\libgcc.a(_clzsi2.o)
                              c:/mounriver/mounriver_studio/toolchain/risc-v embedded gcc/bin/../lib/gcc/riscv-none-embed/8.2.0/rv32imacxw/ilp32\libgcc.a(addsf3.o) (__clzsi2)
c:/mounriver/mounriver_studio/toolchain/risc-v embedded gcc/bin/../lib/gcc/riscv-none-embed/8.2.0/rv32imacxw/ilp32\libgcc.a(_clz.o)
                              c:/mounriver/mounriver_studio/toolchain/risc-v embedded gcc/bin/../lib/gcc/riscv-none-embed/8.2.0/rv32imacxw/ilp32\libgcc.a(_clzsi2.o) (__clz_tab)
c:/mounriver/mounriver_studio/toolchain/risc-v embedded gcc/bin/../lib/gcc/riscv-none-embed/8.2.0/../../../../riscv-none-embed/lib/rv32imacxw/ilp32\libg_nano.a(lib_a-calloc.o)
                              ./CANopenNode/CANopen.o (calloc)
c:/mounriver/mounriver_studio/toolchain/risc-v embedded gcc/bin/../lib/gcc/riscv-none-embed/8.2.0/../../../../riscv-none-embed/lib/rv32imacxw/ilp32\libg_nano.a(lib_a-impure.o)
                              c:/mounriver/mounriver_studio/toolchain/risc-v embedded gcc/bin/../lib/gcc/riscv-none-embed/8.2.0/../../../../riscv-none-embed/lib/rv32imacxw/ilp32\libg_nano.a(lib_a-calloc.o) (_impure_ptr)
c:/mounriver/mounriver_studio/toolchain/risc-v embedded gcc/bin/../lib/gcc/riscv-none-embed/8.2.0/../../../../riscv-none-embed/lib/rv32imacxw/ilp32\libg_nano.a(lib_a-malloc.o)
                              ./CANopenNode/CANopen.o (free)
c:/mounriver/mounriver_studio/toolchain/risc-v embedded gcc/bin/../lib/gcc/riscv-none-embed/8.2.0/../../../../riscv-none-embed/lib/rv32imacxw/ilp32\libg_nano.a(lib_a-memcpy.o)
                              ./User/DataModel.o (memcpy)
c:/mounriver/mounriver_studio/toolchain/risc-v embedded gcc/bin/../lib/gcc/riscv-none-embed/8.2.0/../../../../riscv-none-embed/lib/rv32imacxw/ilp32\libg_nano.a(lib_a-memmove.o)
                              ./CANopenNode/301/CO_SDOserver.o (memmove)
c:/mounriver/mounriver_studio/toolchain/risc-v embedded gcc/bin/../lib/gcc/riscv-none-embed/8.2.0/../../../../riscv-none-embed/lib/rv32imacxw/ilp32\libg_nano.a(lib_a-memset.o)
                              ./User/DataModel.o (memset)
c:/mounriver/mounriver_studio/toolchain/risc-v embedded gcc/bin/../lib/gcc/riscv-none-embed/8.2.0/../../../../riscv-none-embed/lib/rv32imacxw/ilp32\libg_nano.a(lib_a-nano-callocr.o)
[...]
Memory Configuration

Name             Origin             Length             Attributes
FLASH            0x0000000000000000 0x0000000000010000 xr
RAM              0x0000000020000000 0x0000000000005000 xrw
*default*        0x0000000000000000 0xffffffffffffffff

Linker script and memory map

LOAD ./User/CanOpenNode.o
LOAD ./User/DataModel.o
LOAD ./User/ch32v20x_it.o
LOAD ./User/dash_draw.o
LOAD ./User/init.o
LOAD ./User/inputs.o
LOAD ./User/led.o
LOAD ./User/main.o
LOAD ./User/process.o
LOAD ./User/system_ch32v20x.o
LOAD ./User/system_init.o
LOAD ./Startup/startup_ch32v20x_D6.o
LOAD ./Peripheral/src/ch32v20x_adc.o
LOAD ./Peripheral/src/ch32v20x_bkp.o
LOAD ./Peripheral/src/ch32v20x_can.o
LOAD ./Peripheral/src/ch32v20x_crc.o
LOAD ./Peripheral/src/ch32v20x_dbgmcu.o
LOAD ./Peripheral/src/ch32v20x_dma.o
LOAD ./Peripheral/src/ch32v20x_exti.o
LOAD ./Peripheral/src/ch32v20x_flash.o
LOAD ./Peripheral/src/ch32v20x_gpio.o
LOAD ./Peripheral/src/ch32v20x_i2c.o
LOAD ./Peripheral/src/ch32v20x_iwdg.o
LOAD ./Peripheral/src/ch32v20x_misc.o
LOAD ./Peripheral/src/ch32v20x_opa.o
LOAD ./Peripheral/src/ch32v20x_pwr.o
LOAD ./Peripheral/src/ch32v20x_rcc.o
LOAD ./Peripheral/src/ch32v20x_rtc.o
LOAD ./Peripheral/src/ch32v20x_spi.o
LOAD ./Peripheral/src/ch32v20x_tim.o
LOAD ./Peripheral/src/ch32v20x_usart.o
LOAD ./Peripheral/src/ch32v20x_wwdg.o
LOAD ./HWLIB/hw_lib_adc.o
LOAD ./HWLIB/hw_lib_din.o
LOAD ./HWLIB/hw_lib_eeprom.o
LOAD ./HAL/hal_adc.o
LOAD ./HAL/hal_can.o
LOAD ./HAL/hal_dma.o
LOAD ./HAL/hal_gpio.o
LOAD ./HAL/hal_i2c.o
LOAD ./HAL/hal_rtc.o
LOAD ./HAL/hal_spi.o
LOAD ./HAL/hal_timers.o
LOAD ./HAL/hal_wdt.o
LOAD ./FreeRTOS/portable/MemMang/heap_4.o
LOAD ./FreeRTOS/portable/GCC/RISC-V/port.o
LOAD ./FreeRTOS/portable/GCC/RISC-V/portASM.o
LOAD ./FreeRTOS/croutine.o
LOAD ./FreeRTOS/event_groups.o
LOAD ./FreeRTOS/list.o
LOAD ./FreeRTOS/queue.o
LOAD ./FreeRTOS/stream_buffer.o
LOAD ./FreeRTOS/tasks.o
LOAD ./FreeRTOS/timers.o
LOAD ./Drivers/filters.o
LOAD ./Debug/debug.o
LOAD ./Core/core_riscv.o
LOAD ./CANopenNode/keypad/CO_driver_ST32F103.o
LOAD ./CANopenNode/keypad/OD.o
LOAD ./CANopenNode/extra/CO_trace.o
LOAD ./CANopenNode/309/CO_gateway_ascii.o
LOAD ./CANopenNode/305/CO_LSSmaster.o
LOAD ./CANopenNode/305/CO_LSSslave.o
LOAD ./CANopenNode/304/CO_GFC.o
LOAD ./CANopenNode/304/CO_SRDO.o
LOAD ./CANopenNode/303/CO_LEDs.o
LOAD ./CANopenNode/301/CO_Emergency.o
LOAD ./CANopenNode/301/CO_HBconsumer.o
LOAD ./CANopenNode/301/CO_NMT_Heartbeat.o
LOAD ./CANopenNode/301/CO_Node_Guarding.o
LOAD ./CANopenNode/301/CO_ODinterface.o
LOAD ./CANopenNode/301/CO_PDO.o
LOAD ./CANopenNode/301/CO_SDOclient.o
LOAD ./CANopenNode/301/CO_SDOserver.o
LOAD ./CANopenNode/301/CO_SYNC.o
LOAD ./CANopenNode/301/CO_TIME.o
LOAD ./CANopenNode/301/CO_fifo.o
LOAD ./CANopenNode/301/crc16-ccitt.o
LOAD ./CANopenNode/CANopen.o
LOAD c:/mounriver/mounriver_studio/toolchain/risc-v embedded gcc/bin/../lib/gcc/riscv-none-embed/8.2.0/../../../../riscv-none-embed/lib/rv32imacxw/ilp32\libm.a
LOAD c:/mounriver/mounriver_studio/toolchain/risc-v embedded gcc/bin/../lib/gcc/riscv-none-embed/8.2.0/rv32imacxw/ilp32\libgcc.a
LOAD c:/mounriver/mounriver_studio/toolchain/risc-v embedded gcc/bin/../lib/gcc/riscv-none-embed/8.2.0/../../../../riscv-none-embed/lib/rv32imacxw/ilp32\libg_nano.a
LOAD c:/mounriver/mounriver_studio/toolchain/risc-v embedded gcc/bin/../lib/gcc/riscv-none-embed/8.2.0/../../../../riscv-none-embed/lib/rv32imacxw/ilp32\libc_nano.a
LOAD c:/mounriver/mounriver_studio/toolchain/risc-v embedded gcc/bin/../lib/gcc/riscv-none-embed/8.2.0/rv32imacxw/ilp32\libgcc.a
START GROUP
LOAD c:/mounriver/mounriver_studio/toolchain/risc-v embedded gcc/bin/../lib/gcc/riscv-none-embed/8.2.0/rv32imacxw/ilp32\libgcc.a
LOAD c:/mounriver/mounriver_studio/toolchain/risc-v embedded gcc/bin/../lib/gcc/riscv-none-embed/8.2.0/../../../../riscv-none-embed/lib/rv32imacxw/ilp32\libc_nano.a
LOAD c:/mounriver/mounriver_studio/toolchain/risc-v embedded gcc/bin/../lib/gcc/riscv-none-embed/8.2.0/../../../../riscv-none-embed/lib/rv32imacxw/ilp32\libnosys.a
END GROUP
START GROUP
LOAD c:/mounriver/mounriver_studio/toolchain/risc-v embedded gcc/bin/../lib/gcc/riscv-none-embed/8.2.0/rv32imacxw/ilp32\libgcc.a
LOAD c:/mounriver/mounriver_studio/toolchain/risc-v embedded gcc/bin/../lib/gcc/riscv-none-embed/8.2.0/../../../../riscv-none-embed/lib/rv32imacxw/ilp32\libc_nano.a
LOAD c:/mounriver/mounriver_studio/toolchain/risc-v embedded gcc/bin/../lib/gcc/riscv-none-embed/8.2.0/../../../../riscv-none-embed/lib/rv32imacxw/ilp32\libnosys.a
END GROUP
                0x0000000000000be8                __stack_size = 0xbe8
                [!provide]                        PROVIDE (_stack_size = __stack_size)

.init           0x0000000000000000       0x38
                0x0000000000000000                _sinit = .
                0x0000000000000000                . = ALIGN (0x4)
 *(SORT_NONE(.init))
 .init          0x0000000000000000       0x38 ./Startup/startup_ch32v20x_D6.o
                0x0000000000000000                _start
                0x0000000000000038                . = ALIGN (0x4)
                0x0000000000000038                _einit = .

.vector         0x0000000000000038      0x108
 *(.vector)
 .vector        0x0000000000000038       0xfc ./Startup/startup_ch32v20x_D6.o
                0x0000000000000140                . = ALIGN (0x40)
 *fill*         0x0000000000000134        0xc 

.text           0x0000000000000200     0xf324
                0x0000000000000200                . = ALIGN (0x4)
 *(.text)
 .text          0x0000000000000200      0x2ee ./FreeRTOS/portable/GCC/RISC-V/portASM.o
                0x0000000000000200                SW_Handler
                0x0000000000000300                xPortStartFirstTask
                0x0000000000000400                pxPortInitialiseStack
 .text          0x00000000000004ee       0x60 c:/mounriver/mounriver_studio/toolchain/risc-v embedded gcc/bin/../lib/gcc/riscv-none-embed/8.2.0/rv32imacxw/ilp32\libgcc.a(save-restore.o)
                0x00000000000004ee                __riscv_save_12
                0x00000000000004f6                __riscv_save_9
                0x00000000000004f6                __riscv_save_11
                0x00000000000004f6                __riscv_save_10
                0x00000000000004f6                __riscv_save_8
                0x0000000000000504                __riscv_save_4
                0x0000000000000504                __riscv_save_6
                0x0000000000000504                __riscv_save_5
                0x0000000000000504                __riscv_save_7
                0x000000000000051e                __riscv_save_3
                0x000000000000051e                __riscv_save_2
                0x000000000000051e                __riscv_save_1
                0x000000000000051e                __riscv_save_0
                0x000000000000052a                __riscv_restore_12
                0x000000000000052e                __riscv_restore_11
                0x000000000000052e                __riscv_restore_9
                0x000000000000052e                __riscv_restore_10
                0x000000000000052e                __riscv_restore_8
                0x0000000000000538                __riscv_restore_5
                0x0000000000000538                __riscv_restore_7
                0x0000000000000538                __riscv_restore_6
                0x0000000000000538                __riscv_restore_4
                0x0000000000000542                __riscv_restore_3
                0x0000000000000542                __riscv_restore_0
                0x0000000000000542                __riscv_restore_2
                0x0000000000000542                __riscv_restore_1
 .text          0x000000000000054e       0xa8 c:/mounriver/mounriver_studio/toolchain/risc-v embedded gcc/bin/../lib/gcc/riscv-none-embed/8.2.0/../../../../riscv-none-embed/lib/rv32imacxw/ilp32\libg_nano.a(lib_a-memset.o)
                0x000000000000054e                memset
 *(.text.*)
 .text.xCanOpenProcessTaskHandle
                0x00000000000005f6        0xa ./User/CanOpenNode.o
                0x00000000000005f6                xCanOpenProcessTaskHandle
 .text.xCanOpenPeriodicTaskHandle
                0x0000000000000600        0xa ./User/CanOpenNode.o
                0x0000000000000600                xCanOpenPeriodicTaskHandle
 .text.vCanOpenInit
                0x000000000000060a        0xa ./User/CanOpenNode.o
                0x000000000000060a                vCanOpenInit
 .text.vCanOpenProcess
                0x0000000000000614      0x192 ./User/CanOpenNode.o
                0x0000000000000614                vCanOpenProcess
 .text.vCanOpenPeriodicProcess
                0x00000000000007a6       0x82 ./User/CanOpenNode.o
                0x00000000000007a6                vCanOpenPeriodicProcess
 .text.xDataRegQueue
                0x0000000000000828        0xa ./User/DataModel.o
                0x0000000000000828                xDataRegQueue
 .text.vDataModelRegDelayWrite
                0x0000000000000832       0x34 ./User/DataModel.o
                0x0000000000000832                vDataModelRegDelayWrite
 .text.setReg32
                0x0000000000000866       0x1a ./User/DataModel.o
                0x0000000000000866                setReg32
 .text.setReg16
                0x0000000000000880        0xe ./User/DataModel.o
                0x0000000000000880                setReg16
 .text.setReg8  0x000000000000088e        0xa ./User/DataModel.o
                0x000000000000088e                setReg8
 .text.SaveReg16
                0x0000000000000898       0x14 ./User/DataModel.o
                0x0000000000000898                SaveReg16
 .text.getReg16
                0x00000000000008ac       0x10 ./User/DataModel.o
                0x00000000000008ac                getReg16
 .text.getReg32
                0x00000000000008bc       0x1c ./User/DataModel.o
                0x00000000000008bc                getReg32
 .text.DataModel_Init
                0x00000000000008d8      0x392 ./User/DataModel.o
                0x00000000000008d8                DataModel_Init
 .text.getReg8  0x0000000000000c6a        0xa ./User/DataModel.o
                0x0000000000000c6a                getReg8
 .text.WriteRegAfterDelay
                0x0000000000000c74       0x60 ./User/DataModel.o
                0x0000000000000c74                WriteRegAfterDelay
 .text.WriteReg
                0x0000000000000cd4       0x56 ./User/DataModel.o
                0x0000000000000cd4                WriteReg
 .text.vGetBitrate
                0x0000000000000d2a       0x2a ./User/DataModel.o
                0x0000000000000d2a                vGetBitrate
 .text.vFDGetNMTState
                0x0000000000000d54        0x6 ./User/DataModel.o
                0x0000000000000d54                vFDGetNMTState
 .text.vGetNodeId
                0x0000000000000d5a        0x6 ./User/DataModel.o
                0x0000000000000d5a                vGetNodeId
 .text.vIncrementSystemCounters
                0x0000000000000d60       0x76 ./User/DataModel.o
                0x0000000000000d60                vIncrementSystemCounters
 .text.vSaveData
                0x0000000000000dd6       0x14 ./User/DataModel.o
                0x0000000000000dd6                vSaveData
 .text.getOdometr
                0x0000000000000dea       0x14 ./User/DataModel.o
                0x0000000000000dea                getOdometr
 .text.NMI_Handler
                0x0000000000000dfe        0x2 ./User/ch32v20x_it.o
                0x0000000000000dfe                NMI_Handler
 .text.HardFault_Handler
                0x0000000000000e00        0x2 ./User/ch32v20x_it.o
                0x0000000000000e00                HardFault_Handler
 .text.SegPrint
                0x0000000000000e02       0x5a ./User/dash_draw.o
 .text.xProcessTaskHandle
                0x0000000000000e5c        0xa ./User/dash_draw.o
                0x0000000000000e5c                xProcessTaskHandle
 .text.vSetErrorReg
                0x0000000000000e66        0xa ./User/dash_draw.o
                0x0000000000000e66                vSetErrorReg
 .text.getODValue
                0x0000000000000e70      0x12c ./User/dash_draw.o
                0x0000000000000e70                getODValue
 .text.IncMenuIndex
                0x0000000000000f9c       0x80 ./User/dash_draw.o
                0x0000000000000f9c                IncMenuIndex
 .text.GoToHome
                0x000000000000101c       0x12 ./User/dash_draw.o
                0x000000000000101c                GoToHome
 .text.SetCurMenuHome
                0x000000000000102e       0x1e ./User/dash_draw.o
                0x000000000000102e                SetCurMenuHome
 .text.GetCurMenuHome
                0x000000000000104c        0x6 ./User/dash_draw.o
                0x000000000000104c                GetCurMenuHome
 .text.SetCurrentMenu
                0x0000000000001052       0x12 ./User/dash_draw.o
                0x0000000000001052                SetCurrentMenu
 .text.SetDefault
                0x0000000000001064       0x28 ./User/dash_draw.o
                0x0000000000001064                SetDefault
 .text.MenuBackHomeCheck
                0x000000000000108c       0x38 ./User/dash_draw.o
                0x000000000000108c                MenuBackHomeCheck
 .text.CheckMenuChannel
                0x00000000000010c4       0x20 ./User/dash_draw.o
                0x00000000000010c4                CheckMenuChannel
 .text.vDashDrawInit
                0x00000000000010e4       0x7e ./User/dash_draw.o
                0x00000000000010e4                vDashDrawInit
 .text.vMenuBlink
                0x0000000000001162       0x4a ./User/dash_draw.o
                0x0000000000001162                vMenuBlink
 .text.SetErrorRegiter
                0x00000000000011ac       0x5e ./User/dash_draw.o
                0x00000000000011ac                SetErrorRegiter
 .text.uGetCurrMenu
                0x000000000000120a       0x26 ./User/dash_draw.o
                0x000000000000120a                uGetCurrMenu
 .text.vGetEdgeData
                0x0000000000001230       0x2a ./User/dash_draw.o
                0x0000000000001230                vGetEdgeData
 .text.checkLedState
                0x000000000000125a       0x3a ./User/dash_draw.o
 .text.vRGBMode
                0x0000000000001294       0x72 ./User/dash_draw.o
                0x0000000000001294                vRGBMode
 .text.vBarColorMode
                0x0000000000001306       0xc2 ./User/dash_draw.o
                0x0000000000001306                vBarColorMode
 .text.vBarWindowMode
                0x00000000000013c8       0x5a ./User/dash_draw.o
                0x00000000000013c8                vBarWindowMode
 .text.vBarMode
                0x0000000000001422       0x66 ./User/dash_draw.o
                0x0000000000001422                vBarMode
 .text.RedrawNotifyTaskToInit
                0x0000000000001488       0x28 ./User/dash_draw.o
                0x0000000000001488                RedrawNotifyTaskToInit
 .text.vRedrawTask
                0x00000000000014b0      0x568 ./User/dash_draw.o
                0x00000000000014b0                vRedrawTask
 .text.vInit_DeviceConfig
                0x0000000000001a18      0x166 ./User/init.o
                0x0000000000001a18                vInit_DeviceConfig
 .text.HardwareDeinit
                0x0000000000001b7e       0x2a ./User/init.o
                0x0000000000001b7e                HardwareDeinit
 .text.SoftwareReset
                0x0000000000001ba8       0x14 ./User/init.o
                0x0000000000001ba8                SoftwareReset
 .text.ADC1_Event
                0x0000000000001bbc       0x48 ./User/inputs.o
                0x0000000000001bbc                ADC1_Event
 .text.CaptureDMACallBack
                0x0000000000001c04       0x30 ./User/inputs.o
                0x0000000000001c04                CaptureDMACallBack
 .text.CaptureDMACallBack_1
                0x0000000000001c34       0x30 ./User/inputs.o
                0x0000000000001c34                CaptureDMACallBack_1
 .text.fDinStateCallback
                0x0000000000001c64       0x32 ./User/inputs.o
                0x0000000000001c64                fDinStateCallback
 .text.vSetDoutState
                0x0000000000001c96       0x28 ./User/inputs.o
                0x0000000000001c96                vSetDoutState
 .text.getInputsTaskHandle
                0x0000000000001cbe        0xa ./User/inputs.o
                0x0000000000001cbe                getInputsTaskHandle
 .text.InputsNotifyTaskToInit
                0x0000000000001cc8       0x28 ./User/inputs.o
                0x0000000000001cc8                InputsNotifyTaskToInit
 .text.ADC1_Init
                0x0000000000001cf0       0x54 ./User/inputs.o
                0x0000000000001cf0                ADC1_Init
 .text.ADC_FSM  0x0000000000001d44       0xfe ./User/inputs.o
                0x0000000000001d44                ADC_FSM
 .text.GetAIN   0x0000000000001e42        0xc ./User/inputs.o
                0x0000000000001e42                GetAIN
 .text.vInputsTask
                0x0000000000001e4e      0x314 ./User/inputs.o
                0x0000000000001e4e                vInputsTask
 .text.SPI1_DMA_Callback
                0x0000000000002162       0x38 ./User/led.o
                0x0000000000002162                SPI1_DMA_Callback
 .text.SPI2_DMA_Callback
                0x000000000000219a       0x3e ./User/led.o
                0x000000000000219a                SPI2_DMA_Callback
 .text.SetBarState
                0x00000000000021d8       0x50 ./User/led.o
                0x00000000000021d8                SetBarState
 .text.SetRGB   0x0000000000002228       0x4e ./User/led.o
                0x0000000000002228                SetRGB
 .text.SetSegDirect
                0x0000000000002276       0x9c ./User/led.o
                0x0000000000002276                SetSegDirect
 .text.SetSegPoint
                0x0000000000002312       0x22 ./User/led.o
                0x0000000000002312                SetSegPoint
 .text.SetSEG   0x0000000000002334      0x120 ./User/led.o
                0x0000000000002334                SetSEG
 .text.SetBigSeg
                0x0000000000002454       0x14 ./User/led.o
                0x0000000000002454                SetBigSeg
 .text.vSetBrigth
                0x0000000000002468       0x2a ./User/led.o
                0x0000000000002468                vSetBrigth
 .text.vLedDriverStart
                0x0000000000002492       0x62 ./User/led.o
                0x0000000000002492                vLedDriverStart
 .text.vLedProcess
                0x00000000000024f4       0x24 ./User/led.o
                0x00000000000024f4                vLedProcess
 .text.vRGBProcess
                0x0000000000002518       0xe8 ./User/led.o
                0x0000000000002518                vRGBProcess
 .text.startup.main
                0x0000000000002600       0x24 ./User/main.o
                0x0000000000002600                main
 .text.vRestartNode
                0x0000000000002624        0x2 ./User/main.o
                0x0000000000002624                vRestartNode
 .text.Error_Handler
                0x0000000000002626        0x8 ./User/main.o
                0x0000000000002626                Error_Handler
 .text.OD_writeRGBMAP
                0x000000000000262e       0x30 ./User/process.o
 .text.OD_readRGBMAP
                0x000000000000265e       0x22 ./User/process.o
 .text.OD_readDIN
                0x0000000000002680       0x1c ./User/process.o
 .text.OD_writeMenuSetup
                0x000000000000269c       0x46 ./User/process.o
 .text.OD_writeBoardSettings
                0x00000000000026e2       0x78 ./User/process.o
 .text.CO_getUint16
                0x000000000000275a       0x10 ./User/process.o
 .text.OD_writeSEG
                0x000000000000276a       0x44 ./User/process.o
 .text.OD_writeBAR
                0x00000000000027ae       0x30 ./User/process.o
 .text.OD_writeRPMConfig
                0x00000000000027de       0x36 ./User/process.o
 .text.CO_getUint32
                0x0000000000002814       0x18 ./User/process.o
 .text.OD_writeMenuMap
                0x000000000000282c       0x30 ./User/process.o
 .text.OD_writeV1_14
                0x000000000000285c       0x56 ./User/process.o
 .text.OD_writeDashParam
                0x00000000000028b2       0x44 ./User/process.o
 .text.WriteRGB.isra.2
                0x00000000000028f6       0x3a ./User/process.o
 .text.OD_writeRGB1
                0x0000000000002930       0x14 ./User/process.o
 .text.OD_writeRGB2
                0x0000000000002944       0x16 ./User/process.o
 .text.OD_writeRGB3
                0x000000000000295a       0x16 ./User/process.o
 .text.OD_writeRGB4
                0x0000000000002970       0x16 ./User/process.o
 .text.OD_writeRGB5
                0x0000000000002986       0x16 ./User/process.o
 .text.OD_writeRGB6
                0x000000000000299c       0x16 ./User/process.o
 .text.OD_writeRGB7
                0x00000000000029b2       0x16 ./User/process.o
 .text.OD_writeRGB8
                0x00000000000029c8       0x16 ./User/process.o
 .text.OD_writeRGB9
                0x00000000000029de       0x16 ./User/process.o
 .text.OD_writeRGB10
                0x00000000000029f4       0x16 ./User/process.o
 .text.OD_writeRGB11
                0x0000000000002a0a       0x16 ./User/process.o
 .text.OD_writeRGB12
                0x0000000000002a20       0x16 ./User/process.o
 .text.OD_writeRGB13
                0x0000000000002a36       0x16 ./User/process.o
 .text.OD_readBoardSettings
                0x0000000000002a4c       0x2c ./User/process.o
 .text.readADC.isra.6
                0x0000000000002a78       0x84 ./User/process.o
 .text.OD_readADC1
                0x0000000000002afc       0x10 ./User/process.o
 .text.OD_readADC2
                0x0000000000002b0c       0x10 ./User/process.o
 .text.OD_readADC3
                0x0000000000002b1c       0x10 ./User/process.o
 .text.OD_readMenuSetup
                0x0000000000002b2c       0x30 ./User/process.o
 .text.writeADC.isra.9
                0x0000000000002b5c       0xde ./User/process.o
 .text.OD_writeADC1
                0x0000000000002c3a       0x10 ./User/process.o
 .text.OD_writeADC2
                0x0000000000002c4a       0x10 ./User/process.o
 .text.OD_writeADC3
                0x0000000000002c5a       0x10 ./User/process.o
 .text.OD_readRGB.isra.5
                0x0000000000002c6a       0x22 ./User/process.o
 .text.OD_readRGB1
                0x0000000000002c8c       0x10 ./User/process.o
 .text.OD_readRGB2
                0x0000000000002c9c       0x12 ./User/process.o
 .text.OD_readRGB3
                0x0000000000002cae       0x12 ./User/process.o
 .text.OD_readRGB4
                0x0000000000002cc0       0x12 ./User/process.o
 .text.OD_readRGB5
                0x0000000000002cd2       0x12 ./User/process.o
 .text.OD_readRGB6
                0x0000000000002ce4       0x12 ./User/process.o
 .text.OD_readRGB7
                0x0000000000002cf6       0x12 ./User/process.o
 .text.OD_readRGB8
                0x0000000000002d08       0x12 ./User/process.o
 .text.OD_readRGB9
                0x0000000000002d1a       0x12 ./User/process.o
 .text.OD_readRGB10
                0x0000000000002d2c       0x12 ./User/process.o
 .text.OD_readRGB11
                0x0000000000002d3e       0x12 ./User/process.o
 .text.OD_readRGB12
                0x0000000000002d50       0x12 ./User/process.o
 .text.OD_readRGB13
                0x0000000000002d62       0x12 ./User/process.o
 .text.OD_readAIN_RPM
                0x0000000000002d74       0x26 ./User/process.o
 .text.OD_readMenuMap
                0x0000000000002d9a       0x2c ./User/process.o
 .text.OD_readRPMConfig
                0x0000000000002dc6       0x2a ./User/process.o
 .text.OD_readBar
                0x0000000000002df0       0x28 ./User/process.o
 .text.OD_readDashParam
                0x0000000000002e18       0x4c ./User/process.o
 .text.OD_readSEG
                0x0000000000002e64       0x34 ./User/process.o
 .text.vProceesInit
                0x0000000000002e98      0x1ba ./User/process.o
                0x0000000000002e98                vProceesInit
 .text.SystemInit
                0x0000000000003052       0xee ./User/system_ch32v20x.o
                0x0000000000003052                SystemInit
 .text.SystemCoreClockUpdate
                0x0000000000003140       0x92 ./User/system_ch32v20x.o
                0x0000000000003140                SystemCoreClockUpdate
 .text.StartDefaultTask
                0x00000000000031d2       0x86 ./User/system_init.o
 .text.vApplicationGetIdleTaskMemory
                0x0000000000003258       0x1c ./User/system_init.o
                0x0000000000003258                vApplicationGetIdleTaskMemory
 .text.vApplicationGetTimerTaskMemory
                0x0000000000003274       0x1c ./User/system_init.o
                0x0000000000003274                vApplicationGetTimerTaskMemory
 .text.vSystemStopProcess
                0x0000000000003290       0x1c ./User/system_init.o
                0x0000000000003290                vSystemStopProcess
 .text.vSYStaskInit
                0x00000000000032ac      0x100 ./User/system_init.o
                0x00000000000032ac                vSYStaskInit
 .text.vSYSqueueInit
                0x00000000000033ac       0x2a ./User/system_init.o
                0x00000000000033ac                vSYSqueueInit
 .text.vector_handler
                0x00000000000033d6       0x6c ./Startup/startup_ch32v20x_D6.o
                0x00000000000033da                Ecall_M_Mode_Handler
                0x00000000000033dc                Ecall_U_Mode_Handler
                0x00000000000033de                Break_Point_Handler
                0x00000000000033e4                WWDG_IRQHandler
                0x00000000000033e6                PVD_IRQHandler
                0x00000000000033e8                TAMPER_IRQHandler
                0x00000000000033ec                FLASH_IRQHandler
                0x00000000000033ee                RCC_IRQHandler
                0x00000000000033f0                EXTI0_IRQHandler
                0x00000000000033f2                EXTI1_IRQHandler
                0x00000000000033f4                EXTI2_IRQHandler
                0x00000000000033f6                EXTI3_IRQHandler
                0x00000000000033f8                EXTI4_IRQHandler
                0x00000000000033fc                DMA1_Channel2_IRQHandler
                0x0000000000003404                DMA1_Channel6_IRQHandler
                0x0000000000003412                EXTI9_5_IRQHandler
                0x0000000000003414                TIM1_BRK_IRQHandler
                0x0000000000003418                TIM1_TRG_COM_IRQHandler
                0x000000000000342a                SPI1_IRQHandler
                0x000000000000342c                SPI2_IRQHandler
                0x000000000000342e                USART1_IRQHandler
                0x0000000000003430                USART2_IRQHandler
                0x0000000000003432                USART3_IRQHandler
                0x0000000000003434                EXTI15_10_IRQHandler
                0x0000000000003436                RTCAlarm_IRQHandler
                0x0000000000003438                USBWakeUp_IRQHandler
                0x000000000000343a                USBHD_IRQHandler
                0x000000000000343c                USBHDWakeUp_IRQHandler
                0x000000000000343e                UART4_IRQHandler
                0x0000000000003440                DMA1_Channel8_IRQHandler
 .text.handle_reset
                0x0000000000003442       0x92 ./Startup/startup_ch32v20x_D6.o
                0x0000000000003442                handle_reset
 .text.ADC_DeInit
                0x00000000000034d4       0x46 ./Peripheral/src/ch32v20x_adc.o
                0x00000000000034d4                ADC_DeInit
 .text.ADC_Init
                0x000000000000351a       0x56 ./Peripheral/src/ch32v20x_adc.o
                0x000000000000351a                ADC_Init
 .text.ADC_Cmd  0x0000000000003570       0x10 ./Peripheral/src/ch32v20x_adc.o
                0x0000000000003570                ADC_Cmd
 .text.ADC_DMACmd
                0x0000000000003580       0x12 ./Peripheral/src/ch32v20x_adc.o
                0x0000000000003580                ADC_DMACmd
 .text.ADC_ResetCalibration
                0x0000000000003592        0xa ./Peripheral/src/ch32v20x_adc.o
                0x0000000000003592                ADC_ResetCalibration
 .text.ADC_GetResetCalibrationStatus
                0x000000000000359c        0x8 ./Peripheral/src/ch32v20x_adc.o
                0x000000000000359c                ADC_GetResetCalibrationStatus
 .text.ADC_StartCalibration
                0x00000000000035a4        0xa ./Peripheral/src/ch32v20x_adc.o
                0x00000000000035a4                ADC_StartCalibration
 .text.ADC_GetCalibrationStatus
                0x00000000000035ae        0x8 ./Peripheral/src/ch32v20x_adc.o
                0x00000000000035ae                ADC_GetCalibrationStatus
 .text.ADC_SoftwareStartConvCmd
                0x00000000000035b6       0x18 ./Peripheral/src/ch32v20x_adc.o
                0x00000000000035b6                ADC_SoftwareStartConvCmd
 .text.ADC_RegularChannelConfig
                0x00000000000035ce       0xb8 ./Peripheral/src/ch32v20x_adc.o
                0x00000000000035ce                ADC_RegularChannelConfig
 .text.ADC_ExternalTrigConvCmd
                0x0000000000003686       0x18 ./Peripheral/src/ch32v20x_adc.o
                0x0000000000003686                ADC_ExternalTrigConvCmd
 .text.ADC_GetITStatus
                0x000000000000369e       0x1c ./Peripheral/src/ch32v20x_adc.o
                0x000000000000369e                ADC_GetITStatus
 .text.ADC_ClearITPendingBit
                0x00000000000036ba        0xa ./Peripheral/src/ch32v20x_adc.o
                0x00000000000036ba                ADC_ClearITPendingBit
 .text.ADC_BufferCmd
                0x00000000000036c4       0x18 ./Peripheral/src/ch32v20x_adc.o
                0x00000000000036c4                ADC_BufferCmd
 .text.Get_CalibrationValue
                0x00000000000036dc      0x1fe ./Peripheral/src/ch32v20x_adc.o
                0x00000000000036dc                Get_CalibrationValue
 .text.BKP_DeInit
                0x00000000000038da       0x14 ./Peripheral/src/ch32v20x_bkp.o
                0x00000000000038da                BKP_DeInit
 .text.CAN_Init
                0x00000000000038ee       0xe8 ./Peripheral/src/ch32v20x_can.o
                0x00000000000038ee                CAN_Init
 .text.CAN_FilterInit
                0x00000000000039d6      0x118 ./Peripheral/src/ch32v20x_can.o
                0x00000000000039d6                CAN_FilterInit
 .text.CAN_Transmit
                0x0000000000003aee       0xbc ./Peripheral/src/ch32v20x_can.o
                0x0000000000003aee                CAN_Transmit
 .text.CAN_OperatingModeRequest
                0x0000000000003baa       0x72 ./Peripheral/src/ch32v20x_can.o
                0x0000000000003baa                CAN_OperatingModeRequest
 .text.CAN_ITConfig
                0x0000000000003c1c       0x12 ./Peripheral/src/ch32v20x_can.o
                0x0000000000003c1c                CAN_ITConfig
 .text.CAN_GetFlagStatus
                0x0000000000003c2e       0x56 ./Peripheral/src/ch32v20x_can.o
                0x0000000000003c2e                CAN_GetFlagStatus
 .text.CAN_ClearFlag
                0x0000000000003c84       0x40 ./Peripheral/src/ch32v20x_can.o
                0x0000000000003c84                CAN_ClearFlag
 .text.CAN_ClearITPendingBit
                0x0000000000003cc4       0x94 ./Peripheral/src/ch32v20x_can.o
                0x0000000000003cc4                CAN_ClearITPendingBit
 .text.DMA_Init
                0x0000000000003d58       0x38 ./Peripheral/src/ch32v20x_dma.o
                0x0000000000003d58                DMA_Init
 .text.DMA_Cmd  0x0000000000003d90       0x14 ./Peripheral/src/ch32v20x_dma.o
                0x0000000000003d90                DMA_Cmd
 .text.DMA_ITConfig
                0x0000000000003da4       0x12 ./Peripheral/src/ch32v20x_dma.o
                0x0000000000003da4                DMA_ITConfig
 .text.DMA_SetCurrDataCounter
                0x0000000000003db6        0x4 ./Peripheral/src/ch32v20x_dma.o
                0x0000000000003db6                DMA_SetCurrDataCounter
 .text.DMA_GetFlagStatus
                0x0000000000003dba        0xe ./Peripheral/src/ch32v20x_dma.o
                0x0000000000003dba                DMA_GetFlagStatus
 .text.DMA_GetITStatus
                0x0000000000003dc8        0xc ./Peripheral/src/ch32v20x_dma.o
                0x0000000000003dc8                DMA_GetITStatus
 .text.DMA_ClearITPendingBit
                0x0000000000003dd4        0x8 ./Peripheral/src/ch32v20x_dma.o
                0x0000000000003dd4                DMA_ClearITPendingBit
 .text.GPIO_Init
                0x0000000000003ddc       0xfa ./Peripheral/src/ch32v20x_gpio.o
                0x0000000000003ddc                GPIO_Init
 .text.GPIO_ReadInputDataBit
                0x0000000000003ed6       0x1e ./Peripheral/src/ch32v20x_gpio.o
                0x0000000000003ed6                GPIO_ReadInputDataBit
 .text.GPIO_SetBits
                0x0000000000003ef4       0x18 ./Peripheral/src/ch32v20x_gpio.o
                0x0000000000003ef4                GPIO_SetBits
 .text.GPIO_ResetBits
                0x0000000000003f0c       0x18 ./Peripheral/src/ch32v20x_gpio.o
                0x0000000000003f0c                GPIO_ResetBits
 .text.GPIO_PinRemapConfig
                0x0000000000003f24       0xf2 ./Peripheral/src/ch32v20x_gpio.o
                0x0000000000003f24                GPIO_PinRemapConfig
 .text.I2C_Init
                0x0000000000004016       0xf2 ./Peripheral/src/ch32v20x_i2c.o
                0x0000000000004016                I2C_Init
 .text.I2C_Cmd  0x0000000000004108       0x18 ./Peripheral/src/ch32v20x_i2c.o
                0x0000000000004108                I2C_Cmd
 .text.I2C_GenerateSTART
                0x0000000000004120       0x1a ./Peripheral/src/ch32v20x_i2c.o
                0x0000000000004120                I2C_GenerateSTART
 .text.I2C_GenerateSTOP
                0x000000000000413a       0x1a ./Peripheral/src/ch32v20x_i2c.o
                0x000000000000413a                I2C_GenerateSTOP
 .text.I2C_AcknowledgeConfig
                0x0000000000004154       0x1a ./Peripheral/src/ch32v20x_i2c.o
                0x0000000000004154                I2C_AcknowledgeConfig
 .text.I2C_DualAddressCmd
                0x000000000000416e       0x18 ./Peripheral/src/ch32v20x_i2c.o
                0x000000000000416e                I2C_DualAddressCmd
 .text.I2C_ITConfig
                0x0000000000004186       0x12 ./Peripheral/src/ch32v20x_i2c.o
                0x0000000000004186                I2C_ITConfig
 .text.I2C_SendData
                0x0000000000004198        0x4 ./Peripheral/src/ch32v20x_i2c.o
                0x0000000000004198                I2C_SendData
 .text.I2C_ReceiveData
                0x000000000000419c        0x8 ./Peripheral/src/ch32v20x_i2c.o
                0x000000000000419c                I2C_ReceiveData
 .text.I2C_Send7bitAddress
                0x00000000000041a4       0x12 ./Peripheral/src/ch32v20x_i2c.o
                0x00000000000041a4                I2C_Send7bitAddress
 .text.I2C_ReadRegister
                0x00000000000041b6       0x14 ./Peripheral/src/ch32v20x_i2c.o
                0x00000000000041b6                I2C_ReadRegister
 .text.I2C_CheckEvent
                0x00000000000041ca       0x16 ./Peripheral/src/ch32v20x_i2c.o
                0x00000000000041ca                I2C_CheckEvent
 .text.I2C_GetFlagStatus
                0x00000000000041e0       0x32 ./Peripheral/src/ch32v20x_i2c.o
                0x00000000000041e0                I2C_GetFlagStatus
 .text.I2C_ClearFlag
                0x0000000000004212        0xc ./Peripheral/src/ch32v20x_i2c.o
                0x0000000000004212                I2C_ClearFlag
 .text.NVIC_PriorityGroupConfig
                0x000000000000421e        0xa ./Peripheral/src/ch32v20x_misc.o
                0x000000000000421e                NVIC_PriorityGroupConfig
 .text.NVIC_Init
                0x0000000000004228       0xaa ./Peripheral/src/ch32v20x_misc.o
                0x0000000000004228                NVIC_Init
 .text.PWR_BackupAccessCmd
                0x00000000000042d2       0x16 ./Peripheral/src/ch32v20x_pwr.o
                0x00000000000042d2                PWR_BackupAccessCmd
 .text.RCC_ADCCLKConfig
                0x00000000000042e8       0x12 ./Peripheral/src/ch32v20x_rcc.o
                0x00000000000042e8                RCC_ADCCLKConfig
 .text.RCC_LSEConfig
                0x00000000000042fa       0x28 ./Peripheral/src/ch32v20x_rcc.o
                0x00000000000042fa                RCC_LSEConfig
 .text.RCC_RTCCLKConfig
                0x0000000000004322        0xc ./Peripheral/src/ch32v20x_rcc.o
                0x0000000000004322                RCC_RTCCLKConfig
 .text.RCC_RTCCLKCmd
                0x000000000000432e       0x20 ./Peripheral/src/ch32v20x_rcc.o
                0x000000000000432e                RCC_RTCCLKCmd
 .text.RCC_GetClocksFreq
                0x000000000000434e       0xbe ./Peripheral/src/ch32v20x_rcc.o
                0x000000000000434e                RCC_GetClocksFreq
 .text.RCC_AHBPeriphClockCmd
                0x000000000000440c       0x1e ./Peripheral/src/ch32v20x_rcc.o
                0x000000000000440c                RCC_AHBPeriphClockCmd
 .text.RCC_APB2PeriphClockCmd
                0x000000000000442a       0x1e ./Peripheral/src/ch32v20x_rcc.o
                0x000000000000442a                RCC_APB2PeriphClockCmd
 .text.RCC_APB1PeriphClockCmd
                0x0000000000004448       0x1e ./Peripheral/src/ch32v20x_rcc.o
                0x0000000000004448                RCC_APB1PeriphClockCmd
 .text.RCC_APB2PeriphResetCmd
                0x0000000000004466       0x1e ./Peripheral/src/ch32v20x_rcc.o
                0x0000000000004466                RCC_APB2PeriphResetCmd
 .text.RCC_APB1PeriphResetCmd
                0x0000000000004484       0x1e ./Peripheral/src/ch32v20x_rcc.o
                0x0000000000004484                RCC_APB1PeriphResetCmd
 .text.RCC_BackupResetCmd
                0x00000000000044a2       0x20 ./Peripheral/src/ch32v20x_rcc.o
                0x00000000000044a2                RCC_BackupResetCmd
 .text.RCC_GetFlagStatus
                0x00000000000044c2       0x2e ./Peripheral/src/ch32v20x_rcc.o
                0x00000000000044c2                RCC_GetFlagStatus
 .text.RTC_ITConfig
                0x00000000000044f0       0x1a ./Peripheral/src/ch32v20x_rtc.o
                0x00000000000044f0                RTC_ITConfig
 .text.RTC_EnterConfigMode
                0x000000000000450a       0x12 ./Peripheral/src/ch32v20x_rtc.o
                0x000000000000450a                RTC_EnterConfigMode
 .text.RTC_ExitConfigMode
                0x000000000000451c       0x18 ./Peripheral/src/ch32v20x_rtc.o
                0x000000000000451c                RTC_ExitConfigMode
 .text.RTC_SetPrescaler
                0x0000000000004534       0x2e ./Peripheral/src/ch32v20x_rtc.o
                0x0000000000004534                RTC_SetPrescaler
 .text.RTC_WaitForLastTask
                0x0000000000004562       0x10 ./Peripheral/src/ch32v20x_rtc.o
                0x0000000000004562                RTC_WaitForLastTask
 .text.RTC_WaitForSynchro
                0x0000000000004572       0x24 ./Peripheral/src/ch32v20x_rtc.o
                0x0000000000004572                RTC_WaitForSynchro
 .text.RTC_ClearFlag
                0x0000000000004596       0x14 ./Peripheral/src/ch32v20x_rtc.o
                0x0000000000004596                RTC_ClearFlag
 .text.RTC_GetITStatus
                0x00000000000045aa       0x20 ./Peripheral/src/ch32v20x_rtc.o
                0x00000000000045aa                RTC_GetITStatus
 .text.RTC_ClearITPendingBit
                0x00000000000045ca        0xc ./Peripheral/src/ch32v20x_rtc.o
                0x00000000000045ca                RTC_ClearITPendingBit
 .text.SPI_Init
                0x00000000000045d6       0x3e ./Peripheral/src/ch32v20x_spi.o
                0x00000000000045d6                SPI_Init
 .text.SPI_Cmd  0x0000000000004614       0x1a ./Peripheral/src/ch32v20x_spi.o
                0x0000000000004614                SPI_Cmd
 .text.SPI_I2S_DMACmd
                0x000000000000462e       0x12 ./Peripheral/src/ch32v20x_spi.o
                0x000000000000462e                SPI_I2S_DMACmd
 .text.SPI_I2S_GetFlagStatus
                0x0000000000004640        0xa ./Peripheral/src/ch32v20x_spi.o
                0x0000000000004640                SPI_I2S_GetFlagStatus
 .text.TI1_Config
                0x000000000000464a       0x6a ./Peripheral/src/ch32v20x_tim.o
 .text.TI2_Config
                0x00000000000046b4       0x82 ./Peripheral/src/ch32v20x_tim.o
 .text.TIM_DeInit
                0x0000000000004736       0x8a ./Peripheral/src/ch32v20x_tim.o
                0x0000000000004736                TIM_DeInit
 .text.TIM_TimeBaseInit
                0x00000000000047c0       0x6a ./Peripheral/src/ch32v20x_tim.o
                0x00000000000047c0                TIM_TimeBaseInit
 .text.TIM_OC1Init
                0x000000000000482a       0x6a ./Peripheral/src/ch32v20x_tim.o
                0x000000000000482a                TIM_OC1Init
 .text.TIM_OC2Init
                0x0000000000004894       0x96 ./Peripheral/src/ch32v20x_tim.o
                0x0000000000004894                TIM_OC2Init
 .text.TIM_OC3Init
                0x000000000000492a       0x94 ./Peripheral/src/ch32v20x_tim.o
                0x000000000000492a                TIM_OC3Init
 .text.TIM_OC4Init
                0x00000000000049be       0x6c ./Peripheral/src/ch32v20x_tim.o
                0x00000000000049be                TIM_OC4Init
 .text.TIM_TimeBaseStructInit
                0x0000000000004a2a       0x16 ./Peripheral/src/ch32v20x_tim.o
                0x0000000000004a2a                TIM_TimeBaseStructInit
 .text.TIM_Cmd  0x0000000000004a40       0x18 ./Peripheral/src/ch32v20x_tim.o
                0x0000000000004a40                TIM_Cmd
 .text.TIM_CtrlPWMOutputs
                0x0000000000004a58       0x16 ./Peripheral/src/ch32v20x_tim.o
                0x0000000000004a58                TIM_CtrlPWMOutputs
 .text.TIM_ITConfig
                0x0000000000004a6e       0x12 ./Peripheral/src/ch32v20x_tim.o
                0x0000000000004a6e                TIM_ITConfig
 .text.TIM_DMACmd
                0x0000000000004a80        0xc ./Peripheral/src/ch32v20x_tim.o
                0x0000000000004a80                TIM_DMACmd
 .text.TIM_InternalClockConfig
                0x0000000000004a8c       0x10 ./Peripheral/src/ch32v20x_tim.o
                0x0000000000004a8c                TIM_InternalClockConfig
 .text.TIM_ARRPreloadConfig
                0x0000000000004a9c       0x1a ./Peripheral/src/ch32v20x_tim.o
                0x0000000000004a9c                TIM_ARRPreloadConfig
 .text.TIM_OC1PreloadConfig
                0x0000000000004ab6        0xe ./Peripheral/src/ch32v20x_tim.o
                0x0000000000004ab6                TIM_OC1PreloadConfig
 .text.TIM_OC2PreloadConfig
                0x0000000000004ac4       0x16 ./Peripheral/src/ch32v20x_tim.o
                0x0000000000004ac4                TIM_OC2PreloadConfig
 .text.TIM_OC3PreloadConfig
                0x0000000000004ada        0xe ./Peripheral/src/ch32v20x_tim.o
                0x0000000000004ada                TIM_OC3PreloadConfig
 .text.TIM_OC4PreloadConfig
                0x0000000000004ae8       0x16 ./Peripheral/src/ch32v20x_tim.o
                0x0000000000004ae8                TIM_OC4PreloadConfig
 .text.TIM_SetIC1Prescaler
                0x0000000000004afe       0x16 ./Peripheral/src/ch32v20x_tim.o
                0x0000000000004afe                TIM_SetIC1Prescaler
 .text.TIM_SetIC2Prescaler
                0x0000000000004b14       0x1a ./Peripheral/src/ch32v20x_tim.o
                0x0000000000004b14                TIM_SetIC2Prescaler
 .text.TIM_SetIC3Prescaler
                0x0000000000004b2e       0x16 ./Peripheral/src/ch32v20x_tim.o
                0x0000000000004b2e                TIM_SetIC3Prescaler
 .text.TIM_SetIC4Prescaler
                0x0000000000004b44       0x1a ./Peripheral/src/ch32v20x_tim.o
                0x0000000000004b44                TIM_SetIC4Prescaler
 .text.TIM_ICInit
                0x0000000000004b5e      0x168 ./Peripheral/src/ch32v20x_tim.o
                0x0000000000004b5e                TIM_ICInit
 .text.TIM_GetCapture3
                0x0000000000004cc6        0x4 ./Peripheral/src/ch32v20x_tim.o
                0x0000000000004cc6                TIM_GetCapture3
 .text.TIM_GetCapture4
                0x0000000000004cca        0x6 ./Peripheral/src/ch32v20x_tim.o
                0x0000000000004cca                TIM_GetCapture4
 .text.TIM_GetFlagStatus
                0x0000000000004cd0        0xa ./Peripheral/src/ch32v20x_tim.o
                0x0000000000004cd0                TIM_GetFlagStatus
 .text.TIM_ClearFlag
                0x0000000000004cda        0xc ./Peripheral/src/ch32v20x_tim.o
                0x0000000000004cda                TIM_ClearFlag
 .text.TIM_GetITStatus
                0x0000000000004ce6       0x18 ./Peripheral/src/ch32v20x_tim.o
                0x0000000000004ce6                TIM_GetITStatus
 .text.TIM_ClearITPendingBit
                0x0000000000004cfe        0xc ./Peripheral/src/ch32v20x_tim.o
                0x0000000000004cfe                TIM_ClearITPendingBit
 .text.USART_SendData
                0x0000000000004d0a        0x8 ./Peripheral/src/ch32v20x_usart.o
                0x0000000000004d0a                USART_SendData
 .text.USART_GetFlagStatus
                0x0000000000004d12        0xa ./Peripheral/src/ch32v20x_usart.o
                0x0000000000004d12                USART_GetFlagStatus
 .text.vAINInit
                0x0000000000004d1c       0x36 ./HWLIB/hw_lib_adc.o
                0x0000000000004d1c                vAINInit
 .text.fGetAinCalData
                0x0000000000004d52       0xa4 ./HWLIB/hw_lib_adc.o
                0x0000000000004d52                fGetAinCalData
 .text.eAinCalDataConfig
                0x0000000000004df6       0x48 ./HWLIB/hw_lib_adc.o
                0x0000000000004df6                eAinCalDataConfig
 .text.vABLineKoofFinde
                0x0000000000004e3e       0x6a ./HWLIB/hw_lib_adc.o
                0x0000000000004e3e                vABLineKoofFinde
 .text.eSetAinCalPoint
                0x0000000000004ea8       0x64 ./HWLIB/hw_lib_adc.o
                0x0000000000004ea8                eSetAinCalPoint
 .text.getADC1Buffer
                0x0000000000004f0c        0xa ./HWLIB/hw_lib_adc.o
                0x0000000000004f0c                getADC1Buffer
 .text.eDOUTConfigWtihStruct
                0x0000000000004f16       0x1a ./HWLIB/hw_lib_din.o
                0x0000000000004f16                eDOUTConfigWtihStruct
 .text.eDinConfigWtihStruct
                0x0000000000004f30       0x34 ./HWLIB/hw_lib_din.o
                0x0000000000004f30                eDinConfigWtihStruct
 .text.uGetDIN  0x0000000000004f64       0x14 ./HWLIB/hw_lib_din.o
                0x0000000000004f64                uGetDIN
 .text.eRPMConfig
                0x0000000000004f78       0x56 ./HWLIB/hw_lib_din.o
                0x0000000000004f78                eRPMConfig
 .text.RMPDataConvert
                0x0000000000004fce       0x78 ./HWLIB/hw_lib_din.o
                0x0000000000004fce                RMPDataConvert
 .text.getCaputreBuffer
                0x0000000000005046       0x16 ./HWLIB/hw_lib_din.o
                0x0000000000005046                getCaputreBuffer
 .text.GetRPM   0x000000000000505c       0x74 ./HWLIB/hw_lib_din.o
                0x000000000000505c                GetRPM
 .text.xGetRPM  0x00000000000050d0       0x72 ./HWLIB/hw_lib_din.o
                0x00000000000050d0                xGetRPM
 .text.vDinDoutProcess
                0x0000000000005142       0x98 ./HWLIB/hw_lib_din.o
                0x0000000000005142                vDinDoutProcess
 .text.xGetEEPROM
                0x00000000000051da        0xa ./HWLIB/hw_lib_eeprom.o
                0x00000000000051da                xGetEEPROM
 .text.eEEPROMWrFast
                0x00000000000051e4       0x98 ./HWLIB/hw_lib_eeprom.o
                0x00000000000051e4                eEEPROMWrFast
 .text.eEEPROMWr
                0x000000000000527c       0xae ./HWLIB/hw_lib_eeprom.o
                0x000000000000527c                eEEPROMWr
 .text.eEEPROMRd
                0x000000000000532a       0x34 ./HWLIB/hw_lib_eeprom.o
                0x000000000000532a                eEEPROMRd
 .text.bReadEEPROM
                0x000000000000535e       0x1a ./HWLIB/hw_lib_eeprom.o
                0x000000000000535e                bReadEEPROM
 .text.Get_ConversionVal
                0x0000000000005378       0x2e ./HAL/hal_adc.o
                0x0000000000005378                Get_ConversionVal
 .text.HAL_ADC_CommonConfig
                0x00000000000053a6        0xe ./HAL/hal_adc.o
                0x00000000000053a6                HAL_ADC_CommonConfig
 .text.HAL_ADC_ContiniusScanCinvertionDMA
                0x00000000000053b4       0xda ./HAL/hal_adc.o
                0x00000000000053b4                HAL_ADC_ContiniusScanCinvertionDMA
 .text.ADC1_2_IRQHandler
                0x000000000000548e       0x74 ./HAL/hal_adc.o
                0x000000000000548e                ADC1_2_IRQHandler
 .text.HAL_CANSetTXCallback
                0x0000000000005502        0xa ./HAL/hal_can.o
                0x0000000000005502                HAL_CANSetTXCallback
 .text.HAL_CANSetRXCallback
                0x000000000000550c        0xa ./HAL/hal_can.o
                0x000000000000550c                HAL_CANSetRXCallback
 .text.HAL_CANSetERRCallback
                0x0000000000005516        0xa ./HAL/hal_can.o
                0x0000000000005516                HAL_CANSetERRCallback
 .text.HAL_CANIntIT
                0x0000000000005520      0x108 ./HAL/hal_can.o
                0x0000000000005520                HAL_CANIntIT
 .text.HAL_CANToInitMode
                0x0000000000005628       0x16 ./HAL/hal_can.o
                0x0000000000005628                HAL_CANToInitMode
 .text.HAL_CANToOperatingMode
                0x000000000000563e       0x16 ./HAL/hal_can.o
                0x000000000000563e                HAL_CANToOperatingMode
 .text.HAL_CANSend
                0x0000000000005654       0x50 ./HAL/hal_can.o
                0x0000000000005654                HAL_CANSend
 .text.HAL_CANSetFiters
                0x00000000000056a4       0x3a ./HAL/hal_can.o
                0x00000000000056a4                HAL_CANSetFiters
 .text.HAL_CANGetRXMessage
                0x00000000000056de       0x96 ./HAL/hal_can.o
                0x00000000000056de                HAL_CANGetRXMessage
 .text.USB_HP_CAN1_TX_IRQHandler
                0x0000000000005774       0xd6 ./HAL/hal_can.o
                0x0000000000005774                USB_HP_CAN1_TX_IRQHandler
 .text.USB_LP_CAN1_RX0_IRQHandler
                0x000000000000584a       0x62 ./HAL/hal_can.o
                0x000000000000584a                USB_LP_CAN1_RX0_IRQHandler
 .text.CAN1_RX1_IRQHandler
                0x00000000000058ac       0x64 ./HAL/hal_can.o
                0x00000000000058ac                CAN1_RX1_IRQHandler
 .text.CAN1_SCE_IRQHandler
                0x0000000000005910       0x62 ./HAL/hal_can.o
                0x0000000000005910                CAN1_SCE_IRQHandler
 .text.HAL_DMA_Disable
                0x0000000000005972        0xc ./HAL/hal_dma.o
                0x0000000000005972                HAL_DMA_Disable
 .text.HAL_DMA_SetCouterAndEnable
                0x000000000000597e        0xc ./HAL/hal_dma.o
                0x000000000000597e                HAL_DMA_SetCouterAndEnable
 .text.HAL_DMAInitIT
                0x000000000000598a      0x128 ./HAL/hal_dma.o
                0x000000000000598a                HAL_DMAInitIT
 .text.HAL_ADC_StartDMA
                0x0000000000005ab2       0x60 ./HAL/hal_dma.o
                0x0000000000005ab2                HAL_ADC_StartDMA
 .text.DMA1_Channel1_IRQHandler
                0x0000000000005b12       0x64 ./HAL/hal_dma.o
                0x0000000000005b12                DMA1_Channel1_IRQHandler
 .text.DMA1_Channel3_IRQHandler
                0x0000000000005b76       0x68 ./HAL/hal_dma.o
                0x0000000000005b76                DMA1_Channel3_IRQHandler
 .text.DMA1_Channel5_IRQHandler
                0x0000000000005bde       0x66 ./HAL/hal_dma.o
                0x0000000000005bde                DMA1_Channel5_IRQHandler
 .text.DMA1_Channel4_IRQHandler
                0x0000000000005c44       0x64 ./HAL/hal_dma.o
                0x0000000000005c44                DMA1_Channel4_IRQHandler
 .text.DMA1_Channel7_IRQHandler
                0x0000000000005ca8       0x68 ./HAL/hal_dma.o
                0x0000000000005ca8                DMA1_Channel7_IRQHandler
 .text.HAL_InitRCC
                0x0000000000005d10       0x48 ./HAL/hal_gpio.o
 .text.HAL_InitGpioOut
                0x0000000000005d58       0x28 ./HAL/hal_gpio.o
                0x0000000000005d58                HAL_InitGpioOut
 .text.HAL_InitGpioAIN
                0x0000000000005d80       0x26 ./HAL/hal_gpio.o
                0x0000000000005d80                HAL_InitGpioAIN
 .text.HAL_InitGpioIn
                0x0000000000005da6       0x28 ./HAL/hal_gpio.o
                0x0000000000005da6                HAL_InitGpioIn
 .text.HAL_InitGpioAF
                0x0000000000005dce       0x3c ./HAL/hal_gpio.o
                0x0000000000005dce                HAL_InitGpioAF
 .text.HAL_GetBit
                0x0000000000005e0a        0xc ./HAL/hal_gpio.o
                0x0000000000005e0a                HAL_GetBit
 .text.HAL_SetBit
                0x0000000000005e16        0xc ./HAL/hal_gpio.o
                0x0000000000005e16                HAL_SetBit
 .text.HAL_ResetBit
                0x0000000000005e22        0xc ./HAL/hal_gpio.o
                0x0000000000005e22                HAL_ResetBit
 .text.I2C_Master_TransmitFast
                0x0000000000005e2e       0xe8 ./HAL/hal_i2c.o
 .text.I2C_Master_TransmitIT
                0x0000000000005f16       0xa0 ./HAL/hal_i2c.o
 .text.I2C_Master_ReviceIT
                0x0000000000005fb6       0x9e ./HAL/hal_i2c.o
 .text.I2C_FSM  0x0000000000006054      0x1d6 ./HAL/hal_i2c.o
 .text.InitI2CDMA
                0x000000000000622a      0x10c ./HAL/hal_i2c.o
                0x000000000000622a                InitI2CDMA
 .text.I2C1_EV_IRQHandler
                0x0000000000006336       0x4c ./HAL/hal_i2c.o
                0x0000000000006336                I2C1_EV_IRQHandler
 .text.I2C1_ER_IRQHandler
                0x0000000000006382       0x4c ./HAL/hal_i2c.o
                0x0000000000006382                I2C1_ER_IRQHandler
 .text.I2C2_EV_IRQHandler
                0x00000000000063ce       0x4c ./HAL/hal_i2c.o
                0x00000000000063ce                I2C2_EV_IRQHandler
 .text.I2C2_ER_IRQHandler
                0x000000000000641a       0x4c ./HAL/hal_i2c.o
                0x000000000000641a                I2C2_ER_IRQHandler
 .text.HAL_RTC_IT_Init
                0x0000000000006466       0xb0 ./HAL/hal_rtc.o
                0x0000000000006466                HAL_RTC_IT_Init
 .text.RTC_IRQHandler
                0x0000000000006516       0x68 ./HAL/hal_rtc.o
                0x0000000000006516                RTC_IRQHandler
 .text.HAL_SPI_InitDMA
                0x000000000000657e       0x92 ./HAL/hal_spi.o
                0x000000000000657e                HAL_SPI_InitDMA
 .text.HAL_SPI_RXOveleyClear
                0x0000000000006610        0x8 ./HAL/hal_spi.o
                0x0000000000006610                HAL_SPI_RXOveleyClear
 .text.HAL_SPI_GetBusy
                0x0000000000006618       0x16 ./HAL/hal_spi.o
                0x0000000000006618                HAL_SPI_GetBusy
 .text.vTimerInitRCC
                0x000000000000662e       0x3e ./HAL/hal_timers.o
 .text.TIM1_CC_IRQHandler
                0x000000000000666c       0xea ./HAL/hal_timers.o
                0x000000000000666c                TIM1_CC_IRQHandler
 .text.TIM1_UP_IRQHandler
                0x0000000000006756       0x74 ./HAL/hal_timers.o
                0x0000000000006756                TIM1_UP_IRQHandler
 .text.TIM4_IRQHandler
                0x00000000000067ca       0x74 ./HAL/hal_timers.o
                0x00000000000067ca                TIM4_IRQHandler
 .text.TIM3_IRQHandler
                0x000000000000683e       0x74 ./HAL/hal_timers.o
                0x000000000000683e                TIM3_IRQHandler
 .text.TIM2_IRQHandler
                0x00000000000068b2       0x6c ./HAL/hal_timers.o
                0x00000000000068b2                TIM2_IRQHandler
 .text.HAL_TiemrEneblae
                0x000000000000691e       0x1c ./HAL/hal_timers.o
                0x000000000000691e                HAL_TiemrEneblae
 .text.HAL_TiemrDisable
                0x000000000000693a       0x1c ./HAL/hal_timers.o
                0x000000000000693a                HAL_TiemrDisable
 .text.HW_TIMER_BaseTimerInit
                0x0000000000006956       0x60 ./HAL/hal_timers.o
                0x0000000000006956                HW_TIMER_BaseTimerInit
 .text.HAL_TIMER_InitIt
                0x00000000000069b6       0xa4 ./HAL/hal_timers.o
                0x00000000000069b6                HAL_TIMER_InitIt
 .text.HAL_TIMER_PWMTimersInit
                0x0000000000006a5a       0xec ./HAL/hal_timers.o
                0x0000000000006a5a                HAL_TIMER_PWMTimersInit
 .text.HAL_TimeInitCaptureDMA
                0x0000000000006b46       0xbc ./HAL/hal_timers.o
                0x0000000000006b46                HAL_TimeInitCaptureDMA
 .text.HAL_TIMER_DisablePWMCH
                0x0000000000006c02       0x1c ./HAL/hal_timers.o
                0x0000000000006c02                HAL_TIMER_DisablePWMCH
 .text.HAL_TIMER_SetPWMPulse
                0x0000000000006c1e       0x80 ./HAL/hal_timers.o
                0x0000000000006c1e                HAL_TIMER_SetPWMPulse
 .text.HAL_TIMER_EnablePWMCH
                0x0000000000006c9e       0x1c ./HAL/hal_timers.o
                0x0000000000006c9e                HAL_TIMER_EnablePWMCH
 .text.HAL_WDTReset
                0x0000000000006cba        0x2 ./HAL/hal_wdt.o
                0x0000000000006cba                HAL_WDTReset
 .text.prvInsertBlockIntoFreeList
                0x0000000000006cbc       0x48 ./FreeRTOS/portable/MemMang/heap_4.o
 .text.pvPortMalloc
                0x0000000000006d04      0x182 ./FreeRTOS/portable/MemMang/heap_4.o
                0x0000000000006d04                pvPortMalloc
 .text.vPortFree
                0x0000000000006e86       0xa8 ./FreeRTOS/portable/MemMang/heap_4.o
                0x0000000000006e86                vPortFree
 .text.vPortSetupTimerInterrupt
                0x0000000000006f2e       0x3e ./FreeRTOS/portable/GCC/RISC-V/port.o
                0x0000000000006f2e                vPortSetupTimerInterrupt
 .text.xPortStartScheduler
                0x0000000000006f6c       0x90 ./FreeRTOS/portable/GCC/RISC-V/port.o
                0x0000000000006f6c                xPortStartScheduler
 .text.SysTick_Handler
                0x0000000000006ffc       0x7c ./FreeRTOS/portable/GCC/RISC-V/port.o
                0x0000000000006ffc                SysTick_Handler
 .text.vPortEnterCritical
                0x0000000000007078       0x16 ./FreeRTOS/portable/GCC/RISC-V/port.o
                0x0000000000007078                vPortEnterCritical
 .text.vPortExitCritical
                0x000000000000708e       0x42 ./FreeRTOS/portable/GCC/RISC-V/port.o
                0x000000000000708e                vPortExitCritical
 .text.xPortSetInterruptMask
                0x00000000000070d0        0xc ./FreeRTOS/portable/GCC/RISC-V/port.o
                0x00000000000070d0                xPortSetInterruptMask
 .text.vPortClearInterruptMask
                0x00000000000070dc        0x6 ./FreeRTOS/portable/GCC/RISC-V/port.o
                0x00000000000070dc                vPortClearInterruptMask
 .text.vListInitialise
                0x00000000000070e2       0x14 ./FreeRTOS/list.o
                0x00000000000070e2                vListInitialise
 .text.vListInitialiseItem
                0x00000000000070f6        0x6 ./FreeRTOS/list.o
                0x00000000000070f6                vListInitialiseItem
 .text.vListInsertEnd
                0x00000000000070fc       0x18 ./FreeRTOS/list.o
                0x00000000000070fc                vListInsertEnd
 .text.vListInsert
                0x0000000000007114       0x2e ./FreeRTOS/list.o
                0x0000000000007114                vListInsert
 .text.uxListRemove
                0x0000000000007142       0x20 ./FreeRTOS/list.o
                0x0000000000007142                uxListRemove
 .text.prvIsQueueEmpty
                0x0000000000007162       0x1e ./FreeRTOS/queue.o
 .text.prvCopyDataToQueue
                0x0000000000007180       0x72 ./FreeRTOS/queue.o
 .text.prvCopyDataFromQueue
                0x00000000000071f2       0x28 ./FreeRTOS/queue.o
 .text.prvUnlockQueue
                0x000000000000721a       0x76 ./FreeRTOS/queue.o
 .text.xQueueGenericReset
                0x0000000000007290       0xc4 ./FreeRTOS/queue.o
                0x0000000000007290                xQueueGenericReset
 .text.xQueueGenericCreateStatic
                0x0000000000007354       0xae ./FreeRTOS/queue.o
                0x0000000000007354                xQueueGenericCreateStatic
 .text.xQueueGenericCreate
                0x0000000000007402       0x72 ./FreeRTOS/queue.o
                0x0000000000007402                xQueueGenericCreate
 .text.xQueueGenericSend
                0x0000000000007474      0x1a8 ./FreeRTOS/queue.o
                0x0000000000007474                xQueueGenericSend
 .text.xQueueGiveMutexRecursive
                0x000000000000761c       0x56 ./FreeRTOS/queue.o
                0x000000000000761c                xQueueGiveMutexRecursive
 .text.xQueueCreateMutex
                0x0000000000007672       0x2e ./FreeRTOS/queue.o
                0x0000000000007672                xQueueCreateMutex
 .text.xQueueReceive
                0x00000000000076a0      0x166 ./FreeRTOS/queue.o
                0x00000000000076a0                xQueueReceive
 .text.xQueueSemaphoreTake
                0x0000000000007806      0x1be ./FreeRTOS/queue.o
                0x0000000000007806                xQueueSemaphoreTake
 .text.xQueueTakeMutexRecursive
                0x00000000000079c4       0x5a ./FreeRTOS/queue.o
                0x00000000000079c4                xQueueTakeMutexRecursive
 .text.uxQueueMessagesWaiting
                0x0000000000007a1e       0x44 ./FreeRTOS/queue.o
                0x0000000000007a1e                uxQueueMessagesWaiting
 .text.vQueueAddToRegistry
                0x0000000000007a62       0x6c ./FreeRTOS/queue.o
                0x0000000000007a62                vQueueAddToRegistry
 .text.vQueueWaitForMessageRestricted
                0x0000000000007ace       0x5c ./FreeRTOS/queue.o
                0x0000000000007ace                vQueueWaitForMessageRestricted
 .text.prvIdleTask
                0x0000000000007b2a        0x2 ./FreeRTOS/tasks.o
 .text.prvAddNewTaskToReadyList
                0x0000000000007b2c       0xf6 ./FreeRTOS/tasks.o
 .text.prvResetNextTaskUnblockTime
                0x0000000000007c22       0x1c ./FreeRTOS/tasks.o
 .text.prvTaskIsTaskSuspended
                0x0000000000007c3e       0x50 ./FreeRTOS/tasks.o
 .text.prvInitialiseNewTask.isra.2
                0x0000000000007c8e       0xc8 ./FreeRTOS/tasks.o
 .text.prvAddCurrentTaskToDelayedList
                0x0000000000007d56       0x98 ./FreeRTOS/tasks.o
 .text.xTaskCreateStatic
                0x0000000000007dee       0xa6 ./FreeRTOS/tasks.o
                0x0000000000007dee                xTaskCreateStatic
 .text.vTaskResume
                0x0000000000007e94       0xa2 ./FreeRTOS/tasks.o
                0x0000000000007e94                vTaskResume
 .text.vTaskStartScheduler
                0x0000000000007f36       0x90 ./FreeRTOS/tasks.o
                0x0000000000007f36                vTaskStartScheduler
 .text.vTaskSuspendAll
                0x0000000000007fc6        0xc ./FreeRTOS/tasks.o
                0x0000000000007fc6                vTaskSuspendAll
 .text.xTaskGetTickCount
                0x0000000000007fd2        0x6 ./FreeRTOS/tasks.o
                0x0000000000007fd2                xTaskGetTickCount
 .text.xTaskIncrementTick
                0x0000000000007fd8      0x180 ./FreeRTOS/tasks.o
                0x0000000000007fd8                xTaskIncrementTick
 .text.xTaskResumeAll
                0x0000000000008158      0x148 ./FreeRTOS/tasks.o
                0x0000000000008158                xTaskResumeAll
 .text.vTaskDelay
                0x00000000000082a0       0x62 ./FreeRTOS/tasks.o
                0x00000000000082a0                vTaskDelay
 .text.vTaskSwitchContext
                0x0000000000008302       0x8a ./FreeRTOS/tasks.o
                0x0000000000008302                vTaskSwitchContext
 .text.vTaskSuspend
                0x000000000000838c       0xde ./FreeRTOS/tasks.o
                0x000000000000838c                vTaskSuspend
 .text.vTaskPlaceOnEventList
                0x000000000000846a       0x44 ./FreeRTOS/tasks.o
                0x000000000000846a                vTaskPlaceOnEventList
 .text.vTaskPlaceOnEventListRestricted
                0x00000000000084ae       0x72 ./FreeRTOS/tasks.o
                0x00000000000084ae                vTaskPlaceOnEventListRestricted
 .text.xTaskRemoveFromEventList
                0x0000000000008520       0xdc ./FreeRTOS/tasks.o
                0x0000000000008520                xTaskRemoveFromEventList
 .text.vTaskInternalSetTimeOutState
                0x00000000000085fc        0xe ./FreeRTOS/tasks.o
                0x00000000000085fc                vTaskInternalSetTimeOutState
 .text.xTaskCheckForTimeOut
                0x000000000000860a       0xaa ./FreeRTOS/tasks.o
                0x000000000000860a                xTaskCheckForTimeOut
 .text.vTaskMissedYield
                0x00000000000086b4        0x8 ./FreeRTOS/tasks.o
                0x00000000000086b4                vTaskMissedYield
 .text.xTaskGetCurrentTaskHandle
                0x00000000000086bc        0x6 ./FreeRTOS/tasks.o
                0x00000000000086bc                xTaskGetCurrentTaskHandle
 .text.xTaskGetSchedulerState
                0x00000000000086c2       0x14 ./FreeRTOS/tasks.o
                0x00000000000086c2                xTaskGetSchedulerState
 .text.xTaskPriorityInherit
                0x00000000000086d6       0xa6 ./FreeRTOS/tasks.o
                0x00000000000086d6                xTaskPriorityInherit
 .text.xTaskPriorityDisinherit
                0x000000000000877c       0xc2 ./FreeRTOS/tasks.o
                0x000000000000877c                xTaskPriorityDisinherit
 .text.vTaskPriorityDisinheritAfterTimeout
                0x000000000000883e       0xde ./FreeRTOS/tasks.o
                0x000000000000883e                vTaskPriorityDisinheritAfterTimeout
 .text.pvTaskIncrementMutexHeldCount
                0x000000000000891c       0x18 ./FreeRTOS/tasks.o
                0x000000000000891c                pvTaskIncrementMutexHeldCount
 .text.ulTaskGenericNotifyTake
                0x0000000000008934       0xb4 ./FreeRTOS/tasks.o
                0x0000000000008934                ulTaskGenericNotifyTake
 .text.xTaskGenericNotifyWait
                0x00000000000089e8       0xe2 ./FreeRTOS/tasks.o
                0x00000000000089e8                xTaskGenericNotifyWait
 .text.xTaskGenericNotify
                0x0000000000008aca      0x1a8 ./FreeRTOS/tasks.o
                0x0000000000008aca                xTaskGenericNotify
 .text.xTaskGenericNotifyFromISR
                0x0000000000008c72      0x1e0 ./FreeRTOS/tasks.o
                0x0000000000008c72                xTaskGenericNotifyFromISR
 .text.ulTaskGenericNotifyValueClear
                0x0000000000008e52       0x3a ./FreeRTOS/tasks.o
                0x0000000000008e52                ulTaskGenericNotifyValueClear
 .text.prvCheckForValidListAndQueue
                0x0000000000008e8c       0x6a ./FreeRTOS/timers.o
 .text.prvInsertTimerInActiveList
                0x0000000000008ef6       0x3e ./FreeRTOS/timers.o
 .text.prvReloadTimer
                0x0000000000008f34       0x2a ./FreeRTOS/timers.o
 .text.prvProcessExpiredTimer
                0x0000000000008f5e       0x42 ./FreeRTOS/timers.o
 .text.prvSwitchTimerLists
                0x0000000000008fa0       0x28 ./FreeRTOS/timers.o
 .text.prvTimerTask
                0x0000000000008fc8      0x188 ./FreeRTOS/timers.o
 .text.xTimerCreateTimerTask
                0x0000000000009150       0x6e ./FreeRTOS/timers.o
                0x0000000000009150                xTimerCreateTimerTask
 .text.vRCFilter
                0x00000000000091be       0x30 ./Drivers/filters.o
                0x00000000000091be                vRCFilter
 .text.vInitABFilter
                0x00000000000091ee       0x22 ./Drivers/filters.o
                0x00000000000091ee                vInitABFilter
 .text.vInitRunAverga
                0x0000000000009210        0x8 ./Drivers/filters.o
                0x0000000000009210                vInitRunAverga
 .text.vInitMedianFilter
                0x0000000000009218       0x12 ./Drivers/filters.o
                0x0000000000009218                vInitMedianFilter
 .text.MedianFilter
                0x000000000000922a       0x6e ./Drivers/filters.o
                0x000000000000922a                MedianFilter
 .text.Delay_Init
                0x0000000000009298       0x2a ./Debug/debug.o
                0x0000000000009298                Delay_Init
 .text.Delay_Ms
                0x00000000000092c2       0x36 ./Debug/debug.o
                0x00000000000092c2                Delay_Ms
 .text._write   0x00000000000092f8       0x3e ./Debug/debug.o
                0x00000000000092f8                _write
 .text._sbrk    0x0000000000009336       0x2a ./Debug/debug.o
                0x0000000000009336                _sbrk
 .text.prv_read_can_received_msg
                0x0000000000009360       0x50 ./CANopenNode/keypad/CO_driver_ST32F103.o
                0x0000000000009360                prv_read_can_received_msg
 .text.prv_send_can_message.isra.0
                0x00000000000093b0       0x2c ./CANopenNode/keypad/CO_driver_ST32F103.o
 .text.CAN_SendMessage
                0x00000000000093dc       0x66 ./CANopenNode/keypad/CO_driver_ST32F103.o
                0x00000000000093dc                CAN_SendMessage
 .text.co_drv_create_os_objects
                0x0000000000009442       0x30 ./CANopenNode/keypad/CO_driver_ST32F103.o
                0x0000000000009442                co_drv_create_os_objects
 .text.co_drv_mutex_lock
                0x0000000000009472       0x18 ./CANopenNode/keypad/CO_driver_ST32F103.o
                0x0000000000009472                co_drv_mutex_lock
 .text.co_drv_mutex_unlock
                0x000000000000948a       0x16 ./CANopenNode/keypad/CO_driver_ST32F103.o
                0x000000000000948a                co_drv_mutex_unlock
 .text.CO_CANsetConfigurationMode
                0x00000000000094a0       0x10 ./CANopenNode/keypad/CO_driver_ST32F103.o
                0x00000000000094a0                CO_CANsetConfigurationMode
 .text.CO_CANsetNormalMode
                0x00000000000094b0       0x1c ./CANopenNode/keypad/CO_driver_ST32F103.o
                0x00000000000094b0                CO_CANsetNormalMode
 .text.CO_CANmodule_init
                0x00000000000094cc      0x110 ./CANopenNode/keypad/CO_driver_ST32F103.o
                0x00000000000094cc                CO_CANmodule_init
 .text.CO_CANmodule_disable
                0x00000000000095dc       0x14 ./CANopenNode/keypad/CO_driver_ST32F103.o
                0x00000000000095dc                CO_CANmodule_disable
 .text.CO_CANrxBufferInit
                0x00000000000095f0       0x52 ./CANopenNode/keypad/CO_driver_ST32F103.o
                0x00000000000095f0                CO_CANrxBufferInit
 .text.CO_CANtxBufferInit
                0x0000000000009642       0x3a ./CANopenNode/keypad/CO_driver_ST32F103.o
                0x0000000000009642                CO_CANtxBufferInit
 .text.CO_CANmodule_process
                0x000000000000967c       0x12 ./CANopenNode/keypad/CO_driver_ST32F103.o
                0x000000000000967c                CO_CANmodule_process
 .text.CO_CANsend
                0x000000000000968e       0x46 ./CANopenNode/keypad/CO_driver_ST32F103.o
                0x000000000000968e                CO_CANsend
 .text.CO_LSSslave_receive
                0x00000000000096d4      0x1a8 ./CANopenNode/305/CO_LSSslave.o
 .text.CO_LSSslave_init
                0x000000000000987c       0xa4 ./CANopenNode/305/CO_LSSslave.o
                0x000000000000987c                CO_LSSslave_init
 .text.CO_LSSslave_process
                0x0000000000009920      0x1a2 ./CANopenNode/305/CO_LSSslave.o
                0x0000000000009920                CO_LSSslave_process
 .text.OD_write_1003
                0x0000000000009ac2       0x28 ./CANopenNode/301/CO_Emergency.o
 .text.OD_read_1003
                0x0000000000009aea       0x8c ./CANopenNode/301/CO_Emergency.o
 .text.OD_read_1014_default
                0x0000000000009b76       0x50 ./CANopenNode/301/CO_Emergency.o
 .text.CO_EM_init
                0x0000000000009bc6      0x112 ./CANopenNode/301/CO_Emergency.o
                0x0000000000009bc6                CO_EM_init
 .text.CO_error
                0x0000000000009cd8       0xc4 ./CANopenNode/301/CO_Emergency.o
                0x0000000000009cd8                CO_error
 .text.CO_EM_process
                0x0000000000009d9c      0x182 ./CANopenNode/301/CO_Emergency.o
                0x0000000000009d9c                CO_EM_process
 .text.CO_NMT_receive
                0x0000000000009f1e       0x18 ./CANopenNode/301/CO_NMT_Heartbeat.o
 .text.OD_write_1017
                0x0000000000009f36       0x48 ./CANopenNode/301/CO_NMT_Heartbeat.o
 .text.CO_NMT_init
                0x0000000000009f7e       0xec ./CANopenNode/301/CO_NMT_Heartbeat.o
                0x0000000000009f7e                CO_NMT_init
 .text.CO_NMT_process
                0x000000000000a06a      0x106 ./CANopenNode/301/CO_NMT_Heartbeat.o
                0x000000000000a06a                CO_NMT_process
 .text.OD_readDisabled
                0x000000000000a170        0x4 ./CANopenNode/301/CO_ODinterface.o
 .text.OD_readOriginal
                0x000000000000a174       0x50 ./CANopenNode/301/CO_ODinterface.o
                0x000000000000a174                OD_readOriginal
 .text.OD_writeOriginal
                0x000000000000a1c4       0x54 ./CANopenNode/301/CO_ODinterface.o
                0x000000000000a1c4                OD_writeOriginal
 .text.OD_writeDisabled
                0x000000000000a218        0x4 ./CANopenNode/301/CO_ODinterface.o
 .text.OD_find  0x000000000000a21c       0x70 ./CANopenNode/301/CO_ODinterface.o
                0x000000000000a21c                OD_find
 .text.OD_getSub
                0x000000000000a28c       0xf6 ./CANopenNode/301/CO_ODinterface.o
                0x000000000000a28c                OD_getSub
 .text.OD_getSDOabCode
                0x000000000000a382       0x20 ./CANopenNode/301/CO_ODinterface.o
                0x000000000000a382                OD_getSDOabCode
 .text.OD_get_value
                0x000000000000a3a2       0x34 ./CANopenNode/301/CO_ODinterface.o
                0x000000000000a3a2                OD_get_value
 .text.OD_set_value
                0x000000000000a3d6       0x2e ./CANopenNode/301/CO_ODinterface.o
                0x000000000000a3d6                OD_set_value
 .text.OD_getPtr
                0x000000000000a404       0x3c ./CANopenNode/301/CO_ODinterface.o
                0x000000000000a404                OD_getPtr
 .text.OD_write_dummy
                0x000000000000a440        0x8 ./CANopenNode/301/CO_PDO.o
 .text.OD_read_dummy
                0x000000000000a448       0x2e ./CANopenNode/301/CO_PDO.o
 .text.PDOconfigMap
                0x000000000000a476      0x100 ./CANopenNode/301/CO_PDO.o
 .text.CO_PDO_receive
                0x000000000000a576       0x48 ./CANopenNode/301/CO_PDO.o
 .text.OD_read_PDO_commParam
                0x000000000000a5be       0x70 ./CANopenNode/301/CO_PDO.o
 .text.PDO_initMapping.constprop.3
                0x000000000000a62e       0xe6 ./CANopenNode/301/CO_PDO.o
 .text.OD_write_PDO_mapping
                0x000000000000a714       0xb4 ./CANopenNode/301/CO_PDO.o
 .text.OD_write_18xx
                0x000000000000a7c8      0x184 ./CANopenNode/301/CO_PDO.o
 .text.OD_write_14xx
                0x000000000000a94c      0x15a ./CANopenNode/301/CO_PDO.o
 .text.CO_RPDO_init
                0x000000000000aaa6      0x172 ./CANopenNode/301/CO_PDO.o
                0x000000000000aaa6                CO_RPDO_init
 .text.CO_RPDO_process
                0x000000000000ac18      0x114 ./CANopenNode/301/CO_PDO.o
                0x000000000000ac18                CO_RPDO_process
 .text.CO_TPDO_init
                0x000000000000ad2c      0x1d2 ./CANopenNode/301/CO_PDO.o
                0x000000000000ad2c                CO_TPDO_init
 .text.CO_TPDO_process
                0x000000000000aefe      0x15e ./CANopenNode/301/CO_PDO.o
                0x000000000000aefe                CO_TPDO_process
 .text.CO_SDOserver_init_canRxTx
                0x000000000000b05c       0x82 ./CANopenNode/301/CO_SDOserver.o
 .text.CO_SDO_receive
                0x000000000000b0de       0x38 ./CANopenNode/301/CO_SDOserver.o
 .text.readFromOd.isra.1.constprop.5
                0x000000000000b116       0xe2 ./CANopenNode/301/CO_SDOserver.o
 .text.OD_write_1201_additional
                0x000000000000b1f8      0x158 ./CANopenNode/301/CO_SDOserver.o
 .text.CO_SDOserver_init
                0x000000000000b350      0x172 ./CANopenNode/301/CO_SDOserver.o
                0x000000000000b350                CO_SDOserver_init
 .text.CO_SDOserver_process
                0x000000000000b4c2      0x5e8 ./CANopenNode/301/CO_SDOserver.o
                0x000000000000b4c2                CO_SDOserver_process
 .text.CO_delete
                0x000000000000baaa       0x56 ./CANopenNode/CANopen.o
                0x000000000000baaa                CO_delete
 .text.CO_new   0x000000000000bb00      0x102 ./CANopenNode/CANopen.o
                0x000000000000bb00                CO_new
 .text.CO_CANinit
                0x000000000000bc02       0x36 ./CANopenNode/CANopen.o
                0x000000000000bc02                CO_CANinit
 .text.CO_LSSinit
                0x000000000000bc38       0x32 ./CANopenNode/CANopen.o
                0x000000000000bc38                CO_LSSinit
 .text.CO_CANopenInit
                0x000000000000bc6a       0xb8 ./CANopenNode/CANopen.o
                0x000000000000bc6a                CO_CANopenInit
 .text.CO_CANopenInitPDO
                0x000000000000bd22       0xea ./CANopenNode/CANopen.o
                0x000000000000bd22                CO_CANopenInitPDO
 .text.CO_process
                0x000000000000be0c       0x7e ./CANopenNode/CANopen.o
                0x000000000000be0c                CO_process
 .text.CO_process_RPDO
                0x000000000000be8a       0x40 ./CANopenNode/CANopen.o
                0x000000000000be8a                CO_process_RPDO
 .text.CO_process_TPDO
                0x000000000000beca       0x40 ./CANopenNode/CANopen.o
                0x000000000000beca                CO_process_TPDO
 .text.__addsf3
                0x000000000000bf0a      0x36a c:/mounriver/mounriver_studio/toolchain/risc-v embedded gcc/bin/../lib/gcc/riscv-none-embed/8.2.0/rv32imacxw/ilp32\libgcc.a(addsf3.o)
                0x000000000000bf0a                __addsf3
 .text.__divsf3
                0x000000000000c274      0x2b2 c:/mounriver/mounriver_studio/toolchain/risc-v embedded gcc/bin/../lib/gcc/riscv-none-embed/8.2.0/rv32imacxw/ilp32\libgcc.a(divsf3.o)
                0x000000000000c274                __divsf3
 .text.__gesf2  0x000000000000c526       0x86 c:/mounriver/mounriver_studio/toolchain/risc-v embedded gcc/bin/../lib/gcc/riscv-none-embed/8.2.0/rv32imacxw/ilp32\libgcc.a(gesf2.o)
                0x000000000000c526                __gesf2
                0x000000000000c526                __gtsf2
 .text.__lesf2  0x000000000000c5ac       0x8c c:/mounriver/mounriver_studio/toolchain/risc-v embedded gcc/bin/../lib/gcc/riscv-none-embed/8.2.0/rv32imacxw/ilp32\libgcc.a(lesf2.o)
                0x000000000000c5ac                __ltsf2
                0x000000000000c5ac                __lesf2
 .text.__mulsf3
                0x000000000000c638      0x290 c:/mounriver/mounriver_studio/toolchain/risc-v embedded gcc/bin/../lib/gcc/riscv-none-embed/8.2.0/rv32imacxw/ilp32\libgcc.a(mulsf3.o)
                0x000000000000c638                __mulsf3
 .text.__subsf3
                0x000000000000c8c8      0x388 c:/mounriver/mounriver_studio/toolchain/risc-v embedded gcc/bin/../lib/gcc/riscv-none-embed/8.2.0/rv32imacxw/ilp32\libgcc.a(subsf3.o)
                0x000000000000c8c8                __subsf3
 .text.__fixsfsi
                0x000000000000cc50       0x62 c:/mounriver/mounriver_studio/toolchain/risc-v embedded gcc/bin/../lib/gcc/riscv-none-embed/8.2.0/rv32imacxw/ilp32\libgcc.a(fixsfsi.o)
                0x000000000000cc50                __fixsfsi
 .text.__fixunssfsi
                0x000000000000ccb2       0x56 c:/mounriver/mounriver_studio/toolchain/risc-v embedded gcc/bin/../lib/gcc/riscv-none-embed/8.2.0/rv32imacxw/ilp32\libgcc.a(fixunssfsi.o)
                0x000000000000ccb2                __fixunssfsi
 .text.__floatsisf
                0x000000000000cd08       0xc6 c:/mounriver/mounriver_studio/toolchain/risc-v embedded gcc/bin/../lib/gcc/riscv-none-embed/8.2.0/rv32imacxw/ilp32\libgcc.a(floatsisf.o)
                0x000000000000cd08                __floatsisf
 .text.__floatunsisf
                0x000000000000cdce       0xce c:/mounriver/mounriver_studio/toolchain/risc-v embedded gcc/bin/../lib/gcc/riscv-none-embed/8.2.0/rv32imacxw/ilp32\libgcc.a(floatunsisf.o)
                0x000000000000cdce                __floatunsisf
 .text.__clzsi2
                0x000000000000ce9c       0x6e c:/mounriver/mounriver_studio/toolchain/risc-v embedded gcc/bin/../lib/gcc/riscv-none-embed/8.2.0/rv32imacxw/ilp32\libgcc.a(_clzsi2.o)
                0x000000000000ce9c                __clzsi2
 .text.calloc   0x000000000000cf0a        0xc c:/mounriver/mounriver_studio/toolchain/risc-v embedded gcc/bin/../lib/gcc/riscv-none-embed/8.2.0/../../../../riscv-none-embed/lib/rv32imacxw/ilp32\libg_nano.a(lib_a-calloc.o)
                0x000000000000cf0a                calloc
 .text.free     0x000000000000cf16        0xa c:/mounriver/mounriver_studio/toolchain/risc-v embedded gcc/bin/../lib/gcc/riscv-none-embed/8.2.0/../../../../riscv-none-embed/lib/rv32imacxw/ilp32\libg_nano.a(lib_a-malloc.o)
                0x000000000000cf16                free
 .text.memcpy   0x000000000000cf20       0xb2 c:/mounriver/mounriver_studio/toolchain/risc-v embedded gcc/bin/../lib/gcc/riscv-none-embed/8.2.0/../../../../riscv-none-embed/lib/rv32imacxw/ilp32\libg_nano.a(lib_a-memcpy.o)
                0x000000000000cf20                memcpy
 .text.memmove  0x000000000000cfd2       0x46 c:/mounriver/mounriver_studio/toolchain/risc-v embedded gcc/bin/../lib/gcc/riscv-none-embed/8.2.0/../../../../riscv-none-embed/lib/rv32imacxw/ilp32\libg_nano.a(lib_a-memmove.o)
                0x000000000000cfd2                memmove
 .text._calloc_r
                0x000000000000d018       0x26 c:/mounriver/mounriver_studio/toolchain/risc-v embedded gcc/bin/../lib/gcc/riscv-none-embed/8.2.0/../../../../riscv-none-embed/lib/rv32imacxw/ilp32\libg_nano.a(lib_a-nano-callocr.o)
                0x000000000000d018                _calloc_r
 .text._free_r  0x000000000000d03e       0xa4 c:/mounriver/mounriver_studio/toolchain/risc-v embedded gcc/bin/../lib/gcc/riscv-none-embed/8.2.0/../../../../riscv-none-embed/lib/rv32imacxw/ilp32\libg_nano.a(lib_a-nano-freer.o)
                0x000000000000d03e                _free_r
 .text._malloc_r
                0x000000000000d0e2       0xce c:/mounriver/mounriver_studio/toolchain/risc-v embedded gcc/bin/../lib/gcc/riscv-none-embed/8.2.0/../../../../riscv-none-embed/lib/rv32imacxw/ilp32\libg_nano.a(lib_a-nano-mallocr.o)
                0x000000000000d0e2                _malloc_r
 .text.printf   0x000000000000d1b0       0x3e c:/mounriver/mounriver_studio/toolchain/risc-v embedded gcc/bin/../lib/gcc/riscv-none-embed/8.2.0/../../../../riscv-none-embed/lib/rv32imacxw/ilp32\libg_nano.a(lib_a-printf.o)
                0x000000000000d1b0                iprintf
                0x000000000000d1b0                printf
 .text._sbrk_r  0x000000000000d1ee       0x32 c:/mounriver/mounriver_studio/toolchain/risc-v embedded gcc/bin/../lib/gcc/riscv-none-embed/8.2.0/../../../../riscv-none-embed/lib/rv32imacxw/ilp32\libg_nano.a(lib_a-sbrkr.o)
                0x000000000000d1ee                _sbrk_r
 .text.strlen   0x000000000000d220       0x12 c:/mounriver/mounriver_studio/toolchain/risc-v embedded gcc/bin/../lib/gcc/riscv-none-embed/8.2.0/../../../../riscv-none-embed/lib/rv32imacxw/ilp32\libg_nano.a(lib_a-strlen.o)
                0x000000000000d220                strlen
 .text.std      0x000000000000d232       0x66 c:/mounriver/mounriver_studio/toolchain/risc-v embedded gcc/bin/../lib/gcc/riscv-none-embed/8.2.0/../../../../riscv-none-embed/lib/rv32imacxw/ilp32\libg_nano.a(lib_a-findfp.o)
 .text._cleanup_r
                0x000000000000d298        0xa c:/mounriver/mounriver_studio/toolchain/risc-v embedded gcc/bin/../lib/gcc/riscv-none-embed/8.2.0/../../../../riscv-none-embed/lib/rv32imacxw/ilp32\libg_nano.a(lib_a-findfp.o)
                0x000000000000d298                _cleanup_r
 .text.__sfmoreglue
                0x000000000000d2a2       0x48 c:/mounriver/mounriver_studio/toolchain/risc-v embedded gcc/bin/../lib/gcc/riscv-none-embed/8.2.0/../../../../riscv-none-embed/lib/rv32imacxw/ilp32\libg_nano.a(lib_a-findfp.o)
                0x000000000000d2a2                __sfmoreglue
 .text.__sinit  0x000000000000d2ea       0x6c c:/mounriver/mounriver_studio/toolchain/risc-v embedded gcc/bin/../lib/gcc/riscv-none-embed/8.2.0/../../../../riscv-none-embed/lib/rv32imacxw/ilp32\libg_nano.a(lib_a-findfp.o)
                0x000000000000d2ea                __sinit
 .text.__sfp    0x000000000000d356       0xa0 c:/mounriver/mounriver_studio/toolchain/risc-v embedded gcc/bin/../lib/gcc/riscv-none-embed/8.2.0/../../../../riscv-none-embed/lib/rv32imacxw/ilp32\libg_nano.a(lib_a-findfp.o)
                0x000000000000d356                __sfp
 .text._fwalk_reent
                0x000000000000d3f6       0x6a c:/mounriver/mounriver_studio/toolchain/risc-v embedded gcc/bin/../lib/gcc/riscv-none-embed/8.2.0/../../../../riscv-none-embed/lib/rv32imacxw/ilp32\libg_nano.a(lib_a-fwalk.o)
                0x000000000000d3f6                _fwalk_reent
 .text.__malloc_lock
                0x000000000000d460        0x2 c:/mounriver/mounriver_studio/toolchain/risc-v embedded gcc/bin/../lib/gcc/riscv-none-embed/8.2.0/../../../../riscv-none-embed/lib/rv32imacxw/ilp32\libg_nano.a(lib_a-mlock.o)
                0x000000000000d460                __malloc_lock
 .text.__malloc_unlock
                0x000000000000d462        0x2 c:/mounriver/mounriver_studio/toolchain/risc-v embedded gcc/bin/../lib/gcc/riscv-none-embed/8.2.0/../../../../riscv-none-embed/lib/rv32imacxw/ilp32\libg_nano.a(lib_a-mlock.o)
                0x000000000000d462                __malloc_unlock
 .text.__sfputc_r
                0x000000000000d464       0x26 c:/mounriver/mounriver_studio/toolchain/risc-v embedded gcc/bin/../lib/gcc/riscv-none-embed/8.2.0/../../../../riscv-none-embed/lib/rv32imacxw/ilp32\libg_nano.a(lib_a-nano-vfprintf.o)
 .text.__sfputs_r
                0x000000000000d48a       0x42 c:/mounriver/mounriver_studio/toolchain/risc-v embedded gcc/bin/../lib/gcc/riscv-none-embed/8.2.0/../../../../riscv-none-embed/lib/rv32imacxw/ilp32\libg_nano.a(lib_a-nano-vfprintf.o)
                0x000000000000d48a                __sfputs_r
 .text._vfprintf_r
                0x000000000000d4cc      0x28c c:/mounriver/mounriver_studio/toolchain/risc-v embedded gcc/bin/../lib/gcc/riscv-none-embed/8.2.0/../../../../riscv-none-embed/lib/rv32imacxw/ilp32\libg_nano.a(lib_a-nano-vfprintf.o)
                0x000000000000d4cc                _vfprintf_r
                0x000000000000d4cc                _vfiprintf_r
 .text._printf_common
                0x000000000000d758      0x10c c:/mounriver/mounriver_studio/toolchain/risc-v embedded gcc/bin/../lib/gcc/riscv-none-embed/8.2.0/../../../../riscv-none-embed/lib/rv32imacxw/ilp32\libg_nano.a(lib_a-nano-vfprintf_i.o)
                0x000000000000d758                _printf_common
 .text._printf_i
                0x000000000000d864      0x2a2 c:/mounriver/mounriver_studio/toolchain/risc-v embedded gcc/bin/../lib/gcc/riscv-none-embed/8.2.0/../../../../riscv-none-embed/lib/rv32imacxw/ilp32\libg_nano.a(lib_a-nano-vfprintf_i.o)
                0x000000000000d864                _printf_i
 .text.__sread  0x000000000000db06       0x2c c:/mounriver/mounriver_studio/toolchain/risc-v embedded gcc/bin/../lib/gcc/riscv-none-embed/8.2.0/../../../../riscv-none-embed/lib/rv32imacxw/ilp32\libg_nano.a(lib_a-stdio.o)
                0x000000000000db06                __sread
 .text.__swrite
                0x000000000000db32       0x48 c:/mounriver/mounriver_studio/toolchain/risc-v embedded gcc/bin/../lib/gcc/riscv-none-embed/8.2.0/../../../../riscv-none-embed/lib/rv32imacxw/ilp32\libg_nano.a(lib_a-stdio.o)
                0x000000000000db32                __swrite
 .text.__sseek  0x000000000000db7a       0x30 c:/mounriver/mounriver_studio/toolchain/risc-v embedded gcc/bin/../lib/gcc/riscv-none-embed/8.2.0/../../../../riscv-none-embed/lib/rv32imacxw/ilp32\libg_nano.a(lib_a-stdio.o)
                0x000000000000db7a                __sseek
 .text.__sclose
                0x000000000000dbaa        0x6 c:/mounriver/mounriver_studio/toolchain/risc-v embedded gcc/bin/../lib/gcc/riscv-none-embed/8.2.0/../../../../riscv-none-embed/lib/rv32imacxw/ilp32\libg_nano.a(lib_a-stdio.o)
                0x000000000000dbaa                __sclose
 .text.__swbuf_r
                0x000000000000dbb0       0xbe c:/mounriver/mounriver_studio/toolchain/risc-v embedded gcc/bin/../lib/gcc/riscv-none-embed/8.2.0/../../../../riscv-none-embed/lib/rv32imacxw/ilp32\libg_nano.a(lib_a-wbuf.o)
                0x000000000000dbb0                __swbuf_r
 .text._write_r
                0x000000000000dc6e       0x36 c:/mounriver/mounriver_studio/toolchain/risc-v embedded gcc/bin/../lib/gcc/riscv-none-embed/8.2.0/../../../../riscv-none-embed/lib/rv32imacxw/ilp32\libg_nano.a(lib_a-writer.o)
                0x000000000000dc6e                _write_r
 .text.__swsetup_r
                0x000000000000dca4      0x100 c:/mounriver/mounriver_studio/toolchain/risc-v embedded gcc/bin/../lib/gcc/riscv-none-embed/8.2.0/../../../../riscv-none-embed/lib/rv32imacxw/ilp32\libg_nano.a(lib_a-wsetup.o)
                0x000000000000dca4                __swsetup_r
 .text._close_r
                0x000000000000dda4       0x30 c:/mounriver/mounriver_studio/toolchain/risc-v embedded gcc/bin/../lib/gcc/riscv-none-embed/8.2.0/../../../../riscv-none-embed/lib/rv32imacxw/ilp32\libg_nano.a(lib_a-closer.o)
                0x000000000000dda4                _close_r
 .text.__sflush_r
                0x000000000000ddd4      0x132 c:/mounriver/mounriver_studio/toolchain/risc-v embedded gcc/bin/../lib/gcc/riscv-none-embed/8.2.0/../../../../riscv-none-embed/lib/rv32imacxw/ilp32\libg_nano.a(lib_a-fflush.o)
                0x000000000000ddd4                __sflush_r
 .text._fflush_r
                0x000000000000df06       0x68 c:/mounriver/mounriver_studio/toolchain/risc-v embedded gcc/bin/../lib/gcc/riscv-none-embed/8.2.0/../../../../riscv-none-embed/lib/rv32imacxw/ilp32\libg_nano.a(lib_a-fflush.o)
                0x000000000000df06                _fflush_r
 .text._lseek_r
                0x000000000000df6e       0x34 c:/mounriver/mounriver_studio/toolchain/risc-v embedded gcc/bin/../lib/gcc/riscv-none-embed/8.2.0/../../../../riscv-none-embed/lib/rv32imacxw/ilp32\libg_nano.a(lib_a-lseekr.o)
                0x000000000000df6e                _lseek_r
 .text.__swhatbuf_r
                0x000000000000dfa2       0x56 c:/mounriver/mounriver_studio/toolchain/risc-v embedded gcc/bin/../lib/gcc/riscv-none-embed/8.2.0/../../../../riscv-none-embed/lib/rv32imacxw/ilp32\libg_nano.a(lib_a-makebuf.o)
                0x000000000000dfa2                __swhatbuf_r
 .text.__smakebuf_r
                0x000000000000dff8       0x92 c:/mounriver/mounriver_studio/toolchain/risc-v embedded gcc/bin/../lib/gcc/riscv-none-embed/8.2.0/../../../../riscv-none-embed/lib/rv32imacxw/ilp32\libg_nano.a(lib_a-makebuf.o)
                0x000000000000dff8                __smakebuf_r
 .text.memchr   0x000000000000e08a       0x18 c:/mounriver/mounriver_studio/toolchain/risc-v embedded gcc/bin/../lib/gcc/riscv-none-embed/8.2.0/../../../../riscv-none-embed/lib/rv32imacxw/ilp32\libg_nano.a(lib_a-memchr.o)
                0x000000000000e08a                memchr
 .text._read_r  0x000000000000e0a2       0x34 c:/mounriver/mounriver_studio/toolchain/risc-v embedded gcc/bin/../lib/gcc/riscv-none-embed/8.2.0/../../../../riscv-none-embed/lib/rv32imacxw/ilp32\libg_nano.a(lib_a-readr.o)
                0x000000000000e0a2                _read_r
 .text._fstat_r
                0x000000000000e0d6       0x32 c:/mounriver/mounriver_studio/toolchain/risc-v embedded gcc/bin/../lib/gcc/riscv-none-embed/8.2.0/../../../../riscv-none-embed/lib/rv32imacxw/ilp32\libg_nano.a(lib_a-fstatr.o)
                0x000000000000e0d6                _fstat_r
 .text._isatty_r
                0x000000000000e108       0x30 c:/mounriver/mounriver_studio/toolchain/risc-v embedded gcc/bin/../lib/gcc/riscv-none-embed/8.2.0/../../../../riscv-none-embed/lib/rv32imacxw/ilp32\libg_nano.a(lib_a-isattyr.o)
                0x000000000000e108                _isatty_r