Archive member included to satisfy reference by file (symbol)

c:/mounriver/mounriver_studio/toolchain/risc-v embedded gcc/bin/../lib/gcc/riscv-none-embed/8.2.0/rv32imacxw/ilp32\libgcc.a(addsf3.o)
                              ./User/DataModel.o (__addsf3)
c:/mounriver/mounriver_studio/toolchain/risc-v embedded gcc/bin/../lib/gcc/riscv-none-embed/8.2.0/rv32imacxw/ilp32\libgcc.a(divsf3.o)
                              ./User/DataModel.o (__divsf3)
c:/mounriver/mounriver_studio/toolchain/risc-v embedded gcc/bin/../lib/gcc/riscv-none-embed/8.2.0/rv32imacxw/ilp32\libgcc.a(eqsf2.o)
                              ./HWLIB/hw_lib_din.o (__nesf2)
c:/mounriver/mounriver_studio/toolchain/risc-v embedded gcc/bin/../lib/gcc/riscv-none-embed/8.2.0/rv32imacxw/ilp32\libgcc.a(gesf2.o)
                              ./User/inputs.o (__gesf2)
c:/mounriver/mounriver_studio/toolchain/risc-v embedded gcc/bin/../lib/gcc/riscv-none-embed/8.2.0/rv32imacxw/ilp32\libgcc.a(lesf2.o)
                              ./HWLIB/hw_lib_adc.o (__lesf2)
c:/mounriver/mounriver_studio/toolchain/risc-v embedded gcc/bin/../lib/gcc/riscv-none-embed/8.2.0/rv32imacxw/ilp32\libgcc.a(mulsf3.o)
                              ./User/dash_draw.o (__mulsf3)
c:/mounriver/mounriver_studio/toolchain/risc-v embedded gcc/bin/../lib/gcc/riscv-none-embed/8.2.0/rv32imacxw/ilp32\libgcc.a(subsf3.o)
                              ./User/inputs.o (__subsf3)
c:/mounriver/mounriver_studio/toolchain/risc-v embedded gcc/bin/../lib/gcc/riscv-none-embed/8.2.0/rv32imacxw/ilp32\libgcc.a(fixsfsi.o)
                              ./User/dash_draw.o (__fixsfsi)
c:/mounriver/mounriver_studio/toolchain/risc-v embedded gcc/bin/../lib/gcc/riscv-none-embed/8.2.0/rv32imacxw/ilp32\libgcc.a(fixunssfsi.o)
                              ./User/DataModel.o (__fixunssfsi)
c:/mounriver/mounriver_studio/toolchain/risc-v embedded gcc/bin/../lib/gcc/riscv-none-embed/8.2.0/rv32imacxw/ilp32\libgcc.a(floatsisf.o)
                              ./User/DataModel.o (__floatsisf)
c:/mounriver/mounriver_studio/toolchain/risc-v embedded gcc/bin/../lib/gcc/riscv-none-embed/8.2.0/rv32imacxw/ilp32\libgcc.a(floatunsisf.o)
                              ./User/DataModel.o (__floatunsisf)
c:/mounriver/mounriver_studio/toolchain/risc-v embedded gcc/bin/../lib/gcc/riscv-none-embed/8.2.0/rv32imacxw/ilp32\libgcc.a(save-restore.o)
                              ./User/dash_draw.o (__riscv_save_12)
c:/mounriver/mounriver_studio/toolchain/risc-v embedded gcc/bin/../lib/gcc/riscv-none-embed/8.2.0/rv32imacxw/ilp32\libgcc.a(_clzsi2.o)
                              c:/mounriver/mounriver_studio/toolchain/risc-v embedded gcc/bin/../lib/gcc/riscv-none-embed/8.2.0/rv32imacxw/ilp32\libgcc.a(addsf3.o) (__clzsi2)
c:/mounriver/mounriver_studio/toolchain/risc-v embedded gcc/bin/../lib/gcc/riscv-none-embed/8.2.0/rv32imacxw/ilp32\libgcc.a(_clz.o)
                              c:/mounriver/mounriver_studio/toolchain/risc-v embedded gcc/bin/../lib/gcc/riscv-none-embed/8.2.0/rv32imacxw/ilp32\libgcc.a(_clzsi2.o) (__clz_tab)
c:/mounriver/mounriver_studio/toolchain/risc-v embedded gcc/bin/../lib/gcc/riscv-none-embed/8.2.0/../../../../riscv-none-embed/lib/rv32imacxw/ilp32\libg_nano.a(lib_a-calloc.o)
                              ./CANopenNode/CANopen.o (calloc)
c:/mounriver/mounriver_studio/toolchain/risc-v embedded gcc/bin/../lib/gcc/riscv-none-embed/8.2.0/../../../../riscv-none-embed/lib/rv32imacxw/ilp32\libg_nano.a(lib_a-impure.o)
                              c:/mounriver/mounriver_studio/toolchain/risc-v embedded gcc/bin/../lib/gcc/riscv-none-embed/8.2.0/../../../../riscv-none-embed/lib/rv32imacxw/ilp32\libg_nano.a(lib_a-calloc.o) (_impure_ptr)
c:/mounriver/mounriver_studio/toolchain/risc-v embedded gcc/bin/../lib/gcc/riscv-none-embed/8.2.0/../../../../riscv-none-embed/lib/rv32imacxw/ilp32\libg_nano.a(lib_a-malloc.o)
                              ./CANopenNode/CANopen.o (free)
c:/mounriver/mounriver_studio/toolchain/risc-v embedded gcc/bin/../lib/gcc/riscv-none-embed/8.2.0/../../../../riscv-none-embed/lib/rv32imacxw/ilp32\libg_nano.a(lib_a-memcpy.o)
                              ./User/DataModel.o (memcpy)
c:/mounriver/mounriver_studio/toolchain/risc-v embedded gcc/bin/../lib/gcc/riscv-none-embed/8.2.0/../../../../riscv-none-embed/lib/rv32imacxw/ilp32\libg_nano.a(lib_a-memmove.o)
                              ./CANopenNode/301/CO_SDOserver.o (memmove)
c:/mounriver/mounriver_studio/toolchain/risc-v embedded gcc/bin/../lib/gcc/riscv-none-embed/8.2.0/../../../../riscv-none-embed/lib/rv32imacxw/ilp32\libg_nano.a(lib_a-memset.o)
                              ./User/DataModel.o (memset)
c:/mounriver/mounriver_studio/toolchain/risc-v embedded gcc/bin/../lib/gcc/riscv-none-embed/8.2.0/../../../../riscv-none-embed/lib/rv32imacxw/ilp32\libg_nano.a(lib_a-nano-callocr.o)
[...]
Memory Configuration

Name             Origin             Length             Attributes
FLASH            0x0000000000000000 0x0000000000010000 xr
RAM              0x0000000020000000 0x0000000000005000 xrw
*default*        0x0000000000000000 0xffffffffffffffff

Linker script and memory map

LOAD ./User/CanOpenNode.o
LOAD ./User/DataModel.o
LOAD ./User/ch32v20x_it.o
LOAD ./User/dash_draw.o
LOAD ./User/init.o
LOAD ./User/inputs.o
LOAD ./User/led.o
LOAD ./User/main.o
LOAD ./User/process.o
LOAD ./User/system_ch32v20x.o
LOAD ./User/system_init.o
LOAD ./Startup/startup_ch32v20x_D6.o
LOAD ./Peripheral/src/ch32v20x_adc.o
LOAD ./Peripheral/src/ch32v20x_bkp.o
LOAD ./Peripheral/src/ch32v20x_can.o
LOAD ./Peripheral/src/ch32v20x_crc.o
LOAD ./Peripheral/src/ch32v20x_dbgmcu.o
LOAD ./Peripheral/src/ch32v20x_dma.o
LOAD ./Peripheral/src/ch32v20x_exti.o
LOAD ./Peripheral/src/ch32v20x_flash.o
LOAD ./Peripheral/src/ch32v20x_gpio.o
LOAD ./Peripheral/src/ch32v20x_i2c.o
LOAD ./Peripheral/src/ch32v20x_iwdg.o
LOAD ./Peripheral/src/ch32v20x_misc.o
LOAD ./Peripheral/src/ch32v20x_opa.o
LOAD ./Peripheral/src/ch32v20x_pwr.o
LOAD ./Peripheral/src/ch32v20x_rcc.o
LOAD ./Peripheral/src/ch32v20x_rtc.o
LOAD ./Peripheral/src/ch32v20x_spi.o
LOAD ./Peripheral/src/ch32v20x_tim.o
LOAD ./Peripheral/src/ch32v20x_usart.o
LOAD ./Peripheral/src/ch32v20x_wwdg.o
LOAD ./HWLIB/hw_lib_adc.o
LOAD ./HWLIB/hw_lib_din.o
LOAD ./HWLIB/hw_lib_eeprom.o
LOAD ./HWLIB/hw_lib_keyboard.o
LOAD ./HAL/hal_adc.o
LOAD ./HAL/hal_can.o
LOAD ./HAL/hal_dma.o
LOAD ./HAL/hal_gpio.o
LOAD ./HAL/hal_i2c.o
LOAD ./HAL/hal_rtc.o
LOAD ./HAL/hal_spi.o
LOAD ./HAL/hal_timers.o
LOAD ./HAL/hal_wdt.o
LOAD ./FreeRTOS/portable/MemMang/heap_4.o
LOAD ./FreeRTOS/portable/GCC/RISC-V/port.o
LOAD ./FreeRTOS/portable/GCC/RISC-V/portASM.o
LOAD ./FreeRTOS/croutine.o
LOAD ./FreeRTOS/event_groups.o
LOAD ./FreeRTOS/list.o
LOAD ./FreeRTOS/queue.o
LOAD ./FreeRTOS/stream_buffer.o
LOAD ./FreeRTOS/tasks.o
LOAD ./FreeRTOS/timers.o
LOAD ./Drivers/filters.o
LOAD ./Debug/debug.o
LOAD ./Core/core_riscv.o
LOAD ./CANopenNode/keypad/CO_driver_ST32F103.o
LOAD ./CANopenNode/keypad/OD.o
LOAD ./CANopenNode/extra/CO_trace.o
LOAD ./CANopenNode/309/CO_gateway_ascii.o
LOAD ./CANopenNode/305/CO_LSSmaster.o
LOAD ./CANopenNode/305/CO_LSSslave.o
LOAD ./CANopenNode/304/CO_GFC.o
LOAD ./CANopenNode/304/CO_SRDO.o
LOAD ./CANopenNode/303/CO_LEDs.o
LOAD ./CANopenNode/301/CO_Emergency.o
LOAD ./CANopenNode/301/CO_HBconsumer.o
LOAD ./CANopenNode/301/CO_NMT_Heartbeat.o
LOAD ./CANopenNode/301/CO_Node_Guarding.o
LOAD ./CANopenNode/301/CO_ODinterface.o
LOAD ./CANopenNode/301/CO_PDO.o
LOAD ./CANopenNode/301/CO_SDOclient.o
LOAD ./CANopenNode/301/CO_SDOserver.o
LOAD ./CANopenNode/301/CO_SYNC.o
LOAD ./CANopenNode/301/CO_TIME.o
LOAD ./CANopenNode/301/CO_fifo.o
LOAD ./CANopenNode/301/crc16-ccitt.o
LOAD ./CANopenNode/CANopen.o
LOAD c:/mounriver/mounriver_studio/toolchain/risc-v embedded gcc/bin/../lib/gcc/riscv-none-embed/8.2.0/../../../../riscv-none-embed/lib/rv32imacxw/ilp32\libm.a
LOAD c:/mounriver/mounriver_studio/toolchain/risc-v embedded gcc/bin/../lib/gcc/riscv-none-embed/8.2.0/rv32imacxw/ilp32\libgcc.a
LOAD c:/mounriver/mounriver_studio/toolchain/risc-v embedded gcc/bin/../lib/gcc/riscv-none-embed/8.2.0/../../../../riscv-none-embed/lib/rv32imacxw/ilp32\libg_nano.a
LOAD c:/mounriver/mounriver_studio/toolchain/risc-v embedded gcc/bin/../lib/gcc/riscv-none-embed/8.2.0/../../../../riscv-none-embed/lib/rv32imacxw/ilp32\libc_nano.a
LOAD c:/mounriver/mounriver_studio/toolchain/risc-v embedded gcc/bin/../lib/gcc/riscv-none-embed/8.2.0/rv32imacxw/ilp32\libgcc.a
START GROUP
LOAD c:/mounriver/mounriver_studio/toolchain/risc-v embedded gcc/bin/../lib/gcc/riscv-none-embed/8.2.0/rv32imacxw/ilp32\libgcc.a
LOAD c:/mounriver/mounriver_studio/toolchain/risc-v embedded gcc/bin/../lib/gcc/riscv-none-embed/8.2.0/../../../../riscv-none-embed/lib/rv32imacxw/ilp32\libc_nano.a
LOAD c:/mounriver/mounriver_studio/toolchain/risc-v embedded gcc/bin/../lib/gcc/riscv-none-embed/8.2.0/../../../../riscv-none-embed/lib/rv32imacxw/ilp32\libnosys.a
END GROUP
START GROUP
LOAD c:/mounriver/mounriver_studio/toolchain/risc-v embedded gcc/bin/../lib/gcc/riscv-none-embed/8.2.0/rv32imacxw/ilp32\libgcc.a
LOAD c:/mounriver/mounriver_studio/toolchain/risc-v embedded gcc/bin/../lib/gcc/riscv-none-embed/8.2.0/../../../../riscv-none-embed/lib/rv32imacxw/ilp32\libc_nano.a
LOAD c:/mounriver/mounriver_studio/toolchain/risc-v embedded gcc/bin/../lib/gcc/riscv-none-embed/8.2.0/../../../../riscv-none-embed/lib/rv32imacxw/ilp32\libnosys.a
END GROUP
                0x0000000000000be8                __stack_size = 0xbe8
                [!provide]                        PROVIDE (_stack_size = __stack_size)

.init           0x0000000000000000       0x38
                0x0000000000000000                _sinit = .
                0x0000000000000000                . = ALIGN (0x4)
 *(SORT_NONE(.init))
 .init          0x0000000000000000       0x38 ./Startup/startup_ch32v20x_D6.o
                0x0000000000000000                _start
                0x0000000000000038                . = ALIGN (0x4)
                0x0000000000000038                _einit = .

.vector         0x0000000000000038      0x108
 *(.vector)
 .vector        0x0000000000000038       0xfc ./Startup/startup_ch32v20x_D6.o
                0x0000000000000140                . = ALIGN (0x40)
 *fill*         0x0000000000000134        0xc 

.text           0x0000000000000200     0xf490
                0x0000000000000200                . = ALIGN (0x4)
 *(.text)
 .text          0x0000000000000200      0x2ee ./FreeRTOS/portable/GCC/RISC-V/portASM.o
                0x0000000000000200                SW_Handler
                0x0000000000000300                xPortStartFirstTask
                0x0000000000000400                pxPortInitialiseStack
 .text          0x00000000000004ee       0x60 c:/mounriver/mounriver_studio/toolchain/risc-v embedded gcc/bin/../lib/gcc/riscv-none-embed/8.2.0/rv32imacxw/ilp32\libgcc.a(save-restore.o)
                0x00000000000004ee                __riscv_save_12
                0x00000000000004f6                __riscv_save_9
                0x00000000000004f6                __riscv_save_11
                0x00000000000004f6                __riscv_save_10
                0x00000000000004f6                __riscv_save_8
                0x0000000000000504                __riscv_save_4
                0x0000000000000504                __riscv_save_6
                0x0000000000000504                __riscv_save_5
                0x0000000000000504                __riscv_save_7
                0x000000000000051e                __riscv_save_3
                0x000000000000051e                __riscv_save_2
                0x000000000000051e                __riscv_save_1
                0x000000000000051e                __riscv_save_0
                0x000000000000052a                __riscv_restore_12
                0x000000000000052e                __riscv_restore_11
                0x000000000000052e                __riscv_restore_9
                0x000000000000052e                __riscv_restore_10
                0x000000000000052e                __riscv_restore_8
                0x0000000000000538                __riscv_restore_5
                0x0000000000000538                __riscv_restore_7
                0x0000000000000538                __riscv_restore_6
                0x0000000000000538                __riscv_restore_4
                0x0000000000000542                __riscv_restore_3
                0x0000000000000542                __riscv_restore_0
                0x0000000000000542                __riscv_restore_2
                0x0000000000000542                __riscv_restore_1
 .text          0x000000000000054e       0xa8 c:/mounriver/mounriver_studio/toolchain/risc-v embedded gcc/bin/../lib/gcc/riscv-none-embed/8.2.0/../../../../riscv-none-embed/lib/rv32imacxw/ilp32\libg_nano.a(lib_a-memset.o)
                0x000000000000054e                memset
 *(.text.*)
 .text.xCanOpenProcessTaskHandle
                0x00000000000005f6        0xa ./User/CanOpenNode.o
                0x00000000000005f6                xCanOpenProcessTaskHandle
 .text.xCanOpenPeriodicTaskHandle
                0x0000000000000600        0xa ./User/CanOpenNode.o
                0x0000000000000600                xCanOpenPeriodicTaskHandle
 .text.vCanOpenInit
                0x000000000000060a        0xa ./User/CanOpenNode.o
                0x000000000000060a                vCanOpenInit
 .text.vCanOpenProcess
                0x0000000000000614      0x192 ./User/CanOpenNode.o
                0x0000000000000614                vCanOpenProcess
 .text.vCanOpenPeriodicProcess
                0x00000000000007a6       0x82 ./User/CanOpenNode.o
                0x00000000000007a6                vCanOpenPeriodicProcess
 .text.xDataRegQueue
                0x0000000000000828        0xa ./User/DataModel.o
                0x0000000000000828                xDataRegQueue
 .text.vDataModelRegDelayWrite
                0x0000000000000832       0x34 ./User/DataModel.o
                0x0000000000000832                vDataModelRegDelayWrite
 .text.setReg32
                0x0000000000000866       0x1a ./User/DataModel.o
                0x0000000000000866                setReg32
 .text.setReg16
                0x0000000000000880        0xe ./User/DataModel.o
                0x0000000000000880                setReg16
 .text.setReg8  0x000000000000088e        0xa ./User/DataModel.o
                0x000000000000088e                setReg8
 .text.SaveReg16
                0x0000000000000898       0x14 ./User/DataModel.o
                0x0000000000000898                SaveReg16
 .text.getReg16
                0x00000000000008ac       0x10 ./User/DataModel.o
                0x00000000000008ac                getReg16
 .text.DataModel_Init
                0x00000000000008bc      0x434 ./User/DataModel.o
                0x00000000000008bc                DataModel_Init
 .text.getReg32
                0x0000000000000cf0       0x1c ./User/DataModel.o
                0x0000000000000cf0                getReg32
 .text.getReg8  0x0000000000000d0c        0xa ./User/DataModel.o
                0x0000000000000d0c                getReg8
 .text.WriteRegAfterDelay
                0x0000000000000d16       0x60 ./User/DataModel.o
                0x0000000000000d16                WriteRegAfterDelay
 .text.WriteReg
                0x0000000000000d76       0x56 ./User/DataModel.o
                0x0000000000000d76                WriteReg
 .text.vGetBitrate
                0x0000000000000dcc       0x2a ./User/DataModel.o
                0x0000000000000dcc                vGetBitrate
 .text.vFDGetNMTState
                0x0000000000000df6        0x6 ./User/DataModel.o
                0x0000000000000df6                vFDGetNMTState
 .text.vGetNodeId
                0x0000000000000dfc        0x6 ./User/DataModel.o
                0x0000000000000dfc                vGetNodeId
 .text.vIncrementSystemCounters
                0x0000000000000e02       0x68 ./User/DataModel.o
                0x0000000000000e02                vIncrementSystemCounters
 .text.vSaveData
                0x0000000000000e6a       0x2c ./User/DataModel.o
                0x0000000000000e6a                vSaveData
 .text.getOdometr
                0x0000000000000e96       0x12 ./User/DataModel.o
                0x0000000000000e96                getOdometr
 .text.NMI_Handler
                0x0000000000000ea8        0x2 ./User/ch32v20x_it.o
                0x0000000000000ea8                NMI_Handler
 .text.HardFault_Handler
                0x0000000000000eaa        0x2 ./User/ch32v20x_it.o
                0x0000000000000eaa                HardFault_Handler
 .text.SegPrint.constprop.5
                0x0000000000000eac       0x56 ./User/dash_draw.o
 .text.xProcessTaskHandle
                0x0000000000000f02        0xa ./User/dash_draw.o
                0x0000000000000f02                xProcessTaskHandle
 .text.vSetErrorReg
                0x0000000000000f0c        0xa ./User/dash_draw.o
                0x0000000000000f0c                vSetErrorReg
 .text.getODValue
                0x0000000000000f16      0x126 ./User/dash_draw.o
                0x0000000000000f16                getODValue
 .text.IncMenuIndex
                0x000000000000103c       0x80 ./User/dash_draw.o
                0x000000000000103c                IncMenuIndex
 .text.GoToHome
                0x00000000000010bc       0x12 ./User/dash_draw.o
                0x00000000000010bc                GoToHome
 .text.SetCurMenuHome
                0x00000000000010ce       0x1e ./User/dash_draw.o
                0x00000000000010ce                SetCurMenuHome
 .text.GetCurMenuHome
                0x00000000000010ec        0x6 ./User/dash_draw.o
                0x00000000000010ec                GetCurMenuHome
 .text.SetCurrentMenu
                0x00000000000010f2       0x12 ./User/dash_draw.o
                0x00000000000010f2                SetCurrentMenu
 .text.SetDefault
                0x0000000000001104       0x28 ./User/dash_draw.o
                0x0000000000001104                SetDefault
 .text.MenuBackHomeCheck
                0x000000000000112c       0x38 ./User/dash_draw.o
                0x000000000000112c                MenuBackHomeCheck
 .text.CheckMenuChannel
                0x0000000000001164       0x20 ./User/dash_draw.o
                0x0000000000001164                CheckMenuChannel
 .text.vDashDrawInit
                0x0000000000001184       0x78 ./User/dash_draw.o
                0x0000000000001184                vDashDrawInit
 .text.SetErrorRegiter
                0x00000000000011fc       0x5e ./User/dash_draw.o
                0x00000000000011fc                SetErrorRegiter
 .text.uGetCurrMenu
                0x000000000000125a       0x26 ./User/dash_draw.o
                0x000000000000125a                uGetCurrMenu
 .text.vRGBOff  0x0000000000001280       0x26 ./User/dash_draw.o
                0x0000000000001280                vRGBOff
 .text.vGetEdgeData
                0x00000000000012a6       0x2a ./User/dash_draw.o
                0x00000000000012a6                vGetEdgeData
 .text.vRGBMode
                0x00000000000012d0       0xd0 ./User/dash_draw.o
                0x00000000000012d0                vRGBMode
 .text.vBarColorMode
                0x00000000000013a0       0xc2 ./User/dash_draw.o
                0x00000000000013a0                vBarColorMode
 .text.vBarWindowMode
                0x0000000000001462       0x5a ./User/dash_draw.o
                0x0000000000001462                vBarWindowMode
 .text.vBarMode
                0x00000000000014bc       0x66 ./User/dash_draw.o
                0x00000000000014bc                vBarMode
 .text.RedrawNotifyTaskToInit
                0x0000000000001522       0x28 ./User/dash_draw.o
                0x0000000000001522                RedrawNotifyTaskToInit
 .text.vRedrawTask
                0x000000000000154a      0x5e2 ./User/dash_draw.o
                0x000000000000154a                vRedrawTask
 .text.vInit_DeviceConfig
                0x0000000000001b2c      0x162 ./User/init.o
                0x0000000000001b2c                vInit_DeviceConfig
 .text.ADC1_Event
                0x0000000000001c8e       0x48 ./User/inputs.o
                0x0000000000001c8e                ADC1_Event
 .text.CaptureDMACallBack
                0x0000000000001cd6       0x30 ./User/inputs.o
                0x0000000000001cd6                CaptureDMACallBack
 .text.fDinStateCallback
                0x0000000000001d06       0x32 ./User/inputs.o
                0x0000000000001d06                fDinStateCallback
 .text.vSetDoutState
                0x0000000000001d38       0x28 ./User/inputs.o
                0x0000000000001d38                vSetDoutState
 .text.getInputsTaskHandle
                0x0000000000001d60        0xa ./User/inputs.o
                0x0000000000001d60                getInputsTaskHandle
 .text.InputsNotifyTaskToInit
                0x0000000000001d6a       0x28 ./User/inputs.o
                0x0000000000001d6a                InputsNotifyTaskToInit
 .text.ADC1_Init
                0x0000000000001d92       0x54 ./User/inputs.o
                0x0000000000001d92                ADC1_Init
 .text.ADC_FSM  0x0000000000001de6       0xfe ./User/inputs.o
                0x0000000000001de6                ADC_FSM
 .text.GetAIN   0x0000000000001ee4        0xc ./User/inputs.o
                0x0000000000001ee4                GetAIN
 .text.vInputsTask
                0x0000000000001ef0      0x24c ./User/inputs.o
                0x0000000000001ef0                vInputsTask
 .text.SPI1_DMA_Callback
                0x000000000000213c       0x38 ./User/led.o
                0x000000000000213c                SPI1_DMA_Callback
 .text.SPI2_DMA_Callback
                0x0000000000002174       0x3e ./User/led.o
                0x0000000000002174                SPI2_DMA_Callback
 .text.SetBarState
                0x00000000000021b2       0x50 ./User/led.o
                0x00000000000021b2                SetBarState
 .text.SetRGB   0x0000000000002202       0xa2 ./User/led.o
                0x0000000000002202                SetRGB
 .text.SetSegDirect
                0x00000000000022a4       0x9c ./User/led.o
                0x00000000000022a4                SetSegDirect
 .text.SetSegPoint
                0x0000000000002340       0x22 ./User/led.o
                0x0000000000002340                SetSegPoint
 .text.SetSEG   0x0000000000002362      0x122 ./User/led.o
                0x0000000000002362                SetSEG
 .text.SetBigSeg
                0x0000000000002484       0x14 ./User/led.o
                0x0000000000002484                SetBigSeg
 .text.vSetBrigth
                0x0000000000002498       0x2a ./User/led.o
                0x0000000000002498                vSetBrigth
 .text.vLedDriverStart
                0x00000000000024c2       0x62 ./User/led.o
                0x00000000000024c2                vLedDriverStart
 .text.vLedProcess
                0x0000000000002524       0x2c ./User/led.o
                0x0000000000002524                vLedProcess
 .text.vRGBProcess
                0x0000000000002550      0x10e ./User/led.o
                0x0000000000002550                vRGBProcess
 .text.startup.main
                0x000000000000265e       0x20 ./User/main.o
                0x000000000000265e                main
 .text.vRestartNode
                0x000000000000267e        0x2 ./User/main.o
                0x000000000000267e                vRestartNode
 .text.Error_Handler
                0x0000000000002680        0x8 ./User/main.o
                0x0000000000002680                Error_Handler
 .text.OD_writeV1_14
                0x0000000000002688       0x1a ./User/process.o
 .text.OD_writeRGBMAP
                0x00000000000026a2       0x30 ./User/process.o
 .text.OD_readMenuMap
                0x00000000000026d2       0x24 ./User/process.o
 .text.OD_readRGBMAP
                0x00000000000026f6       0x22 ./User/process.o
 .text.OD_readBar
                0x0000000000002718       0x22 ./User/process.o
 .text.OD_readAIN_RPM
                0x000000000000273a       0x24 ./User/process.o
 .text.OD_readDIN
                0x000000000000275e       0x1c ./User/process.o
 .text.OD_writeMenuSetup
                0x000000000000277a       0x46 ./User/process.o
 .text.OD_writeBoardSettings
                0x00000000000027c0       0x90 ./User/process.o
 .text.CO_getUint16
                0x0000000000002850       0x10 ./User/process.o
 .text.OD_writeV15_17
                0x0000000000002860       0x2e ./User/process.o
 .text.OD_writeSEG
                0x000000000000288e       0x40 ./User/process.o
 .text.OD_writeBAR
                0x00000000000028ce       0x30 ./User/process.o
 .text.OD_writeRPMConfig
                0x00000000000028fe       0x36 ./User/process.o
 .text.CO_getUint32
                0x0000000000002934       0x18 ./User/process.o
 .text.OD_writeMenuMap
                0x000000000000294c       0x30 ./User/process.o
 .text.OD_writeERROR_REG
                0x000000000000297c       0x20 ./User/process.o
 .text.OD_writeDashParam
                0x000000000000299c       0x44 ./User/process.o
 .text.WriteRGB.isra.1
                0x00000000000029e0       0x3a ./User/process.o
 .text.OD_writeRGB1
                0x0000000000002a1a       0x14 ./User/process.o
 .text.OD_writeRGB2
                0x0000000000002a2e       0x16 ./User/process.o
 .text.OD_writeRGB3
                0x0000000000002a44       0x16 ./User/process.o
 .text.OD_writeRGB4
                0x0000000000002a5a       0x16 ./User/process.o
 .text.OD_writeRGB5
                0x0000000000002a70       0x16 ./User/process.o
 .text.OD_writeRGB6
                0x0000000000002a86       0x16 ./User/process.o
 .text.OD_writeRGB7
                0x0000000000002a9c       0x16 ./User/process.o
 .text.OD_writeRGB8
                0x0000000000002ab2       0x16 ./User/process.o
 .text.OD_writeRGB9
                0x0000000000002ac8       0x16 ./User/process.o
 .text.OD_writeRGB10
                0x0000000000002ade       0x16 ./User/process.o
 .text.OD_writeRGB11
                0x0000000000002af4       0x16 ./User/process.o
 .text.OD_writeRGB12
                0x0000000000002b0a       0x16 ./User/process.o
 .text.OD_writeRGB13
                0x0000000000002b20       0x16 ./User/process.o
 .text.OD_readDashParam
                0x0000000000002b36       0x3e ./User/process.o
 .text.OD_readBoardSettings
                0x0000000000002b74       0x32 ./User/process.o
 .text.OD_readSEG
                0x0000000000002ba6       0x2a ./User/process.o
 .text.OD_readRGB.isra.5
                0x0000000000002bd0       0x20 ./User/process.o
 .text.OD_readRGB1
                0x0000000000002bf0       0x10 ./User/process.o
 .text.OD_readRGB2
                0x0000000000002c00       0x12 ./User/process.o
 .text.OD_readRGB3
                0x0000000000002c12       0x12 ./User/process.o
 .text.OD_readRGB4
                0x0000000000002c24       0x12 ./User/process.o
 .text.OD_readRGB5
                0x0000000000002c36       0x12 ./User/process.o
 .text.OD_readRGB6
                0x0000000000002c48       0x12 ./User/process.o
 .text.OD_readRGB7
                0x0000000000002c5a       0x12 ./User/process.o
 .text.OD_readRGB8
                0x0000000000002c6c       0x12 ./User/process.o
 .text.OD_readRGB9
                0x0000000000002c7e       0x12 ./User/process.o
 .text.OD_readRGB10
                0x0000000000002c90       0x12 ./User/process.o
 .text.OD_readRGB11
                0x0000000000002ca2       0x12 ./User/process.o
 .text.OD_readRGB12
                0x0000000000002cb4       0x12 ./User/process.o
 .text.OD_readRGB13
                0x0000000000002cc6       0x12 ./User/process.o
 .text.readADC.isra.6
                0x0000000000002cd8       0x84 ./User/process.o
 .text.OD_readADC1
                0x0000000000002d5c       0x10 ./User/process.o
 .text.OD_readADC2
                0x0000000000002d6c       0x10 ./User/process.o
 .text.OD_readADC3
                0x0000000000002d7c       0x10 ./User/process.o
 .text.OD_readMenuSetup
                0x0000000000002d8c       0x30 ./User/process.o
 .text.writeADC.isra.9
                0x0000000000002dbc       0xe2 ./User/process.o
 .text.OD_writeADC1
                0x0000000000002e9e       0x10 ./User/process.o
 .text.OD_writeADC2
                0x0000000000002eae       0x10 ./User/process.o
 .text.OD_writeADC3
                0x0000000000002ebe       0x10 ./User/process.o
 .text.OD_readRPMConfig
                0x0000000000002ece       0x2a ./User/process.o
 .text.vProceesInit
                0x0000000000002ef8      0x214 ./User/process.o
                0x0000000000002ef8                vProceesInit
 .text.SystemInit
                0x000000000000310c       0xee ./User/system_ch32v20x.o
                0x000000000000310c                SystemInit
 .text.SystemCoreClockUpdate
                0x00000000000031fa       0x92 ./User/system_ch32v20x.o
                0x00000000000031fa                SystemCoreClockUpdate
 .text.StartDefaultTask
                0x000000000000328c       0x86 ./User/system_init.o
 .text.vApplicationGetIdleTaskMemory
                0x0000000000003312       0x1c ./User/system_init.o
                0x0000000000003312                vApplicationGetIdleTaskMemory
 .text.vApplicationGetTimerTaskMemory
                0x000000000000332e       0x1c ./User/system_init.o
                0x000000000000332e                vApplicationGetTimerTaskMemory
 .text.vSYStaskInit
                0x000000000000334a      0x110 ./User/system_init.o
                0x000000000000334a                vSYStaskInit
 .text.vSYSqueueInit
                0x000000000000345a       0x2a ./User/system_init.o
                0x000000000000345a                vSYSqueueInit
 .text.vector_handler
                0x0000000000003484       0x6c ./Startup/startup_ch32v20x_D6.o
                0x0000000000003488                Ecall_M_Mode_Handler
                0x000000000000348a                Ecall_U_Mode_Handler
                0x000000000000348c                Break_Point_Handler
                0x0000000000003492                WWDG_IRQHandler
                0x0000000000003494                PVD_IRQHandler
                0x0000000000003496                TAMPER_IRQHandler
                0x000000000000349a                FLASH_IRQHandler
                0x000000000000349c                RCC_IRQHandler
                0x000000000000349e                EXTI0_IRQHandler
                0x00000000000034a0                EXTI1_IRQHandler
                0x00000000000034a2                EXTI2_IRQHandler
                0x00000000000034a4                EXTI3_IRQHandler
                0x00000000000034a6                EXTI4_IRQHandler
                0x00000000000034aa                DMA1_Channel2_IRQHandler
                0x00000000000034b2                DMA1_Channel6_IRQHandler
                0x00000000000034c0                EXTI9_5_IRQHandler
                0x00000000000034c2                TIM1_BRK_IRQHandler
                0x00000000000034c6                TIM1_TRG_COM_IRQHandler
                0x00000000000034d8                SPI1_IRQHandler
                0x00000000000034da                SPI2_IRQHandler
                0x00000000000034dc                USART1_IRQHandler
                0x00000000000034de                USART2_IRQHandler
                0x00000000000034e0                USART3_IRQHandler
                0x00000000000034e2                EXTI15_10_IRQHandler
                0x00000000000034e4                RTCAlarm_IRQHandler
                0x00000000000034e6                USBWakeUp_IRQHandler
                0x00000000000034e8                USBHD_IRQHandler
                0x00000000000034ea                USBHDWakeUp_IRQHandler
                0x00000000000034ec                UART4_IRQHandler
                0x00000000000034ee                DMA1_Channel8_IRQHandler
 .text.handle_reset
                0x00000000000034f0       0x92 ./Startup/startup_ch32v20x_D6.o
                0x00000000000034f0                handle_reset
 .text.ADC_DeInit
                0x0000000000003582       0x46 ./Peripheral/src/ch32v20x_adc.o
                0x0000000000003582                ADC_DeInit
 .text.ADC_Init
                0x00000000000035c8       0x56 ./Peripheral/src/ch32v20x_adc.o
                0x00000000000035c8                ADC_Init
 .text.ADC_Cmd  0x000000000000361e       0x10 ./Peripheral/src/ch32v20x_adc.o
                0x000000000000361e                ADC_Cmd
 .text.ADC_DMACmd
                0x000000000000362e       0x12 ./Peripheral/src/ch32v20x_adc.o
                0x000000000000362e                ADC_DMACmd
 .text.ADC_ResetCalibration
                0x0000000000003640        0xa ./Peripheral/src/ch32v20x_adc.o
                0x0000000000003640                ADC_ResetCalibration
 .text.ADC_GetResetCalibrationStatus
                0x000000000000364a        0x8 ./Peripheral/src/ch32v20x_adc.o
                0x000000000000364a                ADC_GetResetCalibrationStatus
 .text.ADC_StartCalibration
                0x0000000000003652        0xa ./Peripheral/src/ch32v20x_adc.o
                0x0000000000003652                ADC_StartCalibration
 .text.ADC_GetCalibrationStatus
                0x000000000000365c        0x8 ./Peripheral/src/ch32v20x_adc.o
                0x000000000000365c                ADC_GetCalibrationStatus
 .text.ADC_SoftwareStartConvCmd
                0x0000000000003664       0x18 ./Peripheral/src/ch32v20x_adc.o
                0x0000000000003664                ADC_SoftwareStartConvCmd
 .text.ADC_RegularChannelConfig
                0x000000000000367c       0xb8 ./Peripheral/src/ch32v20x_adc.o
                0x000000000000367c                ADC_RegularChannelConfig
 .text.ADC_ExternalTrigConvCmd
                0x0000000000003734       0x18 ./Peripheral/src/ch32v20x_adc.o
                0x0000000000003734                ADC_ExternalTrigConvCmd
 .text.ADC_GetITStatus
                0x000000000000374c       0x1c ./Peripheral/src/ch32v20x_adc.o
                0x000000000000374c                ADC_GetITStatus
 .text.ADC_ClearITPendingBit
                0x0000000000003768        0xa ./Peripheral/src/ch32v20x_adc.o
                0x0000000000003768                ADC_ClearITPendingBit
 .text.ADC_BufferCmd
                0x0000000000003772       0x18 ./Peripheral/src/ch32v20x_adc.o
                0x0000000000003772                ADC_BufferCmd
 .text.Get_CalibrationValue
                0x000000000000378a      0x1fe ./Peripheral/src/ch32v20x_adc.o
                0x000000000000378a                Get_CalibrationValue
 .text.BKP_DeInit
                0x0000000000003988       0x14 ./Peripheral/src/ch32v20x_bkp.o
                0x0000000000003988                BKP_DeInit
 .text.CAN_Init
                0x000000000000399c       0xe8 ./Peripheral/src/ch32v20x_can.o
                0x000000000000399c                CAN_Init
 .text.CAN_FilterInit
                0x0000000000003a84      0x118 ./Peripheral/src/ch32v20x_can.o
                0x0000000000003a84                CAN_FilterInit
 .text.CAN_Transmit
                0x0000000000003b9c       0xbc ./Peripheral/src/ch32v20x_can.o
                0x0000000000003b9c                CAN_Transmit
 .text.CAN_Receive
                0x0000000000003c58       0x8c ./Peripheral/src/ch32v20x_can.o
                0x0000000000003c58                CAN_Receive
 .text.CAN_OperatingModeRequest
                0x0000000000003ce4       0x72 ./Peripheral/src/ch32v20x_can.o
                0x0000000000003ce4                CAN_OperatingModeRequest
 .text.CAN_ITConfig
                0x0000000000003d56       0x12 ./Peripheral/src/ch32v20x_can.o
                0x0000000000003d56                CAN_ITConfig
 .text.CAN_GetFlagStatus
                0x0000000000003d68       0x56 ./Peripheral/src/ch32v20x_can.o
                0x0000000000003d68                CAN_GetFlagStatus
 .text.CAN_ClearFlag
                0x0000000000003dbe       0x40 ./Peripheral/src/ch32v20x_can.o
                0x0000000000003dbe                CAN_ClearFlag
 .text.CAN_ClearITPendingBit
                0x0000000000003dfe       0x94 ./Peripheral/src/ch32v20x_can.o
                0x0000000000003dfe                CAN_ClearITPendingBit
 .text.DMA_Init
                0x0000000000003e92       0x38 ./Peripheral/src/ch32v20x_dma.o
                0x0000000000003e92                DMA_Init
 .text.DMA_Cmd  0x0000000000003eca       0x14 ./Peripheral/src/ch32v20x_dma.o
                0x0000000000003eca                DMA_Cmd
 .text.DMA_ITConfig
                0x0000000000003ede       0x12 ./Peripheral/src/ch32v20x_dma.o
                0x0000000000003ede                DMA_ITConfig
 .text.DMA_SetCurrDataCounter
                0x0000000000003ef0        0x4 ./Peripheral/src/ch32v20x_dma.o
                0x0000000000003ef0                DMA_SetCurrDataCounter
 .text.DMA_GetFlagStatus
                0x0000000000003ef4        0xe ./Peripheral/src/ch32v20x_dma.o
                0x0000000000003ef4                DMA_GetFlagStatus
 .text.DMA_GetITStatus
                0x0000000000003f02        0xc ./Peripheral/src/ch32v20x_dma.o
                0x0000000000003f02                DMA_GetITStatus
 .text.DMA_ClearITPendingBit
                0x0000000000003f0e        0x8 ./Peripheral/src/ch32v20x_dma.o
                0x0000000000003f0e                DMA_ClearITPendingBit
 .text.GPIO_Init
                0x0000000000003f16       0xfa ./Peripheral/src/ch32v20x_gpio.o
                0x0000000000003f16                GPIO_Init
 .text.GPIO_ReadInputDataBit
                0x0000000000004010       0x1e ./Peripheral/src/ch32v20x_gpio.o
                0x0000000000004010                GPIO_ReadInputDataBit
 .text.GPIO_SetBits
                0x000000000000402e       0x18 ./Peripheral/src/ch32v20x_gpio.o
                0x000000000000402e                GPIO_SetBits
 .text.GPIO_ResetBits
                0x0000000000004046       0x18 ./Peripheral/src/ch32v20x_gpio.o
                0x0000000000004046                GPIO_ResetBits
 .text.GPIO_PinRemapConfig
                0x000000000000405e       0xf2 ./Peripheral/src/ch32v20x_gpio.o
                0x000000000000405e                GPIO_PinRemapConfig
 .text.I2C_DeInit
                0x0000000000004150       0x32 ./Peripheral/src/ch32v20x_i2c.o
                0x0000000000004150                I2C_DeInit
 .text.I2C_Init
                0x0000000000004182       0xf2 ./Peripheral/src/ch32v20x_i2c.o
                0x0000000000004182                I2C_Init
 .text.I2C_Cmd  0x0000000000004274       0x18 ./Peripheral/src/ch32v20x_i2c.o
                0x0000000000004274                I2C_Cmd
 .text.I2C_GenerateSTART
                0x000000000000428c       0x1a ./Peripheral/src/ch32v20x_i2c.o
                0x000000000000428c                I2C_GenerateSTART
 .text.I2C_GenerateSTOP
                0x00000000000042a6       0x1a ./Peripheral/src/ch32v20x_i2c.o
                0x00000000000042a6                I2C_GenerateSTOP
 .text.I2C_AcknowledgeConfig
                0x00000000000042c0       0x1a ./Peripheral/src/ch32v20x_i2c.o
                0x00000000000042c0                I2C_AcknowledgeConfig
 .text.I2C_DualAddressCmd
                0x00000000000042da       0x18 ./Peripheral/src/ch32v20x_i2c.o
                0x00000000000042da                I2C_DualAddressCmd
 .text.I2C_ITConfig
                0x00000000000042f2       0x12 ./Peripheral/src/ch32v20x_i2c.o
                0x00000000000042f2                I2C_ITConfig
 .text.I2C_SendData
                0x0000000000004304        0x4 ./Peripheral/src/ch32v20x_i2c.o
                0x0000000000004304                I2C_SendData
 .text.I2C_ReceiveData
                0x0000000000004308        0x8 ./Peripheral/src/ch32v20x_i2c.o
                0x0000000000004308                I2C_ReceiveData
 .text.I2C_Send7bitAddress
                0x0000000000004310       0x12 ./Peripheral/src/ch32v20x_i2c.o
                0x0000000000004310                I2C_Send7bitAddress
 .text.I2C_ReadRegister
                0x0000000000004322       0x14 ./Peripheral/src/ch32v20x_i2c.o
                0x0000000000004322                I2C_ReadRegister
 .text.I2C_GetFlagStatus
                0x0000000000004336       0x32 ./Peripheral/src/ch32v20x_i2c.o
                0x0000000000004336                I2C_GetFlagStatus
 .text.I2C_ClearFlag
                0x0000000000004368        0xc ./Peripheral/src/ch32v20x_i2c.o
                0x0000000000004368                I2C_ClearFlag
 .text.NVIC_PriorityGroupConfig
                0x0000000000004374        0xa ./Peripheral/src/ch32v20x_misc.o
                0x0000000000004374                NVIC_PriorityGroupConfig
 .text.NVIC_Init
                0x000000000000437e       0xaa ./Peripheral/src/ch32v20x_misc.o
                0x000000000000437e                NVIC_Init
 .text.PWR_BackupAccessCmd
                0x0000000000004428       0x16 ./Peripheral/src/ch32v20x_pwr.o
                0x0000000000004428                PWR_BackupAccessCmd
 .text.RCC_ADCCLKConfig
                0x000000000000443e       0x12 ./Peripheral/src/ch32v20x_rcc.o
                0x000000000000443e                RCC_ADCCLKConfig
 .text.RCC_LSEConfig
                0x0000000000004450       0x28 ./Peripheral/src/ch32v20x_rcc.o
                0x0000000000004450                RCC_LSEConfig
 .text.RCC_RTCCLKConfig
                0x0000000000004478        0xc ./Peripheral/src/ch32v20x_rcc.o
                0x0000000000004478                RCC_RTCCLKConfig
 .text.RCC_RTCCLKCmd
                0x0000000000004484       0x20 ./Peripheral/src/ch32v20x_rcc.o
                0x0000000000004484                RCC_RTCCLKCmd
 .text.RCC_GetClocksFreq
                0x00000000000044a4       0xbe ./Peripheral/src/ch32v20x_rcc.o
                0x00000000000044a4                RCC_GetClocksFreq
 .text.RCC_AHBPeriphClockCmd
                0x0000000000004562       0x1e ./Peripheral/src/ch32v20x_rcc.o
                0x0000000000004562                RCC_AHBPeriphClockCmd
 .text.RCC_APB2PeriphClockCmd
                0x0000000000004580       0x1e ./Peripheral/src/ch32v20x_rcc.o
                0x0000000000004580                RCC_APB2PeriphClockCmd
 .text.RCC_APB1PeriphClockCmd
                0x000000000000459e       0x1e ./Peripheral/src/ch32v20x_rcc.o
                0x000000000000459e                RCC_APB1PeriphClockCmd
 .text.RCC_APB2PeriphResetCmd
                0x00000000000045bc       0x1e ./Peripheral/src/ch32v20x_rcc.o
                0x00000000000045bc                RCC_APB2PeriphResetCmd
 .text.RCC_APB1PeriphResetCmd
                0x00000000000045da       0x1e ./Peripheral/src/ch32v20x_rcc.o
                0x00000000000045da                RCC_APB1PeriphResetCmd
 .text.RCC_BackupResetCmd
                0x00000000000045f8       0x20 ./Peripheral/src/ch32v20x_rcc.o
                0x00000000000045f8                RCC_BackupResetCmd
 .text.RCC_GetFlagStatus
                0x0000000000004618       0x2e ./Peripheral/src/ch32v20x_rcc.o
                0x0000000000004618                RCC_GetFlagStatus
 .text.RTC_ITConfig
                0x0000000000004646       0x1a ./Peripheral/src/ch32v20x_rtc.o
                0x0000000000004646                RTC_ITConfig
 .text.RTC_EnterConfigMode
                0x0000000000004660       0x12 ./Peripheral/src/ch32v20x_rtc.o
                0x0000000000004660                RTC_EnterConfigMode
 .text.RTC_ExitConfigMode
                0x0000000000004672       0x18 ./Peripheral/src/ch32v20x_rtc.o
                0x0000000000004672                RTC_ExitConfigMode
 .text.RTC_SetPrescaler
                0x000000000000468a       0x2e ./Peripheral/src/ch32v20x_rtc.o
                0x000000000000468a                RTC_SetPrescaler
 .text.RTC_WaitForLastTask
                0x00000000000046b8       0x10 ./Peripheral/src/ch32v20x_rtc.o
                0x00000000000046b8                RTC_WaitForLastTask
 .text.RTC_WaitForSynchro
                0x00000000000046c8       0x24 ./Peripheral/src/ch32v20x_rtc.o
                0x00000000000046c8                RTC_WaitForSynchro
 .text.RTC_ClearFlag
                0x00000000000046ec       0x14 ./Peripheral/src/ch32v20x_rtc.o
                0x00000000000046ec                RTC_ClearFlag
 .text.RTC_GetITStatus
                0x0000000000004700       0x20 ./Peripheral/src/ch32v20x_rtc.o
                0x0000000000004700                RTC_GetITStatus
 .text.RTC_ClearITPendingBit
                0x0000000000004720        0xc ./Peripheral/src/ch32v20x_rtc.o
                0x0000000000004720                RTC_ClearITPendingBit
 .text.SPI_I2S_DeInit
                0x000000000000472c       0x3e ./Peripheral/src/ch32v20x_spi.o
                0x000000000000472c                SPI_I2S_DeInit
 .text.SPI_Init
                0x000000000000476a       0x3e ./Peripheral/src/ch32v20x_spi.o
                0x000000000000476a                SPI_Init
 .text.SPI_Cmd  0x00000000000047a8       0x1a ./Peripheral/src/ch32v20x_spi.o
                0x00000000000047a8                SPI_Cmd
 .text.SPI_I2S_DMACmd
                0x00000000000047c2       0x12 ./Peripheral/src/ch32v20x_spi.o
                0x00000000000047c2                SPI_I2S_DMACmd
 .text.SPI_I2S_GetFlagStatus
                0x00000000000047d4        0xa ./Peripheral/src/ch32v20x_spi.o
                0x00000000000047d4                SPI_I2S_GetFlagStatus
 .text.SPI_I2S_ClearFlag
                0x00000000000047de        0xc ./Peripheral/src/ch32v20x_spi.o
                0x00000000000047de                SPI_I2S_ClearFlag
 .text.TI1_Config
                0x00000000000047ea       0x6a ./Peripheral/src/ch32v20x_tim.o
 .text.TI2_Config
                0x0000000000004854       0x82 ./Peripheral/src/ch32v20x_tim.o
 .text.TIM_DeInit
                0x00000000000048d6       0x8a ./Peripheral/src/ch32v20x_tim.o
                0x00000000000048d6                TIM_DeInit
 .text.TIM_TimeBaseInit
                0x0000000000004960       0x6a ./Peripheral/src/ch32v20x_tim.o
                0x0000000000004960                TIM_TimeBaseInit
 .text.TIM_OC1Init
                0x00000000000049ca       0x6a ./Peripheral/src/ch32v20x_tim.o
                0x00000000000049ca                TIM_OC1Init
 .text.TIM_OC2Init
                0x0000000000004a34       0x96 ./Peripheral/src/ch32v20x_tim.o
                0x0000000000004a34                TIM_OC2Init
 .text.TIM_OC3Init
                0x0000000000004aca       0x94 ./Peripheral/src/ch32v20x_tim.o
                0x0000000000004aca                TIM_OC3Init
 .text.TIM_OC4Init
                0x0000000000004b5e       0x6c ./Peripheral/src/ch32v20x_tim.o
                0x0000000000004b5e                TIM_OC4Init
 .text.TIM_TimeBaseStructInit
                0x0000000000004bca       0x16 ./Peripheral/src/ch32v20x_tim.o
                0x0000000000004bca                TIM_TimeBaseStructInit
 .text.TIM_Cmd  0x0000000000004be0       0x18 ./Peripheral/src/ch32v20x_tim.o
                0x0000000000004be0                TIM_Cmd
 .text.TIM_CtrlPWMOutputs
                0x0000000000004bf8       0x16 ./Peripheral/src/ch32v20x_tim.o
                0x0000000000004bf8                TIM_CtrlPWMOutputs
 .text.TIM_ITConfig
                0x0000000000004c0e       0x12 ./Peripheral/src/ch32v20x_tim.o
                0x0000000000004c0e                TIM_ITConfig
 .text.TIM_DMACmd
                0x0000000000004c20        0xc ./Peripheral/src/ch32v20x_tim.o
                0x0000000000004c20                TIM_DMACmd
 .text.TIM_InternalClockConfig
                0x0000000000004c2c       0x10 ./Peripheral/src/ch32v20x_tim.o
                0x0000000000004c2c                TIM_InternalClockConfig
 .text.TIM_ARRPreloadConfig
                0x0000000000004c3c       0x1a ./Peripheral/src/ch32v20x_tim.o
                0x0000000000004c3c                TIM_ARRPreloadConfig
 .text.TIM_OC1PreloadConfig
                0x0000000000004c56        0xe ./Peripheral/src/ch32v20x_tim.o
                0x0000000000004c56                TIM_OC1PreloadConfig
 .text.TIM_OC2PreloadConfig
                0x0000000000004c64       0x16 ./Peripheral/src/ch32v20x_tim.o
                0x0000000000004c64                TIM_OC2PreloadConfig
 .text.TIM_OC3PreloadConfig
                0x0000000000004c7a        0xe ./Peripheral/src/ch32v20x_tim.o
                0x0000000000004c7a                TIM_OC3PreloadConfig
 .text.TIM_OC4PreloadConfig
                0x0000000000004c88       0x16 ./Peripheral/src/ch32v20x_tim.o
                0x0000000000004c88                TIM_OC4PreloadConfig
 .text.TIM_SetIC1Prescaler
                0x0000000000004c9e       0x16 ./Peripheral/src/ch32v20x_tim.o
                0x0000000000004c9e                TIM_SetIC1Prescaler
 .text.TIM_SetIC2Prescaler
                0x0000000000004cb4       0x1a ./Peripheral/src/ch32v20x_tim.o
                0x0000000000004cb4                TIM_SetIC2Prescaler
 .text.TIM_SetIC3Prescaler
                0x0000000000004cce       0x16 ./Peripheral/src/ch32v20x_tim.o
                0x0000000000004cce                TIM_SetIC3Prescaler
 .text.TIM_SetIC4Prescaler
                0x0000000000004ce4       0x1a ./Peripheral/src/ch32v20x_tim.o
                0x0000000000004ce4                TIM_SetIC4Prescaler
 .text.TIM_ICInit
                0x0000000000004cfe      0x168 ./Peripheral/src/ch32v20x_tim.o
                0x0000000000004cfe                TIM_ICInit
 .text.TIM_GetCapture3
                0x0000000000004e66        0x4 ./Peripheral/src/ch32v20x_tim.o
                0x0000000000004e66                TIM_GetCapture3
 .text.TIM_GetCapture4
                0x0000000000004e6a        0x6 ./Peripheral/src/ch32v20x_tim.o
                0x0000000000004e6a                TIM_GetCapture4
 .text.TIM_GetFlagStatus
                0x0000000000004e70        0xa ./Peripheral/src/ch32v20x_tim.o
                0x0000000000004e70                TIM_GetFlagStatus
 .text.TIM_ClearFlag
                0x0000000000004e7a        0xc ./Peripheral/src/ch32v20x_tim.o
                0x0000000000004e7a                TIM_ClearFlag
 .text.TIM_GetITStatus
                0x0000000000004e86       0x18 ./Peripheral/src/ch32v20x_tim.o
                0x0000000000004e86                TIM_GetITStatus
 .text.TIM_ClearITPendingBit
                0x0000000000004e9e        0xc ./Peripheral/src/ch32v20x_tim.o
                0x0000000000004e9e                TIM_ClearITPendingBit
 .text.USART_SendData
                0x0000000000004eaa        0x8 ./Peripheral/src/ch32v20x_usart.o
                0x0000000000004eaa                USART_SendData
 .text.USART_GetFlagStatus
                0x0000000000004eb2        0xa ./Peripheral/src/ch32v20x_usart.o
                0x0000000000004eb2                USART_GetFlagStatus
 .text.vAINInit
                0x0000000000004ebc       0x36 ./HWLIB/hw_lib_adc.o
                0x0000000000004ebc                vAINInit
 .text.fGetAinCalData
                0x0000000000004ef2       0xb2 ./HWLIB/hw_lib_adc.o
                0x0000000000004ef2                fGetAinCalData
 .text.eAinCalDataConfig
                0x0000000000004fa4       0x48 ./HWLIB/hw_lib_adc.o
                0x0000000000004fa4                eAinCalDataConfig
 .text.vABLineKoofFinde
                0x0000000000004fec       0x6a ./HWLIB/hw_lib_adc.o
                0x0000000000004fec                vABLineKoofFinde
 .text.eSetAinCalPoint
                0x0000000000005056       0x64 ./HWLIB/hw_lib_adc.o
                0x0000000000005056                eSetAinCalPoint
 .text.getADC1Buffer
                0x00000000000050ba        0xa ./HWLIB/hw_lib_adc.o
                0x00000000000050ba                getADC1Buffer
 .text.eDOUTConfigWtihStruct
                0x00000000000050c4       0x1a ./HWLIB/hw_lib_din.o
                0x00000000000050c4                eDOUTConfigWtihStruct
 .text.eSetDUT  0x00000000000050de       0x12 ./HWLIB/hw_lib_din.o
                0x00000000000050de                eSetDUT
 .text.eDinConfigWtihStruct
                0x00000000000050f0       0x32 ./HWLIB/hw_lib_din.o
                0x00000000000050f0                eDinConfigWtihStruct
 .text.uGetDIN  0x0000000000005122       0x14 ./HWLIB/hw_lib_din.o
                0x0000000000005122                uGetDIN
 .text.eRPMConfig
                0x0000000000005136       0x5a ./HWLIB/hw_lib_din.o
                0x0000000000005136                eRPMConfig
 .text.RMPDataConvert
                0x0000000000005190       0x78 ./HWLIB/hw_lib_din.o
                0x0000000000005190                RMPDataConvert
 .text.getCaputreBuffer
                0x0000000000005208       0x16 ./HWLIB/hw_lib_din.o
                0x0000000000005208                getCaputreBuffer
 .text.GetRPM   0x000000000000521e       0x74 ./HWLIB/hw_lib_din.o
                0x000000000000521e                GetRPM
 .text.xGetRPM  0x0000000000005292       0x72 ./HWLIB/hw_lib_din.o
                0x0000000000005292                xGetRPM
 .text.vDinDoutProcess
                0x0000000000005304       0x98 ./HWLIB/hw_lib_din.o
                0x0000000000005304                vDinDoutProcess
 .text.vInitEEPROM
                0x000000000000539c       0x18 ./HWLIB/hw_lib_eeprom.o
                0x000000000000539c                vInitEEPROM
 .text.xGetEEPROM
                0x00000000000053b4        0xa ./HWLIB/hw_lib_eeprom.o
                0x00000000000053b4                xGetEEPROM
 .text.eEEPROMWr
                0x00000000000053be       0xae ./HWLIB/hw_lib_eeprom.o
                0x00000000000053be                eEEPROMWr
 .text.eEEPROMRd
                0x000000000000546c       0x34 ./HWLIB/hw_lib_eeprom.o
                0x000000000000546c                eEEPROMRd
 .text.bReadEEPROM
                0x00000000000054a0       0x1a ./HWLIB/hw_lib_eeprom.o
                0x00000000000054a0                bReadEEPROM
 .text.Get_ConversionVal
                0x00000000000054ba       0x2e ./HAL/hal_adc.o
                0x00000000000054ba                Get_ConversionVal
 .text.HAL_ADC_CommonConfig
                0x00000000000054e8        0xe ./HAL/hal_adc.o
                0x00000000000054e8                HAL_ADC_CommonConfig
 .text.HAL_ADC_ContiniusScanCinvertionDMA
                0x00000000000054f6       0xda ./HAL/hal_adc.o
                0x00000000000054f6                HAL_ADC_ContiniusScanCinvertionDMA
 .text.ADC1_2_IRQHandler
                0x00000000000055d0       0x74 ./HAL/hal_adc.o
                0x00000000000055d0                ADC1_2_IRQHandler
 .text.HAL_CANSetTXCallback
                0x0000000000005644        0xa ./HAL/hal_can.o
                0x0000000000005644                HAL_CANSetTXCallback
 .text.HAL_CANSetRXCallback
                0x000000000000564e        0xa ./HAL/hal_can.o
                0x000000000000564e                HAL_CANSetRXCallback
 .text.HAL_CANSetERRCallback
                0x0000000000005658        0xa ./HAL/hal_can.o
                0x0000000000005658                HAL_CANSetERRCallback
 .text.HAL_CANIntIT
                0x0000000000005662      0x124 ./HAL/hal_can.o
                0x0000000000005662                HAL_CANIntIT
 .text.HAL_CANToInitMode
                0x0000000000005786       0x16 ./HAL/hal_can.o
                0x0000000000005786                HAL_CANToInitMode
 .text.HAL_CANToOperatingMode
                0x000000000000579c       0x16 ./HAL/hal_can.o
                0x000000000000579c                HAL_CANToOperatingMode
 .text.HAL_CANSend
                0x00000000000057b2       0x50 ./HAL/hal_can.o
                0x00000000000057b2                HAL_CANSend
 .text.HAL_CANSetFiters
                0x0000000000005802       0x3a ./HAL/hal_can.o
                0x0000000000005802                HAL_CANSetFiters
 .text.HAL_CANGetRXMessage
                0x000000000000583c       0x52 ./HAL/hal_can.o
                0x000000000000583c                HAL_CANGetRXMessage
 .text.USB_HP_CAN1_TX_IRQHandler
                0x000000000000588e       0xd6 ./HAL/hal_can.o
                0x000000000000588e                USB_HP_CAN1_TX_IRQHandler
 .text.USB_LP_CAN1_RX0_IRQHandler
                0x0000000000005964       0x62 ./HAL/hal_can.o
                0x0000000000005964                USB_LP_CAN1_RX0_IRQHandler
 .text.CAN1_RX1_IRQHandler
                0x00000000000059c6       0x64 ./HAL/hal_can.o
                0x00000000000059c6                CAN1_RX1_IRQHandler
 .text.CAN1_SCE_IRQHandler
                0x0000000000005a2a       0x62 ./HAL/hal_can.o
                0x0000000000005a2a                CAN1_SCE_IRQHandler
 .text.HAL_DMA_Enable
                0x0000000000005a8c        0xe ./HAL/hal_dma.o
                0x0000000000005a8c                HAL_DMA_Enable
 .text.HAL_DMA_Disable
                0x0000000000005a9a        0xe ./HAL/hal_dma.o
                0x0000000000005a9a                HAL_DMA_Disable
 .text.HAL_DMA_SetCounter
                0x0000000000005aa8       0x10 ./HAL/hal_dma.o
                0x0000000000005aa8                HAL_DMA_SetCounter
 .text.HAL_DMAInitIT
                0x0000000000005ab8      0x172 ./HAL/hal_dma.o
                0x0000000000005ab8                HAL_DMAInitIT
 .text.HAL_ADC_StartDMA
                0x0000000000005c2a       0x64 ./HAL/hal_dma.o
                0x0000000000005c2a                HAL_ADC_StartDMA
 .text.DMA1_Channel1_IRQHandler
                0x0000000000005c8e       0x64 ./HAL/hal_dma.o
                0x0000000000005c8e                DMA1_Channel1_IRQHandler
 .text.DMA1_Channel3_IRQHandler
                0x0000000000005cf2       0x68 ./HAL/hal_dma.o
                0x0000000000005cf2                DMA1_Channel3_IRQHandler
 .text.DMA1_Channel5_IRQHandler
                0x0000000000005d5a       0x66 ./HAL/hal_dma.o
                0x0000000000005d5a                DMA1_Channel5_IRQHandler
 .text.DMA1_Channel4_IRQHandler
                0x0000000000005dc0       0x64 ./HAL/hal_dma.o
                0x0000000000005dc0                DMA1_Channel4_IRQHandler
 .text.DMA1_Channel7_IRQHandler
                0x0000000000005e24       0x68 ./HAL/hal_dma.o
                0x0000000000005e24                DMA1_Channel7_IRQHandler
 .text.HAL_InitGpioLib
                0x0000000000005e8c       0x12 ./HAL/hal_gpio.o
                0x0000000000005e8c                HAL_InitGpioLib
 .text.HAL_InitGpioRCC
                0x0000000000005e9e       0xb6 ./HAL/hal_gpio.o
                0x0000000000005e9e                HAL_InitGpioRCC
 .text.HAL_InitGpioOut
                0x0000000000005f54       0x28 ./HAL/hal_gpio.o
                0x0000000000005f54                HAL_InitGpioOut
 .text.HAL_InitGpioAIN
                0x0000000000005f7c       0x26 ./HAL/hal_gpio.o
                0x0000000000005f7c                HAL_InitGpioAIN
 .text.HAL_InitGpioIn
                0x0000000000005fa2       0x28 ./HAL/hal_gpio.o
                0x0000000000005fa2                HAL_InitGpioIn
 .text.HAL_InitGpioAF
                0x0000000000005fca       0x3c ./HAL/hal_gpio.o
                0x0000000000005fca                HAL_InitGpioAF
 .text.HAL_GetBit
                0x0000000000006006        0xc ./HAL/hal_gpio.o
                0x0000000000006006                HAL_GetBit
 .text.HAL_SetBit
                0x0000000000006012        0xc ./HAL/hal_gpio.o
                0x0000000000006012                HAL_SetBit
 .text.HAL_ResetBit
                0x000000000000601e        0xc ./HAL/hal_gpio.o
                0x000000000000601e                HAL_ResetBit
 .text.I2C_Master_TransmitIT
                0x000000000000602a       0xa4 ./HAL/hal_i2c.o
 .text.I2C_Master_ReviceIT
                0x00000000000060ce       0xa8 ./HAL/hal_i2c.o
 .text.I2C_FSM  0x0000000000006176      0x1d6 ./HAL/hal_i2c.o
 .text.InitI2CDMA
                0x000000000000634c       0xe0 ./HAL/hal_i2c.o
                0x000000000000634c                InitI2CDMA
 .text.I2C1_EV_IRQHandler
                0x000000000000642c       0x4c ./HAL/hal_i2c.o
                0x000000000000642c                I2C1_EV_IRQHandler
 .text.I2C1_ER_IRQHandler
                0x0000000000006478       0x4c ./HAL/hal_i2c.o
                0x0000000000006478                I2C1_ER_IRQHandler
 .text.I2C2_EV_IRQHandler
                0x00000000000064c4       0x4c ./HAL/hal_i2c.o
                0x00000000000064c4                I2C2_EV_IRQHandler
 .text.I2C2_ER_IRQHandler
                0x0000000000006510       0x4c ./HAL/hal_i2c.o
                0x0000000000006510                I2C2_ER_IRQHandler
 .text.HAL_RTC_IT_Init
                0x000000000000655c       0xb0 ./HAL/hal_rtc.o
                0x000000000000655c                HAL_RTC_IT_Init
 .text.RTC_IRQHandler
                0x000000000000660c       0x64 ./HAL/hal_rtc.o
                0x000000000000660c                RTC_IRQHandler
 .text.HAL_SPI_InitDMA
                0x0000000000006670       0x94 ./HAL/hal_spi.o
                0x0000000000006670                HAL_SPI_InitDMA
 .text.HAL_SPI_RXOveleyClear
                0x0000000000006704       0x10 ./HAL/hal_spi.o
                0x0000000000006704                HAL_SPI_RXOveleyClear
 .text.HAL_SPI_GetBusy
                0x0000000000006714       0x16 ./HAL/hal_spi.o
                0x0000000000006714                HAL_SPI_GetBusy
 .text.vTimerInitRCC
                0x000000000000672a       0x3e ./HAL/hal_timers.o
 .text.TIM1_CC_IRQHandler
                0x0000000000006768       0xea ./HAL/hal_timers.o
                0x0000000000006768                TIM1_CC_IRQHandler
 .text.TIM1_UP_IRQHandler
                0x0000000000006852       0x74 ./HAL/hal_timers.o
                0x0000000000006852                TIM1_UP_IRQHandler
 .text.TIM4_IRQHandler
                0x00000000000068c6       0x74 ./HAL/hal_timers.o
                0x00000000000068c6                TIM4_IRQHandler
 .text.TIM3_IRQHandler
                0x000000000000693a       0x74 ./HAL/hal_timers.o
                0x000000000000693a                TIM3_IRQHandler
 .text.TIM2_IRQHandler
                0x00000000000069ae       0x6c ./HAL/hal_timers.o
                0x00000000000069ae                TIM2_IRQHandler
 .text.HAL_TiemrEneblae
                0x0000000000006a1a       0x1c ./HAL/hal_timers.o
                0x0000000000006a1a                HAL_TiemrEneblae
 .text.HW_TIMER_BaseTimerInit
                0x0000000000006a36       0x60 ./HAL/hal_timers.o
                0x0000000000006a36                HW_TIMER_BaseTimerInit
 .text.HAL_TIMER_InitIt
                0x0000000000006a96       0xa4 ./HAL/hal_timers.o
                0x0000000000006a96                HAL_TIMER_InitIt
 .text.HAL_TIMER_PWMTimersInit
                0x0000000000006b3a       0xec ./HAL/hal_timers.o
                0x0000000000006b3a                HAL_TIMER_PWMTimersInit
 .text.HAL_TimeInitCaptureDMA
                0x0000000000006c26      0x114 ./HAL/hal_timers.o
                0x0000000000006c26                HAL_TimeInitCaptureDMA
 .text.HAL_TIMER_DisablePWMCH
                0x0000000000006d3a       0x1c ./HAL/hal_timers.o
                0x0000000000006d3a                HAL_TIMER_DisablePWMCH
 .text.HAL_TIMER_SetPWMPulse
                0x0000000000006d56       0x80 ./HAL/hal_timers.o
                0x0000000000006d56                HAL_TIMER_SetPWMPulse
 .text.HAL_TIMER_EnablePWMCH
                0x0000000000006dd6       0x1c ./HAL/hal_timers.o
                0x0000000000006dd6                HAL_TIMER_EnablePWMCH
 .text.HAL_WDTReset
                0x0000000000006df2        0x2 ./HAL/hal_wdt.o
                0x0000000000006df2                HAL_WDTReset
 .text.prvInsertBlockIntoFreeList
                0x0000000000006df4       0x4c ./FreeRTOS/portable/MemMang/heap_4.o
 .text.pvPortMalloc
                0x0000000000006e40      0x18a ./FreeRTOS/portable/MemMang/heap_4.o
                0x0000000000006e40                pvPortMalloc
 .text.vPortFree
                0x0000000000006fca       0xa8 ./FreeRTOS/portable/MemMang/heap_4.o
                0x0000000000006fca                vPortFree
 .text.vPortSetupTimerInterrupt
                0x0000000000007072       0x3e ./FreeRTOS/portable/GCC/RISC-V/port.o
                0x0000000000007072                vPortSetupTimerInterrupt
 .text.xPortStartScheduler
                0x00000000000070b0       0x90 ./FreeRTOS/portable/GCC/RISC-V/port.o
                0x00000000000070b0                xPortStartScheduler
 .text.SysTick_Handler
                0x0000000000007140       0x7c ./FreeRTOS/portable/GCC/RISC-V/port.o
                0x0000000000007140                SysTick_Handler
 .text.vPortEnterCritical
                0x00000000000071bc       0x16 ./FreeRTOS/portable/GCC/RISC-V/port.o
                0x00000000000071bc                vPortEnterCritical
 .text.vPortExitCritical
                0x00000000000071d2       0x42 ./FreeRTOS/portable/GCC/RISC-V/port.o
                0x00000000000071d2                vPortExitCritical
 .text.xPortSetInterruptMask
                0x0000000000007214        0xc ./FreeRTOS/portable/GCC/RISC-V/port.o
                0x0000000000007214                xPortSetInterruptMask
 .text.vPortClearInterruptMask
                0x0000000000007220        0x6 ./FreeRTOS/portable/GCC/RISC-V/port.o
                0x0000000000007220                vPortClearInterruptMask
 .text.vListInitialise
                0x0000000000007226       0x14 ./FreeRTOS/list.o
                0x0000000000007226                vListInitialise
 .text.vListInitialiseItem
                0x000000000000723a        0x6 ./FreeRTOS/list.o
                0x000000000000723a                vListInitialiseItem
 .text.vListInsertEnd
                0x0000000000007240       0x18 ./FreeRTOS/list.o
                0x0000000000007240                vListInsertEnd
 .text.vListInsert
                0x0000000000007258       0x2e ./FreeRTOS/list.o
                0x0000000000007258                vListInsert
 .text.uxListRemove
                0x0000000000007286       0x20 ./FreeRTOS/list.o
                0x0000000000007286                uxListRemove
 .text.prvIsQueueEmpty
                0x00000000000072a6       0x1e ./FreeRTOS/queue.o
 .text.prvCopyDataToQueue
                0x00000000000072c4       0x72 ./FreeRTOS/queue.o
 .text.prvCopyDataFromQueue
                0x0000000000007336       0x28 ./FreeRTOS/queue.o
 .text.prvUnlockQueue
                0x000000000000735e       0x76 ./FreeRTOS/queue.o
 .text.xQueueGenericReset
                0x00000000000073d4       0xc4 ./FreeRTOS/queue.o
                0x00000000000073d4                xQueueGenericReset
 .text.xQueueGenericCreateStatic
                0x0000000000007498       0xae ./FreeRTOS/queue.o
                0x0000000000007498                xQueueGenericCreateStatic
 .text.xQueueGenericCreate
                0x0000000000007546       0x72 ./FreeRTOS/queue.o
                0x0000000000007546                xQueueGenericCreate
 .text.xQueueGenericSend
                0x00000000000075b8      0x1a8 ./FreeRTOS/queue.o
                0x00000000000075b8                xQueueGenericSend
 .text.xQueueGiveMutexRecursive
                0x0000000000007760       0x56 ./FreeRTOS/queue.o
                0x0000000000007760                xQueueGiveMutexRecursive
 .text.xQueueCreateMutex
                0x00000000000077b6       0x2e ./FreeRTOS/queue.o
                0x00000000000077b6                xQueueCreateMutex
 .text.xQueueReceive
                0x00000000000077e4      0x166 ./FreeRTOS/queue.o
                0x00000000000077e4                xQueueReceive
 .text.xQueueSemaphoreTake
                0x000000000000794a      0x1be ./FreeRTOS/queue.o
                0x000000000000794a                xQueueSemaphoreTake
 .text.xQueueTakeMutexRecursive
                0x0000000000007b08       0x5a ./FreeRTOS/queue.o
                0x0000000000007b08                xQueueTakeMutexRecursive
 .text.uxQueueMessagesWaiting
                0x0000000000007b62       0x44 ./FreeRTOS/queue.o
                0x0000000000007b62                uxQueueMessagesWaiting
 .text.vQueueAddToRegistry
                0x0000000000007ba6       0x6c ./FreeRTOS/queue.o
                0x0000000000007ba6                vQueueAddToRegistry
 .text.vQueueWaitForMessageRestricted
                0x0000000000007c12       0x5c ./FreeRTOS/queue.o
                0x0000000000007c12                vQueueWaitForMessageRestricted
 .text.prvIdleTask
                0x0000000000007c6e        0x2 ./FreeRTOS/tasks.o
 .text.prvAddNewTaskToReadyList
                0x0000000000007c70      0x10e ./FreeRTOS/tasks.o
 .text.prvResetNextTaskUnblockTime
                0x0000000000007d7e       0x20 ./FreeRTOS/tasks.o
 .text.prvTaskIsTaskSuspended
                0x0000000000007d9e       0x50 ./FreeRTOS/tasks.o
 .text.prvInitialiseNewTask.isra.2
                0x0000000000007dee       0xc8 ./FreeRTOS/tasks.o
 .text.prvAddCurrentTaskToDelayedList
                0x0000000000007eb6       0xa4 ./FreeRTOS/tasks.o
 .text.xTaskCreateStatic
                0x0000000000007f5a       0xa6 ./FreeRTOS/tasks.o
                0x0000000000007f5a                xTaskCreateStatic
 .text.vTaskResume
                0x0000000000008000       0xaa ./FreeRTOS/tasks.o
                0x0000000000008000                vTaskResume
 .text.vTaskStartScheduler
                0x00000000000080aa       0x90 ./FreeRTOS/tasks.o
                0x00000000000080aa                vTaskStartScheduler
 .text.vTaskSuspendAll
                0x000000000000813a       0x10 ./FreeRTOS/tasks.o
                0x000000000000813a                vTaskSuspendAll
 .text.xTaskGetTickCount
                0x000000000000814a        0x6 ./FreeRTOS/tasks.o
                0x000000000000814a                xTaskGetTickCount
 .text.xTaskIncrementTick
                0x0000000000008150      0x198 ./FreeRTOS/tasks.o
                0x0000000000008150                xTaskIncrementTick
 .text.xTaskResumeAll
                0x00000000000082e8      0x158 ./FreeRTOS/tasks.o
                0x00000000000082e8                xTaskResumeAll
 .text.vTaskDelay
                0x0000000000008440       0x66 ./FreeRTOS/tasks.o
                0x0000000000008440                vTaskDelay
 .text.vTaskSwitchContext
                0x00000000000084a6       0x96 ./FreeRTOS/tasks.o
                0x00000000000084a6                vTaskSwitchContext
 .text.vTaskSuspend
                0x000000000000853c       0xea ./FreeRTOS/tasks.o
                0x000000000000853c                vTaskSuspend
 .text.vTaskPlaceOnEventList
                0x0000000000008626       0x48 ./FreeRTOS/tasks.o
                0x0000000000008626                vTaskPlaceOnEventList
 .text.vTaskPlaceOnEventListRestricted
                0x000000000000866e       0x76 ./FreeRTOS/tasks.o
                0x000000000000866e                vTaskPlaceOnEventListRestricted
 .text.xTaskRemoveFromEventList
                0x00000000000086e4       0xe8 ./FreeRTOS/tasks.o
                0x00000000000086e4                xTaskRemoveFromEventList
 .text.vTaskInternalSetTimeOutState
                0x00000000000087cc        0xe ./FreeRTOS/tasks.o
                0x00000000000087cc                vTaskInternalSetTimeOutState
 .text.xTaskCheckForTimeOut
                0x00000000000087da       0xaa ./FreeRTOS/tasks.o
                0x00000000000087da                xTaskCheckForTimeOut
 .text.vTaskMissedYield
                0x0000000000008884        0x8 ./FreeRTOS/tasks.o
                0x0000000000008884                vTaskMissedYield
 .text.xTaskGetCurrentTaskHandle
                0x000000000000888c        0xa ./FreeRTOS/tasks.o
                0x000000000000888c                xTaskGetCurrentTaskHandle
 .text.xTaskGetSchedulerState
                0x0000000000008896       0x18 ./FreeRTOS/tasks.o
                0x0000000000008896                xTaskGetSchedulerState
 .text.xTaskPriorityInherit
                0x00000000000088ae       0xae ./FreeRTOS/tasks.o
                0x00000000000088ae                xTaskPriorityInherit
 .text.xTaskPriorityDisinherit
                0x000000000000895c       0xca ./FreeRTOS/tasks.o
                0x000000000000895c                xTaskPriorityDisinherit
 .text.vTaskPriorityDisinheritAfterTimeout
                0x0000000000008a26       0xe6 ./FreeRTOS/tasks.o
                0x0000000000008a26                vTaskPriorityDisinheritAfterTimeout
 .text.pvTaskIncrementMutexHeldCount
                0x0000000000008b0c       0x1c ./FreeRTOS/tasks.o
                0x0000000000008b0c                pvTaskIncrementMutexHeldCount
 .text.ulTaskGenericNotifyTake
                0x0000000000008b28       0xb8 ./FreeRTOS/tasks.o
                0x0000000000008b28                ulTaskGenericNotifyTake
 .text.xTaskGenericNotifyWait
                0x0000000000008be0       0xe6 ./FreeRTOS/tasks.o
                0x0000000000008be0                xTaskGenericNotifyWait
 .text.xTaskGenericNotify
                0x0000000000008cc6      0x1b0 ./FreeRTOS/tasks.o
                0x0000000000008cc6                xTaskGenericNotify
 .text.xTaskGenericNotifyFromISR
                0x0000000000008e76      0x1ec ./FreeRTOS/tasks.o
                0x0000000000008e76                xTaskGenericNotifyFromISR
 .text.ulTaskGenericNotifyValueClear
                0x0000000000009062       0x3e ./FreeRTOS/tasks.o
                0x0000000000009062                ulTaskGenericNotifyValueClear
 .text.prvCheckForValidListAndQueue
                0x00000000000090a0       0x6a ./FreeRTOS/timers.o
 .text.prvInsertTimerInActiveList
                0x000000000000910a       0x3e ./FreeRTOS/timers.o
 .text.prvReloadTimer
                0x0000000000009148       0x2a ./FreeRTOS/timers.o
 .text.prvProcessExpiredTimer
                0x0000000000009172       0x42 ./FreeRTOS/timers.o
 .text.prvSwitchTimerLists
                0x00000000000091b4       0x28 ./FreeRTOS/timers.o
 .text.prvTimerTask
                0x00000000000091dc      0x188 ./FreeRTOS/timers.o
 .text.xTimerCreateTimerTask
                0x0000000000009364       0x6e ./FreeRTOS/timers.o
                0x0000000000009364                xTimerCreateTimerTask
 .text.vRCFilter
                0x00000000000093d2       0x30 ./Drivers/filters.o
                0x00000000000093d2                vRCFilter
 .text.vInitABFilter
                0x0000000000009402       0x22 ./Drivers/filters.o
                0x0000000000009402                vInitABFilter
 .text.vInitRunAverga
                0x0000000000009424        0x8 ./Drivers/filters.o
                0x0000000000009424                vInitRunAverga
 .text.vInitMedianFilter
                0x000000000000942c       0x12 ./Drivers/filters.o
                0x000000000000942c                vInitMedianFilter
 .text.MedianFilter
                0x000000000000943e       0x6e ./Drivers/filters.o
                0x000000000000943e                MedianFilter
 .text.Delay_Ms
                0x00000000000094ac       0x36 ./Debug/debug.o
                0x00000000000094ac                Delay_Ms
 .text._write   0x00000000000094e2       0x3e ./Debug/debug.o
                0x00000000000094e2                _write
 .text._sbrk    0x0000000000009520       0x2a ./Debug/debug.o
                0x0000000000009520                _sbrk
 .text.prv_read_can_received_msg
                0x000000000000954a       0x50 ./CANopenNode/keypad/CO_driver_ST32F103.o
                0x000000000000954a                prv_read_can_received_msg
 .text.prv_send_can_message.isra.0
                0x000000000000959a       0x2c ./CANopenNode/keypad/CO_driver_ST32F103.o
 .text.CAN_SendMessage
                0x00000000000095c6       0x66 ./CANopenNode/keypad/CO_driver_ST32F103.o
                0x00000000000095c6                CAN_SendMessage
 .text.co_drv_create_os_objects
                0x000000000000962c       0x30 ./CANopenNode/keypad/CO_driver_ST32F103.o
                0x000000000000962c                co_drv_create_os_objects
 .text.co_drv_mutex_lock
                0x000000000000965c       0x18 ./CANopenNode/keypad/CO_driver_ST32F103.o
                0x000000000000965c                co_drv_mutex_lock
 .text.co_drv_mutex_unlock
                0x0000000000009674       0x16 ./CANopenNode/keypad/CO_driver_ST32F103.o
                0x0000000000009674                co_drv_mutex_unlock
 .text.CO_CANsetConfigurationMode
                0x000000000000968a       0x10 ./CANopenNode/keypad/CO_driver_ST32F103.o
                0x000000000000968a                CO_CANsetConfigurationMode
 .text.CO_CANsetNormalMode
                0x000000000000969a       0x1c ./CANopenNode/keypad/CO_driver_ST32F103.o
                0x000000000000969a                CO_CANsetNormalMode
 .text.CO_CANmodule_init
                0x00000000000096b6      0x110 ./CANopenNode/keypad/CO_driver_ST32F103.o
                0x00000000000096b6                CO_CANmodule_init
 .text.CO_CANmodule_disable
                0x00000000000097c6       0x14 ./CANopenNode/keypad/CO_driver_ST32F103.o
                0x00000000000097c6                CO_CANmodule_disable
 .text.CO_CANrxBufferInit
                0x00000000000097da       0x52 ./CANopenNode/keypad/CO_driver_ST32F103.o
                0x00000000000097da                CO_CANrxBufferInit
 .text.CO_CANtxBufferInit
                0x000000000000982c       0x3a ./CANopenNode/keypad/CO_driver_ST32F103.o
                0x000000000000982c                CO_CANtxBufferInit
 .text.CO_CANmodule_process
                0x0000000000009866       0x12 ./CANopenNode/keypad/CO_driver_ST32F103.o
                0x0000000000009866                CO_CANmodule_process
 .text.CO_CANsend
                0x0000000000009878       0x46 ./CANopenNode/keypad/CO_driver_ST32F103.o
                0x0000000000009878                CO_CANsend
 .text.CO_LSSslave_receive
                0x00000000000098be      0x1a8 ./CANopenNode/305/CO_LSSslave.o
 .text.CO_LSSslave_init
                0x0000000000009a66       0xa4 ./CANopenNode/305/CO_LSSslave.o
                0x0000000000009a66                CO_LSSslave_init
 .text.CO_LSSslave_process
                0x0000000000009b0a      0x1a2 ./CANopenNode/305/CO_LSSslave.o
                0x0000000000009b0a                CO_LSSslave_process
 .text.OD_write_1003
                0x0000000000009cac       0x28 ./CANopenNode/301/CO_Emergency.o
 .text.OD_read_1003
                0x0000000000009cd4       0x8c ./CANopenNode/301/CO_Emergency.o
 .text.OD_read_1014_default
                0x0000000000009d60       0x50 ./CANopenNode/301/CO_Emergency.o
 .text.CO_EM_init
                0x0000000000009db0      0x112 ./CANopenNode/301/CO_Emergency.o
                0x0000000000009db0                CO_EM_init
 .text.CO_error
                0x0000000000009ec2       0xc4 ./CANopenNode/301/CO_Emergency.o
                0x0000000000009ec2                CO_error
 .text.CO_EM_process
                0x0000000000009f86      0x182 ./CANopenNode/301/CO_Emergency.o
                0x0000000000009f86                CO_EM_process
 .text.CO_NMT_receive
                0x000000000000a108       0x18 ./CANopenNode/301/CO_NMT_Heartbeat.o
 .text.OD_write_1017
                0x000000000000a120       0x48 ./CANopenNode/301/CO_NMT_Heartbeat.o
 .text.CO_NMT_init
                0x000000000000a168       0xec ./CANopenNode/301/CO_NMT_Heartbeat.o
                0x000000000000a168                CO_NMT_init
 .text.CO_NMT_process
                0x000000000000a254      0x106 ./CANopenNode/301/CO_NMT_Heartbeat.o
                0x000000000000a254                CO_NMT_process
 .text.OD_readDisabled
                0x000000000000a35a        0x4 ./CANopenNode/301/CO_ODinterface.o
 .text.OD_readOriginal
                0x000000000000a35e       0x50 ./CANopenNode/301/CO_ODinterface.o
                0x000000000000a35e                OD_readOriginal
 .text.OD_writeOriginal
                0x000000000000a3ae       0x54 ./CANopenNode/301/CO_ODinterface.o
                0x000000000000a3ae                OD_writeOriginal
 .text.OD_writeDisabled
                0x000000000000a402        0x4 ./CANopenNode/301/CO_ODinterface.o
 .text.OD_find  0x000000000000a406       0x70 ./CANopenNode/301/CO_ODinterface.o
                0x000000000000a406                OD_find
 .text.OD_getSub
                0x000000000000a476       0xf6 ./CANopenNode/301/CO_ODinterface.o
                0x000000000000a476                OD_getSub
 .text.OD_getSDOabCode
                0x000000000000a56c       0x20 ./CANopenNode/301/CO_ODinterface.o
                0x000000000000a56c                OD_getSDOabCode
 .text.OD_get_value
                0x000000000000a58c       0x34 ./CANopenNode/301/CO_ODinterface.o
                0x000000000000a58c                OD_get_value
 .text.OD_set_value
                0x000000000000a5c0       0x2e ./CANopenNode/301/CO_ODinterface.o
                0x000000000000a5c0                OD_set_value
 .text.OD_getPtr
                0x000000000000a5ee       0x3c ./CANopenNode/301/CO_ODinterface.o
                0x000000000000a5ee                OD_getPtr
 .text.OD_write_dummy
                0x000000000000a62a        0x8 ./CANopenNode/301/CO_PDO.o
 .text.OD_read_dummy
                0x000000000000a632       0x2e ./CANopenNode/301/CO_PDO.o
 .text.PDOconfigMap
                0x000000000000a660      0x100 ./CANopenNode/301/CO_PDO.o
 .text.CO_PDO_receive
                0x000000000000a760       0x48 ./CANopenNode/301/CO_PDO.o
 .text.OD_read_PDO_commParam
                0x000000000000a7a8       0x70 ./CANopenNode/301/CO_PDO.o
 .text.PDO_initMapping.constprop.3
                0x000000000000a818       0xe6 ./CANopenNode/301/CO_PDO.o
 .text.OD_write_PDO_mapping
                0x000000000000a8fe       0xb4 ./CANopenNode/301/CO_PDO.o
 .text.OD_write_18xx
                0x000000000000a9b2      0x184 ./CANopenNode/301/CO_PDO.o
 .text.OD_write_14xx
                0x000000000000ab36      0x15a ./CANopenNode/301/CO_PDO.o
 .text.CO_RPDO_init
                0x000000000000ac90      0x172 ./CANopenNode/301/CO_PDO.o
                0x000000000000ac90                CO_RPDO_init
 .text.CO_RPDO_process
                0x000000000000ae02      0x114 ./CANopenNode/301/CO_PDO.o
                0x000000000000ae02                CO_RPDO_process
 .text.CO_TPDO_init
                0x000000000000af16      0x1d2 ./CANopenNode/301/CO_PDO.o
                0x000000000000af16                CO_TPDO_init
 .text.CO_TPDO_process
                0x000000000000b0e8      0x15e ./CANopenNode/301/CO_PDO.o
                0x000000000000b0e8                CO_TPDO_process
 .text.CO_SDOserver_init_canRxTx
                0x000000000000b246       0x82 ./CANopenNode/301/CO_SDOserver.o
 .text.CO_SDO_receive
                0x000000000000b2c8       0x38 ./CANopenNode/301/CO_SDOserver.o
 .text.readFromOd.isra.1.constprop.5
                0x000000000000b300       0xe2 ./CANopenNode/301/CO_SDOserver.o
 .text.OD_write_1201_additional
                0x000000000000b3e2      0x158 ./CANopenNode/301/CO_SDOserver.o
 .text.CO_SDOserver_init
                0x000000000000b53a      0x172 ./CANopenNode/301/CO_SDOserver.o
                0x000000000000b53a                CO_SDOserver_init
 .text.CO_SDOserver_process
                0x000000000000b6ac      0x5e8 ./CANopenNode/301/CO_SDOserver.o
                0x000000000000b6ac                CO_SDOserver_process
 .text.CO_delete
                0x000000000000bc94       0x56 ./CANopenNode/CANopen.o
                0x000000000000bc94                CO_delete
 .text.CO_new   0x000000000000bcea      0x102 ./CANopenNode/CANopen.o
                0x000000000000bcea                CO_new
 .text.CO_CANinit
                0x000000000000bdec       0x36 ./CANopenNode/CANopen.o
                0x000000000000bdec                CO_CANinit
 .text.CO_LSSinit
                0x000000000000be22       0x32 ./CANopenNode/CANopen.o
                0x000000000000be22                CO_LSSinit
 .text.CO_CANopenInit
                0x000000000000be54       0xb8 ./CANopenNode/CANopen.o
                0x000000000000be54                CO_CANopenInit
 .text.CO_CANopenInitPDO
                0x000000000000bf0c       0xea ./CANopenNode/CANopen.o
                0x000000000000bf0c                CO_CANopenInitPDO
 .text.CO_process
                0x000000000000bff6       0x7e ./CANopenNode/CANopen.o
                0x000000000000bff6                CO_process
 .text.CO_process_RPDO
                0x000000000000c074       0x40 ./CANopenNode/CANopen.o
                0x000000000000c074                CO_process_RPDO
 .text.CO_process_TPDO
                0x000000000000c0b4       0x40 ./CANopenNode/CANopen.o
                0x000000000000c0b4                CO_process_TPDO
 .text.__addsf3
                0x000000000000c0f4      0x36a c:/mounriver/mounriver_studio/toolchain/risc-v embedded gcc/bin/../lib/gcc/riscv-none-embed/8.2.0/rv32imacxw/ilp32\libgcc.a(addsf3.o)
                0x000000000000c0f4                __addsf3
 .text.__divsf3
                0x000000000000c45e      0x2b2 c:/mounriver/mounriver_studio/toolchain/risc-v embedded gcc/bin/../lib/gcc/riscv-none-embed/8.2.0/rv32imacxw/ilp32\libgcc.a(divsf3.o)
                0x000000000000c45e                __divsf3
 .text.__gesf2  0x000000000000c710       0x86 c:/mounriver/mounriver_studio/toolchain/risc-v embedded gcc/bin/../lib/gcc/riscv-none-embed/8.2.0/rv32imacxw/ilp32\libgcc.a(gesf2.o)
                0x000000000000c710                __gesf2
                0x000000000000c710                __gtsf2
 .text.__lesf2  0x000000000000c796       0x8c c:/mounriver/mounriver_studio/toolchain/risc-v embedded gcc/bin/../lib/gcc/riscv-none-embed/8.2.0/rv32imacxw/ilp32\libgcc.a(lesf2.o)
                0x000000000000c796                __ltsf2
                0x000000000000c796                __lesf2
 .text.__mulsf3
                0x000000000000c822      0x290 c:/mounriver/mounriver_studio/toolchain/risc-v embedded gcc/bin/../lib/gcc/riscv-none-embed/8.2.0/rv32imacxw/ilp32\libgcc.a(mulsf3.o)
                0x000000000000c822                __mulsf3
 .text.__subsf3
                0x000000000000cab2      0x388 c:/mounriver/mounriver_studio/toolchain/risc-v embedded gcc/bin/../lib/gcc/riscv-none-embed/8.2.0/rv32imacxw/ilp32\libgcc.a(subsf3.o)
                0x000000000000cab2                __subsf3
 .text.__fixsfsi
                0x000000000000ce3a       0x62 c:/mounriver/mounriver_studio/toolchain/risc-v embedded gcc/bin/../lib/gcc/riscv-none-embed/8.2.0/rv32imacxw/ilp32\libgcc.a(fixsfsi.o)
                0x000000000000ce3a                __fixsfsi
 .text.__fixunssfsi
                0x000000000000ce9c       0x56 c:/mounriver/mounriver_studio/toolchain/risc-v embedded gcc/bin/../lib/gcc/riscv-none-embed/8.2.0/rv32imacxw/ilp32\libgcc.a(fixunssfsi.o)
                0x000000000000ce9c                __fixunssfsi
 .text.__floatsisf
                0x000000000000cef2       0xc6 c:/mounriver/mounriver_studio/toolchain/risc-v embedded gcc/bin/../lib/gcc/riscv-none-embed/8.2.0/rv32imacxw/ilp32\libgcc.a(floatsisf.o)
                0x000000000000cef2                __floatsisf
 .text.__floatunsisf
                0x000000000000cfb8       0xce c:/mounriver/mounriver_studio/toolchain/risc-v embedded gcc/bin/../lib/gcc/riscv-none-embed/8.2.0/rv32imacxw/ilp32\libgcc.a(floatunsisf.o)
                0x000000000000cfb8                __floatunsisf
 .text.__clzsi2
                0x000000000000d086       0x6e c:/mounriver/mounriver_studio/toolchain/risc-v embedded gcc/bin/../lib/gcc/riscv-none-embed/8.2.0/rv32imacxw/ilp32\libgcc.a(_clzsi2.o)
                0x000000000000d086                __clzsi2
 .text.calloc   0x000000000000d0f4        0xc c:/mounriver/mounriver_studio/toolchain/risc-v embedded gcc/bin/../lib/gcc/riscv-none-embed/8.2.0/../../../../riscv-none-embed/lib/rv32imacxw/ilp32\libg_nano.a(lib_a-calloc.o)
                0x000000000000d0f4                calloc
 .text.free     0x000000000000d100        0xa c:/mounriver/mounriver_studio/toolchain/risc-v embedded gcc/bin/../lib/gcc/riscv-none-embed/8.2.0/../../../../riscv-none-embed/lib/rv32imacxw/ilp32\libg_nano.a(lib_a-malloc.o)
                0x000000000000d100                free
 .text.memcpy   0x000000000000d10a       0xb2 c:/mounriver/mounriver_studio/toolchain/risc-v embedded gcc/bin/../lib/gcc/riscv-none-embed/8.2.0/../../../../riscv-none-embed/lib/rv32imacxw/ilp32\libg_nano.a(lib_a-memcpy.o)
                0x000000000000d10a                memcpy
 .text.memmove  0x000000000000d1bc       0x46 c:/mounriver/mounriver_studio/toolchain/risc-v embedded gcc/bin/../lib/gcc/riscv-none-embed/8.2.0/../../../../riscv-none-embed/lib/rv32imacxw/ilp32\libg_nano.a(lib_a-memmove.o)
                0x000000000000d1bc                memmove
 .text._calloc_r
                0x000000000000d202       0x26 c:/mounriver/mounriver_studio/toolchain/risc-v embedded gcc/bin/../lib/gcc/riscv-none-embed/8.2.0/../../../../riscv-none-embed/lib/rv32imacxw/ilp32\libg_nano.a(lib_a-nano-callocr.o)
                0x000000000000d202                _calloc_r
 .text._free_r  0x000000000000d228       0xa4 c:/mounriver/mounriver_studio/toolchain/risc-v embedded gcc/bin/../lib/gcc/riscv-none-embed/8.2.0/../../../../riscv-none-embed/lib/rv32imacxw/ilp32\libg_nano.a(lib_a-nano-freer.o)
                0x000000000000d228                _free_r
 .text._malloc_r
                0x000000000000d2cc       0xce c:/mounriver/mounriver_studio/toolchain/risc-v embedded gcc/bin/../lib/gcc/riscv-none-embed/8.2.0/../../../../riscv-none-embed/lib/rv32imacxw/ilp32\libg_nano.a(lib_a-nano-mallocr.o)
                0x000000000000d2cc                _malloc_r
 .text.printf   0x000000000000d39a       0x3e c:/mounriver/mounriver_studio/toolchain/risc-v embedded gcc/bin/../lib/gcc/riscv-none-embed/8.2.0/../../../../riscv-none-embed/lib/rv32imacxw/ilp32\libg_nano.a(lib_a-printf.o)
                0x000000000000d39a                iprintf
                0x000000000000d39a                printf
 .text._sbrk_r  0x000000000000d3d8       0x32 c:/mounriver/mounriver_studio/toolchain/risc-v embedded gcc/bin/../lib/gcc/riscv-none-embed/8.2.0/../../../../riscv-none-embed/lib/rv32imacxw/ilp32\libg_nano.a(lib_a-sbrkr.o)
                0x000000000000d3d8                _sbrk_r
 .text.strlen   0x000000000000d40a       0x12 c:/mounriver/mounriver_studio/toolchain/risc-v embedded gcc/bin/../lib/gcc/riscv-none-embed/8.2.0/../../../../riscv-none-embed/lib/rv32imacxw/ilp32\libg_nano.a(lib_a-strlen.o)
                0x000000000000d40a                strlen
 .text.std      0x000000000000d41c       0x66 c:/mounriver/mounriver_studio/toolchain/risc-v embedded gcc/bin/../lib/gcc/riscv-none-embed/8.2.0/../../../../riscv-none-embed/lib/rv32imacxw/ilp32\libg_nano.a(lib_a-findfp.o)
 .text._cleanup_r
                0x000000000000d482        0xa c:/mounriver/mounriver_studio/toolchain/risc-v embedded gcc/bin/../lib/gcc/riscv-none-embed/8.2.0/../../../../riscv-none-embed/lib/rv32imacxw/ilp32\libg_nano.a(lib_a-findfp.o)
                0x000000000000d482                _cleanup_r
 .text.__sfmoreglue
                0x000000000000d48c       0x48 c:/mounriver/mounriver_studio/toolchain/risc-v embedded gcc/bin/../lib/gcc/riscv-none-embed/8.2.0/../../../../riscv-none-embed/lib/rv32imacxw/ilp32\libg_nano.a(lib_a-findfp.o)
                0x000000000000d48c                __sfmoreglue
 .text.__sinit  0x000000000000d4d4       0x6c c:/mounriver/mounriver_studio/toolchain/risc-v embedded gcc/bin/../lib/gcc/riscv-none-embed/8.2.0/../../../../riscv-none-embed/lib/rv32imacxw/ilp32\libg_nano.a(lib_a-findfp.o)
                0x000000000000d4d4                __sinit
 .text.__sfp    0x000000000000d540       0xa0 c:/mounriver/mounriver_studio/toolchain/risc-v embedded gcc/bin/../lib/gcc/riscv-none-embed/8.2.0/../../../../riscv-none-embed/lib/rv32imacxw/ilp32\libg_nano.a(lib_a-findfp.o)
                0x000000000000d540                __sfp
 .text._fwalk_reent
                0x000000000000d5e0       0x6a c:/mounriver/mounriver_studio/toolchain/risc-v embedded gcc/bin/../lib/gcc/riscv-none-embed/8.2.0/../../../../riscv-none-embed/lib/rv32imacxw/ilp32\libg_nano.a(lib_a-fwalk.o)
                0x000000000000d5e0                _fwalk_reent
 .text.__malloc_lock
                0x000000000000d64a        0x2 c:/mounriver/mounriver_studio/toolchain/risc-v embedded gcc/bin/../lib/gcc/riscv-none-embed/8.2.0/../../../../riscv-none-embed/lib/rv32imacxw/ilp32\libg_nano.a(lib_a-mlock.o)
                0x000000000000d64a                __malloc_lock
 .text.__malloc_unlock
                0x000000000000d64c        0x2 c:/mounriver/mounriver_studio/toolchain/risc-v embedded gcc/bin/../lib/gcc/riscv-none-embed/8.2.0/../../../../riscv-none-embed/lib/rv32imacxw/ilp32\libg_nano.a(lib_a-mlock.o)
                0x000000000000d64c                __malloc_unlock
 .text.__sfputc_r
                0x000000000000d64e       0x26 c:/mounriver/mounriver_studio/toolchain/risc-v embedded gcc/bin/../lib/gcc/riscv-none-embed/8.2.0/../../../../riscv-none-embed/lib/rv32imacxw/ilp32\libg_nano.a(lib_a-nano-vfprintf.o)
 .text.__sfputs_r
                0x000000000000d674       0x42 c:/mounriver/mounriver_studio/toolchain/risc-v embedded gcc/bin/../lib/gcc/riscv-none-embed/8.2.0/../../../../riscv-none-embed/lib/rv32imacxw/ilp32\libg_nano.a(lib_a-nano-vfprintf.o)
                0x000000000000d674                __sfputs_r
 .text._vfprintf_r
                0x000000000000d6b6      0x28c c:/mounriver/mounriver_studio/toolchain/risc-v embedded gcc/bin/../lib/gcc/riscv-none-embed/8.2.0/../../../../riscv-none-embed/lib/rv32imacxw/ilp32\libg_nano.a(lib_a-nano-vfprintf.o)
                0x000000000000d6b6                _vfprintf_r
                0x000000000000d6b6                _vfiprintf_r
 .text._printf_common
                0x000000000000d942      0x10c c:/mounriver/mounriver_studio/toolchain/risc-v embedded gcc/bin/../lib/gcc/riscv-none-embed/8.2.0/../../../../riscv-none-embed/lib/rv32imacxw/ilp32\libg_nano.a(lib_a-nano-vfprintf_i.o)
                0x000000000000d942                _printf_common
 .text._printf_i
                0x000000000000da4e      0x2a2 c:/mounriver/mounriver_studio/toolchain/risc-v embedded gcc/bin/../lib/gcc/riscv-none-embed/8.2.0/../../../../riscv-none-embed/lib/rv32imacxw/ilp32\libg_nano.a(lib_a-nano-vfprintf_i.o)
                0x000000000000da4e                _printf_i
 .text.__sread  0x000000000000dcf0       0x2c c:/mounriver/mounriver_studio/toolchain/risc-v embedded gcc/bin/../lib/gcc/riscv-none-embed/8.2.0/../../../../riscv-none-embed/lib/rv32imacxw/ilp32\libg_nano.a(lib_a-stdio.o)
                0x000000000000dcf0                __sread
 .text.__swrite
                0x000000000000dd1c       0x48 c:/mounriver/mounriver_studio/toolchain/risc-v embedded gcc/bin/../lib/gcc/riscv-none-embed/8.2.0/../../../../riscv-none-embed/lib/rv32imacxw/ilp32\libg_nano.a(lib_a-stdio.o)
                0x000000000000dd1c                __swrite
 .text.__sseek  0x000000000000dd64       0x30 c:/mounriver/mounriver_studio/toolchain/risc-v embedded gcc/bin/../lib/gcc/riscv-none-embed/8.2.0/../../../../riscv-none-embed/lib/rv32imacxw/ilp32\libg_nano.a(lib_a-stdio.o)
                0x000000000000dd64                __sseek
 .text.__sclose
                0x000000000000dd94        0x6 c:/mounriver/mounriver_studio/toolchain/risc-v embedded gcc/bin/../lib/gcc/riscv-none-embed/8.2.0/../../../../riscv-none-embed/lib/rv32imacxw/ilp32\libg_nano.a(lib_a-stdio.o)
                0x000000000000dd94                __sclose
 .text.__swbuf_r
                0x000000000000dd9a       0xbe c:/mounriver/mounriver_studio/toolchain/risc-v embedded gcc/bin/../lib/gcc/riscv-none-embed/8.2.0/../../../../riscv-none-embed/lib/rv32imacxw/ilp32\libg_nano.a(lib_a-wbuf.o)
                0x000000000000dd9a                __swbuf_r
 .text._write_r
                0x000000000000de58       0x36 c:/mounriver/mounriver_studio/toolchain/risc-v embedded gcc/bin/../lib/gcc/riscv-none-embed/8.2.0/../../../../riscv-none-embed/lib/rv32imacxw/ilp32\libg_nano.a(lib_a-writer.o)
                0x000000000000de58                _write_r
 .text.__swsetup_r
                0x000000000000de8e      0x100 c:/mounriver/mounriver_studio/toolchain/risc-v embedded gcc/bin/../lib/gcc/riscv-none-embed/8.2.0/../../../../riscv-none-embed/lib/rv32imacxw/ilp32\libg_nano.a(lib_a-wsetup.o)
                0x000000000000de8e                __swsetup_r
 .text._close_r
                0x000000000000df8e       0x30 c:/mounriver/mounriver_studio/toolchain/risc-v embedded gcc/bin/../lib/gcc/riscv-none-embed/8.2.0/../../../../riscv-none-embed/lib/rv32imacxw/ilp32\libg_nano.a(lib_a-closer.o)
                0x000000000000df8e                _close_r
 .text.__sflush_r
                0x000000000000dfbe      0x132 c:/mounriver/mounriver_studio/toolchain/risc-v embedded gcc/bin/../lib/gcc/riscv-none-embed/8.2.0/../../../../riscv-none-embed/lib/rv32imacxw/ilp32\libg_nano.a(lib_a-fflush.o)
                0x000000000000dfbe                __sflush_r
 .text._fflush_r
                0x000000000000e0f0       0x68 c:/mounriver/mounriver_studio/toolchain/risc-v embedded gcc/bin/../lib/gcc/riscv-none-embed/8.2.0/../../../../riscv-none-embed/lib/rv32imacxw/ilp32\libg_nano.a(lib_a-fflush.o)
                0x000000000000e0f0                _fflush_r
 .text._lseek_r
                0x000000000000e158       0x34 c:/mounriver/mounriver_studio/toolchain/risc-v embedded gcc/bin/../lib/gcc/riscv-none-embed/8.2.0/../../../../riscv-none-embed/lib/rv32imacxw/ilp32\libg_nano.a(lib_a-lseekr.o)
                0x000000000000e158                _lseek_r
 .text.__swhatbuf_r
                0x000000000000e18c       0x56 c:/mounriver/mounriver_studio/toolchain/risc-v embedded gcc/bin/../lib/gcc/riscv-none-embed/8.2.0/../../../../riscv-none-embed/lib/rv32imacxw/ilp32\libg_nano.a(lib_a-makebuf.o)
                0x000000000000e18c                __swhatbuf_r
 .text.__smakebuf_r
                0x000000000000e1e2       0x92 c:/mounriver/mounriver_studio/toolchain/risc-v embedded gcc/bin/../lib/gcc/riscv-none-embed/8.2.0/../../../../riscv-none-embed/lib/rv32imacxw/ilp32\libg_nano.a(lib_a-makebuf.o)
                0x000000000000e1e2                __smakebuf_r
 .text.memchr   0x000000000000e274       0x18 c:/mounriver/mounriver_studio/toolchain/risc-v embedded gcc/bin/../lib/gcc/riscv-none-embed/8.2.0/../../../../riscv-none-embed/lib/rv32imacxw/ilp32\libg_nano.a(lib_a-memchr.o)
                0x000000000000e274                memchr
 .text._read_r  0x000000000000e28c       0x34 c:/mounriver/mounriver_studio/toolchain/risc-v embedded gcc/bin/../lib/gcc/riscv-none-embed/8.2.0/../../../../riscv-none-embed/lib/rv32imacxw/ilp32\libg_nano.a(lib_a-readr.o)
                0x000000000000e28c                _read_r
 .text._fstat_r
                0x000000000000e2c0       0x32 c:/mounriver/mounriver_studio/toolchain/risc-v embedded gcc/bin/../lib/gcc/riscv-none-embed/8.2.0/../../../../riscv-none-embed/lib/rv32imacxw/ilp32\libg_nano.a(lib_a-fstatr.o)
                0x000000000000e2c0                _fstat_r
 .text._isatty_r
                0x000000000000e2f2       0x30 c:/mounriver/mounriver_studio/toolchain/risc-v embedded gcc/bin/../lib/gcc/riscv-none-embed/8.2.0/../../../../riscv-none-embed/lib/rv32imacxw/ilp32\libg_nano.a(lib_a-isattyr.o)