Archive member included to satisfy reference by file (symbol)

c:/mounriver/mounriver_studio/toolchain/risc-v embedded gcc/bin/../lib/gcc/riscv-none-embed/8.2.0/rv32imacxw/ilp32\libgcc.a(muldf3.o)
                              ./User/inputs.o (__muldf3)
c:/mounriver/mounriver_studio/toolchain/risc-v embedded gcc/bin/../lib/gcc/riscv-none-embed/8.2.0/rv32imacxw/ilp32\libgcc.a(floatunsidf.o)
                              ./User/inputs.o (__floatunsidf)
c:/mounriver/mounriver_studio/toolchain/risc-v embedded gcc/bin/../lib/gcc/riscv-none-embed/8.2.0/rv32imacxw/ilp32\libgcc.a(addsf3.o)
                              ./User/DataModel.o (__addsf3)
c:/mounriver/mounriver_studio/toolchain/risc-v embedded gcc/bin/../lib/gcc/riscv-none-embed/8.2.0/rv32imacxw/ilp32\libgcc.a(divsf3.o)
                              ./User/DataModel.o (__divsf3)
c:/mounriver/mounriver_studio/toolchain/risc-v embedded gcc/bin/../lib/gcc/riscv-none-embed/8.2.0/rv32imacxw/ilp32\libgcc.a(eqsf2.o)
                              ./HAL_LIB/hw_lib_din.o (__nesf2)
c:/mounriver/mounriver_studio/toolchain/risc-v embedded gcc/bin/../lib/gcc/riscv-none-embed/8.2.0/rv32imacxw/ilp32\libgcc.a(gesf2.o)
                              ./User/inputs.o (__gesf2)
c:/mounriver/mounriver_studio/toolchain/risc-v embedded gcc/bin/../lib/gcc/riscv-none-embed/8.2.0/rv32imacxw/ilp32\libgcc.a(lesf2.o)
                              ./HAL_LIB/hw_lib_din.o (__lesf2)
c:/mounriver/mounriver_studio/toolchain/risc-v embedded gcc/bin/../lib/gcc/riscv-none-embed/8.2.0/rv32imacxw/ilp32\libgcc.a(mulsf3.o)
                              ./User/dash_draw.o (__mulsf3)
c:/mounriver/mounriver_studio/toolchain/risc-v embedded gcc/bin/../lib/gcc/riscv-none-embed/8.2.0/rv32imacxw/ilp32\libgcc.a(subsf3.o)
                              ./User/inputs.o (__subsf3)
c:/mounriver/mounriver_studio/toolchain/risc-v embedded gcc/bin/../lib/gcc/riscv-none-embed/8.2.0/rv32imacxw/ilp32\libgcc.a(fixsfsi.o)
                              ./User/dash_draw.o (__fixsfsi)
c:/mounriver/mounriver_studio/toolchain/risc-v embedded gcc/bin/../lib/gcc/riscv-none-embed/8.2.0/rv32imacxw/ilp32\libgcc.a(fixunssfsi.o)
                              ./User/DataModel.o (__fixunssfsi)
c:/mounriver/mounriver_studio/toolchain/risc-v embedded gcc/bin/../lib/gcc/riscv-none-embed/8.2.0/rv32imacxw/ilp32\libgcc.a(floatsisf.o)
                              ./User/DataModel.o (__floatsisf)
c:/mounriver/mounriver_studio/toolchain/risc-v embedded gcc/bin/../lib/gcc/riscv-none-embed/8.2.0/rv32imacxw/ilp32\libgcc.a(floatunsisf.o)
                              ./User/DataModel.o (__floatunsisf)
c:/mounriver/mounriver_studio/toolchain/risc-v embedded gcc/bin/../lib/gcc/riscv-none-embed/8.2.0/rv32imacxw/ilp32\libgcc.a(truncdfsf2.o)
                              ./User/inputs.o (__truncdfsf2)
c:/mounriver/mounriver_studio/toolchain/risc-v embedded gcc/bin/../lib/gcc/riscv-none-embed/8.2.0/rv32imacxw/ilp32\libgcc.a(save-restore.o)
                              ./User/dash_draw.o (__riscv_save_12)
c:/mounriver/mounriver_studio/toolchain/risc-v embedded gcc/bin/../lib/gcc/riscv-none-embed/8.2.0/rv32imacxw/ilp32\libgcc.a(_clzsi2.o)
                              c:/mounriver/mounriver_studio/toolchain/risc-v embedded gcc/bin/../lib/gcc/riscv-none-embed/8.2.0/rv32imacxw/ilp32\libgcc.a(muldf3.o) (__clzsi2)
c:/mounriver/mounriver_studio/toolchain/risc-v embedded gcc/bin/../lib/gcc/riscv-none-embed/8.2.0/rv32imacxw/ilp32\libgcc.a(_clz.o)
                              c:/mounriver/mounriver_studio/toolchain/risc-v embedded gcc/bin/../lib/gcc/riscv-none-embed/8.2.0/rv32imacxw/ilp32\libgcc.a(_clzsi2.o) (__clz_tab)
c:/mounriver/mounriver_studio/toolchain/risc-v embedded gcc/bin/../lib/gcc/riscv-none-embed/8.2.0/../../../../riscv-none-embed/lib/rv32imacxw/ilp32\libg_nano.a(lib_a-calloc.o)
                              ./CANopenNode/CANopen.o (calloc)
c:/mounriver/mounriver_studio/toolchain/risc-v embedded gcc/bin/../lib/gcc/riscv-none-embed/8.2.0/../../../../riscv-none-embed/lib/rv32imacxw/ilp32\libg_nano.a(lib_a-impure.o)
                              c:/mounriver/mounriver_studio/toolchain/risc-v embedded gcc/bin/../lib/gcc/riscv-none-embed/8.2.0/../../../../riscv-none-embed/lib/rv32imacxw/ilp32\libg_nano.a(lib_a-calloc.o) (_impure_ptr)
c:/mounriver/mounriver_studio/toolchain/risc-v embedded gcc/bin/../lib/gcc/riscv-none-embed/8.2.0/../../../../riscv-none-embed/lib/rv32imacxw/ilp32\libg_nano.a(lib_a-malloc.o)
                              ./CANopenNode/CANopen.o (free)
c:/mounriver/mounriver_studio/toolchain/risc-v embedded gcc/bin/../lib/gcc/riscv-none-embed/8.2.0/../../../../riscv-none-embed/lib/rv32imacxw/ilp32\libg_nano.a(lib_a-memcpy.o)
                              ./User/DataModel.o (memcpy)
c:/mounriver/mounriver_studio/toolchain/risc-v embedded gcc/bin/../lib/gcc/riscv-none-embed/8.2.0/../../../../riscv-none-embed/lib/rv32imacxw/ilp32\libg_nano.a(lib_a-memmove.o)
                              ./CANopenNode/301/CO_SDOserver.o (memmove)
[...]
Memory Configuration

Name             Origin             Length             Attributes
FLASH            0x0000000000000000 0x0000000000010000 xr
SFLASH           0x0000000000010000 0x0000000000002800 xr
RAM              0x0000000020000000 0x0000000000005000 xrw
*default*        0x0000000000000000 0xffffffffffffffff

Linker script and memory map

LOAD ./User/CanOpenNode.o
LOAD ./User/DataModel.o
LOAD ./User/ch32v20x_it.o
LOAD ./User/dash_draw.o
LOAD ./User/init.o
LOAD ./User/inputs.o
LOAD ./User/led.o
LOAD ./User/main.o
LOAD ./User/process.o
LOAD ./User/system_ch32v20x.o
LOAD ./User/system_init.o
LOAD ./Startup/startup_ch32v20x_D6.o
LOAD ./Peripheral/src/ch32v20x_adc.o
LOAD ./Peripheral/src/ch32v20x_bkp.o
LOAD ./Peripheral/src/ch32v20x_can.o
LOAD ./Peripheral/src/ch32v20x_crc.o
LOAD ./Peripheral/src/ch32v20x_dbgmcu.o
LOAD ./Peripheral/src/ch32v20x_dma.o
LOAD ./Peripheral/src/ch32v20x_exti.o
LOAD ./Peripheral/src/ch32v20x_flash.o
LOAD ./Peripheral/src/ch32v20x_gpio.o
LOAD ./Peripheral/src/ch32v20x_i2c.o
LOAD ./Peripheral/src/ch32v20x_iwdg.o
LOAD ./Peripheral/src/ch32v20x_misc.o
LOAD ./Peripheral/src/ch32v20x_opa.o
LOAD ./Peripheral/src/ch32v20x_pwr.o
LOAD ./Peripheral/src/ch32v20x_rcc.o
LOAD ./Peripheral/src/ch32v20x_rtc.o
LOAD ./Peripheral/src/ch32v20x_spi.o
LOAD ./Peripheral/src/ch32v20x_tim.o
LOAD ./Peripheral/src/ch32v20x_usart.o
LOAD ./Peripheral/src/ch32v20x_wwdg.o
LOAD ./HAL_LIB/filters.o
LOAD ./HAL_LIB/hw_lib_adc.o
LOAD ./HAL_LIB/hw_lib_din.o
LOAD ./HAL_LIB/hw_lib_eeprom_i2c.o
LOAD ./HAL_DRIVER/hal_can_ch32.o
LOAD ./HAL_DRIVER/hal_gpio_ch32.o
LOAD ./HAL_DRIVER/hal_i2c_ch32.o
LOAD ./HAL_DRIVER/hal_irq.o
LOAD ./HAL_DRIVER/hal_rtc_ch32.o
LOAD ./HAL_DRIVER/hal_spi_ch32.o
LOAD ./HAL_DRIVER/hal_wdt_ch32.o
LOAD ./HAL/hal_adc_ch32.o
LOAD ./HAL/hal_dma_ch32.o
LOAD ./HAL/hal_timers_ch32.o
LOAD ./FreeRTOS/portable/MemMang/heap_4.o
LOAD ./FreeRTOS/portable/GCC/RISC-V/port.o
LOAD ./FreeRTOS/portable/GCC/RISC-V/portASM.o
LOAD ./FreeRTOS/croutine.o
LOAD ./FreeRTOS/event_groups.o
LOAD ./FreeRTOS/list.o
LOAD ./FreeRTOS/queue.o
LOAD ./FreeRTOS/stream_buffer.o
LOAD ./FreeRTOS/tasks.o
LOAD ./FreeRTOS/timers.o
LOAD ./Debug/debug.o
LOAD ./Core/core_riscv.o
LOAD ./CANopenNode/keypad/CO_driver_ST32F103.o
LOAD ./CANopenNode/keypad/OD.o
LOAD ./CANopenNode/extra/CO_trace.o
LOAD ./CANopenNode/309/CO_gateway_ascii.o
LOAD ./CANopenNode/305/CO_LSSmaster.o
LOAD ./CANopenNode/305/CO_LSSslave.o
LOAD ./CANopenNode/304/CO_GFC.o
LOAD ./CANopenNode/304/CO_SRDO.o
LOAD ./CANopenNode/303/CO_LEDs.o
LOAD ./CANopenNode/301/CO_Emergency.o
LOAD ./CANopenNode/301/CO_HBconsumer.o
LOAD ./CANopenNode/301/CO_NMT_Heartbeat.o
LOAD ./CANopenNode/301/CO_Node_Guarding.o
LOAD ./CANopenNode/301/CO_ODinterface.o
LOAD ./CANopenNode/301/CO_PDO.o
LOAD ./CANopenNode/301/CO_SDOclient.o
LOAD ./CANopenNode/301/CO_SDOserver.o
LOAD ./CANopenNode/301/CO_SYNC.o
LOAD ./CANopenNode/301/CO_TIME.o
LOAD ./CANopenNode/301/CO_fifo.o
LOAD ./CANopenNode/301/crc16-ccitt.o
LOAD ./CANopenNode/CANopen.o
LOAD c:/mounriver/mounriver_studio/toolchain/risc-v embedded gcc/bin/../lib/gcc/riscv-none-embed/8.2.0/../../../../riscv-none-embed/lib/rv32imacxw/ilp32\libm.a
LOAD c:/mounriver/mounriver_studio/toolchain/risc-v embedded gcc/bin/../lib/gcc/riscv-none-embed/8.2.0/rv32imacxw/ilp32\libgcc.a
LOAD c:/mounriver/mounriver_studio/toolchain/risc-v embedded gcc/bin/../lib/gcc/riscv-none-embed/8.2.0/../../../../riscv-none-embed/lib/rv32imacxw/ilp32\libg_nano.a
LOAD c:/mounriver/mounriver_studio/toolchain/risc-v embedded gcc/bin/../lib/gcc/riscv-none-embed/8.2.0/../../../../riscv-none-embed/lib/rv32imacxw/ilp32\libc_nano.a
LOAD c:/mounriver/mounriver_studio/toolchain/risc-v embedded gcc/bin/../lib/gcc/riscv-none-embed/8.2.0/rv32imacxw/ilp32\libgcc.a
START GROUP
LOAD c:/mounriver/mounriver_studio/toolchain/risc-v embedded gcc/bin/../lib/gcc/riscv-none-embed/8.2.0/rv32imacxw/ilp32\libgcc.a
LOAD c:/mounriver/mounriver_studio/toolchain/risc-v embedded gcc/bin/../lib/gcc/riscv-none-embed/8.2.0/../../../../riscv-none-embed/lib/rv32imacxw/ilp32\libc_nano.a
LOAD c:/mounriver/mounriver_studio/toolchain/risc-v embedded gcc/bin/../lib/gcc/riscv-none-embed/8.2.0/../../../../riscv-none-embed/lib/rv32imacxw/ilp32\libnosys.a
END GROUP
START GROUP
LOAD c:/mounriver/mounriver_studio/toolchain/risc-v embedded gcc/bin/../lib/gcc/riscv-none-embed/8.2.0/rv32imacxw/ilp32\libgcc.a
LOAD c:/mounriver/mounriver_studio/toolchain/risc-v embedded gcc/bin/../lib/gcc/riscv-none-embed/8.2.0/../../../../riscv-none-embed/lib/rv32imacxw/ilp32\libc_nano.a
LOAD c:/mounriver/mounriver_studio/toolchain/risc-v embedded gcc/bin/../lib/gcc/riscv-none-embed/8.2.0/../../../../riscv-none-embed/lib/rv32imacxw/ilp32\libnosys.a
END GROUP
                0x0000000000000be8                __stack_size = 0xbe8
                [!provide]                        PROVIDE (_stack_size = __stack_size)

.init           0x0000000000000000       0x38
                0x0000000000000000                _sinit = .
                0x0000000000000000                . = ALIGN (0x4)
 *(SORT_NONE(.init))
 .init          0x0000000000000000       0x38 ./Startup/startup_ch32v20x_D6.o
                0x0000000000000000                _start
                0x0000000000000038                . = ALIGN (0x4)
                0x0000000000000038                _einit = .

.vector         0x0000000000000038      0x108
 *(.vector)
 .vector        0x0000000000000038       0xfc ./Startup/startup_ch32v20x_D6.o
                0x0000000000000140                . = ALIGN (0x40)
 *fill*         0x0000000000000134        0xc 

.stext          0x0000000000010000      0x73e
                0x0000000000010000                . = ALIGN (0x4)
 *(.stext)
 .stext         0x0000000000010000       0x8a ./User/DataModel.o
 .stext         0x000000000001008a      0x168 ./User/init.o
                0x000000000001008a                vInit_DeviceConfig
 .stext         0x00000000000101f2       0x76 ./User/inputs.o
                0x00000000000101f2                ADC1_Init
 .stext         0x0000000000010268      0x202 ./User/process.o
                0x0000000000010268                vProceesInit
 .stext         0x000000000001046a      0x14e ./User/system_init.o
                0x000000000001046a                vSYStaskInit
                0x000000000001058e                vSYSqueueInit
 .stext         0x00000000000105b8       0x34 ./HAL_LIB/hw_lib_din.o
                0x00000000000105b8                eDinConfigWtihStruct
 .stext         0x00000000000105ec       0xca ./HAL_DRIVER/hal_rtc_ch32.o
                0x00000000000105ec                HAL_RTC_IT_Init
 .stext         0x00000000000106b6       0x60 ./HAL_DRIVER/hal_spi_ch32.o
                0x00000000000106b6                HAL_SPI_InitDMA
 .stext         0x0000000000010716       0x28 ./HAL_DRIVER/hal_wdt_ch32.o
                0x0000000000010716                HAL_WDT_Init1s

.text           0x0000000000000200     0xddf4
                0x0000000000000200                . = ALIGN (0x4)
 *(.text)
 .text          0x0000000000000200      0x2ee ./FreeRTOS/portable/GCC/RISC-V/portASM.o
                0x0000000000000200                SW_Handler
                0x0000000000000300                xPortStartFirstTask
                0x0000000000000400                pxPortInitialiseStack
 .text          0x00000000000004ee       0x60 c:/mounriver/mounriver_studio/toolchain/risc-v embedded gcc/bin/../lib/gcc/riscv-none-embed/8.2.0/rv32imacxw/ilp32\libgcc.a(save-restore.o)
                0x00000000000004ee                __riscv_save_12
                0x00000000000004f6                __riscv_save_9
                0x00000000000004f6                __riscv_save_11
                0x00000000000004f6                __riscv_save_10
                0x00000000000004f6                __riscv_save_8
                0x0000000000000504                __riscv_save_4
                0x0000000000000504                __riscv_save_6
                0x0000000000000504                __riscv_save_5
                0x0000000000000504                __riscv_save_7
                0x000000000000051e                __riscv_save_3
                0x000000000000051e                __riscv_save_2
                0x000000000000051e                __riscv_save_1
                0x000000000000051e                __riscv_save_0
                0x000000000000052a                __riscv_restore_12
                0x000000000000052e                __riscv_restore_11
                0x000000000000052e                __riscv_restore_9
                0x000000000000052e                __riscv_restore_10
                0x000000000000052e                __riscv_restore_8
                0x0000000000000538                __riscv_restore_5
                0x0000000000000538                __riscv_restore_7
                0x0000000000000538                __riscv_restore_6
                0x0000000000000538                __riscv_restore_4
                0x0000000000000542                __riscv_restore_3
                0x0000000000000542                __riscv_restore_0
                0x0000000000000542                __riscv_restore_2
                0x0000000000000542                __riscv_restore_1
 .text          0x000000000000054e       0xa8 c:/mounriver/mounriver_studio/toolchain/risc-v embedded gcc/bin/../lib/gcc/riscv-none-embed/8.2.0/../../../../riscv-none-embed/lib/rv32imacxw/ilp32\libg_nano.a(lib_a-memset.o)
                0x000000000000054e                memset
 *(.text.*)
 .text.xCanOpenProcessTaskHandle
                0x00000000000005f6        0xa ./User/CanOpenNode.o
                0x00000000000005f6                xCanOpenProcessTaskHandle
 .text.xCanOpenPeriodicTaskHandle
                0x0000000000000600        0xa ./User/CanOpenNode.o
                0x0000000000000600                xCanOpenPeriodicTaskHandle
 .text.vCanOpenInit
                0x000000000000060a        0xa ./User/CanOpenNode.o
                0x000000000000060a                vCanOpenInit
 .text.vCanOpenProcess
                0x0000000000000614      0x192 ./User/CanOpenNode.o
                0x0000000000000614                vCanOpenProcess
 .text.vCanOpenPeriodicProcess
                0x00000000000007a6       0x82 ./User/CanOpenNode.o
                0x00000000000007a6                vCanOpenPeriodicProcess
 .text.xDataRegQueue
                0x0000000000000828        0xa ./User/DataModel.o
                0x0000000000000828                xDataRegQueue
 .text.vDataModelRegDelayWrite
                0x0000000000000832       0x34 ./User/DataModel.o
                0x0000000000000832                vDataModelRegDelayWrite
 .text.setReg32
                0x0000000000000866       0x1a ./User/DataModel.o
                0x0000000000000866                setReg32
 .text.setReg16
                0x0000000000000880        0xe ./User/DataModel.o
                0x0000000000000880                setReg16
 .text.setReg8  0x000000000000088e        0xa ./User/DataModel.o
                0x000000000000088e                setReg8
 .text.SaveReg16
                0x0000000000000898       0x14 ./User/DataModel.o
                0x0000000000000898                SaveReg16
 .text.getReg16
                0x00000000000008ac       0x10 ./User/DataModel.o
                0x00000000000008ac                getReg16
 .text.getReg32
                0x00000000000008bc       0x1c ./User/DataModel.o
                0x00000000000008bc                getReg32
 .text.DataModel_Init
                0x00000000000008d8      0x396 ./User/DataModel.o
                0x00000000000008d8                DataModel_Init
 .text.getReg8  0x0000000000000c6e        0xa ./User/DataModel.o
                0x0000000000000c6e                getReg8
 .text.WriteRegAfterDelay
                0x0000000000000c78       0x60 ./User/DataModel.o
                0x0000000000000c78                WriteRegAfterDelay
 .text.WriteReg
                0x0000000000000cd8       0x56 ./User/DataModel.o
                0x0000000000000cd8                WriteReg
 .text.vGetBitrate
                0x0000000000000d2e       0x2a ./User/DataModel.o
                0x0000000000000d2e                vGetBitrate
 .text.vFDGetNMTState
                0x0000000000000d58        0x6 ./User/DataModel.o
                0x0000000000000d58                vFDGetNMTState
 .text.vGetNodeId
                0x0000000000000d5e        0x6 ./User/DataModel.o
                0x0000000000000d5e                vGetNodeId
 .text.vIncrementSystemCounters
                0x0000000000000d64       0x76 ./User/DataModel.o
                0x0000000000000d64                vIncrementSystemCounters
 .text.vSaveData
                0x0000000000000dda       0x14 ./User/DataModel.o
                0x0000000000000dda                vSaveData
 .text.getOdometr
                0x0000000000000dee       0x14 ./User/DataModel.o
                0x0000000000000dee                getOdometr
 .text.NMI_Handler
                0x0000000000000e02        0x2 ./User/ch32v20x_it.o
                0x0000000000000e02                NMI_Handler
 .text.HardFault_Handler
                0x0000000000000e04       0x66 ./User/ch32v20x_it.o
                0x0000000000000e04                HardFault_Handler
 .text.SegPrint
                0x0000000000000e6a       0x5a ./User/dash_draw.o
 .text.vCheckKeySatate
                0x0000000000000ec4       0x68 ./User/dash_draw.o
 .text.xProcessTaskHandle
                0x0000000000000f2c        0xa ./User/dash_draw.o
                0x0000000000000f2c                xProcessTaskHandle
 .text.vSetErrorReg
                0x0000000000000f36        0xa ./User/dash_draw.o
                0x0000000000000f36                vSetErrorReg
 .text.getODValue
                0x0000000000000f40      0x130 ./User/dash_draw.o
                0x0000000000000f40                getODValue
 .text.IncMenuIndex
                0x0000000000001070       0x80 ./User/dash_draw.o
                0x0000000000001070                IncMenuIndex
 .text.GoToHome
                0x00000000000010f0       0x12 ./User/dash_draw.o
                0x00000000000010f0                GoToHome
 .text.SetCurMenuHome
                0x0000000000001102       0x1e ./User/dash_draw.o
                0x0000000000001102                SetCurMenuHome
 .text.GetCurMenuHome
                0x0000000000001120        0x6 ./User/dash_draw.o
                0x0000000000001120                GetCurMenuHome
 .text.SetCurrentMenu
                0x0000000000001126       0x12 ./User/dash_draw.o
                0x0000000000001126                SetCurrentMenu
 .text.SetDefault
                0x0000000000001138       0x2a ./User/dash_draw.o
                0x0000000000001138                SetDefault
 .text.MenuBackHomeCheck
                0x0000000000001162       0x38 ./User/dash_draw.o
                0x0000000000001162                MenuBackHomeCheck
 .text.CheckMenuChannel
                0x000000000000119a       0x20 ./User/dash_draw.o
                0x000000000000119a                CheckMenuChannel
 .text.vDashDrawInit
                0x00000000000011ba       0x80 ./User/dash_draw.o
                0x00000000000011ba                vDashDrawInit
 .text.vMenuBlink
                0x000000000000123a       0x4a ./User/dash_draw.o
                0x000000000000123a                vMenuBlink
 .text.SetErrorRegiter
                0x0000000000001284       0x5e ./User/dash_draw.o
                0x0000000000001284                SetErrorRegiter
 .text.uGetCurrMenu
                0x00000000000012e2       0x26 ./User/dash_draw.o
                0x00000000000012e2                uGetCurrMenu
 .text.vGetEdgeData
                0x0000000000001308       0x2a ./User/dash_draw.o
                0x0000000000001308                vGetEdgeData
 .text.checkLedState
                0x0000000000001332       0x3a ./User/dash_draw.o
 .text.vRGBMode
                0x000000000000136c       0x72 ./User/dash_draw.o
                0x000000000000136c                vRGBMode
 .text.vBarColorMode
                0x00000000000013de       0xc2 ./User/dash_draw.o
                0x00000000000013de                vBarColorMode
 .text.vBarWindowMode
                0x00000000000014a0       0x5a ./User/dash_draw.o
                0x00000000000014a0                vBarWindowMode
 .text.vBarMode
                0x00000000000014fa       0x66 ./User/dash_draw.o
                0x00000000000014fa                vBarMode
 .text.vRedrawTask
                0x0000000000001560      0x4f8 ./User/dash_draw.o
                0x0000000000001560                vRedrawTask
 .text.HardwareDeinit
                0x0000000000001a58       0x2a ./User/init.o
                0x0000000000001a58                HardwareDeinit
 .text.SoftwareReset
                0x0000000000001a82       0x14 ./User/init.o
                0x0000000000001a82                SoftwareReset
 .text.ADC1_Event
                0x0000000000001a96       0x48 ./User/inputs.o
                0x0000000000001a96                ADC1_Event
 .text.CaptureDMACallBack
                0x0000000000001ade       0x22 ./User/inputs.o
                0x0000000000001ade                CaptureDMACallBack
 .text.CaptureDMACallBack_1
                0x0000000000001b00       0x22 ./User/inputs.o
                0x0000000000001b00                CaptureDMACallBack_1
 .text.SaveData
                0x0000000000001b22       0x2e ./User/inputs.o
 .text.fDinStateCallback
                0x0000000000001b50       0x32 ./User/inputs.o
                0x0000000000001b50                fDinStateCallback
 .text.vSetDoutState
                0x0000000000001b82       0x28 ./User/inputs.o
                0x0000000000001b82                vSetDoutState
 .text.getInputsTaskHandle
                0x0000000000001baa        0xa ./User/inputs.o
                0x0000000000001baa                getInputsTaskHandle
 .text.ADC_FSM  0x0000000000001bb4      0x1b6 ./User/inputs.o
                0x0000000000001bb4                ADC_FSM
 .text.GetAIN   0x0000000000001d6a        0xc ./User/inputs.o
                0x0000000000001d6a                GetAIN
 .text.vInputsTask
                0x0000000000001d76      0x272 ./User/inputs.o
                0x0000000000001d76                vInputsTask
 .text.SPI1_DMA_Callback
                0x0000000000001fe8       0x2e ./User/led.o
                0x0000000000001fe8                SPI1_DMA_Callback
 .text.SPI2_DMA_Callback
                0x0000000000002016       0x2e ./User/led.o
                0x0000000000002016                SPI2_DMA_Callback
 .text.SetBarState
                0x0000000000002044       0x50 ./User/led.o
                0x0000000000002044                SetBarState
 .text.SetRGB   0x0000000000002094       0x4e ./User/led.o
                0x0000000000002094                SetRGB
 .text.SetSegDirect
                0x00000000000020e2       0x9c ./User/led.o
                0x00000000000020e2                SetSegDirect
 .text.SetSegPoint
                0x000000000000217e       0x22 ./User/led.o
                0x000000000000217e                SetSegPoint
 .text.SetSEG   0x00000000000021a0      0x120 ./User/led.o
                0x00000000000021a0                SetSEG
 .text.SetBigSeg
                0x00000000000022c0       0x14 ./User/led.o
                0x00000000000022c0                SetBigSeg
 .text.vSetBrigth
                0x00000000000022d4       0x28 ./User/led.o
                0x00000000000022d4                vSetBrigth
 .text.vLedDriverStart
                0x00000000000022fc       0x4e ./User/led.o
                0x00000000000022fc                vLedDriverStart
 .text.vLedProcess
                0x000000000000234a       0x1e ./User/led.o
                0x000000000000234a                vLedProcess
 .text.vRGBProcess
                0x0000000000002368       0xe2 ./User/led.o
                0x0000000000002368                vRGBProcess
 .text.startup.main
                0x000000000000244a       0x28 ./User/main.o
                0x000000000000244a                main
 .text.vRestartNode
                0x0000000000002472        0x2 ./User/main.o
                0x0000000000002472                vRestartNode
 .text.Error_Handler
                0x0000000000002474        0x8 ./User/main.o
                0x0000000000002474                Error_Handler
 .text.OD_readKEY
                0x000000000000247c        0x8 ./User/process.o
 .text.OD_writeRGBMAP
                0x0000000000002484       0x30 ./User/process.o
 .text.OD_writeKEY
                0x00000000000024b4       0x34 ./User/process.o
 .text.OD_readRGBMAP
                0x00000000000024e8       0x22 ./User/process.o
 .text.OD_readDIN
                0x000000000000250a       0x1c ./User/process.o
 .text.OD_writeMenuSetup
                0x0000000000002526       0x46 ./User/process.o
 .text.OD_writeBoardSettings
                0x000000000000256c       0x78 ./User/process.o
 .text.CO_getUint16
                0x00000000000025e4       0x10 ./User/process.o
 .text.OD_writeSEG
                0x00000000000025f4       0x44 ./User/process.o
 .text.OD_writeBAR
                0x0000000000002638       0x30 ./User/process.o
 .text.OD_writeRPMConfig
                0x0000000000002668       0x36 ./User/process.o
 .text.CO_getUint32
                0x000000000000269e       0x18 ./User/process.o
 .text.OD_writeMenuMap
                0x00000000000026b6       0x30 ./User/process.o
 .text.OD_writeV1_14
                0x00000000000026e6       0x54 ./User/process.o
 .text.OD_writeDashParam
                0x000000000000273a       0x44 ./User/process.o
 .text.WriteRGB.isra.2
                0x000000000000277e       0x3a ./User/process.o
 .text.OD_writeRGB1
                0x00000000000027b8       0x14 ./User/process.o
 .text.OD_writeRGB2
                0x00000000000027cc       0x16 ./User/process.o
 .text.OD_writeRGB3
                0x00000000000027e2       0x16 ./User/process.o
 .text.OD_writeRGB4
                0x00000000000027f8       0x16 ./User/process.o
 .text.OD_writeRGB5
                0x000000000000280e       0x16 ./User/process.o
 .text.OD_writeRGB6
                0x0000000000002824       0x16 ./User/process.o
 .text.OD_writeRGB7
                0x000000000000283a       0x16 ./User/process.o
 .text.OD_writeRGB8
                0x0000000000002850       0x16 ./User/process.o
 .text.OD_writeRGB9
                0x0000000000002866       0x16 ./User/process.o
 .text.OD_writeRGB10
                0x000000000000287c       0x16 ./User/process.o
 .text.OD_writeRGB11
                0x0000000000002892       0x16 ./User/process.o
 .text.OD_writeRGB12
                0x00000000000028a8       0x16 ./User/process.o
 .text.OD_writeRGB13
                0x00000000000028be       0x16 ./User/process.o
 .text.OD_readBoardSettings
                0x00000000000028d4       0x2c ./User/process.o
 .text.readADC.isra.6
                0x0000000000002900       0x84 ./User/process.o
 .text.OD_readADC1
                0x0000000000002984       0x10 ./User/process.o
 .text.OD_readADC2
                0x0000000000002994       0x10 ./User/process.o
 .text.OD_readADC3
                0x00000000000029a4       0x10 ./User/process.o
 .text.OD_readMenuSetup
                0x00000000000029b4       0x30 ./User/process.o
 .text.writeADC.isra.9
                0x00000000000029e4       0xde ./User/process.o
 .text.OD_writeADC1
                0x0000000000002ac2       0x10 ./User/process.o
 .text.OD_writeADC2
                0x0000000000002ad2       0x10 ./User/process.o
 .text.OD_writeADC3
                0x0000000000002ae2       0x10 ./User/process.o
 .text.OD_readRGB.isra.5
                0x0000000000002af2       0x22 ./User/process.o
 .text.OD_readRGB1
                0x0000000000002b14       0x10 ./User/process.o
 .text.OD_readRGB2
                0x0000000000002b24       0x12 ./User/process.o
 .text.OD_readRGB3
                0x0000000000002b36       0x12 ./User/process.o
 .text.OD_readRGB4
                0x0000000000002b48       0x12 ./User/process.o
 .text.OD_readRGB5
                0x0000000000002b5a       0x12 ./User/process.o
 .text.OD_readRGB6
                0x0000000000002b6c       0x12 ./User/process.o
 .text.OD_readRGB7
                0x0000000000002b7e       0x12 ./User/process.o
 .text.OD_readRGB8
                0x0000000000002b90       0x12 ./User/process.o
 .text.OD_readRGB9
                0x0000000000002ba2       0x12 ./User/process.o
 .text.OD_readRGB10
                0x0000000000002bb4       0x12 ./User/process.o
 .text.OD_readRGB11
                0x0000000000002bc6       0x12 ./User/process.o
 .text.OD_readRGB12
                0x0000000000002bd8       0x12 ./User/process.o
 .text.OD_readRGB13
                0x0000000000002bea       0x12 ./User/process.o
 .text.OD_readAIN_RPM
                0x0000000000002bfc       0x26 ./User/process.o
 .text.OD_readMenuMap
                0x0000000000002c22       0x2c ./User/process.o
 .text.OD_readRPMConfig
                0x0000000000002c4e       0x2a ./User/process.o
 .text.OD_readBar
                0x0000000000002c78       0x28 ./User/process.o
 .text.OD_readDashParam
                0x0000000000002ca0       0x4c ./User/process.o
 .text.OD_readSEG
                0x0000000000002cec       0x34 ./User/process.o
 .text.SystemInit
                0x0000000000002d20       0xea ./User/system_ch32v20x.o
                0x0000000000002d20                SystemInit
 .text.SystemCoreClockUpdate
                0x0000000000002e0a       0x92 ./User/system_ch32v20x.o
                0x0000000000002e0a                SystemCoreClockUpdate
 .text.StartDefaultTask
                0x0000000000002e9c       0x78 ./User/system_init.o
 .text.vApplicationGetIdleTaskMemory
                0x0000000000002f14       0x1c ./User/system_init.o
                0x0000000000002f14                vApplicationGetIdleTaskMemory
 .text.vSystemStop
                0x0000000000002f30       0x26 ./User/system_init.o
                0x0000000000002f30                vSystemStop
 .text.vector_handler
                0x0000000000002f56       0x6c ./Startup/startup_ch32v20x_D6.o
                0x0000000000002f5a                Ecall_M_Mode_Handler
                0x0000000000002f5c                Ecall_U_Mode_Handler
                0x0000000000002f5e                Break_Point_Handler
                0x0000000000002f64                WWDG_IRQHandler
                0x0000000000002f66                PVD_IRQHandler
                0x0000000000002f68                TAMPER_IRQHandler
                0x0000000000002f6c                FLASH_IRQHandler
                0x0000000000002f6e                RCC_IRQHandler
                0x0000000000002f70                EXTI0_IRQHandler
                0x0000000000002f72                EXTI1_IRQHandler
                0x0000000000002f74                EXTI2_IRQHandler
                0x0000000000002f76                EXTI3_IRQHandler
                0x0000000000002f78                EXTI4_IRQHandler
                0x0000000000002f7c                DMA1_Channel2_IRQHandler
                0x0000000000002f84                DMA1_Channel6_IRQHandler
                0x0000000000002f92                EXTI9_5_IRQHandler
                0x0000000000002f94                TIM1_BRK_IRQHandler
                0x0000000000002f96                TIM1_UP_IRQHandler
                0x0000000000002f98                TIM1_TRG_COM_IRQHandler
                0x0000000000002f9a                TIM1_CC_IRQHandler
                0x0000000000002f9c                TIM2_IRQHandler
                0x0000000000002f9e                TIM3_IRQHandler
                0x0000000000002fa6                I2C2_EV_IRQHandler
                0x0000000000002fa8                I2C2_ER_IRQHandler
                0x0000000000002faa                SPI1_IRQHandler
                0x0000000000002fac                SPI2_IRQHandler
                0x0000000000002fae                USART1_IRQHandler
                0x0000000000002fb0                USART2_IRQHandler
                0x0000000000002fb2                USART3_IRQHandler
                0x0000000000002fb4                EXTI15_10_IRQHandler
                0x0000000000002fb6                RTCAlarm_IRQHandler
                0x0000000000002fb8                USBWakeUp_IRQHandler
                0x0000000000002fba                USBHD_IRQHandler
                0x0000000000002fbc                USBHDWakeUp_IRQHandler
                0x0000000000002fbe                UART4_IRQHandler
                0x0000000000002fc0                DMA1_Channel8_IRQHandler
 .text.handle_reset
                0x0000000000002fc2       0x92 ./Startup/startup_ch32v20x_D6.o
                0x0000000000002fc2                handle_reset
 .text.ADC_Cmd  0x0000000000003054       0x10 ./Peripheral/src/ch32v20x_adc.o
                0x0000000000003054                ADC_Cmd
 .text.ADC_GetResetCalibrationStatus
                0x0000000000003064        0x8 ./Peripheral/src/ch32v20x_adc.o
                0x0000000000003064                ADC_GetResetCalibrationStatus
 .text.ADC_GetCalibrationStatus
                0x000000000000306c        0x8 ./Peripheral/src/ch32v20x_adc.o
                0x000000000000306c                ADC_GetCalibrationStatus
 .text.ADC_GetITStatus
                0x0000000000003074       0x1c ./Peripheral/src/ch32v20x_adc.o
                0x0000000000003074                ADC_GetITStatus
 .text.ADC_ClearITPendingBit
                0x0000000000003090        0xa ./Peripheral/src/ch32v20x_adc.o
                0x0000000000003090                ADC_ClearITPendingBit
 .text.Get_CalibrationValue
                0x000000000000309a      0x1fe ./Peripheral/src/ch32v20x_adc.o
                0x000000000000309a                Get_CalibrationValue
 .text.DMA_GetFlagStatus
                0x0000000000003298        0xe ./Peripheral/src/ch32v20x_dma.o
                0x0000000000003298                DMA_GetFlagStatus
 .text.DMA_GetITStatus
                0x00000000000032a6        0xc ./Peripheral/src/ch32v20x_dma.o
                0x00000000000032a6                DMA_GetITStatus
 .text.DMA_ClearITPendingBit
                0x00000000000032b2        0x8 ./Peripheral/src/ch32v20x_dma.o
                0x00000000000032b2                DMA_ClearITPendingBit
 .text.GPIO_Init
                0x00000000000032ba       0xfa ./Peripheral/src/ch32v20x_gpio.o
                0x00000000000032ba                GPIO_Init
 .text.GPIO_PinRemapConfig
                0x00000000000033b4       0xf2 ./Peripheral/src/ch32v20x_gpio.o
                0x00000000000033b4                GPIO_PinRemapConfig
 .text.I2C_DualAddressCmd
                0x00000000000034a6       0x18 ./Peripheral/src/ch32v20x_i2c.o
                0x00000000000034a6                I2C_DualAddressCmd
 .text.I2C_ClearFlag
                0x00000000000034be        0xc ./Peripheral/src/ch32v20x_i2c.o
                0x00000000000034be                I2C_ClearFlag
 .text.RCC_LSEConfig
                0x00000000000034ca       0x28 ./Peripheral/src/ch32v20x_rcc.o
                0x00000000000034ca                RCC_LSEConfig
 .text.RCC_GetClocksFreq
                0x00000000000034f2       0xbe ./Peripheral/src/ch32v20x_rcc.o
                0x00000000000034f2                RCC_GetClocksFreq
 .text.RCC_APB2PeriphClockCmd
                0x00000000000035b0       0x1e ./Peripheral/src/ch32v20x_rcc.o
                0x00000000000035b0                RCC_APB2PeriphClockCmd
 .text.RCC_GetFlagStatus
                0x00000000000035ce       0x2e ./Peripheral/src/ch32v20x_rcc.o
                0x00000000000035ce                RCC_GetFlagStatus
 .text.RTC_EnterConfigMode
                0x00000000000035fc       0x12 ./Peripheral/src/ch32v20x_rtc.o
                0x00000000000035fc                RTC_EnterConfigMode
 .text.RTC_ExitConfigMode
                0x000000000000360e       0x18 ./Peripheral/src/ch32v20x_rtc.o
                0x000000000000360e                RTC_ExitConfigMode
 .text.RTC_GetCounter
                0x0000000000003626       0x36 ./Peripheral/src/ch32v20x_rtc.o
                0x0000000000003626                RTC_GetCounter
 .text.RTC_SetCounter
                0x000000000000365c       0x2c ./Peripheral/src/ch32v20x_rtc.o
                0x000000000000365c                RTC_SetCounter
 .text.RTC_SetPrescaler
                0x0000000000003688       0x2e ./Peripheral/src/ch32v20x_rtc.o
                0x0000000000003688                RTC_SetPrescaler
 .text.RTC_WaitForLastTask
                0x00000000000036b6       0x10 ./Peripheral/src/ch32v20x_rtc.o
                0x00000000000036b6                RTC_WaitForLastTask
 .text.RTC_WaitForSynchro
                0x00000000000036c6       0x24 ./Peripheral/src/ch32v20x_rtc.o
                0x00000000000036c6                RTC_WaitForSynchro
 .text.TIM_OC1Init
                0x00000000000036ea       0x6a ./Peripheral/src/ch32v20x_tim.o
                0x00000000000036ea                TIM_OC1Init
 .text.TIM_OC2Init
                0x0000000000003754       0x96 ./Peripheral/src/ch32v20x_tim.o
                0x0000000000003754                TIM_OC2Init
 .text.TIM_OC3Init
                0x00000000000037ea       0x94 ./Peripheral/src/ch32v20x_tim.o
                0x00000000000037ea                TIM_OC3Init
 .text.TIM_OC4Init
                0x000000000000387e       0x6c ./Peripheral/src/ch32v20x_tim.o
                0x000000000000387e                TIM_OC4Init
 .text.TIM_OC1PreloadConfig
                0x00000000000038ea        0xe ./Peripheral/src/ch32v20x_tim.o
                0x00000000000038ea                TIM_OC1PreloadConfig
 .text.TIM_OC2PreloadConfig
                0x00000000000038f8       0x16 ./Peripheral/src/ch32v20x_tim.o
                0x00000000000038f8                TIM_OC2PreloadConfig
 .text.TIM_OC3PreloadConfig
                0x000000000000390e        0xe ./Peripheral/src/ch32v20x_tim.o
                0x000000000000390e                TIM_OC3PreloadConfig
 .text.TIM_OC4PreloadConfig
                0x000000000000391c       0x16 ./Peripheral/src/ch32v20x_tim.o
                0x000000000000391c                TIM_OC4PreloadConfig
 .text.TIM_GetITStatus
                0x0000000000003932       0x18 ./Peripheral/src/ch32v20x_tim.o
                0x0000000000003932                TIM_GetITStatus
 .text.USART_Init
                0x000000000000394a       0xbc ./Peripheral/src/ch32v20x_usart.o
                0x000000000000394a                USART_Init
 .text.USART_Cmd
                0x0000000000003a06       0x16 ./Peripheral/src/ch32v20x_usart.o
                0x0000000000003a06                USART_Cmd
 .text.USART_SendData
                0x0000000000003a1c        0x8 ./Peripheral/src/ch32v20x_usart.o
                0x0000000000003a1c                USART_SendData
 .text.USART_GetFlagStatus
                0x0000000000003a24        0xa ./Peripheral/src/ch32v20x_usart.o
                0x0000000000003a24                USART_GetFlagStatus
 .text.vRCFilterConfig
                0x0000000000003a2e       0x2e ./HAL_LIB/filters.o
                0x0000000000003a2e                vRCFilterConfig
 .text.vInitABFilter
                0x0000000000003a5c       0x22 ./HAL_LIB/filters.o
                0x0000000000003a5c                vInitABFilter
 .text.vInitRunAverga
                0x0000000000003a7e        0x8 ./HAL_LIB/filters.o
                0x0000000000003a7e                vInitRunAverga
 .text.vInitMedianFilter
                0x0000000000003a86       0x12 ./HAL_LIB/filters.o
                0x0000000000003a86                vInitMedianFilter
 .text.MedianFilter
                0x0000000000003a98       0x74 ./HAL_LIB/filters.o
                0x0000000000003a98                MedianFilter
 .text.AddBufferData
                0x0000000000003b0c       0x20 ./HAL_LIB/filters.o
                0x0000000000003b0c                AddBufferData
 .text.GetConversional
                0x0000000000003b2c       0x4a ./HAL_LIB/filters.o
                0x0000000000003b2c                GetConversional
 .text.vAINInit
                0x0000000000003b76       0x36 ./HAL_LIB/hw_lib_adc.o
                0x0000000000003b76                vAINInit
 .text.fGetAinCalData
                0x0000000000003bac       0x7a ./HAL_LIB/hw_lib_adc.o
                0x0000000000003bac                fGetAinCalData
 .text.eAinCalDataConfig
                0x0000000000003c26       0x50 ./HAL_LIB/hw_lib_adc.o
                0x0000000000003c26                eAinCalDataConfig
 .text.vABLineKoofFinde
                0x0000000000003c76       0x6a ./HAL_LIB/hw_lib_adc.o
                0x0000000000003c76                vABLineKoofFinde
 .text.eSetAinCalPoint
                0x0000000000003ce0       0x64 ./HAL_LIB/hw_lib_adc.o
                0x0000000000003ce0                eSetAinCalPoint
 .text.getADC1Buffer
                0x0000000000003d44        0xa ./HAL_LIB/hw_lib_adc.o
                0x0000000000003d44                getADC1Buffer
 .text.eDOUTConfigWtihStruct
                0x0000000000003d4e       0x1c ./HAL_LIB/hw_lib_din.o
                0x0000000000003d4e                eDOUTConfigWtihStruct
 .text.eSetDUT  0x0000000000003d6a       0x16 ./HAL_LIB/hw_lib_din.o
                0x0000000000003d6a                eSetDUT
 .text.uGetDIN  0x0000000000003d80       0x14 ./HAL_LIB/hw_lib_din.o
                0x0000000000003d80                uGetDIN
 .text.eRPMConfig
                0x0000000000003d94       0x5a ./HAL_LIB/hw_lib_din.o
                0x0000000000003d94                eRPMConfig
 .text.RMPDataConvert
                0x0000000000003dee       0x7e ./HAL_LIB/hw_lib_din.o
                0x0000000000003dee                RMPDataConvert
 .text.GetRPM   0x0000000000003e6c       0x70 ./HAL_LIB/hw_lib_din.o
                0x0000000000003e6c                GetRPM
 .text.xGetRPM  0x0000000000003edc       0x72 ./HAL_LIB/hw_lib_din.o
                0x0000000000003edc                xGetRPM
 .text.vDinDoutProcess
                0x0000000000003f4e       0xa0 ./HAL_LIB/hw_lib_din.o
                0x0000000000003f4e                vDinDoutProcess
 .text.getCaputreBuffer
                0x0000000000003fee       0x16 ./HAL_LIB/hw_lib_din.o
                0x0000000000003fee                getCaputreBuffer
 .text.I2C_FSM  0x0000000000004004      0x198 ./HAL_LIB/hw_lib_eeprom_i2c.o
                0x0000000000004004                I2C_FSM
 .text.vInitEEPROM_I2C
                0x000000000000419c       0x4e ./HAL_LIB/hw_lib_eeprom_i2c.o
                0x000000000000419c                vInitEEPROM_I2C
 .text.eEEPROMWrFast
                0x00000000000041ea      0x10a ./HAL_LIB/hw_lib_eeprom_i2c.o
                0x00000000000041ea                eEEPROMWrFast
 .text.eEEPROMWr
                0x00000000000042f4       0xe2 ./HAL_LIB/hw_lib_eeprom_i2c.o
                0x00000000000042f4                eEEPROMWr
 .text.eEEPROMRd
                0x00000000000043d6       0x8a ./HAL_LIB/hw_lib_eeprom_i2c.o
                0x00000000000043d6                eEEPROMRd
 .text.bReadEEPROM
                0x0000000000004460       0x1a ./HAL_LIB/hw_lib_eeprom_i2c.o
                0x0000000000004460                bReadEEPROM
 .text.HAL_CANSetTXCallback
                0x000000000000447a        0xa ./HAL_DRIVER/hal_can_ch32.o
                0x000000000000447a                HAL_CANSetTXCallback
 .text.HAL_CANSetRXCallback
                0x0000000000004484        0xa ./HAL_DRIVER/hal_can_ch32.o
                0x0000000000004484                HAL_CANSetRXCallback
 .text.HAL_CANSetERRCallback
                0x000000000000448e        0xa ./HAL_DRIVER/hal_can_ch32.o
                0x000000000000448e                HAL_CANSetERRCallback
 .text.HAL_CANIntIT
                0x0000000000004498      0x13c ./HAL_DRIVER/hal_can_ch32.o
                0x0000000000004498                HAL_CANIntIT
 .text.HAL_CANToInitMode
                0x00000000000045d4       0x30 ./HAL_DRIVER/hal_can_ch32.o
                0x00000000000045d4                HAL_CANToInitMode
 .text.HAL_CANToOperatingMode
                0x0000000000004604       0x26 ./HAL_DRIVER/hal_can_ch32.o
                0x0000000000004604                HAL_CANToOperatingMode
 .text.HAL_CANSend
                0x000000000000462a       0xae ./HAL_DRIVER/hal_can_ch32.o
                0x000000000000462a                HAL_CANSend
 .text.HAL_CANSetFiters
                0x00000000000046d8       0xc4 ./HAL_DRIVER/hal_can_ch32.o
                0x00000000000046d8                HAL_CANSetFiters
 .text.HAL_CANGetRXMessage
                0x000000000000479c       0xb0 ./HAL_DRIVER/hal_can_ch32.o
                0x000000000000479c                HAL_CANGetRXMessage
 .text.USB_HP_CAN1_TX_IRQHandler
                0x000000000000484c       0x60 ./HAL_DRIVER/hal_can_ch32.o
                0x000000000000484c                USB_HP_CAN1_TX_IRQHandler
 .text.USB_LP_CAN1_RX0_IRQHandler
                0x00000000000048ac       0x5e ./HAL_DRIVER/hal_can_ch32.o
                0x00000000000048ac                USB_LP_CAN1_RX0_IRQHandler
 .text.CAN1_RX1_IRQHandler
                0x000000000000490a       0x5e ./HAL_DRIVER/hal_can_ch32.o
                0x000000000000490a                CAN1_RX1_IRQHandler
 .text.CAN1_SCE_IRQHandler
                0x0000000000004968       0x5c ./HAL_DRIVER/hal_can_ch32.o
                0x0000000000004968                CAN1_SCE_IRQHandler
 .text.HAL_InitGPIO
                0x00000000000049c4       0xba ./HAL_DRIVER/hal_gpio_ch32.o
                0x00000000000049c4                HAL_InitGPIO
 .text.HAL_InitGpioOut
                0x0000000000004a7e       0x10 ./HAL_DRIVER/hal_gpio_ch32.o
                0x0000000000004a7e                HAL_InitGpioOut
 .text.HAL_InitGpioAIN
                0x0000000000004a8e       0x10 ./HAL_DRIVER/hal_gpio_ch32.o
                0x0000000000004a8e                HAL_InitGpioAIN
 .text.HAL_InitGpioIn
                0x0000000000004a9e       0x10 ./HAL_DRIVER/hal_gpio_ch32.o
                0x0000000000004a9e                HAL_InitGpioIn
 .text.HAL_InitGpioAF
                0x0000000000004aae       0x34 ./HAL_DRIVER/hal_gpio_ch32.o
                0x0000000000004aae                HAL_InitGpioAF
 .text.HAL_GetBit
                0x0000000000004ae2        0xa ./HAL_DRIVER/hal_gpio_ch32.o
                0x0000000000004ae2                HAL_GetBit
 .text.HAL_SetBit
                0x0000000000004aec        0x4 ./HAL_DRIVER/hal_gpio_ch32.o
                0x0000000000004aec                HAL_SetBit
 .text.HAL_ResetBit
                0x0000000000004af0        0x4 ./HAL_DRIVER/hal_gpio_ch32.o
                0x0000000000004af0                HAL_ResetBit
 .text.HAL_InitGPO
                0x0000000000004af4       0x14 ./HAL_DRIVER/hal_gpio_ch32.o
                0x0000000000004af4                HAL_InitGPO
 .text.HAL_I2C_Init
                0x0000000000004b08       0xf4 ./HAL_DRIVER/hal_i2c_ch32.o
                0x0000000000004b08                HAL_I2C_Init
 .text.HAL_I2C_GET_STAR2
                0x0000000000004bfc        0xe ./HAL_DRIVER/hal_i2c_ch32.o
                0x0000000000004bfc                HAL_I2C_GET_STAR2
 .text.HAL_I2C_GET_STAR1
                0x0000000000004c0a        0xe ./HAL_DRIVER/hal_i2c_ch32.o
                0x0000000000004c0a                HAL_I2C_GET_STAR1
 .text.HAL_I2C_ENABLE
                0x0000000000004c18       0x14 ./HAL_DRIVER/hal_i2c_ch32.o
                0x0000000000004c18                HAL_I2C_ENABLE
 .text.InitI2CIT
                0x0000000000004c2c       0x6e ./HAL_DRIVER/hal_i2c_ch32.o
                0x0000000000004c2c                InitI2CIT
 .text.HAL_I2C_DISABLE
                0x0000000000004c9a       0x1a ./HAL_DRIVER/hal_i2c_ch32.o
                0x0000000000004c9a                HAL_I2C_DISABLE
 .text.I2C_IT_ENABLE
                0x0000000000004cb4       0x12 ./HAL_DRIVER/hal_i2c_ch32.o
                0x0000000000004cb4                I2C_IT_ENABLE
 .text.I2C_IT_DISABLE
                0x0000000000004cc6       0x16 ./HAL_DRIVER/hal_i2c_ch32.o
                0x0000000000004cc6                I2C_IT_DISABLE
 .text.HAL_I2C_STOP
                0x0000000000004cdc       0x14 ./HAL_DRIVER/hal_i2c_ch32.o
                0x0000000000004cdc                HAL_I2C_STOP
 .text.HAL_I2C_START
                0x0000000000004cf0       0x14 ./HAL_DRIVER/hal_i2c_ch32.o
                0x0000000000004cf0                HAL_I2C_START
 .text.HAL_I2C_SEND
                0x0000000000004d04        0xe ./HAL_DRIVER/hal_i2c_ch32.o
                0x0000000000004d04                HAL_I2C_SEND
 .text.HAL_I2C_SEND_ADDR_TRANS
                0x0000000000004d12       0x12 ./HAL_DRIVER/hal_i2c_ch32.o
                0x0000000000004d12                HAL_I2C_SEND_ADDR_TRANS
 .text.HAL_I2C_SEND_ADDR_RECIEVE
                0x0000000000004d24       0x16 ./HAL_DRIVER/hal_i2c_ch32.o
                0x0000000000004d24                HAL_I2C_SEND_ADDR_RECIEVE
 .text.HAL_I2C_ACK_ENABLE
                0x0000000000004d3a       0x14 ./HAL_DRIVER/hal_i2c_ch32.o
                0x0000000000004d3a                HAL_I2C_ACK_ENABLE
 .text.HAL_I2C_ACK_DISABLE
                0x0000000000004d4e       0x1c ./HAL_DRIVER/hal_i2c_ch32.o
                0x0000000000004d4e                HAL_I2C_ACK_DISABLE
 .text.HAL_I2C_ClearFlag
                0x0000000000004d6a       0x20 ./HAL_DRIVER/hal_i2c_ch32.o
                0x0000000000004d6a                HAL_I2C_ClearFlag
 .text.HAL_I2C_READ_DATA
                0x0000000000004d8a        0xe ./HAL_DRIVER/hal_i2c_ch32.o
                0x0000000000004d8a                HAL_I2C_READ_DATA
 .text.I2C1_EV_IRQHandler
                0x0000000000004d98       0x52 ./HAL_DRIVER/hal_i2c_ch32.o
                0x0000000000004d98                I2C1_EV_IRQHandler
 .text.I2C1_ER_IRQHandler
                0x0000000000004dea       0x52 ./HAL_DRIVER/hal_i2c_ch32.o
                0x0000000000004dea                I2C1_ER_IRQHandler
 .text.HAL_InitAPB1
                0x0000000000004e3c       0x1c ./HAL_DRIVER/hal_irq.o
                0x0000000000004e3c                HAL_InitAPB1
 .text.HAL_InitAPB2
                0x0000000000004e58       0x1c ./HAL_DRIVER/hal_irq.o
                0x0000000000004e58                HAL_InitAPB2
 .text.PFIC_IRQ_ENABLE_PG1
                0x0000000000004e74       0x34 ./HAL_DRIVER/hal_irq.o
                0x0000000000004e74                PFIC_IRQ_ENABLE_PG1
 .text.RTC_IRQHandler
                0x0000000000004ea8       0x78 ./HAL_DRIVER/hal_rtc_ch32.o
                0x0000000000004ea8                RTC_IRQHandler
 .text.HAL_SPI_RXOveleyClear
                0x0000000000004f20       0x1e ./HAL_DRIVER/hal_spi_ch32.o
                0x0000000000004f20                HAL_SPI_RXOveleyClear
 .text.HAL_SPI_GetBusy
                0x0000000000004f3e       0x10 ./HAL_DRIVER/hal_spi_ch32.o
                0x0000000000004f3e                HAL_SPI_GetBusy
 .text.HAL_WDTReset
                0x0000000000004f4e        0xe ./HAL_DRIVER/hal_wdt_ch32.o
                0x0000000000004f4e                HAL_WDTReset
 .text.Get_ConversionVal
                0x0000000000004f5c       0x2e ./HAL/hal_adc_ch32.o
                0x0000000000004f5c                Get_ConversionVal
 .text.HAL_ADC_RegularChannelConfig
                0x0000000000004f8a       0x46 ./HAL/hal_adc_ch32.o
                0x0000000000004f8a                HAL_ADC_RegularChannelConfig
 .text.HAL_ADC_ContiniusScanCinvertionDMA
                0x0000000000004fd0       0xce ./HAL/hal_adc_ch32.o
                0x0000000000004fd0                HAL_ADC_ContiniusScanCinvertionDMA
 .text.HAL_ADC_StartDMA
                0x000000000000509e       0x42 ./HAL/hal_adc_ch32.o
                0x000000000000509e                HAL_ADC_StartDMA
 .text.ADC1_2_IRQHandler
                0x00000000000050e0       0x74 ./HAL/hal_adc_ch32.o
                0x00000000000050e0                ADC1_2_IRQHandler
 .text.DMA_IRQ  0x0000000000005154       0x3a ./HAL/hal_dma_ch32.o
 .text.HAL_DMA_Enable
                0x000000000000518e       0x18 ./HAL/hal_dma_ch32.o
                0x000000000000518e                HAL_DMA_Enable
 .text.HAL_DMA_Disable
                0x00000000000051a6       0x1a ./HAL/hal_dma_ch32.o
                0x00000000000051a6                HAL_DMA_Disable
 .text.HAL_DMAInitIT
                0x00000000000051c0       0xa0 ./HAL/hal_dma_ch32.o
                0x00000000000051c0                HAL_DMAInitIT
 .text.HAL_DMA_SetCounter
                0x0000000000005260       0x12 ./HAL/hal_dma_ch32.o
                0x0000000000005260                HAL_DMA_SetCounter
 .text.HAL_DMA_ITENABLE
                0x0000000000005272       0x16 ./HAL/hal_dma_ch32.o
                0x0000000000005272                HAL_DMA_ITENABLE
 .text.HAL_DMA_SetCouterAndEnable
                0x0000000000005288       0x1a ./HAL/hal_dma_ch32.o
                0x0000000000005288                HAL_DMA_SetCouterAndEnable
 .text.DMA1_Channel1_IRQHandler
                0x00000000000052a2       0x4e ./HAL/hal_dma_ch32.o
                0x00000000000052a2                DMA1_Channel1_IRQHandler
 .text.DMA1_Channel3_IRQHandler
                0x00000000000052f0       0x4e ./HAL/hal_dma_ch32.o
                0x00000000000052f0                DMA1_Channel3_IRQHandler
 .text.DMA1_Channel4_IRQHandler
                0x000000000000533e       0x4e ./HAL/hal_dma_ch32.o
                0x000000000000533e                DMA1_Channel4_IRQHandler
 .text.DMA1_Channel5_IRQHandler
                0x000000000000538c       0x4e ./HAL/hal_dma_ch32.o
                0x000000000000538c                DMA1_Channel5_IRQHandler
 .text.DMA1_Channel7_IRQHandler
                0x00000000000053da       0x4e ./HAL/hal_dma_ch32.o
                0x00000000000053da                DMA1_Channel7_IRQHandler
 .text.TIM4_IRQHandler
                0x0000000000005428       0x70 ./HAL/hal_timers_ch32.o
                0x0000000000005428                TIM4_IRQHandler
 .text.HAL_TiemrEneblae
                0x0000000000005498       0x16 ./HAL/hal_timers_ch32.o
                0x0000000000005498                HAL_TiemrEneblae
 .text.HAL_TiemrDisable
                0x00000000000054ae       0x1c ./HAL/hal_timers_ch32.o
                0x00000000000054ae                HAL_TiemrDisable
 .text.HW_TIMER_BaseTimerInit
                0x00000000000054ca       0x54 ./HAL/hal_timers_ch32.o
                0x00000000000054ca                HW_TIMER_BaseTimerInit
 .text.HAL_TIMER_InitIt
                0x000000000000551e       0x60 ./HAL/hal_timers_ch32.o
                0x000000000000551e                HAL_TIMER_InitIt
 .text.HAL_TIMER_PWMTimersInit
                0x000000000000557e       0xc2 ./HAL/hal_timers_ch32.o
                0x000000000000557e                HAL_TIMER_PWMTimersInit
 .text.HAL_TimeInitCaptureDMA
                0x0000000000005640       0xec ./HAL/hal_timers_ch32.o
                0x0000000000005640                HAL_TimeInitCaptureDMA
 .text.HAL_TIMER_SetPWMPulse
                0x000000000000572c       0x88 ./HAL/hal_timers_ch32.o
                0x000000000000572c                HAL_TIMER_SetPWMPulse
 .text.HAL_TIMER_EnablePWMCH
                0x00000000000057b4       0x1a ./HAL/hal_timers_ch32.o
                0x00000000000057b4                HAL_TIMER_EnablePWMCH
 .text.prvInsertBlockIntoFreeList
                0x00000000000057ce       0x4c ./FreeRTOS/portable/MemMang/heap_4.o
 .text.pvPortMalloc
                0x000000000000581a      0x18a ./FreeRTOS/portable/MemMang/heap_4.o
                0x000000000000581a                pvPortMalloc
 .text.vPortSetupTimerInterrupt
                0x00000000000059a4       0x3e ./FreeRTOS/portable/GCC/RISC-V/port.o
                0x00000000000059a4                vPortSetupTimerInterrupt
 .text.xPortStartScheduler
                0x00000000000059e2       0x90 ./FreeRTOS/portable/GCC/RISC-V/port.o
                0x00000000000059e2                xPortStartScheduler
 .text.SysTick_Handler
                0x0000000000005a72       0x7c ./FreeRTOS/portable/GCC/RISC-V/port.o
                0x0000000000005a72                SysTick_Handler
 .text.vPortEnterCritical
                0x0000000000005aee       0x16 ./FreeRTOS/portable/GCC/RISC-V/port.o
                0x0000000000005aee                vPortEnterCritical
 .text.vPortExitCritical
                0x0000000000005b04       0x42 ./FreeRTOS/portable/GCC/RISC-V/port.o
                0x0000000000005b04                vPortExitCritical
 .text.xPortSetInterruptMask
                0x0000000000005b46        0xc ./FreeRTOS/portable/GCC/RISC-V/port.o
                0x0000000000005b46                xPortSetInterruptMask
 .text.vPortClearInterruptMask
                0x0000000000005b52        0x6 ./FreeRTOS/portable/GCC/RISC-V/port.o
                0x0000000000005b52                vPortClearInterruptMask
 .text.vListInitialise
                0x0000000000005b58       0x14 ./FreeRTOS/list.o
                0x0000000000005b58                vListInitialise
 .text.vListInitialiseItem
                0x0000000000005b6c        0x6 ./FreeRTOS/list.o
                0x0000000000005b6c                vListInitialiseItem
 .text.vListInsertEnd
                0x0000000000005b72       0x18 ./FreeRTOS/list.o
                0x0000000000005b72                vListInsertEnd
 .text.vListInsert
                0x0000000000005b8a       0x2e ./FreeRTOS/list.o
                0x0000000000005b8a                vListInsert
 .text.uxListRemove
                0x0000000000005bb8       0x20 ./FreeRTOS/list.o
                0x0000000000005bb8                uxListRemove
 .text.prvIsQueueEmpty
                0x0000000000005bd8       0x1e ./FreeRTOS/queue.o
 .text.prvCopyDataToQueue
                0x0000000000005bf6       0x72 ./FreeRTOS/queue.o
 .text.prvCopyDataFromQueue
                0x0000000000005c68       0x28 ./FreeRTOS/queue.o
 .text.prvUnlockQueue
                0x0000000000005c90       0x76 ./FreeRTOS/queue.o
 .text.xQueueGenericReset
                0x0000000000005d06       0xc4 ./FreeRTOS/queue.o
                0x0000000000005d06                xQueueGenericReset
 .text.xQueueGenericCreateStatic
                0x0000000000005dca       0xae ./FreeRTOS/queue.o
                0x0000000000005dca                xQueueGenericCreateStatic
 .text.xQueueGenericCreate
                0x0000000000005e78       0x72 ./FreeRTOS/queue.o
                0x0000000000005e78                xQueueGenericCreate
 .text.xQueueGenericSend
                0x0000000000005eea      0x178 ./FreeRTOS/queue.o
                0x0000000000005eea                xQueueGenericSend
 .text.xQueueGiveMutexRecursive
                0x0000000000006062       0x56 ./FreeRTOS/queue.o
                0x0000000000006062                xQueueGiveMutexRecursive
 .text.xQueueCreateMutex
                0x00000000000060b8       0x2e ./FreeRTOS/queue.o
                0x00000000000060b8                xQueueCreateMutex
 .text.xQueueReceive
                0x00000000000060e6      0x138 ./FreeRTOS/queue.o
                0x00000000000060e6                xQueueReceive
 .text.xQueueSemaphoreTake
                0x000000000000621e      0x18e ./FreeRTOS/queue.o
                0x000000000000621e                xQueueSemaphoreTake
 .text.xQueueTakeMutexRecursive
                0x00000000000063ac       0x5a ./FreeRTOS/queue.o
                0x00000000000063ac                xQueueTakeMutexRecursive
 .text.uxQueueMessagesWaiting
                0x0000000000006406       0x44 ./FreeRTOS/queue.o
                0x0000000000006406                uxQueueMessagesWaiting
 .text.prvIdleTask
                0x000000000000644a        0x2 ./FreeRTOS/tasks.o
 .text.prvAddNewTaskToReadyList
                0x000000000000644c      0x106 ./FreeRTOS/tasks.o
 .text.prvResetNextTaskUnblockTime
                0x0000000000006552       0x20 ./FreeRTOS/tasks.o
 .text.prvTaskIsTaskSuspended
                0x0000000000006572       0x50 ./FreeRTOS/tasks.o
 .text.prvInitialiseNewTask.isra.2
                0x00000000000065c2       0xc8 ./FreeRTOS/tasks.o
 .text.prvAddCurrentTaskToDelayedList
                0x000000000000668a       0xa4 ./FreeRTOS/tasks.o
 .text.xTaskCreateStatic
                0x000000000000672e       0xa6 ./FreeRTOS/tasks.o
                0x000000000000672e                xTaskCreateStatic
 .text.vTaskResume
                0x00000000000067d4       0xa6 ./FreeRTOS/tasks.o
                0x00000000000067d4                vTaskResume
 .text.vTaskStartScheduler
                0x000000000000687a       0x5c ./FreeRTOS/tasks.o
                0x000000000000687a                vTaskStartScheduler
 .text.vTaskSuspendAll
                0x00000000000068d6        0xc ./FreeRTOS/tasks.o
                0x00000000000068d6                vTaskSuspendAll
 .text.xTaskGetTickCount
                0x00000000000068e2        0x6 ./FreeRTOS/tasks.o
                0x00000000000068e2                xTaskGetTickCount
 .text.xTaskIncrementTick
                0x00000000000068e8      0x190 ./FreeRTOS/tasks.o
                0x00000000000068e8                xTaskIncrementTick
 .text.xTaskResumeAll
                0x0000000000006a78      0x150 ./FreeRTOS/tasks.o
                0x0000000000006a78                xTaskResumeAll
 .text.vTaskDelay
                0x0000000000006bc8       0x62 ./FreeRTOS/tasks.o
                0x0000000000006bc8                vTaskDelay
 .text.vTaskSwitchContext
                0x0000000000006c2a       0x8e ./FreeRTOS/tasks.o
                0x0000000000006c2a                vTaskSwitchContext
 .text.vTaskSuspend
                0x0000000000006cb8       0xe6 ./FreeRTOS/tasks.o
                0x0000000000006cb8                vTaskSuspend
 .text.vTaskPlaceOnEventList
                0x0000000000006d9e       0x48 ./FreeRTOS/tasks.o
                0x0000000000006d9e                vTaskPlaceOnEventList
 .text.xTaskRemoveFromEventList
                0x0000000000006de6       0xe0 ./FreeRTOS/tasks.o
                0x0000000000006de6                xTaskRemoveFromEventList
 .text.vTaskInternalSetTimeOutState
                0x0000000000006ec6        0xe ./FreeRTOS/tasks.o
                0x0000000000006ec6                vTaskInternalSetTimeOutState
 .text.xTaskCheckForTimeOut
                0x0000000000006ed4       0xaa ./FreeRTOS/tasks.o
                0x0000000000006ed4                xTaskCheckForTimeOut
 .text.vTaskMissedYield
                0x0000000000006f7e        0x8 ./FreeRTOS/tasks.o
                0x0000000000006f7e                vTaskMissedYield
 .text.xTaskGetCurrentTaskHandle
                0x0000000000006f86        0xa ./FreeRTOS/tasks.o
                0x0000000000006f86                xTaskGetCurrentTaskHandle
 .text.xTaskPriorityInherit
                0x0000000000006f90       0xaa ./FreeRTOS/tasks.o
                0x0000000000006f90                xTaskPriorityInherit
 .text.xTaskPriorityDisinherit
                0x000000000000703a       0xc6 ./FreeRTOS/tasks.o
                0x000000000000703a                xTaskPriorityDisinherit
 .text.vTaskPriorityDisinheritAfterTimeout
                0x0000000000007100       0xe2 ./FreeRTOS/tasks.o
                0x0000000000007100                vTaskPriorityDisinheritAfterTimeout
 .text.pvTaskIncrementMutexHeldCount
                0x00000000000071e2       0x1c ./FreeRTOS/tasks.o
                0x00000000000071e2                pvTaskIncrementMutexHeldCount
 .text.ulTaskGenericNotifyTake
                0x00000000000071fe       0xb8 ./FreeRTOS/tasks.o
                0x00000000000071fe                ulTaskGenericNotifyTake
 .text.xTaskGenericNotifyWait
                0x00000000000072b6       0xe6 ./FreeRTOS/tasks.o
                0x00000000000072b6                xTaskGenericNotifyWait
 .text.xTaskGenericNotifyFromISR
                0x000000000000739c      0x1e4 ./FreeRTOS/tasks.o
                0x000000000000739c                xTaskGenericNotifyFromISR
 .text.Delay_Init
                0x0000000000007580       0x2a ./Debug/debug.o
                0x0000000000007580                Delay_Init
 .text.Delay_Ms
                0x00000000000075aa       0x36 ./Debug/debug.o
                0x00000000000075aa                Delay_Ms
 .text.USART_Printf_Init
                0x00000000000075e0       0x5a ./Debug/debug.o
                0x00000000000075e0                USART_Printf_Init
 .text._write   0x000000000000763a       0x3e ./Debug/debug.o
                0x000000000000763a                _write
 .text._sbrk    0x0000000000007678       0x2a ./Debug/debug.o
                0x0000000000007678                _sbrk
 .text.__get_MEPC
                0x00000000000076a2        0x6 ./Core/core_riscv.o
                0x00000000000076a2                __get_MEPC
 .text.__get_MCAUSE
                0x00000000000076a8        0x6 ./Core/core_riscv.o
                0x00000000000076a8                __get_MCAUSE
 .text.__get_MTVAL
                0x00000000000076ae        0x6 ./Core/core_riscv.o
                0x00000000000076ae                __get_MTVAL
 .text.prv_read_can_received_msg
                0x00000000000076b4       0x50 ./CANopenNode/keypad/CO_driver_ST32F103.o
                0x00000000000076b4                prv_read_can_received_msg
 .text.prv_send_can_message.isra.0
                0x0000000000007704       0x2c ./CANopenNode/keypad/CO_driver_ST32F103.o
 .text.CAN_SendMessage
                0x0000000000007730       0x66 ./CANopenNode/keypad/CO_driver_ST32F103.o
                0x0000000000007730                CAN_SendMessage
 .text.co_drv_create_os_objects
                0x0000000000007796       0x30 ./CANopenNode/keypad/CO_driver_ST32F103.o
                0x0000000000007796                co_drv_create_os_objects
 .text.co_drv_mutex_lock
                0x00000000000077c6       0x18 ./CANopenNode/keypad/CO_driver_ST32F103.o
                0x00000000000077c6                co_drv_mutex_lock
 .text.co_drv_mutex_unlock
                0x00000000000077de       0x16 ./CANopenNode/keypad/CO_driver_ST32F103.o
                0x00000000000077de                co_drv_mutex_unlock
 .text.CO_CANsetConfigurationMode
                0x00000000000077f4       0x10 ./CANopenNode/keypad/CO_driver_ST32F103.o
                0x00000000000077f4                CO_CANsetConfigurationMode
 .text.CO_CANsetNormalMode
                0x0000000000007804       0x1c ./CANopenNode/keypad/CO_driver_ST32F103.o
                0x0000000000007804                CO_CANsetNormalMode
 .text.CO_CANmodule_init
                0x0000000000007820      0x110 ./CANopenNode/keypad/CO_driver_ST32F103.o
                0x0000000000007820                CO_CANmodule_init
 .text.CO_CANmodule_disable
                0x0000000000007930       0x14 ./CANopenNode/keypad/CO_driver_ST32F103.o
                0x0000000000007930                CO_CANmodule_disable
 .text.CO_CANrxBufferInit
                0x0000000000007944       0x52 ./CANopenNode/keypad/CO_driver_ST32F103.o
                0x0000000000007944                CO_CANrxBufferInit
 .text.CO_CANtxBufferInit
                0x0000000000007996       0x3a ./CANopenNode/keypad/CO_driver_ST32F103.o
                0x0000000000007996                CO_CANtxBufferInit
 .text.CO_CANmodule_process
                0x00000000000079d0       0x12 ./CANopenNode/keypad/CO_driver_ST32F103.o
                0x00000000000079d0                CO_CANmodule_process
 .text.CO_CANsend
                0x00000000000079e2       0x46 ./CANopenNode/keypad/CO_driver_ST32F103.o
                0x00000000000079e2                CO_CANsend
 .text.CO_LSSslave_receive
                0x0000000000007a28      0x1a8 ./CANopenNode/305/CO_LSSslave.o
 .text.CO_LSSslave_init
                0x0000000000007bd0       0xa4 ./CANopenNode/305/CO_LSSslave.o
                0x0000000000007bd0                CO_LSSslave_init
 .text.CO_LSSslave_process
                0x0000000000007c74      0x1a2 ./CANopenNode/305/CO_LSSslave.o
                0x0000000000007c74                CO_LSSslave_process
 .text.OD_write_1003
                0x0000000000007e16       0x28 ./CANopenNode/301/CO_Emergency.o
 .text.OD_read_1003
                0x0000000000007e3e       0x8c ./CANopenNode/301/CO_Emergency.o
 .text.OD_read_1014_default
                0x0000000000007eca       0x50 ./CANopenNode/301/CO_Emergency.o
 .text.CO_EM_init
                0x0000000000007f1a      0x112 ./CANopenNode/301/CO_Emergency.o
                0x0000000000007f1a                CO_EM_init
 .text.CO_error
                0x000000000000802c       0xc4 ./CANopenNode/301/CO_Emergency.o
                0x000000000000802c                CO_error
 .text.CO_EM_process
                0x00000000000080f0      0x182 ./CANopenNode/301/CO_Emergency.o
                0x00000000000080f0                CO_EM_process
 .text.CO_NMT_receive
                0x0000000000008272       0x18 ./CANopenNode/301/CO_NMT_Heartbeat.o
 .text.OD_write_1017
                0x000000000000828a       0x48 ./CANopenNode/301/CO_NMT_Heartbeat.o
 .text.CO_NMT_init
                0x00000000000082d2       0xec ./CANopenNode/301/CO_NMT_Heartbeat.o
                0x00000000000082d2                CO_NMT_init
 .text.CO_NMT_process
                0x00000000000083be      0x106 ./CANopenNode/301/CO_NMT_Heartbeat.o
                0x00000000000083be                CO_NMT_process
 .text.OD_readDisabled
                0x00000000000084c4        0x4 ./CANopenNode/301/CO_ODinterface.o
 .text.OD_readOriginal
                0x00000000000084c8       0x50 ./CANopenNode/301/CO_ODinterface.o
                0x00000000000084c8                OD_readOriginal
 .text.OD_writeOriginal
                0x0000000000008518       0x54 ./CANopenNode/301/CO_ODinterface.o
                0x0000000000008518                OD_writeOriginal
 .text.OD_writeDisabled
                0x000000000000856c        0x4 ./CANopenNode/301/CO_ODinterface.o
 .text.OD_find  0x0000000000008570       0x70 ./CANopenNode/301/CO_ODinterface.o
                0x0000000000008570                OD_find
 .text.OD_getSub
                0x00000000000085e0       0xf6 ./CANopenNode/301/CO_ODinterface.o
                0x00000000000085e0                OD_getSub
 .text.OD_getSDOabCode
                0x00000000000086d6       0x20 ./CANopenNode/301/CO_ODinterface.o
                0x00000000000086d6                OD_getSDOabCode
 .text.OD_get_value
                0x00000000000086f6       0x34 ./CANopenNode/301/CO_ODinterface.o
                0x00000000000086f6                OD_get_value
 .text.OD_set_value
                0x000000000000872a       0x2e ./CANopenNode/301/CO_ODinterface.o
                0x000000000000872a                OD_set_value
 .text.OD_getPtr
                0x0000000000008758       0x3c ./CANopenNode/301/CO_ODinterface.o
                0x0000000000008758                OD_getPtr
 .text.OD_write_dummy
                0x0000000000008794        0x8 ./CANopenNode/301/CO_PDO.o
 .text.OD_read_dummy
                0x000000000000879c       0x2e ./CANopenNode/301/CO_PDO.o
 .text.PDOconfigMap
                0x00000000000087ca      0x100 ./CANopenNode/301/CO_PDO.o
 .text.CO_PDO_receive
                0x00000000000088ca       0x48 ./CANopenNode/301/CO_PDO.o
 .text.OD_read_PDO_commParam
                0x0000000000008912       0x70 ./CANopenNode/301/CO_PDO.o
 .text.PDO_initMapping.constprop.3
                0x0000000000008982       0xe6 ./CANopenNode/301/CO_PDO.o
 .text.OD_write_PDO_mapping
                0x0000000000008a68       0xb4 ./CANopenNode/301/CO_PDO.o
 .text.OD_write_18xx
                0x0000000000008b1c      0x184 ./CANopenNode/301/CO_PDO.o
 .text.OD_write_14xx
                0x0000000000008ca0      0x15a ./CANopenNode/301/CO_PDO.o
 .text.CO_RPDO_init
                0x0000000000008dfa      0x172 ./CANopenNode/301/CO_PDO.o
                0x0000000000008dfa                CO_RPDO_init
 .text.CO_RPDO_process
                0x0000000000008f6c      0x114 ./CANopenNode/301/CO_PDO.o
                0x0000000000008f6c                CO_RPDO_process
 .text.CO_TPDO_init
                0x0000000000009080      0x1d2 ./CANopenNode/301/CO_PDO.o
                0x0000000000009080                CO_TPDO_init
 .text.CO_TPDO_process
                0x0000000000009252      0x15e ./CANopenNode/301/CO_PDO.o
                0x0000000000009252                CO_TPDO_process
 .text.CO_SDOserver_init_canRxTx
                0x00000000000093b0       0x82 ./CANopenNode/301/CO_SDOserver.o
 .text.CO_SDO_receive
                0x0000000000009432       0x38 ./CANopenNode/301/CO_SDOserver.o
 .text.readFromOd.isra.1.constprop.5
                0x000000000000946a       0xe2 ./CANopenNode/301/CO_SDOserver.o
 .text.OD_write_1201_additional
                0x000000000000954c      0x158 ./CANopenNode/301/CO_SDOserver.o
 .text.CO_SDOserver_init
                0x00000000000096a4      0x172 ./CANopenNode/301/CO_SDOserver.o
                0x00000000000096a4                CO_SDOserver_init
 .text.CO_SDOserver_process
                0x0000000000009816      0x5e8 ./CANopenNode/301/CO_SDOserver.o
                0x0000000000009816                CO_SDOserver_process
 .text.CO_delete
                0x0000000000009dfe       0x56 ./CANopenNode/CANopen.o
                0x0000000000009dfe                CO_delete
 .text.CO_new   0x0000000000009e54      0x102 ./CANopenNode/CANopen.o
                0x0000000000009e54                CO_new
 .text.CO_CANinit
                0x0000000000009f56       0x36 ./CANopenNode/CANopen.o
                0x0000000000009f56                CO_CANinit
 .text.CO_LSSinit
                0x0000000000009f8c       0x32 ./CANopenNode/CANopen.o
                0x0000000000009f8c                CO_LSSinit
 .text.CO_CANopenInit
                0x0000000000009fbe       0xb8 ./CANopenNode/CANopen.o
                0x0000000000009fbe                CO_CANopenInit
 .text.CO_CANopenInitPDO
                0x000000000000a076       0xea ./CANopenNode/CANopen.o
                0x000000000000a076                CO_CANopenInitPDO
 .text.CO_process
                0x000000000000a160       0x7e ./CANopenNode/CANopen.o
                0x000000000000a160                CO_process
 .text.CO_process_RPDO
                0x000000000000a1de       0x40 ./CANopenNode/CANopen.o
                0x000000000000a1de                CO_process_RPDO
 .text.CO_process_TPDO
                0x000000000000a21e       0x40 ./CANopenNode/CANopen.o
                0x000000000000a21e                CO_process_TPDO
 .text.__muldf3
                0x000000000000a25e      0x4b8 c:/mounriver/mounriver_studio/toolchain/risc-v embedded gcc/bin/../lib/gcc/riscv-none-embed/8.2.0/rv32imacxw/ilp32\libgcc.a(muldf3.o)
                0x000000000000a25e                __muldf3
 .text.__floatunsidf
                0x000000000000a716       0x68 c:/mounriver/mounriver_studio/toolchain/risc-v embedded gcc/bin/../lib/gcc/riscv-none-embed/8.2.0/rv32imacxw/ilp32\libgcc.a(floatunsidf.o)
                0x000000000000a716                __floatunsidf
 .text.__addsf3
                0x000000000000a77e      0x36a c:/mounriver/mounriver_studio/toolchain/risc-v embedded gcc/bin/../lib/gcc/riscv-none-embed/8.2.0/rv32imacxw/ilp32\libgcc.a(addsf3.o)
                0x000000000000a77e                __addsf3
 .text.__divsf3
                0x000000000000aae8      0x2b2 c:/mounriver/mounriver_studio/toolchain/risc-v embedded gcc/bin/../lib/gcc/riscv-none-embed/8.2.0/rv32imacxw/ilp32\libgcc.a(divsf3.o)
                0x000000000000aae8                __divsf3
 .text.__gesf2  0x000000000000ad9a       0x86 c:/mounriver/mounriver_studio/toolchain/risc-v embedded gcc/bin/../lib/gcc/riscv-none-embed/8.2.0/rv32imacxw/ilp32\libgcc.a(gesf2.o)
                0x000000000000ad9a                __gesf2
                0x000000000000ad9a                __gtsf2
 .text.__lesf2  0x000000000000ae20       0x8c c:/mounriver/mounriver_studio/toolchain/risc-v embedded gcc/bin/../lib/gcc/riscv-none-embed/8.2.0/rv32imacxw/ilp32\libgcc.a(lesf2.o)
                0x000000000000ae20                __ltsf2
                0x000000000000ae20                __lesf2
 .text.__mulsf3
                0x000000000000aeac      0x294 c:/mounriver/mounriver_studio/toolchain/risc-v embedded gcc/bin/../lib/gcc/riscv-none-embed/8.2.0/rv32imacxw/ilp32\libgcc.a(mulsf3.o)
                0x000000000000aeac                __mulsf3
 .text.__subsf3
                0x000000000000b140      0x388 c:/mounriver/mounriver_studio/toolchain/risc-v embedded gcc/bin/../lib/gcc/riscv-none-embed/8.2.0/rv32imacxw/ilp32\libgcc.a(subsf3.o)
                0x000000000000b140                __subsf3
 .text.__fixsfsi
                0x000000000000b4c8       0x62 c:/mounriver/mounriver_studio/toolchain/risc-v embedded gcc/bin/../lib/gcc/riscv-none-embed/8.2.0/rv32imacxw/ilp32\libgcc.a(fixsfsi.o)
                0x000000000000b4c8                __fixsfsi
 .text.__fixunssfsi
                0x000000000000b52a       0x56 c:/mounriver/mounriver_studio/toolchain/risc-v embedded gcc/bin/../lib/gcc/riscv-none-embed/8.2.0/rv32imacxw/ilp32\libgcc.a(fixunssfsi.o)
                0x000000000000b52a                __fixunssfsi
 .text.__floatsisf
                0x000000000000b580       0xc6 c:/mounriver/mounriver_studio/toolchain/risc-v embedded gcc/bin/../lib/gcc/riscv-none-embed/8.2.0/rv32imacxw/ilp32\libgcc.a(floatsisf.o)
                0x000000000000b580                __floatsisf
 .text.__floatunsisf
                0x000000000000b646       0xce c:/mounriver/mounriver_studio/toolchain/risc-v embedded gcc/bin/../lib/gcc/riscv-none-embed/8.2.0/rv32imacxw/ilp32\libgcc.a(floatunsisf.o)
                0x000000000000b646                __floatunsisf
 .text.__truncdfsf2
                0x000000000000b714      0x16a c:/mounriver/mounriver_studio/toolchain/risc-v embedded gcc/bin/../lib/gcc/riscv-none-embed/8.2.0/rv32imacxw/ilp32\libgcc.a(truncdfsf2.o)
                0x000000000000b714                __truncdfsf2
 .text.__clzsi2
                0x000000000000b87e       0x6e c:/mounriver/mounriver_studio/toolchain/risc-v embedded gcc/bin/../lib/gcc/riscv-none-embed/8.2.0/rv32imacxw/ilp32\libgcc.a(_clzsi2.o)
                0x000000000000b87e                __clzsi2
 .text.calloc   0x000000000000b8ec        0xc c:/mounriver/mounriver_studio/toolchain/risc-v embedded gcc/bin/../lib/gcc/riscv-none-embed/8.2.0/../../../../riscv-none-embed/lib/rv32imacxw/ilp32\libg_nano.a(lib_a-calloc.o)
                0x000000000000b8ec                calloc
 .text.free     0x000000000000b8f8        0xa c:/mounriver/mounriver_studio/toolchain/risc-v embedded gcc/bin/../lib/gcc/riscv-none-embed/8.2.0/../../../../riscv-none-embed/lib/rv32imacxw/ilp32\libg_nano.a(lib_a-malloc.o)
                0x000000000000b8f8                free
 .text.memcpy   0x000000000000b902       0xb2 c:/mounriver/mounriver_studio/toolchain/risc-v embedded gcc/bin/../lib/gcc/riscv-none-embed/8.2.0/../../../../riscv-none-embed/lib/rv32imacxw/ilp32\libg_nano.a(lib_a-memcpy.o)
                0x000000000000b902                memcpy
 .text.memmove  0x000000000000b9b4       0x46 c:/mounriver/mounriver_studio/toolchain/risc-v embedded gcc/bin/../lib/gcc/riscv-none-embed/8.2.0/../../../../riscv-none-embed/lib/rv32imacxw/ilp32\libg_nano.a(lib_a-memmove.o)
                0x000000000000b9b4                memmove
 .text._calloc_r
                0x000000000000b9fa       0x26 c:/mounriver/mounriver_studio/toolchain/risc-v embedded gcc/bin/../lib/gcc/riscv-none-embed/8.2.0/../../../../riscv-none-embed/lib/rv32imacxw/ilp32\libg_nano.a(lib_a-nano-callocr.o)
                0x000000000000b9fa                _calloc_r
 .text._free_r  0x000000000000ba20       0xa8 c:/mounriver/mounriver_studio/toolchain/risc-v embedded gcc/bin/../lib/gcc/riscv-none-embed/8.2.0/../../../../riscv-none-embed/lib/rv32imacxw/ilp32\libg_nano.a(lib_a-nano-freer.o)
                0x000000000000ba20                _free_r
 .text._malloc_r
                0x000000000000bac8       0xd4 c:/mounriver/mounriver_studio/toolchain/risc-v embedded gcc/bin/../lib/gcc/riscv-none-embed/8.2.0/../../../../riscv-none-embed/lib/rv32imacxw/ilp32\libg_nano.a(lib_a-nano-mallocr.o)
                0x000000000000bac8                _malloc_r
 .text.printf   0x000000000000bb9c       0x40 c:/mounriver/mounriver_studio/toolchain/risc-v embedded gcc/bin/../lib/gcc/riscv-none-embed/8.2.0/../../../../riscv-none-embed/lib/rv32imacxw/ilp32\libg_nano.a(lib_a-printf.o)
                0x000000000000bb9c                iprintf
                0x000000000000bb9c                printf
 .text._puts_r  0x000000000000bbdc       0xd4 c:/mounriver/mounriver_studio/toolchain/risc-v embedded gcc/bin/../lib/gcc/riscv-none-embed/8.2.0/../../../../riscv-none-embed/lib/rv32imacxw/ilp32\libg_nano.a(lib_a-puts.o)
                0x000000000000bbdc                _puts_r
 .text.puts     0x000000000000bcb0        0xc c:/mounriver/mounriver_studio/toolchain/risc-v embedded gcc/bin/../lib/gcc/riscv-none-embed/8.2.0/../../../../riscv-none-embed/lib/rv32imacxw/ilp32\libg_nano.a(lib_a-puts.o)
                0x000000000000bcb0                puts
 .text._sbrk_r  0x000000000000bcbc       0x32 c:/mounriver/mounriver_studio/toolchain/risc-v embedded gcc/bin/../lib/gcc/riscv-none-embed/8.2.0/../../../../riscv-none-embed/lib/rv32imacxw/ilp32\libg_nano.a(lib_a-sbrkr.o)
                0x000000000000bcbc                _sbrk_r
 .text.strlen   0x000000000000bcee       0x12 c:/mounriver/mounriver_studio/toolchain/risc-v embedded gcc/bin/../lib/gcc/riscv-none-embed/8.2.0/../../../../riscv-none-embed/lib/rv32imacxw/ilp32\libg_nano.a(lib_a-strlen.o)
                0x000000000000bcee                strlen
 .text.__swbuf_r
                0x000000000000bd00       0xbc c:/mounriver/mounriver_studio/toolchain/risc-v embedded gcc/bin/../lib/gcc/riscv-none-embed/8.2.0/../../../../riscv-none-embed/lib/rv32imacxw/ilp32\libg_nano.a(lib_a-wbuf.o)
                0x000000000000bd00                __swbuf_r
 .text.__swsetup_r
                0x000000000000bdbc       0xfe c:/mounriver/mounriver_studio/toolchain/risc-v embedded gcc/bin/../lib/gcc/riscv-none-embed/8.2.0/../../../../riscv-none-embed/lib/rv32imacxw/ilp32\libg_nano.a(lib_a-wsetup.o)
                0x000000000000bdbc                __swsetup_r
 .text.__sflush_r
                0x000000000000beba      0x132 c:/mounriver/mounriver_studio/toolchain/risc-v embedded gcc/bin/../lib/gcc/riscv-none-embed/8.2.0/../../../../riscv-none-embed/lib/rv32imacxw/ilp32\libg_nano.a(lib_a-fflush.o)
                0x000000000000beba                __sflush_r
 .text._fflush_r
                0x000000000000bfec       0x66 c:/mounriver/mounriver_studio/toolchain/risc-v embedded gcc/bin/../lib/gcc/riscv-none-embed/8.2.0/../../../../riscv-none-embed/lib/rv32imacxw/ilp32\libg_nano.a(lib_a-fflush.o)
                0x000000000000bfec                _fflush_r
 .text.std      0x000000000000c052       0x66 c:/mounriver/mounriver_studio/toolchain/risc-v embedded gcc/bin/../lib/gcc/riscv-none-embed/8.2.0/../../../../riscv-none-embed/lib/rv32imacxw/ilp32\libg_nano.a(lib_a-findfp.o)
 .text._cleanup_r
                0x000000000000c0b8        0xa c:/mounriver/mounriver_studio/toolchain/risc-v embedded gcc/bin/../lib/gcc/riscv-none-embed/8.2.0/../../../../riscv-none-embed/lib/rv32imacxw/ilp32\libg_nano.a(lib_a-findfp.o)
                0x000000000000c0b8                _cleanup_r
 .text.__sfmoreglue
                0x000000000000c0c2       0x48 c:/mounriver/mounriver_studio/toolchain/risc-v embedded gcc/bin/../lib/gcc/riscv-none-embed/8.2.0/../../../../riscv-none-embed/lib/rv32imacxw/ilp32\libg_nano.a(lib_a-findfp.o)
                0x000000000000c0c2                __sfmoreglue
 .text.__sinit  0x000000000000c10a       0x6c c:/mounriver/mounriver_studio/toolchain/risc-v embedded gcc/bin/../lib/gcc/riscv-none-embed/8.2.0/../../../../riscv-none-embed/lib/rv32imacxw/ilp32\libg_nano.a(lib_a-findfp.o)
                0x000000000000c10a                __sinit
 .text.__sfp    0x000000000000c176       0xa0 c:/mounriver/mounriver_studio/toolchain/risc-v embedded gcc/bin/../lib/gcc/riscv-none-embed/8.2.0/../../../../riscv-none-embed/lib/rv32imacxw/ilp32\libg_nano.a(lib_a-findfp.o)
                0x000000000000c176                __sfp
 .text._fwalk_reent
                0x000000000000c216       0x6a c:/mounriver/mounriver_studio/toolchain/risc-v embedded gcc/bin/../lib/gcc/riscv-none-embed/8.2.0/../../../../riscv-none-embed/lib/rv32imacxw/ilp32\libg_nano.a(lib_a-fwalk.o)
                0x000000000000c216                _fwalk_reent
 .text.__swhatbuf_r
                0x000000000000c280       0x58 c:/mounriver/mounriver_studio/toolchain/risc-v embedded gcc/bin/../lib/gcc/riscv-none-embed/8.2.0/../../../../riscv-none-embed/lib/rv32imacxw/ilp32\libg_nano.a(lib_a-makebuf.o)
                0x000000000000c280                __swhatbuf_r
 .text.__smakebuf_r
                0x000000000000c2d8       0x94 c:/mounriver/mounriver_studio/toolchain/risc-v embedded gcc/bin/../lib/gcc/riscv-none-embed/8.2.0/../../../../riscv-none-embed/lib/rv32imacxw/ilp32\libg_nano.a(lib_a-makebuf.o)
                0x000000000000c2d8                __smakebuf_r
 .text.__malloc_lock
                0x000000000000c36c        0x2 c:/mounriver/mounriver_studio/toolchain/risc-v embedded gcc/bin/../lib/gcc/riscv-none-embed/8.2.0/../../../../riscv-none-embed/lib/rv32imacxw/ilp32\libg_nano.a(lib_a-mlock.o)
                0x000000000000c36c                __malloc_lock
 .text.__malloc_unlock
                0x000000000000c36e        0x2 c:/mounriver/mounriver_studio/toolchain/risc-v embedded gcc/bin/../lib/gcc/riscv-none-embed/8.2.0/../../../../riscv-none-embed/lib/rv32imacxw/ilp32\libg_nano.a(lib_a-mlock.o)
                0x000000000000c36e                __malloc_unlock
 .text.__sfputc_r
                0x000000000000c370       0x28 c:/mounriver/mounriver_studio/toolchain/risc-v embedded gcc/bin/../lib/gcc/riscv-none-embed/8.2.0/../../../../riscv-none-embed/lib/rv32imacxw/ilp32\libg_nano.a(lib_a-nano-vfprintf.o)
 .text.__sfputs_r
                0x000000000000c398       0x42 c:/mounriver/mounriver_studio/toolchain/risc-v embedded gcc/bin/../lib/gcc/riscv-none-embed/8.2.0/../../../../riscv-none-embed/lib/rv32imacxw/ilp32\libg_nano.a(lib_a-nano-vfprintf.o)
                0x000000000000c398                __sfputs_r
 .text._vfprintf_r
                0x000000000000c3da      0x288 c:/mounriver/mounriver_studio/toolchain/risc-v embedded gcc/bin/../lib/gcc/riscv-none-embed/8.2.0/../../../../riscv-none-embed/lib/rv32imacxw/ilp32\libg_nano.a(lib_a-nano-vfprintf.o)
                0x000000000000c3da                _vfprintf_r
                0x000000000000c3da                _vfiprintf_r
 .text._printf_common
                0x000000000000c662      0x10c c:/mounriver/mounriver_studio/toolchain/risc-v embedded gcc/bin/../lib/gcc/riscv-none-embed/8.2.0/../../../../riscv-none-embed/lib/rv32imacxw/ilp32\libg_nano.a(lib_a-nano-vfprintf_i.o)
                0x000000000000c662                _printf_common
 .text._printf_i
                0x000000000000c76e      0x2a2 c:/mounriver/mounriver_studio/toolchain/risc-v embedded gcc/bin/../lib/gcc/riscv-none-embed/8.2.0/../../../../riscv-none-embed/lib/rv32imacxw/ilp32\libg_nano.a(lib_a-nano-vfprintf_i.o)
                0x000000000000c76e                _printf_i
 .text.__sread  0x000000000000ca10       0x2c c:/mounriver/mounriver_studio/toolchain/risc-v embedded gcc/bin/../lib/gcc/riscv-none-embed/8.2.0/../../../../riscv-none-embed/lib/rv32imacxw/ilp32\libg_nano.a(lib_a-stdio.o)
                0x000000000000ca10                __sread
 .text.__swrite
                0x000000000000ca3c       0x48 c:/mounriver/mounriver_studio/toolchain/risc-v embedded gcc/bin/../lib/gcc/riscv-none-embed/8.2.0/../../../../riscv-none-embed/lib/rv32imacxw/ilp32\libg_nano.a(lib_a-stdio.o)
                0x000000000000ca3c                __swrite
 .text.__sseek  0x000000000000ca84       0x30 c:/mounriver/mounriver_studio/toolchain/risc-v embedded gcc/bin/../lib/gcc/riscv-none-embed/8.2.0/../../../../riscv-none-embed/lib/rv32imacxw/ilp32\libg_nano.a(lib_a-stdio.o)
                0x000000000000ca84                __sseek
 .text.__sclose
                0x000000000000cab4        0x6 c:/mounriver/mounriver_studio/toolchain/risc-v embedded gcc/bin/../lib/gcc/riscv-none-embed/8.2.0/../../../../riscv-none-embed/lib/rv32imacxw/ilp32\libg_nano.a(lib_a-stdio.o)
                0x000000000000cab4                __sclose
 .text._write_r
                0x000000000000caba       0x36 c:/mounriver/mounriver_studio/toolchain/risc-v embedded gcc/bin/../lib/gcc/riscv-none-embed/8.2.0/../../../../riscv-none-embed/lib/rv32imacxw/ilp32\libg_nano.a(lib_a-writer.o)
                0x000000000000caba                _write_r
 .text._close_r
                0x000000000000caf0       0x30 c:/mounriver/mounriver_studio/toolchain/risc-v embedded gcc/bin/../lib/gcc/riscv-none-embed/8.2.0/../../../../riscv-none-embed/lib/rv32imacxw/ilp32\libg_nano.a(lib_a-closer.o)
                0x000000000000caf0                _close_r
 .text._fstat_r
                0x000000000000cb20       0x32 c:/mounriver/mounriver_studio/toolchain/risc-v embedded gcc/bin/../lib/gcc/riscv-none-embed/8.2.0/../../../../riscv-none-embed/lib/rv32imacxw/ilp32\libg_nano.a(lib_a-fstatr.o)
                0x000000000000cb20                _fstat_r
 .text._isatty_r
                0x000000000000cb52       0x30 c:/mounriver/mounriver_studio/toolchain/risc-v embedded gcc/bin/../lib/gcc/riscv-none-embed/8.2.0/../../../../riscv-none-embed/lib/rv32imacxw/ilp32\libg_nano.a(lib_a-isattyr.o)
                0x000000000000cb52                _isatty_r
 .text._lseek_r
                0x000000000000cb82       0x34 c:/mounriver/mounriver_studio/toolchain/risc-v embedded gcc/bin/../lib/gcc/riscv-none-embed/8.2.0/../../../../riscv-none-embed/lib/rv32imacxw/ilp32\libg_nano.a(lib_a-lseekr.o)
                0x000000000000cb82                _lseek_r
 .text.memchr   0x000000000000cbb6       0x18 c:/mounriver/mounriver_studio/toolchain/risc-v embedded gcc/bin/../lib/gcc/riscv-none-embed/8.2.0/../../../../riscv-none-embed/lib/rv32imacxw/ilp32\libg_nano.a(lib_a-memchr.o)
                0x000000000000cbb6                memchr
 .text._read_r  0x000000000000cbce       0x34 c:/mounriver/mounriver_studio/toolchain/risc-v embedded gcc/bin/../lib/gcc/riscv-none-embed/8.2.0/../../../../riscv-none-embed/lib/rv32imacxw/ilp32\libg_nano.a(lib_a-readr.o)
                0x000000000000cbce                _read_r
 .text._close   0x000000000000cc02       0x10 c:/mounriver/mounriver_studio/toolchain/risc-v embedded gcc/bin/../lib/gcc/riscv-none-embed/8.2.0/../../../../riscv-none-embed/lib/rv32imacxw/ilp32\libnosys.a(close.o)
                0x000000000000cc02                _close
 .text._fstat   0x000000000000cc12       0x10 c:/mounriver/mounriver_studio/toolchain/risc-v embedded gcc/bin/../lib/gcc/riscv-none-embed/8.2.0/../../../../riscv-none-embed/lib/rv32imacxw/ilp32\libnosys.a(fstat.o)
                0x000000000000cc12                _fstat
 .text._isatty  0x000000000000cc22       0x10 c:/mounriver/mounriver_studio/toolchain/risc-v embedded gcc/bin/../lib/gcc/riscv-none-embed/8.2.0/../../../../riscv-none-embed/lib/rv32imacxw/ilp32\libnosys.a(isatty.o)
                0x000000000000cc22                _isatty
 .text._lseek   0x000000000000cc32       0x10 c:/mounriver/mounriver_studio/toolchain/risc-v embedded gcc/bin/../lib/gcc/riscv-none-embed/8.2.0/../../../../riscv-none-embed/lib/rv32imacxw/ilp32\libnosys.a(lseek.o)
                0x000000000000cc32                _lseek
 .text._read    0x000000000000cc42       0x10 c:/mounriver/mounriver_studio/toolchain/risc-v embedded gcc/bin/../lib/gcc/riscv-none-embed/8.2.0/../../../../riscv-none-embed/lib/rv32imacxw/ilp32\libnosys.a(read.o)
                0x000000000000cc42                _read
 *(.rodata)
 *(.rodata*)
 *fill*         0x000000000000cc52        0x2 
 .rodata.bitrate_table
                0x000000000000cc54       0x10 ./User/DataModel.o
 .rodata.vIncrementSystemCounters.cst4
                0x000000000000cc64        0x8 ./User/DataModel.o
 .rodata.HardFault_Handler.str1.4
                0x000000000000cc6c       0x42 ./User/ch32v20x_it.o
 *fill*         0x000000000000ccae        0x2 
 .rodata.getODValue
                0x000000000000ccb0       0x74 ./User/dash_draw.o
 .rodata.MenuStateCross
                0x000000000000cd24       0x1c ./User/dash_draw.o
 .rodata.dm     0x000000000000cd40       0x3f ./User/dash_draw.o
 *fill*         0x000000000000cd7f        0x1 
 .rodata.getODValue.cst4
                0x000000000000cd80        0x4 ./User/dash_draw.o
                                          0x8 (size before relaxing)
 .rodata.vBarColorMode.cst4
                0x000000000000cd84        0x4 ./User/dash_draw.o
 .rodata.ADC_FSM.cst4
                0x000000000000cd88       0x10 ./User/inputs.o
                                         0x14 (size before relaxing)
 .rodata.ADC_FSM.cst8
                0x000000000000cd98       0x18 ./User/inputs.o
 .rodata.vInputsTask.cst4
                0x000000000000cdb0       0x10 ./User/inputs.o
 .rodata.SetSegDirect
                0x000000000000cdc0       0x1c ./User/led.o
 .rodata.Brigth
                0x000000000000cddc       0x1e ./User/led.o
 *fill*         0x000000000000cdfa        0x2 
 .rodata.DigitMask
                0x000000000000cdfc        0xa ./User/led.o
                0x000000000000cdfc                DigitMask
 *fill*         0x000000000000ce06        0x2 
 .rodata.offset_mask
                0x000000000000ce08        0xe ./User/led.o
 *fill*         0x000000000000ce16        0x2 
 .rodata.step_mask
                0x000000000000ce18        0xe ./User/led.o
 *fill*         0x000000000000ce26        0x2 
 .rodata.OD_ADC1_CAL_extension
                0x000000000000ce28       0x10 ./User/process.o
                0x000000000000ce28                OD_ADC1_CAL_extension
 .rodata.OD_ADC2_CAL_extension
                0x000000000000ce38       0x10 ./User/process.o
                0x000000000000ce38                OD_ADC2_CAL_extension
 .rodata.OD_ADC3_CAL_extension
                0x000000000000ce48       0x10 ./User/process.o
                0x000000000000ce48                OD_ADC3_CAL_extension
 .rodata.OD_AIN_RPM_extension
                0x000000000000ce58       0x10 ./User/process.o
                0x000000000000ce58                OD_AIN_RPM_extension
 .rodata.OD_BAR_extension
                0x000000000000ce68       0x10 ./User/process.o
                0x000000000000ce68                OD_BAR_extension
 .rodata.OD_BOARD_SETTINGS_extension
                0x000000000000ce78       0x10 ./User/process.o
                0x000000000000ce78                OD_BOARD_SETTINGS_extension
 .rodata.OD_DASH_PARAM_extension
                0x000000000000ce88       0x10 ./User/process.o
                0x000000000000ce88                OD_DASH_PARAM_extension
 .rodata.OD_DIN_extension
                0x000000000000ce98       0x10 ./User/process.o
                0x000000000000ce98                OD_DIN_extension
 .rodata.OD_KEY_extension
                0x000000000000cea8       0x10 ./User/process.o
                0x000000000000cea8                OD_KEY_extension
 .rodata.OD_MENU_MAP_extension
                0x000000000000ceb8       0x10 ./User/process.o
                0x000000000000ceb8                OD_MENU_MAP_extension
 .rodata.OD_MENU_SETUP_extension
                0x000000000000cec8       0x10 ./User/process.o
                0x000000000000cec8                OD_MENU_SETUP_extension
 .rodata.OD_RGB10_extension
                0x000000000000ced8       0x10 ./User/process.o
                0x000000000000ced8                OD_RGB10_extension
 .rodata.OD_RGB11_extension
                0x000000000000cee8       0x10 ./User/process.o
                0x000000000000cee8                OD_RGB11_extension
 .rodata.OD_RGB12_extension
                0x000000000000cef8       0x10 ./User/process.o
                0x000000000000cef8                OD_RGB12_extension
 .rodata.OD_RGB13_extension
                0x000000000000cf08       0x10 ./User/process.o
                0x000000000000cf08                OD_RGB13_extension
 .rodata.OD_RGB1_extension
                0x000000000000cf18       0x10 ./User/process.o
                0x000000000000cf18                OD_RGB1_extension
 .rodata.OD_RGB2_extension
                0x000000000000cf28       0x10 ./User/process.o
                0x000000000000cf28                OD_RGB2_extension
 .rodata.OD_RGB3_extension
                0x000000000000cf38       0x10 ./User/process.o
                0x000000000000cf38                OD_RGB3_extension
 .rodata.OD_RGB4_extension
                0x000000000000cf48       0x10 ./User/process.o
                0x000000000000cf48                OD_RGB4_extension
 .rodata.OD_RGB5_extension
                0x000000000000cf58       0x10 ./User/process.o
                0x000000000000cf58                OD_RGB5_extension
 .rodata.OD_RGB6_extension
                0x000000000000cf68       0x10 ./User/process.o
                0x000000000000cf68                OD_RGB6_extension
 .rodata.OD_RGB7_extension
                0x000000000000cf78       0x10 ./User/process.o
                0x000000000000cf78                OD_RGB7_extension
 .rodata.OD_RGB8_extension
                0x000000000000cf88       0x10 ./User/process.o
                0x000000000000cf88                OD_RGB8_extension
 .rodata.OD_RGB9_extension
                0x000000000000cf98       0x10 ./User/process.o
                0x000000000000cf98                OD_RGB9_extension
 .rodata.OD_RGBMAP_extension
                0x000000000000cfa8       0x10 ./User/process.o
                0x000000000000cfa8                OD_RGBMAP_extension
 .rodata.OD_RPMCONFIG_extension
                0x000000000000cfb8       0x10 ./User/process.o
                0x000000000000cfb8                OD_RPMCONFIG_extension
 .rodata.OD_SEG_extension
                0x000000000000cfc8       0x10 ./User/process.o
                0x000000000000cfc8                OD_SEG_extension
 .rodata.OD_VRegiters_extension
                0x000000000000cfd8       0x10 ./User/process.o
                0x000000000000cfd8                OD_VRegiters_extension
 .rodata.writeADC.isra.9.cst4
                0x000000000000cfe8        0x4 ./User/process.o
 .rodata.StartDefaultTask.str1.4
                0x000000000000cfe8        0xf ./User/system_init.o
 *fill*         0x000000000000cff7        0x1 
 .rodata.str1.4
                0x000000000000cff8       0x44 ./User/system_init.o
 .rodata.vInitABFilter.cst4