Archive member included to satisfy reference by file (symbol)

c:/mounriver/mounriver_studio/toolchain/risc-v embedded gcc/bin/../lib/gcc/riscv-none-embed/8.2.0/rv32imacxw/ilp32\libgcc.a(addsf3.o)
                              ./User/DataModel.o (__addsf3)
c:/mounriver/mounriver_studio/toolchain/risc-v embedded gcc/bin/../lib/gcc/riscv-none-embed/8.2.0/rv32imacxw/ilp32\libgcc.a(divsf3.o)
                              ./User/DataModel.o (__divsf3)
c:/mounriver/mounriver_studio/toolchain/risc-v embedded gcc/bin/../lib/gcc/riscv-none-embed/8.2.0/rv32imacxw/ilp32\libgcc.a(eqsf2.o)
                              ./HWLIB/hw_lib_din.o (__nesf2)
c:/mounriver/mounriver_studio/toolchain/risc-v embedded gcc/bin/../lib/gcc/riscv-none-embed/8.2.0/rv32imacxw/ilp32\libgcc.a(gesf2.o)
                              ./User/inputs.o (__gesf2)
c:/mounriver/mounriver_studio/toolchain/risc-v embedded gcc/bin/../lib/gcc/riscv-none-embed/8.2.0/rv32imacxw/ilp32\libgcc.a(lesf2.o)
                              ./HWLIB/hw_lib_adc.o (__lesf2)
c:/mounriver/mounriver_studio/toolchain/risc-v embedded gcc/bin/../lib/gcc/riscv-none-embed/8.2.0/rv32imacxw/ilp32\libgcc.a(mulsf3.o)
                              ./User/dash_draw.o (__mulsf3)
c:/mounriver/mounriver_studio/toolchain/risc-v embedded gcc/bin/../lib/gcc/riscv-none-embed/8.2.0/rv32imacxw/ilp32\libgcc.a(subsf3.o)
                              ./User/inputs.o (__subsf3)
c:/mounriver/mounriver_studio/toolchain/risc-v embedded gcc/bin/../lib/gcc/riscv-none-embed/8.2.0/rv32imacxw/ilp32\libgcc.a(fixsfsi.o)
                              ./User/dash_draw.o (__fixsfsi)
c:/mounriver/mounriver_studio/toolchain/risc-v embedded gcc/bin/../lib/gcc/riscv-none-embed/8.2.0/rv32imacxw/ilp32\libgcc.a(fixunssfsi.o)
                              ./User/DataModel.o (__fixunssfsi)
c:/mounriver/mounriver_studio/toolchain/risc-v embedded gcc/bin/../lib/gcc/riscv-none-embed/8.2.0/rv32imacxw/ilp32\libgcc.a(floatsisf.o)
                              ./User/DataModel.o (__floatsisf)
c:/mounriver/mounriver_studio/toolchain/risc-v embedded gcc/bin/../lib/gcc/riscv-none-embed/8.2.0/rv32imacxw/ilp32\libgcc.a(floatunsisf.o)
                              ./User/DataModel.o (__floatunsisf)
c:/mounriver/mounriver_studio/toolchain/risc-v embedded gcc/bin/../lib/gcc/riscv-none-embed/8.2.0/rv32imacxw/ilp32\libgcc.a(save-restore.o)
                              ./User/inputs.o (__riscv_save_12)
c:/mounriver/mounriver_studio/toolchain/risc-v embedded gcc/bin/../lib/gcc/riscv-none-embed/8.2.0/rv32imacxw/ilp32\libgcc.a(_clzsi2.o)
                              c:/mounriver/mounriver_studio/toolchain/risc-v embedded gcc/bin/../lib/gcc/riscv-none-embed/8.2.0/rv32imacxw/ilp32\libgcc.a(addsf3.o) (__clzsi2)
c:/mounriver/mounriver_studio/toolchain/risc-v embedded gcc/bin/../lib/gcc/riscv-none-embed/8.2.0/rv32imacxw/ilp32\libgcc.a(_clz.o)
                              c:/mounriver/mounriver_studio/toolchain/risc-v embedded gcc/bin/../lib/gcc/riscv-none-embed/8.2.0/rv32imacxw/ilp32\libgcc.a(_clzsi2.o) (__clz_tab)
c:/mounriver/mounriver_studio/toolchain/risc-v embedded gcc/bin/../lib/gcc/riscv-none-embed/8.2.0/../../../../riscv-none-embed/lib/rv32imacxw/ilp32\libg_nano.a(lib_a-calloc.o)
                              ./CANopenNode/CANopen.o (calloc)
c:/mounriver/mounriver_studio/toolchain/risc-v embedded gcc/bin/../lib/gcc/riscv-none-embed/8.2.0/../../../../riscv-none-embed/lib/rv32imacxw/ilp32\libg_nano.a(lib_a-impure.o)
                              c:/mounriver/mounriver_studio/toolchain/risc-v embedded gcc/bin/../lib/gcc/riscv-none-embed/8.2.0/../../../../riscv-none-embed/lib/rv32imacxw/ilp32\libg_nano.a(lib_a-calloc.o) (_impure_ptr)
c:/mounriver/mounriver_studio/toolchain/risc-v embedded gcc/bin/../lib/gcc/riscv-none-embed/8.2.0/../../../../riscv-none-embed/lib/rv32imacxw/ilp32\libg_nano.a(lib_a-malloc.o)
                              ./CANopenNode/CANopen.o (free)
c:/mounriver/mounriver_studio/toolchain/risc-v embedded gcc/bin/../lib/gcc/riscv-none-embed/8.2.0/../../../../riscv-none-embed/lib/rv32imacxw/ilp32\libg_nano.a(lib_a-memcpy.o)
                              ./User/DataModel.o (memcpy)
c:/mounriver/mounriver_studio/toolchain/risc-v embedded gcc/bin/../lib/gcc/riscv-none-embed/8.2.0/../../../../riscv-none-embed/lib/rv32imacxw/ilp32\libg_nano.a(lib_a-memmove.o)
                              ./CANopenNode/301/CO_SDOserver.o (memmove)
c:/mounriver/mounriver_studio/toolchain/risc-v embedded gcc/bin/../lib/gcc/riscv-none-embed/8.2.0/../../../../riscv-none-embed/lib/rv32imacxw/ilp32\libg_nano.a(lib_a-memset.o)
                              ./User/DataModel.o (memset)
c:/mounriver/mounriver_studio/toolchain/risc-v embedded gcc/bin/../lib/gcc/riscv-none-embed/8.2.0/../../../../riscv-none-embed/lib/rv32imacxw/ilp32\libg_nano.a(lib_a-nano-callocr.o)
[...]
Memory Configuration

Name             Origin             Length             Attributes
FLASH            0x0000000000000000 0x0000000000010000 xr
RAM              0x0000000020000000 0x0000000000005000 xrw
*default*        0x0000000000000000 0xffffffffffffffff

Linker script and memory map

LOAD ./User/CanOpenNode.o
LOAD ./User/DataModel.o
LOAD ./User/ch32v20x_it.o
LOAD ./User/dash_draw.o
LOAD ./User/init.o
LOAD ./User/inputs.o
LOAD ./User/led.o
LOAD ./User/main.o
LOAD ./User/process.o
LOAD ./User/system_ch32v20x.o
LOAD ./User/system_init.o
LOAD ./Startup/startup_ch32v20x_D6.o
LOAD ./Peripheral/src/ch32v20x_adc.o
LOAD ./Peripheral/src/ch32v20x_bkp.o
LOAD ./Peripheral/src/ch32v20x_can.o
LOAD ./Peripheral/src/ch32v20x_crc.o
LOAD ./Peripheral/src/ch32v20x_dbgmcu.o
LOAD ./Peripheral/src/ch32v20x_dma.o
LOAD ./Peripheral/src/ch32v20x_exti.o
LOAD ./Peripheral/src/ch32v20x_flash.o
LOAD ./Peripheral/src/ch32v20x_gpio.o
LOAD ./Peripheral/src/ch32v20x_i2c.o
LOAD ./Peripheral/src/ch32v20x_iwdg.o
LOAD ./Peripheral/src/ch32v20x_misc.o
LOAD ./Peripheral/src/ch32v20x_opa.o
LOAD ./Peripheral/src/ch32v20x_pwr.o
LOAD ./Peripheral/src/ch32v20x_rcc.o
LOAD ./Peripheral/src/ch32v20x_rtc.o
LOAD ./Peripheral/src/ch32v20x_spi.o
LOAD ./Peripheral/src/ch32v20x_tim.o
LOAD ./Peripheral/src/ch32v20x_usart.o
LOAD ./Peripheral/src/ch32v20x_wwdg.o
LOAD ./HWLIB/hw_lib_adc.o
LOAD ./HWLIB/hw_lib_din.o
LOAD ./HWLIB/hw_lib_eeprom.o
LOAD ./HAL/hal_adc.o
LOAD ./HAL/hal_can.o
LOAD ./HAL/hal_dma.o
LOAD ./HAL/hal_gpio.o
LOAD ./HAL/hal_i2c.o
LOAD ./HAL/hal_rtc.o
LOAD ./HAL/hal_spi.o
LOAD ./HAL/hal_timers.o
LOAD ./HAL/hal_wdt.o
LOAD ./FreeRTOS/portable/MemMang/heap_4.o
LOAD ./FreeRTOS/portable/GCC/RISC-V/port.o
LOAD ./FreeRTOS/portable/GCC/RISC-V/portASM.o
LOAD ./FreeRTOS/croutine.o
LOAD ./FreeRTOS/event_groups.o
LOAD ./FreeRTOS/list.o
LOAD ./FreeRTOS/queue.o
LOAD ./FreeRTOS/stream_buffer.o
LOAD ./FreeRTOS/tasks.o
LOAD ./FreeRTOS/timers.o
LOAD ./Drivers/filters.o
LOAD ./Debug/debug.o
LOAD ./Core/core_riscv.o
LOAD ./CANopenNode/keypad/CO_driver_ST32F103.o
LOAD ./CANopenNode/keypad/OD.o
LOAD ./CANopenNode/extra/CO_trace.o
LOAD ./CANopenNode/309/CO_gateway_ascii.o
LOAD ./CANopenNode/305/CO_LSSmaster.o
LOAD ./CANopenNode/305/CO_LSSslave.o
LOAD ./CANopenNode/304/CO_GFC.o
LOAD ./CANopenNode/304/CO_SRDO.o
LOAD ./CANopenNode/303/CO_LEDs.o
LOAD ./CANopenNode/301/CO_Emergency.o
LOAD ./CANopenNode/301/CO_HBconsumer.o
LOAD ./CANopenNode/301/CO_NMT_Heartbeat.o
LOAD ./CANopenNode/301/CO_Node_Guarding.o
LOAD ./CANopenNode/301/CO_ODinterface.o
LOAD ./CANopenNode/301/CO_PDO.o
LOAD ./CANopenNode/301/CO_SDOclient.o
LOAD ./CANopenNode/301/CO_SDOserver.o
LOAD ./CANopenNode/301/CO_SYNC.o
LOAD ./CANopenNode/301/CO_TIME.o
LOAD ./CANopenNode/301/CO_fifo.o
LOAD ./CANopenNode/301/crc16-ccitt.o
LOAD ./CANopenNode/CANopen.o
LOAD c:/mounriver/mounriver_studio/toolchain/risc-v embedded gcc/bin/../lib/gcc/riscv-none-embed/8.2.0/../../../../riscv-none-embed/lib/rv32imacxw/ilp32\libm.a
LOAD c:/mounriver/mounriver_studio/toolchain/risc-v embedded gcc/bin/../lib/gcc/riscv-none-embed/8.2.0/rv32imacxw/ilp32\libgcc.a
LOAD c:/mounriver/mounriver_studio/toolchain/risc-v embedded gcc/bin/../lib/gcc/riscv-none-embed/8.2.0/../../../../riscv-none-embed/lib/rv32imacxw/ilp32\libg_nano.a
LOAD c:/mounriver/mounriver_studio/toolchain/risc-v embedded gcc/bin/../lib/gcc/riscv-none-embed/8.2.0/../../../../riscv-none-embed/lib/rv32imacxw/ilp32\libc_nano.a
LOAD c:/mounriver/mounriver_studio/toolchain/risc-v embedded gcc/bin/../lib/gcc/riscv-none-embed/8.2.0/rv32imacxw/ilp32\libgcc.a
START GROUP
LOAD c:/mounriver/mounriver_studio/toolchain/risc-v embedded gcc/bin/../lib/gcc/riscv-none-embed/8.2.0/rv32imacxw/ilp32\libgcc.a
LOAD c:/mounriver/mounriver_studio/toolchain/risc-v embedded gcc/bin/../lib/gcc/riscv-none-embed/8.2.0/../../../../riscv-none-embed/lib/rv32imacxw/ilp32\libc_nano.a
LOAD c:/mounriver/mounriver_studio/toolchain/risc-v embedded gcc/bin/../lib/gcc/riscv-none-embed/8.2.0/../../../../riscv-none-embed/lib/rv32imacxw/ilp32\libnosys.a
END GROUP
START GROUP
LOAD c:/mounriver/mounriver_studio/toolchain/risc-v embedded gcc/bin/../lib/gcc/riscv-none-embed/8.2.0/rv32imacxw/ilp32\libgcc.a
LOAD c:/mounriver/mounriver_studio/toolchain/risc-v embedded gcc/bin/../lib/gcc/riscv-none-embed/8.2.0/../../../../riscv-none-embed/lib/rv32imacxw/ilp32\libc_nano.a
LOAD c:/mounriver/mounriver_studio/toolchain/risc-v embedded gcc/bin/../lib/gcc/riscv-none-embed/8.2.0/../../../../riscv-none-embed/lib/rv32imacxw/ilp32\libnosys.a
END GROUP
                0x0000000000000be8                __stack_size = 0xbe8
                [!provide]                        PROVIDE (_stack_size = __stack_size)

.init           0x0000000000000000       0x38
                0x0000000000000000                _sinit = .
                0x0000000000000000                . = ALIGN (0x4)
 *(SORT_NONE(.init))
 .init          0x0000000000000000       0x38 ./Startup/startup_ch32v20x_D6.o
                0x0000000000000000                _start
                0x0000000000000038                . = ALIGN (0x4)
                0x0000000000000038                _einit = .

.vector         0x0000000000000038      0x108
 *(.vector)
 .vector        0x0000000000000038       0xfc ./Startup/startup_ch32v20x_D6.o
                0x0000000000000140                . = ALIGN (0x40)
 *fill*         0x0000000000000134        0xc 

.text           0x0000000000000200     0xf05c
                0x0000000000000200                . = ALIGN (0x4)
 *(.text)
 .text          0x0000000000000200      0x2ee ./FreeRTOS/portable/GCC/RISC-V/portASM.o
                0x0000000000000200                SW_Handler
                0x0000000000000300                xPortStartFirstTask
                0x0000000000000400                pxPortInitialiseStack
 .text          0x00000000000004ee       0x60 c:/mounriver/mounriver_studio/toolchain/risc-v embedded gcc/bin/../lib/gcc/riscv-none-embed/8.2.0/rv32imacxw/ilp32\libgcc.a(save-restore.o)
                0x00000000000004ee                __riscv_save_12
                0x00000000000004f6                __riscv_save_9
                0x00000000000004f6                __riscv_save_11
                0x00000000000004f6                __riscv_save_10
                0x00000000000004f6                __riscv_save_8
                0x0000000000000504                __riscv_save_4
                0x0000000000000504                __riscv_save_6
                0x0000000000000504                __riscv_save_5
                0x0000000000000504                __riscv_save_7
                0x000000000000051e                __riscv_save_3
                0x000000000000051e                __riscv_save_2
                0x000000000000051e                __riscv_save_1
                0x000000000000051e                __riscv_save_0
                0x000000000000052a                __riscv_restore_12
                0x000000000000052e                __riscv_restore_11
                0x000000000000052e                __riscv_restore_9
                0x000000000000052e                __riscv_restore_10
                0x000000000000052e                __riscv_restore_8
                0x0000000000000538                __riscv_restore_5
                0x0000000000000538                __riscv_restore_7
                0x0000000000000538                __riscv_restore_6
                0x0000000000000538                __riscv_restore_4
                0x0000000000000542                __riscv_restore_3
                0x0000000000000542                __riscv_restore_0
                0x0000000000000542                __riscv_restore_2
                0x0000000000000542                __riscv_restore_1
 .text          0x000000000000054e       0xa8 c:/mounriver/mounriver_studio/toolchain/risc-v embedded gcc/bin/../lib/gcc/riscv-none-embed/8.2.0/../../../../riscv-none-embed/lib/rv32imacxw/ilp32\libg_nano.a(lib_a-memset.o)
                0x000000000000054e                memset
 *(.text.*)
 .text.xCanOpenProcessTaskHandle
                0x00000000000005f6        0xa ./User/CanOpenNode.o
                0x00000000000005f6                xCanOpenProcessTaskHandle
 .text.xCanOpenPeriodicTaskHandle
                0x0000000000000600        0xa ./User/CanOpenNode.o
                0x0000000000000600                xCanOpenPeriodicTaskHandle
 .text.vCanOpenInit
                0x000000000000060a        0xa ./User/CanOpenNode.o
                0x000000000000060a                vCanOpenInit
 .text.vCanOpenProcess
                0x0000000000000614      0x192 ./User/CanOpenNode.o
                0x0000000000000614                vCanOpenProcess
 .text.vCanOpenPeriodicProcess
                0x00000000000007a6       0x82 ./User/CanOpenNode.o
                0x00000000000007a6                vCanOpenPeriodicProcess
 .text.xDataRegQueue
                0x0000000000000828        0xa ./User/DataModel.o
                0x0000000000000828                xDataRegQueue
 .text.vDataModelRegDelayWrite
                0x0000000000000832       0x34 ./User/DataModel.o
                0x0000000000000832                vDataModelRegDelayWrite
 .text.setReg32
                0x0000000000000866       0x1a ./User/DataModel.o
                0x0000000000000866                setReg32
 .text.setReg16
                0x0000000000000880        0xe ./User/DataModel.o
                0x0000000000000880                setReg16
 .text.setReg8  0x000000000000088e        0xa ./User/DataModel.o
                0x000000000000088e                setReg8
 .text.SaveReg16
                0x0000000000000898       0x14 ./User/DataModel.o
                0x0000000000000898                SaveReg16
 .text.getReg16
                0x00000000000008ac       0x10 ./User/DataModel.o
                0x00000000000008ac                getReg16
 .text.DataModel_Init
                0x00000000000008bc      0x380 ./User/DataModel.o
                0x00000000000008bc                DataModel_Init
 .text.getReg32
                0x0000000000000c3c       0x1c ./User/DataModel.o
                0x0000000000000c3c                getReg32
 .text.getReg8  0x0000000000000c58        0xa ./User/DataModel.o
                0x0000000000000c58                getReg8
 .text.WriteRegAfterDelay
                0x0000000000000c62       0x60 ./User/DataModel.o
                0x0000000000000c62                WriteRegAfterDelay
 .text.WriteReg
                0x0000000000000cc2       0x56 ./User/DataModel.o
                0x0000000000000cc2                WriteReg
 .text.vGetBitrate
                0x0000000000000d18       0x2a ./User/DataModel.o
                0x0000000000000d18                vGetBitrate
 .text.vFDGetNMTState
                0x0000000000000d42        0x6 ./User/DataModel.o
                0x0000000000000d42                vFDGetNMTState
 .text.vGetNodeId
                0x0000000000000d48        0x6 ./User/DataModel.o
                0x0000000000000d48                vGetNodeId
 .text.vIncrementSystemCounters
                0x0000000000000d4e       0x66 ./User/DataModel.o
                0x0000000000000d4e                vIncrementSystemCounters
 .text.vSaveData
                0x0000000000000db4       0x2a ./User/DataModel.o
                0x0000000000000db4                vSaveData
 .text.getOdometr
                0x0000000000000dde       0x12 ./User/DataModel.o
                0x0000000000000dde                getOdometr
 .text.NMI_Handler
                0x0000000000000df0        0x2 ./User/ch32v20x_it.o
                0x0000000000000df0                NMI_Handler
 .text.HardFault_Handler
                0x0000000000000df2        0x2 ./User/ch32v20x_it.o
                0x0000000000000df2                HardFault_Handler
 .text.SegPrint
                0x0000000000000df4       0x5a ./User/dash_draw.o
 .text.xProcessTaskHandle
                0x0000000000000e4e        0xa ./User/dash_draw.o
                0x0000000000000e4e                xProcessTaskHandle
 .text.vSetErrorReg
                0x0000000000000e58        0xa ./User/dash_draw.o
                0x0000000000000e58                vSetErrorReg
 .text.getODValue
                0x0000000000000e62      0x130 ./User/dash_draw.o
                0x0000000000000e62                getODValue
 .text.IncMenuIndex
                0x0000000000000f92       0x80 ./User/dash_draw.o
                0x0000000000000f92                IncMenuIndex
 .text.GoToHome
                0x0000000000001012       0x12 ./User/dash_draw.o
                0x0000000000001012                GoToHome
 .text.SetCurMenuHome
                0x0000000000001024       0x1e ./User/dash_draw.o
                0x0000000000001024                SetCurMenuHome
 .text.GetCurMenuHome
                0x0000000000001042        0x6 ./User/dash_draw.o
                0x0000000000001042                GetCurMenuHome
 .text.SetCurrentMenu
                0x0000000000001048       0x12 ./User/dash_draw.o
                0x0000000000001048                SetCurrentMenu
 .text.SetDefault
                0x000000000000105a       0x28 ./User/dash_draw.o
                0x000000000000105a                SetDefault
 .text.MenuBackHomeCheck
                0x0000000000001082       0x38 ./User/dash_draw.o
                0x0000000000001082                MenuBackHomeCheck
 .text.CheckMenuChannel
                0x00000000000010ba       0x20 ./User/dash_draw.o
                0x00000000000010ba                CheckMenuChannel
 .text.vDashDrawInit
                0x00000000000010da       0x7c ./User/dash_draw.o
                0x00000000000010da                vDashDrawInit
 .text.vMenuBlink
                0x0000000000001156       0x4a ./User/dash_draw.o
                0x0000000000001156                vMenuBlink
 .text.SetErrorRegiter
                0x00000000000011a0       0x5e ./User/dash_draw.o
                0x00000000000011a0                SetErrorRegiter
 .text.uGetCurrMenu
                0x00000000000011fe       0x26 ./User/dash_draw.o
                0x00000000000011fe                uGetCurrMenu
 .text.vGetEdgeData
                0x0000000000001224       0x2a ./User/dash_draw.o
                0x0000000000001224                vGetEdgeData
 .text.checkLedState
                0x000000000000124e       0x3a ./User/dash_draw.o
 .text.vRGBMode
                0x0000000000001288       0x72 ./User/dash_draw.o
                0x0000000000001288                vRGBMode
 .text.vBarColorMode
                0x00000000000012fa       0xc2 ./User/dash_draw.o
                0x00000000000012fa                vBarColorMode
 .text.vBarWindowMode
                0x00000000000013bc       0x5a ./User/dash_draw.o
                0x00000000000013bc                vBarWindowMode
 .text.vBarMode
                0x0000000000001416       0x66 ./User/dash_draw.o
                0x0000000000001416                vBarMode
 .text.RedrawNotifyTaskToInit
                0x000000000000147c       0x28 ./User/dash_draw.o
                0x000000000000147c                RedrawNotifyTaskToInit
 .text.vRedrawTask
                0x00000000000014a4      0x552 ./User/dash_draw.o
                0x00000000000014a4                vRedrawTask
 .text.vInit_DeviceConfig
                0x00000000000019f6      0x132 ./User/init.o
                0x00000000000019f6                vInit_DeviceConfig
 .text.ADC1_Event
                0x0000000000001b28       0x48 ./User/inputs.o
                0x0000000000001b28                ADC1_Event
 .text.CaptureDMACallBack
                0x0000000000001b70       0x30 ./User/inputs.o
                0x0000000000001b70                CaptureDMACallBack
 .text.CaptureDMACallBack_1
                0x0000000000001ba0       0x30 ./User/inputs.o
                0x0000000000001ba0                CaptureDMACallBack_1
 .text.fDinStateCallback
                0x0000000000001bd0       0x32 ./User/inputs.o
                0x0000000000001bd0                fDinStateCallback
 .text.vSetDoutState
                0x0000000000001c02       0x28 ./User/inputs.o
                0x0000000000001c02                vSetDoutState
 .text.getInputsTaskHandle
                0x0000000000001c2a        0xa ./User/inputs.o
                0x0000000000001c2a                getInputsTaskHandle
 .text.InputsNotifyTaskToInit
                0x0000000000001c34       0x28 ./User/inputs.o
                0x0000000000001c34                InputsNotifyTaskToInit
 .text.ADC1_Init
                0x0000000000001c5c       0x54 ./User/inputs.o
                0x0000000000001c5c                ADC1_Init
 .text.ADC_FSM  0x0000000000001cb0       0xfe ./User/inputs.o
                0x0000000000001cb0                ADC_FSM
 .text.GetAIN   0x0000000000001dae        0xc ./User/inputs.o
                0x0000000000001dae                GetAIN
 .text.vInputsTask
                0x0000000000001dba      0x2a4 ./User/inputs.o
                0x0000000000001dba                vInputsTask
 .text.SPI1_DMA_Callback
                0x000000000000205e       0x38 ./User/led.o
                0x000000000000205e                SPI1_DMA_Callback
 .text.SPI2_DMA_Callback
                0x0000000000002096       0x3e ./User/led.o
                0x0000000000002096                SPI2_DMA_Callback
 .text.SetBarState
                0x00000000000020d4       0x50 ./User/led.o
                0x00000000000020d4                SetBarState
 .text.SetRGB   0x0000000000002124       0x4e ./User/led.o
                0x0000000000002124                SetRGB
 .text.SetSegDirect
                0x0000000000002172       0x9c ./User/led.o
                0x0000000000002172                SetSegDirect
 .text.SetSegPoint
                0x000000000000220e       0x22 ./User/led.o
                0x000000000000220e                SetSegPoint
 .text.SetSEG   0x0000000000002230      0x120 ./User/led.o
                0x0000000000002230                SetSEG
 .text.SetBigSeg
                0x0000000000002350       0x14 ./User/led.o
                0x0000000000002350                SetBigSeg
 .text.vSetBrigth
                0x0000000000002364       0x2a ./User/led.o
                0x0000000000002364                vSetBrigth
 .text.vLedDriverStart
                0x000000000000238e       0x62 ./User/led.o
                0x000000000000238e                vLedDriverStart
 .text.vLedProcess
                0x00000000000023f0       0x24 ./User/led.o
                0x00000000000023f0                vLedProcess
 .text.vRGBProcess
                0x0000000000002414       0xe8 ./User/led.o
                0x0000000000002414                vRGBProcess
 .text.startup.main
                0x00000000000024fc       0x20 ./User/main.o
                0x00000000000024fc                main
 .text.vRestartNode
                0x000000000000251c        0x2 ./User/main.o
                0x000000000000251c                vRestartNode
 .text.Error_Handler
                0x000000000000251e        0x8 ./User/main.o
                0x000000000000251e                Error_Handler
 .text.OD_writeRGBMAP
                0x0000000000002526       0x30 ./User/process.o
 .text.OD_readRGBMAP
                0x0000000000002556       0x22 ./User/process.o
 .text.OD_readDIN
                0x0000000000002578       0x1c ./User/process.o
 .text.OD_writeMenuSetup
                0x0000000000002594       0x46 ./User/process.o
 .text.OD_writeBoardSettings
                0x00000000000025da       0x78 ./User/process.o
 .text.CO_getUint16
                0x0000000000002652       0x10 ./User/process.o
 .text.OD_writeSEG
                0x0000000000002662       0x44 ./User/process.o
 .text.OD_writeBAR
                0x00000000000026a6       0x30 ./User/process.o
 .text.OD_writeRPMConfig
                0x00000000000026d6       0x36 ./User/process.o
 .text.CO_getUint32
                0x000000000000270c       0x18 ./User/process.o
 .text.OD_writeMenuMap
                0x0000000000002724       0x30 ./User/process.o
 .text.OD_writeV1_14
                0x0000000000002754       0x56 ./User/process.o
 .text.OD_writeDashParam
                0x00000000000027aa       0x44 ./User/process.o
 .text.WriteRGB.isra.2
                0x00000000000027ee       0x3a ./User/process.o
 .text.OD_writeRGB1
                0x0000000000002828       0x14 ./User/process.o
 .text.OD_writeRGB2
                0x000000000000283c       0x16 ./User/process.o
 .text.OD_writeRGB3
                0x0000000000002852       0x16 ./User/process.o
 .text.OD_writeRGB4
                0x0000000000002868       0x16 ./User/process.o
 .text.OD_writeRGB5
                0x000000000000287e       0x16 ./User/process.o
 .text.OD_writeRGB6
                0x0000000000002894       0x16 ./User/process.o
 .text.OD_writeRGB7
                0x00000000000028aa       0x16 ./User/process.o
 .text.OD_writeRGB8
                0x00000000000028c0       0x16 ./User/process.o
 .text.OD_writeRGB9
                0x00000000000028d6       0x16 ./User/process.o
 .text.OD_writeRGB10
                0x00000000000028ec       0x16 ./User/process.o
 .text.OD_writeRGB11
                0x0000000000002902       0x16 ./User/process.o
 .text.OD_writeRGB12
                0x0000000000002918       0x16 ./User/process.o
 .text.OD_writeRGB13
                0x000000000000292e       0x16 ./User/process.o
 .text.OD_readBoardSettings
                0x0000000000002944       0x2c ./User/process.o
 .text.readADC.isra.6
                0x0000000000002970       0x84 ./User/process.o
 .text.OD_readADC1
                0x00000000000029f4       0x10 ./User/process.o
 .text.OD_readADC2
                0x0000000000002a04       0x10 ./User/process.o
 .text.OD_readADC3
                0x0000000000002a14       0x10 ./User/process.o
 .text.OD_readMenuSetup
                0x0000000000002a24       0x30 ./User/process.o
 .text.writeADC.isra.9
                0x0000000000002a54       0xde ./User/process.o
 .text.OD_writeADC1
                0x0000000000002b32       0x10 ./User/process.o
 .text.OD_writeADC2
                0x0000000000002b42       0x10 ./User/process.o
 .text.OD_writeADC3
                0x0000000000002b52       0x10 ./User/process.o
 .text.OD_readRGB.isra.5
                0x0000000000002b62       0x22 ./User/process.o
 .text.OD_readRGB1
                0x0000000000002b84       0x10 ./User/process.o
 .text.OD_readRGB2
                0x0000000000002b94       0x12 ./User/process.o
 .text.OD_readRGB3
                0x0000000000002ba6       0x12 ./User/process.o
 .text.OD_readRGB4
                0x0000000000002bb8       0x12 ./User/process.o
 .text.OD_readRGB5
                0x0000000000002bca       0x12 ./User/process.o
 .text.OD_readRGB6
                0x0000000000002bdc       0x12 ./User/process.o
 .text.OD_readRGB7
                0x0000000000002bee       0x12 ./User/process.o
 .text.OD_readRGB8
                0x0000000000002c00       0x12 ./User/process.o
 .text.OD_readRGB9
                0x0000000000002c12       0x12 ./User/process.o
 .text.OD_readRGB10
                0x0000000000002c24       0x12 ./User/process.o
 .text.OD_readRGB11
                0x0000000000002c36       0x12 ./User/process.o
 .text.OD_readRGB12
                0x0000000000002c48       0x12 ./User/process.o
 .text.OD_readRGB13
                0x0000000000002c5a       0x12 ./User/process.o
 .text.OD_readAIN_RPM
                0x0000000000002c6c       0x26 ./User/process.o
 .text.OD_readMenuMap
                0x0000000000002c92       0x2c ./User/process.o
 .text.OD_readRPMConfig
                0x0000000000002cbe       0x2a ./User/process.o
 .text.OD_readBar
                0x0000000000002ce8       0x28 ./User/process.o
 .text.OD_readDashParam
                0x0000000000002d10       0x4c ./User/process.o
 .text.OD_readSEG
                0x0000000000002d5c       0x34 ./User/process.o
 .text.vProceesInit
                0x0000000000002d90      0x1ba ./User/process.o
                0x0000000000002d90                vProceesInit
 .text.SystemInit
                0x0000000000002f4a       0xee ./User/system_ch32v20x.o
                0x0000000000002f4a                SystemInit
 .text.SystemCoreClockUpdate
                0x0000000000003038       0x92 ./User/system_ch32v20x.o
                0x0000000000003038                SystemCoreClockUpdate
 .text.StartDefaultTask
                0x00000000000030ca       0x96 ./User/system_init.o
 .text.vApplicationGetIdleTaskMemory
                0x0000000000003160       0x1c ./User/system_init.o
                0x0000000000003160                vApplicationGetIdleTaskMemory
 .text.vApplicationGetTimerTaskMemory
                0x000000000000317c       0x1c ./User/system_init.o
                0x000000000000317c                vApplicationGetTimerTaskMemory
 .text.vSYStaskInit
                0x0000000000003198      0x110 ./User/system_init.o
                0x0000000000003198                vSYStaskInit
 .text.vSYSqueueInit
                0x00000000000032a8       0x2a ./User/system_init.o
                0x00000000000032a8                vSYSqueueInit
 .text.vector_handler
                0x00000000000032d2       0x6c ./Startup/startup_ch32v20x_D6.o
                0x00000000000032d6                Ecall_M_Mode_Handler
                0x00000000000032d8                Ecall_U_Mode_Handler
                0x00000000000032da                Break_Point_Handler
                0x00000000000032e0                WWDG_IRQHandler
                0x00000000000032e2                PVD_IRQHandler
                0x00000000000032e4                TAMPER_IRQHandler
                0x00000000000032e8                FLASH_IRQHandler
                0x00000000000032ea                RCC_IRQHandler
                0x00000000000032ec                EXTI0_IRQHandler
                0x00000000000032ee                EXTI1_IRQHandler
                0x00000000000032f0                EXTI2_IRQHandler
                0x00000000000032f2                EXTI3_IRQHandler
                0x00000000000032f4                EXTI4_IRQHandler
                0x00000000000032f8                DMA1_Channel2_IRQHandler
                0x0000000000003300                DMA1_Channel6_IRQHandler
                0x000000000000330e                EXTI9_5_IRQHandler
                0x0000000000003310                TIM1_BRK_IRQHandler
                0x0000000000003314                TIM1_TRG_COM_IRQHandler
                0x0000000000003326                SPI1_IRQHandler
                0x0000000000003328                SPI2_IRQHandler
                0x000000000000332a                USART1_IRQHandler
                0x000000000000332c                USART2_IRQHandler
                0x000000000000332e                USART3_IRQHandler
                0x0000000000003330                EXTI15_10_IRQHandler
                0x0000000000003332                RTCAlarm_IRQHandler
                0x0000000000003334                USBWakeUp_IRQHandler
                0x0000000000003336                USBHD_IRQHandler
                0x0000000000003338                USBHDWakeUp_IRQHandler
                0x000000000000333a                UART4_IRQHandler
                0x000000000000333c                DMA1_Channel8_IRQHandler
 .text.handle_reset
                0x000000000000333e       0x92 ./Startup/startup_ch32v20x_D6.o
                0x000000000000333e                handle_reset
 .text.ADC_DeInit
                0x00000000000033d0       0x46 ./Peripheral/src/ch32v20x_adc.o
                0x00000000000033d0                ADC_DeInit
 .text.ADC_Init
                0x0000000000003416       0x56 ./Peripheral/src/ch32v20x_adc.o
                0x0000000000003416                ADC_Init
 .text.ADC_Cmd  0x000000000000346c       0x10 ./Peripheral/src/ch32v20x_adc.o
                0x000000000000346c                ADC_Cmd
 .text.ADC_DMACmd
                0x000000000000347c       0x12 ./Peripheral/src/ch32v20x_adc.o
                0x000000000000347c                ADC_DMACmd
 .text.ADC_ResetCalibration
                0x000000000000348e        0xa ./Peripheral/src/ch32v20x_adc.o
                0x000000000000348e                ADC_ResetCalibration
 .text.ADC_GetResetCalibrationStatus
                0x0000000000003498        0x8 ./Peripheral/src/ch32v20x_adc.o
                0x0000000000003498                ADC_GetResetCalibrationStatus
 .text.ADC_StartCalibration
                0x00000000000034a0        0xa ./Peripheral/src/ch32v20x_adc.o
                0x00000000000034a0                ADC_StartCalibration
 .text.ADC_GetCalibrationStatus
                0x00000000000034aa        0x8 ./Peripheral/src/ch32v20x_adc.o
                0x00000000000034aa                ADC_GetCalibrationStatus
 .text.ADC_SoftwareStartConvCmd
                0x00000000000034b2       0x18 ./Peripheral/src/ch32v20x_adc.o
                0x00000000000034b2                ADC_SoftwareStartConvCmd
 .text.ADC_RegularChannelConfig
                0x00000000000034ca       0xb8 ./Peripheral/src/ch32v20x_adc.o
                0x00000000000034ca                ADC_RegularChannelConfig
 .text.ADC_ExternalTrigConvCmd
                0x0000000000003582       0x18 ./Peripheral/src/ch32v20x_adc.o
                0x0000000000003582                ADC_ExternalTrigConvCmd
 .text.ADC_GetITStatus
                0x000000000000359a       0x1c ./Peripheral/src/ch32v20x_adc.o
                0x000000000000359a                ADC_GetITStatus
 .text.ADC_ClearITPendingBit
                0x00000000000035b6        0xa ./Peripheral/src/ch32v20x_adc.o
                0x00000000000035b6                ADC_ClearITPendingBit
 .text.ADC_BufferCmd
                0x00000000000035c0       0x18 ./Peripheral/src/ch32v20x_adc.o
                0x00000000000035c0                ADC_BufferCmd
 .text.Get_CalibrationValue
                0x00000000000035d8      0x1fe ./Peripheral/src/ch32v20x_adc.o
                0x00000000000035d8                Get_CalibrationValue
 .text.BKP_DeInit
                0x00000000000037d6       0x14 ./Peripheral/src/ch32v20x_bkp.o
                0x00000000000037d6                BKP_DeInit
 .text.CAN_Init
                0x00000000000037ea       0xe8 ./Peripheral/src/ch32v20x_can.o
                0x00000000000037ea                CAN_Init
 .text.CAN_FilterInit
                0x00000000000038d2      0x118 ./Peripheral/src/ch32v20x_can.o
                0x00000000000038d2                CAN_FilterInit
 .text.CAN_Transmit
                0x00000000000039ea       0xbc ./Peripheral/src/ch32v20x_can.o
                0x00000000000039ea                CAN_Transmit
 .text.CAN_OperatingModeRequest
                0x0000000000003aa6       0x72 ./Peripheral/src/ch32v20x_can.o
                0x0000000000003aa6                CAN_OperatingModeRequest
 .text.CAN_ITConfig
                0x0000000000003b18       0x12 ./Peripheral/src/ch32v20x_can.o
                0x0000000000003b18                CAN_ITConfig
 .text.CAN_GetFlagStatus
                0x0000000000003b2a       0x56 ./Peripheral/src/ch32v20x_can.o
                0x0000000000003b2a                CAN_GetFlagStatus
 .text.CAN_ClearFlag
                0x0000000000003b80       0x40 ./Peripheral/src/ch32v20x_can.o
                0x0000000000003b80                CAN_ClearFlag
 .text.CAN_ClearITPendingBit
                0x0000000000003bc0       0x94 ./Peripheral/src/ch32v20x_can.o
                0x0000000000003bc0                CAN_ClearITPendingBit
 .text.DMA_Init
                0x0000000000003c54       0x38 ./Peripheral/src/ch32v20x_dma.o
                0x0000000000003c54                DMA_Init
 .text.DMA_Cmd  0x0000000000003c8c       0x14 ./Peripheral/src/ch32v20x_dma.o
                0x0000000000003c8c                DMA_Cmd
 .text.DMA_ITConfig
                0x0000000000003ca0       0x12 ./Peripheral/src/ch32v20x_dma.o
                0x0000000000003ca0                DMA_ITConfig
 .text.DMA_SetCurrDataCounter
                0x0000000000003cb2        0x4 ./Peripheral/src/ch32v20x_dma.o
                0x0000000000003cb2                DMA_SetCurrDataCounter
 .text.DMA_GetFlagStatus
                0x0000000000003cb6        0xe ./Peripheral/src/ch32v20x_dma.o
                0x0000000000003cb6                DMA_GetFlagStatus
 .text.DMA_GetITStatus
                0x0000000000003cc4        0xc ./Peripheral/src/ch32v20x_dma.o
                0x0000000000003cc4                DMA_GetITStatus
 .text.DMA_ClearITPendingBit
                0x0000000000003cd0        0x8 ./Peripheral/src/ch32v20x_dma.o
                0x0000000000003cd0                DMA_ClearITPendingBit
 .text.GPIO_Init
                0x0000000000003cd8       0xfa ./Peripheral/src/ch32v20x_gpio.o
                0x0000000000003cd8                GPIO_Init
 .text.GPIO_ReadInputDataBit
                0x0000000000003dd2       0x1e ./Peripheral/src/ch32v20x_gpio.o
                0x0000000000003dd2                GPIO_ReadInputDataBit
 .text.GPIO_SetBits
                0x0000000000003df0       0x18 ./Peripheral/src/ch32v20x_gpio.o
                0x0000000000003df0                GPIO_SetBits
 .text.GPIO_ResetBits
                0x0000000000003e08       0x18 ./Peripheral/src/ch32v20x_gpio.o
                0x0000000000003e08                GPIO_ResetBits
 .text.GPIO_PinRemapConfig
                0x0000000000003e20       0xf2 ./Peripheral/src/ch32v20x_gpio.o
                0x0000000000003e20                GPIO_PinRemapConfig
 .text.I2C_Init
                0x0000000000003f12       0xf2 ./Peripheral/src/ch32v20x_i2c.o
                0x0000000000003f12                I2C_Init
 .text.I2C_Cmd  0x0000000000004004       0x18 ./Peripheral/src/ch32v20x_i2c.o
                0x0000000000004004                I2C_Cmd
 .text.I2C_GenerateSTART
                0x000000000000401c       0x1a ./Peripheral/src/ch32v20x_i2c.o
                0x000000000000401c                I2C_GenerateSTART
 .text.I2C_GenerateSTOP
                0x0000000000004036       0x1a ./Peripheral/src/ch32v20x_i2c.o
                0x0000000000004036                I2C_GenerateSTOP
 .text.I2C_AcknowledgeConfig
                0x0000000000004050       0x1a ./Peripheral/src/ch32v20x_i2c.o
                0x0000000000004050                I2C_AcknowledgeConfig
 .text.I2C_DualAddressCmd
                0x000000000000406a       0x18 ./Peripheral/src/ch32v20x_i2c.o
                0x000000000000406a                I2C_DualAddressCmd
 .text.I2C_ITConfig
                0x0000000000004082       0x12 ./Peripheral/src/ch32v20x_i2c.o
                0x0000000000004082                I2C_ITConfig
 .text.I2C_SendData
                0x0000000000004094        0x4 ./Peripheral/src/ch32v20x_i2c.o
                0x0000000000004094                I2C_SendData
 .text.I2C_ReceiveData
                0x0000000000004098        0x8 ./Peripheral/src/ch32v20x_i2c.o
                0x0000000000004098                I2C_ReceiveData
 .text.I2C_Send7bitAddress
                0x00000000000040a0       0x12 ./Peripheral/src/ch32v20x_i2c.o
                0x00000000000040a0                I2C_Send7bitAddress
 .text.I2C_ReadRegister
                0x00000000000040b2       0x14 ./Peripheral/src/ch32v20x_i2c.o
                0x00000000000040b2                I2C_ReadRegister
 .text.I2C_GetFlagStatus
                0x00000000000040c6       0x32 ./Peripheral/src/ch32v20x_i2c.o
                0x00000000000040c6                I2C_GetFlagStatus
 .text.I2C_ClearFlag
                0x00000000000040f8        0xc ./Peripheral/src/ch32v20x_i2c.o
                0x00000000000040f8                I2C_ClearFlag
 .text.NVIC_PriorityGroupConfig
                0x0000000000004104        0xa ./Peripheral/src/ch32v20x_misc.o
                0x0000000000004104                NVIC_PriorityGroupConfig
 .text.NVIC_Init
                0x000000000000410e       0xaa ./Peripheral/src/ch32v20x_misc.o
                0x000000000000410e                NVIC_Init
 .text.PWR_BackupAccessCmd
                0x00000000000041b8       0x16 ./Peripheral/src/ch32v20x_pwr.o
                0x00000000000041b8                PWR_BackupAccessCmd
 .text.RCC_ADCCLKConfig
                0x00000000000041ce       0x12 ./Peripheral/src/ch32v20x_rcc.o
                0x00000000000041ce                RCC_ADCCLKConfig
 .text.RCC_LSEConfig
                0x00000000000041e0       0x28 ./Peripheral/src/ch32v20x_rcc.o
                0x00000000000041e0                RCC_LSEConfig
 .text.RCC_RTCCLKConfig
                0x0000000000004208        0xc ./Peripheral/src/ch32v20x_rcc.o
                0x0000000000004208                RCC_RTCCLKConfig
 .text.RCC_RTCCLKCmd
                0x0000000000004214       0x20 ./Peripheral/src/ch32v20x_rcc.o
                0x0000000000004214                RCC_RTCCLKCmd
 .text.RCC_GetClocksFreq
                0x0000000000004234       0xbe ./Peripheral/src/ch32v20x_rcc.o
                0x0000000000004234                RCC_GetClocksFreq
 .text.RCC_AHBPeriphClockCmd
                0x00000000000042f2       0x1e ./Peripheral/src/ch32v20x_rcc.o
                0x00000000000042f2                RCC_AHBPeriphClockCmd
 .text.RCC_APB2PeriphClockCmd
                0x0000000000004310       0x1e ./Peripheral/src/ch32v20x_rcc.o
                0x0000000000004310                RCC_APB2PeriphClockCmd
 .text.RCC_APB1PeriphClockCmd
                0x000000000000432e       0x1e ./Peripheral/src/ch32v20x_rcc.o
                0x000000000000432e                RCC_APB1PeriphClockCmd
 .text.RCC_APB2PeriphResetCmd
                0x000000000000434c       0x1e ./Peripheral/src/ch32v20x_rcc.o
                0x000000000000434c                RCC_APB2PeriphResetCmd
 .text.RCC_APB1PeriphResetCmd
                0x000000000000436a       0x1e ./Peripheral/src/ch32v20x_rcc.o
                0x000000000000436a                RCC_APB1PeriphResetCmd
 .text.RCC_BackupResetCmd
                0x0000000000004388       0x20 ./Peripheral/src/ch32v20x_rcc.o
                0x0000000000004388                RCC_BackupResetCmd
 .text.RCC_GetFlagStatus
                0x00000000000043a8       0x2e ./Peripheral/src/ch32v20x_rcc.o
                0x00000000000043a8                RCC_GetFlagStatus
 .text.RTC_ITConfig
                0x00000000000043d6       0x1a ./Peripheral/src/ch32v20x_rtc.o
                0x00000000000043d6                RTC_ITConfig
 .text.RTC_EnterConfigMode
                0x00000000000043f0       0x12 ./Peripheral/src/ch32v20x_rtc.o
                0x00000000000043f0                RTC_EnterConfigMode
 .text.RTC_ExitConfigMode
                0x0000000000004402       0x18 ./Peripheral/src/ch32v20x_rtc.o
                0x0000000000004402                RTC_ExitConfigMode
 .text.RTC_SetPrescaler
                0x000000000000441a       0x2e ./Peripheral/src/ch32v20x_rtc.o
                0x000000000000441a                RTC_SetPrescaler
 .text.RTC_WaitForLastTask
                0x0000000000004448       0x10 ./Peripheral/src/ch32v20x_rtc.o
                0x0000000000004448                RTC_WaitForLastTask
 .text.RTC_WaitForSynchro
                0x0000000000004458       0x24 ./Peripheral/src/ch32v20x_rtc.o
                0x0000000000004458                RTC_WaitForSynchro
 .text.RTC_ClearFlag
                0x000000000000447c       0x14 ./Peripheral/src/ch32v20x_rtc.o
                0x000000000000447c                RTC_ClearFlag
 .text.RTC_GetITStatus
                0x0000000000004490       0x20 ./Peripheral/src/ch32v20x_rtc.o
                0x0000000000004490                RTC_GetITStatus
 .text.RTC_ClearITPendingBit
                0x00000000000044b0        0xc ./Peripheral/src/ch32v20x_rtc.o
                0x00000000000044b0                RTC_ClearITPendingBit
 .text.SPI_Init
                0x00000000000044bc       0x3e ./Peripheral/src/ch32v20x_spi.o
                0x00000000000044bc                SPI_Init
 .text.SPI_Cmd  0x00000000000044fa       0x1a ./Peripheral/src/ch32v20x_spi.o
                0x00000000000044fa                SPI_Cmd
 .text.SPI_I2S_DMACmd
                0x0000000000004514       0x12 ./Peripheral/src/ch32v20x_spi.o
                0x0000000000004514                SPI_I2S_DMACmd
 .text.SPI_I2S_GetFlagStatus
                0x0000000000004526        0xa ./Peripheral/src/ch32v20x_spi.o
                0x0000000000004526                SPI_I2S_GetFlagStatus
 .text.TI1_Config
                0x0000000000004530       0x6a ./Peripheral/src/ch32v20x_tim.o
 .text.TI2_Config
                0x000000000000459a       0x82 ./Peripheral/src/ch32v20x_tim.o
 .text.TIM_DeInit
                0x000000000000461c       0x8a ./Peripheral/src/ch32v20x_tim.o
                0x000000000000461c                TIM_DeInit
 .text.TIM_TimeBaseInit
                0x00000000000046a6       0x6a ./Peripheral/src/ch32v20x_tim.o
                0x00000000000046a6                TIM_TimeBaseInit
 .text.TIM_OC1Init
                0x0000000000004710       0x6a ./Peripheral/src/ch32v20x_tim.o
                0x0000000000004710                TIM_OC1Init
 .text.TIM_OC2Init
                0x000000000000477a       0x96 ./Peripheral/src/ch32v20x_tim.o
                0x000000000000477a                TIM_OC2Init
 .text.TIM_OC3Init
                0x0000000000004810       0x94 ./Peripheral/src/ch32v20x_tim.o
                0x0000000000004810                TIM_OC3Init
 .text.TIM_OC4Init
                0x00000000000048a4       0x6c ./Peripheral/src/ch32v20x_tim.o
                0x00000000000048a4                TIM_OC4Init
 .text.TIM_TimeBaseStructInit
                0x0000000000004910       0x16 ./Peripheral/src/ch32v20x_tim.o
                0x0000000000004910                TIM_TimeBaseStructInit
 .text.TIM_Cmd  0x0000000000004926       0x18 ./Peripheral/src/ch32v20x_tim.o
                0x0000000000004926                TIM_Cmd
 .text.TIM_CtrlPWMOutputs
                0x000000000000493e       0x16 ./Peripheral/src/ch32v20x_tim.o
                0x000000000000493e                TIM_CtrlPWMOutputs
 .text.TIM_ITConfig
                0x0000000000004954       0x12 ./Peripheral/src/ch32v20x_tim.o
                0x0000000000004954                TIM_ITConfig
 .text.TIM_DMACmd
                0x0000000000004966        0xc ./Peripheral/src/ch32v20x_tim.o
                0x0000000000004966                TIM_DMACmd
 .text.TIM_InternalClockConfig
                0x0000000000004972       0x10 ./Peripheral/src/ch32v20x_tim.o
                0x0000000000004972                TIM_InternalClockConfig
 .text.TIM_ARRPreloadConfig
                0x0000000000004982       0x1a ./Peripheral/src/ch32v20x_tim.o
                0x0000000000004982                TIM_ARRPreloadConfig
 .text.TIM_OC1PreloadConfig
                0x000000000000499c        0xe ./Peripheral/src/ch32v20x_tim.o
                0x000000000000499c                TIM_OC1PreloadConfig
 .text.TIM_OC2PreloadConfig
                0x00000000000049aa       0x16 ./Peripheral/src/ch32v20x_tim.o
                0x00000000000049aa                TIM_OC2PreloadConfig
 .text.TIM_OC3PreloadConfig
                0x00000000000049c0        0xe ./Peripheral/src/ch32v20x_tim.o
                0x00000000000049c0                TIM_OC3PreloadConfig
 .text.TIM_OC4PreloadConfig
                0x00000000000049ce       0x16 ./Peripheral/src/ch32v20x_tim.o
                0x00000000000049ce                TIM_OC4PreloadConfig
 .text.TIM_SetIC1Prescaler
                0x00000000000049e4       0x16 ./Peripheral/src/ch32v20x_tim.o
                0x00000000000049e4                TIM_SetIC1Prescaler
 .text.TIM_SetIC2Prescaler
                0x00000000000049fa       0x1a ./Peripheral/src/ch32v20x_tim.o
                0x00000000000049fa                TIM_SetIC2Prescaler
 .text.TIM_SetIC3Prescaler
                0x0000000000004a14       0x16 ./Peripheral/src/ch32v20x_tim.o
                0x0000000000004a14                TIM_SetIC3Prescaler
 .text.TIM_SetIC4Prescaler
                0x0000000000004a2a       0x1a ./Peripheral/src/ch32v20x_tim.o
                0x0000000000004a2a                TIM_SetIC4Prescaler
 .text.TIM_ICInit
                0x0000000000004a44      0x168 ./Peripheral/src/ch32v20x_tim.o
                0x0000000000004a44                TIM_ICInit
 .text.TIM_GetCapture3
                0x0000000000004bac        0x4 ./Peripheral/src/ch32v20x_tim.o
                0x0000000000004bac                TIM_GetCapture3
 .text.TIM_GetCapture4
                0x0000000000004bb0        0x6 ./Peripheral/src/ch32v20x_tim.o
                0x0000000000004bb0                TIM_GetCapture4
 .text.TIM_GetFlagStatus
                0x0000000000004bb6        0xa ./Peripheral/src/ch32v20x_tim.o
                0x0000000000004bb6                TIM_GetFlagStatus
 .text.TIM_ClearFlag
                0x0000000000004bc0        0xc ./Peripheral/src/ch32v20x_tim.o
                0x0000000000004bc0                TIM_ClearFlag
 .text.TIM_GetITStatus
                0x0000000000004bcc       0x18 ./Peripheral/src/ch32v20x_tim.o
                0x0000000000004bcc                TIM_GetITStatus
 .text.TIM_ClearITPendingBit
                0x0000000000004be4        0xc ./Peripheral/src/ch32v20x_tim.o
                0x0000000000004be4                TIM_ClearITPendingBit
 .text.USART_SendData
                0x0000000000004bf0        0x8 ./Peripheral/src/ch32v20x_usart.o
                0x0000000000004bf0                USART_SendData
 .text.USART_GetFlagStatus
                0x0000000000004bf8        0xa ./Peripheral/src/ch32v20x_usart.o
                0x0000000000004bf8                USART_GetFlagStatus
 .text.vAINInit
                0x0000000000004c02       0x36 ./HWLIB/hw_lib_adc.o
                0x0000000000004c02                vAINInit
 .text.fGetAinCalData
                0x0000000000004c38       0xa4 ./HWLIB/hw_lib_adc.o
                0x0000000000004c38                fGetAinCalData
 .text.eAinCalDataConfig
                0x0000000000004cdc       0x48 ./HWLIB/hw_lib_adc.o
                0x0000000000004cdc                eAinCalDataConfig
 .text.vABLineKoofFinde
                0x0000000000004d24       0x6a ./HWLIB/hw_lib_adc.o
                0x0000000000004d24                vABLineKoofFinde
 .text.eSetAinCalPoint
                0x0000000000004d8e       0x64 ./HWLIB/hw_lib_adc.o
                0x0000000000004d8e                eSetAinCalPoint
 .text.getADC1Buffer
                0x0000000000004df2        0xa ./HWLIB/hw_lib_adc.o
                0x0000000000004df2                getADC1Buffer
 .text.eDOUTConfigWtihStruct
                0x0000000000004dfc       0x1a ./HWLIB/hw_lib_din.o
                0x0000000000004dfc                eDOUTConfigWtihStruct
 .text.eSetDUT  0x0000000000004e16       0x12 ./HWLIB/hw_lib_din.o
                0x0000000000004e16                eSetDUT
 .text.eDinConfigWtihStruct
                0x0000000000004e28       0x34 ./HWLIB/hw_lib_din.o
                0x0000000000004e28                eDinConfigWtihStruct
 .text.uGetDIN  0x0000000000004e5c       0x14 ./HWLIB/hw_lib_din.o
                0x0000000000004e5c                uGetDIN
 .text.eRPMConfig
                0x0000000000004e70       0x5a ./HWLIB/hw_lib_din.o
                0x0000000000004e70                eRPMConfig
 .text.RMPDataConvert
                0x0000000000004eca       0x78 ./HWLIB/hw_lib_din.o
                0x0000000000004eca                RMPDataConvert
 .text.getCaputreBuffer
                0x0000000000004f42       0x16 ./HWLIB/hw_lib_din.o
                0x0000000000004f42                getCaputreBuffer
 .text.GetRPM   0x0000000000004f58       0x74 ./HWLIB/hw_lib_din.o
                0x0000000000004f58                GetRPM
 .text.xGetRPM  0x0000000000004fcc       0x72 ./HWLIB/hw_lib_din.o
                0x0000000000004fcc                xGetRPM
 .text.vDinDoutProcess
                0x000000000000503e       0x98 ./HWLIB/hw_lib_din.o
                0x000000000000503e                vDinDoutProcess
 .text.xGetEEPROM
                0x00000000000050d6        0xa ./HWLIB/hw_lib_eeprom.o
                0x00000000000050d6                xGetEEPROM
 .text.eEEPROMWr
                0x00000000000050e0       0xae ./HWLIB/hw_lib_eeprom.o
                0x00000000000050e0                eEEPROMWr
 .text.eEEPROMRd
                0x000000000000518e       0x34 ./HWLIB/hw_lib_eeprom.o
                0x000000000000518e                eEEPROMRd
 .text.bReadEEPROM
                0x00000000000051c2       0x1a ./HWLIB/hw_lib_eeprom.o
                0x00000000000051c2                bReadEEPROM
 .text.Get_ConversionVal
                0x00000000000051dc       0x2e ./HAL/hal_adc.o
                0x00000000000051dc                Get_ConversionVal
 .text.HAL_ADC_CommonConfig
                0x000000000000520a        0xe ./HAL/hal_adc.o
                0x000000000000520a                HAL_ADC_CommonConfig
 .text.HAL_ADC_ContiniusScanCinvertionDMA
                0x0000000000005218       0xda ./HAL/hal_adc.o
                0x0000000000005218                HAL_ADC_ContiniusScanCinvertionDMA
 .text.ADC1_2_IRQHandler
                0x00000000000052f2       0x74 ./HAL/hal_adc.o
                0x00000000000052f2                ADC1_2_IRQHandler
 .text.HAL_CANSetTXCallback
                0x0000000000005366        0xa ./HAL/hal_can.o
                0x0000000000005366                HAL_CANSetTXCallback
 .text.HAL_CANSetRXCallback
                0x0000000000005370        0xa ./HAL/hal_can.o
                0x0000000000005370                HAL_CANSetRXCallback
 .text.HAL_CANSetERRCallback
                0x000000000000537a        0xa ./HAL/hal_can.o
                0x000000000000537a                HAL_CANSetERRCallback
 .text.HAL_CANIntIT
                0x0000000000005384      0x108 ./HAL/hal_can.o
                0x0000000000005384                HAL_CANIntIT
 .text.HAL_CANToInitMode
                0x000000000000548c       0x16 ./HAL/hal_can.o
                0x000000000000548c                HAL_CANToInitMode
 .text.HAL_CANToOperatingMode
                0x00000000000054a2       0x16 ./HAL/hal_can.o
                0x00000000000054a2                HAL_CANToOperatingMode
 .text.HAL_CANSend
                0x00000000000054b8       0x50 ./HAL/hal_can.o
                0x00000000000054b8                HAL_CANSend
 .text.HAL_CANSetFiters
                0x0000000000005508       0x3a ./HAL/hal_can.o
                0x0000000000005508                HAL_CANSetFiters
 .text.HAL_CANGetRXMessage
                0x0000000000005542       0xae ./HAL/hal_can.o
                0x0000000000005542                HAL_CANGetRXMessage
 .text.USB_HP_CAN1_TX_IRQHandler
                0x00000000000055f0       0xd6 ./HAL/hal_can.o
                0x00000000000055f0                USB_HP_CAN1_TX_IRQHandler
 .text.USB_LP_CAN1_RX0_IRQHandler
                0x00000000000056c6       0x62 ./HAL/hal_can.o
                0x00000000000056c6                USB_LP_CAN1_RX0_IRQHandler
 .text.CAN1_RX1_IRQHandler
                0x0000000000005728       0x64 ./HAL/hal_can.o
                0x0000000000005728                CAN1_RX1_IRQHandler
 .text.CAN1_SCE_IRQHandler
                0x000000000000578c       0x62 ./HAL/hal_can.o
                0x000000000000578c                CAN1_SCE_IRQHandler
 .text.HAL_DMA_Disable
                0x00000000000057ee        0xc ./HAL/hal_dma.o
                0x00000000000057ee                HAL_DMA_Disable
 .text.HAL_DMA_SetCouterAndEnable
                0x00000000000057fa        0xc ./HAL/hal_dma.o
                0x00000000000057fa                HAL_DMA_SetCouterAndEnable
 .text.HAL_DMAInitIT
                0x0000000000005806      0x128 ./HAL/hal_dma.o
                0x0000000000005806                HAL_DMAInitIT
 .text.HAL_ADC_StartDMA
                0x000000000000592e       0x60 ./HAL/hal_dma.o
                0x000000000000592e                HAL_ADC_StartDMA
 .text.DMA1_Channel1_IRQHandler
                0x000000000000598e       0x64 ./HAL/hal_dma.o
                0x000000000000598e                DMA1_Channel1_IRQHandler
 .text.DMA1_Channel3_IRQHandler
                0x00000000000059f2       0x68 ./HAL/hal_dma.o
                0x00000000000059f2                DMA1_Channel3_IRQHandler
 .text.DMA1_Channel5_IRQHandler
                0x0000000000005a5a       0x66 ./HAL/hal_dma.o
                0x0000000000005a5a                DMA1_Channel5_IRQHandler
 .text.DMA1_Channel4_IRQHandler
                0x0000000000005ac0       0x64 ./HAL/hal_dma.o
                0x0000000000005ac0                DMA1_Channel4_IRQHandler
 .text.DMA1_Channel7_IRQHandler
                0x0000000000005b24       0x68 ./HAL/hal_dma.o
                0x0000000000005b24                DMA1_Channel7_IRQHandler
 .text.HAL_InitRCC
                0x0000000000005b8c       0x48 ./HAL/hal_gpio.o
 .text.HAL_InitGpioOut
                0x0000000000005bd4       0x28 ./HAL/hal_gpio.o
                0x0000000000005bd4                HAL_InitGpioOut
 .text.HAL_InitGpioAIN
                0x0000000000005bfc       0x26 ./HAL/hal_gpio.o
                0x0000000000005bfc                HAL_InitGpioAIN
 .text.HAL_InitGpioIn
                0x0000000000005c22       0x28 ./HAL/hal_gpio.o
                0x0000000000005c22                HAL_InitGpioIn
 .text.HAL_InitGpioAF
                0x0000000000005c4a       0x3c ./HAL/hal_gpio.o
                0x0000000000005c4a                HAL_InitGpioAF
 .text.HAL_GetBit
                0x0000000000005c86        0xc ./HAL/hal_gpio.o
                0x0000000000005c86                HAL_GetBit
 .text.HAL_SetBit
                0x0000000000005c92        0xc ./HAL/hal_gpio.o
                0x0000000000005c92                HAL_SetBit
 .text.HAL_ResetBit
                0x0000000000005c9e        0xc ./HAL/hal_gpio.o
                0x0000000000005c9e                HAL_ResetBit
 .text.I2C_Master_TransmitIT
                0x0000000000005caa       0xa0 ./HAL/hal_i2c.o
 .text.I2C_Master_ReviceIT
                0x0000000000005d4a       0x9e ./HAL/hal_i2c.o
 .text.I2C_FSM  0x0000000000005de8      0x1d6 ./HAL/hal_i2c.o
 .text.InitI2CDMA
                0x0000000000005fbe      0x102 ./HAL/hal_i2c.o
                0x0000000000005fbe                InitI2CDMA
 .text.I2C1_EV_IRQHandler
                0x00000000000060c0       0x4c ./HAL/hal_i2c.o
                0x00000000000060c0                I2C1_EV_IRQHandler
 .text.I2C1_ER_IRQHandler
                0x000000000000610c       0x4c ./HAL/hal_i2c.o
                0x000000000000610c                I2C1_ER_IRQHandler
 .text.I2C2_EV_IRQHandler
                0x0000000000006158       0x4c ./HAL/hal_i2c.o
                0x0000000000006158                I2C2_EV_IRQHandler
 .text.I2C2_ER_IRQHandler
                0x00000000000061a4       0x4c ./HAL/hal_i2c.o
                0x00000000000061a4                I2C2_ER_IRQHandler
 .text.HAL_RTC_IT_Init
                0x00000000000061f0       0xb0 ./HAL/hal_rtc.o
                0x00000000000061f0                HAL_RTC_IT_Init
 .text.RTC_IRQHandler
                0x00000000000062a0       0x68 ./HAL/hal_rtc.o
                0x00000000000062a0                RTC_IRQHandler
 .text.HAL_SPI_InitDMA
                0x0000000000006308       0x92 ./HAL/hal_spi.o
                0x0000000000006308                HAL_SPI_InitDMA
 .text.HAL_SPI_RXOveleyClear
                0x000000000000639a        0x8 ./HAL/hal_spi.o
                0x000000000000639a                HAL_SPI_RXOveleyClear
 .text.HAL_SPI_GetBusy
                0x00000000000063a2       0x16 ./HAL/hal_spi.o
                0x00000000000063a2                HAL_SPI_GetBusy
 .text.vTimerInitRCC
                0x00000000000063b8       0x3e ./HAL/hal_timers.o
 .text.TIM1_CC_IRQHandler
                0x00000000000063f6       0xea ./HAL/hal_timers.o
                0x00000000000063f6                TIM1_CC_IRQHandler
 .text.TIM1_UP_IRQHandler
                0x00000000000064e0       0x74 ./HAL/hal_timers.o
                0x00000000000064e0                TIM1_UP_IRQHandler
 .text.TIM4_IRQHandler
                0x0000000000006554       0x74 ./HAL/hal_timers.o
                0x0000000000006554                TIM4_IRQHandler
 .text.TIM3_IRQHandler
                0x00000000000065c8       0x74 ./HAL/hal_timers.o
                0x00000000000065c8                TIM3_IRQHandler
 .text.TIM2_IRQHandler
                0x000000000000663c       0x6c ./HAL/hal_timers.o
                0x000000000000663c                TIM2_IRQHandler
 .text.HAL_TiemrEneblae
                0x00000000000066a8       0x1c ./HAL/hal_timers.o
                0x00000000000066a8                HAL_TiemrEneblae
 .text.HW_TIMER_BaseTimerInit
                0x00000000000066c4       0x60 ./HAL/hal_timers.o
                0x00000000000066c4                HW_TIMER_BaseTimerInit
 .text.HAL_TIMER_InitIt
                0x0000000000006724       0xa4 ./HAL/hal_timers.o
                0x0000000000006724                HAL_TIMER_InitIt
 .text.HAL_TIMER_PWMTimersInit
                0x00000000000067c8       0xec ./HAL/hal_timers.o
                0x00000000000067c8                HAL_TIMER_PWMTimersInit
 .text.HAL_TimeInitCaptureDMA
                0x00000000000068b4       0xe6 ./HAL/hal_timers.o
                0x00000000000068b4                HAL_TimeInitCaptureDMA
 .text.HAL_TIMER_DisablePWMCH
                0x000000000000699a       0x1c ./HAL/hal_timers.o
                0x000000000000699a                HAL_TIMER_DisablePWMCH
 .text.HAL_TIMER_SetPWMPulse
                0x00000000000069b6       0x80 ./HAL/hal_timers.o
                0x00000000000069b6                HAL_TIMER_SetPWMPulse
 .text.HAL_TIMER_EnablePWMCH
                0x0000000000006a36       0x1c ./HAL/hal_timers.o
                0x0000000000006a36                HAL_TIMER_EnablePWMCH
 .text.HAL_WDTReset
                0x0000000000006a52        0x2 ./HAL/hal_wdt.o
                0x0000000000006a52                HAL_WDTReset
 .text.prvInsertBlockIntoFreeList
                0x0000000000006a54       0x48 ./FreeRTOS/portable/MemMang/heap_4.o
 .text.pvPortMalloc
                0x0000000000006a9c      0x182 ./FreeRTOS/portable/MemMang/heap_4.o
                0x0000000000006a9c                pvPortMalloc
 .text.vPortFree
                0x0000000000006c1e       0xa8 ./FreeRTOS/portable/MemMang/heap_4.o
                0x0000000000006c1e                vPortFree
 .text.vPortSetupTimerInterrupt
                0x0000000000006cc6       0x3e ./FreeRTOS/portable/GCC/RISC-V/port.o
                0x0000000000006cc6                vPortSetupTimerInterrupt
 .text.xPortStartScheduler
                0x0000000000006d04       0x90 ./FreeRTOS/portable/GCC/RISC-V/port.o
                0x0000000000006d04                xPortStartScheduler
 .text.SysTick_Handler
                0x0000000000006d94       0x7c ./FreeRTOS/portable/GCC/RISC-V/port.o
                0x0000000000006d94                SysTick_Handler
 .text.vPortEnterCritical
                0x0000000000006e10       0x16 ./FreeRTOS/portable/GCC/RISC-V/port.o
                0x0000000000006e10                vPortEnterCritical
 .text.vPortExitCritical
                0x0000000000006e26       0x42 ./FreeRTOS/portable/GCC/RISC-V/port.o
                0x0000000000006e26                vPortExitCritical
 .text.xPortSetInterruptMask
                0x0000000000006e68        0xc ./FreeRTOS/portable/GCC/RISC-V/port.o
                0x0000000000006e68                xPortSetInterruptMask
 .text.vPortClearInterruptMask
                0x0000000000006e74        0x6 ./FreeRTOS/portable/GCC/RISC-V/port.o
                0x0000000000006e74                vPortClearInterruptMask
 .text.vListInitialise
                0x0000000000006e7a       0x14 ./FreeRTOS/list.o
                0x0000000000006e7a                vListInitialise
 .text.vListInitialiseItem
                0x0000000000006e8e        0x6 ./FreeRTOS/list.o
                0x0000000000006e8e                vListInitialiseItem
 .text.vListInsertEnd
                0x0000000000006e94       0x18 ./FreeRTOS/list.o
                0x0000000000006e94                vListInsertEnd
 .text.vListInsert
                0x0000000000006eac       0x2e ./FreeRTOS/list.o
                0x0000000000006eac                vListInsert
 .text.uxListRemove
                0x0000000000006eda       0x20 ./FreeRTOS/list.o
                0x0000000000006eda                uxListRemove
 .text.prvIsQueueEmpty
                0x0000000000006efa       0x1e ./FreeRTOS/queue.o
 .text.prvCopyDataToQueue
                0x0000000000006f18       0x72 ./FreeRTOS/queue.o
 .text.prvCopyDataFromQueue
                0x0000000000006f8a       0x28 ./FreeRTOS/queue.o
 .text.prvUnlockQueue
                0x0000000000006fb2       0x76 ./FreeRTOS/queue.o
 .text.xQueueGenericReset
                0x0000000000007028       0xc4 ./FreeRTOS/queue.o
                0x0000000000007028                xQueueGenericReset
 .text.xQueueGenericCreateStatic
                0x00000000000070ec       0xae ./FreeRTOS/queue.o
                0x00000000000070ec                xQueueGenericCreateStatic
 .text.xQueueGenericCreate
                0x000000000000719a       0x72 ./FreeRTOS/queue.o
                0x000000000000719a                xQueueGenericCreate
 .text.xQueueGenericSend
                0x000000000000720c      0x1a8 ./FreeRTOS/queue.o
                0x000000000000720c                xQueueGenericSend
 .text.xQueueGiveMutexRecursive
                0x00000000000073b4       0x56 ./FreeRTOS/queue.o
                0x00000000000073b4                xQueueGiveMutexRecursive
 .text.xQueueCreateMutex
                0x000000000000740a       0x2e ./FreeRTOS/queue.o
                0x000000000000740a                xQueueCreateMutex
 .text.xQueueReceive
                0x0000000000007438      0x166 ./FreeRTOS/queue.o
                0x0000000000007438                xQueueReceive
 .text.xQueueSemaphoreTake
                0x000000000000759e      0x1be ./FreeRTOS/queue.o
                0x000000000000759e                xQueueSemaphoreTake
 .text.xQueueTakeMutexRecursive
                0x000000000000775c       0x5a ./FreeRTOS/queue.o
                0x000000000000775c                xQueueTakeMutexRecursive
 .text.uxQueueMessagesWaiting
                0x00000000000077b6       0x44 ./FreeRTOS/queue.o
                0x00000000000077b6                uxQueueMessagesWaiting
 .text.vQueueAddToRegistry
                0x00000000000077fa       0x6c ./FreeRTOS/queue.o
                0x00000000000077fa                vQueueAddToRegistry
 .text.vQueueWaitForMessageRestricted
                0x0000000000007866       0x5c ./FreeRTOS/queue.o
                0x0000000000007866                vQueueWaitForMessageRestricted
 .text.prvIdleTask
                0x00000000000078c2        0x2 ./FreeRTOS/tasks.o
 .text.prvAddNewTaskToReadyList
                0x00000000000078c4       0xf6 ./FreeRTOS/tasks.o
 .text.prvResetNextTaskUnblockTime
                0x00000000000079ba       0x1c ./FreeRTOS/tasks.o
 .text.prvTaskIsTaskSuspended
                0x00000000000079d6       0x50 ./FreeRTOS/tasks.o
 .text.prvInitialiseNewTask.isra.2
                0x0000000000007a26       0xc8 ./FreeRTOS/tasks.o
 .text.prvAddCurrentTaskToDelayedList
                0x0000000000007aee       0x98 ./FreeRTOS/tasks.o
 .text.xTaskCreateStatic
                0x0000000000007b86       0xa6 ./FreeRTOS/tasks.o
                0x0000000000007b86                xTaskCreateStatic
 .text.vTaskResume
                0x0000000000007c2c       0xa2 ./FreeRTOS/tasks.o
                0x0000000000007c2c                vTaskResume
 .text.vTaskStartScheduler
                0x0000000000007cce       0x90 ./FreeRTOS/tasks.o
                0x0000000000007cce                vTaskStartScheduler
 .text.vTaskSuspendAll
                0x0000000000007d5e        0xc ./FreeRTOS/tasks.o
                0x0000000000007d5e                vTaskSuspendAll
 .text.xTaskGetTickCount
                0x0000000000007d6a        0x6 ./FreeRTOS/tasks.o
                0x0000000000007d6a                xTaskGetTickCount
 .text.xTaskIncrementTick
                0x0000000000007d70      0x180 ./FreeRTOS/tasks.o
                0x0000000000007d70                xTaskIncrementTick
 .text.xTaskResumeAll
                0x0000000000007ef0      0x148 ./FreeRTOS/tasks.o
                0x0000000000007ef0                xTaskResumeAll
 .text.vTaskDelay
                0x0000000000008038       0x62 ./FreeRTOS/tasks.o
                0x0000000000008038                vTaskDelay
 .text.vTaskSwitchContext
                0x000000000000809a       0x8a ./FreeRTOS/tasks.o
                0x000000000000809a                vTaskSwitchContext
 .text.vTaskSuspend
                0x0000000000008124       0xde ./FreeRTOS/tasks.o
                0x0000000000008124                vTaskSuspend
 .text.vTaskPlaceOnEventList
                0x0000000000008202       0x44 ./FreeRTOS/tasks.o
                0x0000000000008202                vTaskPlaceOnEventList
 .text.vTaskPlaceOnEventListRestricted
                0x0000000000008246       0x72 ./FreeRTOS/tasks.o
                0x0000000000008246                vTaskPlaceOnEventListRestricted
 .text.xTaskRemoveFromEventList
                0x00000000000082b8       0xdc ./FreeRTOS/tasks.o
                0x00000000000082b8                xTaskRemoveFromEventList
 .text.vTaskInternalSetTimeOutState
                0x0000000000008394        0xe ./FreeRTOS/tasks.o
                0x0000000000008394                vTaskInternalSetTimeOutState
 .text.xTaskCheckForTimeOut
                0x00000000000083a2       0xaa ./FreeRTOS/tasks.o
                0x00000000000083a2                xTaskCheckForTimeOut
 .text.vTaskMissedYield
                0x000000000000844c        0x8 ./FreeRTOS/tasks.o
                0x000000000000844c                vTaskMissedYield
 .text.xTaskGetCurrentTaskHandle
                0x0000000000008454        0x6 ./FreeRTOS/tasks.o
                0x0000000000008454                xTaskGetCurrentTaskHandle
 .text.xTaskGetSchedulerState
                0x000000000000845a       0x14 ./FreeRTOS/tasks.o
                0x000000000000845a                xTaskGetSchedulerState
 .text.xTaskPriorityInherit
                0x000000000000846e       0xa6 ./FreeRTOS/tasks.o
                0x000000000000846e                xTaskPriorityInherit
 .text.xTaskPriorityDisinherit
                0x0000000000008514       0xc2 ./FreeRTOS/tasks.o
                0x0000000000008514                xTaskPriorityDisinherit
 .text.vTaskPriorityDisinheritAfterTimeout
                0x00000000000085d6       0xde ./FreeRTOS/tasks.o
                0x00000000000085d6                vTaskPriorityDisinheritAfterTimeout
 .text.pvTaskIncrementMutexHeldCount
                0x00000000000086b4       0x18 ./FreeRTOS/tasks.o
                0x00000000000086b4                pvTaskIncrementMutexHeldCount
 .text.ulTaskGenericNotifyTake
                0x00000000000086cc       0xb4 ./FreeRTOS/tasks.o
                0x00000000000086cc                ulTaskGenericNotifyTake
 .text.xTaskGenericNotifyWait
                0x0000000000008780       0xe2 ./FreeRTOS/tasks.o
                0x0000000000008780                xTaskGenericNotifyWait
 .text.xTaskGenericNotify
                0x0000000000008862      0x1a8 ./FreeRTOS/tasks.o
                0x0000000000008862                xTaskGenericNotify
 .text.xTaskGenericNotifyFromISR
                0x0000000000008a0a      0x1e0 ./FreeRTOS/tasks.o
                0x0000000000008a0a                xTaskGenericNotifyFromISR
 .text.ulTaskGenericNotifyValueClear
                0x0000000000008bea       0x3a ./FreeRTOS/tasks.o
                0x0000000000008bea                ulTaskGenericNotifyValueClear
 .text.prvCheckForValidListAndQueue
                0x0000000000008c24       0x6a ./FreeRTOS/timers.o
 .text.prvInsertTimerInActiveList
                0x0000000000008c8e       0x3e ./FreeRTOS/timers.o
 .text.prvReloadTimer
                0x0000000000008ccc       0x2a ./FreeRTOS/timers.o
 .text.prvProcessExpiredTimer
                0x0000000000008cf6       0x42 ./FreeRTOS/timers.o
 .text.prvSwitchTimerLists
                0x0000000000008d38       0x28 ./FreeRTOS/timers.o
 .text.prvTimerTask
                0x0000000000008d60      0x188 ./FreeRTOS/timers.o
 .text.xTimerCreateTimerTask
                0x0000000000008ee8       0x6e ./FreeRTOS/timers.o
                0x0000000000008ee8                xTimerCreateTimerTask
 .text.vRCFilter
                0x0000000000008f56       0x30 ./Drivers/filters.o
                0x0000000000008f56                vRCFilter
 .text.vInitABFilter
                0x0000000000008f86       0x22 ./Drivers/filters.o
                0x0000000000008f86                vInitABFilter
 .text.vInitRunAverga
                0x0000000000008fa8        0x8 ./Drivers/filters.o
                0x0000000000008fa8                vInitRunAverga
 .text.vInitMedianFilter
                0x0000000000008fb0       0x12 ./Drivers/filters.o
                0x0000000000008fb0                vInitMedianFilter
 .text.MedianFilter
                0x0000000000008fc2       0x6e ./Drivers/filters.o
                0x0000000000008fc2                MedianFilter
 .text._write   0x0000000000009030       0x3e ./Debug/debug.o
                0x0000000000009030                _write
 .text._sbrk    0x000000000000906e       0x2a ./Debug/debug.o
                0x000000000000906e                _sbrk
 .text.prv_read_can_received_msg
                0x0000000000009098       0x50 ./CANopenNode/keypad/CO_driver_ST32F103.o
                0x0000000000009098                prv_read_can_received_msg
 .text.prv_send_can_message.isra.0
                0x00000000000090e8       0x2c ./CANopenNode/keypad/CO_driver_ST32F103.o
 .text.CAN_SendMessage
                0x0000000000009114       0x66 ./CANopenNode/keypad/CO_driver_ST32F103.o
                0x0000000000009114                CAN_SendMessage
 .text.co_drv_create_os_objects
                0x000000000000917a       0x30 ./CANopenNode/keypad/CO_driver_ST32F103.o
                0x000000000000917a                co_drv_create_os_objects
 .text.co_drv_mutex_lock
                0x00000000000091aa       0x18 ./CANopenNode/keypad/CO_driver_ST32F103.o
                0x00000000000091aa                co_drv_mutex_lock
 .text.co_drv_mutex_unlock
                0x00000000000091c2       0x16 ./CANopenNode/keypad/CO_driver_ST32F103.o
                0x00000000000091c2                co_drv_mutex_unlock
 .text.CO_CANsetConfigurationMode
                0x00000000000091d8       0x10 ./CANopenNode/keypad/CO_driver_ST32F103.o
                0x00000000000091d8                CO_CANsetConfigurationMode
 .text.CO_CANsetNormalMode
                0x00000000000091e8       0x1c ./CANopenNode/keypad/CO_driver_ST32F103.o
                0x00000000000091e8                CO_CANsetNormalMode
 .text.CO_CANmodule_init
                0x0000000000009204      0x110 ./CANopenNode/keypad/CO_driver_ST32F103.o
                0x0000000000009204                CO_CANmodule_init
 .text.CO_CANmodule_disable
                0x0000000000009314       0x14 ./CANopenNode/keypad/CO_driver_ST32F103.o
                0x0000000000009314                CO_CANmodule_disable
 .text.CO_CANrxBufferInit
                0x0000000000009328       0x52 ./CANopenNode/keypad/CO_driver_ST32F103.o
                0x0000000000009328                CO_CANrxBufferInit
 .text.CO_CANtxBufferInit
                0x000000000000937a       0x3a ./CANopenNode/keypad/CO_driver_ST32F103.o
                0x000000000000937a                CO_CANtxBufferInit
 .text.CO_CANmodule_process
                0x00000000000093b4       0x12 ./CANopenNode/keypad/CO_driver_ST32F103.o
                0x00000000000093b4                CO_CANmodule_process
 .text.CO_CANsend
                0x00000000000093c6       0x46 ./CANopenNode/keypad/CO_driver_ST32F103.o
                0x00000000000093c6                CO_CANsend
 .text.CO_LSSslave_receive
                0x000000000000940c      0x1a8 ./CANopenNode/305/CO_LSSslave.o
 .text.CO_LSSslave_init
                0x00000000000095b4       0xa4 ./CANopenNode/305/CO_LSSslave.o
                0x00000000000095b4                CO_LSSslave_init
 .text.CO_LSSslave_process
                0x0000000000009658      0x1a2 ./CANopenNode/305/CO_LSSslave.o
                0x0000000000009658                CO_LSSslave_process
 .text.OD_write_1003
                0x00000000000097fa       0x28 ./CANopenNode/301/CO_Emergency.o
 .text.OD_read_1003
                0x0000000000009822       0x8c ./CANopenNode/301/CO_Emergency.o
 .text.OD_read_1014_default
                0x00000000000098ae       0x50 ./CANopenNode/301/CO_Emergency.o
 .text.CO_EM_init
                0x00000000000098fe      0x112 ./CANopenNode/301/CO_Emergency.o
                0x00000000000098fe                CO_EM_init
 .text.CO_error
                0x0000000000009a10       0xc4 ./CANopenNode/301/CO_Emergency.o
                0x0000000000009a10                CO_error
 .text.CO_EM_process
                0x0000000000009ad4      0x182 ./CANopenNode/301/CO_Emergency.o
                0x0000000000009ad4                CO_EM_process
 .text.CO_NMT_receive
                0x0000000000009c56       0x18 ./CANopenNode/301/CO_NMT_Heartbeat.o
 .text.OD_write_1017
                0x0000000000009c6e       0x48 ./CANopenNode/301/CO_NMT_Heartbeat.o
 .text.CO_NMT_init
                0x0000000000009cb6       0xec ./CANopenNode/301/CO_NMT_Heartbeat.o
                0x0000000000009cb6                CO_NMT_init
 .text.CO_NMT_process
                0x0000000000009da2      0x106 ./CANopenNode/301/CO_NMT_Heartbeat.o
                0x0000000000009da2                CO_NMT_process
 .text.OD_readDisabled
                0x0000000000009ea8        0x4 ./CANopenNode/301/CO_ODinterface.o
 .text.OD_readOriginal
                0x0000000000009eac       0x50 ./CANopenNode/301/CO_ODinterface.o
                0x0000000000009eac                OD_readOriginal
 .text.OD_writeOriginal
                0x0000000000009efc       0x54 ./CANopenNode/301/CO_ODinterface.o
                0x0000000000009efc                OD_writeOriginal
 .text.OD_writeDisabled
                0x0000000000009f50        0x4 ./CANopenNode/301/CO_ODinterface.o
 .text.OD_find  0x0000000000009f54       0x70 ./CANopenNode/301/CO_ODinterface.o
                0x0000000000009f54                OD_find
 .text.OD_getSub
                0x0000000000009fc4       0xf6 ./CANopenNode/301/CO_ODinterface.o
                0x0000000000009fc4                OD_getSub
 .text.OD_getSDOabCode
                0x000000000000a0ba       0x20 ./CANopenNode/301/CO_ODinterface.o
                0x000000000000a0ba                OD_getSDOabCode
 .text.OD_get_value
                0x000000000000a0da       0x34 ./CANopenNode/301/CO_ODinterface.o
                0x000000000000a0da                OD_get_value
 .text.OD_set_value
                0x000000000000a10e       0x2e ./CANopenNode/301/CO_ODinterface.o
                0x000000000000a10e                OD_set_value
 .text.OD_getPtr
                0x000000000000a13c       0x3c ./CANopenNode/301/CO_ODinterface.o
                0x000000000000a13c                OD_getPtr
 .text.OD_write_dummy
                0x000000000000a178        0x8 ./CANopenNode/301/CO_PDO.o
 .text.OD_read_dummy
                0x000000000000a180       0x2e ./CANopenNode/301/CO_PDO.o
 .text.PDOconfigMap
                0x000000000000a1ae      0x100 ./CANopenNode/301/CO_PDO.o
 .text.CO_PDO_receive
                0x000000000000a2ae       0x48 ./CANopenNode/301/CO_PDO.o
 .text.OD_read_PDO_commParam
                0x000000000000a2f6       0x70 ./CANopenNode/301/CO_PDO.o
 .text.PDO_initMapping.constprop.3
                0x000000000000a366       0xe6 ./CANopenNode/301/CO_PDO.o
 .text.OD_write_PDO_mapping
                0x000000000000a44c       0xb4 ./CANopenNode/301/CO_PDO.o
 .text.OD_write_18xx
                0x000000000000a500      0x184 ./CANopenNode/301/CO_PDO.o
 .text.OD_write_14xx
                0x000000000000a684      0x15a ./CANopenNode/301/CO_PDO.o
 .text.CO_RPDO_init
                0x000000000000a7de      0x172 ./CANopenNode/301/CO_PDO.o
                0x000000000000a7de                CO_RPDO_init
 .text.CO_RPDO_process
                0x000000000000a950      0x114 ./CANopenNode/301/CO_PDO.o
                0x000000000000a950                CO_RPDO_process
 .text.CO_TPDO_init
                0x000000000000aa64      0x1d2 ./CANopenNode/301/CO_PDO.o
                0x000000000000aa64                CO_TPDO_init
 .text.CO_TPDO_process
                0x000000000000ac36      0x15e ./CANopenNode/301/CO_PDO.o
                0x000000000000ac36                CO_TPDO_process
 .text.CO_SDOserver_init_canRxTx
                0x000000000000ad94       0x82 ./CANopenNode/301/CO_SDOserver.o
 .text.CO_SDO_receive
                0x000000000000ae16       0x38 ./CANopenNode/301/CO_SDOserver.o
 .text.readFromOd.isra.1.constprop.5
                0x000000000000ae4e       0xe2 ./CANopenNode/301/CO_SDOserver.o
 .text.OD_write_1201_additional
                0x000000000000af30      0x158 ./CANopenNode/301/CO_SDOserver.o
 .text.CO_SDOserver_init
                0x000000000000b088      0x172 ./CANopenNode/301/CO_SDOserver.o
                0x000000000000b088                CO_SDOserver_init
 .text.CO_SDOserver_process
                0x000000000000b1fa      0x5e8 ./CANopenNode/301/CO_SDOserver.o
                0x000000000000b1fa                CO_SDOserver_process
 .text.CO_delete
                0x000000000000b7e2       0x56 ./CANopenNode/CANopen.o
                0x000000000000b7e2                CO_delete
 .text.CO_new   0x000000000000b838      0x102 ./CANopenNode/CANopen.o
                0x000000000000b838                CO_new
 .text.CO_CANinit
                0x000000000000b93a       0x36 ./CANopenNode/CANopen.o
                0x000000000000b93a                CO_CANinit
 .text.CO_LSSinit
                0x000000000000b970       0x32 ./CANopenNode/CANopen.o
                0x000000000000b970                CO_LSSinit
 .text.CO_CANopenInit
                0x000000000000b9a2       0xb8 ./CANopenNode/CANopen.o
                0x000000000000b9a2                CO_CANopenInit
 .text.CO_CANopenInitPDO
                0x000000000000ba5a       0xea ./CANopenNode/CANopen.o
                0x000000000000ba5a                CO_CANopenInitPDO
 .text.CO_process
                0x000000000000bb44       0x7e ./CANopenNode/CANopen.o
                0x000000000000bb44                CO_process
 .text.CO_process_RPDO
                0x000000000000bbc2       0x40 ./CANopenNode/CANopen.o
                0x000000000000bbc2                CO_process_RPDO
 .text.CO_process_TPDO
                0x000000000000bc02       0x40 ./CANopenNode/CANopen.o
                0x000000000000bc02                CO_process_TPDO
 .text.__addsf3
                0x000000000000bc42      0x36a c:/mounriver/mounriver_studio/toolchain/risc-v embedded gcc/bin/../lib/gcc/riscv-none-embed/8.2.0/rv32imacxw/ilp32\libgcc.a(addsf3.o)
                0x000000000000bc42                __addsf3
 .text.__divsf3
                0x000000000000bfac      0x2b2 c:/mounriver/mounriver_studio/toolchain/risc-v embedded gcc/bin/../lib/gcc/riscv-none-embed/8.2.0/rv32imacxw/ilp32\libgcc.a(divsf3.o)
                0x000000000000bfac                __divsf3
 .text.__gesf2  0x000000000000c25e       0x86 c:/mounriver/mounriver_studio/toolchain/risc-v embedded gcc/bin/../lib/gcc/riscv-none-embed/8.2.0/rv32imacxw/ilp32\libgcc.a(gesf2.o)
                0x000000000000c25e                __gesf2
                0x000000000000c25e                __gtsf2
 .text.__lesf2  0x000000000000c2e4       0x8c c:/mounriver/mounriver_studio/toolchain/risc-v embedded gcc/bin/../lib/gcc/riscv-none-embed/8.2.0/rv32imacxw/ilp32\libgcc.a(lesf2.o)
                0x000000000000c2e4                __ltsf2
                0x000000000000c2e4                __lesf2
 .text.__mulsf3
                0x000000000000c370      0x290 c:/mounriver/mounriver_studio/toolchain/risc-v embedded gcc/bin/../lib/gcc/riscv-none-embed/8.2.0/rv32imacxw/ilp32\libgcc.a(mulsf3.o)
                0x000000000000c370                __mulsf3
 .text.__subsf3
                0x000000000000c600      0x388 c:/mounriver/mounriver_studio/toolchain/risc-v embedded gcc/bin/../lib/gcc/riscv-none-embed/8.2.0/rv32imacxw/ilp32\libgcc.a(subsf3.o)
                0x000000000000c600                __subsf3
 .text.__fixsfsi
                0x000000000000c988       0x62 c:/mounriver/mounriver_studio/toolchain/risc-v embedded gcc/bin/../lib/gcc/riscv-none-embed/8.2.0/rv32imacxw/ilp32\libgcc.a(fixsfsi.o)
                0x000000000000c988                __fixsfsi
 .text.__fixunssfsi
                0x000000000000c9ea       0x56 c:/mounriver/mounriver_studio/toolchain/risc-v embedded gcc/bin/../lib/gcc/riscv-none-embed/8.2.0/rv32imacxw/ilp32\libgcc.a(fixunssfsi.o)
                0x000000000000c9ea                __fixunssfsi
 .text.__floatsisf
                0x000000000000ca40       0xc6 c:/mounriver/mounriver_studio/toolchain/risc-v embedded gcc/bin/../lib/gcc/riscv-none-embed/8.2.0/rv32imacxw/ilp32\libgcc.a(floatsisf.o)
                0x000000000000ca40                __floatsisf
 .text.__floatunsisf
                0x000000000000cb06       0xce c:/mounriver/mounriver_studio/toolchain/risc-v embedded gcc/bin/../lib/gcc/riscv-none-embed/8.2.0/rv32imacxw/ilp32\libgcc.a(floatunsisf.o)
                0x000000000000cb06                __floatunsisf
 .text.__clzsi2
                0x000000000000cbd4       0x6e c:/mounriver/mounriver_studio/toolchain/risc-v embedded gcc/bin/../lib/gcc/riscv-none-embed/8.2.0/rv32imacxw/ilp32\libgcc.a(_clzsi2.o)
                0x000000000000cbd4                __clzsi2
 .text.calloc   0x000000000000cc42        0xc c:/mounriver/mounriver_studio/toolchain/risc-v embedded gcc/bin/../lib/gcc/riscv-none-embed/8.2.0/../../../../riscv-none-embed/lib/rv32imacxw/ilp32\libg_nano.a(lib_a-calloc.o)
                0x000000000000cc42                calloc
 .text.free     0x000000000000cc4e        0xa c:/mounriver/mounriver_studio/toolchain/risc-v embedded gcc/bin/../lib/gcc/riscv-none-embed/8.2.0/../../../../riscv-none-embed/lib/rv32imacxw/ilp32\libg_nano.a(lib_a-malloc.o)
                0x000000000000cc4e                free
 .text.memcpy   0x000000000000cc58       0xb2 c:/mounriver/mounriver_studio/toolchain/risc-v embedded gcc/bin/../lib/gcc/riscv-none-embed/8.2.0/../../../../riscv-none-embed/lib/rv32imacxw/ilp32\libg_nano.a(lib_a-memcpy.o)
                0x000000000000cc58                memcpy
 .text.memmove  0x000000000000cd0a       0x46 c:/mounriver/mounriver_studio/toolchain/risc-v embedded gcc/bin/../lib/gcc/riscv-none-embed/8.2.0/../../../../riscv-none-embed/lib/rv32imacxw/ilp32\libg_nano.a(lib_a-memmove.o)
                0x000000000000cd0a                memmove
 .text._calloc_r
                0x000000000000cd50       0x26 c:/mounriver/mounriver_studio/toolchain/risc-v embedded gcc/bin/../lib/gcc/riscv-none-embed/8.2.0/../../../../riscv-none-embed/lib/rv32imacxw/ilp32\libg_nano.a(lib_a-nano-callocr.o)
                0x000000000000cd50                _calloc_r
 .text._free_r  0x000000000000cd76       0xa4 c:/mounriver/mounriver_studio/toolchain/risc-v embedded gcc/bin/../lib/gcc/riscv-none-embed/8.2.0/../../../../riscv-none-embed/lib/rv32imacxw/ilp32\libg_nano.a(lib_a-nano-freer.o)
                0x000000000000cd76                _free_r
 .text._malloc_r
                0x000000000000ce1a       0xce c:/mounriver/mounriver_studio/toolchain/risc-v embedded gcc/bin/../lib/gcc/riscv-none-embed/8.2.0/../../../../riscv-none-embed/lib/rv32imacxw/ilp32\libg_nano.a(lib_a-nano-mallocr.o)
                0x000000000000ce1a                _malloc_r
 .text.printf   0x000000000000cee8       0x3e c:/mounriver/mounriver_studio/toolchain/risc-v embedded gcc/bin/../lib/gcc/riscv-none-embed/8.2.0/../../../../riscv-none-embed/lib/rv32imacxw/ilp32\libg_nano.a(lib_a-printf.o)
                0x000000000000cee8                iprintf
                0x000000000000cee8                printf
 .text._sbrk_r  0x000000000000cf26       0x32 c:/mounriver/mounriver_studio/toolchain/risc-v embedded gcc/bin/../lib/gcc/riscv-none-embed/8.2.0/../../../../riscv-none-embed/lib/rv32imacxw/ilp32\libg_nano.a(lib_a-sbrkr.o)
                0x000000000000cf26                _sbrk_r
 .text.strlen   0x000000000000cf58       0x12 c:/mounriver/mounriver_studio/toolchain/risc-v embedded gcc/bin/../lib/gcc/riscv-none-embed/8.2.0/../../../../riscv-none-embed/lib/rv32imacxw/ilp32\libg_nano.a(lib_a-strlen.o)
                0x000000000000cf58                strlen
 .text.std      0x000000000000cf6a       0x66 c:/mounriver/mounriver_studio/toolchain/risc-v embedded gcc/bin/../lib/gcc/riscv-none-embed/8.2.0/../../../../riscv-none-embed/lib/rv32imacxw/ilp32\libg_nano.a(lib_a-findfp.o)
 .text._cleanup_r
                0x000000000000cfd0        0xa c:/mounriver/mounriver_studio/toolchain/risc-v embedded gcc/bin/../lib/gcc/riscv-none-embed/8.2.0/../../../../riscv-none-embed/lib/rv32imacxw/ilp32\libg_nano.a(lib_a-findfp.o)
                0x000000000000cfd0                _cleanup_r
 .text.__sfmoreglue
                0x000000000000cfda       0x48 c:/mounriver/mounriver_studio/toolchain/risc-v embedded gcc/bin/../lib/gcc/riscv-none-embed/8.2.0/../../../../riscv-none-embed/lib/rv32imacxw/ilp32\libg_nano.a(lib_a-findfp.o)
                0x000000000000cfda                __sfmoreglue
 .text.__sinit  0x000000000000d022       0x6c c:/mounriver/mounriver_studio/toolchain/risc-v embedded gcc/bin/../lib/gcc/riscv-none-embed/8.2.0/../../../../riscv-none-embed/lib/rv32imacxw/ilp32\libg_nano.a(lib_a-findfp.o)
                0x000000000000d022                __sinit
 .text.__sfp    0x000000000000d08e       0xa0 c:/mounriver/mounriver_studio/toolchain/risc-v embedded gcc/bin/../lib/gcc/riscv-none-embed/8.2.0/../../../../riscv-none-embed/lib/rv32imacxw/ilp32\libg_nano.a(lib_a-findfp.o)
                0x000000000000d08e                __sfp
 .text._fwalk_reent
                0x000000000000d12e       0x6a c:/mounriver/mounriver_studio/toolchain/risc-v embedded gcc/bin/../lib/gcc/riscv-none-embed/8.2.0/../../../../riscv-none-embed/lib/rv32imacxw/ilp32\libg_nano.a(lib_a-fwalk.o)
                0x000000000000d12e                _fwalk_reent
 .text.__malloc_lock
                0x000000000000d198        0x2 c:/mounriver/mounriver_studio/toolchain/risc-v embedded gcc/bin/../lib/gcc/riscv-none-embed/8.2.0/../../../../riscv-none-embed/lib/rv32imacxw/ilp32\libg_nano.a(lib_a-mlock.o)
                0x000000000000d198                __malloc_lock
 .text.__malloc_unlock
                0x000000000000d19a        0x2 c:/mounriver/mounriver_studio/toolchain/risc-v embedded gcc/bin/../lib/gcc/riscv-none-embed/8.2.0/../../../../riscv-none-embed/lib/rv32imacxw/ilp32\libg_nano.a(lib_a-mlock.o)
                0x000000000000d19a                __malloc_unlock
 .text.__sfputc_r
                0x000000000000d19c       0x26 c:/mounriver/mounriver_studio/toolchain/risc-v embedded gcc/bin/../lib/gcc/riscv-none-embed/8.2.0/../../../../riscv-none-embed/lib/rv32imacxw/ilp32\libg_nano.a(lib_a-nano-vfprintf.o)
 .text.__sfputs_r
                0x000000000000d1c2       0x42 c:/mounriver/mounriver_studio/toolchain/risc-v embedded gcc/bin/../lib/gcc/riscv-none-embed/8.2.0/../../../../riscv-none-embed/lib/rv32imacxw/ilp32\libg_nano.a(lib_a-nano-vfprintf.o)
                0x000000000000d1c2                __sfputs_r
 .text._vfprintf_r
                0x000000000000d204      0x28c c:/mounriver/mounriver_studio/toolchain/risc-v embedded gcc/bin/../lib/gcc/riscv-none-embed/8.2.0/../../../../riscv-none-embed/lib/rv32imacxw/ilp32\libg_nano.a(lib_a-nano-vfprintf.o)
                0x000000000000d204                _vfprintf_r
                0x000000000000d204                _vfiprintf_r
 .text._printf_common
                0x000000000000d490      0x10c c:/mounriver/mounriver_studio/toolchain/risc-v embedded gcc/bin/../lib/gcc/riscv-none-embed/8.2.0/../../../../riscv-none-embed/lib/rv32imacxw/ilp32\libg_nano.a(lib_a-nano-vfprintf_i.o)
                0x000000000000d490                _printf_common
 .text._printf_i
                0x000000000000d59c      0x2a2 c:/mounriver/mounriver_studio/toolchain/risc-v embedded gcc/bin/../lib/gcc/riscv-none-embed/8.2.0/../../../../riscv-none-embed/lib/rv32imacxw/ilp32\libg_nano.a(lib_a-nano-vfprintf_i.o)
                0x000000000000d59c                _printf_i
 .text.__sread  0x000000000000d83e       0x2c c:/mounriver/mounriver_studio/toolchain/risc-v embedded gcc/bin/../lib/gcc/riscv-none-embed/8.2.0/../../../../riscv-none-embed/lib/rv32imacxw/ilp32\libg_nano.a(lib_a-stdio.o)
                0x000000000000d83e                __sread
 .text.__swrite
                0x000000000000d86a       0x48 c:/mounriver/mounriver_studio/toolchain/risc-v embedded gcc/bin/../lib/gcc/riscv-none-embed/8.2.0/../../../../riscv-none-embed/lib/rv32imacxw/ilp32\libg_nano.a(lib_a-stdio.o)
                0x000000000000d86a                __swrite
 .text.__sseek  0x000000000000d8b2       0x30 c:/mounriver/mounriver_studio/toolchain/risc-v embedded gcc/bin/../lib/gcc/riscv-none-embed/8.2.0/../../../../riscv-none-embed/lib/rv32imacxw/ilp32\libg_nano.a(lib_a-stdio.o)
                0x000000000000d8b2                __sseek
 .text.__sclose
                0x000000000000d8e2        0x6 c:/mounriver/mounriver_studio/toolchain/risc-v embedded gcc/bin/../lib/gcc/riscv-none-embed/8.2.0/../../../../riscv-none-embed/lib/rv32imacxw/ilp32\libg_nano.a(lib_a-stdio.o)
                0x000000000000d8e2                __sclose
 .text.__swbuf_r
                0x000000000000d8e8       0xbe c:/mounriver/mounriver_studio/toolchain/risc-v embedded gcc/bin/../lib/gcc/riscv-none-embed/8.2.0/../../../../riscv-none-embed/lib/rv32imacxw/ilp32\libg_nano.a(lib_a-wbuf.o)
                0x000000000000d8e8                __swbuf_r
 .text._write_r
                0x000000000000d9a6       0x36 c:/mounriver/mounriver_studio/toolchain/risc-v embedded gcc/bin/../lib/gcc/riscv-none-embed/8.2.0/../../../../riscv-none-embed/lib/rv32imacxw/ilp32\libg_nano.a(lib_a-writer.o)
                0x000000000000d9a6                _write_r
 .text.__swsetup_r
                0x000000000000d9dc      0x100 c:/mounriver/mounriver_studio/toolchain/risc-v embedded gcc/bin/../lib/gcc/riscv-none-embed/8.2.0/../../../../riscv-none-embed/lib/rv32imacxw/ilp32\libg_nano.a(lib_a-wsetup.o)
                0x000000000000d9dc                __swsetup_r
 .text._close_r
                0x000000000000dadc       0x30 c:/mounriver/mounriver_studio/toolchain/risc-v embedded gcc/bin/../lib/gcc/riscv-none-embed/8.2.0/../../../../riscv-none-embed/lib/rv32imacxw/ilp32\libg_nano.a(lib_a-closer.o)
                0x000000000000dadc                _close_r
 .text.__sflush_r
                0x000000000000db0c      0x132 c:/mounriver/mounriver_studio/toolchain/risc-v embedded gcc/bin/../lib/gcc/riscv-none-embed/8.2.0/../../../../riscv-none-embed/lib/rv32imacxw/ilp32\libg_nano.a(lib_a-fflush.o)
                0x000000000000db0c                __sflush_r
 .text._fflush_r
                0x000000000000dc3e       0x68 c:/mounriver/mounriver_studio/toolchain/risc-v embedded gcc/bin/../lib/gcc/riscv-none-embed/8.2.0/../../../../riscv-none-embed/lib/rv32imacxw/ilp32\libg_nano.a(lib_a-fflush.o)
                0x000000000000dc3e                _fflush_r
 .text._lseek_r
                0x000000000000dca6       0x34 c:/mounriver/mounriver_studio/toolchain/risc-v embedded gcc/bin/../lib/gcc/riscv-none-embed/8.2.0/../../../../riscv-none-embed/lib/rv32imacxw/ilp32\libg_nano.a(lib_a-lseekr.o)
                0x000000000000dca6                _lseek_r
 .text.__swhatbuf_r
                0x000000000000dcda       0x56 c:/mounriver/mounriver_studio/toolchain/risc-v embedded gcc/bin/../lib/gcc/riscv-none-embed/8.2.0/../../../../riscv-none-embed/lib/rv32imacxw/ilp32\libg_nano.a(lib_a-makebuf.o)
                0x000000000000dcda                __swhatbuf_r
 .text.__smakebuf_r
                0x000000000000dd30       0x92 c:/mounriver/mounriver_studio/toolchain/risc-v embedded gcc/bin/../lib/gcc/riscv-none-embed/8.2.0/../../../../riscv-none-embed/lib/rv32imacxw/ilp32\libg_nano.a(lib_a-makebuf.o)
                0x000000000000dd30                __smakebuf_r
 .text.memchr   0x000000000000ddc2       0x18 c:/mounriver/mounriver_studio/toolchain/risc-v embedded gcc/bin/../lib/gcc/riscv-none-embed/8.2.0/../../../../riscv-none-embed/lib/rv32imacxw/ilp32\libg_nano.a(lib_a-memchr.o)
                0x000000000000ddc2                memchr
 .text._read_r  0x000000000000ddda       0x34 c:/mounriver/mounriver_studio/toolchain/risc-v embedded gcc/bin/../lib/gcc/riscv-none-embed/8.2.0/../../../../riscv-none-embed/lib/rv32imacxw/ilp32\libg_nano.a(lib_a-readr.o)
                0x000000000000ddda                _read_r
 .text._fstat_r
                0x000000000000de0e       0x32 c:/mounriver/mounriver_studio/toolchain/risc-v embedded gcc/bin/../lib/gcc/riscv-none-embed/8.2.0/../../../../riscv-none-embed/lib/rv32imacxw/ilp32\libg_nano.a(lib_a-fstatr.o)
                0x000000000000de0e                _fstat_r
 .text._isatty_r
                0x000000000000de40       0x30 c:/mounriver/mounriver_studio/toolchain/risc-v embedded gcc/bin/../lib/gcc/riscv-none-embed/8.2.0/../../../../riscv-none-embed/lib/rv32imacxw/ilp32\libg_nano.a(lib_a-isattyr.o)
                0x000000000000de40                _isatty_r
 .text._close   0x000000000000de70       0x10 c:/mounriver/mounriver_studio/toolchain/risc-v embedded gcc/bin/../lib/gcc/riscv-none-embed/8.2.0/../../../../riscv-none-embed/lib/rv32imacxw/ilp32\libnosys.a(close.o)
                0x000000000000de70                _close
 .text._fstat   0x000000000000de80       0x10 c:/mounriver/mounriver_studio/toolchain/risc-v embedded gcc/bin/../lib/gcc/riscv-none-embed/8.2.0/../../../../riscv-none-embed/lib/rv32imacxw/ilp32\libnosys.a(fstat.o)
                0x000000000000de80                _fstat
 .text._isatty  0x000000000000de90       0x10 c:/mounriver/mounriver_studio/toolchain/risc-v embedded gcc/bin/../lib/gcc/riscv-none-embed/8.2.0/../../../../riscv-none-embed/lib/rv32imacxw/ilp32\libnosys.a(isatty.o)
                0x000000000000de90                _isatty
 .text._lseek   0x000000000000dea0       0x10 c:/mounriver/mounriver_studio/toolchain/risc-v embedded gcc/bin/../lib/gcc/riscv-none-embed/8.2.0/../../../../riscv-none-embed/lib/rv32imacxw/ilp32\libnosys.a(lseek.o)
                0x000000000000dea0                _lseek