Archive member included to satisfy reference by file (symbol)

c:/mounriver/mounriver_studio/toolchain/risc-v embedded gcc/bin/../lib/gcc/riscv-none-embed/8.2.0/rv32imacxw/ilp32\libgcc.a(divdf3.o)
                              ./HAL_LIB/hw_lib_din.o (__divdf3)
c:/mounriver/mounriver_studio/toolchain/risc-v embedded gcc/bin/../lib/gcc/riscv-none-embed/8.2.0/rv32imacxw/ilp32\libgcc.a(muldf3.o)
                              ./User/inputs.o (__muldf3)
c:/mounriver/mounriver_studio/toolchain/risc-v embedded gcc/bin/../lib/gcc/riscv-none-embed/8.2.0/rv32imacxw/ilp32\libgcc.a(fixunsdfsi.o)
                              ./HAL_LIB/hw_lib_din.o (__fixunsdfsi)
c:/mounriver/mounriver_studio/toolchain/risc-v embedded gcc/bin/../lib/gcc/riscv-none-embed/8.2.0/rv32imacxw/ilp32\libgcc.a(floatunsidf.o)
                              ./User/inputs.o (__floatunsidf)
c:/mounriver/mounriver_studio/toolchain/risc-v embedded gcc/bin/../lib/gcc/riscv-none-embed/8.2.0/rv32imacxw/ilp32\libgcc.a(addsf3.o)
                              ./User/inputs.o (__addsf3)
c:/mounriver/mounriver_studio/toolchain/risc-v embedded gcc/bin/../lib/gcc/riscv-none-embed/8.2.0/rv32imacxw/ilp32\libgcc.a(divsf3.o)
                              ./User/DataModel.o (__divsf3)
c:/mounriver/mounriver_studio/toolchain/risc-v embedded gcc/bin/../lib/gcc/riscv-none-embed/8.2.0/rv32imacxw/ilp32\libgcc.a(eqsf2.o)
                              ./HAL_LIB/hw_lib_din.o (__nesf2)
c:/mounriver/mounriver_studio/toolchain/risc-v embedded gcc/bin/../lib/gcc/riscv-none-embed/8.2.0/rv32imacxw/ilp32\libgcc.a(gesf2.o)
                              ./User/inputs.o (__gesf2)
c:/mounriver/mounriver_studio/toolchain/risc-v embedded gcc/bin/../lib/gcc/riscv-none-embed/8.2.0/rv32imacxw/ilp32\libgcc.a(lesf2.o)
                              ./HAL_LIB/hw_lib_din.o (__lesf2)
c:/mounriver/mounriver_studio/toolchain/risc-v embedded gcc/bin/../lib/gcc/riscv-none-embed/8.2.0/rv32imacxw/ilp32\libgcc.a(mulsf3.o)
                              ./User/dash_draw.o (__mulsf3)
c:/mounriver/mounriver_studio/toolchain/risc-v embedded gcc/bin/../lib/gcc/riscv-none-embed/8.2.0/rv32imacxw/ilp32\libgcc.a(subsf3.o)
                              ./User/inputs.o (__subsf3)
c:/mounriver/mounriver_studio/toolchain/risc-v embedded gcc/bin/../lib/gcc/riscv-none-embed/8.2.0/rv32imacxw/ilp32\libgcc.a(fixsfsi.o)
                              ./User/dash_draw.o (__fixsfsi)
c:/mounriver/mounriver_studio/toolchain/risc-v embedded gcc/bin/../lib/gcc/riscv-none-embed/8.2.0/rv32imacxw/ilp32\libgcc.a(fixunssfsi.o)
                              ./User/DataModel.o (__fixunssfsi)
c:/mounriver/mounriver_studio/toolchain/risc-v embedded gcc/bin/../lib/gcc/riscv-none-embed/8.2.0/rv32imacxw/ilp32\libgcc.a(floatsisf.o)
                              ./User/DataModel.o (__floatsisf)
c:/mounriver/mounriver_studio/toolchain/risc-v embedded gcc/bin/../lib/gcc/riscv-none-embed/8.2.0/rv32imacxw/ilp32\libgcc.a(floatunsisf.o)
                              ./User/DataModel.o (__floatunsisf)
c:/mounriver/mounriver_studio/toolchain/risc-v embedded gcc/bin/../lib/gcc/riscv-none-embed/8.2.0/rv32imacxw/ilp32\libgcc.a(extendsfdf2.o)
                              ./HAL_LIB/hw_lib_din.o (__extendsfdf2)
c:/mounriver/mounriver_studio/toolchain/risc-v embedded gcc/bin/../lib/gcc/riscv-none-embed/8.2.0/rv32imacxw/ilp32\libgcc.a(truncdfsf2.o)
                              ./User/inputs.o (__truncdfsf2)
c:/mounriver/mounriver_studio/toolchain/risc-v embedded gcc/bin/../lib/gcc/riscv-none-embed/8.2.0/rv32imacxw/ilp32\libgcc.a(save-restore.o)
                              ./User/dash_draw.o (__riscv_save_12)
c:/mounriver/mounriver_studio/toolchain/risc-v embedded gcc/bin/../lib/gcc/riscv-none-embed/8.2.0/rv32imacxw/ilp32\libgcc.a(_clzsi2.o)
                              c:/mounriver/mounriver_studio/toolchain/risc-v embedded gcc/bin/../lib/gcc/riscv-none-embed/8.2.0/rv32imacxw/ilp32\libgcc.a(divdf3.o) (__clzsi2)
c:/mounriver/mounriver_studio/toolchain/risc-v embedded gcc/bin/../lib/gcc/riscv-none-embed/8.2.0/rv32imacxw/ilp32\libgcc.a(_clz.o)
                              c:/mounriver/mounriver_studio/toolchain/risc-v embedded gcc/bin/../lib/gcc/riscv-none-embed/8.2.0/rv32imacxw/ilp32\libgcc.a(_clzsi2.o) (__clz_tab)
c:/mounriver/mounriver_studio/toolchain/risc-v embedded gcc/bin/../lib/gcc/riscv-none-embed/8.2.0/../../../../riscv-none-embed/lib/rv32imacxw/ilp32\libg_nano.a(lib_a-calloc.o)
                              ./CANopenNode/CANopen.o (calloc)
c:/mounriver/mounriver_studio/toolchain/risc-v embedded gcc/bin/../lib/gcc/riscv-none-embed/8.2.0/../../../../riscv-none-embed/lib/rv32imacxw/ilp32\libg_nano.a(lib_a-impure.o)
                              c:/mounriver/mounriver_studio/toolchain/risc-v embedded gcc/bin/../lib/gcc/riscv-none-embed/8.2.0/../../../../riscv-none-embed/lib/rv32imacxw/ilp32\libg_nano.a(lib_a-calloc.o) (_impure_ptr)
[...]
Memory Configuration

Name             Origin             Length             Attributes
FLASH            0x0000000000000000 0x0000000000010000 xr
SFLASH           0x0000000000010000 0x0000000000002800 xr
RAM              0x0000000020000000 0x0000000000005000 xrw
*default*        0x0000000000000000 0xffffffffffffffff

Linker script and memory map

LOAD ./User/CanOpenNode.o
LOAD ./User/DataModel.o
LOAD ./User/ch32v20x_it.o
LOAD ./User/dash_draw.o
LOAD ./User/init.o
LOAD ./User/inputs.o
LOAD ./User/led.o
LOAD ./User/main.o
LOAD ./User/process.o
LOAD ./User/system_ch32v20x.o
LOAD ./User/system_init.o
LOAD ./Startup/startup_ch32v20x_D6.o
LOAD ./Peripheral/src/ch32v20x_adc.o
LOAD ./Peripheral/src/ch32v20x_bkp.o
LOAD ./Peripheral/src/ch32v20x_can.o
LOAD ./Peripheral/src/ch32v20x_crc.o
LOAD ./Peripheral/src/ch32v20x_dbgmcu.o
LOAD ./Peripheral/src/ch32v20x_dma.o
LOAD ./Peripheral/src/ch32v20x_exti.o
LOAD ./Peripheral/src/ch32v20x_flash.o
LOAD ./Peripheral/src/ch32v20x_gpio.o
LOAD ./Peripheral/src/ch32v20x_i2c.o
LOAD ./Peripheral/src/ch32v20x_iwdg.o
LOAD ./Peripheral/src/ch32v20x_misc.o
LOAD ./Peripheral/src/ch32v20x_opa.o
LOAD ./Peripheral/src/ch32v20x_pwr.o
LOAD ./Peripheral/src/ch32v20x_rcc.o
LOAD ./Peripheral/src/ch32v20x_rtc.o
LOAD ./Peripheral/src/ch32v20x_spi.o
LOAD ./Peripheral/src/ch32v20x_tim.o
LOAD ./Peripheral/src/ch32v20x_usart.o
LOAD ./Peripheral/src/ch32v20x_wwdg.o
LOAD ./HAL_LIB/filters.o
LOAD ./HAL_LIB/hw_data_model.o
LOAD ./HAL_LIB/hw_lib_adc.o
LOAD ./HAL_LIB/hw_lib_din.o
LOAD ./HAL_LIB/hw_lib_eeprom_i2c.o
LOAD ./HAL_LIB/hw_timeout.o
LOAD ./HAL_DRIVER/hal_can_ch32.o
LOAD ./HAL_DRIVER/hal_gpio_ch32.o
LOAD ./HAL_DRIVER/hal_i2c_ch32.o
LOAD ./HAL_DRIVER/hal_irq.o
LOAD ./HAL_DRIVER/hal_rtc_ch32.o
LOAD ./HAL_DRIVER/hal_spi_ch32.o
LOAD ./HAL_DRIVER/hal_wdt_ch32.o
LOAD ./HAL/hal_adc_ch32.o
LOAD ./HAL/hal_dma_ch32.o
LOAD ./HAL/hal_timers_ch32.o
LOAD ./FreeRTOS/portable/MemMang/heap_4.o
LOAD ./FreeRTOS/portable/GCC/RISC-V/port.o
LOAD ./FreeRTOS/portable/GCC/RISC-V/portASM.o
LOAD ./FreeRTOS/croutine.o
LOAD ./FreeRTOS/event_groups.o
LOAD ./FreeRTOS/list.o
LOAD ./FreeRTOS/queue.o
LOAD ./FreeRTOS/stream_buffer.o
LOAD ./FreeRTOS/tasks.o
LOAD ./FreeRTOS/timers.o
LOAD ./Debug/debug.o
LOAD ./Core/core_riscv.o
LOAD ./CANopenNode/keypad/CO_driver_ST32F103.o
LOAD ./CANopenNode/keypad/OD.o
LOAD ./CANopenNode/extra/CO_trace.o
LOAD ./CANopenNode/309/CO_gateway_ascii.o
LOAD ./CANopenNode/305/CO_LSSmaster.o
LOAD ./CANopenNode/305/CO_LSSslave.o
LOAD ./CANopenNode/304/CO_GFC.o
LOAD ./CANopenNode/304/CO_SRDO.o
LOAD ./CANopenNode/303/CO_LEDs.o
LOAD ./CANopenNode/301/CO_Emergency.o
LOAD ./CANopenNode/301/CO_HBconsumer.o
LOAD ./CANopenNode/301/CO_NMT_Heartbeat.o
LOAD ./CANopenNode/301/CO_Node_Guarding.o
LOAD ./CANopenNode/301/CO_ODinterface.o
LOAD ./CANopenNode/301/CO_PDO.o
LOAD ./CANopenNode/301/CO_SDOclient.o
LOAD ./CANopenNode/301/CO_SDOserver.o
LOAD ./CANopenNode/301/CO_SYNC.o
LOAD ./CANopenNode/301/CO_TIME.o
LOAD ./CANopenNode/301/CO_fifo.o
LOAD ./CANopenNode/301/crc16-ccitt.o
LOAD ./CANopenNode/CANopen.o
LOAD c:/mounriver/mounriver_studio/toolchain/risc-v embedded gcc/bin/../lib/gcc/riscv-none-embed/8.2.0/../../../../riscv-none-embed/lib/rv32imacxw/ilp32\libm.a
LOAD c:/mounriver/mounriver_studio/toolchain/risc-v embedded gcc/bin/../lib/gcc/riscv-none-embed/8.2.0/rv32imacxw/ilp32\libgcc.a
LOAD c:/mounriver/mounriver_studio/toolchain/risc-v embedded gcc/bin/../lib/gcc/riscv-none-embed/8.2.0/../../../../riscv-none-embed/lib/rv32imacxw/ilp32\libg_nano.a
LOAD c:/mounriver/mounriver_studio/toolchain/risc-v embedded gcc/bin/../lib/gcc/riscv-none-embed/8.2.0/../../../../riscv-none-embed/lib/rv32imacxw/ilp32\libc_nano.a
LOAD c:/mounriver/mounriver_studio/toolchain/risc-v embedded gcc/bin/../lib/gcc/riscv-none-embed/8.2.0/rv32imacxw/ilp32\libgcc.a
START GROUP
LOAD c:/mounriver/mounriver_studio/toolchain/risc-v embedded gcc/bin/../lib/gcc/riscv-none-embed/8.2.0/rv32imacxw/ilp32\libgcc.a
LOAD c:/mounriver/mounriver_studio/toolchain/risc-v embedded gcc/bin/../lib/gcc/riscv-none-embed/8.2.0/../../../../riscv-none-embed/lib/rv32imacxw/ilp32\libc_nano.a
LOAD c:/mounriver/mounriver_studio/toolchain/risc-v embedded gcc/bin/../lib/gcc/riscv-none-embed/8.2.0/../../../../riscv-none-embed/lib/rv32imacxw/ilp32\libnosys.a
END GROUP
START GROUP
LOAD c:/mounriver/mounriver_studio/toolchain/risc-v embedded gcc/bin/../lib/gcc/riscv-none-embed/8.2.0/rv32imacxw/ilp32\libgcc.a
LOAD c:/mounriver/mounriver_studio/toolchain/risc-v embedded gcc/bin/../lib/gcc/riscv-none-embed/8.2.0/../../../../riscv-none-embed/lib/rv32imacxw/ilp32\libc_nano.a
LOAD c:/mounriver/mounriver_studio/toolchain/risc-v embedded gcc/bin/../lib/gcc/riscv-none-embed/8.2.0/../../../../riscv-none-embed/lib/rv32imacxw/ilp32\libnosys.a
END GROUP
                0x0000000000000be8                __stack_size = 0xbe8
                [!provide]                        PROVIDE (_stack_size = __stack_size)

.init           0x0000000000000000       0x38
                0x0000000000000000                _sinit = .
                0x0000000000000000                . = ALIGN (0x4)
 *(SORT_NONE(.init))
 .init          0x0000000000000000       0x38 ./Startup/startup_ch32v20x_D6.o
                0x0000000000000000                _start
                0x0000000000000038                . = ALIGN (0x4)
                0x0000000000000038                _einit = .

.vector         0x0000000000000038      0x108
 *(.vector)
 .vector        0x0000000000000038       0xfc ./Startup/startup_ch32v20x_D6.o
                0x0000000000000140                . = ALIGN (0x40)
 *fill*         0x0000000000000134        0xc 

.stext          0x0000000000010000      0x752
                0x0000000000010000                . = ALIGN (0x4)
 *(.stext)
 .stext         0x0000000000010000       0x8a ./User/DataModel.o
 .stext         0x000000000001008a      0x14c ./User/init.o
                0x000000000001008a                vInit_DeviceConfig
 .stext         0x00000000000101d6       0xa6 ./User/inputs.o
                0x00000000000101d6                ADC1_Init
 .stext         0x000000000001027c      0x202 ./User/process.o
                0x000000000001027c                vProceesInit
 .stext         0x000000000001047e      0x14e ./User/system_init.o
                0x000000000001047e                vSYStaskInit
                0x00000000000105a2                vSYSqueueInit
 .stext         0x00000000000105cc       0x34 ./HAL_LIB/hw_lib_din.o
                0x00000000000105cc                eDinConfigWtihStruct
 .stext         0x0000000000010600       0xca ./HAL_DRIVER/hal_rtc_ch32.o
                0x0000000000010600                HAL_RTC_IT_Init
 .stext         0x00000000000106ca       0x60 ./HAL_DRIVER/hal_spi_ch32.o
                0x00000000000106ca                HAL_SPI_InitDMA
 .stext         0x000000000001072a       0x28 ./HAL_DRIVER/hal_wdt_ch32.o
                0x000000000001072a                HAL_WDT_Init1s

.text           0x0000000000000200     0xe9c4
                0x0000000000000200                . = ALIGN (0x4)
 *(.text)
 .text          0x0000000000000200      0x2ee ./FreeRTOS/portable/GCC/RISC-V/portASM.o
                0x0000000000000200                SW_Handler
                0x0000000000000300                xPortStartFirstTask
                0x0000000000000400                pxPortInitialiseStack
 .text          0x00000000000004ee       0x60 c:/mounriver/mounriver_studio/toolchain/risc-v embedded gcc/bin/../lib/gcc/riscv-none-embed/8.2.0/rv32imacxw/ilp32\libgcc.a(save-restore.o)
                0x00000000000004ee                __riscv_save_12
                0x00000000000004f6                __riscv_save_9
                0x00000000000004f6                __riscv_save_11
                0x00000000000004f6                __riscv_save_10
                0x00000000000004f6                __riscv_save_8
                0x0000000000000504                __riscv_save_4
                0x0000000000000504                __riscv_save_6
                0x0000000000000504                __riscv_save_5
                0x0000000000000504                __riscv_save_7
                0x000000000000051e                __riscv_save_3
                0x000000000000051e                __riscv_save_2
                0x000000000000051e                __riscv_save_1
                0x000000000000051e                __riscv_save_0
                0x000000000000052a                __riscv_restore_12
                0x000000000000052e                __riscv_restore_11
                0x000000000000052e                __riscv_restore_9
                0x000000000000052e                __riscv_restore_10
                0x000000000000052e                __riscv_restore_8
                0x0000000000000538                __riscv_restore_5
                0x0000000000000538                __riscv_restore_7
                0x0000000000000538                __riscv_restore_6
                0x0000000000000538                __riscv_restore_4
                0x0000000000000542                __riscv_restore_3
                0x0000000000000542                __riscv_restore_0
                0x0000000000000542                __riscv_restore_2
                0x0000000000000542                __riscv_restore_1
 .text          0x000000000000054e       0xa8 c:/mounriver/mounriver_studio/toolchain/risc-v embedded gcc/bin/../lib/gcc/riscv-none-embed/8.2.0/../../../../riscv-none-embed/lib/rv32imacxw/ilp32\libg_nano.a(lib_a-memset.o)
                0x000000000000054e                memset
 *(.text.*)
 .text.xCanOpenProcessTaskHandle
                0x00000000000005f6        0xa ./User/CanOpenNode.o
                0x00000000000005f6                xCanOpenProcessTaskHandle
 .text.xCanOpenPeriodicTaskHandle
                0x0000000000000600        0xa ./User/CanOpenNode.o
                0x0000000000000600                xCanOpenPeriodicTaskHandle
 .text.vCanOpenInit
                0x000000000000060a        0xa ./User/CanOpenNode.o
                0x000000000000060a                vCanOpenInit
 .text.vCanOpenProcess
                0x0000000000000614      0x192 ./User/CanOpenNode.o
                0x0000000000000614                vCanOpenProcess
 .text.vCanOpenPeriodicProcess
                0x00000000000007a6       0x82 ./User/CanOpenNode.o
                0x00000000000007a6                vCanOpenPeriodicProcess
 .text.xDataRegQueue
                0x0000000000000828        0xa ./User/DataModel.o
                0x0000000000000828                xDataRegQueue
 .text.vDataModelRegDelayWrite
                0x0000000000000832       0x38 ./User/DataModel.o
                0x0000000000000832                vDataModelRegDelayWrite
 .text.DataModel_Init
                0x000000000000086a      0x71c ./User/DataModel.o
                0x000000000000086a                DataModel_Init
 .text.SaveReg16
                0x0000000000000f86       0x20 ./User/DataModel.o
                0x0000000000000f86                SaveReg16
 .text.WriteRegAfterDelay
                0x0000000000000fa6       0x62 ./User/DataModel.o
                0x0000000000000fa6                WriteRegAfterDelay
 .text.WriteReg
                0x0000000000001008       0x58 ./User/DataModel.o
                0x0000000000001008                WriteReg
 .text.vGetBitrate
                0x0000000000001060       0x2a ./User/DataModel.o
                0x0000000000001060                vGetBitrate
 .text.vFDGetNMTState
                0x000000000000108a        0x6 ./User/DataModel.o
                0x000000000000108a                vFDGetNMTState
 .text.vGetNodeId
                0x0000000000001090        0xe ./User/DataModel.o
                0x0000000000001090                vGetNodeId
 .text.vIncrementSystemCounters
                0x000000000000109e       0x9e ./User/DataModel.o
                0x000000000000109e                vIncrementSystemCounters
 .text.vSaveData
                0x000000000000113c       0x18 ./User/DataModel.o
                0x000000000000113c                vSaveData
 .text.getOdometr
                0x0000000000001154       0x16 ./User/DataModel.o
                0x0000000000001154                getOdometr
 .text.getOdometr1
                0x000000000000116a       0x16 ./User/DataModel.o
                0x000000000000116a                getOdometr1
 .text.ResrtOdometr1
                0x0000000000001180       0x10 ./User/DataModel.o
                0x0000000000001180                ResrtOdometr1
 .text.NMI_Handler
                0x0000000000001190        0x2 ./User/ch32v20x_it.o
                0x0000000000001190                NMI_Handler
 .text.HardFault_Handler
                0x0000000000001192       0x66 ./User/ch32v20x_it.o
                0x0000000000001192                HardFault_Handler
 .text.SegPrint
                0x00000000000011f8       0x5a ./User/dash_draw.o
 .text.vCheckKeySatate
                0x0000000000001252       0x68 ./User/dash_draw.o
 .text.xProcessTaskHandle
                0x00000000000012ba        0xa ./User/dash_draw.o
                0x00000000000012ba                xProcessTaskHandle
 .text.vSetErrorReg
                0x00000000000012c4        0xa ./User/dash_draw.o
                0x00000000000012c4                vSetErrorReg
 .text.getODValue
                0x00000000000012ce      0x16a ./User/dash_draw.o
                0x00000000000012ce                getODValue
 .text.IncMenuIndex
                0x0000000000001438       0x80 ./User/dash_draw.o
                0x0000000000001438                IncMenuIndex
 .text.GoToHome
                0x00000000000014b8       0x12 ./User/dash_draw.o
                0x00000000000014b8                GoToHome
 .text.SetCurMenuHome
                0x00000000000014ca       0x3a ./User/dash_draw.o
                0x00000000000014ca                SetCurMenuHome
 .text.GetCurMenuHome
                0x0000000000001504        0x6 ./User/dash_draw.o
                0x0000000000001504                GetCurMenuHome
 .text.SetCurrentMenu
                0x000000000000150a       0x12 ./User/dash_draw.o
                0x000000000000150a                SetCurrentMenu
 .text.SetDefault
                0x000000000000151c       0x2a ./User/dash_draw.o
                0x000000000000151c                SetDefault
 .text.MenuBackHomeCheck
                0x0000000000001546       0x38 ./User/dash_draw.o
                0x0000000000001546                MenuBackHomeCheck
 .text.CheckMenuChannel
                0x000000000000157e       0x20 ./User/dash_draw.o
                0x000000000000157e                CheckMenuChannel
 .text.vDashDrawInit
                0x000000000000159e       0x80 ./User/dash_draw.o
                0x000000000000159e                vDashDrawInit
 .text.vMenuBlink
                0x000000000000161e       0x4a ./User/dash_draw.o
                0x000000000000161e                vMenuBlink
 .text.SetErrorRegiter
                0x0000000000001668       0x5e ./User/dash_draw.o
                0x0000000000001668                SetErrorRegiter
 .text.uGetCurrMenu
                0x00000000000016c6       0x26 ./User/dash_draw.o
                0x00000000000016c6                uGetCurrMenu
 .text.vGetEdgeData
                0x00000000000016ec       0x2a ./User/dash_draw.o
                0x00000000000016ec                vGetEdgeData
 .text.checkLedState
                0x0000000000001716       0x3a ./User/dash_draw.o
 .text.vRGBMode
                0x0000000000001750       0x72 ./User/dash_draw.o
                0x0000000000001750                vRGBMode
 .text.vBarColorMode
                0x00000000000017c2       0xc2 ./User/dash_draw.o
                0x00000000000017c2                vBarColorMode
 .text.vBarWindowMode
                0x0000000000001884       0x5a ./User/dash_draw.o
                0x0000000000001884                vBarWindowMode
 .text.vBarMode
                0x00000000000018de       0x68 ./User/dash_draw.o
                0x00000000000018de                vBarMode
 .text.vRedrawTask
                0x0000000000001946      0x506 ./User/dash_draw.o
                0x0000000000001946                vRedrawTask
 .text.HardwareDeinit
                0x0000000000001e4c       0x2a ./User/init.o
                0x0000000000001e4c                HardwareDeinit
 .text.SoftwareReset
                0x0000000000001e76       0x14 ./User/init.o
                0x0000000000001e76                SoftwareReset
 .text.ADC1_Event
                0x0000000000001e8a       0x48 ./User/inputs.o
                0x0000000000001e8a                ADC1_Event
 .text.CaptureDMACallBack
                0x0000000000001ed2       0x22 ./User/inputs.o
                0x0000000000001ed2                CaptureDMACallBack
 .text.CaptureDMACallBack_1
                0x0000000000001ef4       0x22 ./User/inputs.o
                0x0000000000001ef4                CaptureDMACallBack_1
 .text.SaveData
                0x0000000000001f16       0x32 ./User/inputs.o
 .text.fDinStateCallback
                0x0000000000001f48       0x32 ./User/inputs.o
                0x0000000000001f48                fDinStateCallback
 .text.vSetDoutState
                0x0000000000001f7a       0x28 ./User/inputs.o
                0x0000000000001f7a                vSetDoutState
 .text.getInputsTaskHandle
                0x0000000000001fa2        0xa ./User/inputs.o
                0x0000000000001fa2                getInputsTaskHandle
 .text.ADC_FSM  0x0000000000001fac      0x1e6 ./User/inputs.o
                0x0000000000001fac                ADC_FSM
 .text.GetAIN   0x0000000000002192        0xc ./User/inputs.o
                0x0000000000002192                GetAIN
 .text.vInputsTask
                0x000000000000219e      0x292 ./User/inputs.o
                0x000000000000219e                vInputsTask
 .text.SPI1_DMA_Callback
                0x0000000000002430       0x2e ./User/led.o
                0x0000000000002430                SPI1_DMA_Callback
 .text.SPI2_DMA_Callback
                0x000000000000245e       0x2e ./User/led.o
                0x000000000000245e                SPI2_DMA_Callback
 .text.SetBarState
                0x000000000000248c       0x50 ./User/led.o
                0x000000000000248c                SetBarState
 .text.SetRGB   0x00000000000024dc       0x4e ./User/led.o
                0x00000000000024dc                SetRGB
 .text.SetSegDirect
                0x000000000000252a       0x9c ./User/led.o
                0x000000000000252a                SetSegDirect
 .text.SetSegPoint
                0x00000000000025c6       0x22 ./User/led.o
                0x00000000000025c6                SetSegPoint
 .text.SetSEG   0x00000000000025e8      0x120 ./User/led.o
                0x00000000000025e8                SetSEG
 .text.SetBigSeg
                0x0000000000002708       0x14 ./User/led.o
                0x0000000000002708                SetBigSeg
 .text.vSetBrigth
                0x000000000000271c       0x28 ./User/led.o
                0x000000000000271c                vSetBrigth
 .text.vLedDriverStart
                0x0000000000002744       0x4e ./User/led.o
                0x0000000000002744                vLedDriverStart
 .text.vLedProcess
                0x0000000000002792       0x1e ./User/led.o
                0x0000000000002792                vLedProcess
 .text.vRGBProcess
                0x00000000000027b0       0xe2 ./User/led.o
                0x00000000000027b0                vRGBProcess
 .text.startup.main
                0x0000000000002892       0x28 ./User/main.o
                0x0000000000002892                main
 .text.vRestartNode
                0x00000000000028ba        0x2 ./User/main.o
                0x00000000000028ba                vRestartNode
 .text.Error_Handler
                0x00000000000028bc        0x8 ./User/main.o
                0x00000000000028bc                Error_Handler
 .text.OD_readKEY
                0x00000000000028c4        0x8 ./User/process.o
 .text.OD_writeRGBMAP
                0x00000000000028cc       0x30 ./User/process.o
 .text.OD_writeKEY
                0x00000000000028fc       0x34 ./User/process.o
 .text.OD_readRGBMAP
                0x0000000000002930       0x22 ./User/process.o
 .text.OD_readDIN
                0x0000000000002952       0x1c ./User/process.o
 .text.OD_writeMenuSetup
                0x000000000000296e       0x46 ./User/process.o
 .text.OD_writeBoardSettings
                0x00000000000029b4       0x78 ./User/process.o
 .text.CO_getUint16
                0x0000000000002a2c       0x10 ./User/process.o
 .text.OD_writeSEG
                0x0000000000002a3c       0x44 ./User/process.o
 .text.OD_writeBAR
                0x0000000000002a80       0x30 ./User/process.o
 .text.OD_writeRPMConfig
                0x0000000000002ab0       0x36 ./User/process.o
 .text.CO_getUint32
                0x0000000000002ae6       0x18 ./User/process.o
 .text.OD_writeMenuMap
                0x0000000000002afe       0x30 ./User/process.o
 .text.OD_writeV1_14
                0x0000000000002b2e       0x54 ./User/process.o
 .text.OD_writeDashParam
                0x0000000000002b82       0x44 ./User/process.o
 .text.WriteRGB.isra.2
                0x0000000000002bc6       0x3a ./User/process.o
 .text.OD_writeRGB1
                0x0000000000002c00       0x14 ./User/process.o
 .text.OD_writeRGB2
                0x0000000000002c14       0x16 ./User/process.o
 .text.OD_writeRGB3
                0x0000000000002c2a       0x16 ./User/process.o
 .text.OD_writeRGB4
                0x0000000000002c40       0x16 ./User/process.o
 .text.OD_writeRGB5
                0x0000000000002c56       0x16 ./User/process.o
 .text.OD_writeRGB6
                0x0000000000002c6c       0x16 ./User/process.o
 .text.OD_writeRGB7
                0x0000000000002c82       0x16 ./User/process.o
 .text.OD_writeRGB8
                0x0000000000002c98       0x16 ./User/process.o
 .text.OD_writeRGB9
                0x0000000000002cae       0x16 ./User/process.o
 .text.OD_writeRGB10
                0x0000000000002cc4       0x16 ./User/process.o
 .text.OD_writeRGB11
                0x0000000000002cda       0x16 ./User/process.o
 .text.OD_writeRGB12
                0x0000000000002cf0       0x16 ./User/process.o
 .text.OD_writeRGB13
                0x0000000000002d06       0x16 ./User/process.o
 .text.OD_readBoardSettings
                0x0000000000002d1c       0x2a ./User/process.o
 .text.readADC.isra.6
                0x0000000000002d46       0x84 ./User/process.o
 .text.OD_readADC1
                0x0000000000002dca       0x10 ./User/process.o
 .text.OD_readADC2
                0x0000000000002dda       0x10 ./User/process.o
 .text.OD_readADC3
                0x0000000000002dea       0x10 ./User/process.o
 .text.OD_readMenuSetup
                0x0000000000002dfa       0x30 ./User/process.o
 .text.writeADC.isra.9
                0x0000000000002e2a       0xde ./User/process.o
 .text.OD_writeADC1
                0x0000000000002f08       0x10 ./User/process.o
 .text.OD_writeADC2
                0x0000000000002f18       0x10 ./User/process.o
 .text.OD_writeADC3
                0x0000000000002f28       0x10 ./User/process.o
 .text.OD_readRGB.isra.5
                0x0000000000002f38       0x22 ./User/process.o
 .text.OD_readRGB1
                0x0000000000002f5a       0x10 ./User/process.o
 .text.OD_readRGB2
                0x0000000000002f6a       0x12 ./User/process.o
 .text.OD_readRGB3
                0x0000000000002f7c       0x12 ./User/process.o
 .text.OD_readRGB4
                0x0000000000002f8e       0x12 ./User/process.o
 .text.OD_readRGB5
                0x0000000000002fa0       0x12 ./User/process.o
 .text.OD_readRGB6
                0x0000000000002fb2       0x12 ./User/process.o
 .text.OD_readRGB7
                0x0000000000002fc4       0x12 ./User/process.o
 .text.OD_readRGB8
                0x0000000000002fd6       0x12 ./User/process.o
 .text.OD_readRGB9
                0x0000000000002fe8       0x12 ./User/process.o
 .text.OD_readRGB10
                0x0000000000002ffa       0x12 ./User/process.o
 .text.OD_readRGB11
                0x000000000000300c       0x12 ./User/process.o
 .text.OD_readRGB12
                0x000000000000301e       0x12 ./User/process.o
 .text.OD_readRGB13
                0x0000000000003030       0x12 ./User/process.o
 .text.OD_readAIN_RPM
                0x0000000000003042       0x26 ./User/process.o
 .text.OD_readMenuMap
                0x0000000000003068       0x2c ./User/process.o
 .text.OD_readRPMConfig
                0x0000000000003094       0x2a ./User/process.o
 .text.OD_readBar
                0x00000000000030be       0x28 ./User/process.o
 .text.OD_readDashParam
                0x00000000000030e6       0x4c ./User/process.o
 .text.OD_readSEG
                0x0000000000003132       0x34 ./User/process.o
 .text.SystemInit
                0x0000000000003166       0xea ./User/system_ch32v20x.o
                0x0000000000003166                SystemInit
 .text.SystemCoreClockUpdate
                0x0000000000003250       0x92 ./User/system_ch32v20x.o
                0x0000000000003250                SystemCoreClockUpdate
 .text.StartDefaultTask
                0x00000000000032e2       0x78 ./User/system_init.o
 .text.vApplicationGetIdleTaskMemory
                0x000000000000335a       0x1c ./User/system_init.o
                0x000000000000335a                vApplicationGetIdleTaskMemory
 .text.vSystemStop
                0x0000000000003376       0x26 ./User/system_init.o
                0x0000000000003376                vSystemStop
 .text.vector_handler
                0x000000000000339c       0x6c ./Startup/startup_ch32v20x_D6.o
                0x00000000000033a0                Ecall_M_Mode_Handler
                0x00000000000033a2                Ecall_U_Mode_Handler
                0x00000000000033a4                Break_Point_Handler
                0x00000000000033aa                WWDG_IRQHandler
                0x00000000000033ac                PVD_IRQHandler
                0x00000000000033ae                TAMPER_IRQHandler
                0x00000000000033b2                FLASH_IRQHandler
                0x00000000000033b4                RCC_IRQHandler
                0x00000000000033b6                EXTI0_IRQHandler
                0x00000000000033b8                EXTI1_IRQHandler
                0x00000000000033ba                EXTI2_IRQHandler
                0x00000000000033bc                EXTI3_IRQHandler
                0x00000000000033be                EXTI4_IRQHandler
                0x00000000000033c2                DMA1_Channel2_IRQHandler
                0x00000000000033ca                DMA1_Channel6_IRQHandler
                0x00000000000033d8                EXTI9_5_IRQHandler
                0x00000000000033da                TIM1_BRK_IRQHandler
                0x00000000000033dc                TIM1_UP_IRQHandler
                0x00000000000033de                TIM1_TRG_COM_IRQHandler
                0x00000000000033e0                TIM1_CC_IRQHandler
                0x00000000000033e2                TIM2_IRQHandler
                0x00000000000033e4                TIM3_IRQHandler
                0x00000000000033ec                I2C2_EV_IRQHandler
                0x00000000000033ee                I2C2_ER_IRQHandler
                0x00000000000033f0                SPI1_IRQHandler
                0x00000000000033f2                SPI2_IRQHandler
                0x00000000000033f4                USART1_IRQHandler
                0x00000000000033f6                USART2_IRQHandler
                0x00000000000033f8                USART3_IRQHandler
                0x00000000000033fa                EXTI15_10_IRQHandler
                0x00000000000033fc                RTCAlarm_IRQHandler
                0x00000000000033fe                USBWakeUp_IRQHandler
                0x0000000000003400                USBHD_IRQHandler
                0x0000000000003402                USBHDWakeUp_IRQHandler
                0x0000000000003404                UART4_IRQHandler
                0x0000000000003406                DMA1_Channel8_IRQHandler
 .text.handle_reset
                0x0000000000003408       0x92 ./Startup/startup_ch32v20x_D6.o
                0x0000000000003408                handle_reset
 .text.ADC_Cmd  0x000000000000349a       0x10 ./Peripheral/src/ch32v20x_adc.o
                0x000000000000349a                ADC_Cmd
 .text.ADC_GetResetCalibrationStatus
                0x00000000000034aa        0x8 ./Peripheral/src/ch32v20x_adc.o
                0x00000000000034aa                ADC_GetResetCalibrationStatus
 .text.ADC_GetCalibrationStatus
                0x00000000000034b2        0x8 ./Peripheral/src/ch32v20x_adc.o
                0x00000000000034b2                ADC_GetCalibrationStatus
 .text.ADC_GetITStatus
                0x00000000000034ba       0x1c ./Peripheral/src/ch32v20x_adc.o
                0x00000000000034ba                ADC_GetITStatus
 .text.ADC_ClearITPendingBit
                0x00000000000034d6        0xa ./Peripheral/src/ch32v20x_adc.o
                0x00000000000034d6                ADC_ClearITPendingBit
 .text.Get_CalibrationValue
                0x00000000000034e0      0x1fe ./Peripheral/src/ch32v20x_adc.o
                0x00000000000034e0                Get_CalibrationValue
 .text.DMA_GetFlagStatus
                0x00000000000036de        0xe ./Peripheral/src/ch32v20x_dma.o
                0x00000000000036de                DMA_GetFlagStatus
 .text.DMA_GetITStatus
                0x00000000000036ec        0xc ./Peripheral/src/ch32v20x_dma.o
                0x00000000000036ec                DMA_GetITStatus
 .text.DMA_ClearITPendingBit
                0x00000000000036f8        0x8 ./Peripheral/src/ch32v20x_dma.o
                0x00000000000036f8                DMA_ClearITPendingBit
 .text.GPIO_Init
                0x0000000000003700       0xfa ./Peripheral/src/ch32v20x_gpio.o
                0x0000000000003700                GPIO_Init
 .text.GPIO_PinRemapConfig
                0x00000000000037fa       0xf2 ./Peripheral/src/ch32v20x_gpio.o
                0x00000000000037fa                GPIO_PinRemapConfig
 .text.I2C_DualAddressCmd
                0x00000000000038ec       0x18 ./Peripheral/src/ch32v20x_i2c.o
                0x00000000000038ec                I2C_DualAddressCmd
 .text.I2C_ClearFlag
                0x0000000000003904        0xc ./Peripheral/src/ch32v20x_i2c.o
                0x0000000000003904                I2C_ClearFlag
 .text.RCC_LSEConfig
                0x0000000000003910       0x28 ./Peripheral/src/ch32v20x_rcc.o
                0x0000000000003910                RCC_LSEConfig
 .text.RCC_GetClocksFreq
                0x0000000000003938       0xbe ./Peripheral/src/ch32v20x_rcc.o
                0x0000000000003938                RCC_GetClocksFreq
 .text.RCC_APB2PeriphClockCmd
                0x00000000000039f6       0x1e ./Peripheral/src/ch32v20x_rcc.o
                0x00000000000039f6                RCC_APB2PeriphClockCmd
 .text.RCC_GetFlagStatus
                0x0000000000003a14       0x2e ./Peripheral/src/ch32v20x_rcc.o
                0x0000000000003a14                RCC_GetFlagStatus
 .text.RTC_EnterConfigMode
                0x0000000000003a42       0x12 ./Peripheral/src/ch32v20x_rtc.o
                0x0000000000003a42                RTC_EnterConfigMode
 .text.RTC_ExitConfigMode
                0x0000000000003a54       0x18 ./Peripheral/src/ch32v20x_rtc.o
                0x0000000000003a54                RTC_ExitConfigMode
 .text.RTC_GetCounter
                0x0000000000003a6c       0x36 ./Peripheral/src/ch32v20x_rtc.o
                0x0000000000003a6c                RTC_GetCounter
 .text.RTC_SetCounter
                0x0000000000003aa2       0x2c ./Peripheral/src/ch32v20x_rtc.o
                0x0000000000003aa2                RTC_SetCounter
 .text.RTC_SetPrescaler
                0x0000000000003ace       0x2e ./Peripheral/src/ch32v20x_rtc.o
                0x0000000000003ace                RTC_SetPrescaler
 .text.RTC_WaitForLastTask
                0x0000000000003afc       0x10 ./Peripheral/src/ch32v20x_rtc.o
                0x0000000000003afc                RTC_WaitForLastTask
 .text.RTC_WaitForSynchro
                0x0000000000003b0c       0x24 ./Peripheral/src/ch32v20x_rtc.o
                0x0000000000003b0c                RTC_WaitForSynchro
 .text.TIM_OC1Init
                0x0000000000003b30       0x6a ./Peripheral/src/ch32v20x_tim.o
                0x0000000000003b30                TIM_OC1Init
 .text.TIM_OC2Init
                0x0000000000003b9a       0x96 ./Peripheral/src/ch32v20x_tim.o
                0x0000000000003b9a                TIM_OC2Init
 .text.TIM_OC3Init
                0x0000000000003c30       0x94 ./Peripheral/src/ch32v20x_tim.o
                0x0000000000003c30                TIM_OC3Init
 .text.TIM_OC4Init
                0x0000000000003cc4       0x6c ./Peripheral/src/ch32v20x_tim.o
                0x0000000000003cc4                TIM_OC4Init
 .text.TIM_OC1PreloadConfig
                0x0000000000003d30        0xe ./Peripheral/src/ch32v20x_tim.o
                0x0000000000003d30                TIM_OC1PreloadConfig
 .text.TIM_OC2PreloadConfig
                0x0000000000003d3e       0x16 ./Peripheral/src/ch32v20x_tim.o
                0x0000000000003d3e                TIM_OC2PreloadConfig
 .text.TIM_OC3PreloadConfig
                0x0000000000003d54        0xe ./Peripheral/src/ch32v20x_tim.o
                0x0000000000003d54                TIM_OC3PreloadConfig
 .text.TIM_OC4PreloadConfig
                0x0000000000003d62       0x16 ./Peripheral/src/ch32v20x_tim.o
                0x0000000000003d62                TIM_OC4PreloadConfig
 .text.TIM_GetITStatus
                0x0000000000003d78       0x18 ./Peripheral/src/ch32v20x_tim.o
                0x0000000000003d78                TIM_GetITStatus
 .text.USART_Init
                0x0000000000003d90       0xbc ./Peripheral/src/ch32v20x_usart.o
                0x0000000000003d90                USART_Init
 .text.USART_Cmd
                0x0000000000003e4c       0x16 ./Peripheral/src/ch32v20x_usart.o
                0x0000000000003e4c                USART_Cmd
 .text.USART_SendData
                0x0000000000003e62        0x8 ./Peripheral/src/ch32v20x_usart.o
                0x0000000000003e62                USART_SendData
 .text.USART_GetFlagStatus
                0x0000000000003e6a        0xa ./Peripheral/src/ch32v20x_usart.o
                0x0000000000003e6a                USART_GetFlagStatus
 .text.vRCFilterConfig
                0x0000000000003e74       0x2e ./HAL_LIB/filters.o
                0x0000000000003e74                vRCFilterConfig
 .text.vInitABFilter
                0x0000000000003ea2       0x22 ./HAL_LIB/filters.o
                0x0000000000003ea2                vInitABFilter
 .text.vInitRunAverga
                0x0000000000003ec4        0x8 ./HAL_LIB/filters.o
                0x0000000000003ec4                vInitRunAverga
 .text.vInitMedianFilter
                0x0000000000003ecc       0x12 ./HAL_LIB/filters.o
                0x0000000000003ecc                vInitMedianFilter
 .text.AddBufferData
                0x0000000000003ede       0x20 ./HAL_LIB/filters.o
                0x0000000000003ede                AddBufferData
 .text.GetConversional
                0x0000000000003efe       0x4a ./HAL_LIB/filters.o
                0x0000000000003efe                GetConversional
 .text.GetDataRegister
                0x0000000000003f48        0xa ./HAL_LIB/hw_data_model.o
                0x0000000000003f48                GetDataRegister
 .text.GetRegisterAddr
                0x0000000000003f52        0xc ./HAL_LIB/hw_data_model.o
                0x0000000000003f52                GetRegisterAddr
 .text.ClearDataModel
                0x0000000000003f5e       0x1a ./HAL_LIB/hw_data_model.o
                0x0000000000003f5e                ClearDataModel
 .text.setReg32
                0x0000000000003f78       0x1e ./HAL_LIB/hw_data_model.o
                0x0000000000003f78                setReg32
 .text.setReg16
                0x0000000000003f96       0x12 ./HAL_LIB/hw_data_model.o
                0x0000000000003f96                setReg16
 .text.setReg8  0x0000000000003fa8        0xe ./HAL_LIB/hw_data_model.o
                0x0000000000003fa8                setReg8
 .text.getReg16
                0x0000000000003fb6       0x14 ./HAL_LIB/hw_data_model.o
                0x0000000000003fb6                getReg16
 .text.getReg32
                0x0000000000003fca       0x20 ./HAL_LIB/hw_data_model.o
                0x0000000000003fca                getReg32
 .text.getReg8  0x0000000000003fea        0xe ./HAL_LIB/hw_data_model.o
                0x0000000000003fea                getReg8
 .text.vAINInit
                0x0000000000003ff8       0x36 ./HAL_LIB/hw_lib_adc.o
                0x0000000000003ff8                vAINInit
 .text.fGetAinCalData
                0x000000000000402e       0x7a ./HAL_LIB/hw_lib_adc.o
                0x000000000000402e                fGetAinCalData
 .text.eAinCalDataConfig
                0x00000000000040a8       0x50 ./HAL_LIB/hw_lib_adc.o
                0x00000000000040a8                eAinCalDataConfig
 .text.vABLineKoofFinde
                0x00000000000040f8       0x6a ./HAL_LIB/hw_lib_adc.o
                0x00000000000040f8                vABLineKoofFinde
 .text.eSetAinCalPoint
                0x0000000000004162       0x64 ./HAL_LIB/hw_lib_adc.o
                0x0000000000004162                eSetAinCalPoint
 .text.getADC1Buffer
                0x00000000000041c6        0xa ./HAL_LIB/hw_lib_adc.o
                0x00000000000041c6                getADC1Buffer
 .text.eDOUTConfigWtihStruct
                0x00000000000041d0       0x1c ./HAL_LIB/hw_lib_din.o
                0x00000000000041d0                eDOUTConfigWtihStruct
 .text.eSetDUT  0x00000000000041ec       0x16 ./HAL_LIB/hw_lib_din.o
                0x00000000000041ec                eSetDUT
 .text.uGetDIN  0x0000000000004202       0x14 ./HAL_LIB/hw_lib_din.o
                0x0000000000004202                uGetDIN
 .text.eRPMConfig
                0x0000000000004216       0x5a ./HAL_LIB/hw_lib_din.o
                0x0000000000004216                eRPMConfig
 .text.RMPDataConvert
                0x0000000000004270       0x4e ./HAL_LIB/hw_lib_din.o
                0x0000000000004270                RMPDataConvert
 .text.GetRPM   0x00000000000042be       0x7a ./HAL_LIB/hw_lib_din.o
                0x00000000000042be                GetRPM
 .text.xGetRPM  0x0000000000004338       0x72 ./HAL_LIB/hw_lib_din.o
                0x0000000000004338                xGetRPM
 .text.vDinDoutProcess
                0x00000000000043aa       0xa0 ./HAL_LIB/hw_lib_din.o
                0x00000000000043aa                vDinDoutProcess
 .text.getCaputreBuffer
                0x000000000000444a       0x16 ./HAL_LIB/hw_lib_din.o
                0x000000000000444a                getCaputreBuffer
 .text.I2C_FSM  0x0000000000004460      0x198 ./HAL_LIB/hw_lib_eeprom_i2c.o
                0x0000000000004460                I2C_FSM
 .text.vInitEEPROM_I2C
                0x00000000000045f8       0x4e ./HAL_LIB/hw_lib_eeprom_i2c.o
                0x00000000000045f8                vInitEEPROM_I2C
 .text.eEEPROMWrFast
                0x0000000000004646      0x10a ./HAL_LIB/hw_lib_eeprom_i2c.o
                0x0000000000004646                eEEPROMWrFast
 .text.eEEPROMWr
                0x0000000000004750       0xe2 ./HAL_LIB/hw_lib_eeprom_i2c.o
                0x0000000000004750                eEEPROMWr
 .text.eEEPROMRd
                0x0000000000004832       0x8a ./HAL_LIB/hw_lib_eeprom_i2c.o
                0x0000000000004832                eEEPROMRd
 .text.bReadEEPROM
                0x00000000000048bc       0x1a ./HAL_LIB/hw_lib_eeprom_i2c.o
                0x00000000000048bc                bReadEEPROM
 .text.vHW_INIT_TIMEOUT
                0x00000000000048d6       0x1c ./HAL_LIB/hw_timeout.o
                0x00000000000048d6                vHW_INIT_TIMEOUT
 .text.vHW_PROCESS_TIMEOUT
                0x00000000000048f2       0x26 ./HAL_LIB/hw_timeout.o
                0x00000000000048f2                vHW_PROCESS_TIMEOUT
 .text.HAL_CANSetTXCallback
                0x0000000000004918        0xa ./HAL_DRIVER/hal_can_ch32.o
                0x0000000000004918                HAL_CANSetTXCallback
 .text.HAL_CANSetRXCallback
                0x0000000000004922        0xa ./HAL_DRIVER/hal_can_ch32.o
                0x0000000000004922                HAL_CANSetRXCallback
 .text.HAL_CANSetERRCallback
                0x000000000000492c        0xa ./HAL_DRIVER/hal_can_ch32.o
                0x000000000000492c                HAL_CANSetERRCallback
 .text.HAL_CANIntIT
                0x0000000000004936      0x13c ./HAL_DRIVER/hal_can_ch32.o
                0x0000000000004936                HAL_CANIntIT
 .text.HAL_CANToInitMode
                0x0000000000004a72       0x30 ./HAL_DRIVER/hal_can_ch32.o
                0x0000000000004a72                HAL_CANToInitMode
 .text.HAL_CANToOperatingMode
                0x0000000000004aa2       0x26 ./HAL_DRIVER/hal_can_ch32.o
                0x0000000000004aa2                HAL_CANToOperatingMode
 .text.HAL_CANSend
                0x0000000000004ac8       0xae ./HAL_DRIVER/hal_can_ch32.o
                0x0000000000004ac8                HAL_CANSend
 .text.HAL_CANSetFiters
                0x0000000000004b76       0xc4 ./HAL_DRIVER/hal_can_ch32.o
                0x0000000000004b76                HAL_CANSetFiters
 .text.HAL_CANGetRXMessage
                0x0000000000004c3a       0xb0 ./HAL_DRIVER/hal_can_ch32.o
                0x0000000000004c3a                HAL_CANGetRXMessage
 .text.USB_HP_CAN1_TX_IRQHandler
                0x0000000000004cea       0x60 ./HAL_DRIVER/hal_can_ch32.o
                0x0000000000004cea                USB_HP_CAN1_TX_IRQHandler
 .text.USB_LP_CAN1_RX0_IRQHandler
                0x0000000000004d4a       0x5e ./HAL_DRIVER/hal_can_ch32.o
                0x0000000000004d4a                USB_LP_CAN1_RX0_IRQHandler
 .text.CAN1_RX1_IRQHandler
                0x0000000000004da8       0x5e ./HAL_DRIVER/hal_can_ch32.o
                0x0000000000004da8                CAN1_RX1_IRQHandler
 .text.CAN1_SCE_IRQHandler
                0x0000000000004e06       0x5c ./HAL_DRIVER/hal_can_ch32.o
                0x0000000000004e06                CAN1_SCE_IRQHandler
 .text.HAL_InitGPIO
                0x0000000000004e62       0xba ./HAL_DRIVER/hal_gpio_ch32.o
                0x0000000000004e62                HAL_InitGPIO
 .text.HAL_InitGpioOut
                0x0000000000004f1c       0x10 ./HAL_DRIVER/hal_gpio_ch32.o
                0x0000000000004f1c                HAL_InitGpioOut
 .text.HAL_InitGpioAIN
                0x0000000000004f2c       0x10 ./HAL_DRIVER/hal_gpio_ch32.o
                0x0000000000004f2c                HAL_InitGpioAIN
 .text.HAL_InitGpioIn
                0x0000000000004f3c       0x10 ./HAL_DRIVER/hal_gpio_ch32.o
                0x0000000000004f3c                HAL_InitGpioIn
 .text.HAL_InitGpioAF
                0x0000000000004f4c       0x34 ./HAL_DRIVER/hal_gpio_ch32.o
                0x0000000000004f4c                HAL_InitGpioAF
 .text.HAL_GetBit
                0x0000000000004f80        0xa ./HAL_DRIVER/hal_gpio_ch32.o
                0x0000000000004f80                HAL_GetBit
 .text.HAL_SetBit
                0x0000000000004f8a        0x4 ./HAL_DRIVER/hal_gpio_ch32.o
                0x0000000000004f8a                HAL_SetBit
 .text.HAL_ResetBit
                0x0000000000004f8e        0x4 ./HAL_DRIVER/hal_gpio_ch32.o
                0x0000000000004f8e                HAL_ResetBit
 .text.HAL_InitGPO
                0x0000000000004f92       0x14 ./HAL_DRIVER/hal_gpio_ch32.o
                0x0000000000004f92                HAL_InitGPO
 .text.HAL_I2C_Init
                0x0000000000004fa6       0xf4 ./HAL_DRIVER/hal_i2c_ch32.o
                0x0000000000004fa6                HAL_I2C_Init
 .text.HAL_I2C_GET_STAR2
                0x000000000000509a        0xe ./HAL_DRIVER/hal_i2c_ch32.o
                0x000000000000509a                HAL_I2C_GET_STAR2
 .text.HAL_I2C_GET_STAR1
                0x00000000000050a8        0xe ./HAL_DRIVER/hal_i2c_ch32.o
                0x00000000000050a8                HAL_I2C_GET_STAR1
 .text.HAL_I2C_ENABLE
                0x00000000000050b6       0x14 ./HAL_DRIVER/hal_i2c_ch32.o
                0x00000000000050b6                HAL_I2C_ENABLE
 .text.InitI2CIT
                0x00000000000050ca       0x6e ./HAL_DRIVER/hal_i2c_ch32.o
                0x00000000000050ca                InitI2CIT
 .text.HAL_I2C_DISABLE
                0x0000000000005138       0x1a ./HAL_DRIVER/hal_i2c_ch32.o
                0x0000000000005138                HAL_I2C_DISABLE
 .text.I2C_IT_ENABLE
                0x0000000000005152       0x12 ./HAL_DRIVER/hal_i2c_ch32.o
                0x0000000000005152                I2C_IT_ENABLE
 .text.I2C_IT_DISABLE
                0x0000000000005164       0x16 ./HAL_DRIVER/hal_i2c_ch32.o
                0x0000000000005164                I2C_IT_DISABLE
 .text.HAL_I2C_STOP
                0x000000000000517a       0x14 ./HAL_DRIVER/hal_i2c_ch32.o
                0x000000000000517a                HAL_I2C_STOP
 .text.HAL_I2C_START
                0x000000000000518e       0x14 ./HAL_DRIVER/hal_i2c_ch32.o
                0x000000000000518e                HAL_I2C_START
 .text.HAL_I2C_SEND
                0x00000000000051a2        0xe ./HAL_DRIVER/hal_i2c_ch32.o
                0x00000000000051a2                HAL_I2C_SEND
 .text.HAL_I2C_SEND_ADDR_TRANS
                0x00000000000051b0       0x12 ./HAL_DRIVER/hal_i2c_ch32.o
                0x00000000000051b0                HAL_I2C_SEND_ADDR_TRANS
 .text.HAL_I2C_SEND_ADDR_RECIEVE
                0x00000000000051c2       0x16 ./HAL_DRIVER/hal_i2c_ch32.o
                0x00000000000051c2                HAL_I2C_SEND_ADDR_RECIEVE
 .text.HAL_I2C_ACK_ENABLE
                0x00000000000051d8       0x14 ./HAL_DRIVER/hal_i2c_ch32.o
                0x00000000000051d8                HAL_I2C_ACK_ENABLE
 .text.HAL_I2C_ACK_DISABLE
                0x00000000000051ec       0x1c ./HAL_DRIVER/hal_i2c_ch32.o
                0x00000000000051ec                HAL_I2C_ACK_DISABLE
 .text.HAL_I2C_ClearFlag
                0x0000000000005208       0x20 ./HAL_DRIVER/hal_i2c_ch32.o
                0x0000000000005208                HAL_I2C_ClearFlag
 .text.HAL_I2C_READ_DATA
                0x0000000000005228        0xe ./HAL_DRIVER/hal_i2c_ch32.o
                0x0000000000005228                HAL_I2C_READ_DATA
 .text.I2C1_EV_IRQHandler
                0x0000000000005236       0x52 ./HAL_DRIVER/hal_i2c_ch32.o
                0x0000000000005236                I2C1_EV_IRQHandler
 .text.I2C1_ER_IRQHandler
                0x0000000000005288       0x52 ./HAL_DRIVER/hal_i2c_ch32.o
                0x0000000000005288                I2C1_ER_IRQHandler
 .text.HAL_InitAPB1
                0x00000000000052da       0x1c ./HAL_DRIVER/hal_irq.o
                0x00000000000052da                HAL_InitAPB1
 .text.HAL_InitAPB2
                0x00000000000052f6       0x1c ./HAL_DRIVER/hal_irq.o
                0x00000000000052f6                HAL_InitAPB2
 .text.PFIC_IRQ_ENABLE_PG1
                0x0000000000005312       0x34 ./HAL_DRIVER/hal_irq.o
                0x0000000000005312                PFIC_IRQ_ENABLE_PG1
 .text.RTC_IRQHandler
                0x0000000000005346       0x78 ./HAL_DRIVER/hal_rtc_ch32.o
                0x0000000000005346                RTC_IRQHandler
 .text.HAL_SPI_RXOveleyClear
                0x00000000000053be       0x1e ./HAL_DRIVER/hal_spi_ch32.o
                0x00000000000053be                HAL_SPI_RXOveleyClear
 .text.HAL_SPI_GetBusy
                0x00000000000053dc       0x10 ./HAL_DRIVER/hal_spi_ch32.o
                0x00000000000053dc                HAL_SPI_GetBusy
 .text.HAL_WDTReset
                0x00000000000053ec        0xe ./HAL_DRIVER/hal_wdt_ch32.o
                0x00000000000053ec                HAL_WDTReset
 .text.Get_ConversionVal
                0x00000000000053fa       0x2e ./HAL/hal_adc_ch32.o
                0x00000000000053fa                Get_ConversionVal
 .text.HAL_ADC_RegularChannelConfig
                0x0000000000005428       0x46 ./HAL/hal_adc_ch32.o
                0x0000000000005428                HAL_ADC_RegularChannelConfig
 .text.HAL_ADC_ContiniusScanCinvertionDMA
                0x000000000000546e       0xce ./HAL/hal_adc_ch32.o
                0x000000000000546e                HAL_ADC_ContiniusScanCinvertionDMA
 .text.HAL_ADC_StartDMA
                0x000000000000553c       0x42 ./HAL/hal_adc_ch32.o
                0x000000000000553c                HAL_ADC_StartDMA
 .text.ADC1_2_IRQHandler
                0x000000000000557e       0x74 ./HAL/hal_adc_ch32.o
                0x000000000000557e                ADC1_2_IRQHandler
 .text.DMA_IRQ  0x00000000000055f2       0x3a ./HAL/hal_dma_ch32.o
 .text.HAL_DMA_Enable
                0x000000000000562c       0x18 ./HAL/hal_dma_ch32.o
                0x000000000000562c                HAL_DMA_Enable
 .text.HAL_DMA_Disable
                0x0000000000005644       0x1a ./HAL/hal_dma_ch32.o
                0x0000000000005644                HAL_DMA_Disable
 .text.HAL_DMAInitIT
                0x000000000000565e       0xa0 ./HAL/hal_dma_ch32.o
                0x000000000000565e                HAL_DMAInitIT
 .text.HAL_DMA_SetCounter
                0x00000000000056fe       0x12 ./HAL/hal_dma_ch32.o
                0x00000000000056fe                HAL_DMA_SetCounter
 .text.HAL_DMA_ITENABLE
                0x0000000000005710       0x16 ./HAL/hal_dma_ch32.o
                0x0000000000005710                HAL_DMA_ITENABLE
 .text.HAL_DMA_SetCouterAndEnable
                0x0000000000005726       0x1a ./HAL/hal_dma_ch32.o
                0x0000000000005726                HAL_DMA_SetCouterAndEnable
 .text.DMA1_Channel1_IRQHandler
                0x0000000000005740       0x4e ./HAL/hal_dma_ch32.o
                0x0000000000005740                DMA1_Channel1_IRQHandler
 .text.DMA1_Channel3_IRQHandler
                0x000000000000578e       0x4e ./HAL/hal_dma_ch32.o
                0x000000000000578e                DMA1_Channel3_IRQHandler
 .text.DMA1_Channel4_IRQHandler
                0x00000000000057dc       0x4e ./HAL/hal_dma_ch32.o
                0x00000000000057dc                DMA1_Channel4_IRQHandler
 .text.DMA1_Channel5_IRQHandler
                0x000000000000582a       0x4e ./HAL/hal_dma_ch32.o
                0x000000000000582a                DMA1_Channel5_IRQHandler
 .text.DMA1_Channel7_IRQHandler
                0x0000000000005878       0x4e ./HAL/hal_dma_ch32.o
                0x0000000000005878                DMA1_Channel7_IRQHandler
 .text.TIM4_IRQHandler
                0x00000000000058c6       0x70 ./HAL/hal_timers_ch32.o
                0x00000000000058c6                TIM4_IRQHandler
 .text.HAL_TiemrEneblae
                0x0000000000005936       0x16 ./HAL/hal_timers_ch32.o
                0x0000000000005936                HAL_TiemrEneblae
 .text.HAL_TiemrDisable
                0x000000000000594c       0x1c ./HAL/hal_timers_ch32.o
                0x000000000000594c                HAL_TiemrDisable
 .text.HW_TIMER_BaseTimerInit
                0x0000000000005968       0x54 ./HAL/hal_timers_ch32.o
                0x0000000000005968                HW_TIMER_BaseTimerInit
 .text.HAL_TIMER_InitIt
                0x00000000000059bc       0x60 ./HAL/hal_timers_ch32.o
                0x00000000000059bc                HAL_TIMER_InitIt
 .text.HAL_TIMER_PWMTimersInit
                0x0000000000005a1c       0xc2 ./HAL/hal_timers_ch32.o
                0x0000000000005a1c                HAL_TIMER_PWMTimersInit
 .text.HAL_TimeInitCaptureDMA
                0x0000000000005ade       0xec ./HAL/hal_timers_ch32.o
                0x0000000000005ade                HAL_TimeInitCaptureDMA
 .text.HAL_TIMER_SetPWMPulse
                0x0000000000005bca       0x88 ./HAL/hal_timers_ch32.o
                0x0000000000005bca                HAL_TIMER_SetPWMPulse
 .text.HAL_TIMER_EnablePWMCH
                0x0000000000005c52       0x1a ./HAL/hal_timers_ch32.o
                0x0000000000005c52                HAL_TIMER_EnablePWMCH
 .text.prvInsertBlockIntoFreeList
                0x0000000000005c6c       0x4c ./FreeRTOS/portable/MemMang/heap_4.o
 .text.pvPortMalloc
                0x0000000000005cb8      0x18a ./FreeRTOS/portable/MemMang/heap_4.o
                0x0000000000005cb8                pvPortMalloc
 .text.vPortSetupTimerInterrupt
                0x0000000000005e42       0x3e ./FreeRTOS/portable/GCC/RISC-V/port.o
                0x0000000000005e42                vPortSetupTimerInterrupt
 .text.xPortStartScheduler
                0x0000000000005e80       0x90 ./FreeRTOS/portable/GCC/RISC-V/port.o
                0x0000000000005e80                xPortStartScheduler
 .text.SysTick_Handler
                0x0000000000005f10       0x7c ./FreeRTOS/portable/GCC/RISC-V/port.o
                0x0000000000005f10                SysTick_Handler
 .text.vPortEnterCritical
                0x0000000000005f8c       0x16 ./FreeRTOS/portable/GCC/RISC-V/port.o
                0x0000000000005f8c                vPortEnterCritical
 .text.vPortExitCritical
                0x0000000000005fa2       0x42 ./FreeRTOS/portable/GCC/RISC-V/port.o
                0x0000000000005fa2                vPortExitCritical
 .text.xPortSetInterruptMask
                0x0000000000005fe4        0xc ./FreeRTOS/portable/GCC/RISC-V/port.o
                0x0000000000005fe4                xPortSetInterruptMask
 .text.vPortClearInterruptMask
                0x0000000000005ff0        0x6 ./FreeRTOS/portable/GCC/RISC-V/port.o
                0x0000000000005ff0                vPortClearInterruptMask
 .text.vListInitialise
                0x0000000000005ff6       0x14 ./FreeRTOS/list.o
                0x0000000000005ff6                vListInitialise
 .text.vListInitialiseItem
                0x000000000000600a        0x6 ./FreeRTOS/list.o
                0x000000000000600a                vListInitialiseItem
 .text.vListInsertEnd
                0x0000000000006010       0x18 ./FreeRTOS/list.o
                0x0000000000006010                vListInsertEnd
 .text.vListInsert
                0x0000000000006028       0x2e ./FreeRTOS/list.o
                0x0000000000006028                vListInsert
 .text.uxListRemove
                0x0000000000006056       0x20 ./FreeRTOS/list.o
                0x0000000000006056                uxListRemove
 .text.prvIsQueueEmpty
                0x0000000000006076       0x1e ./FreeRTOS/queue.o
 .text.prvCopyDataToQueue
                0x0000000000006094       0x72 ./FreeRTOS/queue.o
 .text.prvCopyDataFromQueue
                0x0000000000006106       0x28 ./FreeRTOS/queue.o
 .text.prvUnlockQueue
                0x000000000000612e       0x76 ./FreeRTOS/queue.o
 .text.xQueueGenericReset
                0x00000000000061a4       0xc4 ./FreeRTOS/queue.o
                0x00000000000061a4                xQueueGenericReset
 .text.xQueueGenericCreateStatic
                0x0000000000006268       0xae ./FreeRTOS/queue.o
                0x0000000000006268                xQueueGenericCreateStatic
 .text.xQueueGenericCreate
                0x0000000000006316       0x72 ./FreeRTOS/queue.o
                0x0000000000006316                xQueueGenericCreate
 .text.xQueueGenericSend
                0x0000000000006388      0x178 ./FreeRTOS/queue.o
                0x0000000000006388                xQueueGenericSend
 .text.xQueueGiveMutexRecursive
                0x0000000000006500       0x56 ./FreeRTOS/queue.o
                0x0000000000006500                xQueueGiveMutexRecursive
 .text.xQueueCreateMutex
                0x0000000000006556       0x2e ./FreeRTOS/queue.o
                0x0000000000006556                xQueueCreateMutex
 .text.xQueueReceive
                0x0000000000006584      0x138 ./FreeRTOS/queue.o
                0x0000000000006584                xQueueReceive
 .text.xQueueSemaphoreTake
                0x00000000000066bc      0x18e ./FreeRTOS/queue.o
                0x00000000000066bc                xQueueSemaphoreTake
 .text.xQueueTakeMutexRecursive
                0x000000000000684a       0x5a ./FreeRTOS/queue.o
                0x000000000000684a                xQueueTakeMutexRecursive
 .text.uxQueueMessagesWaiting
                0x00000000000068a4       0x44 ./FreeRTOS/queue.o
                0x00000000000068a4                uxQueueMessagesWaiting
 .text.prvIdleTask
                0x00000000000068e8        0x2 ./FreeRTOS/tasks.o
 .text.prvAddNewTaskToReadyList
                0x00000000000068ea      0x106 ./FreeRTOS/tasks.o
 .text.prvResetNextTaskUnblockTime
                0x00000000000069f0       0x20 ./FreeRTOS/tasks.o
 .text.prvTaskIsTaskSuspended
                0x0000000000006a10       0x50 ./FreeRTOS/tasks.o
 .text.prvInitialiseNewTask.isra.2
                0x0000000000006a60       0xc8 ./FreeRTOS/tasks.o
 .text.prvAddCurrentTaskToDelayedList
                0x0000000000006b28       0xa4 ./FreeRTOS/tasks.o
 .text.xTaskCreateStatic
                0x0000000000006bcc       0xa6 ./FreeRTOS/tasks.o
                0x0000000000006bcc                xTaskCreateStatic
 .text.vTaskResume
                0x0000000000006c72       0xa6 ./FreeRTOS/tasks.o
                0x0000000000006c72                vTaskResume
 .text.vTaskStartScheduler
                0x0000000000006d18       0x5c ./FreeRTOS/tasks.o
                0x0000000000006d18                vTaskStartScheduler
 .text.vTaskSuspendAll
                0x0000000000006d74       0x10 ./FreeRTOS/tasks.o
                0x0000000000006d74                vTaskSuspendAll
 .text.xTaskGetTickCount
                0x0000000000006d84        0x6 ./FreeRTOS/tasks.o
                0x0000000000006d84                xTaskGetTickCount
 .text.xTaskIncrementTick
                0x0000000000006d8a      0x194 ./FreeRTOS/tasks.o
                0x0000000000006d8a                xTaskIncrementTick
 .text.xTaskResumeAll
                0x0000000000006f1e      0x154 ./FreeRTOS/tasks.o
                0x0000000000006f1e                xTaskResumeAll
 .text.vTaskDelay
                0x0000000000007072       0x66 ./FreeRTOS/tasks.o
                0x0000000000007072                vTaskDelay
 .text.vTaskSwitchContext
                0x00000000000070d8       0x92 ./FreeRTOS/tasks.o
                0x00000000000070d8                vTaskSwitchContext
 .text.vTaskSuspend
                0x000000000000716a       0xea ./FreeRTOS/tasks.o
                0x000000000000716a                vTaskSuspend
 .text.vTaskPlaceOnEventList
                0x0000000000007254       0x48 ./FreeRTOS/tasks.o
                0x0000000000007254                vTaskPlaceOnEventList
 .text.xTaskRemoveFromEventList
                0x000000000000729c       0xe4 ./FreeRTOS/tasks.o
                0x000000000000729c                xTaskRemoveFromEventList
 .text.vTaskInternalSetTimeOutState
                0x0000000000007380        0xe ./FreeRTOS/tasks.o
                0x0000000000007380                vTaskInternalSetTimeOutState
 .text.xTaskCheckForTimeOut
                0x000000000000738e       0xaa ./FreeRTOS/tasks.o
                0x000000000000738e                xTaskCheckForTimeOut
 .text.vTaskMissedYield
                0x0000000000007438        0x8 ./FreeRTOS/tasks.o
                0x0000000000007438                vTaskMissedYield
 .text.xTaskGetCurrentTaskHandle
                0x0000000000007440        0xa ./FreeRTOS/tasks.o
                0x0000000000007440                xTaskGetCurrentTaskHandle
 .text.xTaskPriorityInherit
                0x000000000000744a       0xaa ./FreeRTOS/tasks.o
                0x000000000000744a                xTaskPriorityInherit
 .text.xTaskPriorityDisinherit
                0x00000000000074f4       0xc6 ./FreeRTOS/tasks.o
                0x00000000000074f4                xTaskPriorityDisinherit
 .text.vTaskPriorityDisinheritAfterTimeout
                0x00000000000075ba       0xe2 ./FreeRTOS/tasks.o
                0x00000000000075ba                vTaskPriorityDisinheritAfterTimeout
 .text.pvTaskIncrementMutexHeldCount
                0x000000000000769c       0x1c ./FreeRTOS/tasks.o
                0x000000000000769c                pvTaskIncrementMutexHeldCount
 .text.ulTaskGenericNotifyTake
                0x00000000000076b8       0xb8 ./FreeRTOS/tasks.o
                0x00000000000076b8                ulTaskGenericNotifyTake
 .text.xTaskGenericNotifyWait
                0x0000000000007770       0xe6 ./FreeRTOS/tasks.o
                0x0000000000007770                xTaskGenericNotifyWait
 .text.xTaskGenericNotifyFromISR
                0x0000000000007856      0x1e8 ./FreeRTOS/tasks.o
                0x0000000000007856                xTaskGenericNotifyFromISR
 .text.Delay_Init
                0x0000000000007a3e       0x2a ./Debug/debug.o
                0x0000000000007a3e                Delay_Init
 .text.Delay_Ms
                0x0000000000007a68       0x36 ./Debug/debug.o
                0x0000000000007a68                Delay_Ms
 .text.USART_Printf_Init
                0x0000000000007a9e       0x5a ./Debug/debug.o
                0x0000000000007a9e                USART_Printf_Init
 .text._write   0x0000000000007af8       0x3e ./Debug/debug.o
                0x0000000000007af8                _write
 .text._sbrk    0x0000000000007b36       0x2a ./Debug/debug.o
                0x0000000000007b36                _sbrk
 .text.__get_MEPC
                0x0000000000007b60        0x6 ./Core/core_riscv.o
                0x0000000000007b60                __get_MEPC
 .text.__get_MCAUSE
                0x0000000000007b66        0x6 ./Core/core_riscv.o
                0x0000000000007b66                __get_MCAUSE
 .text.__get_MTVAL
                0x0000000000007b6c        0x6 ./Core/core_riscv.o
                0x0000000000007b6c                __get_MTVAL
 .text.prv_read_can_received_msg
                0x0000000000007b72       0x50 ./CANopenNode/keypad/CO_driver_ST32F103.o
                0x0000000000007b72                prv_read_can_received_msg
 .text.prv_send_can_message.isra.0
                0x0000000000007bc2       0x2c ./CANopenNode/keypad/CO_driver_ST32F103.o
 .text.CAN_SendMessage
                0x0000000000007bee       0x66 ./CANopenNode/keypad/CO_driver_ST32F103.o
                0x0000000000007bee                CAN_SendMessage
 .text.co_drv_create_os_objects
                0x0000000000007c54       0x30 ./CANopenNode/keypad/CO_driver_ST32F103.o
                0x0000000000007c54                co_drv_create_os_objects
 .text.co_drv_mutex_lock
                0x0000000000007c84       0x18 ./CANopenNode/keypad/CO_driver_ST32F103.o
                0x0000000000007c84                co_drv_mutex_lock
 .text.co_drv_mutex_unlock
                0x0000000000007c9c       0x16 ./CANopenNode/keypad/CO_driver_ST32F103.o
                0x0000000000007c9c                co_drv_mutex_unlock
 .text.CO_CANsetConfigurationMode
                0x0000000000007cb2       0x10 ./CANopenNode/keypad/CO_driver_ST32F103.o
                0x0000000000007cb2                CO_CANsetConfigurationMode
 .text.CO_CANsetNormalMode
                0x0000000000007cc2       0x1c ./CANopenNode/keypad/CO_driver_ST32F103.o
                0x0000000000007cc2                CO_CANsetNormalMode
 .text.CO_CANmodule_init
                0x0000000000007cde      0x110 ./CANopenNode/keypad/CO_driver_ST32F103.o
                0x0000000000007cde                CO_CANmodule_init
 .text.CO_CANmodule_disable
                0x0000000000007dee       0x14 ./CANopenNode/keypad/CO_driver_ST32F103.o
                0x0000000000007dee                CO_CANmodule_disable
 .text.CO_CANrxBufferInit
                0x0000000000007e02       0x52 ./CANopenNode/keypad/CO_driver_ST32F103.o
                0x0000000000007e02                CO_CANrxBufferInit
 .text.CO_CANtxBufferInit
                0x0000000000007e54       0x3a ./CANopenNode/keypad/CO_driver_ST32F103.o
                0x0000000000007e54                CO_CANtxBufferInit
 .text.CO_CANmodule_process
                0x0000000000007e8e       0x12 ./CANopenNode/keypad/CO_driver_ST32F103.o
                0x0000000000007e8e                CO_CANmodule_process
 .text.CO_CANsend
                0x0000000000007ea0       0x46 ./CANopenNode/keypad/CO_driver_ST32F103.o
                0x0000000000007ea0                CO_CANsend
 .text.CO_LSSslave_receive
                0x0000000000007ee6      0x1a8 ./CANopenNode/305/CO_LSSslave.o
 .text.CO_LSSslave_init
                0x000000000000808e       0xa4 ./CANopenNode/305/CO_LSSslave.o
                0x000000000000808e                CO_LSSslave_init
 .text.CO_LSSslave_process
                0x0000000000008132      0x1a2 ./CANopenNode/305/CO_LSSslave.o
                0x0000000000008132                CO_LSSslave_process
 .text.OD_write_1003
                0x00000000000082d4       0x28 ./CANopenNode/301/CO_Emergency.o
 .text.OD_read_1003
                0x00000000000082fc       0x8c ./CANopenNode/301/CO_Emergency.o
 .text.OD_read_1014_default
                0x0000000000008388       0x50 ./CANopenNode/301/CO_Emergency.o
 .text.CO_EM_init
                0x00000000000083d8      0x112 ./CANopenNode/301/CO_Emergency.o
                0x00000000000083d8                CO_EM_init
 .text.CO_error
                0x00000000000084ea       0xc4 ./CANopenNode/301/CO_Emergency.o
                0x00000000000084ea                CO_error
 .text.CO_EM_process
                0x00000000000085ae      0x182 ./CANopenNode/301/CO_Emergency.o
                0x00000000000085ae                CO_EM_process
 .text.CO_NMT_receive
                0x0000000000008730       0x18 ./CANopenNode/301/CO_NMT_Heartbeat.o
 .text.OD_write_1017
                0x0000000000008748       0x48 ./CANopenNode/301/CO_NMT_Heartbeat.o
 .text.CO_NMT_init
                0x0000000000008790       0xec ./CANopenNode/301/CO_NMT_Heartbeat.o
                0x0000000000008790                CO_NMT_init
 .text.CO_NMT_process
                0x000000000000887c      0x106 ./CANopenNode/301/CO_NMT_Heartbeat.o
                0x000000000000887c                CO_NMT_process
 .text.OD_readDisabled
                0x0000000000008982        0x4 ./CANopenNode/301/CO_ODinterface.o
 .text.OD_readOriginal
                0x0000000000008986       0x50 ./CANopenNode/301/CO_ODinterface.o
                0x0000000000008986                OD_readOriginal
 .text.OD_writeOriginal
                0x00000000000089d6       0x54 ./CANopenNode/301/CO_ODinterface.o
                0x00000000000089d6                OD_writeOriginal
 .text.OD_writeDisabled
                0x0000000000008a2a        0x4 ./CANopenNode/301/CO_ODinterface.o
 .text.OD_find  0x0000000000008a2e       0x70 ./CANopenNode/301/CO_ODinterface.o
                0x0000000000008a2e                OD_find
 .text.OD_getSub
                0x0000000000008a9e       0xf6 ./CANopenNode/301/CO_ODinterface.o
                0x0000000000008a9e                OD_getSub
 .text.OD_getSDOabCode
                0x0000000000008b94       0x20 ./CANopenNode/301/CO_ODinterface.o
                0x0000000000008b94                OD_getSDOabCode
 .text.OD_get_value
                0x0000000000008bb4       0x34 ./CANopenNode/301/CO_ODinterface.o
                0x0000000000008bb4                OD_get_value
 .text.OD_set_value
                0x0000000000008be8       0x2e ./CANopenNode/301/CO_ODinterface.o
                0x0000000000008be8                OD_set_value
 .text.OD_getPtr
                0x0000000000008c16       0x3c ./CANopenNode/301/CO_ODinterface.o
                0x0000000000008c16                OD_getPtr
 .text.OD_write_dummy
                0x0000000000008c52        0x8 ./CANopenNode/301/CO_PDO.o
 .text.OD_read_dummy
                0x0000000000008c5a       0x2e ./CANopenNode/301/CO_PDO.o
 .text.PDOconfigMap
                0x0000000000008c88      0x100 ./CANopenNode/301/CO_PDO.o
 .text.CO_PDO_receive
                0x0000000000008d88       0x48 ./CANopenNode/301/CO_PDO.o
 .text.OD_read_PDO_commParam
                0x0000000000008dd0       0x70 ./CANopenNode/301/CO_PDO.o
 .text.PDO_initMapping.constprop.3
                0x0000000000008e40       0xe6 ./CANopenNode/301/CO_PDO.o
 .text.OD_write_PDO_mapping
                0x0000000000008f26       0xb4 ./CANopenNode/301/CO_PDO.o
 .text.OD_write_18xx
                0x0000000000008fda      0x184 ./CANopenNode/301/CO_PDO.o
 .text.OD_write_14xx
                0x000000000000915e      0x15a ./CANopenNode/301/CO_PDO.o
 .text.CO_RPDO_init
                0x00000000000092b8      0x172 ./CANopenNode/301/CO_PDO.o
                0x00000000000092b8                CO_RPDO_init
 .text.CO_RPDO_process
                0x000000000000942a      0x114 ./CANopenNode/301/CO_PDO.o
                0x000000000000942a                CO_RPDO_process
 .text.CO_TPDO_init
                0x000000000000953e      0x1d2 ./CANopenNode/301/CO_PDO.o
                0x000000000000953e                CO_TPDO_init
 .text.CO_TPDO_process
                0x0000000000009710      0x15e ./CANopenNode/301/CO_PDO.o
                0x0000000000009710                CO_TPDO_process
 .text.CO_SDOserver_init_canRxTx
                0x000000000000986e       0x82 ./CANopenNode/301/CO_SDOserver.o
 .text.CO_SDO_receive
                0x00000000000098f0       0x38 ./CANopenNode/301/CO_SDOserver.o
 .text.readFromOd.isra.1.constprop.5
                0x0000000000009928       0xe2 ./CANopenNode/301/CO_SDOserver.o
 .text.OD_write_1201_additional
                0x0000000000009a0a      0x158 ./CANopenNode/301/CO_SDOserver.o
 .text.CO_SDOserver_init
                0x0000000000009b62      0x172 ./CANopenNode/301/CO_SDOserver.o
                0x0000000000009b62                CO_SDOserver_init
 .text.CO_SDOserver_process
                0x0000000000009cd4      0x5e8 ./CANopenNode/301/CO_SDOserver.o
                0x0000000000009cd4                CO_SDOserver_process
 .text.CO_delete
                0x000000000000a2bc       0x56 ./CANopenNode/CANopen.o
                0x000000000000a2bc                CO_delete
 .text.CO_new   0x000000000000a312      0x102 ./CANopenNode/CANopen.o
                0x000000000000a312                CO_new
 .text.CO_CANinit
                0x000000000000a414       0x36 ./CANopenNode/CANopen.o
                0x000000000000a414                CO_CANinit
 .text.CO_LSSinit
                0x000000000000a44a       0x32 ./CANopenNode/CANopen.o
                0x000000000000a44a                CO_LSSinit
 .text.CO_CANopenInit
                0x000000000000a47c       0xb8 ./CANopenNode/CANopen.o
                0x000000000000a47c                CO_CANopenInit
 .text.CO_CANopenInitPDO
                0x000000000000a534       0xea ./CANopenNode/CANopen.o
                0x000000000000a534                CO_CANopenInitPDO
 .text.CO_process
                0x000000000000a61e       0x7e ./CANopenNode/CANopen.o
                0x000000000000a61e                CO_process
 .text.CO_process_RPDO
                0x000000000000a69c       0x40 ./CANopenNode/CANopen.o
                0x000000000000a69c                CO_process_RPDO
 .text.CO_process_TPDO
                0x000000000000a6dc       0x40 ./CANopenNode/CANopen.o
                0x000000000000a6dc                CO_process_TPDO
 .text.__divdf3
                0x000000000000a71c      0x5b4 c:/mounriver/mounriver_studio/toolchain/risc-v embedded gcc/bin/../lib/gcc/riscv-none-embed/8.2.0/rv32imacxw/ilp32\libgcc.a(divdf3.o)
                0x000000000000a71c                __divdf3
 .text.__muldf3
                0x000000000000acd0      0x4b8 c:/mounriver/mounriver_studio/toolchain/risc-v embedded gcc/bin/../lib/gcc/riscv-none-embed/8.2.0/rv32imacxw/ilp32\libgcc.a(muldf3.o)
                0x000000000000acd0                __muldf3
 .text.__fixunsdfsi
                0x000000000000b188       0x5c c:/mounriver/mounriver_studio/toolchain/risc-v embedded gcc/bin/../lib/gcc/riscv-none-embed/8.2.0/rv32imacxw/ilp32\libgcc.a(fixunsdfsi.o)
                0x000000000000b188                __fixunsdfsi
 .text.__floatunsidf
                0x000000000000b1e4       0x68 c:/mounriver/mounriver_studio/toolchain/risc-v embedded gcc/bin/../lib/gcc/riscv-none-embed/8.2.0/rv32imacxw/ilp32\libgcc.a(floatunsidf.o)
                0x000000000000b1e4                __floatunsidf
 .text.__addsf3
                0x000000000000b24c      0x36a c:/mounriver/mounriver_studio/toolchain/risc-v embedded gcc/bin/../lib/gcc/riscv-none-embed/8.2.0/rv32imacxw/ilp32\libgcc.a(addsf3.o)
                0x000000000000b24c                __addsf3
 .text.__divsf3
                0x000000000000b5b6      0x2b2 c:/mounriver/mounriver_studio/toolchain/risc-v embedded gcc/bin/../lib/gcc/riscv-none-embed/8.2.0/rv32imacxw/ilp32\libgcc.a(divsf3.o)
                0x000000000000b5b6                __divsf3
 .text.__gesf2  0x000000000000b868       0x86 c:/mounriver/mounriver_studio/toolchain/risc-v embedded gcc/bin/../lib/gcc/riscv-none-embed/8.2.0/rv32imacxw/ilp32\libgcc.a(gesf2.o)
                0x000000000000b868                __gesf2
                0x000000000000b868                __gtsf2
 .text.__lesf2  0x000000000000b8ee       0x8c c:/mounriver/mounriver_studio/toolchain/risc-v embedded gcc/bin/../lib/gcc/riscv-none-embed/8.2.0/rv32imacxw/ilp32\libgcc.a(lesf2.o)
                0x000000000000b8ee                __ltsf2
                0x000000000000b8ee                __lesf2
 .text.__mulsf3
                0x000000000000b97a      0x294 c:/mounriver/mounriver_studio/toolchain/risc-v embedded gcc/bin/../lib/gcc/riscv-none-embed/8.2.0/rv32imacxw/ilp32\libgcc.a(mulsf3.o)
                0x000000000000b97a                __mulsf3
 .text.__subsf3
                0x000000000000bc0e      0x388 c:/mounriver/mounriver_studio/toolchain/risc-v embedded gcc/bin/../lib/gcc/riscv-none-embed/8.2.0/rv32imacxw/ilp32\libgcc.a(subsf3.o)
                0x000000000000bc0e                __subsf3
 .text.__fixsfsi
                0x000000000000bf96       0x62 c:/mounriver/mounriver_studio/toolchain/risc-v embedded gcc/bin/../lib/gcc/riscv-none-embed/8.2.0/rv32imacxw/ilp32\libgcc.a(fixsfsi.o)
                0x000000000000bf96                __fixsfsi
 .text.__fixunssfsi
                0x000000000000bff8       0x56 c:/mounriver/mounriver_studio/toolchain/risc-v embedded gcc/bin/../lib/gcc/riscv-none-embed/8.2.0/rv32imacxw/ilp32\libgcc.a(fixunssfsi.o)
                0x000000000000bff8                __fixunssfsi
 .text.__floatsisf
                0x000000000000c04e       0xc6 c:/mounriver/mounriver_studio/toolchain/risc-v embedded gcc/bin/../lib/gcc/riscv-none-embed/8.2.0/rv32imacxw/ilp32\libgcc.a(floatsisf.o)
                0x000000000000c04e                __floatsisf
 .text.__floatunsisf
                0x000000000000c114       0xce c:/mounriver/mounriver_studio/toolchain/risc-v embedded gcc/bin/../lib/gcc/riscv-none-embed/8.2.0/rv32imacxw/ilp32\libgcc.a(floatunsisf.o)
                0x000000000000c114                __floatunsisf
 .text.__extendsfdf2
                0x000000000000c1e2       0xac c:/mounriver/mounriver_studio/toolchain/risc-v embedded gcc/bin/../lib/gcc/riscv-none-embed/8.2.0/rv32imacxw/ilp32\libgcc.a(extendsfdf2.o)
                0x000000000000c1e2                __extendsfdf2
 .text.__truncdfsf2
                0x000000000000c28e      0x16a c:/mounriver/mounriver_studio/toolchain/risc-v embedded gcc/bin/../lib/gcc/riscv-none-embed/8.2.0/rv32imacxw/ilp32\libgcc.a(truncdfsf2.o)
                0x000000000000c28e                __truncdfsf2
 .text.__clzsi2
                0x000000000000c3f8       0x6e c:/mounriver/mounriver_studio/toolchain/risc-v embedded gcc/bin/../lib/gcc/riscv-none-embed/8.2.0/rv32imacxw/ilp32\libgcc.a(_clzsi2.o)
                0x000000000000c3f8                __clzsi2
 .text.calloc   0x000000000000c466        0xc c:/mounriver/mounriver_studio/toolchain/risc-v embedded gcc/bin/../lib/gcc/riscv-none-embed/8.2.0/../../../../riscv-none-embed/lib/rv32imacxw/ilp32\libg_nano.a(lib_a-calloc.o)
                0x000000000000c466                calloc
 .text.free     0x000000000000c472        0xa c:/mounriver/mounriver_studio/toolchain/risc-v embedded gcc/bin/../lib/gcc/riscv-none-embed/8.2.0/../../../../riscv-none-embed/lib/rv32imacxw/ilp32\libg_nano.a(lib_a-malloc.o)
                0x000000000000c472                free
 .text.memcpy   0x000000000000c47c       0xb2 c:/mounriver/mounriver_studio/toolchain/risc-v embedded gcc/bin/../lib/gcc/riscv-none-embed/8.2.0/../../../../riscv-none-embed/lib/rv32imacxw/ilp32\libg_nano.a(lib_a-memcpy.o)
                0x000000000000c47c                memcpy
 .text.memmove  0x000000000000c52e       0x46 c:/mounriver/mounriver_studio/toolchain/risc-v embedded gcc/bin/../lib/gcc/riscv-none-embed/8.2.0/../../../../riscv-none-embed/lib/rv32imacxw/ilp32\libg_nano.a(lib_a-memmove.o)
                0x000000000000c52e                memmove
 .text._calloc_r
                0x000000000000c574       0x26 c:/mounriver/mounriver_studio/toolchain/risc-v embedded gcc/bin/../lib/gcc/riscv-none-embed/8.2.0/../../../../riscv-none-embed/lib/rv32imacxw/ilp32\libg_nano.a(lib_a-nano-callocr.o)
                0x000000000000c574                _calloc_r
 .text._free_r  0x000000000000c59a       0xa8 c:/mounriver/mounriver_studio/toolchain/risc-v embedded gcc/bin/../lib/gcc/riscv-none-embed/8.2.0/../../../../riscv-none-embed/lib/rv32imacxw/ilp32\libg_nano.a(lib_a-nano-freer.o)
                0x000000000000c59a                _free_r
 .text._malloc_r
                0x000000000000c642       0xd4 c:/mounriver/mounriver_studio/toolchain/risc-v embedded gcc/bin/../lib/gcc/riscv-none-embed/8.2.0/../../../../riscv-none-embed/lib/rv32imacxw/ilp32\libg_nano.a(lib_a-nano-mallocr.o)
                0x000000000000c642                _malloc_r
 .text.printf   0x000000000000c716       0x40 c:/mounriver/mounriver_studio/toolchain/risc-v embedded gcc/bin/../lib/gcc/riscv-none-embed/8.2.0/../../../../riscv-none-embed/lib/rv32imacxw/ilp32\libg_nano.a(lib_a-printf.o)
                0x000000000000c716                iprintf
                0x000000000000c716                printf
 .text._puts_r  0x000000000000c756       0xd4 c:/mounriver/mounriver_studio/toolchain/risc-v embedded gcc/bin/../lib/gcc/riscv-none-embed/8.2.0/../../../../riscv-none-embed/lib/rv32imacxw/ilp32\libg_nano.a(lib_a-puts.o)
                0x000000000000c756                _puts_r
 .text.puts     0x000000000000c82a        0xc c:/mounriver/mounriver_studio/toolchain/risc-v embedded gcc/bin/../lib/gcc/riscv-none-embed/8.2.0/../../../../riscv-none-embed/lib/rv32imacxw/ilp32\libg_nano.a(lib_a-puts.o)
                0x000000000000c82a                puts
 .text._sbrk_r  0x000000000000c836       0x32 c:/mounriver/mounriver_studio/toolchain/risc-v embedded gcc/bin/../lib/gcc/riscv-none-embed/8.2.0/../../../../riscv-none-embed/lib/rv32imacxw/ilp32\libg_nano.a(lib_a-sbrkr.o)
                0x000000000000c836                _sbrk_r
 .text.strlen   0x000000000000c868       0x12 c:/mounriver/mounriver_studio/toolchain/risc-v embedded gcc/bin/../lib/gcc/riscv-none-embed/8.2.0/../../../../riscv-none-embed/lib/rv32imacxw/ilp32\libg_nano.a(lib_a-strlen.o)
                0x000000000000c868                strlen
 .text.__swbuf_r
                0x000000000000c87a       0xbc c:/mounriver/mounriver_studio/toolchain/risc-v embedded gcc/bin/../lib/gcc/riscv-none-embed/8.2.0/../../../../riscv-none-embed/lib/rv32imacxw/ilp32\libg_nano.a(lib_a-wbuf.o)
                0x000000000000c87a                __swbuf_r
 .text.__swsetup_r
                0x000000000000c936       0xfe c:/mounriver/mounriver_studio/toolchain/risc-v embedded gcc/bin/../lib/gcc/riscv-none-embed/8.2.0/../../../../riscv-none-embed/lib/rv32imacxw/ilp32\libg_nano.a(lib_a-wsetup.o)
                0x000000000000c936                __swsetup_r
 .text.__sflush_r
                0x000000000000ca34      0x132 c:/mounriver/mounriver_studio/toolchain/risc-v embedded gcc/bin/../lib/gcc/riscv-none-embed/8.2.0/../../../../riscv-none-embed/lib/rv32imacxw/ilp32\libg_nano.a(lib_a-fflush.o)
                0x000000000000ca34                __sflush_r
 .text._fflush_r
                0x000000000000cb66       0x66 c:/mounriver/mounriver_studio/toolchain/risc-v embedded gcc/bin/../lib/gcc/riscv-none-embed/8.2.0/../../../../riscv-none-embed/lib/rv32imacxw/ilp32\libg_nano.a(lib_a-fflush.o)
                0x000000000000cb66                _fflush_r
 .text.std      0x000000000000cbcc       0x66 c:/mounriver/mounriver_studio/toolchain/risc-v embedded gcc/bin/../lib/gcc/riscv-none-embed/8.2.0/../../../../riscv-none-embed/lib/rv32imacxw/ilp32\libg_nano.a(lib_a-findfp.o)
 .text._cleanup_r
                0x000000000000cc32        0xa c:/mounriver/mounriver_studio/toolchain/risc-v embedded gcc/bin/../lib/gcc/riscv-none-embed/8.2.0/../../../../riscv-none-embed/lib/rv32imacxw/ilp32\libg_nano.a(lib_a-findfp.o)
                0x000000000000cc32                _cleanup_r
 .text.__sfmoreglue
                0x000000000000cc3c       0x48 c:/mounriver/mounriver_studio/toolchain/risc-v embedded gcc/bin/../lib/gcc/riscv-none-embed/8.2.0/../../../../riscv-none-embed/lib/rv32imacxw/ilp32\libg_nano.a(lib_a-findfp.o)
                0x000000000000cc3c                __sfmoreglue
 .text.__sinit  0x000000000000cc84       0x6c c:/mounriver/mounriver_studio/toolchain/risc-v embedded gcc/bin/../lib/gcc/riscv-none-embed/8.2.0/../../../../riscv-none-embed/lib/rv32imacxw/ilp32\libg_nano.a(lib_a-findfp.o)
                0x000000000000cc84                __sinit
 .text.__sfp    0x000000000000ccf0       0xa0 c:/mounriver/mounriver_studio/toolchain/risc-v embedded gcc/bin/../lib/gcc/riscv-none-embed/8.2.0/../../../../riscv-none-embed/lib/rv32imacxw/ilp32\libg_nano.a(lib_a-findfp.o)
                0x000000000000ccf0                __sfp
 .text._fwalk_reent
                0x000000000000cd90       0x6a c:/mounriver/mounriver_studio/toolchain/risc-v embedded gcc/bin/../lib/gcc/riscv-none-embed/8.2.0/../../../../riscv-none-embed/lib/rv32imacxw/ilp32\libg_nano.a(lib_a-fwalk.o)
                0x000000000000cd90                _fwalk_reent
 .text.__swhatbuf_r
                0x000000000000cdfa       0x58 c:/mounriver/mounriver_studio/toolchain/risc-v embedded gcc/bin/../lib/gcc/riscv-none-embed/8.2.0/../../../../riscv-none-embed/lib/rv32imacxw/ilp32\libg_nano.a(lib_a-makebuf.o)
                0x000000000000cdfa                __swhatbuf_r
 .text.__smakebuf_r
                0x000000000000ce52       0x94 c:/mounriver/mounriver_studio/toolchain/risc-v embedded gcc/bin/../lib/gcc/riscv-none-embed/8.2.0/../../../../riscv-none-embed/lib/rv32imacxw/ilp32\libg_nano.a(lib_a-makebuf.o)
                0x000000000000ce52                __smakebuf_r
 .text.__malloc_lock
                0x000000000000cee6        0x2 c:/mounriver/mounriver_studio/toolchain/risc-v embedded gcc/bin/../lib/gcc/riscv-none-embed/8.2.0/../../../../riscv-none-embed/lib/rv32imacxw/ilp32\libg_nano.a(lib_a-mlock.o)
                0x000000000000cee6                __malloc_lock
 .text.__malloc_unlock
                0x000000000000cee8        0x2 c:/mounriver/mounriver_studio/toolchain/risc-v embedded gcc/bin/../lib/gcc/riscv-none-embed/8.2.0/../../../../riscv-none-embed/lib/rv32imacxw/ilp32\libg_nano.a(lib_a-mlock.o)
                0x000000000000cee8                __malloc_unlock
 .text.__sfputc_r
                0x000000000000ceea       0x28 c:/mounriver/mounriver_studio/toolchain/risc-v embedded gcc/bin/../lib/gcc/riscv-none-embed/8.2.0/../../../../riscv-none-embed/lib/rv32imacxw/ilp32\libg_nano.a(lib_a-nano-vfprintf.o)
 .text.__sfputs_r
                0x000000000000cf12       0x42 c:/mounriver/mounriver_studio/toolchain/risc-v embedded gcc/bin/../lib/gcc/riscv-none-embed/8.2.0/../../../../riscv-none-embed/lib/rv32imacxw/ilp32\libg_nano.a(lib_a-nano-vfprintf.o)
                0x000000000000cf12                __sfputs_r
 .text._vfprintf_r
                0x000000000000cf54      0x288 c:/mounriver/mounriver_studio/toolchain/risc-v embedded gcc/bin/../lib/gcc/riscv-none-embed/8.2.0/../../../../riscv-none-embed/lib/rv32imacxw/ilp32\libg_nano.a(lib_a-nano-vfprintf.o)
                0x000000000000cf54                _vfprintf_r
                0x000000000000cf54                _vfiprintf_r
 .text._printf_common
                0x000000000000d1dc      0x10c c:/mounriver/mounriver_studio/toolchain/risc-v embedded gcc/bin/../lib/gcc/riscv-none-embed/8.2.0/../../../../riscv-none-embed/lib/rv32imacxw/ilp32\libg_nano.a(lib_a-nano-vfprintf_i.o)
                0x000000000000d1dc                _printf_common
 .text._printf_i
                0x000000000000d2e8      0x2a2 c:/mounriver/mounriver_studio/toolchain/risc-v embedded gcc/bin/../lib/gcc/riscv-none-embed/8.2.0/../../../../riscv-none-embed/lib/rv32imacxw/ilp32\libg_nano.a(lib_a-nano-vfprintf_i.o)
                0x000000000000d2e8                _printf_i
 .text.__sread  0x000000000000d58a       0x2c c:/mounriver/mounriver_studio/toolchain/risc-v embedded gcc/bin/../lib/gcc/riscv-none-embed/8.2.0/../../../../riscv-none-embed/lib/rv32imacxw/ilp32\libg_nano.a(lib_a-stdio.o)
                0x000000000000d58a                __sread
 .text.__swrite
                0x000000000000d5b6       0x48 c:/mounriver/mounriver_studio/toolchain/risc-v embedded gcc/bin/../lib/gcc/riscv-none-embed/8.2.0/../../../../riscv-none-embed/lib/rv32imacxw/ilp32\libg_nano.a(lib_a-stdio.o)
                0x000000000000d5b6                __swrite
 .text.__sseek  0x000000000000d5fe       0x30 c:/mounriver/mounriver_studio/toolchain/risc-v embedded gcc/bin/../lib/gcc/riscv-none-embed/8.2.0/../../../../riscv-none-embed/lib/rv32imacxw/ilp32\libg_nano.a(lib_a-stdio.o)
                0x000000000000d5fe                __sseek
 .text.__sclose
                0x000000000000d62e        0x6 c:/mounriver/mounriver_studio/toolchain/risc-v embedded gcc/bin/../lib/gcc/riscv-none-embed/8.2.0/../../../../riscv-none-embed/lib/rv32imacxw/ilp32\libg_nano.a(lib_a-stdio.o)
                0x000000000000d62e                __sclose
 .text._write_r
                0x000000000000d634       0x36 c:/mounriver/mounriver_studio/toolchain/risc-v embedded gcc/bin/../lib/gcc/riscv-none-embed/8.2.0/../../../../riscv-none-embed/lib/rv32imacxw/ilp32\libg_nano.a(lib_a-writer.o)
                0x000000000000d634                _write_r
 .text._close_r
                0x000000000000d66a       0x30 c:/mounriver/mounriver_studio/toolchain/risc-v embedded gcc/bin/../lib/gcc/riscv-none-embed/8.2.0/../../../../riscv-none-embed/lib/rv32imacxw/ilp32\libg_nano.a(lib_a-closer.o)
                0x000000000000d66a                _close_r
 .text._fstat_r
                0x000000000000d69a       0x32 c:/mounriver/mounriver_studio/toolchain/risc-v embedded gcc/bin/../lib/gcc/riscv-none-embed/8.2.0/../../../../riscv-none-embed/lib/rv32imacxw/ilp32\libg_nano.a(lib_a-fstatr.o)
                0x000000000000d69a                _fstat_r
 .text._isatty_r
                0x000000000000d6cc       0x30 c:/mounriver/mounriver_studio/toolchain/risc-v embedded gcc/bin/../lib/gcc/riscv-none-embed/8.2.0/../../../../riscv-none-embed/lib/rv32imacxw/ilp32\libg_nano.a(lib_a-isattyr.o)
                0x000000000000d6cc                _isatty_r
 .text._lseek_r
                0x000000000000d6fc       0x34 c:/mounriver/mounriver_studio/toolchain/risc-v embedded gcc/bin/../lib/gcc/riscv-none-embed/8.2.0/../../../../riscv-none-embed/lib/rv32imacxw/ilp32\libg_nano.a(lib_a-lseekr.o)
                0x000000000000d6fc                _lseek_r
 .text.memchr   0x000000000000d730       0x18 c:/mounriver/mounriver_studio/toolchain/risc-v embedded gcc/bin/../lib/gcc/riscv-none-embed/8.2.0/../../../../riscv-none-embed/lib/rv32imacxw/ilp32\libg_nano.a(lib_a-memchr.o)
                0x000000000000d730                memchr
 .text._read_r  0x000000000000d748       0x34 c:/mounriver/mounriver_studio/toolchain/risc-v embedded gcc/bin/../lib/gcc/riscv-none-embed/8.2.0/../../../../riscv-none-embed/lib/rv32imacxw/ilp32\libg_nano.a(lib_a-readr.o)
                0x000000000000d748                _read_r
 .text._close   0x000000000000d77c       0x10 c:/mounriver/mounriver_studio/toolchain/risc-v embedded gcc/bin/../lib/gcc/riscv-none-embed/8.2.0/../../../../riscv-none-embed/lib/rv32imacxw/ilp32\libnosys.a(close.o)
                0x000000000000d77c                _close
 .text._fstat   0x000000000000d78c       0x10 c:/mounriver/mounriver_studio/toolchain/risc-v embedded gcc/bin/../lib/gcc/riscv-none-embed/8.2.0/../../../../riscv-none-embed/lib/rv32imacxw/ilp32\libnosys.a(fstat.o)
                0x000000000000d78c                _fstat
 .text._isatty  0x000000000000d79c       0x10 c:/mounriver/mounriver_studio/toolchain/risc-v embedded gcc/bin/../lib/gcc/riscv-none-embed/8.2.0/../../../../riscv-none-embed/lib/rv32imacxw/ilp32\libnosys.a(isatty.o)
                0x000000000000d79c                _isatty
 .text._lseek   0x000000000000d7ac       0x10 c:/mounriver/mounriver_studio/toolchain/risc-v embedded gcc/bin/../lib/gcc/riscv-none-embed/8.2.0/../../../../riscv-none-embed/lib/rv32imacxw/ilp32\libnosys.a(lseek.o)
                0x000000000000d7ac                _lseek
 .text._read    0x000000000000d7bc       0x10 c:/mounriver/mounriver_studio/toolchain/risc-v embedded gcc/bin/../lib/gcc/riscv-none-embed/8.2.0/../../../../riscv-none-embed/lib/rv32imacxw/ilp32\libnosys.a(read.o)
                0x000000000000d7bc                _read
 *(.rodata)
 *(.rodata*)
 *fill*         0x000000000000d7cc        0x0 
 .rodata.bitrate_table
                0x000000000000d7cc       0x10 ./User/DataModel.o
 .rodata.vIncrementSystemCounters.cst4
                0x000000000000d7dc        0x8 ./User/DataModel.o
 .rodata.HardFault_Handler.str1.4
                0x000000000000d7e4       0x42 ./User/ch32v20x_it.o
 *fill*         0x000000000000d826        0x2 
 .rodata.getODValue
                0x000000000000d828       0x78 ./User/dash_draw.o
 .rodata.MenuStateCross
                0x000000000000d8a0       0x1c ./User/dash_draw.o
 .rodata.dm     0x000000000000d8bc       0x3f ./User/dash_draw.o
 *fill*         0x000000000000d8fb        0x1 
 .rodata.getODValue.cst4
                0x000000000000d8fc        0x4 ./User/dash_draw.o
                                          0x8 (size before relaxing)
 .rodata.vBarColorMode.cst4
                0x000000000000d900        0x4 ./User/dash_draw.o
 .rodata.ADC_FSM.cst4
                0x000000000000d904       0x14 ./User/inputs.o
 *fill*         0x000000000000d918        0x0 
 .rodata.ADC_FSM.cst8
                0x000000000000d918       0x18 ./User/inputs.o
 .rodata.vInputsTask.cst4
                0x000000000000d930       0x10 ./User/inputs.o
 .rodata.SetSegDirect
                0x000000000000d940       0x1c ./User/led.o
 .rodata.Brigth
                0x000000000000d95c       0x1e ./User/led.o
 *fill*         0x000000000000d97a        0x2 
 .rodata.DigitMask
                0x000000000000d97c        0xa ./User/led.o
                0x000000000000d97c                DigitMask
 *fill*         0x000000000000d986        0x2 
 .rodata.offset_mask
                0x000000000000d988        0xe ./User/led.o
 *fill*         0x000000000000d996        0x2 
 .rodata.step_mask
                0x000000000000d998        0xe ./User/led.o
 *fill*         0x000000000000d9a6        0x2 
 .rodata.OD_ADC1_CAL_extension
                0x000000000000d9a8       0x10 ./User/process.o
                0x000000000000d9a8                OD_ADC1_CAL_extension
 .rodata.OD_ADC2_CAL_extension
                0x000000000000d9b8       0x10 ./User/process.o
                0x000000000000d9b8                OD_ADC2_CAL_extension
 .rodata.OD_ADC3_CAL_extension
                0x000000000000d9c8       0x10 ./User/process.o
                0x000000000000d9c8                OD_ADC3_CAL_extension
 .rodata.OD_AIN_RPM_extension
                0x000000000000d9d8       0x10 ./User/process.o
                0x000000000000d9d8                OD_AIN_RPM_extension
 .rodata.OD_BAR_extension
                0x000000000000d9e8       0x10 ./User/process.o
                0x000000000000d9e8                OD_BAR_extension
 .rodata.OD_BOARD_SETTINGS_extension
                0x000000000000d9f8       0x10 ./User/process.o
                0x000000000000d9f8                OD_BOARD_SETTINGS_extension
 .rodata.OD_DASH_PARAM_extension
                0x000000000000da08       0x10 ./User/process.o
                0x000000000000da08                OD_DASH_PARAM_extension
 .rodata.OD_DIN_extension
                0x000000000000da18       0x10 ./User/process.o
                0x000000000000da18                OD_DIN_extension
 .rodata.OD_KEY_extension
                0x000000000000da28       0x10 ./User/process.o
                0x000000000000da28                OD_KEY_extension
 .rodata.OD_MENU_MAP_extension
                0x000000000000da38       0x10 ./User/process.o
                0x000000000000da38                OD_MENU_MAP_extension
 .rodata.OD_MENU_SETUP_extension
                0x000000000000da48       0x10 ./User/process.o
                0x000000000000da48                OD_MENU_SETUP_extension
 .rodata.OD_RGB10_extension
                0x000000000000da58       0x10 ./User/process.o
                0x000000000000da58                OD_RGB10_extension
 .rodata.OD_RGB11_extension
                0x000000000000da68       0x10 ./User/process.o
                0x000000000000da68                OD_RGB11_extension
 .rodata.OD_RGB12_extension
                0x000000000000da78       0x10 ./User/process.o
                0x000000000000da78                OD_RGB12_extension
 .rodata.OD_RGB13_extension
                0x000000000000da88       0x10 ./User/process.o
                0x000000000000da88                OD_RGB13_extension
 .rodata.OD_RGB1_extension
                0x000000000000da98       0x10 ./User/process.o
                0x000000000000da98                OD_RGB1_extension
 .rodata.OD_RGB2_extension
                0x000000000000daa8       0x10 ./User/process.o
                0x000000000000daa8                OD_RGB2_extension
 .rodata.OD_RGB3_extension
                0x000000000000dab8       0x10 ./User/process.o
                0x000000000000dab8                OD_RGB3_extension
 .rodata.OD_RGB4_extension
                0x000000000000dac8       0x10 ./User/process.o
                0x000000000000dac8                OD_RGB4_extension
 .rodata.OD_RGB5_extension