Archive member included to satisfy reference by file (symbol)

c:/mounriver/mounriver_studio/toolchain/risc-v embedded gcc/bin/../lib/gcc/riscv-none-embed/8.2.0/rv32imacxw/ilp32\libgcc.a(addsf3.o)
                              ./User/DataModel.o (__addsf3)
c:/mounriver/mounriver_studio/toolchain/risc-v embedded gcc/bin/../lib/gcc/riscv-none-embed/8.2.0/rv32imacxw/ilp32\libgcc.a(divsf3.o)
                              ./User/DataModel.o (__divsf3)
c:/mounriver/mounriver_studio/toolchain/risc-v embedded gcc/bin/../lib/gcc/riscv-none-embed/8.2.0/rv32imacxw/ilp32\libgcc.a(eqsf2.o)
                              ./HWLIB/hw_lib_din.o (__nesf2)
c:/mounriver/mounriver_studio/toolchain/risc-v embedded gcc/bin/../lib/gcc/riscv-none-embed/8.2.0/rv32imacxw/ilp32\libgcc.a(gesf2.o)
                              ./User/inputs.o (__gesf2)
c:/mounriver/mounriver_studio/toolchain/risc-v embedded gcc/bin/../lib/gcc/riscv-none-embed/8.2.0/rv32imacxw/ilp32\libgcc.a(lesf2.o)
                              ./HWLIB/hw_lib_adc.o (__lesf2)
c:/mounriver/mounriver_studio/toolchain/risc-v embedded gcc/bin/../lib/gcc/riscv-none-embed/8.2.0/rv32imacxw/ilp32\libgcc.a(mulsf3.o)
                              ./User/dash_draw.o (__mulsf3)
c:/mounriver/mounriver_studio/toolchain/risc-v embedded gcc/bin/../lib/gcc/riscv-none-embed/8.2.0/rv32imacxw/ilp32\libgcc.a(subsf3.o)
                              ./User/inputs.o (__subsf3)
c:/mounriver/mounriver_studio/toolchain/risc-v embedded gcc/bin/../lib/gcc/riscv-none-embed/8.2.0/rv32imacxw/ilp32\libgcc.a(fixsfsi.o)
                              ./User/dash_draw.o (__fixsfsi)
c:/mounriver/mounriver_studio/toolchain/risc-v embedded gcc/bin/../lib/gcc/riscv-none-embed/8.2.0/rv32imacxw/ilp32\libgcc.a(fixunssfsi.o)
                              ./User/DataModel.o (__fixunssfsi)
c:/mounriver/mounriver_studio/toolchain/risc-v embedded gcc/bin/../lib/gcc/riscv-none-embed/8.2.0/rv32imacxw/ilp32\libgcc.a(floatsisf.o)
                              ./User/DataModel.o (__floatsisf)
c:/mounriver/mounriver_studio/toolchain/risc-v embedded gcc/bin/../lib/gcc/riscv-none-embed/8.2.0/rv32imacxw/ilp32\libgcc.a(floatunsisf.o)
                              ./User/DataModel.o (__floatunsisf)
c:/mounriver/mounriver_studio/toolchain/risc-v embedded gcc/bin/../lib/gcc/riscv-none-embed/8.2.0/rv32imacxw/ilp32\libgcc.a(save-restore.o)
                              ./User/inputs.o (__riscv_save_12)
c:/mounriver/mounriver_studio/toolchain/risc-v embedded gcc/bin/../lib/gcc/riscv-none-embed/8.2.0/rv32imacxw/ilp32\libgcc.a(_clzsi2.o)
                              c:/mounriver/mounriver_studio/toolchain/risc-v embedded gcc/bin/../lib/gcc/riscv-none-embed/8.2.0/rv32imacxw/ilp32\libgcc.a(addsf3.o) (__clzsi2)
c:/mounriver/mounriver_studio/toolchain/risc-v embedded gcc/bin/../lib/gcc/riscv-none-embed/8.2.0/rv32imacxw/ilp32\libgcc.a(_clz.o)
                              c:/mounriver/mounriver_studio/toolchain/risc-v embedded gcc/bin/../lib/gcc/riscv-none-embed/8.2.0/rv32imacxw/ilp32\libgcc.a(_clzsi2.o) (__clz_tab)
c:/mounriver/mounriver_studio/toolchain/risc-v embedded gcc/bin/../lib/gcc/riscv-none-embed/8.2.0/../../../../riscv-none-embed/lib/rv32imacxw/ilp32\libg_nano.a(lib_a-calloc.o)
                              ./CANopenNode/CANopen.o (calloc)
c:/mounriver/mounriver_studio/toolchain/risc-v embedded gcc/bin/../lib/gcc/riscv-none-embed/8.2.0/../../../../riscv-none-embed/lib/rv32imacxw/ilp32\libg_nano.a(lib_a-impure.o)
                              c:/mounriver/mounriver_studio/toolchain/risc-v embedded gcc/bin/../lib/gcc/riscv-none-embed/8.2.0/../../../../riscv-none-embed/lib/rv32imacxw/ilp32\libg_nano.a(lib_a-calloc.o) (_impure_ptr)
c:/mounriver/mounriver_studio/toolchain/risc-v embedded gcc/bin/../lib/gcc/riscv-none-embed/8.2.0/../../../../riscv-none-embed/lib/rv32imacxw/ilp32\libg_nano.a(lib_a-malloc.o)
                              ./CANopenNode/CANopen.o (free)
c:/mounriver/mounriver_studio/toolchain/risc-v embedded gcc/bin/../lib/gcc/riscv-none-embed/8.2.0/../../../../riscv-none-embed/lib/rv32imacxw/ilp32\libg_nano.a(lib_a-memcpy.o)
                              ./User/DataModel.o (memcpy)
c:/mounriver/mounriver_studio/toolchain/risc-v embedded gcc/bin/../lib/gcc/riscv-none-embed/8.2.0/../../../../riscv-none-embed/lib/rv32imacxw/ilp32\libg_nano.a(lib_a-memmove.o)
                              ./CANopenNode/301/CO_SDOserver.o (memmove)
c:/mounriver/mounriver_studio/toolchain/risc-v embedded gcc/bin/../lib/gcc/riscv-none-embed/8.2.0/../../../../riscv-none-embed/lib/rv32imacxw/ilp32\libg_nano.a(lib_a-memset.o)
                              ./User/DataModel.o (memset)
c:/mounriver/mounriver_studio/toolchain/risc-v embedded gcc/bin/../lib/gcc/riscv-none-embed/8.2.0/../../../../riscv-none-embed/lib/rv32imacxw/ilp32\libg_nano.a(lib_a-nano-callocr.o)
[...]
Memory Configuration

Name             Origin             Length             Attributes
FLASH            0x0000000000000000 0x0000000000010000 xr
RAM              0x0000000020000000 0x0000000000005000 xrw
*default*        0x0000000000000000 0xffffffffffffffff

Linker script and memory map

LOAD ./User/CanOpenNode.o
LOAD ./User/DataModel.o
LOAD ./User/ch32v20x_it.o
LOAD ./User/dash_draw.o
LOAD ./User/init.o
LOAD ./User/inputs.o
LOAD ./User/led.o
LOAD ./User/main.o
LOAD ./User/process.o
LOAD ./User/system_ch32v20x.o
LOAD ./User/system_init.o
LOAD ./Startup/startup_ch32v20x_D6.o
LOAD ./Peripheral/src/ch32v20x_adc.o
LOAD ./Peripheral/src/ch32v20x_bkp.o
LOAD ./Peripheral/src/ch32v20x_can.o
LOAD ./Peripheral/src/ch32v20x_crc.o
LOAD ./Peripheral/src/ch32v20x_dbgmcu.o
LOAD ./Peripheral/src/ch32v20x_dma.o
LOAD ./Peripheral/src/ch32v20x_exti.o
LOAD ./Peripheral/src/ch32v20x_flash.o
LOAD ./Peripheral/src/ch32v20x_gpio.o
LOAD ./Peripheral/src/ch32v20x_i2c.o
LOAD ./Peripheral/src/ch32v20x_iwdg.o
LOAD ./Peripheral/src/ch32v20x_misc.o
LOAD ./Peripheral/src/ch32v20x_opa.o
LOAD ./Peripheral/src/ch32v20x_pwr.o
LOAD ./Peripheral/src/ch32v20x_rcc.o
LOAD ./Peripheral/src/ch32v20x_rtc.o
LOAD ./Peripheral/src/ch32v20x_spi.o
LOAD ./Peripheral/src/ch32v20x_tim.o
LOAD ./Peripheral/src/ch32v20x_usart.o
LOAD ./Peripheral/src/ch32v20x_wwdg.o
LOAD ./HWLIB/hw_lib_adc.o
LOAD ./HWLIB/hw_lib_din.o
LOAD ./HWLIB/hw_lib_eeprom.o
LOAD ./HAL/hal_adc.o
LOAD ./HAL/hal_can.o
LOAD ./HAL/hal_dma.o
LOAD ./HAL/hal_gpio.o
LOAD ./HAL/hal_i2c.o
LOAD ./HAL/hal_irq.o
LOAD ./HAL/hal_rtc.o
LOAD ./HAL/hal_spi.o
LOAD ./HAL/hal_timers.o
LOAD ./HAL/hal_wdt.o
LOAD ./FreeRTOS/portable/MemMang/heap_4.o
LOAD ./FreeRTOS/portable/GCC/RISC-V/port.o
LOAD ./FreeRTOS/portable/GCC/RISC-V/portASM.o
LOAD ./FreeRTOS/croutine.o
LOAD ./FreeRTOS/event_groups.o
LOAD ./FreeRTOS/list.o
LOAD ./FreeRTOS/queue.o
LOAD ./FreeRTOS/stream_buffer.o
LOAD ./FreeRTOS/tasks.o
LOAD ./FreeRTOS/timers.o
LOAD ./Drivers/filters.o
LOAD ./Debug/debug.o
LOAD ./Core/core_riscv.o
LOAD ./CANopenNode/keypad/CO_driver_ST32F103.o
LOAD ./CANopenNode/keypad/OD.o
LOAD ./CANopenNode/extra/CO_trace.o
LOAD ./CANopenNode/309/CO_gateway_ascii.o
LOAD ./CANopenNode/305/CO_LSSmaster.o
LOAD ./CANopenNode/305/CO_LSSslave.o
LOAD ./CANopenNode/304/CO_GFC.o
LOAD ./CANopenNode/304/CO_SRDO.o
LOAD ./CANopenNode/303/CO_LEDs.o
LOAD ./CANopenNode/301/CO_Emergency.o
LOAD ./CANopenNode/301/CO_HBconsumer.o
LOAD ./CANopenNode/301/CO_NMT_Heartbeat.o
LOAD ./CANopenNode/301/CO_Node_Guarding.o
LOAD ./CANopenNode/301/CO_ODinterface.o
LOAD ./CANopenNode/301/CO_PDO.o
LOAD ./CANopenNode/301/CO_SDOclient.o
LOAD ./CANopenNode/301/CO_SDOserver.o
LOAD ./CANopenNode/301/CO_SYNC.o
LOAD ./CANopenNode/301/CO_TIME.o
LOAD ./CANopenNode/301/CO_fifo.o
LOAD ./CANopenNode/301/crc16-ccitt.o
LOAD ./CANopenNode/CANopen.o
LOAD c:/mounriver/mounriver_studio/toolchain/risc-v embedded gcc/bin/../lib/gcc/riscv-none-embed/8.2.0/../../../../riscv-none-embed/lib/rv32imacxw/ilp32\libm.a
LOAD c:/mounriver/mounriver_studio/toolchain/risc-v embedded gcc/bin/../lib/gcc/riscv-none-embed/8.2.0/rv32imacxw/ilp32\libgcc.a
LOAD c:/mounriver/mounriver_studio/toolchain/risc-v embedded gcc/bin/../lib/gcc/riscv-none-embed/8.2.0/../../../../riscv-none-embed/lib/rv32imacxw/ilp32\libg_nano.a
LOAD c:/mounriver/mounriver_studio/toolchain/risc-v embedded gcc/bin/../lib/gcc/riscv-none-embed/8.2.0/../../../../riscv-none-embed/lib/rv32imacxw/ilp32\libc_nano.a
LOAD c:/mounriver/mounriver_studio/toolchain/risc-v embedded gcc/bin/../lib/gcc/riscv-none-embed/8.2.0/rv32imacxw/ilp32\libgcc.a
START GROUP
LOAD c:/mounriver/mounriver_studio/toolchain/risc-v embedded gcc/bin/../lib/gcc/riscv-none-embed/8.2.0/rv32imacxw/ilp32\libgcc.a
LOAD c:/mounriver/mounriver_studio/toolchain/risc-v embedded gcc/bin/../lib/gcc/riscv-none-embed/8.2.0/../../../../riscv-none-embed/lib/rv32imacxw/ilp32\libc_nano.a
LOAD c:/mounriver/mounriver_studio/toolchain/risc-v embedded gcc/bin/../lib/gcc/riscv-none-embed/8.2.0/../../../../riscv-none-embed/lib/rv32imacxw/ilp32\libnosys.a
END GROUP
START GROUP
LOAD c:/mounriver/mounriver_studio/toolchain/risc-v embedded gcc/bin/../lib/gcc/riscv-none-embed/8.2.0/rv32imacxw/ilp32\libgcc.a
LOAD c:/mounriver/mounriver_studio/toolchain/risc-v embedded gcc/bin/../lib/gcc/riscv-none-embed/8.2.0/../../../../riscv-none-embed/lib/rv32imacxw/ilp32\libc_nano.a
LOAD c:/mounriver/mounriver_studio/toolchain/risc-v embedded gcc/bin/../lib/gcc/riscv-none-embed/8.2.0/../../../../riscv-none-embed/lib/rv32imacxw/ilp32\libnosys.a
END GROUP
                0x0000000000000be8                __stack_size = 0xbe8
                [!provide]                        PROVIDE (_stack_size = __stack_size)

.init           0x0000000000000000       0x38
                0x0000000000000000                _sinit = .
                0x0000000000000000                . = ALIGN (0x4)
 *(SORT_NONE(.init))
 .init          0x0000000000000000       0x38 ./Startup/startup_ch32v20x_D6.o
                0x0000000000000000                _start
                0x0000000000000038                . = ALIGN (0x4)
                0x0000000000000038                _einit = .

.vector         0x0000000000000038      0x108
 *(.vector)
 .vector        0x0000000000000038       0xfc ./Startup/startup_ch32v20x_D6.o
                0x0000000000000140                . = ALIGN (0x40)
 *fill*         0x0000000000000134        0xc 

.text           0x0000000000000200     0xe75c
                0x0000000000000200                . = ALIGN (0x4)
 *(.text)
 .text          0x0000000000000200      0x2ee ./FreeRTOS/portable/GCC/RISC-V/portASM.o
                0x0000000000000200                SW_Handler
                0x0000000000000300                xPortStartFirstTask
                0x0000000000000400                pxPortInitialiseStack
 .text          0x00000000000004ee       0x60 c:/mounriver/mounriver_studio/toolchain/risc-v embedded gcc/bin/../lib/gcc/riscv-none-embed/8.2.0/rv32imacxw/ilp32\libgcc.a(save-restore.o)
                0x00000000000004ee                __riscv_save_12
                0x00000000000004f6                __riscv_save_9
                0x00000000000004f6                __riscv_save_11
                0x00000000000004f6                __riscv_save_10
                0x00000000000004f6                __riscv_save_8
                0x0000000000000504                __riscv_save_4
                0x0000000000000504                __riscv_save_6
                0x0000000000000504                __riscv_save_5
                0x0000000000000504                __riscv_save_7
                0x000000000000051e                __riscv_save_3
                0x000000000000051e                __riscv_save_2
                0x000000000000051e                __riscv_save_1
                0x000000000000051e                __riscv_save_0
                0x000000000000052a                __riscv_restore_12
                0x000000000000052e                __riscv_restore_11
                0x000000000000052e                __riscv_restore_9
                0x000000000000052e                __riscv_restore_10
                0x000000000000052e                __riscv_restore_8
                0x0000000000000538                __riscv_restore_5
                0x0000000000000538                __riscv_restore_7
                0x0000000000000538                __riscv_restore_6
                0x0000000000000538                __riscv_restore_4
                0x0000000000000542                __riscv_restore_3
                0x0000000000000542                __riscv_restore_0
                0x0000000000000542                __riscv_restore_2
                0x0000000000000542                __riscv_restore_1
 .text          0x000000000000054e       0xa8 c:/mounriver/mounriver_studio/toolchain/risc-v embedded gcc/bin/../lib/gcc/riscv-none-embed/8.2.0/../../../../riscv-none-embed/lib/rv32imacxw/ilp32\libg_nano.a(lib_a-memset.o)
                0x000000000000054e                memset
 *(.text.*)
 .text.xCanOpenProcessTaskHandle
                0x00000000000005f6        0xa ./User/CanOpenNode.o
                0x00000000000005f6                xCanOpenProcessTaskHandle
 .text.xCanOpenPeriodicTaskHandle
                0x0000000000000600        0xa ./User/CanOpenNode.o
                0x0000000000000600                xCanOpenPeriodicTaskHandle
 .text.vCanOpenInit
                0x000000000000060a        0xa ./User/CanOpenNode.o
                0x000000000000060a                vCanOpenInit
 .text.vCanOpenProcess
                0x0000000000000614      0x192 ./User/CanOpenNode.o
                0x0000000000000614                vCanOpenProcess
 .text.vCanOpenPeriodicProcess
                0x00000000000007a6       0x82 ./User/CanOpenNode.o
                0x00000000000007a6                vCanOpenPeriodicProcess
 .text.xDataRegQueue
                0x0000000000000828        0xa ./User/DataModel.o
                0x0000000000000828                xDataRegQueue
 .text.vDataModelRegDelayWrite
                0x0000000000000832       0x34 ./User/DataModel.o
                0x0000000000000832                vDataModelRegDelayWrite
 .text.setReg32
                0x0000000000000866       0x1a ./User/DataModel.o
                0x0000000000000866                setReg32
 .text.setReg16
                0x0000000000000880        0xe ./User/DataModel.o
                0x0000000000000880                setReg16
 .text.setReg8  0x000000000000088e        0xa ./User/DataModel.o
                0x000000000000088e                setReg8
 .text.SaveReg16
                0x0000000000000898       0x14 ./User/DataModel.o
                0x0000000000000898                SaveReg16
 .text.getReg16
                0x00000000000008ac       0x10 ./User/DataModel.o
                0x00000000000008ac                getReg16
 .text.getReg32
                0x00000000000008bc       0x1c ./User/DataModel.o
                0x00000000000008bc                getReg32
 .text.DataModel_Init
                0x00000000000008d8      0x392 ./User/DataModel.o
                0x00000000000008d8                DataModel_Init
 .text.getReg8  0x0000000000000c6a        0xa ./User/DataModel.o
                0x0000000000000c6a                getReg8
 .text.WriteRegAfterDelay
                0x0000000000000c74       0x60 ./User/DataModel.o
                0x0000000000000c74                WriteRegAfterDelay
 .text.WriteReg
                0x0000000000000cd4       0x56 ./User/DataModel.o
                0x0000000000000cd4                WriteReg
 .text.vGetBitrate
                0x0000000000000d2a       0x2a ./User/DataModel.o
                0x0000000000000d2a                vGetBitrate
 .text.vFDGetNMTState
                0x0000000000000d54        0x6 ./User/DataModel.o
                0x0000000000000d54                vFDGetNMTState
 .text.vGetNodeId
                0x0000000000000d5a        0x6 ./User/DataModel.o
                0x0000000000000d5a                vGetNodeId
 .text.vIncrementSystemCounters
                0x0000000000000d60       0x76 ./User/DataModel.o
                0x0000000000000d60                vIncrementSystemCounters
 .text.vSaveData
                0x0000000000000dd6       0x14 ./User/DataModel.o
                0x0000000000000dd6                vSaveData
 .text.getOdometr
                0x0000000000000dea       0x14 ./User/DataModel.o
                0x0000000000000dea                getOdometr
 .text.NMI_Handler
                0x0000000000000dfe        0x2 ./User/ch32v20x_it.o
                0x0000000000000dfe                NMI_Handler
 .text.HardFault_Handler
                0x0000000000000e00        0x2 ./User/ch32v20x_it.o
                0x0000000000000e00                HardFault_Handler
 .text.SegPrint
                0x0000000000000e02       0x5a ./User/dash_draw.o
 .text.xProcessTaskHandle
                0x0000000000000e5c        0xa ./User/dash_draw.o
                0x0000000000000e5c                xProcessTaskHandle
 .text.vSetErrorReg
                0x0000000000000e66        0xa ./User/dash_draw.o
                0x0000000000000e66                vSetErrorReg
 .text.getODValue
                0x0000000000000e70      0x12c ./User/dash_draw.o
                0x0000000000000e70                getODValue
 .text.IncMenuIndex
                0x0000000000000f9c       0x80 ./User/dash_draw.o
                0x0000000000000f9c                IncMenuIndex
 .text.GoToHome
                0x000000000000101c       0x12 ./User/dash_draw.o
                0x000000000000101c                GoToHome
 .text.SetCurMenuHome
                0x000000000000102e       0x1e ./User/dash_draw.o
                0x000000000000102e                SetCurMenuHome
 .text.GetCurMenuHome
                0x000000000000104c        0x6 ./User/dash_draw.o
                0x000000000000104c                GetCurMenuHome
 .text.SetCurrentMenu
                0x0000000000001052       0x12 ./User/dash_draw.o
                0x0000000000001052                SetCurrentMenu
 .text.SetDefault
                0x0000000000001064       0x28 ./User/dash_draw.o
                0x0000000000001064                SetDefault
 .text.MenuBackHomeCheck
                0x000000000000108c       0x38 ./User/dash_draw.o
                0x000000000000108c                MenuBackHomeCheck
 .text.CheckMenuChannel
                0x00000000000010c4       0x20 ./User/dash_draw.o
                0x00000000000010c4                CheckMenuChannel
 .text.vDashDrawInit
                0x00000000000010e4       0x7e ./User/dash_draw.o
                0x00000000000010e4                vDashDrawInit
 .text.vMenuBlink
                0x0000000000001162       0x4a ./User/dash_draw.o
                0x0000000000001162                vMenuBlink
 .text.SetErrorRegiter
                0x00000000000011ac       0x5e ./User/dash_draw.o
                0x00000000000011ac                SetErrorRegiter
 .text.uGetCurrMenu
                0x000000000000120a       0x26 ./User/dash_draw.o
                0x000000000000120a                uGetCurrMenu
 .text.vGetEdgeData
                0x0000000000001230       0x2a ./User/dash_draw.o
                0x0000000000001230                vGetEdgeData
 .text.checkLedState
                0x000000000000125a       0x3a ./User/dash_draw.o
 .text.vRGBMode
                0x0000000000001294       0x72 ./User/dash_draw.o
                0x0000000000001294                vRGBMode
 .text.vBarColorMode
                0x0000000000001306       0xc2 ./User/dash_draw.o
                0x0000000000001306                vBarColorMode
 .text.vBarWindowMode
                0x00000000000013c8       0x5a ./User/dash_draw.o
                0x00000000000013c8                vBarWindowMode
 .text.vBarMode
                0x0000000000001422       0x66 ./User/dash_draw.o
                0x0000000000001422                vBarMode
 .text.RedrawNotifyTaskToInit
                0x0000000000001488       0x28 ./User/dash_draw.o
                0x0000000000001488                RedrawNotifyTaskToInit
 .text.vRedrawTask
                0x00000000000014b0      0x572 ./User/dash_draw.o
                0x00000000000014b0                vRedrawTask
 .text.vInit_DeviceConfig
                0x0000000000001a22      0x162 ./User/init.o
                0x0000000000001a22                vInit_DeviceConfig
 .text.HardwareDeinit
                0x0000000000001b84       0x2a ./User/init.o
                0x0000000000001b84                HardwareDeinit
 .text.SoftwareReset
                0x0000000000001bae       0x14 ./User/init.o
                0x0000000000001bae                SoftwareReset
 .text.ADC1_Event
                0x0000000000001bc2       0x48 ./User/inputs.o
                0x0000000000001bc2                ADC1_Event
 .text.CaptureDMACallBack
                0x0000000000001c0a       0x30 ./User/inputs.o
                0x0000000000001c0a                CaptureDMACallBack
 .text.CaptureDMACallBack_1
                0x0000000000001c3a       0x30 ./User/inputs.o
                0x0000000000001c3a                CaptureDMACallBack_1
 .text.fDinStateCallback
                0x0000000000001c6a       0x32 ./User/inputs.o
                0x0000000000001c6a                fDinStateCallback
 .text.vSetDoutState
                0x0000000000001c9c       0x28 ./User/inputs.o
                0x0000000000001c9c                vSetDoutState
 .text.getInputsTaskHandle
                0x0000000000001cc4        0xa ./User/inputs.o
                0x0000000000001cc4                getInputsTaskHandle
 .text.InputsNotifyTaskToInit
                0x0000000000001cce       0x28 ./User/inputs.o
                0x0000000000001cce                InputsNotifyTaskToInit
 .text.ADC1_Init
                0x0000000000001cf6       0x54 ./User/inputs.o
                0x0000000000001cf6                ADC1_Init
 .text.ADC_FSM  0x0000000000001d4a       0xfe ./User/inputs.o
                0x0000000000001d4a                ADC_FSM
 .text.GetAIN   0x0000000000001e48        0xc ./User/inputs.o
                0x0000000000001e48                GetAIN
 .text.vInputsTask
                0x0000000000001e54      0x314 ./User/inputs.o
                0x0000000000001e54                vInputsTask
 .text.SPI1_DMA_Callback
                0x0000000000002168       0x34 ./User/led.o
                0x0000000000002168                SPI1_DMA_Callback
 .text.SPI2_DMA_Callback
                0x000000000000219c       0x34 ./User/led.o
                0x000000000000219c                SPI2_DMA_Callback
 .text.SetBarState
                0x00000000000021d0       0x50 ./User/led.o
                0x00000000000021d0                SetBarState
 .text.SetRGB   0x0000000000002220       0x4e ./User/led.o
                0x0000000000002220                SetRGB
 .text.SetSegDirect
                0x000000000000226e       0x9c ./User/led.o
                0x000000000000226e                SetSegDirect
 .text.SetSegPoint
                0x000000000000230a       0x22 ./User/led.o
                0x000000000000230a                SetSegPoint
 .text.SetSEG   0x000000000000232c      0x120 ./User/led.o
                0x000000000000232c                SetSEG
 .text.SetBigSeg
                0x000000000000244c       0x14 ./User/led.o
                0x000000000000244c                SetBigSeg
 .text.vSetBrigth
                0x0000000000002460       0x2a ./User/led.o
                0x0000000000002460                vSetBrigth
 .text.vLedDriverStart
                0x000000000000248a       0x62 ./User/led.o
                0x000000000000248a                vLedDriverStart
 .text.vLedProcess
                0x00000000000024ec       0x24 ./User/led.o
                0x00000000000024ec                vLedProcess
 .text.vRGBProcess
                0x0000000000002510       0xe8 ./User/led.o
                0x0000000000002510                vRGBProcess
 .text.startup.main
                0x00000000000025f8       0x24 ./User/main.o
                0x00000000000025f8                main
 .text.vRestartNode
                0x000000000000261c        0x2 ./User/main.o
                0x000000000000261c                vRestartNode
 .text.Error_Handler
                0x000000000000261e        0x8 ./User/main.o
                0x000000000000261e                Error_Handler
 .text.OD_writeRGBMAP
                0x0000000000002626       0x30 ./User/process.o
 .text.OD_readRGBMAP
                0x0000000000002656       0x22 ./User/process.o
 .text.OD_readDIN
                0x0000000000002678       0x1c ./User/process.o
 .text.OD_writeMenuSetup
                0x0000000000002694       0x46 ./User/process.o
 .text.OD_writeBoardSettings
                0x00000000000026da       0x78 ./User/process.o
 .text.CO_getUint16
                0x0000000000002752       0x10 ./User/process.o
 .text.OD_writeSEG
                0x0000000000002762       0x44 ./User/process.o
 .text.OD_writeBAR
                0x00000000000027a6       0x30 ./User/process.o
 .text.OD_writeRPMConfig
                0x00000000000027d6       0x36 ./User/process.o
 .text.CO_getUint32
                0x000000000000280c       0x18 ./User/process.o
 .text.OD_writeMenuMap
                0x0000000000002824       0x30 ./User/process.o
 .text.OD_writeV1_14
                0x0000000000002854       0x56 ./User/process.o
 .text.OD_writeDashParam
                0x00000000000028aa       0x44 ./User/process.o
 .text.WriteRGB.isra.2
                0x00000000000028ee       0x3a ./User/process.o
 .text.OD_writeRGB1
                0x0000000000002928       0x14 ./User/process.o
 .text.OD_writeRGB2
                0x000000000000293c       0x16 ./User/process.o
 .text.OD_writeRGB3
                0x0000000000002952       0x16 ./User/process.o
 .text.OD_writeRGB4
                0x0000000000002968       0x16 ./User/process.o
 .text.OD_writeRGB5
                0x000000000000297e       0x16 ./User/process.o
 .text.OD_writeRGB6
                0x0000000000002994       0x16 ./User/process.o
 .text.OD_writeRGB7
                0x00000000000029aa       0x16 ./User/process.o
 .text.OD_writeRGB8
                0x00000000000029c0       0x16 ./User/process.o
 .text.OD_writeRGB9
                0x00000000000029d6       0x16 ./User/process.o
 .text.OD_writeRGB10
                0x00000000000029ec       0x16 ./User/process.o
 .text.OD_writeRGB11
                0x0000000000002a02       0x16 ./User/process.o
 .text.OD_writeRGB12
                0x0000000000002a18       0x16 ./User/process.o
 .text.OD_writeRGB13
                0x0000000000002a2e       0x16 ./User/process.o
 .text.OD_readBoardSettings
                0x0000000000002a44       0x2c ./User/process.o
 .text.readADC.isra.6
                0x0000000000002a70       0x84 ./User/process.o
 .text.OD_readADC1
                0x0000000000002af4       0x10 ./User/process.o
 .text.OD_readADC2
                0x0000000000002b04       0x10 ./User/process.o
 .text.OD_readADC3
                0x0000000000002b14       0x10 ./User/process.o
 .text.OD_readMenuSetup
                0x0000000000002b24       0x30 ./User/process.o
 .text.writeADC.isra.9
                0x0000000000002b54       0xde ./User/process.o
 .text.OD_writeADC1
                0x0000000000002c32       0x10 ./User/process.o
 .text.OD_writeADC2
                0x0000000000002c42       0x10 ./User/process.o
 .text.OD_writeADC3
                0x0000000000002c52       0x10 ./User/process.o
 .text.OD_readRGB.isra.5
                0x0000000000002c62       0x22 ./User/process.o
 .text.OD_readRGB1
                0x0000000000002c84       0x10 ./User/process.o
 .text.OD_readRGB2
                0x0000000000002c94       0x12 ./User/process.o
 .text.OD_readRGB3
                0x0000000000002ca6       0x12 ./User/process.o
 .text.OD_readRGB4
                0x0000000000002cb8       0x12 ./User/process.o
 .text.OD_readRGB5
                0x0000000000002cca       0x12 ./User/process.o
 .text.OD_readRGB6
                0x0000000000002cdc       0x12 ./User/process.o
 .text.OD_readRGB7
                0x0000000000002cee       0x12 ./User/process.o
 .text.OD_readRGB8
                0x0000000000002d00       0x12 ./User/process.o
 .text.OD_readRGB9
                0x0000000000002d12       0x12 ./User/process.o
 .text.OD_readRGB10
                0x0000000000002d24       0x12 ./User/process.o
 .text.OD_readRGB11
                0x0000000000002d36       0x12 ./User/process.o
 .text.OD_readRGB12
                0x0000000000002d48       0x12 ./User/process.o
 .text.OD_readRGB13
                0x0000000000002d5a       0x12 ./User/process.o
 .text.OD_readAIN_RPM
                0x0000000000002d6c       0x26 ./User/process.o
 .text.OD_readMenuMap
                0x0000000000002d92       0x2c ./User/process.o
 .text.OD_readRPMConfig
                0x0000000000002dbe       0x2a ./User/process.o
 .text.OD_readBar
                0x0000000000002de8       0x28 ./User/process.o
 .text.OD_readDashParam
                0x0000000000002e10       0x4c ./User/process.o
 .text.OD_readSEG
                0x0000000000002e5c       0x34 ./User/process.o
 .text.vProceesInit
                0x0000000000002e90      0x1ba ./User/process.o
                0x0000000000002e90                vProceesInit
 .text.SystemInit
                0x000000000000304a       0xee ./User/system_ch32v20x.o
                0x000000000000304a                SystemInit
 .text.SystemCoreClockUpdate
                0x0000000000003138       0x92 ./User/system_ch32v20x.o
                0x0000000000003138                SystemCoreClockUpdate
 .text.StartDefaultTask
                0x00000000000031ca       0x86 ./User/system_init.o
 .text.vApplicationGetIdleTaskMemory
                0x0000000000003250       0x1c ./User/system_init.o
                0x0000000000003250                vApplicationGetIdleTaskMemory
 .text.vApplicationGetTimerTaskMemory
                0x000000000000326c       0x1c ./User/system_init.o
                0x000000000000326c                vApplicationGetTimerTaskMemory
 .text.vSystemStopProcess
                0x0000000000003288       0x1c ./User/system_init.o
                0x0000000000003288                vSystemStopProcess
 .text.vSYStaskInit
                0x00000000000032a4      0x100 ./User/system_init.o
                0x00000000000032a4                vSYStaskInit
 .text.vSYSqueueInit
                0x00000000000033a4       0x2a ./User/system_init.o
                0x00000000000033a4                vSYSqueueInit
 .text.vector_handler
                0x00000000000033ce       0x6c ./Startup/startup_ch32v20x_D6.o
                0x00000000000033d2                Ecall_M_Mode_Handler
                0x00000000000033d4                Ecall_U_Mode_Handler
                0x00000000000033d6                Break_Point_Handler
                0x00000000000033dc                WWDG_IRQHandler
                0x00000000000033de                PVD_IRQHandler
                0x00000000000033e0                TAMPER_IRQHandler
                0x00000000000033e4                FLASH_IRQHandler
                0x00000000000033e6                RCC_IRQHandler
                0x00000000000033e8                EXTI0_IRQHandler
                0x00000000000033ea                EXTI1_IRQHandler
                0x00000000000033ec                EXTI2_IRQHandler
                0x00000000000033ee                EXTI3_IRQHandler
                0x00000000000033f0                EXTI4_IRQHandler
                0x00000000000033f4                DMA1_Channel2_IRQHandler
                0x00000000000033fc                DMA1_Channel6_IRQHandler
                0x000000000000340a                EXTI9_5_IRQHandler
                0x000000000000340c                TIM1_BRK_IRQHandler
                0x000000000000340e                TIM1_UP_IRQHandler
                0x0000000000003410                TIM1_TRG_COM_IRQHandler
                0x0000000000003412                TIM1_CC_IRQHandler
                0x0000000000003414                TIM2_IRQHandler
                0x0000000000003416                TIM3_IRQHandler
                0x000000000000341e                I2C2_EV_IRQHandler
                0x0000000000003420                I2C2_ER_IRQHandler
                0x0000000000003422                SPI1_IRQHandler
                0x0000000000003424                SPI2_IRQHandler
                0x0000000000003426                USART1_IRQHandler
                0x0000000000003428                USART2_IRQHandler
                0x000000000000342a                USART3_IRQHandler
                0x000000000000342c                EXTI15_10_IRQHandler
                0x000000000000342e                RTCAlarm_IRQHandler
                0x0000000000003430                USBWakeUp_IRQHandler
                0x0000000000003432                USBHD_IRQHandler
                0x0000000000003434                USBHDWakeUp_IRQHandler
                0x0000000000003436                UART4_IRQHandler
                0x0000000000003438                DMA1_Channel8_IRQHandler
 .text.handle_reset
                0x000000000000343a       0x92 ./Startup/startup_ch32v20x_D6.o
                0x000000000000343a                handle_reset
 .text.ADC_DeInit
                0x00000000000034cc       0x46 ./Peripheral/src/ch32v20x_adc.o
                0x00000000000034cc                ADC_DeInit
 .text.ADC_Init
                0x0000000000003512       0x56 ./Peripheral/src/ch32v20x_adc.o
                0x0000000000003512                ADC_Init
 .text.ADC_Cmd  0x0000000000003568       0x10 ./Peripheral/src/ch32v20x_adc.o
                0x0000000000003568                ADC_Cmd
 .text.ADC_DMACmd
                0x0000000000003578       0x12 ./Peripheral/src/ch32v20x_adc.o
                0x0000000000003578                ADC_DMACmd
 .text.ADC_ResetCalibration
                0x000000000000358a        0xa ./Peripheral/src/ch32v20x_adc.o
                0x000000000000358a                ADC_ResetCalibration
 .text.ADC_GetResetCalibrationStatus
                0x0000000000003594        0x8 ./Peripheral/src/ch32v20x_adc.o
                0x0000000000003594                ADC_GetResetCalibrationStatus
 .text.ADC_StartCalibration
                0x000000000000359c        0xa ./Peripheral/src/ch32v20x_adc.o
                0x000000000000359c                ADC_StartCalibration
 .text.ADC_GetCalibrationStatus
                0x00000000000035a6        0x8 ./Peripheral/src/ch32v20x_adc.o
                0x00000000000035a6                ADC_GetCalibrationStatus
 .text.ADC_SoftwareStartConvCmd
                0x00000000000035ae       0x18 ./Peripheral/src/ch32v20x_adc.o
                0x00000000000035ae                ADC_SoftwareStartConvCmd
 .text.ADC_RegularChannelConfig
                0x00000000000035c6       0xb8 ./Peripheral/src/ch32v20x_adc.o
                0x00000000000035c6                ADC_RegularChannelConfig
 .text.ADC_ExternalTrigConvCmd
                0x000000000000367e       0x18 ./Peripheral/src/ch32v20x_adc.o
                0x000000000000367e                ADC_ExternalTrigConvCmd
 .text.ADC_GetITStatus
                0x0000000000003696       0x1c ./Peripheral/src/ch32v20x_adc.o
                0x0000000000003696                ADC_GetITStatus
 .text.ADC_ClearITPendingBit
                0x00000000000036b2        0xa ./Peripheral/src/ch32v20x_adc.o
                0x00000000000036b2                ADC_ClearITPendingBit
 .text.ADC_BufferCmd
                0x00000000000036bc       0x18 ./Peripheral/src/ch32v20x_adc.o
                0x00000000000036bc                ADC_BufferCmd
 .text.Get_CalibrationValue
                0x00000000000036d4      0x1fe ./Peripheral/src/ch32v20x_adc.o
                0x00000000000036d4                Get_CalibrationValue
 .text.DMA_Init
                0x00000000000038d2       0x38 ./Peripheral/src/ch32v20x_dma.o
                0x00000000000038d2                DMA_Init
 .text.DMA_Cmd  0x000000000000390a       0x14 ./Peripheral/src/ch32v20x_dma.o
                0x000000000000390a                DMA_Cmd
 .text.DMA_SetCurrDataCounter
                0x000000000000391e        0x4 ./Peripheral/src/ch32v20x_dma.o
                0x000000000000391e                DMA_SetCurrDataCounter
 .text.DMA_GetFlagStatus
                0x0000000000003922        0xe ./Peripheral/src/ch32v20x_dma.o
                0x0000000000003922                DMA_GetFlagStatus
 .text.DMA_GetITStatus
                0x0000000000003930        0xc ./Peripheral/src/ch32v20x_dma.o
                0x0000000000003930                DMA_GetITStatus
 .text.DMA_ClearITPendingBit
                0x000000000000393c        0x8 ./Peripheral/src/ch32v20x_dma.o
                0x000000000000393c                DMA_ClearITPendingBit
 .text.GPIO_Init
                0x0000000000003944       0xfa ./Peripheral/src/ch32v20x_gpio.o
                0x0000000000003944                GPIO_Init
 .text.GPIO_ReadInputDataBit
                0x0000000000003a3e       0x1e ./Peripheral/src/ch32v20x_gpio.o
                0x0000000000003a3e                GPIO_ReadInputDataBit
 .text.GPIO_SetBits
                0x0000000000003a5c       0x18 ./Peripheral/src/ch32v20x_gpio.o
                0x0000000000003a5c                GPIO_SetBits
 .text.GPIO_ResetBits
                0x0000000000003a74       0x18 ./Peripheral/src/ch32v20x_gpio.o
                0x0000000000003a74                GPIO_ResetBits
 .text.GPIO_PinRemapConfig
                0x0000000000003a8c       0xf2 ./Peripheral/src/ch32v20x_gpio.o
                0x0000000000003a8c                GPIO_PinRemapConfig
 .text.I2C_Init
                0x0000000000003b7e       0xf2 ./Peripheral/src/ch32v20x_i2c.o
                0x0000000000003b7e                I2C_Init
 .text.I2C_Cmd  0x0000000000003c70       0x18 ./Peripheral/src/ch32v20x_i2c.o
                0x0000000000003c70                I2C_Cmd
 .text.I2C_GenerateSTART
                0x0000000000003c88       0x1a ./Peripheral/src/ch32v20x_i2c.o
                0x0000000000003c88                I2C_GenerateSTART
 .text.I2C_GenerateSTOP
                0x0000000000003ca2       0x1a ./Peripheral/src/ch32v20x_i2c.o
                0x0000000000003ca2                I2C_GenerateSTOP
 .text.I2C_AcknowledgeConfig
                0x0000000000003cbc       0x1a ./Peripheral/src/ch32v20x_i2c.o
                0x0000000000003cbc                I2C_AcknowledgeConfig
 .text.I2C_DualAddressCmd
                0x0000000000003cd6       0x18 ./Peripheral/src/ch32v20x_i2c.o
                0x0000000000003cd6                I2C_DualAddressCmd
 .text.I2C_ITConfig
                0x0000000000003cee       0x12 ./Peripheral/src/ch32v20x_i2c.o
                0x0000000000003cee                I2C_ITConfig
 .text.I2C_SendData
                0x0000000000003d00        0x4 ./Peripheral/src/ch32v20x_i2c.o
                0x0000000000003d00                I2C_SendData
 .text.I2C_ReceiveData
                0x0000000000003d04        0x8 ./Peripheral/src/ch32v20x_i2c.o
                0x0000000000003d04                I2C_ReceiveData
 .text.I2C_Send7bitAddress
                0x0000000000003d0c       0x12 ./Peripheral/src/ch32v20x_i2c.o
                0x0000000000003d0c                I2C_Send7bitAddress
 .text.I2C_ReadRegister
                0x0000000000003d1e       0x14 ./Peripheral/src/ch32v20x_i2c.o
                0x0000000000003d1e                I2C_ReadRegister
 .text.I2C_CheckEvent
                0x0000000000003d32       0x16 ./Peripheral/src/ch32v20x_i2c.o
                0x0000000000003d32                I2C_CheckEvent
 .text.I2C_GetFlagStatus
                0x0000000000003d48       0x32 ./Peripheral/src/ch32v20x_i2c.o
                0x0000000000003d48                I2C_GetFlagStatus
 .text.I2C_ClearFlag
                0x0000000000003d7a        0xc ./Peripheral/src/ch32v20x_i2c.o
                0x0000000000003d7a                I2C_ClearFlag
 .text.NVIC_PriorityGroupConfig
                0x0000000000003d86        0xa ./Peripheral/src/ch32v20x_misc.o
                0x0000000000003d86                NVIC_PriorityGroupConfig
 .text.NVIC_Init
                0x0000000000003d90       0xaa ./Peripheral/src/ch32v20x_misc.o
                0x0000000000003d90                NVIC_Init
 .text.RCC_ADCCLKConfig
                0x0000000000003e3a       0x12 ./Peripheral/src/ch32v20x_rcc.o
                0x0000000000003e3a                RCC_ADCCLKConfig
 .text.RCC_LSEConfig
                0x0000000000003e4c       0x28 ./Peripheral/src/ch32v20x_rcc.o
                0x0000000000003e4c                RCC_LSEConfig
 .text.RCC_GetClocksFreq
                0x0000000000003e74       0xbe ./Peripheral/src/ch32v20x_rcc.o
                0x0000000000003e74                RCC_GetClocksFreq
 .text.RCC_APB2PeriphClockCmd
                0x0000000000003f32       0x1e ./Peripheral/src/ch32v20x_rcc.o
                0x0000000000003f32                RCC_APB2PeriphClockCmd
 .text.RCC_APB1PeriphClockCmd
                0x0000000000003f50       0x1e ./Peripheral/src/ch32v20x_rcc.o
                0x0000000000003f50                RCC_APB1PeriphClockCmd
 .text.RCC_APB2PeriphResetCmd
                0x0000000000003f6e       0x1e ./Peripheral/src/ch32v20x_rcc.o
                0x0000000000003f6e                RCC_APB2PeriphResetCmd
 .text.RCC_GetFlagStatus
                0x0000000000003f8c       0x2e ./Peripheral/src/ch32v20x_rcc.o
                0x0000000000003f8c                RCC_GetFlagStatus
 .text.RTC_EnterConfigMode
                0x0000000000003fba       0x12 ./Peripheral/src/ch32v20x_rtc.o
                0x0000000000003fba                RTC_EnterConfigMode
 .text.RTC_ExitConfigMode
                0x0000000000003fcc       0x18 ./Peripheral/src/ch32v20x_rtc.o
                0x0000000000003fcc                RTC_ExitConfigMode
 .text.RTC_SetPrescaler
                0x0000000000003fe4       0x2e ./Peripheral/src/ch32v20x_rtc.o
                0x0000000000003fe4                RTC_SetPrescaler
 .text.RTC_WaitForLastTask
                0x0000000000004012       0x10 ./Peripheral/src/ch32v20x_rtc.o
                0x0000000000004012                RTC_WaitForLastTask
 .text.RTC_WaitForSynchro
                0x0000000000004022       0x24 ./Peripheral/src/ch32v20x_rtc.o
                0x0000000000004022                RTC_WaitForSynchro
 .text.RTC_GetITStatus
                0x0000000000004046       0x20 ./Peripheral/src/ch32v20x_rtc.o
                0x0000000000004046                RTC_GetITStatus
 .text.TIM_OC1Init
                0x0000000000004066       0x6a ./Peripheral/src/ch32v20x_tim.o
                0x0000000000004066                TIM_OC1Init
 .text.TIM_OC2Init
                0x00000000000040d0       0x96 ./Peripheral/src/ch32v20x_tim.o
                0x00000000000040d0                TIM_OC2Init
 .text.TIM_OC3Init
                0x0000000000004166       0x94 ./Peripheral/src/ch32v20x_tim.o
                0x0000000000004166                TIM_OC3Init
 .text.TIM_OC4Init
                0x00000000000041fa       0x6c ./Peripheral/src/ch32v20x_tim.o
                0x00000000000041fa                TIM_OC4Init
 .text.TIM_OC1PreloadConfig
                0x0000000000004266        0xe ./Peripheral/src/ch32v20x_tim.o
                0x0000000000004266                TIM_OC1PreloadConfig
 .text.TIM_OC2PreloadConfig
                0x0000000000004274       0x16 ./Peripheral/src/ch32v20x_tim.o
                0x0000000000004274                TIM_OC2PreloadConfig
 .text.TIM_OC3PreloadConfig
                0x000000000000428a        0xe ./Peripheral/src/ch32v20x_tim.o
                0x000000000000428a                TIM_OC3PreloadConfig
 .text.TIM_OC4PreloadConfig
                0x0000000000004298       0x16 ./Peripheral/src/ch32v20x_tim.o
                0x0000000000004298                TIM_OC4PreloadConfig
 .text.TIM_GetITStatus
                0x00000000000042ae       0x18 ./Peripheral/src/ch32v20x_tim.o
                0x00000000000042ae                TIM_GetITStatus
 .text.USART_SendData
                0x00000000000042c6        0x8 ./Peripheral/src/ch32v20x_usart.o
                0x00000000000042c6                USART_SendData
 .text.USART_GetFlagStatus
                0x00000000000042ce        0xa ./Peripheral/src/ch32v20x_usart.o
                0x00000000000042ce                USART_GetFlagStatus
 .text.vAINInit
                0x00000000000042d8       0x36 ./HWLIB/hw_lib_adc.o
                0x00000000000042d8                vAINInit
 .text.fGetAinCalData
                0x000000000000430e       0xa4 ./HWLIB/hw_lib_adc.o
                0x000000000000430e                fGetAinCalData
 .text.eAinCalDataConfig
                0x00000000000043b2       0x48 ./HWLIB/hw_lib_adc.o
                0x00000000000043b2                eAinCalDataConfig
 .text.vABLineKoofFinde
                0x00000000000043fa       0x6a ./HWLIB/hw_lib_adc.o
                0x00000000000043fa                vABLineKoofFinde
 .text.eSetAinCalPoint
                0x0000000000004464       0x64 ./HWLIB/hw_lib_adc.o
                0x0000000000004464                eSetAinCalPoint
 .text.getADC1Buffer
                0x00000000000044c8        0xa ./HWLIB/hw_lib_adc.o
                0x00000000000044c8                getADC1Buffer
 .text.eDOUTConfigWtihStruct
                0x00000000000044d2       0x1a ./HWLIB/hw_lib_din.o
                0x00000000000044d2                eDOUTConfigWtihStruct
 .text.eDinConfigWtihStruct
                0x00000000000044ec       0x34 ./HWLIB/hw_lib_din.o
                0x00000000000044ec                eDinConfigWtihStruct
 .text.uGetDIN  0x0000000000004520       0x14 ./HWLIB/hw_lib_din.o
                0x0000000000004520                uGetDIN
 .text.eRPMConfig
                0x0000000000004534       0x56 ./HWLIB/hw_lib_din.o
                0x0000000000004534                eRPMConfig
 .text.RMPDataConvert
                0x000000000000458a       0x78 ./HWLIB/hw_lib_din.o
                0x000000000000458a                RMPDataConvert
 .text.getCaputreBuffer
                0x0000000000004602       0x16 ./HWLIB/hw_lib_din.o
                0x0000000000004602                getCaputreBuffer
 .text.GetRPM   0x0000000000004618       0x74 ./HWLIB/hw_lib_din.o
                0x0000000000004618                GetRPM
 .text.xGetRPM  0x000000000000468c       0x72 ./HWLIB/hw_lib_din.o
                0x000000000000468c                xGetRPM
 .text.vDinDoutProcess
                0x00000000000046fe       0x98 ./HWLIB/hw_lib_din.o
                0x00000000000046fe                vDinDoutProcess
 .text.xGetEEPROM
                0x0000000000004796        0xa ./HWLIB/hw_lib_eeprom.o
                0x0000000000004796                xGetEEPROM
 .text.eEEPROMWrFast
                0x00000000000047a0       0x80 ./HWLIB/hw_lib_eeprom.o
                0x00000000000047a0                eEEPROMWrFast
 .text.eEEPROMWr
                0x0000000000004820       0x92 ./HWLIB/hw_lib_eeprom.o
                0x0000000000004820                eEEPROMWr
 .text.eEEPROMRd
                0x00000000000048b2       0x34 ./HWLIB/hw_lib_eeprom.o
                0x00000000000048b2                eEEPROMRd
 .text.bReadEEPROM
                0x00000000000048e6       0x1a ./HWLIB/hw_lib_eeprom.o
                0x00000000000048e6                bReadEEPROM
 .text.Get_ConversionVal
                0x0000000000004900       0x2e ./HAL/hal_adc.o
                0x0000000000004900                Get_ConversionVal
 .text.HAL_ADC_CommonConfig
                0x000000000000492e        0xe ./HAL/hal_adc.o
                0x000000000000492e                HAL_ADC_CommonConfig
 .text.HAL_ADC_ContiniusScanCinvertionDMA
                0x000000000000493c       0xda ./HAL/hal_adc.o
                0x000000000000493c                HAL_ADC_ContiniusScanCinvertionDMA
 .text.ADC1_2_IRQHandler
                0x0000000000004a16       0x74 ./HAL/hal_adc.o
                0x0000000000004a16                ADC1_2_IRQHandler
 .text.HAL_CANSetTXCallback
                0x0000000000004a8a        0xa ./HAL/hal_can.o
                0x0000000000004a8a                HAL_CANSetTXCallback
 .text.HAL_CANSetRXCallback
                0x0000000000004a94        0xa ./HAL/hal_can.o
                0x0000000000004a94                HAL_CANSetRXCallback
 .text.HAL_CANSetERRCallback
                0x0000000000004a9e        0xa ./HAL/hal_can.o
                0x0000000000004a9e                HAL_CANSetERRCallback
 .text.HAL_CANIntIT
                0x0000000000004aa8      0x13c ./HAL/hal_can.o
                0x0000000000004aa8                HAL_CANIntIT
 .text.HAL_CANToInitMode
                0x0000000000004be4       0x30 ./HAL/hal_can.o
                0x0000000000004be4                HAL_CANToInitMode
 .text.HAL_CANToOperatingMode
                0x0000000000004c14       0x26 ./HAL/hal_can.o
                0x0000000000004c14                HAL_CANToOperatingMode
 .text.HAL_CANSend
                0x0000000000004c3a       0xae ./HAL/hal_can.o
                0x0000000000004c3a                HAL_CANSend
 .text.HAL_CANSetFiters
                0x0000000000004ce8       0xc4 ./HAL/hal_can.o
                0x0000000000004ce8                HAL_CANSetFiters
 .text.HAL_CANGetRXMessage
                0x0000000000004dac       0xae ./HAL/hal_can.o
                0x0000000000004dac                HAL_CANGetRXMessage
 .text.USB_HP_CAN1_TX_IRQHandler
                0x0000000000004e5a       0x60 ./HAL/hal_can.o
                0x0000000000004e5a                USB_HP_CAN1_TX_IRQHandler
 .text.USB_LP_CAN1_RX0_IRQHandler
                0x0000000000004eba       0x5e ./HAL/hal_can.o
                0x0000000000004eba                USB_LP_CAN1_RX0_IRQHandler
 .text.CAN1_RX1_IRQHandler
                0x0000000000004f18       0x5e ./HAL/hal_can.o
                0x0000000000004f18                CAN1_RX1_IRQHandler
 .text.CAN1_SCE_IRQHandler
                0x0000000000004f76       0x5c ./HAL/hal_can.o
                0x0000000000004f76                CAN1_SCE_IRQHandler
 .text.DMA_IRQ  0x0000000000004fd2       0x3a ./HAL/hal_dma.o
 .text.HAL_DMA_Disable
                0x000000000000500c        0xc ./HAL/hal_dma.o
                0x000000000000500c                HAL_DMA_Disable
 .text.HAL_DMA_SetCouterAndEnable
                0x0000000000005018        0xc ./HAL/hal_dma.o
                0x0000000000005018                HAL_DMA_SetCouterAndEnable
 .text.HAL_DMAInitIT
                0x0000000000005024      0x10c ./HAL/hal_dma.o
                0x0000000000005024                HAL_DMAInitIT
 .text.HAL_ADC_StartDMA
                0x0000000000005130       0x5e ./HAL/hal_dma.o
                0x0000000000005130                HAL_ADC_StartDMA
 .text.DMA1_Channel1_IRQHandler
                0x000000000000518e       0x4e ./HAL/hal_dma.o
                0x000000000000518e                DMA1_Channel1_IRQHandler
 .text.DMA1_Channel3_IRQHandler
                0x00000000000051dc       0x4e ./HAL/hal_dma.o
                0x00000000000051dc                DMA1_Channel3_IRQHandler
 .text.DMA1_Channel4_IRQHandler
                0x000000000000522a       0x4e ./HAL/hal_dma.o
                0x000000000000522a                DMA1_Channel4_IRQHandler
 .text.DMA1_Channel5_IRQHandler
                0x0000000000005278       0x4e ./HAL/hal_dma.o
                0x0000000000005278                DMA1_Channel5_IRQHandler
 .text.DMA1_Channel7_IRQHandler
                0x00000000000052c6       0x4e ./HAL/hal_dma.o
                0x00000000000052c6                DMA1_Channel7_IRQHandler
 .text.HAL_InitRCC
                0x0000000000005314       0x48 ./HAL/hal_gpio.o
 .text.HAL_InitGpioOut
                0x000000000000535c       0x28 ./HAL/hal_gpio.o
                0x000000000000535c                HAL_InitGpioOut
 .text.HAL_InitGpioAIN
                0x0000000000005384       0x26 ./HAL/hal_gpio.o
                0x0000000000005384                HAL_InitGpioAIN
 .text.HAL_InitGpioIn
                0x00000000000053aa       0x28 ./HAL/hal_gpio.o
                0x00000000000053aa                HAL_InitGpioIn
 .text.HAL_InitGpioAF
                0x00000000000053d2       0x3c ./HAL/hal_gpio.o
                0x00000000000053d2                HAL_InitGpioAF
 .text.HAL_GetBit
                0x000000000000540e        0xc ./HAL/hal_gpio.o
                0x000000000000540e                HAL_GetBit
 .text.HAL_SetBit
                0x000000000000541a        0xc ./HAL/hal_gpio.o
                0x000000000000541a                HAL_SetBit
 .text.HAL_ResetBit
                0x0000000000005426        0xc ./HAL/hal_gpio.o
                0x0000000000005426                HAL_ResetBit
 .text.I2C_Master_TransmitFast
                0x0000000000005432       0xe8 ./HAL/hal_i2c.o
 .text.I2C_Master_TransmitIT
                0x000000000000551a       0xa0 ./HAL/hal_i2c.o
 .text.I2C_Master_ReviceIT
                0x00000000000055ba       0x9e ./HAL/hal_i2c.o
 .text.I2C_FSM  0x0000000000005658      0x1d6 ./HAL/hal_i2c.o
 .text.InitI2CDMA
                0x000000000000582e      0x10c ./HAL/hal_i2c.o
                0x000000000000582e                InitI2CDMA
 .text.I2C1_EV_IRQHandler
                0x000000000000593a       0x4c ./HAL/hal_i2c.o
                0x000000000000593a                I2C1_EV_IRQHandler
 .text.I2C1_ER_IRQHandler
                0x0000000000005986       0x4c ./HAL/hal_i2c.o
                0x0000000000005986                I2C1_ER_IRQHandler
 .text.PFIC_IRQ_ENABLE_PG1
                0x00000000000059d2       0x34 ./HAL/hal_irq.o
                0x00000000000059d2                PFIC_IRQ_ENABLE_PG1
 .text.HAL_RTC_IT_Init
                0x0000000000005a06       0xce ./HAL/hal_rtc.o
                0x0000000000005a06                HAL_RTC_IT_Init
 .text.RTC_IRQHandler
                0x0000000000005ad4       0x78 ./HAL/hal_rtc.o
                0x0000000000005ad4                RTC_IRQHandler
 .text.HAL_SPI_InitDMA
                0x0000000000005b4c       0x86 ./HAL/hal_spi.o
                0x0000000000005b4c                HAL_SPI_InitDMA
 .text.HAL_SPI_RXOveleyClear
                0x0000000000005bd2       0x12 ./HAL/hal_spi.o
                0x0000000000005bd2                HAL_SPI_RXOveleyClear
 .text.HAL_SPI_GetBusy
                0x0000000000005be4       0x10 ./HAL/hal_spi.o
                0x0000000000005be4                HAL_SPI_GetBusy
 .text.vTimerInitRCC
                0x0000000000005bf4       0xa2 ./HAL/hal_timers.o
 .text.TIM4_IRQHandler
                0x0000000000005c96       0x70 ./HAL/hal_timers.o
                0x0000000000005c96                TIM4_IRQHandler
 .text.HAL_TiemrEneblae
                0x0000000000005d06       0x16 ./HAL/hal_timers.o
                0x0000000000005d06                HAL_TiemrEneblae
 .text.HAL_TiemrDisable
                0x0000000000005d1c       0x1c ./HAL/hal_timers.o
                0x0000000000005d1c                HAL_TiemrDisable
 .text.HW_TIMER_BaseTimerInit
                0x0000000000005d38       0x54 ./HAL/hal_timers.o
                0x0000000000005d38                HW_TIMER_BaseTimerInit
 .text.HAL_TIMER_InitIt
                0x0000000000005d8c       0x9e ./HAL/hal_timers.o
                0x0000000000005d8c                HAL_TIMER_InitIt
 .text.HAL_TIMER_PWMTimersInit
                0x0000000000005e2a       0xe6 ./HAL/hal_timers.o
                0x0000000000005e2a                HAL_TIMER_PWMTimersInit
 .text.HAL_TimeInitCaptureDMA
                0x0000000000005f10      0x112 ./HAL/hal_timers.o
                0x0000000000005f10                HAL_TimeInitCaptureDMA
 .text.HAL_TIMER_DisablePWMCH
                0x0000000000006022       0x1a ./HAL/hal_timers.o
                0x0000000000006022                HAL_TIMER_DisablePWMCH
 .text.HAL_TIMER_SetPWMPulse
                0x000000000000603c       0x86 ./HAL/hal_timers.o
                0x000000000000603c                HAL_TIMER_SetPWMPulse
 .text.HAL_TIMER_EnablePWMCH
                0x00000000000060c2       0x1a ./HAL/hal_timers.o
                0x00000000000060c2                HAL_TIMER_EnablePWMCH
 .text.HAL_WDTReset
                0x00000000000060dc        0xe ./HAL/hal_wdt.o
                0x00000000000060dc                HAL_WDTReset
 .text.HAL_WDT_Init1s
                0x00000000000060ea       0x28 ./HAL/hal_wdt.o
                0x00000000000060ea                HAL_WDT_Init1s
 .text.prvInsertBlockIntoFreeList
                0x0000000000006112       0x48 ./FreeRTOS/portable/MemMang/heap_4.o
 .text.pvPortMalloc
                0x000000000000615a      0x17e ./FreeRTOS/portable/MemMang/heap_4.o
                0x000000000000615a                pvPortMalloc
 .text.vPortFree
                0x00000000000062d8       0xa4 ./FreeRTOS/portable/MemMang/heap_4.o
                0x00000000000062d8                vPortFree
 .text.vPortSetupTimerInterrupt
                0x000000000000637c       0x3e ./FreeRTOS/portable/GCC/RISC-V/port.o
                0x000000000000637c                vPortSetupTimerInterrupt
 .text.xPortStartScheduler
                0x00000000000063ba       0x90 ./FreeRTOS/portable/GCC/RISC-V/port.o
                0x00000000000063ba                xPortStartScheduler
 .text.SysTick_Handler
                0x000000000000644a       0x7c ./FreeRTOS/portable/GCC/RISC-V/port.o
                0x000000000000644a                SysTick_Handler
 .text.vPortEnterCritical
                0x00000000000064c6       0x16 ./FreeRTOS/portable/GCC/RISC-V/port.o
                0x00000000000064c6                vPortEnterCritical
 .text.vPortExitCritical
                0x00000000000064dc       0x42 ./FreeRTOS/portable/GCC/RISC-V/port.o
                0x00000000000064dc                vPortExitCritical
 .text.xPortSetInterruptMask
                0x000000000000651e        0xc ./FreeRTOS/portable/GCC/RISC-V/port.o
                0x000000000000651e                xPortSetInterruptMask
 .text.vPortClearInterruptMask
                0x000000000000652a        0x6 ./FreeRTOS/portable/GCC/RISC-V/port.o
                0x000000000000652a                vPortClearInterruptMask
 .text.vListInitialise
                0x0000000000006530       0x14 ./FreeRTOS/list.o
                0x0000000000006530                vListInitialise
 .text.vListInitialiseItem
                0x0000000000006544        0x6 ./FreeRTOS/list.o
                0x0000000000006544                vListInitialiseItem
 .text.vListInsertEnd
                0x000000000000654a       0x18 ./FreeRTOS/list.o
                0x000000000000654a                vListInsertEnd
 .text.vListInsert
                0x0000000000006562       0x2e ./FreeRTOS/list.o
                0x0000000000006562                vListInsert
 .text.uxListRemove
                0x0000000000006590       0x20 ./FreeRTOS/list.o
                0x0000000000006590                uxListRemove
 .text.prvIsQueueEmpty
                0x00000000000065b0       0x1e ./FreeRTOS/queue.o
 .text.prvCopyDataToQueue
                0x00000000000065ce       0x72 ./FreeRTOS/queue.o
 .text.prvCopyDataFromQueue
                0x0000000000006640       0x28 ./FreeRTOS/queue.o
 .text.prvUnlockQueue
                0x0000000000006668       0x76 ./FreeRTOS/queue.o
 .text.xQueueGenericReset
                0x00000000000066de       0xc4 ./FreeRTOS/queue.o
                0x00000000000066de                xQueueGenericReset
 .text.xQueueGenericCreateStatic
                0x00000000000067a2       0xae ./FreeRTOS/queue.o
                0x00000000000067a2                xQueueGenericCreateStatic
 .text.xQueueGenericCreate
                0x0000000000006850       0x72 ./FreeRTOS/queue.o
                0x0000000000006850                xQueueGenericCreate
 .text.xQueueGenericSend
                0x00000000000068c2      0x1a8 ./FreeRTOS/queue.o
                0x00000000000068c2                xQueueGenericSend
 .text.xQueueGiveMutexRecursive
                0x0000000000006a6a       0x56 ./FreeRTOS/queue.o
                0x0000000000006a6a                xQueueGiveMutexRecursive
 .text.xQueueCreateMutex
                0x0000000000006ac0       0x2e ./FreeRTOS/queue.o
                0x0000000000006ac0                xQueueCreateMutex
 .text.xQueueReceive
                0x0000000000006aee      0x166 ./FreeRTOS/queue.o
                0x0000000000006aee                xQueueReceive
 .text.xQueueSemaphoreTake
                0x0000000000006c54      0x1be ./FreeRTOS/queue.o
                0x0000000000006c54                xQueueSemaphoreTake
 .text.xQueueTakeMutexRecursive
                0x0000000000006e12       0x5a ./FreeRTOS/queue.o
                0x0000000000006e12                xQueueTakeMutexRecursive
 .text.uxQueueMessagesWaiting
                0x0000000000006e6c       0x44 ./FreeRTOS/queue.o
                0x0000000000006e6c                uxQueueMessagesWaiting
 .text.vQueueAddToRegistry
                0x0000000000006eb0       0x6c ./FreeRTOS/queue.o
                0x0000000000006eb0                vQueueAddToRegistry
 .text.vQueueWaitForMessageRestricted
                0x0000000000006f1c       0x5c ./FreeRTOS/queue.o
                0x0000000000006f1c                vQueueWaitForMessageRestricted
 .text.prvIdleTask
                0x0000000000006f78        0x2 ./FreeRTOS/tasks.o
 .text.prvAddNewTaskToReadyList
                0x0000000000006f7a       0xf6 ./FreeRTOS/tasks.o
 .text.prvResetNextTaskUnblockTime
                0x0000000000007070       0x1c ./FreeRTOS/tasks.o
 .text.prvTaskIsTaskSuspended
                0x000000000000708c       0x50 ./FreeRTOS/tasks.o
 .text.prvInitialiseNewTask.isra.2
                0x00000000000070dc       0xc8 ./FreeRTOS/tasks.o
 .text.prvAddCurrentTaskToDelayedList
                0x00000000000071a4       0x98 ./FreeRTOS/tasks.o
 .text.xTaskCreateStatic
                0x000000000000723c       0xa6 ./FreeRTOS/tasks.o
                0x000000000000723c                xTaskCreateStatic
 .text.vTaskResume
                0x00000000000072e2       0xa2 ./FreeRTOS/tasks.o
                0x00000000000072e2                vTaskResume
 .text.vTaskStartScheduler
                0x0000000000007384       0x90 ./FreeRTOS/tasks.o
                0x0000000000007384                vTaskStartScheduler
 .text.vTaskSuspendAll
                0x0000000000007414        0xc ./FreeRTOS/tasks.o
                0x0000000000007414                vTaskSuspendAll
 .text.xTaskGetTickCount
                0x0000000000007420        0x6 ./FreeRTOS/tasks.o
                0x0000000000007420                xTaskGetTickCount
 .text.xTaskIncrementTick
                0x0000000000007426      0x180 ./FreeRTOS/tasks.o
                0x0000000000007426                xTaskIncrementTick
 .text.xTaskResumeAll
                0x00000000000075a6      0x148 ./FreeRTOS/tasks.o
                0x00000000000075a6                xTaskResumeAll
 .text.vTaskDelay
                0x00000000000076ee       0x62 ./FreeRTOS/tasks.o
                0x00000000000076ee                vTaskDelay
 .text.vTaskSwitchContext
                0x0000000000007750       0x8a ./FreeRTOS/tasks.o
                0x0000000000007750                vTaskSwitchContext
 .text.vTaskSuspend
                0x00000000000077da       0xde ./FreeRTOS/tasks.o
                0x00000000000077da                vTaskSuspend
 .text.vTaskPlaceOnEventList
                0x00000000000078b8       0x44 ./FreeRTOS/tasks.o
                0x00000000000078b8                vTaskPlaceOnEventList
 .text.vTaskPlaceOnEventListRestricted
                0x00000000000078fc       0x72 ./FreeRTOS/tasks.o
                0x00000000000078fc                vTaskPlaceOnEventListRestricted
 .text.xTaskRemoveFromEventList
                0x000000000000796e       0xdc ./FreeRTOS/tasks.o
                0x000000000000796e                xTaskRemoveFromEventList
 .text.vTaskInternalSetTimeOutState
                0x0000000000007a4a        0xe ./FreeRTOS/tasks.o
                0x0000000000007a4a                vTaskInternalSetTimeOutState
 .text.xTaskCheckForTimeOut
                0x0000000000007a58       0xaa ./FreeRTOS/tasks.o
                0x0000000000007a58                xTaskCheckForTimeOut
 .text.vTaskMissedYield
                0x0000000000007b02        0x8 ./FreeRTOS/tasks.o
                0x0000000000007b02                vTaskMissedYield
 .text.xTaskGetCurrentTaskHandle
                0x0000000000007b0a        0x6 ./FreeRTOS/tasks.o
                0x0000000000007b0a                xTaskGetCurrentTaskHandle
 .text.xTaskGetSchedulerState
                0x0000000000007b10       0x14 ./FreeRTOS/tasks.o
                0x0000000000007b10                xTaskGetSchedulerState
 .text.xTaskPriorityInherit
                0x0000000000007b24       0xa6 ./FreeRTOS/tasks.o
                0x0000000000007b24                xTaskPriorityInherit
 .text.xTaskPriorityDisinherit
                0x0000000000007bca       0xc2 ./FreeRTOS/tasks.o
                0x0000000000007bca                xTaskPriorityDisinherit
 .text.vTaskPriorityDisinheritAfterTimeout
                0x0000000000007c8c       0xde ./FreeRTOS/tasks.o
                0x0000000000007c8c                vTaskPriorityDisinheritAfterTimeout
 .text.pvTaskIncrementMutexHeldCount
                0x0000000000007d6a       0x18 ./FreeRTOS/tasks.o
                0x0000000000007d6a                pvTaskIncrementMutexHeldCount
 .text.ulTaskGenericNotifyTake
                0x0000000000007d82       0xb4 ./FreeRTOS/tasks.o
                0x0000000000007d82                ulTaskGenericNotifyTake
 .text.xTaskGenericNotifyWait
                0x0000000000007e36       0xe2 ./FreeRTOS/tasks.o
                0x0000000000007e36                xTaskGenericNotifyWait
 .text.xTaskGenericNotify
                0x0000000000007f18      0x1a8 ./FreeRTOS/tasks.o
                0x0000000000007f18                xTaskGenericNotify
 .text.xTaskGenericNotifyFromISR
                0x00000000000080c0      0x1e0 ./FreeRTOS/tasks.o
                0x00000000000080c0                xTaskGenericNotifyFromISR
 .text.ulTaskGenericNotifyValueClear
                0x00000000000082a0       0x3a ./FreeRTOS/tasks.o
                0x00000000000082a0                ulTaskGenericNotifyValueClear
 .text.prvCheckForValidListAndQueue
                0x00000000000082da       0x6a ./FreeRTOS/timers.o
 .text.prvInsertTimerInActiveList
                0x0000000000008344       0x3e ./FreeRTOS/timers.o
 .text.prvReloadTimer
                0x0000000000008382       0x2a ./FreeRTOS/timers.o
 .text.prvProcessExpiredTimer
                0x00000000000083ac       0x42 ./FreeRTOS/timers.o
 .text.prvSwitchTimerLists
                0x00000000000083ee       0x28 ./FreeRTOS/timers.o
 .text.prvTimerTask
                0x0000000000008416      0x188 ./FreeRTOS/timers.o
 .text.xTimerCreateTimerTask
                0x000000000000859e       0x6e ./FreeRTOS/timers.o
                0x000000000000859e                xTimerCreateTimerTask
 .text.vRCFilter
                0x000000000000860c       0x30 ./Drivers/filters.o
                0x000000000000860c                vRCFilter
 .text.vInitABFilter
                0x000000000000863c       0x22 ./Drivers/filters.o
                0x000000000000863c                vInitABFilter
 .text.vInitRunAverga
                0x000000000000865e        0x8 ./Drivers/filters.o
                0x000000000000865e                vInitRunAverga
 .text.vInitMedianFilter
                0x0000000000008666       0x12 ./Drivers/filters.o
                0x0000000000008666                vInitMedianFilter
 .text.MedianFilter
                0x0000000000008678       0x6e ./Drivers/filters.o
                0x0000000000008678                MedianFilter
 .text.Delay_Init
                0x00000000000086e6       0x2a ./Debug/debug.o
                0x00000000000086e6                Delay_Init
 .text.Delay_Ms
                0x0000000000008710       0x36 ./Debug/debug.o
                0x0000000000008710                Delay_Ms
 .text._write   0x0000000000008746       0x3e ./Debug/debug.o
                0x0000000000008746                _write
 .text._sbrk    0x0000000000008784       0x2a ./Debug/debug.o
                0x0000000000008784                _sbrk
 .text.prv_read_can_received_msg
                0x00000000000087ae       0x50 ./CANopenNode/keypad/CO_driver_ST32F103.o
                0x00000000000087ae                prv_read_can_received_msg
 .text.prv_send_can_message.isra.0
                0x00000000000087fe       0x2c ./CANopenNode/keypad/CO_driver_ST32F103.o
 .text.CAN_SendMessage
                0x000000000000882a       0x66 ./CANopenNode/keypad/CO_driver_ST32F103.o
                0x000000000000882a                CAN_SendMessage
 .text.co_drv_create_os_objects
                0x0000000000008890       0x30 ./CANopenNode/keypad/CO_driver_ST32F103.o
                0x0000000000008890                co_drv_create_os_objects
 .text.co_drv_mutex_lock
                0x00000000000088c0       0x18 ./CANopenNode/keypad/CO_driver_ST32F103.o
                0x00000000000088c0                co_drv_mutex_lock
 .text.co_drv_mutex_unlock
                0x00000000000088d8       0x16 ./CANopenNode/keypad/CO_driver_ST32F103.o
                0x00000000000088d8                co_drv_mutex_unlock
 .text.CO_CANsetConfigurationMode
                0x00000000000088ee       0x10 ./CANopenNode/keypad/CO_driver_ST32F103.o
                0x00000000000088ee                CO_CANsetConfigurationMode
 .text.CO_CANsetNormalMode
                0x00000000000088fe       0x1c ./CANopenNode/keypad/CO_driver_ST32F103.o
                0x00000000000088fe                CO_CANsetNormalMode
 .text.CO_CANmodule_init
                0x000000000000891a      0x110 ./CANopenNode/keypad/CO_driver_ST32F103.o
                0x000000000000891a                CO_CANmodule_init
 .text.CO_CANmodule_disable
                0x0000000000008a2a       0x14 ./CANopenNode/keypad/CO_driver_ST32F103.o
                0x0000000000008a2a                CO_CANmodule_disable
 .text.CO_CANrxBufferInit
                0x0000000000008a3e       0x52 ./CANopenNode/keypad/CO_driver_ST32F103.o
                0x0000000000008a3e                CO_CANrxBufferInit
 .text.CO_CANtxBufferInit
                0x0000000000008a90       0x3a ./CANopenNode/keypad/CO_driver_ST32F103.o
                0x0000000000008a90                CO_CANtxBufferInit
 .text.CO_CANmodule_process
                0x0000000000008aca       0x12 ./CANopenNode/keypad/CO_driver_ST32F103.o
                0x0000000000008aca                CO_CANmodule_process
 .text.CO_CANsend
                0x0000000000008adc       0x46 ./CANopenNode/keypad/CO_driver_ST32F103.o
                0x0000000000008adc                CO_CANsend
 .text.CO_LSSslave_receive
                0x0000000000008b22      0x1a8 ./CANopenNode/305/CO_LSSslave.o
 .text.CO_LSSslave_init
                0x0000000000008cca       0xa4 ./CANopenNode/305/CO_LSSslave.o
                0x0000000000008cca                CO_LSSslave_init
 .text.CO_LSSslave_process
                0x0000000000008d6e      0x1a2 ./CANopenNode/305/CO_LSSslave.o
                0x0000000000008d6e                CO_LSSslave_process
 .text.OD_write_1003
                0x0000000000008f10       0x28 ./CANopenNode/301/CO_Emergency.o
 .text.OD_read_1003
                0x0000000000008f38       0x8c ./CANopenNode/301/CO_Emergency.o
 .text.OD_read_1014_default
                0x0000000000008fc4       0x50 ./CANopenNode/301/CO_Emergency.o
 .text.CO_EM_init
                0x0000000000009014      0x112 ./CANopenNode/301/CO_Emergency.o
                0x0000000000009014                CO_EM_init
 .text.CO_error
                0x0000000000009126       0xc4 ./CANopenNode/301/CO_Emergency.o
                0x0000000000009126                CO_error
 .text.CO_EM_process
                0x00000000000091ea      0x182 ./CANopenNode/301/CO_Emergency.o
                0x00000000000091ea                CO_EM_process
 .text.CO_NMT_receive
                0x000000000000936c       0x18 ./CANopenNode/301/CO_NMT_Heartbeat.o
 .text.OD_write_1017
                0x0000000000009384       0x48 ./CANopenNode/301/CO_NMT_Heartbeat.o
 .text.CO_NMT_init
                0x00000000000093cc       0xec ./CANopenNode/301/CO_NMT_Heartbeat.o
                0x00000000000093cc                CO_NMT_init
 .text.CO_NMT_process
                0x00000000000094b8      0x106 ./CANopenNode/301/CO_NMT_Heartbeat.o
                0x00000000000094b8                CO_NMT_process
 .text.OD_readDisabled
                0x00000000000095be        0x4 ./CANopenNode/301/CO_ODinterface.o
 .text.OD_readOriginal
                0x00000000000095c2       0x50 ./CANopenNode/301/CO_ODinterface.o
                0x00000000000095c2                OD_readOriginal
 .text.OD_writeOriginal
                0x0000000000009612       0x54 ./CANopenNode/301/CO_ODinterface.o
                0x0000000000009612                OD_writeOriginal
 .text.OD_writeDisabled
                0x0000000000009666        0x4 ./CANopenNode/301/CO_ODinterface.o
 .text.OD_find  0x000000000000966a       0x70 ./CANopenNode/301/CO_ODinterface.o
                0x000000000000966a                OD_find
 .text.OD_getSub
                0x00000000000096da       0xf6 ./CANopenNode/301/CO_ODinterface.o
                0x00000000000096da                OD_getSub
 .text.OD_getSDOabCode
                0x00000000000097d0       0x20 ./CANopenNode/301/CO_ODinterface.o
                0x00000000000097d0                OD_getSDOabCode
 .text.OD_get_value
                0x00000000000097f0       0x34 ./CANopenNode/301/CO_ODinterface.o
                0x00000000000097f0                OD_get_value
 .text.OD_set_value
                0x0000000000009824       0x2e ./CANopenNode/301/CO_ODinterface.o
                0x0000000000009824                OD_set_value
 .text.OD_getPtr
                0x0000000000009852       0x3c ./CANopenNode/301/CO_ODinterface.o
                0x0000000000009852                OD_getPtr
 .text.OD_write_dummy
                0x000000000000988e        0x8 ./CANopenNode/301/CO_PDO.o
 .text.OD_read_dummy
                0x0000000000009896       0x2e ./CANopenNode/301/CO_PDO.o
 .text.PDOconfigMap
                0x00000000000098c4      0x100 ./CANopenNode/301/CO_PDO.o
 .text.CO_PDO_receive
                0x00000000000099c4       0x48 ./CANopenNode/301/CO_PDO.o
 .text.OD_read_PDO_commParam
                0x0000000000009a0c       0x70 ./CANopenNode/301/CO_PDO.o
 .text.PDO_initMapping.constprop.3
                0x0000000000009a7c       0xe6 ./CANopenNode/301/CO_PDO.o
 .text.OD_write_PDO_mapping
                0x0000000000009b62       0xb4 ./CANopenNode/301/CO_PDO.o
 .text.OD_write_18xx
                0x0000000000009c16      0x184 ./CANopenNode/301/CO_PDO.o
 .text.OD_write_14xx
                0x0000000000009d9a      0x15a ./CANopenNode/301/CO_PDO.o
 .text.CO_RPDO_init
                0x0000000000009ef4      0x172 ./CANopenNode/301/CO_PDO.o
                0x0000000000009ef4                CO_RPDO_init
 .text.CO_RPDO_process
                0x000000000000a066      0x114 ./CANopenNode/301/CO_PDO.o
                0x000000000000a066                CO_RPDO_process
 .text.CO_TPDO_init
                0x000000000000a17a      0x1d2 ./CANopenNode/301/CO_PDO.o
                0x000000000000a17a                CO_TPDO_init
 .text.CO_TPDO_process
                0x000000000000a34c      0x15e ./CANopenNode/301/CO_PDO.o
                0x000000000000a34c                CO_TPDO_process
 .text.CO_SDOserver_init_canRxTx
                0x000000000000a4aa       0x82 ./CANopenNode/301/CO_SDOserver.o
 .text.CO_SDO_receive
                0x000000000000a52c       0x38 ./CANopenNode/301/CO_SDOserver.o
 .text.readFromOd.isra.1.constprop.5
                0x000000000000a564       0xe2 ./CANopenNode/301/CO_SDOserver.o
 .text.OD_write_1201_additional
                0x000000000000a646      0x158 ./CANopenNode/301/CO_SDOserver.o
 .text.CO_SDOserver_init
                0x000000000000a79e      0x172 ./CANopenNode/301/CO_SDOserver.o
                0x000000000000a79e                CO_SDOserver_init
 .text.CO_SDOserver_process
                0x000000000000a910      0x5e8 ./CANopenNode/301/CO_SDOserver.o
                0x000000000000a910                CO_SDOserver_process
 .text.CO_delete
                0x000000000000aef8       0x56 ./CANopenNode/CANopen.o
                0x000000000000aef8                CO_delete
 .text.CO_new   0x000000000000af4e      0x102 ./CANopenNode/CANopen.o
                0x000000000000af4e                CO_new
 .text.CO_CANinit
                0x000000000000b050       0x36 ./CANopenNode/CANopen.o
                0x000000000000b050                CO_CANinit
 .text.CO_LSSinit
                0x000000000000b086       0x32 ./CANopenNode/CANopen.o
                0x000000000000b086                CO_LSSinit
 .text.CO_CANopenInit
                0x000000000000b0b8       0xb8 ./CANopenNode/CANopen.o
                0x000000000000b0b8                CO_CANopenInit
 .text.CO_CANopenInitPDO
                0x000000000000b170       0xea ./CANopenNode/CANopen.o
                0x000000000000b170                CO_CANopenInitPDO
 .text.CO_process
                0x000000000000b25a       0x7e ./CANopenNode/CANopen.o
                0x000000000000b25a                CO_process
 .text.CO_process_RPDO
                0x000000000000b2d8       0x40 ./CANopenNode/CANopen.o
                0x000000000000b2d8                CO_process_RPDO
 .text.CO_process_TPDO
                0x000000000000b318       0x40 ./CANopenNode/CANopen.o
                0x000000000000b318                CO_process_TPDO
 .text.__addsf3
                0x000000000000b358      0x36a c:/mounriver/mounriver_studio/toolchain/risc-v embedded gcc/bin/../lib/gcc/riscv-none-embed/8.2.0/rv32imacxw/ilp32\libgcc.a(addsf3.o)
                0x000000000000b358                __addsf3
 .text.__divsf3
                0x000000000000b6c2      0x2b2 c:/mounriver/mounriver_studio/toolchain/risc-v embedded gcc/bin/../lib/gcc/riscv-none-embed/8.2.0/rv32imacxw/ilp32\libgcc.a(divsf3.o)
                0x000000000000b6c2                __divsf3
 .text.__gesf2  0x000000000000b974       0x86 c:/mounriver/mounriver_studio/toolchain/risc-v embedded gcc/bin/../lib/gcc/riscv-none-embed/8.2.0/rv32imacxw/ilp32\libgcc.a(gesf2.o)
                0x000000000000b974                __gesf2
                0x000000000000b974                __gtsf2
 .text.__lesf2  0x000000000000b9fa       0x8c c:/mounriver/mounriver_studio/toolchain/risc-v embedded gcc/bin/../lib/gcc/riscv-none-embed/8.2.0/rv32imacxw/ilp32\libgcc.a(lesf2.o)
                0x000000000000b9fa                __ltsf2
                0x000000000000b9fa                __lesf2
 .text.__mulsf3
                0x000000000000ba86      0x290 c:/mounriver/mounriver_studio/toolchain/risc-v embedded gcc/bin/../lib/gcc/riscv-none-embed/8.2.0/rv32imacxw/ilp32\libgcc.a(mulsf3.o)
                0x000000000000ba86                __mulsf3
 .text.__subsf3
                0x000000000000bd16      0x388 c:/mounriver/mounriver_studio/toolchain/risc-v embedded gcc/bin/../lib/gcc/riscv-none-embed/8.2.0/rv32imacxw/ilp32\libgcc.a(subsf3.o)
                0x000000000000bd16                __subsf3
 .text.__fixsfsi
                0x000000000000c09e       0x62 c:/mounriver/mounriver_studio/toolchain/risc-v embedded gcc/bin/../lib/gcc/riscv-none-embed/8.2.0/rv32imacxw/ilp32\libgcc.a(fixsfsi.o)
                0x000000000000c09e                __fixsfsi
 .text.__fixunssfsi
                0x000000000000c100       0x56 c:/mounriver/mounriver_studio/toolchain/risc-v embedded gcc/bin/../lib/gcc/riscv-none-embed/8.2.0/rv32imacxw/ilp32\libgcc.a(fixunssfsi.o)
                0x000000000000c100                __fixunssfsi
 .text.__floatsisf
                0x000000000000c156       0xc6 c:/mounriver/mounriver_studio/toolchain/risc-v embedded gcc/bin/../lib/gcc/riscv-none-embed/8.2.0/rv32imacxw/ilp32\libgcc.a(floatsisf.o)
                0x000000000000c156                __floatsisf
 .text.__floatunsisf
                0x000000000000c21c       0xce c:/mounriver/mounriver_studio/toolchain/risc-v embedded gcc/bin/../lib/gcc/riscv-none-embed/8.2.0/rv32imacxw/ilp32\libgcc.a(floatunsisf.o)
                0x000000000000c21c                __floatunsisf
 .text.__clzsi2
                0x000000000000c2ea       0x6e c:/mounriver/mounriver_studio/toolchain/risc-v embedded gcc/bin/../lib/gcc/riscv-none-embed/8.2.0/rv32imacxw/ilp32\libgcc.a(_clzsi2.o)
                0x000000000000c2ea                __clzsi2
 .text.calloc   0x000000000000c358        0xc c:/mounriver/mounriver_studio/toolchain/risc-v embedded gcc/bin/../lib/gcc/riscv-none-embed/8.2.0/../../../../riscv-none-embed/lib/rv32imacxw/ilp32\libg_nano.a(lib_a-calloc.o)
                0x000000000000c358                calloc
 .text.free     0x000000000000c364        0xa c:/mounriver/mounriver_studio/toolchain/risc-v embedded gcc/bin/../lib/gcc/riscv-none-embed/8.2.0/../../../../riscv-none-embed/lib/rv32imacxw/ilp32\libg_nano.a(lib_a-malloc.o)
                0x000000000000c364                free
 .text.memcpy   0x000000000000c36e       0xb2 c:/mounriver/mounriver_studio/toolchain/risc-v embedded gcc/bin/../lib/gcc/riscv-none-embed/8.2.0/../../../../riscv-none-embed/lib/rv32imacxw/ilp32\libg_nano.a(lib_a-memcpy.o)
                0x000000000000c36e                memcpy
 .text.memmove  0x000000000000c420       0x46 c:/mounriver/mounriver_studio/toolchain/risc-v embedded gcc/bin/../lib/gcc/riscv-none-embed/8.2.0/../../../../riscv-none-embed/lib/rv32imacxw/ilp32\libg_nano.a(lib_a-memmove.o)
                0x000000000000c420                memmove
 .text._calloc_r
                0x000000000000c466       0x26 c:/mounriver/mounriver_studio/toolchain/risc-v embedded gcc/bin/../lib/gcc/riscv-none-embed/8.2.0/../../../../riscv-none-embed/lib/rv32imacxw/ilp32\libg_nano.a(lib_a-nano-callocr.o)
                0x000000000000c466                _calloc_r
 .text._free_r  0x000000000000c48c       0xa4 c:/mounriver/mounriver_studio/toolchain/risc-v embedded gcc/bin/../lib/gcc/riscv-none-embed/8.2.0/../../../../riscv-none-embed/lib/rv32imacxw/ilp32\libg_nano.a(lib_a-nano-freer.o)
                0x000000000000c48c                _free_r
 .text._malloc_r
                0x000000000000c530       0xce c:/mounriver/mounriver_studio/toolchain/risc-v embedded gcc/bin/../lib/gcc/riscv-none-embed/8.2.0/../../../../riscv-none-embed/lib/rv32imacxw/ilp32\libg_nano.a(lib_a-nano-mallocr.o)
                0x000000000000c530                _malloc_r
 .text.printf   0x000000000000c5fe       0x3e c:/mounriver/mounriver_studio/toolchain/risc-v embedded gcc/bin/../lib/gcc/riscv-none-embed/8.2.0/../../../../riscv-none-embed/lib/rv32imacxw/ilp32\libg_nano.a(lib_a-printf.o)
                0x000000000000c5fe                iprintf
                0x000000000000c5fe                printf
 .text._sbrk_r  0x000000000000c63c       0x32 c:/mounriver/mounriver_studio/toolchain/risc-v embedded gcc/bin/../lib/gcc/riscv-none-embed/8.2.0/../../../../riscv-none-embed/lib/rv32imacxw/ilp32\libg_nano.a(lib_a-sbrkr.o)
                0x000000000000c63c                _sbrk_r
 .text.strlen   0x000000000000c66e       0x12 c:/mounriver/mounriver_studio/toolchain/risc-v embedded gcc/bin/../lib/gcc/riscv-none-embed/8.2.0/../../../../riscv-none-embed/lib/rv32imacxw/ilp32\libg_nano.a(lib_a-strlen.o)
                0x000000000000c66e                strlen
 .text.std      0x000000000000c680       0x66 c:/mounriver/mounriver_studio/toolchain/risc-v embedded gcc/bin/../lib/gcc/riscv-none-embed/8.2.0/../../../../riscv-none-embed/lib/rv32imacxw/ilp32\libg_nano.a(lib_a-findfp.o)
 .text._cleanup_r
                0x000000000000c6e6        0xa c:/mounriver/mounriver_studio/toolchain/risc-v embedded gcc/bin/../lib/gcc/riscv-none-embed/8.2.0/../../../../riscv-none-embed/lib/rv32imacxw/ilp32\libg_nano.a(lib_a-findfp.o)
                0x000000000000c6e6                _cleanup_r
 .text.__sfmoreglue
                0x000000000000c6f0       0x48 c:/mounriver/mounriver_studio/toolchain/risc-v embedded gcc/bin/../lib/gcc/riscv-none-embed/8.2.0/../../../../riscv-none-embed/lib/rv32imacxw/ilp32\libg_nano.a(lib_a-findfp.o)
                0x000000000000c6f0                __sfmoreglue
 .text.__sinit  0x000000000000c738       0x6c c:/mounriver/mounriver_studio/toolchain/risc-v embedded gcc/bin/../lib/gcc/riscv-none-embed/8.2.0/../../../../riscv-none-embed/lib/rv32imacxw/ilp32\libg_nano.a(lib_a-findfp.o)
                0x000000000000c738                __sinit
 .text.__sfp    0x000000000000c7a4       0xa0 c:/mounriver/mounriver_studio/toolchain/risc-v embedded gcc/bin/../lib/gcc/riscv-none-embed/8.2.0/../../../../riscv-none-embed/lib/rv32imacxw/ilp32\libg_nano.a(lib_a-findfp.o)
                0x000000000000c7a4                __sfp
 .text._fwalk_reent
                0x000000000000c844       0x6a c:/mounriver/mounriver_studio/toolchain/risc-v embedded gcc/bin/../lib/gcc/riscv-none-embed/8.2.0/../../../../riscv-none-embed/lib/rv32imacxw/ilp32\libg_nano.a(lib_a-fwalk.o)
                0x000000000000c844                _fwalk_reent
 .text.__malloc_lock
                0x000000000000c8ae        0x2 c:/mounriver/mounriver_studio/toolchain/risc-v embedded gcc/bin/../lib/gcc/riscv-none-embed/8.2.0/../../../../riscv-none-embed/lib/rv32imacxw/ilp32\libg_nano.a(lib_a-mlock.o)
                0x000000000000c8ae                __malloc_lock
 .text.__malloc_unlock
                0x000000000000c8b0        0x2 c:/mounriver/mounriver_studio/toolchain/risc-v embedded gcc/bin/../lib/gcc/riscv-none-embed/8.2.0/../../../../riscv-none-embed/lib/rv32imacxw/ilp32\libg_nano.a(lib_a-mlock.o)
                0x000000000000c8b0                __malloc_unlock
 .text.__sfputc_r
                0x000000000000c8b2       0x26 c:/mounriver/mounriver_studio/toolchain/risc-v embedded gcc/bin/../lib/gcc/riscv-none-embed/8.2.0/../../../../riscv-none-embed/lib/rv32imacxw/ilp32\libg_nano.a(lib_a-nano-vfprintf.o)
 .text.__sfputs_r
                0x000000000000c8d8       0x42 c:/mounriver/mounriver_studio/toolchain/risc-v embedded gcc/bin/../lib/gcc/riscv-none-embed/8.2.0/../../../../riscv-none-embed/lib/rv32imacxw/ilp32\libg_nano.a(lib_a-nano-vfprintf.o)
                0x000000000000c8d8                __sfputs_r
 .text._vfprintf_r
                0x000000000000c91a      0x28c c:/mounriver/mounriver_studio/toolchain/risc-v embedded gcc/bin/../lib/gcc/riscv-none-embed/8.2.0/../../../../riscv-none-embed/lib/rv32imacxw/ilp32\libg_nano.a(lib_a-nano-vfprintf.o)
                0x000000000000c91a                _vfprintf_r
                0x000000000000c91a                _vfiprintf_r
 .text._printf_common
                0x000000000000cba6      0x10c c:/mounriver/mounriver_studio/toolchain/risc-v embedded gcc/bin/../lib/gcc/riscv-none-embed/8.2.0/../../../../riscv-none-embed/lib/rv32imacxw/ilp32\libg_nano.a(lib_a-nano-vfprintf_i.o)
                0x000000000000cba6                _printf_common
 .text._printf_i
                0x000000000000ccb2      0x2a2 c:/mounriver/mounriver_studio/toolchain/risc-v embedded gcc/bin/../lib/gcc/riscv-none-embed/8.2.0/../../../../riscv-none-embed/lib/rv32imacxw/ilp32\libg_nano.a(lib_a-nano-vfprintf_i.o)
                0x000000000000ccb2                _printf_i
 .text.__sread  0x000000000000cf54       0x2c c:/mounriver/mounriver_studio/toolchain/risc-v embedded gcc/bin/../lib/gcc/riscv-none-embed/8.2.0/../../../../riscv-none-embed/lib/rv32imacxw/ilp32\libg_nano.a(lib_a-stdio.o)
                0x000000000000cf54                __sread
 .text.__swrite
                0x000000000000cf80       0x48 c:/mounriver/mounriver_studio/toolchain/risc-v embedded gcc/bin/../lib/gcc/riscv-none-embed/8.2.0/../../../../riscv-none-embed/lib/rv32imacxw/ilp32\libg_nano.a(lib_a-stdio.o)
                0x000000000000cf80                __swrite
 .text.__sseek  0x000000000000cfc8       0x30 c:/mounriver/mounriver_studio/toolchain/risc-v embedded gcc/bin/../lib/gcc/riscv-none-embed/8.2.0/../../../../riscv-none-embed/lib/rv32imacxw/ilp32\libg_nano.a(lib_a-stdio.o)
                0x000000000000cfc8                __sseek
 .text.__sclose
                0x000000000000cff8        0x6 c:/mounriver/mounriver_studio/toolchain/risc-v embedded gcc/bin/../lib/gcc/riscv-none-embed/8.2.0/../../../../riscv-none-embed/lib/rv32imacxw/ilp32\libg_nano.a(lib_a-stdio.o)
                0x000000000000cff8                __sclose
 .text.__swbuf_r
                0x000000000000cffe       0xbe c:/mounriver/mounriver_studio/toolchain/risc-v embedded gcc/bin/../lib/gcc/riscv-none-embed/8.2.0/../../../../riscv-none-embed/lib/rv32imacxw/ilp32\libg_nano.a(lib_a-wbuf.o)
                0x000000000000cffe                __swbuf_r
 .text._write_r
                0x000000000000d0bc       0x36 c:/mounriver/mounriver_studio/toolchain/risc-v embedded gcc/bin/../lib/gcc/riscv-none-embed/8.2.0/../../../../riscv-none-embed/lib/rv32imacxw/ilp32\libg_nano.a(lib_a-writer.o)
                0x000000000000d0bc                _write_r
 .text.__swsetup_r
                0x000000000000d0f2      0x100 c:/mounriver/mounriver_studio/toolchain/risc-v embedded gcc/bin/../lib/gcc/riscv-none-embed/8.2.0/../../../../riscv-none-embed/lib/rv32imacxw/ilp32\libg_nano.a(lib_a-wsetup.o)
                0x000000000000d0f2                __swsetup_r
 .text._close_r
                0x000000000000d1f2       0x30 c:/mounriver/mounriver_studio/toolchain/risc-v embedded gcc/bin/../lib/gcc/riscv-none-embed/8.2.0/../../../../riscv-none-embed/lib/rv32imacxw/ilp32\libg_nano.a(lib_a-closer.o)
                0x000000000000d1f2                _close_r
 .text.__sflush_r
                0x000000000000d222      0x132 c:/mounriver/mounriver_studio/toolchain/risc-v embedded gcc/bin/../lib/gcc/riscv-none-embed/8.2.0/../../../../riscv-none-embed/lib/rv32imacxw/ilp32\libg_nano.a(lib_a-fflush.o)
                0x000000000000d222                __sflush_r
 .text._fflush_r
                0x000000000000d354       0x68 c:/mounriver/mounriver_studio/toolchain/risc-v embedded gcc/bin/../lib/gcc/riscv-none-embed/8.2.0/../../../../riscv-none-embed/lib/rv32imacxw/ilp32\libg_nano.a(lib_a-fflush.o)
                0x000000000000d354                _fflush_r
 .text._lseek_r
                0x000000000000d3bc       0x34 c:/mounriver/mounriver_studio/toolchain/risc-v embedded gcc/bin/../lib/gcc/riscv-none-embed/8.2.0/../../../../riscv-none-embed/lib/rv32imacxw/ilp32\libg_nano.a(lib_a-lseekr.o)
                0x000000000000d3bc                _lseek_r
 .text.__swhatbuf_r
                0x000000000000d3f0       0x56 c:/mounriver/mounriver_studio/toolchain/risc-v embedded gcc/bin/../lib/gcc/riscv-none-embed/8.2.0/../../../../riscv-none-embed/lib/rv32imacxw/ilp32\libg_nano.a(lib_a-makebuf.o)
                0x000000000000d3f0                __swhatbuf_r
 .text.__smakebuf_r
                0x000000000000d446       0x92 c:/mounriver/mounriver_studio/toolchain/risc-v embedded gcc/bin/../lib/gcc/riscv-none-embed/8.2.0/../../../../riscv-none-embed/lib/rv32imacxw/ilp32\libg_nano.a(lib_a-makebuf.o)
                0x000000000000d446                __smakebuf_r
 .text.memchr   0x000000000000d4d8       0x18 c:/mounriver/mounriver_studio/toolchain/risc-v embedded gcc/bin/../lib/gcc/riscv-none-embed/8.2.0/../../../../riscv-none-embed/lib/rv32imacxw/ilp32\libg_nano.a(lib_a-memchr.o)
                0x000000000000d4d8                memchr
 .text._read_r  0x000000000000d4f0       0x34 c:/mounriver/mounriver_studio/toolchain/risc-v embedded gcc/bin/../lib/gcc/riscv-none-embed/8.2.0/../../../../riscv-none-embed/lib/rv32imacxw/ilp32\libg_nano.a(lib_a-readr.o)
                0x000000000000d4f0                _read_r
 .text._fstat_r
                0x000000000000d524       0x32 c:/mounriver/mounriver_studio/toolchain/risc-v embedded gcc/bin/../lib/gcc/riscv-none-embed/8.2.0/../../../../riscv-none-embed/lib/rv32imacxw/ilp32\libg_nano.a(lib_a-fstatr.o)
                0x000000000000d524                _fstat_r
 .text._isatty_r
                0x000000000000d556       0x30 c:/mounriver/mounriver_studio/toolchain/risc-v embedded gcc/bin/../lib/gcc/riscv-none-embed/8.2.0/../../../../riscv-none-embed/lib/rv32imacxw/ilp32\libg_nano.a(lib_a-isattyr.o)
                0x000000000000d556                _isatty_r
 .text._close   0x000000000000d586       0x10 c:/mounriver/mounriver_studio/toolchain/risc-v embedded gcc/bin/../lib/gcc/riscv-none-embed/8.2.0/../../../../riscv-none-embed/lib/rv32imacxw/ilp32\libnosys.a(close.o)
                0x000000000000d586                _close
 .text._fstat   0x000000000000d596       0x10 c:/mounriver/mounriver_studio/toolchain/risc-v embedded gcc/bin/../lib/gcc/riscv-none-embed/8.2.0/../../../../riscv-none-embed/lib/rv32imacxw/ilp32\libnosys.a(fstat.o)
                0x000000000000d596                _fstat
 .text._isatty  0x000000000000d5a6       0x10 c:/mounriver/mounriver_studio/toolchain/risc-v embedded gcc/bin/../lib/gcc/riscv-none-embed/8.2.0/../../../../riscv-none-embed/lib/rv32imacxw/ilp32\libnosys.a(isatty.o)
                0x000000000000d5a6                _isatty
 .text._lseek   0x000000000000d5b6       0x10 c:/mounriver/mounriver_studio/toolchain/risc-v embedded gcc/bin/../lib/gcc/riscv-none-embed/8.2.0/../../../../riscv-none-embed/lib/rv32imacxw/ilp32\libnosys.a(lseek.o)
                0x000000000000d5b6                _lseek
 .text._read    0x000000000000d5c6       0x10 c:/mounriver/mounriver_studio/toolchain/risc-v embedded gcc/bin/../lib/gcc/riscv-none-embed/8.2.0/../../../../riscv-none-embed/lib/rv32imacxw/ilp32\libnosys.a(read.o)
                0x000000000000d5c6                _read
 *(.rodata)
 *(.rodata*)
 *fill*         0x000000000000d5d6        0x2 
 .rodata.CalPoint
                0x000000000000d5d8       0x48 ./User/DataModel.o
 .rodata.bitrate_table
                0x000000000000d620       0x10 ./User/DataModel.o
 .rodata.seg_const
                0x000000000000d630       0x12 ./User/DataModel.o
 *fill*         0x000000000000d642        0x2 
 .rodata.vIncrementSystemCounters.cst4
                0x000000000000d644        0x8 ./User/DataModel.o
 .rodata.getODValue
                0x000000000000d64c       0x74 ./User/dash_draw.o
 .rodata.MenuStateCross
                0x000000000000d6c0       0x14 ./User/dash_draw.o
 .rodata.dm     0x000000000000d6d4       0x3f ./User/dash_draw.o
 *fill*         0x000000000000d713        0x1 
 .rodata.getODValue.cst4
                0x000000000000d714        0x4 ./User/dash_draw.o
                                          0x8 (size before relaxing)
 .rodata.vBarColorMode.cst4
                0x000000000000d718        0x4 ./User/dash_draw.o
 .rodata.ADC_FSM.cst4
                0x000000000000d71c       0x14 ./User/inputs.o
 .rodata.vInputsTask.cst4
                0x000000000000d730        0xc ./User/inputs.o
 .rodata.SetSegDirect
                0x000000000000d73c       0x1c ./User/led.o
 .rodata.Brigth
                0x000000000000d758       0x1e ./User/led.o
 *fill*         0x000000000000d776        0x2 
 .rodata.DigitMask
                0x000000000000d778        0xa ./User/led.o
                0x000000000000d778                DigitMask
 *fill*         0x000000000000d782        0x2 
 .rodata.offset_mask
                0x000000000000d784        0xe ./User/led.o
 *fill*         0x000000000000d792        0x2 
 .rodata.step_mask
                0x000000000000d794        0xe ./User/led.o
 *fill*         0x000000000000d7a2        0x2 
 .rodata.OD_ADC1_CAL_extension
                0x000000000000d7a4       0x10 ./User/process.o
                0x000000000000d7a4                OD_ADC1_CAL_extension
 .rodata.OD_ADC2_CAL_extension
                0x000000000000d7b4       0x10 ./User/process.o
                0x000000000000d7b4                OD_ADC2_CAL_extension
 .rodata.OD_ADC3_CAL_extension
                0x000000000000d7c4       0x10 ./User/process.o
                0x000000000000d7c4                OD_ADC3_CAL_extension
 .rodata.OD_AIN_RPM_extension
                0x000000000000d7d4       0x10 ./User/process.o
                0x000000000000d7d4                OD_AIN_RPM_extension
 .rodata.OD_BAR_extension
                0x000000000000d7e4       0x10 ./User/process.o
                0x000000000000d7e4                OD_BAR_extension
 .rodata.OD_BOARD_SETTINGS_extension
                0x000000000000d7f4       0x10 ./User/process.o
                0x000000000000d7f4                OD_BOARD_SETTINGS_extension
 .rodata.OD_DASH_PARAM_extension
                0x000000000000d804       0x10 ./User/process.o
                0x000000000000d804                OD_DASH_PARAM_extension
 .rodata.OD_DIN_extension
                0x000000000000d814       0x10 ./User/process.o
                0x000000000000d814                OD_DIN_extension
 .rodata.OD_MENU_MAP_extension
                0x000000000000d824       0x10 ./User/process.o
                0x000000000000d824                OD_MENU_MAP_extension
 .rodata.OD_MENU_SETUP_extension
                0x000000000000d834       0x10 ./User/process.o
                0x000000000000d834                OD_MENU_SETUP_extension
 .rodata.OD_RGB10_extension
                0x000000000000d844       0x10 ./User/process.o
                0x000000000000d844                OD_RGB10_extension
 .rodata.OD_RGB11_extension
                0x000000000000d854       0x10 ./User/process.o
                0x000000000000d854                OD_RGB11_extension
 .rodata.OD_RGB12_extension
                0x000000000000d864       0x10 ./User/process.o
                0x000000000000d864                OD_RGB12_extension
 .rodata.OD_RGB13_extension
                0x000000000000d874       0x10 ./User/process.o
                0x000000000000d874                OD_RGB13_extension
 .rodata.OD_RGB1_extension
                0x000000000000d884       0x10 ./User/process.o
                0x000000000000d884                OD_RGB1_extension
 .rodata.OD_RGB2_extension
                0x000000000000d894       0x10 ./User/process.o
                0x000000000000d894                OD_RGB2_extension
 .rodata.OD_RGB3_extension
                0x000000000000d8a4       0x10 ./User/process.o
                0x000000000000d8a4                OD_RGB3_extension
 .rodata.OD_RGB4_extension
                0x000000000000d8b4       0x10 ./User/process.o
                0x000000000000d8b4                OD_RGB4_extension
 .rodata.OD_RGB5_extension
                0x000000000000d8c4       0x10 ./User/process.o
                0x000000000000d8c4                OD_RGB5_extension
 .rodata.OD_RGB6_extension
                0x000000000000d8d4       0x10 ./User/process.o
                0x000000000000d8d4                OD_RGB6_extension
 .rodata.OD_RGB7_extension
                0x000000000000d8e4       0x10 ./User/process.o
                0x000000000000d8e4                OD_RGB7_extension
 .rodata.OD_RGB8_extension
                0x000000000000d8f4       0x10 ./User/process.o
                0x000000000000d8f4                OD_RGB8_extension
 .rodata.OD_RGB9_extension
                0x000000000000d904       0x10 ./User/process.o
                0x000000000000d904                OD_RGB9_extension
 .rodata.OD_RGBMAP_extension
                0x000000000000d914       0x10 ./User/process.o
                0x000000000000d914                OD_RGBMAP_extension
 .rodata.OD_RPMCONFIG_extension
                0x000000000000d924       0x10 ./User/process.o
                0x000000000000d924                OD_RPMCONFIG_extension
 .rodata.OD_SEG_extension
                0x000000000000d934       0x10 ./User/process.o
                0x000000000000d934                OD_SEG_extension