Archive member included to satisfy reference by file (symbol)

c:/mounriver/mounriver_studio/toolchain/risc-v embedded gcc/bin/../lib/gcc/riscv-none-embed/8.2.0/rv32imacxw/ilp32\libgcc.a(divdf3.o)
                              ./HAL_LIB/hw_lib_din.o (__divdf3)
c:/mounriver/mounriver_studio/toolchain/risc-v embedded gcc/bin/../lib/gcc/riscv-none-embed/8.2.0/rv32imacxw/ilp32\libgcc.a(muldf3.o)
                              ./User/inputs.o (__muldf3)
c:/mounriver/mounriver_studio/toolchain/risc-v embedded gcc/bin/../lib/gcc/riscv-none-embed/8.2.0/rv32imacxw/ilp32\libgcc.a(fixunsdfsi.o)
                              ./HAL_LIB/hw_lib_din.o (__fixunsdfsi)
c:/mounriver/mounriver_studio/toolchain/risc-v embedded gcc/bin/../lib/gcc/riscv-none-embed/8.2.0/rv32imacxw/ilp32\libgcc.a(floatunsidf.o)
                              ./User/inputs.o (__floatunsidf)
c:/mounriver/mounriver_studio/toolchain/risc-v embedded gcc/bin/../lib/gcc/riscv-none-embed/8.2.0/rv32imacxw/ilp32\libgcc.a(addsf3.o)
                              ./User/inputs.o (__addsf3)
c:/mounriver/mounriver_studio/toolchain/risc-v embedded gcc/bin/../lib/gcc/riscv-none-embed/8.2.0/rv32imacxw/ilp32\libgcc.a(divsf3.o)
                              ./User/DataModel.o (__divsf3)
c:/mounriver/mounriver_studio/toolchain/risc-v embedded gcc/bin/../lib/gcc/riscv-none-embed/8.2.0/rv32imacxw/ilp32\libgcc.a(eqsf2.o)
                              ./HAL_LIB/hw_lib_din.o (__nesf2)
c:/mounriver/mounriver_studio/toolchain/risc-v embedded gcc/bin/../lib/gcc/riscv-none-embed/8.2.0/rv32imacxw/ilp32\libgcc.a(gesf2.o)
                              ./User/inputs.o (__gesf2)
c:/mounriver/mounriver_studio/toolchain/risc-v embedded gcc/bin/../lib/gcc/riscv-none-embed/8.2.0/rv32imacxw/ilp32\libgcc.a(lesf2.o)
                              ./HAL_LIB/hw_lib_din.o (__lesf2)
c:/mounriver/mounriver_studio/toolchain/risc-v embedded gcc/bin/../lib/gcc/riscv-none-embed/8.2.0/rv32imacxw/ilp32\libgcc.a(mulsf3.o)
                              ./User/dash_draw.o (__mulsf3)
c:/mounriver/mounriver_studio/toolchain/risc-v embedded gcc/bin/../lib/gcc/riscv-none-embed/8.2.0/rv32imacxw/ilp32\libgcc.a(subsf3.o)
                              ./User/dash_draw.o (__subsf3)
c:/mounriver/mounriver_studio/toolchain/risc-v embedded gcc/bin/../lib/gcc/riscv-none-embed/8.2.0/rv32imacxw/ilp32\libgcc.a(fixsfsi.o)
                              ./User/dash_draw.o (__fixsfsi)
c:/mounriver/mounriver_studio/toolchain/risc-v embedded gcc/bin/../lib/gcc/riscv-none-embed/8.2.0/rv32imacxw/ilp32\libgcc.a(fixunssfsi.o)
                              ./User/DataModel.o (__fixunssfsi)
c:/mounriver/mounriver_studio/toolchain/risc-v embedded gcc/bin/../lib/gcc/riscv-none-embed/8.2.0/rv32imacxw/ilp32\libgcc.a(floatsisf.o)
                              ./User/DataModel.o (__floatsisf)
c:/mounriver/mounriver_studio/toolchain/risc-v embedded gcc/bin/../lib/gcc/riscv-none-embed/8.2.0/rv32imacxw/ilp32\libgcc.a(floatunsisf.o)
                              ./User/DataModel.o (__floatunsisf)
c:/mounriver/mounriver_studio/toolchain/risc-v embedded gcc/bin/../lib/gcc/riscv-none-embed/8.2.0/rv32imacxw/ilp32\libgcc.a(extendsfdf2.o)
                              ./HAL_LIB/hw_lib_din.o (__extendsfdf2)
c:/mounriver/mounriver_studio/toolchain/risc-v embedded gcc/bin/../lib/gcc/riscv-none-embed/8.2.0/rv32imacxw/ilp32\libgcc.a(truncdfsf2.o)
                              ./User/inputs.o (__truncdfsf2)
c:/mounriver/mounriver_studio/toolchain/risc-v embedded gcc/bin/../lib/gcc/riscv-none-embed/8.2.0/rv32imacxw/ilp32\libgcc.a(save-restore.o)
                              ./User/inputs.o (__riscv_save_12)
c:/mounriver/mounriver_studio/toolchain/risc-v embedded gcc/bin/../lib/gcc/riscv-none-embed/8.2.0/rv32imacxw/ilp32\libgcc.a(_clzsi2.o)
                              c:/mounriver/mounriver_studio/toolchain/risc-v embedded gcc/bin/../lib/gcc/riscv-none-embed/8.2.0/rv32imacxw/ilp32\libgcc.a(divdf3.o) (__clzsi2)
c:/mounriver/mounriver_studio/toolchain/risc-v embedded gcc/bin/../lib/gcc/riscv-none-embed/8.2.0/rv32imacxw/ilp32\libgcc.a(_clz.o)
                              c:/mounriver/mounriver_studio/toolchain/risc-v embedded gcc/bin/../lib/gcc/riscv-none-embed/8.2.0/rv32imacxw/ilp32\libgcc.a(_clzsi2.o) (__clz_tab)
c:/mounriver/mounriver_studio/toolchain/risc-v embedded gcc/bin/../lib/gcc/riscv-none-embed/8.2.0/../../../../riscv-none-embed/lib/rv32imacxw/ilp32\libg_nano.a(lib_a-calloc.o)
                              ./CANopenNode/CANopen.o (calloc)
c:/mounriver/mounriver_studio/toolchain/risc-v embedded gcc/bin/../lib/gcc/riscv-none-embed/8.2.0/../../../../riscv-none-embed/lib/rv32imacxw/ilp32\libg_nano.a(lib_a-impure.o)
                              c:/mounriver/mounriver_studio/toolchain/risc-v embedded gcc/bin/../lib/gcc/riscv-none-embed/8.2.0/../../../../riscv-none-embed/lib/rv32imacxw/ilp32\libg_nano.a(lib_a-calloc.o) (_impure_ptr)
[...]
Memory Configuration

Name             Origin             Length             Attributes
FLASH            0x0000000000000000 0x0000000000010000 xr
SFLASH           0x0000000000010000 0x0000000000002800 xr
RAM              0x0000000020000000 0x0000000000005000 xrw
*default*        0x0000000000000000 0xffffffffffffffff

Linker script and memory map

LOAD ./User/CanOpenNode.o
LOAD ./User/DataModel.o
LOAD ./User/ch32v20x_it.o
LOAD ./User/dash_draw.o
LOAD ./User/init.o
LOAD ./User/inputs.o
LOAD ./User/led.o
LOAD ./User/main.o
LOAD ./User/process.o
LOAD ./User/system_ch32v20x.o
LOAD ./User/system_init.o
LOAD ./Startup/startup_ch32v20x_D6.o
LOAD ./Peripheral/src/ch32v20x_adc.o
LOAD ./Peripheral/src/ch32v20x_bkp.o
LOAD ./Peripheral/src/ch32v20x_can.o
LOAD ./Peripheral/src/ch32v20x_crc.o
LOAD ./Peripheral/src/ch32v20x_dbgmcu.o
LOAD ./Peripheral/src/ch32v20x_dma.o
LOAD ./Peripheral/src/ch32v20x_exti.o
LOAD ./Peripheral/src/ch32v20x_flash.o
LOAD ./Peripheral/src/ch32v20x_gpio.o
LOAD ./Peripheral/src/ch32v20x_i2c.o
LOAD ./Peripheral/src/ch32v20x_iwdg.o
LOAD ./Peripheral/src/ch32v20x_misc.o
LOAD ./Peripheral/src/ch32v20x_opa.o
LOAD ./Peripheral/src/ch32v20x_pwr.o
LOAD ./Peripheral/src/ch32v20x_rcc.o
LOAD ./Peripheral/src/ch32v20x_rtc.o
LOAD ./Peripheral/src/ch32v20x_spi.o
LOAD ./Peripheral/src/ch32v20x_tim.o
LOAD ./Peripheral/src/ch32v20x_usart.o
LOAD ./Peripheral/src/ch32v20x_wwdg.o
LOAD ./HAL_LIB/filters.o
LOAD ./HAL_LIB/hw_data_model.o
LOAD ./HAL_LIB/hw_lib_adc.o
LOAD ./HAL_LIB/hw_lib_din.o
LOAD ./HAL_LIB/hw_lib_eeprom_i2c.o
LOAD ./HAL_LIB/hw_timeout.o
LOAD ./HAL_DRIVER/hal_can_ch32.o
LOAD ./HAL_DRIVER/hal_gpio_ch32.o
LOAD ./HAL_DRIVER/hal_i2c_ch32.o
LOAD ./HAL_DRIVER/hal_irq.o
LOAD ./HAL_DRIVER/hal_rtc_ch32.o
LOAD ./HAL_DRIVER/hal_spi_ch32.o
LOAD ./HAL_DRIVER/hal_timers_ch32.o
LOAD ./HAL_DRIVER/hal_wdt_ch32.o
LOAD ./HAL/hal_adc_ch32.o
LOAD ./HAL/hal_dma_ch32.o
LOAD ./FreeRTOS/portable/MemMang/heap_4.o
LOAD ./FreeRTOS/portable/GCC/RISC-V/port.o
LOAD ./FreeRTOS/portable/GCC/RISC-V/portASM.o
LOAD ./FreeRTOS/croutine.o
LOAD ./FreeRTOS/event_groups.o
LOAD ./FreeRTOS/list.o
LOAD ./FreeRTOS/queue.o
LOAD ./FreeRTOS/stream_buffer.o
LOAD ./FreeRTOS/tasks.o
LOAD ./FreeRTOS/timers.o
LOAD ./Debug/debug.o
LOAD ./Core/core_riscv.o
LOAD ./CANopenNode/keypad/CO_driver_ST32F103.o
LOAD ./CANopenNode/keypad/OD.o
LOAD ./CANopenNode/extra/CO_trace.o
LOAD ./CANopenNode/309/CO_gateway_ascii.o
LOAD ./CANopenNode/305/CO_LSSmaster.o
LOAD ./CANopenNode/305/CO_LSSslave.o
LOAD ./CANopenNode/304/CO_GFC.o
LOAD ./CANopenNode/304/CO_SRDO.o
LOAD ./CANopenNode/303/CO_LEDs.o
LOAD ./CANopenNode/301/CO_Emergency.o
LOAD ./CANopenNode/301/CO_HBconsumer.o
LOAD ./CANopenNode/301/CO_NMT_Heartbeat.o
LOAD ./CANopenNode/301/CO_Node_Guarding.o
LOAD ./CANopenNode/301/CO_ODinterface.o
LOAD ./CANopenNode/301/CO_PDO.o
LOAD ./CANopenNode/301/CO_SDOclient.o
LOAD ./CANopenNode/301/CO_SDOserver.o
LOAD ./CANopenNode/301/CO_SYNC.o
LOAD ./CANopenNode/301/CO_TIME.o
LOAD ./CANopenNode/301/CO_fifo.o
LOAD ./CANopenNode/301/crc16-ccitt.o
LOAD ./CANopenNode/CANopen.o
LOAD c:/mounriver/mounriver_studio/toolchain/risc-v embedded gcc/bin/../lib/gcc/riscv-none-embed/8.2.0/../../../../riscv-none-embed/lib/rv32imacxw/ilp32\libm.a
LOAD c:/mounriver/mounriver_studio/toolchain/risc-v embedded gcc/bin/../lib/gcc/riscv-none-embed/8.2.0/rv32imacxw/ilp32\libgcc.a
LOAD c:/mounriver/mounriver_studio/toolchain/risc-v embedded gcc/bin/../lib/gcc/riscv-none-embed/8.2.0/../../../../riscv-none-embed/lib/rv32imacxw/ilp32\libg_nano.a
LOAD c:/mounriver/mounriver_studio/toolchain/risc-v embedded gcc/bin/../lib/gcc/riscv-none-embed/8.2.0/../../../../riscv-none-embed/lib/rv32imacxw/ilp32\libc_nano.a
LOAD c:/mounriver/mounriver_studio/toolchain/risc-v embedded gcc/bin/../lib/gcc/riscv-none-embed/8.2.0/rv32imacxw/ilp32\libgcc.a
START GROUP
LOAD c:/mounriver/mounriver_studio/toolchain/risc-v embedded gcc/bin/../lib/gcc/riscv-none-embed/8.2.0/rv32imacxw/ilp32\libgcc.a
LOAD c:/mounriver/mounriver_studio/toolchain/risc-v embedded gcc/bin/../lib/gcc/riscv-none-embed/8.2.0/../../../../riscv-none-embed/lib/rv32imacxw/ilp32\libc_nano.a
LOAD c:/mounriver/mounriver_studio/toolchain/risc-v embedded gcc/bin/../lib/gcc/riscv-none-embed/8.2.0/../../../../riscv-none-embed/lib/rv32imacxw/ilp32\libnosys.a
END GROUP
START GROUP
LOAD c:/mounriver/mounriver_studio/toolchain/risc-v embedded gcc/bin/../lib/gcc/riscv-none-embed/8.2.0/rv32imacxw/ilp32\libgcc.a
LOAD c:/mounriver/mounriver_studio/toolchain/risc-v embedded gcc/bin/../lib/gcc/riscv-none-embed/8.2.0/../../../../riscv-none-embed/lib/rv32imacxw/ilp32\libc_nano.a
LOAD c:/mounriver/mounriver_studio/toolchain/risc-v embedded gcc/bin/../lib/gcc/riscv-none-embed/8.2.0/../../../../riscv-none-embed/lib/rv32imacxw/ilp32\libnosys.a
END GROUP
                0x0000000000000be8                __stack_size = 0xbe8
                [!provide]                        PROVIDE (_stack_size = __stack_size)

.init           0x0000000000000000       0x38
                0x0000000000000000                _sinit = .
                0x0000000000000000                . = ALIGN (0x4)
 *(SORT_NONE(.init))
 .init          0x0000000000000000       0x38 ./Startup/startup_ch32v20x_D6.o
                0x0000000000000000                _start
                0x0000000000000038                . = ALIGN (0x4)
                0x0000000000000038                _einit = .

.vector         0x0000000000000038      0x108
 *(.vector)
 .vector        0x0000000000000038       0xfc ./Startup/startup_ch32v20x_D6.o
                0x0000000000000140                . = ALIGN (0x40)
 *fill*         0x0000000000000134        0xc 

.stext          0x0000000000010000     0x104c
                0x0000000000010000                . = ALIGN (0x4)
 *(.stext)
 .stext         0x0000000000010000        0xa ./User/CanOpenNode.o
                0x0000000000010000                vCanOpenInit
 .stext         0x000000000001000a      0x78a ./User/DataModel.o
                0x000000000001000a                DataModel_Init
 .stext         0x0000000000010794      0x196 ./User/dash_draw.o
                0x0000000000010794                vDashDrawInit
                0x000000000001080e                SetTest
                0x000000000001086c                TestProcedure
 .stext         0x000000000001092a       0xba ./User/inputs.o
                0x000000000001092a                ADC1_Init
 .stext         0x00000000000109e4       0x4e ./User/led.o
                0x00000000000109e4                vLedDriverStart
 .stext         0x0000000000010a32      0x226 ./User/process.o
                0x0000000000010a32                vProceesInit
 .stext         0x0000000000010c58      0x134 ./User/system_init.o
                0x0000000000010c58                vSYStaskInit
                0x0000000000010d62                vSYSqueueInit
 .stext         0x0000000000010d8c       0x34 ./HAL_LIB/hw_lib_din.o
                0x0000000000010d8c                eDinConfigWtihStruct
 .stext         0x0000000000010dc0       0xca ./HAL_DRIVER/hal_rtc_ch32.o
                0x0000000000010dc0                HAL_RTC_IT_Init
 .stext         0x0000000000010e8a       0x60 ./HAL_DRIVER/hal_spi_ch32.o
                0x0000000000010e8a                HAL_SPI_InitDMA
 .stext         0x0000000000010eea       0x28 ./HAL_DRIVER/hal_wdt_ch32.o
                0x0000000000010eea                HAL_WDT_Init1s
 *fill*         0x0000000000010f12        0x2 
 .stext         0x0000000000010f14      0x138 ./CANopenNode/keypad/OD.o
                0x0000000000010f14                OD_ROM

.text           0x0000000000000200     0xe460
                0x0000000000000200                . = ALIGN (0x4)
 *(.text)
 .text          0x0000000000000200      0x2ee ./FreeRTOS/portable/GCC/RISC-V/portASM.o
                0x0000000000000200                SW_Handler
                0x0000000000000300                xPortStartFirstTask
                0x0000000000000400                pxPortInitialiseStack
 .text          0x00000000000004ee       0x60 c:/mounriver/mounriver_studio/toolchain/risc-v embedded gcc/bin/../lib/gcc/riscv-none-embed/8.2.0/rv32imacxw/ilp32\libgcc.a(save-restore.o)
                0x00000000000004ee                __riscv_save_12
                0x00000000000004f6                __riscv_save_9
                0x00000000000004f6                __riscv_save_11
                0x00000000000004f6                __riscv_save_10
                0x00000000000004f6                __riscv_save_8
                0x0000000000000504                __riscv_save_4
                0x0000000000000504                __riscv_save_6
                0x0000000000000504                __riscv_save_5
                0x0000000000000504                __riscv_save_7
                0x000000000000051e                __riscv_save_3
                0x000000000000051e                __riscv_save_2
                0x000000000000051e                __riscv_save_1
                0x000000000000051e                __riscv_save_0
                0x000000000000052a                __riscv_restore_12
                0x000000000000052e                __riscv_restore_11
                0x000000000000052e                __riscv_restore_9
                0x000000000000052e                __riscv_restore_10
                0x000000000000052e                __riscv_restore_8
                0x0000000000000538                __riscv_restore_5
                0x0000000000000538                __riscv_restore_7
                0x0000000000000538                __riscv_restore_6
                0x0000000000000538                __riscv_restore_4
                0x0000000000000542                __riscv_restore_3
                0x0000000000000542                __riscv_restore_0
                0x0000000000000542                __riscv_restore_2
                0x0000000000000542                __riscv_restore_1
 .text          0x000000000000054e       0xa8 c:/mounriver/mounriver_studio/toolchain/risc-v embedded gcc/bin/../lib/gcc/riscv-none-embed/8.2.0/../../../../riscv-none-embed/lib/rv32imacxw/ilp32\libg_nano.a(lib_a-memset.o)
                0x000000000000054e                memset
 *(.text.*)
 .text.xCanOpenProcessTaskHandle
                0x00000000000005f6        0xa ./User/CanOpenNode.o
                0x00000000000005f6                xCanOpenProcessTaskHandle
 .text.xCanOpenPeriodicTaskHandle
                0x0000000000000600        0xa ./User/CanOpenNode.o
                0x0000000000000600                xCanOpenPeriodicTaskHandle
 .text.vCanOpenProcess
                0x000000000000060a      0x188 ./User/CanOpenNode.o
                0x000000000000060a                vCanOpenProcess
 .text.vCanOpenPeriodicProcess
                0x0000000000000792       0x82 ./User/CanOpenNode.o
                0x0000000000000792                vCanOpenPeriodicProcess
 .text.xDataRegQueue
                0x0000000000000814        0xa ./User/DataModel.o
                0x0000000000000814                xDataRegQueue
 .text.DataModelGetSecCounter
                0x000000000000081e        0xa ./User/DataModel.o
                0x000000000000081e                DataModelGetSecCounter
 .text.vDataModelRegDelayWrite
                0x0000000000000828       0x38 ./User/DataModel.o
                0x0000000000000828                vDataModelRegDelayWrite
 .text.WriteRegAfterDelay
                0x0000000000000860       0x5a ./User/DataModel.o
                0x0000000000000860                WriteRegAfterDelay
 .text.WriteReg
                0x00000000000008ba       0x50 ./User/DataModel.o
                0x00000000000008ba                WriteReg
 .text.vGetBitrate
                0x000000000000090a       0x28 ./User/DataModel.o
                0x000000000000090a                vGetBitrate
 .text.vFDGetNMTState
                0x0000000000000932        0x6 ./User/DataModel.o
                0x0000000000000932                vFDGetNMTState
 .text.vGetNodeId
                0x0000000000000938        0xc ./User/DataModel.o
                0x0000000000000938                vGetNodeId
 .text.vIncrementSystemCounters
                0x0000000000000944       0x9c ./User/DataModel.o
                0x0000000000000944                vIncrementSystemCounters
 .text.vSaveData
                0x00000000000009e0       0x16 ./User/DataModel.o
                0x00000000000009e0                vSaveData
 .text.getOdometr
                0x00000000000009f6       0x14 ./User/DataModel.o
                0x00000000000009f6                getOdometr
 .text.getOdometr1
                0x0000000000000a0a       0x14 ./User/DataModel.o
                0x0000000000000a0a                getOdometr1
 .text.ResrtOdometr1
                0x0000000000000a1e        0xe ./User/DataModel.o
                0x0000000000000a1e                ResrtOdometr1
 .text.NMI_Handler
                0x0000000000000a2c        0x2 ./User/ch32v20x_it.o
                0x0000000000000a2c                NMI_Handler
 .text.HardFault_Handler
                0x0000000000000a2e        0x2 ./User/ch32v20x_it.o
                0x0000000000000a2e                HardFault_Handler
 .text.SegPrint
                0x0000000000000a30       0x58 ./User/dash_draw.o
 .text.vCheckKeySatate
                0x0000000000000a88       0x80 ./User/dash_draw.o
 .text.xProcessTaskHandle
                0x0000000000000b08        0xa ./User/dash_draw.o
                0x0000000000000b08                xProcessTaskHandle
 .text.vSetErrorReg
                0x0000000000000b12        0xa ./User/dash_draw.o
                0x0000000000000b12                vSetErrorReg
 .text.getODValue
                0x0000000000000b1c      0x1bc ./User/dash_draw.o
                0x0000000000000b1c                getODValue
 .text.IncMenuIndex
                0x0000000000000cd8       0x80 ./User/dash_draw.o
                0x0000000000000cd8                IncMenuIndex
 .text.GoToHome
                0x0000000000000d58       0x12 ./User/dash_draw.o
                0x0000000000000d58                GoToHome
 .text.SetCurMenuHome
                0x0000000000000d6a       0x36 ./User/dash_draw.o
                0x0000000000000d6a                SetCurMenuHome
 .text.GetCurMenuHome
                0x0000000000000da0        0x6 ./User/dash_draw.o
                0x0000000000000da0                GetCurMenuHome
 .text.SetCurrentMenu
                0x0000000000000da6       0x12 ./User/dash_draw.o
                0x0000000000000da6                SetCurrentMenu
 .text.SetDefault
                0x0000000000000db8       0x28 ./User/dash_draw.o
                0x0000000000000db8                SetDefault
 .text.MenuBackHomeCheck
                0x0000000000000de0       0x38 ./User/dash_draw.o
                0x0000000000000de0                MenuBackHomeCheck
 .text.CheckMenuChannel
                0x0000000000000e18       0x20 ./User/dash_draw.o
                0x0000000000000e18                CheckMenuChannel
 .text.vMenuBlink
                0x0000000000000e38       0x4a ./User/dash_draw.o
                0x0000000000000e38                vMenuBlink
 .text.SetErrorRegiter
                0x0000000000000e82       0x5e ./User/dash_draw.o
                0x0000000000000e82                SetErrorRegiter
 .text.uGetCurrMenu
                0x0000000000000ee0       0x26 ./User/dash_draw.o
                0x0000000000000ee0                uGetCurrMenu
 .text.vGetEdgeData
                0x0000000000000f06       0x2a ./User/dash_draw.o
                0x0000000000000f06                vGetEdgeData
 .text.CheckLedState
                0x0000000000000f30       0x4a ./User/dash_draw.o
 .text.vRGBMode
                0x0000000000000f7a       0x8c ./User/dash_draw.o
                0x0000000000000f7a                vRGBMode
 .text.vBarColorMode
                0x0000000000001006       0xc2 ./User/dash_draw.o
                0x0000000000001006                vBarColorMode
 .text.vBarMode
                0x00000000000010c8       0x36 ./User/dash_draw.o
                0x00000000000010c8                vBarMode
 .text.vRedrawTask
                0x00000000000010fe      0x4ba ./User/dash_draw.o
                0x00000000000010fe                vRedrawTask
 .text.vInit_DeviceConfig
                0x00000000000015b8      0x16e ./User/init.o
                0x00000000000015b8                vInit_DeviceConfig
 .text.HardwareDeinit
                0x0000000000001726       0x2a ./User/init.o
                0x0000000000001726                HardwareDeinit
 .text.SoftwareReset
                0x0000000000001750       0x14 ./User/init.o
                0x0000000000001750                SoftwareReset
 .text.ADC1_Event
                0x0000000000001764       0x44 ./User/inputs.o
                0x0000000000001764                ADC1_Event
 .text.CaptureDMACallBack
                0x00000000000017a8       0x22 ./User/inputs.o
                0x00000000000017a8                CaptureDMACallBack
 .text.CaptureDMACallBack_1
                0x00000000000017ca       0x22 ./User/inputs.o
                0x00000000000017ca                CaptureDMACallBack_1
 .text.fDinStateCallback
                0x00000000000017ec       0x32 ./User/inputs.o
                0x00000000000017ec                fDinStateCallback
 .text.getInputsTaskHandle
                0x000000000000181e        0xa ./User/inputs.o
                0x000000000000181e                getInputsTaskHandle
 .text.ADC_FSM  0x0000000000001828      0x200 ./User/inputs.o
                0x0000000000001828                ADC_FSM
 .text.GetAIN   0x0000000000001a28        0xc ./User/inputs.o
                0x0000000000001a28                GetAIN
 .text.InputsGetTest
                0x0000000000001a34       0x44 ./User/inputs.o
                0x0000000000001a34                InputsGetTest
 .text.vInputsTask
                0x0000000000001a78      0x1d8 ./User/inputs.o
                0x0000000000001a78                vInputsTask
 .text.SPI1_DMA_Callback
                0x0000000000001c50       0x2e ./User/led.o
                0x0000000000001c50                SPI1_DMA_Callback
 .text.SPI2_DMA_Callback
                0x0000000000001c7e       0x2e ./User/led.o
                0x0000000000001c7e                SPI2_DMA_Callback
 .text.SetBarState
                0x0000000000001cac       0x50 ./User/led.o
                0x0000000000001cac                SetBarState
 .text.SetRGB   0x0000000000001cfc       0x4e ./User/led.o
                0x0000000000001cfc                SetRGB
 .text.SetSegDirect
                0x0000000000001d4a       0x9c ./User/led.o
                0x0000000000001d4a                SetSegDirect
 .text.SetSegPoint
                0x0000000000001de6       0x22 ./User/led.o
                0x0000000000001de6                SetSegPoint
 .text.SetSEG   0x0000000000001e08      0x11e ./User/led.o
                0x0000000000001e08                SetSEG
 .text.SetBigSeg
                0x0000000000001f26       0x14 ./User/led.o
                0x0000000000001f26                SetBigSeg
 .text.vSetBrigth
                0x0000000000001f3a       0x28 ./User/led.o
                0x0000000000001f3a                vSetBrigth
 .text.vLedProcess
                0x0000000000001f62       0x1e ./User/led.o
                0x0000000000001f62                vLedProcess
 .text.vRGBProcess
                0x0000000000001f80       0xe2 ./User/led.o
                0x0000000000001f80                vRGBProcess
 .text.startup.main
                0x0000000000002062       0x3c ./User/main.o
                0x0000000000002062                main
 .text.vRestartNode
                0x000000000000209e        0x2 ./User/main.o
                0x000000000000209e                vRestartNode
 .text.Error_Handler
                0x00000000000020a0       0x18 ./User/main.o
                0x00000000000020a0                Error_Handler
 .text.OD_writeRGBMAP
                0x00000000000020b8       0x30 ./User/process.o
 .text.OD_writeKEY
                0x00000000000020e8       0x34 ./User/process.o
 .text.OD_readRGBMAP
                0x000000000000211c       0x22 ./User/process.o
 .text.OD_readBoardSettings
                0x000000000000213e       0x5c ./User/process.o
 .text.OD_readDIN
                0x000000000000219a       0x1c ./User/process.o
 .text.OD_writeMenuSetup
                0x00000000000021b6       0x46 ./User/process.o
 .text.OD_writeBoardSettings
                0x00000000000021fc       0xc0 ./User/process.o
 .text.CO_getUint16
                0x00000000000022bc       0x10 ./User/process.o
 .text.OD_writeSEG
                0x00000000000022cc       0x44 ./User/process.o
 .text.OD_writeBAR
                0x0000000000002310       0x30 ./User/process.o
 .text.OD_writeRPMConfig
                0x0000000000002340       0x36 ./User/process.o
 .text.CO_getUint32
                0x0000000000002376       0x18 ./User/process.o
 .text.OD_writeMenuMap
                0x000000000000238e       0x30 ./User/process.o
 .text.OD_writeV1_14
                0x00000000000023be       0x56 ./User/process.o
 .text.OD_writeDashParam
                0x0000000000002414       0x70 ./User/process.o
 .text.WriteRGB.isra.2
                0x0000000000002484       0x3a ./User/process.o
 .text.OD_writeRGB1
                0x00000000000024be       0x16 ./User/process.o
 .text.OD_writeRGB2
                0x00000000000024d4       0x16 ./User/process.o
 .text.OD_writeRGB3
                0x00000000000024ea       0x16 ./User/process.o
 .text.OD_writeRGB4
                0x0000000000002500       0x16 ./User/process.o
 .text.OD_writeRGB5
                0x0000000000002516       0x16 ./User/process.o
 .text.OD_writeRGB6
                0x000000000000252c       0x16 ./User/process.o
 .text.OD_writeRGB7
                0x0000000000002542       0x16 ./User/process.o
 .text.OD_writeRGB8
                0x0000000000002558       0x16 ./User/process.o
 .text.OD_writeRGB9
                0x000000000000256e       0x16 ./User/process.o
 .text.OD_writeRGB10
                0x0000000000002584       0x16 ./User/process.o
 .text.OD_writeRGB11
                0x000000000000259a       0x16 ./User/process.o
 .text.OD_writeRGB12
                0x00000000000025b0       0x16 ./User/process.o
 .text.OD_writeRGB13
                0x00000000000025c6       0x16 ./User/process.o
 .text.OD_writeRGB14
                0x00000000000025dc       0x16 ./User/process.o
 .text.OD_writeICHC
                0x00000000000025f2       0x4c ./User/process.o
 .text.OD_readKEY
                0x000000000000263e       0x24 ./User/process.o
 .text.OD_readMenuSetup
                0x0000000000002662       0x30 ./User/process.o
 .text.writeADC.isra.11
                0x0000000000002692       0xae ./User/process.o
 .text.OD_writeADC1
                0x0000000000002740       0x10 ./User/process.o
 .text.OD_writeADC2
                0x0000000000002750       0x10 ./User/process.o
 .text.OD_writeADC3
                0x0000000000002760       0x10 ./User/process.o
 .text.OD_readRGB.isra.8
                0x0000000000002770       0x22 ./User/process.o
 .text.OD_readRGB1
                0x0000000000002792       0x14 ./User/process.o
 .text.OD_readRGB2
                0x00000000000027a6       0x14 ./User/process.o
 .text.OD_readRGB3
                0x00000000000027ba       0x14 ./User/process.o
 .text.OD_readRGB4
                0x00000000000027ce       0x16 ./User/process.o
 .text.OD_readRGB5
                0x00000000000027e4       0x16 ./User/process.o
 .text.OD_readRGB6
                0x00000000000027fa       0x16 ./User/process.o
 .text.OD_readRGB7
                0x0000000000002810       0x16 ./User/process.o
 .text.OD_readRGB8
                0x0000000000002826       0x16 ./User/process.o
 .text.OD_readRGB9
                0x000000000000283c       0x16 ./User/process.o
 .text.OD_readRGB10
                0x0000000000002852       0x16 ./User/process.o
 .text.OD_readRGB11
                0x0000000000002868       0x16 ./User/process.o
 .text.OD_readRGB12
                0x000000000000287e       0x16 ./User/process.o
 .text.OD_readRGB13
                0x0000000000002894       0x16 ./User/process.o
 .text.OD_readRGB14
                0x00000000000028aa       0x16 ./User/process.o
 .text.OD_readSEG
                0x00000000000028c0       0x34 ./User/process.o
 .text.OD_readDashParam
                0x00000000000028f4       0x5a ./User/process.o
 .text.OD_readBar
                0x000000000000294e       0x28 ./User/process.o
 .text.OD_readMenuMap
                0x0000000000002976       0x2c ./User/process.o
 .text.OD_readAIN_RPM
                0x00000000000029a2       0x26 ./User/process.o
 .text.OD_readICHC
                0x00000000000029c8       0x4e ./User/process.o
 .text.OD_readRPMConfig
                0x0000000000002a16       0x2a ./User/process.o
 .text.readADC.isra.4
                0x0000000000002a40       0x52 ./User/process.o
 .text.OD_readADC1
                0x0000000000002a92       0x10 ./User/process.o
 .text.OD_readADC2
                0x0000000000002aa2       0x10 ./User/process.o
 .text.OD_readADC3
                0x0000000000002ab2       0x10 ./User/process.o
 .text.SystemInit
                0x0000000000002ac2       0xea ./User/system_ch32v20x.o
                0x0000000000002ac2                SystemInit
 .text.SystemCoreClockUpdate
                0x0000000000002bac       0x92 ./User/system_ch32v20x.o
                0x0000000000002bac                SystemCoreClockUpdate
 .text.StartDefaultTask
                0x0000000000002c3e      0x11a ./User/system_init.o
 .text.vApplicationGetIdleTaskMemory
                0x0000000000002d58       0x1c ./User/system_init.o
                0x0000000000002d58                vApplicationGetIdleTaskMemory
 .text.vSystemStop
                0x0000000000002d74       0x26 ./User/system_init.o
                0x0000000000002d74                vSystemStop
 .text.vector_handler
                0x0000000000002d9a       0x6c ./Startup/startup_ch32v20x_D6.o
                0x0000000000002d9e                Ecall_M_Mode_Handler
                0x0000000000002da0                Ecall_U_Mode_Handler
                0x0000000000002da2                Break_Point_Handler
                0x0000000000002da8                WWDG_IRQHandler
                0x0000000000002daa                PVD_IRQHandler
                0x0000000000002dac                TAMPER_IRQHandler
                0x0000000000002db0                FLASH_IRQHandler
                0x0000000000002db2                RCC_IRQHandler
                0x0000000000002db4                EXTI0_IRQHandler
                0x0000000000002db6                EXTI1_IRQHandler
                0x0000000000002db8                EXTI2_IRQHandler
                0x0000000000002dba                EXTI3_IRQHandler
                0x0000000000002dbc                EXTI4_IRQHandler
                0x0000000000002dc0                DMA1_Channel2_IRQHandler
                0x0000000000002dc8                DMA1_Channel6_IRQHandler
                0x0000000000002dd6                EXTI9_5_IRQHandler
                0x0000000000002dd8                TIM1_BRK_IRQHandler
                0x0000000000002dda                TIM1_UP_IRQHandler
                0x0000000000002ddc                TIM1_TRG_COM_IRQHandler
                0x0000000000002dde                TIM1_CC_IRQHandler
                0x0000000000002de0                TIM2_IRQHandler
                0x0000000000002de2                TIM3_IRQHandler
                0x0000000000002dea                I2C2_EV_IRQHandler
                0x0000000000002dec                I2C2_ER_IRQHandler
                0x0000000000002dee                SPI1_IRQHandler
                0x0000000000002df0                SPI2_IRQHandler
                0x0000000000002df2                USART1_IRQHandler
                0x0000000000002df4                USART2_IRQHandler
                0x0000000000002df6                USART3_IRQHandler
                0x0000000000002df8                EXTI15_10_IRQHandler
                0x0000000000002dfa                RTCAlarm_IRQHandler
                0x0000000000002dfc                USBWakeUp_IRQHandler
                0x0000000000002dfe                USBHD_IRQHandler
                0x0000000000002e00                USBHDWakeUp_IRQHandler
                0x0000000000002e02                UART4_IRQHandler
                0x0000000000002e04                DMA1_Channel8_IRQHandler
 .text.handle_reset
                0x0000000000002e06       0x92 ./Startup/startup_ch32v20x_D6.o
                0x0000000000002e06                handle_reset
 .text.ADC_Cmd  0x0000000000002e98       0x10 ./Peripheral/src/ch32v20x_adc.o
                0x0000000000002e98                ADC_Cmd
 .text.ADC_GetResetCalibrationStatus
                0x0000000000002ea8        0x8 ./Peripheral/src/ch32v20x_adc.o
                0x0000000000002ea8                ADC_GetResetCalibrationStatus
 .text.ADC_GetCalibrationStatus
                0x0000000000002eb0        0x8 ./Peripheral/src/ch32v20x_adc.o
                0x0000000000002eb0                ADC_GetCalibrationStatus
 .text.ADC_GetITStatus
                0x0000000000002eb8       0x1c ./Peripheral/src/ch32v20x_adc.o
                0x0000000000002eb8                ADC_GetITStatus
 .text.ADC_ClearITPendingBit
                0x0000000000002ed4        0xa ./Peripheral/src/ch32v20x_adc.o
                0x0000000000002ed4                ADC_ClearITPendingBit
 .text.Get_CalibrationValue
                0x0000000000002ede      0x1fe ./Peripheral/src/ch32v20x_adc.o
                0x0000000000002ede                Get_CalibrationValue
 .text.DMA_GetFlagStatus
                0x00000000000030dc        0xe ./Peripheral/src/ch32v20x_dma.o
                0x00000000000030dc                DMA_GetFlagStatus
 .text.DMA_GetITStatus
                0x00000000000030ea        0xc ./Peripheral/src/ch32v20x_dma.o
                0x00000000000030ea                DMA_GetITStatus
 .text.DMA_ClearITPendingBit
                0x00000000000030f6        0x8 ./Peripheral/src/ch32v20x_dma.o
                0x00000000000030f6                DMA_ClearITPendingBit
 .text.GPIO_Init
                0x00000000000030fe       0xfa ./Peripheral/src/ch32v20x_gpio.o
                0x00000000000030fe                GPIO_Init
 .text.GPIO_PinRemapConfig
                0x00000000000031f8       0xf2 ./Peripheral/src/ch32v20x_gpio.o
                0x00000000000031f8                GPIO_PinRemapConfig
 .text.I2C_DualAddressCmd
                0x00000000000032ea       0x18 ./Peripheral/src/ch32v20x_i2c.o
                0x00000000000032ea                I2C_DualAddressCmd
 .text.I2C_ClearFlag
                0x0000000000003302        0xc ./Peripheral/src/ch32v20x_i2c.o
                0x0000000000003302                I2C_ClearFlag
 .text.RCC_LSEConfig
                0x000000000000330e       0x28 ./Peripheral/src/ch32v20x_rcc.o
                0x000000000000330e                RCC_LSEConfig
 .text.RCC_GetClocksFreq
                0x0000000000003336       0xbe ./Peripheral/src/ch32v20x_rcc.o
                0x0000000000003336                RCC_GetClocksFreq
 .text.RCC_APB2PeriphClockCmd
                0x00000000000033f4       0x1e ./Peripheral/src/ch32v20x_rcc.o
                0x00000000000033f4                RCC_APB2PeriphClockCmd
 .text.RCC_GetFlagStatus
                0x0000000000003412       0x2e ./Peripheral/src/ch32v20x_rcc.o
                0x0000000000003412                RCC_GetFlagStatus
 .text.RTC_EnterConfigMode
                0x0000000000003440       0x12 ./Peripheral/src/ch32v20x_rtc.o
                0x0000000000003440                RTC_EnterConfigMode
 .text.RTC_ExitConfigMode
                0x0000000000003452       0x18 ./Peripheral/src/ch32v20x_rtc.o
                0x0000000000003452                RTC_ExitConfigMode
 .text.RTC_GetCounter
                0x000000000000346a       0x36 ./Peripheral/src/ch32v20x_rtc.o
                0x000000000000346a                RTC_GetCounter
 .text.RTC_SetCounter
                0x00000000000034a0       0x2c ./Peripheral/src/ch32v20x_rtc.o
                0x00000000000034a0                RTC_SetCounter
 .text.RTC_SetPrescaler
                0x00000000000034cc       0x2e ./Peripheral/src/ch32v20x_rtc.o
                0x00000000000034cc                RTC_SetPrescaler
 .text.RTC_WaitForLastTask
                0x00000000000034fa       0x10 ./Peripheral/src/ch32v20x_rtc.o
                0x00000000000034fa                RTC_WaitForLastTask
 .text.RTC_WaitForSynchro
                0x000000000000350a       0x24 ./Peripheral/src/ch32v20x_rtc.o
                0x000000000000350a                RTC_WaitForSynchro
 .text.TIM_OC1Init
                0x000000000000352e       0x6a ./Peripheral/src/ch32v20x_tim.o
                0x000000000000352e                TIM_OC1Init
 .text.TIM_OC2Init
                0x0000000000003598       0x96 ./Peripheral/src/ch32v20x_tim.o
                0x0000000000003598                TIM_OC2Init
 .text.TIM_OC3Init
                0x000000000000362e       0x94 ./Peripheral/src/ch32v20x_tim.o
                0x000000000000362e                TIM_OC3Init
 .text.TIM_OC4Init
                0x00000000000036c2       0x6c ./Peripheral/src/ch32v20x_tim.o
                0x00000000000036c2                TIM_OC4Init
 .text.TIM_OC1PreloadConfig
                0x000000000000372e        0xe ./Peripheral/src/ch32v20x_tim.o
                0x000000000000372e                TIM_OC1PreloadConfig
 .text.TIM_OC2PreloadConfig
                0x000000000000373c       0x16 ./Peripheral/src/ch32v20x_tim.o
                0x000000000000373c                TIM_OC2PreloadConfig
 .text.TIM_OC3PreloadConfig
                0x0000000000003752        0xe ./Peripheral/src/ch32v20x_tim.o
                0x0000000000003752                TIM_OC3PreloadConfig
 .text.TIM_OC4PreloadConfig
                0x0000000000003760       0x16 ./Peripheral/src/ch32v20x_tim.o
                0x0000000000003760                TIM_OC4PreloadConfig
 .text.TIM_GetITStatus
                0x0000000000003776       0x18 ./Peripheral/src/ch32v20x_tim.o
                0x0000000000003776                TIM_GetITStatus
 .text.USART_Init
                0x000000000000378e       0xbc ./Peripheral/src/ch32v20x_usart.o
                0x000000000000378e                USART_Init
 .text.USART_Cmd
                0x000000000000384a       0x16 ./Peripheral/src/ch32v20x_usart.o
                0x000000000000384a                USART_Cmd
 .text.USART_SendData
                0x0000000000003860        0x8 ./Peripheral/src/ch32v20x_usart.o
                0x0000000000003860                USART_SendData
 .text.USART_GetFlagStatus
                0x0000000000003868        0xa ./Peripheral/src/ch32v20x_usart.o
                0x0000000000003868                USART_GetFlagStatus
 .text.vRCFilterConfig
                0x0000000000003872       0x2e ./HAL_LIB/filters.o
                0x0000000000003872                vRCFilterConfig
 .text.AddBufferData
                0x00000000000038a0       0x20 ./HAL_LIB/filters.o
                0x00000000000038a0                AddBufferData
 .text.GetConversional
                0x00000000000038c0       0x4a ./HAL_LIB/filters.o
                0x00000000000038c0                GetConversional
 .text.GetDataRegister
                0x000000000000390a        0xa ./HAL_LIB/hw_data_model.o
                0x000000000000390a                GetDataRegister
 .text.GetRegisterAddr
                0x0000000000003914        0xc ./HAL_LIB/hw_data_model.o
                0x0000000000003914                GetRegisterAddr
 .text.ClearDataModel
                0x0000000000003920       0x1a ./HAL_LIB/hw_data_model.o
                0x0000000000003920                ClearDataModel
 .text.setReg32
                0x000000000000393a       0x1e ./HAL_LIB/hw_data_model.o
                0x000000000000393a                setReg32
 .text.setReg16
                0x0000000000003958       0x12 ./HAL_LIB/hw_data_model.o
                0x0000000000003958                setReg16
 .text.setReg8  0x000000000000396a        0xe ./HAL_LIB/hw_data_model.o
                0x000000000000396a                setReg8
 .text.getReg16
                0x0000000000003978       0x14 ./HAL_LIB/hw_data_model.o
                0x0000000000003978                getReg16
 .text.getReg32
                0x000000000000398c       0x20 ./HAL_LIB/hw_data_model.o
                0x000000000000398c                getReg32
 .text.getReg8  0x00000000000039ac        0xe ./HAL_LIB/hw_data_model.o
                0x00000000000039ac                getReg8
 .text.vAINInit
                0x00000000000039ba       0x36 ./HAL_LIB/hw_lib_adc.o
                0x00000000000039ba                vAINInit
 .text.fGetAinCalData
                0x00000000000039f0       0x7a ./HAL_LIB/hw_lib_adc.o
                0x00000000000039f0                fGetAinCalData
 .text.eAinCalDataConfig
                0x0000000000003a6a       0x50 ./HAL_LIB/hw_lib_adc.o
                0x0000000000003a6a                eAinCalDataConfig
 .text.vABLineKoofFinde
                0x0000000000003aba       0x6a ./HAL_LIB/hw_lib_adc.o
                0x0000000000003aba                vABLineKoofFinde
 .text.eSetAinCalPoint
                0x0000000000003b24       0x64 ./HAL_LIB/hw_lib_adc.o
                0x0000000000003b24                eSetAinCalPoint
 .text.getADC1Buffer
                0x0000000000003b88        0xa ./HAL_LIB/hw_lib_adc.o
                0x0000000000003b88                getADC1Buffer
 .text.uGetDIN  0x0000000000003b92       0x14 ./HAL_LIB/hw_lib_din.o
                0x0000000000003b92                uGetDIN
 .text.eRPMConfig
                0x0000000000003ba6       0x5a ./HAL_LIB/hw_lib_din.o
                0x0000000000003ba6                eRPMConfig
 .text.RMPDataConvert
                0x0000000000003c00       0x4e ./HAL_LIB/hw_lib_din.o
                0x0000000000003c00                RMPDataConvert
 .text.GetRPM   0x0000000000003c4e       0x7a ./HAL_LIB/hw_lib_din.o
                0x0000000000003c4e                GetRPM
 .text.vDinDoutProcess
                0x0000000000003cc8       0x88 ./HAL_LIB/hw_lib_din.o
                0x0000000000003cc8                vDinDoutProcess
 .text.getCaputreBuffer
                0x0000000000003d50       0x16 ./HAL_LIB/hw_lib_din.o
                0x0000000000003d50                getCaputreBuffer
 .text.I2C_FSM  0x0000000000003d66      0x198 ./HAL_LIB/hw_lib_eeprom_i2c.o
                0x0000000000003d66                I2C_FSM
 .text.vInitEEPROM_I2C
                0x0000000000003efe       0x52 ./HAL_LIB/hw_lib_eeprom_i2c.o
                0x0000000000003efe                vInitEEPROM_I2C
 .text.eEEPROMWrFast
                0x0000000000003f50      0x104 ./HAL_LIB/hw_lib_eeprom_i2c.o
                0x0000000000003f50                eEEPROMWrFast
 .text.eEEPROMWr
                0x0000000000004054       0xe2 ./HAL_LIB/hw_lib_eeprom_i2c.o
                0x0000000000004054                eEEPROMWr
 .text.eEEPROMRd
                0x0000000000004136       0x8a ./HAL_LIB/hw_lib_eeprom_i2c.o
                0x0000000000004136                eEEPROMRd
 .text.bReadEEPROM
                0x00000000000041c0       0x1a ./HAL_LIB/hw_lib_eeprom_i2c.o
                0x00000000000041c0                bReadEEPROM
 .text.vHW_INIT_TIMEOUT
                0x00000000000041da       0x1c ./HAL_LIB/hw_timeout.o
                0x00000000000041da                vHW_INIT_TIMEOUT
 .text.vHW_PROCESS_TIMEOUT
                0x00000000000041f6       0x26 ./HAL_LIB/hw_timeout.o
                0x00000000000041f6                vHW_PROCESS_TIMEOUT
 .text.HAL_CANSetTXCallback
                0x000000000000421c        0xa ./HAL_DRIVER/hal_can_ch32.o
                0x000000000000421c                HAL_CANSetTXCallback
 .text.HAL_CANSetRXCallback
                0x0000000000004226        0xa ./HAL_DRIVER/hal_can_ch32.o
                0x0000000000004226                HAL_CANSetRXCallback
 .text.HAL_CANSetERRCallback
                0x0000000000004230        0xa ./HAL_DRIVER/hal_can_ch32.o
                0x0000000000004230                HAL_CANSetERRCallback
 .text.HAL_CANToInitMode
                0x000000000000423a       0x2c ./HAL_DRIVER/hal_can_ch32.o
                0x000000000000423a                HAL_CANToInitMode
 .text.HAL_CANIntIT
                0x0000000000004266      0x126 ./HAL_DRIVER/hal_can_ch32.o
                0x0000000000004266                HAL_CANIntIT
 .text.HAL_CANToOperatingMode
                0x000000000000438c       0x26 ./HAL_DRIVER/hal_can_ch32.o
                0x000000000000438c                HAL_CANToOperatingMode
 .text.HAL_CANSend
                0x00000000000043b2       0xae ./HAL_DRIVER/hal_can_ch32.o
                0x00000000000043b2                HAL_CANSend
 .text.HAL_CANSetFiters
                0x0000000000004460       0xc4 ./HAL_DRIVER/hal_can_ch32.o
                0x0000000000004460                HAL_CANSetFiters
 .text.HAL_CANGetRXMessage
                0x0000000000004524       0xb0 ./HAL_DRIVER/hal_can_ch32.o
                0x0000000000004524                HAL_CANGetRXMessage
 .text.USB_HP_CAN1_TX_IRQHandler
                0x00000000000045d4       0x60 ./HAL_DRIVER/hal_can_ch32.o
                0x00000000000045d4                USB_HP_CAN1_TX_IRQHandler
 .text.USB_LP_CAN1_RX0_IRQHandler
                0x0000000000004634       0x5e ./HAL_DRIVER/hal_can_ch32.o
                0x0000000000004634                USB_LP_CAN1_RX0_IRQHandler
 .text.CAN1_RX1_IRQHandler
                0x0000000000004692       0x5e ./HAL_DRIVER/hal_can_ch32.o
                0x0000000000004692                CAN1_RX1_IRQHandler
 .text.CAN1_SCE_IRQHandler
                0x00000000000046f0       0x5c ./HAL_DRIVER/hal_can_ch32.o
                0x00000000000046f0                CAN1_SCE_IRQHandler
 .text.HAL_InitGPIO
                0x000000000000474c       0xba ./HAL_DRIVER/hal_gpio_ch32.o
                0x000000000000474c                HAL_InitGPIO
 .text.HAL_InitGpioOut
                0x0000000000004806       0x10 ./HAL_DRIVER/hal_gpio_ch32.o
                0x0000000000004806                HAL_InitGpioOut
 .text.HAL_InitGpioAIN
                0x0000000000004816       0x10 ./HAL_DRIVER/hal_gpio_ch32.o
                0x0000000000004816                HAL_InitGpioAIN
 .text.HAL_InitGpioIn
                0x0000000000004826       0x10 ./HAL_DRIVER/hal_gpio_ch32.o
                0x0000000000004826                HAL_InitGpioIn
 .text.HAL_InitGpioAF
                0x0000000000004836       0x34 ./HAL_DRIVER/hal_gpio_ch32.o
                0x0000000000004836                HAL_InitGpioAF
 .text.HAL_GetBit
                0x000000000000486a        0xa ./HAL_DRIVER/hal_gpio_ch32.o
                0x000000000000486a                HAL_GetBit
 .text.HAL_SetBit
                0x0000000000004874        0x4 ./HAL_DRIVER/hal_gpio_ch32.o
                0x0000000000004874                HAL_SetBit
 .text.HAL_ResetBit
                0x0000000000004878        0x4 ./HAL_DRIVER/hal_gpio_ch32.o
                0x0000000000004878                HAL_ResetBit
 .text.HAL_InitGPO
                0x000000000000487c       0x14 ./HAL_DRIVER/hal_gpio_ch32.o
                0x000000000000487c                HAL_InitGPO
 .text.HAL_I2C_Init
                0x0000000000004890       0xf4 ./HAL_DRIVER/hal_i2c_ch32.o
                0x0000000000004890                HAL_I2C_Init
 .text.HAL_I2C_GET_STAR2
                0x0000000000004984        0xe ./HAL_DRIVER/hal_i2c_ch32.o
                0x0000000000004984                HAL_I2C_GET_STAR2
 .text.HAL_I2C_GET_STAR1
                0x0000000000004992        0xe ./HAL_DRIVER/hal_i2c_ch32.o
                0x0000000000004992                HAL_I2C_GET_STAR1
 .text.HAL_I2C_ENABLE
                0x00000000000049a0       0x14 ./HAL_DRIVER/hal_i2c_ch32.o
                0x00000000000049a0                HAL_I2C_ENABLE
 .text.InitI2CIT
                0x00000000000049b4       0x6e ./HAL_DRIVER/hal_i2c_ch32.o
                0x00000000000049b4                InitI2CIT
 .text.HAL_I2C_DISABLE
                0x0000000000004a22       0x1a ./HAL_DRIVER/hal_i2c_ch32.o
                0x0000000000004a22                HAL_I2C_DISABLE
 .text.I2C_IT_ENABLE
                0x0000000000004a3c       0x12 ./HAL_DRIVER/hal_i2c_ch32.o
                0x0000000000004a3c                I2C_IT_ENABLE
 .text.I2C_IT_DISABLE
                0x0000000000004a4e       0x16 ./HAL_DRIVER/hal_i2c_ch32.o
                0x0000000000004a4e                I2C_IT_DISABLE
 .text.HAL_I2C_STOP
                0x0000000000004a64       0x14 ./HAL_DRIVER/hal_i2c_ch32.o
                0x0000000000004a64                HAL_I2C_STOP
 .text.HAL_I2C_START
                0x0000000000004a78       0x14 ./HAL_DRIVER/hal_i2c_ch32.o
                0x0000000000004a78                HAL_I2C_START
 .text.HAL_I2C_SEND
                0x0000000000004a8c        0xe ./HAL_DRIVER/hal_i2c_ch32.o
                0x0000000000004a8c                HAL_I2C_SEND
 .text.HAL_I2C_SEND_ADDR_TRANS
                0x0000000000004a9a       0x12 ./HAL_DRIVER/hal_i2c_ch32.o
                0x0000000000004a9a                HAL_I2C_SEND_ADDR_TRANS
 .text.HAL_I2C_SEND_ADDR_RECIEVE
                0x0000000000004aac       0x16 ./HAL_DRIVER/hal_i2c_ch32.o
                0x0000000000004aac                HAL_I2C_SEND_ADDR_RECIEVE
 .text.HAL_I2C_ACK_ENABLE
                0x0000000000004ac2       0x14 ./HAL_DRIVER/hal_i2c_ch32.o
                0x0000000000004ac2                HAL_I2C_ACK_ENABLE
 .text.HAL_I2C_ACK_DISABLE
                0x0000000000004ad6       0x1c ./HAL_DRIVER/hal_i2c_ch32.o
                0x0000000000004ad6                HAL_I2C_ACK_DISABLE
 .text.HAL_I2C_ClearFlag
                0x0000000000004af2       0x20 ./HAL_DRIVER/hal_i2c_ch32.o
                0x0000000000004af2                HAL_I2C_ClearFlag
 .text.HAL_I2C_READ_DATA
                0x0000000000004b12        0xe ./HAL_DRIVER/hal_i2c_ch32.o
                0x0000000000004b12                HAL_I2C_READ_DATA
 .text.I2C1_EV_IRQHandler
                0x0000000000004b20       0x52 ./HAL_DRIVER/hal_i2c_ch32.o
                0x0000000000004b20                I2C1_EV_IRQHandler
 .text.I2C1_ER_IRQHandler
                0x0000000000004b72       0x52 ./HAL_DRIVER/hal_i2c_ch32.o
                0x0000000000004b72                I2C1_ER_IRQHandler
 .text.HAL_InitAPB1
                0x0000000000004bc4       0x1c ./HAL_DRIVER/hal_irq.o
                0x0000000000004bc4                HAL_InitAPB1
 .text.HAL_InitAPB2
                0x0000000000004be0       0x1c ./HAL_DRIVER/hal_irq.o
                0x0000000000004be0                HAL_InitAPB2
 .text.PFIC_IRQ_ENABLE_PG1
                0x0000000000004bfc       0x34 ./HAL_DRIVER/hal_irq.o
                0x0000000000004bfc                PFIC_IRQ_ENABLE_PG1
 .text.RTC_IRQHandler
                0x0000000000004c30       0x78 ./HAL_DRIVER/hal_rtc_ch32.o
                0x0000000000004c30                RTC_IRQHandler
 .text.HAL_SPI_RXOveleyClear
                0x0000000000004ca8       0x1e ./HAL_DRIVER/hal_spi_ch32.o
                0x0000000000004ca8                HAL_SPI_RXOveleyClear
 .text.HAL_SPI_GetBusy
                0x0000000000004cc6       0x10 ./HAL_DRIVER/hal_spi_ch32.o
                0x0000000000004cc6                HAL_SPI_GetBusy
 .text.HAL_TIMER_BaseTimerInit.constprop.3
                0x0000000000004cd6       0x7e ./HAL_DRIVER/hal_timers_ch32.o
 .text.HAL_TiemrEneblae
                0x0000000000004d54       0x1a ./HAL_DRIVER/hal_timers_ch32.o
                0x0000000000004d54                HAL_TiemrEneblae
 .text.HAL_TIMER_InitIt
                0x0000000000004d6e       0x64 ./HAL_DRIVER/hal_timers_ch32.o
                0x0000000000004d6e                HAL_TIMER_InitIt
 .text.TIM4_IRQHandler
                0x0000000000004dd2       0x70 ./HAL_DRIVER/hal_timers_ch32.o
                0x0000000000004dd2                TIM4_IRQHandler
 .text.HAL_TiemrDisable
                0x0000000000004e42       0x1c ./HAL_DRIVER/hal_timers_ch32.o
                0x0000000000004e42                HAL_TiemrDisable
 .text.HAL_TIMER_PWMTimersInit
                0x0000000000004e5e       0xbc ./HAL_DRIVER/hal_timers_ch32.o
                0x0000000000004e5e                HAL_TIMER_PWMTimersInit
 .text.HAL_TimeInitCaptureDMA
                0x0000000000004f1a       0xea ./HAL_DRIVER/hal_timers_ch32.o
                0x0000000000004f1a                HAL_TimeInitCaptureDMA
 .text.HAL_TIMER_SetPWMPulse
                0x0000000000005004       0x88 ./HAL_DRIVER/hal_timers_ch32.o
                0x0000000000005004                HAL_TIMER_SetPWMPulse
 .text.HAL_TIMER_EnablePWMCH
                0x000000000000508c       0x1a ./HAL_DRIVER/hal_timers_ch32.o
                0x000000000000508c                HAL_TIMER_EnablePWMCH
 .text.HAL_WDTReset
                0x00000000000050a6        0xe ./HAL_DRIVER/hal_wdt_ch32.o
                0x00000000000050a6                HAL_WDTReset
 .text.Get_ConversionVal
                0x00000000000050b4       0x2e ./HAL/hal_adc_ch32.o
                0x00000000000050b4                Get_ConversionVal
 .text.HAL_ADC_RegularChannelConfig
                0x00000000000050e2       0x46 ./HAL/hal_adc_ch32.o
                0x00000000000050e2                HAL_ADC_RegularChannelConfig
 .text.HAL_ADC_ContiniusScanCinvertionDMA
                0x0000000000005128       0xce ./HAL/hal_adc_ch32.o
                0x0000000000005128                HAL_ADC_ContiniusScanCinvertionDMA
 .text.HAL_ADC_StartDMA
                0x00000000000051f6       0x42 ./HAL/hal_adc_ch32.o
                0x00000000000051f6                HAL_ADC_StartDMA
 .text.ADC1_2_IRQHandler
                0x0000000000005238       0x74 ./HAL/hal_adc_ch32.o
                0x0000000000005238                ADC1_2_IRQHandler
 .text.DMA_IRQ  0x00000000000052ac       0x3a ./HAL/hal_dma_ch32.o
 .text.HAL_DMA_Enable
                0x00000000000052e6       0x18 ./HAL/hal_dma_ch32.o
                0x00000000000052e6                HAL_DMA_Enable
 .text.HAL_DMA_Disable
                0x00000000000052fe       0x1a ./HAL/hal_dma_ch32.o
                0x00000000000052fe                HAL_DMA_Disable
 .text.HAL_DMAInitIT
                0x0000000000005318       0xa0 ./HAL/hal_dma_ch32.o
                0x0000000000005318                HAL_DMAInitIT
 .text.HAL_DMA_SetCounter
                0x00000000000053b8       0x12 ./HAL/hal_dma_ch32.o
                0x00000000000053b8                HAL_DMA_SetCounter
 .text.HAL_DMA_ITENABLE
                0x00000000000053ca       0x16 ./HAL/hal_dma_ch32.o
                0x00000000000053ca                HAL_DMA_ITENABLE
 .text.HAL_DMA_SetCouterAndEnable
                0x00000000000053e0       0x1a ./HAL/hal_dma_ch32.o
                0x00000000000053e0                HAL_DMA_SetCouterAndEnable
 .text.DMA1_Channel1_IRQHandler
                0x00000000000053fa       0x4e ./HAL/hal_dma_ch32.o
                0x00000000000053fa                DMA1_Channel1_IRQHandler
 .text.DMA1_Channel3_IRQHandler
                0x0000000000005448       0x4e ./HAL/hal_dma_ch32.o
                0x0000000000005448                DMA1_Channel3_IRQHandler
 .text.DMA1_Channel4_IRQHandler
                0x0000000000005496       0x4e ./HAL/hal_dma_ch32.o
                0x0000000000005496                DMA1_Channel4_IRQHandler
 .text.DMA1_Channel5_IRQHandler
                0x00000000000054e4       0x4e ./HAL/hal_dma_ch32.o
                0x00000000000054e4                DMA1_Channel5_IRQHandler
 .text.DMA1_Channel7_IRQHandler
                0x0000000000005532       0x4e ./HAL/hal_dma_ch32.o
                0x0000000000005532                DMA1_Channel7_IRQHandler
 .text.prvInsertBlockIntoFreeList
                0x0000000000005580       0x4c ./FreeRTOS/portable/MemMang/heap_4.o
 .text.pvPortMalloc
                0x00000000000055cc      0x18a ./FreeRTOS/portable/MemMang/heap_4.o
                0x00000000000055cc                pvPortMalloc
 .text.vPortSetupTimerInterrupt
                0x0000000000005756       0x3e ./FreeRTOS/portable/GCC/RISC-V/port.o
                0x0000000000005756                vPortSetupTimerInterrupt
 .text.xPortStartScheduler
                0x0000000000005794       0x90 ./FreeRTOS/portable/GCC/RISC-V/port.o
                0x0000000000005794                xPortStartScheduler
 .text.SysTick_Handler
                0x0000000000005824       0x7c ./FreeRTOS/portable/GCC/RISC-V/port.o
                0x0000000000005824                SysTick_Handler
 .text.vPortEnterCritical
                0x00000000000058a0       0x16 ./FreeRTOS/portable/GCC/RISC-V/port.o
                0x00000000000058a0                vPortEnterCritical
 .text.vPortExitCritical
                0x00000000000058b6       0x42 ./FreeRTOS/portable/GCC/RISC-V/port.o
                0x00000000000058b6                vPortExitCritical
 .text.xPortSetInterruptMask
                0x00000000000058f8        0xc ./FreeRTOS/portable/GCC/RISC-V/port.o
                0x00000000000058f8                xPortSetInterruptMask
 .text.vPortClearInterruptMask
                0x0000000000005904        0x6 ./FreeRTOS/portable/GCC/RISC-V/port.o
                0x0000000000005904                vPortClearInterruptMask
 .text.vListInitialise
                0x000000000000590a       0x14 ./FreeRTOS/list.o
                0x000000000000590a                vListInitialise
 .text.vListInitialiseItem
                0x000000000000591e        0x6 ./FreeRTOS/list.o
                0x000000000000591e                vListInitialiseItem
 .text.vListInsertEnd
                0x0000000000005924       0x18 ./FreeRTOS/list.o
                0x0000000000005924                vListInsertEnd
 .text.vListInsert
                0x000000000000593c       0x2e ./FreeRTOS/list.o
                0x000000000000593c                vListInsert
 .text.uxListRemove
                0x000000000000596a       0x20 ./FreeRTOS/list.o
                0x000000000000596a                uxListRemove
 .text.prvIsQueueEmpty
                0x000000000000598a       0x1e ./FreeRTOS/queue.o
 .text.prvCopyDataToQueue
                0x00000000000059a8       0x72 ./FreeRTOS/queue.o
 .text.prvCopyDataFromQueue
                0x0000000000005a1a       0x28 ./FreeRTOS/queue.o
 .text.prvUnlockQueue
                0x0000000000005a42       0x76 ./FreeRTOS/queue.o
 .text.xQueueGenericReset
                0x0000000000005ab8       0xc4 ./FreeRTOS/queue.o
                0x0000000000005ab8                xQueueGenericReset
 .text.xQueueGenericCreateStatic
                0x0000000000005b7c       0xae ./FreeRTOS/queue.o
                0x0000000000005b7c                xQueueGenericCreateStatic
 .text.xQueueGenericCreate
                0x0000000000005c2a       0x72 ./FreeRTOS/queue.o
                0x0000000000005c2a                xQueueGenericCreate
 .text.xQueueGenericSend
                0x0000000000005c9c      0x178 ./FreeRTOS/queue.o
                0x0000000000005c9c                xQueueGenericSend
 .text.xQueueGiveMutexRecursive
                0x0000000000005e14       0x56 ./FreeRTOS/queue.o
                0x0000000000005e14                xQueueGiveMutexRecursive
 .text.xQueueCreateMutex
                0x0000000000005e6a       0x2e ./FreeRTOS/queue.o
                0x0000000000005e6a                xQueueCreateMutex
 .text.xQueueReceive
                0x0000000000005e98      0x138 ./FreeRTOS/queue.o
                0x0000000000005e98                xQueueReceive
 .text.xQueueSemaphoreTake
                0x0000000000005fd0      0x18e ./FreeRTOS/queue.o
                0x0000000000005fd0                xQueueSemaphoreTake
 .text.xQueueTakeMutexRecursive
                0x000000000000615e       0x5a ./FreeRTOS/queue.o
                0x000000000000615e                xQueueTakeMutexRecursive
 .text.uxQueueMessagesWaiting
                0x00000000000061b8       0x44 ./FreeRTOS/queue.o
                0x00000000000061b8                uxQueueMessagesWaiting
 .text.prvIdleTask
                0x00000000000061fc        0x2 ./FreeRTOS/tasks.o
 .text.prvAddNewTaskToReadyList
                0x00000000000061fe      0x106 ./FreeRTOS/tasks.o
 .text.prvResetNextTaskUnblockTime
                0x0000000000006304       0x20 ./FreeRTOS/tasks.o
 .text.prvTaskIsTaskSuspended
                0x0000000000006324       0x50 ./FreeRTOS/tasks.o
 .text.prvInitialiseNewTask.isra.2
                0x0000000000006374       0xc8 ./FreeRTOS/tasks.o
 .text.prvAddCurrentTaskToDelayedList
                0x000000000000643c       0xa4 ./FreeRTOS/tasks.o
 .text.xTaskCreateStatic
                0x00000000000064e0       0xa6 ./FreeRTOS/tasks.o
                0x00000000000064e0                xTaskCreateStatic
 .text.vTaskResume
                0x0000000000006586       0xa6 ./FreeRTOS/tasks.o
                0x0000000000006586                vTaskResume
 .text.vTaskStartScheduler
                0x000000000000662c       0x5c ./FreeRTOS/tasks.o
                0x000000000000662c                vTaskStartScheduler
 .text.vTaskSuspendAll
                0x0000000000006688       0x10 ./FreeRTOS/tasks.o
                0x0000000000006688                vTaskSuspendAll
 .text.xTaskGetTickCount
                0x0000000000006698        0x6 ./FreeRTOS/tasks.o
                0x0000000000006698                xTaskGetTickCount
 .text.xTaskIncrementTick
                0x000000000000669e      0x194 ./FreeRTOS/tasks.o
                0x000000000000669e                xTaskIncrementTick
 .text.xTaskResumeAll
                0x0000000000006832      0x154 ./FreeRTOS/tasks.o
                0x0000000000006832                xTaskResumeAll
 .text.vTaskDelay
                0x0000000000006986       0x66 ./FreeRTOS/tasks.o
                0x0000000000006986                vTaskDelay
 .text.vTaskSwitchContext
                0x00000000000069ec       0x92 ./FreeRTOS/tasks.o
                0x00000000000069ec                vTaskSwitchContext
 .text.vTaskSuspend
                0x0000000000006a7e       0xea ./FreeRTOS/tasks.o
                0x0000000000006a7e                vTaskSuspend
 .text.vTaskPlaceOnEventList
                0x0000000000006b68       0x48 ./FreeRTOS/tasks.o
                0x0000000000006b68                vTaskPlaceOnEventList
 .text.xTaskRemoveFromEventList
                0x0000000000006bb0       0xe4 ./FreeRTOS/tasks.o
                0x0000000000006bb0                xTaskRemoveFromEventList
 .text.vTaskInternalSetTimeOutState
                0x0000000000006c94        0xe ./FreeRTOS/tasks.o
                0x0000000000006c94                vTaskInternalSetTimeOutState
 .text.xTaskCheckForTimeOut
                0x0000000000006ca2       0xaa ./FreeRTOS/tasks.o
                0x0000000000006ca2                xTaskCheckForTimeOut
 .text.vTaskMissedYield
                0x0000000000006d4c        0x8 ./FreeRTOS/tasks.o
                0x0000000000006d4c                vTaskMissedYield
 .text.xTaskGetCurrentTaskHandle
                0x0000000000006d54        0xa ./FreeRTOS/tasks.o
                0x0000000000006d54                xTaskGetCurrentTaskHandle
 .text.xTaskPriorityInherit
                0x0000000000006d5e       0xaa ./FreeRTOS/tasks.o
                0x0000000000006d5e                xTaskPriorityInherit
 .text.xTaskPriorityDisinherit
                0x0000000000006e08       0xc6 ./FreeRTOS/tasks.o
                0x0000000000006e08                xTaskPriorityDisinherit
 .text.vTaskPriorityDisinheritAfterTimeout
                0x0000000000006ece       0xe2 ./FreeRTOS/tasks.o
                0x0000000000006ece                vTaskPriorityDisinheritAfterTimeout
 .text.pvTaskIncrementMutexHeldCount
                0x0000000000006fb0       0x1c ./FreeRTOS/tasks.o
                0x0000000000006fb0                pvTaskIncrementMutexHeldCount
 .text.ulTaskGenericNotifyTake
                0x0000000000006fcc       0xb8 ./FreeRTOS/tasks.o
                0x0000000000006fcc                ulTaskGenericNotifyTake
 .text.xTaskGenericNotifyWait
                0x0000000000007084       0xe6 ./FreeRTOS/tasks.o
                0x0000000000007084                xTaskGenericNotifyWait
 .text.xTaskGenericNotifyFromISR
                0x000000000000716a      0x1e8 ./FreeRTOS/tasks.o
                0x000000000000716a                xTaskGenericNotifyFromISR
 .text.Delay_Init
                0x0000000000007352       0x2a ./Debug/debug.o
                0x0000000000007352                Delay_Init
 .text.Delay_Ms
                0x000000000000737c       0x36 ./Debug/debug.o
                0x000000000000737c                Delay_Ms
 .text.USART_Printf_Init
                0x00000000000073b2       0x5a ./Debug/debug.o
                0x00000000000073b2                USART_Printf_Init
 .text._write   0x000000000000740c       0x3e ./Debug/debug.o
                0x000000000000740c                _write
 .text._sbrk    0x000000000000744a       0x2a ./Debug/debug.o
                0x000000000000744a                _sbrk
 .text.prv_read_can_received_msg
                0x0000000000007474       0x50 ./CANopenNode/keypad/CO_driver_ST32F103.o
                0x0000000000007474                prv_read_can_received_msg
 .text.prv_send_can_message.isra.0
                0x00000000000074c4       0x2c ./CANopenNode/keypad/CO_driver_ST32F103.o
 .text.CAN_SendMessage
                0x00000000000074f0       0x66 ./CANopenNode/keypad/CO_driver_ST32F103.o
                0x00000000000074f0                CAN_SendMessage
 .text.co_drv_create_os_objects
                0x0000000000007556       0x30 ./CANopenNode/keypad/CO_driver_ST32F103.o
                0x0000000000007556                co_drv_create_os_objects
 .text.co_drv_mutex_lock
                0x0000000000007586       0x18 ./CANopenNode/keypad/CO_driver_ST32F103.o
                0x0000000000007586                co_drv_mutex_lock
 .text.co_drv_mutex_unlock
                0x000000000000759e       0x16 ./CANopenNode/keypad/CO_driver_ST32F103.o
                0x000000000000759e                co_drv_mutex_unlock
 .text.CO_CANsetNormalMode
                0x00000000000075b4       0x1c ./CANopenNode/keypad/CO_driver_ST32F103.o
                0x00000000000075b4                CO_CANsetNormalMode
 .text.CO_CANmodule_init
                0x00000000000075d0      0x110 ./CANopenNode/keypad/CO_driver_ST32F103.o
                0x00000000000075d0                CO_CANmodule_init
 .text.CO_CANmodule_disable
                0x00000000000076e0       0x14 ./CANopenNode/keypad/CO_driver_ST32F103.o
                0x00000000000076e0                CO_CANmodule_disable
 .text.CO_CANrxBufferInit
                0x00000000000076f4       0x52 ./CANopenNode/keypad/CO_driver_ST32F103.o
                0x00000000000076f4                CO_CANrxBufferInit
 .text.CO_CANtxBufferInit
                0x0000000000007746       0x3a ./CANopenNode/keypad/CO_driver_ST32F103.o
                0x0000000000007746                CO_CANtxBufferInit
 .text.CO_CANmodule_process
                0x0000000000007780       0x12 ./CANopenNode/keypad/CO_driver_ST32F103.o
                0x0000000000007780                CO_CANmodule_process
 .text.CO_CANsend
                0x0000000000007792       0x46 ./CANopenNode/keypad/CO_driver_ST32F103.o
                0x0000000000007792                CO_CANsend
 .text.CO_LSSslave_receive
                0x00000000000077d8      0x1a8 ./CANopenNode/305/CO_LSSslave.o
 .text.CO_LSSslave_init
                0x0000000000007980       0xa4 ./CANopenNode/305/CO_LSSslave.o
                0x0000000000007980                CO_LSSslave_init
 .text.CO_LSSslave_process
                0x0000000000007a24      0x1a2 ./CANopenNode/305/CO_LSSslave.o
                0x0000000000007a24                CO_LSSslave_process
 .text.OD_write_1003
                0x0000000000007bc6       0x28 ./CANopenNode/301/CO_Emergency.o
 .text.OD_read_1003
                0x0000000000007bee       0x8c ./CANopenNode/301/CO_Emergency.o
 .text.OD_read_1014_default
                0x0000000000007c7a       0x50 ./CANopenNode/301/CO_Emergency.o
 .text.CO_EM_init
                0x0000000000007cca      0x112 ./CANopenNode/301/CO_Emergency.o
                0x0000000000007cca                CO_EM_init
 .text.CO_error
                0x0000000000007ddc       0xc4 ./CANopenNode/301/CO_Emergency.o
                0x0000000000007ddc                CO_error
 .text.CO_EM_process
                0x0000000000007ea0      0x182 ./CANopenNode/301/CO_Emergency.o
                0x0000000000007ea0                CO_EM_process
 .text.CO_NMT_receive
                0x0000000000008022       0x18 ./CANopenNode/301/CO_NMT_Heartbeat.o
 .text.OD_write_1017
                0x000000000000803a       0x48 ./CANopenNode/301/CO_NMT_Heartbeat.o
 .text.CO_NMT_init
                0x0000000000008082       0xec ./CANopenNode/301/CO_NMT_Heartbeat.o
                0x0000000000008082                CO_NMT_init
 .text.CO_NMT_process
                0x000000000000816e      0x106 ./CANopenNode/301/CO_NMT_Heartbeat.o
                0x000000000000816e                CO_NMT_process
 .text.OD_readDisabled
                0x0000000000008274        0x4 ./CANopenNode/301/CO_ODinterface.o
 .text.OD_readOriginal
                0x0000000000008278       0x50 ./CANopenNode/301/CO_ODinterface.o
                0x0000000000008278                OD_readOriginal
 .text.OD_writeOriginal
                0x00000000000082c8       0x54 ./CANopenNode/301/CO_ODinterface.o
                0x00000000000082c8                OD_writeOriginal
 .text.OD_writeDisabled
                0x000000000000831c        0x4 ./CANopenNode/301/CO_ODinterface.o
 .text.OD_find  0x0000000000008320       0x70 ./CANopenNode/301/CO_ODinterface.o
                0x0000000000008320                OD_find
 .text.OD_getSub
                0x0000000000008390       0xf6 ./CANopenNode/301/CO_ODinterface.o
                0x0000000000008390                OD_getSub
 .text.OD_getSDOabCode
                0x0000000000008486       0x20 ./CANopenNode/301/CO_ODinterface.o
                0x0000000000008486                OD_getSDOabCode
 .text.OD_get_value
                0x00000000000084a6       0x34 ./CANopenNode/301/CO_ODinterface.o
                0x00000000000084a6                OD_get_value
 .text.OD_set_value
                0x00000000000084da       0x2e ./CANopenNode/301/CO_ODinterface.o
                0x00000000000084da                OD_set_value
 .text.OD_getPtr
                0x0000000000008508       0x3c ./CANopenNode/301/CO_ODinterface.o
                0x0000000000008508                OD_getPtr
 .text.OD_write_dummy
                0x0000000000008544        0x8 ./CANopenNode/301/CO_PDO.o
 .text.OD_read_dummy
                0x000000000000854c       0x2e ./CANopenNode/301/CO_PDO.o
 .text.PDOconfigMap
                0x000000000000857a      0x100 ./CANopenNode/301/CO_PDO.o
 .text.CO_PDO_receive
                0x000000000000867a       0x48 ./CANopenNode/301/CO_PDO.o
 .text.OD_read_PDO_commParam
                0x00000000000086c2       0x70 ./CANopenNode/301/CO_PDO.o
 .text.PDO_initMapping.constprop.3
                0x0000000000008732       0xe6 ./CANopenNode/301/CO_PDO.o
 .text.OD_write_PDO_mapping
                0x0000000000008818       0xb4 ./CANopenNode/301/CO_PDO.o
 .text.OD_write_18xx
                0x00000000000088cc      0x184 ./CANopenNode/301/CO_PDO.o
 .text.OD_write_14xx
                0x0000000000008a50      0x15a ./CANopenNode/301/CO_PDO.o
 .text.CO_RPDO_init
                0x0000000000008baa      0x172 ./CANopenNode/301/CO_PDO.o
                0x0000000000008baa                CO_RPDO_init
 .text.CO_RPDO_process
                0x0000000000008d1c      0x114 ./CANopenNode/301/CO_PDO.o
                0x0000000000008d1c                CO_RPDO_process
 .text.CO_TPDO_init
                0x0000000000008e30      0x1d2 ./CANopenNode/301/CO_PDO.o
                0x0000000000008e30                CO_TPDO_init
 .text.CO_TPDO_process
                0x0000000000009002      0x15e ./CANopenNode/301/CO_PDO.o
                0x0000000000009002                CO_TPDO_process
 .text.CO_SDOserver_init_canRxTx
                0x0000000000009160       0x82 ./CANopenNode/301/CO_SDOserver.o
 .text.CO_SDO_receive
                0x00000000000091e2       0x38 ./CANopenNode/301/CO_SDOserver.o
 .text.readFromOd.isra.1.constprop.5
                0x000000000000921a       0xe2 ./CANopenNode/301/CO_SDOserver.o
 .text.OD_write_1201_additional
                0x00000000000092fc      0x158 ./CANopenNode/301/CO_SDOserver.o
 .text.CO_SDOserver_init
                0x0000000000009454      0x172 ./CANopenNode/301/CO_SDOserver.o
                0x0000000000009454                CO_SDOserver_init
 .text.CO_SDOserver_process
                0x00000000000095c6      0x5e8 ./CANopenNode/301/CO_SDOserver.o
                0x00000000000095c6                CO_SDOserver_process
 .text.CO_delete
                0x0000000000009bae       0x56 ./CANopenNode/CANopen.o
                0x0000000000009bae                CO_delete
 .text.CO_new   0x0000000000009c04      0x102 ./CANopenNode/CANopen.o
                0x0000000000009c04                CO_new
 .text.CO_CANinit
                0x0000000000009d06       0x28 ./CANopenNode/CANopen.o
                0x0000000000009d06                CO_CANinit
 .text.CO_LSSinit
                0x0000000000009d2e       0x32 ./CANopenNode/CANopen.o
                0x0000000000009d2e                CO_LSSinit
 .text.CO_CANopenInit
                0x0000000000009d60       0xb8 ./CANopenNode/CANopen.o
                0x0000000000009d60                CO_CANopenInit
 .text.CO_CANopenInitPDO
                0x0000000000009e18       0xea ./CANopenNode/CANopen.o
                0x0000000000009e18                CO_CANopenInitPDO
 .text.CO_process
                0x0000000000009f02       0x7e ./CANopenNode/CANopen.o
                0x0000000000009f02                CO_process
 .text.CO_process_RPDO
                0x0000000000009f80       0x40 ./CANopenNode/CANopen.o
                0x0000000000009f80                CO_process_RPDO
 .text.CO_process_TPDO
                0x0000000000009fc0       0x40 ./CANopenNode/CANopen.o
                0x0000000000009fc0                CO_process_TPDO
 .text.__divdf3
                0x000000000000a000      0x5b4 c:/mounriver/mounriver_studio/toolchain/risc-v embedded gcc/bin/../lib/gcc/riscv-none-embed/8.2.0/rv32imacxw/ilp32\libgcc.a(divdf3.o)
                0x000000000000a000                __divdf3
 .text.__muldf3
                0x000000000000a5b4      0x4b8 c:/mounriver/mounriver_studio/toolchain/risc-v embedded gcc/bin/../lib/gcc/riscv-none-embed/8.2.0/rv32imacxw/ilp32\libgcc.a(muldf3.o)
                0x000000000000a5b4                __muldf3
 .text.__fixunsdfsi
                0x000000000000aa6c       0x5c c:/mounriver/mounriver_studio/toolchain/risc-v embedded gcc/bin/../lib/gcc/riscv-none-embed/8.2.0/rv32imacxw/ilp32\libgcc.a(fixunsdfsi.o)
                0x000000000000aa6c                __fixunsdfsi
 .text.__floatunsidf
                0x000000000000aac8       0x68 c:/mounriver/mounriver_studio/toolchain/risc-v embedded gcc/bin/../lib/gcc/riscv-none-embed/8.2.0/rv32imacxw/ilp32\libgcc.a(floatunsidf.o)
                0x000000000000aac8                __floatunsidf
 .text.__addsf3
                0x000000000000ab30      0x36a c:/mounriver/mounriver_studio/toolchain/risc-v embedded gcc/bin/../lib/gcc/riscv-none-embed/8.2.0/rv32imacxw/ilp32\libgcc.a(addsf3.o)
                0x000000000000ab30                __addsf3
 .text.__divsf3
                0x000000000000ae9a      0x2b2 c:/mounriver/mounriver_studio/toolchain/risc-v embedded gcc/bin/../lib/gcc/riscv-none-embed/8.2.0/rv32imacxw/ilp32\libgcc.a(divsf3.o)
                0x000000000000ae9a                __divsf3
 .text.__gesf2  0x000000000000b14c       0x86 c:/mounriver/mounriver_studio/toolchain/risc-v embedded gcc/bin/../lib/gcc/riscv-none-embed/8.2.0/rv32imacxw/ilp32\libgcc.a(gesf2.o)
                0x000000000000b14c                __gesf2
                0x000000000000b14c                __gtsf2
 .text.__lesf2  0x000000000000b1d2       0x8c c:/mounriver/mounriver_studio/toolchain/risc-v embedded gcc/bin/../lib/gcc/riscv-none-embed/8.2.0/rv32imacxw/ilp32\libgcc.a(lesf2.o)
                0x000000000000b1d2                __ltsf2
                0x000000000000b1d2                __lesf2
 .text.__mulsf3
                0x000000000000b25e      0x294 c:/mounriver/mounriver_studio/toolchain/risc-v embedded gcc/bin/../lib/gcc/riscv-none-embed/8.2.0/rv32imacxw/ilp32\libgcc.a(mulsf3.o)
                0x000000000000b25e                __mulsf3
 .text.__subsf3
                0x000000000000b4f2      0x388 c:/mounriver/mounriver_studio/toolchain/risc-v embedded gcc/bin/../lib/gcc/riscv-none-embed/8.2.0/rv32imacxw/ilp32\libgcc.a(subsf3.o)
                0x000000000000b4f2                __subsf3
 .text.__fixsfsi
                0x000000000000b87a       0x62 c:/mounriver/mounriver_studio/toolchain/risc-v embedded gcc/bin/../lib/gcc/riscv-none-embed/8.2.0/rv32imacxw/ilp32\libgcc.a(fixsfsi.o)
                0x000000000000b87a                __fixsfsi
 .text.__fixunssfsi
                0x000000000000b8dc       0x56 c:/mounriver/mounriver_studio/toolchain/risc-v embedded gcc/bin/../lib/gcc/riscv-none-embed/8.2.0/rv32imacxw/ilp32\libgcc.a(fixunssfsi.o)
                0x000000000000b8dc                __fixunssfsi
 .text.__floatsisf
                0x000000000000b932       0xc6 c:/mounriver/mounriver_studio/toolchain/risc-v embedded gcc/bin/../lib/gcc/riscv-none-embed/8.2.0/rv32imacxw/ilp32\libgcc.a(floatsisf.o)
                0x000000000000b932                __floatsisf
 .text.__floatunsisf
                0x000000000000b9f8       0xce c:/mounriver/mounriver_studio/toolchain/risc-v embedded gcc/bin/../lib/gcc/riscv-none-embed/8.2.0/rv32imacxw/ilp32\libgcc.a(floatunsisf.o)
                0x000000000000b9f8                __floatunsisf
 .text.__extendsfdf2
                0x000000000000bac6       0xac c:/mounriver/mounriver_studio/toolchain/risc-v embedded gcc/bin/../lib/gcc/riscv-none-embed/8.2.0/rv32imacxw/ilp32\libgcc.a(extendsfdf2.o)
                0x000000000000bac6                __extendsfdf2
 .text.__truncdfsf2
                0x000000000000bb72      0x16a c:/mounriver/mounriver_studio/toolchain/risc-v embedded gcc/bin/../lib/gcc/riscv-none-embed/8.2.0/rv32imacxw/ilp32\libgcc.a(truncdfsf2.o)
                0x000000000000bb72                __truncdfsf2
 .text.__clzsi2
                0x000000000000bcdc       0x6e c:/mounriver/mounriver_studio/toolchain/risc-v embedded gcc/bin/../lib/gcc/riscv-none-embed/8.2.0/rv32imacxw/ilp32\libgcc.a(_clzsi2.o)
                0x000000000000bcdc                __clzsi2
 .text.calloc   0x000000000000bd4a        0xc c:/mounriver/mounriver_studio/toolchain/risc-v embedded gcc/bin/../lib/gcc/riscv-none-embed/8.2.0/../../../../riscv-none-embed/lib/rv32imacxw/ilp32\libg_nano.a(lib_a-calloc.o)
                0x000000000000bd4a                calloc
 .text.free     0x000000000000bd56        0xa c:/mounriver/mounriver_studio/toolchain/risc-v embedded gcc/bin/../lib/gcc/riscv-none-embed/8.2.0/../../../../riscv-none-embed/lib/rv32imacxw/ilp32\libg_nano.a(lib_a-malloc.o)
                0x000000000000bd56                free
 .text.memcpy   0x000000000000bd60       0xb2 c:/mounriver/mounriver_studio/toolchain/risc-v embedded gcc/bin/../lib/gcc/riscv-none-embed/8.2.0/../../../../riscv-none-embed/lib/rv32imacxw/ilp32\libg_nano.a(lib_a-memcpy.o)
                0x000000000000bd60                memcpy
 .text.memmove  0x000000000000be12       0x46 c:/mounriver/mounriver_studio/toolchain/risc-v embedded gcc/bin/../lib/gcc/riscv-none-embed/8.2.0/../../../../riscv-none-embed/lib/rv32imacxw/ilp32\libg_nano.a(lib_a-memmove.o)
                0x000000000000be12                memmove
 .text._calloc_r
                0x000000000000be58       0x26 c:/mounriver/mounriver_studio/toolchain/risc-v embedded gcc/bin/../lib/gcc/riscv-none-embed/8.2.0/../../../../riscv-none-embed/lib/rv32imacxw/ilp32\libg_nano.a(lib_a-nano-callocr.o)
                0x000000000000be58                _calloc_r
 .text._free_r  0x000000000000be7e       0xa8 c:/mounriver/mounriver_studio/toolchain/risc-v embedded gcc/bin/../lib/gcc/riscv-none-embed/8.2.0/../../../../riscv-none-embed/lib/rv32imacxw/ilp32\libg_nano.a(lib_a-nano-freer.o)
                0x000000000000be7e                _free_r
 .text._malloc_r
                0x000000000000bf26       0xd4 c:/mounriver/mounriver_studio/toolchain/risc-v embedded gcc/bin/../lib/gcc/riscv-none-embed/8.2.0/../../../../riscv-none-embed/lib/rv32imacxw/ilp32\libg_nano.a(lib_a-nano-mallocr.o)
                0x000000000000bf26                _malloc_r
 .text.printf   0x000000000000bffa       0x40 c:/mounriver/mounriver_studio/toolchain/risc-v embedded gcc/bin/../lib/gcc/riscv-none-embed/8.2.0/../../../../riscv-none-embed/lib/rv32imacxw/ilp32\libg_nano.a(lib_a-printf.o)
                0x000000000000bffa                iprintf
                0x000000000000bffa                printf
 .text._puts_r  0x000000000000c03a       0xd4 c:/mounriver/mounriver_studio/toolchain/risc-v embedded gcc/bin/../lib/gcc/riscv-none-embed/8.2.0/../../../../riscv-none-embed/lib/rv32imacxw/ilp32\libg_nano.a(lib_a-puts.o)
                0x000000000000c03a                _puts_r
 .text.puts     0x000000000000c10e        0xc c:/mounriver/mounriver_studio/toolchain/risc-v embedded gcc/bin/../lib/gcc/riscv-none-embed/8.2.0/../../../../riscv-none-embed/lib/rv32imacxw/ilp32\libg_nano.a(lib_a-puts.o)
                0x000000000000c10e                puts
 .text._sbrk_r  0x000000000000c11a       0x32 c:/mounriver/mounriver_studio/toolchain/risc-v embedded gcc/bin/../lib/gcc/riscv-none-embed/8.2.0/../../../../riscv-none-embed/lib/rv32imacxw/ilp32\libg_nano.a(lib_a-sbrkr.o)
                0x000000000000c11a                _sbrk_r
 .text.strlen   0x000000000000c14c       0x12 c:/mounriver/mounriver_studio/toolchain/risc-v embedded gcc/bin/../lib/gcc/riscv-none-embed/8.2.0/../../../../riscv-none-embed/lib/rv32imacxw/ilp32\libg_nano.a(lib_a-strlen.o)
                0x000000000000c14c                strlen
 .text.__swbuf_r
                0x000000000000c15e       0xbc c:/mounriver/mounriver_studio/toolchain/risc-v embedded gcc/bin/../lib/gcc/riscv-none-embed/8.2.0/../../../../riscv-none-embed/lib/rv32imacxw/ilp32\libg_nano.a(lib_a-wbuf.o)
                0x000000000000c15e                __swbuf_r
 .text.__swsetup_r
                0x000000000000c21a       0xfe c:/mounriver/mounriver_studio/toolchain/risc-v embedded gcc/bin/../lib/gcc/riscv-none-embed/8.2.0/../../../../riscv-none-embed/lib/rv32imacxw/ilp32\libg_nano.a(lib_a-wsetup.o)
                0x000000000000c21a                __swsetup_r
 .text.__sflush_r
                0x000000000000c318      0x132 c:/mounriver/mounriver_studio/toolchain/risc-v embedded gcc/bin/../lib/gcc/riscv-none-embed/8.2.0/../../../../riscv-none-embed/lib/rv32imacxw/ilp32\libg_nano.a(lib_a-fflush.o)
                0x000000000000c318                __sflush_r
 .text._fflush_r
                0x000000000000c44a       0x66 c:/mounriver/mounriver_studio/toolchain/risc-v embedded gcc/bin/../lib/gcc/riscv-none-embed/8.2.0/../../../../riscv-none-embed/lib/rv32imacxw/ilp32\libg_nano.a(lib_a-fflush.o)
                0x000000000000c44a                _fflush_r
 .text.std      0x000000000000c4b0       0x66 c:/mounriver/mounriver_studio/toolchain/risc-v embedded gcc/bin/../lib/gcc/riscv-none-embed/8.2.0/../../../../riscv-none-embed/lib/rv32imacxw/ilp32\libg_nano.a(lib_a-findfp.o)
 .text._cleanup_r
                0x000000000000c516        0xa c:/mounriver/mounriver_studio/toolchain/risc-v embedded gcc/bin/../lib/gcc/riscv-none-embed/8.2.0/../../../../riscv-none-embed/lib/rv32imacxw/ilp32\libg_nano.a(lib_a-findfp.o)
                0x000000000000c516                _cleanup_r
 .text.__sfmoreglue
                0x000000000000c520       0x48 c:/mounriver/mounriver_studio/toolchain/risc-v embedded gcc/bin/../lib/gcc/riscv-none-embed/8.2.0/../../../../riscv-none-embed/lib/rv32imacxw/ilp32\libg_nano.a(lib_a-findfp.o)
                0x000000000000c520                __sfmoreglue
 .text.__sinit  0x000000000000c568       0x6c c:/mounriver/mounriver_studio/toolchain/risc-v embedded gcc/bin/../lib/gcc/riscv-none-embed/8.2.0/../../../../riscv-none-embed/lib/rv32imacxw/ilp32\libg_nano.a(lib_a-findfp.o)
                0x000000000000c568                __sinit
 .text.__sfp    0x000000000000c5d4       0xa0 c:/mounriver/mounriver_studio/toolchain/risc-v embedded gcc/bin/../lib/gcc/riscv-none-embed/8.2.0/../../../../riscv-none-embed/lib/rv32imacxw/ilp32\libg_nano.a(lib_a-findfp.o)
                0x000000000000c5d4                __sfp
 .text._fwalk_reent
                0x000000000000c674       0x6a c:/mounriver/mounriver_studio/toolchain/risc-v embedded gcc/bin/../lib/gcc/riscv-none-embed/8.2.0/../../../../riscv-none-embed/lib/rv32imacxw/ilp32\libg_nano.a(lib_a-fwalk.o)
                0x000000000000c674                _fwalk_reent
 .text.__swhatbuf_r
                0x000000000000c6de       0x58 c:/mounriver/mounriver_studio/toolchain/risc-v embedded gcc/bin/../lib/gcc/riscv-none-embed/8.2.0/../../../../riscv-none-embed/lib/rv32imacxw/ilp32\libg_nano.a(lib_a-makebuf.o)
                0x000000000000c6de                __swhatbuf_r
 .text.__smakebuf_r
                0x000000000000c736       0x94 c:/mounriver/mounriver_studio/toolchain/risc-v embedded gcc/bin/../lib/gcc/riscv-none-embed/8.2.0/../../../../riscv-none-embed/lib/rv32imacxw/ilp32\libg_nano.a(lib_a-makebuf.o)
                0x000000000000c736                __smakebuf_r
 .text.__malloc_lock
                0x000000000000c7ca        0x2 c:/mounriver/mounriver_studio/toolchain/risc-v embedded gcc/bin/../lib/gcc/riscv-none-embed/8.2.0/../../../../riscv-none-embed/lib/rv32imacxw/ilp32\libg_nano.a(lib_a-mlock.o)
                0x000000000000c7ca                __malloc_lock
 .text.__malloc_unlock
                0x000000000000c7cc        0x2 c:/mounriver/mounriver_studio/toolchain/risc-v embedded gcc/bin/../lib/gcc/riscv-none-embed/8.2.0/../../../../riscv-none-embed/lib/rv32imacxw/ilp32\libg_nano.a(lib_a-mlock.o)
                0x000000000000c7cc                __malloc_unlock
 .text.__sfputc_r
                0x000000000000c7ce       0x28 c:/mounriver/mounriver_studio/toolchain/risc-v embedded gcc/bin/../lib/gcc/riscv-none-embed/8.2.0/../../../../riscv-none-embed/lib/rv32imacxw/ilp32\libg_nano.a(lib_a-nano-vfprintf.o)
 .text.__sfputs_r
                0x000000000000c7f6       0x42 c:/mounriver/mounriver_studio/toolchain/risc-v embedded gcc/bin/../lib/gcc/riscv-none-embed/8.2.0/../../../../riscv-none-embed/lib/rv32imacxw/ilp32\libg_nano.a(lib_a-nano-vfprintf.o)
                0x000000000000c7f6                __sfputs_r
 .text._vfprintf_r
                0x000000000000c838      0x288 c:/mounriver/mounriver_studio/toolchain/risc-v embedded gcc/bin/../lib/gcc/riscv-none-embed/8.2.0/../../../../riscv-none-embed/lib/rv32imacxw/ilp32\libg_nano.a(lib_a-nano-vfprintf.o)
                0x000000000000c838                _vfprintf_r
                0x000000000000c838                _vfiprintf_r
 .text._printf_common
                0x000000000000cac0      0x10c c:/mounriver/mounriver_studio/toolchain/risc-v embedded gcc/bin/../lib/gcc/riscv-none-embed/8.2.0/../../../../riscv-none-embed/lib/rv32imacxw/ilp32\libg_nano.a(lib_a-nano-vfprintf_i.o)
                0x000000000000cac0                _printf_common
 .text._printf_i
                0x000000000000cbcc      0x2a2 c:/mounriver/mounriver_studio/toolchain/risc-v embedded gcc/bin/../lib/gcc/riscv-none-embed/8.2.0/../../../../riscv-none-embed/lib/rv32imacxw/ilp32\libg_nano.a(lib_a-nano-vfprintf_i.o)
                0x000000000000cbcc                _printf_i
 .text.__sread  0x000000000000ce6e       0x2c c:/mounriver/mounriver_studio/toolchain/risc-v embedded gcc/bin/../lib/gcc/riscv-none-embed/8.2.0/../../../../riscv-none-embed/lib/rv32imacxw/ilp32\libg_nano.a(lib_a-stdio.o)
                0x000000000000ce6e                __sread
 .text.__swrite
                0x000000000000ce9a       0x48 c:/mounriver/mounriver_studio/toolchain/risc-v embedded gcc/bin/../lib/gcc/riscv-none-embed/8.2.0/../../../../riscv-none-embed/lib/rv32imacxw/ilp32\libg_nano.a(lib_a-stdio.o)
                0x000000000000ce9a                __swrite
 .text.__sseek  0x000000000000cee2       0x30 c:/mounriver/mounriver_studio/toolchain/risc-v embedded gcc/bin/../lib/gcc/riscv-none-embed/8.2.0/../../../../riscv-none-embed/lib/rv32imacxw/ilp32\libg_nano.a(lib_a-stdio.o)
                0x000000000000cee2                __sseek
 .text.__sclose
                0x000000000000cf12        0x6 c:/mounriver/mounriver_studio/toolchain/risc-v embedded gcc/bin/../lib/gcc/riscv-none-embed/8.2.0/../../../../riscv-none-embed/lib/rv32imacxw/ilp32\libg_nano.a(lib_a-stdio.o)
                0x000000000000cf12                __sclose
 .text._write_r
                0x000000000000cf18       0x36 c:/mounriver/mounriver_studio/toolchain/risc-v embedded gcc/bin/../lib/gcc/riscv-none-embed/8.2.0/../../../../riscv-none-embed/lib/rv32imacxw/ilp32\libg_nano.a(lib_a-writer.o)
                0x000000000000cf18                _write_r
 .text._close_r
                0x000000000000cf4e       0x30 c:/mounriver/mounriver_studio/toolchain/risc-v embedded gcc/bin/../lib/gcc/riscv-none-embed/8.2.0/../../../../riscv-none-embed/lib/rv32imacxw/ilp32\libg_nano.a(lib_a-closer.o)
                0x000000000000cf4e                _close_r
 .text._fstat_r
                0x000000000000cf7e       0x32 c:/mounriver/mounriver_studio/toolchain/risc-v embedded gcc/bin/../lib/gcc/riscv-none-embed/8.2.0/../../../../riscv-none-embed/lib/rv32imacxw/ilp32\libg_nano.a(lib_a-fstatr.o)
                0x000000000000cf7e                _fstat_r
 .text._isatty_r
                0x000000000000cfb0       0x30 c:/mounriver/mounriver_studio/toolchain/risc-v embedded gcc/bin/../lib/gcc/riscv-none-embed/8.2.0/../../../../riscv-none-embed/lib/rv32imacxw/ilp32\libg_nano.a(lib_a-isattyr.o)
                0x000000000000cfb0                _isatty_r
 .text._lseek_r
                0x000000000000cfe0       0x34 c:/mounriver/mounriver_studio/toolchain/risc-v embedded gcc/bin/../lib/gcc/riscv-none-embed/8.2.0/../../../../riscv-none-embed/lib/rv32imacxw/ilp32\libg_nano.a(lib_a-lseekr.o)
                0x000000000000cfe0                _lseek_r
 .text.memchr   0x000000000000d014       0x18 c:/mounriver/mounriver_studio/toolchain/risc-v embedded gcc/bin/../lib/gcc/riscv-none-embed/8.2.0/../../../../riscv-none-embed/lib/rv32imacxw/ilp32\libg_nano.a(lib_a-memchr.o)
                0x000000000000d014                memchr
 .text._read_r  0x000000000000d02c       0x34 c:/mounriver/mounriver_studio/toolchain/risc-v embedded gcc/bin/../lib/gcc/riscv-none-embed/8.2.0/../../../../riscv-none-embed/lib/rv32imacxw/ilp32\libg_nano.a(lib_a-readr.o)
                0x000000000000d02c                _read_r
 .text._close   0x000000000000d060       0x10 c:/mounriver/mounriver_studio/toolchain/risc-v embedded gcc/bin/../lib/gcc/riscv-none-embed/8.2.0/../../../../riscv-none-embed/lib/rv32imacxw/ilp32\libnosys.a(close.o)
                0x000000000000d060                _close
 .text._fstat   0x000000000000d070       0x10 c:/mounriver/mounriver_studio/toolchain/risc-v embedded gcc/bin/../lib/gcc/riscv-none-embed/8.2.0/../../../../riscv-none-embed/lib/rv32imacxw/ilp32\libnosys.a(fstat.o)
                0x000000000000d070                _fstat
 .text._isatty  0x000000000000d080       0x10 c:/mounriver/mounriver_studio/toolchain/risc-v embedded gcc/bin/../lib/gcc/riscv-none-embed/8.2.0/../../../../riscv-none-embed/lib/rv32imacxw/ilp32\libnosys.a(isatty.o)
                0x000000000000d080                _isatty
 .text._lseek   0x000000000000d090       0x10 c:/mounriver/mounriver_studio/toolchain/risc-v embedded gcc/bin/../lib/gcc/riscv-none-embed/8.2.0/../../../../riscv-none-embed/lib/rv32imacxw/ilp32\libnosys.a(lseek.o)
                0x000000000000d090                _lseek
 .text._read    0x000000000000d0a0       0x10 c:/mounriver/mounriver_studio/toolchain/risc-v embedded gcc/bin/../lib/gcc/riscv-none-embed/8.2.0/../../../../riscv-none-embed/lib/rv32imacxw/ilp32\libnosys.a(read.o)
                0x000000000000d0a0                _read
 *(.rodata)
 *fill*         0x000000000000d0b0        0x0 
 .rodata        0x000000000000d0b0       0x14 ./User/dash_draw.o
 *(.rodata*)
 .rodata.vCanOpenProcess.str1.4
                0x000000000000d0c4        0xa ./User/CanOpenNode.o
 *fill*         0x000000000000d0ce        0x2 
 .rodata.CalPoint
                0x000000000000d0d0       0x48 ./User/DataModel.o
 .rodata.CalPoint1
                0x000000000000d118       0x18 ./User/DataModel.o
 .rodata.bitrate_table
                0x000000000000d130       0x10 ./User/DataModel.o
 .rodata.seg_const.7401
                0x000000000000d140       0x12 ./User/DataModel.o
 *fill*         0x000000000000d152        0x2 
 .rodata.str1.4
                0x000000000000d154       0x1e ./User/DataModel.o
 *fill*         0x000000000000d172        0x2 
 .rodata.vIncrementSystemCounters.cst4
                0x000000000000d174        0x8 ./User/DataModel.o
 .rodata.getODValue
                0x000000000000d17c       0x78 ./User/dash_draw.o
 .rodata.MenuStateCross
                0x000000000000d1f4       0x1c ./User/dash_draw.o
 .rodata.dm     0x000000000000d210       0x3f ./User/dash_draw.o
 *fill*         0x000000000000d24f        0x1 
 .rodata.getODValue.cst4
                0x000000000000d250        0x4 ./User/dash_draw.o
                                          0x8 (size before relaxing)
 .rodata.vBarColorMode.cst4
                0x000000000000d254        0x4 ./User/dash_draw.o
 .rodata.vRedrawTask.cst4
                0x000000000000d258        0x4 ./User/dash_draw.o
 .rodata.ADC_FSM.cst4
                0x000000000000d25c        0xc ./User/inputs.o
 *fill*         0x000000000000d268        0x0 
 .rodata.ADC_FSM.cst8
                0x000000000000d268       0x18 ./User/inputs.o
 .rodata.vInputsTask.cst4
                0x000000000000d280        0x8 ./User/inputs.o
 .rodata.SetSegDirect
                0x000000000000d288       0x1c ./User/led.o
 .rodata.Brigth
                0x000000000000d2a4       0x1e ./User/led.o
 *fill*         0x000000000000d2c2        0x2 
 .rodata.DigitMask
                0x000000000000d2c4        0xa ./User/led.o
                0x000000000000d2c4                DigitMask
 *fill*         0x000000000000d2ce        0x2 
 .rodata.offset_mask
                0x000000000000d2d0        0xe ./User/led.o
 *fill*         0x000000000000d2de        0x2 
 .rodata.step_mask
                0x000000000000d2e0        0xe ./User/led.o
 *fill*         0x000000000000d2ee        0x2 
 .rodata.Error_Handler.str1.4
                0x000000000000d2f0        0xf ./User/main.o
 *fill*         0x000000000000d2ff        0x1 
 .rodata.main.str1.4
                0x000000000000d300        0xf ./User/main.o
 *fill*         0x000000000000d30f        0x1 
 .rodata.OD_readBoardSettings
                0x000000000000d310       0x18 ./User/process.o
 .rodata.OD_writeBoardSettings
                0x000000000000d328       0x18 ./User/process.o
 .rodata.OD_ADC1_CAL_extension
                0x000000000000d340       0x10 ./User/process.o
                0x000000000000d340                OD_ADC1_CAL_extension
 .rodata.OD_ADC2_CAL_extension
                0x000000000000d350       0x10 ./User/process.o
                0x000000000000d350                OD_ADC2_CAL_extension
 .rodata.OD_ADC3_CAL_extension
                0x000000000000d360       0x10 ./User/process.o
                0x000000000000d360                OD_ADC3_CAL_extension
 .rodata.OD_AIN_RPM_extension
                0x000000000000d370       0x10 ./User/process.o
                0x000000000000d370                OD_AIN_RPM_extension
 .rodata.OD_BAR_extension
                0x000000000000d380       0x10 ./User/process.o
                0x000000000000d380                OD_BAR_extension
 .rodata.OD_BOARD_SETTINGS_extension
                0x000000000000d390       0x10 ./User/process.o
                0x000000000000d390                OD_BOARD_SETTINGS_extension
 .rodata.OD_DASH_PARAM_extension
                0x000000000000d3a0       0x10 ./User/process.o
                0x000000000000d3a0                OD_DASH_PARAM_extension
 .rodata.OD_DIN_extension
                0x000000000000d3b0       0x10 ./User/process.o
                0x000000000000d3b0                OD_DIN_extension
 .rodata.OD_INPUT_CH_CONFIG_extension
                0x000000000000d3c0       0x10 ./User/process.o
                0x000000000000d3c0                OD_INPUT_CH_CONFIG_extension
 .rodata.OD_KEY_extension
                0x000000000000d3d0       0x10 ./User/process.o
                0x000000000000d3d0                OD_KEY_extension
 .rodata.OD_MENU_MAP_extension
                0x000000000000d3e0       0x10 ./User/process.o
                0x000000000000d3e0                OD_MENU_MAP_extension
 .rodata.OD_MENU_SETUP_extension
                0x000000000000d3f0       0x10 ./User/process.o
                0x000000000000d3f0                OD_MENU_SETUP_extension
 .rodata.OD_RGB10_extension
                0x000000000000d400       0x10 ./User/process.o
                0x000000000000d400                OD_RGB10_extension
 .rodata.OD_RGB11_extension
                0x000000000000d410       0x10 ./User/process.o
                0x000000000000d410                OD_RGB11_extension
 .rodata.OD_RGB12_extension
                0x000000000000d420       0x10 ./User/process.o
                0x000000000000d420                OD_RGB12_extension
 .rodata.OD_RGB13_extension
                0x000000000000d430       0x10 ./User/process.o
                0x000000000000d430                OD_RGB13_extension
 .rodata.OD_RGB14_extension
                0x000000000000d440       0x10 ./User/process.o
                0x000000000000d440                OD_RGB14_extension
 .rodata.OD_RGB1_extension
                0x000000000000d450       0x10 ./User/process.o
                0x000000000000d450                OD_RGB1_extension
 .rodata.OD_RGB2_extension
                0x000000000000d460       0x10 ./User/process.o
                0x000000000000d460                OD_RGB2_extension
 .rodata.OD_RGB3_extension
                0x000000000000d470       0x10 ./User/process.o
                0x000000000000d470                OD_RGB3_extension