Archive member included to satisfy reference by file (symbol)

c:/mounriver/mounriver_studio/toolchain/risc-v embedded gcc/bin/../lib/gcc/riscv-none-embed/8.2.0/rv32imacxw/ilp32\libgcc.a(divdf3.o)
                              ./HAL_LIB/hw_lib_din.o (__divdf3)
c:/mounriver/mounriver_studio/toolchain/risc-v embedded gcc/bin/../lib/gcc/riscv-none-embed/8.2.0/rv32imacxw/ilp32\libgcc.a(muldf3.o)
                              ./User/inputs.o (__muldf3)
c:/mounriver/mounriver_studio/toolchain/risc-v embedded gcc/bin/../lib/gcc/riscv-none-embed/8.2.0/rv32imacxw/ilp32\libgcc.a(fixunsdfsi.o)
                              ./HAL_LIB/hw_lib_din.o (__fixunsdfsi)
c:/mounriver/mounriver_studio/toolchain/risc-v embedded gcc/bin/../lib/gcc/riscv-none-embed/8.2.0/rv32imacxw/ilp32\libgcc.a(floatunsidf.o)
                              ./User/inputs.o (__floatunsidf)
c:/mounriver/mounriver_studio/toolchain/risc-v embedded gcc/bin/../lib/gcc/riscv-none-embed/8.2.0/rv32imacxw/ilp32\libgcc.a(addsf3.o)
                              ./User/inputs.o (__addsf3)
c:/mounriver/mounriver_studio/toolchain/risc-v embedded gcc/bin/../lib/gcc/riscv-none-embed/8.2.0/rv32imacxw/ilp32\libgcc.a(divsf3.o)
                              ./User/DataModel.o (__divsf3)
c:/mounriver/mounriver_studio/toolchain/risc-v embedded gcc/bin/../lib/gcc/riscv-none-embed/8.2.0/rv32imacxw/ilp32\libgcc.a(eqsf2.o)
                              ./HAL_LIB/hw_lib_din.o (__nesf2)
c:/mounriver/mounriver_studio/toolchain/risc-v embedded gcc/bin/../lib/gcc/riscv-none-embed/8.2.0/rv32imacxw/ilp32\libgcc.a(gesf2.o)
                              ./User/inputs.o (__gesf2)
c:/mounriver/mounriver_studio/toolchain/risc-v embedded gcc/bin/../lib/gcc/riscv-none-embed/8.2.0/rv32imacxw/ilp32\libgcc.a(lesf2.o)
                              ./HAL_LIB/hw_lib_din.o (__lesf2)
c:/mounriver/mounriver_studio/toolchain/risc-v embedded gcc/bin/../lib/gcc/riscv-none-embed/8.2.0/rv32imacxw/ilp32\libgcc.a(mulsf3.o)
                              ./User/dash_draw.o (__mulsf3)
c:/mounriver/mounriver_studio/toolchain/risc-v embedded gcc/bin/../lib/gcc/riscv-none-embed/8.2.0/rv32imacxw/ilp32\libgcc.a(subsf3.o)
                              ./User/dash_draw.o (__subsf3)
c:/mounriver/mounriver_studio/toolchain/risc-v embedded gcc/bin/../lib/gcc/riscv-none-embed/8.2.0/rv32imacxw/ilp32\libgcc.a(fixsfsi.o)
                              ./User/dash_draw.o (__fixsfsi)
c:/mounriver/mounriver_studio/toolchain/risc-v embedded gcc/bin/../lib/gcc/riscv-none-embed/8.2.0/rv32imacxw/ilp32\libgcc.a(fixunssfsi.o)
                              ./User/DataModel.o (__fixunssfsi)
c:/mounriver/mounriver_studio/toolchain/risc-v embedded gcc/bin/../lib/gcc/riscv-none-embed/8.2.0/rv32imacxw/ilp32\libgcc.a(floatsisf.o)
                              ./User/DataModel.o (__floatsisf)
c:/mounriver/mounriver_studio/toolchain/risc-v embedded gcc/bin/../lib/gcc/riscv-none-embed/8.2.0/rv32imacxw/ilp32\libgcc.a(floatunsisf.o)
                              ./User/DataModel.o (__floatunsisf)
c:/mounriver/mounriver_studio/toolchain/risc-v embedded gcc/bin/../lib/gcc/riscv-none-embed/8.2.0/rv32imacxw/ilp32\libgcc.a(extendsfdf2.o)
                              ./HAL_LIB/hw_lib_din.o (__extendsfdf2)
c:/mounriver/mounriver_studio/toolchain/risc-v embedded gcc/bin/../lib/gcc/riscv-none-embed/8.2.0/rv32imacxw/ilp32\libgcc.a(truncdfsf2.o)
                              ./User/inputs.o (__truncdfsf2)
c:/mounriver/mounriver_studio/toolchain/risc-v embedded gcc/bin/../lib/gcc/riscv-none-embed/8.2.0/rv32imacxw/ilp32\libgcc.a(save-restore.o)
                              ./User/inputs.o (__riscv_save_12)
c:/mounriver/mounriver_studio/toolchain/risc-v embedded gcc/bin/../lib/gcc/riscv-none-embed/8.2.0/rv32imacxw/ilp32\libgcc.a(_clzsi2.o)
                              c:/mounriver/mounriver_studio/toolchain/risc-v embedded gcc/bin/../lib/gcc/riscv-none-embed/8.2.0/rv32imacxw/ilp32\libgcc.a(divdf3.o) (__clzsi2)
c:/mounriver/mounriver_studio/toolchain/risc-v embedded gcc/bin/../lib/gcc/riscv-none-embed/8.2.0/rv32imacxw/ilp32\libgcc.a(_clz.o)
                              c:/mounriver/mounriver_studio/toolchain/risc-v embedded gcc/bin/../lib/gcc/riscv-none-embed/8.2.0/rv32imacxw/ilp32\libgcc.a(_clzsi2.o) (__clz_tab)
c:/mounriver/mounriver_studio/toolchain/risc-v embedded gcc/bin/../lib/gcc/riscv-none-embed/8.2.0/../../../../riscv-none-embed/lib/rv32imacxw/ilp32\libg_nano.a(lib_a-calloc.o)
                              ./CANopenNode/CANopen.o (calloc)
c:/mounriver/mounriver_studio/toolchain/risc-v embedded gcc/bin/../lib/gcc/riscv-none-embed/8.2.0/../../../../riscv-none-embed/lib/rv32imacxw/ilp32\libg_nano.a(lib_a-impure.o)
                              c:/mounriver/mounriver_studio/toolchain/risc-v embedded gcc/bin/../lib/gcc/riscv-none-embed/8.2.0/../../../../riscv-none-embed/lib/rv32imacxw/ilp32\libg_nano.a(lib_a-calloc.o) (_impure_ptr)
[...]
Memory Configuration

Name             Origin             Length             Attributes
FLASH            0x0000000000000000 0x000000000000f000 xr
SFLASH           0x0000000000010000 0x0000000000002800 xr
RAM              0x0000000020000000 0x0000000000005000 xrw
*default*        0x0000000000000000 0xffffffffffffffff

Linker script and memory map

LOAD ./User/CanOpenNode.o
LOAD ./User/DataModel.o
LOAD ./User/ch32v20x_it.o
LOAD ./User/dash_draw.o
LOAD ./User/init.o
LOAD ./User/inputs.o
LOAD ./User/led.o
LOAD ./User/main.o
LOAD ./User/process.o
LOAD ./User/system_ch32v20x.o
LOAD ./User/system_init.o
LOAD ./Startup/startup_ch32v20x_D6.o
LOAD ./Peripheral/src/ch32v20x_adc.o
LOAD ./Peripheral/src/ch32v20x_bkp.o
LOAD ./Peripheral/src/ch32v20x_can.o
LOAD ./Peripheral/src/ch32v20x_crc.o
LOAD ./Peripheral/src/ch32v20x_dbgmcu.o
LOAD ./Peripheral/src/ch32v20x_dma.o
LOAD ./Peripheral/src/ch32v20x_exti.o
LOAD ./Peripheral/src/ch32v20x_flash.o
LOAD ./Peripheral/src/ch32v20x_gpio.o
LOAD ./Peripheral/src/ch32v20x_i2c.o
LOAD ./Peripheral/src/ch32v20x_iwdg.o
LOAD ./Peripheral/src/ch32v20x_misc.o
LOAD ./Peripheral/src/ch32v20x_opa.o
LOAD ./Peripheral/src/ch32v20x_pwr.o
LOAD ./Peripheral/src/ch32v20x_rcc.o
LOAD ./Peripheral/src/ch32v20x_rtc.o
LOAD ./Peripheral/src/ch32v20x_spi.o
LOAD ./Peripheral/src/ch32v20x_tim.o
LOAD ./Peripheral/src/ch32v20x_usart.o
LOAD ./Peripheral/src/ch32v20x_wwdg.o
LOAD ./HAL_LIB/filters.o
LOAD ./HAL_LIB/hw_data_model.o
LOAD ./HAL_LIB/hw_lib_adc.o
LOAD ./HAL_LIB/hw_lib_din.o
LOAD ./HAL_LIB/hw_lib_eeprom_i2c.o
LOAD ./HAL_LIB/hw_timeout.o
LOAD ./HAL_DRIVER/hal_can_ch32.o
LOAD ./HAL_DRIVER/hal_flash_ch32.o
LOAD ./HAL_DRIVER/hal_gpio_ch32.o
LOAD ./HAL_DRIVER/hal_irq.o
LOAD ./HAL_DRIVER/hal_rtc_ch32.o
LOAD ./HAL_DRIVER/hal_wdt_ch32.o
LOAD ./FreeRTOS/portable/MemMang/heap_4.o
LOAD ./FreeRTOS/portable/GCC/RISC-V/port.o
LOAD ./FreeRTOS/portable/GCC/RISC-V/portASM.o
LOAD ./FreeRTOS/croutine.o
LOAD ./FreeRTOS/event_groups.o
LOAD ./FreeRTOS/list.o
LOAD ./FreeRTOS/queue.o
LOAD ./FreeRTOS/stream_buffer.o
LOAD ./FreeRTOS/tasks.o
LOAD ./FreeRTOS/timers.o
LOAD ./Debug/debug.o
LOAD ./DRIVER/hal_adc_ch32.o
LOAD ./DRIVER/hal_dma_ch32.o
LOAD ./DRIVER/hal_i2c_ch32.o
LOAD ./DRIVER/hal_spi_ch32.o
LOAD ./DRIVER/hal_timers_ch32.o
LOAD ./Core/core_riscv.o
LOAD ./CANopenNode/keypad/CO_driver_ST32F103.o
LOAD ./CANopenNode/keypad/OD.o
LOAD ./CANopenNode/extra/CO_trace.o
LOAD ./CANopenNode/309/CO_gateway_ascii.o
LOAD ./CANopenNode/305/CO_LSSmaster.o
LOAD ./CANopenNode/305/CO_LSSslave.o
LOAD ./CANopenNode/304/CO_GFC.o
LOAD ./CANopenNode/304/CO_SRDO.o
LOAD ./CANopenNode/303/CO_LEDs.o
LOAD ./CANopenNode/301/CO_Emergency.o
LOAD ./CANopenNode/301/CO_HBconsumer.o
LOAD ./CANopenNode/301/CO_NMT_Heartbeat.o
LOAD ./CANopenNode/301/CO_Node_Guarding.o
LOAD ./CANopenNode/301/CO_ODinterface.o
LOAD ./CANopenNode/301/CO_PDO.o
LOAD ./CANopenNode/301/CO_SDOclient.o
LOAD ./CANopenNode/301/CO_SDOserver.o
LOAD ./CANopenNode/301/CO_SYNC.o
LOAD ./CANopenNode/301/CO_TIME.o
LOAD ./CANopenNode/301/CO_fifo.o
LOAD ./CANopenNode/301/crc16-ccitt.o
LOAD ./CANopenNode/CANopen.o
LOAD c:/mounriver/mounriver_studio/toolchain/risc-v embedded gcc/bin/../lib/gcc/riscv-none-embed/8.2.0/../../../../riscv-none-embed/lib/rv32imacxw/ilp32\libm.a
LOAD c:/mounriver/mounriver_studio/toolchain/risc-v embedded gcc/bin/../lib/gcc/riscv-none-embed/8.2.0/rv32imacxw/ilp32\libgcc.a
LOAD c:/mounriver/mounriver_studio/toolchain/risc-v embedded gcc/bin/../lib/gcc/riscv-none-embed/8.2.0/../../../../riscv-none-embed/lib/rv32imacxw/ilp32\libg_nano.a
LOAD c:/mounriver/mounriver_studio/toolchain/risc-v embedded gcc/bin/../lib/gcc/riscv-none-embed/8.2.0/../../../../riscv-none-embed/lib/rv32imacxw/ilp32\libc_nano.a
LOAD c:/mounriver/mounriver_studio/toolchain/risc-v embedded gcc/bin/../lib/gcc/riscv-none-embed/8.2.0/rv32imacxw/ilp32\libgcc.a
START GROUP
LOAD c:/mounriver/mounriver_studio/toolchain/risc-v embedded gcc/bin/../lib/gcc/riscv-none-embed/8.2.0/rv32imacxw/ilp32\libgcc.a
LOAD c:/mounriver/mounriver_studio/toolchain/risc-v embedded gcc/bin/../lib/gcc/riscv-none-embed/8.2.0/../../../../riscv-none-embed/lib/rv32imacxw/ilp32\libc_nano.a
LOAD c:/mounriver/mounriver_studio/toolchain/risc-v embedded gcc/bin/../lib/gcc/riscv-none-embed/8.2.0/../../../../riscv-none-embed/lib/rv32imacxw/ilp32\libnosys.a
END GROUP
START GROUP
LOAD c:/mounriver/mounriver_studio/toolchain/risc-v embedded gcc/bin/../lib/gcc/riscv-none-embed/8.2.0/rv32imacxw/ilp32\libgcc.a
LOAD c:/mounriver/mounriver_studio/toolchain/risc-v embedded gcc/bin/../lib/gcc/riscv-none-embed/8.2.0/../../../../riscv-none-embed/lib/rv32imacxw/ilp32\libc_nano.a
LOAD c:/mounriver/mounriver_studio/toolchain/risc-v embedded gcc/bin/../lib/gcc/riscv-none-embed/8.2.0/../../../../riscv-none-embed/lib/rv32imacxw/ilp32\libnosys.a
END GROUP
                0x0000000000000800                __stack_size = 0x800
                [!provide]                        PROVIDE (_stack_size = __stack_size)

.init           0x0000000000000000       0x38
                0x0000000000000000                _sinit = .
                0x0000000000000000                . = ALIGN (0x4)
 *(SORT_NONE(.init))
 .init          0x0000000000000000       0x38 ./Startup/startup_ch32v20x_D6.o
                0x0000000000000000                _start
                0x0000000000000038                . = ALIGN (0x4)
                0x0000000000000038                _einit = .

.vector         0x0000000000000038      0x108
 *(.vector)
 .vector        0x0000000000000038       0xfc ./Startup/startup_ch32v20x_D6.o
                0x0000000000000140                . = ALIGN (0x40)
 *fill*         0x0000000000000134        0xc 

.stext          0x0000000000010000     0x18c8
                0x0000000000010000                . = ALIGN (0x4)
 *(.stext)
 .stext         0x0000000000010000        0xa ./User/CanOpenNode.o
                0x0000000000010000                vCanOpenInit
 .stext         0x000000000001000a      0x7da ./User/DataModel.o
                0x000000000001000a                DataModel_Init
 .stext         0x00000000000107e4      0x1a0 ./User/dash_draw.o
                0x00000000000107e4                xProcessTaskHandle
                0x00000000000107ee                vDashDrawInit
                0x0000000000010868                SetTest
                0x00000000000108c6                TestProcedure
 .stext         0x0000000000010984      0x150 ./User/init.o
                0x0000000000010984                vInit_DeviceConfig
 .stext         0x0000000000010ad4       0xba ./User/inputs.o
                0x0000000000010ad4                ADC1_Init
 .stext         0x0000000000010b8e       0x4e ./User/led.o
                0x0000000000010b8e                vLedDriverStart
 .stext         0x0000000000010bdc      0x238 ./User/process.o
                0x0000000000010bdc                vProceesInit
 .stext         0x0000000000010e14      0x134 ./User/system_init.o
                0x0000000000010e14                vSYStaskInit
                0x0000000000010f1e                vSYSqueueInit
 .stext         0x0000000000010f48       0x36 ./HAL_LIB/hw_lib_adc.o
                0x0000000000010f48                vAINInit
 .stext         0x0000000000010f7e       0x34 ./HAL_LIB/hw_lib_din.o
                0x0000000000010f7e                eDinConfigWtihStruct
 .stext         0x0000000000010fb2       0x50 ./HAL_LIB/hw_lib_eeprom_i2c.o
                0x0000000000010fb2                vInitEEPROM_I2C
 .stext         0x0000000000011002      0x2b0 ./HAL_DRIVER/hal_can_ch32.o
                0x0000000000011002                HAL_CANInt
                0x00000000000110b8                HAL_CANIntIT
                0x0000000000011198                HAL_CANToInitMode
                0x00000000000111c8                HAL_CANToOperatingMode
                0x00000000000111ee                HAL_CANSetFiters
 .stext         0x00000000000112b2      0x13a ./HAL_DRIVER/hal_gpio_ch32.o
                0x00000000000112b2                HAL_InitGPIO
                0x000000000001136c                HAL_InitGpioOut
                0x000000000001137a                HAL_InitGpioAIN
                0x0000000000011388                HAL_InitGpioInPUP
                0x0000000000011398                HAL_InitGpioIn
                0x00000000000113a6                HAL_InitGpioAF
                0x00000000000113d8                HAL_InitGPO
 .stext         0x00000000000113ec       0x6c ./HAL_DRIVER/hal_irq.o
                0x00000000000113ec                HAL_InitAPB1
                0x0000000000011408                HAL_InitAPB2
                0x0000000000011424                PFIC_IRQ_ENABLE_PG1
 .stext         0x0000000000011458       0xc8 ./HAL_DRIVER/hal_rtc_ch32.o
                0x0000000000011458                HAL_RTC_IT_Init
 .stext         0x0000000000011520       0x86 ./HAL_DRIVER/hal_wdt_ch32.o
                0x0000000000011520                HAL_WDT_Init
                0x0000000000011554                HAL_WDTInit
                0x000000000001157e                HAL_WDT_Init1s
 .stext         0x00000000000115a6       0x6e ./DRIVER/hal_i2c_ch32.o
                0x00000000000115a6                InitI2CIT
 .stext         0x0000000000011614       0x5c ./DRIVER/hal_spi_ch32.o
                0x0000000000011614                HAL_SPI_InitDMA
 .stext         0x0000000000011670      0x120 ./DRIVER/hal_timers_ch32.o
                0x0000000000011670                HAL_TIMER_InitIt
                0x00000000000116d4                HAL_TIMER_PWMTimersInit
 *fill*         0x0000000000011790        0x0 
 .stext         0x0000000000011790      0x138 ./CANopenNode/keypad/OD.o
                0x0000000000011790                OD_ROM

.text           0x0000000000000200     0xdfac
                0x0000000000000200                . = ALIGN (0x4)
 *(.text)
 .text          0x0000000000000200      0x2ee ./FreeRTOS/portable/GCC/RISC-V/portASM.o
                0x0000000000000200                SW_Handler
                0x0000000000000300                xPortStartFirstTask
                0x0000000000000400                pxPortInitialiseStack
 .text          0x00000000000004ee       0x60 c:/mounriver/mounriver_studio/toolchain/risc-v embedded gcc/bin/../lib/gcc/riscv-none-embed/8.2.0/rv32imacxw/ilp32\libgcc.a(save-restore.o)
                0x00000000000004ee                __riscv_save_12
                0x00000000000004f6                __riscv_save_9
                0x00000000000004f6                __riscv_save_11
                0x00000000000004f6                __riscv_save_10
                0x00000000000004f6                __riscv_save_8
                0x0000000000000504                __riscv_save_4
                0x0000000000000504                __riscv_save_6
                0x0000000000000504                __riscv_save_5
                0x0000000000000504                __riscv_save_7
                0x000000000000051e                __riscv_save_3
                0x000000000000051e                __riscv_save_2
                0x000000000000051e                __riscv_save_1
                0x000000000000051e                __riscv_save_0
                0x000000000000052a                __riscv_restore_12
                0x000000000000052e                __riscv_restore_11
                0x000000000000052e                __riscv_restore_9
                0x000000000000052e                __riscv_restore_10
                0x000000000000052e                __riscv_restore_8
                0x0000000000000538                __riscv_restore_5
                0x0000000000000538                __riscv_restore_7
                0x0000000000000538                __riscv_restore_6
                0x0000000000000538                __riscv_restore_4
                0x0000000000000542                __riscv_restore_3
                0x0000000000000542                __riscv_restore_0
                0x0000000000000542                __riscv_restore_2
                0x0000000000000542                __riscv_restore_1
 .text          0x000000000000054e       0xa8 c:/mounriver/mounriver_studio/toolchain/risc-v embedded gcc/bin/../lib/gcc/riscv-none-embed/8.2.0/../../../../riscv-none-embed/lib/rv32imacxw/ilp32\libg_nano.a(lib_a-memset.o)
                0x000000000000054e                memset
 *(.text.*)
 .text.xCanOpenProcessTaskHandle
                0x00000000000005f6        0xa ./User/CanOpenNode.o
                0x00000000000005f6                xCanOpenProcessTaskHandle
 .text.xCanOpenPeriodicTaskHandle
                0x0000000000000600        0xa ./User/CanOpenNode.o
                0x0000000000000600                xCanOpenPeriodicTaskHandle
 .text.vCanOpenProcess
                0x000000000000060a      0x18a ./User/CanOpenNode.o
                0x000000000000060a                vCanOpenProcess
 .text.vCanOpenPeriodicProcess
                0x0000000000000794       0x82 ./User/CanOpenNode.o
                0x0000000000000794                vCanOpenPeriodicProcess
 .text.xDataRegQueue
                0x0000000000000816        0xa ./User/DataModel.o
                0x0000000000000816                xDataRegQueue
 .text.DataModelGetSecCounter
                0x0000000000000820        0xa ./User/DataModel.o
                0x0000000000000820                DataModelGetSecCounter
 .text.WriteRegAfterDelay
                0x000000000000082a       0x5a ./User/DataModel.o
                0x000000000000082a                WriteRegAfterDelay
 .text.WriteReg
                0x0000000000000884       0x50 ./User/DataModel.o
                0x0000000000000884                WriteReg
 .text.vGetBitrate
                0x00000000000008d4        0xe ./User/DataModel.o
                0x00000000000008d4                vGetBitrate
 .text.vFDGetNMTState
                0x00000000000008e2        0x6 ./User/DataModel.o
                0x00000000000008e2                vFDGetNMTState
 .text.vGetNodeId
                0x00000000000008e8        0xe ./User/DataModel.o
                0x00000000000008e8                vGetNodeId
 .text.vSetBitrate
                0x00000000000008f6        0xe ./User/DataModel.o
                0x00000000000008f6                vSetBitrate
 .text.vSetNodeID
                0x0000000000000904        0xe ./User/DataModel.o
                0x0000000000000904                vSetNodeID
 .text.vDataModelRegDelayWrite
                0x0000000000000912       0x60 ./User/DataModel.o
                0x0000000000000912                vDataModelRegDelayWrite
 .text.vIncrementSystemCounters
                0x0000000000000972       0x9c ./User/DataModel.o
                0x0000000000000972                vIncrementSystemCounters
 .text.vSaveData
                0x0000000000000a0e       0x16 ./User/DataModel.o
                0x0000000000000a0e                vSaveData
 .text.getOdometr
                0x0000000000000a24       0x14 ./User/DataModel.o
                0x0000000000000a24                getOdometr
 .text.getOdometr1
                0x0000000000000a38       0x14 ./User/DataModel.o
                0x0000000000000a38                getOdometr1
 .text.ResrtOdometr1
                0x0000000000000a4c        0xe ./User/DataModel.o
                0x0000000000000a4c                ResrtOdometr1
 .text.NMI_Handler
                0x0000000000000a5a        0x2 ./User/ch32v20x_it.o
                0x0000000000000a5a                NMI_Handler
 .text.HardFault_Handler
                0x0000000000000a5c        0x2 ./User/ch32v20x_it.o
                0x0000000000000a5c                HardFault_Handler
 .text.SegPrint
                0x0000000000000a5e       0x58 ./User/dash_draw.o
 .text.vCheckKeySatate
                0x0000000000000ab6       0x80 ./User/dash_draw.o
 .text.vSetErrorReg
                0x0000000000000b36        0xa ./User/dash_draw.o
                0x0000000000000b36                vSetErrorReg
 .text.getODValue
                0x0000000000000b40      0x1bc ./User/dash_draw.o
                0x0000000000000b40                getODValue
 .text.IncMenuIndex
                0x0000000000000cfc       0x80 ./User/dash_draw.o
                0x0000000000000cfc                IncMenuIndex
 .text.GoToHome
                0x0000000000000d7c       0x12 ./User/dash_draw.o
                0x0000000000000d7c                GoToHome
 .text.SetCurMenuHome
                0x0000000000000d8e       0x36 ./User/dash_draw.o
                0x0000000000000d8e                SetCurMenuHome
 .text.GetCurMenuHome
                0x0000000000000dc4        0x6 ./User/dash_draw.o
                0x0000000000000dc4                GetCurMenuHome
 .text.SetCurrentMenu
                0x0000000000000dca       0x12 ./User/dash_draw.o
                0x0000000000000dca                SetCurrentMenu
 .text.SetDefault
                0x0000000000000ddc       0x2a ./User/dash_draw.o
                0x0000000000000ddc                SetDefault
 .text.MenuBackHomeCheck
                0x0000000000000e06       0x38 ./User/dash_draw.o
                0x0000000000000e06                MenuBackHomeCheck
 .text.CheckMenuChannel
                0x0000000000000e3e       0x20 ./User/dash_draw.o
                0x0000000000000e3e                CheckMenuChannel
 .text.vMenuBlink
                0x0000000000000e5e       0x4a ./User/dash_draw.o
                0x0000000000000e5e                vMenuBlink
 .text.SetErrorRegiter
                0x0000000000000ea8       0x5e ./User/dash_draw.o
                0x0000000000000ea8                SetErrorRegiter
 .text.uGetCurrMenu
                0x0000000000000f06       0x26 ./User/dash_draw.o
                0x0000000000000f06                uGetCurrMenu
 .text.vGetEdgeData
                0x0000000000000f2c       0x2a ./User/dash_draw.o
                0x0000000000000f2c                vGetEdgeData
 .text.CheckLedState
                0x0000000000000f56       0xce ./User/dash_draw.o
 .text.vRGBMode
                0x0000000000001024       0xa4 ./User/dash_draw.o
                0x0000000000001024                vRGBMode
 .text.vBarColorMode
                0x00000000000010c8       0xc2 ./User/dash_draw.o
                0x00000000000010c8                vBarColorMode
 .text.vBarMode
                0x000000000000118a       0x36 ./User/dash_draw.o
                0x000000000000118a                vBarMode
 .text.vRedrawTask
                0x00000000000011c0      0x4c0 ./User/dash_draw.o
                0x00000000000011c0                vRedrawTask
 .text.HardwareDeinit
                0x0000000000001680       0x2a ./User/init.o
                0x0000000000001680                HardwareDeinit
 .text.SoftwareReset
                0x00000000000016aa       0x14 ./User/init.o
                0x00000000000016aa                SoftwareReset
 .text.ADC1_Event
                0x00000000000016be       0x44 ./User/inputs.o
                0x00000000000016be                ADC1_Event
 .text.CaptureDMACallBack
                0x0000000000001702       0x22 ./User/inputs.o
                0x0000000000001702                CaptureDMACallBack
 .text.CaptureDMACallBack_1
                0x0000000000001724       0x22 ./User/inputs.o
                0x0000000000001724                CaptureDMACallBack_1
 .text.fDinStateCallback
                0x0000000000001746       0x32 ./User/inputs.o
                0x0000000000001746                fDinStateCallback
 .text.getInputsTaskHandle
                0x0000000000001778        0xa ./User/inputs.o
                0x0000000000001778                getInputsTaskHandle
 .text.ADC_FSM  0x0000000000001782      0x200 ./User/inputs.o
                0x0000000000001782                ADC_FSM
 .text.GetAIN   0x0000000000001982        0xc ./User/inputs.o
                0x0000000000001982                GetAIN
 .text.InputsGetTest
                0x000000000000198e       0x44 ./User/inputs.o
                0x000000000000198e                InputsGetTest
 .text.vInputsTask
                0x00000000000019d2      0x1d8 ./User/inputs.o
                0x00000000000019d2                vInputsTask
 .text.SPI1_DMA_Callback
                0x0000000000001baa       0x2e ./User/led.o
                0x0000000000001baa                SPI1_DMA_Callback
 .text.SPI2_DMA_Callback
                0x0000000000001bd8       0x2e ./User/led.o
                0x0000000000001bd8                SPI2_DMA_Callback
 .text.SetBarState
                0x0000000000001c06       0x50 ./User/led.o
                0x0000000000001c06                SetBarState
 .text.SetRGB   0x0000000000001c56       0x4e ./User/led.o
                0x0000000000001c56                SetRGB
 .text.SetSegDirect
                0x0000000000001ca4       0x9c ./User/led.o
                0x0000000000001ca4                SetSegDirect
 .text.SetSegPoint
                0x0000000000001d40       0x22 ./User/led.o
                0x0000000000001d40                SetSegPoint
 .text.SetSEG   0x0000000000001d62      0x11a ./User/led.o
                0x0000000000001d62                SetSEG
 .text.SetBigSeg
                0x0000000000001e7c       0x14 ./User/led.o
                0x0000000000001e7c                SetBigSeg
 .text.vSetBrigth
                0x0000000000001e90       0x28 ./User/led.o
                0x0000000000001e90                vSetBrigth
 .text.vLedProcess
                0x0000000000001eb8       0x1e ./User/led.o
                0x0000000000001eb8                vLedProcess
 .text.vRGBProcess
                0x0000000000001ed6       0xe2 ./User/led.o
                0x0000000000001ed6                vRGBProcess
 .text.startup.main
                0x0000000000001fb8       0x3c ./User/main.o
                0x0000000000001fb8                main
 .text.vRestartNode
                0x0000000000001ff4        0x2 ./User/main.o
                0x0000000000001ff4                vRestartNode
 .text.Error_Handler
                0x0000000000001ff6       0x18 ./User/main.o
                0x0000000000001ff6                Error_Handler
 .text.OD_writeRGBMAP
                0x000000000000200e       0x30 ./User/process.o
 .text.OD_writeKEY
                0x000000000000203e       0x34 ./User/process.o
 .text.OD_writeHister
                0x0000000000002072       0x26 ./User/process.o
 .text.OD_readRGBMAP
                0x0000000000002098       0x22 ./User/process.o
 .text.OD_readHister
                0x00000000000020ba       0x22 ./User/process.o
 .text.OD_readDIN
                0x00000000000020dc       0x1c ./User/process.o
 .text.OD_writeMenuSetup
                0x00000000000020f8       0x46 ./User/process.o
 .text.OD_writeBoardSettings
                0x000000000000213e       0xb8 ./User/process.o
 .text.CO_getUint16
                0x00000000000021f6       0x10 ./User/process.o
 .text.OD_writeSEG
                0x0000000000002206       0x44 ./User/process.o
 .text.OD_writeBAR
                0x000000000000224a       0x2e ./User/process.o
 .text.OD_writeRPMConfig
                0x0000000000002278       0x36 ./User/process.o
 .text.CO_getUint32
                0x00000000000022ae       0x18 ./User/process.o
 .text.OD_writeMenuMap
                0x00000000000022c6       0x2e ./User/process.o
 .text.OD_writeV1_14
                0x00000000000022f4       0x56 ./User/process.o
 .text.OD_writeDashParam
                0x000000000000234a       0x70 ./User/process.o
 .text.WriteRGB.isra.2
                0x00000000000023ba       0x3a ./User/process.o
 .text.OD_writeRGB1
                0x00000000000023f4       0x14 ./User/process.o
 .text.OD_writeRGB2
                0x0000000000002408       0x16 ./User/process.o
 .text.OD_writeRGB3
                0x000000000000241e       0x16 ./User/process.o
 .text.OD_writeRGB4
                0x0000000000002434       0x16 ./User/process.o
 .text.OD_writeRGB5
                0x000000000000244a       0x16 ./User/process.o
 .text.OD_writeRGB6
                0x0000000000002460       0x16 ./User/process.o
 .text.OD_writeRGB7
                0x0000000000002476       0x16 ./User/process.o
 .text.OD_writeRGB8
                0x000000000000248c       0x16 ./User/process.o
 .text.OD_writeRGB9
                0x00000000000024a2       0x16 ./User/process.o
 .text.OD_writeRGB10
                0x00000000000024b8       0x16 ./User/process.o
 .text.OD_writeRGB11
                0x00000000000024ce       0x16 ./User/process.o
 .text.OD_writeRGB12
                0x00000000000024e4       0x16 ./User/process.o
 .text.OD_writeRGB13
                0x00000000000024fa       0x16 ./User/process.o
 .text.OD_writeRGB14
                0x0000000000002510       0x16 ./User/process.o
 .text.OD_writeICHC
                0x0000000000002526       0x4c ./User/process.o
 .text.OD_readKEY
                0x0000000000002572       0x24 ./User/process.o
 .text.OD_readMenuSetup
                0x0000000000002596       0x30 ./User/process.o
 .text.OD_readBoardSettings
                0x00000000000025c6       0x58 ./User/process.o
 .text.writeADC.isra.12
                0x000000000000261e       0xb6 ./User/process.o
 .text.OD_writeADC1
                0x00000000000026d4       0x10 ./User/process.o
 .text.OD_writeADC2
                0x00000000000026e4       0x10 ./User/process.o
 .text.OD_writeADC3
                0x00000000000026f4       0x10 ./User/process.o
 .text.OD_readRGB.isra.8
                0x0000000000002704       0x22 ./User/process.o
 .text.OD_readRGB1
                0x0000000000002726       0x14 ./User/process.o
 .text.OD_readRGB2
                0x000000000000273a       0x16 ./User/process.o
 .text.OD_readRGB3
                0x0000000000002750       0x16 ./User/process.o
 .text.OD_readRGB4
                0x0000000000002766       0x16 ./User/process.o
 .text.OD_readRGB5
                0x000000000000277c       0x16 ./User/process.o
 .text.OD_readRGB6
                0x0000000000002792       0x16 ./User/process.o
 .text.OD_readRGB7
                0x00000000000027a8       0x16 ./User/process.o
 .text.OD_readRGB8
                0x00000000000027be       0x16 ./User/process.o
 .text.OD_readRGB9
                0x00000000000027d4       0x16 ./User/process.o
 .text.OD_readRGB10
                0x00000000000027ea       0x16 ./User/process.o
 .text.OD_readRGB11
                0x0000000000002800       0x16 ./User/process.o
 .text.OD_readRGB12
                0x0000000000002816       0x16 ./User/process.o
 .text.OD_readRGB13
                0x000000000000282c       0x16 ./User/process.o
 .text.OD_readRGB14
                0x0000000000002842       0x16 ./User/process.o
 .text.OD_readSEG
                0x0000000000002858       0x34 ./User/process.o
 .text.OD_readDashParam
                0x000000000000288c       0x5a ./User/process.o
 .text.OD_readICHC
                0x00000000000028e6       0x4e ./User/process.o
 .text.OD_readRPMConfig
                0x0000000000002934       0x2a ./User/process.o
 .text.OD_readAIN_RPM
                0x000000000000295e       0x26 ./User/process.o
 .text.OD_readMenuMap
                0x0000000000002984       0x2c ./User/process.o
 .text.OD_readBar
                0x00000000000029b0       0x28 ./User/process.o
 .text.readADC.isra.4
                0x00000000000029d8       0x5a ./User/process.o
 .text.OD_readADC1
                0x0000000000002a32       0x10 ./User/process.o
 .text.OD_readADC2
                0x0000000000002a42       0x10 ./User/process.o
 .text.OD_readADC3
                0x0000000000002a52       0x10 ./User/process.o
 .text.SystemInit
                0x0000000000002a62       0xea ./User/system_ch32v20x.o
                0x0000000000002a62                SystemInit
 .text.SystemCoreClockUpdate
                0x0000000000002b4c       0x8e ./User/system_ch32v20x.o
                0x0000000000002b4c                SystemCoreClockUpdate
 .text.StartDefaultTask
                0x0000000000002bda      0x11a ./User/system_init.o
 .text.vApplicationGetIdleTaskMemory
                0x0000000000002cf4       0x1c ./User/system_init.o
                0x0000000000002cf4                vApplicationGetIdleTaskMemory
 .text.vSystemStop
                0x0000000000002d10       0x26 ./User/system_init.o
                0x0000000000002d10                vSystemStop
 .text.vector_handler
                0x0000000000002d36       0x6c ./Startup/startup_ch32v20x_D6.o
                0x0000000000002d3a                Ecall_M_Mode_Handler
                0x0000000000002d3c                Ecall_U_Mode_Handler
                0x0000000000002d3e                Break_Point_Handler
                0x0000000000002d44                WWDG_IRQHandler
                0x0000000000002d46                PVD_IRQHandler
                0x0000000000002d48                TAMPER_IRQHandler
                0x0000000000002d4c                FLASH_IRQHandler
                0x0000000000002d4e                RCC_IRQHandler
                0x0000000000002d50                EXTI0_IRQHandler
                0x0000000000002d52                EXTI1_IRQHandler
                0x0000000000002d54                EXTI2_IRQHandler
                0x0000000000002d56                EXTI3_IRQHandler
                0x0000000000002d58                EXTI4_IRQHandler
                0x0000000000002d5c                DMA1_Channel2_IRQHandler
                0x0000000000002d64                DMA1_Channel6_IRQHandler
                0x0000000000002d72                EXTI9_5_IRQHandler
                0x0000000000002d74                TIM1_BRK_IRQHandler
                0x0000000000002d76                TIM1_UP_IRQHandler
                0x0000000000002d78                TIM1_TRG_COM_IRQHandler
                0x0000000000002d7a                TIM1_CC_IRQHandler
                0x0000000000002d7c                TIM2_IRQHandler
                0x0000000000002d7e                TIM3_IRQHandler
                0x0000000000002d86                I2C2_EV_IRQHandler
                0x0000000000002d88                I2C2_ER_IRQHandler
                0x0000000000002d8a                SPI1_IRQHandler
                0x0000000000002d8c                SPI2_IRQHandler
                0x0000000000002d8e                USART1_IRQHandler
                0x0000000000002d90                USART2_IRQHandler
                0x0000000000002d92                USART3_IRQHandler
                0x0000000000002d94                EXTI15_10_IRQHandler
                0x0000000000002d96                RTCAlarm_IRQHandler
                0x0000000000002d98                USBWakeUp_IRQHandler
                0x0000000000002d9a                USBHD_IRQHandler
                0x0000000000002d9c                USBHDWakeUp_IRQHandler
                0x0000000000002d9e                UART4_IRQHandler
                0x0000000000002da0                DMA1_Channel8_IRQHandler
 .text.handle_reset
                0x0000000000002da2       0x92 ./Startup/startup_ch32v20x_D6.o
                0x0000000000002da2                handle_reset
 .text.ADC_Cmd  0x0000000000002e34       0x10 ./Peripheral/src/ch32v20x_adc.o
                0x0000000000002e34                ADC_Cmd
 .text.ADC_GetResetCalibrationStatus
                0x0000000000002e44        0x8 ./Peripheral/src/ch32v20x_adc.o
                0x0000000000002e44                ADC_GetResetCalibrationStatus
 .text.ADC_GetCalibrationStatus
                0x0000000000002e4c        0x8 ./Peripheral/src/ch32v20x_adc.o
                0x0000000000002e4c                ADC_GetCalibrationStatus
 .text.ADC_GetITStatus
                0x0000000000002e54       0x1c ./Peripheral/src/ch32v20x_adc.o
                0x0000000000002e54                ADC_GetITStatus
 .text.ADC_ClearITPendingBit
                0x0000000000002e70        0xa ./Peripheral/src/ch32v20x_adc.o
                0x0000000000002e70                ADC_ClearITPendingBit
 .text.Get_CalibrationValue
                0x0000000000002e7a      0x1fe ./Peripheral/src/ch32v20x_adc.o
                0x0000000000002e7a                Get_CalibrationValue
 .text.DMA_GetFlagStatus
                0x0000000000003078        0xe ./Peripheral/src/ch32v20x_dma.o
                0x0000000000003078                DMA_GetFlagStatus
 .text.DMA_GetITStatus
                0x0000000000003086        0xc ./Peripheral/src/ch32v20x_dma.o
                0x0000000000003086                DMA_GetITStatus
 .text.DMA_ClearITPendingBit
                0x0000000000003092        0x8 ./Peripheral/src/ch32v20x_dma.o
                0x0000000000003092                DMA_ClearITPendingBit
 .text.FLASH_GetBank1Status
                0x000000000000309a       0x18 ./Peripheral/src/ch32v20x_flash.o
                0x000000000000309a                FLASH_GetBank1Status
 .text.FLASH_WaitForLastOperation
                0x00000000000030b2       0x24 ./Peripheral/src/ch32v20x_flash.o
                0x00000000000030b2                FLASH_WaitForLastOperation
 .text.GPIO_Init
                0x00000000000030d6       0xfa ./Peripheral/src/ch32v20x_gpio.o
                0x00000000000030d6                GPIO_Init
 .text.GPIO_PinRemapConfig
                0x00000000000031d0       0xf2 ./Peripheral/src/ch32v20x_gpio.o
                0x00000000000031d0                GPIO_PinRemapConfig
 .text.I2C_DualAddressCmd
                0x00000000000032c2       0x18 ./Peripheral/src/ch32v20x_i2c.o
                0x00000000000032c2                I2C_DualAddressCmd
 .text.I2C_ClearFlag
                0x00000000000032da        0xc ./Peripheral/src/ch32v20x_i2c.o
                0x00000000000032da                I2C_ClearFlag
 .text.RCC_LSEConfig
                0x00000000000032e6       0x28 ./Peripheral/src/ch32v20x_rcc.o
                0x00000000000032e6                RCC_LSEConfig
 .text.RCC_GetClocksFreq
                0x000000000000330e       0xbe ./Peripheral/src/ch32v20x_rcc.o
                0x000000000000330e                RCC_GetClocksFreq
 .text.RCC_APB2PeriphClockCmd
                0x00000000000033cc       0x1e ./Peripheral/src/ch32v20x_rcc.o
                0x00000000000033cc                RCC_APB2PeriphClockCmd
 .text.RCC_GetFlagStatus
                0x00000000000033ea       0x2e ./Peripheral/src/ch32v20x_rcc.o
                0x00000000000033ea                RCC_GetFlagStatus
 .text.RTC_EnterConfigMode
                0x0000000000003418       0x12 ./Peripheral/src/ch32v20x_rtc.o
                0x0000000000003418                RTC_EnterConfigMode
 .text.RTC_ExitConfigMode
                0x000000000000342a       0x18 ./Peripheral/src/ch32v20x_rtc.o
                0x000000000000342a                RTC_ExitConfigMode
 .text.RTC_GetCounter
                0x0000000000003442       0x36 ./Peripheral/src/ch32v20x_rtc.o
                0x0000000000003442                RTC_GetCounter
 .text.RTC_SetCounter
                0x0000000000003478       0x2c ./Peripheral/src/ch32v20x_rtc.o
                0x0000000000003478                RTC_SetCounter
 .text.RTC_SetPrescaler
                0x00000000000034a4       0x2e ./Peripheral/src/ch32v20x_rtc.o
                0x00000000000034a4                RTC_SetPrescaler
 .text.RTC_WaitForLastTask
                0x00000000000034d2       0x10 ./Peripheral/src/ch32v20x_rtc.o
                0x00000000000034d2                RTC_WaitForLastTask
 .text.RTC_WaitForSynchro
                0x00000000000034e2       0x24 ./Peripheral/src/ch32v20x_rtc.o
                0x00000000000034e2                RTC_WaitForSynchro
 .text.TIM_OC1Init
                0x0000000000003506       0x6a ./Peripheral/src/ch32v20x_tim.o
                0x0000000000003506                TIM_OC1Init
 .text.TIM_OC2Init
                0x0000000000003570       0x96 ./Peripheral/src/ch32v20x_tim.o
                0x0000000000003570                TIM_OC2Init
 .text.TIM_OC3Init
                0x0000000000003606       0x94 ./Peripheral/src/ch32v20x_tim.o
                0x0000000000003606                TIM_OC3Init
 .text.TIM_OC4Init
                0x000000000000369a       0x6c ./Peripheral/src/ch32v20x_tim.o
                0x000000000000369a                TIM_OC4Init
 .text.TIM_OC1PreloadConfig
                0x0000000000003706        0xe ./Peripheral/src/ch32v20x_tim.o
                0x0000000000003706                TIM_OC1PreloadConfig
 .text.TIM_OC2PreloadConfig
                0x0000000000003714       0x16 ./Peripheral/src/ch32v20x_tim.o
                0x0000000000003714                TIM_OC2PreloadConfig
 .text.TIM_OC3PreloadConfig
                0x000000000000372a        0xe ./Peripheral/src/ch32v20x_tim.o
                0x000000000000372a                TIM_OC3PreloadConfig
 .text.TIM_OC4PreloadConfig
                0x0000000000003738       0x16 ./Peripheral/src/ch32v20x_tim.o
                0x0000000000003738                TIM_OC4PreloadConfig
 .text.TIM_GetITStatus
                0x000000000000374e       0x18 ./Peripheral/src/ch32v20x_tim.o
                0x000000000000374e                TIM_GetITStatus
 .text.USART_Init
                0x0000000000003766       0xbc ./Peripheral/src/ch32v20x_usart.o
                0x0000000000003766                USART_Init
 .text.USART_Cmd
                0x0000000000003822       0x16 ./Peripheral/src/ch32v20x_usart.o
                0x0000000000003822                USART_Cmd
 .text.USART_SendData
                0x0000000000003838        0x8 ./Peripheral/src/ch32v20x_usart.o
                0x0000000000003838                USART_SendData
 .text.USART_GetFlagStatus
                0x0000000000003840        0xa ./Peripheral/src/ch32v20x_usart.o
                0x0000000000003840                USART_GetFlagStatus
 .text.vRCFilterConfig
                0x000000000000384a       0x2e ./HAL_LIB/filters.o
                0x000000000000384a                vRCFilterConfig
 .text.AddBufferData
                0x0000000000003878       0x20 ./HAL_LIB/filters.o
                0x0000000000003878                AddBufferData
 .text.GetConversional
                0x0000000000003898       0x4a ./HAL_LIB/filters.o
                0x0000000000003898                GetConversional
 .text.GetDataRegister
                0x00000000000038e2        0xa ./HAL_LIB/hw_data_model.o
                0x00000000000038e2                GetDataRegister
 .text.GetRegisterAddr
                0x00000000000038ec        0xc ./HAL_LIB/hw_data_model.o
                0x00000000000038ec                GetRegisterAddr
 .text.ClearDataModel
                0x00000000000038f8       0x1a ./HAL_LIB/hw_data_model.o
                0x00000000000038f8                ClearDataModel
 .text.setReg32
                0x0000000000003912       0x1e ./HAL_LIB/hw_data_model.o
                0x0000000000003912                setReg32
 .text.setReg16
                0x0000000000003930       0x12 ./HAL_LIB/hw_data_model.o
                0x0000000000003930                setReg16
 .text.setReg8  0x0000000000003942        0xe ./HAL_LIB/hw_data_model.o
                0x0000000000003942                setReg8
 .text.getReg16
                0x0000000000003950       0x14 ./HAL_LIB/hw_data_model.o
                0x0000000000003950                getReg16
 .text.getReg32
                0x0000000000003964       0x20 ./HAL_LIB/hw_data_model.o
                0x0000000000003964                getReg32
 .text.getReg8  0x0000000000003984        0xe ./HAL_LIB/hw_data_model.o
                0x0000000000003984                getReg8
 .text.fGetAinCalData
                0x0000000000003992       0x7a ./HAL_LIB/hw_lib_adc.o
                0x0000000000003992                fGetAinCalData
 .text.eAinCalDataConfig
                0x0000000000003a0c       0x50 ./HAL_LIB/hw_lib_adc.o
                0x0000000000003a0c                eAinCalDataConfig
 .text.vABLineKoofFinde
                0x0000000000003a5c       0x6a ./HAL_LIB/hw_lib_adc.o
                0x0000000000003a5c                vABLineKoofFinde
 .text.eSetAinCalPoint
                0x0000000000003ac6       0x64 ./HAL_LIB/hw_lib_adc.o
                0x0000000000003ac6                eSetAinCalPoint
 .text.getADC1Buffer
                0x0000000000003b2a        0xa ./HAL_LIB/hw_lib_adc.o
                0x0000000000003b2a                getADC1Buffer
 .text.uGetDIN  0x0000000000003b34       0x14 ./HAL_LIB/hw_lib_din.o
                0x0000000000003b34                uGetDIN
 .text.eRPMConfig
                0x0000000000003b48       0x5a ./HAL_LIB/hw_lib_din.o
                0x0000000000003b48                eRPMConfig
 .text.RMPDataConvert
                0x0000000000003ba2       0x4e ./HAL_LIB/hw_lib_din.o
                0x0000000000003ba2                RMPDataConvert
 .text.GetRPM   0x0000000000003bf0       0x7a ./HAL_LIB/hw_lib_din.o
                0x0000000000003bf0                GetRPM
 .text.vDinDoutProcess
                0x0000000000003c6a       0x88 ./HAL_LIB/hw_lib_din.o
                0x0000000000003c6a                vDinDoutProcess
 .text.getCaputreBuffer
                0x0000000000003cf2       0x16 ./HAL_LIB/hw_lib_din.o
                0x0000000000003cf2                getCaputreBuffer
 .text.I2C_FSM  0x0000000000003d08      0x198 ./HAL_LIB/hw_lib_eeprom_i2c.o
                0x0000000000003d08                I2C_FSM
 .text.eEEPROMWrFast
                0x0000000000003ea0      0x102 ./HAL_LIB/hw_lib_eeprom_i2c.o
                0x0000000000003ea0                eEEPROMWrFast
 .text.eEEPROMWr
                0x0000000000003fa2       0xe0 ./HAL_LIB/hw_lib_eeprom_i2c.o
                0x0000000000003fa2                eEEPROMWr
 .text.eEEPROMRd
                0x0000000000004082       0x8a ./HAL_LIB/hw_lib_eeprom_i2c.o
                0x0000000000004082                eEEPROMRd
 .text.vHW_INIT_TIMEOUT
                0x000000000000410c       0x1c ./HAL_LIB/hw_timeout.o
                0x000000000000410c                vHW_INIT_TIMEOUT
 .text.vHW_PROCESS_TIMEOUT
                0x0000000000004128       0x26 ./HAL_LIB/hw_timeout.o
                0x0000000000004128                vHW_PROCESS_TIMEOUT
 .text.HAL_CANSetTXCallback
                0x000000000000414e        0xa ./HAL_DRIVER/hal_can_ch32.o
                0x000000000000414e                HAL_CANSetTXCallback
 .text.HAL_CANSetRXCallback
                0x0000000000004158        0xa ./HAL_DRIVER/hal_can_ch32.o
                0x0000000000004158                HAL_CANSetRXCallback
 .text.HAL_CANSetERRCallback
                0x0000000000004162        0xa ./HAL_DRIVER/hal_can_ch32.o
                0x0000000000004162                HAL_CANSetERRCallback
 .text.HAL_CANSend
                0x000000000000416c       0xae ./HAL_DRIVER/hal_can_ch32.o
                0x000000000000416c                HAL_CANSend
 .text.HAL_CANGetRXMessage
                0x000000000000421a       0xb0 ./HAL_DRIVER/hal_can_ch32.o
                0x000000000000421a                HAL_CANGetRXMessage
 .text.USB_HP_CAN1_TX_IRQHandler
                0x00000000000042ca       0x60 ./HAL_DRIVER/hal_can_ch32.o
                0x00000000000042ca                USB_HP_CAN1_TX_IRQHandler
 .text.USB_LP_CAN1_RX0_IRQHandler
                0x000000000000432a       0x5e ./HAL_DRIVER/hal_can_ch32.o
                0x000000000000432a                USB_LP_CAN1_RX0_IRQHandler
 .text.CAN1_RX1_IRQHandler
                0x0000000000004388       0x5e ./HAL_DRIVER/hal_can_ch32.o
                0x0000000000004388                CAN1_RX1_IRQHandler
 .text.CAN1_SCE_IRQHandler
                0x00000000000043e6       0x5c ./HAL_DRIVER/hal_can_ch32.o
                0x00000000000043e6                CAN1_SCE_IRQHandler
 .text.ProgramOptionByteData
                0x0000000000004442      0x120 ./HAL_DRIVER/hal_flash_ch32.o
                0x0000000000004442                ProgramOptionByteData
 .text.HAL_GetBit
                0x0000000000004562        0xa ./HAL_DRIVER/hal_gpio_ch32.o
                0x0000000000004562                HAL_GetBit
 .text.HAL_SetBit
                0x000000000000456c        0x4 ./HAL_DRIVER/hal_gpio_ch32.o
                0x000000000000456c                HAL_SetBit
 .text.HAL_ResetBit
                0x0000000000004570        0x4 ./HAL_DRIVER/hal_gpio_ch32.o
                0x0000000000004570                HAL_ResetBit
 .text.RTC_IRQHandler
                0x0000000000004574       0x78 ./HAL_DRIVER/hal_rtc_ch32.o
                0x0000000000004574                RTC_IRQHandler
 .text.HAL_WDTReset
                0x00000000000045ec        0xe ./HAL_DRIVER/hal_wdt_ch32.o
                0x00000000000045ec                HAL_WDTReset
 .text.prvInsertBlockIntoFreeList
                0x00000000000045fa       0x4c ./FreeRTOS/portable/MemMang/heap_4.o
 .text.pvPortMalloc
                0x0000000000004646      0x18a ./FreeRTOS/portable/MemMang/heap_4.o
                0x0000000000004646                pvPortMalloc
 .text.vPortSetupTimerInterrupt
                0x00000000000047d0       0x3e ./FreeRTOS/portable/GCC/RISC-V/port.o
                0x00000000000047d0                vPortSetupTimerInterrupt
 .text.xPortStartScheduler
                0x000000000000480e       0x90 ./FreeRTOS/portable/GCC/RISC-V/port.o
                0x000000000000480e                xPortStartScheduler
 .text.SysTick_Handler
                0x000000000000489e       0x7c ./FreeRTOS/portable/GCC/RISC-V/port.o
                0x000000000000489e                SysTick_Handler
 .text.vPortEnterCritical
                0x000000000000491a       0x16 ./FreeRTOS/portable/GCC/RISC-V/port.o
                0x000000000000491a                vPortEnterCritical
 .text.vPortExitCritical
                0x0000000000004930       0x42 ./FreeRTOS/portable/GCC/RISC-V/port.o
                0x0000000000004930                vPortExitCritical
 .text.xPortSetInterruptMask
                0x0000000000004972        0xc ./FreeRTOS/portable/GCC/RISC-V/port.o
                0x0000000000004972                xPortSetInterruptMask
 .text.vPortClearInterruptMask
                0x000000000000497e        0x6 ./FreeRTOS/portable/GCC/RISC-V/port.o
                0x000000000000497e                vPortClearInterruptMask
 .text.vListInitialise
                0x0000000000004984       0x14 ./FreeRTOS/list.o
                0x0000000000004984                vListInitialise
 .text.vListInitialiseItem
                0x0000000000004998        0x6 ./FreeRTOS/list.o
                0x0000000000004998                vListInitialiseItem
 .text.vListInsertEnd
                0x000000000000499e       0x18 ./FreeRTOS/list.o
                0x000000000000499e                vListInsertEnd
 .text.vListInsert
                0x00000000000049b6       0x2e ./FreeRTOS/list.o
                0x00000000000049b6                vListInsert
 .text.uxListRemove
                0x00000000000049e4       0x20 ./FreeRTOS/list.o
                0x00000000000049e4                uxListRemove
 .text.prvIsQueueEmpty
                0x0000000000004a04       0x1e ./FreeRTOS/queue.o
 .text.prvCopyDataToQueue
                0x0000000000004a22       0x72 ./FreeRTOS/queue.o
 .text.prvCopyDataFromQueue
                0x0000000000004a94       0x28 ./FreeRTOS/queue.o
 .text.prvUnlockQueue
                0x0000000000004abc       0x76 ./FreeRTOS/queue.o
 .text.xQueueGenericReset
                0x0000000000004b32       0xc4 ./FreeRTOS/queue.o
                0x0000000000004b32                xQueueGenericReset
 .text.xQueueGenericCreateStatic
                0x0000000000004bf6       0xae ./FreeRTOS/queue.o
                0x0000000000004bf6                xQueueGenericCreateStatic
 .text.xQueueGenericCreate
                0x0000000000004ca4       0x72 ./FreeRTOS/queue.o
                0x0000000000004ca4                xQueueGenericCreate
 .text.xQueueGenericSend
                0x0000000000004d16      0x178 ./FreeRTOS/queue.o
                0x0000000000004d16                xQueueGenericSend
 .text.xQueueGiveMutexRecursive
                0x0000000000004e8e       0x56 ./FreeRTOS/queue.o
                0x0000000000004e8e                xQueueGiveMutexRecursive
 .text.xQueueCreateMutex
                0x0000000000004ee4       0x2e ./FreeRTOS/queue.o
                0x0000000000004ee4                xQueueCreateMutex
 .text.xQueueReceive
                0x0000000000004f12      0x138 ./FreeRTOS/queue.o
                0x0000000000004f12                xQueueReceive
 .text.xQueueSemaphoreTake
                0x000000000000504a      0x18e ./FreeRTOS/queue.o
                0x000000000000504a                xQueueSemaphoreTake
 .text.xQueueTakeMutexRecursive
                0x00000000000051d8       0x5a ./FreeRTOS/queue.o
                0x00000000000051d8                xQueueTakeMutexRecursive
 .text.uxQueueMessagesWaiting
                0x0000000000005232       0x44 ./FreeRTOS/queue.o
                0x0000000000005232                uxQueueMessagesWaiting
 .text.prvIdleTask
                0x0000000000005276        0x2 ./FreeRTOS/tasks.o
 .text.prvAddNewTaskToReadyList
                0x0000000000005278      0x10e ./FreeRTOS/tasks.o
 .text.prvResetNextTaskUnblockTime
                0x0000000000005386       0x24 ./FreeRTOS/tasks.o
 .text.prvTaskIsTaskSuspended
                0x00000000000053aa       0x50 ./FreeRTOS/tasks.o
 .text.prvInitialiseNewTask.isra.2
                0x00000000000053fa       0xc8 ./FreeRTOS/tasks.o
 .text.prvAddCurrentTaskToDelayedList
                0x00000000000054c2       0xa8 ./FreeRTOS/tasks.o
 .text.xTaskCreateStatic
                0x000000000000556a       0xa6 ./FreeRTOS/tasks.o
                0x000000000000556a                xTaskCreateStatic
 .text.vTaskResume
                0x0000000000005610       0xaa ./FreeRTOS/tasks.o
                0x0000000000005610                vTaskResume
 .text.vTaskStartScheduler
                0x00000000000056ba       0x60 ./FreeRTOS/tasks.o
                0x00000000000056ba                vTaskStartScheduler
 .text.vTaskSuspendAll
                0x000000000000571a       0x10 ./FreeRTOS/tasks.o
                0x000000000000571a                vTaskSuspendAll
 .text.xTaskGetTickCount
                0x000000000000572a        0x6 ./FreeRTOS/tasks.o
                0x000000000000572a                xTaskGetTickCount
 .text.xTaskIncrementTick
                0x0000000000005730      0x19c ./FreeRTOS/tasks.o
                0x0000000000005730                xTaskIncrementTick
 .text.xTaskResumeAll
                0x00000000000058cc      0x158 ./FreeRTOS/tasks.o
                0x00000000000058cc                xTaskResumeAll
 .text.vTaskDelay
                0x0000000000005a24       0x66 ./FreeRTOS/tasks.o
                0x0000000000005a24                vTaskDelay
 .text.vTaskSwitchContext
                0x0000000000005a8a       0x96 ./FreeRTOS/tasks.o
                0x0000000000005a8a                vTaskSwitchContext
 .text.vTaskSuspend
                0x0000000000005b20       0xea ./FreeRTOS/tasks.o
                0x0000000000005b20                vTaskSuspend
 .text.vTaskPlaceOnEventList
                0x0000000000005c0a       0x48 ./FreeRTOS/tasks.o
                0x0000000000005c0a                vTaskPlaceOnEventList
 .text.xTaskRemoveFromEventList
                0x0000000000005c52       0xe8 ./FreeRTOS/tasks.o
                0x0000000000005c52                xTaskRemoveFromEventList
 .text.vTaskInternalSetTimeOutState
                0x0000000000005d3a        0xe ./FreeRTOS/tasks.o
                0x0000000000005d3a                vTaskInternalSetTimeOutState
 .text.xTaskCheckForTimeOut
                0x0000000000005d48       0xaa ./FreeRTOS/tasks.o
                0x0000000000005d48                xTaskCheckForTimeOut
 .text.vTaskMissedYield
                0x0000000000005df2        0x8 ./FreeRTOS/tasks.o
                0x0000000000005df2                vTaskMissedYield
 .text.xTaskGetCurrentTaskHandle
                0x0000000000005dfa        0xa ./FreeRTOS/tasks.o
                0x0000000000005dfa                xTaskGetCurrentTaskHandle
 .text.xTaskPriorityInherit
                0x0000000000005e04       0xae ./FreeRTOS/tasks.o
                0x0000000000005e04                xTaskPriorityInherit
 .text.xTaskPriorityDisinherit
                0x0000000000005eb2       0xca ./FreeRTOS/tasks.o
                0x0000000000005eb2                xTaskPriorityDisinherit
 .text.vTaskPriorityDisinheritAfterTimeout
                0x0000000000005f7c       0xe6 ./FreeRTOS/tasks.o
                0x0000000000005f7c                vTaskPriorityDisinheritAfterTimeout
 .text.pvTaskIncrementMutexHeldCount
                0x0000000000006062       0x1c ./FreeRTOS/tasks.o
                0x0000000000006062                pvTaskIncrementMutexHeldCount
 .text.ulTaskGenericNotifyTake
                0x000000000000607e       0xb8 ./FreeRTOS/tasks.o
                0x000000000000607e                ulTaskGenericNotifyTake
 .text.xTaskGenericNotifyWait
                0x0000000000006136       0xe6 ./FreeRTOS/tasks.o
                0x0000000000006136                xTaskGenericNotifyWait
 .text.xTaskGenericNotifyFromISR
                0x000000000000621c      0x1ec ./FreeRTOS/tasks.o
                0x000000000000621c                xTaskGenericNotifyFromISR
 .text.Delay_Init
                0x0000000000006408       0x2a ./Debug/debug.o
                0x0000000000006408                Delay_Init
 .text.Delay_Ms
                0x0000000000006432       0x36 ./Debug/debug.o
                0x0000000000006432                Delay_Ms
 .text.USART_Printf_Init
                0x0000000000006468       0x5a ./Debug/debug.o
                0x0000000000006468                USART_Printf_Init
 .text._write   0x00000000000064c2       0x3e ./Debug/debug.o
                0x00000000000064c2                _write
 .text._sbrk    0x0000000000006500       0x2a ./Debug/debug.o
                0x0000000000006500                _sbrk
 .text.Get_ConversionVal
                0x000000000000652a       0x2a ./DRIVER/hal_adc_ch32.o
                0x000000000000652a                Get_ConversionVal
 .text.HAL_ADC_RegularChannelConfig
                0x0000000000006554       0x46 ./DRIVER/hal_adc_ch32.o
                0x0000000000006554                HAL_ADC_RegularChannelConfig
 .text.HAL_ADC_ContiniusScanCinvertionDMA
                0x000000000000659a       0xca ./DRIVER/hal_adc_ch32.o
                0x000000000000659a                HAL_ADC_ContiniusScanCinvertionDMA
 .text.HAL_ADC_StartDMA
                0x0000000000006664       0x42 ./DRIVER/hal_adc_ch32.o
                0x0000000000006664                HAL_ADC_StartDMA
 .text.ADC1_2_IRQHandler
                0x00000000000066a6       0x70 ./DRIVER/hal_adc_ch32.o
                0x00000000000066a6                ADC1_2_IRQHandler
 .text.DMA_IRQ  0x0000000000006716       0x3a ./DRIVER/hal_dma_ch32.o
 .text.HAL_DMA_Enable
                0x0000000000006750       0x18 ./DRIVER/hal_dma_ch32.o
                0x0000000000006750                HAL_DMA_Enable
 .text.HAL_DMA_Disable
                0x0000000000006768       0x1a ./DRIVER/hal_dma_ch32.o
                0x0000000000006768                HAL_DMA_Disable
 .text.HAL_DMAInitIT
                0x0000000000006782       0xa0 ./DRIVER/hal_dma_ch32.o
                0x0000000000006782                HAL_DMAInitIT
 .text.HAL_DMA_SetCounter
                0x0000000000006822       0x12 ./DRIVER/hal_dma_ch32.o
                0x0000000000006822                HAL_DMA_SetCounter
 .text.HAL_DMA_ITENABLE
                0x0000000000006834       0x16 ./DRIVER/hal_dma_ch32.o
                0x0000000000006834                HAL_DMA_ITENABLE
 .text.HAL_DMA_SetCouterAndEnable
                0x000000000000684a       0x1a ./DRIVER/hal_dma_ch32.o
                0x000000000000684a                HAL_DMA_SetCouterAndEnable
 .text.DMA1_Channel1_IRQHandler
                0x0000000000006864       0x4e ./DRIVER/hal_dma_ch32.o
                0x0000000000006864                DMA1_Channel1_IRQHandler
 .text.DMA1_Channel3_IRQHandler
                0x00000000000068b2       0x4e ./DRIVER/hal_dma_ch32.o
                0x00000000000068b2                DMA1_Channel3_IRQHandler
 .text.DMA1_Channel4_IRQHandler
                0x0000000000006900       0x4e ./DRIVER/hal_dma_ch32.o
                0x0000000000006900                DMA1_Channel4_IRQHandler
 .text.DMA1_Channel5_IRQHandler
                0x000000000000694e       0x4e ./DRIVER/hal_dma_ch32.o
                0x000000000000694e                DMA1_Channel5_IRQHandler
 .text.DMA1_Channel7_IRQHandler
                0x000000000000699c       0x4e ./DRIVER/hal_dma_ch32.o
                0x000000000000699c                DMA1_Channel7_IRQHandler
 .text.HAL_I2C_Init
                0x00000000000069ea       0xf6 ./DRIVER/hal_i2c_ch32.o
                0x00000000000069ea                HAL_I2C_Init
 .text.HAL_I2C_GET_STAR2
                0x0000000000006ae0        0xe ./DRIVER/hal_i2c_ch32.o
                0x0000000000006ae0                HAL_I2C_GET_STAR2
 .text.HAL_I2C_GET_STAR1
                0x0000000000006aee        0xe ./DRIVER/hal_i2c_ch32.o
                0x0000000000006aee                HAL_I2C_GET_STAR1
 .text.HAL_I2C_ENABLE
                0x0000000000006afc       0x14 ./DRIVER/hal_i2c_ch32.o
                0x0000000000006afc                HAL_I2C_ENABLE
 .text.HAL_I2C_DISABLE
                0x0000000000006b10       0x1a ./DRIVER/hal_i2c_ch32.o
                0x0000000000006b10                HAL_I2C_DISABLE
 .text.I2C_IT_ENABLE
                0x0000000000006b2a       0x12 ./DRIVER/hal_i2c_ch32.o
                0x0000000000006b2a                I2C_IT_ENABLE
 .text.I2C_IT_DISABLE
                0x0000000000006b3c       0x16 ./DRIVER/hal_i2c_ch32.o
                0x0000000000006b3c                I2C_IT_DISABLE
 .text.HAL_I2C_STOP
                0x0000000000006b52       0x14 ./DRIVER/hal_i2c_ch32.o
                0x0000000000006b52                HAL_I2C_STOP
 .text.HAL_I2C_START
                0x0000000000006b66       0x14 ./DRIVER/hal_i2c_ch32.o
                0x0000000000006b66                HAL_I2C_START
 .text.HAL_I2C_SEND
                0x0000000000006b7a        0xe ./DRIVER/hal_i2c_ch32.o
                0x0000000000006b7a                HAL_I2C_SEND
 .text.HAL_I2C_SEND_ADDR_TRANS
                0x0000000000006b88       0x12 ./DRIVER/hal_i2c_ch32.o
                0x0000000000006b88                HAL_I2C_SEND_ADDR_TRANS
 .text.HAL_I2C_SEND_ADDR_RECIEVE
                0x0000000000006b9a       0x16 ./DRIVER/hal_i2c_ch32.o
                0x0000000000006b9a                HAL_I2C_SEND_ADDR_RECIEVE
 .text.HAL_I2C_ACK_ENABLE
                0x0000000000006bb0       0x14 ./DRIVER/hal_i2c_ch32.o
                0x0000000000006bb0                HAL_I2C_ACK_ENABLE
 .text.HAL_I2C_ACK_DISABLE
                0x0000000000006bc4       0x1c ./DRIVER/hal_i2c_ch32.o
                0x0000000000006bc4                HAL_I2C_ACK_DISABLE
 .text.HAL_I2C_ClearFlag
                0x0000000000006be0       0x20 ./DRIVER/hal_i2c_ch32.o
                0x0000000000006be0                HAL_I2C_ClearFlag
 .text.HAL_I2C_READ_DATA
                0x0000000000006c00        0xe ./DRIVER/hal_i2c_ch32.o
                0x0000000000006c00                HAL_I2C_READ_DATA
 .text.I2C1_EV_IRQHandler
                0x0000000000006c0e       0x52 ./DRIVER/hal_i2c_ch32.o
                0x0000000000006c0e                I2C1_EV_IRQHandler
 .text.I2C1_ER_IRQHandler
                0x0000000000006c60       0x52 ./DRIVER/hal_i2c_ch32.o
                0x0000000000006c60                I2C1_ER_IRQHandler
 .text.HAL_SPI_RXOveleyClear
                0x0000000000006cb2       0x1e ./DRIVER/hal_spi_ch32.o
                0x0000000000006cb2                HAL_SPI_RXOveleyClear
 .text.HAL_SPI_GetBusy
                0x0000000000006cd0       0x10 ./DRIVER/hal_spi_ch32.o
                0x0000000000006cd0                HAL_SPI_GetBusy
 .text.HAL_TIMER_BaseTimerInit.constprop.2
                0x0000000000006ce0       0x7e ./DRIVER/hal_timers_ch32.o
 .text.HAL_TiemrEneblae
                0x0000000000006d5e       0x1a ./DRIVER/hal_timers_ch32.o
                0x0000000000006d5e                HAL_TiemrEneblae
 .text.TIM4_IRQHandler
                0x0000000000006d78       0x70 ./DRIVER/hal_timers_ch32.o
                0x0000000000006d78                TIM4_IRQHandler
 .text.HAL_TiemrDisable
                0x0000000000006de8       0x1c ./DRIVER/hal_timers_ch32.o
                0x0000000000006de8                HAL_TiemrDisable
 .text.HAL_TimeInitCaptureDMA
                0x0000000000006e04       0xea ./DRIVER/hal_timers_ch32.o
                0x0000000000006e04                HAL_TimeInitCaptureDMA
 .text.HAL_TIMER_SetPWMPulse
                0x0000000000006eee       0x88 ./DRIVER/hal_timers_ch32.o
                0x0000000000006eee                HAL_TIMER_SetPWMPulse
 .text.HAL_TIMER_EnablePWMCH
                0x0000000000006f76       0x1a ./DRIVER/hal_timers_ch32.o
                0x0000000000006f76                HAL_TIMER_EnablePWMCH
 .text.prv_read_can_received_msg
                0x0000000000006f90       0x50 ./CANopenNode/keypad/CO_driver_ST32F103.o
                0x0000000000006f90                prv_read_can_received_msg
 .text.prv_send_can_message.isra.0
                0x0000000000006fe0       0x2e ./CANopenNode/keypad/CO_driver_ST32F103.o
 .text.CAN_SendMessage
                0x000000000000700e       0x66 ./CANopenNode/keypad/CO_driver_ST32F103.o
                0x000000000000700e                CAN_SendMessage
 .text.co_drv_create_os_objects
                0x0000000000007074       0x30 ./CANopenNode/keypad/CO_driver_ST32F103.o
                0x0000000000007074                co_drv_create_os_objects
 .text.co_drv_mutex_lock
                0x00000000000070a4       0x18 ./CANopenNode/keypad/CO_driver_ST32F103.o
                0x00000000000070a4                co_drv_mutex_lock
 .text.co_drv_mutex_unlock
                0x00000000000070bc       0x16 ./CANopenNode/keypad/CO_driver_ST32F103.o
                0x00000000000070bc                co_drv_mutex_unlock
 .text.CO_CANsetNormalMode
                0x00000000000070d2       0x1c ./CANopenNode/keypad/CO_driver_ST32F103.o
                0x00000000000070d2                CO_CANsetNormalMode
 .text.CO_CANmodule_init
                0x00000000000070ee      0x112 ./CANopenNode/keypad/CO_driver_ST32F103.o
                0x00000000000070ee                CO_CANmodule_init
 .text.CO_CANmodule_disable
                0x0000000000007200       0x14 ./CANopenNode/keypad/CO_driver_ST32F103.o
                0x0000000000007200                CO_CANmodule_disable
 .text.CO_CANrxBufferInit
                0x0000000000007214       0x52 ./CANopenNode/keypad/CO_driver_ST32F103.o
                0x0000000000007214                CO_CANrxBufferInit
 .text.CO_CANtxBufferInit
                0x0000000000007266       0x3a ./CANopenNode/keypad/CO_driver_ST32F103.o
                0x0000000000007266                CO_CANtxBufferInit
 .text.CO_CANmodule_process
                0x00000000000072a0       0x12 ./CANopenNode/keypad/CO_driver_ST32F103.o
                0x00000000000072a0                CO_CANmodule_process
 .text.CO_CANsend
                0x00000000000072b2       0x46 ./CANopenNode/keypad/CO_driver_ST32F103.o
                0x00000000000072b2                CO_CANsend
 .text.CO_LSSslave_receive
                0x00000000000072f8      0x1a8 ./CANopenNode/305/CO_LSSslave.o
 .text.CO_LSSslave_init
                0x00000000000074a0       0xa4 ./CANopenNode/305/CO_LSSslave.o
                0x00000000000074a0                CO_LSSslave_init
 .text.CO_LSSslave_process
                0x0000000000007544      0x1a2 ./CANopenNode/305/CO_LSSslave.o
                0x0000000000007544                CO_LSSslave_process
 .text.OD_write_1003
                0x00000000000076e6       0x28 ./CANopenNode/301/CO_Emergency.o
 .text.OD_read_1003
                0x000000000000770e       0x8c ./CANopenNode/301/CO_Emergency.o
 .text.OD_read_1014_default
                0x000000000000779a       0x50 ./CANopenNode/301/CO_Emergency.o
 .text.CO_EM_init
                0x00000000000077ea      0x112 ./CANopenNode/301/CO_Emergency.o
                0x00000000000077ea                CO_EM_init
 .text.CO_error
                0x00000000000078fc       0xc4 ./CANopenNode/301/CO_Emergency.o
                0x00000000000078fc                CO_error
 .text.CO_EM_process
                0x00000000000079c0      0x182 ./CANopenNode/301/CO_Emergency.o
                0x00000000000079c0                CO_EM_process
 .text.CO_NMT_receive
                0x0000000000007b42       0x18 ./CANopenNode/301/CO_NMT_Heartbeat.o
 .text.OD_write_1017
                0x0000000000007b5a       0x48 ./CANopenNode/301/CO_NMT_Heartbeat.o
 .text.CO_NMT_init
                0x0000000000007ba2       0xec ./CANopenNode/301/CO_NMT_Heartbeat.o
                0x0000000000007ba2                CO_NMT_init
 .text.CO_NMT_process
                0x0000000000007c8e      0x106 ./CANopenNode/301/CO_NMT_Heartbeat.o
                0x0000000000007c8e                CO_NMT_process
 .text.OD_readDisabled
                0x0000000000007d94        0x4 ./CANopenNode/301/CO_ODinterface.o
 .text.OD_readOriginal
                0x0000000000007d98       0x50 ./CANopenNode/301/CO_ODinterface.o
                0x0000000000007d98                OD_readOriginal
 .text.OD_writeOriginal
                0x0000000000007de8       0x54 ./CANopenNode/301/CO_ODinterface.o
                0x0000000000007de8                OD_writeOriginal
 .text.OD_writeDisabled
                0x0000000000007e3c        0x4 ./CANopenNode/301/CO_ODinterface.o
 .text.OD_find  0x0000000000007e40       0x70 ./CANopenNode/301/CO_ODinterface.o
                0x0000000000007e40                OD_find
 .text.OD_getSub
                0x0000000000007eb0       0xf6 ./CANopenNode/301/CO_ODinterface.o
                0x0000000000007eb0                OD_getSub
 .text.OD_getSDOabCode
                0x0000000000007fa6       0x20 ./CANopenNode/301/CO_ODinterface.o
                0x0000000000007fa6                OD_getSDOabCode
 .text.OD_get_value
                0x0000000000007fc6       0x34 ./CANopenNode/301/CO_ODinterface.o
                0x0000000000007fc6                OD_get_value
 .text.OD_set_value
                0x0000000000007ffa       0x2e ./CANopenNode/301/CO_ODinterface.o
                0x0000000000007ffa                OD_set_value
 .text.OD_getPtr
                0x0000000000008028       0x3c ./CANopenNode/301/CO_ODinterface.o
                0x0000000000008028                OD_getPtr
 .text.OD_write_dummy
                0x0000000000008064        0x8 ./CANopenNode/301/CO_PDO.o
 .text.OD_read_dummy
                0x000000000000806c       0x2e ./CANopenNode/301/CO_PDO.o
 .text.PDOconfigMap
                0x000000000000809a      0x100 ./CANopenNode/301/CO_PDO.o
 .text.CO_PDO_receive
                0x000000000000819a       0x48 ./CANopenNode/301/CO_PDO.o
 .text.OD_read_PDO_commParam
                0x00000000000081e2       0x70 ./CANopenNode/301/CO_PDO.o
 .text.PDO_initMapping.constprop.3
                0x0000000000008252       0xe6 ./CANopenNode/301/CO_PDO.o
 .text.OD_write_PDO_mapping
                0x0000000000008338       0xb4 ./CANopenNode/301/CO_PDO.o
 .text.OD_write_18xx
                0x00000000000083ec      0x184 ./CANopenNode/301/CO_PDO.o
 .text.OD_write_14xx
                0x0000000000008570      0x15a ./CANopenNode/301/CO_PDO.o
 .text.CO_RPDO_init
                0x00000000000086ca      0x172 ./CANopenNode/301/CO_PDO.o
                0x00000000000086ca                CO_RPDO_init
 .text.CO_RPDO_process
                0x000000000000883c      0x114 ./CANopenNode/301/CO_PDO.o
                0x000000000000883c                CO_RPDO_process
 .text.CO_TPDO_init
                0x0000000000008950      0x1d2 ./CANopenNode/301/CO_PDO.o
                0x0000000000008950                CO_TPDO_init
 .text.CO_TPDO_process
                0x0000000000008b22      0x15e ./CANopenNode/301/CO_PDO.o
                0x0000000000008b22                CO_TPDO_process
 .text.CO_SDOserver_init_canRxTx
                0x0000000000008c80       0x82 ./CANopenNode/301/CO_SDOserver.o
 .text.CO_SDO_receive
                0x0000000000008d02       0x38 ./CANopenNode/301/CO_SDOserver.o
 .text.readFromOd.isra.1.constprop.5
                0x0000000000008d3a       0xe2 ./CANopenNode/301/CO_SDOserver.o
 .text.OD_write_1201_additional
                0x0000000000008e1c      0x158 ./CANopenNode/301/CO_SDOserver.o
 .text.CO_SDOserver_init
                0x0000000000008f74      0x172 ./CANopenNode/301/CO_SDOserver.o
                0x0000000000008f74                CO_SDOserver_init
 .text.CO_SDOserver_process
                0x00000000000090e6      0x5e8 ./CANopenNode/301/CO_SDOserver.o
                0x00000000000090e6                CO_SDOserver_process
 .text.CO_delete
                0x00000000000096ce       0x56 ./CANopenNode/CANopen.o
                0x00000000000096ce                CO_delete
 .text.CO_new   0x0000000000009724      0x102 ./CANopenNode/CANopen.o
                0x0000000000009724                CO_new
 .text.CO_CANinit
                0x0000000000009826       0x28 ./CANopenNode/CANopen.o
                0x0000000000009826                CO_CANinit
 .text.CO_LSSinit
                0x000000000000984e       0x32 ./CANopenNode/CANopen.o
                0x000000000000984e                CO_LSSinit
 .text.CO_CANopenInit
                0x0000000000009880       0xb8 ./CANopenNode/CANopen.o
                0x0000000000009880                CO_CANopenInit
 .text.CO_CANopenInitPDO
                0x0000000000009938       0xea ./CANopenNode/CANopen.o
                0x0000000000009938                CO_CANopenInitPDO
 .text.CO_process
                0x0000000000009a22       0x7e ./CANopenNode/CANopen.o
                0x0000000000009a22                CO_process
 .text.CO_process_RPDO
                0x0000000000009aa0       0x40 ./CANopenNode/CANopen.o
                0x0000000000009aa0                CO_process_RPDO
 .text.CO_process_TPDO
                0x0000000000009ae0       0x40 ./CANopenNode/CANopen.o
                0x0000000000009ae0                CO_process_TPDO
 .text.__divdf3
                0x0000000000009b20      0x5b4 c:/mounriver/mounriver_studio/toolchain/risc-v embedded gcc/bin/../lib/gcc/riscv-none-embed/8.2.0/rv32imacxw/ilp32\libgcc.a(divdf3.o)
                0x0000000000009b20                __divdf3
 .text.__muldf3
                0x000000000000a0d4      0x4b8 c:/mounriver/mounriver_studio/toolchain/risc-v embedded gcc/bin/../lib/gcc/riscv-none-embed/8.2.0/rv32imacxw/ilp32\libgcc.a(muldf3.o)
                0x000000000000a0d4                __muldf3
 .text.__fixunsdfsi
                0x000000000000a58c       0x5c c:/mounriver/mounriver_studio/toolchain/risc-v embedded gcc/bin/../lib/gcc/riscv-none-embed/8.2.0/rv32imacxw/ilp32\libgcc.a(fixunsdfsi.o)
                0x000000000000a58c                __fixunsdfsi
 .text.__floatunsidf
                0x000000000000a5e8       0x68 c:/mounriver/mounriver_studio/toolchain/risc-v embedded gcc/bin/../lib/gcc/riscv-none-embed/8.2.0/rv32imacxw/ilp32\libgcc.a(floatunsidf.o)
                0x000000000000a5e8                __floatunsidf
 .text.__addsf3
                0x000000000000a650      0x36a c:/mounriver/mounriver_studio/toolchain/risc-v embedded gcc/bin/../lib/gcc/riscv-none-embed/8.2.0/rv32imacxw/ilp32\libgcc.a(addsf3.o)
                0x000000000000a650                __addsf3
 .text.__divsf3
                0x000000000000a9ba      0x2b2 c:/mounriver/mounriver_studio/toolchain/risc-v embedded gcc/bin/../lib/gcc/riscv-none-embed/8.2.0/rv32imacxw/ilp32\libgcc.a(divsf3.o)
                0x000000000000a9ba                __divsf3
 .text.__gesf2  0x000000000000ac6c       0x86 c:/mounriver/mounriver_studio/toolchain/risc-v embedded gcc/bin/../lib/gcc/riscv-none-embed/8.2.0/rv32imacxw/ilp32\libgcc.a(gesf2.o)
                0x000000000000ac6c                __gesf2
                0x000000000000ac6c                __gtsf2
 .text.__lesf2  0x000000000000acf2       0x8c c:/mounriver/mounriver_studio/toolchain/risc-v embedded gcc/bin/../lib/gcc/riscv-none-embed/8.2.0/rv32imacxw/ilp32\libgcc.a(lesf2.o)
                0x000000000000acf2                __ltsf2
                0x000000000000acf2                __lesf2
 .text.__mulsf3
                0x000000000000ad7e      0x294 c:/mounriver/mounriver_studio/toolchain/risc-v embedded gcc/bin/../lib/gcc/riscv-none-embed/8.2.0/rv32imacxw/ilp32\libgcc.a(mulsf3.o)
                0x000000000000ad7e                __mulsf3
 .text.__subsf3
                0x000000000000b012      0x388 c:/mounriver/mounriver_studio/toolchain/risc-v embedded gcc/bin/../lib/gcc/riscv-none-embed/8.2.0/rv32imacxw/ilp32\libgcc.a(subsf3.o)
                0x000000000000b012                __subsf3
 .text.__fixsfsi
                0x000000000000b39a       0x62 c:/mounriver/mounriver_studio/toolchain/risc-v embedded gcc/bin/../lib/gcc/riscv-none-embed/8.2.0/rv32imacxw/ilp32\libgcc.a(fixsfsi.o)
                0x000000000000b39a                __fixsfsi
 .text.__fixunssfsi
                0x000000000000b3fc       0x56 c:/mounriver/mounriver_studio/toolchain/risc-v embedded gcc/bin/../lib/gcc/riscv-none-embed/8.2.0/rv32imacxw/ilp32\libgcc.a(fixunssfsi.o)
                0x000000000000b3fc                __fixunssfsi
 .text.__floatsisf
                0x000000000000b452       0xc6 c:/mounriver/mounriver_studio/toolchain/risc-v embedded gcc/bin/../lib/gcc/riscv-none-embed/8.2.0/rv32imacxw/ilp32\libgcc.a(floatsisf.o)
                0x000000000000b452                __floatsisf
 .text.__floatunsisf
                0x000000000000b518       0xce c:/mounriver/mounriver_studio/toolchain/risc-v embedded gcc/bin/../lib/gcc/riscv-none-embed/8.2.0/rv32imacxw/ilp32\libgcc.a(floatunsisf.o)
                0x000000000000b518                __floatunsisf
 .text.__extendsfdf2
                0x000000000000b5e6       0xac c:/mounriver/mounriver_studio/toolchain/risc-v embedded gcc/bin/../lib/gcc/riscv-none-embed/8.2.0/rv32imacxw/ilp32\libgcc.a(extendsfdf2.o)
                0x000000000000b5e6                __extendsfdf2
 .text.__truncdfsf2
                0x000000000000b692      0x16a c:/mounriver/mounriver_studio/toolchain/risc-v embedded gcc/bin/../lib/gcc/riscv-none-embed/8.2.0/rv32imacxw/ilp32\libgcc.a(truncdfsf2.o)
                0x000000000000b692                __truncdfsf2
 .text.__clzsi2
                0x000000000000b7fc       0x6e c:/mounriver/mounriver_studio/toolchain/risc-v embedded gcc/bin/../lib/gcc/riscv-none-embed/8.2.0/rv32imacxw/ilp32\libgcc.a(_clzsi2.o)
                0x000000000000b7fc                __clzsi2
 .text.calloc   0x000000000000b86a        0xc c:/mounriver/mounriver_studio/toolchain/risc-v embedded gcc/bin/../lib/gcc/riscv-none-embed/8.2.0/../../../../riscv-none-embed/lib/rv32imacxw/ilp32\libg_nano.a(lib_a-calloc.o)
                0x000000000000b86a                calloc
 .text.free     0x000000000000b876        0xa c:/mounriver/mounriver_studio/toolchain/risc-v embedded gcc/bin/../lib/gcc/riscv-none-embed/8.2.0/../../../../riscv-none-embed/lib/rv32imacxw/ilp32\libg_nano.a(lib_a-malloc.o)
                0x000000000000b876                free
 .text.memcpy   0x000000000000b880       0xb2 c:/mounriver/mounriver_studio/toolchain/risc-v embedded gcc/bin/../lib/gcc/riscv-none-embed/8.2.0/../../../../riscv-none-embed/lib/rv32imacxw/ilp32\libg_nano.a(lib_a-memcpy.o)
                0x000000000000b880                memcpy
 .text.memmove  0x000000000000b932       0x46 c:/mounriver/mounriver_studio/toolchain/risc-v embedded gcc/bin/../lib/gcc/riscv-none-embed/8.2.0/../../../../riscv-none-embed/lib/rv32imacxw/ilp32\libg_nano.a(lib_a-memmove.o)
                0x000000000000b932                memmove
 .text._calloc_r
                0x000000000000b978       0x26 c:/mounriver/mounriver_studio/toolchain/risc-v embedded gcc/bin/../lib/gcc/riscv-none-embed/8.2.0/../../../../riscv-none-embed/lib/rv32imacxw/ilp32\libg_nano.a(lib_a-nano-callocr.o)
                0x000000000000b978                _calloc_r
 .text._free_r  0x000000000000b99e       0xa8 c:/mounriver/mounriver_studio/toolchain/risc-v embedded gcc/bin/../lib/gcc/riscv-none-embed/8.2.0/../../../../riscv-none-embed/lib/rv32imacxw/ilp32\libg_nano.a(lib_a-nano-freer.o)
                0x000000000000b99e                _free_r
 .text._malloc_r
                0x000000000000ba46       0xd4 c:/mounriver/mounriver_studio/toolchain/risc-v embedded gcc/bin/../lib/gcc/riscv-none-embed/8.2.0/../../../../riscv-none-embed/lib/rv32imacxw/ilp32\libg_nano.a(lib_a-nano-mallocr.o)
                0x000000000000ba46                _malloc_r
 .text.printf   0x000000000000bb1a       0x40 c:/mounriver/mounriver_studio/toolchain/risc-v embedded gcc/bin/../lib/gcc/riscv-none-embed/8.2.0/../../../../riscv-none-embed/lib/rv32imacxw/ilp32\libg_nano.a(lib_a-printf.o)
                0x000000000000bb1a                iprintf
                0x000000000000bb1a                printf
 .text._puts_r  0x000000000000bb5a       0xd4 c:/mounriver/mounriver_studio/toolchain/risc-v embedded gcc/bin/../lib/gcc/riscv-none-embed/8.2.0/../../../../riscv-none-embed/lib/rv32imacxw/ilp32\libg_nano.a(lib_a-puts.o)
                0x000000000000bb5a                _puts_r
 .text.puts     0x000000000000bc2e        0xc c:/mounriver/mounriver_studio/toolchain/risc-v embedded gcc/bin/../lib/gcc/riscv-none-embed/8.2.0/../../../../riscv-none-embed/lib/rv32imacxw/ilp32\libg_nano.a(lib_a-puts.o)
                0x000000000000bc2e                puts
 .text._sbrk_r  0x000000000000bc3a       0x32 c:/mounriver/mounriver_studio/toolchain/risc-v embedded gcc/bin/../lib/gcc/riscv-none-embed/8.2.0/../../../../riscv-none-embed/lib/rv32imacxw/ilp32\libg_nano.a(lib_a-sbrkr.o)
                0x000000000000bc3a                _sbrk_r
 .text.strlen   0x000000000000bc6c       0x12 c:/mounriver/mounriver_studio/toolchain/risc-v embedded gcc/bin/../lib/gcc/riscv-none-embed/8.2.0/../../../../riscv-none-embed/lib/rv32imacxw/ilp32\libg_nano.a(lib_a-strlen.o)
                0x000000000000bc6c                strlen
 .text.__swbuf_r
                0x000000000000bc7e       0xbc c:/mounriver/mounriver_studio/toolchain/risc-v embedded gcc/bin/../lib/gcc/riscv-none-embed/8.2.0/../../../../riscv-none-embed/lib/rv32imacxw/ilp32\libg_nano.a(lib_a-wbuf.o)
                0x000000000000bc7e                __swbuf_r
 .text.__swsetup_r
                0x000000000000bd3a       0xfe c:/mounriver/mounriver_studio/toolchain/risc-v embedded gcc/bin/../lib/gcc/riscv-none-embed/8.2.0/../../../../riscv-none-embed/lib/rv32imacxw/ilp32\libg_nano.a(lib_a-wsetup.o)
                0x000000000000bd3a                __swsetup_r
 .text.__sflush_r
                0x000000000000be38      0x132 c:/mounriver/mounriver_studio/toolchain/risc-v embedded gcc/bin/../lib/gcc/riscv-none-embed/8.2.0/../../../../riscv-none-embed/lib/rv32imacxw/ilp32\libg_nano.a(lib_a-fflush.o)
                0x000000000000be38                __sflush_r
 .text._fflush_r
                0x000000000000bf6a       0x66 c:/mounriver/mounriver_studio/toolchain/risc-v embedded gcc/bin/../lib/gcc/riscv-none-embed/8.2.0/../../../../riscv-none-embed/lib/rv32imacxw/ilp32\libg_nano.a(lib_a-fflush.o)
                0x000000000000bf6a                _fflush_r
 .text.std      0x000000000000bfd0       0x66 c:/mounriver/mounriver_studio/toolchain/risc-v embedded gcc/bin/../lib/gcc/riscv-none-embed/8.2.0/../../../../riscv-none-embed/lib/rv32imacxw/ilp32\libg_nano.a(lib_a-findfp.o)
 .text._cleanup_r
                0x000000000000c036        0xa c:/mounriver/mounriver_studio/toolchain/risc-v embedded gcc/bin/../lib/gcc/riscv-none-embed/8.2.0/../../../../riscv-none-embed/lib/rv32imacxw/ilp32\libg_nano.a(lib_a-findfp.o)
                0x000000000000c036                _cleanup_r
 .text.__sfmoreglue
                0x000000000000c040       0x48 c:/mounriver/mounriver_studio/toolchain/risc-v embedded gcc/bin/../lib/gcc/riscv-none-embed/8.2.0/../../../../riscv-none-embed/lib/rv32imacxw/ilp32\libg_nano.a(lib_a-findfp.o)
                0x000000000000c040                __sfmoreglue
 .text.__sinit  0x000000000000c088       0x6c c:/mounriver/mounriver_studio/toolchain/risc-v embedded gcc/bin/../lib/gcc/riscv-none-embed/8.2.0/../../../../riscv-none-embed/lib/rv32imacxw/ilp32\libg_nano.a(lib_a-findfp.o)
                0x000000000000c088                __sinit
 .text.__sfp    0x000000000000c0f4       0xa0 c:/mounriver/mounriver_studio/toolchain/risc-v embedded gcc/bin/../lib/gcc/riscv-none-embed/8.2.0/../../../../riscv-none-embed/lib/rv32imacxw/ilp32\libg_nano.a(lib_a-findfp.o)
                0x000000000000c0f4                __sfp
 .text._fwalk_reent
                0x000000000000c194       0x6a c:/mounriver/mounriver_studio/toolchain/risc-v embedded gcc/bin/../lib/gcc/riscv-none-embed/8.2.0/../../../../riscv-none-embed/lib/rv32imacxw/ilp32\libg_nano.a(lib_a-fwalk.o)
                0x000000000000c194                _fwalk_reent
 .text.__swhatbuf_r
                0x000000000000c1fe       0x58 c:/mounriver/mounriver_studio/toolchain/risc-v embedded gcc/bin/../lib/gcc/riscv-none-embed/8.2.0/../../../../riscv-none-embed/lib/rv32imacxw/ilp32\libg_nano.a(lib_a-makebuf.o)
                0x000000000000c1fe                __swhatbuf_r
 .text.__smakebuf_r
                0x000000000000c256       0x94 c:/mounriver/mounriver_studio/toolchain/risc-v embedded gcc/bin/../lib/gcc/riscv-none-embed/8.2.0/../../../../riscv-none-embed/lib/rv32imacxw/ilp32\libg_nano.a(lib_a-makebuf.o)
                0x000000000000c256                __smakebuf_r
 .text.__malloc_lock
                0x000000000000c2ea        0x2 c:/mounriver/mounriver_studio/toolchain/risc-v embedded gcc/bin/../lib/gcc/riscv-none-embed/8.2.0/../../../../riscv-none-embed/lib/rv32imacxw/ilp32\libg_nano.a(lib_a-mlock.o)
                0x000000000000c2ea                __malloc_lock
 .text.__malloc_unlock
                0x000000000000c2ec        0x2 c:/mounriver/mounriver_studio/toolchain/risc-v embedded gcc/bin/../lib/gcc/riscv-none-embed/8.2.0/../../../../riscv-none-embed/lib/rv32imacxw/ilp32\libg_nano.a(lib_a-mlock.o)
                0x000000000000c2ec                __malloc_unlock
 .text.__sfputc_r
                0x000000000000c2ee       0x28 c:/mounriver/mounriver_studio/toolchain/risc-v embedded gcc/bin/../lib/gcc/riscv-none-embed/8.2.0/../../../../riscv-none-embed/lib/rv32imacxw/ilp32\libg_nano.a(lib_a-nano-vfprintf.o)
 .text.__sfputs_r
                0x000000000000c316       0x42 c:/mounriver/mounriver_studio/toolchain/risc-v embedded gcc/bin/../lib/gcc/riscv-none-embed/8.2.0/../../../../riscv-none-embed/lib/rv32imacxw/ilp32\libg_nano.a(lib_a-nano-vfprintf.o)
                0x000000000000c316                __sfputs_r
 .text._vfprintf_r
                0x000000000000c358      0x288 c:/mounriver/mounriver_studio/toolchain/risc-v embedded gcc/bin/../lib/gcc/riscv-none-embed/8.2.0/../../../../riscv-none-embed/lib/rv32imacxw/ilp32\libg_nano.a(lib_a-nano-vfprintf.o)
                0x000000000000c358                _vfprintf_r
                0x000000000000c358                _vfiprintf_r
 .text._printf_common
                0x000000000000c5e0      0x10c c:/mounriver/mounriver_studio/toolchain/risc-v embedded gcc/bin/../lib/gcc/riscv-none-embed/8.2.0/../../../../riscv-none-embed/lib/rv32imacxw/ilp32\libg_nano.a(lib_a-nano-vfprintf_i.o)
                0x000000000000c5e0                _printf_common
 .text._printf_i
                0x000000000000c6ec      0x2a2 c:/mounriver/mounriver_studio/toolchain/risc-v embedded gcc/bin/../lib/gcc/riscv-none-embed/8.2.0/../../../../riscv-none-embed/lib/rv32imacxw/ilp32\libg_nano.a(lib_a-nano-vfprintf_i.o)
                0x000000000000c6ec                _printf_i
 .text.__sread  0x000000000000c98e       0x2c c:/mounriver/mounriver_studio/toolchain/risc-v embedded gcc/bin/../lib/gcc/riscv-none-embed/8.2.0/../../../../riscv-none-embed/lib/rv32imacxw/ilp32\libg_nano.a(lib_a-stdio.o)
                0x000000000000c98e                __sread
 .text.__swrite
                0x000000000000c9ba       0x48 c:/mounriver/mounriver_studio/toolchain/risc-v embedded gcc/bin/../lib/gcc/riscv-none-embed/8.2.0/../../../../riscv-none-embed/lib/rv32imacxw/ilp32\libg_nano.a(lib_a-stdio.o)
                0x000000000000c9ba                __swrite
 .text.__sseek  0x000000000000ca02       0x30 c:/mounriver/mounriver_studio/toolchain/risc-v embedded gcc/bin/../lib/gcc/riscv-none-embed/8.2.0/../../../../riscv-none-embed/lib/rv32imacxw/ilp32\libg_nano.a(lib_a-stdio.o)
                0x000000000000ca02                __sseek
 .text.__sclose
                0x000000000000ca32        0x6 c:/mounriver/mounriver_studio/toolchain/risc-v embedded gcc/bin/../lib/gcc/riscv-none-embed/8.2.0/../../../../riscv-none-embed/lib/rv32imacxw/ilp32\libg_nano.a(lib_a-stdio.o)
                0x000000000000ca32                __sclose
 .text._write_r
                0x000000000000ca38       0x36 c:/mounriver/mounriver_studio/toolchain/risc-v embedded gcc/bin/../lib/gcc/riscv-none-embed/8.2.0/../../../../riscv-none-embed/lib/rv32imacxw/ilp32\libg_nano.a(lib_a-writer.o)
                0x000000000000ca38                _write_r
 .text._close_r
                0x000000000000ca6e       0x30 c:/mounriver/mounriver_studio/toolchain/risc-v embedded gcc/bin/../lib/gcc/riscv-none-embed/8.2.0/../../../../riscv-none-embed/lib/rv32imacxw/ilp32\libg_nano.a(lib_a-closer.o)
                0x000000000000ca6e                _close_r
 .text._fstat_r
                0x000000000000ca9e       0x32 c:/mounriver/mounriver_studio/toolchain/risc-v embedded gcc/bin/../lib/gcc/riscv-none-embed/8.2.0/../../../../riscv-none-embed/lib/rv32imacxw/ilp32\libg_nano.a(lib_a-fstatr.o)
                0x000000000000ca9e                _fstat_r
 .text._isatty_r
                0x000000000000cad0       0x30 c:/mounriver/mounriver_studio/toolchain/risc-v embedded gcc/bin/../lib/gcc/riscv-none-embed/8.2.0/../../../../riscv-none-embed/lib/rv32imacxw/ilp32\libg_nano.a(lib_a-isattyr.o)
                0x000000000000cad0                _isatty_r
 .text._lseek_r
                0x000000000000cb00       0x34 c:/mounriver/mounriver_studio/toolchain/risc-v embedded gcc/bin/../lib/gcc/riscv-none-embed/8.2.0/../../../../riscv-none-embed/lib/rv32imacxw/ilp32\libg_nano.a(lib_a-lseekr.o)
                0x000000000000cb00                _lseek_r
 .text.memchr   0x000000000000cb34       0x18 c:/mounriver/mounriver_studio/toolchain/risc-v embedded gcc/bin/../lib/gcc/riscv-none-embed/8.2.0/../../../../riscv-none-embed/lib/rv32imacxw/ilp32\libg_nano.a(lib_a-memchr.o)
                0x000000000000cb34                memchr
 .text._read_r  0x000000000000cb4c       0x34 c:/mounriver/mounriver_studio/toolchain/risc-v embedded gcc/bin/../lib/gcc/riscv-none-embed/8.2.0/../../../../riscv-none-embed/lib/rv32imacxw/ilp32\libg_nano.a(lib_a-readr.o)
                0x000000000000cb4c                _read_r
 .text._close   0x000000000000cb80       0x10 c:/mounriver/mounriver_studio/toolchain/risc-v embedded gcc/bin/../lib/gcc/riscv-none-embed/8.2.0/../../../../riscv-none-embed/lib/rv32imacxw/ilp32\libnosys.a(close.o)
                0x000000000000cb80                _close
 .text._fstat   0x000000000000cb90       0x10 c:/mounriver/mounriver_studio/toolchain/risc-v embedded gcc/bin/../lib/gcc/riscv-none-embed/8.2.0/../../../../riscv-none-embed/lib/rv32imacxw/ilp32\libnosys.a(fstat.o)
                0x000000000000cb90                _fstat
 .text._isatty  0x000000000000cba0       0x10 c:/mounriver/mounriver_studio/toolchain/risc-v embedded gcc/bin/../lib/gcc/riscv-none-embed/8.2.0/../../../../riscv-none-embed/lib/rv32imacxw/ilp32\libnosys.a(isatty.o)
                0x000000000000cba0                _isatty
 .text._lseek   0x000000000000cbb0       0x10 c:/mounriver/mounriver_studio/toolchain/risc-v embedded gcc/bin/../lib/gcc/riscv-none-embed/8.2.0/../../../../riscv-none-embed/lib/rv32imacxw/ilp32\libnosys.a(lseek.o)
                0x000000000000cbb0                _lseek
 .text._read    0x000000000000cbc0       0x10 c:/mounriver/mounriver_studio/toolchain/risc-v embedded gcc/bin/../lib/gcc/riscv-none-embed/8.2.0/../../../../riscv-none-embed/lib/rv32imacxw/ilp32\libnosys.a(read.o)
                0x000000000000cbc0                _read
 *(.rodata)
 *fill*         0x000000000000cbd0        0x0 
 .rodata        0x000000000000cbd0       0x14 ./User/dash_draw.o
 *(.rodata*)
 .rodata.vCanOpenProcess.str1.4
                0x000000000000cbe4        0xe ./User/CanOpenNode.o
 *fill*         0x000000000000cbf2        0x2 
 .rodata.CalPoint
                0x000000000000cbf4       0x48 ./User/DataModel.o
 .rodata.CalPoint1
                0x000000000000cc3c       0x18 ./User/DataModel.o
 .rodata.seg_const.7436
                0x000000000000cc54       0x12 ./User/DataModel.o
 *fill*         0x000000000000cc66        0x2 
 .rodata.str1.4
                0x000000000000cc68       0x1e ./User/DataModel.o
 *fill*         0x000000000000cc86        0x2 
 .rodata.vIncrementSystemCounters.cst4
                0x000000000000cc88        0x8 ./User/DataModel.o
 .rodata.getODValue
                0x000000000000cc90       0x78 ./User/dash_draw.o
 .rodata.CheckLedState.cst4
                0x000000000000cd08        0x4 ./User/dash_draw.o
 .rodata.MenuStateCross
                0x000000000000cd0c       0x1c ./User/dash_draw.o
 .rodata.dm     0x000000000000cd28       0x3f ./User/dash_draw.o
 *fill*         0x000000000000cd67        0x1 
 .rodata.getODValue.cst4
                0x000000000000cd68        0x4 ./User/dash_draw.o
                                          0x8 (size before relaxing)
 .rodata.vBarColorMode.cst4
                0x000000000000cd6c        0x4 ./User/dash_draw.o
 .rodata.vRedrawTask.cst4
                0x000000000000cd70        0x4 ./User/dash_draw.o
 .rodata.ADC_FSM.cst4
                0x000000000000cd74        0xc ./User/inputs.o
 *fill*         0x000000000000cd80        0x0 
 .rodata.ADC_FSM.cst8
                0x000000000000cd80       0x18 ./User/inputs.o
 .rodata.vInputsTask.cst4
                0x000000000000cd98        0x8 ./User/inputs.o
 .rodata.SetSegDirect
                0x000000000000cda0       0x1c ./User/led.o
 .rodata.Brigth
                0x000000000000cdbc       0x1e ./User/led.o
 *fill*         0x000000000000cdda        0x2 
 .rodata.DigitMask
                0x000000000000cddc        0xa ./User/led.o
                0x000000000000cddc                DigitMask
 *fill*         0x000000000000cde6        0x2 
 .rodata.offset_mask
                0x000000000000cde8        0xe ./User/led.o
 *fill*         0x000000000000cdf6        0x2 
 .rodata.step_mask
                0x000000000000cdf8        0xe ./User/led.o
 *fill*         0x000000000000ce06        0x2 
 .rodata.Error_Handler.str1.4
                0x000000000000ce08        0xf ./User/main.o
 *fill*         0x000000000000ce17        0x1 
 .rodata.main.str1.4
                0x000000000000ce18        0xf ./User/main.o
 *fill*         0x000000000000ce27        0x1 
 .rodata.OD_writeBoardSettings
                0x000000000000ce28       0x18 ./User/process.o
 .rodata.OD_readBoardSettings
                0x000000000000ce40       0x18 ./User/process.o
 .rodata.OD_ADC1_CAL_extension
                0x000000000000ce58       0x10 ./User/process.o
                0x000000000000ce58                OD_ADC1_CAL_extension
 .rodata.OD_ADC2_CAL_extension
                0x000000000000ce68       0x10 ./User/process.o
                0x000000000000ce68                OD_ADC2_CAL_extension
 .rodata.OD_ADC3_CAL_extension
                0x000000000000ce78       0x10 ./User/process.o
                0x000000000000ce78                OD_ADC3_CAL_extension
 .rodata.OD_AIN_RPM_extension
                0x000000000000ce88       0x10 ./User/process.o
                0x000000000000ce88                OD_AIN_RPM_extension
 .rodata.OD_BAR_extension
                0x000000000000ce98       0x10 ./User/process.o
                0x000000000000ce98                OD_BAR_extension
 .rodata.OD_BOARD_SETTINGS_extension
                0x000000000000cea8       0x10 ./User/process.o
                0x000000000000cea8                OD_BOARD_SETTINGS_extension
 .rodata.OD_DASH_PARAM_extension
                0x000000000000ceb8       0x10 ./User/process.o
                0x000000000000ceb8                OD_DASH_PARAM_extension
 .rodata.OD_DIN_extension
                0x000000000000cec8       0x10 ./User/process.o
                0x000000000000cec8                OD_DIN_extension
 .rodata.OD_HISTER_CONFIG_extension
                0x000000000000ced8       0x10 ./User/process.o
                0x000000000000ced8                OD_HISTER_CONFIG_extension
 .rodata.OD_INPUT_CH_CONFIG_extension
                0x000000000000cee8       0x10 ./User/process.o
                0x000000000000cee8                OD_INPUT_CH_CONFIG_extension
 .rodata.OD_KEY_extension
                0x000000000000cef8       0x10 ./User/process.o
                0x000000000000cef8                OD_KEY_extension
 .rodata.OD_MENU_MAP_extension
                0x000000000000cf08       0x10 ./User/process.o
                0x000000000000cf08                OD_MENU_MAP_extension
 .rodata.OD_MENU_SETUP_extension
                0x000000000000cf18       0x10 ./User/process.o
                0x000000000000cf18                OD_MENU_SETUP_extension
 .rodata.OD_RGB10_extension
                0x000000000000cf28       0x10 ./User/process.o
                0x000000000000cf28                OD_RGB10_extension
 .rodata.OD_RGB11_extension
                0x000000000000cf38       0x10 ./User/process.o
                0x000000000000cf38                OD_RGB11_extension
 .rodata.OD_RGB12_extension
                0x000000000000cf48       0x10 ./User/process.o
                0x000000000000cf48                OD_RGB12_extension
 .rodata.OD_RGB13_extension
                0x000000000000cf58       0x10 ./User/process.o
                0x000000000000cf58                OD_RGB13_extension
 .rodata.OD_RGB14_extension
                0x000000000000cf68       0x10 ./User/process.o
                0x000000000000cf68                OD_RGB14_extension
 .rodata.OD_RGB1_extension
                0x000000000000cf78       0x10 ./User/process.o
                0x000000000000cf78                OD_RGB1_extension
 .rodata.OD_RGB2_extension
                0x000000000000cf88       0x10 ./User/process.o
                0x000000000000cf88                OD_RGB2_extension
 .rodata.OD_RGB3_extension
                0x000000000000cf98       0x10 ./User/process.o
                0x000000000000cf98                OD_RGB3_extension
 .rodata.OD_RGB4_extension
                0x000000000000cfa8       0x10 ./User/process.o