Archive member included to satisfy reference by file (symbol)

c:/mounriver/mounriver_studio2/resources/app/resources/win32/components/wch/toolchain/risc-v embedded gcc/bin/../lib/gcc/riscv-none-embed/8.2.0/../../../../riscv-none-embed/lib/rv32imacxw/ilp32\libprintfloat.a(printfloat.o)
                              ./User/CanOpenNode.o (printf)
c:/mounriver/mounriver_studio2/resources/app/resources/win32/components/wch/toolchain/risc-v embedded gcc/bin/../lib/gcc/riscv-none-embed/8.2.0/rv32imacxw/ilp32\libgcc.a(_udivdi3.o)
                              c:/mounriver/mounriver_studio2/resources/app/resources/win32/components/wch/toolchain/risc-v embedded gcc/bin/../lib/gcc/riscv-none-embed/8.2.0/../../../../riscv-none-embed/lib/rv32imacxw/ilp32\libprintfloat.a(printfloat.o) (__udivdi3)
c:/mounriver/mounriver_studio2/resources/app/resources/win32/components/wch/toolchain/risc-v embedded gcc/bin/../lib/gcc/riscv-none-embed/8.2.0/rv32imacxw/ilp32\libgcc.a(_umoddi3.o)
                              c:/mounriver/mounriver_studio2/resources/app/resources/win32/components/wch/toolchain/risc-v embedded gcc/bin/../lib/gcc/riscv-none-embed/8.2.0/../../../../riscv-none-embed/lib/rv32imacxw/ilp32\libprintfloat.a(printfloat.o) (__umoddi3)
c:/mounriver/mounriver_studio2/resources/app/resources/win32/components/wch/toolchain/risc-v embedded gcc/bin/../lib/gcc/riscv-none-embed/8.2.0/rv32imacxw/ilp32\libgcc.a(divdf3.o)
                              ./LIB/hw_lib_din.o (__divdf3)
c:/mounriver/mounriver_studio2/resources/app/resources/win32/components/wch/toolchain/risc-v embedded gcc/bin/../lib/gcc/riscv-none-embed/8.2.0/rv32imacxw/ilp32\libgcc.a(ledf2.o)
                              c:/mounriver/mounriver_studio2/resources/app/resources/win32/components/wch/toolchain/risc-v embedded gcc/bin/../lib/gcc/riscv-none-embed/8.2.0/../../../../riscv-none-embed/lib/rv32imacxw/ilp32\libprintfloat.a(printfloat.o) (__ltdf2)
c:/mounriver/mounriver_studio2/resources/app/resources/win32/components/wch/toolchain/risc-v embedded gcc/bin/../lib/gcc/riscv-none-embed/8.2.0/rv32imacxw/ilp32\libgcc.a(muldf3.o)
                              ./User/inputs.o (__muldf3)
c:/mounriver/mounriver_studio2/resources/app/resources/win32/components/wch/toolchain/risc-v embedded gcc/bin/../lib/gcc/riscv-none-embed/8.2.0/rv32imacxw/ilp32\libgcc.a(subdf3.o)
                              c:/mounriver/mounriver_studio2/resources/app/resources/win32/components/wch/toolchain/risc-v embedded gcc/bin/../lib/gcc/riscv-none-embed/8.2.0/../../../../riscv-none-embed/lib/rv32imacxw/ilp32\libprintfloat.a(printfloat.o) (__subdf3)
c:/mounriver/mounriver_studio2/resources/app/resources/win32/components/wch/toolchain/risc-v embedded gcc/bin/../lib/gcc/riscv-none-embed/8.2.0/rv32imacxw/ilp32\libgcc.a(fixunsdfsi.o)
                              ./LIB/hw_lib_din.o (__fixunsdfsi)
c:/mounriver/mounriver_studio2/resources/app/resources/win32/components/wch/toolchain/risc-v embedded gcc/bin/../lib/gcc/riscv-none-embed/8.2.0/rv32imacxw/ilp32\libgcc.a(floatunsidf.o)
                              ./User/inputs.o (__floatunsidf)
c:/mounriver/mounriver_studio2/resources/app/resources/win32/components/wch/toolchain/risc-v embedded gcc/bin/../lib/gcc/riscv-none-embed/8.2.0/rv32imacxw/ilp32\libgcc.a(fixdfdi.o)
                              c:/mounriver/mounriver_studio2/resources/app/resources/win32/components/wch/toolchain/risc-v embedded gcc/bin/../lib/gcc/riscv-none-embed/8.2.0/../../../../riscv-none-embed/lib/rv32imacxw/ilp32\libprintfloat.a(printfloat.o) (__fixdfdi)
c:/mounriver/mounriver_studio2/resources/app/resources/win32/components/wch/toolchain/risc-v embedded gcc/bin/../lib/gcc/riscv-none-embed/8.2.0/rv32imacxw/ilp32\libgcc.a(floatdidf.o)
                              c:/mounriver/mounriver_studio2/resources/app/resources/win32/components/wch/toolchain/risc-v embedded gcc/bin/../lib/gcc/riscv-none-embed/8.2.0/../../../../riscv-none-embed/lib/rv32imacxw/ilp32\libprintfloat.a(printfloat.o) (__floatdidf)
c:/mounriver/mounriver_studio2/resources/app/resources/win32/components/wch/toolchain/risc-v embedded gcc/bin/../lib/gcc/riscv-none-embed/8.2.0/rv32imacxw/ilp32\libgcc.a(addsf3.o)
                              ./User/inputs.o (__addsf3)
c:/mounriver/mounriver_studio2/resources/app/resources/win32/components/wch/toolchain/risc-v embedded gcc/bin/../lib/gcc/riscv-none-embed/8.2.0/rv32imacxw/ilp32\libgcc.a(divsf3.o)
                              ./User/DataModel.o (__divsf3)
c:/mounriver/mounriver_studio2/resources/app/resources/win32/components/wch/toolchain/risc-v embedded gcc/bin/../lib/gcc/riscv-none-embed/8.2.0/rv32imacxw/ilp32\libgcc.a(eqsf2.o)
                              ./LIB/hw_lib_din.o (__nesf2)
c:/mounriver/mounriver_studio2/resources/app/resources/win32/components/wch/toolchain/risc-v embedded gcc/bin/../lib/gcc/riscv-none-embed/8.2.0/rv32imacxw/ilp32\libgcc.a(gesf2.o)
                              ./User/inputs.o (__gesf2)
[...]
Memory Configuration

Name             Origin             Length             Attributes
FLASH            0x0000000000001000 0x000000000000f000 xr
SFLASH           0x0000000000010000 0x000000000000f000 xr
RAM              0x0000000020000000 0x0000000000005000 xrw
*default*        0x0000000000000000 0xffffffffffffffff

Linker script and memory map

LOAD ./User/CanOpenNode.o
LOAD ./User/DataModel.o
LOAD ./User/ch32v20x_it.o
LOAD ./User/dash_draw.o
LOAD ./User/init.o
LOAD ./User/inputs.o
LOAD ./User/led.o
LOAD ./User/main.o
LOAD ./User/process.o
LOAD ./User/system_ch32v20x.o
LOAD ./User/system_init.o
LOAD ./Startup/startup_ch32v20x_D6.o
LOAD ./Peripheral/src/ch32v20x_adc.o
LOAD ./Peripheral/src/ch32v20x_bkp.o
LOAD ./Peripheral/src/ch32v20x_can.o
LOAD ./Peripheral/src/ch32v20x_crc.o
LOAD ./Peripheral/src/ch32v20x_dbgmcu.o
LOAD ./Peripheral/src/ch32v20x_dma.o
LOAD ./Peripheral/src/ch32v20x_exti.o
LOAD ./Peripheral/src/ch32v20x_flash.o
LOAD ./Peripheral/src/ch32v20x_gpio.o
LOAD ./Peripheral/src/ch32v20x_i2c.o
LOAD ./Peripheral/src/ch32v20x_iwdg.o
LOAD ./Peripheral/src/ch32v20x_misc.o
LOAD ./Peripheral/src/ch32v20x_opa.o
LOAD ./Peripheral/src/ch32v20x_pwr.o
LOAD ./Peripheral/src/ch32v20x_rcc.o
LOAD ./Peripheral/src/ch32v20x_rtc.o
LOAD ./Peripheral/src/ch32v20x_spi.o
LOAD ./Peripheral/src/ch32v20x_tim.o
LOAD ./Peripheral/src/ch32v20x_usart.o
LOAD ./Peripheral/src/ch32v20x_wwdg.o
LOAD ./LIB/filters.o
LOAD ./LIB/hw_data_model.o
LOAD ./LIB/hw_lib_adc.o
LOAD ./LIB/hw_lib_din.o
LOAD ./LIB/hw_lib_eeprom_i2c.o
LOAD ./LIB/hw_lib_keyboard.o
LOAD ./LIB/hw_timeout.o
LOAD ./FreeRTOS/portable/MemMang/heap_4.o
LOAD ./FreeRTOS/portable/GCC/RISC-V/port.o
LOAD ./FreeRTOS/portable/GCC/RISC-V/portASM.o
LOAD ./FreeRTOS/croutine.o
LOAD ./FreeRTOS/event_groups.o
LOAD ./FreeRTOS/list.o
LOAD ./FreeRTOS/queue.o
LOAD ./FreeRTOS/stream_buffer.o
LOAD ./FreeRTOS/tasks.o
LOAD ./FreeRTOS/timers.o
LOAD ./Debug/debug.o
LOAD ./DRIVER/hal_adc_ch32.o
LOAD ./DRIVER/hal_can_ch32.o
LOAD ./DRIVER/hal_dma_ch32.o
LOAD ./DRIVER/hal_flash_ch32.o
LOAD ./DRIVER/hal_gpio_ch32.o
LOAD ./DRIVER/hal_i2c_ch32.o
LOAD ./DRIVER/hal_irq.o
LOAD ./DRIVER/hal_rtc_ch32.o
LOAD ./DRIVER/hal_spi_ch32.o
LOAD ./DRIVER/hal_timers_ch32.o
LOAD ./DRIVER/hal_wdt_ch32.o
LOAD ./Core/core_riscv.o
LOAD ./CANopenNode/keypad/CO_driver_ST32F103.o
LOAD ./CANopenNode/keypad/OD.o
LOAD ./CANopenNode/extra/CO_trace.o
LOAD ./CANopenNode/309/CO_gateway_ascii.o
LOAD ./CANopenNode/305/CO_LSSmaster.o
LOAD ./CANopenNode/305/CO_LSSslave.o
LOAD ./CANopenNode/304/CO_GFC.o
LOAD ./CANopenNode/304/CO_SRDO.o
LOAD ./CANopenNode/303/CO_LEDs.o
LOAD ./CANopenNode/301/CO_Emergency.o
LOAD ./CANopenNode/301/CO_HBconsumer.o
LOAD ./CANopenNode/301/CO_NMT_Heartbeat.o
LOAD ./CANopenNode/301/CO_Node_Guarding.o
LOAD ./CANopenNode/301/CO_ODinterface.o
LOAD ./CANopenNode/301/CO_PDO.o
LOAD ./CANopenNode/301/CO_SDOclient.o
LOAD ./CANopenNode/301/CO_SDOserver.o
LOAD ./CANopenNode/301/CO_SYNC.o
LOAD ./CANopenNode/301/CO_TIME.o
LOAD ./CANopenNode/301/CO_fifo.o
LOAD ./CANopenNode/301/crc16-ccitt.o
LOAD ./CANopenNode/CANopen.o
LOAD c:/mounriver/mounriver_studio2/resources/app/resources/win32/components/wch/toolchain/risc-v embedded gcc/bin/../lib/gcc/riscv-none-embed/8.2.0/../../../../riscv-none-embed/lib/rv32imacxw/ilp32\libm.a
LOAD c:/mounriver/mounriver_studio2/resources/app/resources/win32/components/wch/toolchain/risc-v embedded gcc/bin/../lib/gcc/riscv-none-embed/8.2.0/../../../../riscv-none-embed/lib/rv32imacxw/ilp32\libprintfloat.a
LOAD c:/mounriver/mounriver_studio2/resources/app/resources/win32/components/wch/toolchain/risc-v embedded gcc/bin/../lib/gcc/riscv-none-embed/8.2.0/rv32imacxw/ilp32\libgcc.a
LOAD c:/mounriver/mounriver_studio2/resources/app/resources/win32/components/wch/toolchain/risc-v embedded gcc/bin/../lib/gcc/riscv-none-embed/8.2.0/../../../../riscv-none-embed/lib/rv32imacxw/ilp32\libg_nano.a
LOAD c:/mounriver/mounriver_studio2/resources/app/resources/win32/components/wch/toolchain/risc-v embedded gcc/bin/../lib/gcc/riscv-none-embed/8.2.0/../../../../riscv-none-embed/lib/rv32imacxw/ilp32\libc_nano.a
LOAD c:/mounriver/mounriver_studio2/resources/app/resources/win32/components/wch/toolchain/risc-v embedded gcc/bin/../lib/gcc/riscv-none-embed/8.2.0/rv32imacxw/ilp32\libgcc.a
START GROUP
LOAD c:/mounriver/mounriver_studio2/resources/app/resources/win32/components/wch/toolchain/risc-v embedded gcc/bin/../lib/gcc/riscv-none-embed/8.2.0/rv32imacxw/ilp32\libgcc.a
LOAD c:/mounriver/mounriver_studio2/resources/app/resources/win32/components/wch/toolchain/risc-v embedded gcc/bin/../lib/gcc/riscv-none-embed/8.2.0/../../../../riscv-none-embed/lib/rv32imacxw/ilp32\libc_nano.a
LOAD c:/mounriver/mounriver_studio2/resources/app/resources/win32/components/wch/toolchain/risc-v embedded gcc/bin/../lib/gcc/riscv-none-embed/8.2.0/../../../../riscv-none-embed/lib/rv32imacxw/ilp32\libnosys.a
END GROUP
START GROUP
LOAD c:/mounriver/mounriver_studio2/resources/app/resources/win32/components/wch/toolchain/risc-v embedded gcc/bin/../lib/gcc/riscv-none-embed/8.2.0/rv32imacxw/ilp32\libgcc.a
LOAD c:/mounriver/mounriver_studio2/resources/app/resources/win32/components/wch/toolchain/risc-v embedded gcc/bin/../lib/gcc/riscv-none-embed/8.2.0/../../../../riscv-none-embed/lib/rv32imacxw/ilp32\libc_nano.a
LOAD c:/mounriver/mounriver_studio2/resources/app/resources/win32/components/wch/toolchain/risc-v embedded gcc/bin/../lib/gcc/riscv-none-embed/8.2.0/../../../../riscv-none-embed/lib/rv32imacxw/ilp32\libnosys.a
END GROUP
                0x0000000000000800                __stack_size = 0x800
                [!provide]                        PROVIDE (_stack_size = __stack_size)

.init           0x0000000000001000       0x38
                0x0000000000001000                _sinit = .
                0x0000000000001000                . = ALIGN (0x4)
 *(SORT_NONE(.init))
 .init          0x0000000000001000       0x38 ./Startup/startup_ch32v20x_D6.o
                0x0000000000001000                _start
                0x0000000000001038                . = ALIGN (0x4)
                0x0000000000001038                _einit = .

.vector         0x0000000000001038      0x108
 *(.vector)
 .vector        0x0000000000001038       0xfc ./Startup/startup_ch32v20x_D6.o
                0x0000000000001140                . = ALIGN (0x40)
 *fill*         0x0000000000001134        0xc 

.stext          0x0000000000010000     0x2fb4
                0x0000000000010000                . = ALIGN (0x4)
 *(.stext)
 .stext         0x0000000000010000        0xa ./User/CanOpenNode.o
                0x0000000000010000                vCanOpenInit
 .stext         0x000000000001000a      0x7fe ./User/DataModel.o
                0x000000000001000a                DataModel_Init
 .stext         0x0000000000010808      0x342 ./User/dash_draw.o
                0x000000000001081e                TestProcedure
                0x0000000000010988                xProcessTaskHandle
                0x0000000000010992                vDashDrawInit
                0x0000000000010a2e                SetTest
 .stext         0x0000000000010b4a      0x160 ./User/init.o
                0x0000000000010b4a                vInit_DeviceConfig
 .stext         0x0000000000010caa      0x19e ./User/inputs.o
                0x0000000000010d88                ADC1_Init
 .stext         0x0000000000010e48       0x4e ./User/led.o
                0x0000000000010e48                vLedDriverStart
 .stext         0x0000000000010e96      0x53a ./User/process.o
                0x0000000000010e96                vProceesInit
 .stext         0x00000000000113d0      0x14e ./User/system_init.o
                0x00000000000113d0                vSYStaskInit
                0x00000000000114f4                vSYSqueueInit
 .stext         0x000000000001151e       0x36 ./LIB/hw_lib_adc.o
                0x000000000001151e                vAINInit
 .stext         0x0000000000011554       0x3e ./LIB/hw_lib_din.o
                0x0000000000011554                eDinConfigWtihStruct
 .stext         0x0000000000011592       0x5c ./LIB/hw_lib_eeprom_i2c.o
                0x0000000000011592                vInitEEPROM_I2C
 .stext         0x00000000000115ee      0x4c4 ./DRIVER/hal_can_ch32.o
                0x00000000000115ee                HAL_CANInt
                0x00000000000116c6                HAL_CANIntIT
                0x0000000000011828                HAL_CANToInitMode
                0x0000000000011874                HAL_CANToOperatingMode
                0x00000000000118b2                HAL_CANSetFiters
                0x0000000000011992                HAL_CANResetFiltesr
                0x00000000000119c2                HAL_CANSetFitersEX
 .stext         0x0000000000011ab2      0xfb2 ./DRIVER/hal_gpio_ch32.o
                0x0000000000011ab2                HAL_InitGPIO
                0x0000000000011f2c                HAL_InitGpioOut
                0x00000000000120c4                HAL_InitGpioAIN
                0x000000000001220c                HAL_InitGpioInPUP
                0x0000000000012410                HAL_InitGpioIn
                0x00000000000125a8                HAL_InitGpioAF
                0x0000000000012a50                HAL_InitGPO
 .stext         0x0000000000012a64       0x74 ./DRIVER/hal_i2c_ch32.o
                0x0000000000012a64                InitI2CIT
 .stext         0x0000000000012ad8       0x7c ./DRIVER/hal_irq.o
                0x0000000000012ad8                HAL_InitAPB1
                0x0000000000012af4                HAL_InitAPB2
                0x0000000000012b10                PFIC_IRQ_ENABLE_PG1
 .stext         0x0000000000012b54       0x64 ./DRIVER/hal_spi_ch32.o
                0x0000000000012b54                HAL_SPI_InitDMA
 .stext         0x0000000000012bb8      0x23c ./DRIVER/hal_timers_ch32.o
                0x0000000000012bb8                HAL_TIMER_InitIt
                0x0000000000012ca2                HAL_TIMER_PWMTimersInit
 .stext         0x0000000000012df4       0x86 ./DRIVER/hal_wdt_ch32.o
                0x0000000000012df4                HAL_WDT_Init
                0x0000000000012e28                HAL_WDTInit
                0x0000000000012e52                HAL_WDT_Init1s
 *fill*         0x0000000000012e7a        0x2 
 .stext         0x0000000000012e7c      0x138 ./CANopenNode/keypad/OD.o
                0x0000000000012e7c                OD_ROM

.text           0x0000000000001200     0xe884
                0x0000000000001200                . = ALIGN (0x4)
 *(.text)
 .text          0x0000000000001200      0x2ee ./FreeRTOS/portable/GCC/RISC-V/portASM.o
                0x0000000000001200                SW_Handler
                0x0000000000001300                xPortStartFirstTask
                0x0000000000001400                pxPortInitialiseStack
 .text          0x00000000000014ee       0x60 c:/mounriver/mounriver_studio2/resources/app/resources/win32/components/wch/toolchain/risc-v embedded gcc/bin/../lib/gcc/riscv-none-embed/8.2.0/rv32imacxw/ilp32\libgcc.a(save-restore.o)
                0x00000000000014ee                __riscv_save_12
                0x00000000000014f6                __riscv_save_9
                0x00000000000014f6                __riscv_save_11
                0x00000000000014f6                __riscv_save_10
                0x00000000000014f6                __riscv_save_8
                0x0000000000001504                __riscv_save_4
                0x0000000000001504                __riscv_save_6
                0x0000000000001504                __riscv_save_5
                0x0000000000001504                __riscv_save_7
                0x000000000000151e                __riscv_save_3
                0x000000000000151e                __riscv_save_2
                0x000000000000151e                __riscv_save_1
                0x000000000000151e                __riscv_save_0
                0x000000000000152a                __riscv_restore_12
                0x000000000000152e                __riscv_restore_11
                0x000000000000152e                __riscv_restore_9
                0x000000000000152e                __riscv_restore_10
                0x000000000000152e                __riscv_restore_8
                0x0000000000001538                __riscv_restore_5
                0x0000000000001538                __riscv_restore_7
                0x0000000000001538                __riscv_restore_6
                0x0000000000001538                __riscv_restore_4
                0x0000000000001542                __riscv_restore_3
                0x0000000000001542                __riscv_restore_0
                0x0000000000001542                __riscv_restore_2
                0x0000000000001542                __riscv_restore_1
 .text          0x000000000000154e       0xa8 c:/mounriver/mounriver_studio2/resources/app/resources/win32/components/wch/toolchain/risc-v embedded gcc/bin/../lib/gcc/riscv-none-embed/8.2.0/../../../../riscv-none-embed/lib/rv32imacxw/ilp32\libg_nano.a(lib_a-memset.o)
                0x000000000000154e                memset
 *(.text.*)
 .text.xCanOpenProcessTaskHandle
                0x00000000000015f6        0xa ./User/CanOpenNode.o
                0x00000000000015f6                xCanOpenProcessTaskHandle
 .text.xCanOpenPeriodicTaskHandle
                0x0000000000001600        0xa ./User/CanOpenNode.o
                0x0000000000001600                xCanOpenPeriodicTaskHandle
 .text.vCanOpenProcess
                0x000000000000160a      0x18e ./User/CanOpenNode.o
                0x000000000000160a                vCanOpenProcess
 .text.vCanOpenPeriodicProcess
                0x0000000000001798       0x82 ./User/CanOpenNode.o
                0x0000000000001798                vCanOpenPeriodicProcess
 .text.xDataRegQueue
                0x000000000000181a        0xa ./User/DataModel.o
                0x000000000000181a                xDataRegQueue
 .text.DataModelGetSecCounter
                0x0000000000001824        0xa ./User/DataModel.o
                0x0000000000001824                DataModelGetSecCounter
 .text.WriteRegAfterDelay
                0x000000000000182e       0x68 ./User/DataModel.o
                0x000000000000182e                WriteRegAfterDelay
 .text.WriteReg
                0x0000000000001896       0x50 ./User/DataModel.o
                0x0000000000001896                WriteReg
 .text.vGetBitrate
                0x00000000000018e6        0xe ./User/DataModel.o
                0x00000000000018e6                vGetBitrate
 .text.vFDGetNMTState
                0x00000000000018f4        0x6 ./User/DataModel.o
                0x00000000000018f4                vFDGetNMTState
 .text.vGetNodeId
                0x00000000000018fa        0xe ./User/DataModel.o
                0x00000000000018fa                vGetNodeId
 .text.vSetBitrate
                0x0000000000001908       0x20 ./User/DataModel.o
                0x0000000000001908                vSetBitrate
 .text.vSetNodeID
                0x0000000000001928        0xe ./User/DataModel.o
                0x0000000000001928                vSetNodeID
 .text.vDataModelRegDelayWrite
                0x0000000000001936       0x60 ./User/DataModel.o
                0x0000000000001936                vDataModelRegDelayWrite
 .text.vIncrementSystemCounters
                0x0000000000001996       0x9c ./User/DataModel.o
                0x0000000000001996                vIncrementSystemCounters
 .text.vSaveData
                0x0000000000001a32       0x18 ./User/DataModel.o
                0x0000000000001a32                vSaveData
 .text.getOdometr
                0x0000000000001a4a       0x14 ./User/DataModel.o
                0x0000000000001a4a                getOdometr
 .text.getOdometr1
                0x0000000000001a5e       0x14 ./User/DataModel.o
                0x0000000000001a5e                getOdometr1
 .text.ResrtOdometr1
                0x0000000000001a72        0xe ./User/DataModel.o
                0x0000000000001a72                ResrtOdometr1
 .text.NMI_Handler
                0x0000000000001a80        0x2 ./User/ch32v20x_it.o
                0x0000000000001a80                NMI_Handler
 .text.HardFault_Handler
                0x0000000000001a82        0x2 ./User/ch32v20x_it.o
                0x0000000000001a82                HardFault_Handler
 .text.SegPrint
                0x0000000000001a84       0x58 ./User/dash_draw.o
 .text.vCheckKeySatate
                0x0000000000001adc       0x80 ./User/dash_draw.o
 .text.vSetErrorReg
                0x0000000000001b5c        0xa ./User/dash_draw.o
                0x0000000000001b5c                vSetErrorReg
 .text.getODValue
                0x0000000000001b66      0x1c6 ./User/dash_draw.o
                0x0000000000001b66                getODValue
 .text.IncMenuIndex
                0x0000000000001d2c       0x80 ./User/dash_draw.o
                0x0000000000001d2c                IncMenuIndex
 .text.GoToHome
                0x0000000000001dac       0x12 ./User/dash_draw.o
                0x0000000000001dac                GoToHome
 .text.SetCurMenuHome
                0x0000000000001dbe       0x36 ./User/dash_draw.o
                0x0000000000001dbe                SetCurMenuHome
 .text.GetCurMenuHome
                0x0000000000001df4        0x6 ./User/dash_draw.o
                0x0000000000001df4                GetCurMenuHome
 .text.SetCurrentMenu
                0x0000000000001dfa       0x12 ./User/dash_draw.o
                0x0000000000001dfa                SetCurrentMenu
 .text.SetDefault
                0x0000000000001e0c       0x2a ./User/dash_draw.o
                0x0000000000001e0c                SetDefault
 .text.MenuBackHomeCheck
                0x0000000000001e36       0x38 ./User/dash_draw.o
                0x0000000000001e36                MenuBackHomeCheck
 .text.vMenuBlink
                0x0000000000001e6e       0x4a ./User/dash_draw.o
                0x0000000000001e6e                vMenuBlink
 .text.SetErrorRegiter
                0x0000000000001eb8       0x5e ./User/dash_draw.o
                0x0000000000001eb8                SetErrorRegiter
 .text.uGetCurrMenu
                0x0000000000001f16       0x26 ./User/dash_draw.o
                0x0000000000001f16                uGetCurrMenu
 .text.vGetEdgeData
                0x0000000000001f3c       0x2a ./User/dash_draw.o
                0x0000000000001f3c                vGetEdgeData
 .text.CheckLedState
                0x0000000000001f66       0xd4 ./User/dash_draw.o
 .text.vRGBMode
                0x000000000000203a       0xaa ./User/dash_draw.o
                0x000000000000203a                vRGBMode
 .text.vBarColorMode
                0x00000000000020e4       0xc8 ./User/dash_draw.o
                0x00000000000020e4                vBarColorMode
 .text.vBarMode
                0x00000000000021ac       0x36 ./User/dash_draw.o
                0x00000000000021ac                vBarMode
 .text.vRedrawTask
                0x00000000000021e2      0x4de ./User/dash_draw.o
                0x00000000000021e2                vRedrawTask
 .text.HardwareDeinit
                0x00000000000026c0       0x2a ./User/init.o
                0x00000000000026c0                HardwareDeinit
 .text.SoftwareReset
                0x00000000000026ea       0x14 ./User/init.o
                0x00000000000026ea                SoftwareReset
 .text.ADC1_Event
                0x00000000000026fe       0x44 ./User/inputs.o
                0x00000000000026fe                ADC1_Event
 .text.CaptureDMACallBack
                0x0000000000002742       0x22 ./User/inputs.o
                0x0000000000002742                CaptureDMACallBack
 .text.CaptureDMACallBack_1
                0x0000000000002764       0x22 ./User/inputs.o
                0x0000000000002764                CaptureDMACallBack_1
 .text.fDinStateCallback
                0x0000000000002786       0x42 ./User/inputs.o
                0x0000000000002786                fDinStateCallback
 .text.getInputsTaskHandle
                0x00000000000027c8        0xa ./User/inputs.o
                0x00000000000027c8                getInputsTaskHandle
 .text.ADC_FSM  0x00000000000027d2      0x200 ./User/inputs.o
                0x00000000000027d2                ADC_FSM
 .text.GetAIN   0x00000000000029d2        0xc ./User/inputs.o
                0x00000000000029d2                GetAIN
 .text.InputsGetTest
                0x00000000000029de       0x6e ./User/inputs.o
                0x00000000000029de                InputsGetTest
 .text.vInputsTask
                0x0000000000002a4c      0x10a ./User/inputs.o
                0x0000000000002a4c                vInputsTask
 .text.SPI1_DMA_Callback
                0x0000000000002b56       0x2e ./User/led.o
                0x0000000000002b56                SPI1_DMA_Callback
 .text.SPI2_DMA_Callback
                0x0000000000002b84       0x2e ./User/led.o
                0x0000000000002b84                SPI2_DMA_Callback
 .text.SetBarState
                0x0000000000002bb2       0x50 ./User/led.o
                0x0000000000002bb2                SetBarState
 .text.SetRGB   0x0000000000002c02       0x50 ./User/led.o
                0x0000000000002c02                SetRGB
 .text.SetSegDirect
                0x0000000000002c52       0xa8 ./User/led.o
                0x0000000000002c52                SetSegDirect
 .text.SetSegPoint
                0x0000000000002cfa       0x22 ./User/led.o
                0x0000000000002cfa                SetSegPoint
 .text.SetSEG   0x0000000000002d1c      0x11a ./User/led.o
                0x0000000000002d1c                SetSEG
 .text.SetBigSeg
                0x0000000000002e36       0x14 ./User/led.o
                0x0000000000002e36                SetBigSeg
 .text.vSetBrigth
                0x0000000000002e4a       0x28 ./User/led.o
                0x0000000000002e4a                vSetBrigth
 .text.vLedProcess
                0x0000000000002e72       0x1e ./User/led.o
                0x0000000000002e72                vLedProcess
 .text.vRGBProcess
                0x0000000000002e90       0xe2 ./User/led.o
                0x0000000000002e90                vRGBProcess
 .text.startup.main
                0x0000000000002f72       0x1e ./User/main.o
                0x0000000000002f72                main
 .text.vRestartNode
                0x0000000000002f90        0x2 ./User/main.o
                0x0000000000002f90                vRestartNode
 .text.Error_Handler
                0x0000000000002f92       0x18 ./User/main.o
                0x0000000000002f92                Error_Handler
 .text.OD_writeRGBMAP
                0x0000000000002faa       0x30 ./User/process.o
 .text.OD_writeKEY
                0x0000000000002fda       0x34 ./User/process.o
 .text.OD_writeHister
                0x000000000000300e       0x26 ./User/process.o
 .text.OD_readRGBMAP
                0x0000000000003034       0x22 ./User/process.o
 .text.OD_readHister
                0x0000000000003056       0x22 ./User/process.o
 .text.OD_readDIN
                0x0000000000003078       0x1c ./User/process.o
 .text.OD_writeMenuSetup
                0x0000000000003094       0x46 ./User/process.o
 .text.OD_writeBoardSettings
                0x00000000000030da       0xd8 ./User/process.o
 .text.CO_getUint16
                0x00000000000031b2       0x10 ./User/process.o
 .text.OD_writeSEG
                0x00000000000031c2       0x44 ./User/process.o
 .text.OD_writeBAR
                0x0000000000003206       0x2e ./User/process.o
 .text.OD_writeRPMConfig
                0x0000000000003234       0x36 ./User/process.o
 .text.CO_getUint32
                0x000000000000326a       0x18 ./User/process.o
 .text.OD_writeMenuMap
                0x0000000000003282       0x2e ./User/process.o
 .text.OD_writeV1_14
                0x00000000000032b0       0x56 ./User/process.o
 .text.OD_writeDashParam
                0x0000000000003306       0x7c ./User/process.o
 .text.WriteRGB.isra.2
                0x0000000000003382       0x3a ./User/process.o
 .text.OD_writeRGB1
                0x00000000000033bc       0x14 ./User/process.o
 .text.OD_writeRGB2
                0x00000000000033d0       0x16 ./User/process.o
 .text.OD_writeRGB3
                0x00000000000033e6       0x16 ./User/process.o
 .text.OD_writeRGB4
                0x00000000000033fc       0x16 ./User/process.o
 .text.OD_writeRGB5
                0x0000000000003412       0x16 ./User/process.o
 .text.OD_writeRGB6
                0x0000000000003428       0x16 ./User/process.o
 .text.OD_writeRGB7
                0x000000000000343e       0x16 ./User/process.o
 .text.OD_writeRGB8
                0x0000000000003454       0x16 ./User/process.o
 .text.OD_writeRGB9
                0x000000000000346a       0x16 ./User/process.o
 .text.OD_writeRGB10
                0x0000000000003480       0x16 ./User/process.o
 .text.OD_writeRGB11
                0x0000000000003496       0x16 ./User/process.o
 .text.OD_writeRGB12
                0x00000000000034ac       0x16 ./User/process.o
 .text.OD_writeRGB13
                0x00000000000034c2       0x16 ./User/process.o
 .text.OD_writeRGB14
                0x00000000000034d8       0x16 ./User/process.o
 .text.OD_writeICHC
                0x00000000000034ee       0x50 ./User/process.o
 .text.OD_readKEY
                0x000000000000353e       0x2c ./User/process.o
 .text.OD_readMenuSetup
                0x000000000000356a       0x3a ./User/process.o
 .text.OD_readBoardSettings
                0x00000000000035a4       0x6a ./User/process.o
 .text.writeADC.isra.12
                0x000000000000360e       0xb6 ./User/process.o
 .text.OD_writeADC1
                0x00000000000036c4       0x10 ./User/process.o
 .text.OD_writeADC2
                0x00000000000036d4       0x10 ./User/process.o
 .text.OD_writeADC3
                0x00000000000036e4       0x10 ./User/process.o
 .text.OD_readRGB.isra.8
                0x00000000000036f4       0x22 ./User/process.o
 .text.OD_readRGB1
                0x0000000000003716       0x14 ./User/process.o
 .text.OD_readRGB2
                0x000000000000372a       0x16 ./User/process.o
 .text.OD_readRGB3
                0x0000000000003740       0x16 ./User/process.o
 .text.OD_readRGB4
                0x0000000000003756       0x16 ./User/process.o
 .text.OD_readRGB5
                0x000000000000376c       0x16 ./User/process.o
 .text.OD_readRGB6
                0x0000000000003782       0x16 ./User/process.o
 .text.OD_readRGB7
                0x0000000000003798       0x16 ./User/process.o
 .text.OD_readRGB8
                0x00000000000037ae       0x16 ./User/process.o
 .text.OD_readRGB9
                0x00000000000037c4       0x16 ./User/process.o
 .text.OD_readRGB10
                0x00000000000037da       0x16 ./User/process.o
 .text.OD_readRGB11
                0x00000000000037f0       0x16 ./User/process.o
 .text.OD_readRGB12
                0x0000000000003806       0x16 ./User/process.o
 .text.OD_readRGB13
                0x000000000000381c       0x16 ./User/process.o
 .text.OD_readRGB14
                0x0000000000003832       0x16 ./User/process.o
 .text.OD_readSEG
                0x0000000000003848       0x40 ./User/process.o
 .text.OD_readDashParam
                0x0000000000003888       0x64 ./User/process.o
 .text.OD_readICHC
                0x00000000000038ec       0x4e ./User/process.o
 .text.OD_readRPMConfig
                0x000000000000393a       0x2a ./User/process.o
 .text.OD_readAIN_RPM
                0x0000000000003964       0x26 ./User/process.o
 .text.OD_readMenuMap
                0x000000000000398a       0x2c ./User/process.o
 .text.OD_readBar
                0x00000000000039b6       0x28 ./User/process.o
 .text.readADC.isra.4
                0x00000000000039de       0x5a ./User/process.o
 .text.OD_readADC1
                0x0000000000003a38       0x10 ./User/process.o
 .text.OD_readADC2
                0x0000000000003a48       0x10 ./User/process.o
 .text.OD_readADC3
                0x0000000000003a58       0x10 ./User/process.o
 .text.SystemInit
                0x0000000000003a68       0xea ./User/system_ch32v20x.o
                0x0000000000003a68                SystemInit
 .text.SystemCoreClockUpdate
                0x0000000000003b52       0x8e ./User/system_ch32v20x.o
                0x0000000000003b52                SystemCoreClockUpdate
 .text.StartDefaultTask
                0x0000000000003be0      0x11a ./User/system_init.o
 .text.vApplicationGetIdleTaskMemory
                0x0000000000003cfa       0x1c ./User/system_init.o
                0x0000000000003cfa                vApplicationGetIdleTaskMemory
 .text.vSystemStop
                0x0000000000003d16       0x26 ./User/system_init.o
                0x0000000000003d16                vSystemStop
 .text.vector_handler
                0x0000000000003d3c       0x6c ./Startup/startup_ch32v20x_D6.o
                0x0000000000003d40                Ecall_M_Mode_Handler
                0x0000000000003d42                Ecall_U_Mode_Handler
                0x0000000000003d44                Break_Point_Handler
                0x0000000000003d4a                WWDG_IRQHandler
                0x0000000000003d4c                PVD_IRQHandler
                0x0000000000003d4e                TAMPER_IRQHandler
                0x0000000000003d52                FLASH_IRQHandler
                0x0000000000003d54                RCC_IRQHandler
                0x0000000000003d56                EXTI0_IRQHandler
                0x0000000000003d58                EXTI1_IRQHandler
                0x0000000000003d5a                EXTI2_IRQHandler
                0x0000000000003d5c                EXTI3_IRQHandler
                0x0000000000003d5e                EXTI4_IRQHandler
                0x0000000000003d62                DMA1_Channel2_IRQHandler
                0x0000000000003d6a                DMA1_Channel6_IRQHandler
                0x0000000000003d78                EXTI9_5_IRQHandler
                0x0000000000003d7a                TIM1_BRK_IRQHandler
                0x0000000000003d7c                TIM1_UP_IRQHandler
                0x0000000000003d7e                TIM1_TRG_COM_IRQHandler
                0x0000000000003d80                TIM1_CC_IRQHandler
                0x0000000000003d82                TIM2_IRQHandler
                0x0000000000003d84                TIM3_IRQHandler
                0x0000000000003d8c                I2C2_EV_IRQHandler
                0x0000000000003d8e                I2C2_ER_IRQHandler
                0x0000000000003d90                SPI1_IRQHandler
                0x0000000000003d92                SPI2_IRQHandler
                0x0000000000003d94                USART1_IRQHandler
                0x0000000000003d96                USART2_IRQHandler
                0x0000000000003d98                USART3_IRQHandler
                0x0000000000003d9a                EXTI15_10_IRQHandler
                0x0000000000003d9c                RTCAlarm_IRQHandler
                0x0000000000003d9e                USBWakeUp_IRQHandler
                0x0000000000003da0                USBHD_IRQHandler
                0x0000000000003da2                USBHDWakeUp_IRQHandler
                0x0000000000003da4                UART4_IRQHandler
                0x0000000000003da6                DMA1_Channel8_IRQHandler
 .text.handle_reset
                0x0000000000003da8       0x92 ./Startup/startup_ch32v20x_D6.o
                0x0000000000003da8                handle_reset
 .text.ADC_Cmd  0x0000000000003e3a       0x10 ./Peripheral/src/ch32v20x_adc.o
                0x0000000000003e3a                ADC_Cmd
 .text.ADC_GetResetCalibrationStatus
                0x0000000000003e4a        0x8 ./Peripheral/src/ch32v20x_adc.o
                0x0000000000003e4a                ADC_GetResetCalibrationStatus
 .text.ADC_GetCalibrationStatus
                0x0000000000003e52        0x8 ./Peripheral/src/ch32v20x_adc.o
                0x0000000000003e52                ADC_GetCalibrationStatus
 .text.ADC_GetITStatus
                0x0000000000003e5a       0x1c ./Peripheral/src/ch32v20x_adc.o
                0x0000000000003e5a                ADC_GetITStatus
 .text.ADC_ClearITPendingBit
                0x0000000000003e76        0xa ./Peripheral/src/ch32v20x_adc.o
                0x0000000000003e76                ADC_ClearITPendingBit
 .text.Get_CalibrationValue
                0x0000000000003e80      0x1fe ./Peripheral/src/ch32v20x_adc.o
                0x0000000000003e80                Get_CalibrationValue
 .text.DMA_GetFlagStatus
                0x000000000000407e        0xe ./Peripheral/src/ch32v20x_dma.o
                0x000000000000407e                DMA_GetFlagStatus
 .text.DMA_GetITStatus
                0x000000000000408c        0xc ./Peripheral/src/ch32v20x_dma.o
                0x000000000000408c                DMA_GetITStatus
 .text.DMA_ClearITPendingBit
                0x0000000000004098        0x8 ./Peripheral/src/ch32v20x_dma.o
                0x0000000000004098                DMA_ClearITPendingBit
 .text.FLASH_GetBank1Status
                0x00000000000040a0       0x18 ./Peripheral/src/ch32v20x_flash.o
                0x00000000000040a0                FLASH_GetBank1Status
 .text.FLASH_WaitForLastOperation
                0x00000000000040b8       0x24 ./Peripheral/src/ch32v20x_flash.o
                0x00000000000040b8                FLASH_WaitForLastOperation
 .text.GPIO_Init
                0x00000000000040dc       0xfa ./Peripheral/src/ch32v20x_gpio.o
                0x00000000000040dc                GPIO_Init
 .text.GPIO_PinRemapConfig
                0x00000000000041d6       0xf2 ./Peripheral/src/ch32v20x_gpio.o
                0x00000000000041d6                GPIO_PinRemapConfig
 .text.I2C_DualAddressCmd
                0x00000000000042c8       0x18 ./Peripheral/src/ch32v20x_i2c.o
                0x00000000000042c8                I2C_DualAddressCmd
 .text.I2C_ClearFlag
                0x00000000000042e0        0xc ./Peripheral/src/ch32v20x_i2c.o
                0x00000000000042e0                I2C_ClearFlag
 .text.RCC_LSEConfig
                0x00000000000042ec       0x28 ./Peripheral/src/ch32v20x_rcc.o
                0x00000000000042ec                RCC_LSEConfig
 .text.RCC_GetClocksFreq
                0x0000000000004314       0xbe ./Peripheral/src/ch32v20x_rcc.o
                0x0000000000004314                RCC_GetClocksFreq
 .text.RCC_APB2PeriphClockCmd
                0x00000000000043d2       0x1e ./Peripheral/src/ch32v20x_rcc.o
                0x00000000000043d2                RCC_APB2PeriphClockCmd
 .text.RCC_GetFlagStatus
                0x00000000000043f0       0x2e ./Peripheral/src/ch32v20x_rcc.o
                0x00000000000043f0                RCC_GetFlagStatus
 .text.RTC_ITConfig
                0x000000000000441e       0x1a ./Peripheral/src/ch32v20x_rtc.o
                0x000000000000441e                RTC_ITConfig
 .text.RTC_EnterConfigMode
                0x0000000000004438       0x12 ./Peripheral/src/ch32v20x_rtc.o
                0x0000000000004438                RTC_EnterConfigMode
 .text.RTC_ExitConfigMode
                0x000000000000444a       0x18 ./Peripheral/src/ch32v20x_rtc.o
                0x000000000000444a                RTC_ExitConfigMode
 .text.RTC_GetCounter
                0x0000000000004462       0x36 ./Peripheral/src/ch32v20x_rtc.o
                0x0000000000004462                RTC_GetCounter
 .text.RTC_SetCounter
                0x0000000000004498       0x2c ./Peripheral/src/ch32v20x_rtc.o
                0x0000000000004498                RTC_SetCounter
 .text.RTC_SetPrescaler
                0x00000000000044c4       0x2e ./Peripheral/src/ch32v20x_rtc.o
                0x00000000000044c4                RTC_SetPrescaler
 .text.RTC_WaitForLastTask
                0x00000000000044f2       0x10 ./Peripheral/src/ch32v20x_rtc.o
                0x00000000000044f2                RTC_WaitForLastTask
 .text.RTC_WaitForSynchro
                0x0000000000004502       0x24 ./Peripheral/src/ch32v20x_rtc.o
                0x0000000000004502                RTC_WaitForSynchro
 .text.RTC_ClearFlag
                0x0000000000004526       0x14 ./Peripheral/src/ch32v20x_rtc.o
                0x0000000000004526                RTC_ClearFlag
 .text.RTC_ClearITPendingBit
                0x000000000000453a        0xc ./Peripheral/src/ch32v20x_rtc.o
                0x000000000000453a                RTC_ClearITPendingBit
 .text.TIM_OC1Init
                0x0000000000004546       0x6a ./Peripheral/src/ch32v20x_tim.o
                0x0000000000004546                TIM_OC1Init
 .text.TIM_OC2Init
                0x00000000000045b0       0x96 ./Peripheral/src/ch32v20x_tim.o
                0x00000000000045b0                TIM_OC2Init
 .text.TIM_OC3Init
                0x0000000000004646       0x94 ./Peripheral/src/ch32v20x_tim.o
                0x0000000000004646                TIM_OC3Init
 .text.TIM_OC4Init
                0x00000000000046da       0x6c ./Peripheral/src/ch32v20x_tim.o
                0x00000000000046da                TIM_OC4Init
 .text.TIM_OC1PreloadConfig
                0x0000000000004746        0xe ./Peripheral/src/ch32v20x_tim.o
                0x0000000000004746                TIM_OC1PreloadConfig
 .text.TIM_OC2PreloadConfig
                0x0000000000004754       0x16 ./Peripheral/src/ch32v20x_tim.o
                0x0000000000004754                TIM_OC2PreloadConfig
 .text.TIM_OC3PreloadConfig
                0x000000000000476a        0xe ./Peripheral/src/ch32v20x_tim.o
                0x000000000000476a                TIM_OC3PreloadConfig
 .text.TIM_OC4PreloadConfig
                0x0000000000004778       0x16 ./Peripheral/src/ch32v20x_tim.o
                0x0000000000004778                TIM_OC4PreloadConfig
 .text.TIM_GetITStatus
                0x000000000000478e       0x18 ./Peripheral/src/ch32v20x_tim.o
                0x000000000000478e                TIM_GetITStatus
 .text.USART_Init
                0x00000000000047a6       0xbc ./Peripheral/src/ch32v20x_usart.o
                0x00000000000047a6                USART_Init
 .text.USART_Cmd
                0x0000000000004862       0x16 ./Peripheral/src/ch32v20x_usart.o
                0x0000000000004862                USART_Cmd
 .text.USART_SendData
                0x0000000000004878        0x8 ./Peripheral/src/ch32v20x_usart.o
                0x0000000000004878                USART_SendData
 .text.USART_GetFlagStatus
                0x0000000000004880        0xa ./Peripheral/src/ch32v20x_usart.o
                0x0000000000004880                USART_GetFlagStatus
 .text.vRCFilterConfig
                0x000000000000488a       0x2e ./LIB/filters.o
                0x000000000000488a                vRCFilterConfig
 .text.AddBufferData
                0x00000000000048b8       0x20 ./LIB/filters.o
                0x00000000000048b8                AddBufferData
 .text.GetConversional
                0x00000000000048d8       0x4a ./LIB/filters.o
                0x00000000000048d8                GetConversional
 .text.GetDataRegister
                0x0000000000004922        0xa ./LIB/hw_data_model.o
                0x0000000000004922                GetDataRegister
 .text.GetRegisterAddr
                0x000000000000492c        0xc ./LIB/hw_data_model.o
                0x000000000000492c                GetRegisterAddr
 .text.ClearDataModel
                0x0000000000004938       0x1a ./LIB/hw_data_model.o
                0x0000000000004938                ClearDataModel
 .text.setReg32
                0x0000000000004952       0x1e ./LIB/hw_data_model.o
                0x0000000000004952                setReg32
 .text.setReg16
                0x0000000000004970       0x12 ./LIB/hw_data_model.o
                0x0000000000004970                setReg16
 .text.setReg8  0x0000000000004982        0xe ./LIB/hw_data_model.o
                0x0000000000004982                setReg8
 .text.getReg16
                0x0000000000004990       0x14 ./LIB/hw_data_model.o
                0x0000000000004990                getReg16
 .text.getReg32
                0x00000000000049a4       0x20 ./LIB/hw_data_model.o
                0x00000000000049a4                getReg32
 .text.getReg8  0x00000000000049c4        0xe ./LIB/hw_data_model.o
                0x00000000000049c4                getReg8
 .text.fGetAinCalData
                0x00000000000049d2       0x7a ./LIB/hw_lib_adc.o
                0x00000000000049d2                fGetAinCalData
 .text.eAinCalDataConfig
                0x0000000000004a4c       0x50 ./LIB/hw_lib_adc.o
                0x0000000000004a4c                eAinCalDataConfig
 .text.vABLineKoofFinde
                0x0000000000004a9c       0x6a ./LIB/hw_lib_adc.o
                0x0000000000004a9c                vABLineKoofFinde
 .text.eSetAinCalPoint
                0x0000000000004b06       0x64 ./LIB/hw_lib_adc.o
                0x0000000000004b06                eSetAinCalPoint
 .text.getADC1Buffer
                0x0000000000004b6a        0xa ./LIB/hw_lib_adc.o
                0x0000000000004b6a                getADC1Buffer
 .text.uGetDIN  0x0000000000004b74       0x14 ./LIB/hw_lib_din.o
                0x0000000000004b74                uGetDIN
 .text.eRPMConfig
                0x0000000000004b88       0x5a ./LIB/hw_lib_din.o
                0x0000000000004b88                eRPMConfig
 .text.RMPDataConvert
                0x0000000000004be2       0x4e ./LIB/hw_lib_din.o
                0x0000000000004be2                RMPDataConvert
 .text.GetRPM   0x0000000000004c30       0x7a ./LIB/hw_lib_din.o
                0x0000000000004c30                GetRPM
 .text.vDinDoutProcess
                0x0000000000004caa       0x88 ./LIB/hw_lib_din.o
                0x0000000000004caa                vDinDoutProcess
 .text.getCaputreBuffer
                0x0000000000004d32       0x16 ./LIB/hw_lib_din.o
                0x0000000000004d32                getCaputreBuffer
 .text.I2C_FSM  0x0000000000004d48      0x1ae ./LIB/hw_lib_eeprom_i2c.o
                0x0000000000004d48                I2C_FSM
 .text.eEEPROMWr
                0x0000000000004ef6       0xe2 ./LIB/hw_lib_eeprom_i2c.o
                0x0000000000004ef6                eEEPROMWr
 .text.eEEPROMRd
                0x0000000000004fd8       0x8a ./LIB/hw_lib_eeprom_i2c.o
                0x0000000000004fd8                eEEPROMRd
 .text.vHW_INIT_TIMEOUT
                0x0000000000005062       0x1c ./LIB/hw_timeout.o
                0x0000000000005062                vHW_INIT_TIMEOUT
 .text.vHW_PROCESS_TIMEOUT
                0x000000000000507e       0x26 ./LIB/hw_timeout.o
                0x000000000000507e                vHW_PROCESS_TIMEOUT
 .text.prvInsertBlockIntoFreeList
                0x00000000000050a4       0x4c ./FreeRTOS/portable/MemMang/heap_4.o
 .text.pvPortMalloc
                0x00000000000050f0      0x18a ./FreeRTOS/portable/MemMang/heap_4.o
                0x00000000000050f0                pvPortMalloc
 .text.vPortSetupTimerInterrupt
                0x000000000000527a       0x3e ./FreeRTOS/portable/GCC/RISC-V/port.o
                0x000000000000527a                vPortSetupTimerInterrupt
 .text.xPortStartScheduler
                0x00000000000052b8       0x90 ./FreeRTOS/portable/GCC/RISC-V/port.o
                0x00000000000052b8                xPortStartScheduler
 .text.SysTick_Handler
                0x0000000000005348       0x7c ./FreeRTOS/portable/GCC/RISC-V/port.o
                0x0000000000005348                SysTick_Handler
 .text.vPortEnterCritical
                0x00000000000053c4       0x16 ./FreeRTOS/portable/GCC/RISC-V/port.o
                0x00000000000053c4                vPortEnterCritical
 .text.vPortExitCritical
                0x00000000000053da       0x42 ./FreeRTOS/portable/GCC/RISC-V/port.o
                0x00000000000053da                vPortExitCritical
 .text.xPortSetInterruptMask
                0x000000000000541c        0xc ./FreeRTOS/portable/GCC/RISC-V/port.o
                0x000000000000541c                xPortSetInterruptMask
 .text.vPortClearInterruptMask
                0x0000000000005428        0x6 ./FreeRTOS/portable/GCC/RISC-V/port.o
                0x0000000000005428                vPortClearInterruptMask
 .text.vListInitialise
                0x000000000000542e       0x14 ./FreeRTOS/list.o
                0x000000000000542e                vListInitialise
 .text.vListInitialiseItem
                0x0000000000005442        0x6 ./FreeRTOS/list.o
                0x0000000000005442                vListInitialiseItem
 .text.vListInsertEnd
                0x0000000000005448       0x18 ./FreeRTOS/list.o
                0x0000000000005448                vListInsertEnd
 .text.vListInsert
                0x0000000000005460       0x2e ./FreeRTOS/list.o
                0x0000000000005460                vListInsert
 .text.uxListRemove
                0x000000000000548e       0x20 ./FreeRTOS/list.o
                0x000000000000548e                uxListRemove
 .text.prvIsQueueEmpty
                0x00000000000054ae       0x1e ./FreeRTOS/queue.o
 .text.prvCopyDataToQueue
                0x00000000000054cc       0x72 ./FreeRTOS/queue.o
 .text.prvCopyDataFromQueue
                0x000000000000553e       0x28 ./FreeRTOS/queue.o
 .text.prvUnlockQueue
                0x0000000000005566       0x76 ./FreeRTOS/queue.o
 .text.xQueueGenericReset
                0x00000000000055dc       0xc4 ./FreeRTOS/queue.o
                0x00000000000055dc                xQueueGenericReset
 .text.xQueueGenericCreateStatic
                0x00000000000056a0       0xae ./FreeRTOS/queue.o
                0x00000000000056a0                xQueueGenericCreateStatic
 .text.xQueueGenericCreate
                0x000000000000574e       0x72 ./FreeRTOS/queue.o
                0x000000000000574e                xQueueGenericCreate
 .text.xQueueGenericSend
                0x00000000000057c0      0x178 ./FreeRTOS/queue.o
                0x00000000000057c0                xQueueGenericSend
 .text.xQueueGiveMutexRecursive
                0x0000000000005938       0x56 ./FreeRTOS/queue.o
                0x0000000000005938                xQueueGiveMutexRecursive
 .text.xQueueCreateMutex
                0x000000000000598e       0x2e ./FreeRTOS/queue.o
                0x000000000000598e                xQueueCreateMutex
 .text.xQueueReceive
                0x00000000000059bc      0x138 ./FreeRTOS/queue.o
                0x00000000000059bc                xQueueReceive
 .text.xQueueSemaphoreTake
                0x0000000000005af4      0x18e ./FreeRTOS/queue.o
                0x0000000000005af4                xQueueSemaphoreTake
 .text.xQueueTakeMutexRecursive
                0x0000000000005c82       0x5a ./FreeRTOS/queue.o
                0x0000000000005c82                xQueueTakeMutexRecursive
 .text.uxQueueMessagesWaiting
                0x0000000000005cdc       0x44 ./FreeRTOS/queue.o
                0x0000000000005cdc                uxQueueMessagesWaiting
 .text.prvIdleTask
                0x0000000000005d20        0x2 ./FreeRTOS/tasks.o
 .text.prvAddNewTaskToReadyList
                0x0000000000005d22      0x10e ./FreeRTOS/tasks.o
 .text.prvResetNextTaskUnblockTime
                0x0000000000005e30       0x24 ./FreeRTOS/tasks.o
 .text.prvTaskIsTaskSuspended
                0x0000000000005e54       0x50 ./FreeRTOS/tasks.o
 .text.prvInitialiseNewTask.isra.2
                0x0000000000005ea4       0xc8 ./FreeRTOS/tasks.o
 .text.prvAddCurrentTaskToDelayedList
                0x0000000000005f6c       0xa8 ./FreeRTOS/tasks.o
 .text.xTaskCreateStatic
                0x0000000000006014       0xa6 ./FreeRTOS/tasks.o
                0x0000000000006014                xTaskCreateStatic
 .text.vTaskResume
                0x00000000000060ba       0xaa ./FreeRTOS/tasks.o
                0x00000000000060ba                vTaskResume
 .text.vTaskStartScheduler
                0x0000000000006164       0x60 ./FreeRTOS/tasks.o
                0x0000000000006164                vTaskStartScheduler
 .text.vTaskSuspendAll
                0x00000000000061c4       0x10 ./FreeRTOS/tasks.o
                0x00000000000061c4                vTaskSuspendAll
 .text.xTaskGetTickCount
                0x00000000000061d4        0x6 ./FreeRTOS/tasks.o
                0x00000000000061d4                xTaskGetTickCount
 .text.xTaskIncrementTick
                0x00000000000061da      0x1a0 ./FreeRTOS/tasks.o
                0x00000000000061da                xTaskIncrementTick
 .text.xTaskResumeAll
                0x000000000000637a      0x158 ./FreeRTOS/tasks.o
                0x000000000000637a                xTaskResumeAll
 .text.vTaskDelay
                0x00000000000064d2       0x66 ./FreeRTOS/tasks.o
                0x00000000000064d2                vTaskDelay
 .text.vTaskSwitchContext
                0x0000000000006538       0x96 ./FreeRTOS/tasks.o
                0x0000000000006538                vTaskSwitchContext
 .text.vTaskSuspend
                0x00000000000065ce       0xea ./FreeRTOS/tasks.o
                0x00000000000065ce                vTaskSuspend
 .text.vTaskPlaceOnEventList
                0x00000000000066b8       0x48 ./FreeRTOS/tasks.o
                0x00000000000066b8                vTaskPlaceOnEventList
 .text.xTaskRemoveFromEventList
                0x0000000000006700       0xe8 ./FreeRTOS/tasks.o
                0x0000000000006700                xTaskRemoveFromEventList
 .text.vTaskInternalSetTimeOutState
                0x00000000000067e8       0x12 ./FreeRTOS/tasks.o
                0x00000000000067e8                vTaskInternalSetTimeOutState
 .text.xTaskCheckForTimeOut
                0x00000000000067fa       0xae ./FreeRTOS/tasks.o
                0x00000000000067fa                xTaskCheckForTimeOut
 .text.vTaskMissedYield
                0x00000000000068a8        0x8 ./FreeRTOS/tasks.o
                0x00000000000068a8                vTaskMissedYield
 .text.xTaskGetCurrentTaskHandle
                0x00000000000068b0        0xa ./FreeRTOS/tasks.o
                0x00000000000068b0                xTaskGetCurrentTaskHandle
 .text.xTaskPriorityInherit
                0x00000000000068ba       0xae ./FreeRTOS/tasks.o
                0x00000000000068ba                xTaskPriorityInherit
 .text.xTaskPriorityDisinherit
                0x0000000000006968       0xca ./FreeRTOS/tasks.o
                0x0000000000006968                xTaskPriorityDisinherit
 .text.vTaskPriorityDisinheritAfterTimeout
                0x0000000000006a32       0xe6 ./FreeRTOS/tasks.o
                0x0000000000006a32                vTaskPriorityDisinheritAfterTimeout
 .text.pvTaskIncrementMutexHeldCount
                0x0000000000006b18       0x1c ./FreeRTOS/tasks.o
                0x0000000000006b18                pvTaskIncrementMutexHeldCount
 .text.ulTaskGenericNotifyTake
                0x0000000000006b34       0xb8 ./FreeRTOS/tasks.o
                0x0000000000006b34                ulTaskGenericNotifyTake
 .text.xTaskGenericNotifyWait
                0x0000000000006bec       0xe6 ./FreeRTOS/tasks.o
                0x0000000000006bec                xTaskGenericNotifyWait
 .text.xTaskGenericNotifyFromISR
                0x0000000000006cd2      0x1ec ./FreeRTOS/tasks.o
                0x0000000000006cd2                xTaskGenericNotifyFromISR
 .text.Delay_Init
                0x0000000000006ebe       0x3e ./Debug/debug.o
                0x0000000000006ebe                Delay_Init
 .text.Delay_Ms
                0x0000000000006efc       0x3c ./Debug/debug.o
                0x0000000000006efc                Delay_Ms
 .text.USART_Printf_Init
                0x0000000000006f38       0x5a ./Debug/debug.o
                0x0000000000006f38                USART_Printf_Init
 .text._write   0x0000000000006f92       0x3e ./Debug/debug.o
                0x0000000000006f92                _write
 .text._sbrk    0x0000000000006fd0       0x2a ./Debug/debug.o
                0x0000000000006fd0                _sbrk
 .text.Get_ConversionVal
                0x0000000000006ffa       0x2a ./DRIVER/hal_adc_ch32.o
                0x0000000000006ffa                Get_ConversionVal
 .text.HAL_ADC_RegularChannelConfig
                0x0000000000007024       0x46 ./DRIVER/hal_adc_ch32.o
                0x0000000000007024                HAL_ADC_RegularChannelConfig
 .text.HAL_ADC_ContiniusScanCinvertionDMA
                0x000000000000706a       0xca ./DRIVER/hal_adc_ch32.o
                0x000000000000706a                HAL_ADC_ContiniusScanCinvertionDMA
 .text.HAL_ADC_StartDMA
                0x0000000000007134       0x42 ./DRIVER/hal_adc_ch32.o
                0x0000000000007134                HAL_ADC_StartDMA
 .text.ADC1_2_IRQHandler
                0x0000000000007176       0x70 ./DRIVER/hal_adc_ch32.o
                0x0000000000007176                ADC1_2_IRQHandler
 .text.HAL_CANSetTXCallback
                0x00000000000071e6        0xa ./DRIVER/hal_can_ch32.o
                0x00000000000071e6                HAL_CANSetTXCallback
 .text.HAL_CANSetRXCallback
                0x00000000000071f0        0xa ./DRIVER/hal_can_ch32.o
                0x00000000000071f0                HAL_CANSetRXCallback
 .text.HAL_CANSetERRCallback
                0x00000000000071fa        0xa ./DRIVER/hal_can_ch32.o
                0x00000000000071fa                HAL_CANSetERRCallback
 .text.HAL_CANSend
                0x0000000000007204       0xc8 ./DRIVER/hal_can_ch32.o
                0x0000000000007204                HAL_CANSend
 .text.HAL_CANGetRXMessage
                0x00000000000072cc       0xb0 ./DRIVER/hal_can_ch32.o
                0x00000000000072cc                HAL_CANGetRXMessage
 .text.USB_HP_CAN1_TX_IRQHandler
                0x000000000000737c       0x60 ./DRIVER/hal_can_ch32.o
                0x000000000000737c                USB_HP_CAN1_TX_IRQHandler
 .text.USB_LP_CAN1_RX0_IRQHandler
                0x00000000000073dc       0x5e ./DRIVER/hal_can_ch32.o
                0x00000000000073dc                USB_LP_CAN1_RX0_IRQHandler
 .text.CAN1_RX1_IRQHandler
                0x000000000000743a       0x5e ./DRIVER/hal_can_ch32.o
                0x000000000000743a                CAN1_RX1_IRQHandler
 .text.CAN1_SCE_IRQHandler
                0x0000000000007498       0x5c ./DRIVER/hal_can_ch32.o
                0x0000000000007498                CAN1_SCE_IRQHandler
 .text.DMA_IRQ  0x00000000000074f4       0x3a ./DRIVER/hal_dma_ch32.o
 .text.HAL_DMA_Enable
                0x000000000000752e       0x18 ./DRIVER/hal_dma_ch32.o
                0x000000000000752e                HAL_DMA_Enable
 .text.HAL_DMA_Disable
                0x0000000000007546       0x1a ./DRIVER/hal_dma_ch32.o
                0x0000000000007546                HAL_DMA_Disable
 .text.HAL_DMAInitIT
                0x0000000000007560       0xa0 ./DRIVER/hal_dma_ch32.o
                0x0000000000007560                HAL_DMAInitIT
 .text.HAL_DMA_SetCounter
                0x0000000000007600       0x12 ./DRIVER/hal_dma_ch32.o
                0x0000000000007600                HAL_DMA_SetCounter
 .text.HAL_DMA_ITENABLE
                0x0000000000007612       0x16 ./DRIVER/hal_dma_ch32.o
                0x0000000000007612                HAL_DMA_ITENABLE
 .text.HAL_DMA_SetCouterAndEnable
                0x0000000000007628       0x1a ./DRIVER/hal_dma_ch32.o
                0x0000000000007628                HAL_DMA_SetCouterAndEnable
 .text.DMA1_Channel1_IRQHandler
                0x0000000000007642       0x4e ./DRIVER/hal_dma_ch32.o
                0x0000000000007642                DMA1_Channel1_IRQHandler
 .text.DMA1_Channel3_IRQHandler
                0x0000000000007690       0x4e ./DRIVER/hal_dma_ch32.o
                0x0000000000007690                DMA1_Channel3_IRQHandler
 .text.DMA1_Channel4_IRQHandler
                0x00000000000076de       0x4e ./DRIVER/hal_dma_ch32.o
                0x00000000000076de                DMA1_Channel4_IRQHandler
 .text.DMA1_Channel5_IRQHandler
                0x000000000000772c       0x4e ./DRIVER/hal_dma_ch32.o
                0x000000000000772c                DMA1_Channel5_IRQHandler
 .text.DMA1_Channel7_IRQHandler
                0x000000000000777a       0x4e ./DRIVER/hal_dma_ch32.o
                0x000000000000777a                DMA1_Channel7_IRQHandler
 .text.ProgramOptionByteData
                0x00000000000077c8      0x120 ./DRIVER/hal_flash_ch32.o
                0x00000000000077c8                ProgramOptionByteData
 .text.HAL_GetBit
                0x00000000000078e8        0xa ./DRIVER/hal_gpio_ch32.o
                0x00000000000078e8                HAL_GetBit
 .text.HAL_SetBit
                0x00000000000078f2        0x4 ./DRIVER/hal_gpio_ch32.o
                0x00000000000078f2                HAL_SetBit
 .text.HAL_ResetBit
                0x00000000000078f6        0x4 ./DRIVER/hal_gpio_ch32.o
                0x00000000000078f6                HAL_ResetBit
 .text.HAL_I2C_Init
                0x00000000000078fa       0xf6 ./DRIVER/hal_i2c_ch32.o
                0x00000000000078fa                HAL_I2C_Init
 .text.HAL_I2C_GET_STAR2
                0x00000000000079f0        0xe ./DRIVER/hal_i2c_ch32.o
                0x00000000000079f0                HAL_I2C_GET_STAR2
 .text.HAL_I2C_GET_STAR1
                0x00000000000079fe        0xe ./DRIVER/hal_i2c_ch32.o
                0x00000000000079fe                HAL_I2C_GET_STAR1
 .text.HAL_I2C_ENABLE
                0x0000000000007a0c       0x14 ./DRIVER/hal_i2c_ch32.o
                0x0000000000007a0c                HAL_I2C_ENABLE
 .text.HAL_I2C_DISABLE
                0x0000000000007a20       0x1a ./DRIVER/hal_i2c_ch32.o
                0x0000000000007a20                HAL_I2C_DISABLE
 .text.I2C_IT_ENABLE
                0x0000000000007a3a       0x12 ./DRIVER/hal_i2c_ch32.o
                0x0000000000007a3a                I2C_IT_ENABLE
 .text.I2C_IT_DISABLE
                0x0000000000007a4c       0x16 ./DRIVER/hal_i2c_ch32.o
                0x0000000000007a4c                I2C_IT_DISABLE
 .text.HAL_I2C_STOP
                0x0000000000007a62       0x14 ./DRIVER/hal_i2c_ch32.o
                0x0000000000007a62                HAL_I2C_STOP
 .text.HAL_I2C_START
                0x0000000000007a76       0x14 ./DRIVER/hal_i2c_ch32.o
                0x0000000000007a76                HAL_I2C_START
 .text.HAL_I2C_SEND
                0x0000000000007a8a        0xe ./DRIVER/hal_i2c_ch32.o
                0x0000000000007a8a                HAL_I2C_SEND
 .text.HAL_I2C_SEND_ADDR_TRANS
                0x0000000000007a98       0x12 ./DRIVER/hal_i2c_ch32.o
                0x0000000000007a98                HAL_I2C_SEND_ADDR_TRANS
 .text.HAL_I2C_SEND_ADDR_RECIEVE
                0x0000000000007aaa       0x16 ./DRIVER/hal_i2c_ch32.o
                0x0000000000007aaa                HAL_I2C_SEND_ADDR_RECIEVE
 .text.HAL_I2C_ACK_ENABLE
                0x0000000000007ac0       0x14 ./DRIVER/hal_i2c_ch32.o
                0x0000000000007ac0                HAL_I2C_ACK_ENABLE
 .text.HAL_I2C_ACK_DISABLE
                0x0000000000007ad4       0x1c ./DRIVER/hal_i2c_ch32.o
                0x0000000000007ad4                HAL_I2C_ACK_DISABLE
 .text.HAL_I2C_ClearFlag
                0x0000000000007af0       0x20 ./DRIVER/hal_i2c_ch32.o
                0x0000000000007af0                HAL_I2C_ClearFlag
 .text.HAL_I2C_READ_DATA
                0x0000000000007b10        0xe ./DRIVER/hal_i2c_ch32.o
                0x0000000000007b10                HAL_I2C_READ_DATA
 .text.I2C1_EV_IRQHandler
                0x0000000000007b1e       0x52 ./DRIVER/hal_i2c_ch32.o
                0x0000000000007b1e                I2C1_EV_IRQHandler
 .text.I2C1_ER_IRQHandler
                0x0000000000007b70       0x52 ./DRIVER/hal_i2c_ch32.o
                0x0000000000007b70                I2C1_ER_IRQHandler
 .text.HAL_RTC_IT_Init
                0x0000000000007bc2       0xd8 ./DRIVER/hal_rtc_ch32.o
                0x0000000000007bc2                HAL_RTC_IT_Init
 .text.RTC_IRQHandler
                0x0000000000007c9a       0x74 ./DRIVER/hal_rtc_ch32.o
                0x0000000000007c9a                RTC_IRQHandler
 .text.HAL_SPI_RXOveleyClear
                0x0000000000007d0e       0x1e ./DRIVER/hal_spi_ch32.o
                0x0000000000007d0e                HAL_SPI_RXOveleyClear
 .text.HAL_SPI_GetBusy
                0x0000000000007d2c       0x10 ./DRIVER/hal_spi_ch32.o
                0x0000000000007d2c                HAL_SPI_GetBusy
 .text.HAL_TiemrEneblae
                0x0000000000007d3c       0x1a ./DRIVER/hal_timers_ch32.o
                0x0000000000007d3c                HAL_TiemrEneblae
 .text.TIM4_IRQHandler
                0x0000000000007d56       0x70 ./DRIVER/hal_timers_ch32.o
                0x0000000000007d56                TIM4_IRQHandler
 .text.HAL_TiemrDisable
                0x0000000000007dc6       0x1c ./DRIVER/hal_timers_ch32.o
                0x0000000000007dc6                HAL_TiemrDisable
 .text.HAL_TimeInitCaptureDMA
                0x0000000000007de2      0x13c ./DRIVER/hal_timers_ch32.o
                0x0000000000007de2                HAL_TimeInitCaptureDMA
 .text.HAL_TIMER_SetPWMPulse
                0x0000000000007f1e       0x88 ./DRIVER/hal_timers_ch32.o
                0x0000000000007f1e                HAL_TIMER_SetPWMPulse
 .text.HAL_TIMER_EnablePWMCH
                0x0000000000007fa6       0x1a ./DRIVER/hal_timers_ch32.o
                0x0000000000007fa6                HAL_TIMER_EnablePWMCH
 .text.HAL_WDTReset
                0x0000000000007fc0        0xe ./DRIVER/hal_wdt_ch32.o
                0x0000000000007fc0                HAL_WDTReset
 .text.prv_read_can_received_msg
                0x0000000000007fce       0x50 ./CANopenNode/keypad/CO_driver_ST32F103.o
                0x0000000000007fce                prv_read_can_received_msg
 .text.prv_send_can_message.isra.0
                0x000000000000801e       0x30 ./CANopenNode/keypad/CO_driver_ST32F103.o
 .text.CAN_SendMessage
                0x000000000000804e       0x66 ./CANopenNode/keypad/CO_driver_ST32F103.o
                0x000000000000804e                CAN_SendMessage
 .text.co_drv_create_os_objects
                0x00000000000080b4       0x30 ./CANopenNode/keypad/CO_driver_ST32F103.o
                0x00000000000080b4                co_drv_create_os_objects
 .text.co_drv_mutex_lock
                0x00000000000080e4       0x18 ./CANopenNode/keypad/CO_driver_ST32F103.o
                0x00000000000080e4                co_drv_mutex_lock
 .text.co_drv_mutex_unlock
                0x00000000000080fc       0x16 ./CANopenNode/keypad/CO_driver_ST32F103.o
                0x00000000000080fc                co_drv_mutex_unlock
 .text.CO_CANsetNormalMode
                0x0000000000008112       0x1c ./CANopenNode/keypad/CO_driver_ST32F103.o
                0x0000000000008112                CO_CANsetNormalMode
 .text.CO_CANmodule_init
                0x000000000000812e      0x112 ./CANopenNode/keypad/CO_driver_ST32F103.o
                0x000000000000812e                CO_CANmodule_init
 .text.CO_CANmodule_disable
                0x0000000000008240       0x14 ./CANopenNode/keypad/CO_driver_ST32F103.o
                0x0000000000008240                CO_CANmodule_disable
 .text.CO_CANrxBufferInit
                0x0000000000008254       0x52 ./CANopenNode/keypad/CO_driver_ST32F103.o
                0x0000000000008254                CO_CANrxBufferInit
 .text.CO_CANtxBufferInit
                0x00000000000082a6       0x3a ./CANopenNode/keypad/CO_driver_ST32F103.o
                0x00000000000082a6                CO_CANtxBufferInit
 .text.CO_CANmodule_process
                0x00000000000082e0       0x12 ./CANopenNode/keypad/CO_driver_ST32F103.o
                0x00000000000082e0                CO_CANmodule_process
 .text.CO_CANsend
                0x00000000000082f2       0x46 ./CANopenNode/keypad/CO_driver_ST32F103.o
                0x00000000000082f2                CO_CANsend
 .text.CO_LSSslave_receive
                0x0000000000008338      0x1a8 ./CANopenNode/305/CO_LSSslave.o
 .text.CO_LSSslave_init
                0x00000000000084e0       0xa4 ./CANopenNode/305/CO_LSSslave.o
                0x00000000000084e0                CO_LSSslave_init
 .text.CO_LSSslave_process
                0x0000000000008584      0x1a2 ./CANopenNode/305/CO_LSSslave.o
                0x0000000000008584                CO_LSSslave_process
 .text.OD_write_1003
                0x0000000000008726       0x28 ./CANopenNode/301/CO_Emergency.o
 .text.OD_read_1003
                0x000000000000874e       0x8c ./CANopenNode/301/CO_Emergency.o
 .text.OD_read_1014_default
                0x00000000000087da       0x50 ./CANopenNode/301/CO_Emergency.o
 .text.CO_EM_init
                0x000000000000882a      0x112 ./CANopenNode/301/CO_Emergency.o
                0x000000000000882a                CO_EM_init
 .text.CO_error
                0x000000000000893c       0xc4 ./CANopenNode/301/CO_Emergency.o
                0x000000000000893c                CO_error
 .text.CO_EM_process
                0x0000000000008a00      0x182 ./CANopenNode/301/CO_Emergency.o
                0x0000000000008a00                CO_EM_process
 .text.CO_NMT_receive
                0x0000000000008b82       0x18 ./CANopenNode/301/CO_NMT_Heartbeat.o
 .text.OD_write_1017
                0x0000000000008b9a       0x48 ./CANopenNode/301/CO_NMT_Heartbeat.o
 .text.CO_NMT_init
                0x0000000000008be2       0xec ./CANopenNode/301/CO_NMT_Heartbeat.o
                0x0000000000008be2                CO_NMT_init
 .text.CO_NMT_process
                0x0000000000008cce      0x106 ./CANopenNode/301/CO_NMT_Heartbeat.o
                0x0000000000008cce                CO_NMT_process
 .text.OD_readDisabled
                0x0000000000008dd4        0x4 ./CANopenNode/301/CO_ODinterface.o
 .text.OD_readOriginal
                0x0000000000008dd8       0x50 ./CANopenNode/301/CO_ODinterface.o
                0x0000000000008dd8                OD_readOriginal
 .text.OD_writeOriginal
                0x0000000000008e28       0x54 ./CANopenNode/301/CO_ODinterface.o
                0x0000000000008e28                OD_writeOriginal
 .text.OD_writeDisabled
                0x0000000000008e7c        0x4 ./CANopenNode/301/CO_ODinterface.o
 .text.OD_find  0x0000000000008e80       0x70 ./CANopenNode/301/CO_ODinterface.o
                0x0000000000008e80                OD_find
 .text.OD_getSub
                0x0000000000008ef0       0xf6 ./CANopenNode/301/CO_ODinterface.o
                0x0000000000008ef0                OD_getSub
 .text.OD_getSDOabCode
                0x0000000000008fe6       0x20 ./CANopenNode/301/CO_ODinterface.o
                0x0000000000008fe6                OD_getSDOabCode
 .text.OD_get_value
                0x0000000000009006       0x34 ./CANopenNode/301/CO_ODinterface.o
                0x0000000000009006                OD_get_value
 .text.OD_set_value
                0x000000000000903a       0x2e ./CANopenNode/301/CO_ODinterface.o
                0x000000000000903a                OD_set_value
 .text.OD_getPtr
                0x0000000000009068       0x3c ./CANopenNode/301/CO_ODinterface.o
                0x0000000000009068                OD_getPtr
 .text.OD_write_dummy
                0x00000000000090a4        0x8 ./CANopenNode/301/CO_PDO.o
 .text.OD_read_dummy
                0x00000000000090ac       0x2e ./CANopenNode/301/CO_PDO.o
 .text.PDOconfigMap
                0x00000000000090da      0x100 ./CANopenNode/301/CO_PDO.o
 .text.CO_PDO_receive
                0x00000000000091da       0x48 ./CANopenNode/301/CO_PDO.o
 .text.OD_read_PDO_commParam
                0x0000000000009222       0x70 ./CANopenNode/301/CO_PDO.o
 .text.PDO_initMapping.constprop.3
                0x0000000000009292       0xe6 ./CANopenNode/301/CO_PDO.o
 .text.OD_write_PDO_mapping
                0x0000000000009378       0xb4 ./CANopenNode/301/CO_PDO.o
 .text.OD_write_18xx
                0x000000000000942c      0x184 ./CANopenNode/301/CO_PDO.o
 .text.OD_write_14xx
                0x00000000000095b0      0x15a ./CANopenNode/301/CO_PDO.o
 .text.CO_RPDO_init
                0x000000000000970a      0x172 ./CANopenNode/301/CO_PDO.o
                0x000000000000970a                CO_RPDO_init
 .text.CO_RPDO_process
                0x000000000000987c      0x114 ./CANopenNode/301/CO_PDO.o
                0x000000000000987c                CO_RPDO_process
 .text.CO_TPDO_init
                0x0000000000009990      0x1d2 ./CANopenNode/301/CO_PDO.o
                0x0000000000009990                CO_TPDO_init
 .text.CO_TPDO_process
                0x0000000000009b62      0x15e ./CANopenNode/301/CO_PDO.o
                0x0000000000009b62                CO_TPDO_process
 .text.CO_SDOserver_init_canRxTx
                0x0000000000009cc0       0x82 ./CANopenNode/301/CO_SDOserver.o
 .text.CO_SDO_receive
                0x0000000000009d42       0x38 ./CANopenNode/301/CO_SDOserver.o
 .text.readFromOd.isra.1.constprop.5
                0x0000000000009d7a       0xe2 ./CANopenNode/301/CO_SDOserver.o
 .text.OD_write_1201_additional
                0x0000000000009e5c      0x158 ./CANopenNode/301/CO_SDOserver.o
 .text.CO_SDOserver_init
                0x0000000000009fb4      0x172 ./CANopenNode/301/CO_SDOserver.o
                0x0000000000009fb4                CO_SDOserver_init
 .text.CO_SDOserver_process
                0x000000000000a126      0x5e8 ./CANopenNode/301/CO_SDOserver.o
                0x000000000000a126                CO_SDOserver_process
 .text.CO_delete
                0x000000000000a70e       0x56 ./CANopenNode/CANopen.o
                0x000000000000a70e                CO_delete
 .text.CO_new   0x000000000000a764      0x102 ./CANopenNode/CANopen.o
                0x000000000000a764                CO_new
 .text.CO_CANinit
                0x000000000000a866       0x28 ./CANopenNode/CANopen.o
                0x000000000000a866                CO_CANinit
 .text.CO_LSSinit
                0x000000000000a88e       0x32 ./CANopenNode/CANopen.o
                0x000000000000a88e                CO_LSSinit
 .text.CO_CANopenInit
                0x000000000000a8c0       0xb8 ./CANopenNode/CANopen.o
                0x000000000000a8c0                CO_CANopenInit
 .text.CO_CANopenInitPDO
                0x000000000000a978       0xea ./CANopenNode/CANopen.o
                0x000000000000a978                CO_CANopenInitPDO
 .text.CO_process
                0x000000000000aa62       0x7e ./CANopenNode/CANopen.o
                0x000000000000aa62                CO_process
 .text.CO_process_RPDO
                0x000000000000aae0       0x40 ./CANopenNode/CANopen.o
                0x000000000000aae0                CO_process_RPDO
 .text.CO_process_TPDO
                0x000000000000ab20       0x40 ./CANopenNode/CANopen.o
                0x000000000000ab20                CO_process_TPDO
 .text.printchar
                0x000000000000ab60       0x4a c:/mounriver/mounriver_studio2/resources/app/resources/win32/components/wch/toolchain/risc-v embedded gcc/bin/../lib/gcc/riscv-none-embed/8.2.0/../../../../riscv-none-embed/lib/rv32imacxw/ilp32\libprintfloat.a(printfloat.o)
                0x000000000000ab60                printchar
 .text.prints   0x000000000000abaa       0xe0 c:/mounriver/mounriver_studio2/resources/app/resources/win32/components/wch/toolchain/risc-v embedded gcc/bin/../lib/gcc/riscv-none-embed/8.2.0/../../../../riscv-none-embed/lib/rv32imacxw/ilp32\libprintfloat.a(printfloat.o)
                0x000000000000abaa                prints
 .text.printInt
                0x000000000000ac8a       0xf2 c:/mounriver/mounriver_studio2/resources/app/resources/win32/components/wch/toolchain/risc-v embedded gcc/bin/../lib/gcc/riscv-none-embed/8.2.0/../../../../riscv-none-embed/lib/rv32imacxw/ilp32\libprintfloat.a(printfloat.o)
                0x000000000000ac8a                printInt
 .text.printLongLongInt
                0x000000000000ad7c      0x120 c:/mounriver/mounriver_studio2/resources/app/resources/win32/components/wch/toolchain/risc-v embedded gcc/bin/../lib/gcc/riscv-none-embed/8.2.0/../../../../riscv-none-embed/lib/rv32imacxw/ilp32\libprintfloat.a(printfloat.o)
                0x000000000000ad7c                printLongLongInt
 .text.printDouble
                0x000000000000ae9c      0x100 c:/mounriver/mounriver_studio2/resources/app/resources/win32/components/wch/toolchain/risc-v embedded gcc/bin/../lib/gcc/riscv-none-embed/8.2.0/../../../../riscv-none-embed/lib/rv32imacxw/ilp32\libprintfloat.a(printfloat.o)
                0x000000000000ae9c                printDouble
 .text.print    0x000000000000af9c      0x358 c:/mounriver/mounriver_studio2/resources/app/resources/win32/components/wch/toolchain/risc-v embedded gcc/bin/../lib/gcc/riscv-none-embed/8.2.0/../../../../riscv-none-embed/lib/rv32imacxw/ilp32\libprintfloat.a(printfloat.o)
                0x000000000000af9c                print
 .text.printf   0x000000000000b2f4       0x24 c:/mounriver/mounriver_studio2/resources/app/resources/win32/components/wch/toolchain/risc-v embedded gcc/bin/../lib/gcc/riscv-none-embed/8.2.0/../../../../riscv-none-embed/lib/rv32imacxw/ilp32\libprintfloat.a(printfloat.o)
                0x000000000000b2f4                printf
 .text.puts     0x000000000000b318       0x4a c:/mounriver/mounriver_studio2/resources/app/resources/win32/components/wch/toolchain/risc-v embedded gcc/bin/../lib/gcc/riscv-none-embed/8.2.0/../../../../riscv-none-embed/lib/rv32imacxw/ilp32\libprintfloat.a(printfloat.o)
                0x000000000000b318                puts
 .text.__udivdi3
                0x000000000000b362      0x392 c:/mounriver/mounriver_studio2/resources/app/resources/win32/components/wch/toolchain/risc-v embedded gcc/bin/../lib/gcc/riscv-none-embed/8.2.0/rv32imacxw/ilp32\libgcc.a(_udivdi3.o)
                0x000000000000b362                __udivdi3
 .text.__umoddi3
                0x000000000000b6f4      0x38a c:/mounriver/mounriver_studio2/resources/app/resources/win32/components/wch/toolchain/risc-v embedded gcc/bin/../lib/gcc/riscv-none-embed/8.2.0/rv32imacxw/ilp32\libgcc.a(_umoddi3.o)
                0x000000000000b6f4                __umoddi3
 .text.__divdf3
                0x000000000000ba7e      0x5b4 c:/mounriver/mounriver_studio2/resources/app/resources/win32/components/wch/toolchain/risc-v embedded gcc/bin/../lib/gcc/riscv-none-embed/8.2.0/rv32imacxw/ilp32\libgcc.a(divdf3.o)
                0x000000000000ba7e                __divdf3
 .text.__ledf2  0x000000000000c032       0xb6 c:/mounriver/mounriver_studio2/resources/app/resources/win32/components/wch/toolchain/risc-v embedded gcc/bin/../lib/gcc/riscv-none-embed/8.2.0/rv32imacxw/ilp32\libgcc.a(ledf2.o)
                0x000000000000c032                __ledf2
                0x000000000000c032                __ltdf2
 .text.__muldf3
                0x000000000000c0e8      0x4b8 c:/mounriver/mounriver_studio2/resources/app/resources/win32/components/wch/toolchain/risc-v embedded gcc/bin/../lib/gcc/riscv-none-embed/8.2.0/rv32imacxw/ilp32\libgcc.a(muldf3.o)
                0x000000000000c0e8                __muldf3
 .text.__subdf3
                0x000000000000c5a0      0x73e c:/mounriver/mounriver_studio2/resources/app/resources/win32/components/wch/toolchain/risc-v embedded gcc/bin/../lib/gcc/riscv-none-embed/8.2.0/rv32imacxw/ilp32\libgcc.a(subdf3.o)
                0x000000000000c5a0                __subdf3
 .text.__fixunsdfsi
                0x000000000000ccde       0x5c c:/mounriver/mounriver_studio2/resources/app/resources/win32/components/wch/toolchain/risc-v embedded gcc/bin/../lib/gcc/riscv-none-embed/8.2.0/rv32imacxw/ilp32\libgcc.a(fixunsdfsi.o)
                0x000000000000ccde                __fixunsdfsi
 .text.__floatunsidf
                0x000000000000cd3a       0x68 c:/mounriver/mounriver_studio2/resources/app/resources/win32/components/wch/toolchain/risc-v embedded gcc/bin/../lib/gcc/riscv-none-embed/8.2.0/rv32imacxw/ilp32\libgcc.a(floatunsidf.o)
                0x000000000000cd3a                __floatunsidf
 .text.__fixdfdi
                0x000000000000cda2       0xbc c:/mounriver/mounriver_studio2/resources/app/resources/win32/components/wch/toolchain/risc-v embedded gcc/bin/../lib/gcc/riscv-none-embed/8.2.0/rv32imacxw/ilp32\libgcc.a(fixdfdi.o)
                0x000000000000cda2                __fixdfdi
 .text.__floatdidf
                0x000000000000ce5e      0x1b6 c:/mounriver/mounriver_studio2/resources/app/resources/win32/components/wch/toolchain/risc-v embedded gcc/bin/../lib/gcc/riscv-none-embed/8.2.0/rv32imacxw/ilp32\libgcc.a(floatdidf.o)
                0x000000000000ce5e                __floatdidf
 .text.__addsf3
                0x000000000000d014      0x36a c:/mounriver/mounriver_studio2/resources/app/resources/win32/components/wch/toolchain/risc-v embedded gcc/bin/../lib/gcc/riscv-none-embed/8.2.0/rv32imacxw/ilp32\libgcc.a(addsf3.o)
                0x000000000000d014                __addsf3
 .text.__divsf3
                0x000000000000d37e      0x2b2 c:/mounriver/mounriver_studio2/resources/app/resources/win32/components/wch/toolchain/risc-v embedded gcc/bin/../lib/gcc/riscv-none-embed/8.2.0/rv32imacxw/ilp32\libgcc.a(divsf3.o)
                0x000000000000d37e                __divsf3
 .text.__gesf2  0x000000000000d630       0x86 c:/mounriver/mounriver_studio2/resources/app/resources/win32/components/wch/toolchain/risc-v embedded gcc/bin/../lib/gcc/riscv-none-embed/8.2.0/rv32imacxw/ilp32\libgcc.a(gesf2.o)
                0x000000000000d630                __gesf2
                0x000000000000d630                __gtsf2
 .text.__lesf2  0x000000000000d6b6       0x8c c:/mounriver/mounriver_studio2/resources/app/resources/win32/components/wch/toolchain/risc-v embedded gcc/bin/../lib/gcc/riscv-none-embed/8.2.0/rv32imacxw/ilp32\libgcc.a(lesf2.o)
                0x000000000000d6b6                __ltsf2
                0x000000000000d6b6                __lesf2
 .text.__mulsf3
                0x000000000000d742      0x294 c:/mounriver/mounriver_studio2/resources/app/resources/win32/components/wch/toolchain/risc-v embedded gcc/bin/../lib/gcc/riscv-none-embed/8.2.0/rv32imacxw/ilp32\libgcc.a(mulsf3.o)
                0x000000000000d742                __mulsf3
 .text.__subsf3
                0x000000000000d9d6      0x388 c:/mounriver/mounriver_studio2/resources/app/resources/win32/components/wch/toolchain/risc-v embedded gcc/bin/../lib/gcc/riscv-none-embed/8.2.0/rv32imacxw/ilp32\libgcc.a(subsf3.o)
                0x000000000000d9d6                __subsf3
 .text.__fixsfsi
                0x000000000000dd5e       0x62 c:/mounriver/mounriver_studio2/resources/app/resources/win32/components/wch/toolchain/risc-v embedded gcc/bin/../lib/gcc/riscv-none-embed/8.2.0/rv32imacxw/ilp32\libgcc.a(fixsfsi.o)
                0x000000000000dd5e                __fixsfsi
 .text.__fixunssfsi
                0x000000000000ddc0       0x56 c:/mounriver/mounriver_studio2/resources/app/resources/win32/components/wch/toolchain/risc-v embedded gcc/bin/../lib/gcc/riscv-none-embed/8.2.0/rv32imacxw/ilp32\libgcc.a(fixunssfsi.o)
                0x000000000000ddc0                __fixunssfsi
 .text.__floatsisf
                0x000000000000de16       0xc6 c:/mounriver/mounriver_studio2/resources/app/resources/win32/components/wch/toolchain/risc-v embedded gcc/bin/../lib/gcc/riscv-none-embed/8.2.0/rv32imacxw/ilp32\libgcc.a(floatsisf.o)
                0x000000000000de16                __floatsisf
 .text.__floatunsisf
                0x000000000000dedc       0xce c:/mounriver/mounriver_studio2/resources/app/resources/win32/components/wch/toolchain/risc-v embedded gcc/bin/../lib/gcc/riscv-none-embed/8.2.0/rv32imacxw/ilp32\libgcc.a(floatunsisf.o)
                0x000000000000dedc                __floatunsisf
 .text.__extendsfdf2
                0x000000000000dfaa       0xac c:/mounriver/mounriver_studio2/resources/app/resources/win32/components/wch/toolchain/risc-v embedded gcc/bin/../lib/gcc/riscv-none-embed/8.2.0/rv32imacxw/ilp32\libgcc.a(extendsfdf2.o)
                0x000000000000dfaa                __extendsfdf2
 .text.__truncdfsf2
                0x000000000000e056      0x16a c:/mounriver/mounriver_studio2/resources/app/resources/win32/components/wch/toolchain/risc-v embedded gcc/bin/../lib/gcc/riscv-none-embed/8.2.0/rv32imacxw/ilp32\libgcc.a(truncdfsf2.o)
                0x000000000000e056                __truncdfsf2
 .text.__clzsi2
                0x000000000000e1c0       0x6e c:/mounriver/mounriver_studio2/resources/app/resources/win32/components/wch/toolchain/risc-v embedded gcc/bin/../lib/gcc/riscv-none-embed/8.2.0/rv32imacxw/ilp32\libgcc.a(_clzsi2.o)
                0x000000000000e1c0                __clzsi2
 .text.calloc   0x000000000000e22e        0xc c:/mounriver/mounriver_studio2/resources/app/resources/win32/components/wch/toolchain/risc-v embedded gcc/bin/../lib/gcc/riscv-none-embed/8.2.0/../../../../riscv-none-embed/lib/rv32imacxw/ilp32\libg_nano.a(lib_a-calloc.o)
                0x000000000000e22e                calloc
 .text.free     0x000000000000e23a        0xa c:/mounriver/mounriver_studio2/resources/app/resources/win32/components/wch/toolchain/risc-v embedded gcc/bin/../lib/gcc/riscv-none-embed/8.2.0/../../../../riscv-none-embed/lib/rv32imacxw/ilp32\libg_nano.a(lib_a-malloc.o)
                0x000000000000e23a                free
 .text.memcpy   0x000000000000e244       0xb2 c:/mounriver/mounriver_studio2/resources/app/resources/win32/components/wch/toolchain/risc-v embedded gcc/bin/../lib/gcc/riscv-none-embed/8.2.0/../../../../riscv-none-embed/lib/rv32imacxw/ilp32\libg_nano.a(lib_a-memcpy.o)
                0x000000000000e244                memcpy
 .text.memmove  0x000000000000e2f6       0x46 c:/mounriver/mounriver_studio2/resources/app/resources/win32/components/wch/toolchain/risc-v embedded gcc/bin/../lib/gcc/riscv-none-embed/8.2.0/../../../../riscv-none-embed/lib/rv32imacxw/ilp32\libg_nano.a(lib_a-memmove.o)
                0x000000000000e2f6                memmove
 .text._calloc_r
                0x000000000000e33c       0x26 c:/mounriver/mounriver_studio2/resources/app/resources/win32/components/wch/toolchain/risc-v embedded gcc/bin/../lib/gcc/riscv-none-embed/8.2.0/../../../../riscv-none-embed/lib/rv32imacxw/ilp32\libg_nano.a(lib_a-nano-callocr.o)
                0x000000000000e33c                _calloc_r
 .text._free_r  0x000000000000e362       0xa4 c:/mounriver/mounriver_studio2/resources/app/resources/win32/components/wch/toolchain/risc-v embedded gcc/bin/../lib/gcc/riscv-none-embed/8.2.0/../../../../riscv-none-embed/lib/rv32imacxw/ilp32\libg_nano.a(lib_a-nano-freer.o)
                0x000000000000e362                _free_r
 .text._malloc_r
                0x000000000000e406       0xce c:/mounriver/mounriver_studio2/resources/app/resources/win32/components/wch/toolchain/risc-v embedded gcc/bin/../lib/gcc/riscv-none-embed/8.2.0/../../../../riscv-none-embed/lib/rv32imacxw/ilp32\libg_nano.a(lib_a-nano-mallocr.o)
                0x000000000000e406                _malloc_r
 .text._sbrk_r  0x000000000000e4d4       0x32 c:/mounriver/mounriver_studio2/resources/app/resources/win32/components/wch/toolchain/risc-v embedded gcc/bin/../lib/gcc/riscv-none-embed/8.2.0/../../../../riscv-none-embed/lib/rv32imacxw/ilp32\libg_nano.a(lib_a-sbrkr.o)
                0x000000000000e4d4                _sbrk_r
 .text.strlen   0x000000000000e506       0x12 c:/mounriver/mounriver_studio2/resources/app/resources/win32/components/wch/toolchain/risc-v embedded gcc/bin/../lib/gcc/riscv-none-embed/8.2.0/../../../../riscv-none-embed/lib/rv32imacxw/ilp32\libg_nano.a(lib_a-strlen.o)
                0x000000000000e506                strlen
 .text.__malloc_lock
                0x000000000000e518        0x2 c:/mounriver/mounriver_studio2/resources/app/resources/win32/components/wch/toolchain/risc-v embedded gcc/bin/../lib/gcc/riscv-none-embed/8.2.0/../../../../riscv-none-embed/lib/rv32imacxw/ilp32\libg_nano.a(lib_a-mlock.o)
                0x000000000000e518                __malloc_lock
 .text.__malloc_unlock
                0x000000000000e51a        0x2 c:/mounriver/mounriver_studio2/resources/app/resources/win32/components/wch/toolchain/risc-v embedded gcc/bin/../lib/gcc/riscv-none-embed/8.2.0/../../../../riscv-none-embed/lib/rv32imacxw/ilp32\libg_nano.a(lib_a-mlock.o)
                0x000000000000e51a                __malloc_unlock
 *(.rodata)
 *fill*         0x000000000000e51c        0x0 
 .rodata        0x000000000000e51c       0x14 ./User/dash_draw.o
 *(.rodata*)
 .rodata.vCanOpenProcess.str1.4
                0x000000000000e530        0xe ./User/CanOpenNode.o
 *fill*         0x000000000000e53e        0x2 
 .rodata.CalPoint
                0x000000000000e540       0x48 ./User/DataModel.o
 .rodata.CalPoint1
                0x000000000000e588       0x24 ./User/DataModel.o
 .rodata.seg_const.7438
                0x000000000000e5ac       0x12 ./User/DataModel.o
 *fill*         0x000000000000e5be        0x2 
 .rodata.str1.4
                0x000000000000e5c0       0x36 ./User/DataModel.o
 *fill*         0x000000000000e5f6        0x2 
 .rodata.vIncrementSystemCounters.cst4
                0x000000000000e5f8        0x8 ./User/DataModel.o
 .rodata.getODValue
                0x000000000000e600       0x78 ./User/dash_draw.o
 .rodata.CheckLedState.cst4
                0x000000000000e678        0x4 ./User/dash_draw.o
 .rodata.MenuStateCross
                0x000000000000e67c       0x1c ./User/dash_draw.o
 .rodata.dm     0x000000000000e698       0x3f ./User/dash_draw.o
 *fill*         0x000000000000e6d7        0x1 
 .rodata.getODValue.cst4
                0x000000000000e6d8        0x4 ./User/dash_draw.o
                                          0x8 (size before relaxing)
 .rodata.vBarColorMode.cst4
                0x000000000000e6dc        0x4 ./User/dash_draw.o
 .rodata.vRedrawTask.cst4
                0x000000000000e6e0        0x4 ./User/dash_draw.o
 .rodata.ADC_FSM.cst4
                0x000000000000e6e4        0xc ./User/inputs.o
 *fill*         0x000000000000e6f0        0x0 
 .rodata.ADC_FSM.cst8
                0x000000000000e6f0       0x18 ./User/inputs.o
 .rodata.vInputsTask.cst4
                0x000000000000e708        0x8 ./User/inputs.o
 .rodata.SetSegDirect
                0x000000000000e710       0x1c ./User/led.o
 .rodata.Brigth
                0x000000000000e72c       0x1e ./User/led.o
 *fill*         0x000000000000e74a        0x2 
 .rodata.DigitMask
                0x000000000000e74c        0xa ./User/led.o
                0x000000000000e74c                DigitMask
 *fill*         0x000000000000e756        0x2 
 .rodata.offset_mask
                0x000000000000e758        0xe ./User/led.o
 *fill*         0x000000000000e766        0x2 
 .rodata.step_mask
                0x000000000000e768        0xe ./User/led.o
 *fill*         0x000000000000e776        0x2 
 .rodata.Error_Handler.str1.4
                0x000000000000e778        0xf ./User/main.o
 *fill*         0x000000000000e787        0x1 
 .rodata.OD_writeBoardSettings
                0x000000000000e788       0x18 ./User/process.o
 .rodata.OD_readBoardSettings
                0x000000000000e7a0       0x18 ./User/process.o
 .rodata.OD_ADC1_CAL_extension
                0x000000000000e7b8       0x10 ./User/process.o
                0x000000000000e7b8                OD_ADC1_CAL_extension
 .rodata.OD_ADC2_CAL_extension
                0x000000000000e7c8       0x10 ./User/process.o
                0x000000000000e7c8                OD_ADC2_CAL_extension
 .rodata.OD_ADC3_CAL_extension
                0x000000000000e7d8       0x10 ./User/process.o
                0x000000000000e7d8                OD_ADC3_CAL_extension
 .rodata.OD_AIN_RPM_extension
                0x000000000000e7e8       0x10 ./User/process.o
                0x000000000000e7e8                OD_AIN_RPM_extension
 .rodata.OD_BAR_extension
                0x000000000000e7f8       0x10 ./User/process.o
                0x000000000000e7f8                OD_BAR_extension
 .rodata.OD_BOARD_SETTINGS_extension
                0x000000000000e808       0x10 ./User/process.o
                0x000000000000e808                OD_BOARD_SETTINGS_extension
 .rodata.OD_DASH_PARAM_extension
                0x000000000000e818       0x10 ./User/process.o
                0x000000000000e818                OD_DASH_PARAM_extension
 .rodata.OD_DIN_extension
                0x000000000000e828       0x10 ./User/process.o
                0x000000000000e828                OD_DIN_extension
 .rodata.OD_HISTER_CONFIG_extension
                0x000000000000e838       0x10 ./User/process.o
                0x000000000000e838                OD_HISTER_CONFIG_extension
 .rodata.OD_INPUT_CH_CONFIG_extension
                0x000000000000e848       0x10 ./User/process.o
                0x000000000000e848                OD_INPUT_CH_CONFIG_extension
 .rodata.OD_KEY_extension
                0x000000000000e858       0x10 ./User/process.o
                0x000000000000e858                OD_KEY_extension
 .rodata.OD_MENU_MAP_extension
                0x000000000000e868       0x10 ./User/process.o
                0x000000000000e868                OD_MENU_MAP_extension
 .rodata.OD_MENU_SETUP_extension
                0x000000000000e878       0x10 ./User/process.o
                0x000000000000e878                OD_MENU_SETUP_extension
 .rodata.OD_RGB10_extension
                0x000000000000e888       0x10 ./User/process.o
                0x000000000000e888                OD_RGB10_extension
 .rodata.OD_RGB11_extension
                0x000000000000e898       0x10 ./User/process.o
                0x000000000000e898                OD_RGB11_extension
 .rodata.OD_RGB12_extension
                0x000000000000e8a8       0x10 ./User/process.o
                0x000000000000e8a8                OD_RGB12_extension
 .rodata.OD_RGB13_extension
                0x000000000000e8b8       0x10 ./User/process.o
                0x000000000000e8b8                OD_RGB13_extension
 .rodata.OD_RGB14_extension
                0x000000000000e8c8       0x10 ./User/process.o
                0x000000000000e8c8                OD_RGB14_extension
 .rodata.OD_RGB1_extension
                0x000000000000e8d8       0x10 ./User/process.o
                0x000000000000e8d8                OD_RGB1_extension
 .rodata.OD_RGB2_extension
                0x000000000000e8e8       0x10 ./User/process.o
                0x000000000000e8e8                OD_RGB2_extension
 .rodata.OD_RGB3_extension
                0x000000000000e8f8       0x10 ./User/process.o
                0x000000000000e8f8                OD_RGB3_extension
 .rodata.OD_RGB4_extension
                0x000000000000e908       0x10 ./User/process.o
                0x000000000000e908                OD_RGB4_extension
 .rodata.OD_RGB5_extension
                0x000000000000e918       0x10 ./User/process.o
                0x000000000000e918                OD_RGB5_extension
 .rodata.OD_RGB6_extension
                0x000000000000e928       0x10 ./User/process.o
                0x000000000000e928                OD_RGB6_extension
 .rodata.OD_RGB7_extension
                0x000000000000e938       0x10 ./User/process.o
                0x000000000000e938                OD_RGB7_extension
 .rodata.OD_RGB8_extension
                0x000000000000e948       0x10 ./User/process.o
                0x000000000000e948                OD_RGB8_extension
 .rodata.OD_RGB9_extension
                0x000000000000e958       0x10 ./User/process.o
                0x000000000000e958                OD_RGB9_extension
 .rodata.OD_RGBMAP_extension
                0x000000000000e968       0x10 ./User/process.o
                0x000000000000e968                OD_RGBMAP_extension
 .rodata.OD_RPMCONFIG_extension
                0x000000000000e978       0x10 ./User/process.o
                0x000000000000e978                OD_RPMCONFIG_extension
 .rodata.OD_SEG_extension
                0x000000000000e988       0x10 ./User/process.o
                0x000000000000e988                OD_SEG_extension
 .rodata.OD_VRegiters_extension
                0x000000000000e998       0x10 ./User/process.o
                0x000000000000e998                OD_VRegiters_extension
 .rodata.writeADC.isra.12.cst4
                0x000000000000e9a8        0x4 ./User/process.o
 .rodata.StartDefaultTask.cst4
                0x000000000000e9a8        0x4 ./User/system_init.o
 .rodata.StartDefaultTask.str1.4
                0x000000000000e9a8       0x41 ./User/system_init.o
 *fill*         0x000000000000e9e9        0x3 
 .rodata.str1.4
                0x000000000000e9ec       0x44 ./User/system_init.o
 .rodata.GetRPM.cst4
                0x000000000000ea30        0x4 ./LIB/hw_lib_din.o
 *fill*         0x000000000000ea34        0x4 
 .rodata.GetRPM.cst8
                0x000000000000ea38        0x8 ./LIB/hw_lib_din.o
 .rodata.vSetRPMConfig.cst4
                0x000000000000ea40        0x4 ./LIB/hw_lib_din.o
 .rodata.I2C_FSM
                0x000000000000ea40       0x30 ./LIB/hw_lib_eeprom_i2c.o
 .rodata.pvPortMalloc.str1.4
                0x000000000000ea70       0x49 ./FreeRTOS/portable/MemMang/heap_4.o
 *fill*         0x000000000000eab9        0x3 
 .rodata.xPortStartScheduler.str1.4
                0x000000000000eabc       0x27 ./FreeRTOS/portable/GCC/RISC-V/port.o
                                         0x49 (size before relaxing)
 *fill*         0x000000000000eae3        0x1 
 .rodata.xQueueGenericReset.str1.4
                0x000000000000eae4       0x14 ./FreeRTOS/queue.o
                                         0x35 (size before relaxing)
 .rodata.xTaskGenericNotifyFromISR
                0x000000000000eaf8       0x14 ./FreeRTOS/tasks.o
 .rodata.prvTaskIsTaskSuspended.str1.4
                0x000000000000eb0c       0x14 ./FreeRTOS/tasks.o
                                         0x35 (size before relaxing)
 .rodata.vTaskStartScheduler.str1.4
                0x000000000000eb20        0x5 ./FreeRTOS/tasks.o
 *fill*         0x000000000000eb25        0x3 
 .rodata.ADC_chennel_ref
                0x000000000000eb28       0x12 ./DRIVER/hal_adc_ch32.o
 *fill*         0x000000000000eb3a        0x2 
 .rodata.CSWTCH.3
                0x000000000000eb3c       0x10 ./DRIVER/hal_can_ch32.o
 .rodata.HAL_RTC_IT_Init.str1.4
                0x000000000000eb4c        0xa ./DRIVER/hal_rtc_ch32.o
 *fill*         0x000000000000eb56        0x2 
 .rodata.timers
                0x000000000000eb58       0x10 ./DRIVER/hal_timers_ch32.o
 .rodata.ODObjs
                0x000000000000eb68      0xc58 ./CANopenNode/keypad/OD.o
 .rodata.CO_LSS_bitTimingTableLookup