Archive member included to satisfy reference by file (symbol)

c:/mounriver/mounriver_studio2/resources/app/resources/win32/components/wch/toolchain/risc-v embedded gcc/bin/../lib/gcc/riscv-none-embed/8.2.0/rv32imacxw/ilp32\libgcc.a(divdf3.o)
                              ./HAL_LIB/hw_lib_din.o (__divdf3)
c:/mounriver/mounriver_studio2/resources/app/resources/win32/components/wch/toolchain/risc-v embedded gcc/bin/../lib/gcc/riscv-none-embed/8.2.0/rv32imacxw/ilp32\libgcc.a(muldf3.o)
                              ./User/inputs.o (__muldf3)
c:/mounriver/mounriver_studio2/resources/app/resources/win32/components/wch/toolchain/risc-v embedded gcc/bin/../lib/gcc/riscv-none-embed/8.2.0/rv32imacxw/ilp32\libgcc.a(fixunsdfsi.o)
                              ./HAL_LIB/hw_lib_din.o (__fixunsdfsi)
c:/mounriver/mounriver_studio2/resources/app/resources/win32/components/wch/toolchain/risc-v embedded gcc/bin/../lib/gcc/riscv-none-embed/8.2.0/rv32imacxw/ilp32\libgcc.a(floatunsidf.o)
                              ./User/inputs.o (__floatunsidf)
c:/mounriver/mounriver_studio2/resources/app/resources/win32/components/wch/toolchain/risc-v embedded gcc/bin/../lib/gcc/riscv-none-embed/8.2.0/rv32imacxw/ilp32\libgcc.a(addsf3.o)
                              ./User/inputs.o (__addsf3)
c:/mounriver/mounriver_studio2/resources/app/resources/win32/components/wch/toolchain/risc-v embedded gcc/bin/../lib/gcc/riscv-none-embed/8.2.0/rv32imacxw/ilp32\libgcc.a(divsf3.o)
                              ./User/DataModel.o (__divsf3)
c:/mounriver/mounriver_studio2/resources/app/resources/win32/components/wch/toolchain/risc-v embedded gcc/bin/../lib/gcc/riscv-none-embed/8.2.0/rv32imacxw/ilp32\libgcc.a(eqsf2.o)
                              ./HAL_LIB/hw_lib_din.o (__nesf2)
c:/mounriver/mounriver_studio2/resources/app/resources/win32/components/wch/toolchain/risc-v embedded gcc/bin/../lib/gcc/riscv-none-embed/8.2.0/rv32imacxw/ilp32\libgcc.a(gesf2.o)
                              ./User/inputs.o (__gesf2)
c:/mounriver/mounriver_studio2/resources/app/resources/win32/components/wch/toolchain/risc-v embedded gcc/bin/../lib/gcc/riscv-none-embed/8.2.0/rv32imacxw/ilp32\libgcc.a(lesf2.o)
                              ./HAL_LIB/hw_lib_din.o (__lesf2)
c:/mounriver/mounriver_studio2/resources/app/resources/win32/components/wch/toolchain/risc-v embedded gcc/bin/../lib/gcc/riscv-none-embed/8.2.0/rv32imacxw/ilp32\libgcc.a(mulsf3.o)
                              ./User/dash_draw.o (__mulsf3)
c:/mounriver/mounriver_studio2/resources/app/resources/win32/components/wch/toolchain/risc-v embedded gcc/bin/../lib/gcc/riscv-none-embed/8.2.0/rv32imacxw/ilp32\libgcc.a(subsf3.o)
                              ./User/dash_draw.o (__subsf3)
c:/mounriver/mounriver_studio2/resources/app/resources/win32/components/wch/toolchain/risc-v embedded gcc/bin/../lib/gcc/riscv-none-embed/8.2.0/rv32imacxw/ilp32\libgcc.a(fixsfsi.o)
                              ./User/dash_draw.o (__fixsfsi)
c:/mounriver/mounriver_studio2/resources/app/resources/win32/components/wch/toolchain/risc-v embedded gcc/bin/../lib/gcc/riscv-none-embed/8.2.0/rv32imacxw/ilp32\libgcc.a(fixunssfsi.o)
                              ./User/DataModel.o (__fixunssfsi)
c:/mounriver/mounriver_studio2/resources/app/resources/win32/components/wch/toolchain/risc-v embedded gcc/bin/../lib/gcc/riscv-none-embed/8.2.0/rv32imacxw/ilp32\libgcc.a(floatsisf.o)
                              ./User/DataModel.o (__floatsisf)
c:/mounriver/mounriver_studio2/resources/app/resources/win32/components/wch/toolchain/risc-v embedded gcc/bin/../lib/gcc/riscv-none-embed/8.2.0/rv32imacxw/ilp32\libgcc.a(floatunsisf.o)
                              ./User/DataModel.o (__floatunsisf)
c:/mounriver/mounriver_studio2/resources/app/resources/win32/components/wch/toolchain/risc-v embedded gcc/bin/../lib/gcc/riscv-none-embed/8.2.0/rv32imacxw/ilp32\libgcc.a(extendsfdf2.o)
                              ./HAL_LIB/hw_lib_din.o (__extendsfdf2)
c:/mounriver/mounriver_studio2/resources/app/resources/win32/components/wch/toolchain/risc-v embedded gcc/bin/../lib/gcc/riscv-none-embed/8.2.0/rv32imacxw/ilp32\libgcc.a(truncdfsf2.o)
                              ./User/inputs.o (__truncdfsf2)
c:/mounriver/mounriver_studio2/resources/app/resources/win32/components/wch/toolchain/risc-v embedded gcc/bin/../lib/gcc/riscv-none-embed/8.2.0/rv32imacxw/ilp32\libgcc.a(save-restore.o)
                              ./User/inputs.o (__riscv_save_12)
c:/mounriver/mounriver_studio2/resources/app/resources/win32/components/wch/toolchain/risc-v embedded gcc/bin/../lib/gcc/riscv-none-embed/8.2.0/rv32imacxw/ilp32\libgcc.a(_clzsi2.o)
                              c:/mounriver/mounriver_studio2/resources/app/resources/win32/components/wch/toolchain/risc-v embedded gcc/bin/../lib/gcc/riscv-none-embed/8.2.0/rv32imacxw/ilp32\libgcc.a(divdf3.o) (__clzsi2)
[...]
Memory Configuration

Name             Origin             Length             Attributes
FLASH            0x0000000000001000 0x000000000000f000 xr
SFLASH           0x0000000000010000 0x0000000000002800 xr
RAM              0x0000000020000000 0x0000000000005000 xrw
*default*        0x0000000000000000 0xffffffffffffffff

Linker script and memory map

LOAD ./User/CanOpenNode.o
LOAD ./User/DataModel.o
LOAD ./User/ch32v20x_it.o
LOAD ./User/dash_draw.o
LOAD ./User/init.o
LOAD ./User/inputs.o
LOAD ./User/led.o
LOAD ./User/main.o
LOAD ./User/process.o
LOAD ./User/system_ch32v20x.o
LOAD ./User/system_init.o
LOAD ./Startup/startup_ch32v20x_D6.o
LOAD ./Peripheral/src/ch32v20x_adc.o
LOAD ./Peripheral/src/ch32v20x_bkp.o
LOAD ./Peripheral/src/ch32v20x_can.o
LOAD ./Peripheral/src/ch32v20x_crc.o
LOAD ./Peripheral/src/ch32v20x_dbgmcu.o
LOAD ./Peripheral/src/ch32v20x_dma.o
LOAD ./Peripheral/src/ch32v20x_exti.o
LOAD ./Peripheral/src/ch32v20x_flash.o
LOAD ./Peripheral/src/ch32v20x_gpio.o
LOAD ./Peripheral/src/ch32v20x_i2c.o
LOAD ./Peripheral/src/ch32v20x_iwdg.o
LOAD ./Peripheral/src/ch32v20x_misc.o
LOAD ./Peripheral/src/ch32v20x_opa.o
LOAD ./Peripheral/src/ch32v20x_pwr.o
LOAD ./Peripheral/src/ch32v20x_rcc.o
LOAD ./Peripheral/src/ch32v20x_rtc.o
LOAD ./Peripheral/src/ch32v20x_spi.o
LOAD ./Peripheral/src/ch32v20x_tim.o
LOAD ./Peripheral/src/ch32v20x_usart.o
LOAD ./Peripheral/src/ch32v20x_wwdg.o
LOAD ./HAL_LIB/filters.o
LOAD ./HAL_LIB/hw_data_model.o
LOAD ./HAL_LIB/hw_lib_adc.o
LOAD ./HAL_LIB/hw_lib_din.o
LOAD ./HAL_LIB/hw_lib_eeprom_i2c.o
LOAD ./HAL_LIB/hw_timeout.o
LOAD ./HAL_DRIVER/hal_can_ch32.o
LOAD ./HAL_DRIVER/hal_flash_ch32.o
LOAD ./HAL_DRIVER/hal_gpio_ch32.o
LOAD ./HAL_DRIVER/hal_irq.o
LOAD ./HAL_DRIVER/hal_rtc_ch32.o
LOAD ./HAL_DRIVER/hal_spi_ch32.o
LOAD ./HAL_DRIVER/hal_wdt_ch32.o
LOAD ./FreeRTOS/portable/MemMang/heap_4.o
LOAD ./FreeRTOS/portable/GCC/RISC-V/port.o
LOAD ./FreeRTOS/portable/GCC/RISC-V/portASM.o
LOAD ./FreeRTOS/croutine.o
LOAD ./FreeRTOS/event_groups.o
LOAD ./FreeRTOS/list.o
LOAD ./FreeRTOS/queue.o
LOAD ./FreeRTOS/stream_buffer.o
LOAD ./FreeRTOS/tasks.o
LOAD ./FreeRTOS/timers.o
LOAD ./Debug/debug.o
LOAD ./DRIVER/hal_adc_ch32.o
LOAD ./DRIVER/hal_dma_ch32.o
LOAD ./DRIVER/hal_i2c_ch32.o
LOAD ./DRIVER/hal_timers_ch32.o
LOAD ./Core/core_riscv.o
LOAD ./CANopenNode/keypad/CO_driver_ST32F103.o
LOAD ./CANopenNode/keypad/OD.o
LOAD ./CANopenNode/extra/CO_trace.o
LOAD ./CANopenNode/309/CO_gateway_ascii.o
LOAD ./CANopenNode/305/CO_LSSmaster.o
LOAD ./CANopenNode/305/CO_LSSslave.o
LOAD ./CANopenNode/304/CO_GFC.o
LOAD ./CANopenNode/304/CO_SRDO.o
LOAD ./CANopenNode/303/CO_LEDs.o
LOAD ./CANopenNode/301/CO_Emergency.o
LOAD ./CANopenNode/301/CO_HBconsumer.o
LOAD ./CANopenNode/301/CO_NMT_Heartbeat.o
LOAD ./CANopenNode/301/CO_Node_Guarding.o
LOAD ./CANopenNode/301/CO_ODinterface.o
LOAD ./CANopenNode/301/CO_PDO.o
LOAD ./CANopenNode/301/CO_SDOclient.o
LOAD ./CANopenNode/301/CO_SDOserver.o
LOAD ./CANopenNode/301/CO_SYNC.o
LOAD ./CANopenNode/301/CO_TIME.o
LOAD ./CANopenNode/301/CO_fifo.o
LOAD ./CANopenNode/301/crc16-ccitt.o
LOAD ./CANopenNode/CANopen.o
LOAD c:/mounriver/mounriver_studio2/resources/app/resources/win32/components/wch/toolchain/risc-v embedded gcc/bin/../lib/gcc/riscv-none-embed/8.2.0/../../../../riscv-none-embed/lib/rv32imacxw/ilp32\libm.a
LOAD c:/mounriver/mounriver_studio2/resources/app/resources/win32/components/wch/toolchain/risc-v embedded gcc/bin/../lib/gcc/riscv-none-embed/8.2.0/rv32imacxw/ilp32\libgcc.a
LOAD c:/mounriver/mounriver_studio2/resources/app/resources/win32/components/wch/toolchain/risc-v embedded gcc/bin/../lib/gcc/riscv-none-embed/8.2.0/../../../../riscv-none-embed/lib/rv32imacxw/ilp32\libg_nano.a
LOAD c:/mounriver/mounriver_studio2/resources/app/resources/win32/components/wch/toolchain/risc-v embedded gcc/bin/../lib/gcc/riscv-none-embed/8.2.0/../../../../riscv-none-embed/lib/rv32imacxw/ilp32\libc_nano.a
LOAD c:/mounriver/mounriver_studio2/resources/app/resources/win32/components/wch/toolchain/risc-v embedded gcc/bin/../lib/gcc/riscv-none-embed/8.2.0/rv32imacxw/ilp32\libgcc.a
START GROUP
LOAD c:/mounriver/mounriver_studio2/resources/app/resources/win32/components/wch/toolchain/risc-v embedded gcc/bin/../lib/gcc/riscv-none-embed/8.2.0/rv32imacxw/ilp32\libgcc.a
LOAD c:/mounriver/mounriver_studio2/resources/app/resources/win32/components/wch/toolchain/risc-v embedded gcc/bin/../lib/gcc/riscv-none-embed/8.2.0/../../../../riscv-none-embed/lib/rv32imacxw/ilp32\libc_nano.a
LOAD c:/mounriver/mounriver_studio2/resources/app/resources/win32/components/wch/toolchain/risc-v embedded gcc/bin/../lib/gcc/riscv-none-embed/8.2.0/../../../../riscv-none-embed/lib/rv32imacxw/ilp32\libnosys.a
END GROUP
START GROUP
LOAD c:/mounriver/mounriver_studio2/resources/app/resources/win32/components/wch/toolchain/risc-v embedded gcc/bin/../lib/gcc/riscv-none-embed/8.2.0/rv32imacxw/ilp32\libgcc.a
LOAD c:/mounriver/mounriver_studio2/resources/app/resources/win32/components/wch/toolchain/risc-v embedded gcc/bin/../lib/gcc/riscv-none-embed/8.2.0/../../../../riscv-none-embed/lib/rv32imacxw/ilp32\libc_nano.a
LOAD c:/mounriver/mounriver_studio2/resources/app/resources/win32/components/wch/toolchain/risc-v embedded gcc/bin/../lib/gcc/riscv-none-embed/8.2.0/../../../../riscv-none-embed/lib/rv32imacxw/ilp32\libnosys.a
END GROUP
                0x0000000000000800                __stack_size = 0x800
                [!provide]                        PROVIDE (_stack_size = __stack_size)

.init           0x0000000000001000       0x38
                0x0000000000001000                _sinit = .
                0x0000000000001000                . = ALIGN (0x4)
 *(SORT_NONE(.init))
 .init          0x0000000000001000       0x38 ./Startup/startup_ch32v20x_D6.o
                0x0000000000001000                _start
                0x0000000000001038                . = ALIGN (0x4)
                0x0000000000001038                _einit = .

.vector         0x0000000000001038      0x108
 *(.vector)
 .vector        0x0000000000001038       0xfc ./Startup/startup_ch32v20x_D6.o
                0x0000000000001140                . = ALIGN (0x40)
 *fill*         0x0000000000001134        0xc 

.stext          0x0000000000010000     0x18dc
                0x0000000000010000                . = ALIGN (0x4)
 *(.stext)
 .stext         0x0000000000010000        0xa ./User/CanOpenNode.o
                0x0000000000010000                vCanOpenInit
 .stext         0x000000000001000a      0x7b4 ./User/DataModel.o
                0x000000000001000a                DataModel_Init
 .stext         0x00000000000107be      0x1a0 ./User/dash_draw.o
                0x00000000000107be                xProcessTaskHandle
                0x00000000000107c8                vDashDrawInit
                0x0000000000010842                SetTest
                0x00000000000108a0                TestProcedure
 .stext         0x000000000001095e      0x15c ./User/init.o
                0x000000000001095e                vInit_DeviceConfig
 .stext         0x0000000000010aba       0xba ./User/inputs.o
                0x0000000000010aba                ADC1_Init
 .stext         0x0000000000010b74       0x4e ./User/led.o
                0x0000000000010b74                vLedDriverStart
 .stext         0x0000000000010bc2      0x238 ./User/process.o
                0x0000000000010bc2                vProceesInit
 .stext         0x0000000000010dfa      0x134 ./User/system_init.o
                0x0000000000010dfa                vSYStaskInit
                0x0000000000010f04                vSYSqueueInit
 .stext         0x0000000000010f2e       0x36 ./HAL_LIB/hw_lib_adc.o
                0x0000000000010f2e                vAINInit
 .stext         0x0000000000010f64       0x34 ./HAL_LIB/hw_lib_din.o
                0x0000000000010f64                eDinConfigWtihStruct
 .stext         0x0000000000010f98       0x50 ./HAL_LIB/hw_lib_eeprom_i2c.o
                0x0000000000010f98                vInitEEPROM_I2C
 .stext         0x0000000000010fe8      0x2c8 ./HAL_DRIVER/hal_can_ch32.o
                0x0000000000010fe8                HAL_CANInt
                0x00000000000110a6                HAL_CANIntIT
                0x000000000001118e                HAL_CANToInitMode
                0x00000000000111c2                HAL_CANToOperatingMode
                0x00000000000111ec                HAL_CANSetFiters
 .stext         0x00000000000112b0      0x13a ./HAL_DRIVER/hal_gpio_ch32.o
                0x00000000000112b0                HAL_InitGPIO
                0x000000000001136a                HAL_InitGpioOut
                0x0000000000011378                HAL_InitGpioAIN
                0x0000000000011386                HAL_InitGpioInPUP
                0x0000000000011396                HAL_InitGpioIn
                0x00000000000113a4                HAL_InitGpioAF
                0x00000000000113d6                HAL_InitGPO
 .stext         0x00000000000113ea       0x6c ./HAL_DRIVER/hal_irq.o
                0x00000000000113ea                HAL_InitAPB1
                0x0000000000011406                HAL_InitAPB2
                0x0000000000011422                PFIC_IRQ_ENABLE_PG1
 .stext         0x0000000000011456       0xdc ./HAL_DRIVER/hal_rtc_ch32.o
                0x0000000000011456                HAL_RTC_IT_Init
 .stext         0x0000000000011532       0x5c ./HAL_DRIVER/hal_spi_ch32.o
                0x0000000000011532                HAL_SPI_InitDMA
 .stext         0x000000000001158e       0x86 ./HAL_DRIVER/hal_wdt_ch32.o
                0x000000000001158e                HAL_WDT_Init
                0x00000000000115c2                HAL_WDTInit
                0x00000000000115ec                HAL_WDT_Init1s
 .stext         0x0000000000011614       0x6e ./DRIVER/hal_i2c_ch32.o
                0x0000000000011614                InitI2CIT
 .stext         0x0000000000011682      0x120 ./DRIVER/hal_timers_ch32.o
                0x0000000000011682                HAL_TIMER_InitIt
                0x00000000000116e6                HAL_TIMER_PWMTimersInit
 *fill*         0x00000000000117a2        0x2 
 .stext         0x00000000000117a4      0x138 ./CANopenNode/keypad/OD.o
                0x00000000000117a4                OD_ROM

.text           0x0000000000001200     0xe008
                0x0000000000001200                . = ALIGN (0x4)
 *(.text)
 .text          0x0000000000001200      0x2ee ./FreeRTOS/portable/GCC/RISC-V/portASM.o
                0x0000000000001200                SW_Handler
                0x0000000000001300                xPortStartFirstTask
                0x0000000000001400                pxPortInitialiseStack
 .text          0x00000000000014ee       0x60 c:/mounriver/mounriver_studio2/resources/app/resources/win32/components/wch/toolchain/risc-v embedded gcc/bin/../lib/gcc/riscv-none-embed/8.2.0/rv32imacxw/ilp32\libgcc.a(save-restore.o)
                0x00000000000014ee                __riscv_save_12
                0x00000000000014f6                __riscv_save_9
                0x00000000000014f6                __riscv_save_11
                0x00000000000014f6                __riscv_save_10
                0x00000000000014f6                __riscv_save_8
                0x0000000000001504                __riscv_save_4
                0x0000000000001504                __riscv_save_6
                0x0000000000001504                __riscv_save_5
                0x0000000000001504                __riscv_save_7
                0x000000000000151e                __riscv_save_3
                0x000000000000151e                __riscv_save_2
                0x000000000000151e                __riscv_save_1
                0x000000000000151e                __riscv_save_0
                0x000000000000152a                __riscv_restore_12
                0x000000000000152e                __riscv_restore_11
                0x000000000000152e                __riscv_restore_9
                0x000000000000152e                __riscv_restore_10
                0x000000000000152e                __riscv_restore_8
                0x0000000000001538                __riscv_restore_5
                0x0000000000001538                __riscv_restore_7
                0x0000000000001538                __riscv_restore_6
                0x0000000000001538                __riscv_restore_4
                0x0000000000001542                __riscv_restore_3
                0x0000000000001542                __riscv_restore_0
                0x0000000000001542                __riscv_restore_2
                0x0000000000001542                __riscv_restore_1
 .text          0x000000000000154e       0xa8 c:/mounriver/mounriver_studio2/resources/app/resources/win32/components/wch/toolchain/risc-v embedded gcc/bin/../lib/gcc/riscv-none-embed/8.2.0/../../../../riscv-none-embed/lib/rv32imacxw/ilp32\libg_nano.a(lib_a-memset.o)
                0x000000000000154e                memset
 *(.text.*)
 .text.xCanOpenProcessTaskHandle
                0x00000000000015f6        0xa ./User/CanOpenNode.o
                0x00000000000015f6                xCanOpenProcessTaskHandle
 .text.xCanOpenPeriodicTaskHandle
                0x0000000000001600        0xa ./User/CanOpenNode.o
                0x0000000000001600                xCanOpenPeriodicTaskHandle
 .text.vCanOpenProcess
                0x000000000000160a      0x18e ./User/CanOpenNode.o
                0x000000000000160a                vCanOpenProcess
 .text.vCanOpenPeriodicProcess
                0x0000000000001798       0x82 ./User/CanOpenNode.o
                0x0000000000001798                vCanOpenPeriodicProcess
 .text.xDataRegQueue
                0x000000000000181a        0xa ./User/DataModel.o
                0x000000000000181a                xDataRegQueue
 .text.DataModelGetSecCounter
                0x0000000000001824        0xa ./User/DataModel.o
                0x0000000000001824                DataModelGetSecCounter
 .text.WriteRegAfterDelay
                0x000000000000182e       0x68 ./User/DataModel.o
                0x000000000000182e                WriteRegAfterDelay
 .text.WriteReg
                0x0000000000001896       0x50 ./User/DataModel.o
                0x0000000000001896                WriteReg
 .text.vGetBitrate
                0x00000000000018e6        0xe ./User/DataModel.o
                0x00000000000018e6                vGetBitrate
 .text.vFDGetNMTState
                0x00000000000018f4        0x6 ./User/DataModel.o
                0x00000000000018f4                vFDGetNMTState
 .text.vGetNodeId
                0x00000000000018fa        0xe ./User/DataModel.o
                0x00000000000018fa                vGetNodeId
 .text.vSetBitrate
                0x0000000000001908       0x20 ./User/DataModel.o
                0x0000000000001908                vSetBitrate
 .text.vSetNodeID
                0x0000000000001928        0xe ./User/DataModel.o
                0x0000000000001928                vSetNodeID
 .text.vDataModelRegDelayWrite
                0x0000000000001936       0x60 ./User/DataModel.o
                0x0000000000001936                vDataModelRegDelayWrite
 .text.vIncrementSystemCounters
                0x0000000000001996       0x9c ./User/DataModel.o
                0x0000000000001996                vIncrementSystemCounters
 .text.vSaveData
                0x0000000000001a32       0x16 ./User/DataModel.o
                0x0000000000001a32                vSaveData
 .text.getOdometr
                0x0000000000001a48       0x14 ./User/DataModel.o
                0x0000000000001a48                getOdometr
 .text.getOdometr1
                0x0000000000001a5c       0x14 ./User/DataModel.o
                0x0000000000001a5c                getOdometr1
 .text.ResrtOdometr1
                0x0000000000001a70        0xe ./User/DataModel.o
                0x0000000000001a70                ResrtOdometr1
 .text.NMI_Handler
                0x0000000000001a7e        0x2 ./User/ch32v20x_it.o
                0x0000000000001a7e                NMI_Handler
 .text.HardFault_Handler
                0x0000000000001a80        0x2 ./User/ch32v20x_it.o
                0x0000000000001a80                HardFault_Handler
 .text.SegPrint
                0x0000000000001a82       0x58 ./User/dash_draw.o
 .text.vCheckKeySatate
                0x0000000000001ada       0x80 ./User/dash_draw.o
 .text.vSetErrorReg
                0x0000000000001b5a        0xa ./User/dash_draw.o
                0x0000000000001b5a                vSetErrorReg
 .text.getODValue
                0x0000000000001b64      0x1bc ./User/dash_draw.o
                0x0000000000001b64                getODValue
 .text.IncMenuIndex
                0x0000000000001d20       0x80 ./User/dash_draw.o
                0x0000000000001d20                IncMenuIndex
 .text.GoToHome
                0x0000000000001da0       0x12 ./User/dash_draw.o
                0x0000000000001da0                GoToHome
 .text.SetCurMenuHome
                0x0000000000001db2       0x36 ./User/dash_draw.o
                0x0000000000001db2                SetCurMenuHome
 .text.GetCurMenuHome
                0x0000000000001de8        0x6 ./User/dash_draw.o
                0x0000000000001de8                GetCurMenuHome
 .text.SetCurrentMenu
                0x0000000000001dee       0x12 ./User/dash_draw.o
                0x0000000000001dee                SetCurrentMenu
 .text.SetDefault
                0x0000000000001e00       0x2a ./User/dash_draw.o
                0x0000000000001e00                SetDefault
 .text.MenuBackHomeCheck
                0x0000000000001e2a       0x38 ./User/dash_draw.o
                0x0000000000001e2a                MenuBackHomeCheck
 .text.CheckMenuChannel
                0x0000000000001e62       0x20 ./User/dash_draw.o
                0x0000000000001e62                CheckMenuChannel
 .text.vMenuBlink
                0x0000000000001e82       0x4a ./User/dash_draw.o
                0x0000000000001e82                vMenuBlink
 .text.SetErrorRegiter
                0x0000000000001ecc       0x5e ./User/dash_draw.o
                0x0000000000001ecc                SetErrorRegiter
 .text.uGetCurrMenu
                0x0000000000001f2a       0x26 ./User/dash_draw.o
                0x0000000000001f2a                uGetCurrMenu
 .text.vGetEdgeData
                0x0000000000001f50       0x2a ./User/dash_draw.o
                0x0000000000001f50                vGetEdgeData
 .text.CheckLedState
                0x0000000000001f7a       0xce ./User/dash_draw.o
 .text.vRGBMode
                0x0000000000002048       0xa4 ./User/dash_draw.o
                0x0000000000002048                vRGBMode
 .text.vBarColorMode
                0x00000000000020ec       0xc2 ./User/dash_draw.o
                0x00000000000020ec                vBarColorMode
 .text.vBarMode
                0x00000000000021ae       0x36 ./User/dash_draw.o
                0x00000000000021ae                vBarMode
 .text.vRedrawTask
                0x00000000000021e4      0x4c0 ./User/dash_draw.o
                0x00000000000021e4                vRedrawTask
 .text.HardwareDeinit
                0x00000000000026a4       0x2a ./User/init.o
                0x00000000000026a4                HardwareDeinit
 .text.SoftwareReset
                0x00000000000026ce       0x14 ./User/init.o
                0x00000000000026ce                SoftwareReset
 .text.ADC1_Event
                0x00000000000026e2       0x44 ./User/inputs.o
                0x00000000000026e2                ADC1_Event
 .text.CaptureDMACallBack
                0x0000000000002726       0x22 ./User/inputs.o
                0x0000000000002726                CaptureDMACallBack
 .text.CaptureDMACallBack_1
                0x0000000000002748       0x22 ./User/inputs.o
                0x0000000000002748                CaptureDMACallBack_1
 .text.fDinStateCallback
                0x000000000000276a       0x32 ./User/inputs.o
                0x000000000000276a                fDinStateCallback
 .text.getInputsTaskHandle
                0x000000000000279c        0xa ./User/inputs.o
                0x000000000000279c                getInputsTaskHandle
 .text.ADC_FSM  0x00000000000027a6      0x200 ./User/inputs.o
                0x00000000000027a6                ADC_FSM
 .text.GetAIN   0x00000000000029a6        0xc ./User/inputs.o
                0x00000000000029a6                GetAIN
 .text.InputsGetTest
                0x00000000000029b2       0x44 ./User/inputs.o
                0x00000000000029b2                InputsGetTest
 .text.vInputsTask
                0x00000000000029f6      0x1d8 ./User/inputs.o
                0x00000000000029f6                vInputsTask
 .text.SPI1_DMA_Callback
                0x0000000000002bce       0x2e ./User/led.o
                0x0000000000002bce                SPI1_DMA_Callback
 .text.SPI2_DMA_Callback
                0x0000000000002bfc       0x2e ./User/led.o
                0x0000000000002bfc                SPI2_DMA_Callback
 .text.SetBarState
                0x0000000000002c2a       0x50 ./User/led.o
                0x0000000000002c2a                SetBarState
 .text.SetRGB   0x0000000000002c7a       0x4e ./User/led.o
                0x0000000000002c7a                SetRGB
 .text.SetSegDirect
                0x0000000000002cc8       0x9c ./User/led.o
                0x0000000000002cc8                SetSegDirect
 .text.SetSegPoint
                0x0000000000002d64       0x22 ./User/led.o
                0x0000000000002d64                SetSegPoint
 .text.SetSEG   0x0000000000002d86      0x11a ./User/led.o
                0x0000000000002d86                SetSEG
 .text.SetBigSeg
                0x0000000000002ea0       0x14 ./User/led.o
                0x0000000000002ea0                SetBigSeg
 .text.vSetBrigth
                0x0000000000002eb4       0x28 ./User/led.o
                0x0000000000002eb4                vSetBrigth
 .text.vLedProcess
                0x0000000000002edc       0x1e ./User/led.o
                0x0000000000002edc                vLedProcess
 .text.vRGBProcess
                0x0000000000002efa       0xe2 ./User/led.o
                0x0000000000002efa                vRGBProcess
 .text.startup.main
                0x0000000000002fdc       0x32 ./User/main.o
                0x0000000000002fdc                main
 .text.vRestartNode
                0x000000000000300e        0x2 ./User/main.o
                0x000000000000300e                vRestartNode
 .text.Error_Handler
                0x0000000000003010       0x18 ./User/main.o
                0x0000000000003010                Error_Handler
 .text.OD_writeRGBMAP
                0x0000000000003028       0x30 ./User/process.o
 .text.OD_writeKEY
                0x0000000000003058       0x34 ./User/process.o
 .text.OD_writeHister
                0x000000000000308c       0x26 ./User/process.o
 .text.OD_readRGBMAP
                0x00000000000030b2       0x22 ./User/process.o
 .text.OD_readHister
                0x00000000000030d4       0x22 ./User/process.o
 .text.OD_readDIN
                0x00000000000030f6       0x1c ./User/process.o
 .text.OD_writeMenuSetup
                0x0000000000003112       0x46 ./User/process.o
 .text.OD_writeBoardSettings
                0x0000000000003158       0xb8 ./User/process.o
 .text.CO_getUint16
                0x0000000000003210       0x10 ./User/process.o
 .text.OD_writeSEG
                0x0000000000003220       0x44 ./User/process.o
 .text.OD_writeBAR
                0x0000000000003264       0x2e ./User/process.o
 .text.OD_writeRPMConfig
                0x0000000000003292       0x36 ./User/process.o
 .text.CO_getUint32
                0x00000000000032c8       0x18 ./User/process.o
 .text.OD_writeMenuMap
                0x00000000000032e0       0x2e ./User/process.o
 .text.OD_writeV1_14
                0x000000000000330e       0x56 ./User/process.o
 .text.OD_writeDashParam
                0x0000000000003364       0x70 ./User/process.o
 .text.WriteRGB.isra.2
                0x00000000000033d4       0x3a ./User/process.o
 .text.OD_writeRGB1
                0x000000000000340e       0x14 ./User/process.o
 .text.OD_writeRGB2
                0x0000000000003422       0x16 ./User/process.o
 .text.OD_writeRGB3
                0x0000000000003438       0x16 ./User/process.o
 .text.OD_writeRGB4
                0x000000000000344e       0x16 ./User/process.o
 .text.OD_writeRGB5
                0x0000000000003464       0x16 ./User/process.o
 .text.OD_writeRGB6
                0x000000000000347a       0x16 ./User/process.o
 .text.OD_writeRGB7
                0x0000000000003490       0x16 ./User/process.o
 .text.OD_writeRGB8
                0x00000000000034a6       0x16 ./User/process.o
 .text.OD_writeRGB9
                0x00000000000034bc       0x16 ./User/process.o
 .text.OD_writeRGB10
                0x00000000000034d2       0x16 ./User/process.o
 .text.OD_writeRGB11
                0x00000000000034e8       0x16 ./User/process.o
 .text.OD_writeRGB12
                0x00000000000034fe       0x16 ./User/process.o
 .text.OD_writeRGB13
                0x0000000000003514       0x16 ./User/process.o
 .text.OD_writeRGB14
                0x000000000000352a       0x16 ./User/process.o
 .text.OD_writeICHC
                0x0000000000003540       0x4c ./User/process.o
 .text.OD_readKEY
                0x000000000000358c       0x24 ./User/process.o
 .text.OD_readMenuSetup
                0x00000000000035b0       0x30 ./User/process.o
 .text.OD_readBoardSettings
                0x00000000000035e0       0x58 ./User/process.o
 .text.writeADC.isra.12
                0x0000000000003638       0xb6 ./User/process.o
 .text.OD_writeADC1
                0x00000000000036ee       0x10 ./User/process.o
 .text.OD_writeADC2
                0x00000000000036fe       0x10 ./User/process.o
 .text.OD_writeADC3
                0x000000000000370e       0x10 ./User/process.o
 .text.OD_readRGB.isra.8
                0x000000000000371e       0x22 ./User/process.o
 .text.OD_readRGB1
                0x0000000000003740       0x14 ./User/process.o
 .text.OD_readRGB2
                0x0000000000003754       0x16 ./User/process.o
 .text.OD_readRGB3
                0x000000000000376a       0x16 ./User/process.o
 .text.OD_readRGB4
                0x0000000000003780       0x16 ./User/process.o
 .text.OD_readRGB5
                0x0000000000003796       0x16 ./User/process.o
 .text.OD_readRGB6
                0x00000000000037ac       0x16 ./User/process.o
 .text.OD_readRGB7
                0x00000000000037c2       0x16 ./User/process.o
 .text.OD_readRGB8
                0x00000000000037d8       0x16 ./User/process.o
 .text.OD_readRGB9
                0x00000000000037ee       0x16 ./User/process.o
 .text.OD_readRGB10
                0x0000000000003804       0x16 ./User/process.o
 .text.OD_readRGB11
                0x000000000000381a       0x16 ./User/process.o
 .text.OD_readRGB12
                0x0000000000003830       0x16 ./User/process.o
 .text.OD_readRGB13
                0x0000000000003846       0x16 ./User/process.o
 .text.OD_readRGB14
                0x000000000000385c       0x16 ./User/process.o
 .text.OD_readSEG
                0x0000000000003872       0x34 ./User/process.o
 .text.OD_readDashParam
                0x00000000000038a6       0x5a ./User/process.o
 .text.OD_readICHC
                0x0000000000003900       0x4e ./User/process.o
 .text.OD_readRPMConfig
                0x000000000000394e       0x2a ./User/process.o
 .text.OD_readAIN_RPM
                0x0000000000003978       0x26 ./User/process.o
 .text.OD_readMenuMap
                0x000000000000399e       0x2c ./User/process.o
 .text.OD_readBar
                0x00000000000039ca       0x28 ./User/process.o
 .text.readADC.isra.4
                0x00000000000039f2       0x5a ./User/process.o
 .text.OD_readADC1
                0x0000000000003a4c       0x10 ./User/process.o
 .text.OD_readADC2
                0x0000000000003a5c       0x10 ./User/process.o
 .text.OD_readADC3
                0x0000000000003a6c       0x10 ./User/process.o
 .text.SystemInit
                0x0000000000003a7c       0xea ./User/system_ch32v20x.o
                0x0000000000003a7c                SystemInit
 .text.SystemCoreClockUpdate
                0x0000000000003b66       0x8e ./User/system_ch32v20x.o
                0x0000000000003b66                SystemCoreClockUpdate
 .text.StartDefaultTask
                0x0000000000003bf4      0x11a ./User/system_init.o
 .text.vApplicationGetIdleTaskMemory
                0x0000000000003d0e       0x1c ./User/system_init.o
                0x0000000000003d0e                vApplicationGetIdleTaskMemory
 .text.vSystemStop
                0x0000000000003d2a       0x26 ./User/system_init.o
                0x0000000000003d2a                vSystemStop
 .text.vector_handler
                0x0000000000003d50       0x6c ./Startup/startup_ch32v20x_D6.o
                0x0000000000003d54                Ecall_M_Mode_Handler
                0x0000000000003d56                Ecall_U_Mode_Handler
                0x0000000000003d58                Break_Point_Handler
                0x0000000000003d5e                WWDG_IRQHandler
                0x0000000000003d60                PVD_IRQHandler
                0x0000000000003d62                TAMPER_IRQHandler
                0x0000000000003d66                FLASH_IRQHandler
                0x0000000000003d68                RCC_IRQHandler
                0x0000000000003d6a                EXTI0_IRQHandler
                0x0000000000003d6c                EXTI1_IRQHandler
                0x0000000000003d6e                EXTI2_IRQHandler
                0x0000000000003d70                EXTI3_IRQHandler
                0x0000000000003d72                EXTI4_IRQHandler
                0x0000000000003d76                DMA1_Channel2_IRQHandler
                0x0000000000003d7e                DMA1_Channel6_IRQHandler
                0x0000000000003d8c                EXTI9_5_IRQHandler
                0x0000000000003d8e                TIM1_BRK_IRQHandler
                0x0000000000003d90                TIM1_UP_IRQHandler
                0x0000000000003d92                TIM1_TRG_COM_IRQHandler
                0x0000000000003d94                TIM1_CC_IRQHandler
                0x0000000000003d96                TIM2_IRQHandler
                0x0000000000003d98                TIM3_IRQHandler
                0x0000000000003da0                I2C2_EV_IRQHandler
                0x0000000000003da2                I2C2_ER_IRQHandler
                0x0000000000003da4                SPI1_IRQHandler
                0x0000000000003da6                SPI2_IRQHandler
                0x0000000000003da8                USART1_IRQHandler
                0x0000000000003daa                USART2_IRQHandler
                0x0000000000003dac                USART3_IRQHandler
                0x0000000000003dae                EXTI15_10_IRQHandler
                0x0000000000003db0                RTCAlarm_IRQHandler
                0x0000000000003db2                USBWakeUp_IRQHandler
                0x0000000000003db4                USBHD_IRQHandler
                0x0000000000003db6                USBHDWakeUp_IRQHandler
                0x0000000000003db8                UART4_IRQHandler
                0x0000000000003dba                DMA1_Channel8_IRQHandler
 .text.handle_reset
                0x0000000000003dbc       0x92 ./Startup/startup_ch32v20x_D6.o
                0x0000000000003dbc                handle_reset
 .text.ADC_Cmd  0x0000000000003e4e       0x10 ./Peripheral/src/ch32v20x_adc.o
                0x0000000000003e4e                ADC_Cmd
 .text.ADC_GetResetCalibrationStatus
                0x0000000000003e5e        0x8 ./Peripheral/src/ch32v20x_adc.o
                0x0000000000003e5e                ADC_GetResetCalibrationStatus
 .text.ADC_GetCalibrationStatus
                0x0000000000003e66        0x8 ./Peripheral/src/ch32v20x_adc.o
                0x0000000000003e66                ADC_GetCalibrationStatus
 .text.ADC_GetITStatus
                0x0000000000003e6e       0x1c ./Peripheral/src/ch32v20x_adc.o
                0x0000000000003e6e                ADC_GetITStatus
 .text.ADC_ClearITPendingBit
                0x0000000000003e8a        0xa ./Peripheral/src/ch32v20x_adc.o
                0x0000000000003e8a                ADC_ClearITPendingBit
 .text.Get_CalibrationValue
                0x0000000000003e94      0x1fe ./Peripheral/src/ch32v20x_adc.o
                0x0000000000003e94                Get_CalibrationValue
 .text.DMA_GetFlagStatus
                0x0000000000004092        0xe ./Peripheral/src/ch32v20x_dma.o
                0x0000000000004092                DMA_GetFlagStatus
 .text.DMA_GetITStatus
                0x00000000000040a0        0xc ./Peripheral/src/ch32v20x_dma.o
                0x00000000000040a0                DMA_GetITStatus
 .text.DMA_ClearITPendingBit
                0x00000000000040ac        0x8 ./Peripheral/src/ch32v20x_dma.o
                0x00000000000040ac                DMA_ClearITPendingBit
 .text.FLASH_GetBank1Status
                0x00000000000040b4       0x18 ./Peripheral/src/ch32v20x_flash.o
                0x00000000000040b4                FLASH_GetBank1Status
 .text.FLASH_WaitForLastOperation
                0x00000000000040cc       0x24 ./Peripheral/src/ch32v20x_flash.o
                0x00000000000040cc                FLASH_WaitForLastOperation
 .text.GPIO_Init
                0x00000000000040f0       0xfa ./Peripheral/src/ch32v20x_gpio.o
                0x00000000000040f0                GPIO_Init
 .text.GPIO_PinRemapConfig
                0x00000000000041ea       0xf2 ./Peripheral/src/ch32v20x_gpio.o
                0x00000000000041ea                GPIO_PinRemapConfig
 .text.I2C_DualAddressCmd
                0x00000000000042dc       0x18 ./Peripheral/src/ch32v20x_i2c.o
                0x00000000000042dc                I2C_DualAddressCmd
 .text.I2C_ClearFlag
                0x00000000000042f4        0xc ./Peripheral/src/ch32v20x_i2c.o
                0x00000000000042f4                I2C_ClearFlag
 .text.RCC_LSEConfig
                0x0000000000004300       0x28 ./Peripheral/src/ch32v20x_rcc.o
                0x0000000000004300                RCC_LSEConfig
 .text.RCC_GetClocksFreq
                0x0000000000004328       0xbe ./Peripheral/src/ch32v20x_rcc.o
                0x0000000000004328                RCC_GetClocksFreq
 .text.RCC_APB2PeriphClockCmd
                0x00000000000043e6       0x1e ./Peripheral/src/ch32v20x_rcc.o
                0x00000000000043e6                RCC_APB2PeriphClockCmd
 .text.RCC_GetFlagStatus
                0x0000000000004404       0x2e ./Peripheral/src/ch32v20x_rcc.o
                0x0000000000004404                RCC_GetFlagStatus
 .text.RTC_EnterConfigMode
                0x0000000000004432       0x12 ./Peripheral/src/ch32v20x_rtc.o
                0x0000000000004432                RTC_EnterConfigMode
 .text.RTC_ExitConfigMode
                0x0000000000004444       0x18 ./Peripheral/src/ch32v20x_rtc.o
                0x0000000000004444                RTC_ExitConfigMode
 .text.RTC_GetCounter
                0x000000000000445c       0x36 ./Peripheral/src/ch32v20x_rtc.o
                0x000000000000445c                RTC_GetCounter
 .text.RTC_SetCounter
                0x0000000000004492       0x2c ./Peripheral/src/ch32v20x_rtc.o
                0x0000000000004492                RTC_SetCounter
 .text.RTC_SetPrescaler
                0x00000000000044be       0x2e ./Peripheral/src/ch32v20x_rtc.o
                0x00000000000044be                RTC_SetPrescaler
 .text.RTC_WaitForLastTask
                0x00000000000044ec       0x10 ./Peripheral/src/ch32v20x_rtc.o
                0x00000000000044ec                RTC_WaitForLastTask
 .text.RTC_WaitForSynchro
                0x00000000000044fc       0x24 ./Peripheral/src/ch32v20x_rtc.o
                0x00000000000044fc                RTC_WaitForSynchro
 .text.TIM_OC1Init
                0x0000000000004520       0x6a ./Peripheral/src/ch32v20x_tim.o
                0x0000000000004520                TIM_OC1Init
 .text.TIM_OC2Init
                0x000000000000458a       0x96 ./Peripheral/src/ch32v20x_tim.o
                0x000000000000458a                TIM_OC2Init
 .text.TIM_OC3Init
                0x0000000000004620       0x94 ./Peripheral/src/ch32v20x_tim.o
                0x0000000000004620                TIM_OC3Init
 .text.TIM_OC4Init
                0x00000000000046b4       0x6c ./Peripheral/src/ch32v20x_tim.o
                0x00000000000046b4                TIM_OC4Init
 .text.TIM_OC1PreloadConfig
                0x0000000000004720        0xe ./Peripheral/src/ch32v20x_tim.o
                0x0000000000004720                TIM_OC1PreloadConfig
 .text.TIM_OC2PreloadConfig
                0x000000000000472e       0x16 ./Peripheral/src/ch32v20x_tim.o
                0x000000000000472e                TIM_OC2PreloadConfig
 .text.TIM_OC3PreloadConfig
                0x0000000000004744        0xe ./Peripheral/src/ch32v20x_tim.o
                0x0000000000004744                TIM_OC3PreloadConfig
 .text.TIM_OC4PreloadConfig
                0x0000000000004752       0x16 ./Peripheral/src/ch32v20x_tim.o
                0x0000000000004752                TIM_OC4PreloadConfig
 .text.TIM_GetITStatus
                0x0000000000004768       0x18 ./Peripheral/src/ch32v20x_tim.o
                0x0000000000004768                TIM_GetITStatus
 .text.USART_Init
                0x0000000000004780       0xbc ./Peripheral/src/ch32v20x_usart.o
                0x0000000000004780                USART_Init
 .text.USART_Cmd
                0x000000000000483c       0x16 ./Peripheral/src/ch32v20x_usart.o
                0x000000000000483c                USART_Cmd
 .text.USART_SendData
                0x0000000000004852        0x8 ./Peripheral/src/ch32v20x_usart.o
                0x0000000000004852                USART_SendData
 .text.USART_GetFlagStatus
                0x000000000000485a        0xa ./Peripheral/src/ch32v20x_usart.o
                0x000000000000485a                USART_GetFlagStatus
 .text.vRCFilterConfig
                0x0000000000004864       0x2e ./HAL_LIB/filters.o
                0x0000000000004864                vRCFilterConfig
 .text.AddBufferData
                0x0000000000004892       0x20 ./HAL_LIB/filters.o
                0x0000000000004892                AddBufferData
 .text.GetConversional
                0x00000000000048b2       0x4a ./HAL_LIB/filters.o
                0x00000000000048b2                GetConversional
 .text.GetDataRegister
                0x00000000000048fc        0xa ./HAL_LIB/hw_data_model.o
                0x00000000000048fc                GetDataRegister
 .text.GetRegisterAddr
                0x0000000000004906        0xc ./HAL_LIB/hw_data_model.o
                0x0000000000004906                GetRegisterAddr
 .text.ClearDataModel
                0x0000000000004912       0x1a ./HAL_LIB/hw_data_model.o
                0x0000000000004912                ClearDataModel
 .text.setReg32
                0x000000000000492c       0x1e ./HAL_LIB/hw_data_model.o
                0x000000000000492c                setReg32
 .text.setReg16
                0x000000000000494a       0x12 ./HAL_LIB/hw_data_model.o
                0x000000000000494a                setReg16
 .text.setReg8  0x000000000000495c        0xe ./HAL_LIB/hw_data_model.o
                0x000000000000495c                setReg8
 .text.getReg16
                0x000000000000496a       0x14 ./HAL_LIB/hw_data_model.o
                0x000000000000496a                getReg16
 .text.getReg32
                0x000000000000497e       0x20 ./HAL_LIB/hw_data_model.o
                0x000000000000497e                getReg32
 .text.getReg8  0x000000000000499e        0xe ./HAL_LIB/hw_data_model.o
                0x000000000000499e                getReg8
 .text.fGetAinCalData
                0x00000000000049ac       0x7a ./HAL_LIB/hw_lib_adc.o
                0x00000000000049ac                fGetAinCalData
 .text.eAinCalDataConfig
                0x0000000000004a26       0x50 ./HAL_LIB/hw_lib_adc.o
                0x0000000000004a26                eAinCalDataConfig
 .text.vABLineKoofFinde
                0x0000000000004a76       0x6a ./HAL_LIB/hw_lib_adc.o
                0x0000000000004a76                vABLineKoofFinde
 .text.eSetAinCalPoint
                0x0000000000004ae0       0x64 ./HAL_LIB/hw_lib_adc.o
                0x0000000000004ae0                eSetAinCalPoint
 .text.getADC1Buffer
                0x0000000000004b44        0xa ./HAL_LIB/hw_lib_adc.o
                0x0000000000004b44                getADC1Buffer
 .text.uGetDIN  0x0000000000004b4e       0x14 ./HAL_LIB/hw_lib_din.o
                0x0000000000004b4e                uGetDIN
 .text.eRPMConfig
                0x0000000000004b62       0x5a ./HAL_LIB/hw_lib_din.o
                0x0000000000004b62                eRPMConfig
 .text.RMPDataConvert
                0x0000000000004bbc       0x4e ./HAL_LIB/hw_lib_din.o
                0x0000000000004bbc                RMPDataConvert
 .text.GetRPM   0x0000000000004c0a       0x7a ./HAL_LIB/hw_lib_din.o
                0x0000000000004c0a                GetRPM
 .text.vDinDoutProcess
                0x0000000000004c84       0x88 ./HAL_LIB/hw_lib_din.o
                0x0000000000004c84                vDinDoutProcess
 .text.getCaputreBuffer
                0x0000000000004d0c       0x16 ./HAL_LIB/hw_lib_din.o
                0x0000000000004d0c                getCaputreBuffer
 .text.I2C_FSM  0x0000000000004d22      0x198 ./HAL_LIB/hw_lib_eeprom_i2c.o
                0x0000000000004d22                I2C_FSM
 .text.eEEPROMWrFast
                0x0000000000004eba      0x102 ./HAL_LIB/hw_lib_eeprom_i2c.o
                0x0000000000004eba                eEEPROMWrFast
 .text.eEEPROMWr
                0x0000000000004fbc       0xe0 ./HAL_LIB/hw_lib_eeprom_i2c.o
                0x0000000000004fbc                eEEPROMWr
 .text.eEEPROMRd
                0x000000000000509c       0x8a ./HAL_LIB/hw_lib_eeprom_i2c.o
                0x000000000000509c                eEEPROMRd
 .text.vHW_INIT_TIMEOUT
                0x0000000000005126       0x1c ./HAL_LIB/hw_timeout.o
                0x0000000000005126                vHW_INIT_TIMEOUT
 .text.vHW_PROCESS_TIMEOUT
                0x0000000000005142       0x26 ./HAL_LIB/hw_timeout.o
                0x0000000000005142                vHW_PROCESS_TIMEOUT
 .text.HAL_CANSetTXCallback
                0x0000000000005168        0xa ./HAL_DRIVER/hal_can_ch32.o
                0x0000000000005168                HAL_CANSetTXCallback
 .text.HAL_CANSetRXCallback
                0x0000000000005172        0xa ./HAL_DRIVER/hal_can_ch32.o
                0x0000000000005172                HAL_CANSetRXCallback
 .text.HAL_CANSetERRCallback
                0x000000000000517c        0xa ./HAL_DRIVER/hal_can_ch32.o
                0x000000000000517c                HAL_CANSetERRCallback
 .text.HAL_CANSend
                0x0000000000005186       0xc4 ./HAL_DRIVER/hal_can_ch32.o
                0x0000000000005186                HAL_CANSend
 .text.HAL_CANGetRXMessage
                0x000000000000524a       0xb0 ./HAL_DRIVER/hal_can_ch32.o
                0x000000000000524a                HAL_CANGetRXMessage
 .text.USB_HP_CAN1_TX_IRQHandler
                0x00000000000052fa       0x60 ./HAL_DRIVER/hal_can_ch32.o
                0x00000000000052fa                USB_HP_CAN1_TX_IRQHandler
 .text.USB_LP_CAN1_RX0_IRQHandler
                0x000000000000535a       0x5e ./HAL_DRIVER/hal_can_ch32.o
                0x000000000000535a                USB_LP_CAN1_RX0_IRQHandler
 .text.CAN1_RX1_IRQHandler
                0x00000000000053b8       0x5e ./HAL_DRIVER/hal_can_ch32.o
                0x00000000000053b8                CAN1_RX1_IRQHandler
 .text.CAN1_SCE_IRQHandler
                0x0000000000005416       0x5c ./HAL_DRIVER/hal_can_ch32.o
                0x0000000000005416                CAN1_SCE_IRQHandler
 .text.ProgramOptionByteData
                0x0000000000005472      0x120 ./HAL_DRIVER/hal_flash_ch32.o
                0x0000000000005472                ProgramOptionByteData
 .text.HAL_GetBit
                0x0000000000005592        0xa ./HAL_DRIVER/hal_gpio_ch32.o
                0x0000000000005592                HAL_GetBit
 .text.HAL_SetBit
                0x000000000000559c        0x4 ./HAL_DRIVER/hal_gpio_ch32.o
                0x000000000000559c                HAL_SetBit
 .text.HAL_ResetBit
                0x00000000000055a0        0x4 ./HAL_DRIVER/hal_gpio_ch32.o
                0x00000000000055a0                HAL_ResetBit
 .text.RTC_IRQHandler
                0x00000000000055a4       0x78 ./HAL_DRIVER/hal_rtc_ch32.o
                0x00000000000055a4                RTC_IRQHandler
 .text.HAL_SPI_RXOveleyClear
                0x000000000000561c       0x1e ./HAL_DRIVER/hal_spi_ch32.o
                0x000000000000561c                HAL_SPI_RXOveleyClear
 .text.HAL_SPI_GetBusy
                0x000000000000563a       0x10 ./HAL_DRIVER/hal_spi_ch32.o
                0x000000000000563a                HAL_SPI_GetBusy
 .text.HAL_WDTReset
                0x000000000000564a        0xe ./HAL_DRIVER/hal_wdt_ch32.o
                0x000000000000564a                HAL_WDTReset
 .text.prvInsertBlockIntoFreeList
                0x0000000000005658       0x4c ./FreeRTOS/portable/MemMang/heap_4.o
 .text.pvPortMalloc
                0x00000000000056a4      0x18a ./FreeRTOS/portable/MemMang/heap_4.o
                0x00000000000056a4                pvPortMalloc
 .text.vPortSetupTimerInterrupt
                0x000000000000582e       0x3e ./FreeRTOS/portable/GCC/RISC-V/port.o
                0x000000000000582e                vPortSetupTimerInterrupt
 .text.xPortStartScheduler
                0x000000000000586c       0x90 ./FreeRTOS/portable/GCC/RISC-V/port.o
                0x000000000000586c                xPortStartScheduler
 .text.SysTick_Handler
                0x00000000000058fc       0x7c ./FreeRTOS/portable/GCC/RISC-V/port.o
                0x00000000000058fc                SysTick_Handler
 .text.vPortEnterCritical
                0x0000000000005978       0x16 ./FreeRTOS/portable/GCC/RISC-V/port.o
                0x0000000000005978                vPortEnterCritical
 .text.vPortExitCritical
                0x000000000000598e       0x42 ./FreeRTOS/portable/GCC/RISC-V/port.o
                0x000000000000598e                vPortExitCritical
 .text.xPortSetInterruptMask
                0x00000000000059d0        0xc ./FreeRTOS/portable/GCC/RISC-V/port.o
                0x00000000000059d0                xPortSetInterruptMask
 .text.vPortClearInterruptMask
                0x00000000000059dc        0x6 ./FreeRTOS/portable/GCC/RISC-V/port.o
                0x00000000000059dc                vPortClearInterruptMask
 .text.vListInitialise
                0x00000000000059e2       0x14 ./FreeRTOS/list.o
                0x00000000000059e2                vListInitialise
 .text.vListInitialiseItem
                0x00000000000059f6        0x6 ./FreeRTOS/list.o
                0x00000000000059f6                vListInitialiseItem
 .text.vListInsertEnd
                0x00000000000059fc       0x18 ./FreeRTOS/list.o
                0x00000000000059fc                vListInsertEnd
 .text.vListInsert
                0x0000000000005a14       0x2e ./FreeRTOS/list.o
                0x0000000000005a14                vListInsert
 .text.uxListRemove
                0x0000000000005a42       0x20 ./FreeRTOS/list.o
                0x0000000000005a42                uxListRemove
 .text.prvIsQueueEmpty
                0x0000000000005a62       0x1e ./FreeRTOS/queue.o
 .text.prvCopyDataToQueue
                0x0000000000005a80       0x72 ./FreeRTOS/queue.o
 .text.prvCopyDataFromQueue
                0x0000000000005af2       0x28 ./FreeRTOS/queue.o
 .text.prvUnlockQueue
                0x0000000000005b1a       0x76 ./FreeRTOS/queue.o
 .text.xQueueGenericReset
                0x0000000000005b90       0xc4 ./FreeRTOS/queue.o
                0x0000000000005b90                xQueueGenericReset
 .text.xQueueGenericCreateStatic
                0x0000000000005c54       0xae ./FreeRTOS/queue.o
                0x0000000000005c54                xQueueGenericCreateStatic
 .text.xQueueGenericCreate
                0x0000000000005d02       0x72 ./FreeRTOS/queue.o
                0x0000000000005d02                xQueueGenericCreate
 .text.xQueueGenericSend
                0x0000000000005d74      0x178 ./FreeRTOS/queue.o
                0x0000000000005d74                xQueueGenericSend
 .text.xQueueGiveMutexRecursive
                0x0000000000005eec       0x56 ./FreeRTOS/queue.o
                0x0000000000005eec                xQueueGiveMutexRecursive
 .text.xQueueCreateMutex
                0x0000000000005f42       0x2e ./FreeRTOS/queue.o
                0x0000000000005f42                xQueueCreateMutex
 .text.xQueueReceive
                0x0000000000005f70      0x138 ./FreeRTOS/queue.o
                0x0000000000005f70                xQueueReceive
 .text.xQueueSemaphoreTake
                0x00000000000060a8      0x18e ./FreeRTOS/queue.o
                0x00000000000060a8                xQueueSemaphoreTake
 .text.xQueueTakeMutexRecursive
                0x0000000000006236       0x5a ./FreeRTOS/queue.o
                0x0000000000006236                xQueueTakeMutexRecursive
 .text.uxQueueMessagesWaiting
                0x0000000000006290       0x44 ./FreeRTOS/queue.o
                0x0000000000006290                uxQueueMessagesWaiting
 .text.prvIdleTask
                0x00000000000062d4        0x2 ./FreeRTOS/tasks.o
 .text.prvAddNewTaskToReadyList
                0x00000000000062d6      0x10e ./FreeRTOS/tasks.o
 .text.prvResetNextTaskUnblockTime
                0x00000000000063e4       0x24 ./FreeRTOS/tasks.o
 .text.prvTaskIsTaskSuspended
                0x0000000000006408       0x50 ./FreeRTOS/tasks.o
 .text.prvInitialiseNewTask.isra.2
                0x0000000000006458       0xc8 ./FreeRTOS/tasks.o
 .text.prvAddCurrentTaskToDelayedList
                0x0000000000006520       0xa8 ./FreeRTOS/tasks.o
 .text.xTaskCreateStatic
                0x00000000000065c8       0xa6 ./FreeRTOS/tasks.o
                0x00000000000065c8                xTaskCreateStatic
 .text.vTaskResume
                0x000000000000666e       0xaa ./FreeRTOS/tasks.o
                0x000000000000666e                vTaskResume
 .text.vTaskStartScheduler
                0x0000000000006718       0x60 ./FreeRTOS/tasks.o
                0x0000000000006718                vTaskStartScheduler
 .text.vTaskSuspendAll
                0x0000000000006778       0x10 ./FreeRTOS/tasks.o
                0x0000000000006778                vTaskSuspendAll
 .text.xTaskGetTickCount
                0x0000000000006788        0x6 ./FreeRTOS/tasks.o
                0x0000000000006788                xTaskGetTickCount
 .text.xTaskIncrementTick
                0x000000000000678e      0x19c ./FreeRTOS/tasks.o
                0x000000000000678e                xTaskIncrementTick
 .text.xTaskResumeAll
                0x000000000000692a      0x158 ./FreeRTOS/tasks.o
                0x000000000000692a                xTaskResumeAll
 .text.vTaskDelay
                0x0000000000006a82       0x66 ./FreeRTOS/tasks.o
                0x0000000000006a82                vTaskDelay
 .text.vTaskSwitchContext
                0x0000000000006ae8       0x96 ./FreeRTOS/tasks.o
                0x0000000000006ae8                vTaskSwitchContext
 .text.vTaskSuspend
                0x0000000000006b7e       0xea ./FreeRTOS/tasks.o
                0x0000000000006b7e                vTaskSuspend
 .text.vTaskPlaceOnEventList
                0x0000000000006c68       0x48 ./FreeRTOS/tasks.o
                0x0000000000006c68                vTaskPlaceOnEventList
 .text.xTaskRemoveFromEventList
                0x0000000000006cb0       0xe8 ./FreeRTOS/tasks.o
                0x0000000000006cb0                xTaskRemoveFromEventList
 .text.vTaskInternalSetTimeOutState
                0x0000000000006d98        0xe ./FreeRTOS/tasks.o
                0x0000000000006d98                vTaskInternalSetTimeOutState
 .text.xTaskCheckForTimeOut
                0x0000000000006da6       0xaa ./FreeRTOS/tasks.o
                0x0000000000006da6                xTaskCheckForTimeOut
 .text.vTaskMissedYield
                0x0000000000006e50        0x8 ./FreeRTOS/tasks.o
                0x0000000000006e50                vTaskMissedYield
 .text.xTaskGetCurrentTaskHandle
                0x0000000000006e58        0xa ./FreeRTOS/tasks.o
                0x0000000000006e58                xTaskGetCurrentTaskHandle
 .text.xTaskPriorityInherit
                0x0000000000006e62       0xae ./FreeRTOS/tasks.o
                0x0000000000006e62                xTaskPriorityInherit
 .text.xTaskPriorityDisinherit
                0x0000000000006f10       0xca ./FreeRTOS/tasks.o
                0x0000000000006f10                xTaskPriorityDisinherit
 .text.vTaskPriorityDisinheritAfterTimeout
                0x0000000000006fda       0xe6 ./FreeRTOS/tasks.o
                0x0000000000006fda                vTaskPriorityDisinheritAfterTimeout
 .text.pvTaskIncrementMutexHeldCount
                0x00000000000070c0       0x1c ./FreeRTOS/tasks.o
                0x00000000000070c0                pvTaskIncrementMutexHeldCount
 .text.ulTaskGenericNotifyTake
                0x00000000000070dc       0xb8 ./FreeRTOS/tasks.o
                0x00000000000070dc                ulTaskGenericNotifyTake
 .text.xTaskGenericNotifyWait
                0x0000000000007194       0xe6 ./FreeRTOS/tasks.o
                0x0000000000007194                xTaskGenericNotifyWait
 .text.xTaskGenericNotifyFromISR
                0x000000000000727a      0x1ec ./FreeRTOS/tasks.o
                0x000000000000727a                xTaskGenericNotifyFromISR
 .text.Delay_Init
                0x0000000000007466       0x3e ./Debug/debug.o
                0x0000000000007466                Delay_Init
 .text.Delay_Ms
                0x00000000000074a4       0x3c ./Debug/debug.o
                0x00000000000074a4                Delay_Ms
 .text.USART_Printf_Init
                0x00000000000074e0       0x5a ./Debug/debug.o
                0x00000000000074e0                USART_Printf_Init
 .text._write   0x000000000000753a       0x3e ./Debug/debug.o
                0x000000000000753a                _write
 .text._sbrk    0x0000000000007578       0x2a ./Debug/debug.o
                0x0000000000007578                _sbrk
 .text.Get_ConversionVal
                0x00000000000075a2       0x2a ./DRIVER/hal_adc_ch32.o
                0x00000000000075a2                Get_ConversionVal
 .text.HAL_ADC_RegularChannelConfig
                0x00000000000075cc       0x46 ./DRIVER/hal_adc_ch32.o
                0x00000000000075cc                HAL_ADC_RegularChannelConfig
 .text.HAL_ADC_ContiniusScanCinvertionDMA
                0x0000000000007612       0xca ./DRIVER/hal_adc_ch32.o
                0x0000000000007612                HAL_ADC_ContiniusScanCinvertionDMA
 .text.HAL_ADC_StartDMA
                0x00000000000076dc       0x42 ./DRIVER/hal_adc_ch32.o
                0x00000000000076dc                HAL_ADC_StartDMA
 .text.ADC1_2_IRQHandler
                0x000000000000771e       0x70 ./DRIVER/hal_adc_ch32.o
                0x000000000000771e                ADC1_2_IRQHandler
 .text.DMA_IRQ  0x000000000000778e       0x3a ./DRIVER/hal_dma_ch32.o
 .text.HAL_DMA_Enable
                0x00000000000077c8       0x18 ./DRIVER/hal_dma_ch32.o
                0x00000000000077c8                HAL_DMA_Enable
 .text.HAL_DMA_Disable
                0x00000000000077e0       0x1a ./DRIVER/hal_dma_ch32.o
                0x00000000000077e0                HAL_DMA_Disable
 .text.HAL_DMAInitIT
                0x00000000000077fa       0xa0 ./DRIVER/hal_dma_ch32.o
                0x00000000000077fa                HAL_DMAInitIT
 .text.HAL_DMA_SetCounter
                0x000000000000789a       0x12 ./DRIVER/hal_dma_ch32.o
                0x000000000000789a                HAL_DMA_SetCounter
 .text.HAL_DMA_ITENABLE
                0x00000000000078ac       0x16 ./DRIVER/hal_dma_ch32.o
                0x00000000000078ac                HAL_DMA_ITENABLE
 .text.HAL_DMA_SetCouterAndEnable
                0x00000000000078c2       0x1a ./DRIVER/hal_dma_ch32.o
                0x00000000000078c2                HAL_DMA_SetCouterAndEnable
 .text.DMA1_Channel1_IRQHandler
                0x00000000000078dc       0x4e ./DRIVER/hal_dma_ch32.o
                0x00000000000078dc                DMA1_Channel1_IRQHandler
 .text.DMA1_Channel3_IRQHandler
                0x000000000000792a       0x4e ./DRIVER/hal_dma_ch32.o
                0x000000000000792a                DMA1_Channel3_IRQHandler
 .text.DMA1_Channel4_IRQHandler
                0x0000000000007978       0x4e ./DRIVER/hal_dma_ch32.o
                0x0000000000007978                DMA1_Channel4_IRQHandler
 .text.DMA1_Channel5_IRQHandler
                0x00000000000079c6       0x4e ./DRIVER/hal_dma_ch32.o
                0x00000000000079c6                DMA1_Channel5_IRQHandler
 .text.DMA1_Channel7_IRQHandler
                0x0000000000007a14       0x4e ./DRIVER/hal_dma_ch32.o
                0x0000000000007a14                DMA1_Channel7_IRQHandler
 .text.HAL_I2C_Init
                0x0000000000007a62       0xf6 ./DRIVER/hal_i2c_ch32.o
                0x0000000000007a62                HAL_I2C_Init
 .text.HAL_I2C_GET_STAR2
                0x0000000000007b58        0xe ./DRIVER/hal_i2c_ch32.o
                0x0000000000007b58                HAL_I2C_GET_STAR2
 .text.HAL_I2C_GET_STAR1
                0x0000000000007b66        0xe ./DRIVER/hal_i2c_ch32.o
                0x0000000000007b66                HAL_I2C_GET_STAR1
 .text.HAL_I2C_ENABLE
                0x0000000000007b74       0x14 ./DRIVER/hal_i2c_ch32.o
                0x0000000000007b74                HAL_I2C_ENABLE
 .text.HAL_I2C_DISABLE
                0x0000000000007b88       0x1a ./DRIVER/hal_i2c_ch32.o
                0x0000000000007b88                HAL_I2C_DISABLE
 .text.I2C_IT_ENABLE
                0x0000000000007ba2       0x12 ./DRIVER/hal_i2c_ch32.o
                0x0000000000007ba2                I2C_IT_ENABLE
 .text.I2C_IT_DISABLE
                0x0000000000007bb4       0x16 ./DRIVER/hal_i2c_ch32.o
                0x0000000000007bb4                I2C_IT_DISABLE
 .text.HAL_I2C_STOP
                0x0000000000007bca       0x14 ./DRIVER/hal_i2c_ch32.o
                0x0000000000007bca                HAL_I2C_STOP
 .text.HAL_I2C_START
                0x0000000000007bde       0x14 ./DRIVER/hal_i2c_ch32.o
                0x0000000000007bde                HAL_I2C_START
 .text.HAL_I2C_SEND
                0x0000000000007bf2        0xe ./DRIVER/hal_i2c_ch32.o
                0x0000000000007bf2                HAL_I2C_SEND
 .text.HAL_I2C_SEND_ADDR_TRANS
                0x0000000000007c00       0x12 ./DRIVER/hal_i2c_ch32.o
                0x0000000000007c00                HAL_I2C_SEND_ADDR_TRANS
 .text.HAL_I2C_SEND_ADDR_RECIEVE
                0x0000000000007c12       0x16 ./DRIVER/hal_i2c_ch32.o
                0x0000000000007c12                HAL_I2C_SEND_ADDR_RECIEVE
 .text.HAL_I2C_ACK_ENABLE
                0x0000000000007c28       0x14 ./DRIVER/hal_i2c_ch32.o
                0x0000000000007c28                HAL_I2C_ACK_ENABLE
 .text.HAL_I2C_ACK_DISABLE
                0x0000000000007c3c       0x1c ./DRIVER/hal_i2c_ch32.o
                0x0000000000007c3c                HAL_I2C_ACK_DISABLE
 .text.HAL_I2C_ClearFlag
                0x0000000000007c58       0x20 ./DRIVER/hal_i2c_ch32.o
                0x0000000000007c58                HAL_I2C_ClearFlag
 .text.HAL_I2C_READ_DATA
                0x0000000000007c78        0xe ./DRIVER/hal_i2c_ch32.o
                0x0000000000007c78                HAL_I2C_READ_DATA
 .text.I2C1_EV_IRQHandler
                0x0000000000007c86       0x52 ./DRIVER/hal_i2c_ch32.o
                0x0000000000007c86                I2C1_EV_IRQHandler
 .text.I2C1_ER_IRQHandler
                0x0000000000007cd8       0x52 ./DRIVER/hal_i2c_ch32.o
                0x0000000000007cd8                I2C1_ER_IRQHandler
 .text.HAL_TIMER_BaseTimerInit.constprop.2
                0x0000000000007d2a       0x7e ./DRIVER/hal_timers_ch32.o
 .text.HAL_TiemrEneblae
                0x0000000000007da8       0x1a ./DRIVER/hal_timers_ch32.o
                0x0000000000007da8                HAL_TiemrEneblae
 .text.TIM4_IRQHandler
                0x0000000000007dc2       0x70 ./DRIVER/hal_timers_ch32.o
                0x0000000000007dc2                TIM4_IRQHandler
 .text.HAL_TiemrDisable
                0x0000000000007e32       0x1c ./DRIVER/hal_timers_ch32.o
                0x0000000000007e32                HAL_TiemrDisable
 .text.HAL_TimeInitCaptureDMA
                0x0000000000007e4e       0xea ./DRIVER/hal_timers_ch32.o
                0x0000000000007e4e                HAL_TimeInitCaptureDMA
 .text.HAL_TIMER_SetPWMPulse
                0x0000000000007f38       0x88 ./DRIVER/hal_timers_ch32.o
                0x0000000000007f38                HAL_TIMER_SetPWMPulse
 .text.HAL_TIMER_EnablePWMCH
                0x0000000000007fc0       0x1a ./DRIVER/hal_timers_ch32.o
                0x0000000000007fc0                HAL_TIMER_EnablePWMCH
 .text.prv_read_can_received_msg
                0x0000000000007fda       0x50 ./CANopenNode/keypad/CO_driver_ST32F103.o
                0x0000000000007fda                prv_read_can_received_msg
 .text.prv_send_can_message.isra.0
                0x000000000000802a       0x30 ./CANopenNode/keypad/CO_driver_ST32F103.o
 .text.CAN_SendMessage
                0x000000000000805a       0x66 ./CANopenNode/keypad/CO_driver_ST32F103.o
                0x000000000000805a                CAN_SendMessage
 .text.co_drv_create_os_objects
                0x00000000000080c0       0x30 ./CANopenNode/keypad/CO_driver_ST32F103.o
                0x00000000000080c0                co_drv_create_os_objects
 .text.co_drv_mutex_lock
                0x00000000000080f0       0x18 ./CANopenNode/keypad/CO_driver_ST32F103.o
                0x00000000000080f0                co_drv_mutex_lock
 .text.co_drv_mutex_unlock
                0x0000000000008108       0x16 ./CANopenNode/keypad/CO_driver_ST32F103.o
                0x0000000000008108                co_drv_mutex_unlock
 .text.CO_CANsetNormalMode
                0x000000000000811e       0x1c ./CANopenNode/keypad/CO_driver_ST32F103.o
                0x000000000000811e                CO_CANsetNormalMode
 .text.CO_CANmodule_init
                0x000000000000813a      0x112 ./CANopenNode/keypad/CO_driver_ST32F103.o
                0x000000000000813a                CO_CANmodule_init
 .text.CO_CANmodule_disable
                0x000000000000824c       0x14 ./CANopenNode/keypad/CO_driver_ST32F103.o
                0x000000000000824c                CO_CANmodule_disable
 .text.CO_CANrxBufferInit
                0x0000000000008260       0x52 ./CANopenNode/keypad/CO_driver_ST32F103.o
                0x0000000000008260                CO_CANrxBufferInit
 .text.CO_CANtxBufferInit
                0x00000000000082b2       0x3a ./CANopenNode/keypad/CO_driver_ST32F103.o
                0x00000000000082b2                CO_CANtxBufferInit
 .text.CO_CANmodule_process
                0x00000000000082ec       0x12 ./CANopenNode/keypad/CO_driver_ST32F103.o
                0x00000000000082ec                CO_CANmodule_process
 .text.CO_CANsend
                0x00000000000082fe       0x46 ./CANopenNode/keypad/CO_driver_ST32F103.o
                0x00000000000082fe                CO_CANsend
 .text.CO_LSSslave_receive
                0x0000000000008344      0x1a8 ./CANopenNode/305/CO_LSSslave.o
 .text.CO_LSSslave_init
                0x00000000000084ec       0xa4 ./CANopenNode/305/CO_LSSslave.o
                0x00000000000084ec                CO_LSSslave_init
 .text.CO_LSSslave_process
                0x0000000000008590      0x1a2 ./CANopenNode/305/CO_LSSslave.o
                0x0000000000008590                CO_LSSslave_process
 .text.OD_write_1003
                0x0000000000008732       0x28 ./CANopenNode/301/CO_Emergency.o
 .text.OD_read_1003
                0x000000000000875a       0x8c ./CANopenNode/301/CO_Emergency.o
 .text.OD_read_1014_default
                0x00000000000087e6       0x50 ./CANopenNode/301/CO_Emergency.o
 .text.CO_EM_init
                0x0000000000008836      0x112 ./CANopenNode/301/CO_Emergency.o
                0x0000000000008836                CO_EM_init
 .text.CO_error
                0x0000000000008948       0xc4 ./CANopenNode/301/CO_Emergency.o
                0x0000000000008948                CO_error
 .text.CO_EM_process
                0x0000000000008a0c      0x182 ./CANopenNode/301/CO_Emergency.o
                0x0000000000008a0c                CO_EM_process
 .text.CO_NMT_receive
                0x0000000000008b8e       0x18 ./CANopenNode/301/CO_NMT_Heartbeat.o
 .text.OD_write_1017
                0x0000000000008ba6       0x48 ./CANopenNode/301/CO_NMT_Heartbeat.o
 .text.CO_NMT_init
                0x0000000000008bee       0xec ./CANopenNode/301/CO_NMT_Heartbeat.o
                0x0000000000008bee                CO_NMT_init
 .text.CO_NMT_process
                0x0000000000008cda      0x106 ./CANopenNode/301/CO_NMT_Heartbeat.o
                0x0000000000008cda                CO_NMT_process
 .text.OD_readDisabled
                0x0000000000008de0        0x4 ./CANopenNode/301/CO_ODinterface.o
 .text.OD_readOriginal
                0x0000000000008de4       0x50 ./CANopenNode/301/CO_ODinterface.o
                0x0000000000008de4                OD_readOriginal
 .text.OD_writeOriginal
                0x0000000000008e34       0x54 ./CANopenNode/301/CO_ODinterface.o
                0x0000000000008e34                OD_writeOriginal
 .text.OD_writeDisabled
                0x0000000000008e88        0x4 ./CANopenNode/301/CO_ODinterface.o
 .text.OD_find  0x0000000000008e8c       0x70 ./CANopenNode/301/CO_ODinterface.o
                0x0000000000008e8c                OD_find
 .text.OD_getSub
                0x0000000000008efc       0xf6 ./CANopenNode/301/CO_ODinterface.o
                0x0000000000008efc                OD_getSub
 .text.OD_getSDOabCode
                0x0000000000008ff2       0x20 ./CANopenNode/301/CO_ODinterface.o
                0x0000000000008ff2                OD_getSDOabCode
 .text.OD_get_value
                0x0000000000009012       0x34 ./CANopenNode/301/CO_ODinterface.o
                0x0000000000009012                OD_get_value
 .text.OD_set_value
                0x0000000000009046       0x2e ./CANopenNode/301/CO_ODinterface.o
                0x0000000000009046                OD_set_value
 .text.OD_getPtr
                0x0000000000009074       0x3c ./CANopenNode/301/CO_ODinterface.o
                0x0000000000009074                OD_getPtr
 .text.OD_write_dummy
                0x00000000000090b0        0x8 ./CANopenNode/301/CO_PDO.o
 .text.OD_read_dummy
                0x00000000000090b8       0x2e ./CANopenNode/301/CO_PDO.o
 .text.PDOconfigMap
                0x00000000000090e6      0x100 ./CANopenNode/301/CO_PDO.o
 .text.CO_PDO_receive
                0x00000000000091e6       0x48 ./CANopenNode/301/CO_PDO.o
 .text.OD_read_PDO_commParam
                0x000000000000922e       0x70 ./CANopenNode/301/CO_PDO.o
 .text.PDO_initMapping.constprop.3
                0x000000000000929e       0xe6 ./CANopenNode/301/CO_PDO.o
 .text.OD_write_PDO_mapping
                0x0000000000009384       0xb4 ./CANopenNode/301/CO_PDO.o
 .text.OD_write_18xx
                0x0000000000009438      0x184 ./CANopenNode/301/CO_PDO.o
 .text.OD_write_14xx
                0x00000000000095bc      0x15a ./CANopenNode/301/CO_PDO.o
 .text.CO_RPDO_init
                0x0000000000009716      0x172 ./CANopenNode/301/CO_PDO.o
                0x0000000000009716                CO_RPDO_init
 .text.CO_RPDO_process
                0x0000000000009888      0x114 ./CANopenNode/301/CO_PDO.o
                0x0000000000009888                CO_RPDO_process
 .text.CO_TPDO_init
                0x000000000000999c      0x1d2 ./CANopenNode/301/CO_PDO.o
                0x000000000000999c                CO_TPDO_init
 .text.CO_TPDO_process
                0x0000000000009b6e      0x15e ./CANopenNode/301/CO_PDO.o
                0x0000000000009b6e                CO_TPDO_process
 .text.CO_SDOserver_init_canRxTx
                0x0000000000009ccc       0x82 ./CANopenNode/301/CO_SDOserver.o
 .text.CO_SDO_receive
                0x0000000000009d4e       0x38 ./CANopenNode/301/CO_SDOserver.o
 .text.readFromOd.isra.1.constprop.5
                0x0000000000009d86       0xe2 ./CANopenNode/301/CO_SDOserver.o
 .text.OD_write_1201_additional
                0x0000000000009e68      0x158 ./CANopenNode/301/CO_SDOserver.o
 .text.CO_SDOserver_init
                0x0000000000009fc0      0x172 ./CANopenNode/301/CO_SDOserver.o
                0x0000000000009fc0                CO_SDOserver_init
 .text.CO_SDOserver_process
                0x000000000000a132      0x5e8 ./CANopenNode/301/CO_SDOserver.o
                0x000000000000a132                CO_SDOserver_process
 .text.CO_delete
                0x000000000000a71a       0x56 ./CANopenNode/CANopen.o
                0x000000000000a71a                CO_delete
 .text.CO_new   0x000000000000a770      0x102 ./CANopenNode/CANopen.o
                0x000000000000a770                CO_new
 .text.CO_CANinit
                0x000000000000a872       0x28 ./CANopenNode/CANopen.o
                0x000000000000a872                CO_CANinit
 .text.CO_LSSinit
                0x000000000000a89a       0x32 ./CANopenNode/CANopen.o
                0x000000000000a89a                CO_LSSinit
 .text.CO_CANopenInit
                0x000000000000a8cc       0xb8 ./CANopenNode/CANopen.o
                0x000000000000a8cc                CO_CANopenInit
 .text.CO_CANopenInitPDO
                0x000000000000a984       0xea ./CANopenNode/CANopen.o
                0x000000000000a984                CO_CANopenInitPDO
 .text.CO_process
                0x000000000000aa6e       0x7e ./CANopenNode/CANopen.o
                0x000000000000aa6e                CO_process
 .text.CO_process_RPDO
                0x000000000000aaec       0x40 ./CANopenNode/CANopen.o
                0x000000000000aaec                CO_process_RPDO
 .text.CO_process_TPDO
                0x000000000000ab2c       0x40 ./CANopenNode/CANopen.o
                0x000000000000ab2c                CO_process_TPDO
 .text.__divdf3
                0x000000000000ab6c      0x5b4 c:/mounriver/mounriver_studio2/resources/app/resources/win32/components/wch/toolchain/risc-v embedded gcc/bin/../lib/gcc/riscv-none-embed/8.2.0/rv32imacxw/ilp32\libgcc.a(divdf3.o)
                0x000000000000ab6c                __divdf3
 .text.__muldf3
                0x000000000000b120      0x4b8 c:/mounriver/mounriver_studio2/resources/app/resources/win32/components/wch/toolchain/risc-v embedded gcc/bin/../lib/gcc/riscv-none-embed/8.2.0/rv32imacxw/ilp32\libgcc.a(muldf3.o)
                0x000000000000b120                __muldf3
 .text.__fixunsdfsi
                0x000000000000b5d8       0x5c c:/mounriver/mounriver_studio2/resources/app/resources/win32/components/wch/toolchain/risc-v embedded gcc/bin/../lib/gcc/riscv-none-embed/8.2.0/rv32imacxw/ilp32\libgcc.a(fixunsdfsi.o)
                0x000000000000b5d8                __fixunsdfsi
 .text.__floatunsidf
                0x000000000000b634       0x68 c:/mounriver/mounriver_studio2/resources/app/resources/win32/components/wch/toolchain/risc-v embedded gcc/bin/../lib/gcc/riscv-none-embed/8.2.0/rv32imacxw/ilp32\libgcc.a(floatunsidf.o)
                0x000000000000b634                __floatunsidf
 .text.__addsf3
                0x000000000000b69c      0x36a c:/mounriver/mounriver_studio2/resources/app/resources/win32/components/wch/toolchain/risc-v embedded gcc/bin/../lib/gcc/riscv-none-embed/8.2.0/rv32imacxw/ilp32\libgcc.a(addsf3.o)
                0x000000000000b69c                __addsf3
 .text.__divsf3
                0x000000000000ba06      0x2b2 c:/mounriver/mounriver_studio2/resources/app/resources/win32/components/wch/toolchain/risc-v embedded gcc/bin/../lib/gcc/riscv-none-embed/8.2.0/rv32imacxw/ilp32\libgcc.a(divsf3.o)
                0x000000000000ba06                __divsf3
 .text.__gesf2  0x000000000000bcb8       0x86 c:/mounriver/mounriver_studio2/resources/app/resources/win32/components/wch/toolchain/risc-v embedded gcc/bin/../lib/gcc/riscv-none-embed/8.2.0/rv32imacxw/ilp32\libgcc.a(gesf2.o)
                0x000000000000bcb8                __gesf2
                0x000000000000bcb8                __gtsf2
 .text.__lesf2  0x000000000000bd3e       0x8c c:/mounriver/mounriver_studio2/resources/app/resources/win32/components/wch/toolchain/risc-v embedded gcc/bin/../lib/gcc/riscv-none-embed/8.2.0/rv32imacxw/ilp32\libgcc.a(lesf2.o)
                0x000000000000bd3e                __ltsf2
                0x000000000000bd3e                __lesf2
 .text.__mulsf3
                0x000000000000bdca      0x294 c:/mounriver/mounriver_studio2/resources/app/resources/win32/components/wch/toolchain/risc-v embedded gcc/bin/../lib/gcc/riscv-none-embed/8.2.0/rv32imacxw/ilp32\libgcc.a(mulsf3.o)
                0x000000000000bdca                __mulsf3
 .text.__subsf3
                0x000000000000c05e      0x388 c:/mounriver/mounriver_studio2/resources/app/resources/win32/components/wch/toolchain/risc-v embedded gcc/bin/../lib/gcc/riscv-none-embed/8.2.0/rv32imacxw/ilp32\libgcc.a(subsf3.o)
                0x000000000000c05e                __subsf3
 .text.__fixsfsi
                0x000000000000c3e6       0x62 c:/mounriver/mounriver_studio2/resources/app/resources/win32/components/wch/toolchain/risc-v embedded gcc/bin/../lib/gcc/riscv-none-embed/8.2.0/rv32imacxw/ilp32\libgcc.a(fixsfsi.o)
                0x000000000000c3e6                __fixsfsi
 .text.__fixunssfsi
                0x000000000000c448       0x56 c:/mounriver/mounriver_studio2/resources/app/resources/win32/components/wch/toolchain/risc-v embedded gcc/bin/../lib/gcc/riscv-none-embed/8.2.0/rv32imacxw/ilp32\libgcc.a(fixunssfsi.o)
                0x000000000000c448                __fixunssfsi
 .text.__floatsisf
                0x000000000000c49e       0xc6 c:/mounriver/mounriver_studio2/resources/app/resources/win32/components/wch/toolchain/risc-v embedded gcc/bin/../lib/gcc/riscv-none-embed/8.2.0/rv32imacxw/ilp32\libgcc.a(floatsisf.o)
                0x000000000000c49e                __floatsisf
 .text.__floatunsisf
                0x000000000000c564       0xce c:/mounriver/mounriver_studio2/resources/app/resources/win32/components/wch/toolchain/risc-v embedded gcc/bin/../lib/gcc/riscv-none-embed/8.2.0/rv32imacxw/ilp32\libgcc.a(floatunsisf.o)
                0x000000000000c564                __floatunsisf
 .text.__extendsfdf2
                0x000000000000c632       0xac c:/mounriver/mounriver_studio2/resources/app/resources/win32/components/wch/toolchain/risc-v embedded gcc/bin/../lib/gcc/riscv-none-embed/8.2.0/rv32imacxw/ilp32\libgcc.a(extendsfdf2.o)
                0x000000000000c632                __extendsfdf2
 .text.__truncdfsf2
                0x000000000000c6de      0x16a c:/mounriver/mounriver_studio2/resources/app/resources/win32/components/wch/toolchain/risc-v embedded gcc/bin/../lib/gcc/riscv-none-embed/8.2.0/rv32imacxw/ilp32\libgcc.a(truncdfsf2.o)
                0x000000000000c6de                __truncdfsf2
 .text.__clzsi2
                0x000000000000c848       0x6e c:/mounriver/mounriver_studio2/resources/app/resources/win32/components/wch/toolchain/risc-v embedded gcc/bin/../lib/gcc/riscv-none-embed/8.2.0/rv32imacxw/ilp32\libgcc.a(_clzsi2.o)
                0x000000000000c848                __clzsi2
 .text.calloc   0x000000000000c8b6        0xc c:/mounriver/mounriver_studio2/resources/app/resources/win32/components/wch/toolchain/risc-v embedded gcc/bin/../lib/gcc/riscv-none-embed/8.2.0/../../../../riscv-none-embed/lib/rv32imacxw/ilp32\libg_nano.a(lib_a-calloc.o)
                0x000000000000c8b6                calloc
 .text.free     0x000000000000c8c2        0xa c:/mounriver/mounriver_studio2/resources/app/resources/win32/components/wch/toolchain/risc-v embedded gcc/bin/../lib/gcc/riscv-none-embed/8.2.0/../../../../riscv-none-embed/lib/rv32imacxw/ilp32\libg_nano.a(lib_a-malloc.o)
                0x000000000000c8c2                free
 .text.memcpy   0x000000000000c8cc       0xb2 c:/mounriver/mounriver_studio2/resources/app/resources/win32/components/wch/toolchain/risc-v embedded gcc/bin/../lib/gcc/riscv-none-embed/8.2.0/../../../../riscv-none-embed/lib/rv32imacxw/ilp32\libg_nano.a(lib_a-memcpy.o)
                0x000000000000c8cc                memcpy
 .text.memmove  0x000000000000c97e       0x46 c:/mounriver/mounriver_studio2/resources/app/resources/win32/components/wch/toolchain/risc-v embedded gcc/bin/../lib/gcc/riscv-none-embed/8.2.0/../../../../riscv-none-embed/lib/rv32imacxw/ilp32\libg_nano.a(lib_a-memmove.o)
                0x000000000000c97e                memmove
 .text._calloc_r
                0x000000000000c9c4       0x26 c:/mounriver/mounriver_studio2/resources/app/resources/win32/components/wch/toolchain/risc-v embedded gcc/bin/../lib/gcc/riscv-none-embed/8.2.0/../../../../riscv-none-embed/lib/rv32imacxw/ilp32\libg_nano.a(lib_a-nano-callocr.o)
                0x000000000000c9c4                _calloc_r
 .text._free_r  0x000000000000c9ea       0xa8 c:/mounriver/mounriver_studio2/resources/app/resources/win32/components/wch/toolchain/risc-v embedded gcc/bin/../lib/gcc/riscv-none-embed/8.2.0/../../../../riscv-none-embed/lib/rv32imacxw/ilp32\libg_nano.a(lib_a-nano-freer.o)
                0x000000000000c9ea                _free_r
 .text._malloc_r
                0x000000000000ca92       0xd4 c:/mounriver/mounriver_studio2/resources/app/resources/win32/components/wch/toolchain/risc-v embedded gcc/bin/../lib/gcc/riscv-none-embed/8.2.0/../../../../riscv-none-embed/lib/rv32imacxw/ilp32\libg_nano.a(lib_a-nano-mallocr.o)
                0x000000000000ca92                _malloc_r
 .text.printf   0x000000000000cb66       0x40 c:/mounriver/mounriver_studio2/resources/app/resources/win32/components/wch/toolchain/risc-v embedded gcc/bin/../lib/gcc/riscv-none-embed/8.2.0/../../../../riscv-none-embed/lib/rv32imacxw/ilp32\libg_nano.a(lib_a-printf.o)
                0x000000000000cb66                iprintf
                0x000000000000cb66                printf
 .text._puts_r  0x000000000000cba6       0xd4 c:/mounriver/mounriver_studio2/resources/app/resources/win32/components/wch/toolchain/risc-v embedded gcc/bin/../lib/gcc/riscv-none-embed/8.2.0/../../../../riscv-none-embed/lib/rv32imacxw/ilp32\libg_nano.a(lib_a-puts.o)
                0x000000000000cba6                _puts_r
 .text.puts     0x000000000000cc7a        0xc c:/mounriver/mounriver_studio2/resources/app/resources/win32/components/wch/toolchain/risc-v embedded gcc/bin/../lib/gcc/riscv-none-embed/8.2.0/../../../../riscv-none-embed/lib/rv32imacxw/ilp32\libg_nano.a(lib_a-puts.o)
                0x000000000000cc7a                puts
 .text._sbrk_r  0x000000000000cc86       0x32 c:/mounriver/mounriver_studio2/resources/app/resources/win32/components/wch/toolchain/risc-v embedded gcc/bin/../lib/gcc/riscv-none-embed/8.2.0/../../../../riscv-none-embed/lib/rv32imacxw/ilp32\libg_nano.a(lib_a-sbrkr.o)
                0x000000000000cc86                _sbrk_r
 .text.strlen   0x000000000000ccb8       0x12 c:/mounriver/mounriver_studio2/resources/app/resources/win32/components/wch/toolchain/risc-v embedded gcc/bin/../lib/gcc/riscv-none-embed/8.2.0/../../../../riscv-none-embed/lib/rv32imacxw/ilp32\libg_nano.a(lib_a-strlen.o)
                0x000000000000ccb8                strlen
 .text.__swbuf_r
                0x000000000000ccca       0xbc c:/mounriver/mounriver_studio2/resources/app/resources/win32/components/wch/toolchain/risc-v embedded gcc/bin/../lib/gcc/riscv-none-embed/8.2.0/../../../../riscv-none-embed/lib/rv32imacxw/ilp32\libg_nano.a(lib_a-wbuf.o)
                0x000000000000ccca                __swbuf_r
 .text.__swsetup_r
                0x000000000000cd86       0xfe c:/mounriver/mounriver_studio2/resources/app/resources/win32/components/wch/toolchain/risc-v embedded gcc/bin/../lib/gcc/riscv-none-embed/8.2.0/../../../../riscv-none-embed/lib/rv32imacxw/ilp32\libg_nano.a(lib_a-wsetup.o)
                0x000000000000cd86                __swsetup_r
 .text.__sflush_r
                0x000000000000ce84      0x132 c:/mounriver/mounriver_studio2/resources/app/resources/win32/components/wch/toolchain/risc-v embedded gcc/bin/../lib/gcc/riscv-none-embed/8.2.0/../../../../riscv-none-embed/lib/rv32imacxw/ilp32\libg_nano.a(lib_a-fflush.o)
                0x000000000000ce84                __sflush_r
 .text._fflush_r
                0x000000000000cfb6       0x66 c:/mounriver/mounriver_studio2/resources/app/resources/win32/components/wch/toolchain/risc-v embedded gcc/bin/../lib/gcc/riscv-none-embed/8.2.0/../../../../riscv-none-embed/lib/rv32imacxw/ilp32\libg_nano.a(lib_a-fflush.o)
                0x000000000000cfb6                _fflush_r
 .text.std      0x000000000000d01c       0x66 c:/mounriver/mounriver_studio2/resources/app/resources/win32/components/wch/toolchain/risc-v embedded gcc/bin/../lib/gcc/riscv-none-embed/8.2.0/../../../../riscv-none-embed/lib/rv32imacxw/ilp32\libg_nano.a(lib_a-findfp.o)
 .text._cleanup_r
                0x000000000000d082        0xa c:/mounriver/mounriver_studio2/resources/app/resources/win32/components/wch/toolchain/risc-v embedded gcc/bin/../lib/gcc/riscv-none-embed/8.2.0/../../../../riscv-none-embed/lib/rv32imacxw/ilp32\libg_nano.a(lib_a-findfp.o)
                0x000000000000d082                _cleanup_r
 .text.__sfmoreglue
                0x000000000000d08c       0x48 c:/mounriver/mounriver_studio2/resources/app/resources/win32/components/wch/toolchain/risc-v embedded gcc/bin/../lib/gcc/riscv-none-embed/8.2.0/../../../../riscv-none-embed/lib/rv32imacxw/ilp32\libg_nano.a(lib_a-findfp.o)
                0x000000000000d08c                __sfmoreglue
 .text.__sinit  0x000000000000d0d4       0x6c c:/mounriver/mounriver_studio2/resources/app/resources/win32/components/wch/toolchain/risc-v embedded gcc/bin/../lib/gcc/riscv-none-embed/8.2.0/../../../../riscv-none-embed/lib/rv32imacxw/ilp32\libg_nano.a(lib_a-findfp.o)
                0x000000000000d0d4                __sinit
 .text.__sfp    0x000000000000d140       0xa0 c:/mounriver/mounriver_studio2/resources/app/resources/win32/components/wch/toolchain/risc-v embedded gcc/bin/../lib/gcc/riscv-none-embed/8.2.0/../../../../riscv-none-embed/lib/rv32imacxw/ilp32\libg_nano.a(lib_a-findfp.o)
                0x000000000000d140                __sfp
 .text._fwalk_reent
                0x000000000000d1e0       0x6a c:/mounriver/mounriver_studio2/resources/app/resources/win32/components/wch/toolchain/risc-v embedded gcc/bin/../lib/gcc/riscv-none-embed/8.2.0/../../../../riscv-none-embed/lib/rv32imacxw/ilp32\libg_nano.a(lib_a-fwalk.o)
                0x000000000000d1e0                _fwalk_reent
 .text.__swhatbuf_r
                0x000000000000d24a       0x58 c:/mounriver/mounriver_studio2/resources/app/resources/win32/components/wch/toolchain/risc-v embedded gcc/bin/../lib/gcc/riscv-none-embed/8.2.0/../../../../riscv-none-embed/lib/rv32imacxw/ilp32\libg_nano.a(lib_a-makebuf.o)
                0x000000000000d24a                __swhatbuf_r
 .text.__smakebuf_r
                0x000000000000d2a2       0x94 c:/mounriver/mounriver_studio2/resources/app/resources/win32/components/wch/toolchain/risc-v embedded gcc/bin/../lib/gcc/riscv-none-embed/8.2.0/../../../../riscv-none-embed/lib/rv32imacxw/ilp32\libg_nano.a(lib_a-makebuf.o)
                0x000000000000d2a2                __smakebuf_r
 .text.__malloc_lock
                0x000000000000d336        0x2 c:/mounriver/mounriver_studio2/resources/app/resources/win32/components/wch/toolchain/risc-v embedded gcc/bin/../lib/gcc/riscv-none-embed/8.2.0/../../../../riscv-none-embed/lib/rv32imacxw/ilp32\libg_nano.a(lib_a-mlock.o)
                0x000000000000d336                __malloc_lock
 .text.__malloc_unlock
                0x000000000000d338        0x2 c:/mounriver/mounriver_studio2/resources/app/resources/win32/components/wch/toolchain/risc-v embedded gcc/bin/../lib/gcc/riscv-none-embed/8.2.0/../../../../riscv-none-embed/lib/rv32imacxw/ilp32\libg_nano.a(lib_a-mlock.o)
                0x000000000000d338                __malloc_unlock
 .text.__sfputc_r
                0x000000000000d33a       0x28 c:/mounriver/mounriver_studio2/resources/app/resources/win32/components/wch/toolchain/risc-v embedded gcc/bin/../lib/gcc/riscv-none-embed/8.2.0/../../../../riscv-none-embed/lib/rv32imacxw/ilp32\libg_nano.a(lib_a-nano-vfprintf.o)
 .text.__sfputs_r
                0x000000000000d362       0x42 c:/mounriver/mounriver_studio2/resources/app/resources/win32/components/wch/toolchain/risc-v embedded gcc/bin/../lib/gcc/riscv-none-embed/8.2.0/../../../../riscv-none-embed/lib/rv32imacxw/ilp32\libg_nano.a(lib_a-nano-vfprintf.o)
                0x000000000000d362                __sfputs_r
 .text._vfprintf_r
                0x000000000000d3a4      0x288 c:/mounriver/mounriver_studio2/resources/app/resources/win32/components/wch/toolchain/risc-v embedded gcc/bin/../lib/gcc/riscv-none-embed/8.2.0/../../../../riscv-none-embed/lib/rv32imacxw/ilp32\libg_nano.a(lib_a-nano-vfprintf.o)
                0x000000000000d3a4                _vfprintf_r
                0x000000000000d3a4                _vfiprintf_r
 .text._printf_common
                0x000000000000d62c      0x10c c:/mounriver/mounriver_studio2/resources/app/resources/win32/components/wch/toolchain/risc-v embedded gcc/bin/../lib/gcc/riscv-none-embed/8.2.0/../../../../riscv-none-embed/lib/rv32imacxw/ilp32\libg_nano.a(lib_a-nano-vfprintf_i.o)
                0x000000000000d62c                _printf_common
 .text._printf_i
                0x000000000000d738      0x2a2 c:/mounriver/mounriver_studio2/resources/app/resources/win32/components/wch/toolchain/risc-v embedded gcc/bin/../lib/gcc/riscv-none-embed/8.2.0/../../../../riscv-none-embed/lib/rv32imacxw/ilp32\libg_nano.a(lib_a-nano-vfprintf_i.o)
                0x000000000000d738                _printf_i
 .text.__sread  0x000000000000d9da       0x2c c:/mounriver/mounriver_studio2/resources/app/resources/win32/components/wch/toolchain/risc-v embedded gcc/bin/../lib/gcc/riscv-none-embed/8.2.0/../../../../riscv-none-embed/lib/rv32imacxw/ilp32\libg_nano.a(lib_a-stdio.o)
                0x000000000000d9da                __sread
 .text.__swrite
                0x000000000000da06       0x48 c:/mounriver/mounriver_studio2/resources/app/resources/win32/components/wch/toolchain/risc-v embedded gcc/bin/../lib/gcc/riscv-none-embed/8.2.0/../../../../riscv-none-embed/lib/rv32imacxw/ilp32\libg_nano.a(lib_a-stdio.o)
                0x000000000000da06                __swrite
 .text.__sseek  0x000000000000da4e       0x30 c:/mounriver/mounriver_studio2/resources/app/resources/win32/components/wch/toolchain/risc-v embedded gcc/bin/../lib/gcc/riscv-none-embed/8.2.0/../../../../riscv-none-embed/lib/rv32imacxw/ilp32\libg_nano.a(lib_a-stdio.o)
                0x000000000000da4e                __sseek
 .text.__sclose
                0x000000000000da7e        0x6 c:/mounriver/mounriver_studio2/resources/app/resources/win32/components/wch/toolchain/risc-v embedded gcc/bin/../lib/gcc/riscv-none-embed/8.2.0/../../../../riscv-none-embed/lib/rv32imacxw/ilp32\libg_nano.a(lib_a-stdio.o)
                0x000000000000da7e                __sclose
 .text._write_r
                0x000000000000da84       0x36 c:/mounriver/mounriver_studio2/resources/app/resources/win32/components/wch/toolchain/risc-v embedded gcc/bin/../lib/gcc/riscv-none-embed/8.2.0/../../../../riscv-none-embed/lib/rv32imacxw/ilp32\libg_nano.a(lib_a-writer.o)
                0x000000000000da84                _write_r
 .text._close_r
                0x000000000000daba       0x30 c:/mounriver/mounriver_studio2/resources/app/resources/win32/components/wch/toolchain/risc-v embedded gcc/bin/../lib/gcc/riscv-none-embed/8.2.0/../../../../riscv-none-embed/lib/rv32imacxw/ilp32\libg_nano.a(lib_a-closer.o)
                0x000000000000daba                _close_r
 .text._fstat_r
                0x000000000000daea       0x32 c:/mounriver/mounriver_studio2/resources/app/resources/win32/components/wch/toolchain/risc-v embedded gcc/bin/../lib/gcc/riscv-none-embed/8.2.0/../../../../riscv-none-embed/lib/rv32imacxw/ilp32\libg_nano.a(lib_a-fstatr.o)
                0x000000000000daea                _fstat_r
 .text._isatty_r
                0x000000000000db1c       0x30 c:/mounriver/mounriver_studio2/resources/app/resources/win32/components/wch/toolchain/risc-v embedded gcc/bin/../lib/gcc/riscv-none-embed/8.2.0/../../../../riscv-none-embed/lib/rv32imacxw/ilp32\libg_nano.a(lib_a-isattyr.o)
                0x000000000000db1c                _isatty_r
 .text._lseek_r
                0x000000000000db4c       0x34 c:/mounriver/mounriver_studio2/resources/app/resources/win32/components/wch/toolchain/risc-v embedded gcc/bin/../lib/gcc/riscv-none-embed/8.2.0/../../../../riscv-none-embed/lib/rv32imacxw/ilp32\libg_nano.a(lib_a-lseekr.o)
                0x000000000000db4c                _lseek_r
 .text.memchr   0x000000000000db80       0x18 c:/mounriver/mounriver_studio2/resources/app/resources/win32/components/wch/toolchain/risc-v embedded gcc/bin/../lib/gcc/riscv-none-embed/8.2.0/../../../../riscv-none-embed/lib/rv32imacxw/ilp32\libg_nano.a(lib_a-memchr.o)
                0x000000000000db80                memchr
 .text._read_r  0x000000000000db98       0x34 c:/mounriver/mounriver_studio2/resources/app/resources/win32/components/wch/toolchain/risc-v embedded gcc/bin/../lib/gcc/riscv-none-embed/8.2.0/../../../../riscv-none-embed/lib/rv32imacxw/ilp32\libg_nano.a(lib_a-readr.o)
                0x000000000000db98                _read_r
 .text._close   0x000000000000dbcc       0x10 c:/mounriver/mounriver_studio2/resources/app/resources/win32/components/wch/toolchain/risc-v embedded gcc/bin/../lib/gcc/riscv-none-embed/8.2.0/../../../../riscv-none-embed/lib/rv32imacxw/ilp32\libnosys.a(close.o)
                0x000000000000dbcc                _close
 .text._fstat   0x000000000000dbdc       0x10 c:/mounriver/mounriver_studio2/resources/app/resources/win32/components/wch/toolchain/risc-v embedded gcc/bin/../lib/gcc/riscv-none-embed/8.2.0/../../../../riscv-none-embed/lib/rv32imacxw/ilp32\libnosys.a(fstat.o)
                0x000000000000dbdc                _fstat
 .text._isatty  0x000000000000dbec       0x10 c:/mounriver/mounriver_studio2/resources/app/resources/win32/components/wch/toolchain/risc-v embedded gcc/bin/../lib/gcc/riscv-none-embed/8.2.0/../../../../riscv-none-embed/lib/rv32imacxw/ilp32\libnosys.a(isatty.o)
                0x000000000000dbec                _isatty
 .text._lseek   0x000000000000dbfc       0x10 c:/mounriver/mounriver_studio2/resources/app/resources/win32/components/wch/toolchain/risc-v embedded gcc/bin/../lib/gcc/riscv-none-embed/8.2.0/../../../../riscv-none-embed/lib/rv32imacxw/ilp32\libnosys.a(lseek.o)
                0x000000000000dbfc                _lseek
 .text._read    0x000000000000dc0c       0x10 c:/mounriver/mounriver_studio2/resources/app/resources/win32/components/wch/toolchain/risc-v embedded gcc/bin/../lib/gcc/riscv-none-embed/8.2.0/../../../../riscv-none-embed/lib/rv32imacxw/ilp32\libnosys.a(read.o)
                0x000000000000dc0c                _read
 *(.rodata)
 *fill*         0x000000000000dc1c        0x0 
 .rodata        0x000000000000dc1c       0x14 ./User/dash_draw.o
 *(.rodata*)
 .rodata.vCanOpenProcess.str1.4
                0x000000000000dc30        0xe ./User/CanOpenNode.o
 *fill*         0x000000000000dc3e        0x2 
 .rodata.CalPoint
                0x000000000000dc40       0x48 ./User/DataModel.o
 .rodata.CalPoint1
                0x000000000000dc88       0x18 ./User/DataModel.o
 .rodata.seg_const.7438
                0x000000000000dca0       0x12 ./User/DataModel.o
 *fill*         0x000000000000dcb2        0x2 
 .rodata.str1.4
                0x000000000000dcb4       0x1e ./User/DataModel.o
 *fill*         0x000000000000dcd2        0x2 
 .rodata.vIncrementSystemCounters.cst4
                0x000000000000dcd4        0x8 ./User/DataModel.o
 .rodata.getODValue
                0x000000000000dcdc       0x78 ./User/dash_draw.o
 .rodata.CheckLedState.cst4
                0x000000000000dd54        0x4 ./User/dash_draw.o
 .rodata.MenuStateCross
                0x000000000000dd58       0x1c ./User/dash_draw.o
 .rodata.dm     0x000000000000dd74       0x3f ./User/dash_draw.o
 *fill*         0x000000000000ddb3        0x1 
 .rodata.getODValue.cst4
                0x000000000000ddb4        0x4 ./User/dash_draw.o
                                          0x8 (size before relaxing)
 .rodata.vBarColorMode.cst4
                0x000000000000ddb8        0x4 ./User/dash_draw.o
 .rodata.vRedrawTask.cst4
                0x000000000000ddbc        0x4 ./User/dash_draw.o
 .rodata.ADC_FSM.cst4
                0x000000000000ddc0        0xc ./User/inputs.o
 *fill*         0x000000000000ddcc        0x4 
 .rodata.ADC_FSM.cst8
                0x000000000000ddd0       0x18 ./User/inputs.o
 .rodata.vInputsTask.cst4
                0x000000000000dde8        0x8 ./User/inputs.o
 .rodata.SetSegDirect
                0x000000000000ddf0       0x1c ./User/led.o
 .rodata.Brigth
                0x000000000000de0c       0x1e ./User/led.o
 *fill*         0x000000000000de2a        0x2 
 .rodata.DigitMask
                0x000000000000de2c        0xa ./User/led.o
                0x000000000000de2c                DigitMask
 *fill*         0x000000000000de36        0x2 
 .rodata.offset_mask
                0x000000000000de38        0xe ./User/led.o
 *fill*         0x000000000000de46        0x2 
 .rodata.step_mask
                0x000000000000de48        0xe ./User/led.o
 *fill*         0x000000000000de56        0x2 
 .rodata.Error_Handler.str1.4
                0x000000000000de58        0xf ./User/main.o
 *fill*         0x000000000000de67        0x1 
 .rodata.main.str1.4
                0x000000000000de68        0xf ./User/main.o
 *fill*         0x000000000000de77        0x1 
 .rodata.OD_writeBoardSettings
                0x000000000000de78       0x18 ./User/process.o
 .rodata.OD_readBoardSettings
                0x000000000000de90       0x18 ./User/process.o