Archive member included to satisfy reference by file (symbol)

c:/mounriver/mounriver_studio/toolchain/risc-v embedded gcc/bin/../lib/gcc/riscv-none-embed/8.2.0/rv32imacxw/ilp32\libgcc.a(muldf3.o)
                              ./User/inputs.o (__muldf3)
c:/mounriver/mounriver_studio/toolchain/risc-v embedded gcc/bin/../lib/gcc/riscv-none-embed/8.2.0/rv32imacxw/ilp32\libgcc.a(floatunsidf.o)
                              ./User/inputs.o (__floatunsidf)
c:/mounriver/mounriver_studio/toolchain/risc-v embedded gcc/bin/../lib/gcc/riscv-none-embed/8.2.0/rv32imacxw/ilp32\libgcc.a(addsf3.o)
                              ./User/DataModel.o (__addsf3)
c:/mounriver/mounriver_studio/toolchain/risc-v embedded gcc/bin/../lib/gcc/riscv-none-embed/8.2.0/rv32imacxw/ilp32\libgcc.a(divsf3.o)
                              ./User/DataModel.o (__divsf3)
c:/mounriver/mounriver_studio/toolchain/risc-v embedded gcc/bin/../lib/gcc/riscv-none-embed/8.2.0/rv32imacxw/ilp32\libgcc.a(eqsf2.o)
                              ./HAL_LIB/hw_lib_din.o (__nesf2)
c:/mounriver/mounriver_studio/toolchain/risc-v embedded gcc/bin/../lib/gcc/riscv-none-embed/8.2.0/rv32imacxw/ilp32\libgcc.a(gesf2.o)
                              ./User/inputs.o (__gesf2)
c:/mounriver/mounriver_studio/toolchain/risc-v embedded gcc/bin/../lib/gcc/riscv-none-embed/8.2.0/rv32imacxw/ilp32\libgcc.a(lesf2.o)
                              ./HAL_LIB/hw_lib_din.o (__lesf2)
c:/mounriver/mounriver_studio/toolchain/risc-v embedded gcc/bin/../lib/gcc/riscv-none-embed/8.2.0/rv32imacxw/ilp32\libgcc.a(mulsf3.o)
                              ./User/dash_draw.o (__mulsf3)
c:/mounriver/mounriver_studio/toolchain/risc-v embedded gcc/bin/../lib/gcc/riscv-none-embed/8.2.0/rv32imacxw/ilp32\libgcc.a(subsf3.o)
                              ./User/inputs.o (__subsf3)
c:/mounriver/mounriver_studio/toolchain/risc-v embedded gcc/bin/../lib/gcc/riscv-none-embed/8.2.0/rv32imacxw/ilp32\libgcc.a(fixsfsi.o)
                              ./User/dash_draw.o (__fixsfsi)
c:/mounriver/mounriver_studio/toolchain/risc-v embedded gcc/bin/../lib/gcc/riscv-none-embed/8.2.0/rv32imacxw/ilp32\libgcc.a(fixunssfsi.o)
                              ./User/DataModel.o (__fixunssfsi)
c:/mounriver/mounriver_studio/toolchain/risc-v embedded gcc/bin/../lib/gcc/riscv-none-embed/8.2.0/rv32imacxw/ilp32\libgcc.a(floatsisf.o)
                              ./User/DataModel.o (__floatsisf)
c:/mounriver/mounriver_studio/toolchain/risc-v embedded gcc/bin/../lib/gcc/riscv-none-embed/8.2.0/rv32imacxw/ilp32\libgcc.a(floatunsisf.o)
                              ./User/DataModel.o (__floatunsisf)
c:/mounriver/mounriver_studio/toolchain/risc-v embedded gcc/bin/../lib/gcc/riscv-none-embed/8.2.0/rv32imacxw/ilp32\libgcc.a(truncdfsf2.o)
                              ./User/inputs.o (__truncdfsf2)
c:/mounriver/mounriver_studio/toolchain/risc-v embedded gcc/bin/../lib/gcc/riscv-none-embed/8.2.0/rv32imacxw/ilp32\libgcc.a(save-restore.o)
                              ./User/dash_draw.o (__riscv_save_12)
c:/mounriver/mounriver_studio/toolchain/risc-v embedded gcc/bin/../lib/gcc/riscv-none-embed/8.2.0/rv32imacxw/ilp32\libgcc.a(_clzsi2.o)
                              c:/mounriver/mounriver_studio/toolchain/risc-v embedded gcc/bin/../lib/gcc/riscv-none-embed/8.2.0/rv32imacxw/ilp32\libgcc.a(muldf3.o) (__clzsi2)
c:/mounriver/mounriver_studio/toolchain/risc-v embedded gcc/bin/../lib/gcc/riscv-none-embed/8.2.0/rv32imacxw/ilp32\libgcc.a(_clz.o)
                              c:/mounriver/mounriver_studio/toolchain/risc-v embedded gcc/bin/../lib/gcc/riscv-none-embed/8.2.0/rv32imacxw/ilp32\libgcc.a(_clzsi2.o) (__clz_tab)
c:/mounriver/mounriver_studio/toolchain/risc-v embedded gcc/bin/../lib/gcc/riscv-none-embed/8.2.0/../../../../riscv-none-embed/lib/rv32imacxw/ilp32\libg_nano.a(lib_a-calloc.o)
                              ./CANopenNode/CANopen.o (calloc)
c:/mounriver/mounriver_studio/toolchain/risc-v embedded gcc/bin/../lib/gcc/riscv-none-embed/8.2.0/../../../../riscv-none-embed/lib/rv32imacxw/ilp32\libg_nano.a(lib_a-impure.o)
                              c:/mounriver/mounriver_studio/toolchain/risc-v embedded gcc/bin/../lib/gcc/riscv-none-embed/8.2.0/../../../../riscv-none-embed/lib/rv32imacxw/ilp32\libg_nano.a(lib_a-calloc.o) (_impure_ptr)
c:/mounriver/mounriver_studio/toolchain/risc-v embedded gcc/bin/../lib/gcc/riscv-none-embed/8.2.0/../../../../riscv-none-embed/lib/rv32imacxw/ilp32\libg_nano.a(lib_a-malloc.o)
                              ./CANopenNode/CANopen.o (free)
c:/mounriver/mounriver_studio/toolchain/risc-v embedded gcc/bin/../lib/gcc/riscv-none-embed/8.2.0/../../../../riscv-none-embed/lib/rv32imacxw/ilp32\libg_nano.a(lib_a-memcpy.o)
                              ./User/DataModel.o (memcpy)
c:/mounriver/mounriver_studio/toolchain/risc-v embedded gcc/bin/../lib/gcc/riscv-none-embed/8.2.0/../../../../riscv-none-embed/lib/rv32imacxw/ilp32\libg_nano.a(lib_a-memmove.o)
                              ./CANopenNode/301/CO_SDOserver.o (memmove)
[...]
Memory Configuration

Name             Origin             Length             Attributes
FLASH            0x0000000000000000 0x0000000000010000 xr
SFLASH           0x0000000000010000 0x0000000000002800 xr
RAM              0x0000000020000000 0x0000000000005000 xrw
*default*        0x0000000000000000 0xffffffffffffffff

Linker script and memory map

LOAD ./User/CanOpenNode.o
LOAD ./User/DataModel.o
LOAD ./User/ch32v20x_it.o
LOAD ./User/dash_draw.o
LOAD ./User/init.o
LOAD ./User/inputs.o
LOAD ./User/led.o
LOAD ./User/main.o
LOAD ./User/process.o
LOAD ./User/system_ch32v20x.o
LOAD ./User/system_init.o
LOAD ./Startup/startup_ch32v20x_D6.o
LOAD ./Peripheral/src/ch32v20x_adc.o
LOAD ./Peripheral/src/ch32v20x_bkp.o
LOAD ./Peripheral/src/ch32v20x_can.o
LOAD ./Peripheral/src/ch32v20x_crc.o
LOAD ./Peripheral/src/ch32v20x_dbgmcu.o
LOAD ./Peripheral/src/ch32v20x_dma.o
LOAD ./Peripheral/src/ch32v20x_exti.o
LOAD ./Peripheral/src/ch32v20x_flash.o
LOAD ./Peripheral/src/ch32v20x_gpio.o
LOAD ./Peripheral/src/ch32v20x_i2c.o
LOAD ./Peripheral/src/ch32v20x_iwdg.o
LOAD ./Peripheral/src/ch32v20x_misc.o
LOAD ./Peripheral/src/ch32v20x_opa.o
LOAD ./Peripheral/src/ch32v20x_pwr.o
LOAD ./Peripheral/src/ch32v20x_rcc.o
LOAD ./Peripheral/src/ch32v20x_rtc.o
LOAD ./Peripheral/src/ch32v20x_spi.o
LOAD ./Peripheral/src/ch32v20x_tim.o
LOAD ./Peripheral/src/ch32v20x_usart.o
LOAD ./Peripheral/src/ch32v20x_wwdg.o
LOAD ./HAL_LIB/filters.o
LOAD ./HAL_LIB/hw_lib_adc.o
LOAD ./HAL_LIB/hw_lib_din.o
LOAD ./HAL_LIB/hw_lib_eeprom_i2c.o
LOAD ./HAL_DRIVER/hal_can_ch32.o
LOAD ./HAL_DRIVER/hal_gpio_ch32.o
LOAD ./HAL_DRIVER/hal_i2c_ch32.o
LOAD ./HAL_DRIVER/hal_irq.o
LOAD ./HAL_DRIVER/hal_rtc_ch32.o
LOAD ./HAL_DRIVER/hal_spi_ch32.o
LOAD ./HAL_DRIVER/hal_wdt_ch32.o
LOAD ./HAL/hal_adc_ch32.o
LOAD ./HAL/hal_dma_ch32.o
LOAD ./HAL/hal_timers_ch32.o
LOAD ./FreeRTOS/portable/MemMang/heap_4.o
LOAD ./FreeRTOS/portable/GCC/RISC-V/port.o
LOAD ./FreeRTOS/portable/GCC/RISC-V/portASM.o
LOAD ./FreeRTOS/croutine.o
LOAD ./FreeRTOS/event_groups.o
LOAD ./FreeRTOS/list.o
LOAD ./FreeRTOS/queue.o
LOAD ./FreeRTOS/stream_buffer.o
LOAD ./FreeRTOS/tasks.o
LOAD ./FreeRTOS/timers.o
LOAD ./Debug/debug.o
LOAD ./Core/core_riscv.o
LOAD ./CANopenNode/keypad/CO_driver_ST32F103.o
LOAD ./CANopenNode/keypad/OD.o
LOAD ./CANopenNode/extra/CO_trace.o
LOAD ./CANopenNode/309/CO_gateway_ascii.o
LOAD ./CANopenNode/305/CO_LSSmaster.o
LOAD ./CANopenNode/305/CO_LSSslave.o
LOAD ./CANopenNode/304/CO_GFC.o
LOAD ./CANopenNode/304/CO_SRDO.o
LOAD ./CANopenNode/303/CO_LEDs.o
LOAD ./CANopenNode/301/CO_Emergency.o
LOAD ./CANopenNode/301/CO_HBconsumer.o
LOAD ./CANopenNode/301/CO_NMT_Heartbeat.o
LOAD ./CANopenNode/301/CO_Node_Guarding.o
LOAD ./CANopenNode/301/CO_ODinterface.o
LOAD ./CANopenNode/301/CO_PDO.o
LOAD ./CANopenNode/301/CO_SDOclient.o
LOAD ./CANopenNode/301/CO_SDOserver.o
LOAD ./CANopenNode/301/CO_SYNC.o
LOAD ./CANopenNode/301/CO_TIME.o
LOAD ./CANopenNode/301/CO_fifo.o
LOAD ./CANopenNode/301/crc16-ccitt.o
LOAD ./CANopenNode/CANopen.o
LOAD c:/mounriver/mounriver_studio/toolchain/risc-v embedded gcc/bin/../lib/gcc/riscv-none-embed/8.2.0/../../../../riscv-none-embed/lib/rv32imacxw/ilp32\libm.a
LOAD c:/mounriver/mounriver_studio/toolchain/risc-v embedded gcc/bin/../lib/gcc/riscv-none-embed/8.2.0/rv32imacxw/ilp32\libgcc.a
LOAD c:/mounriver/mounriver_studio/toolchain/risc-v embedded gcc/bin/../lib/gcc/riscv-none-embed/8.2.0/../../../../riscv-none-embed/lib/rv32imacxw/ilp32\libg_nano.a
LOAD c:/mounriver/mounriver_studio/toolchain/risc-v embedded gcc/bin/../lib/gcc/riscv-none-embed/8.2.0/../../../../riscv-none-embed/lib/rv32imacxw/ilp32\libc_nano.a
LOAD c:/mounriver/mounriver_studio/toolchain/risc-v embedded gcc/bin/../lib/gcc/riscv-none-embed/8.2.0/rv32imacxw/ilp32\libgcc.a
START GROUP
LOAD c:/mounriver/mounriver_studio/toolchain/risc-v embedded gcc/bin/../lib/gcc/riscv-none-embed/8.2.0/rv32imacxw/ilp32\libgcc.a
LOAD c:/mounriver/mounriver_studio/toolchain/risc-v embedded gcc/bin/../lib/gcc/riscv-none-embed/8.2.0/../../../../riscv-none-embed/lib/rv32imacxw/ilp32\libc_nano.a
LOAD c:/mounriver/mounriver_studio/toolchain/risc-v embedded gcc/bin/../lib/gcc/riscv-none-embed/8.2.0/../../../../riscv-none-embed/lib/rv32imacxw/ilp32\libnosys.a
END GROUP
START GROUP
LOAD c:/mounriver/mounriver_studio/toolchain/risc-v embedded gcc/bin/../lib/gcc/riscv-none-embed/8.2.0/rv32imacxw/ilp32\libgcc.a
LOAD c:/mounriver/mounriver_studio/toolchain/risc-v embedded gcc/bin/../lib/gcc/riscv-none-embed/8.2.0/../../../../riscv-none-embed/lib/rv32imacxw/ilp32\libc_nano.a
LOAD c:/mounriver/mounriver_studio/toolchain/risc-v embedded gcc/bin/../lib/gcc/riscv-none-embed/8.2.0/../../../../riscv-none-embed/lib/rv32imacxw/ilp32\libnosys.a
END GROUP
                0x0000000000000be8                __stack_size = 0xbe8
                [!provide]                        PROVIDE (_stack_size = __stack_size)

.init           0x0000000000000000       0x38
                0x0000000000000000                _sinit = .
                0x0000000000000000                . = ALIGN (0x4)
 *(SORT_NONE(.init))
 .init          0x0000000000000000       0x38 ./Startup/startup_ch32v20x_D6.o
                0x0000000000000000                _start
                0x0000000000000038                . = ALIGN (0x4)
                0x0000000000000038                _einit = .

.vector         0x0000000000000038      0x108
 *(.vector)
 .vector        0x0000000000000038       0xfc ./Startup/startup_ch32v20x_D6.o
                0x0000000000000140                . = ALIGN (0x40)
 *fill*         0x0000000000000134        0xc 

.stext          0x0000000000010000      0x6c8
                0x0000000000010000                . = ALIGN (0x4)
 *(.stext)
 .stext         0x0000000000010000       0x8a ./User/DataModel.o
 .stext         0x000000000001008a      0x168 ./User/init.o
                0x000000000001008a                vInit_DeviceConfig
 .stext         0x00000000000101f2      0x202 ./User/process.o
                0x00000000000101f2                vProceesInit
 .stext         0x00000000000103f4      0x14e ./User/system_init.o
                0x00000000000103f4                vSYStaskInit
                0x0000000000010518                vSYSqueueInit
 .stext         0x0000000000010542       0x34 ./HAL_LIB/hw_lib_din.o
                0x0000000000010542                eDinConfigWtihStruct
 .stext         0x0000000000010576       0xca ./HAL_DRIVER/hal_rtc_ch32.o
                0x0000000000010576                HAL_RTC_IT_Init
 .stext         0x0000000000010640       0x60 ./HAL_DRIVER/hal_spi_ch32.o
                0x0000000000010640                HAL_SPI_InitDMA
 .stext         0x00000000000106a0       0x28 ./HAL_DRIVER/hal_wdt_ch32.o
                0x00000000000106a0                HAL_WDT_Init1s

.text           0x0000000000000200     0xdd04
                0x0000000000000200                . = ALIGN (0x4)
 *(.text)
 .text          0x0000000000000200      0x2ee ./FreeRTOS/portable/GCC/RISC-V/portASM.o
                0x0000000000000200                SW_Handler
                0x0000000000000300                xPortStartFirstTask
                0x0000000000000400                pxPortInitialiseStack
 .text          0x00000000000004ee       0x60 c:/mounriver/mounriver_studio/toolchain/risc-v embedded gcc/bin/../lib/gcc/riscv-none-embed/8.2.0/rv32imacxw/ilp32\libgcc.a(save-restore.o)
                0x00000000000004ee                __riscv_save_12
                0x00000000000004f6                __riscv_save_9
                0x00000000000004f6                __riscv_save_11
                0x00000000000004f6                __riscv_save_10
                0x00000000000004f6                __riscv_save_8
                0x0000000000000504                __riscv_save_4
                0x0000000000000504                __riscv_save_6
                0x0000000000000504                __riscv_save_5
                0x0000000000000504                __riscv_save_7
                0x000000000000051e                __riscv_save_3
                0x000000000000051e                __riscv_save_2
                0x000000000000051e                __riscv_save_1
                0x000000000000051e                __riscv_save_0
                0x000000000000052a                __riscv_restore_12
                0x000000000000052e                __riscv_restore_11
                0x000000000000052e                __riscv_restore_9
                0x000000000000052e                __riscv_restore_10
                0x000000000000052e                __riscv_restore_8
                0x0000000000000538                __riscv_restore_5
                0x0000000000000538                __riscv_restore_7
                0x0000000000000538                __riscv_restore_6
                0x0000000000000538                __riscv_restore_4
                0x0000000000000542                __riscv_restore_3
                0x0000000000000542                __riscv_restore_0
                0x0000000000000542                __riscv_restore_2
                0x0000000000000542                __riscv_restore_1
 .text          0x000000000000054e       0xa8 c:/mounriver/mounriver_studio/toolchain/risc-v embedded gcc/bin/../lib/gcc/riscv-none-embed/8.2.0/../../../../riscv-none-embed/lib/rv32imacxw/ilp32\libg_nano.a(lib_a-memset.o)
                0x000000000000054e                memset
 *(.text.*)
 .text.xCanOpenProcessTaskHandle
                0x00000000000005f6        0xa ./User/CanOpenNode.o
                0x00000000000005f6                xCanOpenProcessTaskHandle
 .text.xCanOpenPeriodicTaskHandle
                0x0000000000000600        0xa ./User/CanOpenNode.o
                0x0000000000000600                xCanOpenPeriodicTaskHandle
 .text.vCanOpenInit
                0x000000000000060a        0xa ./User/CanOpenNode.o
                0x000000000000060a                vCanOpenInit
 .text.vCanOpenProcess
                0x0000000000000614      0x192 ./User/CanOpenNode.o
                0x0000000000000614                vCanOpenProcess
 .text.vCanOpenPeriodicProcess
                0x00000000000007a6       0x82 ./User/CanOpenNode.o
                0x00000000000007a6                vCanOpenPeriodicProcess
 .text.xDataRegQueue
                0x0000000000000828        0xa ./User/DataModel.o
                0x0000000000000828                xDataRegQueue
 .text.vDataModelRegDelayWrite
                0x0000000000000832       0x34 ./User/DataModel.o
                0x0000000000000832                vDataModelRegDelayWrite
 .text.setReg32
                0x0000000000000866       0x1a ./User/DataModel.o
                0x0000000000000866                setReg32
 .text.setReg16
                0x0000000000000880        0xe ./User/DataModel.o
                0x0000000000000880                setReg16
 .text.setReg8  0x000000000000088e        0xa ./User/DataModel.o
                0x000000000000088e                setReg8
 .text.SaveReg16
                0x0000000000000898       0x14 ./User/DataModel.o
                0x0000000000000898                SaveReg16
 .text.getReg16
                0x00000000000008ac       0x10 ./User/DataModel.o
                0x00000000000008ac                getReg16
 .text.getReg32
                0x00000000000008bc       0x1c ./User/DataModel.o
                0x00000000000008bc                getReg32
 .text.DataModel_Init
                0x00000000000008d8      0x378 ./User/DataModel.o
                0x00000000000008d8                DataModel_Init
 .text.getReg8  0x0000000000000c50        0xa ./User/DataModel.o
                0x0000000000000c50                getReg8
 .text.WriteRegAfterDelay
                0x0000000000000c5a       0x60 ./User/DataModel.o
                0x0000000000000c5a                WriteRegAfterDelay
 .text.WriteReg
                0x0000000000000cba       0x56 ./User/DataModel.o
                0x0000000000000cba                WriteReg
 .text.vGetBitrate
                0x0000000000000d10       0x2a ./User/DataModel.o
                0x0000000000000d10                vGetBitrate
 .text.vFDGetNMTState
                0x0000000000000d3a        0x6 ./User/DataModel.o
                0x0000000000000d3a                vFDGetNMTState
 .text.vGetNodeId
                0x0000000000000d40        0x6 ./User/DataModel.o
                0x0000000000000d40                vGetNodeId
 .text.vIncrementSystemCounters
                0x0000000000000d46       0x76 ./User/DataModel.o
                0x0000000000000d46                vIncrementSystemCounters
 .text.vSaveData
                0x0000000000000dbc       0x14 ./User/DataModel.o
                0x0000000000000dbc                vSaveData
 .text.getOdometr
                0x0000000000000dd0       0x14 ./User/DataModel.o
                0x0000000000000dd0                getOdometr
 .text.NMI_Handler
                0x0000000000000de4        0x2 ./User/ch32v20x_it.o
                0x0000000000000de4                NMI_Handler
 .text.HardFault_Handler
                0x0000000000000de6       0x66 ./User/ch32v20x_it.o
                0x0000000000000de6                HardFault_Handler
 .text.SegPrint
                0x0000000000000e4c       0x5a ./User/dash_draw.o
 .text.vCheckKeySatate
                0x0000000000000ea6       0x68 ./User/dash_draw.o
 .text.xProcessTaskHandle
                0x0000000000000f0e        0xa ./User/dash_draw.o
                0x0000000000000f0e                xProcessTaskHandle
 .text.vSetErrorReg
                0x0000000000000f18        0xa ./User/dash_draw.o
                0x0000000000000f18                vSetErrorReg
 .text.getODValue
                0x0000000000000f22      0x130 ./User/dash_draw.o
                0x0000000000000f22                getODValue
 .text.IncMenuIndex
                0x0000000000001052       0x80 ./User/dash_draw.o
                0x0000000000001052                IncMenuIndex
 .text.GoToHome
                0x00000000000010d2       0x12 ./User/dash_draw.o
                0x00000000000010d2                GoToHome
 .text.SetCurMenuHome
                0x00000000000010e4       0x1e ./User/dash_draw.o
                0x00000000000010e4                SetCurMenuHome
 .text.GetCurMenuHome
                0x0000000000001102        0x6 ./User/dash_draw.o
                0x0000000000001102                GetCurMenuHome
 .text.SetCurrentMenu
                0x0000000000001108       0x12 ./User/dash_draw.o
                0x0000000000001108                SetCurrentMenu
 .text.SetDefault
                0x000000000000111a       0x2a ./User/dash_draw.o
                0x000000000000111a                SetDefault
 .text.MenuBackHomeCheck
                0x0000000000001144       0x38 ./User/dash_draw.o
                0x0000000000001144                MenuBackHomeCheck
 .text.CheckMenuChannel
                0x000000000000117c       0x20 ./User/dash_draw.o
                0x000000000000117c                CheckMenuChannel
 .text.vDashDrawInit
                0x000000000000119c       0x80 ./User/dash_draw.o
                0x000000000000119c                vDashDrawInit
 .text.vMenuBlink
                0x000000000000121c       0x4a ./User/dash_draw.o
                0x000000000000121c                vMenuBlink
 .text.SetErrorRegiter
                0x0000000000001266       0x5e ./User/dash_draw.o
                0x0000000000001266                SetErrorRegiter
 .text.uGetCurrMenu
                0x00000000000012c4       0x26 ./User/dash_draw.o
                0x00000000000012c4                uGetCurrMenu
 .text.vGetEdgeData
                0x00000000000012ea       0x2a ./User/dash_draw.o
                0x00000000000012ea                vGetEdgeData
 .text.checkLedState
                0x0000000000001314       0x3a ./User/dash_draw.o
 .text.vRGBMode
                0x000000000000134e       0x72 ./User/dash_draw.o
                0x000000000000134e                vRGBMode
 .text.vBarColorMode
                0x00000000000013c0       0xc2 ./User/dash_draw.o
                0x00000000000013c0                vBarColorMode
 .text.vBarWindowMode
                0x0000000000001482       0x5a ./User/dash_draw.o
                0x0000000000001482                vBarWindowMode
 .text.vBarMode
                0x00000000000014dc       0x66 ./User/dash_draw.o
                0x00000000000014dc                vBarMode
 .text.vRedrawTask
                0x0000000000001542      0x4f8 ./User/dash_draw.o
                0x0000000000001542                vRedrawTask
 .text.HardwareDeinit
                0x0000000000001a3a       0x2a ./User/init.o
                0x0000000000001a3a                HardwareDeinit
 .text.SoftwareReset
                0x0000000000001a64       0x14 ./User/init.o
                0x0000000000001a64                SoftwareReset
 .text.ADC1_Event
                0x0000000000001a78       0x48 ./User/inputs.o
                0x0000000000001a78                ADC1_Event
 .text.CaptureDMACallBack
                0x0000000000001ac0       0x22 ./User/inputs.o
                0x0000000000001ac0                CaptureDMACallBack
 .text.CaptureDMACallBack_1
                0x0000000000001ae2       0x22 ./User/inputs.o
                0x0000000000001ae2                CaptureDMACallBack_1
 .text.fDinStateCallback
                0x0000000000001b04       0x32 ./User/inputs.o
                0x0000000000001b04                fDinStateCallback
 .text.vSetDoutState
                0x0000000000001b36       0x28 ./User/inputs.o
                0x0000000000001b36                vSetDoutState
 .text.getInputsTaskHandle
                0x0000000000001b5e        0xa ./User/inputs.o
                0x0000000000001b5e                getInputsTaskHandle
 .text.ADC1_Init
                0x0000000000001b68       0x48 ./User/inputs.o
                0x0000000000001b68                ADC1_Init
 .text.ADC_FSM  0x0000000000001bb0      0x180 ./User/inputs.o
                0x0000000000001bb0                ADC_FSM
 .text.GetAIN   0x0000000000001d30        0xc ./User/inputs.o
                0x0000000000001d30                GetAIN
 .text.vInputsTask
                0x0000000000001d3c      0x29c ./User/inputs.o
                0x0000000000001d3c                vInputsTask
 .text.SPI1_DMA_Callback
                0x0000000000001fd8       0x2e ./User/led.o
                0x0000000000001fd8                SPI1_DMA_Callback
 .text.SPI2_DMA_Callback
                0x0000000000002006       0x2e ./User/led.o
                0x0000000000002006                SPI2_DMA_Callback
 .text.SetBarState
                0x0000000000002034       0x50 ./User/led.o
                0x0000000000002034                SetBarState
 .text.SetRGB   0x0000000000002084       0x4e ./User/led.o
                0x0000000000002084                SetRGB
 .text.SetSegDirect
                0x00000000000020d2       0x9c ./User/led.o
                0x00000000000020d2                SetSegDirect
 .text.SetSegPoint
                0x000000000000216e       0x22 ./User/led.o
                0x000000000000216e                SetSegPoint
 .text.SetSEG   0x0000000000002190      0x120 ./User/led.o
                0x0000000000002190                SetSEG
 .text.SetBigSeg
                0x00000000000022b0       0x14 ./User/led.o
                0x00000000000022b0                SetBigSeg
 .text.vSetBrigth
                0x00000000000022c4       0x28 ./User/led.o
                0x00000000000022c4                vSetBrigth
 .text.vLedDriverStart
                0x00000000000022ec       0x4e ./User/led.o
                0x00000000000022ec                vLedDriverStart
 .text.vLedProcess
                0x000000000000233a       0x1e ./User/led.o
                0x000000000000233a                vLedProcess
 .text.vRGBProcess
                0x0000000000002358       0xe2 ./User/led.o
                0x0000000000002358                vRGBProcess
 .text.startup.main
                0x000000000000243a       0x28 ./User/main.o
                0x000000000000243a                main
 .text.vRestartNode
                0x0000000000002462        0x2 ./User/main.o
                0x0000000000002462                vRestartNode
 .text.Error_Handler
                0x0000000000002464        0x8 ./User/main.o
                0x0000000000002464                Error_Handler
 .text.OD_readKEY
                0x000000000000246c        0x8 ./User/process.o
 .text.OD_writeRGBMAP
                0x0000000000002474       0x30 ./User/process.o
 .text.OD_writeKEY
                0x00000000000024a4       0x34 ./User/process.o
 .text.OD_readRGBMAP
                0x00000000000024d8       0x22 ./User/process.o
 .text.OD_readDIN
                0x00000000000024fa       0x1c ./User/process.o
 .text.OD_writeMenuSetup
                0x0000000000002516       0x46 ./User/process.o
 .text.OD_writeBoardSettings
                0x000000000000255c       0x78 ./User/process.o
 .text.CO_getUint16
                0x00000000000025d4       0x10 ./User/process.o
 .text.OD_writeSEG
                0x00000000000025e4       0x44 ./User/process.o
 .text.OD_writeBAR
                0x0000000000002628       0x30 ./User/process.o
 .text.OD_writeRPMConfig
                0x0000000000002658       0x36 ./User/process.o
 .text.CO_getUint32
                0x000000000000268e       0x18 ./User/process.o
 .text.OD_writeMenuMap
                0x00000000000026a6       0x30 ./User/process.o
 .text.OD_writeV1_14
                0x00000000000026d6       0x54 ./User/process.o
 .text.OD_writeDashParam
                0x000000000000272a       0x44 ./User/process.o
 .text.WriteRGB.isra.2
                0x000000000000276e       0x3a ./User/process.o
 .text.OD_writeRGB1
                0x00000000000027a8       0x14 ./User/process.o
 .text.OD_writeRGB2
                0x00000000000027bc       0x16 ./User/process.o
 .text.OD_writeRGB3
                0x00000000000027d2       0x16 ./User/process.o
 .text.OD_writeRGB4
                0x00000000000027e8       0x16 ./User/process.o
 .text.OD_writeRGB5
                0x00000000000027fe       0x16 ./User/process.o
 .text.OD_writeRGB6
                0x0000000000002814       0x16 ./User/process.o
 .text.OD_writeRGB7
                0x000000000000282a       0x16 ./User/process.o
 .text.OD_writeRGB8
                0x0000000000002840       0x16 ./User/process.o
 .text.OD_writeRGB9
                0x0000000000002856       0x16 ./User/process.o
 .text.OD_writeRGB10
                0x000000000000286c       0x16 ./User/process.o
 .text.OD_writeRGB11
                0x0000000000002882       0x16 ./User/process.o
 .text.OD_writeRGB12
                0x0000000000002898       0x16 ./User/process.o
 .text.OD_writeRGB13
                0x00000000000028ae       0x16 ./User/process.o
 .text.OD_readBoardSettings
                0x00000000000028c4       0x2c ./User/process.o
 .text.readADC.isra.6
                0x00000000000028f0       0x84 ./User/process.o
 .text.OD_readADC1
                0x0000000000002974       0x10 ./User/process.o
 .text.OD_readADC2
                0x0000000000002984       0x10 ./User/process.o
 .text.OD_readADC3
                0x0000000000002994       0x10 ./User/process.o
 .text.OD_readMenuSetup
                0x00000000000029a4       0x30 ./User/process.o
 .text.writeADC.isra.9
                0x00000000000029d4       0xde ./User/process.o
 .text.OD_writeADC1
                0x0000000000002ab2       0x10 ./User/process.o
 .text.OD_writeADC2
                0x0000000000002ac2       0x10 ./User/process.o
 .text.OD_writeADC3
                0x0000000000002ad2       0x10 ./User/process.o
 .text.OD_readRGB.isra.5
                0x0000000000002ae2       0x22 ./User/process.o
 .text.OD_readRGB1
                0x0000000000002b04       0x10 ./User/process.o
 .text.OD_readRGB2
                0x0000000000002b14       0x12 ./User/process.o
 .text.OD_readRGB3
                0x0000000000002b26       0x12 ./User/process.o
 .text.OD_readRGB4
                0x0000000000002b38       0x12 ./User/process.o
 .text.OD_readRGB5
                0x0000000000002b4a       0x12 ./User/process.o
 .text.OD_readRGB6
                0x0000000000002b5c       0x12 ./User/process.o
 .text.OD_readRGB7
                0x0000000000002b6e       0x12 ./User/process.o
 .text.OD_readRGB8
                0x0000000000002b80       0x12 ./User/process.o
 .text.OD_readRGB9
                0x0000000000002b92       0x12 ./User/process.o
 .text.OD_readRGB10
                0x0000000000002ba4       0x12 ./User/process.o
 .text.OD_readRGB11
                0x0000000000002bb6       0x12 ./User/process.o
 .text.OD_readRGB12
                0x0000000000002bc8       0x12 ./User/process.o
 .text.OD_readRGB13
                0x0000000000002bda       0x12 ./User/process.o
 .text.OD_readAIN_RPM
                0x0000000000002bec       0x26 ./User/process.o
 .text.OD_readMenuMap
                0x0000000000002c12       0x2c ./User/process.o
 .text.OD_readRPMConfig
                0x0000000000002c3e       0x2a ./User/process.o
 .text.OD_readBar
                0x0000000000002c68       0x28 ./User/process.o
 .text.OD_readDashParam
                0x0000000000002c90       0x4c ./User/process.o
 .text.OD_readSEG
                0x0000000000002cdc       0x34 ./User/process.o
 .text.SystemInit
                0x0000000000002d10       0xea ./User/system_ch32v20x.o
                0x0000000000002d10                SystemInit
 .text.SystemCoreClockUpdate
                0x0000000000002dfa       0x92 ./User/system_ch32v20x.o
                0x0000000000002dfa                SystemCoreClockUpdate
 .text.StartDefaultTask
                0x0000000000002e8c       0x70 ./User/system_init.o
 .text.vApplicationGetIdleTaskMemory
                0x0000000000002efc       0x1c ./User/system_init.o
                0x0000000000002efc                vApplicationGetIdleTaskMemory
 .text.vSystemStop
                0x0000000000002f18       0x26 ./User/system_init.o
                0x0000000000002f18                vSystemStop
 .text.vector_handler
                0x0000000000002f3e       0x6c ./Startup/startup_ch32v20x_D6.o
                0x0000000000002f42                Ecall_M_Mode_Handler
                0x0000000000002f44                Ecall_U_Mode_Handler
                0x0000000000002f46                Break_Point_Handler
                0x0000000000002f4c                WWDG_IRQHandler
                0x0000000000002f4e                PVD_IRQHandler
                0x0000000000002f50                TAMPER_IRQHandler
                0x0000000000002f54                FLASH_IRQHandler
                0x0000000000002f56                RCC_IRQHandler
                0x0000000000002f58                EXTI0_IRQHandler
                0x0000000000002f5a                EXTI1_IRQHandler
                0x0000000000002f5c                EXTI2_IRQHandler
                0x0000000000002f5e                EXTI3_IRQHandler
                0x0000000000002f60                EXTI4_IRQHandler
                0x0000000000002f64                DMA1_Channel2_IRQHandler
                0x0000000000002f6c                DMA1_Channel6_IRQHandler
                0x0000000000002f70                ADC1_2_IRQHandler
                0x0000000000002f7a                EXTI9_5_IRQHandler
                0x0000000000002f7c                TIM1_BRK_IRQHandler
                0x0000000000002f7e                TIM1_UP_IRQHandler
                0x0000000000002f80                TIM1_TRG_COM_IRQHandler
                0x0000000000002f82                TIM1_CC_IRQHandler
                0x0000000000002f84                TIM2_IRQHandler
                0x0000000000002f86                TIM3_IRQHandler
                0x0000000000002f8e                I2C2_EV_IRQHandler
                0x0000000000002f90                I2C2_ER_IRQHandler
                0x0000000000002f92                SPI1_IRQHandler
                0x0000000000002f94                SPI2_IRQHandler
                0x0000000000002f96                USART1_IRQHandler
                0x0000000000002f98                USART2_IRQHandler
                0x0000000000002f9a                USART3_IRQHandler
                0x0000000000002f9c                EXTI15_10_IRQHandler
                0x0000000000002f9e                RTCAlarm_IRQHandler
                0x0000000000002fa0                USBWakeUp_IRQHandler
                0x0000000000002fa2                USBHD_IRQHandler
                0x0000000000002fa4                USBHDWakeUp_IRQHandler
                0x0000000000002fa6                UART4_IRQHandler
                0x0000000000002fa8                DMA1_Channel8_IRQHandler
 .text.handle_reset
                0x0000000000002faa       0x92 ./Startup/startup_ch32v20x_D6.o
                0x0000000000002faa                handle_reset
 .text.ADC_Cmd  0x000000000000303c       0x10 ./Peripheral/src/ch32v20x_adc.o
                0x000000000000303c                ADC_Cmd
 .text.ADC_GetResetCalibrationStatus
                0x000000000000304c        0x8 ./Peripheral/src/ch32v20x_adc.o
                0x000000000000304c                ADC_GetResetCalibrationStatus
 .text.ADC_GetCalibrationStatus
                0x0000000000003054        0x8 ./Peripheral/src/ch32v20x_adc.o
                0x0000000000003054                ADC_GetCalibrationStatus
 .text.Get_CalibrationValue
                0x000000000000305c      0x1fe ./Peripheral/src/ch32v20x_adc.o
                0x000000000000305c                Get_CalibrationValue
 .text.DMA_GetFlagStatus
                0x000000000000325a        0xe ./Peripheral/src/ch32v20x_dma.o
                0x000000000000325a                DMA_GetFlagStatus
 .text.DMA_GetITStatus
                0x0000000000003268        0xc ./Peripheral/src/ch32v20x_dma.o
                0x0000000000003268                DMA_GetITStatus
 .text.DMA_ClearITPendingBit
                0x0000000000003274        0x8 ./Peripheral/src/ch32v20x_dma.o
                0x0000000000003274                DMA_ClearITPendingBit
 .text.GPIO_Init
                0x000000000000327c       0xfa ./Peripheral/src/ch32v20x_gpio.o
                0x000000000000327c                GPIO_Init
 .text.GPIO_PinRemapConfig
                0x0000000000003376       0xf2 ./Peripheral/src/ch32v20x_gpio.o
                0x0000000000003376                GPIO_PinRemapConfig
 .text.I2C_DualAddressCmd
                0x0000000000003468       0x18 ./Peripheral/src/ch32v20x_i2c.o
                0x0000000000003468                I2C_DualAddressCmd
 .text.I2C_ClearFlag
                0x0000000000003480        0xc ./Peripheral/src/ch32v20x_i2c.o
                0x0000000000003480                I2C_ClearFlag
 .text.RCC_LSEConfig
                0x000000000000348c       0x28 ./Peripheral/src/ch32v20x_rcc.o
                0x000000000000348c                RCC_LSEConfig
 .text.RCC_GetClocksFreq
                0x00000000000034b4       0xbe ./Peripheral/src/ch32v20x_rcc.o
                0x00000000000034b4                RCC_GetClocksFreq
 .text.RCC_APB2PeriphClockCmd
                0x0000000000003572       0x1e ./Peripheral/src/ch32v20x_rcc.o
                0x0000000000003572                RCC_APB2PeriphClockCmd
 .text.RCC_GetFlagStatus
                0x0000000000003590       0x2e ./Peripheral/src/ch32v20x_rcc.o
                0x0000000000003590                RCC_GetFlagStatus
 .text.RTC_EnterConfigMode
                0x00000000000035be       0x12 ./Peripheral/src/ch32v20x_rtc.o
                0x00000000000035be                RTC_EnterConfigMode
 .text.RTC_ExitConfigMode
                0x00000000000035d0       0x18 ./Peripheral/src/ch32v20x_rtc.o
                0x00000000000035d0                RTC_ExitConfigMode
 .text.RTC_GetCounter
                0x00000000000035e8       0x36 ./Peripheral/src/ch32v20x_rtc.o
                0x00000000000035e8                RTC_GetCounter
 .text.RTC_SetCounter
                0x000000000000361e       0x2c ./Peripheral/src/ch32v20x_rtc.o
                0x000000000000361e                RTC_SetCounter
 .text.RTC_SetPrescaler
                0x000000000000364a       0x2e ./Peripheral/src/ch32v20x_rtc.o
                0x000000000000364a                RTC_SetPrescaler
 .text.RTC_WaitForLastTask
                0x0000000000003678       0x10 ./Peripheral/src/ch32v20x_rtc.o
                0x0000000000003678                RTC_WaitForLastTask
 .text.RTC_WaitForSynchro
                0x0000000000003688       0x24 ./Peripheral/src/ch32v20x_rtc.o
                0x0000000000003688                RTC_WaitForSynchro
 .text.TIM_OC1Init
                0x00000000000036ac       0x6a ./Peripheral/src/ch32v20x_tim.o
                0x00000000000036ac                TIM_OC1Init
 .text.TIM_OC2Init
                0x0000000000003716       0x96 ./Peripheral/src/ch32v20x_tim.o
                0x0000000000003716                TIM_OC2Init
 .text.TIM_OC3Init
                0x00000000000037ac       0x94 ./Peripheral/src/ch32v20x_tim.o
                0x00000000000037ac                TIM_OC3Init
 .text.TIM_OC4Init
                0x0000000000003840       0x6c ./Peripheral/src/ch32v20x_tim.o
                0x0000000000003840                TIM_OC4Init
 .text.TIM_OC1PreloadConfig
                0x00000000000038ac        0xe ./Peripheral/src/ch32v20x_tim.o
                0x00000000000038ac                TIM_OC1PreloadConfig
 .text.TIM_OC2PreloadConfig
                0x00000000000038ba       0x16 ./Peripheral/src/ch32v20x_tim.o
                0x00000000000038ba                TIM_OC2PreloadConfig
 .text.TIM_OC3PreloadConfig
                0x00000000000038d0        0xe ./Peripheral/src/ch32v20x_tim.o
                0x00000000000038d0                TIM_OC3PreloadConfig
 .text.TIM_OC4PreloadConfig
                0x00000000000038de       0x16 ./Peripheral/src/ch32v20x_tim.o
                0x00000000000038de                TIM_OC4PreloadConfig
 .text.TIM_GetITStatus
                0x00000000000038f4       0x18 ./Peripheral/src/ch32v20x_tim.o
                0x00000000000038f4                TIM_GetITStatus
 .text.USART_Init
                0x000000000000390c       0xbc ./Peripheral/src/ch32v20x_usart.o
                0x000000000000390c                USART_Init
 .text.USART_Cmd
                0x00000000000039c8       0x16 ./Peripheral/src/ch32v20x_usart.o
                0x00000000000039c8                USART_Cmd
 .text.USART_SendData
                0x00000000000039de        0x8 ./Peripheral/src/ch32v20x_usart.o
                0x00000000000039de                USART_SendData
 .text.USART_GetFlagStatus
                0x00000000000039e6        0xa ./Peripheral/src/ch32v20x_usart.o
                0x00000000000039e6                USART_GetFlagStatus
 .text.vRCFilterConfig
                0x00000000000039f0       0x2e ./HAL_LIB/filters.o
                0x00000000000039f0                vRCFilterConfig
 .text.vInitABFilter
                0x0000000000003a1e       0x22 ./HAL_LIB/filters.o
                0x0000000000003a1e                vInitABFilter
 .text.vInitRunAverga
                0x0000000000003a40        0x8 ./HAL_LIB/filters.o
                0x0000000000003a40                vInitRunAverga
 .text.vInitMedianFilter
                0x0000000000003a48       0x12 ./HAL_LIB/filters.o
                0x0000000000003a48                vInitMedianFilter
 .text.MedianFilter
                0x0000000000003a5a       0x74 ./HAL_LIB/filters.o
                0x0000000000003a5a                MedianFilter
 .text.vAINInit
                0x0000000000003ace       0x36 ./HAL_LIB/hw_lib_adc.o
                0x0000000000003ace                vAINInit
 .text.fGetAinCalData
                0x0000000000003b04       0x7a ./HAL_LIB/hw_lib_adc.o
                0x0000000000003b04                fGetAinCalData
 .text.eAinCalDataConfig
                0x0000000000003b7e       0x50 ./HAL_LIB/hw_lib_adc.o
                0x0000000000003b7e                eAinCalDataConfig
 .text.vABLineKoofFinde
                0x0000000000003bce       0x6a ./HAL_LIB/hw_lib_adc.o
                0x0000000000003bce                vABLineKoofFinde
 .text.eSetAinCalPoint
                0x0000000000003c38       0x64 ./HAL_LIB/hw_lib_adc.o
                0x0000000000003c38                eSetAinCalPoint
 .text.getADC1Buffer
                0x0000000000003c9c        0xa ./HAL_LIB/hw_lib_adc.o
                0x0000000000003c9c                getADC1Buffer
 .text.eDOUTConfigWtihStruct
                0x0000000000003ca6       0x1c ./HAL_LIB/hw_lib_din.o
                0x0000000000003ca6                eDOUTConfigWtihStruct
 .text.eSetDUT  0x0000000000003cc2       0x16 ./HAL_LIB/hw_lib_din.o
                0x0000000000003cc2                eSetDUT
 .text.uGetDIN  0x0000000000003cd8       0x14 ./HAL_LIB/hw_lib_din.o
                0x0000000000003cd8                uGetDIN
 .text.eRPMConfig
                0x0000000000003cec       0x5a ./HAL_LIB/hw_lib_din.o
                0x0000000000003cec                eRPMConfig
 .text.RMPDataConvert
                0x0000000000003d46       0x7e ./HAL_LIB/hw_lib_din.o
                0x0000000000003d46                RMPDataConvert
 .text.GetRPM   0x0000000000003dc4       0x70 ./HAL_LIB/hw_lib_din.o
                0x0000000000003dc4                GetRPM
 .text.xGetRPM  0x0000000000003e34       0x72 ./HAL_LIB/hw_lib_din.o
                0x0000000000003e34                xGetRPM
 .text.vDinDoutProcess
                0x0000000000003ea6       0xa0 ./HAL_LIB/hw_lib_din.o
                0x0000000000003ea6                vDinDoutProcess
 .text.getCaputreBuffer
                0x0000000000003f46       0x16 ./HAL_LIB/hw_lib_din.o
                0x0000000000003f46                getCaputreBuffer
 .text.I2C_FSM  0x0000000000003f5c      0x198 ./HAL_LIB/hw_lib_eeprom_i2c.o
                0x0000000000003f5c                I2C_FSM
 .text.vInitEEPROM_I2C
                0x00000000000040f4       0x4e ./HAL_LIB/hw_lib_eeprom_i2c.o
                0x00000000000040f4                vInitEEPROM_I2C
 .text.eEEPROMWrFast
                0x0000000000004142      0x10a ./HAL_LIB/hw_lib_eeprom_i2c.o
                0x0000000000004142                eEEPROMWrFast
 .text.eEEPROMWr
                0x000000000000424c       0xe2 ./HAL_LIB/hw_lib_eeprom_i2c.o
                0x000000000000424c                eEEPROMWr
 .text.eEEPROMRd
                0x000000000000432e       0x8a ./HAL_LIB/hw_lib_eeprom_i2c.o
                0x000000000000432e                eEEPROMRd
 .text.bReadEEPROM
                0x00000000000043b8       0x1a ./HAL_LIB/hw_lib_eeprom_i2c.o
                0x00000000000043b8                bReadEEPROM
 .text.HAL_CANSetTXCallback
                0x00000000000043d2        0xa ./HAL_DRIVER/hal_can_ch32.o
                0x00000000000043d2                HAL_CANSetTXCallback
 .text.HAL_CANSetRXCallback
                0x00000000000043dc        0xa ./HAL_DRIVER/hal_can_ch32.o
                0x00000000000043dc                HAL_CANSetRXCallback
 .text.HAL_CANSetERRCallback
                0x00000000000043e6        0xa ./HAL_DRIVER/hal_can_ch32.o
                0x00000000000043e6                HAL_CANSetERRCallback
 .text.HAL_CANIntIT
                0x00000000000043f0      0x13c ./HAL_DRIVER/hal_can_ch32.o
                0x00000000000043f0                HAL_CANIntIT
 .text.HAL_CANToInitMode
                0x000000000000452c       0x30 ./HAL_DRIVER/hal_can_ch32.o
                0x000000000000452c                HAL_CANToInitMode
 .text.HAL_CANToOperatingMode
                0x000000000000455c       0x26 ./HAL_DRIVER/hal_can_ch32.o
                0x000000000000455c                HAL_CANToOperatingMode
 .text.HAL_CANSend
                0x0000000000004582       0xae ./HAL_DRIVER/hal_can_ch32.o
                0x0000000000004582                HAL_CANSend
 .text.HAL_CANSetFiters
                0x0000000000004630       0xc4 ./HAL_DRIVER/hal_can_ch32.o
                0x0000000000004630                HAL_CANSetFiters
 .text.HAL_CANGetRXMessage
                0x00000000000046f4       0xb0 ./HAL_DRIVER/hal_can_ch32.o
                0x00000000000046f4                HAL_CANGetRXMessage
 .text.USB_HP_CAN1_TX_IRQHandler
                0x00000000000047a4       0x60 ./HAL_DRIVER/hal_can_ch32.o
                0x00000000000047a4                USB_HP_CAN1_TX_IRQHandler
 .text.USB_LP_CAN1_RX0_IRQHandler
                0x0000000000004804       0x5e ./HAL_DRIVER/hal_can_ch32.o
                0x0000000000004804                USB_LP_CAN1_RX0_IRQHandler
 .text.CAN1_RX1_IRQHandler
                0x0000000000004862       0x5e ./HAL_DRIVER/hal_can_ch32.o
                0x0000000000004862                CAN1_RX1_IRQHandler
 .text.CAN1_SCE_IRQHandler
                0x00000000000048c0       0x5c ./HAL_DRIVER/hal_can_ch32.o
                0x00000000000048c0                CAN1_SCE_IRQHandler
 .text.HAL_InitGPIO
                0x000000000000491c       0xba ./HAL_DRIVER/hal_gpio_ch32.o
                0x000000000000491c                HAL_InitGPIO
 .text.HAL_InitGpioOut
                0x00000000000049d6       0x10 ./HAL_DRIVER/hal_gpio_ch32.o
                0x00000000000049d6                HAL_InitGpioOut
 .text.HAL_InitGpioAIN
                0x00000000000049e6       0x10 ./HAL_DRIVER/hal_gpio_ch32.o
                0x00000000000049e6                HAL_InitGpioAIN
 .text.HAL_InitGpioIn
                0x00000000000049f6       0x10 ./HAL_DRIVER/hal_gpio_ch32.o
                0x00000000000049f6                HAL_InitGpioIn
 .text.HAL_InitGpioAF
                0x0000000000004a06       0x34 ./HAL_DRIVER/hal_gpio_ch32.o
                0x0000000000004a06                HAL_InitGpioAF
 .text.HAL_GetBit
                0x0000000000004a3a        0xa ./HAL_DRIVER/hal_gpio_ch32.o
                0x0000000000004a3a                HAL_GetBit
 .text.HAL_SetBit
                0x0000000000004a44        0x4 ./HAL_DRIVER/hal_gpio_ch32.o
                0x0000000000004a44                HAL_SetBit
 .text.HAL_ResetBit
                0x0000000000004a48        0x4 ./HAL_DRIVER/hal_gpio_ch32.o
                0x0000000000004a48                HAL_ResetBit
 .text.HAL_InitGPO
                0x0000000000004a4c       0x14 ./HAL_DRIVER/hal_gpio_ch32.o
                0x0000000000004a4c                HAL_InitGPO
 .text.HAL_I2C_Init
                0x0000000000004a60       0xf4 ./HAL_DRIVER/hal_i2c_ch32.o
                0x0000000000004a60                HAL_I2C_Init
 .text.HAL_I2C_GET_STAR2
                0x0000000000004b54        0xe ./HAL_DRIVER/hal_i2c_ch32.o
                0x0000000000004b54                HAL_I2C_GET_STAR2
 .text.HAL_I2C_GET_STAR1
                0x0000000000004b62        0xe ./HAL_DRIVER/hal_i2c_ch32.o
                0x0000000000004b62                HAL_I2C_GET_STAR1
 .text.HAL_I2C_ENABLE
                0x0000000000004b70       0x14 ./HAL_DRIVER/hal_i2c_ch32.o
                0x0000000000004b70                HAL_I2C_ENABLE
 .text.InitI2CIT
                0x0000000000004b84       0x6e ./HAL_DRIVER/hal_i2c_ch32.o
                0x0000000000004b84                InitI2CIT
 .text.HAL_I2C_DISABLE
                0x0000000000004bf2       0x1a ./HAL_DRIVER/hal_i2c_ch32.o
                0x0000000000004bf2                HAL_I2C_DISABLE
 .text.I2C_IT_ENABLE
                0x0000000000004c0c       0x12 ./HAL_DRIVER/hal_i2c_ch32.o
                0x0000000000004c0c                I2C_IT_ENABLE
 .text.I2C_IT_DISABLE
                0x0000000000004c1e       0x16 ./HAL_DRIVER/hal_i2c_ch32.o
                0x0000000000004c1e                I2C_IT_DISABLE
 .text.HAL_I2C_STOP
                0x0000000000004c34       0x14 ./HAL_DRIVER/hal_i2c_ch32.o
                0x0000000000004c34                HAL_I2C_STOP
 .text.HAL_I2C_START
                0x0000000000004c48       0x14 ./HAL_DRIVER/hal_i2c_ch32.o
                0x0000000000004c48                HAL_I2C_START
 .text.HAL_I2C_SEND
                0x0000000000004c5c        0xe ./HAL_DRIVER/hal_i2c_ch32.o
                0x0000000000004c5c                HAL_I2C_SEND
 .text.HAL_I2C_SEND_ADDR_TRANS
                0x0000000000004c6a       0x12 ./HAL_DRIVER/hal_i2c_ch32.o
                0x0000000000004c6a                HAL_I2C_SEND_ADDR_TRANS
 .text.HAL_I2C_SEND_ADDR_RECIEVE
                0x0000000000004c7c       0x16 ./HAL_DRIVER/hal_i2c_ch32.o
                0x0000000000004c7c                HAL_I2C_SEND_ADDR_RECIEVE
 .text.HAL_I2C_ACK_ENABLE
                0x0000000000004c92       0x14 ./HAL_DRIVER/hal_i2c_ch32.o
                0x0000000000004c92                HAL_I2C_ACK_ENABLE
 .text.HAL_I2C_ACK_DISABLE
                0x0000000000004ca6       0x1c ./HAL_DRIVER/hal_i2c_ch32.o
                0x0000000000004ca6                HAL_I2C_ACK_DISABLE
 .text.HAL_I2C_ClearFlag
                0x0000000000004cc2       0x20 ./HAL_DRIVER/hal_i2c_ch32.o
                0x0000000000004cc2                HAL_I2C_ClearFlag
 .text.HAL_I2C_READ_DATA
                0x0000000000004ce2        0xe ./HAL_DRIVER/hal_i2c_ch32.o
                0x0000000000004ce2                HAL_I2C_READ_DATA
 .text.I2C1_EV_IRQHandler
                0x0000000000004cf0       0x52 ./HAL_DRIVER/hal_i2c_ch32.o
                0x0000000000004cf0                I2C1_EV_IRQHandler
 .text.I2C1_ER_IRQHandler
                0x0000000000004d42       0x52 ./HAL_DRIVER/hal_i2c_ch32.o
                0x0000000000004d42                I2C1_ER_IRQHandler
 .text.HAL_InitAPB1
                0x0000000000004d94       0x1c ./HAL_DRIVER/hal_irq.o
                0x0000000000004d94                HAL_InitAPB1
 .text.HAL_InitAPB2
                0x0000000000004db0       0x1c ./HAL_DRIVER/hal_irq.o
                0x0000000000004db0                HAL_InitAPB2
 .text.PFIC_IRQ_ENABLE_PG1
                0x0000000000004dcc       0x34 ./HAL_DRIVER/hal_irq.o
                0x0000000000004dcc                PFIC_IRQ_ENABLE_PG1
 .text.RTC_IRQHandler
                0x0000000000004e00       0x78 ./HAL_DRIVER/hal_rtc_ch32.o
                0x0000000000004e00                RTC_IRQHandler
 .text.HAL_SPI_RXOveleyClear
                0x0000000000004e78       0x1e ./HAL_DRIVER/hal_spi_ch32.o
                0x0000000000004e78                HAL_SPI_RXOveleyClear
 .text.HAL_SPI_GetBusy
                0x0000000000004e96       0x10 ./HAL_DRIVER/hal_spi_ch32.o
                0x0000000000004e96                HAL_SPI_GetBusy
 .text.HAL_WDTReset
                0x0000000000004ea6        0xe ./HAL_DRIVER/hal_wdt_ch32.o
                0x0000000000004ea6                HAL_WDTReset
 .text.Get_ConversionVal
                0x0000000000004eb4       0x2e ./HAL/hal_adc_ch32.o
                0x0000000000004eb4                Get_ConversionVal
 .text.HAL_ADC_RegularChannelConfig
                0x0000000000004ee2       0x46 ./HAL/hal_adc_ch32.o
                0x0000000000004ee2                HAL_ADC_RegularChannelConfig
 .text.HAL_ADC_ContiniusScanCinvertionDMA
                0x0000000000004f28       0xce ./HAL/hal_adc_ch32.o
                0x0000000000004f28                HAL_ADC_ContiniusScanCinvertionDMA
 .text.HAL_ADC_StartDMA
                0x0000000000004ff6       0x42 ./HAL/hal_adc_ch32.o
                0x0000000000004ff6                HAL_ADC_StartDMA
 .text.DMA_IRQ  0x0000000000005038       0x3a ./HAL/hal_dma_ch32.o
 .text.HAL_DMA_Enable
                0x0000000000005072       0x18 ./HAL/hal_dma_ch32.o
                0x0000000000005072                HAL_DMA_Enable
 .text.HAL_DMA_Disable
                0x000000000000508a       0x1a ./HAL/hal_dma_ch32.o
                0x000000000000508a                HAL_DMA_Disable
 .text.HAL_DMAInitIT
                0x00000000000050a4       0xa0 ./HAL/hal_dma_ch32.o
                0x00000000000050a4                HAL_DMAInitIT
 .text.HAL_DMA_SetCounter
                0x0000000000005144       0x12 ./HAL/hal_dma_ch32.o
                0x0000000000005144                HAL_DMA_SetCounter
 .text.HAL_DMA_ITENABLE
                0x0000000000005156       0x16 ./HAL/hal_dma_ch32.o
                0x0000000000005156                HAL_DMA_ITENABLE
 .text.HAL_DMA_SetCouterAndEnable
                0x000000000000516c       0x1a ./HAL/hal_dma_ch32.o
                0x000000000000516c                HAL_DMA_SetCouterAndEnable
 .text.DMA1_Channel1_IRQHandler
                0x0000000000005186       0x4e ./HAL/hal_dma_ch32.o
                0x0000000000005186                DMA1_Channel1_IRQHandler
 .text.DMA1_Channel3_IRQHandler
                0x00000000000051d4       0x4e ./HAL/hal_dma_ch32.o
                0x00000000000051d4                DMA1_Channel3_IRQHandler
 .text.DMA1_Channel4_IRQHandler
                0x0000000000005222       0x4e ./HAL/hal_dma_ch32.o
                0x0000000000005222                DMA1_Channel4_IRQHandler
 .text.DMA1_Channel5_IRQHandler
                0x0000000000005270       0x4e ./HAL/hal_dma_ch32.o
                0x0000000000005270                DMA1_Channel5_IRQHandler
 .text.DMA1_Channel7_IRQHandler
                0x00000000000052be       0x4e ./HAL/hal_dma_ch32.o
                0x00000000000052be                DMA1_Channel7_IRQHandler
 .text.TIM4_IRQHandler
                0x000000000000530c       0x70 ./HAL/hal_timers_ch32.o
                0x000000000000530c                TIM4_IRQHandler
 .text.HAL_TiemrEneblae
                0x000000000000537c       0x16 ./HAL/hal_timers_ch32.o
                0x000000000000537c                HAL_TiemrEneblae
 .text.HAL_TiemrDisable
                0x0000000000005392       0x1c ./HAL/hal_timers_ch32.o
                0x0000000000005392                HAL_TiemrDisable
 .text.HW_TIMER_BaseTimerInit
                0x00000000000053ae       0x54 ./HAL/hal_timers_ch32.o
                0x00000000000053ae                HW_TIMER_BaseTimerInit
 .text.HAL_TIMER_InitIt
                0x0000000000005402       0x60 ./HAL/hal_timers_ch32.o
                0x0000000000005402                HAL_TIMER_InitIt
 .text.HAL_TIMER_PWMTimersInit
                0x0000000000005462       0xc2 ./HAL/hal_timers_ch32.o
                0x0000000000005462                HAL_TIMER_PWMTimersInit
 .text.HAL_TimeInitCaptureDMA
                0x0000000000005524       0xec ./HAL/hal_timers_ch32.o
                0x0000000000005524                HAL_TimeInitCaptureDMA
 .text.HAL_TIMER_SetPWMPulse
                0x0000000000005610       0x88 ./HAL/hal_timers_ch32.o
                0x0000000000005610                HAL_TIMER_SetPWMPulse
 .text.HAL_TIMER_EnablePWMCH
                0x0000000000005698       0x1a ./HAL/hal_timers_ch32.o
                0x0000000000005698                HAL_TIMER_EnablePWMCH
 .text.prvInsertBlockIntoFreeList
                0x00000000000056b2       0x4c ./FreeRTOS/portable/MemMang/heap_4.o
 .text.pvPortMalloc
                0x00000000000056fe      0x18a ./FreeRTOS/portable/MemMang/heap_4.o
                0x00000000000056fe                pvPortMalloc
 .text.vPortSetupTimerInterrupt
                0x0000000000005888       0x3e ./FreeRTOS/portable/GCC/RISC-V/port.o
                0x0000000000005888                vPortSetupTimerInterrupt
 .text.xPortStartScheduler
                0x00000000000058c6       0x90 ./FreeRTOS/portable/GCC/RISC-V/port.o
                0x00000000000058c6                xPortStartScheduler
 .text.SysTick_Handler
                0x0000000000005956       0x7c ./FreeRTOS/portable/GCC/RISC-V/port.o
                0x0000000000005956                SysTick_Handler
 .text.vPortEnterCritical
                0x00000000000059d2       0x16 ./FreeRTOS/portable/GCC/RISC-V/port.o
                0x00000000000059d2                vPortEnterCritical
 .text.vPortExitCritical
                0x00000000000059e8       0x42 ./FreeRTOS/portable/GCC/RISC-V/port.o
                0x00000000000059e8                vPortExitCritical
 .text.xPortSetInterruptMask
                0x0000000000005a2a        0xc ./FreeRTOS/portable/GCC/RISC-V/port.o
                0x0000000000005a2a                xPortSetInterruptMask
 .text.vPortClearInterruptMask
                0x0000000000005a36        0x6 ./FreeRTOS/portable/GCC/RISC-V/port.o
                0x0000000000005a36                vPortClearInterruptMask
 .text.vListInitialise
                0x0000000000005a3c       0x14 ./FreeRTOS/list.o
                0x0000000000005a3c                vListInitialise
 .text.vListInitialiseItem
                0x0000000000005a50        0x6 ./FreeRTOS/list.o
                0x0000000000005a50                vListInitialiseItem
 .text.vListInsertEnd
                0x0000000000005a56       0x18 ./FreeRTOS/list.o
                0x0000000000005a56                vListInsertEnd
 .text.vListInsert
                0x0000000000005a6e       0x2e ./FreeRTOS/list.o
                0x0000000000005a6e                vListInsert
 .text.uxListRemove
                0x0000000000005a9c       0x20 ./FreeRTOS/list.o
                0x0000000000005a9c                uxListRemove
 .text.prvIsQueueEmpty
                0x0000000000005abc       0x1e ./FreeRTOS/queue.o
 .text.prvCopyDataToQueue
                0x0000000000005ada       0x72 ./FreeRTOS/queue.o
 .text.prvCopyDataFromQueue
                0x0000000000005b4c       0x28 ./FreeRTOS/queue.o
 .text.prvUnlockQueue
                0x0000000000005b74       0x76 ./FreeRTOS/queue.o
 .text.xQueueGenericReset
                0x0000000000005bea       0xc4 ./FreeRTOS/queue.o
                0x0000000000005bea                xQueueGenericReset
 .text.xQueueGenericCreateStatic
                0x0000000000005cae       0xae ./FreeRTOS/queue.o
                0x0000000000005cae                xQueueGenericCreateStatic
 .text.xQueueGenericCreate
                0x0000000000005d5c       0x72 ./FreeRTOS/queue.o
                0x0000000000005d5c                xQueueGenericCreate
 .text.xQueueGenericSend
                0x0000000000005dce      0x178 ./FreeRTOS/queue.o
                0x0000000000005dce                xQueueGenericSend
 .text.xQueueGiveMutexRecursive
                0x0000000000005f46       0x56 ./FreeRTOS/queue.o
                0x0000000000005f46                xQueueGiveMutexRecursive
 .text.xQueueCreateMutex
                0x0000000000005f9c       0x2e ./FreeRTOS/queue.o
                0x0000000000005f9c                xQueueCreateMutex
 .text.xQueueReceive
                0x0000000000005fca      0x138 ./FreeRTOS/queue.o
                0x0000000000005fca                xQueueReceive
 .text.xQueueSemaphoreTake
                0x0000000000006102      0x18e ./FreeRTOS/queue.o
                0x0000000000006102                xQueueSemaphoreTake
 .text.xQueueTakeMutexRecursive
                0x0000000000006290       0x5a ./FreeRTOS/queue.o
                0x0000000000006290                xQueueTakeMutexRecursive
 .text.uxQueueMessagesWaiting
                0x00000000000062ea       0x44 ./FreeRTOS/queue.o
                0x00000000000062ea                uxQueueMessagesWaiting
 .text.prvIdleTask
                0x000000000000632e        0x2 ./FreeRTOS/tasks.o
 .text.prvAddNewTaskToReadyList
                0x0000000000006330      0x10a ./FreeRTOS/tasks.o
 .text.prvResetNextTaskUnblockTime
                0x000000000000643a       0x20 ./FreeRTOS/tasks.o
 .text.prvTaskIsTaskSuspended
                0x000000000000645a       0x50 ./FreeRTOS/tasks.o
 .text.prvInitialiseNewTask.isra.2
                0x00000000000064aa       0xc8 ./FreeRTOS/tasks.o
 .text.prvAddCurrentTaskToDelayedList
                0x0000000000006572       0xa4 ./FreeRTOS/tasks.o
 .text.xTaskCreateStatic
                0x0000000000006616       0xa6 ./FreeRTOS/tasks.o
                0x0000000000006616                xTaskCreateStatic
 .text.vTaskResume
                0x00000000000066bc       0xa6 ./FreeRTOS/tasks.o
                0x00000000000066bc                vTaskResume
 .text.vTaskStartScheduler
                0x0000000000006762       0x5c ./FreeRTOS/tasks.o
                0x0000000000006762                vTaskStartScheduler
 .text.vTaskSuspendAll
                0x00000000000067be       0x10 ./FreeRTOS/tasks.o
                0x00000000000067be                vTaskSuspendAll
 .text.xTaskGetTickCount
                0x00000000000067ce        0x6 ./FreeRTOS/tasks.o
                0x00000000000067ce                xTaskGetTickCount
 .text.xTaskIncrementTick
                0x00000000000067d4      0x194 ./FreeRTOS/tasks.o
                0x00000000000067d4                xTaskIncrementTick
 .text.xTaskResumeAll
                0x0000000000006968      0x154 ./FreeRTOS/tasks.o
                0x0000000000006968                xTaskResumeAll
 .text.vTaskDelay
                0x0000000000006abc       0x66 ./FreeRTOS/tasks.o
                0x0000000000006abc                vTaskDelay
 .text.vTaskSwitchContext
                0x0000000000006b22       0x92 ./FreeRTOS/tasks.o
                0x0000000000006b22                vTaskSwitchContext
 .text.vTaskSuspend
                0x0000000000006bb4       0xea ./FreeRTOS/tasks.o
                0x0000000000006bb4                vTaskSuspend
 .text.vTaskPlaceOnEventList
                0x0000000000006c9e       0x48 ./FreeRTOS/tasks.o
                0x0000000000006c9e                vTaskPlaceOnEventList
 .text.xTaskRemoveFromEventList
                0x0000000000006ce6       0xe4 ./FreeRTOS/tasks.o
                0x0000000000006ce6                xTaskRemoveFromEventList
 .text.vTaskInternalSetTimeOutState
                0x0000000000006dca        0xe ./FreeRTOS/tasks.o
                0x0000000000006dca                vTaskInternalSetTimeOutState
 .text.xTaskCheckForTimeOut
                0x0000000000006dd8       0xaa ./FreeRTOS/tasks.o
                0x0000000000006dd8                xTaskCheckForTimeOut
 .text.vTaskMissedYield
                0x0000000000006e82        0x8 ./FreeRTOS/tasks.o
                0x0000000000006e82                vTaskMissedYield
 .text.xTaskGetCurrentTaskHandle
                0x0000000000006e8a        0xa ./FreeRTOS/tasks.o
                0x0000000000006e8a                xTaskGetCurrentTaskHandle
 .text.xTaskPriorityInherit
                0x0000000000006e94       0xaa ./FreeRTOS/tasks.o
                0x0000000000006e94                xTaskPriorityInherit
 .text.xTaskPriorityDisinherit
                0x0000000000006f3e       0xc6 ./FreeRTOS/tasks.o
                0x0000000000006f3e                xTaskPriorityDisinherit
 .text.vTaskPriorityDisinheritAfterTimeout
                0x0000000000007004       0xe2 ./FreeRTOS/tasks.o
                0x0000000000007004                vTaskPriorityDisinheritAfterTimeout
 .text.pvTaskIncrementMutexHeldCount
                0x00000000000070e6       0x1c ./FreeRTOS/tasks.o
                0x00000000000070e6                pvTaskIncrementMutexHeldCount
 .text.ulTaskGenericNotifyTake
                0x0000000000007102       0xb8 ./FreeRTOS/tasks.o
                0x0000000000007102                ulTaskGenericNotifyTake
 .text.xTaskGenericNotifyWait
                0x00000000000071ba       0xe6 ./FreeRTOS/tasks.o
                0x00000000000071ba                xTaskGenericNotifyWait
 .text.xTaskGenericNotifyFromISR
                0x00000000000072a0      0x1e8 ./FreeRTOS/tasks.o
                0x00000000000072a0                xTaskGenericNotifyFromISR
 .text.Delay_Init
                0x0000000000007488       0x2a ./Debug/debug.o
                0x0000000000007488                Delay_Init
 .text.Delay_Ms
                0x00000000000074b2       0x36 ./Debug/debug.o
                0x00000000000074b2                Delay_Ms
 .text.USART_Printf_Init
                0x00000000000074e8       0x5a ./Debug/debug.o
                0x00000000000074e8                USART_Printf_Init
 .text._write   0x0000000000007542       0x3e ./Debug/debug.o
                0x0000000000007542                _write
 .text._sbrk    0x0000000000007580       0x2a ./Debug/debug.o
                0x0000000000007580                _sbrk
 .text.__get_MEPC
                0x00000000000075aa        0x6 ./Core/core_riscv.o
                0x00000000000075aa                __get_MEPC
 .text.__get_MCAUSE
                0x00000000000075b0        0x6 ./Core/core_riscv.o
                0x00000000000075b0                __get_MCAUSE
 .text.__get_MTVAL
                0x00000000000075b6        0x6 ./Core/core_riscv.o
                0x00000000000075b6                __get_MTVAL
 .text.prv_read_can_received_msg
                0x00000000000075bc       0x50 ./CANopenNode/keypad/CO_driver_ST32F103.o
                0x00000000000075bc                prv_read_can_received_msg
 .text.prv_send_can_message.isra.0
                0x000000000000760c       0x2c ./CANopenNode/keypad/CO_driver_ST32F103.o
 .text.CAN_SendMessage
                0x0000000000007638       0x66 ./CANopenNode/keypad/CO_driver_ST32F103.o
                0x0000000000007638                CAN_SendMessage
 .text.co_drv_create_os_objects
                0x000000000000769e       0x30 ./CANopenNode/keypad/CO_driver_ST32F103.o
                0x000000000000769e                co_drv_create_os_objects
 .text.co_drv_mutex_lock
                0x00000000000076ce       0x18 ./CANopenNode/keypad/CO_driver_ST32F103.o
                0x00000000000076ce                co_drv_mutex_lock
 .text.co_drv_mutex_unlock
                0x00000000000076e6       0x16 ./CANopenNode/keypad/CO_driver_ST32F103.o
                0x00000000000076e6                co_drv_mutex_unlock
 .text.CO_CANsetConfigurationMode
                0x00000000000076fc       0x10 ./CANopenNode/keypad/CO_driver_ST32F103.o
                0x00000000000076fc                CO_CANsetConfigurationMode
 .text.CO_CANsetNormalMode
                0x000000000000770c       0x1c ./CANopenNode/keypad/CO_driver_ST32F103.o
                0x000000000000770c                CO_CANsetNormalMode
 .text.CO_CANmodule_init
                0x0000000000007728      0x110 ./CANopenNode/keypad/CO_driver_ST32F103.o
                0x0000000000007728                CO_CANmodule_init
 .text.CO_CANmodule_disable
                0x0000000000007838       0x14 ./CANopenNode/keypad/CO_driver_ST32F103.o
                0x0000000000007838                CO_CANmodule_disable
 .text.CO_CANrxBufferInit
                0x000000000000784c       0x52 ./CANopenNode/keypad/CO_driver_ST32F103.o
                0x000000000000784c                CO_CANrxBufferInit
 .text.CO_CANtxBufferInit
                0x000000000000789e       0x3a ./CANopenNode/keypad/CO_driver_ST32F103.o
                0x000000000000789e                CO_CANtxBufferInit
 .text.CO_CANmodule_process
                0x00000000000078d8       0x12 ./CANopenNode/keypad/CO_driver_ST32F103.o
                0x00000000000078d8                CO_CANmodule_process
 .text.CO_CANsend
                0x00000000000078ea       0x46 ./CANopenNode/keypad/CO_driver_ST32F103.o
                0x00000000000078ea                CO_CANsend
 .text.CO_LSSslave_receive
                0x0000000000007930      0x1a8 ./CANopenNode/305/CO_LSSslave.o
 .text.CO_LSSslave_init
                0x0000000000007ad8       0xa4 ./CANopenNode/305/CO_LSSslave.o
                0x0000000000007ad8                CO_LSSslave_init
 .text.CO_LSSslave_process
                0x0000000000007b7c      0x1a2 ./CANopenNode/305/CO_LSSslave.o
                0x0000000000007b7c                CO_LSSslave_process
 .text.OD_write_1003
                0x0000000000007d1e       0x28 ./CANopenNode/301/CO_Emergency.o
 .text.OD_read_1003
                0x0000000000007d46       0x8c ./CANopenNode/301/CO_Emergency.o
 .text.OD_read_1014_default
                0x0000000000007dd2       0x50 ./CANopenNode/301/CO_Emergency.o
 .text.CO_EM_init
                0x0000000000007e22      0x112 ./CANopenNode/301/CO_Emergency.o
                0x0000000000007e22                CO_EM_init
 .text.CO_error
                0x0000000000007f34       0xc4 ./CANopenNode/301/CO_Emergency.o
                0x0000000000007f34                CO_error
 .text.CO_EM_process
                0x0000000000007ff8      0x182 ./CANopenNode/301/CO_Emergency.o
                0x0000000000007ff8                CO_EM_process
 .text.CO_NMT_receive
                0x000000000000817a       0x18 ./CANopenNode/301/CO_NMT_Heartbeat.o
 .text.OD_write_1017
                0x0000000000008192       0x48 ./CANopenNode/301/CO_NMT_Heartbeat.o
 .text.CO_NMT_init
                0x00000000000081da       0xec ./CANopenNode/301/CO_NMT_Heartbeat.o
                0x00000000000081da                CO_NMT_init
 .text.CO_NMT_process
                0x00000000000082c6      0x106 ./CANopenNode/301/CO_NMT_Heartbeat.o
                0x00000000000082c6                CO_NMT_process
 .text.OD_readDisabled
                0x00000000000083cc        0x4 ./CANopenNode/301/CO_ODinterface.o
 .text.OD_readOriginal
                0x00000000000083d0       0x50 ./CANopenNode/301/CO_ODinterface.o
                0x00000000000083d0                OD_readOriginal
 .text.OD_writeOriginal
                0x0000000000008420       0x54 ./CANopenNode/301/CO_ODinterface.o
                0x0000000000008420                OD_writeOriginal
 .text.OD_writeDisabled
                0x0000000000008474        0x4 ./CANopenNode/301/CO_ODinterface.o
 .text.OD_find  0x0000000000008478       0x70 ./CANopenNode/301/CO_ODinterface.o
                0x0000000000008478                OD_find
 .text.OD_getSub
                0x00000000000084e8       0xf6 ./CANopenNode/301/CO_ODinterface.o
                0x00000000000084e8                OD_getSub
 .text.OD_getSDOabCode
                0x00000000000085de       0x20 ./CANopenNode/301/CO_ODinterface.o
                0x00000000000085de                OD_getSDOabCode
 .text.OD_get_value
                0x00000000000085fe       0x34 ./CANopenNode/301/CO_ODinterface.o
                0x00000000000085fe                OD_get_value
 .text.OD_set_value
                0x0000000000008632       0x2e ./CANopenNode/301/CO_ODinterface.o
                0x0000000000008632                OD_set_value
 .text.OD_getPtr
                0x0000000000008660       0x3c ./CANopenNode/301/CO_ODinterface.o
                0x0000000000008660                OD_getPtr
 .text.OD_write_dummy
                0x000000000000869c        0x8 ./CANopenNode/301/CO_PDO.o
 .text.OD_read_dummy
                0x00000000000086a4       0x2e ./CANopenNode/301/CO_PDO.o
 .text.PDOconfigMap
                0x00000000000086d2      0x100 ./CANopenNode/301/CO_PDO.o
 .text.CO_PDO_receive
                0x00000000000087d2       0x48 ./CANopenNode/301/CO_PDO.o
 .text.OD_read_PDO_commParam
                0x000000000000881a       0x70 ./CANopenNode/301/CO_PDO.o
 .text.PDO_initMapping.constprop.3
                0x000000000000888a       0xe6 ./CANopenNode/301/CO_PDO.o
 .text.OD_write_PDO_mapping
                0x0000000000008970       0xb4 ./CANopenNode/301/CO_PDO.o
 .text.OD_write_18xx
                0x0000000000008a24      0x184 ./CANopenNode/301/CO_PDO.o
 .text.OD_write_14xx
                0x0000000000008ba8      0x15a ./CANopenNode/301/CO_PDO.o
 .text.CO_RPDO_init
                0x0000000000008d02      0x172 ./CANopenNode/301/CO_PDO.o
                0x0000000000008d02                CO_RPDO_init
 .text.CO_RPDO_process
                0x0000000000008e74      0x114 ./CANopenNode/301/CO_PDO.o
                0x0000000000008e74                CO_RPDO_process
 .text.CO_TPDO_init
                0x0000000000008f88      0x1d2 ./CANopenNode/301/CO_PDO.o
                0x0000000000008f88                CO_TPDO_init
 .text.CO_TPDO_process
                0x000000000000915a      0x15e ./CANopenNode/301/CO_PDO.o
                0x000000000000915a                CO_TPDO_process
 .text.CO_SDOserver_init_canRxTx
                0x00000000000092b8       0x82 ./CANopenNode/301/CO_SDOserver.o
 .text.CO_SDO_receive
                0x000000000000933a       0x38 ./CANopenNode/301/CO_SDOserver.o
 .text.readFromOd.isra.1.constprop.5
                0x0000000000009372       0xe2 ./CANopenNode/301/CO_SDOserver.o
 .text.OD_write_1201_additional
                0x0000000000009454      0x158 ./CANopenNode/301/CO_SDOserver.o
 .text.CO_SDOserver_init
                0x00000000000095ac      0x172 ./CANopenNode/301/CO_SDOserver.o
                0x00000000000095ac                CO_SDOserver_init
 .text.CO_SDOserver_process
                0x000000000000971e      0x5e8 ./CANopenNode/301/CO_SDOserver.o
                0x000000000000971e                CO_SDOserver_process
 .text.CO_delete
                0x0000000000009d06       0x56 ./CANopenNode/CANopen.o
                0x0000000000009d06                CO_delete
 .text.CO_new   0x0000000000009d5c      0x102 ./CANopenNode/CANopen.o
                0x0000000000009d5c                CO_new
 .text.CO_CANinit
                0x0000000000009e5e       0x36 ./CANopenNode/CANopen.o
                0x0000000000009e5e                CO_CANinit
 .text.CO_LSSinit
                0x0000000000009e94       0x32 ./CANopenNode/CANopen.o
                0x0000000000009e94                CO_LSSinit
 .text.CO_CANopenInit
                0x0000000000009ec6       0xb8 ./CANopenNode/CANopen.o
                0x0000000000009ec6                CO_CANopenInit
 .text.CO_CANopenInitPDO
                0x0000000000009f7e       0xea ./CANopenNode/CANopen.o
                0x0000000000009f7e                CO_CANopenInitPDO
 .text.CO_process
                0x000000000000a068       0x7e ./CANopenNode/CANopen.o
                0x000000000000a068                CO_process
 .text.CO_process_RPDO
                0x000000000000a0e6       0x40 ./CANopenNode/CANopen.o
                0x000000000000a0e6                CO_process_RPDO
 .text.CO_process_TPDO
                0x000000000000a126       0x40 ./CANopenNode/CANopen.o
                0x000000000000a126                CO_process_TPDO
 .text.__muldf3
                0x000000000000a166      0x4b8 c:/mounriver/mounriver_studio/toolchain/risc-v embedded gcc/bin/../lib/gcc/riscv-none-embed/8.2.0/rv32imacxw/ilp32\libgcc.a(muldf3.o)
                0x000000000000a166                __muldf3
 .text.__floatunsidf
                0x000000000000a61e       0x68 c:/mounriver/mounriver_studio/toolchain/risc-v embedded gcc/bin/../lib/gcc/riscv-none-embed/8.2.0/rv32imacxw/ilp32\libgcc.a(floatunsidf.o)
                0x000000000000a61e                __floatunsidf
 .text.__addsf3
                0x000000000000a686      0x36a c:/mounriver/mounriver_studio/toolchain/risc-v embedded gcc/bin/../lib/gcc/riscv-none-embed/8.2.0/rv32imacxw/ilp32\libgcc.a(addsf3.o)
                0x000000000000a686                __addsf3
 .text.__divsf3
                0x000000000000a9f0      0x2b2 c:/mounriver/mounriver_studio/toolchain/risc-v embedded gcc/bin/../lib/gcc/riscv-none-embed/8.2.0/rv32imacxw/ilp32\libgcc.a(divsf3.o)
                0x000000000000a9f0                __divsf3
 .text.__gesf2  0x000000000000aca2       0x86 c:/mounriver/mounriver_studio/toolchain/risc-v embedded gcc/bin/../lib/gcc/riscv-none-embed/8.2.0/rv32imacxw/ilp32\libgcc.a(gesf2.o)
                0x000000000000aca2                __gesf2
                0x000000000000aca2                __gtsf2
 .text.__lesf2  0x000000000000ad28       0x8c c:/mounriver/mounriver_studio/toolchain/risc-v embedded gcc/bin/../lib/gcc/riscv-none-embed/8.2.0/rv32imacxw/ilp32\libgcc.a(lesf2.o)
                0x000000000000ad28                __ltsf2
                0x000000000000ad28                __lesf2
 .text.__mulsf3
                0x000000000000adb4      0x294 c:/mounriver/mounriver_studio/toolchain/risc-v embedded gcc/bin/../lib/gcc/riscv-none-embed/8.2.0/rv32imacxw/ilp32\libgcc.a(mulsf3.o)
                0x000000000000adb4                __mulsf3
 .text.__subsf3
                0x000000000000b048      0x388 c:/mounriver/mounriver_studio/toolchain/risc-v embedded gcc/bin/../lib/gcc/riscv-none-embed/8.2.0/rv32imacxw/ilp32\libgcc.a(subsf3.o)
                0x000000000000b048                __subsf3
 .text.__fixsfsi
                0x000000000000b3d0       0x62 c:/mounriver/mounriver_studio/toolchain/risc-v embedded gcc/bin/../lib/gcc/riscv-none-embed/8.2.0/rv32imacxw/ilp32\libgcc.a(fixsfsi.o)
                0x000000000000b3d0                __fixsfsi
 .text.__fixunssfsi
                0x000000000000b432       0x56 c:/mounriver/mounriver_studio/toolchain/risc-v embedded gcc/bin/../lib/gcc/riscv-none-embed/8.2.0/rv32imacxw/ilp32\libgcc.a(fixunssfsi.o)
                0x000000000000b432                __fixunssfsi
 .text.__floatsisf
                0x000000000000b488       0xc6 c:/mounriver/mounriver_studio/toolchain/risc-v embedded gcc/bin/../lib/gcc/riscv-none-embed/8.2.0/rv32imacxw/ilp32\libgcc.a(floatsisf.o)
                0x000000000000b488                __floatsisf
 .text.__floatunsisf
                0x000000000000b54e       0xce c:/mounriver/mounriver_studio/toolchain/risc-v embedded gcc/bin/../lib/gcc/riscv-none-embed/8.2.0/rv32imacxw/ilp32\libgcc.a(floatunsisf.o)
                0x000000000000b54e                __floatunsisf
 .text.__truncdfsf2
                0x000000000000b61c      0x16a c:/mounriver/mounriver_studio/toolchain/risc-v embedded gcc/bin/../lib/gcc/riscv-none-embed/8.2.0/rv32imacxw/ilp32\libgcc.a(truncdfsf2.o)
                0x000000000000b61c                __truncdfsf2
 .text.__clzsi2
                0x000000000000b786       0x6e c:/mounriver/mounriver_studio/toolchain/risc-v embedded gcc/bin/../lib/gcc/riscv-none-embed/8.2.0/rv32imacxw/ilp32\libgcc.a(_clzsi2.o)
                0x000000000000b786                __clzsi2
 .text.calloc   0x000000000000b7f4        0xc c:/mounriver/mounriver_studio/toolchain/risc-v embedded gcc/bin/../lib/gcc/riscv-none-embed/8.2.0/../../../../riscv-none-embed/lib/rv32imacxw/ilp32\libg_nano.a(lib_a-calloc.o)
                0x000000000000b7f4                calloc
 .text.free     0x000000000000b800        0xa c:/mounriver/mounriver_studio/toolchain/risc-v embedded gcc/bin/../lib/gcc/riscv-none-embed/8.2.0/../../../../riscv-none-embed/lib/rv32imacxw/ilp32\libg_nano.a(lib_a-malloc.o)
                0x000000000000b800                free
 .text.memcpy   0x000000000000b80a       0xb2 c:/mounriver/mounriver_studio/toolchain/risc-v embedded gcc/bin/../lib/gcc/riscv-none-embed/8.2.0/../../../../riscv-none-embed/lib/rv32imacxw/ilp32\libg_nano.a(lib_a-memcpy.o)
                0x000000000000b80a                memcpy
 .text.memmove  0x000000000000b8bc       0x46 c:/mounriver/mounriver_studio/toolchain/risc-v embedded gcc/bin/../lib/gcc/riscv-none-embed/8.2.0/../../../../riscv-none-embed/lib/rv32imacxw/ilp32\libg_nano.a(lib_a-memmove.o)
                0x000000000000b8bc                memmove
 .text._calloc_r
                0x000000000000b902       0x26 c:/mounriver/mounriver_studio/toolchain/risc-v embedded gcc/bin/../lib/gcc/riscv-none-embed/8.2.0/../../../../riscv-none-embed/lib/rv32imacxw/ilp32\libg_nano.a(lib_a-nano-callocr.o)
                0x000000000000b902                _calloc_r
 .text._free_r  0x000000000000b928       0xa8 c:/mounriver/mounriver_studio/toolchain/risc-v embedded gcc/bin/../lib/gcc/riscv-none-embed/8.2.0/../../../../riscv-none-embed/lib/rv32imacxw/ilp32\libg_nano.a(lib_a-nano-freer.o)
                0x000000000000b928                _free_r
 .text._malloc_r
                0x000000000000b9d0       0xd4 c:/mounriver/mounriver_studio/toolchain/risc-v embedded gcc/bin/../lib/gcc/riscv-none-embed/8.2.0/../../../../riscv-none-embed/lib/rv32imacxw/ilp32\libg_nano.a(lib_a-nano-mallocr.o)
                0x000000000000b9d0                _malloc_r
 .text.printf   0x000000000000baa4       0x40 c:/mounriver/mounriver_studio/toolchain/risc-v embedded gcc/bin/../lib/gcc/riscv-none-embed/8.2.0/../../../../riscv-none-embed/lib/rv32imacxw/ilp32\libg_nano.a(lib_a-printf.o)
                0x000000000000baa4                iprintf
                0x000000000000baa4                printf
 .text._puts_r  0x000000000000bae4       0xd4 c:/mounriver/mounriver_studio/toolchain/risc-v embedded gcc/bin/../lib/gcc/riscv-none-embed/8.2.0/../../../../riscv-none-embed/lib/rv32imacxw/ilp32\libg_nano.a(lib_a-puts.o)
                0x000000000000bae4                _puts_r
 .text.puts     0x000000000000bbb8        0xc c:/mounriver/mounriver_studio/toolchain/risc-v embedded gcc/bin/../lib/gcc/riscv-none-embed/8.2.0/../../../../riscv-none-embed/lib/rv32imacxw/ilp32\libg_nano.a(lib_a-puts.o)
                0x000000000000bbb8                puts
 .text._sbrk_r  0x000000000000bbc4       0x32 c:/mounriver/mounriver_studio/toolchain/risc-v embedded gcc/bin/../lib/gcc/riscv-none-embed/8.2.0/../../../../riscv-none-embed/lib/rv32imacxw/ilp32\libg_nano.a(lib_a-sbrkr.o)
                0x000000000000bbc4                _sbrk_r
 .text.strlen   0x000000000000bbf6       0x12 c:/mounriver/mounriver_studio/toolchain/risc-v embedded gcc/bin/../lib/gcc/riscv-none-embed/8.2.0/../../../../riscv-none-embed/lib/rv32imacxw/ilp32\libg_nano.a(lib_a-strlen.o)
                0x000000000000bbf6                strlen
 .text.__swbuf_r
                0x000000000000bc08       0xbc c:/mounriver/mounriver_studio/toolchain/risc-v embedded gcc/bin/../lib/gcc/riscv-none-embed/8.2.0/../../../../riscv-none-embed/lib/rv32imacxw/ilp32\libg_nano.a(lib_a-wbuf.o)
                0x000000000000bc08                __swbuf_r
 .text.__swsetup_r
                0x000000000000bcc4       0xfe c:/mounriver/mounriver_studio/toolchain/risc-v embedded gcc/bin/../lib/gcc/riscv-none-embed/8.2.0/../../../../riscv-none-embed/lib/rv32imacxw/ilp32\libg_nano.a(lib_a-wsetup.o)
                0x000000000000bcc4                __swsetup_r
 .text.__sflush_r
                0x000000000000bdc2      0x132 c:/mounriver/mounriver_studio/toolchain/risc-v embedded gcc/bin/../lib/gcc/riscv-none-embed/8.2.0/../../../../riscv-none-embed/lib/rv32imacxw/ilp32\libg_nano.a(lib_a-fflush.o)
                0x000000000000bdc2                __sflush_r
 .text._fflush_r
                0x000000000000bef4       0x66 c:/mounriver/mounriver_studio/toolchain/risc-v embedded gcc/bin/../lib/gcc/riscv-none-embed/8.2.0/../../../../riscv-none-embed/lib/rv32imacxw/ilp32\libg_nano.a(lib_a-fflush.o)
                0x000000000000bef4                _fflush_r
 .text.std      0x000000000000bf5a       0x66 c:/mounriver/mounriver_studio/toolchain/risc-v embedded gcc/bin/../lib/gcc/riscv-none-embed/8.2.0/../../../../riscv-none-embed/lib/rv32imacxw/ilp32\libg_nano.a(lib_a-findfp.o)
 .text._cleanup_r
                0x000000000000bfc0        0xa c:/mounriver/mounriver_studio/toolchain/risc-v embedded gcc/bin/../lib/gcc/riscv-none-embed/8.2.0/../../../../riscv-none-embed/lib/rv32imacxw/ilp32\libg_nano.a(lib_a-findfp.o)
                0x000000000000bfc0                _cleanup_r
 .text.__sfmoreglue
                0x000000000000bfca       0x48 c:/mounriver/mounriver_studio/toolchain/risc-v embedded gcc/bin/../lib/gcc/riscv-none-embed/8.2.0/../../../../riscv-none-embed/lib/rv32imacxw/ilp32\libg_nano.a(lib_a-findfp.o)
                0x000000000000bfca                __sfmoreglue
 .text.__sinit  0x000000000000c012       0x6c c:/mounriver/mounriver_studio/toolchain/risc-v embedded gcc/bin/../lib/gcc/riscv-none-embed/8.2.0/../../../../riscv-none-embed/lib/rv32imacxw/ilp32\libg_nano.a(lib_a-findfp.o)
                0x000000000000c012                __sinit
 .text.__sfp    0x000000000000c07e       0xa0 c:/mounriver/mounriver_studio/toolchain/risc-v embedded gcc/bin/../lib/gcc/riscv-none-embed/8.2.0/../../../../riscv-none-embed/lib/rv32imacxw/ilp32\libg_nano.a(lib_a-findfp.o)
                0x000000000000c07e                __sfp
 .text._fwalk_reent
                0x000000000000c11e       0x6a c:/mounriver/mounriver_studio/toolchain/risc-v embedded gcc/bin/../lib/gcc/riscv-none-embed/8.2.0/../../../../riscv-none-embed/lib/rv32imacxw/ilp32\libg_nano.a(lib_a-fwalk.o)
                0x000000000000c11e                _fwalk_reent
 .text.__swhatbuf_r
                0x000000000000c188       0x58 c:/mounriver/mounriver_studio/toolchain/risc-v embedded gcc/bin/../lib/gcc/riscv-none-embed/8.2.0/../../../../riscv-none-embed/lib/rv32imacxw/ilp32\libg_nano.a(lib_a-makebuf.o)
                0x000000000000c188                __swhatbuf_r
 .text.__smakebuf_r
                0x000000000000c1e0       0x94 c:/mounriver/mounriver_studio/toolchain/risc-v embedded gcc/bin/../lib/gcc/riscv-none-embed/8.2.0/../../../../riscv-none-embed/lib/rv32imacxw/ilp32\libg_nano.a(lib_a-makebuf.o)
                0x000000000000c1e0                __smakebuf_r
 .text.__malloc_lock
                0x000000000000c274        0x2 c:/mounriver/mounriver_studio/toolchain/risc-v embedded gcc/bin/../lib/gcc/riscv-none-embed/8.2.0/../../../../riscv-none-embed/lib/rv32imacxw/ilp32\libg_nano.a(lib_a-mlock.o)
                0x000000000000c274                __malloc_lock
 .text.__malloc_unlock
                0x000000000000c276        0x2 c:/mounriver/mounriver_studio/toolchain/risc-v embedded gcc/bin/../lib/gcc/riscv-none-embed/8.2.0/../../../../riscv-none-embed/lib/rv32imacxw/ilp32\libg_nano.a(lib_a-mlock.o)
                0x000000000000c276                __malloc_unlock
 .text.__sfputc_r
                0x000000000000c278       0x28 c:/mounriver/mounriver_studio/toolchain/risc-v embedded gcc/bin/../lib/gcc/riscv-none-embed/8.2.0/../../../../riscv-none-embed/lib/rv32imacxw/ilp32\libg_nano.a(lib_a-nano-vfprintf.o)
 .text.__sfputs_r
                0x000000000000c2a0       0x42 c:/mounriver/mounriver_studio/toolchain/risc-v embedded gcc/bin/../lib/gcc/riscv-none-embed/8.2.0/../../../../riscv-none-embed/lib/rv32imacxw/ilp32\libg_nano.a(lib_a-nano-vfprintf.o)
                0x000000000000c2a0                __sfputs_r
 .text._vfprintf_r
                0x000000000000c2e2      0x288 c:/mounriver/mounriver_studio/toolchain/risc-v embedded gcc/bin/../lib/gcc/riscv-none-embed/8.2.0/../../../../riscv-none-embed/lib/rv32imacxw/ilp32\libg_nano.a(lib_a-nano-vfprintf.o)
                0x000000000000c2e2                _vfprintf_r
                0x000000000000c2e2                _vfiprintf_r
 .text._printf_common
                0x000000000000c56a      0x10c c:/mounriver/mounriver_studio/toolchain/risc-v embedded gcc/bin/../lib/gcc/riscv-none-embed/8.2.0/../../../../riscv-none-embed/lib/rv32imacxw/ilp32\libg_nano.a(lib_a-nano-vfprintf_i.o)
                0x000000000000c56a                _printf_common
 .text._printf_i
                0x000000000000c676      0x2a2 c:/mounriver/mounriver_studio/toolchain/risc-v embedded gcc/bin/../lib/gcc/riscv-none-embed/8.2.0/../../../../riscv-none-embed/lib/rv32imacxw/ilp32\libg_nano.a(lib_a-nano-vfprintf_i.o)
                0x000000000000c676                _printf_i
 .text.__sread  0x000000000000c918       0x2c c:/mounriver/mounriver_studio/toolchain/risc-v embedded gcc/bin/../lib/gcc/riscv-none-embed/8.2.0/../../../../riscv-none-embed/lib/rv32imacxw/ilp32\libg_nano.a(lib_a-stdio.o)
                0x000000000000c918                __sread
 .text.__swrite
                0x000000000000c944       0x48 c:/mounriver/mounriver_studio/toolchain/risc-v embedded gcc/bin/../lib/gcc/riscv-none-embed/8.2.0/../../../../riscv-none-embed/lib/rv32imacxw/ilp32\libg_nano.a(lib_a-stdio.o)
                0x000000000000c944                __swrite
 .text.__sseek  0x000000000000c98c       0x30 c:/mounriver/mounriver_studio/toolchain/risc-v embedded gcc/bin/../lib/gcc/riscv-none-embed/8.2.0/../../../../riscv-none-embed/lib/rv32imacxw/ilp32\libg_nano.a(lib_a-stdio.o)
                0x000000000000c98c                __sseek
 .text.__sclose
                0x000000000000c9bc        0x6 c:/mounriver/mounriver_studio/toolchain/risc-v embedded gcc/bin/../lib/gcc/riscv-none-embed/8.2.0/../../../../riscv-none-embed/lib/rv32imacxw/ilp32\libg_nano.a(lib_a-stdio.o)
                0x000000000000c9bc                __sclose
 .text._write_r
                0x000000000000c9c2       0x36 c:/mounriver/mounriver_studio/toolchain/risc-v embedded gcc/bin/../lib/gcc/riscv-none-embed/8.2.0/../../../../riscv-none-embed/lib/rv32imacxw/ilp32\libg_nano.a(lib_a-writer.o)
                0x000000000000c9c2                _write_r
 .text._close_r
                0x000000000000c9f8       0x30 c:/mounriver/mounriver_studio/toolchain/risc-v embedded gcc/bin/../lib/gcc/riscv-none-embed/8.2.0/../../../../riscv-none-embed/lib/rv32imacxw/ilp32\libg_nano.a(lib_a-closer.o)
                0x000000000000c9f8                _close_r
 .text._fstat_r
                0x000000000000ca28       0x32 c:/mounriver/mounriver_studio/toolchain/risc-v embedded gcc/bin/../lib/gcc/riscv-none-embed/8.2.0/../../../../riscv-none-embed/lib/rv32imacxw/ilp32\libg_nano.a(lib_a-fstatr.o)
                0x000000000000ca28                _fstat_r
 .text._isatty_r
                0x000000000000ca5a       0x30 c:/mounriver/mounriver_studio/toolchain/risc-v embedded gcc/bin/../lib/gcc/riscv-none-embed/8.2.0/../../../../riscv-none-embed/lib/rv32imacxw/ilp32\libg_nano.a(lib_a-isattyr.o)
                0x000000000000ca5a                _isatty_r
 .text._lseek_r
                0x000000000000ca8a       0x34 c:/mounriver/mounriver_studio/toolchain/risc-v embedded gcc/bin/../lib/gcc/riscv-none-embed/8.2.0/../../../../riscv-none-embed/lib/rv32imacxw/ilp32\libg_nano.a(lib_a-lseekr.o)
                0x000000000000ca8a                _lseek_r
 .text.memchr   0x000000000000cabe       0x18 c:/mounriver/mounriver_studio/toolchain/risc-v embedded gcc/bin/../lib/gcc/riscv-none-embed/8.2.0/../../../../riscv-none-embed/lib/rv32imacxw/ilp32\libg_nano.a(lib_a-memchr.o)
                0x000000000000cabe                memchr
 .text._read_r  0x000000000000cad6       0x34 c:/mounriver/mounriver_studio/toolchain/risc-v embedded gcc/bin/../lib/gcc/riscv-none-embed/8.2.0/../../../../riscv-none-embed/lib/rv32imacxw/ilp32\libg_nano.a(lib_a-readr.o)
                0x000000000000cad6                _read_r
 .text._close   0x000000000000cb0a       0x10 c:/mounriver/mounriver_studio/toolchain/risc-v embedded gcc/bin/../lib/gcc/riscv-none-embed/8.2.0/../../../../riscv-none-embed/lib/rv32imacxw/ilp32\libnosys.a(close.o)
                0x000000000000cb0a                _close
 .text._fstat   0x000000000000cb1a       0x10 c:/mounriver/mounriver_studio/toolchain/risc-v embedded gcc/bin/../lib/gcc/riscv-none-embed/8.2.0/../../../../riscv-none-embed/lib/rv32imacxw/ilp32\libnosys.a(fstat.o)
                0x000000000000cb1a                _fstat
 .text._isatty  0x000000000000cb2a       0x10 c:/mounriver/mounriver_studio/toolchain/risc-v embedded gcc/bin/../lib/gcc/riscv-none-embed/8.2.0/../../../../riscv-none-embed/lib/rv32imacxw/ilp32\libnosys.a(isatty.o)
                0x000000000000cb2a                _isatty
 .text._lseek   0x000000000000cb3a       0x10 c:/mounriver/mounriver_studio/toolchain/risc-v embedded gcc/bin/../lib/gcc/riscv-none-embed/8.2.0/../../../../riscv-none-embed/lib/rv32imacxw/ilp32\libnosys.a(lseek.o)
                0x000000000000cb3a                _lseek
 .text._read    0x000000000000cb4a       0x10 c:/mounriver/mounriver_studio/toolchain/risc-v embedded gcc/bin/../lib/gcc/riscv-none-embed/8.2.0/../../../../riscv-none-embed/lib/rv32imacxw/ilp32\libnosys.a(read.o)
                0x000000000000cb4a                _read
 *(.rodata)
 *(.rodata*)
 *fill*         0x000000000000cb5a        0x2 
 .rodata.bitrate_table
                0x000000000000cb5c       0x10 ./User/DataModel.o
 .rodata.vIncrementSystemCounters.cst4
                0x000000000000cb6c        0x8 ./User/DataModel.o
 .rodata.HardFault_Handler.str1.4
                0x000000000000cb74       0x42 ./User/ch32v20x_it.o
 *fill*         0x000000000000cbb6        0x2 
 .rodata.getODValue
                0x000000000000cbb8       0x74 ./User/dash_draw.o
 .rodata.MenuStateCross
                0x000000000000cc2c       0x1c ./User/dash_draw.o
 .rodata.dm     0x000000000000cc48       0x3f ./User/dash_draw.o
 *fill*         0x000000000000cc87        0x1 
 .rodata.getODValue.cst4
                0x000000000000cc88        0x4 ./User/dash_draw.o
                                          0x8 (size before relaxing)
 .rodata.vBarColorMode.cst4
                0x000000000000cc8c        0x4 ./User/dash_draw.o
 .rodata.ADC_FSM.cst4
                0x000000000000cc90       0x10 ./User/inputs.o
                                         0x14 (size before relaxing)
 .rodata.ADC_FSM.cst8
                0x000000000000cca0       0x18 ./User/inputs.o
 .rodata.vInputsTask.cst4
                0x000000000000ccb8        0xc ./User/inputs.o
 .rodata.vInputsTask.str1.4
                0x000000000000ccc4       0x11 ./User/inputs.o
 *fill*         0x000000000000ccd5        0x3 
 .rodata.SetSegDirect
                0x000000000000ccd8       0x1c ./User/led.o
 .rodata.Brigth
                0x000000000000ccf4       0x1e ./User/led.o
 *fill*         0x000000000000cd12        0x2 
 .rodata.DigitMask
                0x000000000000cd14        0xa ./User/led.o
                0x000000000000cd14                DigitMask
 *fill*         0x000000000000cd1e        0x2 
 .rodata.offset_mask
                0x000000000000cd20        0xe ./User/led.o
 *fill*         0x000000000000cd2e        0x2 
 .rodata.step_mask
                0x000000000000cd30        0xe ./User/led.o
 *fill*         0x000000000000cd3e        0x2 
 .rodata.OD_ADC1_CAL_extension
                0x000000000000cd40       0x10 ./User/process.o
                0x000000000000cd40                OD_ADC1_CAL_extension
 .rodata.OD_ADC2_CAL_extension
                0x000000000000cd50       0x10 ./User/process.o
                0x000000000000cd50                OD_ADC2_CAL_extension
 .rodata.OD_ADC3_CAL_extension
                0x000000000000cd60       0x10 ./User/process.o
                0x000000000000cd60                OD_ADC3_CAL_extension
 .rodata.OD_AIN_RPM_extension
                0x000000000000cd70       0x10 ./User/process.o
                0x000000000000cd70                OD_AIN_RPM_extension
 .rodata.OD_BAR_extension
                0x000000000000cd80       0x10 ./User/process.o
                0x000000000000cd80                OD_BAR_extension
 .rodata.OD_BOARD_SETTINGS_extension
                0x000000000000cd90       0x10 ./User/process.o
                0x000000000000cd90                OD_BOARD_SETTINGS_extension
 .rodata.OD_DASH_PARAM_extension
                0x000000000000cda0       0x10 ./User/process.o
                0x000000000000cda0                OD_DASH_PARAM_extension
 .rodata.OD_DIN_extension
                0x000000000000cdb0       0x10 ./User/process.o
                0x000000000000cdb0                OD_DIN_extension
 .rodata.OD_KEY_extension
                0x000000000000cdc0       0x10 ./User/process.o
                0x000000000000cdc0                OD_KEY_extension
 .rodata.OD_MENU_MAP_extension
                0x000000000000cdd0       0x10 ./User/process.o
                0x000000000000cdd0                OD_MENU_MAP_extension
 .rodata.OD_MENU_SETUP_extension
                0x000000000000cde0       0x10 ./User/process.o
                0x000000000000cde0                OD_MENU_SETUP_extension
 .rodata.OD_RGB10_extension
                0x000000000000cdf0       0x10 ./User/process.o
                0x000000000000cdf0                OD_RGB10_extension
 .rodata.OD_RGB11_extension
                0x000000000000ce00       0x10 ./User/process.o
                0x000000000000ce00                OD_RGB11_extension
 .rodata.OD_RGB12_extension
                0x000000000000ce10       0x10 ./User/process.o
                0x000000000000ce10                OD_RGB12_extension
 .rodata.OD_RGB13_extension
                0x000000000000ce20       0x10 ./User/process.o
                0x000000000000ce20                OD_RGB13_extension
 .rodata.OD_RGB1_extension
                0x000000000000ce30       0x10 ./User/process.o
                0x000000000000ce30                OD_RGB1_extension
 .rodata.OD_RGB2_extension
                0x000000000000ce40       0x10 ./User/process.o
                0x000000000000ce40                OD_RGB2_extension
 .rodata.OD_RGB3_extension
                0x000000000000ce50       0x10 ./User/process.o
                0x000000000000ce50                OD_RGB3_extension
 .rodata.OD_RGB4_extension
                0x000000000000ce60       0x10 ./User/process.o
                0x000000000000ce60                OD_RGB4_extension
 .rodata.OD_RGB5_extension
                0x000000000000ce70       0x10 ./User/process.o
                0x000000000000ce70                OD_RGB5_extension
 .rodata.OD_RGB6_extension
                0x000000000000ce80       0x10 ./User/process.o
                0x000000000000ce80                OD_RGB6_extension
 .rodata.OD_RGB7_extension
                0x000000000000ce90       0x10 ./User/process.o
                0x000000000000ce90                OD_RGB7_extension
 .rodata.OD_RGB8_extension
                0x000000000000cea0       0x10 ./User/process.o
                0x000000000000cea0                OD_RGB8_extension
 .rodata.OD_RGB9_extension
                0x000000000000ceb0       0x10 ./User/process.o
                0x000000000000ceb0                OD_RGB9_extension
 .rodata.OD_RGBMAP_extension
                0x000000000000cec0       0x10 ./User/process.o
                0x000000000000cec0                OD_RGBMAP_extension
 .rodata.OD_RPMCONFIG_extension
                0x000000000000ced0       0x10 ./User/process.o
                0x000000000000ced0                OD_RPMCONFIG_extension
 .rodata.OD_SEG_extension
                0x000000000000cee0       0x10 ./User/process.o
                0x000000000000cee0                OD_SEG_extension
 .rodata.OD_VRegiters_extension
                0x000000000000cef0       0x10 ./User/process.o
                0x000000000000cef0                OD_VRegiters_extension
 .rodata.writeADC.isra.9.cst4
                0x000000000000cf00        0x4 ./User/process.o
 .rodata.StartDefaultTask.str1.4
                0x000000000000cf00        0x7 ./User/system_init.o
 *fill*         0x000000000000cf07        0x1 
 .rodata.str1.4
                0x000000000000cf08       0x44 ./User/system_init.o
 .rodata.vInitABFilter.cst4
                0x000000000000cf4c        0x4 ./HAL_LIB/filters.o
 .rodata.GetRPM.cst4
                0x000000000000cf50        0x4 ./HAL_LIB/hw_lib_din.o
 .rodata.vSetRPMConfig.cst4
                0x000000000000cf54        0x4 ./HAL_LIB/hw_lib_din.o
 .rodata.I2C_FSM
                0x000000000000cf58       0x30 ./HAL_LIB/hw_lib_eeprom_i2c.o
 .rodata.ADC_chennel_ref
                0x000000000000cf88       0x12 ./HAL/hal_adc_ch32.o
 *fill*         0x000000000000cf9a        0x2 
 .rodata.timers
                0x000000000000cf9c       0x14 ./HAL/hal_timers_ch32.o
 .rodata.pvPortMalloc.str1.4
                0x000000000000cfb0       0x49 ./FreeRTOS/portable/MemMang/heap_4.o