Archive member included to satisfy reference by file (symbol)

c:/mounriver/mounriver_studio/toolchain/risc-v embedded gcc/bin/../lib/gcc/riscv-none-embed/8.2.0/rv32imacxw/ilp32\libgcc.a(addsf3.o)
                              ./User/DataModel.o (__addsf3)
c:/mounriver/mounriver_studio/toolchain/risc-v embedded gcc/bin/../lib/gcc/riscv-none-embed/8.2.0/rv32imacxw/ilp32\libgcc.a(divsf3.o)
                              ./User/DataModel.o (__divsf3)
c:/mounriver/mounriver_studio/toolchain/risc-v embedded gcc/bin/../lib/gcc/riscv-none-embed/8.2.0/rv32imacxw/ilp32\libgcc.a(eqsf2.o)
                              ./HWLIB/hw_lib_din.o (__nesf2)
c:/mounriver/mounriver_studio/toolchain/risc-v embedded gcc/bin/../lib/gcc/riscv-none-embed/8.2.0/rv32imacxw/ilp32\libgcc.a(gesf2.o)
                              ./User/inputs.o (__gesf2)
c:/mounriver/mounriver_studio/toolchain/risc-v embedded gcc/bin/../lib/gcc/riscv-none-embed/8.2.0/rv32imacxw/ilp32\libgcc.a(lesf2.o)
                              ./HWLIB/hw_lib_adc.o (__lesf2)
c:/mounriver/mounriver_studio/toolchain/risc-v embedded gcc/bin/../lib/gcc/riscv-none-embed/8.2.0/rv32imacxw/ilp32\libgcc.a(mulsf3.o)
                              ./User/dash_draw.o (__mulsf3)
c:/mounriver/mounriver_studio/toolchain/risc-v embedded gcc/bin/../lib/gcc/riscv-none-embed/8.2.0/rv32imacxw/ilp32\libgcc.a(subsf3.o)
                              ./User/inputs.o (__subsf3)
c:/mounriver/mounriver_studio/toolchain/risc-v embedded gcc/bin/../lib/gcc/riscv-none-embed/8.2.0/rv32imacxw/ilp32\libgcc.a(fixsfsi.o)
                              ./User/dash_draw.o (__fixsfsi)
c:/mounriver/mounriver_studio/toolchain/risc-v embedded gcc/bin/../lib/gcc/riscv-none-embed/8.2.0/rv32imacxw/ilp32\libgcc.a(fixunssfsi.o)
                              ./User/DataModel.o (__fixunssfsi)
c:/mounriver/mounriver_studio/toolchain/risc-v embedded gcc/bin/../lib/gcc/riscv-none-embed/8.2.0/rv32imacxw/ilp32\libgcc.a(floatsisf.o)
                              ./User/DataModel.o (__floatsisf)
c:/mounriver/mounriver_studio/toolchain/risc-v embedded gcc/bin/../lib/gcc/riscv-none-embed/8.2.0/rv32imacxw/ilp32\libgcc.a(floatunsisf.o)
                              ./User/DataModel.o (__floatunsisf)
c:/mounriver/mounriver_studio/toolchain/risc-v embedded gcc/bin/../lib/gcc/riscv-none-embed/8.2.0/rv32imacxw/ilp32\libgcc.a(save-restore.o)
                              ./User/inputs.o (__riscv_save_12)
c:/mounriver/mounriver_studio/toolchain/risc-v embedded gcc/bin/../lib/gcc/riscv-none-embed/8.2.0/rv32imacxw/ilp32\libgcc.a(_clzsi2.o)
                              c:/mounriver/mounriver_studio/toolchain/risc-v embedded gcc/bin/../lib/gcc/riscv-none-embed/8.2.0/rv32imacxw/ilp32\libgcc.a(addsf3.o) (__clzsi2)
c:/mounriver/mounriver_studio/toolchain/risc-v embedded gcc/bin/../lib/gcc/riscv-none-embed/8.2.0/rv32imacxw/ilp32\libgcc.a(_clz.o)
                              c:/mounriver/mounriver_studio/toolchain/risc-v embedded gcc/bin/../lib/gcc/riscv-none-embed/8.2.0/rv32imacxw/ilp32\libgcc.a(_clzsi2.o) (__clz_tab)
c:/mounriver/mounriver_studio/toolchain/risc-v embedded gcc/bin/../lib/gcc/riscv-none-embed/8.2.0/../../../../riscv-none-embed/lib/rv32imacxw/ilp32\libg_nano.a(lib_a-calloc.o)
                              ./CANopenNode/CANopen.o (calloc)
c:/mounriver/mounriver_studio/toolchain/risc-v embedded gcc/bin/../lib/gcc/riscv-none-embed/8.2.0/../../../../riscv-none-embed/lib/rv32imacxw/ilp32\libg_nano.a(lib_a-impure.o)
                              c:/mounriver/mounriver_studio/toolchain/risc-v embedded gcc/bin/../lib/gcc/riscv-none-embed/8.2.0/../../../../riscv-none-embed/lib/rv32imacxw/ilp32\libg_nano.a(lib_a-calloc.o) (_impure_ptr)
c:/mounriver/mounriver_studio/toolchain/risc-v embedded gcc/bin/../lib/gcc/riscv-none-embed/8.2.0/../../../../riscv-none-embed/lib/rv32imacxw/ilp32\libg_nano.a(lib_a-malloc.o)
                              ./CANopenNode/CANopen.o (free)
c:/mounriver/mounriver_studio/toolchain/risc-v embedded gcc/bin/../lib/gcc/riscv-none-embed/8.2.0/../../../../riscv-none-embed/lib/rv32imacxw/ilp32\libg_nano.a(lib_a-memcpy.o)
                              ./User/DataModel.o (memcpy)
c:/mounriver/mounriver_studio/toolchain/risc-v embedded gcc/bin/../lib/gcc/riscv-none-embed/8.2.0/../../../../riscv-none-embed/lib/rv32imacxw/ilp32\libg_nano.a(lib_a-memmove.o)
                              ./CANopenNode/301/CO_SDOserver.o (memmove)
c:/mounriver/mounriver_studio/toolchain/risc-v embedded gcc/bin/../lib/gcc/riscv-none-embed/8.2.0/../../../../riscv-none-embed/lib/rv32imacxw/ilp32\libg_nano.a(lib_a-memset.o)
                              ./User/DataModel.o (memset)
c:/mounriver/mounriver_studio/toolchain/risc-v embedded gcc/bin/../lib/gcc/riscv-none-embed/8.2.0/../../../../riscv-none-embed/lib/rv32imacxw/ilp32\libg_nano.a(lib_a-nano-callocr.o)
[...]
Memory Configuration

Name             Origin             Length             Attributes
FLASH            0x0000000000000000 0x0000000000010000 xr
SFLASH           0x0000000000010000 0x0000000000002800 xr
RAM              0x0000000020000000 0x0000000000005000 xrw
*default*        0x0000000000000000 0xffffffffffffffff

Linker script and memory map

LOAD ./User/CanOpenNode.o
LOAD ./User/DataModel.o
LOAD ./User/ch32v20x_it.o
LOAD ./User/dash_draw.o
LOAD ./User/init.o
LOAD ./User/inputs.o
LOAD ./User/led.o
LOAD ./User/main.o
LOAD ./User/process.o
LOAD ./User/system_ch32v20x.o
LOAD ./User/system_init.o
LOAD ./Startup/startup_ch32v20x_D6.o
LOAD ./Peripheral/src/ch32v20x_adc.o
LOAD ./Peripheral/src/ch32v20x_bkp.o
LOAD ./Peripheral/src/ch32v20x_can.o
LOAD ./Peripheral/src/ch32v20x_crc.o
LOAD ./Peripheral/src/ch32v20x_dbgmcu.o
LOAD ./Peripheral/src/ch32v20x_dma.o
LOAD ./Peripheral/src/ch32v20x_exti.o
LOAD ./Peripheral/src/ch32v20x_flash.o
LOAD ./Peripheral/src/ch32v20x_gpio.o
LOAD ./Peripheral/src/ch32v20x_i2c.o
LOAD ./Peripheral/src/ch32v20x_iwdg.o
LOAD ./Peripheral/src/ch32v20x_misc.o
LOAD ./Peripheral/src/ch32v20x_opa.o
LOAD ./Peripheral/src/ch32v20x_pwr.o
LOAD ./Peripheral/src/ch32v20x_rcc.o
LOAD ./Peripheral/src/ch32v20x_rtc.o
LOAD ./Peripheral/src/ch32v20x_spi.o
LOAD ./Peripheral/src/ch32v20x_tim.o
LOAD ./Peripheral/src/ch32v20x_usart.o
LOAD ./Peripheral/src/ch32v20x_wwdg.o
LOAD ./HWLIB/hw_lib_adc.o
LOAD ./HWLIB/hw_lib_din.o
LOAD ./HAL_LIB/filters.o
LOAD ./HAL_LIB/hw_lib_eeprom_i2c.o
LOAD ./HAL_DRIVER/hal_can_ch32.o
LOAD ./HAL_DRIVER/hal_gpio_ch32.o
LOAD ./HAL_DRIVER/hal_irq.o
LOAD ./HAL_DRIVER/hal_rtc_ch32.o
LOAD ./HAL_DRIVER/hal_spi_ch32.o
LOAD ./HAL_DRIVER/hal_wdt_ch32.o
LOAD ./HAL/hal_adc_ch32.o
LOAD ./HAL/hal_dma_ch32.o
LOAD ./HAL/hal_i2c_ch32.o
LOAD ./HAL/hal_timers_ch32.o
LOAD ./FreeRTOS/portable/MemMang/heap_4.o
LOAD ./FreeRTOS/portable/GCC/RISC-V/port.o
LOAD ./FreeRTOS/portable/GCC/RISC-V/portASM.o
LOAD ./FreeRTOS/croutine.o
LOAD ./FreeRTOS/event_groups.o
LOAD ./FreeRTOS/list.o
LOAD ./FreeRTOS/queue.o
LOAD ./FreeRTOS/stream_buffer.o
LOAD ./FreeRTOS/tasks.o
LOAD ./FreeRTOS/timers.o
LOAD ./Debug/debug.o
LOAD ./Core/core_riscv.o
LOAD ./CANopenNode/keypad/CO_driver_ST32F103.o
LOAD ./CANopenNode/keypad/OD.o
LOAD ./CANopenNode/extra/CO_trace.o
LOAD ./CANopenNode/309/CO_gateway_ascii.o
LOAD ./CANopenNode/305/CO_LSSmaster.o
LOAD ./CANopenNode/305/CO_LSSslave.o
LOAD ./CANopenNode/304/CO_GFC.o
LOAD ./CANopenNode/304/CO_SRDO.o
LOAD ./CANopenNode/303/CO_LEDs.o
LOAD ./CANopenNode/301/CO_Emergency.o
LOAD ./CANopenNode/301/CO_HBconsumer.o
LOAD ./CANopenNode/301/CO_NMT_Heartbeat.o
LOAD ./CANopenNode/301/CO_Node_Guarding.o
LOAD ./CANopenNode/301/CO_ODinterface.o
LOAD ./CANopenNode/301/CO_PDO.o
LOAD ./CANopenNode/301/CO_SDOclient.o
LOAD ./CANopenNode/301/CO_SDOserver.o
LOAD ./CANopenNode/301/CO_SYNC.o
LOAD ./CANopenNode/301/CO_TIME.o
LOAD ./CANopenNode/301/CO_fifo.o
LOAD ./CANopenNode/301/crc16-ccitt.o
LOAD ./CANopenNode/CANopen.o
LOAD c:/mounriver/mounriver_studio/toolchain/risc-v embedded gcc/bin/../lib/gcc/riscv-none-embed/8.2.0/../../../../riscv-none-embed/lib/rv32imacxw/ilp32\libm.a
LOAD c:/mounriver/mounriver_studio/toolchain/risc-v embedded gcc/bin/../lib/gcc/riscv-none-embed/8.2.0/rv32imacxw/ilp32\libgcc.a
LOAD c:/mounriver/mounriver_studio/toolchain/risc-v embedded gcc/bin/../lib/gcc/riscv-none-embed/8.2.0/../../../../riscv-none-embed/lib/rv32imacxw/ilp32\libg_nano.a
LOAD c:/mounriver/mounriver_studio/toolchain/risc-v embedded gcc/bin/../lib/gcc/riscv-none-embed/8.2.0/../../../../riscv-none-embed/lib/rv32imacxw/ilp32\libc_nano.a
LOAD c:/mounriver/mounriver_studio/toolchain/risc-v embedded gcc/bin/../lib/gcc/riscv-none-embed/8.2.0/rv32imacxw/ilp32\libgcc.a
START GROUP
LOAD c:/mounriver/mounriver_studio/toolchain/risc-v embedded gcc/bin/../lib/gcc/riscv-none-embed/8.2.0/rv32imacxw/ilp32\libgcc.a
LOAD c:/mounriver/mounriver_studio/toolchain/risc-v embedded gcc/bin/../lib/gcc/riscv-none-embed/8.2.0/../../../../riscv-none-embed/lib/rv32imacxw/ilp32\libc_nano.a
LOAD c:/mounriver/mounriver_studio/toolchain/risc-v embedded gcc/bin/../lib/gcc/riscv-none-embed/8.2.0/../../../../riscv-none-embed/lib/rv32imacxw/ilp32\libnosys.a
END GROUP
START GROUP
LOAD c:/mounriver/mounriver_studio/toolchain/risc-v embedded gcc/bin/../lib/gcc/riscv-none-embed/8.2.0/rv32imacxw/ilp32\libgcc.a
LOAD c:/mounriver/mounriver_studio/toolchain/risc-v embedded gcc/bin/../lib/gcc/riscv-none-embed/8.2.0/../../../../riscv-none-embed/lib/rv32imacxw/ilp32\libc_nano.a
LOAD c:/mounriver/mounriver_studio/toolchain/risc-v embedded gcc/bin/../lib/gcc/riscv-none-embed/8.2.0/../../../../riscv-none-embed/lib/rv32imacxw/ilp32\libnosys.a
END GROUP
                0x0000000000000be8                __stack_size = 0xbe8
                [!provide]                        PROVIDE (_stack_size = __stack_size)

.init           0x0000000000000000       0x38
                0x0000000000000000                _sinit = .
                0x0000000000000000                . = ALIGN (0x4)
 *(SORT_NONE(.init))
 .init          0x0000000000000000       0x38 ./Startup/startup_ch32v20x_D6.o
                0x0000000000000000                _start
                0x0000000000000038                . = ALIGN (0x4)
                0x0000000000000038                _einit = .

.vector         0x0000000000000038      0x108
 *(.vector)
 .vector        0x0000000000000038       0xfc ./Startup/startup_ch32v20x_D6.o
                0x0000000000000140                . = ALIGN (0x40)
 *fill*         0x0000000000000134        0xc 

.stext          0x0000000000010000      0x296
                0x0000000000010000                . = ALIGN (0x4)
 *(.stext)
 .stext         0x0000000000010000       0x6a ./User/DataModel.o
 .stext         0x000000000001006a      0x100 ./User/system_init.o
                0x000000000001006a                vSYStaskInit
 .stext         0x000000000001016a       0xca ./HAL_DRIVER/hal_rtc_ch32.o
                0x000000000001016a                HAL_RTC_IT_Init
 .stext         0x0000000000010234       0x60 ./HAL_DRIVER/hal_spi_ch32.o
                0x0000000000010234                HAL_SPI_InitDMA
 .stext         0x0000000000010294        0x2 ./HAL_DRIVER/hal_wdt_ch32.o
                0x0000000000010294                HAL_WDT_Init1s

.text           0x0000000000000200     0xdb88
                0x0000000000000200                . = ALIGN (0x4)
 *(.text)
 .text          0x0000000000000200      0x2ee ./FreeRTOS/portable/GCC/RISC-V/portASM.o
                0x0000000000000200                SW_Handler
                0x0000000000000300                xPortStartFirstTask
                0x0000000000000400                pxPortInitialiseStack
 .text          0x00000000000004ee       0x60 c:/mounriver/mounriver_studio/toolchain/risc-v embedded gcc/bin/../lib/gcc/riscv-none-embed/8.2.0/rv32imacxw/ilp32\libgcc.a(save-restore.o)
                0x00000000000004ee                __riscv_save_12
                0x00000000000004f6                __riscv_save_9
                0x00000000000004f6                __riscv_save_11
                0x00000000000004f6                __riscv_save_10
                0x00000000000004f6                __riscv_save_8
                0x0000000000000504                __riscv_save_4
                0x0000000000000504                __riscv_save_6
                0x0000000000000504                __riscv_save_5
                0x0000000000000504                __riscv_save_7
                0x000000000000051e                __riscv_save_3
                0x000000000000051e                __riscv_save_2
                0x000000000000051e                __riscv_save_1
                0x000000000000051e                __riscv_save_0
                0x000000000000052a                __riscv_restore_12
                0x000000000000052e                __riscv_restore_11
                0x000000000000052e                __riscv_restore_9
                0x000000000000052e                __riscv_restore_10
                0x000000000000052e                __riscv_restore_8
                0x0000000000000538                __riscv_restore_5
                0x0000000000000538                __riscv_restore_7
                0x0000000000000538                __riscv_restore_6
                0x0000000000000538                __riscv_restore_4
                0x0000000000000542                __riscv_restore_3
                0x0000000000000542                __riscv_restore_0
                0x0000000000000542                __riscv_restore_2
                0x0000000000000542                __riscv_restore_1
 .text          0x000000000000054e       0xa8 c:/mounriver/mounriver_studio/toolchain/risc-v embedded gcc/bin/../lib/gcc/riscv-none-embed/8.2.0/../../../../riscv-none-embed/lib/rv32imacxw/ilp32\libg_nano.a(lib_a-memset.o)
                0x000000000000054e                memset
 *(.text.*)
 .text.xCanOpenProcessTaskHandle
                0x00000000000005f6        0xa ./User/CanOpenNode.o
                0x00000000000005f6                xCanOpenProcessTaskHandle
 .text.xCanOpenPeriodicTaskHandle
                0x0000000000000600        0xa ./User/CanOpenNode.o
                0x0000000000000600                xCanOpenPeriodicTaskHandle
 .text.vCanOpenInit
                0x000000000000060a        0xa ./User/CanOpenNode.o
                0x000000000000060a                vCanOpenInit
 .text.vCanOpenProcess
                0x0000000000000614      0x192 ./User/CanOpenNode.o
                0x0000000000000614                vCanOpenProcess
 .text.vCanOpenPeriodicProcess
                0x00000000000007a6       0x82 ./User/CanOpenNode.o
                0x00000000000007a6                vCanOpenPeriodicProcess
 .text.xDataRegQueue
                0x0000000000000828        0xa ./User/DataModel.o
                0x0000000000000828                xDataRegQueue
 .text.vDataModelRegDelayWrite
                0x0000000000000832       0x34 ./User/DataModel.o
                0x0000000000000832                vDataModelRegDelayWrite
 .text.setReg32
                0x0000000000000866       0x1a ./User/DataModel.o
                0x0000000000000866                setReg32
 .text.setReg16
                0x0000000000000880        0xe ./User/DataModel.o
                0x0000000000000880                setReg16
 .text.setReg8  0x000000000000088e        0xa ./User/DataModel.o
                0x000000000000088e                setReg8
 .text.SaveReg16
                0x0000000000000898       0x14 ./User/DataModel.o
                0x0000000000000898                SaveReg16
 .text.getReg16
                0x00000000000008ac       0x10 ./User/DataModel.o
                0x00000000000008ac                getReg16
 .text.getReg32
                0x00000000000008bc       0x1c ./User/DataModel.o
                0x00000000000008bc                getReg32
 .text.DataModel_Init
                0x00000000000008d8      0x3b6 ./User/DataModel.o
                0x00000000000008d8                DataModel_Init
 .text.getReg8  0x0000000000000c8e        0xa ./User/DataModel.o
                0x0000000000000c8e                getReg8
 .text.WriteRegAfterDelay
                0x0000000000000c98       0x60 ./User/DataModel.o
                0x0000000000000c98                WriteRegAfterDelay
 .text.WriteReg
                0x0000000000000cf8       0x56 ./User/DataModel.o
                0x0000000000000cf8                WriteReg
 .text.vGetBitrate
                0x0000000000000d4e       0x2a ./User/DataModel.o
                0x0000000000000d4e                vGetBitrate
 .text.vFDGetNMTState
                0x0000000000000d78        0x6 ./User/DataModel.o
                0x0000000000000d78                vFDGetNMTState
 .text.vGetNodeId
                0x0000000000000d7e        0x6 ./User/DataModel.o
                0x0000000000000d7e                vGetNodeId
 .text.vIncrementSystemCounters
                0x0000000000000d84       0x76 ./User/DataModel.o
                0x0000000000000d84                vIncrementSystemCounters
 .text.vSaveData
                0x0000000000000dfa       0x14 ./User/DataModel.o
                0x0000000000000dfa                vSaveData
 .text.getOdometr
                0x0000000000000e0e       0x14 ./User/DataModel.o
                0x0000000000000e0e                getOdometr
 .text.NMI_Handler
                0x0000000000000e22        0x2 ./User/ch32v20x_it.o
                0x0000000000000e22                NMI_Handler
 .text.HardFault_Handler
                0x0000000000000e24       0x66 ./User/ch32v20x_it.o
                0x0000000000000e24                HardFault_Handler
 .text.SegPrint
                0x0000000000000e8a       0x5a ./User/dash_draw.o
 .text.vCheckKeySatate
                0x0000000000000ee4       0x68 ./User/dash_draw.o
 .text.xProcessTaskHandle
                0x0000000000000f4c        0xa ./User/dash_draw.o
                0x0000000000000f4c                xProcessTaskHandle
 .text.vSetErrorReg
                0x0000000000000f56        0xa ./User/dash_draw.o
                0x0000000000000f56                vSetErrorReg
 .text.getODValue
                0x0000000000000f60      0x130 ./User/dash_draw.o
                0x0000000000000f60                getODValue
 .text.IncMenuIndex
                0x0000000000001090       0x80 ./User/dash_draw.o
                0x0000000000001090                IncMenuIndex
 .text.GoToHome
                0x0000000000001110       0x12 ./User/dash_draw.o
                0x0000000000001110                GoToHome
 .text.SetCurMenuHome
                0x0000000000001122       0x1e ./User/dash_draw.o
                0x0000000000001122                SetCurMenuHome
 .text.GetCurMenuHome
                0x0000000000001140        0x6 ./User/dash_draw.o
                0x0000000000001140                GetCurMenuHome
 .text.SetCurrentMenu
                0x0000000000001146       0x12 ./User/dash_draw.o
                0x0000000000001146                SetCurrentMenu
 .text.SetDefault
                0x0000000000001158       0x2a ./User/dash_draw.o
                0x0000000000001158                SetDefault
 .text.MenuBackHomeCheck
                0x0000000000001182       0x38 ./User/dash_draw.o
                0x0000000000001182                MenuBackHomeCheck
 .text.CheckMenuChannel
                0x00000000000011ba       0x20 ./User/dash_draw.o
                0x00000000000011ba                CheckMenuChannel
 .text.vDashDrawInit
                0x00000000000011da       0x80 ./User/dash_draw.o
                0x00000000000011da                vDashDrawInit
 .text.vMenuBlink
                0x000000000000125a       0x4a ./User/dash_draw.o
                0x000000000000125a                vMenuBlink
 .text.SetErrorRegiter
                0x00000000000012a4       0x5e ./User/dash_draw.o
                0x00000000000012a4                SetErrorRegiter
 .text.uGetCurrMenu
                0x0000000000001302       0x26 ./User/dash_draw.o
                0x0000000000001302                uGetCurrMenu
 .text.vGetEdgeData
                0x0000000000001328       0x2a ./User/dash_draw.o
                0x0000000000001328                vGetEdgeData
 .text.checkLedState
                0x0000000000001352       0x3a ./User/dash_draw.o
 .text.vRGBMode
                0x000000000000138c       0x72 ./User/dash_draw.o
                0x000000000000138c                vRGBMode
 .text.vBarColorMode
                0x00000000000013fe       0xc2 ./User/dash_draw.o
                0x00000000000013fe                vBarColorMode
 .text.vBarWindowMode
                0x00000000000014c0       0x5a ./User/dash_draw.o
                0x00000000000014c0                vBarWindowMode
 .text.vBarMode
                0x000000000000151a       0x66 ./User/dash_draw.o
                0x000000000000151a                vBarMode
 .text.RedrawNotifyTaskToInit
                0x0000000000001580       0x28 ./User/dash_draw.o
                0x0000000000001580                RedrawNotifyTaskToInit
 .text.vRedrawTask
                0x00000000000015a8      0x52e ./User/dash_draw.o
                0x00000000000015a8                vRedrawTask
 .text.vInit_DeviceConfig
                0x0000000000001ad6      0x170 ./User/init.o
                0x0000000000001ad6                vInit_DeviceConfig
 .text.HardwareDeinit
                0x0000000000001c46       0x2a ./User/init.o
                0x0000000000001c46                HardwareDeinit
 .text.SoftwareReset
                0x0000000000001c70       0x14 ./User/init.o
                0x0000000000001c70                SoftwareReset
 .text.ADC1_Event
                0x0000000000001c84       0x48 ./User/inputs.o
                0x0000000000001c84                ADC1_Event
 .text.CaptureDMACallBack
                0x0000000000001ccc       0x22 ./User/inputs.o
                0x0000000000001ccc                CaptureDMACallBack
 .text.CaptureDMACallBack_1
                0x0000000000001cee       0x22 ./User/inputs.o
                0x0000000000001cee                CaptureDMACallBack_1
 .text.fDinStateCallback
                0x0000000000001d10       0x32 ./User/inputs.o
                0x0000000000001d10                fDinStateCallback
 .text.vSetDoutState
                0x0000000000001d42       0x28 ./User/inputs.o
                0x0000000000001d42                vSetDoutState
 .text.getInputsTaskHandle
                0x0000000000001d6a        0xa ./User/inputs.o
                0x0000000000001d6a                getInputsTaskHandle
 .text.InputsNotifyTaskToInit
                0x0000000000001d74       0x28 ./User/inputs.o
                0x0000000000001d74                InputsNotifyTaskToInit
 .text.ADC1_Init
                0x0000000000001d9c       0x48 ./User/inputs.o
                0x0000000000001d9c                ADC1_Init
 .text.ADC_FSM  0x0000000000001de4      0x136 ./User/inputs.o
                0x0000000000001de4                ADC_FSM
 .text.GetAIN   0x0000000000001f1a        0xc ./User/inputs.o
                0x0000000000001f1a                GetAIN
 .text.vInputsTask
                0x0000000000001f26      0x2a4 ./User/inputs.o
                0x0000000000001f26                vInputsTask
 .text.SPI1_DMA_Callback
                0x00000000000021ca       0x2e ./User/led.o
                0x00000000000021ca                SPI1_DMA_Callback
 .text.SPI2_DMA_Callback
                0x00000000000021f8       0x2e ./User/led.o
                0x00000000000021f8                SPI2_DMA_Callback
 .text.SetBarState
                0x0000000000002226       0x50 ./User/led.o
                0x0000000000002226                SetBarState
 .text.SetRGB   0x0000000000002276       0x4e ./User/led.o
                0x0000000000002276                SetRGB
 .text.SetSegDirect
                0x00000000000022c4       0x9c ./User/led.o
                0x00000000000022c4                SetSegDirect
 .text.SetSegPoint
                0x0000000000002360       0x22 ./User/led.o
                0x0000000000002360                SetSegPoint
 .text.SetSEG   0x0000000000002382      0x120 ./User/led.o
                0x0000000000002382                SetSEG
 .text.SetBigSeg
                0x00000000000024a2       0x14 ./User/led.o
                0x00000000000024a2                SetBigSeg
 .text.vSetBrigth
                0x00000000000024b6       0x28 ./User/led.o
                0x00000000000024b6                vSetBrigth
 .text.vLedDriverStart
                0x00000000000024de       0x4e ./User/led.o
                0x00000000000024de                vLedDriverStart
 .text.vLedProcess
                0x000000000000252c       0x1e ./User/led.o
                0x000000000000252c                vLedProcess
 .text.vRGBProcess
                0x000000000000254a       0xe2 ./User/led.o
                0x000000000000254a                vRGBProcess
 .text.startup.main
                0x000000000000262c       0x28 ./User/main.o
                0x000000000000262c                main
 .text.vRestartNode
                0x0000000000002654        0x2 ./User/main.o
                0x0000000000002654                vRestartNode
 .text.Error_Handler
                0x0000000000002656        0x8 ./User/main.o
                0x0000000000002656                Error_Handler
 .text.OD_readKEY
                0x000000000000265e        0x8 ./User/process.o
 .text.OD_writeRGBMAP
                0x0000000000002666       0x30 ./User/process.o
 .text.OD_writeKEY
                0x0000000000002696       0x34 ./User/process.o
 .text.OD_readRGBMAP
                0x00000000000026ca       0x22 ./User/process.o
 .text.OD_readDIN
                0x00000000000026ec       0x1c ./User/process.o
 .text.OD_writeMenuSetup
                0x0000000000002708       0x46 ./User/process.o
 .text.OD_writeBoardSettings
                0x000000000000274e       0x78 ./User/process.o
 .text.CO_getUint16
                0x00000000000027c6       0x10 ./User/process.o
 .text.OD_writeSEG
                0x00000000000027d6       0x44 ./User/process.o
 .text.OD_writeBAR
                0x000000000000281a       0x30 ./User/process.o
 .text.OD_writeRPMConfig
                0x000000000000284a       0x36 ./User/process.o
 .text.CO_getUint32
                0x0000000000002880       0x18 ./User/process.o
 .text.OD_writeMenuMap
                0x0000000000002898       0x30 ./User/process.o
 .text.OD_writeV1_14
                0x00000000000028c8       0x54 ./User/process.o
 .text.OD_writeDashParam
                0x000000000000291c       0x44 ./User/process.o
 .text.WriteRGB.isra.2
                0x0000000000002960       0x3a ./User/process.o
 .text.OD_writeRGB1
                0x000000000000299a       0x14 ./User/process.o
 .text.OD_writeRGB2
                0x00000000000029ae       0x16 ./User/process.o
 .text.OD_writeRGB3
                0x00000000000029c4       0x16 ./User/process.o
 .text.OD_writeRGB4
                0x00000000000029da       0x16 ./User/process.o
 .text.OD_writeRGB5
                0x00000000000029f0       0x16 ./User/process.o
 .text.OD_writeRGB6
                0x0000000000002a06       0x16 ./User/process.o
 .text.OD_writeRGB7
                0x0000000000002a1c       0x16 ./User/process.o
 .text.OD_writeRGB8
                0x0000000000002a32       0x16 ./User/process.o
 .text.OD_writeRGB9
                0x0000000000002a48       0x16 ./User/process.o
 .text.OD_writeRGB10
                0x0000000000002a5e       0x16 ./User/process.o
 .text.OD_writeRGB11
                0x0000000000002a74       0x16 ./User/process.o
 .text.OD_writeRGB12
                0x0000000000002a8a       0x16 ./User/process.o
 .text.OD_writeRGB13
                0x0000000000002aa0       0x16 ./User/process.o
 .text.OD_readBoardSettings
                0x0000000000002ab6       0x2c ./User/process.o
 .text.readADC.isra.6
                0x0000000000002ae2       0x84 ./User/process.o
 .text.OD_readADC1
                0x0000000000002b66       0x10 ./User/process.o
 .text.OD_readADC2
                0x0000000000002b76       0x10 ./User/process.o
 .text.OD_readADC3
                0x0000000000002b86       0x10 ./User/process.o
 .text.OD_readMenuSetup
                0x0000000000002b96       0x30 ./User/process.o
 .text.writeADC.isra.9
                0x0000000000002bc6       0xde ./User/process.o
 .text.OD_writeADC1
                0x0000000000002ca4       0x10 ./User/process.o
 .text.OD_writeADC2
                0x0000000000002cb4       0x10 ./User/process.o
 .text.OD_writeADC3
                0x0000000000002cc4       0x10 ./User/process.o
 .text.OD_readRGB.isra.5
                0x0000000000002cd4       0x22 ./User/process.o
 .text.OD_readRGB1
                0x0000000000002cf6       0x10 ./User/process.o
 .text.OD_readRGB2
                0x0000000000002d06       0x12 ./User/process.o
 .text.OD_readRGB3
                0x0000000000002d18       0x12 ./User/process.o
 .text.OD_readRGB4
                0x0000000000002d2a       0x12 ./User/process.o
 .text.OD_readRGB5
                0x0000000000002d3c       0x12 ./User/process.o
 .text.OD_readRGB6
                0x0000000000002d4e       0x12 ./User/process.o
 .text.OD_readRGB7
                0x0000000000002d60       0x12 ./User/process.o
 .text.OD_readRGB8
                0x0000000000002d72       0x12 ./User/process.o
 .text.OD_readRGB9
                0x0000000000002d84       0x12 ./User/process.o
 .text.OD_readRGB10
                0x0000000000002d96       0x12 ./User/process.o
 .text.OD_readRGB11
                0x0000000000002da8       0x12 ./User/process.o
 .text.OD_readRGB12
                0x0000000000002dba       0x12 ./User/process.o
 .text.OD_readRGB13
                0x0000000000002dcc       0x12 ./User/process.o
 .text.OD_readAIN_RPM
                0x0000000000002dde       0x26 ./User/process.o
 .text.OD_readMenuMap
                0x0000000000002e04       0x2c ./User/process.o
 .text.OD_readRPMConfig
                0x0000000000002e30       0x2a ./User/process.o
 .text.OD_readBar
                0x0000000000002e5a       0x28 ./User/process.o
 .text.OD_readDashParam
                0x0000000000002e82       0x4c ./User/process.o
 .text.OD_readSEG
                0x0000000000002ece       0x34 ./User/process.o
 .text.vProceesInit
                0x0000000000002f02      0x202 ./User/process.o
                0x0000000000002f02                vProceesInit
 .text.SystemInit
                0x0000000000003104       0xea ./User/system_ch32v20x.o
                0x0000000000003104                SystemInit
 .text.SystemCoreClockUpdate
                0x00000000000031ee       0x92 ./User/system_ch32v20x.o
                0x00000000000031ee                SystemCoreClockUpdate
 .text.StartDefaultTask
                0x0000000000003280       0x94 ./User/system_init.o
 .text.vApplicationGetIdleTaskMemory
                0x0000000000003314       0x1c ./User/system_init.o
                0x0000000000003314                vApplicationGetIdleTaskMemory
 .text.vSystemStopProcess
                0x0000000000003330       0x1c ./User/system_init.o
                0x0000000000003330                vSystemStopProcess
 .text.vSYSqueueInit
                0x000000000000334c       0x2a ./User/system_init.o
                0x000000000000334c                vSYSqueueInit
 .text.vector_handler
                0x0000000000003376       0x6c ./Startup/startup_ch32v20x_D6.o
                0x000000000000337a                Ecall_M_Mode_Handler
                0x000000000000337c                Ecall_U_Mode_Handler
                0x000000000000337e                Break_Point_Handler
                0x0000000000003384                WWDG_IRQHandler
                0x0000000000003386                PVD_IRQHandler
                0x0000000000003388                TAMPER_IRQHandler
                0x000000000000338c                FLASH_IRQHandler
                0x000000000000338e                RCC_IRQHandler
                0x0000000000003390                EXTI0_IRQHandler
                0x0000000000003392                EXTI1_IRQHandler
                0x0000000000003394                EXTI2_IRQHandler
                0x0000000000003396                EXTI3_IRQHandler
                0x0000000000003398                EXTI4_IRQHandler
                0x000000000000339c                DMA1_Channel2_IRQHandler
                0x00000000000033a4                DMA1_Channel6_IRQHandler
                0x00000000000033a8                ADC1_2_IRQHandler
                0x00000000000033b2                EXTI9_5_IRQHandler
                0x00000000000033b4                TIM1_BRK_IRQHandler
                0x00000000000033b6                TIM1_UP_IRQHandler
                0x00000000000033b8                TIM1_TRG_COM_IRQHandler
                0x00000000000033ba                TIM1_CC_IRQHandler
                0x00000000000033bc                TIM2_IRQHandler
                0x00000000000033be                TIM3_IRQHandler
                0x00000000000033c6                I2C2_EV_IRQHandler
                0x00000000000033c8                I2C2_ER_IRQHandler
                0x00000000000033ca                SPI1_IRQHandler
                0x00000000000033cc                SPI2_IRQHandler
                0x00000000000033ce                USART1_IRQHandler
                0x00000000000033d0                USART2_IRQHandler
                0x00000000000033d2                USART3_IRQHandler
                0x00000000000033d4                EXTI15_10_IRQHandler
                0x00000000000033d6                RTCAlarm_IRQHandler
                0x00000000000033d8                USBWakeUp_IRQHandler
                0x00000000000033da                USBHD_IRQHandler
                0x00000000000033dc                USBHDWakeUp_IRQHandler
                0x00000000000033de                UART4_IRQHandler
                0x00000000000033e0                DMA1_Channel8_IRQHandler
 .text.handle_reset
                0x00000000000033e2       0x92 ./Startup/startup_ch32v20x_D6.o
                0x00000000000033e2                handle_reset
 .text.ADC_Cmd  0x0000000000003474       0x10 ./Peripheral/src/ch32v20x_adc.o
                0x0000000000003474                ADC_Cmd
 .text.ADC_GetResetCalibrationStatus
                0x0000000000003484        0x8 ./Peripheral/src/ch32v20x_adc.o
                0x0000000000003484                ADC_GetResetCalibrationStatus
 .text.ADC_GetCalibrationStatus
                0x000000000000348c        0x8 ./Peripheral/src/ch32v20x_adc.o
                0x000000000000348c                ADC_GetCalibrationStatus
 .text.Get_CalibrationValue
                0x0000000000003494      0x1fe ./Peripheral/src/ch32v20x_adc.o
                0x0000000000003494                Get_CalibrationValue
 .text.DMA_GetFlagStatus
                0x0000000000003692        0xe ./Peripheral/src/ch32v20x_dma.o
                0x0000000000003692                DMA_GetFlagStatus
 .text.DMA_GetITStatus
                0x00000000000036a0        0xc ./Peripheral/src/ch32v20x_dma.o
                0x00000000000036a0                DMA_GetITStatus
 .text.DMA_ClearITPendingBit
                0x00000000000036ac        0x8 ./Peripheral/src/ch32v20x_dma.o
                0x00000000000036ac                DMA_ClearITPendingBit
 .text.GPIO_Init
                0x00000000000036b4       0xfa ./Peripheral/src/ch32v20x_gpio.o
                0x00000000000036b4                GPIO_Init
 .text.GPIO_PinRemapConfig
                0x00000000000037ae       0xf2 ./Peripheral/src/ch32v20x_gpio.o
                0x00000000000037ae                GPIO_PinRemapConfig
 .text.I2C_DualAddressCmd
                0x00000000000038a0       0x18 ./Peripheral/src/ch32v20x_i2c.o
                0x00000000000038a0                I2C_DualAddressCmd
 .text.I2C_ClearFlag
                0x00000000000038b8        0xc ./Peripheral/src/ch32v20x_i2c.o
                0x00000000000038b8                I2C_ClearFlag
 .text.RCC_LSEConfig
                0x00000000000038c4       0x28 ./Peripheral/src/ch32v20x_rcc.o
                0x00000000000038c4                RCC_LSEConfig
 .text.RCC_GetClocksFreq
                0x00000000000038ec       0xbe ./Peripheral/src/ch32v20x_rcc.o
                0x00000000000038ec                RCC_GetClocksFreq
 .text.RCC_APB2PeriphClockCmd
                0x00000000000039aa       0x1e ./Peripheral/src/ch32v20x_rcc.o
                0x00000000000039aa                RCC_APB2PeriphClockCmd
 .text.RCC_GetFlagStatus
                0x00000000000039c8       0x2e ./Peripheral/src/ch32v20x_rcc.o
                0x00000000000039c8                RCC_GetFlagStatus
 .text.RTC_EnterConfigMode
                0x00000000000039f6       0x12 ./Peripheral/src/ch32v20x_rtc.o
                0x00000000000039f6                RTC_EnterConfigMode
 .text.RTC_ExitConfigMode
                0x0000000000003a08       0x18 ./Peripheral/src/ch32v20x_rtc.o
                0x0000000000003a08                RTC_ExitConfigMode
 .text.RTC_GetCounter
                0x0000000000003a20       0x36 ./Peripheral/src/ch32v20x_rtc.o
                0x0000000000003a20                RTC_GetCounter
 .text.RTC_SetCounter
                0x0000000000003a56       0x2c ./Peripheral/src/ch32v20x_rtc.o
                0x0000000000003a56                RTC_SetCounter
 .text.RTC_SetPrescaler
                0x0000000000003a82       0x2e ./Peripheral/src/ch32v20x_rtc.o
                0x0000000000003a82                RTC_SetPrescaler
 .text.RTC_WaitForLastTask
                0x0000000000003ab0       0x10 ./Peripheral/src/ch32v20x_rtc.o
                0x0000000000003ab0                RTC_WaitForLastTask
 .text.RTC_WaitForSynchro
                0x0000000000003ac0       0x24 ./Peripheral/src/ch32v20x_rtc.o
                0x0000000000003ac0                RTC_WaitForSynchro
 .text.TIM_OC1Init
                0x0000000000003ae4       0x6a ./Peripheral/src/ch32v20x_tim.o
                0x0000000000003ae4                TIM_OC1Init
 .text.TIM_OC2Init
                0x0000000000003b4e       0x96 ./Peripheral/src/ch32v20x_tim.o
                0x0000000000003b4e                TIM_OC2Init
 .text.TIM_OC3Init
                0x0000000000003be4       0x94 ./Peripheral/src/ch32v20x_tim.o
                0x0000000000003be4                TIM_OC3Init
 .text.TIM_OC4Init
                0x0000000000003c78       0x6c ./Peripheral/src/ch32v20x_tim.o
                0x0000000000003c78                TIM_OC4Init
 .text.TIM_OC1PreloadConfig
                0x0000000000003ce4        0xe ./Peripheral/src/ch32v20x_tim.o
                0x0000000000003ce4                TIM_OC1PreloadConfig
 .text.TIM_OC2PreloadConfig
                0x0000000000003cf2       0x16 ./Peripheral/src/ch32v20x_tim.o
                0x0000000000003cf2                TIM_OC2PreloadConfig
 .text.TIM_OC3PreloadConfig
                0x0000000000003d08        0xe ./Peripheral/src/ch32v20x_tim.o
                0x0000000000003d08                TIM_OC3PreloadConfig
 .text.TIM_OC4PreloadConfig
                0x0000000000003d16       0x16 ./Peripheral/src/ch32v20x_tim.o
                0x0000000000003d16                TIM_OC4PreloadConfig
 .text.TIM_GetITStatus
                0x0000000000003d2c       0x18 ./Peripheral/src/ch32v20x_tim.o
                0x0000000000003d2c                TIM_GetITStatus
 .text.USART_Init
                0x0000000000003d44       0xbc ./Peripheral/src/ch32v20x_usart.o
                0x0000000000003d44                USART_Init
 .text.USART_Cmd
                0x0000000000003e00       0x16 ./Peripheral/src/ch32v20x_usart.o
                0x0000000000003e00                USART_Cmd
 .text.USART_SendData
                0x0000000000003e16        0x8 ./Peripheral/src/ch32v20x_usart.o
                0x0000000000003e16                USART_SendData
 .text.USART_GetFlagStatus
                0x0000000000003e1e        0xa ./Peripheral/src/ch32v20x_usart.o
                0x0000000000003e1e                USART_GetFlagStatus
 .text.vAINInit
                0x0000000000003e28       0x36 ./HWLIB/hw_lib_adc.o
                0x0000000000003e28                vAINInit
 .text.fGetAinCalData
                0x0000000000003e5e       0xa4 ./HWLIB/hw_lib_adc.o
                0x0000000000003e5e                fGetAinCalData
 .text.eAinCalDataConfig
                0x0000000000003f02       0x48 ./HWLIB/hw_lib_adc.o
                0x0000000000003f02                eAinCalDataConfig
 .text.vABLineKoofFinde
                0x0000000000003f4a       0x6a ./HWLIB/hw_lib_adc.o
                0x0000000000003f4a                vABLineKoofFinde
 .text.eSetAinCalPoint
                0x0000000000003fb4       0x64 ./HWLIB/hw_lib_adc.o
                0x0000000000003fb4                eSetAinCalPoint
 .text.getADC1Buffer
                0x0000000000004018        0xa ./HWLIB/hw_lib_adc.o
                0x0000000000004018                getADC1Buffer
 .text.eDOUTConfigWtihStruct
                0x0000000000004022       0x1a ./HWLIB/hw_lib_din.o
                0x0000000000004022                eDOUTConfigWtihStruct
 .text.eDinConfigWtihStruct
                0x000000000000403c       0x34 ./HWLIB/hw_lib_din.o
                0x000000000000403c                eDinConfigWtihStruct
 .text.uGetDIN  0x0000000000004070       0x14 ./HWLIB/hw_lib_din.o
                0x0000000000004070                uGetDIN
 .text.eRPMConfig
                0x0000000000004084       0x56 ./HWLIB/hw_lib_din.o
                0x0000000000004084                eRPMConfig
 .text.RMPDataConvert
                0x00000000000040da       0x76 ./HWLIB/hw_lib_din.o
                0x00000000000040da                RMPDataConvert
 .text.getCaputreBuffer
                0x0000000000004150       0x16 ./HWLIB/hw_lib_din.o
                0x0000000000004150                getCaputreBuffer
 .text.GetRPM   0x0000000000004166       0x74 ./HWLIB/hw_lib_din.o
                0x0000000000004166                GetRPM
 .text.xGetRPM  0x00000000000041da       0x72 ./HWLIB/hw_lib_din.o
                0x00000000000041da                xGetRPM
 .text.vDinDoutProcess
                0x000000000000424c       0x98 ./HWLIB/hw_lib_din.o
                0x000000000000424c                vDinDoutProcess
 .text.vRCFilter
                0x00000000000042e4       0x30 ./HAL_LIB/filters.o
                0x00000000000042e4                vRCFilter
 .text.vInitABFilter
                0x0000000000004314       0x22 ./HAL_LIB/filters.o
                0x0000000000004314                vInitABFilter
 .text.vInitRunAverga
                0x0000000000004336        0x8 ./HAL_LIB/filters.o
                0x0000000000004336                vInitRunAverga
 .text.vInitMedianFilter
                0x000000000000433e       0x12 ./HAL_LIB/filters.o
                0x000000000000433e                vInitMedianFilter
 .text.MedianFilter
                0x0000000000004350       0x74 ./HAL_LIB/filters.o
                0x0000000000004350                MedianFilter
 .text.I2C_FSM  0x00000000000043c4      0x198 ./HAL_LIB/hw_lib_eeprom_i2c.o
                0x00000000000043c4                I2C_FSM
 .text.vInitEEPROM_I2C
                0x000000000000455c       0x28 ./HAL_LIB/hw_lib_eeprom_i2c.o
                0x000000000000455c                vInitEEPROM_I2C
 .text.eEEPROMWrFast
                0x0000000000004584      0x10a ./HAL_LIB/hw_lib_eeprom_i2c.o
                0x0000000000004584                eEEPROMWrFast
 .text.eEEPROMWr
                0x000000000000468e       0xe2 ./HAL_LIB/hw_lib_eeprom_i2c.o
                0x000000000000468e                eEEPROMWr
 .text.eEEPROMRd
                0x0000000000004770       0x8a ./HAL_LIB/hw_lib_eeprom_i2c.o
                0x0000000000004770                eEEPROMRd
 .text.bReadEEPROM
                0x00000000000047fa       0x1a ./HAL_LIB/hw_lib_eeprom_i2c.o
                0x00000000000047fa                bReadEEPROM
 .text.HAL_CANSetTXCallback
                0x0000000000004814        0xa ./HAL_DRIVER/hal_can_ch32.o
                0x0000000000004814                HAL_CANSetTXCallback
 .text.HAL_CANSetRXCallback
                0x000000000000481e        0xa ./HAL_DRIVER/hal_can_ch32.o
                0x000000000000481e                HAL_CANSetRXCallback
 .text.HAL_CANSetERRCallback
                0x0000000000004828        0xa ./HAL_DRIVER/hal_can_ch32.o
                0x0000000000004828                HAL_CANSetERRCallback
 .text.HAL_CANIntIT
                0x0000000000004832      0x134 ./HAL_DRIVER/hal_can_ch32.o
                0x0000000000004832                HAL_CANIntIT
 .text.HAL_CANToInitMode
                0x0000000000004966       0x30 ./HAL_DRIVER/hal_can_ch32.o
                0x0000000000004966                HAL_CANToInitMode
 .text.HAL_CANToOperatingMode
                0x0000000000004996       0x26 ./HAL_DRIVER/hal_can_ch32.o
                0x0000000000004996                HAL_CANToOperatingMode
 .text.HAL_CANSend
                0x00000000000049bc       0xae ./HAL_DRIVER/hal_can_ch32.o
                0x00000000000049bc                HAL_CANSend
 .text.HAL_CANSetFiters
                0x0000000000004a6a       0xc4 ./HAL_DRIVER/hal_can_ch32.o
                0x0000000000004a6a                HAL_CANSetFiters
 .text.HAL_CANGetRXMessage
                0x0000000000004b2e       0xb0 ./HAL_DRIVER/hal_can_ch32.o
                0x0000000000004b2e                HAL_CANGetRXMessage
 .text.USB_HP_CAN1_TX_IRQHandler
                0x0000000000004bde       0x60 ./HAL_DRIVER/hal_can_ch32.o
                0x0000000000004bde                USB_HP_CAN1_TX_IRQHandler
 .text.USB_LP_CAN1_RX0_IRQHandler
                0x0000000000004c3e       0x5e ./HAL_DRIVER/hal_can_ch32.o
                0x0000000000004c3e                USB_LP_CAN1_RX0_IRQHandler
 .text.CAN1_RX1_IRQHandler
                0x0000000000004c9c       0x5e ./HAL_DRIVER/hal_can_ch32.o
                0x0000000000004c9c                CAN1_RX1_IRQHandler
 .text.CAN1_SCE_IRQHandler
                0x0000000000004cfa       0x5c ./HAL_DRIVER/hal_can_ch32.o
                0x0000000000004cfa                CAN1_SCE_IRQHandler
 .text.HAL_InitGPIO
                0x0000000000004d56       0xba ./HAL_DRIVER/hal_gpio_ch32.o
                0x0000000000004d56                HAL_InitGPIO
 .text.HAL_InitGpioOut
                0x0000000000004e10       0x10 ./HAL_DRIVER/hal_gpio_ch32.o
                0x0000000000004e10                HAL_InitGpioOut
 .text.HAL_InitGpioAIN
                0x0000000000004e20       0x10 ./HAL_DRIVER/hal_gpio_ch32.o
                0x0000000000004e20                HAL_InitGpioAIN
 .text.HAL_InitGpioIn
                0x0000000000004e30       0x10 ./HAL_DRIVER/hal_gpio_ch32.o
                0x0000000000004e30                HAL_InitGpioIn
 .text.HAL_InitGpioAF
                0x0000000000004e40       0x34 ./HAL_DRIVER/hal_gpio_ch32.o
                0x0000000000004e40                HAL_InitGpioAF
 .text.HAL_GetBit
                0x0000000000004e74        0xa ./HAL_DRIVER/hal_gpio_ch32.o
                0x0000000000004e74                HAL_GetBit
 .text.HAL_SetBit
                0x0000000000004e7e        0x4 ./HAL_DRIVER/hal_gpio_ch32.o
                0x0000000000004e7e                HAL_SetBit
 .text.HAL_ResetBit
                0x0000000000004e82        0x4 ./HAL_DRIVER/hal_gpio_ch32.o
                0x0000000000004e82                HAL_ResetBit
 .text.HAL_InitGPO
                0x0000000000004e86       0x14 ./HAL_DRIVER/hal_gpio_ch32.o
                0x0000000000004e86                HAL_InitGPO
 .text.HAL_InitAPB1
                0x0000000000004e9a       0x1c ./HAL_DRIVER/hal_irq.o
                0x0000000000004e9a                HAL_InitAPB1
 .text.HAL_InitAPB2
                0x0000000000004eb6       0x1c ./HAL_DRIVER/hal_irq.o
                0x0000000000004eb6                HAL_InitAPB2
 .text.PFIC_IRQ_ENABLE_PG1
                0x0000000000004ed2       0x34 ./HAL_DRIVER/hal_irq.o
                0x0000000000004ed2                PFIC_IRQ_ENABLE_PG1
 .text.RTC_IRQHandler
                0x0000000000004f06       0x78 ./HAL_DRIVER/hal_rtc_ch32.o
                0x0000000000004f06                RTC_IRQHandler
 .text.HAL_SPI_RXOveleyClear
                0x0000000000004f7e       0x1e ./HAL_DRIVER/hal_spi_ch32.o
                0x0000000000004f7e                HAL_SPI_RXOveleyClear
 .text.HAL_SPI_GetBusy
                0x0000000000004f9c       0x10 ./HAL_DRIVER/hal_spi_ch32.o
                0x0000000000004f9c                HAL_SPI_GetBusy
 .text.HAL_WDTReset
                0x0000000000004fac        0x2 ./HAL_DRIVER/hal_wdt_ch32.o
                0x0000000000004fac                HAL_WDTReset
 .text.Get_ConversionVal
                0x0000000000004fae       0x2e ./HAL/hal_adc_ch32.o
                0x0000000000004fae                Get_ConversionVal
 .text.HAL_ADC_RegularChannelConfig
                0x0000000000004fdc       0x46 ./HAL/hal_adc_ch32.o
                0x0000000000004fdc                HAL_ADC_RegularChannelConfig
 .text.HAL_ADC_ContiniusScanCinvertionDMA
                0x0000000000005022       0xce ./HAL/hal_adc_ch32.o
                0x0000000000005022                HAL_ADC_ContiniusScanCinvertionDMA
 .text.HAL_ADC_StartDMA
                0x00000000000050f0       0x42 ./HAL/hal_adc_ch32.o
                0x00000000000050f0                HAL_ADC_StartDMA
 .text.DMA_IRQ  0x0000000000005132       0x3a ./HAL/hal_dma_ch32.o
 .text.HAL_DMA_Enable
                0x000000000000516c       0x18 ./HAL/hal_dma_ch32.o
                0x000000000000516c                HAL_DMA_Enable
 .text.HAL_DMA_Disable
                0x0000000000005184       0x1a ./HAL/hal_dma_ch32.o
                0x0000000000005184                HAL_DMA_Disable
 .text.HAL_DMAInitIT
                0x000000000000519e       0xa0 ./HAL/hal_dma_ch32.o
                0x000000000000519e                HAL_DMAInitIT
 .text.HAL_DMA_SetCounter
                0x000000000000523e       0x12 ./HAL/hal_dma_ch32.o
                0x000000000000523e                HAL_DMA_SetCounter
 .text.HAL_DMA_ITENABLE
                0x0000000000005250       0x16 ./HAL/hal_dma_ch32.o
                0x0000000000005250                HAL_DMA_ITENABLE
 .text.HAL_DMA_SetCouterAndEnable
                0x0000000000005266       0x1a ./HAL/hal_dma_ch32.o
                0x0000000000005266                HAL_DMA_SetCouterAndEnable
 .text.DMA1_Channel1_IRQHandler
                0x0000000000005280       0x4e ./HAL/hal_dma_ch32.o
                0x0000000000005280                DMA1_Channel1_IRQHandler
 .text.DMA1_Channel3_IRQHandler
                0x00000000000052ce       0x4e ./HAL/hal_dma_ch32.o
                0x00000000000052ce                DMA1_Channel3_IRQHandler
 .text.DMA1_Channel4_IRQHandler
                0x000000000000531c       0x4e ./HAL/hal_dma_ch32.o
                0x000000000000531c                DMA1_Channel4_IRQHandler
 .text.DMA1_Channel5_IRQHandler
                0x000000000000536a       0x4e ./HAL/hal_dma_ch32.o
                0x000000000000536a                DMA1_Channel5_IRQHandler
 .text.DMA1_Channel7_IRQHandler
                0x00000000000053b8       0x4e ./HAL/hal_dma_ch32.o
                0x00000000000053b8                DMA1_Channel7_IRQHandler
 .text.HAL_I2C_GET_STAR2
                0x0000000000005406        0xe ./HAL/hal_i2c_ch32.o
                0x0000000000005406                HAL_I2C_GET_STAR2
 .text.HAL_I2C_GET_STAR1
                0x0000000000005414        0xe ./HAL/hal_i2c_ch32.o
                0x0000000000005414                HAL_I2C_GET_STAR1
 .text.HAL_I2C_ENABLE
                0x0000000000005422       0x14 ./HAL/hal_i2c_ch32.o
                0x0000000000005422                HAL_I2C_ENABLE
 .text.HAL_I2C_DISABLE
                0x0000000000005436       0x1a ./HAL/hal_i2c_ch32.o
                0x0000000000005436                HAL_I2C_DISABLE
 .text.I2C_IT_ENABLE
                0x0000000000005450       0x12 ./HAL/hal_i2c_ch32.o
                0x0000000000005450                I2C_IT_ENABLE
 .text.I2C_IT_DISABLE
                0x0000000000005462       0x16 ./HAL/hal_i2c_ch32.o
                0x0000000000005462                I2C_IT_DISABLE
 .text.HAL_I2C_STOP
                0x0000000000005478       0x14 ./HAL/hal_i2c_ch32.o
                0x0000000000005478                HAL_I2C_STOP
 .text.HAL_I2C_START
                0x000000000000548c       0x14 ./HAL/hal_i2c_ch32.o
                0x000000000000548c                HAL_I2C_START
 .text.HAL_I2C_SEND
                0x00000000000054a0        0xe ./HAL/hal_i2c_ch32.o
                0x00000000000054a0                HAL_I2C_SEND
 .text.HAL_I2C_SEND_ADDR_TRANS
                0x00000000000054ae       0x12 ./HAL/hal_i2c_ch32.o
                0x00000000000054ae                HAL_I2C_SEND_ADDR_TRANS
 .text.HAL_I2C_SEND_ADDR_RECIEVE
                0x00000000000054c0       0x16 ./HAL/hal_i2c_ch32.o
                0x00000000000054c0                HAL_I2C_SEND_ADDR_RECIEVE
 .text.HAL_I2C_ACK_ENABLE
                0x00000000000054d6       0x14 ./HAL/hal_i2c_ch32.o
                0x00000000000054d6                HAL_I2C_ACK_ENABLE
 .text.HAL_I2C_ACK_DISABLE
                0x00000000000054ea       0x1c ./HAL/hal_i2c_ch32.o
                0x00000000000054ea                HAL_I2C_ACK_DISABLE
 .text.HAL_I2C_ClearFlag
                0x0000000000005506       0x20 ./HAL/hal_i2c_ch32.o
                0x0000000000005506                HAL_I2C_ClearFlag
 .text.HAL_I2C_READ_DATA
                0x0000000000005526        0xe ./HAL/hal_i2c_ch32.o
                0x0000000000005526                HAL_I2C_READ_DATA
 .text.InitI2CIT
                0x0000000000005534       0xd6 ./HAL/hal_i2c_ch32.o
                0x0000000000005534                InitI2CIT
 .text.I2C1_EV_IRQHandler
                0x000000000000560a       0x52 ./HAL/hal_i2c_ch32.o
                0x000000000000560a                I2C1_EV_IRQHandler
 .text.I2C1_ER_IRQHandler
                0x000000000000565c       0x52 ./HAL/hal_i2c_ch32.o
                0x000000000000565c                I2C1_ER_IRQHandler
 .text.TIM4_IRQHandler
                0x00000000000056ae       0x70 ./HAL/hal_timers_ch32.o
                0x00000000000056ae                TIM4_IRQHandler
 .text.HAL_TiemrEneblae
                0x000000000000571e       0x16 ./HAL/hal_timers_ch32.o
                0x000000000000571e                HAL_TiemrEneblae
 .text.HAL_TiemrDisable
                0x0000000000005734       0x1c ./HAL/hal_timers_ch32.o
                0x0000000000005734                HAL_TiemrDisable
 .text.HW_TIMER_BaseTimerInit
                0x0000000000005750       0x54 ./HAL/hal_timers_ch32.o
                0x0000000000005750                HW_TIMER_BaseTimerInit
 .text.HAL_TIMER_InitIt
                0x00000000000057a4       0x60 ./HAL/hal_timers_ch32.o
                0x00000000000057a4                HAL_TIMER_InitIt
 .text.HAL_TIMER_PWMTimersInit
                0x0000000000005804       0xc2 ./HAL/hal_timers_ch32.o
                0x0000000000005804                HAL_TIMER_PWMTimersInit
 .text.HAL_TimeInitCaptureDMA
                0x00000000000058c6       0xec ./HAL/hal_timers_ch32.o
                0x00000000000058c6                HAL_TimeInitCaptureDMA
 .text.HAL_TIMER_SetPWMPulse
                0x00000000000059b2       0x88 ./HAL/hal_timers_ch32.o
                0x00000000000059b2                HAL_TIMER_SetPWMPulse
 .text.HAL_TIMER_EnablePWMCH
                0x0000000000005a3a       0x1a ./HAL/hal_timers_ch32.o
                0x0000000000005a3a                HAL_TIMER_EnablePWMCH
 .text.prvInsertBlockIntoFreeList
                0x0000000000005a54       0x4c ./FreeRTOS/portable/MemMang/heap_4.o
 .text.pvPortMalloc
                0x0000000000005aa0      0x18a ./FreeRTOS/portable/MemMang/heap_4.o
                0x0000000000005aa0                pvPortMalloc
 .text.vPortSetupTimerInterrupt
                0x0000000000005c2a       0x3e ./FreeRTOS/portable/GCC/RISC-V/port.o
                0x0000000000005c2a                vPortSetupTimerInterrupt
 .text.xPortStartScheduler
                0x0000000000005c68       0x90 ./FreeRTOS/portable/GCC/RISC-V/port.o
                0x0000000000005c68                xPortStartScheduler
 .text.SysTick_Handler
                0x0000000000005cf8       0x7c ./FreeRTOS/portable/GCC/RISC-V/port.o
                0x0000000000005cf8                SysTick_Handler
 .text.vPortEnterCritical
                0x0000000000005d74       0x16 ./FreeRTOS/portable/GCC/RISC-V/port.o
                0x0000000000005d74                vPortEnterCritical
 .text.vPortExitCritical
                0x0000000000005d8a       0x42 ./FreeRTOS/portable/GCC/RISC-V/port.o
                0x0000000000005d8a                vPortExitCritical
 .text.xPortSetInterruptMask
                0x0000000000005dcc        0xc ./FreeRTOS/portable/GCC/RISC-V/port.o
                0x0000000000005dcc                xPortSetInterruptMask
 .text.vPortClearInterruptMask
                0x0000000000005dd8        0x6 ./FreeRTOS/portable/GCC/RISC-V/port.o
                0x0000000000005dd8                vPortClearInterruptMask
 .text.vListInitialise
                0x0000000000005dde       0x14 ./FreeRTOS/list.o
                0x0000000000005dde                vListInitialise
 .text.vListInitialiseItem
                0x0000000000005df2        0x6 ./FreeRTOS/list.o
                0x0000000000005df2                vListInitialiseItem
 .text.vListInsertEnd
                0x0000000000005df8       0x18 ./FreeRTOS/list.o
                0x0000000000005df8                vListInsertEnd
 .text.vListInsert
                0x0000000000005e10       0x2e ./FreeRTOS/list.o
                0x0000000000005e10                vListInsert
 .text.uxListRemove
                0x0000000000005e3e       0x20 ./FreeRTOS/list.o
                0x0000000000005e3e                uxListRemove
 .text.prvIsQueueEmpty
                0x0000000000005e5e       0x1e ./FreeRTOS/queue.o
 .text.prvCopyDataToQueue
                0x0000000000005e7c       0x72 ./FreeRTOS/queue.o
 .text.prvCopyDataFromQueue
                0x0000000000005eee       0x28 ./FreeRTOS/queue.o
 .text.prvUnlockQueue
                0x0000000000005f16       0x76 ./FreeRTOS/queue.o
 .text.xQueueGenericReset
                0x0000000000005f8c       0xc4 ./FreeRTOS/queue.o
                0x0000000000005f8c                xQueueGenericReset
 .text.xQueueGenericCreateStatic
                0x0000000000006050       0xae ./FreeRTOS/queue.o
                0x0000000000006050                xQueueGenericCreateStatic
 .text.xQueueGenericCreate
                0x00000000000060fe       0x72 ./FreeRTOS/queue.o
                0x00000000000060fe                xQueueGenericCreate
 .text.xQueueGenericSend
                0x0000000000006170      0x178 ./FreeRTOS/queue.o
                0x0000000000006170                xQueueGenericSend
 .text.xQueueGiveMutexRecursive
                0x00000000000062e8       0x56 ./FreeRTOS/queue.o
                0x00000000000062e8                xQueueGiveMutexRecursive
 .text.xQueueCreateMutex
                0x000000000000633e       0x2e ./FreeRTOS/queue.o
                0x000000000000633e                xQueueCreateMutex
 .text.xQueueReceive
                0x000000000000636c      0x138 ./FreeRTOS/queue.o
                0x000000000000636c                xQueueReceive
 .text.xQueueSemaphoreTake
                0x00000000000064a4      0x18e ./FreeRTOS/queue.o
                0x00000000000064a4                xQueueSemaphoreTake
 .text.xQueueTakeMutexRecursive
                0x0000000000006632       0x5a ./FreeRTOS/queue.o
                0x0000000000006632                xQueueTakeMutexRecursive
 .text.uxQueueMessagesWaiting
                0x000000000000668c       0x44 ./FreeRTOS/queue.o
                0x000000000000668c                uxQueueMessagesWaiting
 .text.prvIdleTask
                0x00000000000066d0        0x2 ./FreeRTOS/tasks.o
 .text.prvAddNewTaskToReadyList
                0x00000000000066d2       0xfe ./FreeRTOS/tasks.o
 .text.prvResetNextTaskUnblockTime
                0x00000000000067d0       0x20 ./FreeRTOS/tasks.o
 .text.prvTaskIsTaskSuspended
                0x00000000000067f0       0x50 ./FreeRTOS/tasks.o
 .text.prvInitialiseNewTask.isra.2
                0x0000000000006840       0xc8 ./FreeRTOS/tasks.o
 .text.prvAddCurrentTaskToDelayedList
                0x0000000000006908       0xa0 ./FreeRTOS/tasks.o
 .text.xTaskCreateStatic
                0x00000000000069a8       0xa6 ./FreeRTOS/tasks.o
                0x00000000000069a8                xTaskCreateStatic
 .text.vTaskResume
                0x0000000000006a4e       0xa6 ./FreeRTOS/tasks.o
                0x0000000000006a4e                vTaskResume
 .text.vTaskStartScheduler
                0x0000000000006af4       0x5c ./FreeRTOS/tasks.o
                0x0000000000006af4                vTaskStartScheduler
 .text.vTaskSuspendAll
                0x0000000000006b50        0xc ./FreeRTOS/tasks.o
                0x0000000000006b50                vTaskSuspendAll
 .text.xTaskGetTickCount
                0x0000000000006b5c        0x6 ./FreeRTOS/tasks.o
                0x0000000000006b5c                xTaskGetTickCount
 .text.xTaskIncrementTick
                0x0000000000006b62      0x18c ./FreeRTOS/tasks.o
                0x0000000000006b62                xTaskIncrementTick
 .text.xTaskResumeAll
                0x0000000000006cee      0x14c ./FreeRTOS/tasks.o
                0x0000000000006cee                xTaskResumeAll
 .text.vTaskDelay
                0x0000000000006e3a       0x62 ./FreeRTOS/tasks.o
                0x0000000000006e3a                vTaskDelay
 .text.vTaskSwitchContext
                0x0000000000006e9c       0x8e ./FreeRTOS/tasks.o
                0x0000000000006e9c                vTaskSwitchContext
 .text.vTaskSuspend
                0x0000000000006f2a       0xe2 ./FreeRTOS/tasks.o
                0x0000000000006f2a                vTaskSuspend
 .text.vTaskPlaceOnEventList
                0x000000000000700c       0x48 ./FreeRTOS/tasks.o
                0x000000000000700c                vTaskPlaceOnEventList
 .text.xTaskRemoveFromEventList
                0x0000000000007054       0xe0 ./FreeRTOS/tasks.o
                0x0000000000007054                xTaskRemoveFromEventList
 .text.vTaskInternalSetTimeOutState
                0x0000000000007134        0xe ./FreeRTOS/tasks.o
                0x0000000000007134                vTaskInternalSetTimeOutState
 .text.xTaskCheckForTimeOut
                0x0000000000007142       0xaa ./FreeRTOS/tasks.o
                0x0000000000007142                xTaskCheckForTimeOut
 .text.vTaskMissedYield
                0x00000000000071ec        0x8 ./FreeRTOS/tasks.o
                0x00000000000071ec                vTaskMissedYield
 .text.xTaskGetCurrentTaskHandle
                0x00000000000071f4        0xa ./FreeRTOS/tasks.o
                0x00000000000071f4                xTaskGetCurrentTaskHandle
 .text.xTaskPriorityInherit
                0x00000000000071fe       0xaa ./FreeRTOS/tasks.o
                0x00000000000071fe                xTaskPriorityInherit
 .text.xTaskPriorityDisinherit
                0x00000000000072a8       0xc6 ./FreeRTOS/tasks.o
                0x00000000000072a8                xTaskPriorityDisinherit
 .text.vTaskPriorityDisinheritAfterTimeout
                0x000000000000736e       0xe2 ./FreeRTOS/tasks.o
                0x000000000000736e                vTaskPriorityDisinheritAfterTimeout
 .text.pvTaskIncrementMutexHeldCount
                0x0000000000007450       0x1c ./FreeRTOS/tasks.o
                0x0000000000007450                pvTaskIncrementMutexHeldCount
 .text.ulTaskGenericNotifyTake
                0x000000000000746c       0xb8 ./FreeRTOS/tasks.o
                0x000000000000746c                ulTaskGenericNotifyTake
 .text.xTaskGenericNotifyWait
                0x0000000000007524       0xe6 ./FreeRTOS/tasks.o
                0x0000000000007524                xTaskGenericNotifyWait
 .text.xTaskGenericNotify
                0x000000000000760a      0x1ac ./FreeRTOS/tasks.o
                0x000000000000760a                xTaskGenericNotify
 .text.xTaskGenericNotifyFromISR
                0x00000000000077b6      0x1e4 ./FreeRTOS/tasks.o
                0x00000000000077b6                xTaskGenericNotifyFromISR
 .text.ulTaskGenericNotifyValueClear
                0x000000000000799a       0x3e ./FreeRTOS/tasks.o
                0x000000000000799a                ulTaskGenericNotifyValueClear
 .text.Delay_Init
                0x00000000000079d8       0x2a ./Debug/debug.o
                0x00000000000079d8                Delay_Init
 .text.Delay_Ms
                0x0000000000007a02       0x36 ./Debug/debug.o
                0x0000000000007a02                Delay_Ms
 .text.USART_Printf_Init
                0x0000000000007a38       0x5a ./Debug/debug.o
                0x0000000000007a38                USART_Printf_Init
 .text._write   0x0000000000007a92       0x3e ./Debug/debug.o
                0x0000000000007a92                _write
 .text._sbrk    0x0000000000007ad0       0x2a ./Debug/debug.o
                0x0000000000007ad0                _sbrk
 .text.__get_MEPC
                0x0000000000007afa        0x6 ./Core/core_riscv.o
                0x0000000000007afa                __get_MEPC
 .text.__get_MCAUSE
                0x0000000000007b00        0x6 ./Core/core_riscv.o
                0x0000000000007b00                __get_MCAUSE
 .text.__get_MTVAL
                0x0000000000007b06        0x6 ./Core/core_riscv.o
                0x0000000000007b06                __get_MTVAL
 .text.prv_read_can_received_msg
                0x0000000000007b0c       0x50 ./CANopenNode/keypad/CO_driver_ST32F103.o
                0x0000000000007b0c                prv_read_can_received_msg
 .text.prv_send_can_message.isra.0
                0x0000000000007b5c       0x2c ./CANopenNode/keypad/CO_driver_ST32F103.o
 .text.CAN_SendMessage
                0x0000000000007b88       0x66 ./CANopenNode/keypad/CO_driver_ST32F103.o
                0x0000000000007b88                CAN_SendMessage
 .text.co_drv_create_os_objects
                0x0000000000007bee       0x30 ./CANopenNode/keypad/CO_driver_ST32F103.o
                0x0000000000007bee                co_drv_create_os_objects
 .text.co_drv_mutex_lock
                0x0000000000007c1e       0x18 ./CANopenNode/keypad/CO_driver_ST32F103.o
                0x0000000000007c1e                co_drv_mutex_lock
 .text.co_drv_mutex_unlock
                0x0000000000007c36       0x16 ./CANopenNode/keypad/CO_driver_ST32F103.o
                0x0000000000007c36                co_drv_mutex_unlock
 .text.CO_CANsetConfigurationMode
                0x0000000000007c4c       0x10 ./CANopenNode/keypad/CO_driver_ST32F103.o
                0x0000000000007c4c                CO_CANsetConfigurationMode
 .text.CO_CANsetNormalMode
                0x0000000000007c5c       0x1c ./CANopenNode/keypad/CO_driver_ST32F103.o
                0x0000000000007c5c                CO_CANsetNormalMode
 .text.CO_CANmodule_init
                0x0000000000007c78      0x110 ./CANopenNode/keypad/CO_driver_ST32F103.o
                0x0000000000007c78                CO_CANmodule_init
 .text.CO_CANmodule_disable
                0x0000000000007d88       0x14 ./CANopenNode/keypad/CO_driver_ST32F103.o
                0x0000000000007d88                CO_CANmodule_disable
 .text.CO_CANrxBufferInit
                0x0000000000007d9c       0x52 ./CANopenNode/keypad/CO_driver_ST32F103.o
                0x0000000000007d9c                CO_CANrxBufferInit
 .text.CO_CANtxBufferInit
                0x0000000000007dee       0x3a ./CANopenNode/keypad/CO_driver_ST32F103.o
                0x0000000000007dee                CO_CANtxBufferInit
 .text.CO_CANmodule_process
                0x0000000000007e28       0x12 ./CANopenNode/keypad/CO_driver_ST32F103.o
                0x0000000000007e28                CO_CANmodule_process
 .text.CO_CANsend
                0x0000000000007e3a       0x46 ./CANopenNode/keypad/CO_driver_ST32F103.o
                0x0000000000007e3a                CO_CANsend
 .text.CO_LSSslave_receive
                0x0000000000007e80      0x1a8 ./CANopenNode/305/CO_LSSslave.o
 .text.CO_LSSslave_init
                0x0000000000008028       0xa4 ./CANopenNode/305/CO_LSSslave.o
                0x0000000000008028                CO_LSSslave_init
 .text.CO_LSSslave_process
                0x00000000000080cc      0x1a2 ./CANopenNode/305/CO_LSSslave.o
                0x00000000000080cc                CO_LSSslave_process
 .text.OD_write_1003
                0x000000000000826e       0x28 ./CANopenNode/301/CO_Emergency.o
 .text.OD_read_1003
                0x0000000000008296       0x8c ./CANopenNode/301/CO_Emergency.o
 .text.OD_read_1014_default
                0x0000000000008322       0x50 ./CANopenNode/301/CO_Emergency.o
 .text.CO_EM_init
                0x0000000000008372      0x112 ./CANopenNode/301/CO_Emergency.o
                0x0000000000008372                CO_EM_init
 .text.CO_error
                0x0000000000008484       0xc4 ./CANopenNode/301/CO_Emergency.o
                0x0000000000008484                CO_error
 .text.CO_EM_process
                0x0000000000008548      0x182 ./CANopenNode/301/CO_Emergency.o
                0x0000000000008548                CO_EM_process
 .text.CO_NMT_receive
                0x00000000000086ca       0x18 ./CANopenNode/301/CO_NMT_Heartbeat.o
 .text.OD_write_1017
                0x00000000000086e2       0x48 ./CANopenNode/301/CO_NMT_Heartbeat.o
 .text.CO_NMT_init
                0x000000000000872a       0xec ./CANopenNode/301/CO_NMT_Heartbeat.o
                0x000000000000872a                CO_NMT_init
 .text.CO_NMT_process
                0x0000000000008816      0x106 ./CANopenNode/301/CO_NMT_Heartbeat.o
                0x0000000000008816                CO_NMT_process
 .text.OD_readDisabled
                0x000000000000891c        0x4 ./CANopenNode/301/CO_ODinterface.o
 .text.OD_readOriginal
                0x0000000000008920       0x50 ./CANopenNode/301/CO_ODinterface.o
                0x0000000000008920                OD_readOriginal
 .text.OD_writeOriginal
                0x0000000000008970       0x54 ./CANopenNode/301/CO_ODinterface.o
                0x0000000000008970                OD_writeOriginal
 .text.OD_writeDisabled
                0x00000000000089c4        0x4 ./CANopenNode/301/CO_ODinterface.o
 .text.OD_find  0x00000000000089c8       0x70 ./CANopenNode/301/CO_ODinterface.o
                0x00000000000089c8                OD_find
 .text.OD_getSub
                0x0000000000008a38       0xf6 ./CANopenNode/301/CO_ODinterface.o
                0x0000000000008a38                OD_getSub
 .text.OD_getSDOabCode
                0x0000000000008b2e       0x20 ./CANopenNode/301/CO_ODinterface.o
                0x0000000000008b2e                OD_getSDOabCode
 .text.OD_get_value
                0x0000000000008b4e       0x34 ./CANopenNode/301/CO_ODinterface.o
                0x0000000000008b4e                OD_get_value
 .text.OD_set_value
                0x0000000000008b82       0x2e ./CANopenNode/301/CO_ODinterface.o
                0x0000000000008b82                OD_set_value
 .text.OD_getPtr
                0x0000000000008bb0       0x3c ./CANopenNode/301/CO_ODinterface.o
                0x0000000000008bb0                OD_getPtr
 .text.OD_write_dummy
                0x0000000000008bec        0x8 ./CANopenNode/301/CO_PDO.o
 .text.OD_read_dummy
                0x0000000000008bf4       0x2e ./CANopenNode/301/CO_PDO.o
 .text.PDOconfigMap
                0x0000000000008c22      0x100 ./CANopenNode/301/CO_PDO.o
 .text.CO_PDO_receive
                0x0000000000008d22       0x48 ./CANopenNode/301/CO_PDO.o
 .text.OD_read_PDO_commParam
                0x0000000000008d6a       0x70 ./CANopenNode/301/CO_PDO.o
 .text.PDO_initMapping.constprop.3
                0x0000000000008dda       0xe6 ./CANopenNode/301/CO_PDO.o
 .text.OD_write_PDO_mapping
                0x0000000000008ec0       0xb4 ./CANopenNode/301/CO_PDO.o
 .text.OD_write_18xx
                0x0000000000008f74      0x184 ./CANopenNode/301/CO_PDO.o
 .text.OD_write_14xx
                0x00000000000090f8      0x15a ./CANopenNode/301/CO_PDO.o
 .text.CO_RPDO_init
                0x0000000000009252      0x172 ./CANopenNode/301/CO_PDO.o
                0x0000000000009252                CO_RPDO_init
 .text.CO_RPDO_process
                0x00000000000093c4      0x114 ./CANopenNode/301/CO_PDO.o
                0x00000000000093c4                CO_RPDO_process
 .text.CO_TPDO_init
                0x00000000000094d8      0x1d2 ./CANopenNode/301/CO_PDO.o
                0x00000000000094d8                CO_TPDO_init
 .text.CO_TPDO_process
                0x00000000000096aa      0x15e ./CANopenNode/301/CO_PDO.o
                0x00000000000096aa                CO_TPDO_process
 .text.CO_SDOserver_init_canRxTx
                0x0000000000009808       0x82 ./CANopenNode/301/CO_SDOserver.o
 .text.CO_SDO_receive
                0x000000000000988a       0x38 ./CANopenNode/301/CO_SDOserver.o
 .text.readFromOd.isra.1.constprop.5
                0x00000000000098c2       0xe2 ./CANopenNode/301/CO_SDOserver.o
 .text.OD_write_1201_additional
                0x00000000000099a4      0x158 ./CANopenNode/301/CO_SDOserver.o
 .text.CO_SDOserver_init
                0x0000000000009afc      0x172 ./CANopenNode/301/CO_SDOserver.o
                0x0000000000009afc                CO_SDOserver_init
 .text.CO_SDOserver_process
                0x0000000000009c6e      0x5e8 ./CANopenNode/301/CO_SDOserver.o
                0x0000000000009c6e                CO_SDOserver_process
 .text.CO_delete
                0x000000000000a256       0x56 ./CANopenNode/CANopen.o
                0x000000000000a256                CO_delete
 .text.CO_new   0x000000000000a2ac      0x102 ./CANopenNode/CANopen.o
                0x000000000000a2ac                CO_new
 .text.CO_CANinit
                0x000000000000a3ae       0x36 ./CANopenNode/CANopen.o
                0x000000000000a3ae                CO_CANinit
 .text.CO_LSSinit
                0x000000000000a3e4       0x32 ./CANopenNode/CANopen.o
                0x000000000000a3e4                CO_LSSinit
 .text.CO_CANopenInit
                0x000000000000a416       0xb8 ./CANopenNode/CANopen.o
                0x000000000000a416                CO_CANopenInit
 .text.CO_CANopenInitPDO
                0x000000000000a4ce       0xea ./CANopenNode/CANopen.o
                0x000000000000a4ce                CO_CANopenInitPDO
 .text.CO_process
                0x000000000000a5b8       0x7e ./CANopenNode/CANopen.o
                0x000000000000a5b8                CO_process
 .text.CO_process_RPDO
                0x000000000000a636       0x40 ./CANopenNode/CANopen.o
                0x000000000000a636                CO_process_RPDO
 .text.CO_process_TPDO
                0x000000000000a676       0x40 ./CANopenNode/CANopen.o
                0x000000000000a676                CO_process_TPDO
 .text.__addsf3
                0x000000000000a6b6      0x36a c:/mounriver/mounriver_studio/toolchain/risc-v embedded gcc/bin/../lib/gcc/riscv-none-embed/8.2.0/rv32imacxw/ilp32\libgcc.a(addsf3.o)
                0x000000000000a6b6                __addsf3
 .text.__divsf3
                0x000000000000aa20      0x2b2 c:/mounriver/mounriver_studio/toolchain/risc-v embedded gcc/bin/../lib/gcc/riscv-none-embed/8.2.0/rv32imacxw/ilp32\libgcc.a(divsf3.o)
                0x000000000000aa20                __divsf3
 .text.__gesf2  0x000000000000acd2       0x86 c:/mounriver/mounriver_studio/toolchain/risc-v embedded gcc/bin/../lib/gcc/riscv-none-embed/8.2.0/rv32imacxw/ilp32\libgcc.a(gesf2.o)
                0x000000000000acd2                __gesf2
                0x000000000000acd2                __gtsf2
 .text.__lesf2  0x000000000000ad58       0x8c c:/mounriver/mounriver_studio/toolchain/risc-v embedded gcc/bin/../lib/gcc/riscv-none-embed/8.2.0/rv32imacxw/ilp32\libgcc.a(lesf2.o)
                0x000000000000ad58                __ltsf2
                0x000000000000ad58                __lesf2
 .text.__mulsf3
                0x000000000000ade4      0x290 c:/mounriver/mounriver_studio/toolchain/risc-v embedded gcc/bin/../lib/gcc/riscv-none-embed/8.2.0/rv32imacxw/ilp32\libgcc.a(mulsf3.o)
                0x000000000000ade4                __mulsf3
 .text.__subsf3
                0x000000000000b074      0x388 c:/mounriver/mounriver_studio/toolchain/risc-v embedded gcc/bin/../lib/gcc/riscv-none-embed/8.2.0/rv32imacxw/ilp32\libgcc.a(subsf3.o)
                0x000000000000b074                __subsf3
 .text.__fixsfsi
                0x000000000000b3fc       0x62 c:/mounriver/mounriver_studio/toolchain/risc-v embedded gcc/bin/../lib/gcc/riscv-none-embed/8.2.0/rv32imacxw/ilp32\libgcc.a(fixsfsi.o)
                0x000000000000b3fc                __fixsfsi
 .text.__fixunssfsi
                0x000000000000b45e       0x56 c:/mounriver/mounriver_studio/toolchain/risc-v embedded gcc/bin/../lib/gcc/riscv-none-embed/8.2.0/rv32imacxw/ilp32\libgcc.a(fixunssfsi.o)
                0x000000000000b45e                __fixunssfsi
 .text.__floatsisf
                0x000000000000b4b4       0xc6 c:/mounriver/mounriver_studio/toolchain/risc-v embedded gcc/bin/../lib/gcc/riscv-none-embed/8.2.0/rv32imacxw/ilp32\libgcc.a(floatsisf.o)
                0x000000000000b4b4                __floatsisf
 .text.__floatunsisf
                0x000000000000b57a       0xce c:/mounriver/mounriver_studio/toolchain/risc-v embedded gcc/bin/../lib/gcc/riscv-none-embed/8.2.0/rv32imacxw/ilp32\libgcc.a(floatunsisf.o)
                0x000000000000b57a                __floatunsisf
 .text.__clzsi2
                0x000000000000b648       0x6e c:/mounriver/mounriver_studio/toolchain/risc-v embedded gcc/bin/../lib/gcc/riscv-none-embed/8.2.0/rv32imacxw/ilp32\libgcc.a(_clzsi2.o)
                0x000000000000b648                __clzsi2
 .text.calloc   0x000000000000b6b6        0xc c:/mounriver/mounriver_studio/toolchain/risc-v embedded gcc/bin/../lib/gcc/riscv-none-embed/8.2.0/../../../../riscv-none-embed/lib/rv32imacxw/ilp32\libg_nano.a(lib_a-calloc.o)
                0x000000000000b6b6                calloc
 .text.free     0x000000000000b6c2        0xa c:/mounriver/mounriver_studio/toolchain/risc-v embedded gcc/bin/../lib/gcc/riscv-none-embed/8.2.0/../../../../riscv-none-embed/lib/rv32imacxw/ilp32\libg_nano.a(lib_a-malloc.o)
                0x000000000000b6c2                free
 .text.memcpy   0x000000000000b6cc       0xb2 c:/mounriver/mounriver_studio/toolchain/risc-v embedded gcc/bin/../lib/gcc/riscv-none-embed/8.2.0/../../../../riscv-none-embed/lib/rv32imacxw/ilp32\libg_nano.a(lib_a-memcpy.o)
                0x000000000000b6cc                memcpy
 .text.memmove  0x000000000000b77e       0x46 c:/mounriver/mounriver_studio/toolchain/risc-v embedded gcc/bin/../lib/gcc/riscv-none-embed/8.2.0/../../../../riscv-none-embed/lib/rv32imacxw/ilp32\libg_nano.a(lib_a-memmove.o)
                0x000000000000b77e                memmove
 .text._calloc_r
                0x000000000000b7c4       0x26 c:/mounriver/mounriver_studio/toolchain/risc-v embedded gcc/bin/../lib/gcc/riscv-none-embed/8.2.0/../../../../riscv-none-embed/lib/rv32imacxw/ilp32\libg_nano.a(lib_a-nano-callocr.o)
                0x000000000000b7c4                _calloc_r
 .text._free_r  0x000000000000b7ea       0xa8 c:/mounriver/mounriver_studio/toolchain/risc-v embedded gcc/bin/../lib/gcc/riscv-none-embed/8.2.0/../../../../riscv-none-embed/lib/rv32imacxw/ilp32\libg_nano.a(lib_a-nano-freer.o)
                0x000000000000b7ea                _free_r
 .text._malloc_r
                0x000000000000b892       0xd4 c:/mounriver/mounriver_studio/toolchain/risc-v embedded gcc/bin/../lib/gcc/riscv-none-embed/8.2.0/../../../../riscv-none-embed/lib/rv32imacxw/ilp32\libg_nano.a(lib_a-nano-mallocr.o)
                0x000000000000b892                _malloc_r
 .text.printf   0x000000000000b966       0x40 c:/mounriver/mounriver_studio/toolchain/risc-v embedded gcc/bin/../lib/gcc/riscv-none-embed/8.2.0/../../../../riscv-none-embed/lib/rv32imacxw/ilp32\libg_nano.a(lib_a-printf.o)
                0x000000000000b966                iprintf
                0x000000000000b966                printf
 .text._puts_r  0x000000000000b9a6       0xd4 c:/mounriver/mounriver_studio/toolchain/risc-v embedded gcc/bin/../lib/gcc/riscv-none-embed/8.2.0/../../../../riscv-none-embed/lib/rv32imacxw/ilp32\libg_nano.a(lib_a-puts.o)
                0x000000000000b9a6                _puts_r
 .text.puts     0x000000000000ba7a        0xc c:/mounriver/mounriver_studio/toolchain/risc-v embedded gcc/bin/../lib/gcc/riscv-none-embed/8.2.0/../../../../riscv-none-embed/lib/rv32imacxw/ilp32\libg_nano.a(lib_a-puts.o)
                0x000000000000ba7a                puts
 .text._sbrk_r  0x000000000000ba86       0x32 c:/mounriver/mounriver_studio/toolchain/risc-v embedded gcc/bin/../lib/gcc/riscv-none-embed/8.2.0/../../../../riscv-none-embed/lib/rv32imacxw/ilp32\libg_nano.a(lib_a-sbrkr.o)
                0x000000000000ba86                _sbrk_r
 .text.strlen   0x000000000000bab8       0x12 c:/mounriver/mounriver_studio/toolchain/risc-v embedded gcc/bin/../lib/gcc/riscv-none-embed/8.2.0/../../../../riscv-none-embed/lib/rv32imacxw/ilp32\libg_nano.a(lib_a-strlen.o)
                0x000000000000bab8                strlen
 .text.__swbuf_r
                0x000000000000baca       0xbc c:/mounriver/mounriver_studio/toolchain/risc-v embedded gcc/bin/../lib/gcc/riscv-none-embed/8.2.0/../../../../riscv-none-embed/lib/rv32imacxw/ilp32\libg_nano.a(lib_a-wbuf.o)
                0x000000000000baca                __swbuf_r
 .text.__swsetup_r
                0x000000000000bb86       0xfe c:/mounriver/mounriver_studio/toolchain/risc-v embedded gcc/bin/../lib/gcc/riscv-none-embed/8.2.0/../../../../riscv-none-embed/lib/rv32imacxw/ilp32\libg_nano.a(lib_a-wsetup.o)
                0x000000000000bb86                __swsetup_r
 .text.__sflush_r
                0x000000000000bc84      0x132 c:/mounriver/mounriver_studio/toolchain/risc-v embedded gcc/bin/../lib/gcc/riscv-none-embed/8.2.0/../../../../riscv-none-embed/lib/rv32imacxw/ilp32\libg_nano.a(lib_a-fflush.o)
                0x000000000000bc84                __sflush_r
 .text._fflush_r
                0x000000000000bdb6       0x66 c:/mounriver/mounriver_studio/toolchain/risc-v embedded gcc/bin/../lib/gcc/riscv-none-embed/8.2.0/../../../../riscv-none-embed/lib/rv32imacxw/ilp32\libg_nano.a(lib_a-fflush.o)
                0x000000000000bdb6                _fflush_r
 .text.std      0x000000000000be1c       0x66 c:/mounriver/mounriver_studio/toolchain/risc-v embedded gcc/bin/../lib/gcc/riscv-none-embed/8.2.0/../../../../riscv-none-embed/lib/rv32imacxw/ilp32\libg_nano.a(lib_a-findfp.o)
 .text._cleanup_r
                0x000000000000be82        0xa c:/mounriver/mounriver_studio/toolchain/risc-v embedded gcc/bin/../lib/gcc/riscv-none-embed/8.2.0/../../../../riscv-none-embed/lib/rv32imacxw/ilp32\libg_nano.a(lib_a-findfp.o)
                0x000000000000be82                _cleanup_r
 .text.__sfmoreglue
                0x000000000000be8c       0x48 c:/mounriver/mounriver_studio/toolchain/risc-v embedded gcc/bin/../lib/gcc/riscv-none-embed/8.2.0/../../../../riscv-none-embed/lib/rv32imacxw/ilp32\libg_nano.a(lib_a-findfp.o)
                0x000000000000be8c                __sfmoreglue
 .text.__sinit  0x000000000000bed4       0x6c c:/mounriver/mounriver_studio/toolchain/risc-v embedded gcc/bin/../lib/gcc/riscv-none-embed/8.2.0/../../../../riscv-none-embed/lib/rv32imacxw/ilp32\libg_nano.a(lib_a-findfp.o)
                0x000000000000bed4                __sinit
 .text.__sfp    0x000000000000bf40       0xa0 c:/mounriver/mounriver_studio/toolchain/risc-v embedded gcc/bin/../lib/gcc/riscv-none-embed/8.2.0/../../../../riscv-none-embed/lib/rv32imacxw/ilp32\libg_nano.a(lib_a-findfp.o)
                0x000000000000bf40                __sfp
 .text._fwalk_reent
                0x000000000000bfe0       0x6a c:/mounriver/mounriver_studio/toolchain/risc-v embedded gcc/bin/../lib/gcc/riscv-none-embed/8.2.0/../../../../riscv-none-embed/lib/rv32imacxw/ilp32\libg_nano.a(lib_a-fwalk.o)
                0x000000000000bfe0                _fwalk_reent
 .text.__swhatbuf_r
                0x000000000000c04a       0x58 c:/mounriver/mounriver_studio/toolchain/risc-v embedded gcc/bin/../lib/gcc/riscv-none-embed/8.2.0/../../../../riscv-none-embed/lib/rv32imacxw/ilp32\libg_nano.a(lib_a-makebuf.o)
                0x000000000000c04a                __swhatbuf_r
 .text.__smakebuf_r
                0x000000000000c0a2       0x94 c:/mounriver/mounriver_studio/toolchain/risc-v embedded gcc/bin/../lib/gcc/riscv-none-embed/8.2.0/../../../../riscv-none-embed/lib/rv32imacxw/ilp32\libg_nano.a(lib_a-makebuf.o)
                0x000000000000c0a2                __smakebuf_r
 .text.__malloc_lock
                0x000000000000c136        0x2 c:/mounriver/mounriver_studio/toolchain/risc-v embedded gcc/bin/../lib/gcc/riscv-none-embed/8.2.0/../../../../riscv-none-embed/lib/rv32imacxw/ilp32\libg_nano.a(lib_a-mlock.o)
                0x000000000000c136                __malloc_lock
 .text.__malloc_unlock
                0x000000000000c138        0x2 c:/mounriver/mounriver_studio/toolchain/risc-v embedded gcc/bin/../lib/gcc/riscv-none-embed/8.2.0/../../../../riscv-none-embed/lib/rv32imacxw/ilp32\libg_nano.a(lib_a-mlock.o)
                0x000000000000c138                __malloc_unlock
 .text.__sfputc_r
                0x000000000000c13a       0x28 c:/mounriver/mounriver_studio/toolchain/risc-v embedded gcc/bin/../lib/gcc/riscv-none-embed/8.2.0/../../../../riscv-none-embed/lib/rv32imacxw/ilp32\libg_nano.a(lib_a-nano-vfprintf.o)
 .text.__sfputs_r
                0x000000000000c162       0x42 c:/mounriver/mounriver_studio/toolchain/risc-v embedded gcc/bin/../lib/gcc/riscv-none-embed/8.2.0/../../../../riscv-none-embed/lib/rv32imacxw/ilp32\libg_nano.a(lib_a-nano-vfprintf.o)
                0x000000000000c162                __sfputs_r
 .text._vfprintf_r
                0x000000000000c1a4      0x288 c:/mounriver/mounriver_studio/toolchain/risc-v embedded gcc/bin/../lib/gcc/riscv-none-embed/8.2.0/../../../../riscv-none-embed/lib/rv32imacxw/ilp32\libg_nano.a(lib_a-nano-vfprintf.o)
                0x000000000000c1a4                _vfprintf_r
                0x000000000000c1a4                _vfiprintf_r
 .text._printf_common
                0x000000000000c42c      0x10c c:/mounriver/mounriver_studio/toolchain/risc-v embedded gcc/bin/../lib/gcc/riscv-none-embed/8.2.0/../../../../riscv-none-embed/lib/rv32imacxw/ilp32\libg_nano.a(lib_a-nano-vfprintf_i.o)
                0x000000000000c42c                _printf_common
 .text._printf_i
                0x000000000000c538      0x2a2 c:/mounriver/mounriver_studio/toolchain/risc-v embedded gcc/bin/../lib/gcc/riscv-none-embed/8.2.0/../../../../riscv-none-embed/lib/rv32imacxw/ilp32\libg_nano.a(lib_a-nano-vfprintf_i.o)
                0x000000000000c538                _printf_i
 .text.__sread  0x000000000000c7da       0x2c c:/mounriver/mounriver_studio/toolchain/risc-v embedded gcc/bin/../lib/gcc/riscv-none-embed/8.2.0/../../../../riscv-none-embed/lib/rv32imacxw/ilp32\libg_nano.a(lib_a-stdio.o)
                0x000000000000c7da                __sread
 .text.__swrite
                0x000000000000c806       0x48 c:/mounriver/mounriver_studio/toolchain/risc-v embedded gcc/bin/../lib/gcc/riscv-none-embed/8.2.0/../../../../riscv-none-embed/lib/rv32imacxw/ilp32\libg_nano.a(lib_a-stdio.o)
                0x000000000000c806                __swrite
 .text.__sseek  0x000000000000c84e       0x30 c:/mounriver/mounriver_studio/toolchain/risc-v embedded gcc/bin/../lib/gcc/riscv-none-embed/8.2.0/../../../../riscv-none-embed/lib/rv32imacxw/ilp32\libg_nano.a(lib_a-stdio.o)
                0x000000000000c84e                __sseek
 .text.__sclose
                0x000000000000c87e        0x6 c:/mounriver/mounriver_studio/toolchain/risc-v embedded gcc/bin/../lib/gcc/riscv-none-embed/8.2.0/../../../../riscv-none-embed/lib/rv32imacxw/ilp32\libg_nano.a(lib_a-stdio.o)
                0x000000000000c87e                __sclose
 .text._write_r
                0x000000000000c884       0x36 c:/mounriver/mounriver_studio/toolchain/risc-v embedded gcc/bin/../lib/gcc/riscv-none-embed/8.2.0/../../../../riscv-none-embed/lib/rv32imacxw/ilp32\libg_nano.a(lib_a-writer.o)
                0x000000000000c884                _write_r
 .text._close_r
                0x000000000000c8ba       0x30 c:/mounriver/mounriver_studio/toolchain/risc-v embedded gcc/bin/../lib/gcc/riscv-none-embed/8.2.0/../../../../riscv-none-embed/lib/rv32imacxw/ilp32\libg_nano.a(lib_a-closer.o)
                0x000000000000c8ba                _close_r
 .text._fstat_r
                0x000000000000c8ea       0x32 c:/mounriver/mounriver_studio/toolchain/risc-v embedded gcc/bin/../lib/gcc/riscv-none-embed/8.2.0/../../../../riscv-none-embed/lib/rv32imacxw/ilp32\libg_nano.a(lib_a-fstatr.o)
                0x000000000000c8ea                _fstat_r
 .text._isatty_r
                0x000000000000c91c       0x30 c:/mounriver/mounriver_studio/toolchain/risc-v embedded gcc/bin/../lib/gcc/riscv-none-embed/8.2.0/../../../../riscv-none-embed/lib/rv32imacxw/ilp32\libg_nano.a(lib_a-isattyr.o)
                0x000000000000c91c                _isatty_r
 .text._lseek_r
                0x000000000000c94c       0x34 c:/mounriver/mounriver_studio/toolchain/risc-v embedded gcc/bin/../lib/gcc/riscv-none-embed/8.2.0/../../../../riscv-none-embed/lib/rv32imacxw/ilp32\libg_nano.a(lib_a-lseekr.o)
                0x000000000000c94c                _lseek_r
 .text.memchr   0x000000000000c980       0x18 c:/mounriver/mounriver_studio/toolchain/risc-v embedded gcc/bin/../lib/gcc/riscv-none-embed/8.2.0/../../../../riscv-none-embed/lib/rv32imacxw/ilp32\libg_nano.a(lib_a-memchr.o)
                0x000000000000c980                memchr
 .text._read_r  0x000000000000c998       0x34 c:/mounriver/mounriver_studio/toolchain/risc-v embedded gcc/bin/../lib/gcc/riscv-none-embed/8.2.0/../../../../riscv-none-embed/lib/rv32imacxw/ilp32\libg_nano.a(lib_a-readr.o)
                0x000000000000c998                _read_r
 .text._close   0x000000000000c9cc       0x10 c:/mounriver/mounriver_studio/toolchain/risc-v embedded gcc/bin/../lib/gcc/riscv-none-embed/8.2.0/../../../../riscv-none-embed/lib/rv32imacxw/ilp32\libnosys.a(close.o)
                0x000000000000c9cc                _close
 .text._fstat   0x000000000000c9dc       0x10 c:/mounriver/mounriver_studio/toolchain/risc-v embedded gcc/bin/../lib/gcc/riscv-none-embed/8.2.0/../../../../riscv-none-embed/lib/rv32imacxw/ilp32\libnosys.a(fstat.o)
                0x000000000000c9dc                _fstat
 .text._isatty  0x000000000000c9ec       0x10 c:/mounriver/mounriver_studio/toolchain/risc-v embedded gcc/bin/../lib/gcc/riscv-none-embed/8.2.0/../../../../riscv-none-embed/lib/rv32imacxw/ilp32\libnosys.a(isatty.o)
                0x000000000000c9ec                _isatty
 .text._lseek   0x000000000000c9fc       0x10 c:/mounriver/mounriver_studio/toolchain/risc-v embedded gcc/bin/../lib/gcc/riscv-none-embed/8.2.0/../../../../riscv-none-embed/lib/rv32imacxw/ilp32\libnosys.a(lseek.o)
                0x000000000000c9fc                _lseek
 .text._read    0x000000000000ca0c       0x10 c:/mounriver/mounriver_studio/toolchain/risc-v embedded gcc/bin/../lib/gcc/riscv-none-embed/8.2.0/../../../../riscv-none-embed/lib/rv32imacxw/ilp32\libnosys.a(read.o)
                0x000000000000ca0c                _read
 *(.rodata)
 *(.rodata*)
 *fill*         0x000000000000ca1c        0x0 
 .rodata.bitrate_table
                0x000000000000ca1c       0x10 ./User/DataModel.o
 .rodata.vIncrementSystemCounters.cst4
                0x000000000000ca2c        0x8 ./User/DataModel.o
 .rodata.HardFault_Handler.str1.4
                0x000000000000ca34       0x42 ./User/ch32v20x_it.o
 *fill*         0x000000000000ca76        0x2 
 .rodata.getODValue
                0x000000000000ca78       0x74 ./User/dash_draw.o
 .rodata.MenuStateCross
                0x000000000000caec       0x1c ./User/dash_draw.o
 .rodata.dm     0x000000000000cb08       0x3f ./User/dash_draw.o
 *fill*         0x000000000000cb47        0x1 
 .rodata.getODValue.cst4
                0x000000000000cb48        0x4 ./User/dash_draw.o
                                          0x8 (size before relaxing)
 .rodata.vBarColorMode.cst4
                0x000000000000cb4c        0x4 ./User/dash_draw.o
 .rodata.ADC_FSM.cst4
                0x000000000000cb50       0x14 ./User/inputs.o
                                         0x18 (size before relaxing)
 .rodata.vInputsTask.cst4
                0x000000000000cb64        0xc ./User/inputs.o
 .rodata.vInputsTask.str1.4
                0x000000000000cb70        0xf ./User/inputs.o
 *fill*         0x000000000000cb7f        0x1 
 .rodata.SetSegDirect
                0x000000000000cb80       0x1c ./User/led.o
 .rodata.Brigth
                0x000000000000cb9c       0x1e ./User/led.o
 *fill*         0x000000000000cbba        0x2 
 .rodata.DigitMask
                0x000000000000cbbc        0xa ./User/led.o
                0x000000000000cbbc                DigitMask
 *fill*         0x000000000000cbc6        0x2 
 .rodata.offset_mask
                0x000000000000cbc8        0xe ./User/led.o
 *fill*         0x000000000000cbd6        0x2 
 .rodata.step_mask
                0x000000000000cbd8        0xe ./User/led.o
 *fill*         0x000000000000cbe6        0x2 
 .rodata.OD_ADC1_CAL_extension
                0x000000000000cbe8       0x10 ./User/process.o
                0x000000000000cbe8                OD_ADC1_CAL_extension
 .rodata.OD_ADC2_CAL_extension
                0x000000000000cbf8       0x10 ./User/process.o
                0x000000000000cbf8                OD_ADC2_CAL_extension
 .rodata.OD_ADC3_CAL_extension
                0x000000000000cc08       0x10 ./User/process.o
                0x000000000000cc08                OD_ADC3_CAL_extension
 .rodata.OD_AIN_RPM_extension
                0x000000000000cc18       0x10 ./User/process.o
                0x000000000000cc18                OD_AIN_RPM_extension
 .rodata.OD_BAR_extension
                0x000000000000cc28       0x10 ./User/process.o
                0x000000000000cc28                OD_BAR_extension
 .rodata.OD_BOARD_SETTINGS_extension
                0x000000000000cc38       0x10 ./User/process.o
                0x000000000000cc38                OD_BOARD_SETTINGS_extension
 .rodata.OD_DASH_PARAM_extension
                0x000000000000cc48       0x10 ./User/process.o
                0x000000000000cc48                OD_DASH_PARAM_extension
 .rodata.OD_DIN_extension
                0x000000000000cc58       0x10 ./User/process.o
                0x000000000000cc58                OD_DIN_extension
 .rodata.OD_KEY_extension
                0x000000000000cc68       0x10 ./User/process.o
                0x000000000000cc68                OD_KEY_extension
 .rodata.OD_MENU_MAP_extension
                0x000000000000cc78       0x10 ./User/process.o
                0x000000000000cc78                OD_MENU_MAP_extension
 .rodata.OD_MENU_SETUP_extension
                0x000000000000cc88       0x10 ./User/process.o
                0x000000000000cc88                OD_MENU_SETUP_extension
 .rodata.OD_RGB10_extension
                0x000000000000cc98       0x10 ./User/process.o
                0x000000000000cc98                OD_RGB10_extension
 .rodata.OD_RGB11_extension
                0x000000000000cca8       0x10 ./User/process.o
                0x000000000000cca8                OD_RGB11_extension
 .rodata.OD_RGB12_extension
                0x000000000000ccb8       0x10 ./User/process.o
                0x000000000000ccb8                OD_RGB12_extension
 .rodata.OD_RGB13_extension
                0x000000000000ccc8       0x10 ./User/process.o
                0x000000000000ccc8                OD_RGB13_extension
 .rodata.OD_RGB1_extension
                0x000000000000ccd8       0x10 ./User/process.o
                0x000000000000ccd8                OD_RGB1_extension
 .rodata.OD_RGB2_extension
                0x000000000000cce8       0x10 ./User/process.o
                0x000000000000cce8                OD_RGB2_extension
 .rodata.OD_RGB3_extension
                0x000000000000ccf8       0x10 ./User/process.o
                0x000000000000ccf8                OD_RGB3_extension
 .rodata.OD_RGB4_extension
                0x000000000000cd08       0x10 ./User/process.o
                0x000000000000cd08                OD_RGB4_extension
 .rodata.OD_RGB5_extension
                0x000000000000cd18       0x10 ./User/process.o
                0x000000000000cd18                OD_RGB5_extension
 .rodata.OD_RGB6_extension
                0x000000000000cd28       0x10 ./User/process.o
                0x000000000000cd28                OD_RGB6_extension
 .rodata.OD_RGB7_extension
                0x000000000000cd38       0x10 ./User/process.o
                0x000000000000cd38                OD_RGB7_extension
 .rodata.OD_RGB8_extension
                0x000000000000cd48       0x10 ./User/process.o
                0x000000000000cd48                OD_RGB8_extension
 .rodata.OD_RGB9_extension
                0x000000000000cd58       0x10 ./User/process.o
                0x000000000000cd58                OD_RGB9_extension
 .rodata.OD_RGBMAP_extension
                0x000000000000cd68       0x10 ./User/process.o
                0x000000000000cd68                OD_RGBMAP_extension
 .rodata.OD_RPMCONFIG_extension
                0x000000000000cd78       0x10 ./User/process.o
                0x000000000000cd78                OD_RPMCONFIG_extension
 .rodata.OD_SEG_extension
                0x000000000000cd88       0x10 ./User/process.o
                0x000000000000cd88                OD_SEG_extension
 .rodata.OD_VRegiters_extension
                0x000000000000cd98       0x10 ./User/process.o
                0x000000000000cd98                OD_VRegiters_extension
 .rodata.writeADC.isra.9.cst4
                0x000000000000cda8        0x4 ./User/process.o
 .rodata.StartDefaultTask.str1.4
                0x000000000000cda8        0xa ./User/system_init.o
 *fill*         0x000000000000cdb2        0x2 
 .rodata.str1.4
                0x000000000000cdb4       0x44 ./User/system_init.o
 .rodata.GetRPM.cst4
                0x000000000000cdf8        0x8 ./HWLIB/hw_lib_din.o
 .rodata.vSetRPMConfig.cst4
                0x000000000000ce00        0x4 ./HWLIB/hw_lib_din.o
 .rodata.vInitABFilter.cst4
                0x000000000000ce04        0x4 ./HAL_LIB/filters.o
 .rodata.I2C_FSM
                0x000000000000ce08       0x30 ./HAL_LIB/hw_lib_eeprom_i2c.o
 .rodata.ADC_chennel_ref
                0x000000000000ce38       0x12 ./HAL/hal_adc_ch32.o
 *fill*         0x000000000000ce4a        0x2 
 .rodata.timers
                0x000000000000ce4c       0x14 ./HAL/hal_timers_ch32.o
 .rodata.pvPortMalloc.str1.4
                0x000000000000ce60       0x49 ./FreeRTOS/portable/MemMang/heap_4.o
 *fill*         0x000000000000cea9        0x3 
 .rodata.xPortStartScheduler.str1.4
                0x000000000000ceac       0x27 ./FreeRTOS/portable/GCC/RISC-V/port.o
                                         0x49 (size before relaxing)
 *fill*         0x000000000000ced3        0x1 
 .rodata.xQueueGenericReset.str1.4
                0x000000000000ced4       0x14 ./FreeRTOS/queue.o
                                         0x35 (size before relaxing)
 .rodata.xTaskGenericNotify