Archive member included to satisfy reference by file (symbol)

c:/mounriver/mounriver_studio/toolchain/risc-v embedded gcc/bin/../lib/gcc/riscv-none-embed/8.2.0/rv32imacxw/ilp32\libgcc.a(divdf3.o)
                              ./HAL_LIB/hw_lib_din.o (__divdf3)
c:/mounriver/mounriver_studio/toolchain/risc-v embedded gcc/bin/../lib/gcc/riscv-none-embed/8.2.0/rv32imacxw/ilp32\libgcc.a(muldf3.o)
                              ./User/inputs.o (__muldf3)
c:/mounriver/mounriver_studio/toolchain/risc-v embedded gcc/bin/../lib/gcc/riscv-none-embed/8.2.0/rv32imacxw/ilp32\libgcc.a(fixunsdfsi.o)
                              ./HAL_LIB/hw_lib_din.o (__fixunsdfsi)
c:/mounriver/mounriver_studio/toolchain/risc-v embedded gcc/bin/../lib/gcc/riscv-none-embed/8.2.0/rv32imacxw/ilp32\libgcc.a(floatunsidf.o)
                              ./User/inputs.o (__floatunsidf)
c:/mounriver/mounriver_studio/toolchain/risc-v embedded gcc/bin/../lib/gcc/riscv-none-embed/8.2.0/rv32imacxw/ilp32\libgcc.a(addsf3.o)
                              ./User/inputs.o (__addsf3)
c:/mounriver/mounriver_studio/toolchain/risc-v embedded gcc/bin/../lib/gcc/riscv-none-embed/8.2.0/rv32imacxw/ilp32\libgcc.a(divsf3.o)
                              ./User/DataModel.o (__divsf3)
c:/mounriver/mounriver_studio/toolchain/risc-v embedded gcc/bin/../lib/gcc/riscv-none-embed/8.2.0/rv32imacxw/ilp32\libgcc.a(eqsf2.o)
                              ./HAL_LIB/hw_lib_din.o (__nesf2)
c:/mounriver/mounriver_studio/toolchain/risc-v embedded gcc/bin/../lib/gcc/riscv-none-embed/8.2.0/rv32imacxw/ilp32\libgcc.a(gesf2.o)
                              ./User/inputs.o (__gesf2)
c:/mounriver/mounriver_studio/toolchain/risc-v embedded gcc/bin/../lib/gcc/riscv-none-embed/8.2.0/rv32imacxw/ilp32\libgcc.a(lesf2.o)
                              ./HAL_LIB/hw_lib_din.o (__lesf2)
c:/mounriver/mounriver_studio/toolchain/risc-v embedded gcc/bin/../lib/gcc/riscv-none-embed/8.2.0/rv32imacxw/ilp32\libgcc.a(mulsf3.o)
                              ./User/dash_draw.o (__mulsf3)
c:/mounriver/mounriver_studio/toolchain/risc-v embedded gcc/bin/../lib/gcc/riscv-none-embed/8.2.0/rv32imacxw/ilp32\libgcc.a(subsf3.o)
                              ./User/inputs.o (__subsf3)
c:/mounriver/mounriver_studio/toolchain/risc-v embedded gcc/bin/../lib/gcc/riscv-none-embed/8.2.0/rv32imacxw/ilp32\libgcc.a(fixsfsi.o)
                              ./User/dash_draw.o (__fixsfsi)
c:/mounriver/mounriver_studio/toolchain/risc-v embedded gcc/bin/../lib/gcc/riscv-none-embed/8.2.0/rv32imacxw/ilp32\libgcc.a(fixunssfsi.o)
                              ./User/DataModel.o (__fixunssfsi)
c:/mounriver/mounriver_studio/toolchain/risc-v embedded gcc/bin/../lib/gcc/riscv-none-embed/8.2.0/rv32imacxw/ilp32\libgcc.a(floatsisf.o)
                              ./User/DataModel.o (__floatsisf)
c:/mounriver/mounriver_studio/toolchain/risc-v embedded gcc/bin/../lib/gcc/riscv-none-embed/8.2.0/rv32imacxw/ilp32\libgcc.a(floatunsisf.o)
                              ./User/DataModel.o (__floatunsisf)
c:/mounriver/mounriver_studio/toolchain/risc-v embedded gcc/bin/../lib/gcc/riscv-none-embed/8.2.0/rv32imacxw/ilp32\libgcc.a(extendsfdf2.o)
                              ./HAL_LIB/hw_lib_din.o (__extendsfdf2)
c:/mounriver/mounriver_studio/toolchain/risc-v embedded gcc/bin/../lib/gcc/riscv-none-embed/8.2.0/rv32imacxw/ilp32\libgcc.a(truncdfsf2.o)
                              ./User/inputs.o (__truncdfsf2)
c:/mounriver/mounriver_studio/toolchain/risc-v embedded gcc/bin/../lib/gcc/riscv-none-embed/8.2.0/rv32imacxw/ilp32\libgcc.a(save-restore.o)
                              ./User/inputs.o (__riscv_save_12)
c:/mounriver/mounriver_studio/toolchain/risc-v embedded gcc/bin/../lib/gcc/riscv-none-embed/8.2.0/rv32imacxw/ilp32\libgcc.a(_clzsi2.o)
                              c:/mounriver/mounriver_studio/toolchain/risc-v embedded gcc/bin/../lib/gcc/riscv-none-embed/8.2.0/rv32imacxw/ilp32\libgcc.a(divdf3.o) (__clzsi2)
c:/mounriver/mounriver_studio/toolchain/risc-v embedded gcc/bin/../lib/gcc/riscv-none-embed/8.2.0/rv32imacxw/ilp32\libgcc.a(_clz.o)
                              c:/mounriver/mounriver_studio/toolchain/risc-v embedded gcc/bin/../lib/gcc/riscv-none-embed/8.2.0/rv32imacxw/ilp32\libgcc.a(_clzsi2.o) (__clz_tab)
c:/mounriver/mounriver_studio/toolchain/risc-v embedded gcc/bin/../lib/gcc/riscv-none-embed/8.2.0/../../../../riscv-none-embed/lib/rv32imacxw/ilp32\libg_nano.a(lib_a-calloc.o)
                              ./CANopenNode/CANopen.o (calloc)
c:/mounriver/mounriver_studio/toolchain/risc-v embedded gcc/bin/../lib/gcc/riscv-none-embed/8.2.0/../../../../riscv-none-embed/lib/rv32imacxw/ilp32\libg_nano.a(lib_a-impure.o)
                              c:/mounriver/mounriver_studio/toolchain/risc-v embedded gcc/bin/../lib/gcc/riscv-none-embed/8.2.0/../../../../riscv-none-embed/lib/rv32imacxw/ilp32\libg_nano.a(lib_a-calloc.o) (_impure_ptr)
[...]
Memory Configuration

Name             Origin             Length             Attributes
FLASH            0x0000000000000000 0x0000000000010000 xr
SFLASH           0x0000000000010000 0x0000000000002800 xr
RAM              0x0000000020000000 0x0000000000005000 xrw
*default*        0x0000000000000000 0xffffffffffffffff

Linker script and memory map

LOAD ./User/CanOpenNode.o
LOAD ./User/DataModel.o
LOAD ./User/ch32v20x_it.o
LOAD ./User/dash_draw.o
LOAD ./User/init.o
LOAD ./User/inputs.o
LOAD ./User/led.o
LOAD ./User/main.o
LOAD ./User/process.o
LOAD ./User/system_ch32v20x.o
LOAD ./User/system_init.o
LOAD ./Startup/startup_ch32v20x_D6.o
LOAD ./Peripheral/src/ch32v20x_adc.o
LOAD ./Peripheral/src/ch32v20x_bkp.o
LOAD ./Peripheral/src/ch32v20x_can.o
LOAD ./Peripheral/src/ch32v20x_crc.o
LOAD ./Peripheral/src/ch32v20x_dbgmcu.o
LOAD ./Peripheral/src/ch32v20x_dma.o
LOAD ./Peripheral/src/ch32v20x_exti.o
LOAD ./Peripheral/src/ch32v20x_flash.o
LOAD ./Peripheral/src/ch32v20x_gpio.o
LOAD ./Peripheral/src/ch32v20x_i2c.o
LOAD ./Peripheral/src/ch32v20x_iwdg.o
LOAD ./Peripheral/src/ch32v20x_misc.o
LOAD ./Peripheral/src/ch32v20x_opa.o
LOAD ./Peripheral/src/ch32v20x_pwr.o
LOAD ./Peripheral/src/ch32v20x_rcc.o
LOAD ./Peripheral/src/ch32v20x_rtc.o
LOAD ./Peripheral/src/ch32v20x_spi.o
LOAD ./Peripheral/src/ch32v20x_tim.o
LOAD ./Peripheral/src/ch32v20x_usart.o
LOAD ./Peripheral/src/ch32v20x_wwdg.o
LOAD ./HAL_LIB/filters.o
LOAD ./HAL_LIB/hw_data_model.o
LOAD ./HAL_LIB/hw_lib_adc.o
LOAD ./HAL_LIB/hw_lib_din.o
LOAD ./HAL_LIB/hw_lib_eeprom_i2c.o
LOAD ./HAL_LIB/hw_timeout.o
LOAD ./HAL_DRIVER/hal_can_ch32.o
LOAD ./HAL_DRIVER/hal_gpio_ch32.o
LOAD ./HAL_DRIVER/hal_i2c_ch32.o
LOAD ./HAL_DRIVER/hal_irq.o
LOAD ./HAL_DRIVER/hal_rtc_ch32.o
LOAD ./HAL_DRIVER/hal_spi_ch32.o
LOAD ./HAL_DRIVER/hal_wdt_ch32.o
LOAD ./HAL/hal_adc_ch32.o
LOAD ./HAL/hal_dma_ch32.o
LOAD ./HAL/hal_timers_ch32.o
LOAD ./FreeRTOS/portable/MemMang/heap_4.o
LOAD ./FreeRTOS/portable/GCC/RISC-V/port.o
LOAD ./FreeRTOS/portable/GCC/RISC-V/portASM.o
LOAD ./FreeRTOS/croutine.o
LOAD ./FreeRTOS/event_groups.o
LOAD ./FreeRTOS/list.o
LOAD ./FreeRTOS/queue.o
LOAD ./FreeRTOS/stream_buffer.o
LOAD ./FreeRTOS/tasks.o
LOAD ./FreeRTOS/timers.o
LOAD ./Debug/debug.o
LOAD ./Core/core_riscv.o
LOAD ./CANopenNode/keypad/CO_driver_ST32F103.o
LOAD ./CANopenNode/keypad/OD.o
LOAD ./CANopenNode/extra/CO_trace.o
LOAD ./CANopenNode/309/CO_gateway_ascii.o
LOAD ./CANopenNode/305/CO_LSSmaster.o
LOAD ./CANopenNode/305/CO_LSSslave.o
LOAD ./CANopenNode/304/CO_GFC.o
LOAD ./CANopenNode/304/CO_SRDO.o
LOAD ./CANopenNode/303/CO_LEDs.o
LOAD ./CANopenNode/301/CO_Emergency.o
LOAD ./CANopenNode/301/CO_HBconsumer.o
LOAD ./CANopenNode/301/CO_NMT_Heartbeat.o
LOAD ./CANopenNode/301/CO_Node_Guarding.o
LOAD ./CANopenNode/301/CO_ODinterface.o
LOAD ./CANopenNode/301/CO_PDO.o
LOAD ./CANopenNode/301/CO_SDOclient.o
LOAD ./CANopenNode/301/CO_SDOserver.o
LOAD ./CANopenNode/301/CO_SYNC.o
LOAD ./CANopenNode/301/CO_TIME.o
LOAD ./CANopenNode/301/CO_fifo.o
LOAD ./CANopenNode/301/crc16-ccitt.o
LOAD ./CANopenNode/CANopen.o
LOAD c:/mounriver/mounriver_studio/toolchain/risc-v embedded gcc/bin/../lib/gcc/riscv-none-embed/8.2.0/../../../../riscv-none-embed/lib/rv32imacxw/ilp32\libm.a
LOAD c:/mounriver/mounriver_studio/toolchain/risc-v embedded gcc/bin/../lib/gcc/riscv-none-embed/8.2.0/rv32imacxw/ilp32\libgcc.a
LOAD c:/mounriver/mounriver_studio/toolchain/risc-v embedded gcc/bin/../lib/gcc/riscv-none-embed/8.2.0/../../../../riscv-none-embed/lib/rv32imacxw/ilp32\libg_nano.a
LOAD c:/mounriver/mounriver_studio/toolchain/risc-v embedded gcc/bin/../lib/gcc/riscv-none-embed/8.2.0/../../../../riscv-none-embed/lib/rv32imacxw/ilp32\libc_nano.a
LOAD c:/mounriver/mounriver_studio/toolchain/risc-v embedded gcc/bin/../lib/gcc/riscv-none-embed/8.2.0/rv32imacxw/ilp32\libgcc.a
START GROUP
LOAD c:/mounriver/mounriver_studio/toolchain/risc-v embedded gcc/bin/../lib/gcc/riscv-none-embed/8.2.0/rv32imacxw/ilp32\libgcc.a
LOAD c:/mounriver/mounriver_studio/toolchain/risc-v embedded gcc/bin/../lib/gcc/riscv-none-embed/8.2.0/../../../../riscv-none-embed/lib/rv32imacxw/ilp32\libc_nano.a
LOAD c:/mounriver/mounriver_studio/toolchain/risc-v embedded gcc/bin/../lib/gcc/riscv-none-embed/8.2.0/../../../../riscv-none-embed/lib/rv32imacxw/ilp32\libnosys.a
END GROUP
START GROUP
LOAD c:/mounriver/mounriver_studio/toolchain/risc-v embedded gcc/bin/../lib/gcc/riscv-none-embed/8.2.0/rv32imacxw/ilp32\libgcc.a
LOAD c:/mounriver/mounriver_studio/toolchain/risc-v embedded gcc/bin/../lib/gcc/riscv-none-embed/8.2.0/../../../../riscv-none-embed/lib/rv32imacxw/ilp32\libc_nano.a
LOAD c:/mounriver/mounriver_studio/toolchain/risc-v embedded gcc/bin/../lib/gcc/riscv-none-embed/8.2.0/../../../../riscv-none-embed/lib/rv32imacxw/ilp32\libnosys.a
END GROUP
                0x0000000000000be8                __stack_size = 0xbe8
                [!provide]                        PROVIDE (_stack_size = __stack_size)

.init           0x0000000000000000       0x38
                0x0000000000000000                _sinit = .
                0x0000000000000000                . = ALIGN (0x4)
 *(SORT_NONE(.init))
 .init          0x0000000000000000       0x38 ./Startup/startup_ch32v20x_D6.o
                0x0000000000000000                _start
                0x0000000000000038                . = ALIGN (0x4)
                0x0000000000000038                _einit = .

.vector         0x0000000000000038      0x108
 *(.vector)
 .vector        0x0000000000000038       0xfc ./Startup/startup_ch32v20x_D6.o
                0x0000000000000140                . = ALIGN (0x40)
 *fill*         0x0000000000000134        0xc 

.stext          0x0000000000010000      0x866
                0x0000000000010000                . = ALIGN (0x4)
 *(.stext)
 .stext         0x0000000000010000        0xa ./User/CanOpenNode.o
                0x0000000000010000                vCanOpenInit
 .stext         0x000000000001000a      0x12a ./User/dash_draw.o
                0x000000000001000a                vDashDrawInit
                0x0000000000010084                TestProcedure
 .stext         0x0000000000010134      0x14a ./User/init.o
                0x0000000000010134                vInit_DeviceConfig
 .stext         0x000000000001027e       0xba ./User/inputs.o
                0x000000000001027e                ADC1_Init
 .stext         0x0000000000010338       0x4e ./User/led.o
                0x0000000000010338                vLedDriverStart
 .stext         0x0000000000010386      0x226 ./User/process.o
                0x0000000000010386                vProceesInit
 .stext         0x00000000000105ac      0x134 ./User/system_init.o
                0x00000000000105ac                vSYStaskInit
                0x00000000000106b6                vSYSqueueInit
 .stext         0x00000000000106e0       0x34 ./HAL_LIB/hw_lib_din.o
                0x00000000000106e0                eDinConfigWtihStruct
 .stext         0x0000000000010714       0xca ./HAL_DRIVER/hal_rtc_ch32.o
                0x0000000000010714                HAL_RTC_IT_Init
 .stext         0x00000000000107de       0x60 ./HAL_DRIVER/hal_spi_ch32.o
                0x00000000000107de                HAL_SPI_InitDMA
 .stext         0x000000000001083e       0x28 ./HAL_DRIVER/hal_wdt_ch32.o
                0x000000000001083e                HAL_WDT_Init1s

.text           0x0000000000000200     0xeab4
                0x0000000000000200                . = ALIGN (0x4)
 *(.text)
 .text          0x0000000000000200      0x2ee ./FreeRTOS/portable/GCC/RISC-V/portASM.o
                0x0000000000000200                SW_Handler
                0x0000000000000300                xPortStartFirstTask
                0x0000000000000400                pxPortInitialiseStack
 .text          0x00000000000004ee       0x60 c:/mounriver/mounriver_studio/toolchain/risc-v embedded gcc/bin/../lib/gcc/riscv-none-embed/8.2.0/rv32imacxw/ilp32\libgcc.a(save-restore.o)
                0x00000000000004ee                __riscv_save_12
                0x00000000000004f6                __riscv_save_9
                0x00000000000004f6                __riscv_save_11
                0x00000000000004f6                __riscv_save_10
                0x00000000000004f6                __riscv_save_8
                0x0000000000000504                __riscv_save_4
                0x0000000000000504                __riscv_save_6
                0x0000000000000504                __riscv_save_5
                0x0000000000000504                __riscv_save_7
                0x000000000000051e                __riscv_save_3
                0x000000000000051e                __riscv_save_2
                0x000000000000051e                __riscv_save_1
                0x000000000000051e                __riscv_save_0
                0x000000000000052a                __riscv_restore_12
                0x000000000000052e                __riscv_restore_11
                0x000000000000052e                __riscv_restore_9
                0x000000000000052e                __riscv_restore_10
                0x000000000000052e                __riscv_restore_8
                0x0000000000000538                __riscv_restore_5
                0x0000000000000538                __riscv_restore_7
                0x0000000000000538                __riscv_restore_6
                0x0000000000000538                __riscv_restore_4
                0x0000000000000542                __riscv_restore_3
                0x0000000000000542                __riscv_restore_0
                0x0000000000000542                __riscv_restore_2
                0x0000000000000542                __riscv_restore_1
 .text          0x000000000000054e       0xa8 c:/mounriver/mounriver_studio/toolchain/risc-v embedded gcc/bin/../lib/gcc/riscv-none-embed/8.2.0/../../../../riscv-none-embed/lib/rv32imacxw/ilp32\libg_nano.a(lib_a-memset.o)
                0x000000000000054e                memset
 *(.text.*)
 .text.xCanOpenProcessTaskHandle
                0x00000000000005f6        0xa ./User/CanOpenNode.o
                0x00000000000005f6                xCanOpenProcessTaskHandle
 .text.xCanOpenPeriodicTaskHandle
                0x0000000000000600        0xa ./User/CanOpenNode.o
                0x0000000000000600                xCanOpenPeriodicTaskHandle
 .text.vCanOpenProcess
                0x000000000000060a      0x18c ./User/CanOpenNode.o
                0x000000000000060a                vCanOpenProcess
 .text.vCanOpenPeriodicProcess
                0x0000000000000796       0x82 ./User/CanOpenNode.o
                0x0000000000000796                vCanOpenPeriodicProcess
 .text.xDataRegQueue
                0x0000000000000818        0xa ./User/DataModel.o
                0x0000000000000818                xDataRegQueue
 .text.vDataModelRegDelayWrite
                0x0000000000000822       0x38 ./User/DataModel.o
                0x0000000000000822                vDataModelRegDelayWrite
 .text.DataModel_Init
                0x000000000000085a      0x7b2 ./User/DataModel.o
                0x000000000000085a                DataModel_Init
 .text.WriteRegAfterDelay
                0x000000000000100c       0x62 ./User/DataModel.o
                0x000000000000100c                WriteRegAfterDelay
 .text.WriteReg
                0x000000000000106e       0x58 ./User/DataModel.o
                0x000000000000106e                WriteReg
 .text.vGetBitrate
                0x00000000000010c6       0x2a ./User/DataModel.o
                0x00000000000010c6                vGetBitrate
 .text.vFDGetNMTState
                0x00000000000010f0        0x6 ./User/DataModel.o
                0x00000000000010f0                vFDGetNMTState
 .text.vGetNodeId
                0x00000000000010f6        0xe ./User/DataModel.o
                0x00000000000010f6                vGetNodeId
 .text.vIncrementSystemCounters
                0x0000000000001104       0x9e ./User/DataModel.o
                0x0000000000001104                vIncrementSystemCounters
 .text.vSaveData
                0x00000000000011a2       0x18 ./User/DataModel.o
                0x00000000000011a2                vSaveData
 .text.getOdometr
                0x00000000000011ba       0x16 ./User/DataModel.o
                0x00000000000011ba                getOdometr
 .text.getOdometr1
                0x00000000000011d0       0x16 ./User/DataModel.o
                0x00000000000011d0                getOdometr1
 .text.ResrtOdometr1
                0x00000000000011e6       0x10 ./User/DataModel.o
                0x00000000000011e6                ResrtOdometr1
 .text.NMI_Handler
                0x00000000000011f6        0x2 ./User/ch32v20x_it.o
                0x00000000000011f6                NMI_Handler
 .text.HardFault_Handler
                0x00000000000011f8        0x2 ./User/ch32v20x_it.o
                0x00000000000011f8                HardFault_Handler
 .text.SegPrint
                0x00000000000011fa       0x5a ./User/dash_draw.o
 .text.vCheckKeySatate
                0x0000000000001254       0x80 ./User/dash_draw.o
 .text.xProcessTaskHandle
                0x00000000000012d4        0xa ./User/dash_draw.o
                0x00000000000012d4                xProcessTaskHandle
 .text.vSetErrorReg
                0x00000000000012de        0xa ./User/dash_draw.o
                0x00000000000012de                vSetErrorReg
 .text.getODValue
                0x00000000000012e8      0x16a ./User/dash_draw.o
                0x00000000000012e8                getODValue
 .text.IncMenuIndex
                0x0000000000001452       0x80 ./User/dash_draw.o
                0x0000000000001452                IncMenuIndex
 .text.GoToHome
                0x00000000000014d2       0x12 ./User/dash_draw.o
                0x00000000000014d2                GoToHome
 .text.SetCurMenuHome
                0x00000000000014e4       0x3a ./User/dash_draw.o
                0x00000000000014e4                SetCurMenuHome
 .text.GetCurMenuHome
                0x000000000000151e        0x6 ./User/dash_draw.o
                0x000000000000151e                GetCurMenuHome
 .text.SetCurrentMenu
                0x0000000000001524       0x12 ./User/dash_draw.o
                0x0000000000001524                SetCurrentMenu
 .text.SetDefault
                0x0000000000001536       0x2a ./User/dash_draw.o
                0x0000000000001536                SetDefault
 .text.MenuBackHomeCheck
                0x0000000000001560       0x38 ./User/dash_draw.o
                0x0000000000001560                MenuBackHomeCheck
 .text.CheckMenuChannel
                0x0000000000001598       0x20 ./User/dash_draw.o
                0x0000000000001598                CheckMenuChannel
 .text.vMenuBlink
                0x00000000000015b8       0x4a ./User/dash_draw.o
                0x00000000000015b8                vMenuBlink
 .text.SetErrorRegiter
                0x0000000000001602       0x5e ./User/dash_draw.o
                0x0000000000001602                SetErrorRegiter
 .text.uGetCurrMenu
                0x0000000000001660       0x26 ./User/dash_draw.o
                0x0000000000001660                uGetCurrMenu
 .text.vGetEdgeData
                0x0000000000001686       0x2a ./User/dash_draw.o
                0x0000000000001686                vGetEdgeData
 .text.CheckLedState
                0x00000000000016b0       0x4a ./User/dash_draw.o
 .text.vRGBMode
                0x00000000000016fa       0x8e ./User/dash_draw.o
                0x00000000000016fa                vRGBMode
 .text.vBarColorMode
                0x0000000000001788       0xc2 ./User/dash_draw.o
                0x0000000000001788                vBarColorMode
 .text.vBarWindowMode
                0x000000000000184a       0x5a ./User/dash_draw.o
                0x000000000000184a                vBarWindowMode
 .text.vBarMode
                0x00000000000018a4       0x68 ./User/dash_draw.o
                0x00000000000018a4                vBarMode
 .text.SetTest  0x000000000000190c       0x5e ./User/dash_draw.o
                0x000000000000190c                SetTest
 .text.vRedrawTask
                0x000000000000196a      0x4fe ./User/dash_draw.o
                0x000000000000196a                vRedrawTask
 .text.HardwareDeinit
                0x0000000000001e68       0x2a ./User/init.o
                0x0000000000001e68                HardwareDeinit
 .text.SoftwareReset
                0x0000000000001e92       0x14 ./User/init.o
                0x0000000000001e92                SoftwareReset
 .text.ADC1_Event
                0x0000000000001ea6       0x44 ./User/inputs.o
                0x0000000000001ea6                ADC1_Event
 .text.CaptureDMACallBack
                0x0000000000001eea       0x22 ./User/inputs.o
                0x0000000000001eea                CaptureDMACallBack
 .text.CaptureDMACallBack_1
                0x0000000000001f0c       0x22 ./User/inputs.o
                0x0000000000001f0c                CaptureDMACallBack_1
 .text.fDinStateCallback
                0x0000000000001f2e       0x32 ./User/inputs.o
                0x0000000000001f2e                fDinStateCallback
 .text.getInputsTaskHandle
                0x0000000000001f60        0xa ./User/inputs.o
                0x0000000000001f60                getInputsTaskHandle
 .text.ADC_FSM  0x0000000000001f6a      0x1ea ./User/inputs.o
                0x0000000000001f6a                ADC_FSM
 .text.GetAIN   0x0000000000002154        0xc ./User/inputs.o
                0x0000000000002154                GetAIN
 .text.vInputsTask
                0x0000000000002160      0x1d8 ./User/inputs.o
                0x0000000000002160                vInputsTask
 .text.SPI1_DMA_Callback
                0x0000000000002338       0x2e ./User/led.o
                0x0000000000002338                SPI1_DMA_Callback
 .text.SPI2_DMA_Callback
                0x0000000000002366       0x2e ./User/led.o
                0x0000000000002366                SPI2_DMA_Callback
 .text.SetBarState
                0x0000000000002394       0x50 ./User/led.o
                0x0000000000002394                SetBarState
 .text.SetRGB   0x00000000000023e4       0x4e ./User/led.o
                0x00000000000023e4                SetRGB
 .text.SetSegDirect
                0x0000000000002432       0x9c ./User/led.o
                0x0000000000002432                SetSegDirect
 .text.SetSegPoint
                0x00000000000024ce       0x22 ./User/led.o
                0x00000000000024ce                SetSegPoint
 .text.SetSEG   0x00000000000024f0      0x120 ./User/led.o
                0x00000000000024f0                SetSEG
 .text.SetBigSeg
                0x0000000000002610       0x14 ./User/led.o
                0x0000000000002610                SetBigSeg
 .text.vSetBrigth
                0x0000000000002624       0x28 ./User/led.o
                0x0000000000002624                vSetBrigth
 .text.vLedProcess
                0x000000000000264c       0x1e ./User/led.o
                0x000000000000264c                vLedProcess
 .text.vRGBProcess
                0x000000000000266a       0xe2 ./User/led.o
                0x000000000000266a                vRGBProcess
 .text.startup.main
                0x000000000000274c       0x3c ./User/main.o
                0x000000000000274c                main
 .text.vRestartNode
                0x0000000000002788        0x2 ./User/main.o
                0x0000000000002788                vRestartNode
 .text.Error_Handler
                0x000000000000278a       0x18 ./User/main.o
                0x000000000000278a                Error_Handler
 .text.OD_readKEY
                0x00000000000027a2        0x8 ./User/process.o
 .text.OD_writeRGBMAP
                0x00000000000027aa       0x30 ./User/process.o
 .text.OD_writeKEY
                0x00000000000027da       0x34 ./User/process.o
 .text.OD_readRGBMAP
                0x000000000000280e       0x22 ./User/process.o
 .text.OD_readBoardSettings
                0x0000000000002830       0x5c ./User/process.o
 .text.OD_readDIN
                0x000000000000288c       0x1c ./User/process.o
 .text.OD_writeMenuSetup
                0x00000000000028a8       0x46 ./User/process.o
 .text.OD_writeBoardSettings
                0x00000000000028ee       0xc0 ./User/process.o
 .text.CO_getUint16
                0x00000000000029ae       0x10 ./User/process.o
 .text.OD_writeSEG
                0x00000000000029be       0x46 ./User/process.o
 .text.OD_writeBAR
                0x0000000000002a04       0x30 ./User/process.o
 .text.OD_writeRPMConfig
                0x0000000000002a34       0x36 ./User/process.o
 .text.CO_getUint32
                0x0000000000002a6a       0x18 ./User/process.o
 .text.OD_writeDashParam
                0x0000000000002a82       0x7c ./User/process.o
 .text.OD_writeMenuMap
                0x0000000000002afe       0x30 ./User/process.o
 .text.CO_setUint16
                0x0000000000002b2e       0x10 ./User/process.o
 .text.OD_readBar
                0x0000000000002b3e       0x22 ./User/process.o
 .text.OD_readRPMConfig
                0x0000000000002b60       0x24 ./User/process.o
 .text.OD_readAIN_RPM
                0x0000000000002b84       0x26 ./User/process.o
 .text.OD_writeV1_14
                0x0000000000002baa       0x56 ./User/process.o
 .text.WriteRGB.isra.1
                0x0000000000002c00       0x3a ./User/process.o
 .text.OD_writeRGB1
                0x0000000000002c3a       0x16 ./User/process.o
 .text.OD_writeRGB2
                0x0000000000002c50       0x16 ./User/process.o
 .text.OD_writeRGB3
                0x0000000000002c66       0x16 ./User/process.o
 .text.OD_writeRGB4
                0x0000000000002c7c       0x16 ./User/process.o
 .text.OD_writeRGB5
                0x0000000000002c92       0x16 ./User/process.o
 .text.OD_writeRGB6
                0x0000000000002ca8       0x16 ./User/process.o
 .text.OD_writeRGB7
                0x0000000000002cbe       0x16 ./User/process.o
 .text.OD_writeRGB8
                0x0000000000002cd4       0x16 ./User/process.o
 .text.OD_writeRGB9
                0x0000000000002cea       0x16 ./User/process.o
 .text.OD_writeRGB10
                0x0000000000002d00       0x16 ./User/process.o
 .text.OD_writeRGB11
                0x0000000000002d16       0x16 ./User/process.o
 .text.OD_writeRGB12
                0x0000000000002d2c       0x16 ./User/process.o
 .text.OD_writeRGB13
                0x0000000000002d42       0x16 ./User/process.o
 .text.OD_writeRGB14
                0x0000000000002d58       0x16 ./User/process.o
 .text.OD_writeICHC
                0x0000000000002d6e       0x4c ./User/process.o
 .text.OD_readSEG
                0x0000000000002dba       0x30 ./User/process.o
 .text.OD_readRGB.isra.4
                0x0000000000002dea       0x1c ./User/process.o
 .text.OD_readRGB1
                0x0000000000002e06       0x14 ./User/process.o
 .text.OD_readRGB2
                0x0000000000002e1a       0x14 ./User/process.o
 .text.OD_readRGB3
                0x0000000000002e2e       0x14 ./User/process.o
 .text.OD_readRGB4
                0x0000000000002e42       0x16 ./User/process.o
 .text.OD_readRGB5
                0x0000000000002e58       0x16 ./User/process.o
 .text.OD_readRGB6
                0x0000000000002e6e       0x16 ./User/process.o
 .text.OD_readRGB7
                0x0000000000002e84       0x16 ./User/process.o
 .text.OD_readRGB8
                0x0000000000002e9a       0x16 ./User/process.o
 .text.OD_readRGB9
                0x0000000000002eb0       0x16 ./User/process.o
 .text.OD_readRGB10
                0x0000000000002ec6       0x16 ./User/process.o
 .text.OD_readRGB11
                0x0000000000002edc       0x16 ./User/process.o
 .text.OD_readRGB12
                0x0000000000002ef2       0x16 ./User/process.o
 .text.OD_readRGB13
                0x0000000000002f08       0x16 ./User/process.o
 .text.OD_readRGB14
                0x0000000000002f1e       0x16 ./User/process.o
 .text.readADC.isra.5
                0x0000000000002f34       0x86 ./User/process.o
 .text.OD_readADC1
                0x0000000000002fba       0x10 ./User/process.o
 .text.OD_readADC2
                0x0000000000002fca       0x10 ./User/process.o
 .text.OD_readADC3
                0x0000000000002fda       0x10 ./User/process.o
 .text.OD_readMenuSetup
                0x0000000000002fea       0x30 ./User/process.o
 .text.writeADC.isra.9
                0x000000000000301a       0xde ./User/process.o
 .text.OD_writeADC1
                0x00000000000030f8       0x10 ./User/process.o
 .text.OD_writeADC2
                0x0000000000003108       0x10 ./User/process.o
 .text.OD_writeADC3
                0x0000000000003118       0x10 ./User/process.o
 .text.OD_readDashParam
                0x0000000000003128       0x5a ./User/process.o
 .text.OD_readMenuMap
                0x0000000000003182       0x2c ./User/process.o
 .text.OD_readICHC
                0x00000000000031ae       0x4e ./User/process.o
 .text.SystemInit
                0x00000000000031fc       0xea ./User/system_ch32v20x.o
                0x00000000000031fc                SystemInit
 .text.SystemCoreClockUpdate
                0x00000000000032e6       0x92 ./User/system_ch32v20x.o
                0x00000000000032e6                SystemCoreClockUpdate
 .text.StartDefaultTask
                0x0000000000003378       0x4a ./User/system_init.o
 .text.vApplicationGetIdleTaskMemory
                0x00000000000033c2       0x1c ./User/system_init.o
                0x00000000000033c2                vApplicationGetIdleTaskMemory
 .text.vSystemStop
                0x00000000000033de       0x26 ./User/system_init.o
                0x00000000000033de                vSystemStop
 .text.vector_handler
                0x0000000000003404       0x6c ./Startup/startup_ch32v20x_D6.o
                0x0000000000003408                Ecall_M_Mode_Handler
                0x000000000000340a                Ecall_U_Mode_Handler
                0x000000000000340c                Break_Point_Handler
                0x0000000000003412                WWDG_IRQHandler
                0x0000000000003414                PVD_IRQHandler
                0x0000000000003416                TAMPER_IRQHandler
                0x000000000000341a                FLASH_IRQHandler
                0x000000000000341c                RCC_IRQHandler
                0x000000000000341e                EXTI0_IRQHandler
                0x0000000000003420                EXTI1_IRQHandler
                0x0000000000003422                EXTI2_IRQHandler
                0x0000000000003424                EXTI3_IRQHandler
                0x0000000000003426                EXTI4_IRQHandler
                0x000000000000342a                DMA1_Channel2_IRQHandler
                0x0000000000003432                DMA1_Channel6_IRQHandler
                0x0000000000003440                EXTI9_5_IRQHandler
                0x0000000000003442                TIM1_BRK_IRQHandler
                0x0000000000003444                TIM1_UP_IRQHandler
                0x0000000000003446                TIM1_TRG_COM_IRQHandler
                0x0000000000003448                TIM1_CC_IRQHandler
                0x000000000000344a                TIM2_IRQHandler
                0x000000000000344c                TIM3_IRQHandler
                0x0000000000003454                I2C2_EV_IRQHandler
                0x0000000000003456                I2C2_ER_IRQHandler
                0x0000000000003458                SPI1_IRQHandler
                0x000000000000345a                SPI2_IRQHandler
                0x000000000000345c                USART1_IRQHandler
                0x000000000000345e                USART2_IRQHandler
                0x0000000000003460                USART3_IRQHandler
                0x0000000000003462                EXTI15_10_IRQHandler
                0x0000000000003464                RTCAlarm_IRQHandler
                0x0000000000003466                USBWakeUp_IRQHandler
                0x0000000000003468                USBHD_IRQHandler
                0x000000000000346a                USBHDWakeUp_IRQHandler
                0x000000000000346c                UART4_IRQHandler
                0x000000000000346e                DMA1_Channel8_IRQHandler
 .text.handle_reset
                0x0000000000003470       0x92 ./Startup/startup_ch32v20x_D6.o
                0x0000000000003470                handle_reset
 .text.ADC_Cmd  0x0000000000003502       0x10 ./Peripheral/src/ch32v20x_adc.o
                0x0000000000003502                ADC_Cmd
 .text.ADC_GetResetCalibrationStatus
                0x0000000000003512        0x8 ./Peripheral/src/ch32v20x_adc.o
                0x0000000000003512                ADC_GetResetCalibrationStatus
 .text.ADC_GetCalibrationStatus
                0x000000000000351a        0x8 ./Peripheral/src/ch32v20x_adc.o
                0x000000000000351a                ADC_GetCalibrationStatus
 .text.ADC_GetITStatus
                0x0000000000003522       0x1c ./Peripheral/src/ch32v20x_adc.o
                0x0000000000003522                ADC_GetITStatus
 .text.ADC_ClearITPendingBit
                0x000000000000353e        0xa ./Peripheral/src/ch32v20x_adc.o
                0x000000000000353e                ADC_ClearITPendingBit
 .text.Get_CalibrationValue
                0x0000000000003548      0x1fe ./Peripheral/src/ch32v20x_adc.o
                0x0000000000003548                Get_CalibrationValue
 .text.DMA_GetFlagStatus
                0x0000000000003746        0xe ./Peripheral/src/ch32v20x_dma.o
                0x0000000000003746                DMA_GetFlagStatus
 .text.DMA_GetITStatus
                0x0000000000003754        0xc ./Peripheral/src/ch32v20x_dma.o
                0x0000000000003754                DMA_GetITStatus
 .text.DMA_ClearITPendingBit
                0x0000000000003760        0x8 ./Peripheral/src/ch32v20x_dma.o
                0x0000000000003760                DMA_ClearITPendingBit
 .text.GPIO_Init
                0x0000000000003768       0xfa ./Peripheral/src/ch32v20x_gpio.o
                0x0000000000003768                GPIO_Init
 .text.GPIO_PinRemapConfig
                0x0000000000003862       0xf2 ./Peripheral/src/ch32v20x_gpio.o
                0x0000000000003862                GPIO_PinRemapConfig
 .text.I2C_DualAddressCmd
                0x0000000000003954       0x18 ./Peripheral/src/ch32v20x_i2c.o
                0x0000000000003954                I2C_DualAddressCmd
 .text.I2C_ClearFlag
                0x000000000000396c        0xc ./Peripheral/src/ch32v20x_i2c.o
                0x000000000000396c                I2C_ClearFlag
 .text.RCC_LSEConfig
                0x0000000000003978       0x28 ./Peripheral/src/ch32v20x_rcc.o
                0x0000000000003978                RCC_LSEConfig
 .text.RCC_GetClocksFreq
                0x00000000000039a0       0xbe ./Peripheral/src/ch32v20x_rcc.o
                0x00000000000039a0                RCC_GetClocksFreq
 .text.RCC_APB2PeriphClockCmd
                0x0000000000003a5e       0x1e ./Peripheral/src/ch32v20x_rcc.o
                0x0000000000003a5e                RCC_APB2PeriphClockCmd
 .text.RCC_GetFlagStatus
                0x0000000000003a7c       0x2e ./Peripheral/src/ch32v20x_rcc.o
                0x0000000000003a7c                RCC_GetFlagStatus
 .text.RTC_EnterConfigMode
                0x0000000000003aaa       0x12 ./Peripheral/src/ch32v20x_rtc.o
                0x0000000000003aaa                RTC_EnterConfigMode
 .text.RTC_ExitConfigMode
                0x0000000000003abc       0x18 ./Peripheral/src/ch32v20x_rtc.o
                0x0000000000003abc                RTC_ExitConfigMode
 .text.RTC_GetCounter
                0x0000000000003ad4       0x36 ./Peripheral/src/ch32v20x_rtc.o
                0x0000000000003ad4                RTC_GetCounter
 .text.RTC_SetCounter
                0x0000000000003b0a       0x2c ./Peripheral/src/ch32v20x_rtc.o
                0x0000000000003b0a                RTC_SetCounter
 .text.RTC_SetPrescaler
                0x0000000000003b36       0x2e ./Peripheral/src/ch32v20x_rtc.o
                0x0000000000003b36                RTC_SetPrescaler
 .text.RTC_WaitForLastTask
                0x0000000000003b64       0x10 ./Peripheral/src/ch32v20x_rtc.o
                0x0000000000003b64                RTC_WaitForLastTask
 .text.RTC_WaitForSynchro
                0x0000000000003b74       0x24 ./Peripheral/src/ch32v20x_rtc.o
                0x0000000000003b74                RTC_WaitForSynchro
 .text.TIM_OC1Init
                0x0000000000003b98       0x6a ./Peripheral/src/ch32v20x_tim.o
                0x0000000000003b98                TIM_OC1Init
 .text.TIM_OC2Init
                0x0000000000003c02       0x96 ./Peripheral/src/ch32v20x_tim.o
                0x0000000000003c02                TIM_OC2Init
 .text.TIM_OC3Init
                0x0000000000003c98       0x94 ./Peripheral/src/ch32v20x_tim.o
                0x0000000000003c98                TIM_OC3Init
 .text.TIM_OC4Init
                0x0000000000003d2c       0x6c ./Peripheral/src/ch32v20x_tim.o
                0x0000000000003d2c                TIM_OC4Init
 .text.TIM_OC1PreloadConfig
                0x0000000000003d98        0xe ./Peripheral/src/ch32v20x_tim.o
                0x0000000000003d98                TIM_OC1PreloadConfig
 .text.TIM_OC2PreloadConfig
                0x0000000000003da6       0x16 ./Peripheral/src/ch32v20x_tim.o
                0x0000000000003da6                TIM_OC2PreloadConfig
 .text.TIM_OC3PreloadConfig
                0x0000000000003dbc        0xe ./Peripheral/src/ch32v20x_tim.o
                0x0000000000003dbc                TIM_OC3PreloadConfig
 .text.TIM_OC4PreloadConfig
                0x0000000000003dca       0x16 ./Peripheral/src/ch32v20x_tim.o
                0x0000000000003dca                TIM_OC4PreloadConfig
 .text.TIM_GetITStatus
                0x0000000000003de0       0x18 ./Peripheral/src/ch32v20x_tim.o
                0x0000000000003de0                TIM_GetITStatus
 .text.USART_Init
                0x0000000000003df8       0xbc ./Peripheral/src/ch32v20x_usart.o
                0x0000000000003df8                USART_Init
 .text.USART_Cmd
                0x0000000000003eb4       0x16 ./Peripheral/src/ch32v20x_usart.o
                0x0000000000003eb4                USART_Cmd
 .text.USART_SendData
                0x0000000000003eca        0x8 ./Peripheral/src/ch32v20x_usart.o
                0x0000000000003eca                USART_SendData
 .text.USART_GetFlagStatus
                0x0000000000003ed2        0xa ./Peripheral/src/ch32v20x_usart.o
                0x0000000000003ed2                USART_GetFlagStatus
 .text.vRCFilterConfig
                0x0000000000003edc       0x2e ./HAL_LIB/filters.o
                0x0000000000003edc                vRCFilterConfig
 .text.AddBufferData
                0x0000000000003f0a       0x20 ./HAL_LIB/filters.o
                0x0000000000003f0a                AddBufferData
 .text.GetConversional
                0x0000000000003f2a       0x4a ./HAL_LIB/filters.o
                0x0000000000003f2a                GetConversional
 .text.GetDataRegister
                0x0000000000003f74        0xa ./HAL_LIB/hw_data_model.o
                0x0000000000003f74                GetDataRegister
 .text.GetRegisterAddr
                0x0000000000003f7e        0xc ./HAL_LIB/hw_data_model.o
                0x0000000000003f7e                GetRegisterAddr
 .text.ClearDataModel
                0x0000000000003f8a       0x1e ./HAL_LIB/hw_data_model.o
                0x0000000000003f8a                ClearDataModel
 .text.setReg32
                0x0000000000003fa8       0x1e ./HAL_LIB/hw_data_model.o
                0x0000000000003fa8                setReg32
 .text.setReg16
                0x0000000000003fc6       0x12 ./HAL_LIB/hw_data_model.o
                0x0000000000003fc6                setReg16
 .text.setReg8  0x0000000000003fd8        0xe ./HAL_LIB/hw_data_model.o
                0x0000000000003fd8                setReg8
 .text.getReg16
                0x0000000000003fe6       0x14 ./HAL_LIB/hw_data_model.o
                0x0000000000003fe6                getReg16
 .text.getReg32
                0x0000000000003ffa       0x20 ./HAL_LIB/hw_data_model.o
                0x0000000000003ffa                getReg32
 .text.getReg8  0x000000000000401a        0xe ./HAL_LIB/hw_data_model.o
                0x000000000000401a                getReg8
 .text.vAINInit
                0x0000000000004028       0x36 ./HAL_LIB/hw_lib_adc.o
                0x0000000000004028                vAINInit
 .text.fGetAinCalData
                0x000000000000405e       0x7a ./HAL_LIB/hw_lib_adc.o
                0x000000000000405e                fGetAinCalData
 .text.eAinCalDataConfig
                0x00000000000040d8       0x50 ./HAL_LIB/hw_lib_adc.o
                0x00000000000040d8                eAinCalDataConfig
 .text.vABLineKoofFinde
                0x0000000000004128       0x6a ./HAL_LIB/hw_lib_adc.o
                0x0000000000004128                vABLineKoofFinde
 .text.eSetAinCalPoint
                0x0000000000004192       0x64 ./HAL_LIB/hw_lib_adc.o
                0x0000000000004192                eSetAinCalPoint
 .text.getADC1Buffer
                0x00000000000041f6        0xa ./HAL_LIB/hw_lib_adc.o
                0x00000000000041f6                getADC1Buffer
 .text.uGetDIN  0x0000000000004200       0x14 ./HAL_LIB/hw_lib_din.o
                0x0000000000004200                uGetDIN
 .text.eRPMConfig
                0x0000000000004214       0x5a ./HAL_LIB/hw_lib_din.o
                0x0000000000004214                eRPMConfig
 .text.RMPDataConvert
                0x000000000000426e       0x4e ./HAL_LIB/hw_lib_din.o
                0x000000000000426e                RMPDataConvert
 .text.GetRPM   0x00000000000042bc       0x7a ./HAL_LIB/hw_lib_din.o
                0x00000000000042bc                GetRPM
 .text.vDinDoutProcess
                0x0000000000004336       0x88 ./HAL_LIB/hw_lib_din.o
                0x0000000000004336                vDinDoutProcess
 .text.getCaputreBuffer
                0x00000000000043be       0x16 ./HAL_LIB/hw_lib_din.o
                0x00000000000043be                getCaputreBuffer
 .text.I2C_FSM  0x00000000000043d4      0x198 ./HAL_LIB/hw_lib_eeprom_i2c.o
                0x00000000000043d4                I2C_FSM
 .text.vInitEEPROM_I2C
                0x000000000000456c       0x52 ./HAL_LIB/hw_lib_eeprom_i2c.o
                0x000000000000456c                vInitEEPROM_I2C
 .text.eEEPROMWrFast
                0x00000000000045be      0x104 ./HAL_LIB/hw_lib_eeprom_i2c.o
                0x00000000000045be                eEEPROMWrFast
 .text.eEEPROMWr
                0x00000000000046c2       0xe2 ./HAL_LIB/hw_lib_eeprom_i2c.o
                0x00000000000046c2                eEEPROMWr
 .text.eEEPROMRd
                0x00000000000047a4       0x8a ./HAL_LIB/hw_lib_eeprom_i2c.o
                0x00000000000047a4                eEEPROMRd
 .text.bReadEEPROM
                0x000000000000482e       0x1a ./HAL_LIB/hw_lib_eeprom_i2c.o
                0x000000000000482e                bReadEEPROM
 .text.vHW_INIT_TIMEOUT
                0x0000000000004848       0x1c ./HAL_LIB/hw_timeout.o
                0x0000000000004848                vHW_INIT_TIMEOUT
 .text.vHW_PROCESS_TIMEOUT
                0x0000000000004864       0x26 ./HAL_LIB/hw_timeout.o
                0x0000000000004864                vHW_PROCESS_TIMEOUT
 .text.HAL_CANSetTXCallback
                0x000000000000488a        0xa ./HAL_DRIVER/hal_can_ch32.o
                0x000000000000488a                HAL_CANSetTXCallback
 .text.HAL_CANSetRXCallback
                0x0000000000004894        0xa ./HAL_DRIVER/hal_can_ch32.o
                0x0000000000004894                HAL_CANSetRXCallback
 .text.HAL_CANSetERRCallback
                0x000000000000489e        0xa ./HAL_DRIVER/hal_can_ch32.o
                0x000000000000489e                HAL_CANSetERRCallback
 .text.HAL_CANToInitMode
                0x00000000000048a8       0x2c ./HAL_DRIVER/hal_can_ch32.o
                0x00000000000048a8                HAL_CANToInitMode
 .text.HAL_CANIntIT
                0x00000000000048d4      0x13e ./HAL_DRIVER/hal_can_ch32.o
                0x00000000000048d4                HAL_CANIntIT
 .text.HAL_CANToOperatingMode
                0x0000000000004a12       0x26 ./HAL_DRIVER/hal_can_ch32.o
                0x0000000000004a12                HAL_CANToOperatingMode
 .text.HAL_CANSend
                0x0000000000004a38       0xae ./HAL_DRIVER/hal_can_ch32.o
                0x0000000000004a38                HAL_CANSend
 .text.HAL_CANSetFiters
                0x0000000000004ae6       0xc4 ./HAL_DRIVER/hal_can_ch32.o
                0x0000000000004ae6                HAL_CANSetFiters
 .text.HAL_CANGetRXMessage
                0x0000000000004baa       0xb0 ./HAL_DRIVER/hal_can_ch32.o
                0x0000000000004baa                HAL_CANGetRXMessage
 .text.USB_HP_CAN1_TX_IRQHandler
                0x0000000000004c5a       0x60 ./HAL_DRIVER/hal_can_ch32.o
                0x0000000000004c5a                USB_HP_CAN1_TX_IRQHandler
 .text.USB_LP_CAN1_RX0_IRQHandler
                0x0000000000004cba       0x5e ./HAL_DRIVER/hal_can_ch32.o
                0x0000000000004cba                USB_LP_CAN1_RX0_IRQHandler
 .text.CAN1_RX1_IRQHandler
                0x0000000000004d18       0x5e ./HAL_DRIVER/hal_can_ch32.o
                0x0000000000004d18                CAN1_RX1_IRQHandler
 .text.CAN1_SCE_IRQHandler
                0x0000000000004d76       0x5c ./HAL_DRIVER/hal_can_ch32.o
                0x0000000000004d76                CAN1_SCE_IRQHandler
 .text.HAL_InitGPIO
                0x0000000000004dd2       0xba ./HAL_DRIVER/hal_gpio_ch32.o
                0x0000000000004dd2                HAL_InitGPIO
 .text.HAL_InitGpioOut
                0x0000000000004e8c       0x10 ./HAL_DRIVER/hal_gpio_ch32.o
                0x0000000000004e8c                HAL_InitGpioOut
 .text.HAL_InitGpioAIN
                0x0000000000004e9c       0x10 ./HAL_DRIVER/hal_gpio_ch32.o
                0x0000000000004e9c                HAL_InitGpioAIN
 .text.HAL_InitGpioIn
                0x0000000000004eac       0x10 ./HAL_DRIVER/hal_gpio_ch32.o
                0x0000000000004eac                HAL_InitGpioIn
 .text.HAL_InitGpioAF
                0x0000000000004ebc       0x34 ./HAL_DRIVER/hal_gpio_ch32.o
                0x0000000000004ebc                HAL_InitGpioAF
 .text.HAL_GetBit
                0x0000000000004ef0        0xa ./HAL_DRIVER/hal_gpio_ch32.o
                0x0000000000004ef0                HAL_GetBit
 .text.HAL_SetBit
                0x0000000000004efa        0x4 ./HAL_DRIVER/hal_gpio_ch32.o
                0x0000000000004efa                HAL_SetBit
 .text.HAL_ResetBit
                0x0000000000004efe        0x4 ./HAL_DRIVER/hal_gpio_ch32.o
                0x0000000000004efe                HAL_ResetBit
 .text.HAL_InitGPO
                0x0000000000004f02       0x14 ./HAL_DRIVER/hal_gpio_ch32.o
                0x0000000000004f02                HAL_InitGPO
 .text.HAL_I2C_Init
                0x0000000000004f16       0xf4 ./HAL_DRIVER/hal_i2c_ch32.o
                0x0000000000004f16                HAL_I2C_Init
 .text.HAL_I2C_GET_STAR2
                0x000000000000500a        0xe ./HAL_DRIVER/hal_i2c_ch32.o
                0x000000000000500a                HAL_I2C_GET_STAR2
 .text.HAL_I2C_GET_STAR1
                0x0000000000005018        0xe ./HAL_DRIVER/hal_i2c_ch32.o
                0x0000000000005018                HAL_I2C_GET_STAR1
 .text.HAL_I2C_ENABLE
                0x0000000000005026       0x14 ./HAL_DRIVER/hal_i2c_ch32.o
                0x0000000000005026                HAL_I2C_ENABLE
 .text.InitI2CIT
                0x000000000000503a       0x6e ./HAL_DRIVER/hal_i2c_ch32.o
                0x000000000000503a                InitI2CIT
 .text.HAL_I2C_DISABLE
                0x00000000000050a8       0x1a ./HAL_DRIVER/hal_i2c_ch32.o
                0x00000000000050a8                HAL_I2C_DISABLE
 .text.I2C_IT_ENABLE
                0x00000000000050c2       0x12 ./HAL_DRIVER/hal_i2c_ch32.o
                0x00000000000050c2                I2C_IT_ENABLE
 .text.I2C_IT_DISABLE
                0x00000000000050d4       0x16 ./HAL_DRIVER/hal_i2c_ch32.o
                0x00000000000050d4                I2C_IT_DISABLE
 .text.HAL_I2C_STOP
                0x00000000000050ea       0x14 ./HAL_DRIVER/hal_i2c_ch32.o
                0x00000000000050ea                HAL_I2C_STOP
 .text.HAL_I2C_START
                0x00000000000050fe       0x14 ./HAL_DRIVER/hal_i2c_ch32.o
                0x00000000000050fe                HAL_I2C_START
 .text.HAL_I2C_SEND
                0x0000000000005112        0xe ./HAL_DRIVER/hal_i2c_ch32.o
                0x0000000000005112                HAL_I2C_SEND
 .text.HAL_I2C_SEND_ADDR_TRANS
                0x0000000000005120       0x12 ./HAL_DRIVER/hal_i2c_ch32.o
                0x0000000000005120                HAL_I2C_SEND_ADDR_TRANS
 .text.HAL_I2C_SEND_ADDR_RECIEVE
                0x0000000000005132       0x16 ./HAL_DRIVER/hal_i2c_ch32.o
                0x0000000000005132                HAL_I2C_SEND_ADDR_RECIEVE
 .text.HAL_I2C_ACK_ENABLE
                0x0000000000005148       0x14 ./HAL_DRIVER/hal_i2c_ch32.o
                0x0000000000005148                HAL_I2C_ACK_ENABLE
 .text.HAL_I2C_ACK_DISABLE
                0x000000000000515c       0x1c ./HAL_DRIVER/hal_i2c_ch32.o
                0x000000000000515c                HAL_I2C_ACK_DISABLE
 .text.HAL_I2C_ClearFlag
                0x0000000000005178       0x20 ./HAL_DRIVER/hal_i2c_ch32.o
                0x0000000000005178                HAL_I2C_ClearFlag
 .text.HAL_I2C_READ_DATA
                0x0000000000005198        0xe ./HAL_DRIVER/hal_i2c_ch32.o
                0x0000000000005198                HAL_I2C_READ_DATA
 .text.I2C1_EV_IRQHandler
                0x00000000000051a6       0x52 ./HAL_DRIVER/hal_i2c_ch32.o
                0x00000000000051a6                I2C1_EV_IRQHandler
 .text.I2C1_ER_IRQHandler
                0x00000000000051f8       0x52 ./HAL_DRIVER/hal_i2c_ch32.o
                0x00000000000051f8                I2C1_ER_IRQHandler
 .text.HAL_InitAPB1
                0x000000000000524a       0x1c ./HAL_DRIVER/hal_irq.o
                0x000000000000524a                HAL_InitAPB1
 .text.HAL_InitAPB2
                0x0000000000005266       0x1c ./HAL_DRIVER/hal_irq.o
                0x0000000000005266                HAL_InitAPB2
 .text.PFIC_IRQ_ENABLE_PG1
                0x0000000000005282       0x34 ./HAL_DRIVER/hal_irq.o
                0x0000000000005282                PFIC_IRQ_ENABLE_PG1
 .text.RTC_IRQHandler
                0x00000000000052b6       0x78 ./HAL_DRIVER/hal_rtc_ch32.o
                0x00000000000052b6                RTC_IRQHandler
 .text.HAL_SPI_RXOveleyClear
                0x000000000000532e       0x1e ./HAL_DRIVER/hal_spi_ch32.o
                0x000000000000532e                HAL_SPI_RXOveleyClear
 .text.HAL_SPI_GetBusy
                0x000000000000534c       0x10 ./HAL_DRIVER/hal_spi_ch32.o
                0x000000000000534c                HAL_SPI_GetBusy
 .text.HAL_WDTReset
                0x000000000000535c        0xe ./HAL_DRIVER/hal_wdt_ch32.o
                0x000000000000535c                HAL_WDTReset
 .text.Get_ConversionVal
                0x000000000000536a       0x2e ./HAL/hal_adc_ch32.o
                0x000000000000536a                Get_ConversionVal
 .text.HAL_ADC_RegularChannelConfig
                0x0000000000005398       0x46 ./HAL/hal_adc_ch32.o
                0x0000000000005398                HAL_ADC_RegularChannelConfig
 .text.HAL_ADC_ContiniusScanCinvertionDMA
                0x00000000000053de       0xce ./HAL/hal_adc_ch32.o
                0x00000000000053de                HAL_ADC_ContiniusScanCinvertionDMA
 .text.HAL_ADC_StartDMA
                0x00000000000054ac       0x42 ./HAL/hal_adc_ch32.o
                0x00000000000054ac                HAL_ADC_StartDMA
 .text.ADC1_2_IRQHandler
                0x00000000000054ee       0x74 ./HAL/hal_adc_ch32.o
                0x00000000000054ee                ADC1_2_IRQHandler
 .text.DMA_IRQ  0x0000000000005562       0x3a ./HAL/hal_dma_ch32.o
 .text.HAL_DMA_Enable
                0x000000000000559c       0x18 ./HAL/hal_dma_ch32.o
                0x000000000000559c                HAL_DMA_Enable
 .text.HAL_DMA_Disable
                0x00000000000055b4       0x1a ./HAL/hal_dma_ch32.o
                0x00000000000055b4                HAL_DMA_Disable
 .text.HAL_DMAInitIT
                0x00000000000055ce       0xa0 ./HAL/hal_dma_ch32.o
                0x00000000000055ce                HAL_DMAInitIT
 .text.HAL_DMA_SetCounter
                0x000000000000566e       0x12 ./HAL/hal_dma_ch32.o
                0x000000000000566e                HAL_DMA_SetCounter
 .text.HAL_DMA_ITENABLE
                0x0000000000005680       0x16 ./HAL/hal_dma_ch32.o
                0x0000000000005680                HAL_DMA_ITENABLE
 .text.HAL_DMA_SetCouterAndEnable
                0x0000000000005696       0x1a ./HAL/hal_dma_ch32.o
                0x0000000000005696                HAL_DMA_SetCouterAndEnable
 .text.DMA1_Channel1_IRQHandler
                0x00000000000056b0       0x4e ./HAL/hal_dma_ch32.o
                0x00000000000056b0                DMA1_Channel1_IRQHandler
 .text.DMA1_Channel3_IRQHandler
                0x00000000000056fe       0x4e ./HAL/hal_dma_ch32.o
                0x00000000000056fe                DMA1_Channel3_IRQHandler
 .text.DMA1_Channel4_IRQHandler
                0x000000000000574c       0x4e ./HAL/hal_dma_ch32.o
                0x000000000000574c                DMA1_Channel4_IRQHandler
 .text.DMA1_Channel5_IRQHandler
                0x000000000000579a       0x4e ./HAL/hal_dma_ch32.o
                0x000000000000579a                DMA1_Channel5_IRQHandler
 .text.DMA1_Channel7_IRQHandler
                0x00000000000057e8       0x4e ./HAL/hal_dma_ch32.o
                0x00000000000057e8                DMA1_Channel7_IRQHandler
 .text.TIM4_IRQHandler
                0x0000000000005836       0x70 ./HAL/hal_timers_ch32.o
                0x0000000000005836                TIM4_IRQHandler
 .text.HAL_TiemrEneblae
                0x00000000000058a6       0x16 ./HAL/hal_timers_ch32.o
                0x00000000000058a6                HAL_TiemrEneblae
 .text.HAL_TiemrDisable
                0x00000000000058bc       0x1c ./HAL/hal_timers_ch32.o
                0x00000000000058bc                HAL_TiemrDisable
 .text.HW_TIMER_BaseTimerInit
                0x00000000000058d8       0x54 ./HAL/hal_timers_ch32.o
                0x00000000000058d8                HW_TIMER_BaseTimerInit
 .text.HAL_TIMER_InitIt
                0x000000000000592c       0x60 ./HAL/hal_timers_ch32.o
                0x000000000000592c                HAL_TIMER_InitIt
 .text.HAL_TIMER_PWMTimersInit
                0x000000000000598c       0xc2 ./HAL/hal_timers_ch32.o
                0x000000000000598c                HAL_TIMER_PWMTimersInit
 .text.HAL_TimeInitCaptureDMA
                0x0000000000005a4e       0xec ./HAL/hal_timers_ch32.o
                0x0000000000005a4e                HAL_TimeInitCaptureDMA
 .text.HAL_TIMER_SetPWMPulse
                0x0000000000005b3a       0x88 ./HAL/hal_timers_ch32.o
                0x0000000000005b3a                HAL_TIMER_SetPWMPulse
 .text.HAL_TIMER_EnablePWMCH
                0x0000000000005bc2       0x1a ./HAL/hal_timers_ch32.o
                0x0000000000005bc2                HAL_TIMER_EnablePWMCH
 .text.prvInsertBlockIntoFreeList
                0x0000000000005bdc       0x4c ./FreeRTOS/portable/MemMang/heap_4.o
 .text.pvPortMalloc
                0x0000000000005c28      0x18a ./FreeRTOS/portable/MemMang/heap_4.o
                0x0000000000005c28                pvPortMalloc
 .text.vPortSetupTimerInterrupt
                0x0000000000005db2       0x3e ./FreeRTOS/portable/GCC/RISC-V/port.o
                0x0000000000005db2                vPortSetupTimerInterrupt
 .text.xPortStartScheduler
                0x0000000000005df0       0x90 ./FreeRTOS/portable/GCC/RISC-V/port.o
                0x0000000000005df0                xPortStartScheduler
 .text.SysTick_Handler
                0x0000000000005e80       0x7c ./FreeRTOS/portable/GCC/RISC-V/port.o
                0x0000000000005e80                SysTick_Handler
 .text.vPortEnterCritical
                0x0000000000005efc       0x16 ./FreeRTOS/portable/GCC/RISC-V/port.o
                0x0000000000005efc                vPortEnterCritical
 .text.vPortExitCritical
                0x0000000000005f12       0x42 ./FreeRTOS/portable/GCC/RISC-V/port.o
                0x0000000000005f12                vPortExitCritical
 .text.xPortSetInterruptMask
                0x0000000000005f54        0xc ./FreeRTOS/portable/GCC/RISC-V/port.o
                0x0000000000005f54                xPortSetInterruptMask
 .text.vPortClearInterruptMask
                0x0000000000005f60        0x6 ./FreeRTOS/portable/GCC/RISC-V/port.o
                0x0000000000005f60                vPortClearInterruptMask
 .text.vListInitialise
                0x0000000000005f66       0x14 ./FreeRTOS/list.o
                0x0000000000005f66                vListInitialise
 .text.vListInitialiseItem
                0x0000000000005f7a        0x6 ./FreeRTOS/list.o
                0x0000000000005f7a                vListInitialiseItem
 .text.vListInsertEnd
                0x0000000000005f80       0x18 ./FreeRTOS/list.o
                0x0000000000005f80                vListInsertEnd
 .text.vListInsert
                0x0000000000005f98       0x2e ./FreeRTOS/list.o
                0x0000000000005f98                vListInsert
 .text.uxListRemove
                0x0000000000005fc6       0x20 ./FreeRTOS/list.o
                0x0000000000005fc6                uxListRemove
 .text.prvIsQueueEmpty
                0x0000000000005fe6       0x1e ./FreeRTOS/queue.o
 .text.prvCopyDataToQueue
                0x0000000000006004       0x72 ./FreeRTOS/queue.o
 .text.prvCopyDataFromQueue
                0x0000000000006076       0x28 ./FreeRTOS/queue.o
 .text.prvUnlockQueue
                0x000000000000609e       0x76 ./FreeRTOS/queue.o
 .text.xQueueGenericReset
                0x0000000000006114       0xc4 ./FreeRTOS/queue.o
                0x0000000000006114                xQueueGenericReset
 .text.xQueueGenericCreateStatic
                0x00000000000061d8       0xae ./FreeRTOS/queue.o
                0x00000000000061d8                xQueueGenericCreateStatic
 .text.xQueueGenericCreate
                0x0000000000006286       0x72 ./FreeRTOS/queue.o
                0x0000000000006286                xQueueGenericCreate
 .text.xQueueGenericSend
                0x00000000000062f8      0x178 ./FreeRTOS/queue.o
                0x00000000000062f8                xQueueGenericSend
 .text.xQueueGiveMutexRecursive
                0x0000000000006470       0x56 ./FreeRTOS/queue.o
                0x0000000000006470                xQueueGiveMutexRecursive
 .text.xQueueCreateMutex
                0x00000000000064c6       0x2e ./FreeRTOS/queue.o
                0x00000000000064c6                xQueueCreateMutex
 .text.xQueueReceive
                0x00000000000064f4      0x138 ./FreeRTOS/queue.o
                0x00000000000064f4                xQueueReceive
 .text.xQueueSemaphoreTake
                0x000000000000662c      0x18e ./FreeRTOS/queue.o
                0x000000000000662c                xQueueSemaphoreTake
 .text.xQueueTakeMutexRecursive
                0x00000000000067ba       0x5a ./FreeRTOS/queue.o
                0x00000000000067ba                xQueueTakeMutexRecursive
 .text.uxQueueMessagesWaiting
                0x0000000000006814       0x44 ./FreeRTOS/queue.o
                0x0000000000006814                uxQueueMessagesWaiting
 .text.prvIdleTask
                0x0000000000006858        0x2 ./FreeRTOS/tasks.o
 .text.prvAddNewTaskToReadyList
                0x000000000000685a      0x10e ./FreeRTOS/tasks.o
 .text.prvResetNextTaskUnblockTime
                0x0000000000006968       0x20 ./FreeRTOS/tasks.o
 .text.prvTaskIsTaskSuspended
                0x0000000000006988       0x50 ./FreeRTOS/tasks.o
 .text.prvInitialiseNewTask.isra.2
                0x00000000000069d8       0xc8 ./FreeRTOS/tasks.o
 .text.prvAddCurrentTaskToDelayedList
                0x0000000000006aa0       0xa4 ./FreeRTOS/tasks.o
 .text.xTaskCreateStatic
                0x0000000000006b44       0xa6 ./FreeRTOS/tasks.o
                0x0000000000006b44                xTaskCreateStatic
 .text.vTaskResume
                0x0000000000006bea       0xaa ./FreeRTOS/tasks.o
                0x0000000000006bea                vTaskResume
 .text.vTaskStartScheduler
                0x0000000000006c94       0x5c ./FreeRTOS/tasks.o
                0x0000000000006c94                vTaskStartScheduler
 .text.vTaskSuspendAll
                0x0000000000006cf0       0x10 ./FreeRTOS/tasks.o
                0x0000000000006cf0                vTaskSuspendAll
 .text.xTaskGetTickCount
                0x0000000000006d00        0x6 ./FreeRTOS/tasks.o
                0x0000000000006d00                xTaskGetTickCount
 .text.xTaskIncrementTick
                0x0000000000006d06      0x198 ./FreeRTOS/tasks.o
                0x0000000000006d06                xTaskIncrementTick
 .text.xTaskResumeAll
                0x0000000000006e9e      0x158 ./FreeRTOS/tasks.o
                0x0000000000006e9e                xTaskResumeAll
 .text.vTaskDelay
                0x0000000000006ff6       0x66 ./FreeRTOS/tasks.o
                0x0000000000006ff6                vTaskDelay
 .text.vTaskSwitchContext
                0x000000000000705c       0x96 ./FreeRTOS/tasks.o
                0x000000000000705c                vTaskSwitchContext
 .text.vTaskSuspend
                0x00000000000070f2       0xea ./FreeRTOS/tasks.o
                0x00000000000070f2                vTaskSuspend
 .text.vTaskPlaceOnEventList
                0x00000000000071dc       0x48 ./FreeRTOS/tasks.o
                0x00000000000071dc                vTaskPlaceOnEventList
 .text.xTaskRemoveFromEventList
                0x0000000000007224       0xe8 ./FreeRTOS/tasks.o
                0x0000000000007224                xTaskRemoveFromEventList
 .text.vTaskInternalSetTimeOutState
                0x000000000000730c        0xe ./FreeRTOS/tasks.o
                0x000000000000730c                vTaskInternalSetTimeOutState
 .text.xTaskCheckForTimeOut
                0x000000000000731a       0xaa ./FreeRTOS/tasks.o
                0x000000000000731a                xTaskCheckForTimeOut
 .text.vTaskMissedYield
                0x00000000000073c4        0x8 ./FreeRTOS/tasks.o
                0x00000000000073c4                vTaskMissedYield
 .text.xTaskGetCurrentTaskHandle
                0x00000000000073cc        0xa ./FreeRTOS/tasks.o
                0x00000000000073cc                xTaskGetCurrentTaskHandle
 .text.xTaskPriorityInherit
                0x00000000000073d6       0xae ./FreeRTOS/tasks.o
                0x00000000000073d6                xTaskPriorityInherit
 .text.xTaskPriorityDisinherit
                0x0000000000007484       0xca ./FreeRTOS/tasks.o
                0x0000000000007484                xTaskPriorityDisinherit
 .text.vTaskPriorityDisinheritAfterTimeout
                0x000000000000754e       0xe6 ./FreeRTOS/tasks.o
                0x000000000000754e                vTaskPriorityDisinheritAfterTimeout
 .text.pvTaskIncrementMutexHeldCount
                0x0000000000007634       0x1c ./FreeRTOS/tasks.o
                0x0000000000007634                pvTaskIncrementMutexHeldCount
 .text.ulTaskGenericNotifyTake
                0x0000000000007650       0xb8 ./FreeRTOS/tasks.o
                0x0000000000007650                ulTaskGenericNotifyTake
 .text.xTaskGenericNotifyWait
                0x0000000000007708       0xe6 ./FreeRTOS/tasks.o
                0x0000000000007708                xTaskGenericNotifyWait
 .text.xTaskGenericNotifyFromISR
                0x00000000000077ee      0x1ec ./FreeRTOS/tasks.o
                0x00000000000077ee                xTaskGenericNotifyFromISR
 .text.Delay_Init
                0x00000000000079da       0x2a ./Debug/debug.o
                0x00000000000079da                Delay_Init
 .text.Delay_Ms
                0x0000000000007a04       0x36 ./Debug/debug.o
                0x0000000000007a04                Delay_Ms
 .text.USART_Printf_Init
                0x0000000000007a3a       0x5a ./Debug/debug.o
                0x0000000000007a3a                USART_Printf_Init
 .text._write   0x0000000000007a94       0x3e ./Debug/debug.o
                0x0000000000007a94                _write
 .text._sbrk    0x0000000000007ad2       0x2a ./Debug/debug.o
                0x0000000000007ad2                _sbrk
 .text.prv_read_can_received_msg
                0x0000000000007afc       0x50 ./CANopenNode/keypad/CO_driver_ST32F103.o
                0x0000000000007afc                prv_read_can_received_msg
 .text.prv_send_can_message.isra.0
                0x0000000000007b4c       0x2c ./CANopenNode/keypad/CO_driver_ST32F103.o
 .text.CAN_SendMessage
                0x0000000000007b78       0x66 ./CANopenNode/keypad/CO_driver_ST32F103.o
                0x0000000000007b78                CAN_SendMessage
 .text.co_drv_create_os_objects
                0x0000000000007bde       0x30 ./CANopenNode/keypad/CO_driver_ST32F103.o
                0x0000000000007bde                co_drv_create_os_objects
 .text.co_drv_mutex_lock
                0x0000000000007c0e       0x18 ./CANopenNode/keypad/CO_driver_ST32F103.o
                0x0000000000007c0e                co_drv_mutex_lock
 .text.co_drv_mutex_unlock
                0x0000000000007c26       0x16 ./CANopenNode/keypad/CO_driver_ST32F103.o
                0x0000000000007c26                co_drv_mutex_unlock
 .text.CO_CANmodule_init
                0x0000000000007c3c      0x110 ./CANopenNode/keypad/CO_driver_ST32F103.o
                0x0000000000007c3c                CO_CANmodule_init
 .text.CO_CANmodule_disable
                0x0000000000007d4c       0x14 ./CANopenNode/keypad/CO_driver_ST32F103.o
                0x0000000000007d4c                CO_CANmodule_disable
 .text.CO_CANrxBufferInit
                0x0000000000007d60       0x52 ./CANopenNode/keypad/CO_driver_ST32F103.o
                0x0000000000007d60                CO_CANrxBufferInit
 .text.CO_CANtxBufferInit
                0x0000000000007db2       0x3a ./CANopenNode/keypad/CO_driver_ST32F103.o
                0x0000000000007db2                CO_CANtxBufferInit
 .text.CO_CANmodule_process
                0x0000000000007dec       0x12 ./CANopenNode/keypad/CO_driver_ST32F103.o
                0x0000000000007dec                CO_CANmodule_process
 .text.CO_CANsend
                0x0000000000007dfe       0x46 ./CANopenNode/keypad/CO_driver_ST32F103.o
                0x0000000000007dfe                CO_CANsend
 .text.CO_LSSslave_receive
                0x0000000000007e44      0x1a8 ./CANopenNode/305/CO_LSSslave.o
 .text.CO_LSSslave_init
                0x0000000000007fec       0xa4 ./CANopenNode/305/CO_LSSslave.o
                0x0000000000007fec                CO_LSSslave_init
 .text.CO_LSSslave_process
                0x0000000000008090      0x1a2 ./CANopenNode/305/CO_LSSslave.o
                0x0000000000008090                CO_LSSslave_process
 .text.OD_write_1003
                0x0000000000008232       0x28 ./CANopenNode/301/CO_Emergency.o
 .text.OD_read_1003
                0x000000000000825a       0x8c ./CANopenNode/301/CO_Emergency.o
 .text.OD_read_1014_default
                0x00000000000082e6       0x50 ./CANopenNode/301/CO_Emergency.o
 .text.CO_EM_init
                0x0000000000008336      0x112 ./CANopenNode/301/CO_Emergency.o
                0x0000000000008336                CO_EM_init
 .text.CO_error
                0x0000000000008448       0xc4 ./CANopenNode/301/CO_Emergency.o
                0x0000000000008448                CO_error
 .text.CO_EM_process
                0x000000000000850c      0x182 ./CANopenNode/301/CO_Emergency.o
                0x000000000000850c                CO_EM_process
 .text.CO_NMT_receive
                0x000000000000868e       0x18 ./CANopenNode/301/CO_NMT_Heartbeat.o
 .text.OD_write_1017
                0x00000000000086a6       0x48 ./CANopenNode/301/CO_NMT_Heartbeat.o
 .text.CO_NMT_init
                0x00000000000086ee       0xec ./CANopenNode/301/CO_NMT_Heartbeat.o
                0x00000000000086ee                CO_NMT_init
 .text.CO_NMT_process
                0x00000000000087da      0x106 ./CANopenNode/301/CO_NMT_Heartbeat.o
                0x00000000000087da                CO_NMT_process
 .text.OD_readDisabled
                0x00000000000088e0        0x4 ./CANopenNode/301/CO_ODinterface.o
 .text.OD_readOriginal
                0x00000000000088e4       0x50 ./CANopenNode/301/CO_ODinterface.o
                0x00000000000088e4                OD_readOriginal
 .text.OD_writeOriginal
                0x0000000000008934       0x54 ./CANopenNode/301/CO_ODinterface.o
                0x0000000000008934                OD_writeOriginal
 .text.OD_writeDisabled
                0x0000000000008988        0x4 ./CANopenNode/301/CO_ODinterface.o
 .text.OD_find  0x000000000000898c       0x70 ./CANopenNode/301/CO_ODinterface.o
                0x000000000000898c                OD_find
 .text.OD_getSub
                0x00000000000089fc       0xf6 ./CANopenNode/301/CO_ODinterface.o
                0x00000000000089fc                OD_getSub
 .text.OD_getSDOabCode
                0x0000000000008af2       0x20 ./CANopenNode/301/CO_ODinterface.o
                0x0000000000008af2                OD_getSDOabCode
 .text.OD_get_value
                0x0000000000008b12       0x34 ./CANopenNode/301/CO_ODinterface.o
                0x0000000000008b12                OD_get_value
 .text.OD_set_value
                0x0000000000008b46       0x2e ./CANopenNode/301/CO_ODinterface.o
                0x0000000000008b46                OD_set_value
 .text.OD_getPtr
                0x0000000000008b74       0x3c ./CANopenNode/301/CO_ODinterface.o
                0x0000000000008b74                OD_getPtr
 .text.OD_write_dummy
                0x0000000000008bb0        0x8 ./CANopenNode/301/CO_PDO.o
 .text.OD_read_dummy
                0x0000000000008bb8       0x2e ./CANopenNode/301/CO_PDO.o
 .text.PDOconfigMap
                0x0000000000008be6      0x100 ./CANopenNode/301/CO_PDO.o
 .text.CO_PDO_receive
                0x0000000000008ce6       0x48 ./CANopenNode/301/CO_PDO.o
 .text.OD_read_PDO_commParam
                0x0000000000008d2e       0x70 ./CANopenNode/301/CO_PDO.o
 .text.PDO_initMapping.constprop.3
                0x0000000000008d9e       0xe6 ./CANopenNode/301/CO_PDO.o
 .text.OD_write_PDO_mapping
                0x0000000000008e84       0xb4 ./CANopenNode/301/CO_PDO.o
 .text.OD_write_18xx
                0x0000000000008f38      0x184 ./CANopenNode/301/CO_PDO.o
 .text.OD_write_14xx
                0x00000000000090bc      0x15a ./CANopenNode/301/CO_PDO.o
 .text.CO_RPDO_init
                0x0000000000009216      0x172 ./CANopenNode/301/CO_PDO.o
                0x0000000000009216                CO_RPDO_init
 .text.CO_RPDO_process
                0x0000000000009388      0x114 ./CANopenNode/301/CO_PDO.o
                0x0000000000009388                CO_RPDO_process
 .text.CO_TPDO_init
                0x000000000000949c      0x1d2 ./CANopenNode/301/CO_PDO.o
                0x000000000000949c                CO_TPDO_init
 .text.CO_TPDO_process
                0x000000000000966e      0x15e ./CANopenNode/301/CO_PDO.o
                0x000000000000966e                CO_TPDO_process
 .text.CO_SDOserver_init_canRxTx
                0x00000000000097cc       0x82 ./CANopenNode/301/CO_SDOserver.o
 .text.CO_SDO_receive
                0x000000000000984e       0x38 ./CANopenNode/301/CO_SDOserver.o
 .text.readFromOd.isra.1.constprop.5
                0x0000000000009886       0xe2 ./CANopenNode/301/CO_SDOserver.o
 .text.OD_write_1201_additional
                0x0000000000009968      0x158 ./CANopenNode/301/CO_SDOserver.o
 .text.CO_SDOserver_init
                0x0000000000009ac0      0x172 ./CANopenNode/301/CO_SDOserver.o
                0x0000000000009ac0                CO_SDOserver_init
 .text.CO_SDOserver_process
                0x0000000000009c32      0x5e8 ./CANopenNode/301/CO_SDOserver.o
                0x0000000000009c32                CO_SDOserver_process
 .text.CO_delete
                0x000000000000a21a       0x56 ./CANopenNode/CANopen.o
                0x000000000000a21a                CO_delete
 .text.CO_new   0x000000000000a270      0x102 ./CANopenNode/CANopen.o
                0x000000000000a270                CO_new
 .text.CO_CANinit
                0x000000000000a372       0x28 ./CANopenNode/CANopen.o
                0x000000000000a372                CO_CANinit
 .text.CO_LSSinit
                0x000000000000a39a       0x32 ./CANopenNode/CANopen.o
                0x000000000000a39a                CO_LSSinit
 .text.CO_CANopenInit
                0x000000000000a3cc       0xb8 ./CANopenNode/CANopen.o
                0x000000000000a3cc                CO_CANopenInit
 .text.CO_CANopenInitPDO
                0x000000000000a484       0xea ./CANopenNode/CANopen.o
                0x000000000000a484                CO_CANopenInitPDO
 .text.CO_process
                0x000000000000a56e       0x7e ./CANopenNode/CANopen.o
                0x000000000000a56e                CO_process
 .text.CO_process_RPDO
                0x000000000000a5ec       0x40 ./CANopenNode/CANopen.o
                0x000000000000a5ec                CO_process_RPDO
 .text.CO_process_TPDO
                0x000000000000a62c       0x40 ./CANopenNode/CANopen.o
                0x000000000000a62c                CO_process_TPDO
 .text.__divdf3
                0x000000000000a66c      0x5b4 c:/mounriver/mounriver_studio/toolchain/risc-v embedded gcc/bin/../lib/gcc/riscv-none-embed/8.2.0/rv32imacxw/ilp32\libgcc.a(divdf3.o)
                0x000000000000a66c                __divdf3
 .text.__muldf3
                0x000000000000ac20      0x4b8 c:/mounriver/mounriver_studio/toolchain/risc-v embedded gcc/bin/../lib/gcc/riscv-none-embed/8.2.0/rv32imacxw/ilp32\libgcc.a(muldf3.o)
                0x000000000000ac20                __muldf3
 .text.__fixunsdfsi
                0x000000000000b0d8       0x5c c:/mounriver/mounriver_studio/toolchain/risc-v embedded gcc/bin/../lib/gcc/riscv-none-embed/8.2.0/rv32imacxw/ilp32\libgcc.a(fixunsdfsi.o)
                0x000000000000b0d8                __fixunsdfsi
 .text.__floatunsidf
                0x000000000000b134       0x68 c:/mounriver/mounriver_studio/toolchain/risc-v embedded gcc/bin/../lib/gcc/riscv-none-embed/8.2.0/rv32imacxw/ilp32\libgcc.a(floatunsidf.o)
                0x000000000000b134                __floatunsidf
 .text.__addsf3
                0x000000000000b19c      0x36a c:/mounriver/mounriver_studio/toolchain/risc-v embedded gcc/bin/../lib/gcc/riscv-none-embed/8.2.0/rv32imacxw/ilp32\libgcc.a(addsf3.o)
                0x000000000000b19c                __addsf3
 .text.__divsf3
                0x000000000000b506      0x2b2 c:/mounriver/mounriver_studio/toolchain/risc-v embedded gcc/bin/../lib/gcc/riscv-none-embed/8.2.0/rv32imacxw/ilp32\libgcc.a(divsf3.o)
                0x000000000000b506                __divsf3
 .text.__gesf2  0x000000000000b7b8       0x86 c:/mounriver/mounriver_studio/toolchain/risc-v embedded gcc/bin/../lib/gcc/riscv-none-embed/8.2.0/rv32imacxw/ilp32\libgcc.a(gesf2.o)
                0x000000000000b7b8                __gesf2
                0x000000000000b7b8                __gtsf2
 .text.__lesf2  0x000000000000b83e       0x8c c:/mounriver/mounriver_studio/toolchain/risc-v embedded gcc/bin/../lib/gcc/riscv-none-embed/8.2.0/rv32imacxw/ilp32\libgcc.a(lesf2.o)
                0x000000000000b83e                __ltsf2
                0x000000000000b83e                __lesf2
 .text.__mulsf3
                0x000000000000b8ca      0x294 c:/mounriver/mounriver_studio/toolchain/risc-v embedded gcc/bin/../lib/gcc/riscv-none-embed/8.2.0/rv32imacxw/ilp32\libgcc.a(mulsf3.o)
                0x000000000000b8ca                __mulsf3
 .text.__subsf3
                0x000000000000bb5e      0x388 c:/mounriver/mounriver_studio/toolchain/risc-v embedded gcc/bin/../lib/gcc/riscv-none-embed/8.2.0/rv32imacxw/ilp32\libgcc.a(subsf3.o)
                0x000000000000bb5e                __subsf3
 .text.__fixsfsi
                0x000000000000bee6       0x62 c:/mounriver/mounriver_studio/toolchain/risc-v embedded gcc/bin/../lib/gcc/riscv-none-embed/8.2.0/rv32imacxw/ilp32\libgcc.a(fixsfsi.o)
                0x000000000000bee6                __fixsfsi
 .text.__fixunssfsi
                0x000000000000bf48       0x56 c:/mounriver/mounriver_studio/toolchain/risc-v embedded gcc/bin/../lib/gcc/riscv-none-embed/8.2.0/rv32imacxw/ilp32\libgcc.a(fixunssfsi.o)
                0x000000000000bf48                __fixunssfsi
 .text.__floatsisf
                0x000000000000bf9e       0xc6 c:/mounriver/mounriver_studio/toolchain/risc-v embedded gcc/bin/../lib/gcc/riscv-none-embed/8.2.0/rv32imacxw/ilp32\libgcc.a(floatsisf.o)
                0x000000000000bf9e                __floatsisf
 .text.__floatunsisf
                0x000000000000c064       0xce c:/mounriver/mounriver_studio/toolchain/risc-v embedded gcc/bin/../lib/gcc/riscv-none-embed/8.2.0/rv32imacxw/ilp32\libgcc.a(floatunsisf.o)
                0x000000000000c064                __floatunsisf
 .text.__extendsfdf2
                0x000000000000c132       0xac c:/mounriver/mounriver_studio/toolchain/risc-v embedded gcc/bin/../lib/gcc/riscv-none-embed/8.2.0/rv32imacxw/ilp32\libgcc.a(extendsfdf2.o)
                0x000000000000c132                __extendsfdf2
 .text.__truncdfsf2
                0x000000000000c1de      0x16a c:/mounriver/mounriver_studio/toolchain/risc-v embedded gcc/bin/../lib/gcc/riscv-none-embed/8.2.0/rv32imacxw/ilp32\libgcc.a(truncdfsf2.o)
                0x000000000000c1de                __truncdfsf2
 .text.__clzsi2
                0x000000000000c348       0x6e c:/mounriver/mounriver_studio/toolchain/risc-v embedded gcc/bin/../lib/gcc/riscv-none-embed/8.2.0/rv32imacxw/ilp32\libgcc.a(_clzsi2.o)
                0x000000000000c348                __clzsi2
 .text.calloc   0x000000000000c3b6        0xc c:/mounriver/mounriver_studio/toolchain/risc-v embedded gcc/bin/../lib/gcc/riscv-none-embed/8.2.0/../../../../riscv-none-embed/lib/rv32imacxw/ilp32\libg_nano.a(lib_a-calloc.o)
                0x000000000000c3b6                calloc
 .text.free     0x000000000000c3c2        0xa c:/mounriver/mounriver_studio/toolchain/risc-v embedded gcc/bin/../lib/gcc/riscv-none-embed/8.2.0/../../../../riscv-none-embed/lib/rv32imacxw/ilp32\libg_nano.a(lib_a-malloc.o)
                0x000000000000c3c2                free
 .text.memcpy   0x000000000000c3cc       0xb2 c:/mounriver/mounriver_studio/toolchain/risc-v embedded gcc/bin/../lib/gcc/riscv-none-embed/8.2.0/../../../../riscv-none-embed/lib/rv32imacxw/ilp32\libg_nano.a(lib_a-memcpy.o)
                0x000000000000c3cc                memcpy
 .text.memmove  0x000000000000c47e       0x46 c:/mounriver/mounriver_studio/toolchain/risc-v embedded gcc/bin/../lib/gcc/riscv-none-embed/8.2.0/../../../../riscv-none-embed/lib/rv32imacxw/ilp32\libg_nano.a(lib_a-memmove.o)
                0x000000000000c47e                memmove
 .text._calloc_r
                0x000000000000c4c4       0x26 c:/mounriver/mounriver_studio/toolchain/risc-v embedded gcc/bin/../lib/gcc/riscv-none-embed/8.2.0/../../../../riscv-none-embed/lib/rv32imacxw/ilp32\libg_nano.a(lib_a-nano-callocr.o)
                0x000000000000c4c4                _calloc_r
 .text._free_r  0x000000000000c4ea       0xa8 c:/mounriver/mounriver_studio/toolchain/risc-v embedded gcc/bin/../lib/gcc/riscv-none-embed/8.2.0/../../../../riscv-none-embed/lib/rv32imacxw/ilp32\libg_nano.a(lib_a-nano-freer.o)
                0x000000000000c4ea                _free_r
 .text._malloc_r
                0x000000000000c592       0xd4 c:/mounriver/mounriver_studio/toolchain/risc-v embedded gcc/bin/../lib/gcc/riscv-none-embed/8.2.0/../../../../riscv-none-embed/lib/rv32imacxw/ilp32\libg_nano.a(lib_a-nano-mallocr.o)
                0x000000000000c592                _malloc_r
 .text.printf   0x000000000000c666       0x40 c:/mounriver/mounriver_studio/toolchain/risc-v embedded gcc/bin/../lib/gcc/riscv-none-embed/8.2.0/../../../../riscv-none-embed/lib/rv32imacxw/ilp32\libg_nano.a(lib_a-printf.o)
                0x000000000000c666                iprintf
                0x000000000000c666                printf
 .text._puts_r  0x000000000000c6a6       0xd4 c:/mounriver/mounriver_studio/toolchain/risc-v embedded gcc/bin/../lib/gcc/riscv-none-embed/8.2.0/../../../../riscv-none-embed/lib/rv32imacxw/ilp32\libg_nano.a(lib_a-puts.o)
                0x000000000000c6a6                _puts_r
 .text.puts     0x000000000000c77a        0xc c:/mounriver/mounriver_studio/toolchain/risc-v embedded gcc/bin/../lib/gcc/riscv-none-embed/8.2.0/../../../../riscv-none-embed/lib/rv32imacxw/ilp32\libg_nano.a(lib_a-puts.o)
                0x000000000000c77a                puts
 .text._sbrk_r  0x000000000000c786       0x32 c:/mounriver/mounriver_studio/toolchain/risc-v embedded gcc/bin/../lib/gcc/riscv-none-embed/8.2.0/../../../../riscv-none-embed/lib/rv32imacxw/ilp32\libg_nano.a(lib_a-sbrkr.o)
                0x000000000000c786                _sbrk_r
 .text.strlen   0x000000000000c7b8       0x12 c:/mounriver/mounriver_studio/toolchain/risc-v embedded gcc/bin/../lib/gcc/riscv-none-embed/8.2.0/../../../../riscv-none-embed/lib/rv32imacxw/ilp32\libg_nano.a(lib_a-strlen.o)
                0x000000000000c7b8                strlen
 .text.__swbuf_r
                0x000000000000c7ca       0xbc c:/mounriver/mounriver_studio/toolchain/risc-v embedded gcc/bin/../lib/gcc/riscv-none-embed/8.2.0/../../../../riscv-none-embed/lib/rv32imacxw/ilp32\libg_nano.a(lib_a-wbuf.o)
                0x000000000000c7ca                __swbuf_r
 .text.__swsetup_r
                0x000000000000c886       0xfe c:/mounriver/mounriver_studio/toolchain/risc-v embedded gcc/bin/../lib/gcc/riscv-none-embed/8.2.0/../../../../riscv-none-embed/lib/rv32imacxw/ilp32\libg_nano.a(lib_a-wsetup.o)
                0x000000000000c886                __swsetup_r
 .text.__sflush_r
                0x000000000000c984      0x132 c:/mounriver/mounriver_studio/toolchain/risc-v embedded gcc/bin/../lib/gcc/riscv-none-embed/8.2.0/../../../../riscv-none-embed/lib/rv32imacxw/ilp32\libg_nano.a(lib_a-fflush.o)
                0x000000000000c984                __sflush_r
 .text._fflush_r
                0x000000000000cab6       0x66 c:/mounriver/mounriver_studio/toolchain/risc-v embedded gcc/bin/../lib/gcc/riscv-none-embed/8.2.0/../../../../riscv-none-embed/lib/rv32imacxw/ilp32\libg_nano.a(lib_a-fflush.o)
                0x000000000000cab6                _fflush_r
 .text.std      0x000000000000cb1c       0x66 c:/mounriver/mounriver_studio/toolchain/risc-v embedded gcc/bin/../lib/gcc/riscv-none-embed/8.2.0/../../../../riscv-none-embed/lib/rv32imacxw/ilp32\libg_nano.a(lib_a-findfp.o)
 .text._cleanup_r
                0x000000000000cb82        0xa c:/mounriver/mounriver_studio/toolchain/risc-v embedded gcc/bin/../lib/gcc/riscv-none-embed/8.2.0/../../../../riscv-none-embed/lib/rv32imacxw/ilp32\libg_nano.a(lib_a-findfp.o)
                0x000000000000cb82                _cleanup_r
 .text.__sfmoreglue
                0x000000000000cb8c       0x48 c:/mounriver/mounriver_studio/toolchain/risc-v embedded gcc/bin/../lib/gcc/riscv-none-embed/8.2.0/../../../../riscv-none-embed/lib/rv32imacxw/ilp32\libg_nano.a(lib_a-findfp.o)
                0x000000000000cb8c                __sfmoreglue
 .text.__sinit  0x000000000000cbd4       0x6c c:/mounriver/mounriver_studio/toolchain/risc-v embedded gcc/bin/../lib/gcc/riscv-none-embed/8.2.0/../../../../riscv-none-embed/lib/rv32imacxw/ilp32\libg_nano.a(lib_a-findfp.o)
                0x000000000000cbd4                __sinit
 .text.__sfp    0x000000000000cc40       0xa0 c:/mounriver/mounriver_studio/toolchain/risc-v embedded gcc/bin/../lib/gcc/riscv-none-embed/8.2.0/../../../../riscv-none-embed/lib/rv32imacxw/ilp32\libg_nano.a(lib_a-findfp.o)
                0x000000000000cc40                __sfp
 .text._fwalk_reent
                0x000000000000cce0       0x6a c:/mounriver/mounriver_studio/toolchain/risc-v embedded gcc/bin/../lib/gcc/riscv-none-embed/8.2.0/../../../../riscv-none-embed/lib/rv32imacxw/ilp32\libg_nano.a(lib_a-fwalk.o)
                0x000000000000cce0                _fwalk_reent
 .text.__swhatbuf_r
                0x000000000000cd4a       0x58 c:/mounriver/mounriver_studio/toolchain/risc-v embedded gcc/bin/../lib/gcc/riscv-none-embed/8.2.0/../../../../riscv-none-embed/lib/rv32imacxw/ilp32\libg_nano.a(lib_a-makebuf.o)
                0x000000000000cd4a                __swhatbuf_r
 .text.__smakebuf_r
                0x000000000000cda2       0x94 c:/mounriver/mounriver_studio/toolchain/risc-v embedded gcc/bin/../lib/gcc/riscv-none-embed/8.2.0/../../../../riscv-none-embed/lib/rv32imacxw/ilp32\libg_nano.a(lib_a-makebuf.o)
                0x000000000000cda2                __smakebuf_r
 .text.__malloc_lock
                0x000000000000ce36        0x2 c:/mounriver/mounriver_studio/toolchain/risc-v embedded gcc/bin/../lib/gcc/riscv-none-embed/8.2.0/../../../../riscv-none-embed/lib/rv32imacxw/ilp32\libg_nano.a(lib_a-mlock.o)
                0x000000000000ce36                __malloc_lock
 .text.__malloc_unlock
                0x000000000000ce38        0x2 c:/mounriver/mounriver_studio/toolchain/risc-v embedded gcc/bin/../lib/gcc/riscv-none-embed/8.2.0/../../../../riscv-none-embed/lib/rv32imacxw/ilp32\libg_nano.a(lib_a-mlock.o)
                0x000000000000ce38                __malloc_unlock
 .text.__sfputc_r
                0x000000000000ce3a       0x28 c:/mounriver/mounriver_studio/toolchain/risc-v embedded gcc/bin/../lib/gcc/riscv-none-embed/8.2.0/../../../../riscv-none-embed/lib/rv32imacxw/ilp32\libg_nano.a(lib_a-nano-vfprintf.o)
 .text.__sfputs_r
                0x000000000000ce62       0x42 c:/mounriver/mounriver_studio/toolchain/risc-v embedded gcc/bin/../lib/gcc/riscv-none-embed/8.2.0/../../../../riscv-none-embed/lib/rv32imacxw/ilp32\libg_nano.a(lib_a-nano-vfprintf.o)
                0x000000000000ce62                __sfputs_r
 .text._vfprintf_r
                0x000000000000cea4      0x288 c:/mounriver/mounriver_studio/toolchain/risc-v embedded gcc/bin/../lib/gcc/riscv-none-embed/8.2.0/../../../../riscv-none-embed/lib/rv32imacxw/ilp32\libg_nano.a(lib_a-nano-vfprintf.o)
                0x000000000000cea4                _vfprintf_r
                0x000000000000cea4                _vfiprintf_r
 .text._printf_common
                0x000000000000d12c      0x10c c:/mounriver/mounriver_studio/toolchain/risc-v embedded gcc/bin/../lib/gcc/riscv-none-embed/8.2.0/../../../../riscv-none-embed/lib/rv32imacxw/ilp32\libg_nano.a(lib_a-nano-vfprintf_i.o)
                0x000000000000d12c                _printf_common
 .text._printf_i
                0x000000000000d238      0x2a2 c:/mounriver/mounriver_studio/toolchain/risc-v embedded gcc/bin/../lib/gcc/riscv-none-embed/8.2.0/../../../../riscv-none-embed/lib/rv32imacxw/ilp32\libg_nano.a(lib_a-nano-vfprintf_i.o)
                0x000000000000d238                _printf_i
 .text.__sread  0x000000000000d4da       0x2c c:/mounriver/mounriver_studio/toolchain/risc-v embedded gcc/bin/../lib/gcc/riscv-none-embed/8.2.0/../../../../riscv-none-embed/lib/rv32imacxw/ilp32\libg_nano.a(lib_a-stdio.o)
                0x000000000000d4da                __sread
 .text.__swrite
                0x000000000000d506       0x48 c:/mounriver/mounriver_studio/toolchain/risc-v embedded gcc/bin/../lib/gcc/riscv-none-embed/8.2.0/../../../../riscv-none-embed/lib/rv32imacxw/ilp32\libg_nano.a(lib_a-stdio.o)
                0x000000000000d506                __swrite
 .text.__sseek  0x000000000000d54e       0x30 c:/mounriver/mounriver_studio/toolchain/risc-v embedded gcc/bin/../lib/gcc/riscv-none-embed/8.2.0/../../../../riscv-none-embed/lib/rv32imacxw/ilp32\libg_nano.a(lib_a-stdio.o)
                0x000000000000d54e                __sseek
 .text.__sclose
                0x000000000000d57e        0x6 c:/mounriver/mounriver_studio/toolchain/risc-v embedded gcc/bin/../lib/gcc/riscv-none-embed/8.2.0/../../../../riscv-none-embed/lib/rv32imacxw/ilp32\libg_nano.a(lib_a-stdio.o)
                0x000000000000d57e                __sclose
 .text._write_r
                0x000000000000d584       0x36 c:/mounriver/mounriver_studio/toolchain/risc-v embedded gcc/bin/../lib/gcc/riscv-none-embed/8.2.0/../../../../riscv-none-embed/lib/rv32imacxw/ilp32\libg_nano.a(lib_a-writer.o)
                0x000000000000d584                _write_r
 .text._close_r
                0x000000000000d5ba       0x30 c:/mounriver/mounriver_studio/toolchain/risc-v embedded gcc/bin/../lib/gcc/riscv-none-embed/8.2.0/../../../../riscv-none-embed/lib/rv32imacxw/ilp32\libg_nano.a(lib_a-closer.o)
                0x000000000000d5ba                _close_r
 .text._fstat_r
                0x000000000000d5ea       0x32 c:/mounriver/mounriver_studio/toolchain/risc-v embedded gcc/bin/../lib/gcc/riscv-none-embed/8.2.0/../../../../riscv-none-embed/lib/rv32imacxw/ilp32\libg_nano.a(lib_a-fstatr.o)
                0x000000000000d5ea                _fstat_r
 .text._isatty_r
                0x000000000000d61c       0x30 c:/mounriver/mounriver_studio/toolchain/risc-v embedded gcc/bin/../lib/gcc/riscv-none-embed/8.2.0/../../../../riscv-none-embed/lib/rv32imacxw/ilp32\libg_nano.a(lib_a-isattyr.o)
                0x000000000000d61c                _isatty_r
 .text._lseek_r
                0x000000000000d64c       0x34 c:/mounriver/mounriver_studio/toolchain/risc-v embedded gcc/bin/../lib/gcc/riscv-none-embed/8.2.0/../../../../riscv-none-embed/lib/rv32imacxw/ilp32\libg_nano.a(lib_a-lseekr.o)
                0x000000000000d64c                _lseek_r
 .text.memchr   0x000000000000d680       0x18 c:/mounriver/mounriver_studio/toolchain/risc-v embedded gcc/bin/../lib/gcc/riscv-none-embed/8.2.0/../../../../riscv-none-embed/lib/rv32imacxw/ilp32\libg_nano.a(lib_a-memchr.o)
                0x000000000000d680                memchr
 .text._read_r  0x000000000000d698       0x34 c:/mounriver/mounriver_studio/toolchain/risc-v embedded gcc/bin/../lib/gcc/riscv-none-embed/8.2.0/../../../../riscv-none-embed/lib/rv32imacxw/ilp32\libg_nano.a(lib_a-readr.o)
                0x000000000000d698                _read_r
 .text._close   0x000000000000d6cc       0x10 c:/mounriver/mounriver_studio/toolchain/risc-v embedded gcc/bin/../lib/gcc/riscv-none-embed/8.2.0/../../../../riscv-none-embed/lib/rv32imacxw/ilp32\libnosys.a(close.o)
                0x000000000000d6cc                _close
 .text._fstat   0x000000000000d6dc       0x10 c:/mounriver/mounriver_studio/toolchain/risc-v embedded gcc/bin/../lib/gcc/riscv-none-embed/8.2.0/../../../../riscv-none-embed/lib/rv32imacxw/ilp32\libnosys.a(fstat.o)
                0x000000000000d6dc                _fstat
 .text._isatty  0x000000000000d6ec       0x10 c:/mounriver/mounriver_studio/toolchain/risc-v embedded gcc/bin/../lib/gcc/riscv-none-embed/8.2.0/../../../../riscv-none-embed/lib/rv32imacxw/ilp32\libnosys.a(isatty.o)
                0x000000000000d6ec                _isatty
 .text._lseek   0x000000000000d6fc       0x10 c:/mounriver/mounriver_studio/toolchain/risc-v embedded gcc/bin/../lib/gcc/riscv-none-embed/8.2.0/../../../../riscv-none-embed/lib/rv32imacxw/ilp32\libnosys.a(lseek.o)
                0x000000000000d6fc                _lseek
 .text._read    0x000000000000d70c       0x10 c:/mounriver/mounriver_studio/toolchain/risc-v embedded gcc/bin/../lib/gcc/riscv-none-embed/8.2.0/../../../../riscv-none-embed/lib/rv32imacxw/ilp32\libnosys.a(read.o)
                0x000000000000d70c                _read
 *(.rodata)
 *(.rodata*)
 *fill*         0x000000000000d71c        0x0 
 .rodata.vCanOpenProcess.str1.4
                0x000000000000d71c        0xa ./User/CanOpenNode.o
 *fill*         0x000000000000d726        0x2 
 .rodata.CalPoint
                0x000000000000d728       0x48 ./User/DataModel.o
 .rodata.CalPoint1
                0x000000000000d770       0x18 ./User/DataModel.o
 .rodata.DataModel_Init.str1.4
                0x000000000000d788       0x1e ./User/DataModel.o
 *fill*         0x000000000000d7a6        0x2 
 .rodata.bitrate_table
                0x000000000000d7a8       0x10 ./User/DataModel.o
 .rodata.seg_const.7434
                0x000000000000d7b8       0x12 ./User/DataModel.o
 *fill*         0x000000000000d7ca        0x2 
 .rodata.vIncrementSystemCounters.cst4
                0x000000000000d7cc        0x8 ./User/DataModel.o
 .rodata.getODValue
                0x000000000000d7d4       0x78 ./User/dash_draw.o
 .rodata.MenuStateCross
                0x000000000000d84c       0x1c ./User/dash_draw.o
 .rodata.SEG_MASK
                0x000000000000d868       0x14 ./User/dash_draw.o
                0x000000000000d868                SEG_MASK
 .rodata.dm     0x000000000000d87c       0x3f ./User/dash_draw.o
 *fill*         0x000000000000d8bb        0x1 
 .rodata.getODValue.cst4
                0x000000000000d8bc        0x4 ./User/dash_draw.o
                                          0x8 (size before relaxing)
 .rodata.vBarColorMode.cst4
                0x000000000000d8c0        0x4 ./User/dash_draw.o
 .rodata.ADC_FSM.cst4
                0x000000000000d8c4       0x14 ./User/inputs.o
 *fill*         0x000000000000d8d8        0x0 
 .rodata.ADC_FSM.cst8
                0x000000000000d8d8       0x18 ./User/inputs.o
 .rodata.vInputsTask.cst4
                0x000000000000d8f0        0x8 ./User/inputs.o
 .rodata.SetSegDirect
                0x000000000000d8f8       0x1c ./User/led.o
 .rodata.Brigth
                0x000000000000d914       0x1e ./User/led.o
 *fill*         0x000000000000d932        0x2 
 .rodata.DigitMask
                0x000000000000d934        0xa ./User/led.o
                0x000000000000d934                DigitMask
 *fill*         0x000000000000d93e        0x2 
 .rodata.offset_mask
                0x000000000000d940        0xe ./User/led.o
 *fill*         0x000000000000d94e        0x2 
 .rodata.step_mask
                0x000000000000d950        0xe ./User/led.o
 *fill*         0x000000000000d95e        0x2 
 .rodata.Error_Handler.str1.4
                0x000000000000d960        0xf ./User/main.o
 *fill*         0x000000000000d96f        0x1 
 .rodata.main.str1.4
                0x000000000000d970        0xf ./User/main.o
 *fill*         0x000000000000d97f        0x1 
 .rodata.OD_readBoardSettings
                0x000000000000d980       0x18 ./User/process.o
 .rodata.OD_writeBoardSettings
                0x000000000000d998       0x18 ./User/process.o
 .rodata.OD_ADC1_CAL_extension
                0x000000000000d9b0       0x10 ./User/process.o
                0x000000000000d9b0                OD_ADC1_CAL_extension
 .rodata.OD_ADC2_CAL_extension
                0x000000000000d9c0       0x10 ./User/process.o
                0x000000000000d9c0                OD_ADC2_CAL_extension
 .rodata.OD_ADC3_CAL_extension
                0x000000000000d9d0       0x10 ./User/process.o
                0x000000000000d9d0                OD_ADC3_CAL_extension
 .rodata.OD_AIN_RPM_extension
                0x000000000000d9e0       0x10 ./User/process.o
                0x000000000000d9e0                OD_AIN_RPM_extension
 .rodata.OD_BAR_extension
                0x000000000000d9f0       0x10 ./User/process.o
                0x000000000000d9f0                OD_BAR_extension
 .rodata.OD_BOARD_SETTINGS_extension
                0x000000000000da00       0x10 ./User/process.o
                0x000000000000da00                OD_BOARD_SETTINGS_extension
 .rodata.OD_DASH_PARAM_extension
                0x000000000000da10       0x10 ./User/process.o
                0x000000000000da10                OD_DASH_PARAM_extension
 .rodata.OD_DIN_extension
                0x000000000000da20       0x10 ./User/process.o
                0x000000000000da20                OD_DIN_extension
 .rodata.OD_INPUT_CH_CONFIG_extension
                0x000000000000da30       0x10 ./User/process.o
                0x000000000000da30                OD_INPUT_CH_CONFIG_extension
 .rodata.OD_KEY_extension
                0x000000000000da40       0x10 ./User/process.o
                0x000000000000da40                OD_KEY_extension
 .rodata.OD_MENU_MAP_extension
                0x000000000000da50       0x10 ./User/process.o
                0x000000000000da50                OD_MENU_MAP_extension
 .rodata.OD_MENU_SETUP_extension
                0x000000000000da60       0x10 ./User/process.o
                0x000000000000da60                OD_MENU_SETUP_extension
 .rodata.OD_RGB10_extension
                0x000000000000da70       0x10 ./User/process.o
                0x000000000000da70                OD_RGB10_extension
 .rodata.OD_RGB11_extension
                0x000000000000da80       0x10 ./User/process.o
                0x000000000000da80                OD_RGB11_extension
 .rodata.OD_RGB12_extension
                0x000000000000da90       0x10 ./User/process.o
                0x000000000000da90                OD_RGB12_extension
 .rodata.OD_RGB13_extension
                0x000000000000daa0       0x10 ./User/process.o
                0x000000000000daa0                OD_RGB13_extension
 .rodata.OD_RGB14_extension
                0x000000000000dab0       0x10 ./User/process.o
                0x000000000000dab0                OD_RGB14_extension
 .rodata.OD_RGB1_extension
                0x000000000000dac0       0x10 ./User/process.o
                0x000000000000dac0                OD_RGB1_extension
 .rodata.OD_RGB2_extension
                0x000000000000dad0       0x10 ./User/process.o
                0x000000000000dad0                OD_RGB2_extension
 .rodata.OD_RGB3_extension
                0x000000000000dae0       0x10 ./User/process.o
                0x000000000000dae0                OD_RGB3_extension
 .rodata.OD_RGB4_extension
                0x000000000000daf0       0x10 ./User/process.o
                0x000000000000daf0                OD_RGB4_extension
 .rodata.OD_RGB5_extension
                0x000000000000db00       0x10 ./User/process.o
                0x000000000000db00                OD_RGB5_extension
 .rodata.OD_RGB6_extension
                0x000000000000db10       0x10 ./User/process.o