Archive member included to satisfy reference by file (symbol)

c:/mounriver/mounriver_studio/toolchain/risc-v embedded gcc/bin/../lib/gcc/riscv-none-embed/8.2.0/rv32imacxw/ilp32\libgcc.a(divdf3.o)
                              ./HAL_LIB/hw_lib_din.o (__divdf3)
c:/mounriver/mounriver_studio/toolchain/risc-v embedded gcc/bin/../lib/gcc/riscv-none-embed/8.2.0/rv32imacxw/ilp32\libgcc.a(muldf3.o)
                              ./User/inputs.o (__muldf3)
c:/mounriver/mounriver_studio/toolchain/risc-v embedded gcc/bin/../lib/gcc/riscv-none-embed/8.2.0/rv32imacxw/ilp32\libgcc.a(fixunsdfsi.o)
                              ./HAL_LIB/hw_lib_din.o (__fixunsdfsi)
c:/mounriver/mounriver_studio/toolchain/risc-v embedded gcc/bin/../lib/gcc/riscv-none-embed/8.2.0/rv32imacxw/ilp32\libgcc.a(floatunsidf.o)
                              ./User/inputs.o (__floatunsidf)
c:/mounriver/mounriver_studio/toolchain/risc-v embedded gcc/bin/../lib/gcc/riscv-none-embed/8.2.0/rv32imacxw/ilp32\libgcc.a(addsf3.o)
                              ./User/inputs.o (__addsf3)
c:/mounriver/mounriver_studio/toolchain/risc-v embedded gcc/bin/../lib/gcc/riscv-none-embed/8.2.0/rv32imacxw/ilp32\libgcc.a(divsf3.o)
                              ./User/DataModel.o (__divsf3)
c:/mounriver/mounriver_studio/toolchain/risc-v embedded gcc/bin/../lib/gcc/riscv-none-embed/8.2.0/rv32imacxw/ilp32\libgcc.a(eqsf2.o)
                              ./HAL_LIB/hw_lib_din.o (__nesf2)
c:/mounriver/mounriver_studio/toolchain/risc-v embedded gcc/bin/../lib/gcc/riscv-none-embed/8.2.0/rv32imacxw/ilp32\libgcc.a(gesf2.o)
                              ./User/inputs.o (__gesf2)
c:/mounriver/mounriver_studio/toolchain/risc-v embedded gcc/bin/../lib/gcc/riscv-none-embed/8.2.0/rv32imacxw/ilp32\libgcc.a(lesf2.o)
                              ./HAL_LIB/hw_lib_din.o (__lesf2)
c:/mounriver/mounriver_studio/toolchain/risc-v embedded gcc/bin/../lib/gcc/riscv-none-embed/8.2.0/rv32imacxw/ilp32\libgcc.a(mulsf3.o)
                              ./User/dash_draw.o (__mulsf3)
c:/mounriver/mounriver_studio/toolchain/risc-v embedded gcc/bin/../lib/gcc/riscv-none-embed/8.2.0/rv32imacxw/ilp32\libgcc.a(subsf3.o)
                              ./User/dash_draw.o (__subsf3)
c:/mounriver/mounriver_studio/toolchain/risc-v embedded gcc/bin/../lib/gcc/riscv-none-embed/8.2.0/rv32imacxw/ilp32\libgcc.a(fixsfsi.o)
                              ./User/dash_draw.o (__fixsfsi)
c:/mounriver/mounriver_studio/toolchain/risc-v embedded gcc/bin/../lib/gcc/riscv-none-embed/8.2.0/rv32imacxw/ilp32\libgcc.a(fixunssfsi.o)
                              ./User/DataModel.o (__fixunssfsi)
c:/mounriver/mounriver_studio/toolchain/risc-v embedded gcc/bin/../lib/gcc/riscv-none-embed/8.2.0/rv32imacxw/ilp32\libgcc.a(floatsisf.o)
                              ./User/DataModel.o (__floatsisf)
c:/mounriver/mounriver_studio/toolchain/risc-v embedded gcc/bin/../lib/gcc/riscv-none-embed/8.2.0/rv32imacxw/ilp32\libgcc.a(floatunsisf.o)
                              ./User/DataModel.o (__floatunsisf)
c:/mounriver/mounriver_studio/toolchain/risc-v embedded gcc/bin/../lib/gcc/riscv-none-embed/8.2.0/rv32imacxw/ilp32\libgcc.a(extendsfdf2.o)
                              ./HAL_LIB/hw_lib_din.o (__extendsfdf2)
c:/mounriver/mounriver_studio/toolchain/risc-v embedded gcc/bin/../lib/gcc/riscv-none-embed/8.2.0/rv32imacxw/ilp32\libgcc.a(truncdfsf2.o)
                              ./User/inputs.o (__truncdfsf2)
c:/mounriver/mounriver_studio/toolchain/risc-v embedded gcc/bin/../lib/gcc/riscv-none-embed/8.2.0/rv32imacxw/ilp32\libgcc.a(save-restore.o)
                              ./User/inputs.o (__riscv_save_12)
c:/mounriver/mounriver_studio/toolchain/risc-v embedded gcc/bin/../lib/gcc/riscv-none-embed/8.2.0/rv32imacxw/ilp32\libgcc.a(_clzsi2.o)
                              c:/mounriver/mounriver_studio/toolchain/risc-v embedded gcc/bin/../lib/gcc/riscv-none-embed/8.2.0/rv32imacxw/ilp32\libgcc.a(divdf3.o) (__clzsi2)
c:/mounriver/mounriver_studio/toolchain/risc-v embedded gcc/bin/../lib/gcc/riscv-none-embed/8.2.0/rv32imacxw/ilp32\libgcc.a(_clz.o)
                              c:/mounriver/mounriver_studio/toolchain/risc-v embedded gcc/bin/../lib/gcc/riscv-none-embed/8.2.0/rv32imacxw/ilp32\libgcc.a(_clzsi2.o) (__clz_tab)
c:/mounriver/mounriver_studio/toolchain/risc-v embedded gcc/bin/../lib/gcc/riscv-none-embed/8.2.0/../../../../riscv-none-embed/lib/rv32imacxw/ilp32\libg_nano.a(lib_a-calloc.o)
                              ./CANopenNode/CANopen.o (calloc)
c:/mounriver/mounriver_studio/toolchain/risc-v embedded gcc/bin/../lib/gcc/riscv-none-embed/8.2.0/../../../../riscv-none-embed/lib/rv32imacxw/ilp32\libg_nano.a(lib_a-impure.o)
                              c:/mounriver/mounriver_studio/toolchain/risc-v embedded gcc/bin/../lib/gcc/riscv-none-embed/8.2.0/../../../../riscv-none-embed/lib/rv32imacxw/ilp32\libg_nano.a(lib_a-calloc.o) (_impure_ptr)
[...]
Memory Configuration

Name             Origin             Length             Attributes
FLASH            0x0000000000000000 0x0000000000010000 xr
SFLASH           0x0000000000010000 0x0000000000002800 xr
RAM              0x0000000020000000 0x0000000000005000 xrw
*default*        0x0000000000000000 0xffffffffffffffff

Linker script and memory map

LOAD ./User/CanOpenNode.o
LOAD ./User/DataModel.o
LOAD ./User/ch32v20x_it.o
LOAD ./User/dash_draw.o
LOAD ./User/init.o
LOAD ./User/inputs.o
LOAD ./User/led.o
LOAD ./User/main.o
LOAD ./User/process.o
LOAD ./User/system_ch32v20x.o
LOAD ./User/system_init.o
LOAD ./Startup/startup_ch32v20x_D6.o
LOAD ./Peripheral/src/ch32v20x_adc.o
LOAD ./Peripheral/src/ch32v20x_bkp.o
LOAD ./Peripheral/src/ch32v20x_can.o
LOAD ./Peripheral/src/ch32v20x_crc.o
LOAD ./Peripheral/src/ch32v20x_dbgmcu.o
LOAD ./Peripheral/src/ch32v20x_dma.o
LOAD ./Peripheral/src/ch32v20x_exti.o
LOAD ./Peripheral/src/ch32v20x_flash.o
LOAD ./Peripheral/src/ch32v20x_gpio.o
LOAD ./Peripheral/src/ch32v20x_i2c.o
LOAD ./Peripheral/src/ch32v20x_iwdg.o
LOAD ./Peripheral/src/ch32v20x_misc.o
LOAD ./Peripheral/src/ch32v20x_opa.o
LOAD ./Peripheral/src/ch32v20x_pwr.o
LOAD ./Peripheral/src/ch32v20x_rcc.o
LOAD ./Peripheral/src/ch32v20x_rtc.o
LOAD ./Peripheral/src/ch32v20x_spi.o
LOAD ./Peripheral/src/ch32v20x_tim.o
LOAD ./Peripheral/src/ch32v20x_usart.o
LOAD ./Peripheral/src/ch32v20x_wwdg.o
LOAD ./HAL_LIB/filters.o
LOAD ./HAL_LIB/hw_data_model.o
LOAD ./HAL_LIB/hw_lib_adc.o
LOAD ./HAL_LIB/hw_lib_din.o
LOAD ./HAL_LIB/hw_lib_eeprom_i2c.o
LOAD ./HAL_LIB/hw_timeout.o
LOAD ./HAL_DRIVER/hal_can_ch32.o
LOAD ./HAL_DRIVER/hal_gpio_ch32.o
LOAD ./HAL_DRIVER/hal_i2c_ch32.o
LOAD ./HAL_DRIVER/hal_irq.o
LOAD ./HAL_DRIVER/hal_rtc_ch32.o
LOAD ./HAL_DRIVER/hal_spi_ch32.o
LOAD ./HAL_DRIVER/hal_timers_ch32.o
LOAD ./HAL_DRIVER/hal_wdt_ch32.o
LOAD ./HAL/hal_adc_ch32.o
LOAD ./HAL/hal_dma_ch32.o
LOAD ./FreeRTOS/portable/MemMang/heap_4.o
LOAD ./FreeRTOS/portable/GCC/RISC-V/port.o
LOAD ./FreeRTOS/portable/GCC/RISC-V/portASM.o
LOAD ./FreeRTOS/croutine.o
LOAD ./FreeRTOS/event_groups.o
LOAD ./FreeRTOS/list.o
LOAD ./FreeRTOS/queue.o
LOAD ./FreeRTOS/stream_buffer.o
LOAD ./FreeRTOS/tasks.o
LOAD ./FreeRTOS/timers.o
LOAD ./Debug/debug.o
LOAD ./Core/core_riscv.o
LOAD ./CANopenNode/keypad/CO_driver_ST32F103.o
LOAD ./CANopenNode/keypad/OD.o
LOAD ./CANopenNode/extra/CO_trace.o
LOAD ./CANopenNode/309/CO_gateway_ascii.o
LOAD ./CANopenNode/305/CO_LSSmaster.o
LOAD ./CANopenNode/305/CO_LSSslave.o
LOAD ./CANopenNode/304/CO_GFC.o
LOAD ./CANopenNode/304/CO_SRDO.o
LOAD ./CANopenNode/303/CO_LEDs.o
LOAD ./CANopenNode/301/CO_Emergency.o
LOAD ./CANopenNode/301/CO_HBconsumer.o
LOAD ./CANopenNode/301/CO_NMT_Heartbeat.o
LOAD ./CANopenNode/301/CO_Node_Guarding.o
LOAD ./CANopenNode/301/CO_ODinterface.o
LOAD ./CANopenNode/301/CO_PDO.o
LOAD ./CANopenNode/301/CO_SDOclient.o
LOAD ./CANopenNode/301/CO_SDOserver.o
LOAD ./CANopenNode/301/CO_SYNC.o
LOAD ./CANopenNode/301/CO_TIME.o
LOAD ./CANopenNode/301/CO_fifo.o
LOAD ./CANopenNode/301/crc16-ccitt.o
LOAD ./CANopenNode/CANopen.o
LOAD c:/mounriver/mounriver_studio/toolchain/risc-v embedded gcc/bin/../lib/gcc/riscv-none-embed/8.2.0/../../../../riscv-none-embed/lib/rv32imacxw/ilp32\libm.a
LOAD c:/mounriver/mounriver_studio/toolchain/risc-v embedded gcc/bin/../lib/gcc/riscv-none-embed/8.2.0/rv32imacxw/ilp32\libgcc.a
LOAD c:/mounriver/mounriver_studio/toolchain/risc-v embedded gcc/bin/../lib/gcc/riscv-none-embed/8.2.0/../../../../riscv-none-embed/lib/rv32imacxw/ilp32\libg_nano.a
LOAD c:/mounriver/mounriver_studio/toolchain/risc-v embedded gcc/bin/../lib/gcc/riscv-none-embed/8.2.0/../../../../riscv-none-embed/lib/rv32imacxw/ilp32\libc_nano.a
LOAD c:/mounriver/mounriver_studio/toolchain/risc-v embedded gcc/bin/../lib/gcc/riscv-none-embed/8.2.0/rv32imacxw/ilp32\libgcc.a
START GROUP
LOAD c:/mounriver/mounriver_studio/toolchain/risc-v embedded gcc/bin/../lib/gcc/riscv-none-embed/8.2.0/rv32imacxw/ilp32\libgcc.a
LOAD c:/mounriver/mounriver_studio/toolchain/risc-v embedded gcc/bin/../lib/gcc/riscv-none-embed/8.2.0/../../../../riscv-none-embed/lib/rv32imacxw/ilp32\libc_nano.a
LOAD c:/mounriver/mounriver_studio/toolchain/risc-v embedded gcc/bin/../lib/gcc/riscv-none-embed/8.2.0/../../../../riscv-none-embed/lib/rv32imacxw/ilp32\libnosys.a
END GROUP
START GROUP
LOAD c:/mounriver/mounriver_studio/toolchain/risc-v embedded gcc/bin/../lib/gcc/riscv-none-embed/8.2.0/rv32imacxw/ilp32\libgcc.a
LOAD c:/mounriver/mounriver_studio/toolchain/risc-v embedded gcc/bin/../lib/gcc/riscv-none-embed/8.2.0/../../../../riscv-none-embed/lib/rv32imacxw/ilp32\libc_nano.a
LOAD c:/mounriver/mounriver_studio/toolchain/risc-v embedded gcc/bin/../lib/gcc/riscv-none-embed/8.2.0/../../../../riscv-none-embed/lib/rv32imacxw/ilp32\libnosys.a
END GROUP
                0x0000000000000800                __stack_size = 0x800
                [!provide]                        PROVIDE (_stack_size = __stack_size)

.init           0x0000000000000000       0x38
                0x0000000000000000                _sinit = .
                0x0000000000000000                . = ALIGN (0x4)
 *(SORT_NONE(.init))
 .init          0x0000000000000000       0x38 ./Startup/startup_ch32v20x_D6.o
                0x0000000000000000                _start
                0x0000000000000038                . = ALIGN (0x4)
                0x0000000000000038                _einit = .

.vector         0x0000000000000038      0x108
 *(.vector)
 .vector        0x0000000000000038       0xfc ./Startup/startup_ch32v20x_D6.o
                0x0000000000000140                . = ALIGN (0x40)
 *fill*         0x0000000000000134        0xc 

.stext          0x0000000000010000     0x1560
                0x0000000000010000                . = ALIGN (0x4)
 *(.stext)
 .stext         0x0000000000010000        0xa ./User/CanOpenNode.o
                0x0000000000010000                vCanOpenInit
 .stext         0x000000000001000a      0x77c ./User/DataModel.o
                0x000000000001000a                DataModel_Init
 .stext         0x0000000000010786      0x1a0 ./User/dash_draw.o
                0x0000000000010786                xProcessTaskHandle
                0x0000000000010790                vDashDrawInit
                0x000000000001080a                SetTest
                0x0000000000010868                TestProcedure
 .stext         0x0000000000010926      0x152 ./User/init.o
                0x0000000000010926                vInit_DeviceConfig
 .stext         0x0000000000010a78       0xba ./User/inputs.o
                0x0000000000010a78                ADC1_Init
 .stext         0x0000000000010b32       0x4e ./User/led.o
                0x0000000000010b32                vLedDriverStart
 .stext         0x0000000000010b80      0x238 ./User/process.o
                0x0000000000010b80                vProceesInit
 .stext         0x0000000000010db8      0x134 ./User/system_init.o
                0x0000000000010db8                vSYStaskInit
                0x0000000000010ec2                vSYSqueueInit
 .stext         0x0000000000010eec       0x34 ./HAL_LIB/hw_lib_din.o
                0x0000000000010eec                eDinConfigWtihStruct
 .stext         0x0000000000010f20       0x50 ./HAL_LIB/hw_lib_eeprom_i2c.o
                0x0000000000010f20                vInitEEPROM_I2C
 .stext         0x0000000000010f70      0x11c ./HAL_DRIVER/hal_can_ch32.o
                0x0000000000010f70                HAL_CANIntIT
 .stext         0x000000000001108c       0xba ./HAL_DRIVER/hal_gpio_ch32.o
                0x000000000001108c                HAL_InitGPIO
 .stext         0x0000000000011146       0x6e ./HAL_DRIVER/hal_i2c_ch32.o
                0x0000000000011146                InitI2CIT
 .stext         0x00000000000111b4       0x6c ./HAL_DRIVER/hal_irq.o
                0x00000000000111b4                HAL_InitAPB1
                0x00000000000111d0                HAL_InitAPB2
                0x00000000000111ec                PFIC_IRQ_ENABLE_PG1
 .stext         0x0000000000011220       0xc8 ./HAL_DRIVER/hal_rtc_ch32.o
                0x0000000000011220                HAL_RTC_IT_Init
 .stext         0x00000000000112e8       0x5c ./HAL_DRIVER/hal_spi_ch32.o
                0x00000000000112e8                HAL_SPI_InitDMA
 .stext         0x0000000000011344       0xbc ./HAL_DRIVER/hal_timers_ch32.o
                0x0000000000011344                HAL_TIMER_PWMTimersInit
 .stext         0x0000000000011400       0x28 ./HAL_DRIVER/hal_wdt_ch32.o
                0x0000000000011400                HAL_WDT_Init1s
 *fill*         0x0000000000011428        0x0 
 .stext         0x0000000000011428      0x138 ./CANopenNode/keypad/OD.o
                0x0000000000011428                OD_ROM

.text           0x0000000000000200     0xe044
                0x0000000000000200                . = ALIGN (0x4)
 *(.text)
 .text          0x0000000000000200      0x2ee ./FreeRTOS/portable/GCC/RISC-V/portASM.o
                0x0000000000000200                SW_Handler
                0x0000000000000300                xPortStartFirstTask
                0x0000000000000400                pxPortInitialiseStack
 .text          0x00000000000004ee       0x60 c:/mounriver/mounriver_studio/toolchain/risc-v embedded gcc/bin/../lib/gcc/riscv-none-embed/8.2.0/rv32imacxw/ilp32\libgcc.a(save-restore.o)
                0x00000000000004ee                __riscv_save_12
                0x00000000000004f6                __riscv_save_9
                0x00000000000004f6                __riscv_save_11
                0x00000000000004f6                __riscv_save_10
                0x00000000000004f6                __riscv_save_8
                0x0000000000000504                __riscv_save_4
                0x0000000000000504                __riscv_save_6
                0x0000000000000504                __riscv_save_5
                0x0000000000000504                __riscv_save_7
                0x000000000000051e                __riscv_save_3
                0x000000000000051e                __riscv_save_2
                0x000000000000051e                __riscv_save_1
                0x000000000000051e                __riscv_save_0
                0x000000000000052a                __riscv_restore_12
                0x000000000000052e                __riscv_restore_11
                0x000000000000052e                __riscv_restore_9
                0x000000000000052e                __riscv_restore_10
                0x000000000000052e                __riscv_restore_8
                0x0000000000000538                __riscv_restore_5
                0x0000000000000538                __riscv_restore_7
                0x0000000000000538                __riscv_restore_6
                0x0000000000000538                __riscv_restore_4
                0x0000000000000542                __riscv_restore_3
                0x0000000000000542                __riscv_restore_0
                0x0000000000000542                __riscv_restore_2
                0x0000000000000542                __riscv_restore_1
 .text          0x000000000000054e       0xa8 c:/mounriver/mounriver_studio/toolchain/risc-v embedded gcc/bin/../lib/gcc/riscv-none-embed/8.2.0/../../../../riscv-none-embed/lib/rv32imacxw/ilp32\libg_nano.a(lib_a-memset.o)
                0x000000000000054e                memset
 *(.text.*)
 .text.xCanOpenProcessTaskHandle
                0x00000000000005f6        0xa ./User/CanOpenNode.o
                0x00000000000005f6                xCanOpenProcessTaskHandle
 .text.xCanOpenPeriodicTaskHandle
                0x0000000000000600        0xa ./User/CanOpenNode.o
                0x0000000000000600                xCanOpenPeriodicTaskHandle
 .text.vCanOpenProcess
                0x000000000000060a      0x188 ./User/CanOpenNode.o
                0x000000000000060a                vCanOpenProcess
 .text.vCanOpenPeriodicProcess
                0x0000000000000792       0x82 ./User/CanOpenNode.o
                0x0000000000000792                vCanOpenPeriodicProcess
 .text.xDataRegQueue
                0x0000000000000814        0xa ./User/DataModel.o
                0x0000000000000814                xDataRegQueue
 .text.DataModelGetSecCounter
                0x000000000000081e        0xa ./User/DataModel.o
                0x000000000000081e                DataModelGetSecCounter
 .text.vDataModelRegDelayWrite
                0x0000000000000828       0x38 ./User/DataModel.o
                0x0000000000000828                vDataModelRegDelayWrite
 .text.WriteRegAfterDelay
                0x0000000000000860       0x5a ./User/DataModel.o
                0x0000000000000860                WriteRegAfterDelay
 .text.WriteReg
                0x00000000000008ba       0x50 ./User/DataModel.o
                0x00000000000008ba                WriteReg
 .text.vGetBitrate
                0x000000000000090a       0x28 ./User/DataModel.o
                0x000000000000090a                vGetBitrate
 .text.vFDGetNMTState
                0x0000000000000932        0x6 ./User/DataModel.o
                0x0000000000000932                vFDGetNMTState
 .text.vGetNodeId
                0x0000000000000938        0xc ./User/DataModel.o
                0x0000000000000938                vGetNodeId
 .text.vIncrementSystemCounters
                0x0000000000000944       0x9c ./User/DataModel.o
                0x0000000000000944                vIncrementSystemCounters
 .text.vSaveData
                0x00000000000009e0       0x16 ./User/DataModel.o
                0x00000000000009e0                vSaveData
 .text.getOdometr
                0x00000000000009f6       0x14 ./User/DataModel.o
                0x00000000000009f6                getOdometr
 .text.getOdometr1
                0x0000000000000a0a       0x14 ./User/DataModel.o
                0x0000000000000a0a                getOdometr1
 .text.ResrtOdometr1
                0x0000000000000a1e        0xe ./User/DataModel.o
                0x0000000000000a1e                ResrtOdometr1
 .text.NMI_Handler
                0x0000000000000a2c        0x2 ./User/ch32v20x_it.o
                0x0000000000000a2c                NMI_Handler
 .text.HardFault_Handler
                0x0000000000000a2e        0x2 ./User/ch32v20x_it.o
                0x0000000000000a2e                HardFault_Handler
 .text.SegPrint
                0x0000000000000a30       0x58 ./User/dash_draw.o
 .text.vCheckKeySatate
                0x0000000000000a88       0x80 ./User/dash_draw.o
 .text.vSetErrorReg
                0x0000000000000b08        0xa ./User/dash_draw.o
                0x0000000000000b08                vSetErrorReg
 .text.getODValue
                0x0000000000000b12      0x1c4 ./User/dash_draw.o
                0x0000000000000b12                getODValue
 .text.IncMenuIndex
                0x0000000000000cd6       0x80 ./User/dash_draw.o
                0x0000000000000cd6                IncMenuIndex
 .text.GoToHome
                0x0000000000000d56       0x12 ./User/dash_draw.o
                0x0000000000000d56                GoToHome
 .text.SetCurMenuHome
                0x0000000000000d68       0x36 ./User/dash_draw.o
                0x0000000000000d68                SetCurMenuHome
 .text.GetCurMenuHome
                0x0000000000000d9e        0x6 ./User/dash_draw.o
                0x0000000000000d9e                GetCurMenuHome
 .text.SetCurrentMenu
                0x0000000000000da4       0x12 ./User/dash_draw.o
                0x0000000000000da4                SetCurrentMenu
 .text.SetDefault
                0x0000000000000db6       0x28 ./User/dash_draw.o
                0x0000000000000db6                SetDefault
 .text.MenuBackHomeCheck
                0x0000000000000dde       0x38 ./User/dash_draw.o
                0x0000000000000dde                MenuBackHomeCheck
 .text.CheckMenuChannel
                0x0000000000000e16       0x20 ./User/dash_draw.o
                0x0000000000000e16                CheckMenuChannel
 .text.vMenuBlink
                0x0000000000000e36       0x4a ./User/dash_draw.o
                0x0000000000000e36                vMenuBlink
 .text.SetErrorRegiter
                0x0000000000000e80       0x5e ./User/dash_draw.o
                0x0000000000000e80                SetErrorRegiter
 .text.uGetCurrMenu
                0x0000000000000ede       0x26 ./User/dash_draw.o
                0x0000000000000ede                uGetCurrMenu
 .text.vGetEdgeData
                0x0000000000000f04       0x2a ./User/dash_draw.o
                0x0000000000000f04                vGetEdgeData
 .text.CheckLedState
                0x0000000000000f2e       0xce ./User/dash_draw.o
 .text.vRGBMode
                0x0000000000000ffc       0xa4 ./User/dash_draw.o
                0x0000000000000ffc                vRGBMode
 .text.vBarColorMode
                0x00000000000010a0       0xc2 ./User/dash_draw.o
                0x00000000000010a0                vBarColorMode
 .text.vBarMode
                0x0000000000001162       0x36 ./User/dash_draw.o
                0x0000000000001162                vBarMode
 .text.vRedrawTask
                0x0000000000001198      0x4d2 ./User/dash_draw.o
                0x0000000000001198                vRedrawTask
 .text.HardwareDeinit
                0x000000000000166a       0x2a ./User/init.o
                0x000000000000166a                HardwareDeinit
 .text.SoftwareReset
                0x0000000000001694       0x14 ./User/init.o
                0x0000000000001694                SoftwareReset
 .text.ADC1_Event
                0x00000000000016a8       0x44 ./User/inputs.o
                0x00000000000016a8                ADC1_Event
 .text.CaptureDMACallBack
                0x00000000000016ec       0x22 ./User/inputs.o
                0x00000000000016ec                CaptureDMACallBack
 .text.CaptureDMACallBack_1
                0x000000000000170e       0x22 ./User/inputs.o
                0x000000000000170e                CaptureDMACallBack_1
 .text.fDinStateCallback
                0x0000000000001730       0x32 ./User/inputs.o
                0x0000000000001730                fDinStateCallback
 .text.getInputsTaskHandle
                0x0000000000001762        0xa ./User/inputs.o
                0x0000000000001762                getInputsTaskHandle
 .text.ADC_FSM  0x000000000000176c      0x200 ./User/inputs.o
                0x000000000000176c                ADC_FSM
 .text.GetAIN   0x000000000000196c        0xc ./User/inputs.o
                0x000000000000196c                GetAIN
 .text.InputsGetTest
                0x0000000000001978       0x44 ./User/inputs.o
                0x0000000000001978                InputsGetTest
 .text.vInputsTask
                0x00000000000019bc      0x1d8 ./User/inputs.o
                0x00000000000019bc                vInputsTask
 .text.SPI1_DMA_Callback
                0x0000000000001b94       0x2e ./User/led.o
                0x0000000000001b94                SPI1_DMA_Callback
 .text.SPI2_DMA_Callback
                0x0000000000001bc2       0x2e ./User/led.o
                0x0000000000001bc2                SPI2_DMA_Callback
 .text.SetBarState
                0x0000000000001bf0       0x50 ./User/led.o
                0x0000000000001bf0                SetBarState
 .text.SetRGB   0x0000000000001c40       0x4e ./User/led.o
                0x0000000000001c40                SetRGB
 .text.SetSegDirect
                0x0000000000001c8e       0x9c ./User/led.o
                0x0000000000001c8e                SetSegDirect
 .text.SetSegPoint
                0x0000000000001d2a       0x22 ./User/led.o
                0x0000000000001d2a                SetSegPoint
 .text.SetSEG   0x0000000000001d4c      0x11a ./User/led.o
                0x0000000000001d4c                SetSEG
 .text.SetBigSeg
                0x0000000000001e66       0x14 ./User/led.o
                0x0000000000001e66                SetBigSeg
 .text.vSetBrigth
                0x0000000000001e7a       0x28 ./User/led.o
                0x0000000000001e7a                vSetBrigth
 .text.vLedProcess
                0x0000000000001ea2       0x1e ./User/led.o
                0x0000000000001ea2                vLedProcess
 .text.vRGBProcess
                0x0000000000001ec0       0xe2 ./User/led.o
                0x0000000000001ec0                vRGBProcess
 .text.startup.main
                0x0000000000001fa2       0x3c ./User/main.o
                0x0000000000001fa2                main
 .text.vRestartNode
                0x0000000000001fde        0x2 ./User/main.o
                0x0000000000001fde                vRestartNode
 .text.Error_Handler
                0x0000000000001fe0       0x18 ./User/main.o
                0x0000000000001fe0                Error_Handler
 .text.OD_writeRGBMAP
                0x0000000000001ff8       0x30 ./User/process.o
 .text.OD_writeKEY
                0x0000000000002028       0x34 ./User/process.o
 .text.OD_writeHister
                0x000000000000205c       0x26 ./User/process.o
 .text.OD_readRGBMAP
                0x0000000000002082       0x22 ./User/process.o
 .text.OD_readBoardSettings
                0x00000000000020a4       0x5c ./User/process.o
 .text.OD_readHister
                0x0000000000002100       0x22 ./User/process.o
 .text.OD_readDIN
                0x0000000000002122       0x1c ./User/process.o
 .text.OD_writeMenuSetup
                0x000000000000213e       0x46 ./User/process.o
 .text.OD_writeBoardSettings
                0x0000000000002184       0xc0 ./User/process.o
 .text.CO_getUint16
                0x0000000000002244       0x10 ./User/process.o
 .text.OD_writeSEG
                0x0000000000002254       0x44 ./User/process.o
 .text.OD_writeBAR
                0x0000000000002298       0x2e ./User/process.o
 .text.OD_writeRPMConfig
                0x00000000000022c6       0x36 ./User/process.o
 .text.CO_getUint32
                0x00000000000022fc       0x18 ./User/process.o
 .text.OD_writeMenuMap
                0x0000000000002314       0x2e ./User/process.o
 .text.OD_writeV1_14
                0x0000000000002342       0x54 ./User/process.o
 .text.OD_writeDashParam
                0x0000000000002396       0x70 ./User/process.o
 .text.WriteRGB.isra.2
                0x0000000000002406       0x3a ./User/process.o
 .text.OD_writeRGB1
                0x0000000000002440       0x16 ./User/process.o
 .text.OD_writeRGB2
                0x0000000000002456       0x16 ./User/process.o
 .text.OD_writeRGB3
                0x000000000000246c       0x16 ./User/process.o
 .text.OD_writeRGB4
                0x0000000000002482       0x16 ./User/process.o
 .text.OD_writeRGB5
                0x0000000000002498       0x16 ./User/process.o
 .text.OD_writeRGB6
                0x00000000000024ae       0x16 ./User/process.o
 .text.OD_writeRGB7
                0x00000000000024c4       0x16 ./User/process.o
 .text.OD_writeRGB8
                0x00000000000024da       0x16 ./User/process.o
 .text.OD_writeRGB9
                0x00000000000024f0       0x16 ./User/process.o
 .text.OD_writeRGB10
                0x0000000000002506       0x16 ./User/process.o
 .text.OD_writeRGB11
                0x000000000000251c       0x16 ./User/process.o
 .text.OD_writeRGB12
                0x0000000000002532       0x16 ./User/process.o
 .text.OD_writeRGB13
                0x0000000000002548       0x16 ./User/process.o
 .text.OD_writeRGB14
                0x000000000000255e       0x16 ./User/process.o
 .text.OD_writeICHC
                0x0000000000002574       0x4c ./User/process.o
 .text.OD_readKEY
                0x00000000000025c0       0x24 ./User/process.o
 .text.OD_readMenuSetup
                0x00000000000025e4       0x30 ./User/process.o
 .text.writeADC.isra.11
                0x0000000000002614       0xb6 ./User/process.o
 .text.OD_writeADC1
                0x00000000000026ca       0x10 ./User/process.o
 .text.OD_writeADC2
                0x00000000000026da       0x10 ./User/process.o
 .text.OD_writeADC3
                0x00000000000026ea       0x10 ./User/process.o
 .text.OD_readRGB.isra.8
                0x00000000000026fa       0x22 ./User/process.o
 .text.OD_readRGB1
                0x000000000000271c       0x14 ./User/process.o
 .text.OD_readRGB2
                0x0000000000002730       0x14 ./User/process.o
 .text.OD_readRGB3
                0x0000000000002744       0x14 ./User/process.o
 .text.OD_readRGB4
                0x0000000000002758       0x16 ./User/process.o
 .text.OD_readRGB5
                0x000000000000276e       0x16 ./User/process.o
 .text.OD_readRGB6
                0x0000000000002784       0x16 ./User/process.o
 .text.OD_readRGB7
                0x000000000000279a       0x16 ./User/process.o
 .text.OD_readRGB8
                0x00000000000027b0       0x16 ./User/process.o
 .text.OD_readRGB9
                0x00000000000027c6       0x16 ./User/process.o
 .text.OD_readRGB10
                0x00000000000027dc       0x16 ./User/process.o
 .text.OD_readRGB11
                0x00000000000027f2       0x16 ./User/process.o
 .text.OD_readRGB12
                0x0000000000002808       0x16 ./User/process.o
 .text.OD_readRGB13
                0x000000000000281e       0x16 ./User/process.o
 .text.OD_readRGB14
                0x0000000000002834       0x16 ./User/process.o
 .text.OD_readSEG
                0x000000000000284a       0x34 ./User/process.o
 .text.OD_readDashParam
                0x000000000000287e       0x5a ./User/process.o
 .text.OD_readBar
                0x00000000000028d8       0x28 ./User/process.o
 .text.OD_readAIN_RPM
                0x0000000000002900       0x26 ./User/process.o
 .text.OD_readMenuMap
                0x0000000000002926       0x2c ./User/process.o
 .text.OD_readICHC
                0x0000000000002952       0x4e ./User/process.o
 .text.OD_readRPMConfig
                0x00000000000029a0       0x2a ./User/process.o
 .text.readADC.isra.4
                0x00000000000029ca       0x5a ./User/process.o
 .text.OD_readADC1
                0x0000000000002a24       0x10 ./User/process.o
 .text.OD_readADC2
                0x0000000000002a34       0x10 ./User/process.o
 .text.OD_readADC3
                0x0000000000002a44       0x10 ./User/process.o
 .text.SystemInit
                0x0000000000002a54       0xea ./User/system_ch32v20x.o
                0x0000000000002a54                SystemInit
 .text.SystemCoreClockUpdate
                0x0000000000002b3e       0x8e ./User/system_ch32v20x.o
                0x0000000000002b3e                SystemCoreClockUpdate
 .text.StartDefaultTask
                0x0000000000002bcc      0x11a ./User/system_init.o
 .text.vApplicationGetIdleTaskMemory
                0x0000000000002ce6       0x1c ./User/system_init.o
                0x0000000000002ce6                vApplicationGetIdleTaskMemory
 .text.vSystemStop
                0x0000000000002d02       0x26 ./User/system_init.o
                0x0000000000002d02                vSystemStop
 .text.vector_handler
                0x0000000000002d28       0x6c ./Startup/startup_ch32v20x_D6.o
                0x0000000000002d2c                Ecall_M_Mode_Handler
                0x0000000000002d2e                Ecall_U_Mode_Handler
                0x0000000000002d30                Break_Point_Handler
                0x0000000000002d36                WWDG_IRQHandler
                0x0000000000002d38                PVD_IRQHandler
                0x0000000000002d3a                TAMPER_IRQHandler
                0x0000000000002d3e                FLASH_IRQHandler
                0x0000000000002d40                RCC_IRQHandler
                0x0000000000002d42                EXTI0_IRQHandler
                0x0000000000002d44                EXTI1_IRQHandler
                0x0000000000002d46                EXTI2_IRQHandler
                0x0000000000002d48                EXTI3_IRQHandler
                0x0000000000002d4a                EXTI4_IRQHandler
                0x0000000000002d4e                DMA1_Channel2_IRQHandler
                0x0000000000002d56                DMA1_Channel6_IRQHandler
                0x0000000000002d64                EXTI9_5_IRQHandler
                0x0000000000002d66                TIM1_BRK_IRQHandler
                0x0000000000002d68                TIM1_UP_IRQHandler
                0x0000000000002d6a                TIM1_TRG_COM_IRQHandler
                0x0000000000002d6c                TIM1_CC_IRQHandler
                0x0000000000002d6e                TIM2_IRQHandler
                0x0000000000002d70                TIM3_IRQHandler
                0x0000000000002d78                I2C2_EV_IRQHandler
                0x0000000000002d7a                I2C2_ER_IRQHandler
                0x0000000000002d7c                SPI1_IRQHandler
                0x0000000000002d7e                SPI2_IRQHandler
                0x0000000000002d80                USART1_IRQHandler
                0x0000000000002d82                USART2_IRQHandler
                0x0000000000002d84                USART3_IRQHandler
                0x0000000000002d86                EXTI15_10_IRQHandler
                0x0000000000002d88                RTCAlarm_IRQHandler
                0x0000000000002d8a                USBWakeUp_IRQHandler
                0x0000000000002d8c                USBHD_IRQHandler
                0x0000000000002d8e                USBHDWakeUp_IRQHandler
                0x0000000000002d90                UART4_IRQHandler
                0x0000000000002d92                DMA1_Channel8_IRQHandler
 .text.handle_reset
                0x0000000000002d94       0x92 ./Startup/startup_ch32v20x_D6.o
                0x0000000000002d94                handle_reset
 .text.ADC_Cmd  0x0000000000002e26       0x10 ./Peripheral/src/ch32v20x_adc.o
                0x0000000000002e26                ADC_Cmd
 .text.ADC_GetResetCalibrationStatus
                0x0000000000002e36        0x8 ./Peripheral/src/ch32v20x_adc.o
                0x0000000000002e36                ADC_GetResetCalibrationStatus
 .text.ADC_GetCalibrationStatus
                0x0000000000002e3e        0x8 ./Peripheral/src/ch32v20x_adc.o
                0x0000000000002e3e                ADC_GetCalibrationStatus
 .text.ADC_GetITStatus
                0x0000000000002e46       0x1c ./Peripheral/src/ch32v20x_adc.o
                0x0000000000002e46                ADC_GetITStatus
 .text.ADC_ClearITPendingBit
                0x0000000000002e62        0xa ./Peripheral/src/ch32v20x_adc.o
                0x0000000000002e62                ADC_ClearITPendingBit
 .text.Get_CalibrationValue
                0x0000000000002e6c      0x1fe ./Peripheral/src/ch32v20x_adc.o
                0x0000000000002e6c                Get_CalibrationValue
 .text.DMA_GetFlagStatus
                0x000000000000306a        0xe ./Peripheral/src/ch32v20x_dma.o
                0x000000000000306a                DMA_GetFlagStatus
 .text.DMA_GetITStatus
                0x0000000000003078        0xc ./Peripheral/src/ch32v20x_dma.o
                0x0000000000003078                DMA_GetITStatus
 .text.DMA_ClearITPendingBit
                0x0000000000003084        0x8 ./Peripheral/src/ch32v20x_dma.o
                0x0000000000003084                DMA_ClearITPendingBit
 .text.GPIO_Init
                0x000000000000308c       0xfa ./Peripheral/src/ch32v20x_gpio.o
                0x000000000000308c                GPIO_Init
 .text.GPIO_PinRemapConfig
                0x0000000000003186       0xf2 ./Peripheral/src/ch32v20x_gpio.o
                0x0000000000003186                GPIO_PinRemapConfig
 .text.I2C_DualAddressCmd
                0x0000000000003278       0x18 ./Peripheral/src/ch32v20x_i2c.o
                0x0000000000003278                I2C_DualAddressCmd
 .text.I2C_ClearFlag
                0x0000000000003290        0xc ./Peripheral/src/ch32v20x_i2c.o
                0x0000000000003290                I2C_ClearFlag
 .text.RCC_LSEConfig
                0x000000000000329c       0x28 ./Peripheral/src/ch32v20x_rcc.o
                0x000000000000329c                RCC_LSEConfig
 .text.RCC_GetClocksFreq
                0x00000000000032c4       0xbe ./Peripheral/src/ch32v20x_rcc.o
                0x00000000000032c4                RCC_GetClocksFreq
 .text.RCC_APB2PeriphClockCmd
                0x0000000000003382       0x1e ./Peripheral/src/ch32v20x_rcc.o
                0x0000000000003382                RCC_APB2PeriphClockCmd
 .text.RCC_GetFlagStatus
                0x00000000000033a0       0x2e ./Peripheral/src/ch32v20x_rcc.o
                0x00000000000033a0                RCC_GetFlagStatus
 .text.RTC_EnterConfigMode
                0x00000000000033ce       0x12 ./Peripheral/src/ch32v20x_rtc.o
                0x00000000000033ce                RTC_EnterConfigMode
 .text.RTC_ExitConfigMode
                0x00000000000033e0       0x18 ./Peripheral/src/ch32v20x_rtc.o
                0x00000000000033e0                RTC_ExitConfigMode
 .text.RTC_GetCounter
                0x00000000000033f8       0x36 ./Peripheral/src/ch32v20x_rtc.o
                0x00000000000033f8                RTC_GetCounter
 .text.RTC_SetCounter
                0x000000000000342e       0x2c ./Peripheral/src/ch32v20x_rtc.o
                0x000000000000342e                RTC_SetCounter
 .text.RTC_SetPrescaler
                0x000000000000345a       0x2e ./Peripheral/src/ch32v20x_rtc.o
                0x000000000000345a                RTC_SetPrescaler
 .text.RTC_WaitForLastTask
                0x0000000000003488       0x10 ./Peripheral/src/ch32v20x_rtc.o
                0x0000000000003488                RTC_WaitForLastTask
 .text.RTC_WaitForSynchro
                0x0000000000003498       0x24 ./Peripheral/src/ch32v20x_rtc.o
                0x0000000000003498                RTC_WaitForSynchro
 .text.TIM_OC1Init
                0x00000000000034bc       0x6a ./Peripheral/src/ch32v20x_tim.o
                0x00000000000034bc                TIM_OC1Init
 .text.TIM_OC2Init
                0x0000000000003526       0x96 ./Peripheral/src/ch32v20x_tim.o
                0x0000000000003526                TIM_OC2Init
 .text.TIM_OC3Init
                0x00000000000035bc       0x94 ./Peripheral/src/ch32v20x_tim.o
                0x00000000000035bc                TIM_OC3Init
 .text.TIM_OC4Init
                0x0000000000003650       0x6c ./Peripheral/src/ch32v20x_tim.o
                0x0000000000003650                TIM_OC4Init
 .text.TIM_OC1PreloadConfig
                0x00000000000036bc        0xe ./Peripheral/src/ch32v20x_tim.o
                0x00000000000036bc                TIM_OC1PreloadConfig
 .text.TIM_OC2PreloadConfig
                0x00000000000036ca       0x16 ./Peripheral/src/ch32v20x_tim.o
                0x00000000000036ca                TIM_OC2PreloadConfig
 .text.TIM_OC3PreloadConfig
                0x00000000000036e0        0xe ./Peripheral/src/ch32v20x_tim.o
                0x00000000000036e0                TIM_OC3PreloadConfig
 .text.TIM_OC4PreloadConfig
                0x00000000000036ee       0x16 ./Peripheral/src/ch32v20x_tim.o
                0x00000000000036ee                TIM_OC4PreloadConfig
 .text.TIM_GetITStatus
                0x0000000000003704       0x18 ./Peripheral/src/ch32v20x_tim.o
                0x0000000000003704                TIM_GetITStatus
 .text.USART_Init
                0x000000000000371c       0xbc ./Peripheral/src/ch32v20x_usart.o
                0x000000000000371c                USART_Init
 .text.USART_Cmd
                0x00000000000037d8       0x16 ./Peripheral/src/ch32v20x_usart.o
                0x00000000000037d8                USART_Cmd
 .text.USART_SendData
                0x00000000000037ee        0x8 ./Peripheral/src/ch32v20x_usart.o
                0x00000000000037ee                USART_SendData
 .text.USART_GetFlagStatus
                0x00000000000037f6        0xa ./Peripheral/src/ch32v20x_usart.o
                0x00000000000037f6                USART_GetFlagStatus
 .text.vRCFilterConfig
                0x0000000000003800       0x2e ./HAL_LIB/filters.o
                0x0000000000003800                vRCFilterConfig
 .text.AddBufferData
                0x000000000000382e       0x20 ./HAL_LIB/filters.o
                0x000000000000382e                AddBufferData
 .text.GetConversional
                0x000000000000384e       0x4a ./HAL_LIB/filters.o
                0x000000000000384e                GetConversional
 .text.GetDataRegister
                0x0000000000003898        0xa ./HAL_LIB/hw_data_model.o
                0x0000000000003898                GetDataRegister
 .text.GetRegisterAddr
                0x00000000000038a2        0xc ./HAL_LIB/hw_data_model.o
                0x00000000000038a2                GetRegisterAddr
 .text.ClearDataModel
                0x00000000000038ae       0x1a ./HAL_LIB/hw_data_model.o
                0x00000000000038ae                ClearDataModel
 .text.setReg32
                0x00000000000038c8       0x1e ./HAL_LIB/hw_data_model.o
                0x00000000000038c8                setReg32
 .text.setReg16
                0x00000000000038e6       0x12 ./HAL_LIB/hw_data_model.o
                0x00000000000038e6                setReg16
 .text.setReg8  0x00000000000038f8        0xe ./HAL_LIB/hw_data_model.o
                0x00000000000038f8                setReg8
 .text.getReg16
                0x0000000000003906       0x14 ./HAL_LIB/hw_data_model.o
                0x0000000000003906                getReg16
 .text.getReg32
                0x000000000000391a       0x20 ./HAL_LIB/hw_data_model.o
                0x000000000000391a                getReg32
 .text.getReg8  0x000000000000393a        0xe ./HAL_LIB/hw_data_model.o
                0x000000000000393a                getReg8
 .text.vAINInit
                0x0000000000003948       0x36 ./HAL_LIB/hw_lib_adc.o
                0x0000000000003948                vAINInit
 .text.fGetAinCalData
                0x000000000000397e       0x7a ./HAL_LIB/hw_lib_adc.o
                0x000000000000397e                fGetAinCalData
 .text.eAinCalDataConfig
                0x00000000000039f8       0x50 ./HAL_LIB/hw_lib_adc.o
                0x00000000000039f8                eAinCalDataConfig
 .text.vABLineKoofFinde
                0x0000000000003a48       0x6a ./HAL_LIB/hw_lib_adc.o
                0x0000000000003a48                vABLineKoofFinde
 .text.eSetAinCalPoint
                0x0000000000003ab2       0x64 ./HAL_LIB/hw_lib_adc.o
                0x0000000000003ab2                eSetAinCalPoint
 .text.getADC1Buffer
                0x0000000000003b16        0xa ./HAL_LIB/hw_lib_adc.o
                0x0000000000003b16                getADC1Buffer
 .text.uGetDIN  0x0000000000003b20       0x14 ./HAL_LIB/hw_lib_din.o
                0x0000000000003b20                uGetDIN
 .text.eRPMConfig
                0x0000000000003b34       0x5a ./HAL_LIB/hw_lib_din.o
                0x0000000000003b34                eRPMConfig
 .text.RMPDataConvert
                0x0000000000003b8e       0x4e ./HAL_LIB/hw_lib_din.o
                0x0000000000003b8e                RMPDataConvert
 .text.GetRPM   0x0000000000003bdc       0x7a ./HAL_LIB/hw_lib_din.o
                0x0000000000003bdc                GetRPM
 .text.vDinDoutProcess
                0x0000000000003c56       0x88 ./HAL_LIB/hw_lib_din.o
                0x0000000000003c56                vDinDoutProcess
 .text.getCaputreBuffer
                0x0000000000003cde       0x16 ./HAL_LIB/hw_lib_din.o
                0x0000000000003cde                getCaputreBuffer
 .text.I2C_FSM  0x0000000000003cf4      0x198 ./HAL_LIB/hw_lib_eeprom_i2c.o
                0x0000000000003cf4                I2C_FSM
 .text.eEEPROMWrFast
                0x0000000000003e8c      0x104 ./HAL_LIB/hw_lib_eeprom_i2c.o
                0x0000000000003e8c                eEEPROMWrFast
 .text.eEEPROMWr
                0x0000000000003f90       0xda ./HAL_LIB/hw_lib_eeprom_i2c.o
                0x0000000000003f90                eEEPROMWr
 .text.eEEPROMRd
                0x000000000000406a       0x7c ./HAL_LIB/hw_lib_eeprom_i2c.o
                0x000000000000406a                eEEPROMRd
 .text.bReadEEPROM
                0x00000000000040e6       0x1a ./HAL_LIB/hw_lib_eeprom_i2c.o
                0x00000000000040e6                bReadEEPROM
 .text.vHW_INIT_TIMEOUT
                0x0000000000004100       0x1c ./HAL_LIB/hw_timeout.o
                0x0000000000004100                vHW_INIT_TIMEOUT
 .text.vHW_PROCESS_TIMEOUT
                0x000000000000411c       0x26 ./HAL_LIB/hw_timeout.o
                0x000000000000411c                vHW_PROCESS_TIMEOUT
 .text.HAL_CANSetTXCallback
                0x0000000000004142        0xa ./HAL_DRIVER/hal_can_ch32.o
                0x0000000000004142                HAL_CANSetTXCallback
 .text.HAL_CANSetRXCallback
                0x000000000000414c        0xa ./HAL_DRIVER/hal_can_ch32.o
                0x000000000000414c                HAL_CANSetRXCallback
 .text.HAL_CANSetERRCallback
                0x0000000000004156        0xa ./HAL_DRIVER/hal_can_ch32.o
                0x0000000000004156                HAL_CANSetERRCallback
 .text.HAL_CANToInitMode
                0x0000000000004160       0x2c ./HAL_DRIVER/hal_can_ch32.o
                0x0000000000004160                HAL_CANToInitMode
 .text.HAL_CANToOperatingMode
                0x000000000000418c       0x26 ./HAL_DRIVER/hal_can_ch32.o
                0x000000000000418c                HAL_CANToOperatingMode
 .text.HAL_CANSend
                0x00000000000041b2       0xae ./HAL_DRIVER/hal_can_ch32.o
                0x00000000000041b2                HAL_CANSend
 .text.HAL_CANSetFiters
                0x0000000000004260       0xc4 ./HAL_DRIVER/hal_can_ch32.o
                0x0000000000004260                HAL_CANSetFiters
 .text.HAL_CANGetRXMessage
                0x0000000000004324       0xb0 ./HAL_DRIVER/hal_can_ch32.o
                0x0000000000004324                HAL_CANGetRXMessage
 .text.USB_HP_CAN1_TX_IRQHandler
                0x00000000000043d4       0x60 ./HAL_DRIVER/hal_can_ch32.o
                0x00000000000043d4                USB_HP_CAN1_TX_IRQHandler
 .text.USB_LP_CAN1_RX0_IRQHandler
                0x0000000000004434       0x5e ./HAL_DRIVER/hal_can_ch32.o
                0x0000000000004434                USB_LP_CAN1_RX0_IRQHandler
 .text.CAN1_RX1_IRQHandler
                0x0000000000004492       0x5e ./HAL_DRIVER/hal_can_ch32.o
                0x0000000000004492                CAN1_RX1_IRQHandler
 .text.CAN1_SCE_IRQHandler
                0x00000000000044f0       0x5c ./HAL_DRIVER/hal_can_ch32.o
                0x00000000000044f0                CAN1_SCE_IRQHandler
 .text.HAL_InitGpioOut
                0x000000000000454c       0x10 ./HAL_DRIVER/hal_gpio_ch32.o
                0x000000000000454c                HAL_InitGpioOut
 .text.HAL_InitGpioAIN
                0x000000000000455c       0x10 ./HAL_DRIVER/hal_gpio_ch32.o
                0x000000000000455c                HAL_InitGpioAIN
 .text.HAL_InitGpioIn
                0x000000000000456c       0x10 ./HAL_DRIVER/hal_gpio_ch32.o
                0x000000000000456c                HAL_InitGpioIn
 .text.HAL_InitGpioAF
                0x000000000000457c       0x34 ./HAL_DRIVER/hal_gpio_ch32.o
                0x000000000000457c                HAL_InitGpioAF
 .text.HAL_GetBit
                0x00000000000045b0        0xa ./HAL_DRIVER/hal_gpio_ch32.o
                0x00000000000045b0                HAL_GetBit
 .text.HAL_SetBit
                0x00000000000045ba        0x4 ./HAL_DRIVER/hal_gpio_ch32.o
                0x00000000000045ba                HAL_SetBit
 .text.HAL_ResetBit
                0x00000000000045be        0x4 ./HAL_DRIVER/hal_gpio_ch32.o
                0x00000000000045be                HAL_ResetBit
 .text.HAL_InitGPO
                0x00000000000045c2       0x1a ./HAL_DRIVER/hal_gpio_ch32.o
                0x00000000000045c2                HAL_InitGPO
 .text.HAL_I2C_Init
                0x00000000000045dc       0xf6 ./HAL_DRIVER/hal_i2c_ch32.o
                0x00000000000045dc                HAL_I2C_Init
 .text.HAL_I2C_GET_STAR2
                0x00000000000046d2        0xe ./HAL_DRIVER/hal_i2c_ch32.o
                0x00000000000046d2                HAL_I2C_GET_STAR2
 .text.HAL_I2C_GET_STAR1
                0x00000000000046e0        0xe ./HAL_DRIVER/hal_i2c_ch32.o
                0x00000000000046e0                HAL_I2C_GET_STAR1
 .text.HAL_I2C_ENABLE
                0x00000000000046ee       0x14 ./HAL_DRIVER/hal_i2c_ch32.o
                0x00000000000046ee                HAL_I2C_ENABLE
 .text.HAL_I2C_DISABLE
                0x0000000000004702       0x1a ./HAL_DRIVER/hal_i2c_ch32.o
                0x0000000000004702                HAL_I2C_DISABLE
 .text.I2C_IT_ENABLE
                0x000000000000471c       0x12 ./HAL_DRIVER/hal_i2c_ch32.o
                0x000000000000471c                I2C_IT_ENABLE
 .text.I2C_IT_DISABLE
                0x000000000000472e       0x16 ./HAL_DRIVER/hal_i2c_ch32.o
                0x000000000000472e                I2C_IT_DISABLE
 .text.HAL_I2C_STOP
                0x0000000000004744       0x14 ./HAL_DRIVER/hal_i2c_ch32.o
                0x0000000000004744                HAL_I2C_STOP
 .text.HAL_I2C_START
                0x0000000000004758       0x14 ./HAL_DRIVER/hal_i2c_ch32.o
                0x0000000000004758                HAL_I2C_START
 .text.HAL_I2C_SEND
                0x000000000000476c        0xe ./HAL_DRIVER/hal_i2c_ch32.o
                0x000000000000476c                HAL_I2C_SEND
 .text.HAL_I2C_SEND_ADDR_TRANS
                0x000000000000477a       0x12 ./HAL_DRIVER/hal_i2c_ch32.o
                0x000000000000477a                HAL_I2C_SEND_ADDR_TRANS
 .text.HAL_I2C_SEND_ADDR_RECIEVE
                0x000000000000478c       0x16 ./HAL_DRIVER/hal_i2c_ch32.o
                0x000000000000478c                HAL_I2C_SEND_ADDR_RECIEVE
 .text.HAL_I2C_ACK_ENABLE
                0x00000000000047a2       0x14 ./HAL_DRIVER/hal_i2c_ch32.o
                0x00000000000047a2                HAL_I2C_ACK_ENABLE
 .text.HAL_I2C_ACK_DISABLE
                0x00000000000047b6       0x1c ./HAL_DRIVER/hal_i2c_ch32.o
                0x00000000000047b6                HAL_I2C_ACK_DISABLE
 .text.HAL_I2C_ClearFlag
                0x00000000000047d2       0x20 ./HAL_DRIVER/hal_i2c_ch32.o
                0x00000000000047d2                HAL_I2C_ClearFlag
 .text.HAL_I2C_READ_DATA
                0x00000000000047f2        0xe ./HAL_DRIVER/hal_i2c_ch32.o
                0x00000000000047f2                HAL_I2C_READ_DATA
 .text.I2C1_EV_IRQHandler
                0x0000000000004800       0x52 ./HAL_DRIVER/hal_i2c_ch32.o
                0x0000000000004800                I2C1_EV_IRQHandler
 .text.I2C1_ER_IRQHandler
                0x0000000000004852       0x52 ./HAL_DRIVER/hal_i2c_ch32.o
                0x0000000000004852                I2C1_ER_IRQHandler
 .text.RTC_IRQHandler
                0x00000000000048a4       0x78 ./HAL_DRIVER/hal_rtc_ch32.o
                0x00000000000048a4                RTC_IRQHandler
 .text.HAL_SPI_RXOveleyClear
                0x000000000000491c       0x1e ./HAL_DRIVER/hal_spi_ch32.o
                0x000000000000491c                HAL_SPI_RXOveleyClear
 .text.HAL_SPI_GetBusy
                0x000000000000493a       0x10 ./HAL_DRIVER/hal_spi_ch32.o
                0x000000000000493a                HAL_SPI_GetBusy
 .text.HAL_TIMER_BaseTimerInit.constprop.3
                0x000000000000494a       0x7e ./HAL_DRIVER/hal_timers_ch32.o
 .text.HAL_TiemrEneblae
                0x00000000000049c8       0x1a ./HAL_DRIVER/hal_timers_ch32.o
                0x00000000000049c8                HAL_TiemrEneblae
 .text.HAL_TIMER_InitIt
                0x00000000000049e2       0x64 ./HAL_DRIVER/hal_timers_ch32.o
                0x00000000000049e2                HAL_TIMER_InitIt
 .text.TIM4_IRQHandler
                0x0000000000004a46       0x70 ./HAL_DRIVER/hal_timers_ch32.o
                0x0000000000004a46                TIM4_IRQHandler
 .text.HAL_TiemrDisable
                0x0000000000004ab6       0x1c ./HAL_DRIVER/hal_timers_ch32.o
                0x0000000000004ab6                HAL_TiemrDisable
 .text.HAL_TimeInitCaptureDMA
                0x0000000000004ad2       0xea ./HAL_DRIVER/hal_timers_ch32.o
                0x0000000000004ad2                HAL_TimeInitCaptureDMA
 .text.HAL_TIMER_SetPWMPulse
                0x0000000000004bbc       0x88 ./HAL_DRIVER/hal_timers_ch32.o
                0x0000000000004bbc                HAL_TIMER_SetPWMPulse
 .text.HAL_TIMER_EnablePWMCH
                0x0000000000004c44       0x1a ./HAL_DRIVER/hal_timers_ch32.o
                0x0000000000004c44                HAL_TIMER_EnablePWMCH
 .text.HAL_WDTReset
                0x0000000000004c5e        0xe ./HAL_DRIVER/hal_wdt_ch32.o
                0x0000000000004c5e                HAL_WDTReset
 .text.Get_ConversionVal
                0x0000000000004c6c       0x2e ./HAL/hal_adc_ch32.o
                0x0000000000004c6c                Get_ConversionVal
 .text.HAL_ADC_RegularChannelConfig
                0x0000000000004c9a       0x46 ./HAL/hal_adc_ch32.o
                0x0000000000004c9a                HAL_ADC_RegularChannelConfig
 .text.HAL_ADC_ContiniusScanCinvertionDMA
                0x0000000000004ce0       0xce ./HAL/hal_adc_ch32.o
                0x0000000000004ce0                HAL_ADC_ContiniusScanCinvertionDMA
 .text.HAL_ADC_StartDMA
                0x0000000000004dae       0x42 ./HAL/hal_adc_ch32.o
                0x0000000000004dae                HAL_ADC_StartDMA
 .text.ADC1_2_IRQHandler
                0x0000000000004df0       0x74 ./HAL/hal_adc_ch32.o
                0x0000000000004df0                ADC1_2_IRQHandler
 .text.DMA_IRQ  0x0000000000004e64       0x3a ./HAL/hal_dma_ch32.o
 .text.HAL_DMA_Enable
                0x0000000000004e9e       0x18 ./HAL/hal_dma_ch32.o
                0x0000000000004e9e                HAL_DMA_Enable
 .text.HAL_DMA_Disable
                0x0000000000004eb6       0x1a ./HAL/hal_dma_ch32.o
                0x0000000000004eb6                HAL_DMA_Disable
 .text.HAL_DMAInitIT
                0x0000000000004ed0       0xa0 ./HAL/hal_dma_ch32.o
                0x0000000000004ed0                HAL_DMAInitIT
 .text.HAL_DMA_SetCounter
                0x0000000000004f70       0x12 ./HAL/hal_dma_ch32.o
                0x0000000000004f70                HAL_DMA_SetCounter
 .text.HAL_DMA_ITENABLE
                0x0000000000004f82       0x16 ./HAL/hal_dma_ch32.o
                0x0000000000004f82                HAL_DMA_ITENABLE
 .text.HAL_DMA_SetCouterAndEnable
                0x0000000000004f98       0x1a ./HAL/hal_dma_ch32.o
                0x0000000000004f98                HAL_DMA_SetCouterAndEnable
 .text.DMA1_Channel1_IRQHandler
                0x0000000000004fb2       0x4e ./HAL/hal_dma_ch32.o
                0x0000000000004fb2                DMA1_Channel1_IRQHandler
 .text.DMA1_Channel3_IRQHandler
                0x0000000000005000       0x4e ./HAL/hal_dma_ch32.o
                0x0000000000005000                DMA1_Channel3_IRQHandler
 .text.DMA1_Channel4_IRQHandler
                0x000000000000504e       0x4e ./HAL/hal_dma_ch32.o
                0x000000000000504e                DMA1_Channel4_IRQHandler
 .text.DMA1_Channel5_IRQHandler
                0x000000000000509c       0x4e ./HAL/hal_dma_ch32.o
                0x000000000000509c                DMA1_Channel5_IRQHandler
 .text.DMA1_Channel7_IRQHandler
                0x00000000000050ea       0x4e ./HAL/hal_dma_ch32.o
                0x00000000000050ea                DMA1_Channel7_IRQHandler
 .text.prvInsertBlockIntoFreeList
                0x0000000000005138       0x4c ./FreeRTOS/portable/MemMang/heap_4.o
 .text.pvPortMalloc
                0x0000000000005184      0x18a ./FreeRTOS/portable/MemMang/heap_4.o
                0x0000000000005184                pvPortMalloc
 .text.vPortSetupTimerInterrupt
                0x000000000000530e       0x3e ./FreeRTOS/portable/GCC/RISC-V/port.o
                0x000000000000530e                vPortSetupTimerInterrupt
 .text.xPortStartScheduler
                0x000000000000534c       0x90 ./FreeRTOS/portable/GCC/RISC-V/port.o
                0x000000000000534c                xPortStartScheduler
 .text.SysTick_Handler
                0x00000000000053dc       0x7c ./FreeRTOS/portable/GCC/RISC-V/port.o
                0x00000000000053dc                SysTick_Handler
 .text.vPortEnterCritical
                0x0000000000005458       0x16 ./FreeRTOS/portable/GCC/RISC-V/port.o
                0x0000000000005458                vPortEnterCritical
 .text.vPortExitCritical
                0x000000000000546e       0x42 ./FreeRTOS/portable/GCC/RISC-V/port.o
                0x000000000000546e                vPortExitCritical
 .text.xPortSetInterruptMask
                0x00000000000054b0        0xc ./FreeRTOS/portable/GCC/RISC-V/port.o
                0x00000000000054b0                xPortSetInterruptMask
 .text.vPortClearInterruptMask
                0x00000000000054bc        0x6 ./FreeRTOS/portable/GCC/RISC-V/port.o
                0x00000000000054bc                vPortClearInterruptMask
 .text.vListInitialise
                0x00000000000054c2       0x14 ./FreeRTOS/list.o
                0x00000000000054c2                vListInitialise
 .text.vListInitialiseItem
                0x00000000000054d6        0x6 ./FreeRTOS/list.o
                0x00000000000054d6                vListInitialiseItem
 .text.vListInsertEnd
                0x00000000000054dc       0x18 ./FreeRTOS/list.o
                0x00000000000054dc                vListInsertEnd
 .text.vListInsert
                0x00000000000054f4       0x2e ./FreeRTOS/list.o
                0x00000000000054f4                vListInsert
 .text.uxListRemove
                0x0000000000005522       0x20 ./FreeRTOS/list.o
                0x0000000000005522                uxListRemove
 .text.prvIsQueueEmpty
                0x0000000000005542       0x1e ./FreeRTOS/queue.o
 .text.prvCopyDataToQueue
                0x0000000000005560       0x72 ./FreeRTOS/queue.o
 .text.prvCopyDataFromQueue
                0x00000000000055d2       0x28 ./FreeRTOS/queue.o
 .text.prvUnlockQueue
                0x00000000000055fa       0x76 ./FreeRTOS/queue.o
 .text.xQueueGenericReset
                0x0000000000005670       0xc4 ./FreeRTOS/queue.o
                0x0000000000005670                xQueueGenericReset
 .text.xQueueGenericCreateStatic
                0x0000000000005734       0xae ./FreeRTOS/queue.o
                0x0000000000005734                xQueueGenericCreateStatic
 .text.xQueueGenericCreate
                0x00000000000057e2       0x72 ./FreeRTOS/queue.o
                0x00000000000057e2                xQueueGenericCreate
 .text.xQueueGenericSend
                0x0000000000005854      0x178 ./FreeRTOS/queue.o
                0x0000000000005854                xQueueGenericSend
 .text.xQueueGiveMutexRecursive
                0x00000000000059cc       0x56 ./FreeRTOS/queue.o
                0x00000000000059cc                xQueueGiveMutexRecursive
 .text.xQueueCreateMutex
                0x0000000000005a22       0x2e ./FreeRTOS/queue.o
                0x0000000000005a22                xQueueCreateMutex
 .text.xQueueReceive
                0x0000000000005a50      0x138 ./FreeRTOS/queue.o
                0x0000000000005a50                xQueueReceive
 .text.xQueueSemaphoreTake
                0x0000000000005b88      0x18e ./FreeRTOS/queue.o
                0x0000000000005b88                xQueueSemaphoreTake
 .text.xQueueTakeMutexRecursive
                0x0000000000005d16       0x5a ./FreeRTOS/queue.o
                0x0000000000005d16                xQueueTakeMutexRecursive
 .text.uxQueueMessagesWaiting
                0x0000000000005d70       0x44 ./FreeRTOS/queue.o
                0x0000000000005d70                uxQueueMessagesWaiting
 .text.prvIdleTask
                0x0000000000005db4        0x2 ./FreeRTOS/tasks.o
 .text.prvAddNewTaskToReadyList
                0x0000000000005db6      0x10a ./FreeRTOS/tasks.o
 .text.prvResetNextTaskUnblockTime
                0x0000000000005ec0       0x20 ./FreeRTOS/tasks.o
 .text.prvTaskIsTaskSuspended
                0x0000000000005ee0       0x50 ./FreeRTOS/tasks.o
 .text.prvInitialiseNewTask.isra.2
                0x0000000000005f30       0xc8 ./FreeRTOS/tasks.o
 .text.prvAddCurrentTaskToDelayedList
                0x0000000000005ff8       0xa4 ./FreeRTOS/tasks.o
 .text.xTaskCreateStatic
                0x000000000000609c       0xa6 ./FreeRTOS/tasks.o
                0x000000000000609c                xTaskCreateStatic
 .text.vTaskResume
                0x0000000000006142       0xa6 ./FreeRTOS/tasks.o
                0x0000000000006142                vTaskResume
 .text.vTaskStartScheduler
                0x00000000000061e8       0x5c ./FreeRTOS/tasks.o
                0x00000000000061e8                vTaskStartScheduler
 .text.vTaskSuspendAll
                0x0000000000006244       0x10 ./FreeRTOS/tasks.o
                0x0000000000006244                vTaskSuspendAll
 .text.xTaskGetTickCount
                0x0000000000006254        0x6 ./FreeRTOS/tasks.o
                0x0000000000006254                xTaskGetTickCount
 .text.xTaskIncrementTick
                0x000000000000625a      0x194 ./FreeRTOS/tasks.o
                0x000000000000625a                xTaskIncrementTick
 .text.xTaskResumeAll
                0x00000000000063ee      0x154 ./FreeRTOS/tasks.o
                0x00000000000063ee                xTaskResumeAll
 .text.vTaskDelay
                0x0000000000006542       0x66 ./FreeRTOS/tasks.o
                0x0000000000006542                vTaskDelay
 .text.vTaskSwitchContext
                0x00000000000065a8       0x92 ./FreeRTOS/tasks.o
                0x00000000000065a8                vTaskSwitchContext
 .text.vTaskSuspend
                0x000000000000663a       0xea ./FreeRTOS/tasks.o
                0x000000000000663a                vTaskSuspend
 .text.vTaskPlaceOnEventList
                0x0000000000006724       0x48 ./FreeRTOS/tasks.o
                0x0000000000006724                vTaskPlaceOnEventList
 .text.xTaskRemoveFromEventList
                0x000000000000676c       0xe4 ./FreeRTOS/tasks.o
                0x000000000000676c                xTaskRemoveFromEventList
 .text.vTaskInternalSetTimeOutState
                0x0000000000006850        0xe ./FreeRTOS/tasks.o
                0x0000000000006850                vTaskInternalSetTimeOutState
 .text.xTaskCheckForTimeOut
                0x000000000000685e       0xaa ./FreeRTOS/tasks.o
                0x000000000000685e                xTaskCheckForTimeOut
 .text.vTaskMissedYield
                0x0000000000006908        0x8 ./FreeRTOS/tasks.o
                0x0000000000006908                vTaskMissedYield
 .text.xTaskGetCurrentTaskHandle
                0x0000000000006910        0xa ./FreeRTOS/tasks.o
                0x0000000000006910                xTaskGetCurrentTaskHandle
 .text.xTaskPriorityInherit
                0x000000000000691a       0xaa ./FreeRTOS/tasks.o
                0x000000000000691a                xTaskPriorityInherit
 .text.xTaskPriorityDisinherit
                0x00000000000069c4       0xc6 ./FreeRTOS/tasks.o
                0x00000000000069c4                xTaskPriorityDisinherit
 .text.vTaskPriorityDisinheritAfterTimeout
                0x0000000000006a8a       0xe2 ./FreeRTOS/tasks.o
                0x0000000000006a8a                vTaskPriorityDisinheritAfterTimeout
 .text.pvTaskIncrementMutexHeldCount
                0x0000000000006b6c       0x1c ./FreeRTOS/tasks.o
                0x0000000000006b6c                pvTaskIncrementMutexHeldCount
 .text.ulTaskGenericNotifyTake
                0x0000000000006b88       0xb8 ./FreeRTOS/tasks.o
                0x0000000000006b88                ulTaskGenericNotifyTake
 .text.xTaskGenericNotifyWait
                0x0000000000006c40       0xe6 ./FreeRTOS/tasks.o
                0x0000000000006c40                xTaskGenericNotifyWait
 .text.xTaskGenericNotifyFromISR
                0x0000000000006d26      0x1e8 ./FreeRTOS/tasks.o
                0x0000000000006d26                xTaskGenericNotifyFromISR
 .text.Delay_Init
                0x0000000000006f0e       0x2a ./Debug/debug.o
                0x0000000000006f0e                Delay_Init
 .text.Delay_Ms
                0x0000000000006f38       0x36 ./Debug/debug.o
                0x0000000000006f38                Delay_Ms
 .text.USART_Printf_Init
                0x0000000000006f6e       0x5a ./Debug/debug.o
                0x0000000000006f6e                USART_Printf_Init
 .text._write   0x0000000000006fc8       0x3e ./Debug/debug.o
                0x0000000000006fc8                _write
 .text._sbrk    0x0000000000007006       0x2a ./Debug/debug.o
                0x0000000000007006                _sbrk
 .text.prv_read_can_received_msg
                0x0000000000007030       0x50 ./CANopenNode/keypad/CO_driver_ST32F103.o
                0x0000000000007030                prv_read_can_received_msg
 .text.prv_send_can_message.isra.0
                0x0000000000007080       0x2c ./CANopenNode/keypad/CO_driver_ST32F103.o
 .text.CAN_SendMessage
                0x00000000000070ac       0x66 ./CANopenNode/keypad/CO_driver_ST32F103.o
                0x00000000000070ac                CAN_SendMessage
 .text.co_drv_create_os_objects
                0x0000000000007112       0x30 ./CANopenNode/keypad/CO_driver_ST32F103.o
                0x0000000000007112                co_drv_create_os_objects
 .text.co_drv_mutex_lock
                0x0000000000007142       0x18 ./CANopenNode/keypad/CO_driver_ST32F103.o
                0x0000000000007142                co_drv_mutex_lock
 .text.co_drv_mutex_unlock
                0x000000000000715a       0x16 ./CANopenNode/keypad/CO_driver_ST32F103.o
                0x000000000000715a                co_drv_mutex_unlock
 .text.CO_CANsetNormalMode
                0x0000000000007170       0x1c ./CANopenNode/keypad/CO_driver_ST32F103.o
                0x0000000000007170                CO_CANsetNormalMode
 .text.CO_CANmodule_init
                0x000000000000718c      0x110 ./CANopenNode/keypad/CO_driver_ST32F103.o
                0x000000000000718c                CO_CANmodule_init
 .text.CO_CANmodule_disable
                0x000000000000729c       0x14 ./CANopenNode/keypad/CO_driver_ST32F103.o
                0x000000000000729c                CO_CANmodule_disable
 .text.CO_CANrxBufferInit
                0x00000000000072b0       0x52 ./CANopenNode/keypad/CO_driver_ST32F103.o
                0x00000000000072b0                CO_CANrxBufferInit
 .text.CO_CANtxBufferInit
                0x0000000000007302       0x3a ./CANopenNode/keypad/CO_driver_ST32F103.o
                0x0000000000007302                CO_CANtxBufferInit
 .text.CO_CANmodule_process
                0x000000000000733c       0x12 ./CANopenNode/keypad/CO_driver_ST32F103.o
                0x000000000000733c                CO_CANmodule_process
 .text.CO_CANsend
                0x000000000000734e       0x46 ./CANopenNode/keypad/CO_driver_ST32F103.o
                0x000000000000734e                CO_CANsend
 .text.CO_LSSslave_receive
                0x0000000000007394      0x1a8 ./CANopenNode/305/CO_LSSslave.o
 .text.CO_LSSslave_init
                0x000000000000753c       0xa4 ./CANopenNode/305/CO_LSSslave.o
                0x000000000000753c                CO_LSSslave_init
 .text.CO_LSSslave_process
                0x00000000000075e0      0x1a2 ./CANopenNode/305/CO_LSSslave.o
                0x00000000000075e0                CO_LSSslave_process
 .text.OD_write_1003
                0x0000000000007782       0x28 ./CANopenNode/301/CO_Emergency.o
 .text.OD_read_1003
                0x00000000000077aa       0x8c ./CANopenNode/301/CO_Emergency.o
 .text.OD_read_1014_default
                0x0000000000007836       0x50 ./CANopenNode/301/CO_Emergency.o
 .text.CO_EM_init
                0x0000000000007886      0x112 ./CANopenNode/301/CO_Emergency.o
                0x0000000000007886                CO_EM_init
 .text.CO_error
                0x0000000000007998       0xc4 ./CANopenNode/301/CO_Emergency.o
                0x0000000000007998                CO_error
 .text.CO_EM_process
                0x0000000000007a5c      0x182 ./CANopenNode/301/CO_Emergency.o
                0x0000000000007a5c                CO_EM_process
 .text.CO_NMT_receive
                0x0000000000007bde       0x18 ./CANopenNode/301/CO_NMT_Heartbeat.o
 .text.OD_write_1017
                0x0000000000007bf6       0x48 ./CANopenNode/301/CO_NMT_Heartbeat.o
 .text.CO_NMT_init
                0x0000000000007c3e       0xec ./CANopenNode/301/CO_NMT_Heartbeat.o
                0x0000000000007c3e                CO_NMT_init
 .text.CO_NMT_process
                0x0000000000007d2a      0x106 ./CANopenNode/301/CO_NMT_Heartbeat.o
                0x0000000000007d2a                CO_NMT_process
 .text.OD_readDisabled
                0x0000000000007e30        0x4 ./CANopenNode/301/CO_ODinterface.o
 .text.OD_readOriginal
                0x0000000000007e34       0x50 ./CANopenNode/301/CO_ODinterface.o
                0x0000000000007e34                OD_readOriginal
 .text.OD_writeOriginal
                0x0000000000007e84       0x54 ./CANopenNode/301/CO_ODinterface.o
                0x0000000000007e84                OD_writeOriginal
 .text.OD_writeDisabled
                0x0000000000007ed8        0x4 ./CANopenNode/301/CO_ODinterface.o
 .text.OD_find  0x0000000000007edc       0x70 ./CANopenNode/301/CO_ODinterface.o
                0x0000000000007edc                OD_find
 .text.OD_getSub
                0x0000000000007f4c       0xf6 ./CANopenNode/301/CO_ODinterface.o
                0x0000000000007f4c                OD_getSub
 .text.OD_getSDOabCode
                0x0000000000008042       0x20 ./CANopenNode/301/CO_ODinterface.o
                0x0000000000008042                OD_getSDOabCode
 .text.OD_get_value
                0x0000000000008062       0x34 ./CANopenNode/301/CO_ODinterface.o
                0x0000000000008062                OD_get_value
 .text.OD_set_value
                0x0000000000008096       0x2e ./CANopenNode/301/CO_ODinterface.o
                0x0000000000008096                OD_set_value
 .text.OD_getPtr
                0x00000000000080c4       0x3c ./CANopenNode/301/CO_ODinterface.o
                0x00000000000080c4                OD_getPtr
 .text.OD_write_dummy
                0x0000000000008100        0x8 ./CANopenNode/301/CO_PDO.o
 .text.OD_read_dummy
                0x0000000000008108       0x2e ./CANopenNode/301/CO_PDO.o
 .text.PDOconfigMap
                0x0000000000008136      0x100 ./CANopenNode/301/CO_PDO.o
 .text.CO_PDO_receive
                0x0000000000008236       0x48 ./CANopenNode/301/CO_PDO.o
 .text.OD_read_PDO_commParam
                0x000000000000827e       0x70 ./CANopenNode/301/CO_PDO.o
 .text.PDO_initMapping.constprop.3
                0x00000000000082ee       0xe6 ./CANopenNode/301/CO_PDO.o
 .text.OD_write_PDO_mapping
                0x00000000000083d4       0xb4 ./CANopenNode/301/CO_PDO.o
 .text.OD_write_18xx
                0x0000000000008488      0x184 ./CANopenNode/301/CO_PDO.o
 .text.OD_write_14xx
                0x000000000000860c      0x15a ./CANopenNode/301/CO_PDO.o
 .text.CO_RPDO_init
                0x0000000000008766      0x172 ./CANopenNode/301/CO_PDO.o
                0x0000000000008766                CO_RPDO_init
 .text.CO_RPDO_process
                0x00000000000088d8      0x114 ./CANopenNode/301/CO_PDO.o
                0x00000000000088d8                CO_RPDO_process
 .text.CO_TPDO_init
                0x00000000000089ec      0x1d2 ./CANopenNode/301/CO_PDO.o
                0x00000000000089ec                CO_TPDO_init
 .text.CO_TPDO_process
                0x0000000000008bbe      0x15e ./CANopenNode/301/CO_PDO.o
                0x0000000000008bbe                CO_TPDO_process
 .text.CO_SDOserver_init_canRxTx
                0x0000000000008d1c       0x82 ./CANopenNode/301/CO_SDOserver.o
 .text.CO_SDO_receive
                0x0000000000008d9e       0x38 ./CANopenNode/301/CO_SDOserver.o
 .text.readFromOd.isra.1.constprop.5
                0x0000000000008dd6       0xe2 ./CANopenNode/301/CO_SDOserver.o
 .text.OD_write_1201_additional
                0x0000000000008eb8      0x158 ./CANopenNode/301/CO_SDOserver.o
 .text.CO_SDOserver_init
                0x0000000000009010      0x172 ./CANopenNode/301/CO_SDOserver.o
                0x0000000000009010                CO_SDOserver_init
 .text.CO_SDOserver_process
                0x0000000000009182      0x5e8 ./CANopenNode/301/CO_SDOserver.o
                0x0000000000009182                CO_SDOserver_process
 .text.CO_delete
                0x000000000000976a       0x56 ./CANopenNode/CANopen.o
                0x000000000000976a                CO_delete
 .text.CO_new   0x00000000000097c0      0x102 ./CANopenNode/CANopen.o
                0x00000000000097c0                CO_new
 .text.CO_CANinit
                0x00000000000098c2       0x28 ./CANopenNode/CANopen.o
                0x00000000000098c2                CO_CANinit
 .text.CO_LSSinit
                0x00000000000098ea       0x32 ./CANopenNode/CANopen.o
                0x00000000000098ea                CO_LSSinit
 .text.CO_CANopenInit
                0x000000000000991c       0xb8 ./CANopenNode/CANopen.o
                0x000000000000991c                CO_CANopenInit
 .text.CO_CANopenInitPDO
                0x00000000000099d4       0xea ./CANopenNode/CANopen.o
                0x00000000000099d4                CO_CANopenInitPDO
 .text.CO_process
                0x0000000000009abe       0x7e ./CANopenNode/CANopen.o
                0x0000000000009abe                CO_process
 .text.CO_process_RPDO
                0x0000000000009b3c       0x40 ./CANopenNode/CANopen.o
                0x0000000000009b3c                CO_process_RPDO
 .text.CO_process_TPDO
                0x0000000000009b7c       0x40 ./CANopenNode/CANopen.o
                0x0000000000009b7c                CO_process_TPDO
 .text.__divdf3
                0x0000000000009bbc      0x5b4 c:/mounriver/mounriver_studio/toolchain/risc-v embedded gcc/bin/../lib/gcc/riscv-none-embed/8.2.0/rv32imacxw/ilp32\libgcc.a(divdf3.o)
                0x0000000000009bbc                __divdf3
 .text.__muldf3
                0x000000000000a170      0x4b8 c:/mounriver/mounriver_studio/toolchain/risc-v embedded gcc/bin/../lib/gcc/riscv-none-embed/8.2.0/rv32imacxw/ilp32\libgcc.a(muldf3.o)
                0x000000000000a170                __muldf3
 .text.__fixunsdfsi
                0x000000000000a628       0x5c c:/mounriver/mounriver_studio/toolchain/risc-v embedded gcc/bin/../lib/gcc/riscv-none-embed/8.2.0/rv32imacxw/ilp32\libgcc.a(fixunsdfsi.o)
                0x000000000000a628                __fixunsdfsi
 .text.__floatunsidf
                0x000000000000a684       0x68 c:/mounriver/mounriver_studio/toolchain/risc-v embedded gcc/bin/../lib/gcc/riscv-none-embed/8.2.0/rv32imacxw/ilp32\libgcc.a(floatunsidf.o)
                0x000000000000a684                __floatunsidf
 .text.__addsf3
                0x000000000000a6ec      0x36a c:/mounriver/mounriver_studio/toolchain/risc-v embedded gcc/bin/../lib/gcc/riscv-none-embed/8.2.0/rv32imacxw/ilp32\libgcc.a(addsf3.o)
                0x000000000000a6ec                __addsf3
 .text.__divsf3
                0x000000000000aa56      0x2b2 c:/mounriver/mounriver_studio/toolchain/risc-v embedded gcc/bin/../lib/gcc/riscv-none-embed/8.2.0/rv32imacxw/ilp32\libgcc.a(divsf3.o)
                0x000000000000aa56                __divsf3
 .text.__gesf2  0x000000000000ad08       0x86 c:/mounriver/mounriver_studio/toolchain/risc-v embedded gcc/bin/../lib/gcc/riscv-none-embed/8.2.0/rv32imacxw/ilp32\libgcc.a(gesf2.o)
                0x000000000000ad08                __gesf2
                0x000000000000ad08                __gtsf2
 .text.__lesf2  0x000000000000ad8e       0x8c c:/mounriver/mounriver_studio/toolchain/risc-v embedded gcc/bin/../lib/gcc/riscv-none-embed/8.2.0/rv32imacxw/ilp32\libgcc.a(lesf2.o)
                0x000000000000ad8e                __ltsf2
                0x000000000000ad8e                __lesf2
 .text.__mulsf3
                0x000000000000ae1a      0x294 c:/mounriver/mounriver_studio/toolchain/risc-v embedded gcc/bin/../lib/gcc/riscv-none-embed/8.2.0/rv32imacxw/ilp32\libgcc.a(mulsf3.o)
                0x000000000000ae1a                __mulsf3
 .text.__subsf3
                0x000000000000b0ae      0x388 c:/mounriver/mounriver_studio/toolchain/risc-v embedded gcc/bin/../lib/gcc/riscv-none-embed/8.2.0/rv32imacxw/ilp32\libgcc.a(subsf3.o)
                0x000000000000b0ae                __subsf3
 .text.__fixsfsi
                0x000000000000b436       0x62 c:/mounriver/mounriver_studio/toolchain/risc-v embedded gcc/bin/../lib/gcc/riscv-none-embed/8.2.0/rv32imacxw/ilp32\libgcc.a(fixsfsi.o)
                0x000000000000b436                __fixsfsi
 .text.__fixunssfsi
                0x000000000000b498       0x56 c:/mounriver/mounriver_studio/toolchain/risc-v embedded gcc/bin/../lib/gcc/riscv-none-embed/8.2.0/rv32imacxw/ilp32\libgcc.a(fixunssfsi.o)
                0x000000000000b498                __fixunssfsi
 .text.__floatsisf
                0x000000000000b4ee       0xc6 c:/mounriver/mounriver_studio/toolchain/risc-v embedded gcc/bin/../lib/gcc/riscv-none-embed/8.2.0/rv32imacxw/ilp32\libgcc.a(floatsisf.o)
                0x000000000000b4ee                __floatsisf
 .text.__floatunsisf
                0x000000000000b5b4       0xce c:/mounriver/mounriver_studio/toolchain/risc-v embedded gcc/bin/../lib/gcc/riscv-none-embed/8.2.0/rv32imacxw/ilp32\libgcc.a(floatunsisf.o)
                0x000000000000b5b4                __floatunsisf
 .text.__extendsfdf2
                0x000000000000b682       0xac c:/mounriver/mounriver_studio/toolchain/risc-v embedded gcc/bin/../lib/gcc/riscv-none-embed/8.2.0/rv32imacxw/ilp32\libgcc.a(extendsfdf2.o)
                0x000000000000b682                __extendsfdf2
 .text.__truncdfsf2
                0x000000000000b72e      0x16a c:/mounriver/mounriver_studio/toolchain/risc-v embedded gcc/bin/../lib/gcc/riscv-none-embed/8.2.0/rv32imacxw/ilp32\libgcc.a(truncdfsf2.o)
                0x000000000000b72e                __truncdfsf2
 .text.__clzsi2
                0x000000000000b898       0x6e c:/mounriver/mounriver_studio/toolchain/risc-v embedded gcc/bin/../lib/gcc/riscv-none-embed/8.2.0/rv32imacxw/ilp32\libgcc.a(_clzsi2.o)
                0x000000000000b898                __clzsi2
 .text.calloc   0x000000000000b906        0xc c:/mounriver/mounriver_studio/toolchain/risc-v embedded gcc/bin/../lib/gcc/riscv-none-embed/8.2.0/../../../../riscv-none-embed/lib/rv32imacxw/ilp32\libg_nano.a(lib_a-calloc.o)
                0x000000000000b906                calloc
 .text.free     0x000000000000b912        0xa c:/mounriver/mounriver_studio/toolchain/risc-v embedded gcc/bin/../lib/gcc/riscv-none-embed/8.2.0/../../../../riscv-none-embed/lib/rv32imacxw/ilp32\libg_nano.a(lib_a-malloc.o)
                0x000000000000b912                free
 .text.memcpy   0x000000000000b91c       0xb2 c:/mounriver/mounriver_studio/toolchain/risc-v embedded gcc/bin/../lib/gcc/riscv-none-embed/8.2.0/../../../../riscv-none-embed/lib/rv32imacxw/ilp32\libg_nano.a(lib_a-memcpy.o)
                0x000000000000b91c                memcpy
 .text.memmove  0x000000000000b9ce       0x46 c:/mounriver/mounriver_studio/toolchain/risc-v embedded gcc/bin/../lib/gcc/riscv-none-embed/8.2.0/../../../../riscv-none-embed/lib/rv32imacxw/ilp32\libg_nano.a(lib_a-memmove.o)
                0x000000000000b9ce                memmove
 .text._calloc_r
                0x000000000000ba14       0x26 c:/mounriver/mounriver_studio/toolchain/risc-v embedded gcc/bin/../lib/gcc/riscv-none-embed/8.2.0/../../../../riscv-none-embed/lib/rv32imacxw/ilp32\libg_nano.a(lib_a-nano-callocr.o)
                0x000000000000ba14                _calloc_r
 .text._free_r  0x000000000000ba3a       0xa8 c:/mounriver/mounriver_studio/toolchain/risc-v embedded gcc/bin/../lib/gcc/riscv-none-embed/8.2.0/../../../../riscv-none-embed/lib/rv32imacxw/ilp32\libg_nano.a(lib_a-nano-freer.o)
                0x000000000000ba3a                _free_r
 .text._malloc_r
                0x000000000000bae2       0xd4 c:/mounriver/mounriver_studio/toolchain/risc-v embedded gcc/bin/../lib/gcc/riscv-none-embed/8.2.0/../../../../riscv-none-embed/lib/rv32imacxw/ilp32\libg_nano.a(lib_a-nano-mallocr.o)
                0x000000000000bae2                _malloc_r
 .text.printf   0x000000000000bbb6       0x40 c:/mounriver/mounriver_studio/toolchain/risc-v embedded gcc/bin/../lib/gcc/riscv-none-embed/8.2.0/../../../../riscv-none-embed/lib/rv32imacxw/ilp32\libg_nano.a(lib_a-printf.o)
                0x000000000000bbb6                iprintf
                0x000000000000bbb6                printf
 .text._puts_r  0x000000000000bbf6       0xd4 c:/mounriver/mounriver_studio/toolchain/risc-v embedded gcc/bin/../lib/gcc/riscv-none-embed/8.2.0/../../../../riscv-none-embed/lib/rv32imacxw/ilp32\libg_nano.a(lib_a-puts.o)
                0x000000000000bbf6                _puts_r
 .text.puts     0x000000000000bcca        0xc c:/mounriver/mounriver_studio/toolchain/risc-v embedded gcc/bin/../lib/gcc/riscv-none-embed/8.2.0/../../../../riscv-none-embed/lib/rv32imacxw/ilp32\libg_nano.a(lib_a-puts.o)
                0x000000000000bcca                puts
 .text._sbrk_r  0x000000000000bcd6       0x32 c:/mounriver/mounriver_studio/toolchain/risc-v embedded gcc/bin/../lib/gcc/riscv-none-embed/8.2.0/../../../../riscv-none-embed/lib/rv32imacxw/ilp32\libg_nano.a(lib_a-sbrkr.o)
                0x000000000000bcd6                _sbrk_r
 .text.strlen   0x000000000000bd08       0x12 c:/mounriver/mounriver_studio/toolchain/risc-v embedded gcc/bin/../lib/gcc/riscv-none-embed/8.2.0/../../../../riscv-none-embed/lib/rv32imacxw/ilp32\libg_nano.a(lib_a-strlen.o)
                0x000000000000bd08                strlen
 .text.__swbuf_r
                0x000000000000bd1a       0xbc c:/mounriver/mounriver_studio/toolchain/risc-v embedded gcc/bin/../lib/gcc/riscv-none-embed/8.2.0/../../../../riscv-none-embed/lib/rv32imacxw/ilp32\libg_nano.a(lib_a-wbuf.o)
                0x000000000000bd1a                __swbuf_r
 .text.__swsetup_r
                0x000000000000bdd6       0xfe c:/mounriver/mounriver_studio/toolchain/risc-v embedded gcc/bin/../lib/gcc/riscv-none-embed/8.2.0/../../../../riscv-none-embed/lib/rv32imacxw/ilp32\libg_nano.a(lib_a-wsetup.o)
                0x000000000000bdd6                __swsetup_r
 .text.__sflush_r
                0x000000000000bed4      0x132 c:/mounriver/mounriver_studio/toolchain/risc-v embedded gcc/bin/../lib/gcc/riscv-none-embed/8.2.0/../../../../riscv-none-embed/lib/rv32imacxw/ilp32\libg_nano.a(lib_a-fflush.o)
                0x000000000000bed4                __sflush_r
 .text._fflush_r
                0x000000000000c006       0x66 c:/mounriver/mounriver_studio/toolchain/risc-v embedded gcc/bin/../lib/gcc/riscv-none-embed/8.2.0/../../../../riscv-none-embed/lib/rv32imacxw/ilp32\libg_nano.a(lib_a-fflush.o)
                0x000000000000c006                _fflush_r
 .text.std      0x000000000000c06c       0x66 c:/mounriver/mounriver_studio/toolchain/risc-v embedded gcc/bin/../lib/gcc/riscv-none-embed/8.2.0/../../../../riscv-none-embed/lib/rv32imacxw/ilp32\libg_nano.a(lib_a-findfp.o)
 .text._cleanup_r
                0x000000000000c0d2        0xa c:/mounriver/mounriver_studio/toolchain/risc-v embedded gcc/bin/../lib/gcc/riscv-none-embed/8.2.0/../../../../riscv-none-embed/lib/rv32imacxw/ilp32\libg_nano.a(lib_a-findfp.o)
                0x000000000000c0d2                _cleanup_r
 .text.__sfmoreglue
                0x000000000000c0dc       0x48 c:/mounriver/mounriver_studio/toolchain/risc-v embedded gcc/bin/../lib/gcc/riscv-none-embed/8.2.0/../../../../riscv-none-embed/lib/rv32imacxw/ilp32\libg_nano.a(lib_a-findfp.o)
                0x000000000000c0dc                __sfmoreglue
 .text.__sinit  0x000000000000c124       0x6c c:/mounriver/mounriver_studio/toolchain/risc-v embedded gcc/bin/../lib/gcc/riscv-none-embed/8.2.0/../../../../riscv-none-embed/lib/rv32imacxw/ilp32\libg_nano.a(lib_a-findfp.o)
                0x000000000000c124                __sinit
 .text.__sfp    0x000000000000c190       0xa0 c:/mounriver/mounriver_studio/toolchain/risc-v embedded gcc/bin/../lib/gcc/riscv-none-embed/8.2.0/../../../../riscv-none-embed/lib/rv32imacxw/ilp32\libg_nano.a(lib_a-findfp.o)
                0x000000000000c190                __sfp
 .text._fwalk_reent
                0x000000000000c230       0x6a c:/mounriver/mounriver_studio/toolchain/risc-v embedded gcc/bin/../lib/gcc/riscv-none-embed/8.2.0/../../../../riscv-none-embed/lib/rv32imacxw/ilp32\libg_nano.a(lib_a-fwalk.o)
                0x000000000000c230                _fwalk_reent
 .text.__swhatbuf_r
                0x000000000000c29a       0x58 c:/mounriver/mounriver_studio/toolchain/risc-v embedded gcc/bin/../lib/gcc/riscv-none-embed/8.2.0/../../../../riscv-none-embed/lib/rv32imacxw/ilp32\libg_nano.a(lib_a-makebuf.o)
                0x000000000000c29a                __swhatbuf_r
 .text.__smakebuf_r
                0x000000000000c2f2       0x94 c:/mounriver/mounriver_studio/toolchain/risc-v embedded gcc/bin/../lib/gcc/riscv-none-embed/8.2.0/../../../../riscv-none-embed/lib/rv32imacxw/ilp32\libg_nano.a(lib_a-makebuf.o)
                0x000000000000c2f2                __smakebuf_r
 .text.__malloc_lock
                0x000000000000c386        0x2 c:/mounriver/mounriver_studio/toolchain/risc-v embedded gcc/bin/../lib/gcc/riscv-none-embed/8.2.0/../../../../riscv-none-embed/lib/rv32imacxw/ilp32\libg_nano.a(lib_a-mlock.o)
                0x000000000000c386                __malloc_lock
 .text.__malloc_unlock
                0x000000000000c388        0x2 c:/mounriver/mounriver_studio/toolchain/risc-v embedded gcc/bin/../lib/gcc/riscv-none-embed/8.2.0/../../../../riscv-none-embed/lib/rv32imacxw/ilp32\libg_nano.a(lib_a-mlock.o)
                0x000000000000c388                __malloc_unlock
 .text.__sfputc_r
                0x000000000000c38a       0x28 c:/mounriver/mounriver_studio/toolchain/risc-v embedded gcc/bin/../lib/gcc/riscv-none-embed/8.2.0/../../../../riscv-none-embed/lib/rv32imacxw/ilp32\libg_nano.a(lib_a-nano-vfprintf.o)
 .text.__sfputs_r
                0x000000000000c3b2       0x42 c:/mounriver/mounriver_studio/toolchain/risc-v embedded gcc/bin/../lib/gcc/riscv-none-embed/8.2.0/../../../../riscv-none-embed/lib/rv32imacxw/ilp32\libg_nano.a(lib_a-nano-vfprintf.o)
                0x000000000000c3b2                __sfputs_r
 .text._vfprintf_r
                0x000000000000c3f4      0x288 c:/mounriver/mounriver_studio/toolchain/risc-v embedded gcc/bin/../lib/gcc/riscv-none-embed/8.2.0/../../../../riscv-none-embed/lib/rv32imacxw/ilp32\libg_nano.a(lib_a-nano-vfprintf.o)
                0x000000000000c3f4                _vfprintf_r
                0x000000000000c3f4                _vfiprintf_r
 .text._printf_common
                0x000000000000c67c      0x10c c:/mounriver/mounriver_studio/toolchain/risc-v embedded gcc/bin/../lib/gcc/riscv-none-embed/8.2.0/../../../../riscv-none-embed/lib/rv32imacxw/ilp32\libg_nano.a(lib_a-nano-vfprintf_i.o)
                0x000000000000c67c                _printf_common
 .text._printf_i
                0x000000000000c788      0x2a2 c:/mounriver/mounriver_studio/toolchain/risc-v embedded gcc/bin/../lib/gcc/riscv-none-embed/8.2.0/../../../../riscv-none-embed/lib/rv32imacxw/ilp32\libg_nano.a(lib_a-nano-vfprintf_i.o)
                0x000000000000c788                _printf_i
 .text.__sread  0x000000000000ca2a       0x2c c:/mounriver/mounriver_studio/toolchain/risc-v embedded gcc/bin/../lib/gcc/riscv-none-embed/8.2.0/../../../../riscv-none-embed/lib/rv32imacxw/ilp32\libg_nano.a(lib_a-stdio.o)
                0x000000000000ca2a                __sread
 .text.__swrite
                0x000000000000ca56       0x48 c:/mounriver/mounriver_studio/toolchain/risc-v embedded gcc/bin/../lib/gcc/riscv-none-embed/8.2.0/../../../../riscv-none-embed/lib/rv32imacxw/ilp32\libg_nano.a(lib_a-stdio.o)
                0x000000000000ca56                __swrite
 .text.__sseek  0x000000000000ca9e       0x30 c:/mounriver/mounriver_studio/toolchain/risc-v embedded gcc/bin/../lib/gcc/riscv-none-embed/8.2.0/../../../../riscv-none-embed/lib/rv32imacxw/ilp32\libg_nano.a(lib_a-stdio.o)
                0x000000000000ca9e                __sseek
 .text.__sclose
                0x000000000000cace        0x6 c:/mounriver/mounriver_studio/toolchain/risc-v embedded gcc/bin/../lib/gcc/riscv-none-embed/8.2.0/../../../../riscv-none-embed/lib/rv32imacxw/ilp32\libg_nano.a(lib_a-stdio.o)
                0x000000000000cace                __sclose
 .text._write_r
                0x000000000000cad4       0x36 c:/mounriver/mounriver_studio/toolchain/risc-v embedded gcc/bin/../lib/gcc/riscv-none-embed/8.2.0/../../../../riscv-none-embed/lib/rv32imacxw/ilp32\libg_nano.a(lib_a-writer.o)
                0x000000000000cad4                _write_r
 .text._close_r
                0x000000000000cb0a       0x30 c:/mounriver/mounriver_studio/toolchain/risc-v embedded gcc/bin/../lib/gcc/riscv-none-embed/8.2.0/../../../../riscv-none-embed/lib/rv32imacxw/ilp32\libg_nano.a(lib_a-closer.o)
                0x000000000000cb0a                _close_r
 .text._fstat_r
                0x000000000000cb3a       0x32 c:/mounriver/mounriver_studio/toolchain/risc-v embedded gcc/bin/../lib/gcc/riscv-none-embed/8.2.0/../../../../riscv-none-embed/lib/rv32imacxw/ilp32\libg_nano.a(lib_a-fstatr.o)
                0x000000000000cb3a                _fstat_r
 .text._isatty_r
                0x000000000000cb6c       0x30 c:/mounriver/mounriver_studio/toolchain/risc-v embedded gcc/bin/../lib/gcc/riscv-none-embed/8.2.0/../../../../riscv-none-embed/lib/rv32imacxw/ilp32\libg_nano.a(lib_a-isattyr.o)
                0x000000000000cb6c                _isatty_r
 .text._lseek_r
                0x000000000000cb9c       0x34 c:/mounriver/mounriver_studio/toolchain/risc-v embedded gcc/bin/../lib/gcc/riscv-none-embed/8.2.0/../../../../riscv-none-embed/lib/rv32imacxw/ilp32\libg_nano.a(lib_a-lseekr.o)
                0x000000000000cb9c                _lseek_r
 .text.memchr   0x000000000000cbd0       0x18 c:/mounriver/mounriver_studio/toolchain/risc-v embedded gcc/bin/../lib/gcc/riscv-none-embed/8.2.0/../../../../riscv-none-embed/lib/rv32imacxw/ilp32\libg_nano.a(lib_a-memchr.o)
                0x000000000000cbd0                memchr
 .text._read_r  0x000000000000cbe8       0x34 c:/mounriver/mounriver_studio/toolchain/risc-v embedded gcc/bin/../lib/gcc/riscv-none-embed/8.2.0/../../../../riscv-none-embed/lib/rv32imacxw/ilp32\libg_nano.a(lib_a-readr.o)
                0x000000000000cbe8                _read_r
 .text._close   0x000000000000cc1c       0x10 c:/mounriver/mounriver_studio/toolchain/risc-v embedded gcc/bin/../lib/gcc/riscv-none-embed/8.2.0/../../../../riscv-none-embed/lib/rv32imacxw/ilp32\libnosys.a(close.o)
                0x000000000000cc1c                _close
 .text._fstat   0x000000000000cc2c       0x10 c:/mounriver/mounriver_studio/toolchain/risc-v embedded gcc/bin/../lib/gcc/riscv-none-embed/8.2.0/../../../../riscv-none-embed/lib/rv32imacxw/ilp32\libnosys.a(fstat.o)
                0x000000000000cc2c                _fstat
 .text._isatty  0x000000000000cc3c       0x10 c:/mounriver/mounriver_studio/toolchain/risc-v embedded gcc/bin/../lib/gcc/riscv-none-embed/8.2.0/../../../../riscv-none-embed/lib/rv32imacxw/ilp32\libnosys.a(isatty.o)
                0x000000000000cc3c                _isatty
 .text._lseek   0x000000000000cc4c       0x10 c:/mounriver/mounriver_studio/toolchain/risc-v embedded gcc/bin/../lib/gcc/riscv-none-embed/8.2.0/../../../../riscv-none-embed/lib/rv32imacxw/ilp32\libnosys.a(lseek.o)
                0x000000000000cc4c                _lseek
 .text._read    0x000000000000cc5c       0x10 c:/mounriver/mounriver_studio/toolchain/risc-v embedded gcc/bin/../lib/gcc/riscv-none-embed/8.2.0/../../../../riscv-none-embed/lib/rv32imacxw/ilp32\libnosys.a(read.o)
                0x000000000000cc5c                _read
 *(.rodata)
 *fill*         0x000000000000cc6c        0x0 
 .rodata        0x000000000000cc6c       0x14 ./User/dash_draw.o
 *(.rodata*)
 .rodata.vCanOpenProcess.str1.4
                0x000000000000cc80        0xa ./User/CanOpenNode.o
 *fill*         0x000000000000cc8a        0x2 
 .rodata.CalPoint
                0x000000000000cc8c       0x48 ./User/DataModel.o
 .rodata.CalPoint1
                0x000000000000ccd4       0x18 ./User/DataModel.o
 .rodata.bitrate_table
                0x000000000000ccec       0x10 ./User/DataModel.o
 .rodata.seg_const.7403
                0x000000000000ccfc       0x12 ./User/DataModel.o
 *fill*         0x000000000000cd0e        0x2 
 .rodata.str1.4
                0x000000000000cd10       0x1e ./User/DataModel.o
 *fill*         0x000000000000cd2e        0x2 
 .rodata.vIncrementSystemCounters.cst4
                0x000000000000cd30        0x8 ./User/DataModel.o
 .rodata.getODValue
                0x000000000000cd38       0x78 ./User/dash_draw.o
 .rodata.CheckLedState.cst4
                0x000000000000cdb0        0x4 ./User/dash_draw.o
 .rodata.MenuStateCross
                0x000000000000cdb4       0x1c ./User/dash_draw.o
 .rodata.dm     0x000000000000cdd0       0x3f ./User/dash_draw.o
 *fill*         0x000000000000ce0f        0x1 
 .rodata.getODValue.cst4
                0x000000000000ce10        0x4 ./User/dash_draw.o
                                          0x8 (size before relaxing)
 .rodata.vBarColorMode.cst4
                0x000000000000ce14        0x4 ./User/dash_draw.o
 .rodata.vRedrawTask.cst4
                0x000000000000ce18        0x4 ./User/dash_draw.o
 .rodata.ADC_FSM.cst4
                0x000000000000ce1c        0xc ./User/inputs.o
 *fill*         0x000000000000ce28        0x0 
 .rodata.ADC_FSM.cst8
                0x000000000000ce28       0x18 ./User/inputs.o
 .rodata.vInputsTask.cst4
                0x000000000000ce40        0x8 ./User/inputs.o
 .rodata.SetSegDirect
                0x000000000000ce48       0x1c ./User/led.o
 .rodata.Brigth
                0x000000000000ce64       0x1e ./User/led.o
 *fill*         0x000000000000ce82        0x2 
 .rodata.DigitMask
                0x000000000000ce84        0xa ./User/led.o
                0x000000000000ce84                DigitMask
 *fill*         0x000000000000ce8e        0x2 
 .rodata.offset_mask
                0x000000000000ce90        0xe ./User/led.o
 *fill*         0x000000000000ce9e        0x2 
 .rodata.step_mask
                0x000000000000cea0        0xe ./User/led.o
 *fill*         0x000000000000ceae        0x2 
 .rodata.Error_Handler.str1.4
                0x000000000000ceb0        0xf ./User/main.o
 *fill*         0x000000000000cebf        0x1 
 .rodata.main.str1.4
                0x000000000000cec0        0xf ./User/main.o
 *fill*         0x000000000000cecf        0x1 
 .rodata.OD_readBoardSettings
                0x000000000000ced0       0x18 ./User/process.o
 .rodata.OD_writeBoardSettings
                0x000000000000cee8       0x18 ./User/process.o
 .rodata.OD_ADC1_CAL_extension
                0x000000000000cf00       0x10 ./User/process.o
                0x000000000000cf00                OD_ADC1_CAL_extension
 .rodata.OD_ADC2_CAL_extension
                0x000000000000cf10       0x10 ./User/process.o
                0x000000000000cf10                OD_ADC2_CAL_extension
 .rodata.OD_ADC3_CAL_extension
                0x000000000000cf20       0x10 ./User/process.o
                0x000000000000cf20                OD_ADC3_CAL_extension
 .rodata.OD_AIN_RPM_extension
                0x000000000000cf30       0x10 ./User/process.o
                0x000000000000cf30                OD_AIN_RPM_extension
 .rodata.OD_BAR_extension
                0x000000000000cf40       0x10 ./User/process.o
                0x000000000000cf40                OD_BAR_extension
 .rodata.OD_BOARD_SETTINGS_extension
                0x000000000000cf50       0x10 ./User/process.o
                0x000000000000cf50                OD_BOARD_SETTINGS_extension
 .rodata.OD_DASH_PARAM_extension
                0x000000000000cf60       0x10 ./User/process.o
                0x000000000000cf60                OD_DASH_PARAM_extension
 .rodata.OD_DIN_extension
                0x000000000000cf70       0x10 ./User/process.o
                0x000000000000cf70                OD_DIN_extension
 .rodata.OD_HISTER_CONFIG_extension
                0x000000000000cf80       0x10 ./User/process.o
                0x000000000000cf80                OD_HISTER_CONFIG_extension
 .rodata.OD_INPUT_CH_CONFIG_extension
                0x000000000000cf90       0x10 ./User/process.o
                0x000000000000cf90                OD_INPUT_CH_CONFIG_extension
 .rodata.OD_KEY_extension
                0x000000000000cfa0       0x10 ./User/process.o
                0x000000000000cfa0                OD_KEY_extension
 .rodata.OD_MENU_MAP_extension
                0x000000000000cfb0       0x10 ./User/process.o
                0x000000000000cfb0                OD_MENU_MAP_extension
 .rodata.OD_MENU_SETUP_extension
                0x000000000000cfc0       0x10 ./User/process.o
                0x000000000000cfc0                OD_MENU_SETUP_extension
 .rodata.OD_RGB10_extension
                0x000000000000cfd0       0x10 ./User/process.o
                0x000000000000cfd0                OD_RGB10_extension
 .rodata.OD_RGB11_extension
                0x000000000000cfe0       0x10 ./User/process.o
                0x000000000000cfe0                OD_RGB11_extension
 .rodata.OD_RGB12_extension
                0x000000000000cff0       0x10 ./User/process.o
                0x000000000000cff0                OD_RGB12_extension
 .rodata.OD_RGB13_extension
                0x000000000000d000       0x10 ./User/process.o
                0x000000000000d000                OD_RGB13_extension
 .rodata.OD_RGB14_extension
                0x000000000000d010       0x10 ./User/process.o
                0x000000000000d010                OD_RGB14_extension
 .rodata.OD_RGB1_extension
                0x000000000000d020       0x10 ./User/process.o
                0x000000000000d020                OD_RGB1_extension
 .rodata.OD_RGB2_extension
                0x000000000000d030       0x10 ./User/process.o
                0x000000000000d030                OD_RGB2_extension
 .rodata.OD_RGB3_extension
                0x000000000000d040       0x10 ./User/process.o
                0x000000000000d040                OD_RGB3_extension