Archive member included to satisfy reference by file (symbol)

c:/mounriver/mounriver_studio/toolchain/risc-v embedded gcc/bin/../lib/gcc/riscv-none-embed/8.2.0/rv32imacxw/ilp32\libgcc.a(addsf3.o)
                              ./User/inputs.o (__addsf3)
c:/mounriver/mounriver_studio/toolchain/risc-v embedded gcc/bin/../lib/gcc/riscv-none-embed/8.2.0/rv32imacxw/ilp32\libgcc.a(divsf3.o)
                              ./User/dash_draw.o (__divsf3)
c:/mounriver/mounriver_studio/toolchain/risc-v embedded gcc/bin/../lib/gcc/riscv-none-embed/8.2.0/rv32imacxw/ilp32\libgcc.a(eqsf2.o)
                              ./HWLIB/hw_lib_din.o (__nesf2)
c:/mounriver/mounriver_studio/toolchain/risc-v embedded gcc/bin/../lib/gcc/riscv-none-embed/8.2.0/rv32imacxw/ilp32\libgcc.a(gesf2.o)
                              ./User/inputs.o (__gtsf2)
c:/mounriver/mounriver_studio/toolchain/risc-v embedded gcc/bin/../lib/gcc/riscv-none-embed/8.2.0/rv32imacxw/ilp32\libgcc.a(lesf2.o)
                              ./HWLIB/hw_lib_adc.o (__lesf2)
c:/mounriver/mounriver_studio/toolchain/risc-v embedded gcc/bin/../lib/gcc/riscv-none-embed/8.2.0/rv32imacxw/ilp32\libgcc.a(mulsf3.o)
                              ./User/dash_draw.o (__mulsf3)
c:/mounriver/mounriver_studio/toolchain/risc-v embedded gcc/bin/../lib/gcc/riscv-none-embed/8.2.0/rv32imacxw/ilp32\libgcc.a(subsf3.o)
                              ./User/inputs.o (__subsf3)
c:/mounriver/mounriver_studio/toolchain/risc-v embedded gcc/bin/../lib/gcc/riscv-none-embed/8.2.0/rv32imacxw/ilp32\libgcc.a(fixsfsi.o)
                              ./User/dash_draw.o (__fixsfsi)
c:/mounriver/mounriver_studio/toolchain/risc-v embedded gcc/bin/../lib/gcc/riscv-none-embed/8.2.0/rv32imacxw/ilp32\libgcc.a(fixunssfsi.o)
                              ./User/dash_draw.o (__fixunssfsi)
c:/mounriver/mounriver_studio/toolchain/risc-v embedded gcc/bin/../lib/gcc/riscv-none-embed/8.2.0/rv32imacxw/ilp32\libgcc.a(floatsisf.o)
                              ./User/DataModel.o (__floatsisf)
c:/mounriver/mounriver_studio/toolchain/risc-v embedded gcc/bin/../lib/gcc/riscv-none-embed/8.2.0/rv32imacxw/ilp32\libgcc.a(floatunsisf.o)
                              ./User/DataModel.o (__floatunsisf)
c:/mounriver/mounriver_studio/toolchain/risc-v embedded gcc/bin/../lib/gcc/riscv-none-embed/8.2.0/rv32imacxw/ilp32\libgcc.a(save-restore.o)
                              ./User/inputs.o (__riscv_save_12)
c:/mounriver/mounriver_studio/toolchain/risc-v embedded gcc/bin/../lib/gcc/riscv-none-embed/8.2.0/rv32imacxw/ilp32\libgcc.a(_clzsi2.o)
                              c:/mounriver/mounriver_studio/toolchain/risc-v embedded gcc/bin/../lib/gcc/riscv-none-embed/8.2.0/rv32imacxw/ilp32\libgcc.a(addsf3.o) (__clzsi2)
c:/mounriver/mounriver_studio/toolchain/risc-v embedded gcc/bin/../lib/gcc/riscv-none-embed/8.2.0/rv32imacxw/ilp32\libgcc.a(_clz.o)
                              c:/mounriver/mounriver_studio/toolchain/risc-v embedded gcc/bin/../lib/gcc/riscv-none-embed/8.2.0/rv32imacxw/ilp32\libgcc.a(_clzsi2.o) (__clz_tab)
c:/mounriver/mounriver_studio/toolchain/risc-v embedded gcc/bin/../lib/gcc/riscv-none-embed/8.2.0/../../../../riscv-none-embed/lib/rv32imacxw/ilp32\libg_nano.a(lib_a-calloc.o)
                              ./CANopenNode/CANopen.o (calloc)
c:/mounriver/mounriver_studio/toolchain/risc-v embedded gcc/bin/../lib/gcc/riscv-none-embed/8.2.0/../../../../riscv-none-embed/lib/rv32imacxw/ilp32\libg_nano.a(lib_a-impure.o)
                              c:/mounriver/mounriver_studio/toolchain/risc-v embedded gcc/bin/../lib/gcc/riscv-none-embed/8.2.0/../../../../riscv-none-embed/lib/rv32imacxw/ilp32\libg_nano.a(lib_a-calloc.o) (_impure_ptr)
c:/mounriver/mounriver_studio/toolchain/risc-v embedded gcc/bin/../lib/gcc/riscv-none-embed/8.2.0/../../../../riscv-none-embed/lib/rv32imacxw/ilp32\libg_nano.a(lib_a-malloc.o)
                              ./CANopenNode/CANopen.o (free)
c:/mounriver/mounriver_studio/toolchain/risc-v embedded gcc/bin/../lib/gcc/riscv-none-embed/8.2.0/../../../../riscv-none-embed/lib/rv32imacxw/ilp32\libg_nano.a(lib_a-memcpy.o)
                              ./User/led.o (memcpy)
c:/mounriver/mounriver_studio/toolchain/risc-v embedded gcc/bin/../lib/gcc/riscv-none-embed/8.2.0/../../../../riscv-none-embed/lib/rv32imacxw/ilp32\libg_nano.a(lib_a-memmove.o)
                              ./CANopenNode/301/CO_SDOserver.o (memmove)
c:/mounriver/mounriver_studio/toolchain/risc-v embedded gcc/bin/../lib/gcc/riscv-none-embed/8.2.0/../../../../riscv-none-embed/lib/rv32imacxw/ilp32\libg_nano.a(lib_a-memset.o)
                              ./User/DataModel.o (memset)
c:/mounriver/mounriver_studio/toolchain/risc-v embedded gcc/bin/../lib/gcc/riscv-none-embed/8.2.0/../../../../riscv-none-embed/lib/rv32imacxw/ilp32\libg_nano.a(lib_a-nano-callocr.o)
[...]
Memory Configuration

Name             Origin             Length             Attributes
FLASH            0x0000000000000000 0x0000000000010000 xr
RAM              0x0000000020000000 0x0000000000005000 xrw
*default*        0x0000000000000000 0xffffffffffffffff

Linker script and memory map

LOAD ./User/CanOpenNode.o
LOAD ./User/DataModel.o
LOAD ./User/ch32v20x_it.o
LOAD ./User/dash_draw.o
LOAD ./User/init.o
LOAD ./User/inputs.o
LOAD ./User/keyboard_task.o
LOAD ./User/led.o
LOAD ./User/main.o
LOAD ./User/process.o
LOAD ./User/system_ch32v20x.o
LOAD ./User/system_init.o
LOAD ./Startup/startup_ch32v20x_D6.o
LOAD ./Peripheral/src/ch32v20x_adc.o
LOAD ./Peripheral/src/ch32v20x_bkp.o
LOAD ./Peripheral/src/ch32v20x_can.o
LOAD ./Peripheral/src/ch32v20x_crc.o
LOAD ./Peripheral/src/ch32v20x_dbgmcu.o
LOAD ./Peripheral/src/ch32v20x_dma.o
LOAD ./Peripheral/src/ch32v20x_exti.o
LOAD ./Peripheral/src/ch32v20x_flash.o
LOAD ./Peripheral/src/ch32v20x_gpio.o
LOAD ./Peripheral/src/ch32v20x_i2c.o
LOAD ./Peripheral/src/ch32v20x_iwdg.o
LOAD ./Peripheral/src/ch32v20x_misc.o
LOAD ./Peripheral/src/ch32v20x_opa.o
LOAD ./Peripheral/src/ch32v20x_pwr.o
LOAD ./Peripheral/src/ch32v20x_rcc.o
LOAD ./Peripheral/src/ch32v20x_rtc.o
LOAD ./Peripheral/src/ch32v20x_spi.o
LOAD ./Peripheral/src/ch32v20x_tim.o
LOAD ./Peripheral/src/ch32v20x_usart.o
LOAD ./Peripheral/src/ch32v20x_wwdg.o
LOAD ./HWLIB/hw_lib_adc.o
LOAD ./HWLIB/hw_lib_din.o
LOAD ./HWLIB/hw_lib_eeprom.o
LOAD ./HWLIB/hw_lib_keyboard.o
LOAD ./HAL/hal_adc.o
LOAD ./HAL/hal_can.o
LOAD ./HAL/hal_dma.o
LOAD ./HAL/hal_gpio.o
LOAD ./HAL/hal_i2c.o
LOAD ./HAL/hal_rtc.o
LOAD ./HAL/hal_spi.o
LOAD ./HAL/hal_timers.o
LOAD ./HAL/hal_wdt.o
LOAD ./FreeRTOS/portable/MemMang/heap_4.o
LOAD ./FreeRTOS/portable/GCC/RISC-V/port.o
LOAD ./FreeRTOS/portable/GCC/RISC-V/portASM.o
LOAD ./FreeRTOS/croutine.o
LOAD ./FreeRTOS/event_groups.o
LOAD ./FreeRTOS/list.o
LOAD ./FreeRTOS/queue.o
LOAD ./FreeRTOS/stream_buffer.o
LOAD ./FreeRTOS/tasks.o
LOAD ./FreeRTOS/timers.o
LOAD ./Drivers/filters.o
LOAD ./Debug/debug.o
LOAD ./Core/core_riscv.o
LOAD ./CANopenNode/keypad/CO_driver_ST32F103.o
LOAD ./CANopenNode/keypad/OD.o
LOAD ./CANopenNode/extra/CO_trace.o
LOAD ./CANopenNode/309/CO_gateway_ascii.o
LOAD ./CANopenNode/305/CO_LSSmaster.o
LOAD ./CANopenNode/305/CO_LSSslave.o
LOAD ./CANopenNode/304/CO_GFC.o
LOAD ./CANopenNode/304/CO_SRDO.o
LOAD ./CANopenNode/303/CO_LEDs.o
LOAD ./CANopenNode/301/CO_Emergency.o
LOAD ./CANopenNode/301/CO_HBconsumer.o
LOAD ./CANopenNode/301/CO_NMT_Heartbeat.o
LOAD ./CANopenNode/301/CO_ODinterface.o
LOAD ./CANopenNode/301/CO_PDO.o
LOAD ./CANopenNode/301/CO_SDOclient.o
LOAD ./CANopenNode/301/CO_SDOserver.o
LOAD ./CANopenNode/301/CO_SYNC.o
LOAD ./CANopenNode/301/CO_TIME.o
LOAD ./CANopenNode/301/CO_fifo.o
LOAD ./CANopenNode/301/crc16-ccitt.o
LOAD ./CANopenNode/CANopen.o
LOAD c:/mounriver/mounriver_studio/toolchain/risc-v embedded gcc/bin/../lib/gcc/riscv-none-embed/8.2.0/../../../../riscv-none-embed/lib/rv32imacxw/ilp32\libm.a
LOAD c:/mounriver/mounriver_studio/toolchain/risc-v embedded gcc/bin/../lib/gcc/riscv-none-embed/8.2.0/rv32imacxw/ilp32\libgcc.a
LOAD c:/mounriver/mounriver_studio/toolchain/risc-v embedded gcc/bin/../lib/gcc/riscv-none-embed/8.2.0/../../../../riscv-none-embed/lib/rv32imacxw/ilp32\libg_nano.a
LOAD c:/mounriver/mounriver_studio/toolchain/risc-v embedded gcc/bin/../lib/gcc/riscv-none-embed/8.2.0/../../../../riscv-none-embed/lib/rv32imacxw/ilp32\libc_nano.a
LOAD c:/mounriver/mounriver_studio/toolchain/risc-v embedded gcc/bin/../lib/gcc/riscv-none-embed/8.2.0/rv32imacxw/ilp32\libgcc.a
START GROUP
LOAD c:/mounriver/mounriver_studio/toolchain/risc-v embedded gcc/bin/../lib/gcc/riscv-none-embed/8.2.0/rv32imacxw/ilp32\libgcc.a
LOAD c:/mounriver/mounriver_studio/toolchain/risc-v embedded gcc/bin/../lib/gcc/riscv-none-embed/8.2.0/../../../../riscv-none-embed/lib/rv32imacxw/ilp32\libc_nano.a
LOAD c:/mounriver/mounriver_studio/toolchain/risc-v embedded gcc/bin/../lib/gcc/riscv-none-embed/8.2.0/../../../../riscv-none-embed/lib/rv32imacxw/ilp32\libnosys.a
END GROUP
START GROUP
LOAD c:/mounriver/mounriver_studio/toolchain/risc-v embedded gcc/bin/../lib/gcc/riscv-none-embed/8.2.0/rv32imacxw/ilp32\libgcc.a
LOAD c:/mounriver/mounriver_studio/toolchain/risc-v embedded gcc/bin/../lib/gcc/riscv-none-embed/8.2.0/../../../../riscv-none-embed/lib/rv32imacxw/ilp32\libc_nano.a
LOAD c:/mounriver/mounriver_studio/toolchain/risc-v embedded gcc/bin/../lib/gcc/riscv-none-embed/8.2.0/../../../../riscv-none-embed/lib/rv32imacxw/ilp32\libnosys.a
END GROUP
                0x0000000000000800                __stack_size = 0x800
                [!provide]                        PROVIDE (_stack_size = __stack_size)

.init           0x0000000000000000       0x38
                0x0000000000000000                _sinit = .
                0x0000000000000000                . = ALIGN (0x4)
 *(SORT_NONE(.init))
 .init          0x0000000000000000       0x38 ./Startup/startup_ch32v20x_D6.o
                0x0000000000000000                _start
                0x0000000000000038                . = ALIGN (0x4)
                0x0000000000000038                _einit = .

.vector         0x0000000000000038      0x108
 *(.vector)
 .vector        0x0000000000000038       0xfc ./Startup/startup_ch32v20x_D6.o
                0x0000000000000140                . = ALIGN (0x40)
 *fill*         0x0000000000000134        0xc 

.text           0x0000000000000200     0xe694
                0x0000000000000200                . = ALIGN (0x4)
 *(.text)
 .text          0x0000000000000200      0x2ee ./FreeRTOS/portable/GCC/RISC-V/portASM.o
                0x0000000000000200                SW_Handler
                0x0000000000000300                xPortStartFirstTask
                0x0000000000000400                pxPortInitialiseStack
 .text          0x00000000000004ee       0x60 c:/mounriver/mounriver_studio/toolchain/risc-v embedded gcc/bin/../lib/gcc/riscv-none-embed/8.2.0/rv32imacxw/ilp32\libgcc.a(save-restore.o)
                0x00000000000004ee                __riscv_save_12
                0x00000000000004f6                __riscv_save_9
                0x00000000000004f6                __riscv_save_11
                0x00000000000004f6                __riscv_save_10
                0x00000000000004f6                __riscv_save_8
                0x0000000000000504                __riscv_save_4
                0x0000000000000504                __riscv_save_6
                0x0000000000000504                __riscv_save_5
                0x0000000000000504                __riscv_save_7
                0x000000000000051e                __riscv_save_3
                0x000000000000051e                __riscv_save_2
                0x000000000000051e                __riscv_save_1
                0x000000000000051e                __riscv_save_0
                0x000000000000052a                __riscv_restore_12
                0x000000000000052e                __riscv_restore_11
                0x000000000000052e                __riscv_restore_9
                0x000000000000052e                __riscv_restore_10
                0x000000000000052e                __riscv_restore_8
                0x0000000000000538                __riscv_restore_5
                0x0000000000000538                __riscv_restore_7
                0x0000000000000538                __riscv_restore_6
                0x0000000000000538                __riscv_restore_4
                0x0000000000000542                __riscv_restore_3
                0x0000000000000542                __riscv_restore_0
                0x0000000000000542                __riscv_restore_2
                0x0000000000000542                __riscv_restore_1
 .text          0x000000000000054e       0xa8 c:/mounriver/mounriver_studio/toolchain/risc-v embedded gcc/bin/../lib/gcc/riscv-none-embed/8.2.0/../../../../riscv-none-embed/lib/rv32imacxw/ilp32\libg_nano.a(lib_a-memset.o)
                0x000000000000054e                memset
 *(.text.*)
 .text.xCanOpenProcessTaskHandle
                0x00000000000005f6        0xa ./User/CanOpenNode.o
                0x00000000000005f6                xCanOpenProcessTaskHandle
 .text.xCanOpenPeriodicTaskHandle
                0x0000000000000600        0xa ./User/CanOpenNode.o
                0x0000000000000600                xCanOpenPeriodicTaskHandle
 .text.vCanOpenInit
                0x000000000000060a        0xa ./User/CanOpenNode.o
                0x000000000000060a                vCanOpenInit
 .text.vCanOpenProcess
                0x0000000000000614      0x192 ./User/CanOpenNode.o
                0x0000000000000614                vCanOpenProcess
 .text.vCanOpenPeriodicProcess
                0x00000000000007a6       0x82 ./User/CanOpenNode.o
                0x00000000000007a6                vCanOpenPeriodicProcess
 .text.setReg32
                0x0000000000000828       0x1a ./User/DataModel.o
                0x0000000000000828                setReg32
 .text.setReg16
                0x0000000000000842        0xe ./User/DataModel.o
                0x0000000000000842                setReg16
 .text.setReg8  0x0000000000000850        0xa ./User/DataModel.o
                0x0000000000000850                setReg8
 .text.setReg   0x000000000000085a       0x4c ./User/DataModel.o
                0x000000000000085a                setReg
 .text.getReg16
                0x00000000000008a6       0x10 ./User/DataModel.o
                0x00000000000008a6                getReg16
 .text.getReg32
                0x00000000000008b6       0x1c ./User/DataModel.o
                0x00000000000008b6                getReg32
 .text.DataModel_Init
                0x00000000000008d2      0x5c8 ./User/DataModel.o
                0x00000000000008d2                DataModel_Init
 .text.getReg8  0x0000000000000e9a        0xa ./User/DataModel.o
                0x0000000000000e9a                getReg8
 .text.WriteReg
                0x0000000000000ea4       0x60 ./User/DataModel.o
                0x0000000000000ea4                WriteReg
 .text.vGetBitrate
                0x0000000000000f04       0x2a ./User/DataModel.o
                0x0000000000000f04                vGetBitrate
 .text.vFDGetNMTState
                0x0000000000000f2e        0x6 ./User/DataModel.o
                0x0000000000000f2e                vFDGetNMTState
 .text.vGetNodeId
                0x0000000000000f34        0x6 ./User/DataModel.o
                0x0000000000000f34                vGetNodeId
 .text.vIncrementSystemCounters
                0x0000000000000f3a       0x36 ./User/DataModel.o
                0x0000000000000f3a                vIncrementSystemCounters
 .text.vSaveData
                0x0000000000000f70       0x16 ./User/DataModel.o
                0x0000000000000f70                vSaveData
 .text.getOdometr
                0x0000000000000f86        0x4 ./User/DataModel.o
                0x0000000000000f86                getOdometr
 .text.NMI_Handler
                0x0000000000000f8a        0x2 ./User/ch32v20x_it.o
                0x0000000000000f8a                NMI_Handler
 .text.HardFault_Handler
                0x0000000000000f8c       0x66 ./User/ch32v20x_it.o
                0x0000000000000f8c                HardFault_Handler
 .text.xProcessTaskHandle
                0x0000000000000ff2        0xa ./User/dash_draw.o
                0x0000000000000ff2                xProcessTaskHandle
 .text.vSetErrorReg
                0x0000000000000ffc        0xa ./User/dash_draw.o
                0x0000000000000ffc                vSetErrorReg
 .text.getODValue
                0x0000000000001006      0x10a ./User/dash_draw.o
                0x0000000000001006                getODValue
 .text.IncMenuIndex
                0x0000000000001110       0x60 ./User/dash_draw.o
                0x0000000000001110                IncMenuIndex
 .text.GetCurMenuHome
                0x0000000000001170        0x6 ./User/dash_draw.o
                0x0000000000001170                GetCurMenuHome
 .text.SetCurrentMenu
                0x0000000000001176       0x12 ./User/dash_draw.o
                0x0000000000001176                SetCurrentMenu
 .text.SetDefault
                0x0000000000001188       0x28 ./User/dash_draw.o
                0x0000000000001188                SetDefault
 .text.CheckMenuChannel
                0x00000000000011b0       0x1a ./User/dash_draw.o
                0x00000000000011b0                CheckMenuChannel
 .text.vDashDrawInit
                0x00000000000011ca       0x72 ./User/dash_draw.o
                0x00000000000011ca                vDashDrawInit
 .text.vRGBOff  0x000000000000123c       0x26 ./User/dash_draw.o
                0x000000000000123c                vRGBOff
 .text.vGetEdgeData
                0x0000000000001262       0x2a ./User/dash_draw.o
                0x0000000000001262                vGetEdgeData
 .text.vRGBMode
                0x000000000000128c       0xbe ./User/dash_draw.o
                0x000000000000128c                vRGBMode
 .text.vBarColorMode
                0x000000000000134a       0xc2 ./User/dash_draw.o
                0x000000000000134a                vBarColorMode
 .text.vBarWindowMode
                0x000000000000140c       0x5a ./User/dash_draw.o
                0x000000000000140c                vBarWindowMode
 .text.vBarMode
                0x0000000000001466       0x66 ./User/dash_draw.o
                0x0000000000001466                vBarMode
 .text.RedrawNotifyTaskToInit
                0x00000000000014cc       0x28 ./User/dash_draw.o
                0x00000000000014cc                RedrawNotifyTaskToInit
 .text.vRedrawTask
                0x00000000000014f4      0x210 ./User/dash_draw.o
                0x00000000000014f4                vRedrawTask
 .text.vInit_DeviceConfig
                0x0000000000001704      0x164 ./User/init.o
                0x0000000000001704                vInit_DeviceConfig
 .text.ADC1_Event
                0x0000000000001868       0x48 ./User/inputs.o
                0x0000000000001868                ADC1_Event
 .text.fDinStateCallback
                0x00000000000018b0       0x32 ./User/inputs.o
                0x00000000000018b0                fDinStateCallback
 .text.vSetDoutState
                0x00000000000018e2       0x28 ./User/inputs.o
                0x00000000000018e2                vSetDoutState
 .text.getInputsTaskHandle
                0x000000000000190a        0xa ./User/inputs.o
                0x000000000000190a                getInputsTaskHandle
 .text.InputsNotifyTaskToInit
                0x0000000000001914       0x28 ./User/inputs.o
                0x0000000000001914                InputsNotifyTaskToInit
 .text.ADC1_Init
                0x000000000000193c       0x54 ./User/inputs.o
                0x000000000000193c                ADC1_Init
 .text.ADC_FSM  0x0000000000001990       0xfe ./User/inputs.o
                0x0000000000001990                ADC_FSM
 .text.GetAIN   0x0000000000001a8e        0xc ./User/inputs.o
                0x0000000000001a8e                GetAIN
 .text.vInputsTask
                0x0000000000001a9a      0x1cc ./User/inputs.o
                0x0000000000001a9a                vInputsTask
 .text.fPortState
                0x0000000000001c66       0x1a ./User/keyboard_task.o
                0x0000000000001c66                fPortState
 .text.xKeyboardProcessTaskHandle
                0x0000000000001c80        0xa ./User/keyboard_task.o
                0x0000000000001c80                xKeyboardProcessTaskHandle
 .text.vInitKeybord
                0x0000000000001c8a       0x42 ./User/keyboard_task.o
                0x0000000000001c8a                vInitKeybord
 .text.vKeyboardTask
                0x0000000000001ccc       0x14 ./User/keyboard_task.o
                0x0000000000001ccc                vKeyboardTask
 .text.SPI1_DMA_Callback
                0x0000000000001ce0       0x38 ./User/led.o
                0x0000000000001ce0                SPI1_DMA_Callback
 .text.SPI2_DMA_Callback
                0x0000000000001d18       0x3e ./User/led.o
                0x0000000000001d18                SPI2_DMA_Callback
 .text.SetBarState
                0x0000000000001d56       0x50 ./User/led.o
                0x0000000000001d56                SetBarState
 .text.vSetInitBrigth
                0x0000000000001da6        0x2 ./User/led.o
                0x0000000000001da6                vSetInitBrigth
 .text.SetRGB   0x0000000000001da8       0xa0 ./User/led.o
                0x0000000000001da8                SetRGB
 .text.SetSegDirect
                0x0000000000001e48       0x9c ./User/led.o
                0x0000000000001e48                SetSegDirect
 .text.SetSEG   0x0000000000001ee4      0x11e ./User/led.o
                0x0000000000001ee4                SetSEG
 .text.SetBigSeg
                0x0000000000002002       0x14 ./User/led.o
                0x0000000000002002                SetBigSeg
 .text.vSetBrigth
                0x0000000000002016       0x2a ./User/led.o
                0x0000000000002016                vSetBrigth
 .text.vLedDriverStart
                0x0000000000002040       0x6e ./User/led.o
                0x0000000000002040                vLedDriverStart
 .text.vLedProcess
                0x00000000000020ae       0x2c ./User/led.o
                0x00000000000020ae                vLedProcess
 .text.vRGBProcess
                0x00000000000020da      0x10e ./User/led.o
                0x00000000000020da                vRGBProcess
 .text.startup.main
                0x00000000000021e8       0x4a ./User/main.o
                0x00000000000021e8                main
 .text.vRestartNode
                0x0000000000002232        0x2 ./User/main.o
                0x0000000000002232                vRestartNode
 .text.Error_Handler
                0x0000000000002234        0x8 ./User/main.o
                0x0000000000002234                Error_Handler
 .text.OD_writeV1_7
                0x000000000000223c       0x34 ./User/process.o
 .text.OD_writeV8_14
                0x0000000000002270       0x34 ./User/process.o
 .text.WriteRGB
                0x00000000000022a4       0x3c ./User/process.o
 .text.OD_writeRGB1
                0x00000000000022e0       0x14 ./User/process.o
 .text.OD_writeRGB2
                0x00000000000022f4       0x16 ./User/process.o
 .text.OD_writeRGB3
                0x000000000000230a       0x18 ./User/process.o
 .text.OD_writeRGB4
                0x0000000000002322       0x18 ./User/process.o
 .text.OD_writeRGB5
                0x000000000000233a       0x18 ./User/process.o
 .text.OD_writeRGB6
                0x0000000000002352       0x18 ./User/process.o
 .text.OD_writeRGB7
                0x000000000000236a       0x18 ./User/process.o
 .text.OD_writeRGB8
                0x0000000000002382       0x18 ./User/process.o
 .text.OD_writeRGB9
                0x000000000000239a       0x18 ./User/process.o
 .text.OD_writeRGB10
                0x00000000000023b2       0x18 ./User/process.o
 .text.OD_writeRGB11
                0x00000000000023ca       0x18 ./User/process.o
 .text.OD_writeRGB12
                0x00000000000023e2       0x18 ./User/process.o
 .text.OD_writeRGB13
                0x00000000000023fa       0x18 ./User/process.o
 .text.OD_writeRGBMAP
                0x0000000000002412       0x40 ./User/process.o
 .text.OD_writeBitrate
                0x0000000000002452       0x32 ./User/process.o
 .text.OD_readAIN_RPM
                0x0000000000002484       0x24 ./User/process.o
 .text.OD_readDIN
                0x00000000000024a8       0x1c ./User/process.o
 .text.OD_writeMenuSetup
                0x00000000000024c4       0x56 ./User/process.o
 .text.OD_writeSEG
                0x000000000000251a       0x4c ./User/process.o
 .text.CO_getUint32
                0x0000000000002566       0x18 ./User/process.o
 .text.OD_writeRPMConfig
                0x000000000000257e       0x3a ./User/process.o
 .text.OD_writeMenuMap
                0x00000000000025b8       0x36 ./User/process.o
 .text.OD_writeERROR_REG
                0x00000000000025ee       0x2a ./User/process.o
 .text.OD_writeDashParam
                0x0000000000002618       0x34 ./User/process.o
 .text.OD_readDashParam
                0x000000000000264c       0x3a ./User/process.o
 .text.OD_writeBrigth
                0x0000000000002686       0x6a ./User/process.o
 .text.OD_readMenuSetup
                0x00000000000026f0       0x38 ./User/process.o
 .text.writeADC.isra.2
                0x0000000000002728       0x7c ./User/process.o
 .text.OD_writeADC1
                0x00000000000027a4       0x2a ./User/process.o
 .text.OD_writeADC2
                0x00000000000027ce       0x2a ./User/process.o
 .text.OD_writeADC3
                0x00000000000027f8       0x2a ./User/process.o
 .text.OD_writeV15_17
                0x0000000000002822       0x3c ./User/process.o
 .text.OD_writeBAR
                0x000000000000285e       0x3a ./User/process.o
 .text.vProceesInit
                0x0000000000002898      0x238 ./User/process.o
                0x0000000000002898                vProceesInit
 .text.SystemInit
                0x0000000000002ad0       0xee ./User/system_ch32v20x.o
                0x0000000000002ad0                SystemInit
 .text.SystemCoreClockUpdate
                0x0000000000002bbe       0x92 ./User/system_ch32v20x.o
                0x0000000000002bbe                SystemCoreClockUpdate
 .text.StartDefaultTask
                0x0000000000002c50       0xc8 ./User/system_init.o
 .text.vApplicationGetIdleTaskMemory
                0x0000000000002d18       0x1c ./User/system_init.o
                0x0000000000002d18                vApplicationGetIdleTaskMemory
 .text.vApplicationGetTimerTaskMemory
                0x0000000000002d34       0x1c ./User/system_init.o
                0x0000000000002d34                vApplicationGetTimerTaskMemory
 .text.vSYStaskInit
                0x0000000000002d50      0x144 ./User/system_init.o
                0x0000000000002d50                vSYStaskInit
 .text.vSYSqueueInit
                0x0000000000002e94       0x2a ./User/system_init.o
                0x0000000000002e94                vSYSqueueInit
 .text.vSYSeventInit
                0x0000000000002ebe        0x2 ./User/system_init.o
                0x0000000000002ebe                vSYSeventInit
 .text.vector_handler
                0x0000000000002ec0       0x6c ./Startup/startup_ch32v20x_D6.o
                0x0000000000002ec4                Ecall_M_Mode_Handler
                0x0000000000002ec6                Ecall_U_Mode_Handler
                0x0000000000002ec8                Break_Point_Handler
                0x0000000000002ece                WWDG_IRQHandler
                0x0000000000002ed0                PVD_IRQHandler
                0x0000000000002ed2                TAMPER_IRQHandler
                0x0000000000002ed6                FLASH_IRQHandler
                0x0000000000002ed8                RCC_IRQHandler
                0x0000000000002eda                EXTI0_IRQHandler
                0x0000000000002edc                EXTI1_IRQHandler
                0x0000000000002ede                EXTI2_IRQHandler
                0x0000000000002ee0                EXTI3_IRQHandler
                0x0000000000002ee2                EXTI4_IRQHandler
                0x0000000000002ee6                DMA1_Channel2_IRQHandler
                0x0000000000002eee                DMA1_Channel6_IRQHandler
                0x0000000000002efc                EXTI9_5_IRQHandler
                0x0000000000002efe                TIM1_BRK_IRQHandler
                0x0000000000002f02                TIM1_TRG_COM_IRQHandler
                0x0000000000002f04                TIM1_CC_IRQHandler
                0x0000000000002f14                SPI1_IRQHandler
                0x0000000000002f16                SPI2_IRQHandler
                0x0000000000002f18                USART1_IRQHandler
                0x0000000000002f1a                USART2_IRQHandler
                0x0000000000002f1c                USART3_IRQHandler
                0x0000000000002f1e                EXTI15_10_IRQHandler
                0x0000000000002f20                RTCAlarm_IRQHandler
                0x0000000000002f22                USBWakeUp_IRQHandler
                0x0000000000002f24                USBHD_IRQHandler
                0x0000000000002f26                USBHDWakeUp_IRQHandler
                0x0000000000002f28                UART4_IRQHandler
                0x0000000000002f2a                DMA1_Channel8_IRQHandler
 .text.handle_reset
                0x0000000000002f2c       0x92 ./Startup/startup_ch32v20x_D6.o
                0x0000000000002f2c                handle_reset
 .text.ADC_DeInit
                0x0000000000002fbe       0x46 ./Peripheral/src/ch32v20x_adc.o
                0x0000000000002fbe                ADC_DeInit
 .text.ADC_Init
                0x0000000000003004       0x56 ./Peripheral/src/ch32v20x_adc.o
                0x0000000000003004                ADC_Init
 .text.ADC_Cmd  0x000000000000305a       0x10 ./Peripheral/src/ch32v20x_adc.o
                0x000000000000305a                ADC_Cmd
 .text.ADC_DMACmd
                0x000000000000306a       0x12 ./Peripheral/src/ch32v20x_adc.o
                0x000000000000306a                ADC_DMACmd
 .text.ADC_ResetCalibration
                0x000000000000307c        0xa ./Peripheral/src/ch32v20x_adc.o
                0x000000000000307c                ADC_ResetCalibration
 .text.ADC_GetResetCalibrationStatus
                0x0000000000003086        0x8 ./Peripheral/src/ch32v20x_adc.o
                0x0000000000003086                ADC_GetResetCalibrationStatus
 .text.ADC_StartCalibration
                0x000000000000308e        0xa ./Peripheral/src/ch32v20x_adc.o
                0x000000000000308e                ADC_StartCalibration
 .text.ADC_GetCalibrationStatus
                0x0000000000003098        0x8 ./Peripheral/src/ch32v20x_adc.o
                0x0000000000003098                ADC_GetCalibrationStatus
 .text.ADC_SoftwareStartConvCmd
                0x00000000000030a0       0x18 ./Peripheral/src/ch32v20x_adc.o
                0x00000000000030a0                ADC_SoftwareStartConvCmd
 .text.ADC_RegularChannelConfig
                0x00000000000030b8       0xb8 ./Peripheral/src/ch32v20x_adc.o
                0x00000000000030b8                ADC_RegularChannelConfig
 .text.ADC_ExternalTrigConvCmd
                0x0000000000003170       0x18 ./Peripheral/src/ch32v20x_adc.o
                0x0000000000003170                ADC_ExternalTrigConvCmd
 .text.ADC_GetITStatus
                0x0000000000003188       0x1c ./Peripheral/src/ch32v20x_adc.o
                0x0000000000003188                ADC_GetITStatus
 .text.ADC_ClearITPendingBit
                0x00000000000031a4        0xa ./Peripheral/src/ch32v20x_adc.o
                0x00000000000031a4                ADC_ClearITPendingBit
 .text.ADC_BufferCmd
                0x00000000000031ae       0x18 ./Peripheral/src/ch32v20x_adc.o
                0x00000000000031ae                ADC_BufferCmd
 .text.Get_CalibrationValue
                0x00000000000031c6      0x1fe ./Peripheral/src/ch32v20x_adc.o
                0x00000000000031c6                Get_CalibrationValue
 .text.BKP_DeInit
                0x00000000000033c4       0x14 ./Peripheral/src/ch32v20x_bkp.o
                0x00000000000033c4                BKP_DeInit
 .text.CAN_Init
                0x00000000000033d8       0xe8 ./Peripheral/src/ch32v20x_can.o
                0x00000000000033d8                CAN_Init
 .text.CAN_FilterInit
                0x00000000000034c0      0x118 ./Peripheral/src/ch32v20x_can.o
                0x00000000000034c0                CAN_FilterInit
 .text.CAN_Transmit
                0x00000000000035d8       0xbc ./Peripheral/src/ch32v20x_can.o
                0x00000000000035d8                CAN_Transmit
 .text.CAN_Receive
                0x0000000000003694       0x8c ./Peripheral/src/ch32v20x_can.o
                0x0000000000003694                CAN_Receive
 .text.CAN_OperatingModeRequest
                0x0000000000003720       0x72 ./Peripheral/src/ch32v20x_can.o
                0x0000000000003720                CAN_OperatingModeRequest
 .text.CAN_ITConfig
                0x0000000000003792       0x12 ./Peripheral/src/ch32v20x_can.o
                0x0000000000003792                CAN_ITConfig
 .text.CAN_GetFlagStatus
                0x00000000000037a4       0x56 ./Peripheral/src/ch32v20x_can.o
                0x00000000000037a4                CAN_GetFlagStatus
 .text.CAN_ClearFlag
                0x00000000000037fa       0x40 ./Peripheral/src/ch32v20x_can.o
                0x00000000000037fa                CAN_ClearFlag
 .text.CAN_ClearITPendingBit
                0x000000000000383a       0x94 ./Peripheral/src/ch32v20x_can.o
                0x000000000000383a                CAN_ClearITPendingBit
 .text.DMA_Init
                0x00000000000038ce       0x38 ./Peripheral/src/ch32v20x_dma.o
                0x00000000000038ce                DMA_Init
 .text.DMA_Cmd  0x0000000000003906       0x14 ./Peripheral/src/ch32v20x_dma.o
                0x0000000000003906                DMA_Cmd
 .text.DMA_ITConfig
                0x000000000000391a       0x12 ./Peripheral/src/ch32v20x_dma.o
                0x000000000000391a                DMA_ITConfig
 .text.DMA_SetCurrDataCounter
                0x000000000000392c        0x4 ./Peripheral/src/ch32v20x_dma.o
                0x000000000000392c                DMA_SetCurrDataCounter
 .text.DMA_GetFlagStatus
                0x0000000000003930        0xe ./Peripheral/src/ch32v20x_dma.o
                0x0000000000003930                DMA_GetFlagStatus
 .text.DMA_GetITStatus
                0x000000000000393e        0xc ./Peripheral/src/ch32v20x_dma.o
                0x000000000000393e                DMA_GetITStatus
 .text.DMA_ClearITPendingBit
                0x000000000000394a        0x8 ./Peripheral/src/ch32v20x_dma.o
                0x000000000000394a                DMA_ClearITPendingBit
 .text.GPIO_Init
                0x0000000000003952       0xfa ./Peripheral/src/ch32v20x_gpio.o
                0x0000000000003952                GPIO_Init
 .text.GPIO_ReadInputDataBit
                0x0000000000003a4c       0x1e ./Peripheral/src/ch32v20x_gpio.o
                0x0000000000003a4c                GPIO_ReadInputDataBit
 .text.GPIO_SetBits
                0x0000000000003a6a       0x18 ./Peripheral/src/ch32v20x_gpio.o
                0x0000000000003a6a                GPIO_SetBits
 .text.GPIO_ResetBits
                0x0000000000003a82       0x18 ./Peripheral/src/ch32v20x_gpio.o
                0x0000000000003a82                GPIO_ResetBits
 .text.GPIO_PinRemapConfig
                0x0000000000003a9a       0xf2 ./Peripheral/src/ch32v20x_gpio.o
                0x0000000000003a9a                GPIO_PinRemapConfig
 .text.I2C_Init
                0x0000000000003b8c       0xf2 ./Peripheral/src/ch32v20x_i2c.o
                0x0000000000003b8c                I2C_Init
 .text.I2C_Cmd  0x0000000000003c7e       0x18 ./Peripheral/src/ch32v20x_i2c.o
                0x0000000000003c7e                I2C_Cmd
 .text.I2C_GenerateSTART
                0x0000000000003c96       0x1a ./Peripheral/src/ch32v20x_i2c.o
                0x0000000000003c96                I2C_GenerateSTART
 .text.I2C_GenerateSTOP
                0x0000000000003cb0       0x1a ./Peripheral/src/ch32v20x_i2c.o
                0x0000000000003cb0                I2C_GenerateSTOP
 .text.I2C_AcknowledgeConfig
                0x0000000000003cca       0x1a ./Peripheral/src/ch32v20x_i2c.o
                0x0000000000003cca                I2C_AcknowledgeConfig
 .text.I2C_DualAddressCmd
                0x0000000000003ce4       0x18 ./Peripheral/src/ch32v20x_i2c.o
                0x0000000000003ce4                I2C_DualAddressCmd
 .text.I2C_ITConfig
                0x0000000000003cfc       0x12 ./Peripheral/src/ch32v20x_i2c.o
                0x0000000000003cfc                I2C_ITConfig
 .text.I2C_SendData
                0x0000000000003d0e        0x4 ./Peripheral/src/ch32v20x_i2c.o
                0x0000000000003d0e                I2C_SendData
 .text.I2C_ReceiveData
                0x0000000000003d12        0x8 ./Peripheral/src/ch32v20x_i2c.o
                0x0000000000003d12                I2C_ReceiveData
 .text.I2C_Send7bitAddress
                0x0000000000003d1a       0x12 ./Peripheral/src/ch32v20x_i2c.o
                0x0000000000003d1a                I2C_Send7bitAddress
 .text.I2C_ReadRegister
                0x0000000000003d2c       0x14 ./Peripheral/src/ch32v20x_i2c.o
                0x0000000000003d2c                I2C_ReadRegister
 .text.I2C_GetFlagStatus
                0x0000000000003d40       0x32 ./Peripheral/src/ch32v20x_i2c.o
                0x0000000000003d40                I2C_GetFlagStatus
 .text.I2C_ClearFlag
                0x0000000000003d72        0xc ./Peripheral/src/ch32v20x_i2c.o
                0x0000000000003d72                I2C_ClearFlag
 .text.NVIC_PriorityGroupConfig
                0x0000000000003d7e        0xa ./Peripheral/src/ch32v20x_misc.o
                0x0000000000003d7e                NVIC_PriorityGroupConfig
 .text.NVIC_Init
                0x0000000000003d88       0xaa ./Peripheral/src/ch32v20x_misc.o
                0x0000000000003d88                NVIC_Init
 .text.PWR_BackupAccessCmd
                0x0000000000003e32       0x16 ./Peripheral/src/ch32v20x_pwr.o
                0x0000000000003e32                PWR_BackupAccessCmd
 .text.RCC_ADCCLKConfig
                0x0000000000003e48       0x12 ./Peripheral/src/ch32v20x_rcc.o
                0x0000000000003e48                RCC_ADCCLKConfig
 .text.RCC_LSEConfig
                0x0000000000003e5a       0x28 ./Peripheral/src/ch32v20x_rcc.o
                0x0000000000003e5a                RCC_LSEConfig
 .text.RCC_RTCCLKConfig
                0x0000000000003e82        0xc ./Peripheral/src/ch32v20x_rcc.o
                0x0000000000003e82                RCC_RTCCLKConfig
 .text.RCC_RTCCLKCmd
                0x0000000000003e8e       0x20 ./Peripheral/src/ch32v20x_rcc.o
                0x0000000000003e8e                RCC_RTCCLKCmd
 .text.RCC_GetClocksFreq
                0x0000000000003eae       0xbe ./Peripheral/src/ch32v20x_rcc.o
                0x0000000000003eae                RCC_GetClocksFreq
 .text.RCC_AHBPeriphClockCmd
                0x0000000000003f6c       0x1e ./Peripheral/src/ch32v20x_rcc.o
                0x0000000000003f6c                RCC_AHBPeriphClockCmd
 .text.RCC_APB2PeriphClockCmd
                0x0000000000003f8a       0x1e ./Peripheral/src/ch32v20x_rcc.o
                0x0000000000003f8a                RCC_APB2PeriphClockCmd
 .text.RCC_APB1PeriphClockCmd
                0x0000000000003fa8       0x1e ./Peripheral/src/ch32v20x_rcc.o
                0x0000000000003fa8                RCC_APB1PeriphClockCmd
 .text.RCC_APB2PeriphResetCmd
                0x0000000000003fc6       0x1e ./Peripheral/src/ch32v20x_rcc.o
                0x0000000000003fc6                RCC_APB2PeriphResetCmd
 .text.RCC_APB1PeriphResetCmd
                0x0000000000003fe4       0x1e ./Peripheral/src/ch32v20x_rcc.o
                0x0000000000003fe4                RCC_APB1PeriphResetCmd
 .text.RCC_BackupResetCmd
                0x0000000000004002       0x20 ./Peripheral/src/ch32v20x_rcc.o
                0x0000000000004002                RCC_BackupResetCmd
 .text.RCC_GetFlagStatus
                0x0000000000004022       0x2e ./Peripheral/src/ch32v20x_rcc.o
                0x0000000000004022                RCC_GetFlagStatus
 .text.RTC_ITConfig
                0x0000000000004050       0x1a ./Peripheral/src/ch32v20x_rtc.o
                0x0000000000004050                RTC_ITConfig
 .text.RTC_EnterConfigMode
                0x000000000000406a       0x12 ./Peripheral/src/ch32v20x_rtc.o
                0x000000000000406a                RTC_EnterConfigMode
 .text.RTC_ExitConfigMode
                0x000000000000407c       0x18 ./Peripheral/src/ch32v20x_rtc.o
                0x000000000000407c                RTC_ExitConfigMode
 .text.RTC_SetPrescaler
                0x0000000000004094       0x2e ./Peripheral/src/ch32v20x_rtc.o
                0x0000000000004094                RTC_SetPrescaler
 .text.RTC_WaitForLastTask
                0x00000000000040c2       0x10 ./Peripheral/src/ch32v20x_rtc.o
                0x00000000000040c2                RTC_WaitForLastTask
 .text.RTC_WaitForSynchro
                0x00000000000040d2       0x24 ./Peripheral/src/ch32v20x_rtc.o
                0x00000000000040d2                RTC_WaitForSynchro
 .text.RTC_ClearFlag
                0x00000000000040f6       0x14 ./Peripheral/src/ch32v20x_rtc.o
                0x00000000000040f6                RTC_ClearFlag
 .text.RTC_GetITStatus
                0x000000000000410a       0x20 ./Peripheral/src/ch32v20x_rtc.o
                0x000000000000410a                RTC_GetITStatus
 .text.RTC_ClearITPendingBit
                0x000000000000412a        0xc ./Peripheral/src/ch32v20x_rtc.o
                0x000000000000412a                RTC_ClearITPendingBit
 .text.SPI_I2S_DeInit
                0x0000000000004136       0x3e ./Peripheral/src/ch32v20x_spi.o
                0x0000000000004136                SPI_I2S_DeInit
 .text.SPI_Init
                0x0000000000004174       0x3e ./Peripheral/src/ch32v20x_spi.o
                0x0000000000004174                SPI_Init
 .text.SPI_Cmd  0x00000000000041b2       0x1a ./Peripheral/src/ch32v20x_spi.o
                0x00000000000041b2                SPI_Cmd
 .text.SPI_I2S_DMACmd
                0x00000000000041cc       0x12 ./Peripheral/src/ch32v20x_spi.o
                0x00000000000041cc                SPI_I2S_DMACmd
 .text.SPI_I2S_GetFlagStatus
                0x00000000000041de        0xa ./Peripheral/src/ch32v20x_spi.o
                0x00000000000041de                SPI_I2S_GetFlagStatus
 .text.SPI_I2S_ClearFlag
                0x00000000000041e8        0xc ./Peripheral/src/ch32v20x_spi.o
                0x00000000000041e8                SPI_I2S_ClearFlag
 .text.TIM_DeInit
                0x00000000000041f4       0x8a ./Peripheral/src/ch32v20x_tim.o
                0x00000000000041f4                TIM_DeInit
 .text.TIM_TimeBaseInit
                0x000000000000427e       0x6a ./Peripheral/src/ch32v20x_tim.o
                0x000000000000427e                TIM_TimeBaseInit
 .text.TIM_OC1Init
                0x00000000000042e8       0x6a ./Peripheral/src/ch32v20x_tim.o
                0x00000000000042e8                TIM_OC1Init
 .text.TIM_OC2Init
                0x0000000000004352       0x96 ./Peripheral/src/ch32v20x_tim.o
                0x0000000000004352                TIM_OC2Init
 .text.TIM_OC3Init
                0x00000000000043e8       0x94 ./Peripheral/src/ch32v20x_tim.o
                0x00000000000043e8                TIM_OC3Init
 .text.TIM_OC4Init
                0x000000000000447c       0x6c ./Peripheral/src/ch32v20x_tim.o
                0x000000000000447c                TIM_OC4Init
 .text.TIM_TimeBaseStructInit
                0x00000000000044e8       0x16 ./Peripheral/src/ch32v20x_tim.o
                0x00000000000044e8                TIM_TimeBaseStructInit
 .text.TIM_Cmd  0x00000000000044fe       0x18 ./Peripheral/src/ch32v20x_tim.o
                0x00000000000044fe                TIM_Cmd
 .text.TIM_CtrlPWMOutputs
                0x0000000000004516       0x16 ./Peripheral/src/ch32v20x_tim.o
                0x0000000000004516                TIM_CtrlPWMOutputs
 .text.TIM_ITConfig
                0x000000000000452c       0x12 ./Peripheral/src/ch32v20x_tim.o
                0x000000000000452c                TIM_ITConfig
 .text.TIM_InternalClockConfig
                0x000000000000453e       0x10 ./Peripheral/src/ch32v20x_tim.o
                0x000000000000453e                TIM_InternalClockConfig
 .text.TIM_ARRPreloadConfig
                0x000000000000454e       0x1a ./Peripheral/src/ch32v20x_tim.o
                0x000000000000454e                TIM_ARRPreloadConfig
 .text.TIM_OC1PreloadConfig
                0x0000000000004568        0xe ./Peripheral/src/ch32v20x_tim.o
                0x0000000000004568                TIM_OC1PreloadConfig
 .text.TIM_OC2PreloadConfig
                0x0000000000004576       0x16 ./Peripheral/src/ch32v20x_tim.o
                0x0000000000004576                TIM_OC2PreloadConfig
 .text.TIM_OC3PreloadConfig
                0x000000000000458c        0xe ./Peripheral/src/ch32v20x_tim.o
                0x000000000000458c                TIM_OC3PreloadConfig
 .text.TIM_OC4PreloadConfig
                0x000000000000459a       0x16 ./Peripheral/src/ch32v20x_tim.o
                0x000000000000459a                TIM_OC4PreloadConfig
 .text.TIM_GetITStatus
                0x00000000000045b0       0x18 ./Peripheral/src/ch32v20x_tim.o
                0x00000000000045b0                TIM_GetITStatus
 .text.TIM_ClearITPendingBit
                0x00000000000045c8        0xc ./Peripheral/src/ch32v20x_tim.o
                0x00000000000045c8                TIM_ClearITPendingBit
 .text.USART_Init
                0x00000000000045d4       0xbc ./Peripheral/src/ch32v20x_usart.o
                0x00000000000045d4                USART_Init
 .text.USART_Cmd
                0x0000000000004690       0x16 ./Peripheral/src/ch32v20x_usart.o
                0x0000000000004690                USART_Cmd
 .text.USART_SendData
                0x00000000000046a6        0x8 ./Peripheral/src/ch32v20x_usart.o
                0x00000000000046a6                USART_SendData
 .text.USART_GetFlagStatus
                0x00000000000046ae        0xa ./Peripheral/src/ch32v20x_usart.o
                0x00000000000046ae                USART_GetFlagStatus
 .text.vAINInit
                0x00000000000046b8       0x36 ./HWLIB/hw_lib_adc.o
                0x00000000000046b8                vAINInit
 .text.fGetAinCalData
                0x00000000000046ee       0xb2 ./HWLIB/hw_lib_adc.o
                0x00000000000046ee                fGetAinCalData
 .text.eAinCalDataConfig
                0x00000000000047a0       0x48 ./HWLIB/hw_lib_adc.o
                0x00000000000047a0                eAinCalDataConfig
 .text.vABLineKoofFinde
                0x00000000000047e8       0x6a ./HWLIB/hw_lib_adc.o
                0x00000000000047e8                vABLineKoofFinde
 .text.eSetAinCalPoint
                0x0000000000004852       0x64 ./HWLIB/hw_lib_adc.o
                0x0000000000004852                eSetAinCalPoint
 .text.getADC1Buffer
                0x00000000000048b6        0xa ./HWLIB/hw_lib_adc.o
                0x00000000000048b6                getADC1Buffer
 .text.eDOUTConfigWtihStruct
                0x00000000000048c0       0x1a ./HWLIB/hw_lib_din.o
                0x00000000000048c0                eDOUTConfigWtihStruct
 .text.eSetDUT  0x00000000000048da       0x12 ./HWLIB/hw_lib_din.o
                0x00000000000048da                eSetDUT
 .text.eDinConfigWtihStruct
                0x00000000000048ec       0x32 ./HWLIB/hw_lib_din.o
                0x00000000000048ec                eDinConfigWtihStruct
 .text.uGetDIN  0x000000000000491e       0x14 ./HWLIB/hw_lib_din.o
                0x000000000000491e                uGetDIN
 .text.eRPMConfig
                0x0000000000004932       0x5a ./HWLIB/hw_lib_din.o
                0x0000000000004932                eRPMConfig
 .text.xGetRPM  0x000000000000498c       0x72 ./HWLIB/hw_lib_din.o
                0x000000000000498c                xGetRPM
 .text.vDinDoutProcess
                0x00000000000049fe       0x98 ./HWLIB/hw_lib_din.o
                0x00000000000049fe                vDinDoutProcess
 .text.vInitEEPROM
                0x0000000000004a96       0x18 ./HWLIB/hw_lib_eeprom.o
                0x0000000000004a96                vInitEEPROM
 .text.xGetEEPROM
                0x0000000000004aae        0xa ./HWLIB/hw_lib_eeprom.o
                0x0000000000004aae                xGetEEPROM
 .text.eEEPROMWr
                0x0000000000004ab8       0xb0 ./HWLIB/hw_lib_eeprom.o
                0x0000000000004ab8                eEEPROMWr
 .text.eEEPROMRd
                0x0000000000004b68       0x34 ./HWLIB/hw_lib_eeprom.o
                0x0000000000004b68                eEEPROMRd
 .text.bReadEEPROM
                0x0000000000004b9c       0x1a ./HWLIB/hw_lib_eeprom.o
                0x0000000000004b9c                bReadEEPROM
 .text.vPostState
                0x0000000000004bb6       0x30 ./HWLIB/hw_lib_keyboard.o
 .text.xKeyboardQueue
                0x0000000000004be6        0xa ./HWLIB/hw_lib_keyboard.o
                0x0000000000004be6                xKeyboardQueue
 .text.HW_LIB_GetKeyboardPeriod
                0x0000000000004bf0        0xa ./HWLIB/hw_lib_keyboard.o
                0x0000000000004bf0                HW_LIB_GetKeyboardPeriod
 .text.eKeyboardInit
                0x0000000000004bfa       0x50 ./HWLIB/hw_lib_keyboard.o
                0x0000000000004bfa                eKeyboardInit
 .text.HW_LIB_KeyboradFSM
                0x0000000000004c4a       0x86 ./HWLIB/hw_lib_keyboard.o
                0x0000000000004c4a                HW_LIB_KeyboradFSM
 .text.Get_ConversionVal
                0x0000000000004cd0       0x2e ./HAL/hal_adc.o
                0x0000000000004cd0                Get_ConversionVal
 .text.HAL_ADC_CommonConfig
                0x0000000000004cfe        0xe ./HAL/hal_adc.o
                0x0000000000004cfe                HAL_ADC_CommonConfig
 .text.HAL_ADC_ContiniusScanCinvertionDMA
                0x0000000000004d0c       0xda ./HAL/hal_adc.o
                0x0000000000004d0c                HAL_ADC_ContiniusScanCinvertionDMA
 .text.ADC1_2_IRQHandler
                0x0000000000004de6       0x74 ./HAL/hal_adc.o
                0x0000000000004de6                ADC1_2_IRQHandler
 .text.HAL_CANSetTXCallback
                0x0000000000004e5a        0xa ./HAL/hal_can.o
                0x0000000000004e5a                HAL_CANSetTXCallback
 .text.HAL_CANSetRXCallback
                0x0000000000004e64        0xa ./HAL/hal_can.o
                0x0000000000004e64                HAL_CANSetRXCallback
 .text.HAL_CANSetERRCallback
                0x0000000000004e6e        0xa ./HAL/hal_can.o
                0x0000000000004e6e                HAL_CANSetERRCallback
 .text.HAL_CANIntIT
                0x0000000000004e78      0x124 ./HAL/hal_can.o
                0x0000000000004e78                HAL_CANIntIT
 .text.HAL_CANToInitMode
                0x0000000000004f9c       0x16 ./HAL/hal_can.o
                0x0000000000004f9c                HAL_CANToInitMode
 .text.HAL_CANToOperatingMode
                0x0000000000004fb2       0x16 ./HAL/hal_can.o
                0x0000000000004fb2                HAL_CANToOperatingMode
 .text.HAL_CANSend
                0x0000000000004fc8       0x50 ./HAL/hal_can.o
                0x0000000000004fc8                HAL_CANSend
 .text.HAL_CANSetFiters
                0x0000000000005018       0x3a ./HAL/hal_can.o
                0x0000000000005018                HAL_CANSetFiters
 .text.HAL_CANGetRXMessage
                0x0000000000005052       0x52 ./HAL/hal_can.o
                0x0000000000005052                HAL_CANGetRXMessage
 .text.USB_HP_CAN1_TX_IRQHandler
                0x00000000000050a4       0xd6 ./HAL/hal_can.o
                0x00000000000050a4                USB_HP_CAN1_TX_IRQHandler
 .text.USB_LP_CAN1_RX0_IRQHandler
                0x000000000000517a       0x62 ./HAL/hal_can.o
                0x000000000000517a                USB_LP_CAN1_RX0_IRQHandler
 .text.CAN1_RX1_IRQHandler
                0x00000000000051dc       0x64 ./HAL/hal_can.o
                0x00000000000051dc                CAN1_RX1_IRQHandler
 .text.CAN1_SCE_IRQHandler
                0x0000000000005240       0x62 ./HAL/hal_can.o
                0x0000000000005240                CAN1_SCE_IRQHandler
 .text.HAL_DMA_Enable
                0x00000000000052a2        0xe ./HAL/hal_dma.o
                0x00000000000052a2                HAL_DMA_Enable
 .text.HAL_DMA_Disable
                0x00000000000052b0        0xe ./HAL/hal_dma.o
                0x00000000000052b0                HAL_DMA_Disable
 .text.HAL_DMA_SetCounter
                0x00000000000052be       0x10 ./HAL/hal_dma.o
                0x00000000000052be                HAL_DMA_SetCounter
 .text.HAL_DMAInitIT
                0x00000000000052ce      0x172 ./HAL/hal_dma.o
                0x00000000000052ce                HAL_DMAInitIT
 .text.HAL_ADC_StartDMA
                0x0000000000005440       0x64 ./HAL/hal_dma.o
                0x0000000000005440                HAL_ADC_StartDMA
 .text.DMA1_Channel1_IRQHandler
                0x00000000000054a4       0x64 ./HAL/hal_dma.o
                0x00000000000054a4                DMA1_Channel1_IRQHandler
 .text.DMA1_Channel3_IRQHandler
                0x0000000000005508       0x68 ./HAL/hal_dma.o
                0x0000000000005508                DMA1_Channel3_IRQHandler
 .text.DMA1_Channel5_IRQHandler
                0x0000000000005570       0x66 ./HAL/hal_dma.o
                0x0000000000005570                DMA1_Channel5_IRQHandler
 .text.DMA1_Channel4_IRQHandler
                0x00000000000055d6       0x64 ./HAL/hal_dma.o
                0x00000000000055d6                DMA1_Channel4_IRQHandler
 .text.DMA1_Channel7_IRQHandler
                0x000000000000563a       0x68 ./HAL/hal_dma.o
                0x000000000000563a                DMA1_Channel7_IRQHandler
 .text.HAL_InitGpioLib
                0x00000000000056a2       0x12 ./HAL/hal_gpio.o
                0x00000000000056a2                HAL_InitGpioLib
 .text.HAL_InitGpioRCC
                0x00000000000056b4       0xb6 ./HAL/hal_gpio.o
                0x00000000000056b4                HAL_InitGpioRCC
 .text.HAL_InitGpioOut
                0x000000000000576a       0x28 ./HAL/hal_gpio.o
                0x000000000000576a                HAL_InitGpioOut
 .text.HAL_InitGpioAIN
                0x0000000000005792       0x26 ./HAL/hal_gpio.o
                0x0000000000005792                HAL_InitGpioAIN
 .text.HAL_InitGpioIn
                0x00000000000057b8       0x28 ./HAL/hal_gpio.o
                0x00000000000057b8                HAL_InitGpioIn
 .text.HAL_InitGpioAF
                0x00000000000057e0       0x3c ./HAL/hal_gpio.o
                0x00000000000057e0                HAL_InitGpioAF
 .text.HAL_GetBit
                0x000000000000581c        0xc ./HAL/hal_gpio.o
                0x000000000000581c                HAL_GetBit
 .text.HAL_SetBit
                0x0000000000005828        0xc ./HAL/hal_gpio.o
                0x0000000000005828                HAL_SetBit
 .text.HAL_ResetBit
                0x0000000000005834        0xc ./HAL/hal_gpio.o
                0x0000000000005834                HAL_ResetBit
 .text.I2C_Master_TransmitIT
                0x0000000000005840       0x8e ./HAL/hal_i2c.o
 .text.I2C_Master_ReviceIT
                0x00000000000058ce       0xa2 ./HAL/hal_i2c.o
 .text.I2C_FSM  0x0000000000005970      0x1d6 ./HAL/hal_i2c.o
 .text.InitI2CDMA
                0x0000000000005b46      0x102 ./HAL/hal_i2c.o
                0x0000000000005b46                InitI2CDMA
 .text.I2C1_EV_IRQHandler
                0x0000000000005c48       0x4c ./HAL/hal_i2c.o
                0x0000000000005c48                I2C1_EV_IRQHandler
 .text.I2C1_ER_IRQHandler
                0x0000000000005c94       0x4c ./HAL/hal_i2c.o
                0x0000000000005c94                I2C1_ER_IRQHandler
 .text.I2C2_EV_IRQHandler
                0x0000000000005ce0       0x4c ./HAL/hal_i2c.o
                0x0000000000005ce0                I2C2_EV_IRQHandler
 .text.I2C2_ER_IRQHandler
                0x0000000000005d2c       0x4c ./HAL/hal_i2c.o
                0x0000000000005d2c                I2C2_ER_IRQHandler
 .text.HAL_RTC_IT_Init
                0x0000000000005d78       0xb0 ./HAL/hal_rtc.o
                0x0000000000005d78                HAL_RTC_IT_Init
 .text.RTC_IRQHandler
                0x0000000000005e28       0x64 ./HAL/hal_rtc.o
                0x0000000000005e28                RTC_IRQHandler
 .text.HAL_SPI_InitDMA
                0x0000000000005e8c       0x96 ./HAL/hal_spi.o
                0x0000000000005e8c                HAL_SPI_InitDMA
 .text.HAL_SPI_RXOveleyClear
                0x0000000000005f22       0x10 ./HAL/hal_spi.o
                0x0000000000005f22                HAL_SPI_RXOveleyClear
 .text.HAL_SPI_GetBusy
                0x0000000000005f32       0x16 ./HAL/hal_spi.o
                0x0000000000005f32                HAL_SPI_GetBusy
 .text.vTimerInitRCC
                0x0000000000005f48       0x48 ./HAL/hal_timers.o
 .text.TIM1_UP_IRQHandler
                0x0000000000005f90       0x74 ./HAL/hal_timers.o
                0x0000000000005f90                TIM1_UP_IRQHandler
 .text.TIM4_IRQHandler
                0x0000000000006004       0x74 ./HAL/hal_timers.o
                0x0000000000006004                TIM4_IRQHandler
 .text.TIM3_IRQHandler
                0x0000000000006078       0x74 ./HAL/hal_timers.o
                0x0000000000006078                TIM3_IRQHandler
 .text.TIM2_IRQHandler
                0x00000000000060ec       0x6c ./HAL/hal_timers.o
                0x00000000000060ec                TIM2_IRQHandler
 .text.HAL_TiemrEneblae
                0x0000000000006158       0x1c ./HAL/hal_timers.o
                0x0000000000006158                HAL_TiemrEneblae
 .text.HW_TIMER_BaseTimerInit
                0x0000000000006174       0x4e ./HAL/hal_timers.o
                0x0000000000006174                HW_TIMER_BaseTimerInit
 .text.HAL_TIMER_InitIt
                0x00000000000061c2       0xa4 ./HAL/hal_timers.o
                0x00000000000061c2                HAL_TIMER_InitIt
 .text.HAL_TIMER_PWMTimersInit
                0x0000000000006266       0xec ./HAL/hal_timers.o
                0x0000000000006266                HAL_TIMER_PWMTimersInit
 .text.HAL_TIMER_DisablePWMCH
                0x0000000000006352       0x1c ./HAL/hal_timers.o
                0x0000000000006352                HAL_TIMER_DisablePWMCH
 .text.HAL_TIMER_SetPWMPulse
                0x000000000000636e       0x80 ./HAL/hal_timers.o
                0x000000000000636e                HAL_TIMER_SetPWMPulse
 .text.HAL_TIMER_EnablePWMCH
                0x00000000000063ee       0x1c ./HAL/hal_timers.o
                0x00000000000063ee                HAL_TIMER_EnablePWMCH
 .text.HAL_WDTReset
                0x000000000000640a        0x2 ./HAL/hal_wdt.o
                0x000000000000640a                HAL_WDTReset
 .text.prvInsertBlockIntoFreeList
                0x000000000000640c       0x4c ./FreeRTOS/portable/MemMang/heap_4.o
 .text.pvPortMalloc
                0x0000000000006458      0x18a ./FreeRTOS/portable/MemMang/heap_4.o
                0x0000000000006458                pvPortMalloc
 .text.vPortFree
                0x00000000000065e2       0xa8 ./FreeRTOS/portable/MemMang/heap_4.o
                0x00000000000065e2                vPortFree
 .text.vPortSetupTimerInterrupt
                0x000000000000668a       0x3e ./FreeRTOS/portable/GCC/RISC-V/port.o
                0x000000000000668a                vPortSetupTimerInterrupt
 .text.xPortStartScheduler
                0x00000000000066c8       0x90 ./FreeRTOS/portable/GCC/RISC-V/port.o
                0x00000000000066c8                xPortStartScheduler
 .text.SysTick_Handler
                0x0000000000006758       0x7c ./FreeRTOS/portable/GCC/RISC-V/port.o
                0x0000000000006758                SysTick_Handler
 .text.vPortEnterCritical
                0x00000000000067d4       0x16 ./FreeRTOS/portable/GCC/RISC-V/port.o
                0x00000000000067d4                vPortEnterCritical
 .text.vPortExitCritical
                0x00000000000067ea       0x42 ./FreeRTOS/portable/GCC/RISC-V/port.o
                0x00000000000067ea                vPortExitCritical
 .text.xPortSetInterruptMask
                0x000000000000682c        0xc ./FreeRTOS/portable/GCC/RISC-V/port.o
                0x000000000000682c                xPortSetInterruptMask
 .text.vPortClearInterruptMask
                0x0000000000006838        0x6 ./FreeRTOS/portable/GCC/RISC-V/port.o
                0x0000000000006838                vPortClearInterruptMask
 .text.vListInitialise
                0x000000000000683e       0x14 ./FreeRTOS/list.o
                0x000000000000683e                vListInitialise
 .text.vListInitialiseItem
                0x0000000000006852        0x6 ./FreeRTOS/list.o
                0x0000000000006852                vListInitialiseItem
 .text.vListInsertEnd
                0x0000000000006858       0x18 ./FreeRTOS/list.o
                0x0000000000006858                vListInsertEnd
 .text.vListInsert
                0x0000000000006870       0x2e ./FreeRTOS/list.o
                0x0000000000006870                vListInsert
 .text.uxListRemove
                0x000000000000689e       0x20 ./FreeRTOS/list.o
                0x000000000000689e                uxListRemove
 .text.prvIsQueueEmpty
                0x00000000000068be       0x1e ./FreeRTOS/queue.o
 .text.prvCopyDataToQueue
                0x00000000000068dc       0x72 ./FreeRTOS/queue.o
 .text.prvCopyDataFromQueue
                0x000000000000694e       0x28 ./FreeRTOS/queue.o
 .text.prvUnlockQueue
                0x0000000000006976       0x76 ./FreeRTOS/queue.o
 .text.xQueueGenericReset
                0x00000000000069ec       0xc4 ./FreeRTOS/queue.o
                0x00000000000069ec                xQueueGenericReset
 .text.xQueueGenericCreateStatic
                0x0000000000006ab0       0xae ./FreeRTOS/queue.o
                0x0000000000006ab0                xQueueGenericCreateStatic
 .text.xQueueGenericCreate
                0x0000000000006b5e       0x72 ./FreeRTOS/queue.o
                0x0000000000006b5e                xQueueGenericCreate
 .text.xQueueGenericSend
                0x0000000000006bd0      0x1a8 ./FreeRTOS/queue.o
                0x0000000000006bd0                xQueueGenericSend
 .text.xQueueGiveMutexRecursive
                0x0000000000006d78       0x56 ./FreeRTOS/queue.o
                0x0000000000006d78                xQueueGiveMutexRecursive
 .text.xQueueCreateMutex
                0x0000000000006dce       0x2e ./FreeRTOS/queue.o
                0x0000000000006dce                xQueueCreateMutex
 .text.xQueueReceive
                0x0000000000006dfc      0x166 ./FreeRTOS/queue.o
                0x0000000000006dfc                xQueueReceive
 .text.xQueueSemaphoreTake
                0x0000000000006f62      0x1be ./FreeRTOS/queue.o
                0x0000000000006f62                xQueueSemaphoreTake
 .text.xQueueTakeMutexRecursive
                0x0000000000007120       0x5a ./FreeRTOS/queue.o
                0x0000000000007120                xQueueTakeMutexRecursive
 .text.vQueueAddToRegistry
                0x000000000000717a       0x6c ./FreeRTOS/queue.o
                0x000000000000717a                vQueueAddToRegistry
 .text.vQueueWaitForMessageRestricted
                0x00000000000071e6       0x5c ./FreeRTOS/queue.o
                0x00000000000071e6                vQueueWaitForMessageRestricted
 .text.prvIdleTask
                0x0000000000007242        0x2 ./FreeRTOS/tasks.o
 .text.prvAddNewTaskToReadyList
                0x0000000000007244      0x10a ./FreeRTOS/tasks.o
 .text.prvResetNextTaskUnblockTime
                0x000000000000734e       0x20 ./FreeRTOS/tasks.o
 .text.prvTaskIsTaskSuspended
                0x000000000000736e       0x50 ./FreeRTOS/tasks.o
 .text.prvInitialiseNewTask.isra.2
                0x00000000000073be       0xc8 ./FreeRTOS/tasks.o
 .text.prvAddCurrentTaskToDelayedList
                0x0000000000007486       0xa4 ./FreeRTOS/tasks.o
 .text.xTaskCreateStatic
                0x000000000000752a       0xa6 ./FreeRTOS/tasks.o
                0x000000000000752a                xTaskCreateStatic
 .text.vTaskResume
                0x00000000000075d0       0xa6 ./FreeRTOS/tasks.o
                0x00000000000075d0                vTaskResume
 .text.vTaskStartScheduler
                0x0000000000007676       0x90 ./FreeRTOS/tasks.o
                0x0000000000007676                vTaskStartScheduler
 .text.vTaskSuspendAll
                0x0000000000007706       0x10 ./FreeRTOS/tasks.o
                0x0000000000007706                vTaskSuspendAll
 .text.xTaskGetTickCount
                0x0000000000007716        0x6 ./FreeRTOS/tasks.o
                0x0000000000007716                xTaskGetTickCount
 .text.xTaskIncrementTick
                0x000000000000771c      0x194 ./FreeRTOS/tasks.o
                0x000000000000771c                xTaskIncrementTick
 .text.xTaskResumeAll
                0x00000000000078b0      0x154 ./FreeRTOS/tasks.o
                0x00000000000078b0                xTaskResumeAll
 .text.vTaskDelay
                0x0000000000007a04       0x66 ./FreeRTOS/tasks.o
                0x0000000000007a04                vTaskDelay
 .text.vTaskSwitchContext
                0x0000000000007a6a       0x92 ./FreeRTOS/tasks.o
                0x0000000000007a6a                vTaskSwitchContext
 .text.vTaskSuspend
                0x0000000000007afc       0xea ./FreeRTOS/tasks.o
                0x0000000000007afc                vTaskSuspend
 .text.vTaskPlaceOnEventList
                0x0000000000007be6       0x48 ./FreeRTOS/tasks.o
                0x0000000000007be6                vTaskPlaceOnEventList
 .text.vTaskPlaceOnEventListRestricted
                0x0000000000007c2e       0x76 ./FreeRTOS/tasks.o
                0x0000000000007c2e                vTaskPlaceOnEventListRestricted
 .text.xTaskRemoveFromEventList
                0x0000000000007ca4       0xe4 ./FreeRTOS/tasks.o
                0x0000000000007ca4                xTaskRemoveFromEventList
 .text.vTaskInternalSetTimeOutState
                0x0000000000007d88        0xe ./FreeRTOS/tasks.o
                0x0000000000007d88                vTaskInternalSetTimeOutState
 .text.xTaskCheckForTimeOut
                0x0000000000007d96       0xaa ./FreeRTOS/tasks.o
                0x0000000000007d96                xTaskCheckForTimeOut
 .text.vTaskMissedYield
                0x0000000000007e40        0x8 ./FreeRTOS/tasks.o
                0x0000000000007e40                vTaskMissedYield
 .text.xTaskGetCurrentTaskHandle
                0x0000000000007e48        0xa ./FreeRTOS/tasks.o
                0x0000000000007e48                xTaskGetCurrentTaskHandle
 .text.xTaskGetSchedulerState
                0x0000000000007e52       0x18 ./FreeRTOS/tasks.o
                0x0000000000007e52                xTaskGetSchedulerState
 .text.xTaskPriorityInherit
                0x0000000000007e6a       0xaa ./FreeRTOS/tasks.o
                0x0000000000007e6a                xTaskPriorityInherit
 .text.xTaskPriorityDisinherit
                0x0000000000007f14       0xc6 ./FreeRTOS/tasks.o
                0x0000000000007f14                xTaskPriorityDisinherit
 .text.vTaskPriorityDisinheritAfterTimeout
                0x0000000000007fda       0xe2 ./FreeRTOS/tasks.o
                0x0000000000007fda                vTaskPriorityDisinheritAfterTimeout
 .text.pvTaskIncrementMutexHeldCount
                0x00000000000080bc       0x1c ./FreeRTOS/tasks.o
                0x00000000000080bc                pvTaskIncrementMutexHeldCount
 .text.ulTaskGenericNotifyTake
                0x00000000000080d8       0xb8 ./FreeRTOS/tasks.o
                0x00000000000080d8                ulTaskGenericNotifyTake
 .text.xTaskGenericNotifyWait
                0x0000000000008190       0xe6 ./FreeRTOS/tasks.o
                0x0000000000008190                xTaskGenericNotifyWait
 .text.xTaskGenericNotify
                0x0000000000008276      0x1ac ./FreeRTOS/tasks.o
                0x0000000000008276                xTaskGenericNotify
 .text.xTaskGenericNotifyFromISR
                0x0000000000008422      0x1e8 ./FreeRTOS/tasks.o
                0x0000000000008422                xTaskGenericNotifyFromISR
 .text.ulTaskGenericNotifyValueClear
                0x000000000000860a       0x3e ./FreeRTOS/tasks.o
                0x000000000000860a                ulTaskGenericNotifyValueClear
 .text.prvCheckForValidListAndQueue
                0x0000000000008648       0x6a ./FreeRTOS/timers.o
 .text.prvInsertTimerInActiveList
                0x00000000000086b2       0x3e ./FreeRTOS/timers.o
 .text.prvReloadTimer
                0x00000000000086f0       0x2a ./FreeRTOS/timers.o
 .text.prvProcessExpiredTimer
                0x000000000000871a       0x42 ./FreeRTOS/timers.o
 .text.prvSwitchTimerLists
                0x000000000000875c       0x28 ./FreeRTOS/timers.o
 .text.prvTimerTask
                0x0000000000008784      0x188 ./FreeRTOS/timers.o
 .text.xTimerCreateTimerTask
                0x000000000000890c       0x6e ./FreeRTOS/timers.o
                0x000000000000890c                xTimerCreateTimerTask
 .text.vRCFilter
                0x000000000000897a       0x30 ./Drivers/filters.o
                0x000000000000897a                vRCFilter
 .text.Delay_Init
                0x00000000000089aa       0x2a ./Debug/debug.o
                0x00000000000089aa                Delay_Init
 .text.Delay_Ms
                0x00000000000089d4       0x36 ./Debug/debug.o
                0x00000000000089d4                Delay_Ms
 .text.USART_Printf_Init
                0x0000000000008a0a       0x5a ./Debug/debug.o
                0x0000000000008a0a                USART_Printf_Init
 .text._write   0x0000000000008a64       0x3e ./Debug/debug.o
                0x0000000000008a64                _write
 .text._sbrk    0x0000000000008aa2       0x2a ./Debug/debug.o
                0x0000000000008aa2                _sbrk
 .text.__get_MEPC
                0x0000000000008acc        0x6 ./Core/core_riscv.o
                0x0000000000008acc                __get_MEPC
 .text.__get_MCAUSE
                0x0000000000008ad2        0x6 ./Core/core_riscv.o
                0x0000000000008ad2                __get_MCAUSE
 .text.__get_MTVAL
                0x0000000000008ad8        0x6 ./Core/core_riscv.o
                0x0000000000008ad8                __get_MTVAL
 .text.prv_read_can_received_msg
                0x0000000000008ade       0x50 ./CANopenNode/keypad/CO_driver_ST32F103.o
                0x0000000000008ade                prv_read_can_received_msg
 .text.prv_send_can_message.isra.0
                0x0000000000008b2e       0x2c ./CANopenNode/keypad/CO_driver_ST32F103.o
 .text.CAN_SendMessage
                0x0000000000008b5a       0x66 ./CANopenNode/keypad/CO_driver_ST32F103.o
                0x0000000000008b5a                CAN_SendMessage
 .text.co_drv_create_os_objects
                0x0000000000008bc0       0x30 ./CANopenNode/keypad/CO_driver_ST32F103.o
                0x0000000000008bc0                co_drv_create_os_objects
 .text.co_drv_mutex_lock
                0x0000000000008bf0       0x18 ./CANopenNode/keypad/CO_driver_ST32F103.o
                0x0000000000008bf0                co_drv_mutex_lock
 .text.co_drv_mutex_unlock
                0x0000000000008c08       0x16 ./CANopenNode/keypad/CO_driver_ST32F103.o
                0x0000000000008c08                co_drv_mutex_unlock
 .text.CO_CANsetConfigurationMode
                0x0000000000008c1e       0x10 ./CANopenNode/keypad/CO_driver_ST32F103.o
                0x0000000000008c1e                CO_CANsetConfigurationMode
 .text.CO_CANsetNormalMode
                0x0000000000008c2e       0x1c ./CANopenNode/keypad/CO_driver_ST32F103.o
                0x0000000000008c2e                CO_CANsetNormalMode
 .text.CO_CANmodule_init
                0x0000000000008c4a      0x110 ./CANopenNode/keypad/CO_driver_ST32F103.o
                0x0000000000008c4a                CO_CANmodule_init
 .text.CO_CANmodule_disable
                0x0000000000008d5a       0x14 ./CANopenNode/keypad/CO_driver_ST32F103.o
                0x0000000000008d5a                CO_CANmodule_disable
 .text.CO_CANrxBufferInit
                0x0000000000008d6e       0x52 ./CANopenNode/keypad/CO_driver_ST32F103.o
                0x0000000000008d6e                CO_CANrxBufferInit
 .text.CO_CANtxBufferInit
                0x0000000000008dc0       0x3a ./CANopenNode/keypad/CO_driver_ST32F103.o
                0x0000000000008dc0                CO_CANtxBufferInit
 .text.CO_CANmodule_process
                0x0000000000008dfa       0x12 ./CANopenNode/keypad/CO_driver_ST32F103.o
                0x0000000000008dfa                CO_CANmodule_process
 .text.CO_CANsend
                0x0000000000008e0c       0x46 ./CANopenNode/keypad/CO_driver_ST32F103.o
                0x0000000000008e0c                CO_CANsend
 .text.CO_LSSslave_receive
                0x0000000000008e52      0x1a8 ./CANopenNode/305/CO_LSSslave.o
 .text.CO_LSSslave_init
                0x0000000000008ffa       0xa4 ./CANopenNode/305/CO_LSSslave.o
                0x0000000000008ffa                CO_LSSslave_init
 .text.CO_LSSslave_process
                0x000000000000909e      0x1a2 ./CANopenNode/305/CO_LSSslave.o
                0x000000000000909e                CO_LSSslave_process
 .text.OD_write_1003
                0x0000000000009240       0x28 ./CANopenNode/301/CO_Emergency.o
 .text.OD_read_1003
                0x0000000000009268       0x8c ./CANopenNode/301/CO_Emergency.o
 .text.OD_read_1014_default
                0x00000000000092f4       0x50 ./CANopenNode/301/CO_Emergency.o
 .text.CO_EM_init
                0x0000000000009344      0x112 ./CANopenNode/301/CO_Emergency.o
                0x0000000000009344                CO_EM_init
 .text.CO_error
                0x0000000000009456       0xc4 ./CANopenNode/301/CO_Emergency.o
                0x0000000000009456                CO_error
 .text.CO_EM_process
                0x000000000000951a      0x17e ./CANopenNode/301/CO_Emergency.o
                0x000000000000951a                CO_EM_process
 .text.CO_NMT_receive
                0x0000000000009698       0x18 ./CANopenNode/301/CO_NMT_Heartbeat.o
 .text.OD_write_1017
                0x00000000000096b0       0x48 ./CANopenNode/301/CO_NMT_Heartbeat.o
 .text.CO_NMT_init
                0x00000000000096f8       0xec ./CANopenNode/301/CO_NMT_Heartbeat.o
                0x00000000000096f8                CO_NMT_init
 .text.CO_NMT_process
                0x00000000000097e4      0x106 ./CANopenNode/301/CO_NMT_Heartbeat.o
                0x00000000000097e4                CO_NMT_process
 .text.OD_readDisabled
                0x00000000000098ea        0x4 ./CANopenNode/301/CO_ODinterface.o
 .text.OD_readOriginal
                0x00000000000098ee       0x50 ./CANopenNode/301/CO_ODinterface.o
                0x00000000000098ee                OD_readOriginal
 .text.OD_writeOriginal
                0x000000000000993e       0x54 ./CANopenNode/301/CO_ODinterface.o
                0x000000000000993e                OD_writeOriginal
 .text.OD_writeDisabled
                0x0000000000009992        0x4 ./CANopenNode/301/CO_ODinterface.o
 .text.OD_find  0x0000000000009996       0x70 ./CANopenNode/301/CO_ODinterface.o
                0x0000000000009996                OD_find
 .text.OD_getSub
                0x0000000000009a06       0xf2 ./CANopenNode/301/CO_ODinterface.o
                0x0000000000009a06                OD_getSub
 .text.OD_getSDOabCode
                0x0000000000009af8       0x20 ./CANopenNode/301/CO_ODinterface.o
                0x0000000000009af8                OD_getSDOabCode
 .text.OD_get_value
                0x0000000000009b18       0x34 ./CANopenNode/301/CO_ODinterface.o
                0x0000000000009b18                OD_get_value
 .text.OD_set_value
                0x0000000000009b4c       0x2e ./CANopenNode/301/CO_ODinterface.o
                0x0000000000009b4c                OD_set_value
 .text.OD_getPtr
                0x0000000000009b7a       0x3c ./CANopenNode/301/CO_ODinterface.o
                0x0000000000009b7a                OD_getPtr
 .text.OD_write_dummy
                0x0000000000009bb6        0x8 ./CANopenNode/301/CO_PDO.o
 .text.OD_read_dummy
                0x0000000000009bbe       0x2e ./CANopenNode/301/CO_PDO.o
 .text.PDOconfigMap
                0x0000000000009bec       0xfc ./CANopenNode/301/CO_PDO.o
 .text.CO_PDO_receive
                0x0000000000009ce8       0x48 ./CANopenNode/301/CO_PDO.o
 .text.OD_read_PDO_commParam
                0x0000000000009d30       0x70 ./CANopenNode/301/CO_PDO.o
 .text.PDO_initMapping.constprop.3
                0x0000000000009da0       0xe4 ./CANopenNode/301/CO_PDO.o
 .text.OD_write_PDO_mapping
                0x0000000000009e84       0xb2 ./CANopenNode/301/CO_PDO.o
 .text.OD_write_18xx
                0x0000000000009f36      0x184 ./CANopenNode/301/CO_PDO.o
 .text.OD_write_14xx
                0x000000000000a0ba      0x15a ./CANopenNode/301/CO_PDO.o
 .text.CO_RPDO_init
                0x000000000000a214      0x172 ./CANopenNode/301/CO_PDO.o
                0x000000000000a214                CO_RPDO_init
 .text.CO_RPDO_process
                0x000000000000a386      0x114 ./CANopenNode/301/CO_PDO.o
                0x000000000000a386                CO_RPDO_process
 .text.CO_TPDO_init
                0x000000000000a49a      0x1d2 ./CANopenNode/301/CO_PDO.o
                0x000000000000a49a                CO_TPDO_init
 .text.CO_TPDO_process
                0x000000000000a66c      0x15e ./CANopenNode/301/CO_PDO.o
                0x000000000000a66c                CO_TPDO_process
 .text.CO_SDOserver_init_canRxTx
                0x000000000000a7ca       0x82 ./CANopenNode/301/CO_SDOserver.o
 .text.CO_SDO_receive
                0x000000000000a84c       0x38 ./CANopenNode/301/CO_SDOserver.o
 .text.readFromOd.isra.1.constprop.5
                0x000000000000a884       0xf6 ./CANopenNode/301/CO_SDOserver.o
 .text.OD_write_1201_additional
                0x000000000000a97a      0x158 ./CANopenNode/301/CO_SDOserver.o
 .text.CO_SDOserver_init
                0x000000000000aad2      0x172 ./CANopenNode/301/CO_SDOserver.o
                0x000000000000aad2                CO_SDOserver_init
 .text.CO_SDOserver_process
                0x000000000000ac44      0x60e ./CANopenNode/301/CO_SDOserver.o
                0x000000000000ac44                CO_SDOserver_process
 .text.CO_delete
                0x000000000000b252       0x56 ./CANopenNode/CANopen.o
                0x000000000000b252                CO_delete
 .text.CO_new   0x000000000000b2a8      0x102 ./CANopenNode/CANopen.o
                0x000000000000b2a8                CO_new
 .text.CO_CANinit
                0x000000000000b3aa       0x36 ./CANopenNode/CANopen.o
                0x000000000000b3aa                CO_CANinit
 .text.CO_LSSinit
                0x000000000000b3e0       0x32 ./CANopenNode/CANopen.o
                0x000000000000b3e0                CO_LSSinit
 .text.CO_CANopenInit
                0x000000000000b412       0xb8 ./CANopenNode/CANopen.o
                0x000000000000b412                CO_CANopenInit
 .text.CO_CANopenInitPDO
                0x000000000000b4ca       0xea ./CANopenNode/CANopen.o
                0x000000000000b4ca                CO_CANopenInitPDO
 .text.CO_process
                0x000000000000b5b4       0x7e ./CANopenNode/CANopen.o
                0x000000000000b5b4                CO_process
 .text.CO_process_RPDO
                0x000000000000b632       0x40 ./CANopenNode/CANopen.o
                0x000000000000b632                CO_process_RPDO
 .text.CO_process_TPDO
                0x000000000000b672       0x40 ./CANopenNode/CANopen.o
                0x000000000000b672                CO_process_TPDO
 .text.__addsf3
                0x000000000000b6b2      0x36a c:/mounriver/mounriver_studio/toolchain/risc-v embedded gcc/bin/../lib/gcc/riscv-none-embed/8.2.0/rv32imacxw/ilp32\libgcc.a(addsf3.o)
                0x000000000000b6b2                __addsf3
 .text.__divsf3
                0x000000000000ba1c      0x2b2 c:/mounriver/mounriver_studio/toolchain/risc-v embedded gcc/bin/../lib/gcc/riscv-none-embed/8.2.0/rv32imacxw/ilp32\libgcc.a(divsf3.o)
                0x000000000000ba1c                __divsf3
 .text.__gesf2  0x000000000000bcce       0x86 c:/mounriver/mounriver_studio/toolchain/risc-v embedded gcc/bin/../lib/gcc/riscv-none-embed/8.2.0/rv32imacxw/ilp32\libgcc.a(gesf2.o)
                0x000000000000bcce                __gesf2
                0x000000000000bcce                __gtsf2
 .text.__lesf2  0x000000000000bd54       0x8c c:/mounriver/mounriver_studio/toolchain/risc-v embedded gcc/bin/../lib/gcc/riscv-none-embed/8.2.0/rv32imacxw/ilp32\libgcc.a(lesf2.o)
                0x000000000000bd54                __ltsf2
                0x000000000000bd54                __lesf2
 .text.__mulsf3
                0x000000000000bde0      0x290 c:/mounriver/mounriver_studio/toolchain/risc-v embedded gcc/bin/../lib/gcc/riscv-none-embed/8.2.0/rv32imacxw/ilp32\libgcc.a(mulsf3.o)
                0x000000000000bde0                __mulsf3
 .text.__subsf3
                0x000000000000c070      0x388 c:/mounriver/mounriver_studio/toolchain/risc-v embedded gcc/bin/../lib/gcc/riscv-none-embed/8.2.0/rv32imacxw/ilp32\libgcc.a(subsf3.o)
                0x000000000000c070                __subsf3
 .text.__fixsfsi
                0x000000000000c3f8       0x62 c:/mounriver/mounriver_studio/toolchain/risc-v embedded gcc/bin/../lib/gcc/riscv-none-embed/8.2.0/rv32imacxw/ilp32\libgcc.a(fixsfsi.o)
                0x000000000000c3f8                __fixsfsi
 .text.__fixunssfsi
                0x000000000000c45a       0x56 c:/mounriver/mounriver_studio/toolchain/risc-v embedded gcc/bin/../lib/gcc/riscv-none-embed/8.2.0/rv32imacxw/ilp32\libgcc.a(fixunssfsi.o)
                0x000000000000c45a                __fixunssfsi
 .text.__floatsisf
                0x000000000000c4b0       0xc6 c:/mounriver/mounriver_studio/toolchain/risc-v embedded gcc/bin/../lib/gcc/riscv-none-embed/8.2.0/rv32imacxw/ilp32\libgcc.a(floatsisf.o)
                0x000000000000c4b0                __floatsisf
 .text.__floatunsisf
                0x000000000000c576       0xce c:/mounriver/mounriver_studio/toolchain/risc-v embedded gcc/bin/../lib/gcc/riscv-none-embed/8.2.0/rv32imacxw/ilp32\libgcc.a(floatunsisf.o)
                0x000000000000c576                __floatunsisf
 .text.__clzsi2
                0x000000000000c644       0x6e c:/mounriver/mounriver_studio/toolchain/risc-v embedded gcc/bin/../lib/gcc/riscv-none-embed/8.2.0/rv32imacxw/ilp32\libgcc.a(_clzsi2.o)
                0x000000000000c644                __clzsi2
 .text.calloc   0x000000000000c6b2        0xc c:/mounriver/mounriver_studio/toolchain/risc-v embedded gcc/bin/../lib/gcc/riscv-none-embed/8.2.0/../../../../riscv-none-embed/lib/rv32imacxw/ilp32\libg_nano.a(lib_a-calloc.o)
                0x000000000000c6b2                calloc
 .text.free     0x000000000000c6be        0xa c:/mounriver/mounriver_studio/toolchain/risc-v embedded gcc/bin/../lib/gcc/riscv-none-embed/8.2.0/../../../../riscv-none-embed/lib/rv32imacxw/ilp32\libg_nano.a(lib_a-malloc.o)
                0x000000000000c6be                free
 .text.memcpy   0x000000000000c6c8       0xb2 c:/mounriver/mounriver_studio/toolchain/risc-v embedded gcc/bin/../lib/gcc/riscv-none-embed/8.2.0/../../../../riscv-none-embed/lib/rv32imacxw/ilp32\libg_nano.a(lib_a-memcpy.o)
                0x000000000000c6c8                memcpy
 .text.memmove  0x000000000000c77a       0x46 c:/mounriver/mounriver_studio/toolchain/risc-v embedded gcc/bin/../lib/gcc/riscv-none-embed/8.2.0/../../../../riscv-none-embed/lib/rv32imacxw/ilp32\libg_nano.a(lib_a-memmove.o)
                0x000000000000c77a                memmove
 .text._calloc_r
                0x000000000000c7c0       0x26 c:/mounriver/mounriver_studio/toolchain/risc-v embedded gcc/bin/../lib/gcc/riscv-none-embed/8.2.0/../../../../riscv-none-embed/lib/rv32imacxw/ilp32\libg_nano.a(lib_a-nano-callocr.o)
                0x000000000000c7c0                _calloc_r
 .text._free_r  0x000000000000c7e6       0xa8 c:/mounriver/mounriver_studio/toolchain/risc-v embedded gcc/bin/../lib/gcc/riscv-none-embed/8.2.0/../../../../riscv-none-embed/lib/rv32imacxw/ilp32\libg_nano.a(lib_a-nano-freer.o)
                0x000000000000c7e6                _free_r
 .text._malloc_r
                0x000000000000c88e       0xd4 c:/mounriver/mounriver_studio/toolchain/risc-v embedded gcc/bin/../lib/gcc/riscv-none-embed/8.2.0/../../../../riscv-none-embed/lib/rv32imacxw/ilp32\libg_nano.a(lib_a-nano-mallocr.o)
                0x000000000000c88e                _malloc_r
 .text.printf   0x000000000000c962       0x40 c:/mounriver/mounriver_studio/toolchain/risc-v embedded gcc/bin/../lib/gcc/riscv-none-embed/8.2.0/../../../../riscv-none-embed/lib/rv32imacxw/ilp32\libg_nano.a(lib_a-printf.o)
                0x000000000000c962                iprintf
                0x000000000000c962                printf
 .text._puts_r  0x000000000000c9a2       0xd4 c:/mounriver/mounriver_studio/toolchain/risc-v embedded gcc/bin/../lib/gcc/riscv-none-embed/8.2.0/../../../../riscv-none-embed/lib/rv32imacxw/ilp32\libg_nano.a(lib_a-puts.o)
                0x000000000000c9a2                _puts_r
 .text.puts     0x000000000000ca76        0xc c:/mounriver/mounriver_studio/toolchain/risc-v embedded gcc/bin/../lib/gcc/riscv-none-embed/8.2.0/../../../../riscv-none-embed/lib/rv32imacxw/ilp32\libg_nano.a(lib_a-puts.o)
                0x000000000000ca76                puts
 .text._sbrk_r  0x000000000000ca82       0x32 c:/mounriver/mounriver_studio/toolchain/risc-v embedded gcc/bin/../lib/gcc/riscv-none-embed/8.2.0/../../../../riscv-none-embed/lib/rv32imacxw/ilp32\libg_nano.a(lib_a-sbrkr.o)
                0x000000000000ca82                _sbrk_r
 .text.strlen   0x000000000000cab4       0x12 c:/mounriver/mounriver_studio/toolchain/risc-v embedded gcc/bin/../lib/gcc/riscv-none-embed/8.2.0/../../../../riscv-none-embed/lib/rv32imacxw/ilp32\libg_nano.a(lib_a-strlen.o)
                0x000000000000cab4                strlen
 .text.__swbuf_r
                0x000000000000cac6       0xbc c:/mounriver/mounriver_studio/toolchain/risc-v embedded gcc/bin/../lib/gcc/riscv-none-embed/8.2.0/../../../../riscv-none-embed/lib/rv32imacxw/ilp32\libg_nano.a(lib_a-wbuf.o)
                0x000000000000cac6                __swbuf_r
 .text.__swsetup_r
                0x000000000000cb82       0xfe c:/mounriver/mounriver_studio/toolchain/risc-v embedded gcc/bin/../lib/gcc/riscv-none-embed/8.2.0/../../../../riscv-none-embed/lib/rv32imacxw/ilp32\libg_nano.a(lib_a-wsetup.o)
                0x000000000000cb82                __swsetup_r
 .text.__sflush_r
                0x000000000000cc80      0x132 c:/mounriver/mounriver_studio/toolchain/risc-v embedded gcc/bin/../lib/gcc/riscv-none-embed/8.2.0/../../../../riscv-none-embed/lib/rv32imacxw/ilp32\libg_nano.a(lib_a-fflush.o)
                0x000000000000cc80                __sflush_r
 .text._fflush_r
                0x000000000000cdb2       0x66 c:/mounriver/mounriver_studio/toolchain/risc-v embedded gcc/bin/../lib/gcc/riscv-none-embed/8.2.0/../../../../riscv-none-embed/lib/rv32imacxw/ilp32\libg_nano.a(lib_a-fflush.o)
                0x000000000000cdb2                _fflush_r
 .text.std      0x000000000000ce18       0x66 c:/mounriver/mounriver_studio/toolchain/risc-v embedded gcc/bin/../lib/gcc/riscv-none-embed/8.2.0/../../../../riscv-none-embed/lib/rv32imacxw/ilp32\libg_nano.a(lib_a-findfp.o)
 .text._cleanup_r
                0x000000000000ce7e        0xa c:/mounriver/mounriver_studio/toolchain/risc-v embedded gcc/bin/../lib/gcc/riscv-none-embed/8.2.0/../../../../riscv-none-embed/lib/rv32imacxw/ilp32\libg_nano.a(lib_a-findfp.o)
                0x000000000000ce7e                _cleanup_r
 .text.__sfmoreglue
                0x000000000000ce88       0x48 c:/mounriver/mounriver_studio/toolchain/risc-v embedded gcc/bin/../lib/gcc/riscv-none-embed/8.2.0/../../../../riscv-none-embed/lib/rv32imacxw/ilp32\libg_nano.a(lib_a-findfp.o)
                0x000000000000ce88                __sfmoreglue
 .text.__sinit  0x000000000000ced0       0x6c c:/mounriver/mounriver_studio/toolchain/risc-v embedded gcc/bin/../lib/gcc/riscv-none-embed/8.2.0/../../../../riscv-none-embed/lib/rv32imacxw/ilp32\libg_nano.a(lib_a-findfp.o)
                0x000000000000ced0                __sinit
 .text.__sfp    0x000000000000cf3c       0xa0 c:/mounriver/mounriver_studio/toolchain/risc-v embedded gcc/bin/../lib/gcc/riscv-none-embed/8.2.0/../../../../riscv-none-embed/lib/rv32imacxw/ilp32\libg_nano.a(lib_a-findfp.o)
                0x000000000000cf3c                __sfp
 .text._fwalk_reent
                0x000000000000cfdc       0x6a c:/mounriver/mounriver_studio/toolchain/risc-v embedded gcc/bin/../lib/gcc/riscv-none-embed/8.2.0/../../../../riscv-none-embed/lib/rv32imacxw/ilp32\libg_nano.a(lib_a-fwalk.o)
                0x000000000000cfdc                _fwalk_reent
 .text.__swhatbuf_r
                0x000000000000d046       0x58 c:/mounriver/mounriver_studio/toolchain/risc-v embedded gcc/bin/../lib/gcc/riscv-none-embed/8.2.0/../../../../riscv-none-embed/lib/rv32imacxw/ilp32\libg_nano.a(lib_a-makebuf.o)
                0x000000000000d046                __swhatbuf_r
 .text.__smakebuf_r
                0x000000000000d09e       0x94 c:/mounriver/mounriver_studio/toolchain/risc-v embedded gcc/bin/../lib/gcc/riscv-none-embed/8.2.0/../../../../riscv-none-embed/lib/rv32imacxw/ilp32\libg_nano.a(lib_a-makebuf.o)
                0x000000000000d09e                __smakebuf_r
 .text.__malloc_lock
                0x000000000000d132        0x2 c:/mounriver/mounriver_studio/toolchain/risc-v embedded gcc/bin/../lib/gcc/riscv-none-embed/8.2.0/../../../../riscv-none-embed/lib/rv32imacxw/ilp32\libg_nano.a(lib_a-mlock.o)
                0x000000000000d132                __malloc_lock
 .text.__malloc_unlock
                0x000000000000d134        0x2 c:/mounriver/mounriver_studio/toolchain/risc-v embedded gcc/bin/../lib/gcc/riscv-none-embed/8.2.0/../../../../riscv-none-embed/lib/rv32imacxw/ilp32\libg_nano.a(lib_a-mlock.o)
                0x000000000000d134                __malloc_unlock
 .text.__sfputc_r
                0x000000000000d136       0x28 c:/mounriver/mounriver_studio/toolchain/risc-v embedded gcc/bin/../lib/gcc/riscv-none-embed/8.2.0/../../../../riscv-none-embed/lib/rv32imacxw/ilp32\libg_nano.a(lib_a-nano-vfprintf.o)
 .text.__sfputs_r
                0x000000000000d15e       0x42 c:/mounriver/mounriver_studio/toolchain/risc-v embedded gcc/bin/../lib/gcc/riscv-none-embed/8.2.0/../../../../riscv-none-embed/lib/rv32imacxw/ilp32\libg_nano.a(lib_a-nano-vfprintf.o)
                0x000000000000d15e                __sfputs_r
 .text._vfprintf_r
                0x000000000000d1a0      0x288 c:/mounriver/mounriver_studio/toolchain/risc-v embedded gcc/bin/../lib/gcc/riscv-none-embed/8.2.0/../../../../riscv-none-embed/lib/rv32imacxw/ilp32\libg_nano.a(lib_a-nano-vfprintf.o)
                0x000000000000d1a0                _vfprintf_r
                0x000000000000d1a0                _vfiprintf_r
 .text._printf_common
                0x000000000000d428      0x10c c:/mounriver/mounriver_studio/toolchain/risc-v embedded gcc/bin/../lib/gcc/riscv-none-embed/8.2.0/../../../../riscv-none-embed/lib/rv32imacxw/ilp32\libg_nano.a(lib_a-nano-vfprintf_i.o)
                0x000000000000d428                _printf_common
 .text._printf_i
                0x000000000000d534      0x2a2 c:/mounriver/mounriver_studio/toolchain/risc-v embedded gcc/bin/../lib/gcc/riscv-none-embed/8.2.0/../../../../riscv-none-embed/lib/rv32imacxw/ilp32\libg_nano.a(lib_a-nano-vfprintf_i.o)
                0x000000000000d534                _printf_i
 .text.__sread  0x000000000000d7d6       0x2c c:/mounriver/mounriver_studio/toolchain/risc-v embedded gcc/bin/../lib/gcc/riscv-none-embed/8.2.0/../../../../riscv-none-embed/lib/rv32imacxw/ilp32\libg_nano.a(lib_a-stdio.o)
                0x000000000000d7d6                __sread
 .text.__swrite
                0x000000000000d802       0x48 c:/mounriver/mounriver_studio/toolchain/risc-v embedded gcc/bin/../lib/gcc/riscv-none-embed/8.2.0/../../../../riscv-none-embed/lib/rv32imacxw/ilp32\libg_nano.a(lib_a-stdio.o)
                0x000000000000d802                __swrite
 .text.__sseek  0x000000000000d84a       0x30 c:/mounriver/mounriver_studio/toolchain/risc-v embedded gcc/bin/../lib/gcc/riscv-none-embed/8.2.0/../../../../riscv-none-embed/lib/rv32imacxw/ilp32\libg_nano.a(lib_a-stdio.o)
                0x000000000000d84a                __sseek
 .text.__sclose
                0x000000000000d87a        0x6 c:/mounriver/mounriver_studio/toolchain/risc-v embedded gcc/bin/../lib/gcc/riscv-none-embed/8.2.0/../../../../riscv-none-embed/lib/rv32imacxw/ilp32\libg_nano.a(lib_a-stdio.o)
                0x000000000000d87a                __sclose
 .text._write_r
                0x000000000000d880       0x36 c:/mounriver/mounriver_studio/toolchain/risc-v embedded gcc/bin/../lib/gcc/riscv-none-embed/8.2.0/../../../../riscv-none-embed/lib/rv32imacxw/ilp32\libg_nano.a(lib_a-writer.o)
                0x000000000000d880                _write_r
 .text._close_r
                0x000000000000d8b6       0x30 c:/mounriver/mounriver_studio/toolchain/risc-v embedded gcc/bin/../lib/gcc/riscv-none-embed/8.2.0/../../../../riscv-none-embed/lib/rv32imacxw/ilp32\libg_nano.a(lib_a-closer.o)
                0x000000000000d8b6                _close_r
 .text._fstat_r
                0x000000000000d8e6       0x32 c:/mounriver/mounriver_studio/toolchain/risc-v embedded gcc/bin/../lib/gcc/riscv-none-embed/8.2.0/../../../../riscv-none-embed/lib/rv32imacxw/ilp32\libg_nano.a(lib_a-fstatr.o)
                0x000000000000d8e6                _fstat_r
 .text._isatty_r
                0x000000000000d918       0x30 c:/mounriver/mounriver_studio/toolchain/risc-v embedded gcc/bin/../lib/gcc/riscv-none-embed/8.2.0/../../../../riscv-none-embed/lib/rv32imacxw/ilp32\libg_nano.a(lib_a-isattyr.o)
                0x000000000000d918                _isatty_r
 .text._lseek_r
                0x000000000000d948       0x34 c:/mounriver/mounriver_studio/toolchain/risc-v embedded gcc/bin/../lib/gcc/riscv-none-embed/8.2.0/../../../../riscv-none-embed/lib/rv32imacxw/ilp32\libg_nano.a(lib_a-lseekr.o)
                0x000000000000d948                _lseek_r
 .text.memchr   0x000000000000d97c       0x18 c:/mounriver/mounriver_studio/toolchain/risc-v embedded gcc/bin/../lib/gcc/riscv-none-embed/8.2.0/../../../../riscv-none-embed/lib/rv32imacxw/ilp32\libg_nano.a(lib_a-memchr.o)
                0x000000000000d97c                memchr
 .text._read_r  0x000000000000d994       0x34 c:/mounriver/mounriver_studio/toolchain/risc-v embedded gcc/bin/../lib/gcc/riscv-none-embed/8.2.0/../../../../riscv-none-embed/lib/rv32imacxw/ilp32\libg_nano.a(lib_a-readr.o)
                0x000000000000d994                _read_r
 .text._close   0x000000000000d9c8       0x10 c:/mounriver/mounriver_studio/toolchain/risc-v embedded gcc/bin/../lib/gcc/riscv-none-embed/8.2.0/../../../../riscv-none-embed/lib/rv32imacxw/ilp32\libnosys.a(close.o)
                0x000000000000d9c8                _close
 .text._fstat   0x000000000000d9d8       0x10 c:/mounriver/mounriver_studio/toolchain/risc-v embedded gcc/bin/../lib/gcc/riscv-none-embed/8.2.0/../../../../riscv-none-embed/lib/rv32imacxw/ilp32\libnosys.a(fstat.o)
                0x000000000000d9d8                _fstat
 .text._isatty  0x000000000000d9e8       0x10 c:/mounriver/mounriver_studio/toolchain/risc-v embedded gcc/bin/../lib/gcc/riscv-none-embed/8.2.0/../../../../riscv-none-embed/lib/rv32imacxw/ilp32\libnosys.a(isatty.o)
                0x000000000000d9e8                _isatty
 .text._lseek   0x000000000000d9f8       0x10 c:/mounriver/mounriver_studio/toolchain/risc-v embedded gcc/bin/../lib/gcc/riscv-none-embed/8.2.0/../../../../riscv-none-embed/lib/rv32imacxw/ilp32\libnosys.a(lseek.o)
                0x000000000000d9f8                _lseek
 .text._read    0x000000000000da08       0x10 c:/mounriver/mounriver_studio/toolchain/risc-v embedded gcc/bin/../lib/gcc/riscv-none-embed/8.2.0/../../../../riscv-none-embed/lib/rv32imacxw/ilp32\libnosys.a(read.o)
                0x000000000000da08                _read
 *(.rodata)
 *(.rodata*)
 *fill*         0x000000000000da18        0x0 
 .rodata.CSWTCH.25
                0x000000000000da18       0x10 ./User/DataModel.o
 .rodata.CalPoint
                0x000000000000da28       0x48 ./User/DataModel.o
                0x000000000000da28                CalPoint
 .rodata.HardFault_Handler.str1.4
                0x000000000000da70       0x42 ./User/ch32v20x_it.o
 *fill*         0x000000000000dab2        0x2 
 .rodata.getODValue
                0x000000000000dab4       0x70 ./User/dash_draw.o
 .rodata.getODValue.cst4
                0x000000000000db24        0x8 ./User/dash_draw.o
 .rodata.vBarColorMode.cst4
                0x000000000000db2c        0x4 ./User/dash_draw.o
 .rodata.ADC_FSM.cst4
                0x000000000000db30       0x14 ./User/inputs.o
 .rodata.vInputsTask.cst4
                0x000000000000db44        0x4 ./User/inputs.o
 .rodata.SetRGB
                0x000000000000db48       0x38 ./User/led.o
 .rodata.SetSegDirect
                0x000000000000db80       0x1c ./User/led.o
 .rodata.Brigth
                0x000000000000db9c       0x1e ./User/led.o
 *fill*         0x000000000000dbba        0x2 
 .rodata.DigitMask
                0x000000000000dbbc        0xa ./User/led.o
                0x000000000000dbbc                DigitMask
 *fill*         0x000000000000dbc6        0x2 
 .rodata.main.str1.4
                0x000000000000dbc8       0x20 ./User/main.o
 .rodata.OD_ADC1_CAL_extension
                0x000000000000dbe8       0x10 ./User/process.o
                0x000000000000dbe8                OD_ADC1_CAL_extension
 .rodata.OD_ADC2_CAL_extension
                0x000000000000dbf8       0x10 ./User/process.o
                0x000000000000dbf8                OD_ADC2_CAL_extension
 .rodata.OD_ADC3_CAL_extension
                0x000000000000dc08       0x10 ./User/process.o
                0x000000000000dc08                OD_ADC3_CAL_extension
 .rodata.OD_AIN_RPM_extension
                0x000000000000dc18       0x10 ./User/process.o
                0x000000000000dc18                OD_AIN_RPM_extension
 .rodata.OD_BAR_extension
                0x000000000000dc28       0x10 ./User/process.o
                0x000000000000dc28                OD_BAR_extension
 .rodata.OD_BITRATE_extension
                0x000000000000dc38       0x10 ./User/process.o
                0x000000000000dc38                OD_BITRATE_extension