Archive member included to satisfy reference by file (symbol)

c:/mounriver/mounriver_studio/toolchain/risc-v embedded gcc/bin/../lib/gcc/riscv-none-embed/8.2.0/rv32imacxw/ilp32\libgcc.a(addsf3.o)
                              ./User/DataModel.o (__addsf3)
c:/mounriver/mounriver_studio/toolchain/risc-v embedded gcc/bin/../lib/gcc/riscv-none-embed/8.2.0/rv32imacxw/ilp32\libgcc.a(divsf3.o)
                              ./User/DataModel.o (__divsf3)
c:/mounriver/mounriver_studio/toolchain/risc-v embedded gcc/bin/../lib/gcc/riscv-none-embed/8.2.0/rv32imacxw/ilp32\libgcc.a(eqsf2.o)
                              ./HWLIB/hw_lib_din.o (__nesf2)
c:/mounriver/mounriver_studio/toolchain/risc-v embedded gcc/bin/../lib/gcc/riscv-none-embed/8.2.0/rv32imacxw/ilp32\libgcc.a(gesf2.o)
                              ./User/inputs.o (__gesf2)
c:/mounriver/mounriver_studio/toolchain/risc-v embedded gcc/bin/../lib/gcc/riscv-none-embed/8.2.0/rv32imacxw/ilp32\libgcc.a(lesf2.o)
                              ./HWLIB/hw_lib_adc.o (__lesf2)
c:/mounriver/mounriver_studio/toolchain/risc-v embedded gcc/bin/../lib/gcc/riscv-none-embed/8.2.0/rv32imacxw/ilp32\libgcc.a(mulsf3.o)
                              ./User/dash_draw.o (__mulsf3)
c:/mounriver/mounriver_studio/toolchain/risc-v embedded gcc/bin/../lib/gcc/riscv-none-embed/8.2.0/rv32imacxw/ilp32\libgcc.a(subsf3.o)
                              ./User/inputs.o (__subsf3)
c:/mounriver/mounriver_studio/toolchain/risc-v embedded gcc/bin/../lib/gcc/riscv-none-embed/8.2.0/rv32imacxw/ilp32\libgcc.a(fixsfsi.o)
                              ./User/dash_draw.o (__fixsfsi)
c:/mounriver/mounriver_studio/toolchain/risc-v embedded gcc/bin/../lib/gcc/riscv-none-embed/8.2.0/rv32imacxw/ilp32\libgcc.a(fixunssfsi.o)
                              ./User/DataModel.o (__fixunssfsi)
c:/mounriver/mounriver_studio/toolchain/risc-v embedded gcc/bin/../lib/gcc/riscv-none-embed/8.2.0/rv32imacxw/ilp32\libgcc.a(floatsisf.o)
                              ./User/DataModel.o (__floatsisf)
c:/mounriver/mounriver_studio/toolchain/risc-v embedded gcc/bin/../lib/gcc/riscv-none-embed/8.2.0/rv32imacxw/ilp32\libgcc.a(floatunsisf.o)
                              ./User/DataModel.o (__floatunsisf)
c:/mounriver/mounriver_studio/toolchain/risc-v embedded gcc/bin/../lib/gcc/riscv-none-embed/8.2.0/rv32imacxw/ilp32\libgcc.a(save-restore.o)
                              ./User/dash_draw.o (__riscv_save_12)
c:/mounriver/mounriver_studio/toolchain/risc-v embedded gcc/bin/../lib/gcc/riscv-none-embed/8.2.0/rv32imacxw/ilp32\libgcc.a(_clzsi2.o)
                              c:/mounriver/mounriver_studio/toolchain/risc-v embedded gcc/bin/../lib/gcc/riscv-none-embed/8.2.0/rv32imacxw/ilp32\libgcc.a(addsf3.o) (__clzsi2)
c:/mounriver/mounriver_studio/toolchain/risc-v embedded gcc/bin/../lib/gcc/riscv-none-embed/8.2.0/rv32imacxw/ilp32\libgcc.a(_clz.o)
                              c:/mounriver/mounriver_studio/toolchain/risc-v embedded gcc/bin/../lib/gcc/riscv-none-embed/8.2.0/rv32imacxw/ilp32\libgcc.a(_clzsi2.o) (__clz_tab)
c:/mounriver/mounriver_studio/toolchain/risc-v embedded gcc/bin/../lib/gcc/riscv-none-embed/8.2.0/../../../../riscv-none-embed/lib/rv32imacxw/ilp32\libg_nano.a(lib_a-calloc.o)
                              ./CANopenNode/CANopen.o (calloc)
c:/mounriver/mounriver_studio/toolchain/risc-v embedded gcc/bin/../lib/gcc/riscv-none-embed/8.2.0/../../../../riscv-none-embed/lib/rv32imacxw/ilp32\libg_nano.a(lib_a-impure.o)
                              c:/mounriver/mounriver_studio/toolchain/risc-v embedded gcc/bin/../lib/gcc/riscv-none-embed/8.2.0/../../../../riscv-none-embed/lib/rv32imacxw/ilp32\libg_nano.a(lib_a-calloc.o) (_impure_ptr)
c:/mounriver/mounriver_studio/toolchain/risc-v embedded gcc/bin/../lib/gcc/riscv-none-embed/8.2.0/../../../../riscv-none-embed/lib/rv32imacxw/ilp32\libg_nano.a(lib_a-malloc.o)
                              ./CANopenNode/CANopen.o (free)
c:/mounriver/mounriver_studio/toolchain/risc-v embedded gcc/bin/../lib/gcc/riscv-none-embed/8.2.0/../../../../riscv-none-embed/lib/rv32imacxw/ilp32\libg_nano.a(lib_a-memcpy.o)
                              ./User/DataModel.o (memcpy)
c:/mounriver/mounriver_studio/toolchain/risc-v embedded gcc/bin/../lib/gcc/riscv-none-embed/8.2.0/../../../../riscv-none-embed/lib/rv32imacxw/ilp32\libg_nano.a(lib_a-memmove.o)
                              ./CANopenNode/301/CO_SDOserver.o (memmove)
c:/mounriver/mounriver_studio/toolchain/risc-v embedded gcc/bin/../lib/gcc/riscv-none-embed/8.2.0/../../../../riscv-none-embed/lib/rv32imacxw/ilp32\libg_nano.a(lib_a-memset.o)
                              ./User/DataModel.o (memset)
c:/mounriver/mounriver_studio/toolchain/risc-v embedded gcc/bin/../lib/gcc/riscv-none-embed/8.2.0/../../../../riscv-none-embed/lib/rv32imacxw/ilp32\libg_nano.a(lib_a-nano-callocr.o)
[...]
Memory Configuration

Name             Origin             Length             Attributes
FLASH            0x0000000000000000 0x0000000000010000 xr
RAM              0x0000000020000000 0x0000000000005000 xrw
*default*        0x0000000000000000 0xffffffffffffffff

Linker script and memory map

LOAD ./User/CanOpenNode.o
LOAD ./User/DataModel.o
LOAD ./User/ch32v20x_it.o
LOAD ./User/dash_draw.o
LOAD ./User/init.o
LOAD ./User/inputs.o
LOAD ./User/led.o
LOAD ./User/main.o
LOAD ./User/process.o
LOAD ./User/system_ch32v20x.o
LOAD ./User/system_init.o
LOAD ./Startup/startup_ch32v20x_D6.o
LOAD ./Peripheral/src/ch32v20x_adc.o
LOAD ./Peripheral/src/ch32v20x_bkp.o
LOAD ./Peripheral/src/ch32v20x_can.o
LOAD ./Peripheral/src/ch32v20x_crc.o
LOAD ./Peripheral/src/ch32v20x_dbgmcu.o
LOAD ./Peripheral/src/ch32v20x_dma.o
LOAD ./Peripheral/src/ch32v20x_exti.o
LOAD ./Peripheral/src/ch32v20x_flash.o
LOAD ./Peripheral/src/ch32v20x_gpio.o
LOAD ./Peripheral/src/ch32v20x_i2c.o
LOAD ./Peripheral/src/ch32v20x_iwdg.o
LOAD ./Peripheral/src/ch32v20x_misc.o
LOAD ./Peripheral/src/ch32v20x_opa.o
LOAD ./Peripheral/src/ch32v20x_pwr.o
LOAD ./Peripheral/src/ch32v20x_rcc.o
LOAD ./Peripheral/src/ch32v20x_rtc.o
LOAD ./Peripheral/src/ch32v20x_spi.o
LOAD ./Peripheral/src/ch32v20x_tim.o
LOAD ./Peripheral/src/ch32v20x_usart.o
LOAD ./Peripheral/src/ch32v20x_wwdg.o
LOAD ./HWLIB/hw_lib_adc.o
LOAD ./HWLIB/hw_lib_din.o
LOAD ./HWLIB/hw_lib_eeprom.o
LOAD ./HWLIB/hw_lib_keyboard.o
LOAD ./HAL/hal_adc.o
LOAD ./HAL/hal_can.o
LOAD ./HAL/hal_dma.o
LOAD ./HAL/hal_gpio.o
LOAD ./HAL/hal_i2c.o
LOAD ./HAL/hal_rtc.o
LOAD ./HAL/hal_spi.o
LOAD ./HAL/hal_timers.o
LOAD ./HAL/hal_wdt.o
LOAD ./FreeRTOS/portable/MemMang/heap_4.o
LOAD ./FreeRTOS/portable/GCC/RISC-V/port.o
LOAD ./FreeRTOS/portable/GCC/RISC-V/portASM.o
LOAD ./FreeRTOS/croutine.o
LOAD ./FreeRTOS/event_groups.o
LOAD ./FreeRTOS/list.o
LOAD ./FreeRTOS/queue.o
LOAD ./FreeRTOS/stream_buffer.o
LOAD ./FreeRTOS/tasks.o
LOAD ./FreeRTOS/timers.o
LOAD ./Drivers/filters.o
LOAD ./Debug/debug.o
LOAD ./Core/core_riscv.o
LOAD ./CANopenNode/keypad/CO_driver_ST32F103.o
LOAD ./CANopenNode/keypad/OD.o
LOAD ./CANopenNode/extra/CO_trace.o
LOAD ./CANopenNode/309/CO_gateway_ascii.o
LOAD ./CANopenNode/305/CO_LSSmaster.o
LOAD ./CANopenNode/305/CO_LSSslave.o
LOAD ./CANopenNode/304/CO_GFC.o
LOAD ./CANopenNode/304/CO_SRDO.o
LOAD ./CANopenNode/303/CO_LEDs.o
LOAD ./CANopenNode/301/CO_Emergency.o
LOAD ./CANopenNode/301/CO_HBconsumer.o
LOAD ./CANopenNode/301/CO_NMT_Heartbeat.o
LOAD ./CANopenNode/301/CO_ODinterface.o
LOAD ./CANopenNode/301/CO_PDO.o
LOAD ./CANopenNode/301/CO_SDOclient.o
LOAD ./CANopenNode/301/CO_SDOserver.o
LOAD ./CANopenNode/301/CO_SYNC.o
LOAD ./CANopenNode/301/CO_TIME.o
LOAD ./CANopenNode/301/CO_fifo.o
LOAD ./CANopenNode/301/crc16-ccitt.o
LOAD ./CANopenNode/CANopen.o
LOAD c:/mounriver/mounriver_studio/toolchain/risc-v embedded gcc/bin/../lib/gcc/riscv-none-embed/8.2.0/../../../../riscv-none-embed/lib/rv32imacxw/ilp32\libm.a
LOAD c:/mounriver/mounriver_studio/toolchain/risc-v embedded gcc/bin/../lib/gcc/riscv-none-embed/8.2.0/rv32imacxw/ilp32\libgcc.a
LOAD c:/mounriver/mounriver_studio/toolchain/risc-v embedded gcc/bin/../lib/gcc/riscv-none-embed/8.2.0/../../../../riscv-none-embed/lib/rv32imacxw/ilp32\libg_nano.a
LOAD c:/mounriver/mounriver_studio/toolchain/risc-v embedded gcc/bin/../lib/gcc/riscv-none-embed/8.2.0/../../../../riscv-none-embed/lib/rv32imacxw/ilp32\libc_nano.a
LOAD c:/mounriver/mounriver_studio/toolchain/risc-v embedded gcc/bin/../lib/gcc/riscv-none-embed/8.2.0/rv32imacxw/ilp32\libgcc.a
START GROUP
LOAD c:/mounriver/mounriver_studio/toolchain/risc-v embedded gcc/bin/../lib/gcc/riscv-none-embed/8.2.0/rv32imacxw/ilp32\libgcc.a
LOAD c:/mounriver/mounriver_studio/toolchain/risc-v embedded gcc/bin/../lib/gcc/riscv-none-embed/8.2.0/../../../../riscv-none-embed/lib/rv32imacxw/ilp32\libc_nano.a
LOAD c:/mounriver/mounriver_studio/toolchain/risc-v embedded gcc/bin/../lib/gcc/riscv-none-embed/8.2.0/../../../../riscv-none-embed/lib/rv32imacxw/ilp32\libnosys.a
END GROUP
START GROUP
LOAD c:/mounriver/mounriver_studio/toolchain/risc-v embedded gcc/bin/../lib/gcc/riscv-none-embed/8.2.0/rv32imacxw/ilp32\libgcc.a
LOAD c:/mounriver/mounriver_studio/toolchain/risc-v embedded gcc/bin/../lib/gcc/riscv-none-embed/8.2.0/../../../../riscv-none-embed/lib/rv32imacxw/ilp32\libc_nano.a
LOAD c:/mounriver/mounriver_studio/toolchain/risc-v embedded gcc/bin/../lib/gcc/riscv-none-embed/8.2.0/../../../../riscv-none-embed/lib/rv32imacxw/ilp32\libnosys.a
END GROUP
                0x0000000000000800                __stack_size = 0x800
                [!provide]                        PROVIDE (_stack_size = __stack_size)

.init           0x0000000000000000       0x38
                0x0000000000000000                _sinit = .
                0x0000000000000000                . = ALIGN (0x4)
 *(SORT_NONE(.init))
 .init          0x0000000000000000       0x38 ./Startup/startup_ch32v20x_D6.o
                0x0000000000000000                _start
                0x0000000000000038                . = ALIGN (0x4)
                0x0000000000000038                _einit = .

.vector         0x0000000000000038      0x108
 *(.vector)
 .vector        0x0000000000000038       0xfc ./Startup/startup_ch32v20x_D6.o
                0x0000000000000140                . = ALIGN (0x40)
 *fill*         0x0000000000000134        0xc 

.text           0x0000000000000200     0xf348
                0x0000000000000200                . = ALIGN (0x4)
 *(.text)
 .text          0x0000000000000200      0x2ee ./FreeRTOS/portable/GCC/RISC-V/portASM.o
                0x0000000000000200                SW_Handler
                0x0000000000000300                xPortStartFirstTask
                0x0000000000000400                pxPortInitialiseStack
 .text          0x00000000000004ee       0x60 c:/mounriver/mounriver_studio/toolchain/risc-v embedded gcc/bin/../lib/gcc/riscv-none-embed/8.2.0/rv32imacxw/ilp32\libgcc.a(save-restore.o)
                0x00000000000004ee                __riscv_save_12
                0x00000000000004f6                __riscv_save_9
                0x00000000000004f6                __riscv_save_11
                0x00000000000004f6                __riscv_save_10
                0x00000000000004f6                __riscv_save_8
                0x0000000000000504                __riscv_save_4
                0x0000000000000504                __riscv_save_6
                0x0000000000000504                __riscv_save_5
                0x0000000000000504                __riscv_save_7
                0x000000000000051e                __riscv_save_3
                0x000000000000051e                __riscv_save_2
                0x000000000000051e                __riscv_save_1
                0x000000000000051e                __riscv_save_0
                0x000000000000052a                __riscv_restore_12
                0x000000000000052e                __riscv_restore_11
                0x000000000000052e                __riscv_restore_9
                0x000000000000052e                __riscv_restore_10
                0x000000000000052e                __riscv_restore_8
                0x0000000000000538                __riscv_restore_5
                0x0000000000000538                __riscv_restore_7
                0x0000000000000538                __riscv_restore_6
                0x0000000000000538                __riscv_restore_4
                0x0000000000000542                __riscv_restore_3
                0x0000000000000542                __riscv_restore_0
                0x0000000000000542                __riscv_restore_2
                0x0000000000000542                __riscv_restore_1
 .text          0x000000000000054e       0xa8 c:/mounriver/mounriver_studio/toolchain/risc-v embedded gcc/bin/../lib/gcc/riscv-none-embed/8.2.0/../../../../riscv-none-embed/lib/rv32imacxw/ilp32\libg_nano.a(lib_a-memset.o)
                0x000000000000054e                memset
 *(.text.*)
 .text.xCanOpenProcessTaskHandle
                0x00000000000005f6        0xa ./User/CanOpenNode.o
                0x00000000000005f6                xCanOpenProcessTaskHandle
 .text.xCanOpenPeriodicTaskHandle
                0x0000000000000600        0xa ./User/CanOpenNode.o
                0x0000000000000600                xCanOpenPeriodicTaskHandle
 .text.vCanOpenInit
                0x000000000000060a        0xa ./User/CanOpenNode.o
                0x000000000000060a                vCanOpenInit
 .text.vCanOpenProcess
                0x0000000000000614      0x192 ./User/CanOpenNode.o
                0x0000000000000614                vCanOpenProcess
 .text.vCanOpenPeriodicProcess
                0x00000000000007a6       0x82 ./User/CanOpenNode.o
                0x00000000000007a6                vCanOpenPeriodicProcess
 .text.setReg32
                0x0000000000000828       0x1a ./User/DataModel.o
                0x0000000000000828                setReg32
 .text.setReg16
                0x0000000000000842        0xe ./User/DataModel.o
                0x0000000000000842                setReg16
 .text.setReg   0x0000000000000850       0x32 ./User/DataModel.o
                0x0000000000000850                setReg
 .text.SaveReg16
                0x0000000000000882       0x14 ./User/DataModel.o
                0x0000000000000882                SaveReg16
 .text.getReg16
                0x0000000000000896       0x10 ./User/DataModel.o
                0x0000000000000896                getReg16
 .text.DataModel_Init
                0x00000000000008a6      0x47c ./User/DataModel.o
                0x00000000000008a6                DataModel_Init
 .text.getReg32
                0x0000000000000d22       0x1c ./User/DataModel.o
                0x0000000000000d22                getReg32
 .text.getReg8  0x0000000000000d3e        0xa ./User/DataModel.o
                0x0000000000000d3e                getReg8
 .text.WriteReg
                0x0000000000000d48       0x56 ./User/DataModel.o
                0x0000000000000d48                WriteReg
 .text.vGetBitrate
                0x0000000000000d9e       0x2a ./User/DataModel.o
                0x0000000000000d9e                vGetBitrate
 .text.vFDGetNMTState
                0x0000000000000dc8        0x6 ./User/DataModel.o
                0x0000000000000dc8                vFDGetNMTState
 .text.vGetNodeId
                0x0000000000000dce        0x6 ./User/DataModel.o
                0x0000000000000dce                vGetNodeId
 .text.vIncrementSystemCounters
                0x0000000000000dd4       0x68 ./User/DataModel.o
                0x0000000000000dd4                vIncrementSystemCounters
 .text.vSaveData
                0x0000000000000e3c       0x2c ./User/DataModel.o
                0x0000000000000e3c                vSaveData
 .text.getOdometr
                0x0000000000000e68       0x12 ./User/DataModel.o
                0x0000000000000e68                getOdometr
 .text.NMI_Handler
                0x0000000000000e7a        0x2 ./User/ch32v20x_it.o
                0x0000000000000e7a                NMI_Handler
 .text.HardFault_Handler
                0x0000000000000e7c       0x66 ./User/ch32v20x_it.o
                0x0000000000000e7c                HardFault_Handler
 .text.SegPrint.constprop.4
                0x0000000000000ee2       0x56 ./User/dash_draw.o
 .text.xProcessTaskHandle
                0x0000000000000f38        0xa ./User/dash_draw.o
                0x0000000000000f38                xProcessTaskHandle
 .text.vSetErrorReg
                0x0000000000000f42        0xa ./User/dash_draw.o
                0x0000000000000f42                vSetErrorReg
 .text.getODValue
                0x0000000000000f4c      0x126 ./User/dash_draw.o
                0x0000000000000f4c                getODValue
 .text.IncMenuIndex
                0x0000000000001072       0x80 ./User/dash_draw.o
                0x0000000000001072                IncMenuIndex
 .text.GoToHome
                0x00000000000010f2       0x12 ./User/dash_draw.o
                0x00000000000010f2                GoToHome
 .text.SetCurMenuHome
                0x0000000000001104       0x1e ./User/dash_draw.o
                0x0000000000001104                SetCurMenuHome
 .text.GetCurMenuHome
                0x0000000000001122        0x6 ./User/dash_draw.o
                0x0000000000001122                GetCurMenuHome
 .text.SetCurrentMenu
                0x0000000000001128       0x12 ./User/dash_draw.o
                0x0000000000001128                SetCurrentMenu
 .text.SetDefault
                0x000000000000113a       0x28 ./User/dash_draw.o
                0x000000000000113a                SetDefault
 .text.MenuBackHomeCheck
                0x0000000000001162       0x38 ./User/dash_draw.o
                0x0000000000001162                MenuBackHomeCheck
 .text.CheckMenuChannel
                0x000000000000119a       0x20 ./User/dash_draw.o
                0x000000000000119a                CheckMenuChannel
 .text.vDashDrawInit
                0x00000000000011ba       0x78 ./User/dash_draw.o
                0x00000000000011ba                vDashDrawInit
 .text.SetErrorRegiter
                0x0000000000001232       0x5e ./User/dash_draw.o
                0x0000000000001232                SetErrorRegiter
 .text.uGetCurrMenu
                0x0000000000001290       0x26 ./User/dash_draw.o
                0x0000000000001290                uGetCurrMenu
 .text.vRGBOff  0x00000000000012b6       0x26 ./User/dash_draw.o
                0x00000000000012b6                vRGBOff
 .text.vGetEdgeData
                0x00000000000012dc       0x2a ./User/dash_draw.o
                0x00000000000012dc                vGetEdgeData
 .text.vRGBMode
                0x0000000000001306       0xbe ./User/dash_draw.o
                0x0000000000001306                vRGBMode
 .text.vBarColorMode
                0x00000000000013c4       0xc2 ./User/dash_draw.o
                0x00000000000013c4                vBarColorMode
 .text.vBarWindowMode
                0x0000000000001486       0x5a ./User/dash_draw.o
                0x0000000000001486                vBarWindowMode
 .text.vBarMode
                0x00000000000014e0       0x66 ./User/dash_draw.o
                0x00000000000014e0                vBarMode
 .text.RedrawNotifyTaskToInit
                0x0000000000001546       0x28 ./User/dash_draw.o
                0x0000000000001546                RedrawNotifyTaskToInit
 .text.vRedrawTask
                0x000000000000156e      0x5fa ./User/dash_draw.o
                0x000000000000156e                vRedrawTask
 .text.vInit_DeviceConfig
                0x0000000000001b68      0x162 ./User/init.o
                0x0000000000001b68                vInit_DeviceConfig
 .text.ADC1_Event
                0x0000000000001cca       0x48 ./User/inputs.o
                0x0000000000001cca                ADC1_Event
 .text.CaptureCallBack
                0x0000000000001d12       0x30 ./User/inputs.o
                0x0000000000001d12                CaptureCallBack
 .text.fDinStateCallback
                0x0000000000001d42       0x32 ./User/inputs.o
                0x0000000000001d42                fDinStateCallback
 .text.vSetDoutState
                0x0000000000001d74       0x28 ./User/inputs.o
                0x0000000000001d74                vSetDoutState
 .text.getInputsTaskHandle
                0x0000000000001d9c        0xa ./User/inputs.o
                0x0000000000001d9c                getInputsTaskHandle
 .text.InputsNotifyTaskToInit
                0x0000000000001da6       0x28 ./User/inputs.o
                0x0000000000001da6                InputsNotifyTaskToInit
 .text.ADC1_Init
                0x0000000000001dce       0x54 ./User/inputs.o
                0x0000000000001dce                ADC1_Init
 .text.ADC_FSM  0x0000000000001e22       0xfe ./User/inputs.o
                0x0000000000001e22                ADC_FSM
 .text.GetAIN   0x0000000000001f20        0xc ./User/inputs.o
                0x0000000000001f20                GetAIN
 .text.vInputsTask
                0x0000000000001f2c      0x324 ./User/inputs.o
                0x0000000000001f2c                vInputsTask
 .text.SPI1_DMA_Callback
                0x0000000000002250       0x38 ./User/led.o
                0x0000000000002250                SPI1_DMA_Callback
 .text.SPI2_DMA_Callback
                0x0000000000002288       0x3e ./User/led.o
                0x0000000000002288                SPI2_DMA_Callback
 .text.SetBarState
                0x00000000000022c6       0x50 ./User/led.o
                0x00000000000022c6                SetBarState
 .text.SetRGB   0x0000000000002316       0xa2 ./User/led.o
                0x0000000000002316                SetRGB
 .text.SetSegDirect
                0x00000000000023b8       0x9c ./User/led.o
                0x00000000000023b8                SetSegDirect
 .text.SetSegPoint
                0x0000000000002454       0x22 ./User/led.o
                0x0000000000002454                SetSegPoint
 .text.SetSEG   0x0000000000002476      0x122 ./User/led.o
                0x0000000000002476                SetSEG
 .text.SetBigSeg
                0x0000000000002598       0x14 ./User/led.o
                0x0000000000002598                SetBigSeg
 .text.vSetBrigth
                0x00000000000025ac       0x2a ./User/led.o
                0x00000000000025ac                vSetBrigth
 .text.vLedDriverStart
                0x00000000000025d6       0x62 ./User/led.o
                0x00000000000025d6                vLedDriverStart
 .text.vLedProcess
                0x0000000000002638       0x2c ./User/led.o
                0x0000000000002638                vLedProcess
 .text.vRGBProcess
                0x0000000000002664      0x10e ./User/led.o
                0x0000000000002664                vRGBProcess
 .text.startup.main
                0x0000000000002772       0x4a ./User/main.o
                0x0000000000002772                main
 .text.vRestartNode
                0x00000000000027bc        0x2 ./User/main.o
                0x00000000000027bc                vRestartNode
 .text.Error_Handler
                0x00000000000027be        0x8 ./User/main.o
                0x00000000000027be                Error_Handler
 .text.OD_writeV1_7
                0x00000000000027c6       0x34 ./User/process.o
 .text.OD_writeV8_14
                0x00000000000027fa       0x34 ./User/process.o
 .text.OD_writeRGBMAP
                0x000000000000282e       0x40 ./User/process.o
 .text.OD_writeBitrate
                0x000000000000286e       0x32 ./User/process.o
 .text.OD_readAIN_RPM
                0x00000000000028a0       0x24 ./User/process.o
 .text.OD_readDIN
                0x00000000000028c4       0x1c ./User/process.o
 .text.OD_writeMenuSetup
                0x00000000000028e0       0x56 ./User/process.o
 .text.CO_getUint16
                0x0000000000002936       0x10 ./User/process.o
 .text.OD_writeV15_17
                0x0000000000002946       0x38 ./User/process.o
 .text.OD_writeBAR
                0x000000000000297e       0x36 ./User/process.o
 .text.WriteRGB
                0x00000000000029b4       0x42 ./User/process.o
 .text.OD_writeRGB1
                0x00000000000029f6       0x16 ./User/process.o
 .text.OD_writeRGB2
                0x0000000000002a0c       0x18 ./User/process.o
 .text.OD_writeRGB3
                0x0000000000002a24       0x18 ./User/process.o
 .text.OD_writeRGB4
                0x0000000000002a3c       0x18 ./User/process.o
 .text.OD_writeRGB5
                0x0000000000002a54       0x18 ./User/process.o
 .text.OD_writeRGB6
                0x0000000000002a6c       0x18 ./User/process.o
 .text.OD_writeRGB7
                0x0000000000002a84       0x18 ./User/process.o
 .text.OD_writeRGB8
                0x0000000000002a9c       0x18 ./User/process.o
 .text.OD_writeRGB9
                0x0000000000002ab4       0x18 ./User/process.o
 .text.OD_writeRGB10
                0x0000000000002acc       0x18 ./User/process.o
 .text.OD_writeRGB11
                0x0000000000002ae4       0x18 ./User/process.o
 .text.OD_writeRGB12
                0x0000000000002afc       0x18 ./User/process.o
 .text.OD_writeRGB13
                0x0000000000002b14       0x18 ./User/process.o
 .text.OD_writeSEG
                0x0000000000002b2c       0x48 ./User/process.o
 .text.CO_getUint32
                0x0000000000002b74       0x18 ./User/process.o
 .text.OD_writeRPMConfig
                0x0000000000002b8c       0x3a ./User/process.o
 .text.OD_writeMenuMap
                0x0000000000002bc6       0x36 ./User/process.o
 .text.OD_writeERROR_REG
                0x0000000000002bfc       0x2a ./User/process.o
 .text.OD_writeDashParam
                0x0000000000002c26       0x4e ./User/process.o
 .text.OD_readDashParam
                0x0000000000002c74       0x4a ./User/process.o
 .text.writeADC.isra.2
                0x0000000000002cbe       0x7a ./User/process.o
 .text.OD_writeADC1
                0x0000000000002d38       0x2a ./User/process.o
 .text.OD_writeADC2
                0x0000000000002d62       0x2a ./User/process.o
 .text.OD_writeADC3
                0x0000000000002d8c       0x2a ./User/process.o
 .text.OD_writeBrigth
                0x0000000000002db6       0x6a ./User/process.o
 .text.OD_readMenuSetup
                0x0000000000002e20       0x38 ./User/process.o
 .text.vProceesInit
                0x0000000000002e58      0x238 ./User/process.o
                0x0000000000002e58                vProceesInit
 .text.SystemInit
                0x0000000000003090       0xee ./User/system_ch32v20x.o
                0x0000000000003090                SystemInit
 .text.SystemCoreClockUpdate
                0x000000000000317e       0x92 ./User/system_ch32v20x.o
                0x000000000000317e                SystemCoreClockUpdate
 .text.StartDefaultTask
                0x0000000000003210       0x86 ./User/system_init.o
 .text.vApplicationGetIdleTaskMemory
                0x0000000000003296       0x1c ./User/system_init.o
                0x0000000000003296                vApplicationGetIdleTaskMemory
 .text.vApplicationGetTimerTaskMemory
                0x00000000000032b2       0x1c ./User/system_init.o
                0x00000000000032b2                vApplicationGetTimerTaskMemory
 .text.vSYStaskInit
                0x00000000000032ce      0x110 ./User/system_init.o
                0x00000000000032ce                vSYStaskInit
 .text.vSYSqueueInit
                0x00000000000033de        0x2 ./User/system_init.o
                0x00000000000033de                vSYSqueueInit
 .text.vSYSeventInit
                0x00000000000033e0        0x2 ./User/system_init.o
                0x00000000000033e0                vSYSeventInit
 .text.vector_handler
                0x00000000000033e2       0x6c ./Startup/startup_ch32v20x_D6.o
                0x00000000000033e6                Ecall_M_Mode_Handler
                0x00000000000033e8                Ecall_U_Mode_Handler
                0x00000000000033ea                Break_Point_Handler
                0x00000000000033f0                WWDG_IRQHandler
                0x00000000000033f2                PVD_IRQHandler
                0x00000000000033f4                TAMPER_IRQHandler
                0x00000000000033f8                FLASH_IRQHandler
                0x00000000000033fa                RCC_IRQHandler
                0x00000000000033fc                EXTI0_IRQHandler
                0x00000000000033fe                EXTI1_IRQHandler
                0x0000000000003400                EXTI2_IRQHandler
                0x0000000000003402                EXTI3_IRQHandler
                0x0000000000003404                EXTI4_IRQHandler
                0x0000000000003408                DMA1_Channel2_IRQHandler
                0x0000000000003410                DMA1_Channel6_IRQHandler
                0x000000000000341e                EXTI9_5_IRQHandler
                0x0000000000003420                TIM1_BRK_IRQHandler
                0x0000000000003424                TIM1_TRG_COM_IRQHandler
                0x0000000000003436                SPI1_IRQHandler
                0x0000000000003438                SPI2_IRQHandler
                0x000000000000343a                USART1_IRQHandler
                0x000000000000343c                USART2_IRQHandler
                0x000000000000343e                USART3_IRQHandler
                0x0000000000003440                EXTI15_10_IRQHandler
                0x0000000000003442                RTCAlarm_IRQHandler
                0x0000000000003444                USBWakeUp_IRQHandler
                0x0000000000003446                USBHD_IRQHandler
                0x0000000000003448                USBHDWakeUp_IRQHandler
                0x000000000000344a                UART4_IRQHandler
                0x000000000000344c                DMA1_Channel8_IRQHandler
 .text.handle_reset
                0x000000000000344e       0x92 ./Startup/startup_ch32v20x_D6.o
                0x000000000000344e                handle_reset
 .text.ADC_DeInit
                0x00000000000034e0       0x46 ./Peripheral/src/ch32v20x_adc.o
                0x00000000000034e0                ADC_DeInit
 .text.ADC_Init
                0x0000000000003526       0x56 ./Peripheral/src/ch32v20x_adc.o
                0x0000000000003526                ADC_Init
 .text.ADC_Cmd  0x000000000000357c       0x10 ./Peripheral/src/ch32v20x_adc.o
                0x000000000000357c                ADC_Cmd
 .text.ADC_DMACmd
                0x000000000000358c       0x12 ./Peripheral/src/ch32v20x_adc.o
                0x000000000000358c                ADC_DMACmd
 .text.ADC_ResetCalibration
                0x000000000000359e        0xa ./Peripheral/src/ch32v20x_adc.o
                0x000000000000359e                ADC_ResetCalibration
 .text.ADC_GetResetCalibrationStatus
                0x00000000000035a8        0x8 ./Peripheral/src/ch32v20x_adc.o
                0x00000000000035a8                ADC_GetResetCalibrationStatus
 .text.ADC_StartCalibration
                0x00000000000035b0        0xa ./Peripheral/src/ch32v20x_adc.o
                0x00000000000035b0                ADC_StartCalibration
 .text.ADC_GetCalibrationStatus
                0x00000000000035ba        0x8 ./Peripheral/src/ch32v20x_adc.o
                0x00000000000035ba                ADC_GetCalibrationStatus
 .text.ADC_SoftwareStartConvCmd
                0x00000000000035c2       0x18 ./Peripheral/src/ch32v20x_adc.o
                0x00000000000035c2                ADC_SoftwareStartConvCmd
 .text.ADC_RegularChannelConfig
                0x00000000000035da       0xb8 ./Peripheral/src/ch32v20x_adc.o
                0x00000000000035da                ADC_RegularChannelConfig
 .text.ADC_ExternalTrigConvCmd
                0x0000000000003692       0x18 ./Peripheral/src/ch32v20x_adc.o
                0x0000000000003692                ADC_ExternalTrigConvCmd
 .text.ADC_GetITStatus
                0x00000000000036aa       0x1c ./Peripheral/src/ch32v20x_adc.o
                0x00000000000036aa                ADC_GetITStatus
 .text.ADC_ClearITPendingBit
                0x00000000000036c6        0xa ./Peripheral/src/ch32v20x_adc.o
                0x00000000000036c6                ADC_ClearITPendingBit
 .text.ADC_BufferCmd
                0x00000000000036d0       0x18 ./Peripheral/src/ch32v20x_adc.o
                0x00000000000036d0                ADC_BufferCmd
 .text.Get_CalibrationValue
                0x00000000000036e8      0x1fe ./Peripheral/src/ch32v20x_adc.o
                0x00000000000036e8                Get_CalibrationValue
 .text.BKP_DeInit
                0x00000000000038e6       0x14 ./Peripheral/src/ch32v20x_bkp.o
                0x00000000000038e6                BKP_DeInit
 .text.CAN_Init
                0x00000000000038fa       0xe8 ./Peripheral/src/ch32v20x_can.o
                0x00000000000038fa                CAN_Init
 .text.CAN_FilterInit
                0x00000000000039e2      0x118 ./Peripheral/src/ch32v20x_can.o
                0x00000000000039e2                CAN_FilterInit
 .text.CAN_Transmit
                0x0000000000003afa       0xbc ./Peripheral/src/ch32v20x_can.o
                0x0000000000003afa                CAN_Transmit
 .text.CAN_Receive
                0x0000000000003bb6       0x8c ./Peripheral/src/ch32v20x_can.o
                0x0000000000003bb6                CAN_Receive
 .text.CAN_OperatingModeRequest
                0x0000000000003c42       0x72 ./Peripheral/src/ch32v20x_can.o
                0x0000000000003c42                CAN_OperatingModeRequest
 .text.CAN_ITConfig
                0x0000000000003cb4       0x12 ./Peripheral/src/ch32v20x_can.o
                0x0000000000003cb4                CAN_ITConfig
 .text.CAN_GetFlagStatus
                0x0000000000003cc6       0x56 ./Peripheral/src/ch32v20x_can.o
                0x0000000000003cc6                CAN_GetFlagStatus
 .text.CAN_ClearFlag
                0x0000000000003d1c       0x40 ./Peripheral/src/ch32v20x_can.o
                0x0000000000003d1c                CAN_ClearFlag
 .text.CAN_ClearITPendingBit
                0x0000000000003d5c       0x94 ./Peripheral/src/ch32v20x_can.o
                0x0000000000003d5c                CAN_ClearITPendingBit
 .text.DMA_Init
                0x0000000000003df0       0x38 ./Peripheral/src/ch32v20x_dma.o
                0x0000000000003df0                DMA_Init
 .text.DMA_Cmd  0x0000000000003e28       0x14 ./Peripheral/src/ch32v20x_dma.o
                0x0000000000003e28                DMA_Cmd
 .text.DMA_ITConfig
                0x0000000000003e3c       0x12 ./Peripheral/src/ch32v20x_dma.o
                0x0000000000003e3c                DMA_ITConfig
 .text.DMA_SetCurrDataCounter
                0x0000000000003e4e        0x4 ./Peripheral/src/ch32v20x_dma.o
                0x0000000000003e4e                DMA_SetCurrDataCounter
 .text.DMA_GetFlagStatus
                0x0000000000003e52        0xe ./Peripheral/src/ch32v20x_dma.o
                0x0000000000003e52                DMA_GetFlagStatus
 .text.DMA_GetITStatus
                0x0000000000003e60        0xc ./Peripheral/src/ch32v20x_dma.o
                0x0000000000003e60                DMA_GetITStatus
 .text.DMA_ClearITPendingBit
                0x0000000000003e6c        0x8 ./Peripheral/src/ch32v20x_dma.o
                0x0000000000003e6c                DMA_ClearITPendingBit
 .text.GPIO_Init
                0x0000000000003e74       0xfa ./Peripheral/src/ch32v20x_gpio.o
                0x0000000000003e74                GPIO_Init
 .text.GPIO_ReadInputDataBit
                0x0000000000003f6e       0x1e ./Peripheral/src/ch32v20x_gpio.o
                0x0000000000003f6e                GPIO_ReadInputDataBit
 .text.GPIO_SetBits
                0x0000000000003f8c       0x18 ./Peripheral/src/ch32v20x_gpio.o
                0x0000000000003f8c                GPIO_SetBits
 .text.GPIO_ResetBits
                0x0000000000003fa4       0x18 ./Peripheral/src/ch32v20x_gpio.o
                0x0000000000003fa4                GPIO_ResetBits
 .text.GPIO_PinRemapConfig
                0x0000000000003fbc       0xf2 ./Peripheral/src/ch32v20x_gpio.o
                0x0000000000003fbc                GPIO_PinRemapConfig
 .text.I2C_Init
                0x00000000000040ae       0xf2 ./Peripheral/src/ch32v20x_i2c.o
                0x00000000000040ae                I2C_Init
 .text.I2C_Cmd  0x00000000000041a0       0x18 ./Peripheral/src/ch32v20x_i2c.o
                0x00000000000041a0                I2C_Cmd
 .text.I2C_GenerateSTART
                0x00000000000041b8       0x1a ./Peripheral/src/ch32v20x_i2c.o
                0x00000000000041b8                I2C_GenerateSTART
 .text.I2C_GenerateSTOP
                0x00000000000041d2       0x1a ./Peripheral/src/ch32v20x_i2c.o
                0x00000000000041d2                I2C_GenerateSTOP
 .text.I2C_AcknowledgeConfig
                0x00000000000041ec       0x1a ./Peripheral/src/ch32v20x_i2c.o
                0x00000000000041ec                I2C_AcknowledgeConfig
 .text.I2C_DualAddressCmd
                0x0000000000004206       0x18 ./Peripheral/src/ch32v20x_i2c.o
                0x0000000000004206                I2C_DualAddressCmd
 .text.I2C_ITConfig
                0x000000000000421e       0x12 ./Peripheral/src/ch32v20x_i2c.o
                0x000000000000421e                I2C_ITConfig
 .text.I2C_SendData
                0x0000000000004230        0x4 ./Peripheral/src/ch32v20x_i2c.o
                0x0000000000004230                I2C_SendData
 .text.I2C_ReceiveData
                0x0000000000004234        0x8 ./Peripheral/src/ch32v20x_i2c.o
                0x0000000000004234                I2C_ReceiveData
 .text.I2C_Send7bitAddress
                0x000000000000423c       0x12 ./Peripheral/src/ch32v20x_i2c.o
                0x000000000000423c                I2C_Send7bitAddress
 .text.I2C_ReadRegister
                0x000000000000424e       0x14 ./Peripheral/src/ch32v20x_i2c.o
                0x000000000000424e                I2C_ReadRegister
 .text.I2C_GetFlagStatus
                0x0000000000004262       0x32 ./Peripheral/src/ch32v20x_i2c.o
                0x0000000000004262                I2C_GetFlagStatus
 .text.I2C_ClearFlag
                0x0000000000004294        0xc ./Peripheral/src/ch32v20x_i2c.o
                0x0000000000004294                I2C_ClearFlag
 .text.NVIC_PriorityGroupConfig
                0x00000000000042a0        0xa ./Peripheral/src/ch32v20x_misc.o
                0x00000000000042a0                NVIC_PriorityGroupConfig
 .text.NVIC_Init
                0x00000000000042aa       0xaa ./Peripheral/src/ch32v20x_misc.o
                0x00000000000042aa                NVIC_Init
 .text.PWR_BackupAccessCmd
                0x0000000000004354       0x16 ./Peripheral/src/ch32v20x_pwr.o
                0x0000000000004354                PWR_BackupAccessCmd
 .text.RCC_ADCCLKConfig
                0x000000000000436a       0x12 ./Peripheral/src/ch32v20x_rcc.o
                0x000000000000436a                RCC_ADCCLKConfig
 .text.RCC_LSEConfig
                0x000000000000437c       0x28 ./Peripheral/src/ch32v20x_rcc.o
                0x000000000000437c                RCC_LSEConfig
 .text.RCC_RTCCLKConfig
                0x00000000000043a4        0xc ./Peripheral/src/ch32v20x_rcc.o
                0x00000000000043a4                RCC_RTCCLKConfig
 .text.RCC_RTCCLKCmd
                0x00000000000043b0       0x20 ./Peripheral/src/ch32v20x_rcc.o
                0x00000000000043b0                RCC_RTCCLKCmd
 .text.RCC_GetClocksFreq
                0x00000000000043d0       0xbe ./Peripheral/src/ch32v20x_rcc.o
                0x00000000000043d0                RCC_GetClocksFreq
 .text.RCC_AHBPeriphClockCmd
                0x000000000000448e       0x1e ./Peripheral/src/ch32v20x_rcc.o
                0x000000000000448e                RCC_AHBPeriphClockCmd
 .text.RCC_APB2PeriphClockCmd
                0x00000000000044ac       0x1e ./Peripheral/src/ch32v20x_rcc.o
                0x00000000000044ac                RCC_APB2PeriphClockCmd
 .text.RCC_APB1PeriphClockCmd
                0x00000000000044ca       0x1e ./Peripheral/src/ch32v20x_rcc.o
                0x00000000000044ca                RCC_APB1PeriphClockCmd
 .text.RCC_APB2PeriphResetCmd
                0x00000000000044e8       0x1e ./Peripheral/src/ch32v20x_rcc.o
                0x00000000000044e8                RCC_APB2PeriphResetCmd
 .text.RCC_APB1PeriphResetCmd
                0x0000000000004506       0x1e ./Peripheral/src/ch32v20x_rcc.o
                0x0000000000004506                RCC_APB1PeriphResetCmd
 .text.RCC_BackupResetCmd
                0x0000000000004524       0x20 ./Peripheral/src/ch32v20x_rcc.o
                0x0000000000004524                RCC_BackupResetCmd
 .text.RCC_GetFlagStatus
                0x0000000000004544       0x2e ./Peripheral/src/ch32v20x_rcc.o
                0x0000000000004544                RCC_GetFlagStatus
 .text.RTC_ITConfig
                0x0000000000004572       0x1a ./Peripheral/src/ch32v20x_rtc.o
                0x0000000000004572                RTC_ITConfig
 .text.RTC_EnterConfigMode
                0x000000000000458c       0x12 ./Peripheral/src/ch32v20x_rtc.o
                0x000000000000458c                RTC_EnterConfigMode
 .text.RTC_ExitConfigMode
                0x000000000000459e       0x18 ./Peripheral/src/ch32v20x_rtc.o
                0x000000000000459e                RTC_ExitConfigMode
 .text.RTC_SetPrescaler
                0x00000000000045b6       0x2e ./Peripheral/src/ch32v20x_rtc.o
                0x00000000000045b6                RTC_SetPrescaler
 .text.RTC_WaitForLastTask
                0x00000000000045e4       0x10 ./Peripheral/src/ch32v20x_rtc.o
                0x00000000000045e4                RTC_WaitForLastTask
 .text.RTC_WaitForSynchro
                0x00000000000045f4       0x24 ./Peripheral/src/ch32v20x_rtc.o
                0x00000000000045f4                RTC_WaitForSynchro
 .text.RTC_ClearFlag
                0x0000000000004618       0x14 ./Peripheral/src/ch32v20x_rtc.o
                0x0000000000004618                RTC_ClearFlag
 .text.RTC_GetITStatus
                0x000000000000462c       0x20 ./Peripheral/src/ch32v20x_rtc.o
                0x000000000000462c                RTC_GetITStatus
 .text.RTC_ClearITPendingBit
                0x000000000000464c        0xc ./Peripheral/src/ch32v20x_rtc.o
                0x000000000000464c                RTC_ClearITPendingBit
 .text.SPI_I2S_DeInit
                0x0000000000004658       0x3e ./Peripheral/src/ch32v20x_spi.o
                0x0000000000004658                SPI_I2S_DeInit
 .text.SPI_Init
                0x0000000000004696       0x3e ./Peripheral/src/ch32v20x_spi.o
                0x0000000000004696                SPI_Init
 .text.SPI_Cmd  0x00000000000046d4       0x1a ./Peripheral/src/ch32v20x_spi.o
                0x00000000000046d4                SPI_Cmd
 .text.SPI_I2S_DMACmd
                0x00000000000046ee       0x12 ./Peripheral/src/ch32v20x_spi.o
                0x00000000000046ee                SPI_I2S_DMACmd
 .text.SPI_I2S_GetFlagStatus
                0x0000000000004700        0xa ./Peripheral/src/ch32v20x_spi.o
                0x0000000000004700                SPI_I2S_GetFlagStatus
 .text.SPI_I2S_ClearFlag
                0x000000000000470a        0xc ./Peripheral/src/ch32v20x_spi.o
                0x000000000000470a                SPI_I2S_ClearFlag
 .text.TI1_Config
                0x0000000000004716       0x6a ./Peripheral/src/ch32v20x_tim.o
 .text.TI2_Config
                0x0000000000004780       0x82 ./Peripheral/src/ch32v20x_tim.o
 .text.TIM_DeInit
                0x0000000000004802       0x8a ./Peripheral/src/ch32v20x_tim.o
                0x0000000000004802                TIM_DeInit
 .text.TIM_TimeBaseInit
                0x000000000000488c       0x6a ./Peripheral/src/ch32v20x_tim.o
                0x000000000000488c                TIM_TimeBaseInit
 .text.TIM_OC1Init
                0x00000000000048f6       0x6a ./Peripheral/src/ch32v20x_tim.o
                0x00000000000048f6                TIM_OC1Init
 .text.TIM_OC2Init
                0x0000000000004960       0x96 ./Peripheral/src/ch32v20x_tim.o
                0x0000000000004960                TIM_OC2Init
 .text.TIM_OC3Init
                0x00000000000049f6       0x94 ./Peripheral/src/ch32v20x_tim.o
                0x00000000000049f6                TIM_OC3Init
 .text.TIM_OC4Init
                0x0000000000004a8a       0x6c ./Peripheral/src/ch32v20x_tim.o
                0x0000000000004a8a                TIM_OC4Init
 .text.TIM_TimeBaseStructInit
                0x0000000000004af6       0x16 ./Peripheral/src/ch32v20x_tim.o
                0x0000000000004af6                TIM_TimeBaseStructInit
 .text.TIM_Cmd  0x0000000000004b0c       0x18 ./Peripheral/src/ch32v20x_tim.o
                0x0000000000004b0c                TIM_Cmd
 .text.TIM_CtrlPWMOutputs
                0x0000000000004b24       0x16 ./Peripheral/src/ch32v20x_tim.o
                0x0000000000004b24                TIM_CtrlPWMOutputs
 .text.TIM_ITConfig
                0x0000000000004b3a       0x12 ./Peripheral/src/ch32v20x_tim.o
                0x0000000000004b3a                TIM_ITConfig
 .text.TIM_DMACmd
                0x0000000000004b4c        0xc ./Peripheral/src/ch32v20x_tim.o
                0x0000000000004b4c                TIM_DMACmd
 .text.TIM_InternalClockConfig
                0x0000000000004b58       0x10 ./Peripheral/src/ch32v20x_tim.o
                0x0000000000004b58                TIM_InternalClockConfig
 .text.TIM_ARRPreloadConfig
                0x0000000000004b68       0x1a ./Peripheral/src/ch32v20x_tim.o
                0x0000000000004b68                TIM_ARRPreloadConfig
 .text.TIM_OC1PreloadConfig
                0x0000000000004b82        0xe ./Peripheral/src/ch32v20x_tim.o
                0x0000000000004b82                TIM_OC1PreloadConfig
 .text.TIM_OC2PreloadConfig
                0x0000000000004b90       0x16 ./Peripheral/src/ch32v20x_tim.o
                0x0000000000004b90                TIM_OC2PreloadConfig
 .text.TIM_OC3PreloadConfig
                0x0000000000004ba6        0xe ./Peripheral/src/ch32v20x_tim.o
                0x0000000000004ba6                TIM_OC3PreloadConfig
 .text.TIM_OC4PreloadConfig
                0x0000000000004bb4       0x16 ./Peripheral/src/ch32v20x_tim.o
                0x0000000000004bb4                TIM_OC4PreloadConfig
 .text.TIM_SetIC1Prescaler
                0x0000000000004bca       0x16 ./Peripheral/src/ch32v20x_tim.o
                0x0000000000004bca                TIM_SetIC1Prescaler
 .text.TIM_SetIC2Prescaler
                0x0000000000004be0       0x1a ./Peripheral/src/ch32v20x_tim.o
                0x0000000000004be0                TIM_SetIC2Prescaler
 .text.TIM_SetIC3Prescaler
                0x0000000000004bfa       0x16 ./Peripheral/src/ch32v20x_tim.o
                0x0000000000004bfa                TIM_SetIC3Prescaler
 .text.TIM_SetIC4Prescaler
                0x0000000000004c10       0x1a ./Peripheral/src/ch32v20x_tim.o
                0x0000000000004c10                TIM_SetIC4Prescaler
 .text.TIM_ICInit
                0x0000000000004c2a      0x168 ./Peripheral/src/ch32v20x_tim.o
                0x0000000000004c2a                TIM_ICInit
 .text.TIM_GetCapture3
                0x0000000000004d92        0x4 ./Peripheral/src/ch32v20x_tim.o
                0x0000000000004d92                TIM_GetCapture3
 .text.TIM_GetCapture4
                0x0000000000004d96        0x6 ./Peripheral/src/ch32v20x_tim.o
                0x0000000000004d96                TIM_GetCapture4
 .text.TIM_GetFlagStatus
                0x0000000000004d9c        0xa ./Peripheral/src/ch32v20x_tim.o
                0x0000000000004d9c                TIM_GetFlagStatus
 .text.TIM_ClearFlag
                0x0000000000004da6        0xc ./Peripheral/src/ch32v20x_tim.o
                0x0000000000004da6                TIM_ClearFlag
 .text.TIM_GetITStatus
                0x0000000000004db2       0x18 ./Peripheral/src/ch32v20x_tim.o
                0x0000000000004db2                TIM_GetITStatus
 .text.TIM_ClearITPendingBit
                0x0000000000004dca        0xc ./Peripheral/src/ch32v20x_tim.o
                0x0000000000004dca                TIM_ClearITPendingBit
 .text.USART_Init
                0x0000000000004dd6       0xbc ./Peripheral/src/ch32v20x_usart.o
                0x0000000000004dd6                USART_Init
 .text.USART_Cmd
                0x0000000000004e92       0x16 ./Peripheral/src/ch32v20x_usart.o
                0x0000000000004e92                USART_Cmd
 .text.USART_SendData
                0x0000000000004ea8        0x8 ./Peripheral/src/ch32v20x_usart.o
                0x0000000000004ea8                USART_SendData
 .text.USART_GetFlagStatus
                0x0000000000004eb0        0xa ./Peripheral/src/ch32v20x_usart.o
                0x0000000000004eb0                USART_GetFlagStatus
 .text.vAINInit
                0x0000000000004eba       0x36 ./HWLIB/hw_lib_adc.o
                0x0000000000004eba                vAINInit
 .text.fGetAinCalData
                0x0000000000004ef0       0xb2 ./HWLIB/hw_lib_adc.o
                0x0000000000004ef0                fGetAinCalData
 .text.eAinCalDataConfig
                0x0000000000004fa2       0x48 ./HWLIB/hw_lib_adc.o
                0x0000000000004fa2                eAinCalDataConfig
 .text.vABLineKoofFinde
                0x0000000000004fea       0x6a ./HWLIB/hw_lib_adc.o
                0x0000000000004fea                vABLineKoofFinde
 .text.eSetAinCalPoint
                0x0000000000005054       0x64 ./HWLIB/hw_lib_adc.o
                0x0000000000005054                eSetAinCalPoint
 .text.getADC1Buffer
                0x00000000000050b8        0xa ./HWLIB/hw_lib_adc.o
                0x00000000000050b8                getADC1Buffer
 .text.eDOUTConfigWtihStruct
                0x00000000000050c2       0x1a ./HWLIB/hw_lib_din.o
                0x00000000000050c2                eDOUTConfigWtihStruct
 .text.eSetDUT  0x00000000000050dc       0x12 ./HWLIB/hw_lib_din.o
                0x00000000000050dc                eSetDUT
 .text.eDinConfigWtihStruct
                0x00000000000050ee       0x32 ./HWLIB/hw_lib_din.o
                0x00000000000050ee                eDinConfigWtihStruct
 .text.uGetDIN  0x0000000000005120       0x14 ./HWLIB/hw_lib_din.o
                0x0000000000005120                uGetDIN
 .text.xGetDIN  0x0000000000005134       0x24 ./HWLIB/hw_lib_din.o
                0x0000000000005134                xGetDIN
 .text.eRPMConfig
                0x0000000000005158       0x5a ./HWLIB/hw_lib_din.o
                0x0000000000005158                eRPMConfig
 .text.RMPDataConvert
                0x00000000000051b2       0x78 ./HWLIB/hw_lib_din.o
                0x00000000000051b2                RMPDataConvert
 .text.getCaputreBuffer
                0x000000000000522a       0x16 ./HWLIB/hw_lib_din.o
                0x000000000000522a                getCaputreBuffer
 .text.GetRPM   0x0000000000005240       0x74 ./HWLIB/hw_lib_din.o
                0x0000000000005240                GetRPM
 .text.xGetRPM  0x00000000000052b4       0x72 ./HWLIB/hw_lib_din.o
                0x00000000000052b4                xGetRPM
 .text.vDinDoutProcess
                0x0000000000005326       0x98 ./HWLIB/hw_lib_din.o
                0x0000000000005326                vDinDoutProcess
 .text.vInitEEPROM
                0x00000000000053be       0x18 ./HWLIB/hw_lib_eeprom.o
                0x00000000000053be                vInitEEPROM
 .text.xGetEEPROM
                0x00000000000053d6        0xa ./HWLIB/hw_lib_eeprom.o
                0x00000000000053d6                xGetEEPROM
 .text.eEEPROMWr
                0x00000000000053e0       0xb0 ./HWLIB/hw_lib_eeprom.o
                0x00000000000053e0                eEEPROMWr
 .text.eEEPROMRd
                0x0000000000005490       0x34 ./HWLIB/hw_lib_eeprom.o
                0x0000000000005490                eEEPROMRd
 .text.bReadEEPROM
                0x00000000000054c4       0x1a ./HWLIB/hw_lib_eeprom.o
                0x00000000000054c4                bReadEEPROM
 .text.Get_ConversionVal
                0x00000000000054de       0x2e ./HAL/hal_adc.o
                0x00000000000054de                Get_ConversionVal
 .text.HAL_ADC_CommonConfig
                0x000000000000550c        0xe ./HAL/hal_adc.o
                0x000000000000550c                HAL_ADC_CommonConfig
 .text.HAL_ADC_ContiniusScanCinvertionDMA
                0x000000000000551a       0xda ./HAL/hal_adc.o
                0x000000000000551a                HAL_ADC_ContiniusScanCinvertionDMA
 .text.ADC1_2_IRQHandler
                0x00000000000055f4       0x74 ./HAL/hal_adc.o
                0x00000000000055f4                ADC1_2_IRQHandler
 .text.HAL_CANSetTXCallback
                0x0000000000005668        0xa ./HAL/hal_can.o
                0x0000000000005668                HAL_CANSetTXCallback
 .text.HAL_CANSetRXCallback
                0x0000000000005672        0xa ./HAL/hal_can.o
                0x0000000000005672                HAL_CANSetRXCallback
 .text.HAL_CANSetERRCallback
                0x000000000000567c        0xa ./HAL/hal_can.o
                0x000000000000567c                HAL_CANSetERRCallback
 .text.HAL_CANIntIT
                0x0000000000005686      0x124 ./HAL/hal_can.o
                0x0000000000005686                HAL_CANIntIT
 .text.HAL_CANToInitMode
                0x00000000000057aa       0x16 ./HAL/hal_can.o
                0x00000000000057aa                HAL_CANToInitMode
 .text.HAL_CANToOperatingMode
                0x00000000000057c0       0x16 ./HAL/hal_can.o
                0x00000000000057c0                HAL_CANToOperatingMode
 .text.HAL_CANSend
                0x00000000000057d6       0x50 ./HAL/hal_can.o
                0x00000000000057d6                HAL_CANSend
 .text.HAL_CANSetFiters
                0x0000000000005826       0x3a ./HAL/hal_can.o
                0x0000000000005826                HAL_CANSetFiters
 .text.HAL_CANGetRXMessage
                0x0000000000005860       0x52 ./HAL/hal_can.o
                0x0000000000005860                HAL_CANGetRXMessage
 .text.USB_HP_CAN1_TX_IRQHandler
                0x00000000000058b2       0xd6 ./HAL/hal_can.o
                0x00000000000058b2                USB_HP_CAN1_TX_IRQHandler
 .text.USB_LP_CAN1_RX0_IRQHandler
                0x0000000000005988       0x62 ./HAL/hal_can.o
                0x0000000000005988                USB_LP_CAN1_RX0_IRQHandler
 .text.CAN1_RX1_IRQHandler
                0x00000000000059ea       0x64 ./HAL/hal_can.o
                0x00000000000059ea                CAN1_RX1_IRQHandler
 .text.CAN1_SCE_IRQHandler
                0x0000000000005a4e       0x62 ./HAL/hal_can.o
                0x0000000000005a4e                CAN1_SCE_IRQHandler
 .text.HAL_DMA_Enable
                0x0000000000005ab0        0xe ./HAL/hal_dma.o
                0x0000000000005ab0                HAL_DMA_Enable
 .text.HAL_DMA_Disable
                0x0000000000005abe        0xe ./HAL/hal_dma.o
                0x0000000000005abe                HAL_DMA_Disable
 .text.HAL_DMA_SetCounter
                0x0000000000005acc       0x10 ./HAL/hal_dma.o
                0x0000000000005acc                HAL_DMA_SetCounter
 .text.HAL_DMAInitIT
                0x0000000000005adc      0x172 ./HAL/hal_dma.o
                0x0000000000005adc                HAL_DMAInitIT
 .text.HAL_ADC_StartDMA
                0x0000000000005c4e       0x64 ./HAL/hal_dma.o
                0x0000000000005c4e                HAL_ADC_StartDMA
 .text.DMA1_Channel1_IRQHandler
                0x0000000000005cb2       0x64 ./HAL/hal_dma.o
                0x0000000000005cb2                DMA1_Channel1_IRQHandler
 .text.DMA1_Channel3_IRQHandler
                0x0000000000005d16       0x68 ./HAL/hal_dma.o
                0x0000000000005d16                DMA1_Channel3_IRQHandler
 .text.DMA1_Channel5_IRQHandler
                0x0000000000005d7e       0x66 ./HAL/hal_dma.o
                0x0000000000005d7e                DMA1_Channel5_IRQHandler
 .text.DMA1_Channel4_IRQHandler
                0x0000000000005de4       0x64 ./HAL/hal_dma.o
                0x0000000000005de4                DMA1_Channel4_IRQHandler
 .text.DMA1_Channel7_IRQHandler
                0x0000000000005e48       0x68 ./HAL/hal_dma.o
                0x0000000000005e48                DMA1_Channel7_IRQHandler
 .text.HAL_InitGpioLib
                0x0000000000005eb0       0x12 ./HAL/hal_gpio.o
                0x0000000000005eb0                HAL_InitGpioLib
 .text.HAL_InitGpioRCC
                0x0000000000005ec2       0xb6 ./HAL/hal_gpio.o
                0x0000000000005ec2                HAL_InitGpioRCC
 .text.HAL_InitGpioOut
                0x0000000000005f78       0x28 ./HAL/hal_gpio.o
                0x0000000000005f78                HAL_InitGpioOut
 .text.HAL_InitGpioAIN
                0x0000000000005fa0       0x26 ./HAL/hal_gpio.o
                0x0000000000005fa0                HAL_InitGpioAIN
 .text.HAL_InitGpioIn
                0x0000000000005fc6       0x28 ./HAL/hal_gpio.o
                0x0000000000005fc6                HAL_InitGpioIn
 .text.HAL_InitGpioAF
                0x0000000000005fee       0x3c ./HAL/hal_gpio.o
                0x0000000000005fee                HAL_InitGpioAF
 .text.HAL_GetBit
                0x000000000000602a        0xc ./HAL/hal_gpio.o
                0x000000000000602a                HAL_GetBit
 .text.HAL_SetBit
                0x0000000000006036        0xc ./HAL/hal_gpio.o
                0x0000000000006036                HAL_SetBit
 .text.HAL_ResetBit
                0x0000000000006042        0xc ./HAL/hal_gpio.o
                0x0000000000006042                HAL_ResetBit
 .text.I2C_Master_TransmitIT
                0x000000000000604e       0xa4 ./HAL/hal_i2c.o
 .text.I2C_Master_ReviceIT
                0x00000000000060f2       0xb8 ./HAL/hal_i2c.o
 .text.I2C_FSM  0x00000000000061aa      0x1d6 ./HAL/hal_i2c.o
 .text.InitI2CDMA
                0x0000000000006380      0x118 ./HAL/hal_i2c.o
                0x0000000000006380                InitI2CDMA
 .text.I2C1_EV_IRQHandler
                0x0000000000006498       0x4c ./HAL/hal_i2c.o
                0x0000000000006498                I2C1_EV_IRQHandler
 .text.I2C1_ER_IRQHandler
                0x00000000000064e4       0x4c ./HAL/hal_i2c.o
                0x00000000000064e4                I2C1_ER_IRQHandler
 .text.I2C2_EV_IRQHandler
                0x0000000000006530       0x4c ./HAL/hal_i2c.o
                0x0000000000006530                I2C2_EV_IRQHandler
 .text.I2C2_ER_IRQHandler
                0x000000000000657c       0x4c ./HAL/hal_i2c.o
                0x000000000000657c                I2C2_ER_IRQHandler
 .text.HAL_RTC_IT_Init
                0x00000000000065c8       0xb0 ./HAL/hal_rtc.o
                0x00000000000065c8                HAL_RTC_IT_Init
 .text.RTC_IRQHandler
                0x0000000000006678       0x64 ./HAL/hal_rtc.o
                0x0000000000006678                RTC_IRQHandler
 .text.HAL_SPI_InitDMA
                0x00000000000066dc       0x96 ./HAL/hal_spi.o
                0x00000000000066dc                HAL_SPI_InitDMA
 .text.HAL_SPI_RXOveleyClear
                0x0000000000006772       0x10 ./HAL/hal_spi.o
                0x0000000000006772                HAL_SPI_RXOveleyClear
 .text.HAL_SPI_GetBusy
                0x0000000000006782       0x16 ./HAL/hal_spi.o
                0x0000000000006782                HAL_SPI_GetBusy
 .text.vTimerInitRCC
                0x0000000000006798       0x48 ./HAL/hal_timers.o
 .text.TIM1_CC_IRQHandler
                0x00000000000067e0       0xea ./HAL/hal_timers.o
                0x00000000000067e0                TIM1_CC_IRQHandler
 .text.TIM1_UP_IRQHandler
                0x00000000000068ca       0x74 ./HAL/hal_timers.o
                0x00000000000068ca                TIM1_UP_IRQHandler
 .text.TIM4_IRQHandler
                0x000000000000693e       0x74 ./HAL/hal_timers.o
                0x000000000000693e                TIM4_IRQHandler
 .text.TIM3_IRQHandler
                0x00000000000069b2       0x74 ./HAL/hal_timers.o
                0x00000000000069b2                TIM3_IRQHandler
 .text.TIM2_IRQHandler
                0x0000000000006a26       0x6c ./HAL/hal_timers.o
                0x0000000000006a26                TIM2_IRQHandler
 .text.HAL_TiemrEneblae
                0x0000000000006a92       0x1c ./HAL/hal_timers.o
                0x0000000000006a92                HAL_TiemrEneblae
 .text.HW_TIMER_BaseTimerInit
                0x0000000000006aae       0x60 ./HAL/hal_timers.o
                0x0000000000006aae                HW_TIMER_BaseTimerInit
 .text.HAL_TIMER_InitIt
                0x0000000000006b0e       0xa4 ./HAL/hal_timers.o
                0x0000000000006b0e                HAL_TIMER_InitIt
 .text.HAL_TIMER_PWMTimersInit
                0x0000000000006bb2       0xec ./HAL/hal_timers.o
                0x0000000000006bb2                HAL_TIMER_PWMTimersInit
 .text.HAL_TimeInitCaptureIT
                0x0000000000006c9e      0x142 ./HAL/hal_timers.o
                0x0000000000006c9e                HAL_TimeInitCaptureIT
 .text.HAL_TimeInitCaptureDMA
                0x0000000000006de0      0x114 ./HAL/hal_timers.o
                0x0000000000006de0                HAL_TimeInitCaptureDMA
 .text.HAL_TIMER_DisablePWMCH
                0x0000000000006ef4       0x1c ./HAL/hal_timers.o
                0x0000000000006ef4                HAL_TIMER_DisablePWMCH
 .text.HAL_TIMER_SetPWMPulse
                0x0000000000006f10       0x80 ./HAL/hal_timers.o
                0x0000000000006f10                HAL_TIMER_SetPWMPulse
 .text.HAL_TIMER_EnablePWMCH
                0x0000000000006f90       0x1c ./HAL/hal_timers.o
                0x0000000000006f90                HAL_TIMER_EnablePWMCH
 .text.HAL_WDTReset
                0x0000000000006fac        0x2 ./HAL/hal_wdt.o
                0x0000000000006fac                HAL_WDTReset
 .text.prvInsertBlockIntoFreeList
                0x0000000000006fae       0x4c ./FreeRTOS/portable/MemMang/heap_4.o
 .text.pvPortMalloc
                0x0000000000006ffa      0x18a ./FreeRTOS/portable/MemMang/heap_4.o
                0x0000000000006ffa                pvPortMalloc
 .text.vPortFree
                0x0000000000007184       0xa8 ./FreeRTOS/portable/MemMang/heap_4.o
                0x0000000000007184                vPortFree
 .text.vPortSetupTimerInterrupt
                0x000000000000722c       0x3e ./FreeRTOS/portable/GCC/RISC-V/port.o
                0x000000000000722c                vPortSetupTimerInterrupt
 .text.xPortStartScheduler
                0x000000000000726a       0x90 ./FreeRTOS/portable/GCC/RISC-V/port.o
                0x000000000000726a                xPortStartScheduler
 .text.SysTick_Handler
                0x00000000000072fa       0x7c ./FreeRTOS/portable/GCC/RISC-V/port.o
                0x00000000000072fa                SysTick_Handler
 .text.vPortEnterCritical
                0x0000000000007376       0x16 ./FreeRTOS/portable/GCC/RISC-V/port.o
                0x0000000000007376                vPortEnterCritical
 .text.vPortExitCritical
                0x000000000000738c       0x42 ./FreeRTOS/portable/GCC/RISC-V/port.o
                0x000000000000738c                vPortExitCritical
 .text.xPortSetInterruptMask
                0x00000000000073ce        0xc ./FreeRTOS/portable/GCC/RISC-V/port.o
                0x00000000000073ce                xPortSetInterruptMask
 .text.vPortClearInterruptMask
                0x00000000000073da        0x6 ./FreeRTOS/portable/GCC/RISC-V/port.o
                0x00000000000073da                vPortClearInterruptMask
 .text.vListInitialise
                0x00000000000073e0       0x14 ./FreeRTOS/list.o
                0x00000000000073e0                vListInitialise
 .text.vListInitialiseItem
                0x00000000000073f4        0x6 ./FreeRTOS/list.o
                0x00000000000073f4                vListInitialiseItem
 .text.vListInsertEnd
                0x00000000000073fa       0x18 ./FreeRTOS/list.o
                0x00000000000073fa                vListInsertEnd
 .text.vListInsert
                0x0000000000007412       0x2e ./FreeRTOS/list.o
                0x0000000000007412                vListInsert
 .text.uxListRemove
                0x0000000000007440       0x20 ./FreeRTOS/list.o
                0x0000000000007440                uxListRemove
 .text.prvIsQueueEmpty
                0x0000000000007460       0x1e ./FreeRTOS/queue.o
 .text.prvCopyDataToQueue
                0x000000000000747e       0x72 ./FreeRTOS/queue.o
 .text.prvCopyDataFromQueue
                0x00000000000074f0       0x28 ./FreeRTOS/queue.o
 .text.prvUnlockQueue
                0x0000000000007518       0x76 ./FreeRTOS/queue.o
 .text.xQueueGenericReset
                0x000000000000758e       0xc4 ./FreeRTOS/queue.o
                0x000000000000758e                xQueueGenericReset
 .text.xQueueGenericCreateStatic
                0x0000000000007652       0xae ./FreeRTOS/queue.o
                0x0000000000007652                xQueueGenericCreateStatic
 .text.xQueueGenericCreate
                0x0000000000007700       0x72 ./FreeRTOS/queue.o
                0x0000000000007700                xQueueGenericCreate
 .text.xQueueGenericSend
                0x0000000000007772      0x1a8 ./FreeRTOS/queue.o
                0x0000000000007772                xQueueGenericSend
 .text.xQueueGiveMutexRecursive
                0x000000000000791a       0x56 ./FreeRTOS/queue.o
                0x000000000000791a                xQueueGiveMutexRecursive
 .text.xQueueCreateMutex
                0x0000000000007970       0x2e ./FreeRTOS/queue.o
                0x0000000000007970                xQueueCreateMutex
 .text.xQueueReceive
                0x000000000000799e      0x166 ./FreeRTOS/queue.o
                0x000000000000799e                xQueueReceive
 .text.xQueueSemaphoreTake
                0x0000000000007b04      0x1be ./FreeRTOS/queue.o
                0x0000000000007b04                xQueueSemaphoreTake
 .text.xQueueTakeMutexRecursive
                0x0000000000007cc2       0x5a ./FreeRTOS/queue.o
                0x0000000000007cc2                xQueueTakeMutexRecursive
 .text.vQueueAddToRegistry
                0x0000000000007d1c       0x6c ./FreeRTOS/queue.o
                0x0000000000007d1c                vQueueAddToRegistry
 .text.vQueueWaitForMessageRestricted
                0x0000000000007d88       0x5c ./FreeRTOS/queue.o
                0x0000000000007d88                vQueueWaitForMessageRestricted
 .text.prvIdleTask
                0x0000000000007de4        0x2 ./FreeRTOS/tasks.o
 .text.prvAddNewTaskToReadyList
                0x0000000000007de6      0x10a ./FreeRTOS/tasks.o
 .text.prvResetNextTaskUnblockTime
                0x0000000000007ef0       0x20 ./FreeRTOS/tasks.o
 .text.prvTaskIsTaskSuspended
                0x0000000000007f10       0x50 ./FreeRTOS/tasks.o
 .text.prvInitialiseNewTask.isra.2
                0x0000000000007f60       0xc8 ./FreeRTOS/tasks.o
 .text.prvAddCurrentTaskToDelayedList
                0x0000000000008028       0xa4 ./FreeRTOS/tasks.o
 .text.xTaskCreateStatic
                0x00000000000080cc       0xa6 ./FreeRTOS/tasks.o
                0x00000000000080cc                xTaskCreateStatic
 .text.vTaskResume
                0x0000000000008172       0xa6 ./FreeRTOS/tasks.o
                0x0000000000008172                vTaskResume
 .text.vTaskStartScheduler
                0x0000000000008218       0x90 ./FreeRTOS/tasks.o
                0x0000000000008218                vTaskStartScheduler
 .text.vTaskSuspendAll
                0x00000000000082a8       0x10 ./FreeRTOS/tasks.o
                0x00000000000082a8                vTaskSuspendAll
 .text.xTaskGetTickCount
                0x00000000000082b8        0x6 ./FreeRTOS/tasks.o
                0x00000000000082b8                xTaskGetTickCount
 .text.xTaskIncrementTick
                0x00000000000082be      0x194 ./FreeRTOS/tasks.o
                0x00000000000082be                xTaskIncrementTick
 .text.xTaskResumeAll
                0x0000000000008452      0x154 ./FreeRTOS/tasks.o
                0x0000000000008452                xTaskResumeAll
 .text.vTaskDelay
                0x00000000000085a6       0x66 ./FreeRTOS/tasks.o
                0x00000000000085a6                vTaskDelay
 .text.vTaskSwitchContext
                0x000000000000860c       0x92 ./FreeRTOS/tasks.o
                0x000000000000860c                vTaskSwitchContext
 .text.vTaskSuspend
                0x000000000000869e       0xea ./FreeRTOS/tasks.o
                0x000000000000869e                vTaskSuspend
 .text.vTaskPlaceOnEventList
                0x0000000000008788       0x48 ./FreeRTOS/tasks.o
                0x0000000000008788                vTaskPlaceOnEventList
 .text.vTaskPlaceOnEventListRestricted
                0x00000000000087d0       0x76 ./FreeRTOS/tasks.o
                0x00000000000087d0                vTaskPlaceOnEventListRestricted
 .text.xTaskRemoveFromEventList
                0x0000000000008846       0xe4 ./FreeRTOS/tasks.o
                0x0000000000008846                xTaskRemoveFromEventList
 .text.vTaskInternalSetTimeOutState
                0x000000000000892a        0xe ./FreeRTOS/tasks.o
                0x000000000000892a                vTaskInternalSetTimeOutState
 .text.xTaskCheckForTimeOut
                0x0000000000008938       0xaa ./FreeRTOS/tasks.o
                0x0000000000008938                xTaskCheckForTimeOut
 .text.vTaskMissedYield
                0x00000000000089e2        0x8 ./FreeRTOS/tasks.o
                0x00000000000089e2                vTaskMissedYield
 .text.xTaskGetCurrentTaskHandle
                0x00000000000089ea        0xa ./FreeRTOS/tasks.o
                0x00000000000089ea                xTaskGetCurrentTaskHandle
 .text.xTaskGetSchedulerState
                0x00000000000089f4       0x18 ./FreeRTOS/tasks.o
                0x00000000000089f4                xTaskGetSchedulerState
 .text.xTaskPriorityInherit
                0x0000000000008a0c       0xaa ./FreeRTOS/tasks.o
                0x0000000000008a0c                xTaskPriorityInherit
 .text.xTaskPriorityDisinherit
                0x0000000000008ab6       0xc6 ./FreeRTOS/tasks.o
                0x0000000000008ab6                xTaskPriorityDisinherit
 .text.vTaskPriorityDisinheritAfterTimeout
                0x0000000000008b7c       0xe2 ./FreeRTOS/tasks.o
                0x0000000000008b7c                vTaskPriorityDisinheritAfterTimeout
 .text.pvTaskIncrementMutexHeldCount
                0x0000000000008c5e       0x1c ./FreeRTOS/tasks.o
                0x0000000000008c5e                pvTaskIncrementMutexHeldCount
 .text.ulTaskGenericNotifyTake
                0x0000000000008c7a       0xb8 ./FreeRTOS/tasks.o
                0x0000000000008c7a                ulTaskGenericNotifyTake
 .text.xTaskGenericNotifyWait
                0x0000000000008d32       0xe6 ./FreeRTOS/tasks.o
                0x0000000000008d32                xTaskGenericNotifyWait
 .text.xTaskGenericNotify
                0x0000000000008e18      0x1ac ./FreeRTOS/tasks.o
                0x0000000000008e18                xTaskGenericNotify
 .text.xTaskGenericNotifyFromISR
                0x0000000000008fc4      0x1e8 ./FreeRTOS/tasks.o
                0x0000000000008fc4                xTaskGenericNotifyFromISR
 .text.ulTaskGenericNotifyValueClear
                0x00000000000091ac       0x3e ./FreeRTOS/tasks.o
                0x00000000000091ac                ulTaskGenericNotifyValueClear
 .text.prvCheckForValidListAndQueue
                0x00000000000091ea       0x6a ./FreeRTOS/timers.o
 .text.prvInsertTimerInActiveList
                0x0000000000009254       0x3e ./FreeRTOS/timers.o
 .text.prvReloadTimer
                0x0000000000009292       0x2a ./FreeRTOS/timers.o
 .text.prvProcessExpiredTimer
                0x00000000000092bc       0x42 ./FreeRTOS/timers.o
 .text.prvSwitchTimerLists
                0x00000000000092fe       0x28 ./FreeRTOS/timers.o
 .text.prvTimerTask
                0x0000000000009326      0x188 ./FreeRTOS/timers.o
 .text.xTimerCreateTimerTask
                0x00000000000094ae       0x6e ./FreeRTOS/timers.o
                0x00000000000094ae                xTimerCreateTimerTask
 .text.vRCFilter
                0x000000000000951c       0x30 ./Drivers/filters.o
                0x000000000000951c                vRCFilter
 .text.vInitABFilter
                0x000000000000954c       0x22 ./Drivers/filters.o
                0x000000000000954c                vInitABFilter
 .text.vInitRunAverga
                0x000000000000956e        0x8 ./Drivers/filters.o
                0x000000000000956e                vInitRunAverga
 .text.vInitMedianFilter
                0x0000000000009576       0x12 ./Drivers/filters.o
                0x0000000000009576                vInitMedianFilter
 .text.MedianFilter
                0x0000000000009588       0x6e ./Drivers/filters.o
                0x0000000000009588                MedianFilter
 .text.Delay_Init
                0x00000000000095f6       0x2a ./Debug/debug.o
                0x00000000000095f6                Delay_Init
 .text.Delay_Ms
                0x0000000000009620       0x36 ./Debug/debug.o
                0x0000000000009620                Delay_Ms
 .text.USART_Printf_Init
                0x0000000000009656       0x5a ./Debug/debug.o
                0x0000000000009656                USART_Printf_Init
 .text._write   0x00000000000096b0       0x3e ./Debug/debug.o
                0x00000000000096b0                _write
 .text._sbrk    0x00000000000096ee       0x2a ./Debug/debug.o
                0x00000000000096ee                _sbrk
 .text.__get_MEPC
                0x0000000000009718        0x6 ./Core/core_riscv.o
                0x0000000000009718                __get_MEPC
 .text.__get_MCAUSE
                0x000000000000971e        0x6 ./Core/core_riscv.o
                0x000000000000971e                __get_MCAUSE
 .text.__get_MTVAL
                0x0000000000009724        0x6 ./Core/core_riscv.o
                0x0000000000009724                __get_MTVAL
 .text.prv_read_can_received_msg
                0x000000000000972a       0x50 ./CANopenNode/keypad/CO_driver_ST32F103.o
                0x000000000000972a                prv_read_can_received_msg
 .text.prv_send_can_message.isra.0
                0x000000000000977a       0x2c ./CANopenNode/keypad/CO_driver_ST32F103.o
 .text.CAN_SendMessage
                0x00000000000097a6       0x66 ./CANopenNode/keypad/CO_driver_ST32F103.o
                0x00000000000097a6                CAN_SendMessage
 .text.co_drv_create_os_objects
                0x000000000000980c       0x30 ./CANopenNode/keypad/CO_driver_ST32F103.o
                0x000000000000980c                co_drv_create_os_objects
 .text.co_drv_mutex_lock
                0x000000000000983c       0x18 ./CANopenNode/keypad/CO_driver_ST32F103.o
                0x000000000000983c                co_drv_mutex_lock
 .text.co_drv_mutex_unlock
                0x0000000000009854       0x16 ./CANopenNode/keypad/CO_driver_ST32F103.o
                0x0000000000009854                co_drv_mutex_unlock
 .text.CO_CANsetConfigurationMode
                0x000000000000986a       0x10 ./CANopenNode/keypad/CO_driver_ST32F103.o
                0x000000000000986a                CO_CANsetConfigurationMode
 .text.CO_CANsetNormalMode
                0x000000000000987a       0x1c ./CANopenNode/keypad/CO_driver_ST32F103.o
                0x000000000000987a                CO_CANsetNormalMode
 .text.CO_CANmodule_init
                0x0000000000009896      0x110 ./CANopenNode/keypad/CO_driver_ST32F103.o
                0x0000000000009896                CO_CANmodule_init
 .text.CO_CANmodule_disable
                0x00000000000099a6       0x14 ./CANopenNode/keypad/CO_driver_ST32F103.o
                0x00000000000099a6                CO_CANmodule_disable
 .text.CO_CANrxBufferInit
                0x00000000000099ba       0x52 ./CANopenNode/keypad/CO_driver_ST32F103.o
                0x00000000000099ba                CO_CANrxBufferInit
 .text.CO_CANtxBufferInit
                0x0000000000009a0c       0x3a ./CANopenNode/keypad/CO_driver_ST32F103.o
                0x0000000000009a0c                CO_CANtxBufferInit
 .text.CO_CANmodule_process
                0x0000000000009a46       0x12 ./CANopenNode/keypad/CO_driver_ST32F103.o
                0x0000000000009a46                CO_CANmodule_process
 .text.CO_CANsend
                0x0000000000009a58       0x46 ./CANopenNode/keypad/CO_driver_ST32F103.o
                0x0000000000009a58                CO_CANsend
 .text.CO_LSSslave_receive
                0x0000000000009a9e      0x1a8 ./CANopenNode/305/CO_LSSslave.o
 .text.CO_LSSslave_init
                0x0000000000009c46       0xa4 ./CANopenNode/305/CO_LSSslave.o
                0x0000000000009c46                CO_LSSslave_init
 .text.CO_LSSslave_process
                0x0000000000009cea      0x1a2 ./CANopenNode/305/CO_LSSslave.o
                0x0000000000009cea                CO_LSSslave_process
 .text.OD_write_1003
                0x0000000000009e8c       0x28 ./CANopenNode/301/CO_Emergency.o
 .text.OD_read_1003
                0x0000000000009eb4       0x8c ./CANopenNode/301/CO_Emergency.o
 .text.OD_read_1014_default
                0x0000000000009f40       0x50 ./CANopenNode/301/CO_Emergency.o
 .text.CO_EM_init
                0x0000000000009f90      0x112 ./CANopenNode/301/CO_Emergency.o
                0x0000000000009f90                CO_EM_init
 .text.CO_error
                0x000000000000a0a2       0xc4 ./CANopenNode/301/CO_Emergency.o
                0x000000000000a0a2                CO_error
 .text.CO_EM_process
                0x000000000000a166      0x17e ./CANopenNode/301/CO_Emergency.o
                0x000000000000a166                CO_EM_process
 .text.CO_NMT_receive
                0x000000000000a2e4       0x18 ./CANopenNode/301/CO_NMT_Heartbeat.o
 .text.OD_write_1017
                0x000000000000a2fc       0x48 ./CANopenNode/301/CO_NMT_Heartbeat.o
 .text.CO_NMT_init
                0x000000000000a344       0xec ./CANopenNode/301/CO_NMT_Heartbeat.o
                0x000000000000a344                CO_NMT_init
 .text.CO_NMT_process
                0x000000000000a430      0x106 ./CANopenNode/301/CO_NMT_Heartbeat.o
                0x000000000000a430                CO_NMT_process
 .text.OD_readDisabled
                0x000000000000a536        0x4 ./CANopenNode/301/CO_ODinterface.o
 .text.OD_readOriginal
                0x000000000000a53a       0x50 ./CANopenNode/301/CO_ODinterface.o
                0x000000000000a53a                OD_readOriginal
 .text.OD_writeOriginal
                0x000000000000a58a       0x54 ./CANopenNode/301/CO_ODinterface.o
                0x000000000000a58a                OD_writeOriginal
 .text.OD_writeDisabled
                0x000000000000a5de        0x4 ./CANopenNode/301/CO_ODinterface.o
 .text.OD_find  0x000000000000a5e2       0x70 ./CANopenNode/301/CO_ODinterface.o
                0x000000000000a5e2                OD_find
 .text.OD_getSub
                0x000000000000a652       0xf2 ./CANopenNode/301/CO_ODinterface.o
                0x000000000000a652                OD_getSub
 .text.OD_getSDOabCode
                0x000000000000a744       0x20 ./CANopenNode/301/CO_ODinterface.o
                0x000000000000a744                OD_getSDOabCode
 .text.OD_get_value
                0x000000000000a764       0x34 ./CANopenNode/301/CO_ODinterface.o
                0x000000000000a764                OD_get_value
 .text.OD_set_value
                0x000000000000a798       0x2e ./CANopenNode/301/CO_ODinterface.o
                0x000000000000a798                OD_set_value
 .text.OD_getPtr
                0x000000000000a7c6       0x3c ./CANopenNode/301/CO_ODinterface.o
                0x000000000000a7c6                OD_getPtr
 .text.OD_write_dummy
                0x000000000000a802        0x8 ./CANopenNode/301/CO_PDO.o
 .text.OD_read_dummy
                0x000000000000a80a       0x2e ./CANopenNode/301/CO_PDO.o
 .text.PDOconfigMap
                0x000000000000a838       0xfc ./CANopenNode/301/CO_PDO.o
 .text.CO_PDO_receive
                0x000000000000a934       0x48 ./CANopenNode/301/CO_PDO.o
 .text.OD_read_PDO_commParam
                0x000000000000a97c       0x70 ./CANopenNode/301/CO_PDO.o
 .text.PDO_initMapping.constprop.3
                0x000000000000a9ec       0xe4 ./CANopenNode/301/CO_PDO.o
 .text.OD_write_PDO_mapping
                0x000000000000aad0       0xb2 ./CANopenNode/301/CO_PDO.o
 .text.OD_write_18xx
                0x000000000000ab82      0x184 ./CANopenNode/301/CO_PDO.o
 .text.OD_write_14xx
                0x000000000000ad06      0x15a ./CANopenNode/301/CO_PDO.o
 .text.CO_RPDO_init
                0x000000000000ae60      0x172 ./CANopenNode/301/CO_PDO.o
                0x000000000000ae60                CO_RPDO_init
 .text.CO_RPDO_process
                0x000000000000afd2      0x114 ./CANopenNode/301/CO_PDO.o
                0x000000000000afd2                CO_RPDO_process
 .text.CO_TPDO_init
                0x000000000000b0e6      0x1d2 ./CANopenNode/301/CO_PDO.o
                0x000000000000b0e6                CO_TPDO_init
 .text.CO_TPDO_process
                0x000000000000b2b8      0x15e ./CANopenNode/301/CO_PDO.o
                0x000000000000b2b8                CO_TPDO_process
 .text.CO_SDOserver_init_canRxTx
                0x000000000000b416       0x82 ./CANopenNode/301/CO_SDOserver.o
 .text.CO_SDO_receive
                0x000000000000b498       0x38 ./CANopenNode/301/CO_SDOserver.o
 .text.readFromOd.isra.1.constprop.5
                0x000000000000b4d0       0xf6 ./CANopenNode/301/CO_SDOserver.o
 .text.OD_write_1201_additional
                0x000000000000b5c6      0x158 ./CANopenNode/301/CO_SDOserver.o
 .text.CO_SDOserver_init
                0x000000000000b71e      0x172 ./CANopenNode/301/CO_SDOserver.o
                0x000000000000b71e                CO_SDOserver_init
 .text.CO_SDOserver_process
                0x000000000000b890      0x60e ./CANopenNode/301/CO_SDOserver.o
                0x000000000000b890                CO_SDOserver_process
 .text.CO_delete
                0x000000000000be9e       0x56 ./CANopenNode/CANopen.o
                0x000000000000be9e                CO_delete
 .text.CO_new   0x000000000000bef4      0x102 ./CANopenNode/CANopen.o
                0x000000000000bef4                CO_new
 .text.CO_CANinit
                0x000000000000bff6       0x36 ./CANopenNode/CANopen.o
                0x000000000000bff6                CO_CANinit
 .text.CO_LSSinit
                0x000000000000c02c       0x32 ./CANopenNode/CANopen.o
                0x000000000000c02c                CO_LSSinit
 .text.CO_CANopenInit
                0x000000000000c05e       0xb8 ./CANopenNode/CANopen.o
                0x000000000000c05e                CO_CANopenInit
 .text.CO_CANopenInitPDO
                0x000000000000c116       0xea ./CANopenNode/CANopen.o
                0x000000000000c116                CO_CANopenInitPDO
 .text.CO_process
                0x000000000000c200       0x7e ./CANopenNode/CANopen.o
                0x000000000000c200                CO_process
 .text.CO_process_RPDO
                0x000000000000c27e       0x40 ./CANopenNode/CANopen.o
                0x000000000000c27e                CO_process_RPDO
 .text.CO_process_TPDO
                0x000000000000c2be       0x40 ./CANopenNode/CANopen.o
                0x000000000000c2be                CO_process_TPDO
 .text.__addsf3
                0x000000000000c2fe      0x36a c:/mounriver/mounriver_studio/toolchain/risc-v embedded gcc/bin/../lib/gcc/riscv-none-embed/8.2.0/rv32imacxw/ilp32\libgcc.a(addsf3.o)
                0x000000000000c2fe                __addsf3
 .text.__divsf3
                0x000000000000c668      0x2b2 c:/mounriver/mounriver_studio/toolchain/risc-v embedded gcc/bin/../lib/gcc/riscv-none-embed/8.2.0/rv32imacxw/ilp32\libgcc.a(divsf3.o)
                0x000000000000c668                __divsf3
 .text.__gesf2  0x000000000000c91a       0x86 c:/mounriver/mounriver_studio/toolchain/risc-v embedded gcc/bin/../lib/gcc/riscv-none-embed/8.2.0/rv32imacxw/ilp32\libgcc.a(gesf2.o)
                0x000000000000c91a                __gesf2
                0x000000000000c91a                __gtsf2
 .text.__lesf2  0x000000000000c9a0       0x8c c:/mounriver/mounriver_studio/toolchain/risc-v embedded gcc/bin/../lib/gcc/riscv-none-embed/8.2.0/rv32imacxw/ilp32\libgcc.a(lesf2.o)
                0x000000000000c9a0                __ltsf2
                0x000000000000c9a0                __lesf2
 .text.__mulsf3
                0x000000000000ca2c      0x290 c:/mounriver/mounriver_studio/toolchain/risc-v embedded gcc/bin/../lib/gcc/riscv-none-embed/8.2.0/rv32imacxw/ilp32\libgcc.a(mulsf3.o)
                0x000000000000ca2c                __mulsf3
 .text.__subsf3
                0x000000000000ccbc      0x388 c:/mounriver/mounriver_studio/toolchain/risc-v embedded gcc/bin/../lib/gcc/riscv-none-embed/8.2.0/rv32imacxw/ilp32\libgcc.a(subsf3.o)
                0x000000000000ccbc                __subsf3
 .text.__fixsfsi
                0x000000000000d044       0x62 c:/mounriver/mounriver_studio/toolchain/risc-v embedded gcc/bin/../lib/gcc/riscv-none-embed/8.2.0/rv32imacxw/ilp32\libgcc.a(fixsfsi.o)
                0x000000000000d044                __fixsfsi
 .text.__fixunssfsi
                0x000000000000d0a6       0x56 c:/mounriver/mounriver_studio/toolchain/risc-v embedded gcc/bin/../lib/gcc/riscv-none-embed/8.2.0/rv32imacxw/ilp32\libgcc.a(fixunssfsi.o)
                0x000000000000d0a6                __fixunssfsi
 .text.__floatsisf
                0x000000000000d0fc       0xc6 c:/mounriver/mounriver_studio/toolchain/risc-v embedded gcc/bin/../lib/gcc/riscv-none-embed/8.2.0/rv32imacxw/ilp32\libgcc.a(floatsisf.o)
                0x000000000000d0fc                __floatsisf
 .text.__floatunsisf
                0x000000000000d1c2       0xce c:/mounriver/mounriver_studio/toolchain/risc-v embedded gcc/bin/../lib/gcc/riscv-none-embed/8.2.0/rv32imacxw/ilp32\libgcc.a(floatunsisf.o)
                0x000000000000d1c2                __floatunsisf
 .text.__clzsi2
                0x000000000000d290       0x6e c:/mounriver/mounriver_studio/toolchain/risc-v embedded gcc/bin/../lib/gcc/riscv-none-embed/8.2.0/rv32imacxw/ilp32\libgcc.a(_clzsi2.o)
                0x000000000000d290                __clzsi2
 .text.calloc   0x000000000000d2fe        0xc c:/mounriver/mounriver_studio/toolchain/risc-v embedded gcc/bin/../lib/gcc/riscv-none-embed/8.2.0/../../../../riscv-none-embed/lib/rv32imacxw/ilp32\libg_nano.a(lib_a-calloc.o)
                0x000000000000d2fe                calloc
 .text.free     0x000000000000d30a        0xa c:/mounriver/mounriver_studio/toolchain/risc-v embedded gcc/bin/../lib/gcc/riscv-none-embed/8.2.0/../../../../riscv-none-embed/lib/rv32imacxw/ilp32\libg_nano.a(lib_a-malloc.o)
                0x000000000000d30a                free
 .text.memcpy   0x000000000000d314       0xb2 c:/mounriver/mounriver_studio/toolchain/risc-v embedded gcc/bin/../lib/gcc/riscv-none-embed/8.2.0/../../../../riscv-none-embed/lib/rv32imacxw/ilp32\libg_nano.a(lib_a-memcpy.o)
                0x000000000000d314                memcpy
 .text.memmove  0x000000000000d3c6       0x46 c:/mounriver/mounriver_studio/toolchain/risc-v embedded gcc/bin/../lib/gcc/riscv-none-embed/8.2.0/../../../../riscv-none-embed/lib/rv32imacxw/ilp32\libg_nano.a(lib_a-memmove.o)
                0x000000000000d3c6                memmove
 .text._calloc_r
                0x000000000000d40c       0x26 c:/mounriver/mounriver_studio/toolchain/risc-v embedded gcc/bin/../lib/gcc/riscv-none-embed/8.2.0/../../../../riscv-none-embed/lib/rv32imacxw/ilp32\libg_nano.a(lib_a-nano-callocr.o)
                0x000000000000d40c                _calloc_r
 .text._free_r  0x000000000000d432       0xa8 c:/mounriver/mounriver_studio/toolchain/risc-v embedded gcc/bin/../lib/gcc/riscv-none-embed/8.2.0/../../../../riscv-none-embed/lib/rv32imacxw/ilp32\libg_nano.a(lib_a-nano-freer.o)
                0x000000000000d432                _free_r
 .text._malloc_r
                0x000000000000d4da       0xd4 c:/mounriver/mounriver_studio/toolchain/risc-v embedded gcc/bin/../lib/gcc/riscv-none-embed/8.2.0/../../../../riscv-none-embed/lib/rv32imacxw/ilp32\libg_nano.a(lib_a-nano-mallocr.o)
                0x000000000000d4da                _malloc_r
 .text.printf   0x000000000000d5ae       0x40 c:/mounriver/mounriver_studio/toolchain/risc-v embedded gcc/bin/../lib/gcc/riscv-none-embed/8.2.0/../../../../riscv-none-embed/lib/rv32imacxw/ilp32\libg_nano.a(lib_a-printf.o)
                0x000000000000d5ae                iprintf
                0x000000000000d5ae                printf
 .text._puts_r  0x000000000000d5ee       0xd4 c:/mounriver/mounriver_studio/toolchain/risc-v embedded gcc/bin/../lib/gcc/riscv-none-embed/8.2.0/../../../../riscv-none-embed/lib/rv32imacxw/ilp32\libg_nano.a(lib_a-puts.o)
                0x000000000000d5ee                _puts_r
 .text.puts     0x000000000000d6c2        0xc c:/mounriver/mounriver_studio/toolchain/risc-v embedded gcc/bin/../lib/gcc/riscv-none-embed/8.2.0/../../../../riscv-none-embed/lib/rv32imacxw/ilp32\libg_nano.a(lib_a-puts.o)
                0x000000000000d6c2                puts
 .text._sbrk_r  0x000000000000d6ce       0x32 c:/mounriver/mounriver_studio/toolchain/risc-v embedded gcc/bin/../lib/gcc/riscv-none-embed/8.2.0/../../../../riscv-none-embed/lib/rv32imacxw/ilp32\libg_nano.a(lib_a-sbrkr.o)
                0x000000000000d6ce                _sbrk_r
 .text.strlen   0x000000000000d700       0x12 c:/mounriver/mounriver_studio/toolchain/risc-v embedded gcc/bin/../lib/gcc/riscv-none-embed/8.2.0/../../../../riscv-none-embed/lib/rv32imacxw/ilp32\libg_nano.a(lib_a-strlen.o)
                0x000000000000d700                strlen
 .text.__swbuf_r
                0x000000000000d712       0xbc c:/mounriver/mounriver_studio/toolchain/risc-v embedded gcc/bin/../lib/gcc/riscv-none-embed/8.2.0/../../../../riscv-none-embed/lib/rv32imacxw/ilp32\libg_nano.a(lib_a-wbuf.o)
                0x000000000000d712                __swbuf_r
 .text.__swsetup_r
                0x000000000000d7ce       0xfe c:/mounriver/mounriver_studio/toolchain/risc-v embedded gcc/bin/../lib/gcc/riscv-none-embed/8.2.0/../../../../riscv-none-embed/lib/rv32imacxw/ilp32\libg_nano.a(lib_a-wsetup.o)
                0x000000000000d7ce                __swsetup_r
 .text.__sflush_r
                0x000000000000d8cc      0x132 c:/mounriver/mounriver_studio/toolchain/risc-v embedded gcc/bin/../lib/gcc/riscv-none-embed/8.2.0/../../../../riscv-none-embed/lib/rv32imacxw/ilp32\libg_nano.a(lib_a-fflush.o)
                0x000000000000d8cc                __sflush_r
 .text._fflush_r
                0x000000000000d9fe       0x66 c:/mounriver/mounriver_studio/toolchain/risc-v embedded gcc/bin/../lib/gcc/riscv-none-embed/8.2.0/../../../../riscv-none-embed/lib/rv32imacxw/ilp32\libg_nano.a(lib_a-fflush.o)
                0x000000000000d9fe                _fflush_r
 .text.std      0x000000000000da64       0x66 c:/mounriver/mounriver_studio/toolchain/risc-v embedded gcc/bin/../lib/gcc/riscv-none-embed/8.2.0/../../../../riscv-none-embed/lib/rv32imacxw/ilp32\libg_nano.a(lib_a-findfp.o)
 .text._cleanup_r
                0x000000000000daca        0xa c:/mounriver/mounriver_studio/toolchain/risc-v embedded gcc/bin/../lib/gcc/riscv-none-embed/8.2.0/../../../../riscv-none-embed/lib/rv32imacxw/ilp32\libg_nano.a(lib_a-findfp.o)
                0x000000000000daca                _cleanup_r
 .text.__sfmoreglue
                0x000000000000dad4       0x48 c:/mounriver/mounriver_studio/toolchain/risc-v embedded gcc/bin/../lib/gcc/riscv-none-embed/8.2.0/../../../../riscv-none-embed/lib/rv32imacxw/ilp32\libg_nano.a(lib_a-findfp.o)
                0x000000000000dad4                __sfmoreglue
 .text.__sinit  0x000000000000db1c       0x6c c:/mounriver/mounriver_studio/toolchain/risc-v embedded gcc/bin/../lib/gcc/riscv-none-embed/8.2.0/../../../../riscv-none-embed/lib/rv32imacxw/ilp32\libg_nano.a(lib_a-findfp.o)
                0x000000000000db1c                __sinit
 .text.__sfp    0x000000000000db88       0xa0 c:/mounriver/mounriver_studio/toolchain/risc-v embedded gcc/bin/../lib/gcc/riscv-none-embed/8.2.0/../../../../riscv-none-embed/lib/rv32imacxw/ilp32\libg_nano.a(lib_a-findfp.o)
                0x000000000000db88                __sfp
 .text._fwalk_reent
                0x000000000000dc28       0x6a c:/mounriver/mounriver_studio/toolchain/risc-v embedded gcc/bin/../lib/gcc/riscv-none-embed/8.2.0/../../../../riscv-none-embed/lib/rv32imacxw/ilp32\libg_nano.a(lib_a-fwalk.o)
                0x000000000000dc28                _fwalk_reent
 .text.__swhatbuf_r
                0x000000000000dc92       0x58 c:/mounriver/mounriver_studio/toolchain/risc-v embedded gcc/bin/../lib/gcc/riscv-none-embed/8.2.0/../../../../riscv-none-embed/lib/rv32imacxw/ilp32\libg_nano.a(lib_a-makebuf.o)
                0x000000000000dc92                __swhatbuf_r
 .text.__smakebuf_r
                0x000000000000dcea       0x94 c:/mounriver/mounriver_studio/toolchain/risc-v embedded gcc/bin/../lib/gcc/riscv-none-embed/8.2.0/../../../../riscv-none-embed/lib/rv32imacxw/ilp32\libg_nano.a(lib_a-makebuf.o)
                0x000000000000dcea                __smakebuf_r
 .text.__malloc_lock
                0x000000000000dd7e        0x2 c:/mounriver/mounriver_studio/toolchain/risc-v embedded gcc/bin/../lib/gcc/riscv-none-embed/8.2.0/../../../../riscv-none-embed/lib/rv32imacxw/ilp32\libg_nano.a(lib_a-mlock.o)
                0x000000000000dd7e                __malloc_lock
 .text.__malloc_unlock
                0x000000000000dd80        0x2 c:/mounriver/mounriver_studio/toolchain/risc-v embedded gcc/bin/../lib/gcc/riscv-none-embed/8.2.0/../../../../riscv-none-embed/lib/rv32imacxw/ilp32\libg_nano.a(lib_a-mlock.o)
                0x000000000000dd80                __malloc_unlock
 .text.__sfputc_r
                0x000000000000dd82       0x28 c:/mounriver/mounriver_studio/toolchain/risc-v embedded gcc/bin/../lib/gcc/riscv-none-embed/8.2.0/../../../../riscv-none-embed/lib/rv32imacxw/ilp32\libg_nano.a(lib_a-nano-vfprintf.o)
 .text.__sfputs_r
                0x000000000000ddaa       0x42 c:/mounriver/mounriver_studio/toolchain/risc-v embedded gcc/bin/../lib/gcc/riscv-none-embed/8.2.0/../../../../riscv-none-embed/lib/rv32imacxw/ilp32\libg_nano.a(lib_a-nano-vfprintf.o)
                0x000000000000ddaa                __sfputs_r
 .text._vfprintf_r
                0x000000000000ddec      0x288 c:/mounriver/mounriver_studio/toolchain/risc-v embedded gcc/bin/../lib/gcc/riscv-none-embed/8.2.0/../../../../riscv-none-embed/lib/rv32imacxw/ilp32\libg_nano.a(lib_a-nano-vfprintf.o)
                0x000000000000ddec                _vfprintf_r
                0x000000000000ddec                _vfiprintf_r
 .text._printf_common
                0x000000000000e074      0x10c c:/mounriver/mounriver_studio/toolchain/risc-v embedded gcc/bin/../lib/gcc/riscv-none-embed/8.2.0/../../../../riscv-none-embed/lib/rv32imacxw/ilp32\libg_nano.a(lib_a-nano-vfprintf_i.o)
                0x000000000000e074                _printf_common
 .text._printf_i
                0x000000000000e180      0x2a2 c:/mounriver/mounriver_studio/toolchain/risc-v embedded gcc/bin/../lib/gcc/riscv-none-embed/8.2.0/../../../../riscv-none-embed/lib/rv32imacxw/ilp32\libg_nano.a(lib_a-nano-vfprintf_i.o)
                0x000000000000e180                _printf_i
 .text.__sread  0x000000000000e422       0x2c c:/mounriver/mounriver_studio/toolchain/risc-v embedded gcc/bin/../lib/gcc/riscv-none-embed/8.2.0/../../../../riscv-none-embed/lib/rv32imacxw/ilp32\libg_nano.a(lib_a-stdio.o)
                0x000000000000e422                __sread
 .text.__swrite
                0x000000000000e44e       0x48 c:/mounriver/mounriver_studio/toolchain/risc-v embedded gcc/bin/../lib/gcc/riscv-none-embed/8.2.0/../../../../riscv-none-embed/lib/rv32imacxw/ilp32\libg_nano.a(lib_a-stdio.o)
                0x000000000000e44e                __swrite
 .text.__sseek  0x000000000000e496       0x30 c:/mounriver/mounriver_studio/toolchain/risc-v embedded gcc/bin/../lib/gcc/riscv-none-embed/8.2.0/../../../../riscv-none-embed/lib/rv32imacxw/ilp32\libg_nano.a(lib_a-stdio.o)
                0x000000000000e496                __sseek
 .text.__sclose
                0x000000000000e4c6        0x6 c:/mounriver/mounriver_studio/toolchain/risc-v embedded gcc/bin/../lib/gcc/riscv-none-embed/8.2.0/../../../../riscv-none-embed/lib/rv32imacxw/ilp32\libg_nano.a(lib_a-stdio.o)
                0x000000000000e4c6                __sclose
 .text._write_r
                0x000000000000e4cc       0x36 c:/mounriver/mounriver_studio/toolchain/risc-v embedded gcc/bin/../lib/gcc/riscv-none-embed/8.2.0/../../../../riscv-none-embed/lib/rv32imacxw/ilp32\libg_nano.a(lib_a-writer.o)
                0x000000000000e4cc                _write_r
 .text._close_r
                0x000000000000e502       0x30 c:/mounriver/mounriver_studio/toolchain/risc-v embedded gcc/bin/../lib/gcc/riscv-none-embed/8.2.0/../../../../riscv-none-embed/lib/rv32imacxw/ilp32\libg_nano.a(lib_a-closer.o)
                0x000000000000e502                _close_r
 .text._fstat_r
                0x000000000000e532       0x32 c:/mounriver/mounriver_studio/toolchain/risc-v embedded gcc/bin/../lib/gcc/riscv-none-embed/8.2.0/../../../../riscv-none-embed/lib/rv32imacxw/ilp32\libg_nano.a(lib_a-fstatr.o)
                0x000000000000e532                _fstat_r
 .text._isatty_r
                0x000000000000e564       0x30 c:/mounriver/mounriver_studio/toolchain/risc-v embedded gcc/bin/../lib/gcc/riscv-none-embed/8.2.0/../../../../riscv-none-embed/lib/rv32imacxw/ilp32\libg_nano.a(lib_a-isattyr.o)
                0x000000000000e564                _isatty_r
 .text._lseek_r
                0x000000000000e594       0x34 c:/mounriver/mounriver_studio/toolchain/risc-v embedded gcc/bin/../lib/gcc/riscv-none-embed/8.2.0/../../../../riscv-none-embed/lib/rv32imacxw/ilp32\libg_nano.a(lib_a-lseekr.o)
                0x000000000000e594                _lseek_r
 .text.memchr   0x000000000000e5c8       0x18 c:/mounriver/mounriver_studio/toolchain/risc-v embedded gcc/bin/../lib/gcc/riscv-none-embed/8.2.0/../../../../riscv-none-embed/lib/rv32imacxw/ilp32\libg_nano.a(lib_a-memchr.o)
                0x000000000000e5c8                memchr
 .text._read_r  0x000000000000e5e0       0x34 c:/mounriver/mounriver_studio/toolchain/risc-v embedded gcc/bin/../lib/gcc/riscv-none-embed/8.2.0/../../../../riscv-none-embed/lib/rv32imacxw/ilp32\libg_nano.a(lib_a-readr.o)
                0x000000000000e5e0                _read_r
 .text._close   0x000000000000e614       0x10 c:/mounriver/mounriver_studio/toolchain/risc-v embedded gcc/bin/../lib/gcc/riscv-none-embed/8.2.0/../../../../riscv-none-embed/lib/rv32imacxw/ilp32\libnosys.a(close.o)
                0x000000000000e614                _close
 .text._fstat   0x000000000000e624       0x10 c:/mounriver/mounriver_studio/toolchain/risc-v embedded gcc/bin/../lib/gcc/riscv-none-embed/8.2.0/../../../../riscv-none-embed/lib/rv32imacxw/ilp32\libnosys.a(fstat.o)
                0x000000000000e624                _fstat