Archive member included to satisfy reference by file (symbol)

c:/mounriver/mounriver_studio/toolchain/risc-v embedded gcc/bin/../lib/gcc/riscv-none-embed/8.2.0/rv32imacxw/ilp32\libgcc.a(muldf3.o)
                              ./User/inputs.o (__muldf3)
c:/mounriver/mounriver_studio/toolchain/risc-v embedded gcc/bin/../lib/gcc/riscv-none-embed/8.2.0/rv32imacxw/ilp32\libgcc.a(floatunsidf.o)
                              ./User/inputs.o (__floatunsidf)
c:/mounriver/mounriver_studio/toolchain/risc-v embedded gcc/bin/../lib/gcc/riscv-none-embed/8.2.0/rv32imacxw/ilp32\libgcc.a(addsf3.o)
                              ./User/DataModel.o (__addsf3)
c:/mounriver/mounriver_studio/toolchain/risc-v embedded gcc/bin/../lib/gcc/riscv-none-embed/8.2.0/rv32imacxw/ilp32\libgcc.a(divsf3.o)
                              ./User/DataModel.o (__divsf3)
c:/mounriver/mounriver_studio/toolchain/risc-v embedded gcc/bin/../lib/gcc/riscv-none-embed/8.2.0/rv32imacxw/ilp32\libgcc.a(eqsf2.o)
                              ./HAL_LIB/hw_lib_din.o (__nesf2)
c:/mounriver/mounriver_studio/toolchain/risc-v embedded gcc/bin/../lib/gcc/riscv-none-embed/8.2.0/rv32imacxw/ilp32\libgcc.a(gesf2.o)
                              ./User/inputs.o (__gesf2)
c:/mounriver/mounriver_studio/toolchain/risc-v embedded gcc/bin/../lib/gcc/riscv-none-embed/8.2.0/rv32imacxw/ilp32\libgcc.a(lesf2.o)
                              ./HAL_LIB/hw_lib_din.o (__lesf2)
c:/mounriver/mounriver_studio/toolchain/risc-v embedded gcc/bin/../lib/gcc/riscv-none-embed/8.2.0/rv32imacxw/ilp32\libgcc.a(mulsf3.o)
                              ./User/dash_draw.o (__mulsf3)
c:/mounriver/mounriver_studio/toolchain/risc-v embedded gcc/bin/../lib/gcc/riscv-none-embed/8.2.0/rv32imacxw/ilp32\libgcc.a(subsf3.o)
                              ./User/inputs.o (__subsf3)
c:/mounriver/mounriver_studio/toolchain/risc-v embedded gcc/bin/../lib/gcc/riscv-none-embed/8.2.0/rv32imacxw/ilp32\libgcc.a(fixsfsi.o)
                              ./User/dash_draw.o (__fixsfsi)
c:/mounriver/mounriver_studio/toolchain/risc-v embedded gcc/bin/../lib/gcc/riscv-none-embed/8.2.0/rv32imacxw/ilp32\libgcc.a(fixunssfsi.o)
                              ./User/DataModel.o (__fixunssfsi)
c:/mounriver/mounriver_studio/toolchain/risc-v embedded gcc/bin/../lib/gcc/riscv-none-embed/8.2.0/rv32imacxw/ilp32\libgcc.a(floatsisf.o)
                              ./User/DataModel.o (__floatsisf)
c:/mounriver/mounriver_studio/toolchain/risc-v embedded gcc/bin/../lib/gcc/riscv-none-embed/8.2.0/rv32imacxw/ilp32\libgcc.a(floatunsisf.o)
                              ./User/DataModel.o (__floatunsisf)
c:/mounriver/mounriver_studio/toolchain/risc-v embedded gcc/bin/../lib/gcc/riscv-none-embed/8.2.0/rv32imacxw/ilp32\libgcc.a(truncdfsf2.o)
                              ./User/inputs.o (__truncdfsf2)
c:/mounriver/mounriver_studio/toolchain/risc-v embedded gcc/bin/../lib/gcc/riscv-none-embed/8.2.0/rv32imacxw/ilp32\libgcc.a(save-restore.o)
                              ./User/dash_draw.o (__riscv_save_12)
c:/mounriver/mounriver_studio/toolchain/risc-v embedded gcc/bin/../lib/gcc/riscv-none-embed/8.2.0/rv32imacxw/ilp32\libgcc.a(_clzsi2.o)
                              c:/mounriver/mounriver_studio/toolchain/risc-v embedded gcc/bin/../lib/gcc/riscv-none-embed/8.2.0/rv32imacxw/ilp32\libgcc.a(muldf3.o) (__clzsi2)
c:/mounriver/mounriver_studio/toolchain/risc-v embedded gcc/bin/../lib/gcc/riscv-none-embed/8.2.0/rv32imacxw/ilp32\libgcc.a(_clz.o)
                              c:/mounriver/mounriver_studio/toolchain/risc-v embedded gcc/bin/../lib/gcc/riscv-none-embed/8.2.0/rv32imacxw/ilp32\libgcc.a(_clzsi2.o) (__clz_tab)
c:/mounriver/mounriver_studio/toolchain/risc-v embedded gcc/bin/../lib/gcc/riscv-none-embed/8.2.0/../../../../riscv-none-embed/lib/rv32imacxw/ilp32\libg_nano.a(lib_a-calloc.o)
                              ./CANopenNode/CANopen.o (calloc)
c:/mounriver/mounriver_studio/toolchain/risc-v embedded gcc/bin/../lib/gcc/riscv-none-embed/8.2.0/../../../../riscv-none-embed/lib/rv32imacxw/ilp32\libg_nano.a(lib_a-impure.o)
                              c:/mounriver/mounriver_studio/toolchain/risc-v embedded gcc/bin/../lib/gcc/riscv-none-embed/8.2.0/../../../../riscv-none-embed/lib/rv32imacxw/ilp32\libg_nano.a(lib_a-calloc.o) (_impure_ptr)
c:/mounriver/mounriver_studio/toolchain/risc-v embedded gcc/bin/../lib/gcc/riscv-none-embed/8.2.0/../../../../riscv-none-embed/lib/rv32imacxw/ilp32\libg_nano.a(lib_a-malloc.o)
                              ./CANopenNode/CANopen.o (free)
c:/mounriver/mounriver_studio/toolchain/risc-v embedded gcc/bin/../lib/gcc/riscv-none-embed/8.2.0/../../../../riscv-none-embed/lib/rv32imacxw/ilp32\libg_nano.a(lib_a-memcpy.o)
                              ./User/DataModel.o (memcpy)
c:/mounriver/mounriver_studio/toolchain/risc-v embedded gcc/bin/../lib/gcc/riscv-none-embed/8.2.0/../../../../riscv-none-embed/lib/rv32imacxw/ilp32\libg_nano.a(lib_a-memmove.o)
                              ./CANopenNode/301/CO_SDOserver.o (memmove)
[...]
Memory Configuration

Name             Origin             Length             Attributes
FLASH            0x0000000000000000 0x0000000000010000 xr
SFLASH           0x0000000000010000 0x0000000000002800 xr
RAM              0x0000000020000000 0x0000000000005000 xrw
*default*        0x0000000000000000 0xffffffffffffffff

Linker script and memory map

LOAD ./User/CanOpenNode.o
LOAD ./User/DataModel.o
LOAD ./User/ch32v20x_it.o
LOAD ./User/dash_draw.o
LOAD ./User/init.o
LOAD ./User/inputs.o
LOAD ./User/led.o
LOAD ./User/main.o
LOAD ./User/process.o
LOAD ./User/system_ch32v20x.o
LOAD ./User/system_init.o
LOAD ./Startup/startup_ch32v20x_D6.o
LOAD ./Peripheral/src/ch32v20x_adc.o
LOAD ./Peripheral/src/ch32v20x_bkp.o
LOAD ./Peripheral/src/ch32v20x_can.o
LOAD ./Peripheral/src/ch32v20x_crc.o
LOAD ./Peripheral/src/ch32v20x_dbgmcu.o
LOAD ./Peripheral/src/ch32v20x_dma.o
LOAD ./Peripheral/src/ch32v20x_exti.o
LOAD ./Peripheral/src/ch32v20x_flash.o
LOAD ./Peripheral/src/ch32v20x_gpio.o
LOAD ./Peripheral/src/ch32v20x_i2c.o
LOAD ./Peripheral/src/ch32v20x_iwdg.o
LOAD ./Peripheral/src/ch32v20x_misc.o
LOAD ./Peripheral/src/ch32v20x_opa.o
LOAD ./Peripheral/src/ch32v20x_pwr.o
LOAD ./Peripheral/src/ch32v20x_rcc.o
LOAD ./Peripheral/src/ch32v20x_rtc.o
LOAD ./Peripheral/src/ch32v20x_spi.o
LOAD ./Peripheral/src/ch32v20x_tim.o
LOAD ./Peripheral/src/ch32v20x_usart.o
LOAD ./Peripheral/src/ch32v20x_wwdg.o
LOAD ./HAL_LIB/filters.o
LOAD ./HAL_LIB/hw_lib_adc.o
LOAD ./HAL_LIB/hw_lib_din.o
LOAD ./HAL_LIB/hw_lib_eeprom_i2c.o
LOAD ./HAL_DRIVER/hal_can_ch32.o
LOAD ./HAL_DRIVER/hal_gpio_ch32.o
LOAD ./HAL_DRIVER/hal_i2c_ch32.o
LOAD ./HAL_DRIVER/hal_irq.o
LOAD ./HAL_DRIVER/hal_rtc_ch32.o
LOAD ./HAL_DRIVER/hal_spi_ch32.o
LOAD ./HAL_DRIVER/hal_wdt_ch32.o
LOAD ./HAL/hal_adc_ch32.o
LOAD ./HAL/hal_dma_ch32.o
LOAD ./HAL/hal_timers_ch32.o
LOAD ./FreeRTOS/portable/MemMang/heap_4.o
LOAD ./FreeRTOS/portable/GCC/RISC-V/port.o
LOAD ./FreeRTOS/portable/GCC/RISC-V/portASM.o
LOAD ./FreeRTOS/croutine.o
LOAD ./FreeRTOS/event_groups.o
LOAD ./FreeRTOS/list.o
LOAD ./FreeRTOS/queue.o
LOAD ./FreeRTOS/stream_buffer.o
LOAD ./FreeRTOS/tasks.o
LOAD ./FreeRTOS/timers.o
LOAD ./Debug/debug.o
LOAD ./Core/core_riscv.o
LOAD ./CANopenNode/keypad/CO_driver_ST32F103.o
LOAD ./CANopenNode/keypad/OD.o
LOAD ./CANopenNode/extra/CO_trace.o
LOAD ./CANopenNode/309/CO_gateway_ascii.o
LOAD ./CANopenNode/305/CO_LSSmaster.o
LOAD ./CANopenNode/305/CO_LSSslave.o
LOAD ./CANopenNode/304/CO_GFC.o
LOAD ./CANopenNode/304/CO_SRDO.o
LOAD ./CANopenNode/303/CO_LEDs.o
LOAD ./CANopenNode/301/CO_Emergency.o
LOAD ./CANopenNode/301/CO_HBconsumer.o
LOAD ./CANopenNode/301/CO_NMT_Heartbeat.o
LOAD ./CANopenNode/301/CO_Node_Guarding.o
LOAD ./CANopenNode/301/CO_ODinterface.o
LOAD ./CANopenNode/301/CO_PDO.o
LOAD ./CANopenNode/301/CO_SDOclient.o
LOAD ./CANopenNode/301/CO_SDOserver.o
LOAD ./CANopenNode/301/CO_SYNC.o
LOAD ./CANopenNode/301/CO_TIME.o
LOAD ./CANopenNode/301/CO_fifo.o
LOAD ./CANopenNode/301/crc16-ccitt.o
LOAD ./CANopenNode/CANopen.o
LOAD c:/mounriver/mounriver_studio/toolchain/risc-v embedded gcc/bin/../lib/gcc/riscv-none-embed/8.2.0/../../../../riscv-none-embed/lib/rv32imacxw/ilp32\libm.a
LOAD c:/mounriver/mounriver_studio/toolchain/risc-v embedded gcc/bin/../lib/gcc/riscv-none-embed/8.2.0/rv32imacxw/ilp32\libgcc.a
LOAD c:/mounriver/mounriver_studio/toolchain/risc-v embedded gcc/bin/../lib/gcc/riscv-none-embed/8.2.0/../../../../riscv-none-embed/lib/rv32imacxw/ilp32\libg_nano.a
LOAD c:/mounriver/mounriver_studio/toolchain/risc-v embedded gcc/bin/../lib/gcc/riscv-none-embed/8.2.0/../../../../riscv-none-embed/lib/rv32imacxw/ilp32\libc_nano.a
LOAD c:/mounriver/mounriver_studio/toolchain/risc-v embedded gcc/bin/../lib/gcc/riscv-none-embed/8.2.0/rv32imacxw/ilp32\libgcc.a
START GROUP
LOAD c:/mounriver/mounriver_studio/toolchain/risc-v embedded gcc/bin/../lib/gcc/riscv-none-embed/8.2.0/rv32imacxw/ilp32\libgcc.a
LOAD c:/mounriver/mounriver_studio/toolchain/risc-v embedded gcc/bin/../lib/gcc/riscv-none-embed/8.2.0/../../../../riscv-none-embed/lib/rv32imacxw/ilp32\libc_nano.a
LOAD c:/mounriver/mounriver_studio/toolchain/risc-v embedded gcc/bin/../lib/gcc/riscv-none-embed/8.2.0/../../../../riscv-none-embed/lib/rv32imacxw/ilp32\libnosys.a
END GROUP
START GROUP
LOAD c:/mounriver/mounriver_studio/toolchain/risc-v embedded gcc/bin/../lib/gcc/riscv-none-embed/8.2.0/rv32imacxw/ilp32\libgcc.a
LOAD c:/mounriver/mounriver_studio/toolchain/risc-v embedded gcc/bin/../lib/gcc/riscv-none-embed/8.2.0/../../../../riscv-none-embed/lib/rv32imacxw/ilp32\libc_nano.a
LOAD c:/mounriver/mounriver_studio/toolchain/risc-v embedded gcc/bin/../lib/gcc/riscv-none-embed/8.2.0/../../../../riscv-none-embed/lib/rv32imacxw/ilp32\libnosys.a
END GROUP
                0x0000000000000be8                __stack_size = 0xbe8
                [!provide]                        PROVIDE (_stack_size = __stack_size)

.init           0x0000000000000000       0x38
                0x0000000000000000                _sinit = .
                0x0000000000000000                . = ALIGN (0x4)
 *(SORT_NONE(.init))
 .init          0x0000000000000000       0x38 ./Startup/startup_ch32v20x_D6.o
                0x0000000000000000                _start
                0x0000000000000038                . = ALIGN (0x4)
                0x0000000000000038                _einit = .

.vector         0x0000000000000038      0x108
 *(.vector)
 .vector        0x0000000000000038       0xfc ./Startup/startup_ch32v20x_D6.o
                0x0000000000000140                . = ALIGN (0x40)
 *fill*         0x0000000000000134        0xc 

.stext          0x0000000000010000      0x73e
                0x0000000000010000                . = ALIGN (0x4)
 *(.stext)
 .stext         0x0000000000010000       0x8a ./User/DataModel.o
 .stext         0x000000000001008a      0x168 ./User/init.o
                0x000000000001008a                vInit_DeviceConfig
 .stext         0x00000000000101f2       0x76 ./User/inputs.o
                0x00000000000101f2                ADC1_Init
 .stext         0x0000000000010268      0x202 ./User/process.o
                0x0000000000010268                vProceesInit
 .stext         0x000000000001046a      0x14e ./User/system_init.o
                0x000000000001046a                vSYStaskInit
                0x000000000001058e                vSYSqueueInit
 .stext         0x00000000000105b8       0x34 ./HAL_LIB/hw_lib_din.o
                0x00000000000105b8                eDinConfigWtihStruct
 .stext         0x00000000000105ec       0xca ./HAL_DRIVER/hal_rtc_ch32.o
                0x00000000000105ec                HAL_RTC_IT_Init
 .stext         0x00000000000106b6       0x60 ./HAL_DRIVER/hal_spi_ch32.o
                0x00000000000106b6                HAL_SPI_InitDMA
 .stext         0x0000000000010716       0x28 ./HAL_DRIVER/hal_wdt_ch32.o
                0x0000000000010716                HAL_WDT_Init1s

.text           0x0000000000000200     0xddf4
                0x0000000000000200                . = ALIGN (0x4)
 *(.text)
 .text          0x0000000000000200      0x2ee ./FreeRTOS/portable/GCC/RISC-V/portASM.o
                0x0000000000000200                SW_Handler
                0x0000000000000300                xPortStartFirstTask
                0x0000000000000400                pxPortInitialiseStack
 .text          0x00000000000004ee       0x60 c:/mounriver/mounriver_studio/toolchain/risc-v embedded gcc/bin/../lib/gcc/riscv-none-embed/8.2.0/rv32imacxw/ilp32\libgcc.a(save-restore.o)
                0x00000000000004ee                __riscv_save_12
                0x00000000000004f6                __riscv_save_9
                0x00000000000004f6                __riscv_save_11
                0x00000000000004f6                __riscv_save_10
                0x00000000000004f6                __riscv_save_8
                0x0000000000000504                __riscv_save_4
                0x0000000000000504                __riscv_save_6
                0x0000000000000504                __riscv_save_5
                0x0000000000000504                __riscv_save_7
                0x000000000000051e                __riscv_save_3
                0x000000000000051e                __riscv_save_2
                0x000000000000051e                __riscv_save_1
                0x000000000000051e                __riscv_save_0
                0x000000000000052a                __riscv_restore_12
                0x000000000000052e                __riscv_restore_11
                0x000000000000052e                __riscv_restore_9
                0x000000000000052e                __riscv_restore_10
                0x000000000000052e                __riscv_restore_8
                0x0000000000000538                __riscv_restore_5
                0x0000000000000538                __riscv_restore_7
                0x0000000000000538                __riscv_restore_6
                0x0000000000000538                __riscv_restore_4
                0x0000000000000542                __riscv_restore_3
                0x0000000000000542                __riscv_restore_0
                0x0000000000000542                __riscv_restore_2
                0x0000000000000542                __riscv_restore_1
 .text          0x000000000000054e       0xa8 c:/mounriver/mounriver_studio/toolchain/risc-v embedded gcc/bin/../lib/gcc/riscv-none-embed/8.2.0/../../../../riscv-none-embed/lib/rv32imacxw/ilp32\libg_nano.a(lib_a-memset.o)
                0x000000000000054e                memset
 *(.text.*)
 .text.xCanOpenProcessTaskHandle
                0x00000000000005f6        0xa ./User/CanOpenNode.o
                0x00000000000005f6                xCanOpenProcessTaskHandle
 .text.xCanOpenPeriodicTaskHandle
                0x0000000000000600        0xa ./User/CanOpenNode.o
                0x0000000000000600                xCanOpenPeriodicTaskHandle
 .text.vCanOpenInit
                0x000000000000060a        0xa ./User/CanOpenNode.o
                0x000000000000060a                vCanOpenInit
 .text.vCanOpenProcess
                0x0000000000000614      0x192 ./User/CanOpenNode.o
                0x0000000000000614                vCanOpenProcess
 .text.vCanOpenPeriodicProcess
                0x00000000000007a6       0x82 ./User/CanOpenNode.o
                0x00000000000007a6                vCanOpenPeriodicProcess
 .text.xDataRegQueue
                0x0000000000000828        0xa ./User/DataModel.o
                0x0000000000000828                xDataRegQueue
 .text.vDataModelRegDelayWrite
                0x0000000000000832       0x34 ./User/DataModel.o
                0x0000000000000832                vDataModelRegDelayWrite
 .text.setReg32
                0x0000000000000866       0x1a ./User/DataModel.o
                0x0000000000000866                setReg32
 .text.setReg16
                0x0000000000000880        0xe ./User/DataModel.o
                0x0000000000000880                setReg16
 .text.setReg8  0x000000000000088e        0xa ./User/DataModel.o
                0x000000000000088e                setReg8
 .text.SaveReg16
                0x0000000000000898       0x14 ./User/DataModel.o
                0x0000000000000898                SaveReg16
 .text.getReg16
                0x00000000000008ac       0x10 ./User/DataModel.o
                0x00000000000008ac                getReg16
 .text.getReg32
                0x00000000000008bc       0x1c ./User/DataModel.o
                0x00000000000008bc                getReg32
 .text.DataModel_Init
                0x00000000000008d8      0x396 ./User/DataModel.o
                0x00000000000008d8                DataModel_Init
 .text.getReg8  0x0000000000000c6e        0xa ./User/DataModel.o
                0x0000000000000c6e                getReg8
 .text.WriteRegAfterDelay
                0x0000000000000c78       0x60 ./User/DataModel.o
                0x0000000000000c78                WriteRegAfterDelay
 .text.WriteReg
                0x0000000000000cd8       0x56 ./User/DataModel.o
                0x0000000000000cd8                WriteReg
 .text.vGetBitrate
                0x0000000000000d2e       0x2a ./User/DataModel.o
                0x0000000000000d2e                vGetBitrate
 .text.vFDGetNMTState
                0x0000000000000d58        0x6 ./User/DataModel.o
                0x0000000000000d58                vFDGetNMTState
 .text.vGetNodeId
                0x0000000000000d5e        0x6 ./User/DataModel.o
                0x0000000000000d5e                vGetNodeId
 .text.vIncrementSystemCounters
                0x0000000000000d64       0x76 ./User/DataModel.o
                0x0000000000000d64                vIncrementSystemCounters
 .text.vSaveData
                0x0000000000000dda       0x14 ./User/DataModel.o
                0x0000000000000dda                vSaveData
 .text.getOdometr
                0x0000000000000dee       0x14 ./User/DataModel.o
                0x0000000000000dee                getOdometr
 .text.NMI_Handler
                0x0000000000000e02        0x2 ./User/ch32v20x_it.o
                0x0000000000000e02                NMI_Handler
 .text.HardFault_Handler
                0x0000000000000e04       0x66 ./User/ch32v20x_it.o
                0x0000000000000e04                HardFault_Handler
 .text.SegPrint
                0x0000000000000e6a       0x5a ./User/dash_draw.o
 .text.vCheckKeySatate
                0x0000000000000ec4       0x68 ./User/dash_draw.o
 .text.xProcessTaskHandle
                0x0000000000000f2c        0xa ./User/dash_draw.o
                0x0000000000000f2c                xProcessTaskHandle
 .text.vSetErrorReg
                0x0000000000000f36        0xa ./User/dash_draw.o
                0x0000000000000f36                vSetErrorReg
 .text.getODValue
                0x0000000000000f40      0x130 ./User/dash_draw.o
                0x0000000000000f40                getODValue
 .text.IncMenuIndex
                0x0000000000001070       0x80 ./User/dash_draw.o
                0x0000000000001070                IncMenuIndex
 .text.GoToHome
                0x00000000000010f0       0x12 ./User/dash_draw.o
                0x00000000000010f0                GoToHome
 .text.SetCurMenuHome
                0x0000000000001102       0x1e ./User/dash_draw.o
                0x0000000000001102                SetCurMenuHome
 .text.GetCurMenuHome
                0x0000000000001120        0x6 ./User/dash_draw.o
                0x0000000000001120                GetCurMenuHome
 .text.SetCurrentMenu
                0x0000000000001126       0x12 ./User/dash_draw.o
                0x0000000000001126                SetCurrentMenu
 .text.SetDefault
                0x0000000000001138       0x2a ./User/dash_draw.o
                0x0000000000001138                SetDefault
 .text.MenuBackHomeCheck
                0x0000000000001162       0x38 ./User/dash_draw.o
                0x0000000000001162                MenuBackHomeCheck
 .text.CheckMenuChannel
                0x000000000000119a       0x20 ./User/dash_draw.o
                0x000000000000119a                CheckMenuChannel
 .text.vDashDrawInit
                0x00000000000011ba       0x80 ./User/dash_draw.o
                0x00000000000011ba                vDashDrawInit
 .text.vMenuBlink
                0x000000000000123a       0x4a ./User/dash_draw.o
                0x000000000000123a                vMenuBlink
 .text.SetErrorRegiter
                0x0000000000001284       0x5e ./User/dash_draw.o
                0x0000000000001284                SetErrorRegiter
 .text.uGetCurrMenu
                0x00000000000012e2       0x26 ./User/dash_draw.o
                0x00000000000012e2                uGetCurrMenu
 .text.vGetEdgeData
                0x0000000000001308       0x2a ./User/dash_draw.o
                0x0000000000001308                vGetEdgeData
 .text.checkLedState
                0x0000000000001332       0x3a ./User/dash_draw.o
 .text.vRGBMode
                0x000000000000136c       0x72 ./User/dash_draw.o
                0x000000000000136c                vRGBMode
 .text.vBarColorMode
                0x00000000000013de       0xc2 ./User/dash_draw.o
                0x00000000000013de                vBarColorMode
 .text.vBarWindowMode
                0x00000000000014a0       0x5a ./User/dash_draw.o
                0x00000000000014a0                vBarWindowMode
 .text.vBarMode
                0x00000000000014fa       0x66 ./User/dash_draw.o
                0x00000000000014fa                vBarMode
 .text.vRedrawTask
                0x0000000000001560      0x4f8 ./User/dash_draw.o
                0x0000000000001560                vRedrawTask
 .text.HardwareDeinit
                0x0000000000001a58       0x2a ./User/init.o
                0x0000000000001a58                HardwareDeinit
 .text.SoftwareReset
                0x0000000000001a82       0x14 ./User/init.o
                0x0000000000001a82                SoftwareReset
 .text.ADC1_Event
                0x0000000000001a96       0x48 ./User/inputs.o
                0x0000000000001a96                ADC1_Event
 .text.CaptureDMACallBack
                0x0000000000001ade       0x22 ./User/inputs.o
                0x0000000000001ade                CaptureDMACallBack
 .text.CaptureDMACallBack_1
                0x0000000000001b00       0x22 ./User/inputs.o
                0x0000000000001b00                CaptureDMACallBack_1
 .text.SaveData
                0x0000000000001b22       0x2e ./User/inputs.o
 .text.fDinStateCallback
                0x0000000000001b50       0x32 ./User/inputs.o
                0x0000000000001b50                fDinStateCallback
 .text.vSetDoutState
                0x0000000000001b82       0x28 ./User/inputs.o
                0x0000000000001b82                vSetDoutState
 .text.getInputsTaskHandle
                0x0000000000001baa        0xa ./User/inputs.o
                0x0000000000001baa                getInputsTaskHandle
 .text.ADC_FSM  0x0000000000001bb4      0x1b6 ./User/inputs.o
                0x0000000000001bb4                ADC_FSM
 .text.GetAIN   0x0000000000001d6a        0xc ./User/inputs.o
                0x0000000000001d6a                GetAIN
 .text.vInputsTask
                0x0000000000001d76      0x272 ./User/inputs.o
                0x0000000000001d76                vInputsTask
 .text.SPI1_DMA_Callback
                0x0000000000001fe8       0x2e ./User/led.o
                0x0000000000001fe8                SPI1_DMA_Callback
 .text.SPI2_DMA_Callback
                0x0000000000002016       0x2e ./User/led.o
                0x0000000000002016                SPI2_DMA_Callback
 .text.SetBarState
                0x0000000000002044       0x50 ./User/led.o
                0x0000000000002044                SetBarState
 .text.SetRGB   0x0000000000002094       0x4e ./User/led.o
                0x0000000000002094                SetRGB
 .text.SetSegDirect
                0x00000000000020e2       0x9c ./User/led.o
                0x00000000000020e2                SetSegDirect
 .text.SetSegPoint
                0x000000000000217e       0x22 ./User/led.o
                0x000000000000217e                SetSegPoint
 .text.SetSEG   0x00000000000021a0      0x120 ./User/led.o
                0x00000000000021a0                SetSEG
 .text.SetBigSeg
                0x00000000000022c0       0x14 ./User/led.o
                0x00000000000022c0                SetBigSeg
 .text.vSetBrigth
                0x00000000000022d4       0x28 ./User/led.o
                0x00000000000022d4                vSetBrigth
 .text.vLedDriverStart
                0x00000000000022fc       0x4e ./User/led.o
                0x00000000000022fc                vLedDriverStart
 .text.vLedProcess
                0x000000000000234a       0x1e ./User/led.o
                0x000000000000234a                vLedProcess
 .text.vRGBProcess
                0x0000000000002368       0xe2 ./User/led.o
                0x0000000000002368                vRGBProcess
 .text.startup.main
                0x000000000000244a       0x28 ./User/main.o
                0x000000000000244a                main
 .text.vRestartNode
                0x0000000000002472        0x2 ./User/main.o
                0x0000000000002472                vRestartNode
 .text.Error_Handler
                0x0000000000002474        0x8 ./User/main.o
                0x0000000000002474                Error_Handler
 .text.OD_readKEY
                0x000000000000247c        0x8 ./User/process.o
 .text.OD_writeRGBMAP
                0x0000000000002484       0x30 ./User/process.o
 .text.OD_writeKEY
                0x00000000000024b4       0x34 ./User/process.o
 .text.OD_readRGBMAP
                0x00000000000024e8       0x22 ./User/process.o
 .text.OD_readDIN
                0x000000000000250a       0x1c ./User/process.o
 .text.OD_writeMenuSetup
                0x0000000000002526       0x46 ./User/process.o
 .text.OD_writeBoardSettings
                0x000000000000256c       0x76 ./User/process.o
 .text.CO_getUint16
                0x00000000000025e2       0x10 ./User/process.o
 .text.OD_writeSEG
                0x00000000000025f2       0x44 ./User/process.o
 .text.OD_writeBAR
                0x0000000000002636       0x30 ./User/process.o
 .text.OD_writeRPMConfig
                0x0000000000002666       0x36 ./User/process.o
 .text.CO_getUint32
                0x000000000000269c       0x18 ./User/process.o
 .text.OD_writeMenuMap
                0x00000000000026b4       0x30 ./User/process.o
 .text.OD_writeV1_14
                0x00000000000026e4       0x54 ./User/process.o
 .text.OD_writeDashParam
                0x0000000000002738       0x44 ./User/process.o
 .text.WriteRGB.isra.2
                0x000000000000277c       0x3a ./User/process.o
 .text.OD_writeRGB1
                0x00000000000027b6       0x14 ./User/process.o
 .text.OD_writeRGB2
                0x00000000000027ca       0x16 ./User/process.o
 .text.OD_writeRGB3
                0x00000000000027e0       0x16 ./User/process.o
 .text.OD_writeRGB4
                0x00000000000027f6       0x16 ./User/process.o
 .text.OD_writeRGB5
                0x000000000000280c       0x16 ./User/process.o
 .text.OD_writeRGB6
                0x0000000000002822       0x16 ./User/process.o
 .text.OD_writeRGB7
                0x0000000000002838       0x16 ./User/process.o
 .text.OD_writeRGB8
                0x000000000000284e       0x16 ./User/process.o
 .text.OD_writeRGB9
                0x0000000000002864       0x16 ./User/process.o
 .text.OD_writeRGB10
                0x000000000000287a       0x16 ./User/process.o
 .text.OD_writeRGB11
                0x0000000000002890       0x16 ./User/process.o
 .text.OD_writeRGB12
                0x00000000000028a6       0x16 ./User/process.o
 .text.OD_writeRGB13
                0x00000000000028bc       0x16 ./User/process.o
 .text.OD_readBoardSettings
                0x00000000000028d2       0x2c ./User/process.o
 .text.readADC.isra.6
                0x00000000000028fe       0x84 ./User/process.o
 .text.OD_readADC1
                0x0000000000002982       0x10 ./User/process.o
 .text.OD_readADC2
                0x0000000000002992       0x10 ./User/process.o
 .text.OD_readADC3
                0x00000000000029a2       0x10 ./User/process.o
 .text.OD_readMenuSetup
                0x00000000000029b2       0x30 ./User/process.o
 .text.writeADC.isra.9
                0x00000000000029e2       0xde ./User/process.o
 .text.OD_writeADC1
                0x0000000000002ac0       0x10 ./User/process.o
 .text.OD_writeADC2
                0x0000000000002ad0       0x10 ./User/process.o
 .text.OD_writeADC3
                0x0000000000002ae0       0x10 ./User/process.o
 .text.OD_readRGB.isra.5
                0x0000000000002af0       0x22 ./User/process.o
 .text.OD_readRGB1
                0x0000000000002b12       0x10 ./User/process.o
 .text.OD_readRGB2
                0x0000000000002b22       0x12 ./User/process.o
 .text.OD_readRGB3
                0x0000000000002b34       0x12 ./User/process.o
 .text.OD_readRGB4
                0x0000000000002b46       0x12 ./User/process.o
 .text.OD_readRGB5
                0x0000000000002b58       0x12 ./User/process.o
 .text.OD_readRGB6
                0x0000000000002b6a       0x12 ./User/process.o
 .text.OD_readRGB7
                0x0000000000002b7c       0x12 ./User/process.o
 .text.OD_readRGB8
                0x0000000000002b8e       0x12 ./User/process.o
 .text.OD_readRGB9
                0x0000000000002ba0       0x12 ./User/process.o
 .text.OD_readRGB10
                0x0000000000002bb2       0x12 ./User/process.o
 .text.OD_readRGB11
                0x0000000000002bc4       0x12 ./User/process.o
 .text.OD_readRGB12
                0x0000000000002bd6       0x12 ./User/process.o
 .text.OD_readRGB13
                0x0000000000002be8       0x12 ./User/process.o
 .text.OD_readAIN_RPM
                0x0000000000002bfa       0x26 ./User/process.o
 .text.OD_readMenuMap
                0x0000000000002c20       0x2c ./User/process.o
 .text.OD_readRPMConfig
                0x0000000000002c4c       0x2a ./User/process.o
 .text.OD_readBar
                0x0000000000002c76       0x28 ./User/process.o
 .text.OD_readDashParam
                0x0000000000002c9e       0x4c ./User/process.o
 .text.OD_readSEG
                0x0000000000002cea       0x34 ./User/process.o
 .text.SystemInit
                0x0000000000002d1e       0xea ./User/system_ch32v20x.o
                0x0000000000002d1e                SystemInit
 .text.SystemCoreClockUpdate
                0x0000000000002e08       0x92 ./User/system_ch32v20x.o
                0x0000000000002e08                SystemCoreClockUpdate
 .text.StartDefaultTask
                0x0000000000002e9a       0x78 ./User/system_init.o
 .text.vApplicationGetIdleTaskMemory
                0x0000000000002f12       0x1c ./User/system_init.o
                0x0000000000002f12                vApplicationGetIdleTaskMemory
 .text.vSystemStop
                0x0000000000002f2e       0x26 ./User/system_init.o
                0x0000000000002f2e                vSystemStop
 .text.vector_handler
                0x0000000000002f54       0x6c ./Startup/startup_ch32v20x_D6.o
                0x0000000000002f58                Ecall_M_Mode_Handler
                0x0000000000002f5a                Ecall_U_Mode_Handler
                0x0000000000002f5c                Break_Point_Handler
                0x0000000000002f62                WWDG_IRQHandler
                0x0000000000002f64                PVD_IRQHandler
                0x0000000000002f66                TAMPER_IRQHandler
                0x0000000000002f6a                FLASH_IRQHandler
                0x0000000000002f6c                RCC_IRQHandler
                0x0000000000002f6e                EXTI0_IRQHandler
                0x0000000000002f70                EXTI1_IRQHandler
                0x0000000000002f72                EXTI2_IRQHandler
                0x0000000000002f74                EXTI3_IRQHandler
                0x0000000000002f76                EXTI4_IRQHandler
                0x0000000000002f7a                DMA1_Channel2_IRQHandler
                0x0000000000002f82                DMA1_Channel6_IRQHandler
                0x0000000000002f90                EXTI9_5_IRQHandler
                0x0000000000002f92                TIM1_BRK_IRQHandler
                0x0000000000002f94                TIM1_UP_IRQHandler
                0x0000000000002f96                TIM1_TRG_COM_IRQHandler
                0x0000000000002f98                TIM1_CC_IRQHandler
                0x0000000000002f9a                TIM2_IRQHandler
                0x0000000000002f9c                TIM3_IRQHandler
                0x0000000000002fa4                I2C2_EV_IRQHandler
                0x0000000000002fa6                I2C2_ER_IRQHandler
                0x0000000000002fa8                SPI1_IRQHandler
                0x0000000000002faa                SPI2_IRQHandler
                0x0000000000002fac                USART1_IRQHandler
                0x0000000000002fae                USART2_IRQHandler
                0x0000000000002fb0                USART3_IRQHandler
                0x0000000000002fb2                EXTI15_10_IRQHandler
                0x0000000000002fb4                RTCAlarm_IRQHandler
                0x0000000000002fb6                USBWakeUp_IRQHandler
                0x0000000000002fb8                USBHD_IRQHandler
                0x0000000000002fba                USBHDWakeUp_IRQHandler
                0x0000000000002fbc                UART4_IRQHandler
                0x0000000000002fbe                DMA1_Channel8_IRQHandler
 .text.handle_reset
                0x0000000000002fc0       0x92 ./Startup/startup_ch32v20x_D6.o
                0x0000000000002fc0                handle_reset
 .text.ADC_Cmd  0x0000000000003052       0x10 ./Peripheral/src/ch32v20x_adc.o
                0x0000000000003052                ADC_Cmd
 .text.ADC_GetResetCalibrationStatus
                0x0000000000003062        0x8 ./Peripheral/src/ch32v20x_adc.o
                0x0000000000003062                ADC_GetResetCalibrationStatus
 .text.ADC_GetCalibrationStatus
                0x000000000000306a        0x8 ./Peripheral/src/ch32v20x_adc.o
                0x000000000000306a                ADC_GetCalibrationStatus
 .text.ADC_GetITStatus
                0x0000000000003072       0x1c ./Peripheral/src/ch32v20x_adc.o
                0x0000000000003072                ADC_GetITStatus
 .text.ADC_ClearITPendingBit
                0x000000000000308e        0xa ./Peripheral/src/ch32v20x_adc.o
                0x000000000000308e                ADC_ClearITPendingBit
 .text.Get_CalibrationValue
                0x0000000000003098      0x1fe ./Peripheral/src/ch32v20x_adc.o
                0x0000000000003098                Get_CalibrationValue
 .text.DMA_GetFlagStatus
                0x0000000000003296        0xe ./Peripheral/src/ch32v20x_dma.o
                0x0000000000003296                DMA_GetFlagStatus
 .text.DMA_GetITStatus
                0x00000000000032a4        0xc ./Peripheral/src/ch32v20x_dma.o
                0x00000000000032a4                DMA_GetITStatus
 .text.DMA_ClearITPendingBit
                0x00000000000032b0        0x8 ./Peripheral/src/ch32v20x_dma.o
                0x00000000000032b0                DMA_ClearITPendingBit
 .text.GPIO_Init
                0x00000000000032b8       0xfa ./Peripheral/src/ch32v20x_gpio.o
                0x00000000000032b8                GPIO_Init
 .text.GPIO_PinRemapConfig
                0x00000000000033b2       0xf2 ./Peripheral/src/ch32v20x_gpio.o
                0x00000000000033b2                GPIO_PinRemapConfig
 .text.I2C_DualAddressCmd
                0x00000000000034a4       0x18 ./Peripheral/src/ch32v20x_i2c.o
                0x00000000000034a4                I2C_DualAddressCmd
 .text.I2C_ClearFlag
                0x00000000000034bc        0xc ./Peripheral/src/ch32v20x_i2c.o
                0x00000000000034bc                I2C_ClearFlag
 .text.RCC_LSEConfig
                0x00000000000034c8       0x28 ./Peripheral/src/ch32v20x_rcc.o
                0x00000000000034c8                RCC_LSEConfig
 .text.RCC_GetClocksFreq
                0x00000000000034f0       0xbe ./Peripheral/src/ch32v20x_rcc.o
                0x00000000000034f0                RCC_GetClocksFreq
 .text.RCC_APB2PeriphClockCmd
                0x00000000000035ae       0x1e ./Peripheral/src/ch32v20x_rcc.o
                0x00000000000035ae                RCC_APB2PeriphClockCmd
 .text.RCC_GetFlagStatus
                0x00000000000035cc       0x2e ./Peripheral/src/ch32v20x_rcc.o
                0x00000000000035cc                RCC_GetFlagStatus
 .text.RTC_EnterConfigMode
                0x00000000000035fa       0x12 ./Peripheral/src/ch32v20x_rtc.o
                0x00000000000035fa                RTC_EnterConfigMode
 .text.RTC_ExitConfigMode
                0x000000000000360c       0x18 ./Peripheral/src/ch32v20x_rtc.o
                0x000000000000360c                RTC_ExitConfigMode
 .text.RTC_GetCounter
                0x0000000000003624       0x36 ./Peripheral/src/ch32v20x_rtc.o
                0x0000000000003624                RTC_GetCounter
 .text.RTC_SetCounter
                0x000000000000365a       0x2c ./Peripheral/src/ch32v20x_rtc.o
                0x000000000000365a                RTC_SetCounter
 .text.RTC_SetPrescaler
                0x0000000000003686       0x2e ./Peripheral/src/ch32v20x_rtc.o
                0x0000000000003686                RTC_SetPrescaler
 .text.RTC_WaitForLastTask
                0x00000000000036b4       0x10 ./Peripheral/src/ch32v20x_rtc.o
                0x00000000000036b4                RTC_WaitForLastTask
 .text.RTC_WaitForSynchro
                0x00000000000036c4       0x24 ./Peripheral/src/ch32v20x_rtc.o
                0x00000000000036c4                RTC_WaitForSynchro
 .text.TIM_OC1Init
                0x00000000000036e8       0x6a ./Peripheral/src/ch32v20x_tim.o
                0x00000000000036e8                TIM_OC1Init
 .text.TIM_OC2Init
                0x0000000000003752       0x96 ./Peripheral/src/ch32v20x_tim.o
                0x0000000000003752                TIM_OC2Init
 .text.TIM_OC3Init
                0x00000000000037e8       0x94 ./Peripheral/src/ch32v20x_tim.o
                0x00000000000037e8                TIM_OC3Init
 .text.TIM_OC4Init
                0x000000000000387c       0x6c ./Peripheral/src/ch32v20x_tim.o
                0x000000000000387c                TIM_OC4Init
 .text.TIM_OC1PreloadConfig
                0x00000000000038e8        0xe ./Peripheral/src/ch32v20x_tim.o
                0x00000000000038e8                TIM_OC1PreloadConfig
 .text.TIM_OC2PreloadConfig
                0x00000000000038f6       0x16 ./Peripheral/src/ch32v20x_tim.o
                0x00000000000038f6                TIM_OC2PreloadConfig
 .text.TIM_OC3PreloadConfig
                0x000000000000390c        0xe ./Peripheral/src/ch32v20x_tim.o
                0x000000000000390c                TIM_OC3PreloadConfig
 .text.TIM_OC4PreloadConfig
                0x000000000000391a       0x16 ./Peripheral/src/ch32v20x_tim.o
                0x000000000000391a                TIM_OC4PreloadConfig
 .text.TIM_GetITStatus
                0x0000000000003930       0x18 ./Peripheral/src/ch32v20x_tim.o
                0x0000000000003930                TIM_GetITStatus
 .text.USART_Init
                0x0000000000003948       0xbc ./Peripheral/src/ch32v20x_usart.o
                0x0000000000003948                USART_Init
 .text.USART_Cmd
                0x0000000000003a04       0x16 ./Peripheral/src/ch32v20x_usart.o
                0x0000000000003a04                USART_Cmd
 .text.USART_SendData
                0x0000000000003a1a        0x8 ./Peripheral/src/ch32v20x_usart.o
                0x0000000000003a1a                USART_SendData
 .text.USART_GetFlagStatus
                0x0000000000003a22        0xa ./Peripheral/src/ch32v20x_usart.o
                0x0000000000003a22                USART_GetFlagStatus
 .text.vRCFilterConfig
                0x0000000000003a2c       0x2e ./HAL_LIB/filters.o
                0x0000000000003a2c                vRCFilterConfig
 .text.vInitABFilter
                0x0000000000003a5a       0x22 ./HAL_LIB/filters.o
                0x0000000000003a5a                vInitABFilter
 .text.vInitRunAverga
                0x0000000000003a7c        0x8 ./HAL_LIB/filters.o
                0x0000000000003a7c                vInitRunAverga
 .text.vInitMedianFilter
                0x0000000000003a84       0x12 ./HAL_LIB/filters.o
                0x0000000000003a84                vInitMedianFilter
 .text.MedianFilter
                0x0000000000003a96       0x74 ./HAL_LIB/filters.o
                0x0000000000003a96                MedianFilter
 .text.AddBufferData
                0x0000000000003b0a       0x20 ./HAL_LIB/filters.o
                0x0000000000003b0a                AddBufferData
 .text.GetConversional
                0x0000000000003b2a       0x4a ./HAL_LIB/filters.o
                0x0000000000003b2a                GetConversional
 .text.vAINInit
                0x0000000000003b74       0x36 ./HAL_LIB/hw_lib_adc.o
                0x0000000000003b74                vAINInit
 .text.fGetAinCalData
                0x0000000000003baa       0x7a ./HAL_LIB/hw_lib_adc.o
                0x0000000000003baa                fGetAinCalData
 .text.eAinCalDataConfig
                0x0000000000003c24       0x50 ./HAL_LIB/hw_lib_adc.o
                0x0000000000003c24                eAinCalDataConfig
 .text.vABLineKoofFinde
                0x0000000000003c74       0x6a ./HAL_LIB/hw_lib_adc.o
                0x0000000000003c74                vABLineKoofFinde
 .text.eSetAinCalPoint
                0x0000000000003cde       0x64 ./HAL_LIB/hw_lib_adc.o
                0x0000000000003cde                eSetAinCalPoint
 .text.getADC1Buffer
                0x0000000000003d42        0xa ./HAL_LIB/hw_lib_adc.o
                0x0000000000003d42                getADC1Buffer
 .text.eDOUTConfigWtihStruct
                0x0000000000003d4c       0x1c ./HAL_LIB/hw_lib_din.o
                0x0000000000003d4c                eDOUTConfigWtihStruct
 .text.eSetDUT  0x0000000000003d68       0x16 ./HAL_LIB/hw_lib_din.o
                0x0000000000003d68                eSetDUT
 .text.uGetDIN  0x0000000000003d7e       0x14 ./HAL_LIB/hw_lib_din.o
                0x0000000000003d7e                uGetDIN
 .text.eRPMConfig
                0x0000000000003d92       0x5a ./HAL_LIB/hw_lib_din.o
                0x0000000000003d92                eRPMConfig
 .text.RMPDataConvert
                0x0000000000003dec       0x7e ./HAL_LIB/hw_lib_din.o
                0x0000000000003dec                RMPDataConvert
 .text.GetRPM   0x0000000000003e6a       0x70 ./HAL_LIB/hw_lib_din.o
                0x0000000000003e6a                GetRPM
 .text.xGetRPM  0x0000000000003eda       0x72 ./HAL_LIB/hw_lib_din.o
                0x0000000000003eda                xGetRPM
 .text.vDinDoutProcess
                0x0000000000003f4c       0xa0 ./HAL_LIB/hw_lib_din.o
                0x0000000000003f4c                vDinDoutProcess
 .text.getCaputreBuffer
                0x0000000000003fec       0x16 ./HAL_LIB/hw_lib_din.o
                0x0000000000003fec                getCaputreBuffer
 .text.I2C_FSM  0x0000000000004002      0x198 ./HAL_LIB/hw_lib_eeprom_i2c.o
                0x0000000000004002                I2C_FSM
 .text.vInitEEPROM_I2C
                0x000000000000419a       0x4e ./HAL_LIB/hw_lib_eeprom_i2c.o
                0x000000000000419a                vInitEEPROM_I2C
 .text.eEEPROMWrFast
                0x00000000000041e8      0x10a ./HAL_LIB/hw_lib_eeprom_i2c.o
                0x00000000000041e8                eEEPROMWrFast
 .text.eEEPROMWr
                0x00000000000042f2       0xe2 ./HAL_LIB/hw_lib_eeprom_i2c.o
                0x00000000000042f2                eEEPROMWr
 .text.eEEPROMRd
                0x00000000000043d4       0x8a ./HAL_LIB/hw_lib_eeprom_i2c.o
                0x00000000000043d4                eEEPROMRd
 .text.bReadEEPROM
                0x000000000000445e       0x1a ./HAL_LIB/hw_lib_eeprom_i2c.o
                0x000000000000445e                bReadEEPROM
 .text.HAL_CANSetTXCallback
                0x0000000000004478        0xa ./HAL_DRIVER/hal_can_ch32.o
                0x0000000000004478                HAL_CANSetTXCallback
 .text.HAL_CANSetRXCallback
                0x0000000000004482        0xa ./HAL_DRIVER/hal_can_ch32.o
                0x0000000000004482                HAL_CANSetRXCallback
 .text.HAL_CANSetERRCallback
                0x000000000000448c        0xa ./HAL_DRIVER/hal_can_ch32.o
                0x000000000000448c                HAL_CANSetERRCallback
 .text.HAL_CANIntIT
                0x0000000000004496      0x13c ./HAL_DRIVER/hal_can_ch32.o
                0x0000000000004496                HAL_CANIntIT
 .text.HAL_CANToInitMode
                0x00000000000045d2       0x30 ./HAL_DRIVER/hal_can_ch32.o
                0x00000000000045d2                HAL_CANToInitMode
 .text.HAL_CANToOperatingMode
                0x0000000000004602       0x26 ./HAL_DRIVER/hal_can_ch32.o
                0x0000000000004602                HAL_CANToOperatingMode
 .text.HAL_CANSend
                0x0000000000004628       0xae ./HAL_DRIVER/hal_can_ch32.o
                0x0000000000004628                HAL_CANSend
 .text.HAL_CANSetFiters
                0x00000000000046d6       0xc4 ./HAL_DRIVER/hal_can_ch32.o
                0x00000000000046d6                HAL_CANSetFiters
 .text.HAL_CANGetRXMessage
                0x000000000000479a       0xb0 ./HAL_DRIVER/hal_can_ch32.o
                0x000000000000479a                HAL_CANGetRXMessage
 .text.USB_HP_CAN1_TX_IRQHandler
                0x000000000000484a       0x60 ./HAL_DRIVER/hal_can_ch32.o
                0x000000000000484a                USB_HP_CAN1_TX_IRQHandler
 .text.USB_LP_CAN1_RX0_IRQHandler
                0x00000000000048aa       0x5e ./HAL_DRIVER/hal_can_ch32.o
                0x00000000000048aa                USB_LP_CAN1_RX0_IRQHandler
 .text.CAN1_RX1_IRQHandler
                0x0000000000004908       0x5e ./HAL_DRIVER/hal_can_ch32.o
                0x0000000000004908                CAN1_RX1_IRQHandler
 .text.CAN1_SCE_IRQHandler
                0x0000000000004966       0x5c ./HAL_DRIVER/hal_can_ch32.o
                0x0000000000004966                CAN1_SCE_IRQHandler
 .text.HAL_InitGPIO
                0x00000000000049c2       0xba ./HAL_DRIVER/hal_gpio_ch32.o
                0x00000000000049c2                HAL_InitGPIO
 .text.HAL_InitGpioOut
                0x0000000000004a7c       0x10 ./HAL_DRIVER/hal_gpio_ch32.o
                0x0000000000004a7c                HAL_InitGpioOut
 .text.HAL_InitGpioAIN
                0x0000000000004a8c       0x10 ./HAL_DRIVER/hal_gpio_ch32.o
                0x0000000000004a8c                HAL_InitGpioAIN
 .text.HAL_InitGpioIn
                0x0000000000004a9c       0x10 ./HAL_DRIVER/hal_gpio_ch32.o
                0x0000000000004a9c                HAL_InitGpioIn
 .text.HAL_InitGpioAF
                0x0000000000004aac       0x34 ./HAL_DRIVER/hal_gpio_ch32.o
                0x0000000000004aac                HAL_InitGpioAF
 .text.HAL_GetBit
                0x0000000000004ae0        0xa ./HAL_DRIVER/hal_gpio_ch32.o
                0x0000000000004ae0                HAL_GetBit
 .text.HAL_SetBit
                0x0000000000004aea        0x4 ./HAL_DRIVER/hal_gpio_ch32.o
                0x0000000000004aea                HAL_SetBit
 .text.HAL_ResetBit
                0x0000000000004aee        0x4 ./HAL_DRIVER/hal_gpio_ch32.o
                0x0000000000004aee                HAL_ResetBit
 .text.HAL_InitGPO
                0x0000000000004af2       0x14 ./HAL_DRIVER/hal_gpio_ch32.o
                0x0000000000004af2                HAL_InitGPO
 .text.HAL_I2C_Init
                0x0000000000004b06       0xf4 ./HAL_DRIVER/hal_i2c_ch32.o
                0x0000000000004b06                HAL_I2C_Init
 .text.HAL_I2C_GET_STAR2
                0x0000000000004bfa        0xe ./HAL_DRIVER/hal_i2c_ch32.o
                0x0000000000004bfa                HAL_I2C_GET_STAR2
 .text.HAL_I2C_GET_STAR1
                0x0000000000004c08        0xe ./HAL_DRIVER/hal_i2c_ch32.o
                0x0000000000004c08                HAL_I2C_GET_STAR1
 .text.HAL_I2C_ENABLE
                0x0000000000004c16       0x14 ./HAL_DRIVER/hal_i2c_ch32.o
                0x0000000000004c16                HAL_I2C_ENABLE
 .text.InitI2CIT
                0x0000000000004c2a       0x6e ./HAL_DRIVER/hal_i2c_ch32.o
                0x0000000000004c2a                InitI2CIT
 .text.HAL_I2C_DISABLE
                0x0000000000004c98       0x1a ./HAL_DRIVER/hal_i2c_ch32.o
                0x0000000000004c98                HAL_I2C_DISABLE
 .text.I2C_IT_ENABLE
                0x0000000000004cb2       0x12 ./HAL_DRIVER/hal_i2c_ch32.o
                0x0000000000004cb2                I2C_IT_ENABLE
 .text.I2C_IT_DISABLE
                0x0000000000004cc4       0x16 ./HAL_DRIVER/hal_i2c_ch32.o
                0x0000000000004cc4                I2C_IT_DISABLE
 .text.HAL_I2C_STOP
                0x0000000000004cda       0x14 ./HAL_DRIVER/hal_i2c_ch32.o
                0x0000000000004cda                HAL_I2C_STOP
 .text.HAL_I2C_START
                0x0000000000004cee       0x14 ./HAL_DRIVER/hal_i2c_ch32.o
                0x0000000000004cee                HAL_I2C_START
 .text.HAL_I2C_SEND
                0x0000000000004d02        0xe ./HAL_DRIVER/hal_i2c_ch32.o
                0x0000000000004d02                HAL_I2C_SEND
 .text.HAL_I2C_SEND_ADDR_TRANS
                0x0000000000004d10       0x12 ./HAL_DRIVER/hal_i2c_ch32.o
                0x0000000000004d10                HAL_I2C_SEND_ADDR_TRANS
 .text.HAL_I2C_SEND_ADDR_RECIEVE
                0x0000000000004d22       0x16 ./HAL_DRIVER/hal_i2c_ch32.o
                0x0000000000004d22                HAL_I2C_SEND_ADDR_RECIEVE
 .text.HAL_I2C_ACK_ENABLE
                0x0000000000004d38       0x14 ./HAL_DRIVER/hal_i2c_ch32.o
                0x0000000000004d38                HAL_I2C_ACK_ENABLE
 .text.HAL_I2C_ACK_DISABLE
                0x0000000000004d4c       0x1c ./HAL_DRIVER/hal_i2c_ch32.o
                0x0000000000004d4c                HAL_I2C_ACK_DISABLE
 .text.HAL_I2C_ClearFlag
                0x0000000000004d68       0x20 ./HAL_DRIVER/hal_i2c_ch32.o
                0x0000000000004d68                HAL_I2C_ClearFlag
 .text.HAL_I2C_READ_DATA
                0x0000000000004d88        0xe ./HAL_DRIVER/hal_i2c_ch32.o
                0x0000000000004d88                HAL_I2C_READ_DATA
 .text.I2C1_EV_IRQHandler
                0x0000000000004d96       0x52 ./HAL_DRIVER/hal_i2c_ch32.o
                0x0000000000004d96                I2C1_EV_IRQHandler
 .text.I2C1_ER_IRQHandler
                0x0000000000004de8       0x52 ./HAL_DRIVER/hal_i2c_ch32.o
                0x0000000000004de8                I2C1_ER_IRQHandler
 .text.HAL_InitAPB1
                0x0000000000004e3a       0x1c ./HAL_DRIVER/hal_irq.o
                0x0000000000004e3a                HAL_InitAPB1
 .text.HAL_InitAPB2
                0x0000000000004e56       0x1c ./HAL_DRIVER/hal_irq.o
                0x0000000000004e56                HAL_InitAPB2
 .text.PFIC_IRQ_ENABLE_PG1
                0x0000000000004e72       0x34 ./HAL_DRIVER/hal_irq.o
                0x0000000000004e72                PFIC_IRQ_ENABLE_PG1
 .text.RTC_IRQHandler
                0x0000000000004ea6       0x78 ./HAL_DRIVER/hal_rtc_ch32.o
                0x0000000000004ea6                RTC_IRQHandler
 .text.HAL_SPI_RXOveleyClear
                0x0000000000004f1e       0x1e ./HAL_DRIVER/hal_spi_ch32.o
                0x0000000000004f1e                HAL_SPI_RXOveleyClear
 .text.HAL_SPI_GetBusy
                0x0000000000004f3c       0x10 ./HAL_DRIVER/hal_spi_ch32.o
                0x0000000000004f3c                HAL_SPI_GetBusy
 .text.HAL_WDTReset
                0x0000000000004f4c        0xe ./HAL_DRIVER/hal_wdt_ch32.o
                0x0000000000004f4c                HAL_WDTReset
 .text.Get_ConversionVal
                0x0000000000004f5a       0x2e ./HAL/hal_adc_ch32.o
                0x0000000000004f5a                Get_ConversionVal
 .text.HAL_ADC_RegularChannelConfig
                0x0000000000004f88       0x46 ./HAL/hal_adc_ch32.o
                0x0000000000004f88                HAL_ADC_RegularChannelConfig
 .text.HAL_ADC_ContiniusScanCinvertionDMA
                0x0000000000004fce       0xce ./HAL/hal_adc_ch32.o
                0x0000000000004fce                HAL_ADC_ContiniusScanCinvertionDMA
 .text.HAL_ADC_StartDMA
                0x000000000000509c       0x42 ./HAL/hal_adc_ch32.o
                0x000000000000509c                HAL_ADC_StartDMA
 .text.ADC1_2_IRQHandler
                0x00000000000050de       0x74 ./HAL/hal_adc_ch32.o
                0x00000000000050de                ADC1_2_IRQHandler
 .text.DMA_IRQ  0x0000000000005152       0x3a ./HAL/hal_dma_ch32.o
 .text.HAL_DMA_Enable
                0x000000000000518c       0x18 ./HAL/hal_dma_ch32.o
                0x000000000000518c                HAL_DMA_Enable
 .text.HAL_DMA_Disable
                0x00000000000051a4       0x1a ./HAL/hal_dma_ch32.o
                0x00000000000051a4                HAL_DMA_Disable
 .text.HAL_DMAInitIT
                0x00000000000051be       0xa0 ./HAL/hal_dma_ch32.o
                0x00000000000051be                HAL_DMAInitIT
 .text.HAL_DMA_SetCounter
                0x000000000000525e       0x12 ./HAL/hal_dma_ch32.o
                0x000000000000525e                HAL_DMA_SetCounter
 .text.HAL_DMA_ITENABLE
                0x0000000000005270       0x16 ./HAL/hal_dma_ch32.o
                0x0000000000005270                HAL_DMA_ITENABLE
 .text.HAL_DMA_SetCouterAndEnable
                0x0000000000005286       0x1a ./HAL/hal_dma_ch32.o
                0x0000000000005286                HAL_DMA_SetCouterAndEnable
 .text.DMA1_Channel1_IRQHandler
                0x00000000000052a0       0x4e ./HAL/hal_dma_ch32.o
                0x00000000000052a0                DMA1_Channel1_IRQHandler
 .text.DMA1_Channel3_IRQHandler
                0x00000000000052ee       0x4e ./HAL/hal_dma_ch32.o
                0x00000000000052ee                DMA1_Channel3_IRQHandler
 .text.DMA1_Channel4_IRQHandler
                0x000000000000533c       0x4e ./HAL/hal_dma_ch32.o
                0x000000000000533c                DMA1_Channel4_IRQHandler
 .text.DMA1_Channel5_IRQHandler
                0x000000000000538a       0x4e ./HAL/hal_dma_ch32.o
                0x000000000000538a                DMA1_Channel5_IRQHandler
 .text.DMA1_Channel7_IRQHandler
                0x00000000000053d8       0x4e ./HAL/hal_dma_ch32.o
                0x00000000000053d8                DMA1_Channel7_IRQHandler
 .text.TIM4_IRQHandler
                0x0000000000005426       0x70 ./HAL/hal_timers_ch32.o
                0x0000000000005426                TIM4_IRQHandler
 .text.HAL_TiemrEneblae
                0x0000000000005496       0x16 ./HAL/hal_timers_ch32.o
                0x0000000000005496                HAL_TiemrEneblae
 .text.HAL_TiemrDisable
                0x00000000000054ac       0x1c ./HAL/hal_timers_ch32.o
                0x00000000000054ac                HAL_TiemrDisable
 .text.HW_TIMER_BaseTimerInit
                0x00000000000054c8       0x54 ./HAL/hal_timers_ch32.o
                0x00000000000054c8                HW_TIMER_BaseTimerInit
 .text.HAL_TIMER_InitIt
                0x000000000000551c       0x60 ./HAL/hal_timers_ch32.o
                0x000000000000551c                HAL_TIMER_InitIt
 .text.HAL_TIMER_PWMTimersInit
                0x000000000000557c       0xc2 ./HAL/hal_timers_ch32.o
                0x000000000000557c                HAL_TIMER_PWMTimersInit
 .text.HAL_TimeInitCaptureDMA
                0x000000000000563e       0xec ./HAL/hal_timers_ch32.o
                0x000000000000563e                HAL_TimeInitCaptureDMA
 .text.HAL_TIMER_SetPWMPulse
                0x000000000000572a       0x88 ./HAL/hal_timers_ch32.o
                0x000000000000572a                HAL_TIMER_SetPWMPulse
 .text.HAL_TIMER_EnablePWMCH
                0x00000000000057b2       0x1a ./HAL/hal_timers_ch32.o
                0x00000000000057b2                HAL_TIMER_EnablePWMCH
 .text.prvInsertBlockIntoFreeList
                0x00000000000057cc       0x4c ./FreeRTOS/portable/MemMang/heap_4.o
 .text.pvPortMalloc
                0x0000000000005818      0x18a ./FreeRTOS/portable/MemMang/heap_4.o
                0x0000000000005818                pvPortMalloc
 .text.vPortSetupTimerInterrupt
                0x00000000000059a2       0x3e ./FreeRTOS/portable/GCC/RISC-V/port.o
                0x00000000000059a2                vPortSetupTimerInterrupt
 .text.xPortStartScheduler
                0x00000000000059e0       0x90 ./FreeRTOS/portable/GCC/RISC-V/port.o
                0x00000000000059e0                xPortStartScheduler
 .text.SysTick_Handler
                0x0000000000005a70       0x7c ./FreeRTOS/portable/GCC/RISC-V/port.o
                0x0000000000005a70                SysTick_Handler
 .text.vPortEnterCritical
                0x0000000000005aec       0x16 ./FreeRTOS/portable/GCC/RISC-V/port.o
                0x0000000000005aec                vPortEnterCritical
 .text.vPortExitCritical
                0x0000000000005b02       0x42 ./FreeRTOS/portable/GCC/RISC-V/port.o
                0x0000000000005b02                vPortExitCritical
 .text.xPortSetInterruptMask
                0x0000000000005b44        0xc ./FreeRTOS/portable/GCC/RISC-V/port.o
                0x0000000000005b44                xPortSetInterruptMask
 .text.vPortClearInterruptMask
                0x0000000000005b50        0x6 ./FreeRTOS/portable/GCC/RISC-V/port.o
                0x0000000000005b50                vPortClearInterruptMask
 .text.vListInitialise
                0x0000000000005b56       0x14 ./FreeRTOS/list.o
                0x0000000000005b56                vListInitialise
 .text.vListInitialiseItem
                0x0000000000005b6a        0x6 ./FreeRTOS/list.o
                0x0000000000005b6a                vListInitialiseItem
 .text.vListInsertEnd
                0x0000000000005b70       0x18 ./FreeRTOS/list.o
                0x0000000000005b70                vListInsertEnd
 .text.vListInsert
                0x0000000000005b88       0x2e ./FreeRTOS/list.o
                0x0000000000005b88                vListInsert
 .text.uxListRemove
                0x0000000000005bb6       0x20 ./FreeRTOS/list.o
                0x0000000000005bb6                uxListRemove
 .text.prvIsQueueEmpty
                0x0000000000005bd6       0x1e ./FreeRTOS/queue.o
 .text.prvCopyDataToQueue
                0x0000000000005bf4       0x72 ./FreeRTOS/queue.o
 .text.prvCopyDataFromQueue
                0x0000000000005c66       0x28 ./FreeRTOS/queue.o
 .text.prvUnlockQueue
                0x0000000000005c8e       0x76 ./FreeRTOS/queue.o
 .text.xQueueGenericReset
                0x0000000000005d04       0xc4 ./FreeRTOS/queue.o
                0x0000000000005d04                xQueueGenericReset
 .text.xQueueGenericCreateStatic
                0x0000000000005dc8       0xae ./FreeRTOS/queue.o
                0x0000000000005dc8                xQueueGenericCreateStatic
 .text.xQueueGenericCreate
                0x0000000000005e76       0x72 ./FreeRTOS/queue.o
                0x0000000000005e76                xQueueGenericCreate
 .text.xQueueGenericSend
                0x0000000000005ee8      0x178 ./FreeRTOS/queue.o
                0x0000000000005ee8                xQueueGenericSend
 .text.xQueueGiveMutexRecursive
                0x0000000000006060       0x56 ./FreeRTOS/queue.o
                0x0000000000006060                xQueueGiveMutexRecursive
 .text.xQueueCreateMutex
                0x00000000000060b6       0x2e ./FreeRTOS/queue.o
                0x00000000000060b6                xQueueCreateMutex
 .text.xQueueReceive
                0x00000000000060e4      0x138 ./FreeRTOS/queue.o
                0x00000000000060e4                xQueueReceive
 .text.xQueueSemaphoreTake
                0x000000000000621c      0x18e ./FreeRTOS/queue.o
                0x000000000000621c                xQueueSemaphoreTake
 .text.xQueueTakeMutexRecursive
                0x00000000000063aa       0x5a ./FreeRTOS/queue.o
                0x00000000000063aa                xQueueTakeMutexRecursive
 .text.uxQueueMessagesWaiting
                0x0000000000006404       0x44 ./FreeRTOS/queue.o
                0x0000000000006404                uxQueueMessagesWaiting
 .text.prvIdleTask
                0x0000000000006448        0x2 ./FreeRTOS/tasks.o
 .text.prvAddNewTaskToReadyList
                0x000000000000644a      0x106 ./FreeRTOS/tasks.o
 .text.prvResetNextTaskUnblockTime
                0x0000000000006550       0x20 ./FreeRTOS/tasks.o
 .text.prvTaskIsTaskSuspended
                0x0000000000006570       0x50 ./FreeRTOS/tasks.o
 .text.prvInitialiseNewTask.isra.2
                0x00000000000065c0       0xc8 ./FreeRTOS/tasks.o
 .text.prvAddCurrentTaskToDelayedList
                0x0000000000006688       0xa4 ./FreeRTOS/tasks.o
 .text.xTaskCreateStatic
                0x000000000000672c       0xa6 ./FreeRTOS/tasks.o
                0x000000000000672c                xTaskCreateStatic
 .text.vTaskResume
                0x00000000000067d2       0xa6 ./FreeRTOS/tasks.o
                0x00000000000067d2                vTaskResume
 .text.vTaskStartScheduler
                0x0000000000006878       0x5c ./FreeRTOS/tasks.o
                0x0000000000006878                vTaskStartScheduler
 .text.vTaskSuspendAll
                0x00000000000068d4        0xc ./FreeRTOS/tasks.o
                0x00000000000068d4                vTaskSuspendAll
 .text.xTaskGetTickCount
                0x00000000000068e0        0x6 ./FreeRTOS/tasks.o
                0x00000000000068e0                xTaskGetTickCount
 .text.xTaskIncrementTick
                0x00000000000068e6      0x190 ./FreeRTOS/tasks.o
                0x00000000000068e6                xTaskIncrementTick
 .text.xTaskResumeAll
                0x0000000000006a76      0x150 ./FreeRTOS/tasks.o
                0x0000000000006a76                xTaskResumeAll
 .text.vTaskDelay
                0x0000000000006bc6       0x62 ./FreeRTOS/tasks.o
                0x0000000000006bc6                vTaskDelay
 .text.vTaskSwitchContext
                0x0000000000006c28       0x8e ./FreeRTOS/tasks.o
                0x0000000000006c28                vTaskSwitchContext
 .text.vTaskSuspend
                0x0000000000006cb6       0xe6 ./FreeRTOS/tasks.o
                0x0000000000006cb6                vTaskSuspend
 .text.vTaskPlaceOnEventList
                0x0000000000006d9c       0x48 ./FreeRTOS/tasks.o
                0x0000000000006d9c                vTaskPlaceOnEventList
 .text.xTaskRemoveFromEventList
                0x0000000000006de4       0xe0 ./FreeRTOS/tasks.o
                0x0000000000006de4                xTaskRemoveFromEventList
 .text.vTaskInternalSetTimeOutState
                0x0000000000006ec4        0xe ./FreeRTOS/tasks.o
                0x0000000000006ec4                vTaskInternalSetTimeOutState
 .text.xTaskCheckForTimeOut
                0x0000000000006ed2       0xaa ./FreeRTOS/tasks.o
                0x0000000000006ed2                xTaskCheckForTimeOut
 .text.vTaskMissedYield
                0x0000000000006f7c        0x8 ./FreeRTOS/tasks.o
                0x0000000000006f7c                vTaskMissedYield
 .text.xTaskGetCurrentTaskHandle
                0x0000000000006f84        0xa ./FreeRTOS/tasks.o
                0x0000000000006f84                xTaskGetCurrentTaskHandle
 .text.xTaskPriorityInherit
                0x0000000000006f8e       0xaa ./FreeRTOS/tasks.o
                0x0000000000006f8e                xTaskPriorityInherit
 .text.xTaskPriorityDisinherit
                0x0000000000007038       0xc6 ./FreeRTOS/tasks.o
                0x0000000000007038                xTaskPriorityDisinherit
 .text.vTaskPriorityDisinheritAfterTimeout
                0x00000000000070fe       0xe2 ./FreeRTOS/tasks.o
                0x00000000000070fe                vTaskPriorityDisinheritAfterTimeout
 .text.pvTaskIncrementMutexHeldCount
                0x00000000000071e0       0x1c ./FreeRTOS/tasks.o
                0x00000000000071e0                pvTaskIncrementMutexHeldCount
 .text.ulTaskGenericNotifyTake
                0x00000000000071fc       0xb8 ./FreeRTOS/tasks.o
                0x00000000000071fc                ulTaskGenericNotifyTake
 .text.xTaskGenericNotifyWait
                0x00000000000072b4       0xe6 ./FreeRTOS/tasks.o
                0x00000000000072b4                xTaskGenericNotifyWait
 .text.xTaskGenericNotifyFromISR
                0x000000000000739a      0x1e4 ./FreeRTOS/tasks.o
                0x000000000000739a                xTaskGenericNotifyFromISR
 .text.Delay_Init
                0x000000000000757e       0x2a ./Debug/debug.o
                0x000000000000757e                Delay_Init
 .text.Delay_Ms
                0x00000000000075a8       0x36 ./Debug/debug.o
                0x00000000000075a8                Delay_Ms
 .text.USART_Printf_Init
                0x00000000000075de       0x5a ./Debug/debug.o
                0x00000000000075de                USART_Printf_Init
 .text._write   0x0000000000007638       0x3e ./Debug/debug.o
                0x0000000000007638                _write
 .text._sbrk    0x0000000000007676       0x2a ./Debug/debug.o
                0x0000000000007676                _sbrk
 .text.__get_MEPC
                0x00000000000076a0        0x6 ./Core/core_riscv.o
                0x00000000000076a0                __get_MEPC
 .text.__get_MCAUSE
                0x00000000000076a6        0x6 ./Core/core_riscv.o
                0x00000000000076a6                __get_MCAUSE
 .text.__get_MTVAL
                0x00000000000076ac        0x6 ./Core/core_riscv.o
                0x00000000000076ac                __get_MTVAL
 .text.prv_read_can_received_msg
                0x00000000000076b2       0x50 ./CANopenNode/keypad/CO_driver_ST32F103.o
                0x00000000000076b2                prv_read_can_received_msg
 .text.prv_send_can_message.isra.0
                0x0000000000007702       0x2c ./CANopenNode/keypad/CO_driver_ST32F103.o
 .text.CAN_SendMessage
                0x000000000000772e       0x66 ./CANopenNode/keypad/CO_driver_ST32F103.o
                0x000000000000772e                CAN_SendMessage
 .text.co_drv_create_os_objects
                0x0000000000007794       0x30 ./CANopenNode/keypad/CO_driver_ST32F103.o
                0x0000000000007794                co_drv_create_os_objects
 .text.co_drv_mutex_lock
                0x00000000000077c4       0x18 ./CANopenNode/keypad/CO_driver_ST32F103.o
                0x00000000000077c4                co_drv_mutex_lock
 .text.co_drv_mutex_unlock
                0x00000000000077dc       0x16 ./CANopenNode/keypad/CO_driver_ST32F103.o
                0x00000000000077dc                co_drv_mutex_unlock
 .text.CO_CANsetConfigurationMode
                0x00000000000077f2       0x10 ./CANopenNode/keypad/CO_driver_ST32F103.o
                0x00000000000077f2                CO_CANsetConfigurationMode
 .text.CO_CANsetNormalMode
                0x0000000000007802       0x1c ./CANopenNode/keypad/CO_driver_ST32F103.o
                0x0000000000007802                CO_CANsetNormalMode
 .text.CO_CANmodule_init
                0x000000000000781e      0x110 ./CANopenNode/keypad/CO_driver_ST32F103.o
                0x000000000000781e                CO_CANmodule_init
 .text.CO_CANmodule_disable
                0x000000000000792e       0x14 ./CANopenNode/keypad/CO_driver_ST32F103.o
                0x000000000000792e                CO_CANmodule_disable
 .text.CO_CANrxBufferInit
                0x0000000000007942       0x52 ./CANopenNode/keypad/CO_driver_ST32F103.o
                0x0000000000007942                CO_CANrxBufferInit
 .text.CO_CANtxBufferInit
                0x0000000000007994       0x3a ./CANopenNode/keypad/CO_driver_ST32F103.o
                0x0000000000007994                CO_CANtxBufferInit
 .text.CO_CANmodule_process
                0x00000000000079ce       0x12 ./CANopenNode/keypad/CO_driver_ST32F103.o
                0x00000000000079ce                CO_CANmodule_process
 .text.CO_CANsend
                0x00000000000079e0       0x46 ./CANopenNode/keypad/CO_driver_ST32F103.o
                0x00000000000079e0                CO_CANsend
 .text.CO_LSSslave_receive
                0x0000000000007a26      0x1a8 ./CANopenNode/305/CO_LSSslave.o
 .text.CO_LSSslave_init
                0x0000000000007bce       0xa4 ./CANopenNode/305/CO_LSSslave.o
                0x0000000000007bce                CO_LSSslave_init
 .text.CO_LSSslave_process
                0x0000000000007c72      0x1a2 ./CANopenNode/305/CO_LSSslave.o
                0x0000000000007c72                CO_LSSslave_process
 .text.OD_write_1003
                0x0000000000007e14       0x28 ./CANopenNode/301/CO_Emergency.o
 .text.OD_read_1003
                0x0000000000007e3c       0x8c ./CANopenNode/301/CO_Emergency.o
 .text.OD_read_1014_default
                0x0000000000007ec8       0x50 ./CANopenNode/301/CO_Emergency.o
 .text.CO_EM_init
                0x0000000000007f18      0x112 ./CANopenNode/301/CO_Emergency.o
                0x0000000000007f18                CO_EM_init
 .text.CO_error
                0x000000000000802a       0xc4 ./CANopenNode/301/CO_Emergency.o
                0x000000000000802a                CO_error
 .text.CO_EM_process
                0x00000000000080ee      0x182 ./CANopenNode/301/CO_Emergency.o
                0x00000000000080ee                CO_EM_process
 .text.CO_NMT_receive
                0x0000000000008270       0x18 ./CANopenNode/301/CO_NMT_Heartbeat.o
 .text.OD_write_1017
                0x0000000000008288       0x48 ./CANopenNode/301/CO_NMT_Heartbeat.o
 .text.CO_NMT_init
                0x00000000000082d0       0xec ./CANopenNode/301/CO_NMT_Heartbeat.o
                0x00000000000082d0                CO_NMT_init
 .text.CO_NMT_process
                0x00000000000083bc      0x106 ./CANopenNode/301/CO_NMT_Heartbeat.o
                0x00000000000083bc                CO_NMT_process
 .text.OD_readDisabled
                0x00000000000084c2        0x4 ./CANopenNode/301/CO_ODinterface.o
 .text.OD_readOriginal
                0x00000000000084c6       0x50 ./CANopenNode/301/CO_ODinterface.o
                0x00000000000084c6                OD_readOriginal
 .text.OD_writeOriginal
                0x0000000000008516       0x54 ./CANopenNode/301/CO_ODinterface.o
                0x0000000000008516                OD_writeOriginal
 .text.OD_writeDisabled
                0x000000000000856a        0x4 ./CANopenNode/301/CO_ODinterface.o
 .text.OD_find  0x000000000000856e       0x70 ./CANopenNode/301/CO_ODinterface.o
                0x000000000000856e                OD_find
 .text.OD_getSub
                0x00000000000085de       0xf6 ./CANopenNode/301/CO_ODinterface.o
                0x00000000000085de                OD_getSub
 .text.OD_getSDOabCode
                0x00000000000086d4       0x20 ./CANopenNode/301/CO_ODinterface.o
                0x00000000000086d4                OD_getSDOabCode
 .text.OD_get_value
                0x00000000000086f4       0x34 ./CANopenNode/301/CO_ODinterface.o
                0x00000000000086f4                OD_get_value
 .text.OD_set_value
                0x0000000000008728       0x2e ./CANopenNode/301/CO_ODinterface.o
                0x0000000000008728                OD_set_value
 .text.OD_getPtr
                0x0000000000008756       0x3c ./CANopenNode/301/CO_ODinterface.o
                0x0000000000008756                OD_getPtr
 .text.OD_write_dummy
                0x0000000000008792        0x8 ./CANopenNode/301/CO_PDO.o
 .text.OD_read_dummy
                0x000000000000879a       0x2e ./CANopenNode/301/CO_PDO.o
 .text.PDOconfigMap
                0x00000000000087c8      0x100 ./CANopenNode/301/CO_PDO.o
 .text.CO_PDO_receive
                0x00000000000088c8       0x48 ./CANopenNode/301/CO_PDO.o
 .text.OD_read_PDO_commParam
                0x0000000000008910       0x70 ./CANopenNode/301/CO_PDO.o
 .text.PDO_initMapping.constprop.3
                0x0000000000008980       0xe6 ./CANopenNode/301/CO_PDO.o
 .text.OD_write_PDO_mapping
                0x0000000000008a66       0xb4 ./CANopenNode/301/CO_PDO.o
 .text.OD_write_18xx
                0x0000000000008b1a      0x184 ./CANopenNode/301/CO_PDO.o
 .text.OD_write_14xx
                0x0000000000008c9e      0x15a ./CANopenNode/301/CO_PDO.o
 .text.CO_RPDO_init
                0x0000000000008df8      0x172 ./CANopenNode/301/CO_PDO.o
                0x0000000000008df8                CO_RPDO_init
 .text.CO_RPDO_process
                0x0000000000008f6a      0x114 ./CANopenNode/301/CO_PDO.o
                0x0000000000008f6a                CO_RPDO_process
 .text.CO_TPDO_init
                0x000000000000907e      0x1d2 ./CANopenNode/301/CO_PDO.o
                0x000000000000907e                CO_TPDO_init
 .text.CO_TPDO_process
                0x0000000000009250      0x15e ./CANopenNode/301/CO_PDO.o
                0x0000000000009250                CO_TPDO_process
 .text.CO_SDOserver_init_canRxTx
                0x00000000000093ae       0x82 ./CANopenNode/301/CO_SDOserver.o
 .text.CO_SDO_receive
                0x0000000000009430       0x38 ./CANopenNode/301/CO_SDOserver.o
 .text.readFromOd.isra.1.constprop.5
                0x0000000000009468       0xe2 ./CANopenNode/301/CO_SDOserver.o
 .text.OD_write_1201_additional
                0x000000000000954a      0x158 ./CANopenNode/301/CO_SDOserver.o
 .text.CO_SDOserver_init
                0x00000000000096a2      0x172 ./CANopenNode/301/CO_SDOserver.o
                0x00000000000096a2                CO_SDOserver_init
 .text.CO_SDOserver_process
                0x0000000000009814      0x5e8 ./CANopenNode/301/CO_SDOserver.o
                0x0000000000009814                CO_SDOserver_process
 .text.CO_delete
                0x0000000000009dfc       0x56 ./CANopenNode/CANopen.o
                0x0000000000009dfc                CO_delete
 .text.CO_new   0x0000000000009e52      0x102 ./CANopenNode/CANopen.o
                0x0000000000009e52                CO_new
 .text.CO_CANinit
                0x0000000000009f54       0x36 ./CANopenNode/CANopen.o
                0x0000000000009f54                CO_CANinit
 .text.CO_LSSinit
                0x0000000000009f8a       0x32 ./CANopenNode/CANopen.o
                0x0000000000009f8a                CO_LSSinit
 .text.CO_CANopenInit
                0x0000000000009fbc       0xb8 ./CANopenNode/CANopen.o
                0x0000000000009fbc                CO_CANopenInit
 .text.CO_CANopenInitPDO
                0x000000000000a074       0xea ./CANopenNode/CANopen.o
                0x000000000000a074                CO_CANopenInitPDO
 .text.CO_process
                0x000000000000a15e       0x7e ./CANopenNode/CANopen.o
                0x000000000000a15e                CO_process
 .text.CO_process_RPDO
                0x000000000000a1dc       0x40 ./CANopenNode/CANopen.o
                0x000000000000a1dc                CO_process_RPDO
 .text.CO_process_TPDO
                0x000000000000a21c       0x40 ./CANopenNode/CANopen.o
                0x000000000000a21c                CO_process_TPDO
 .text.__muldf3
                0x000000000000a25c      0x4b8 c:/mounriver/mounriver_studio/toolchain/risc-v embedded gcc/bin/../lib/gcc/riscv-none-embed/8.2.0/rv32imacxw/ilp32\libgcc.a(muldf3.o)
                0x000000000000a25c                __muldf3
 .text.__floatunsidf
                0x000000000000a714       0x68 c:/mounriver/mounriver_studio/toolchain/risc-v embedded gcc/bin/../lib/gcc/riscv-none-embed/8.2.0/rv32imacxw/ilp32\libgcc.a(floatunsidf.o)
                0x000000000000a714                __floatunsidf
 .text.__addsf3
                0x000000000000a77c      0x36a c:/mounriver/mounriver_studio/toolchain/risc-v embedded gcc/bin/../lib/gcc/riscv-none-embed/8.2.0/rv32imacxw/ilp32\libgcc.a(addsf3.o)
                0x000000000000a77c                __addsf3
 .text.__divsf3
                0x000000000000aae6      0x2b2 c:/mounriver/mounriver_studio/toolchain/risc-v embedded gcc/bin/../lib/gcc/riscv-none-embed/8.2.0/rv32imacxw/ilp32\libgcc.a(divsf3.o)
                0x000000000000aae6                __divsf3
 .text.__gesf2  0x000000000000ad98       0x86 c:/mounriver/mounriver_studio/toolchain/risc-v embedded gcc/bin/../lib/gcc/riscv-none-embed/8.2.0/rv32imacxw/ilp32\libgcc.a(gesf2.o)
                0x000000000000ad98                __gesf2
                0x000000000000ad98                __gtsf2
 .text.__lesf2  0x000000000000ae1e       0x8c c:/mounriver/mounriver_studio/toolchain/risc-v embedded gcc/bin/../lib/gcc/riscv-none-embed/8.2.0/rv32imacxw/ilp32\libgcc.a(lesf2.o)
                0x000000000000ae1e                __ltsf2
                0x000000000000ae1e                __lesf2
 .text.__mulsf3
                0x000000000000aeaa      0x294 c:/mounriver/mounriver_studio/toolchain/risc-v embedded gcc/bin/../lib/gcc/riscv-none-embed/8.2.0/rv32imacxw/ilp32\libgcc.a(mulsf3.o)
                0x000000000000aeaa                __mulsf3
 .text.__subsf3
                0x000000000000b13e      0x388 c:/mounriver/mounriver_studio/toolchain/risc-v embedded gcc/bin/../lib/gcc/riscv-none-embed/8.2.0/rv32imacxw/ilp32\libgcc.a(subsf3.o)
                0x000000000000b13e                __subsf3
 .text.__fixsfsi
                0x000000000000b4c6       0x62 c:/mounriver/mounriver_studio/toolchain/risc-v embedded gcc/bin/../lib/gcc/riscv-none-embed/8.2.0/rv32imacxw/ilp32\libgcc.a(fixsfsi.o)
                0x000000000000b4c6                __fixsfsi
 .text.__fixunssfsi
                0x000000000000b528       0x56 c:/mounriver/mounriver_studio/toolchain/risc-v embedded gcc/bin/../lib/gcc/riscv-none-embed/8.2.0/rv32imacxw/ilp32\libgcc.a(fixunssfsi.o)
                0x000000000000b528                __fixunssfsi
 .text.__floatsisf
                0x000000000000b57e       0xc6 c:/mounriver/mounriver_studio/toolchain/risc-v embedded gcc/bin/../lib/gcc/riscv-none-embed/8.2.0/rv32imacxw/ilp32\libgcc.a(floatsisf.o)
                0x000000000000b57e                __floatsisf
 .text.__floatunsisf
                0x000000000000b644       0xce c:/mounriver/mounriver_studio/toolchain/risc-v embedded gcc/bin/../lib/gcc/riscv-none-embed/8.2.0/rv32imacxw/ilp32\libgcc.a(floatunsisf.o)
                0x000000000000b644                __floatunsisf
 .text.__truncdfsf2
                0x000000000000b712      0x16a c:/mounriver/mounriver_studio/toolchain/risc-v embedded gcc/bin/../lib/gcc/riscv-none-embed/8.2.0/rv32imacxw/ilp32\libgcc.a(truncdfsf2.o)
                0x000000000000b712                __truncdfsf2
 .text.__clzsi2
                0x000000000000b87c       0x6e c:/mounriver/mounriver_studio/toolchain/risc-v embedded gcc/bin/../lib/gcc/riscv-none-embed/8.2.0/rv32imacxw/ilp32\libgcc.a(_clzsi2.o)
                0x000000000000b87c                __clzsi2
 .text.calloc   0x000000000000b8ea        0xc c:/mounriver/mounriver_studio/toolchain/risc-v embedded gcc/bin/../lib/gcc/riscv-none-embed/8.2.0/../../../../riscv-none-embed/lib/rv32imacxw/ilp32\libg_nano.a(lib_a-calloc.o)
                0x000000000000b8ea                calloc
 .text.free     0x000000000000b8f6        0xa c:/mounriver/mounriver_studio/toolchain/risc-v embedded gcc/bin/../lib/gcc/riscv-none-embed/8.2.0/../../../../riscv-none-embed/lib/rv32imacxw/ilp32\libg_nano.a(lib_a-malloc.o)
                0x000000000000b8f6                free
 .text.memcpy   0x000000000000b900       0xb2 c:/mounriver/mounriver_studio/toolchain/risc-v embedded gcc/bin/../lib/gcc/riscv-none-embed/8.2.0/../../../../riscv-none-embed/lib/rv32imacxw/ilp32\libg_nano.a(lib_a-memcpy.o)
                0x000000000000b900                memcpy
 .text.memmove  0x000000000000b9b2       0x46 c:/mounriver/mounriver_studio/toolchain/risc-v embedded gcc/bin/../lib/gcc/riscv-none-embed/8.2.0/../../../../riscv-none-embed/lib/rv32imacxw/ilp32\libg_nano.a(lib_a-memmove.o)
                0x000000000000b9b2                memmove
 .text._calloc_r
                0x000000000000b9f8       0x26 c:/mounriver/mounriver_studio/toolchain/risc-v embedded gcc/bin/../lib/gcc/riscv-none-embed/8.2.0/../../../../riscv-none-embed/lib/rv32imacxw/ilp32\libg_nano.a(lib_a-nano-callocr.o)
                0x000000000000b9f8                _calloc_r
 .text._free_r  0x000000000000ba1e       0xa8 c:/mounriver/mounriver_studio/toolchain/risc-v embedded gcc/bin/../lib/gcc/riscv-none-embed/8.2.0/../../../../riscv-none-embed/lib/rv32imacxw/ilp32\libg_nano.a(lib_a-nano-freer.o)
                0x000000000000ba1e                _free_r
 .text._malloc_r
                0x000000000000bac6       0xd4 c:/mounriver/mounriver_studio/toolchain/risc-v embedded gcc/bin/../lib/gcc/riscv-none-embed/8.2.0/../../../../riscv-none-embed/lib/rv32imacxw/ilp32\libg_nano.a(lib_a-nano-mallocr.o)
                0x000000000000bac6                _malloc_r
 .text.printf   0x000000000000bb9a       0x40 c:/mounriver/mounriver_studio/toolchain/risc-v embedded gcc/bin/../lib/gcc/riscv-none-embed/8.2.0/../../../../riscv-none-embed/lib/rv32imacxw/ilp32\libg_nano.a(lib_a-printf.o)
                0x000000000000bb9a                iprintf
                0x000000000000bb9a                printf
 .text._puts_r  0x000000000000bbda       0xd4 c:/mounriver/mounriver_studio/toolchain/risc-v embedded gcc/bin/../lib/gcc/riscv-none-embed/8.2.0/../../../../riscv-none-embed/lib/rv32imacxw/ilp32\libg_nano.a(lib_a-puts.o)
                0x000000000000bbda                _puts_r
 .text.puts     0x000000000000bcae        0xc c:/mounriver/mounriver_studio/toolchain/risc-v embedded gcc/bin/../lib/gcc/riscv-none-embed/8.2.0/../../../../riscv-none-embed/lib/rv32imacxw/ilp32\libg_nano.a(lib_a-puts.o)
                0x000000000000bcae                puts
 .text._sbrk_r  0x000000000000bcba       0x32 c:/mounriver/mounriver_studio/toolchain/risc-v embedded gcc/bin/../lib/gcc/riscv-none-embed/8.2.0/../../../../riscv-none-embed/lib/rv32imacxw/ilp32\libg_nano.a(lib_a-sbrkr.o)
                0x000000000000bcba                _sbrk_r
 .text.strlen   0x000000000000bcec       0x12 c:/mounriver/mounriver_studio/toolchain/risc-v embedded gcc/bin/../lib/gcc/riscv-none-embed/8.2.0/../../../../riscv-none-embed/lib/rv32imacxw/ilp32\libg_nano.a(lib_a-strlen.o)
                0x000000000000bcec                strlen
 .text.__swbuf_r
                0x000000000000bcfe       0xbc c:/mounriver/mounriver_studio/toolchain/risc-v embedded gcc/bin/../lib/gcc/riscv-none-embed/8.2.0/../../../../riscv-none-embed/lib/rv32imacxw/ilp32\libg_nano.a(lib_a-wbuf.o)
                0x000000000000bcfe                __swbuf_r
 .text.__swsetup_r
                0x000000000000bdba       0xfe c:/mounriver/mounriver_studio/toolchain/risc-v embedded gcc/bin/../lib/gcc/riscv-none-embed/8.2.0/../../../../riscv-none-embed/lib/rv32imacxw/ilp32\libg_nano.a(lib_a-wsetup.o)
                0x000000000000bdba                __swsetup_r
 .text.__sflush_r
                0x000000000000beb8      0x132 c:/mounriver/mounriver_studio/toolchain/risc-v embedded gcc/bin/../lib/gcc/riscv-none-embed/8.2.0/../../../../riscv-none-embed/lib/rv32imacxw/ilp32\libg_nano.a(lib_a-fflush.o)
                0x000000000000beb8                __sflush_r
 .text._fflush_r
                0x000000000000bfea       0x66 c:/mounriver/mounriver_studio/toolchain/risc-v embedded gcc/bin/../lib/gcc/riscv-none-embed/8.2.0/../../../../riscv-none-embed/lib/rv32imacxw/ilp32\libg_nano.a(lib_a-fflush.o)
                0x000000000000bfea                _fflush_r
 .text.std      0x000000000000c050       0x66 c:/mounriver/mounriver_studio/toolchain/risc-v embedded gcc/bin/../lib/gcc/riscv-none-embed/8.2.0/../../../../riscv-none-embed/lib/rv32imacxw/ilp32\libg_nano.a(lib_a-findfp.o)
 .text._cleanup_r
                0x000000000000c0b6        0xa c:/mounriver/mounriver_studio/toolchain/risc-v embedded gcc/bin/../lib/gcc/riscv-none-embed/8.2.0/../../../../riscv-none-embed/lib/rv32imacxw/ilp32\libg_nano.a(lib_a-findfp.o)
                0x000000000000c0b6                _cleanup_r
 .text.__sfmoreglue
                0x000000000000c0c0       0x48 c:/mounriver/mounriver_studio/toolchain/risc-v embedded gcc/bin/../lib/gcc/riscv-none-embed/8.2.0/../../../../riscv-none-embed/lib/rv32imacxw/ilp32\libg_nano.a(lib_a-findfp.o)
                0x000000000000c0c0                __sfmoreglue
 .text.__sinit  0x000000000000c108       0x6c c:/mounriver/mounriver_studio/toolchain/risc-v embedded gcc/bin/../lib/gcc/riscv-none-embed/8.2.0/../../../../riscv-none-embed/lib/rv32imacxw/ilp32\libg_nano.a(lib_a-findfp.o)
                0x000000000000c108                __sinit
 .text.__sfp    0x000000000000c174       0xa0 c:/mounriver/mounriver_studio/toolchain/risc-v embedded gcc/bin/../lib/gcc/riscv-none-embed/8.2.0/../../../../riscv-none-embed/lib/rv32imacxw/ilp32\libg_nano.a(lib_a-findfp.o)
                0x000000000000c174                __sfp
 .text._fwalk_reent
                0x000000000000c214       0x6a c:/mounriver/mounriver_studio/toolchain/risc-v embedded gcc/bin/../lib/gcc/riscv-none-embed/8.2.0/../../../../riscv-none-embed/lib/rv32imacxw/ilp32\libg_nano.a(lib_a-fwalk.o)
                0x000000000000c214                _fwalk_reent
 .text.__swhatbuf_r
                0x000000000000c27e       0x58 c:/mounriver/mounriver_studio/toolchain/risc-v embedded gcc/bin/../lib/gcc/riscv-none-embed/8.2.0/../../../../riscv-none-embed/lib/rv32imacxw/ilp32\libg_nano.a(lib_a-makebuf.o)
                0x000000000000c27e                __swhatbuf_r
 .text.__smakebuf_r
                0x000000000000c2d6       0x94 c:/mounriver/mounriver_studio/toolchain/risc-v embedded gcc/bin/../lib/gcc/riscv-none-embed/8.2.0/../../../../riscv-none-embed/lib/rv32imacxw/ilp32\libg_nano.a(lib_a-makebuf.o)
                0x000000000000c2d6                __smakebuf_r
 .text.__malloc_lock
                0x000000000000c36a        0x2 c:/mounriver/mounriver_studio/toolchain/risc-v embedded gcc/bin/../lib/gcc/riscv-none-embed/8.2.0/../../../../riscv-none-embed/lib/rv32imacxw/ilp32\libg_nano.a(lib_a-mlock.o)
                0x000000000000c36a                __malloc_lock
 .text.__malloc_unlock
                0x000000000000c36c        0x2 c:/mounriver/mounriver_studio/toolchain/risc-v embedded gcc/bin/../lib/gcc/riscv-none-embed/8.2.0/../../../../riscv-none-embed/lib/rv32imacxw/ilp32\libg_nano.a(lib_a-mlock.o)
                0x000000000000c36c                __malloc_unlock
 .text.__sfputc_r
                0x000000000000c36e       0x28 c:/mounriver/mounriver_studio/toolchain/risc-v embedded gcc/bin/../lib/gcc/riscv-none-embed/8.2.0/../../../../riscv-none-embed/lib/rv32imacxw/ilp32\libg_nano.a(lib_a-nano-vfprintf.o)
 .text.__sfputs_r
                0x000000000000c396       0x42 c:/mounriver/mounriver_studio/toolchain/risc-v embedded gcc/bin/../lib/gcc/riscv-none-embed/8.2.0/../../../../riscv-none-embed/lib/rv32imacxw/ilp32\libg_nano.a(lib_a-nano-vfprintf.o)
                0x000000000000c396                __sfputs_r
 .text._vfprintf_r
                0x000000000000c3d8      0x288 c:/mounriver/mounriver_studio/toolchain/risc-v embedded gcc/bin/../lib/gcc/riscv-none-embed/8.2.0/../../../../riscv-none-embed/lib/rv32imacxw/ilp32\libg_nano.a(lib_a-nano-vfprintf.o)
                0x000000000000c3d8                _vfprintf_r
                0x000000000000c3d8                _vfiprintf_r
 .text._printf_common
                0x000000000000c660      0x10c c:/mounriver/mounriver_studio/toolchain/risc-v embedded gcc/bin/../lib/gcc/riscv-none-embed/8.2.0/../../../../riscv-none-embed/lib/rv32imacxw/ilp32\libg_nano.a(lib_a-nano-vfprintf_i.o)
                0x000000000000c660                _printf_common
 .text._printf_i
                0x000000000000c76c      0x2a2 c:/mounriver/mounriver_studio/toolchain/risc-v embedded gcc/bin/../lib/gcc/riscv-none-embed/8.2.0/../../../../riscv-none-embed/lib/rv32imacxw/ilp32\libg_nano.a(lib_a-nano-vfprintf_i.o)
                0x000000000000c76c                _printf_i
 .text.__sread  0x000000000000ca0e       0x2c c:/mounriver/mounriver_studio/toolchain/risc-v embedded gcc/bin/../lib/gcc/riscv-none-embed/8.2.0/../../../../riscv-none-embed/lib/rv32imacxw/ilp32\libg_nano.a(lib_a-stdio.o)
                0x000000000000ca0e                __sread
 .text.__swrite
                0x000000000000ca3a       0x48 c:/mounriver/mounriver_studio/toolchain/risc-v embedded gcc/bin/../lib/gcc/riscv-none-embed/8.2.0/../../../../riscv-none-embed/lib/rv32imacxw/ilp32\libg_nano.a(lib_a-stdio.o)
                0x000000000000ca3a                __swrite
 .text.__sseek  0x000000000000ca82       0x30 c:/mounriver/mounriver_studio/toolchain/risc-v embedded gcc/bin/../lib/gcc/riscv-none-embed/8.2.0/../../../../riscv-none-embed/lib/rv32imacxw/ilp32\libg_nano.a(lib_a-stdio.o)
                0x000000000000ca82                __sseek
 .text.__sclose
                0x000000000000cab2        0x6 c:/mounriver/mounriver_studio/toolchain/risc-v embedded gcc/bin/../lib/gcc/riscv-none-embed/8.2.0/../../../../riscv-none-embed/lib/rv32imacxw/ilp32\libg_nano.a(lib_a-stdio.o)
                0x000000000000cab2                __sclose
 .text._write_r
                0x000000000000cab8       0x36 c:/mounriver/mounriver_studio/toolchain/risc-v embedded gcc/bin/../lib/gcc/riscv-none-embed/8.2.0/../../../../riscv-none-embed/lib/rv32imacxw/ilp32\libg_nano.a(lib_a-writer.o)
                0x000000000000cab8                _write_r
 .text._close_r
                0x000000000000caee       0x30 c:/mounriver/mounriver_studio/toolchain/risc-v embedded gcc/bin/../lib/gcc/riscv-none-embed/8.2.0/../../../../riscv-none-embed/lib/rv32imacxw/ilp32\libg_nano.a(lib_a-closer.o)
                0x000000000000caee                _close_r
 .text._fstat_r
                0x000000000000cb1e       0x32 c:/mounriver/mounriver_studio/toolchain/risc-v embedded gcc/bin/../lib/gcc/riscv-none-embed/8.2.0/../../../../riscv-none-embed/lib/rv32imacxw/ilp32\libg_nano.a(lib_a-fstatr.o)
                0x000000000000cb1e                _fstat_r
 .text._isatty_r
                0x000000000000cb50       0x30 c:/mounriver/mounriver_studio/toolchain/risc-v embedded gcc/bin/../lib/gcc/riscv-none-embed/8.2.0/../../../../riscv-none-embed/lib/rv32imacxw/ilp32\libg_nano.a(lib_a-isattyr.o)
                0x000000000000cb50                _isatty_r
 .text._lseek_r
                0x000000000000cb80       0x34 c:/mounriver/mounriver_studio/toolchain/risc-v embedded gcc/bin/../lib/gcc/riscv-none-embed/8.2.0/../../../../riscv-none-embed/lib/rv32imacxw/ilp32\libg_nano.a(lib_a-lseekr.o)
                0x000000000000cb80                _lseek_r
 .text.memchr   0x000000000000cbb4       0x18 c:/mounriver/mounriver_studio/toolchain/risc-v embedded gcc/bin/../lib/gcc/riscv-none-embed/8.2.0/../../../../riscv-none-embed/lib/rv32imacxw/ilp32\libg_nano.a(lib_a-memchr.o)
                0x000000000000cbb4                memchr
 .text._read_r  0x000000000000cbcc       0x34 c:/mounriver/mounriver_studio/toolchain/risc-v embedded gcc/bin/../lib/gcc/riscv-none-embed/8.2.0/../../../../riscv-none-embed/lib/rv32imacxw/ilp32\libg_nano.a(lib_a-readr.o)
                0x000000000000cbcc                _read_r
 .text._close   0x000000000000cc00       0x10 c:/mounriver/mounriver_studio/toolchain/risc-v embedded gcc/bin/../lib/gcc/riscv-none-embed/8.2.0/../../../../riscv-none-embed/lib/rv32imacxw/ilp32\libnosys.a(close.o)
                0x000000000000cc00                _close
 .text._fstat   0x000000000000cc10       0x10 c:/mounriver/mounriver_studio/toolchain/risc-v embedded gcc/bin/../lib/gcc/riscv-none-embed/8.2.0/../../../../riscv-none-embed/lib/rv32imacxw/ilp32\libnosys.a(fstat.o)
                0x000000000000cc10                _fstat
 .text._isatty  0x000000000000cc20       0x10 c:/mounriver/mounriver_studio/toolchain/risc-v embedded gcc/bin/../lib/gcc/riscv-none-embed/8.2.0/../../../../riscv-none-embed/lib/rv32imacxw/ilp32\libnosys.a(isatty.o)
                0x000000000000cc20                _isatty
 .text._lseek   0x000000000000cc30       0x10 c:/mounriver/mounriver_studio/toolchain/risc-v embedded gcc/bin/../lib/gcc/riscv-none-embed/8.2.0/../../../../riscv-none-embed/lib/rv32imacxw/ilp32\libnosys.a(lseek.o)
                0x000000000000cc30                _lseek
 .text._read    0x000000000000cc40       0x10 c:/mounriver/mounriver_studio/toolchain/risc-v embedded gcc/bin/../lib/gcc/riscv-none-embed/8.2.0/../../../../riscv-none-embed/lib/rv32imacxw/ilp32\libnosys.a(read.o)
                0x000000000000cc40                _read
 *(.rodata)
 *(.rodata*)
 *fill*         0x000000000000cc50        0x0 
 .rodata.bitrate_table
                0x000000000000cc50       0x10 ./User/DataModel.o
 .rodata.vIncrementSystemCounters.cst4
                0x000000000000cc60        0x8 ./User/DataModel.o
 .rodata.HardFault_Handler.str1.4
                0x000000000000cc68       0x42 ./User/ch32v20x_it.o
 *fill*         0x000000000000ccaa        0x2 
 .rodata.getODValue
                0x000000000000ccac       0x74 ./User/dash_draw.o
 .rodata.MenuStateCross
                0x000000000000cd20       0x1c ./User/dash_draw.o
 .rodata.dm     0x000000000000cd3c       0x3f ./User/dash_draw.o
 *fill*         0x000000000000cd7b        0x1 
 .rodata.getODValue.cst4
                0x000000000000cd7c        0x4 ./User/dash_draw.o
                                          0x8 (size before relaxing)
 .rodata.vBarColorMode.cst4
                0x000000000000cd80        0x4 ./User/dash_draw.o
 .rodata.ADC_FSM.cst4
                0x000000000000cd84       0x10 ./User/inputs.o
                                         0x14 (size before relaxing)
 *fill*         0x000000000000cd94        0x4 
 .rodata.ADC_FSM.cst8
                0x000000000000cd98       0x18 ./User/inputs.o
 .rodata.vInputsTask.cst4
                0x000000000000cdb0       0x10 ./User/inputs.o
 .rodata.SetSegDirect
                0x000000000000cdc0       0x1c ./User/led.o
 .rodata.Brigth
                0x000000000000cddc       0x1e ./User/led.o
 *fill*         0x000000000000cdfa        0x2 
 .rodata.DigitMask
                0x000000000000cdfc        0xa ./User/led.o
                0x000000000000cdfc                DigitMask
 *fill*         0x000000000000ce06        0x2 
 .rodata.offset_mask
                0x000000000000ce08        0xe ./User/led.o
 *fill*         0x000000000000ce16        0x2 
 .rodata.step_mask
                0x000000000000ce18        0xe ./User/led.o
 *fill*         0x000000000000ce26        0x2 
 .rodata.OD_ADC1_CAL_extension
                0x000000000000ce28       0x10 ./User/process.o
                0x000000000000ce28                OD_ADC1_CAL_extension
 .rodata.OD_ADC2_CAL_extension
                0x000000000000ce38       0x10 ./User/process.o
                0x000000000000ce38                OD_ADC2_CAL_extension
 .rodata.OD_ADC3_CAL_extension
                0x000000000000ce48       0x10 ./User/process.o
                0x000000000000ce48                OD_ADC3_CAL_extension
 .rodata.OD_AIN_RPM_extension
                0x000000000000ce58       0x10 ./User/process.o
                0x000000000000ce58                OD_AIN_RPM_extension
 .rodata.OD_BAR_extension
                0x000000000000ce68       0x10 ./User/process.o
                0x000000000000ce68                OD_BAR_extension
 .rodata.OD_BOARD_SETTINGS_extension
                0x000000000000ce78       0x10 ./User/process.o
                0x000000000000ce78                OD_BOARD_SETTINGS_extension
 .rodata.OD_DASH_PARAM_extension
                0x000000000000ce88       0x10 ./User/process.o
                0x000000000000ce88                OD_DASH_PARAM_extension
 .rodata.OD_DIN_extension
                0x000000000000ce98       0x10 ./User/process.o
                0x000000000000ce98                OD_DIN_extension
 .rodata.OD_KEY_extension
                0x000000000000cea8       0x10 ./User/process.o
                0x000000000000cea8                OD_KEY_extension
 .rodata.OD_MENU_MAP_extension
                0x000000000000ceb8       0x10 ./User/process.o
                0x000000000000ceb8                OD_MENU_MAP_extension
 .rodata.OD_MENU_SETUP_extension
                0x000000000000cec8       0x10 ./User/process.o
                0x000000000000cec8                OD_MENU_SETUP_extension
 .rodata.OD_RGB10_extension
                0x000000000000ced8       0x10 ./User/process.o
                0x000000000000ced8                OD_RGB10_extension
 .rodata.OD_RGB11_extension
                0x000000000000cee8       0x10 ./User/process.o
                0x000000000000cee8                OD_RGB11_extension
 .rodata.OD_RGB12_extension
                0x000000000000cef8       0x10 ./User/process.o
                0x000000000000cef8                OD_RGB12_extension
 .rodata.OD_RGB13_extension
                0x000000000000cf08       0x10 ./User/process.o
                0x000000000000cf08                OD_RGB13_extension
 .rodata.OD_RGB1_extension
                0x000000000000cf18       0x10 ./User/process.o
                0x000000000000cf18                OD_RGB1_extension
 .rodata.OD_RGB2_extension
                0x000000000000cf28       0x10 ./User/process.o
                0x000000000000cf28                OD_RGB2_extension
 .rodata.OD_RGB3_extension
                0x000000000000cf38       0x10 ./User/process.o
                0x000000000000cf38                OD_RGB3_extension
 .rodata.OD_RGB4_extension
                0x000000000000cf48       0x10 ./User/process.o
                0x000000000000cf48                OD_RGB4_extension
 .rodata.OD_RGB5_extension
                0x000000000000cf58       0x10 ./User/process.o
                0x000000000000cf58                OD_RGB5_extension
 .rodata.OD_RGB6_extension
                0x000000000000cf68       0x10 ./User/process.o
                0x000000000000cf68                OD_RGB6_extension
 .rodata.OD_RGB7_extension
                0x000000000000cf78       0x10 ./User/process.o
                0x000000000000cf78                OD_RGB7_extension
 .rodata.OD_RGB8_extension
                0x000000000000cf88       0x10 ./User/process.o
                0x000000000000cf88                OD_RGB8_extension
 .rodata.OD_RGB9_extension
                0x000000000000cf98       0x10 ./User/process.o
                0x000000000000cf98                OD_RGB9_extension
 .rodata.OD_RGBMAP_extension
                0x000000000000cfa8       0x10 ./User/process.o
                0x000000000000cfa8                OD_RGBMAP_extension
 .rodata.OD_RPMCONFIG_extension
                0x000000000000cfb8       0x10 ./User/process.o
                0x000000000000cfb8                OD_RPMCONFIG_extension
 .rodata.OD_SEG_extension
                0x000000000000cfc8       0x10 ./User/process.o
                0x000000000000cfc8                OD_SEG_extension
 .rodata.OD_VRegiters_extension
                0x000000000000cfd8       0x10 ./User/process.o
                0x000000000000cfd8                OD_VRegiters_extension
 .rodata.writeADC.isra.9.cst4
                0x000000000000cfe8        0x4 ./User/process.o
 .rodata.StartDefaultTask.str1.4
                0x000000000000cfe8        0xf ./User/system_init.o
 *fill*         0x000000000000cff7        0x1 
 .rodata.str1.4
                0x000000000000cff8       0x44 ./User/system_init.o
 .rodata.vInitABFilter.cst4