Archive member included to satisfy reference by file (symbol)

c:/mounriver/mounriver_studio/toolchain/risc-v embedded gcc/bin/../lib/gcc/riscv-none-embed/8.2.0/rv32imacxw/ilp32\libgcc.a(addsf3.o)
                              ./User/DataModel.o (__addsf3)
c:/mounriver/mounriver_studio/toolchain/risc-v embedded gcc/bin/../lib/gcc/riscv-none-embed/8.2.0/rv32imacxw/ilp32\libgcc.a(divsf3.o)
                              ./User/DataModel.o (__divsf3)
c:/mounriver/mounriver_studio/toolchain/risc-v embedded gcc/bin/../lib/gcc/riscv-none-embed/8.2.0/rv32imacxw/ilp32\libgcc.a(eqsf2.o)
                              ./HWLIB/hw_lib_din.o (__nesf2)
c:/mounriver/mounriver_studio/toolchain/risc-v embedded gcc/bin/../lib/gcc/riscv-none-embed/8.2.0/rv32imacxw/ilp32\libgcc.a(gesf2.o)
                              ./User/inputs.o (__gesf2)
c:/mounriver/mounriver_studio/toolchain/risc-v embedded gcc/bin/../lib/gcc/riscv-none-embed/8.2.0/rv32imacxw/ilp32\libgcc.a(lesf2.o)
                              ./HWLIB/hw_lib_adc.o (__lesf2)
c:/mounriver/mounriver_studio/toolchain/risc-v embedded gcc/bin/../lib/gcc/riscv-none-embed/8.2.0/rv32imacxw/ilp32\libgcc.a(mulsf3.o)
                              ./User/dash_draw.o (__mulsf3)
c:/mounriver/mounriver_studio/toolchain/risc-v embedded gcc/bin/../lib/gcc/riscv-none-embed/8.2.0/rv32imacxw/ilp32\libgcc.a(subsf3.o)
                              ./User/inputs.o (__subsf3)
c:/mounriver/mounriver_studio/toolchain/risc-v embedded gcc/bin/../lib/gcc/riscv-none-embed/8.2.0/rv32imacxw/ilp32\libgcc.a(fixsfsi.o)
                              ./User/dash_draw.o (__fixsfsi)
c:/mounriver/mounriver_studio/toolchain/risc-v embedded gcc/bin/../lib/gcc/riscv-none-embed/8.2.0/rv32imacxw/ilp32\libgcc.a(fixunssfsi.o)
                              ./User/DataModel.o (__fixunssfsi)
c:/mounriver/mounriver_studio/toolchain/risc-v embedded gcc/bin/../lib/gcc/riscv-none-embed/8.2.0/rv32imacxw/ilp32\libgcc.a(floatsisf.o)
                              ./User/DataModel.o (__floatsisf)
c:/mounriver/mounriver_studio/toolchain/risc-v embedded gcc/bin/../lib/gcc/riscv-none-embed/8.2.0/rv32imacxw/ilp32\libgcc.a(floatunsisf.o)
                              ./User/DataModel.o (__floatunsisf)
c:/mounriver/mounriver_studio/toolchain/risc-v embedded gcc/bin/../lib/gcc/riscv-none-embed/8.2.0/rv32imacxw/ilp32\libgcc.a(save-restore.o)
                              ./User/inputs.o (__riscv_save_12)
c:/mounriver/mounriver_studio/toolchain/risc-v embedded gcc/bin/../lib/gcc/riscv-none-embed/8.2.0/rv32imacxw/ilp32\libgcc.a(_clzsi2.o)
                              c:/mounriver/mounriver_studio/toolchain/risc-v embedded gcc/bin/../lib/gcc/riscv-none-embed/8.2.0/rv32imacxw/ilp32\libgcc.a(addsf3.o) (__clzsi2)
c:/mounriver/mounriver_studio/toolchain/risc-v embedded gcc/bin/../lib/gcc/riscv-none-embed/8.2.0/rv32imacxw/ilp32\libgcc.a(_clz.o)
                              c:/mounriver/mounriver_studio/toolchain/risc-v embedded gcc/bin/../lib/gcc/riscv-none-embed/8.2.0/rv32imacxw/ilp32\libgcc.a(_clzsi2.o) (__clz_tab)
c:/mounriver/mounriver_studio/toolchain/risc-v embedded gcc/bin/../lib/gcc/riscv-none-embed/8.2.0/../../../../riscv-none-embed/lib/rv32imacxw/ilp32\libg_nano.a(lib_a-calloc.o)
                              ./CANopenNode/CANopen.o (calloc)
c:/mounriver/mounriver_studio/toolchain/risc-v embedded gcc/bin/../lib/gcc/riscv-none-embed/8.2.0/../../../../riscv-none-embed/lib/rv32imacxw/ilp32\libg_nano.a(lib_a-impure.o)
                              c:/mounriver/mounriver_studio/toolchain/risc-v embedded gcc/bin/../lib/gcc/riscv-none-embed/8.2.0/../../../../riscv-none-embed/lib/rv32imacxw/ilp32\libg_nano.a(lib_a-calloc.o) (_impure_ptr)
c:/mounriver/mounriver_studio/toolchain/risc-v embedded gcc/bin/../lib/gcc/riscv-none-embed/8.2.0/../../../../riscv-none-embed/lib/rv32imacxw/ilp32\libg_nano.a(lib_a-malloc.o)
                              ./CANopenNode/CANopen.o (free)
c:/mounriver/mounriver_studio/toolchain/risc-v embedded gcc/bin/../lib/gcc/riscv-none-embed/8.2.0/../../../../riscv-none-embed/lib/rv32imacxw/ilp32\libg_nano.a(lib_a-memcpy.o)
                              ./User/DataModel.o (memcpy)
c:/mounriver/mounriver_studio/toolchain/risc-v embedded gcc/bin/../lib/gcc/riscv-none-embed/8.2.0/../../../../riscv-none-embed/lib/rv32imacxw/ilp32\libg_nano.a(lib_a-memmove.o)
                              ./CANopenNode/301/CO_SDOserver.o (memmove)
c:/mounriver/mounriver_studio/toolchain/risc-v embedded gcc/bin/../lib/gcc/riscv-none-embed/8.2.0/../../../../riscv-none-embed/lib/rv32imacxw/ilp32\libg_nano.a(lib_a-memset.o)
                              ./User/DataModel.o (memset)
c:/mounriver/mounriver_studio/toolchain/risc-v embedded gcc/bin/../lib/gcc/riscv-none-embed/8.2.0/../../../../riscv-none-embed/lib/rv32imacxw/ilp32\libg_nano.a(lib_a-nano-callocr.o)
[...]
Memory Configuration

Name             Origin             Length             Attributes
FLASH            0x0000000000000000 0x0000000000010000 xr
RAM              0x0000000020000000 0x0000000000005000 xrw
*default*        0x0000000000000000 0xffffffffffffffff

Linker script and memory map

LOAD ./User/CanOpenNode.o
LOAD ./User/DataModel.o
LOAD ./User/ch32v20x_it.o
LOAD ./User/dash_draw.o
LOAD ./User/init.o
LOAD ./User/inputs.o
LOAD ./User/led.o
LOAD ./User/main.o
LOAD ./User/process.o
LOAD ./User/system_ch32v20x.o
LOAD ./User/system_init.o
LOAD ./Startup/startup_ch32v20x_D6.o
LOAD ./Peripheral/src/ch32v20x_adc.o
LOAD ./Peripheral/src/ch32v20x_bkp.o
LOAD ./Peripheral/src/ch32v20x_can.o
LOAD ./Peripheral/src/ch32v20x_crc.o
LOAD ./Peripheral/src/ch32v20x_dbgmcu.o
LOAD ./Peripheral/src/ch32v20x_dma.o
LOAD ./Peripheral/src/ch32v20x_exti.o
LOAD ./Peripheral/src/ch32v20x_flash.o
LOAD ./Peripheral/src/ch32v20x_gpio.o
LOAD ./Peripheral/src/ch32v20x_i2c.o
LOAD ./Peripheral/src/ch32v20x_iwdg.o
LOAD ./Peripheral/src/ch32v20x_misc.o
LOAD ./Peripheral/src/ch32v20x_opa.o
LOAD ./Peripheral/src/ch32v20x_pwr.o
LOAD ./Peripheral/src/ch32v20x_rcc.o
LOAD ./Peripheral/src/ch32v20x_rtc.o
LOAD ./Peripheral/src/ch32v20x_spi.o
LOAD ./Peripheral/src/ch32v20x_tim.o
LOAD ./Peripheral/src/ch32v20x_usart.o
LOAD ./Peripheral/src/ch32v20x_wwdg.o
LOAD ./HWLIB/hw_lib_adc.o
LOAD ./HWLIB/hw_lib_din.o
LOAD ./HWLIB/hw_lib_eeprom.o
LOAD ./HAL/hal_adc.o
LOAD ./HAL/hal_can.o
LOAD ./HAL/hal_dma.o
LOAD ./HAL/hal_gpio.o
LOAD ./HAL/hal_i2c.o
LOAD ./HAL/hal_irq.o
LOAD ./HAL/hal_rtc.o
LOAD ./HAL/hal_spi.o
LOAD ./HAL/hal_timers.o
LOAD ./HAL/hal_wdt.o
LOAD ./FreeRTOS/portable/MemMang/heap_4.o
LOAD ./FreeRTOS/portable/GCC/RISC-V/port.o
LOAD ./FreeRTOS/portable/GCC/RISC-V/portASM.o
LOAD ./FreeRTOS/croutine.o
LOAD ./FreeRTOS/event_groups.o
LOAD ./FreeRTOS/list.o
LOAD ./FreeRTOS/queue.o
LOAD ./FreeRTOS/stream_buffer.o
LOAD ./FreeRTOS/tasks.o
LOAD ./FreeRTOS/timers.o
LOAD ./Drivers/filters.o
LOAD ./Debug/debug.o
LOAD ./Core/core_riscv.o
LOAD ./CANopenNode/keypad/CO_driver_ST32F103.o
LOAD ./CANopenNode/keypad/OD.o
LOAD ./CANopenNode/extra/CO_trace.o
LOAD ./CANopenNode/309/CO_gateway_ascii.o
LOAD ./CANopenNode/305/CO_LSSmaster.o
LOAD ./CANopenNode/305/CO_LSSslave.o
LOAD ./CANopenNode/304/CO_GFC.o
LOAD ./CANopenNode/304/CO_SRDO.o
LOAD ./CANopenNode/303/CO_LEDs.o
LOAD ./CANopenNode/301/CO_Emergency.o
LOAD ./CANopenNode/301/CO_HBconsumer.o
LOAD ./CANopenNode/301/CO_NMT_Heartbeat.o
LOAD ./CANopenNode/301/CO_Node_Guarding.o
LOAD ./CANopenNode/301/CO_ODinterface.o
LOAD ./CANopenNode/301/CO_PDO.o
LOAD ./CANopenNode/301/CO_SDOclient.o
LOAD ./CANopenNode/301/CO_SDOserver.o
LOAD ./CANopenNode/301/CO_SYNC.o
LOAD ./CANopenNode/301/CO_TIME.o
LOAD ./CANopenNode/301/CO_fifo.o
LOAD ./CANopenNode/301/crc16-ccitt.o
LOAD ./CANopenNode/CANopen.o
LOAD c:/mounriver/mounriver_studio/toolchain/risc-v embedded gcc/bin/../lib/gcc/riscv-none-embed/8.2.0/../../../../riscv-none-embed/lib/rv32imacxw/ilp32\libm.a
LOAD c:/mounriver/mounriver_studio/toolchain/risc-v embedded gcc/bin/../lib/gcc/riscv-none-embed/8.2.0/rv32imacxw/ilp32\libgcc.a
LOAD c:/mounriver/mounriver_studio/toolchain/risc-v embedded gcc/bin/../lib/gcc/riscv-none-embed/8.2.0/../../../../riscv-none-embed/lib/rv32imacxw/ilp32\libg_nano.a
LOAD c:/mounriver/mounriver_studio/toolchain/risc-v embedded gcc/bin/../lib/gcc/riscv-none-embed/8.2.0/../../../../riscv-none-embed/lib/rv32imacxw/ilp32\libc_nano.a
LOAD c:/mounriver/mounriver_studio/toolchain/risc-v embedded gcc/bin/../lib/gcc/riscv-none-embed/8.2.0/rv32imacxw/ilp32\libgcc.a
START GROUP
LOAD c:/mounriver/mounriver_studio/toolchain/risc-v embedded gcc/bin/../lib/gcc/riscv-none-embed/8.2.0/rv32imacxw/ilp32\libgcc.a
LOAD c:/mounriver/mounriver_studio/toolchain/risc-v embedded gcc/bin/../lib/gcc/riscv-none-embed/8.2.0/../../../../riscv-none-embed/lib/rv32imacxw/ilp32\libc_nano.a
LOAD c:/mounriver/mounriver_studio/toolchain/risc-v embedded gcc/bin/../lib/gcc/riscv-none-embed/8.2.0/../../../../riscv-none-embed/lib/rv32imacxw/ilp32\libnosys.a
END GROUP
START GROUP
LOAD c:/mounriver/mounriver_studio/toolchain/risc-v embedded gcc/bin/../lib/gcc/riscv-none-embed/8.2.0/rv32imacxw/ilp32\libgcc.a
LOAD c:/mounriver/mounriver_studio/toolchain/risc-v embedded gcc/bin/../lib/gcc/riscv-none-embed/8.2.0/../../../../riscv-none-embed/lib/rv32imacxw/ilp32\libc_nano.a
LOAD c:/mounriver/mounriver_studio/toolchain/risc-v embedded gcc/bin/../lib/gcc/riscv-none-embed/8.2.0/../../../../riscv-none-embed/lib/rv32imacxw/ilp32\libnosys.a
END GROUP
                0x0000000000000be8                __stack_size = 0xbe8
                [!provide]                        PROVIDE (_stack_size = __stack_size)

.init           0x0000000000000000       0x38
                0x0000000000000000                _sinit = .
                0x0000000000000000                . = ALIGN (0x4)
 *(SORT_NONE(.init))
 .init          0x0000000000000000       0x38 ./Startup/startup_ch32v20x_D6.o
                0x0000000000000000                _start
                0x0000000000000038                . = ALIGN (0x4)
                0x0000000000000038                _einit = .

.vector         0x0000000000000038      0x108
 *(.vector)
 .vector        0x0000000000000038       0xfc ./Startup/startup_ch32v20x_D6.o
                0x0000000000000140                . = ALIGN (0x40)
 *fill*         0x0000000000000134        0xc 

.text           0x0000000000000200     0xe468
                0x0000000000000200                . = ALIGN (0x4)
 *(.text)
 .text          0x0000000000000200      0x2ee ./FreeRTOS/portable/GCC/RISC-V/portASM.o
                0x0000000000000200                SW_Handler
                0x0000000000000300                xPortStartFirstTask
                0x0000000000000400                pxPortInitialiseStack
 .text          0x00000000000004ee       0x60 c:/mounriver/mounriver_studio/toolchain/risc-v embedded gcc/bin/../lib/gcc/riscv-none-embed/8.2.0/rv32imacxw/ilp32\libgcc.a(save-restore.o)
                0x00000000000004ee                __riscv_save_12
                0x00000000000004f6                __riscv_save_9
                0x00000000000004f6                __riscv_save_11
                0x00000000000004f6                __riscv_save_10
                0x00000000000004f6                __riscv_save_8
                0x0000000000000504                __riscv_save_4
                0x0000000000000504                __riscv_save_6
                0x0000000000000504                __riscv_save_5
                0x0000000000000504                __riscv_save_7
                0x000000000000051e                __riscv_save_3
                0x000000000000051e                __riscv_save_2
                0x000000000000051e                __riscv_save_1
                0x000000000000051e                __riscv_save_0
                0x000000000000052a                __riscv_restore_12
                0x000000000000052e                __riscv_restore_11
                0x000000000000052e                __riscv_restore_9
                0x000000000000052e                __riscv_restore_10
                0x000000000000052e                __riscv_restore_8
                0x0000000000000538                __riscv_restore_5
                0x0000000000000538                __riscv_restore_7
                0x0000000000000538                __riscv_restore_6
                0x0000000000000538                __riscv_restore_4
                0x0000000000000542                __riscv_restore_3
                0x0000000000000542                __riscv_restore_0
                0x0000000000000542                __riscv_restore_2
                0x0000000000000542                __riscv_restore_1
 .text          0x000000000000054e       0xa8 c:/mounriver/mounriver_studio/toolchain/risc-v embedded gcc/bin/../lib/gcc/riscv-none-embed/8.2.0/../../../../riscv-none-embed/lib/rv32imacxw/ilp32\libg_nano.a(lib_a-memset.o)
                0x000000000000054e                memset
 *(.text.*)
 .text.xCanOpenProcessTaskHandle
                0x00000000000005f6        0xa ./User/CanOpenNode.o
                0x00000000000005f6                xCanOpenProcessTaskHandle
 .text.xCanOpenPeriodicTaskHandle
                0x0000000000000600        0xa ./User/CanOpenNode.o
                0x0000000000000600                xCanOpenPeriodicTaskHandle
 .text.vCanOpenInit
                0x000000000000060a        0xa ./User/CanOpenNode.o
                0x000000000000060a                vCanOpenInit
 .text.vCanOpenProcess
                0x0000000000000614      0x192 ./User/CanOpenNode.o
                0x0000000000000614                vCanOpenProcess
 .text.vCanOpenPeriodicProcess
                0x00000000000007a6       0x82 ./User/CanOpenNode.o
                0x00000000000007a6                vCanOpenPeriodicProcess
 .text.xDataRegQueue
                0x0000000000000828        0xa ./User/DataModel.o
                0x0000000000000828                xDataRegQueue
 .text.vDataModelRegDelayWrite
                0x0000000000000832       0x34 ./User/DataModel.o
                0x0000000000000832                vDataModelRegDelayWrite
 .text.setReg32
                0x0000000000000866       0x1a ./User/DataModel.o
                0x0000000000000866                setReg32
 .text.setReg16
                0x0000000000000880        0xe ./User/DataModel.o
                0x0000000000000880                setReg16
 .text.setReg8  0x000000000000088e        0xa ./User/DataModel.o
                0x000000000000088e                setReg8
 .text.SaveReg16
                0x0000000000000898       0x14 ./User/DataModel.o
                0x0000000000000898                SaveReg16
 .text.getReg16
                0x00000000000008ac       0x10 ./User/DataModel.o
                0x00000000000008ac                getReg16
 .text.getReg32
                0x00000000000008bc       0x1c ./User/DataModel.o
                0x00000000000008bc                getReg32
 .text.DataModel_Init
                0x00000000000008d8      0x392 ./User/DataModel.o
                0x00000000000008d8                DataModel_Init
 .text.getReg8  0x0000000000000c6a        0xa ./User/DataModel.o
                0x0000000000000c6a                getReg8
 .text.WriteRegAfterDelay
                0x0000000000000c74       0x60 ./User/DataModel.o
                0x0000000000000c74                WriteRegAfterDelay
 .text.WriteReg
                0x0000000000000cd4       0x56 ./User/DataModel.o
                0x0000000000000cd4                WriteReg
 .text.vGetBitrate
                0x0000000000000d2a       0x2a ./User/DataModel.o
                0x0000000000000d2a                vGetBitrate
 .text.vFDGetNMTState
                0x0000000000000d54        0x6 ./User/DataModel.o
                0x0000000000000d54                vFDGetNMTState
 .text.vGetNodeId
                0x0000000000000d5a        0x6 ./User/DataModel.o
                0x0000000000000d5a                vGetNodeId
 .text.vIncrementSystemCounters
                0x0000000000000d60       0x76 ./User/DataModel.o
                0x0000000000000d60                vIncrementSystemCounters
 .text.vSaveData
                0x0000000000000dd6       0x14 ./User/DataModel.o
                0x0000000000000dd6                vSaveData
 .text.getOdometr
                0x0000000000000dea       0x14 ./User/DataModel.o
                0x0000000000000dea                getOdometr
 .text.NMI_Handler
                0x0000000000000dfe        0x2 ./User/ch32v20x_it.o
                0x0000000000000dfe                NMI_Handler
 .text.HardFault_Handler
                0x0000000000000e00        0x2 ./User/ch32v20x_it.o
                0x0000000000000e00                HardFault_Handler
 .text.SegPrint
                0x0000000000000e02       0x5a ./User/dash_draw.o
 .text.xProcessTaskHandle
                0x0000000000000e5c        0xa ./User/dash_draw.o
                0x0000000000000e5c                xProcessTaskHandle
 .text.vSetErrorReg
                0x0000000000000e66        0xa ./User/dash_draw.o
                0x0000000000000e66                vSetErrorReg
 .text.getODValue
                0x0000000000000e70      0x12c ./User/dash_draw.o
                0x0000000000000e70                getODValue
 .text.IncMenuIndex
                0x0000000000000f9c       0x80 ./User/dash_draw.o
                0x0000000000000f9c                IncMenuIndex
 .text.GoToHome
                0x000000000000101c       0x12 ./User/dash_draw.o
                0x000000000000101c                GoToHome
 .text.SetCurMenuHome
                0x000000000000102e       0x1e ./User/dash_draw.o
                0x000000000000102e                SetCurMenuHome
 .text.GetCurMenuHome
                0x000000000000104c        0x6 ./User/dash_draw.o
                0x000000000000104c                GetCurMenuHome
 .text.SetCurrentMenu
                0x0000000000001052       0x12 ./User/dash_draw.o
                0x0000000000001052                SetCurrentMenu
 .text.SetDefault
                0x0000000000001064       0x28 ./User/dash_draw.o
                0x0000000000001064                SetDefault
 .text.MenuBackHomeCheck
                0x000000000000108c       0x38 ./User/dash_draw.o
                0x000000000000108c                MenuBackHomeCheck
 .text.CheckMenuChannel
                0x00000000000010c4       0x20 ./User/dash_draw.o
                0x00000000000010c4                CheckMenuChannel
 .text.vDashDrawInit
                0x00000000000010e4       0x7e ./User/dash_draw.o
                0x00000000000010e4                vDashDrawInit
 .text.vMenuBlink
                0x0000000000001162       0x4a ./User/dash_draw.o
                0x0000000000001162                vMenuBlink
 .text.SetErrorRegiter
                0x00000000000011ac       0x5e ./User/dash_draw.o
                0x00000000000011ac                SetErrorRegiter
 .text.uGetCurrMenu
                0x000000000000120a       0x26 ./User/dash_draw.o
                0x000000000000120a                uGetCurrMenu
 .text.vGetEdgeData
                0x0000000000001230       0x2a ./User/dash_draw.o
                0x0000000000001230                vGetEdgeData
 .text.checkLedState
                0x000000000000125a       0x3a ./User/dash_draw.o
 .text.vRGBMode
                0x0000000000001294       0x72 ./User/dash_draw.o
                0x0000000000001294                vRGBMode
 .text.vBarColorMode
                0x0000000000001306       0xc2 ./User/dash_draw.o
                0x0000000000001306                vBarColorMode
 .text.vBarWindowMode
                0x00000000000013c8       0x5a ./User/dash_draw.o
                0x00000000000013c8                vBarWindowMode
 .text.vBarMode
                0x0000000000001422       0x66 ./User/dash_draw.o
                0x0000000000001422                vBarMode
 .text.RedrawNotifyTaskToInit
                0x0000000000001488       0x28 ./User/dash_draw.o
                0x0000000000001488                RedrawNotifyTaskToInit
 .text.vRedrawTask
                0x00000000000014b0      0x572 ./User/dash_draw.o
                0x00000000000014b0                vRedrawTask
 .text.vInit_DeviceConfig
                0x0000000000001a22      0x162 ./User/init.o
                0x0000000000001a22                vInit_DeviceConfig
 .text.HardwareDeinit
                0x0000000000001b84       0x2a ./User/init.o
                0x0000000000001b84                HardwareDeinit
 .text.SoftwareReset
                0x0000000000001bae       0x14 ./User/init.o
                0x0000000000001bae                SoftwareReset
 .text.ADC1_Event
                0x0000000000001bc2       0x48 ./User/inputs.o
                0x0000000000001bc2                ADC1_Event
 .text.CaptureDMACallBack
                0x0000000000001c0a       0x30 ./User/inputs.o
                0x0000000000001c0a                CaptureDMACallBack
 .text.CaptureDMACallBack_1
                0x0000000000001c3a       0x30 ./User/inputs.o
                0x0000000000001c3a                CaptureDMACallBack_1
 .text.fDinStateCallback
                0x0000000000001c6a       0x32 ./User/inputs.o
                0x0000000000001c6a                fDinStateCallback
 .text.vSetDoutState
                0x0000000000001c9c       0x28 ./User/inputs.o
                0x0000000000001c9c                vSetDoutState
 .text.getInputsTaskHandle
                0x0000000000001cc4        0xa ./User/inputs.o
                0x0000000000001cc4                getInputsTaskHandle
 .text.InputsNotifyTaskToInit
                0x0000000000001cce       0x28 ./User/inputs.o
                0x0000000000001cce                InputsNotifyTaskToInit
 .text.ADC1_Init
                0x0000000000001cf6       0x52 ./User/inputs.o
                0x0000000000001cf6                ADC1_Init
 .text.ADC_FSM  0x0000000000001d48       0xfe ./User/inputs.o
                0x0000000000001d48                ADC_FSM
 .text.GetAIN   0x0000000000001e46        0xc ./User/inputs.o
                0x0000000000001e46                GetAIN
 .text.vInputsTask
                0x0000000000001e52      0x314 ./User/inputs.o
                0x0000000000001e52                vInputsTask
 .text.SPI1_DMA_Callback
                0x0000000000002166       0x34 ./User/led.o
                0x0000000000002166                SPI1_DMA_Callback
 .text.SPI2_DMA_Callback
                0x000000000000219a       0x34 ./User/led.o
                0x000000000000219a                SPI2_DMA_Callback
 .text.SetBarState
                0x00000000000021ce       0x50 ./User/led.o
                0x00000000000021ce                SetBarState
 .text.SetRGB   0x000000000000221e       0x4e ./User/led.o
                0x000000000000221e                SetRGB
 .text.SetSegDirect
                0x000000000000226c       0x9c ./User/led.o
                0x000000000000226c                SetSegDirect
 .text.SetSegPoint
                0x0000000000002308       0x22 ./User/led.o
                0x0000000000002308                SetSegPoint
 .text.SetSEG   0x000000000000232a      0x120 ./User/led.o
                0x000000000000232a                SetSEG
 .text.SetBigSeg
                0x000000000000244a       0x14 ./User/led.o
                0x000000000000244a                SetBigSeg
 .text.vSetBrigth
                0x000000000000245e       0x2a ./User/led.o
                0x000000000000245e                vSetBrigth
 .text.vLedDriverStart
                0x0000000000002488       0x62 ./User/led.o
                0x0000000000002488                vLedDriverStart
 .text.vLedProcess
                0x00000000000024ea       0x24 ./User/led.o
                0x00000000000024ea                vLedProcess
 .text.vRGBProcess
                0x000000000000250e       0xe8 ./User/led.o
                0x000000000000250e                vRGBProcess
 .text.startup.main
                0x00000000000025f6       0x1e ./User/main.o
                0x00000000000025f6                main
 .text.vRestartNode
                0x0000000000002614        0x2 ./User/main.o
                0x0000000000002614                vRestartNode
 .text.Error_Handler
                0x0000000000002616        0x8 ./User/main.o
                0x0000000000002616                Error_Handler
 .text.OD_writeRGBMAP
                0x000000000000261e       0x30 ./User/process.o
 .text.OD_readRGBMAP
                0x000000000000264e       0x22 ./User/process.o
 .text.OD_readDIN
                0x0000000000002670       0x1c ./User/process.o
 .text.OD_writeMenuSetup
                0x000000000000268c       0x46 ./User/process.o
 .text.OD_writeBoardSettings
                0x00000000000026d2       0x78 ./User/process.o
 .text.CO_getUint16
                0x000000000000274a       0x10 ./User/process.o
 .text.OD_writeSEG
                0x000000000000275a       0x44 ./User/process.o
 .text.OD_writeBAR
                0x000000000000279e       0x30 ./User/process.o
 .text.OD_writeRPMConfig
                0x00000000000027ce       0x36 ./User/process.o
 .text.CO_getUint32
                0x0000000000002804       0x18 ./User/process.o
 .text.OD_writeMenuMap
                0x000000000000281c       0x30 ./User/process.o
 .text.OD_writeV1_14
                0x000000000000284c       0x56 ./User/process.o
 .text.OD_writeDashParam
                0x00000000000028a2       0x44 ./User/process.o
 .text.WriteRGB.isra.2
                0x00000000000028e6       0x3a ./User/process.o
 .text.OD_writeRGB1
                0x0000000000002920       0x14 ./User/process.o
 .text.OD_writeRGB2
                0x0000000000002934       0x16 ./User/process.o
 .text.OD_writeRGB3
                0x000000000000294a       0x16 ./User/process.o
 .text.OD_writeRGB4
                0x0000000000002960       0x16 ./User/process.o
 .text.OD_writeRGB5
                0x0000000000002976       0x16 ./User/process.o
 .text.OD_writeRGB6
                0x000000000000298c       0x16 ./User/process.o
 .text.OD_writeRGB7
                0x00000000000029a2       0x16 ./User/process.o
 .text.OD_writeRGB8
                0x00000000000029b8       0x16 ./User/process.o
 .text.OD_writeRGB9
                0x00000000000029ce       0x16 ./User/process.o
 .text.OD_writeRGB10
                0x00000000000029e4       0x16 ./User/process.o
 .text.OD_writeRGB11
                0x00000000000029fa       0x16 ./User/process.o
 .text.OD_writeRGB12
                0x0000000000002a10       0x16 ./User/process.o
 .text.OD_writeRGB13
                0x0000000000002a26       0x16 ./User/process.o
 .text.OD_readBoardSettings
                0x0000000000002a3c       0x2c ./User/process.o
 .text.readADC.isra.6
                0x0000000000002a68       0x84 ./User/process.o
 .text.OD_readADC1
                0x0000000000002aec       0x10 ./User/process.o
 .text.OD_readADC2
                0x0000000000002afc       0x10 ./User/process.o
 .text.OD_readADC3
                0x0000000000002b0c       0x10 ./User/process.o
 .text.OD_readMenuSetup
                0x0000000000002b1c       0x30 ./User/process.o
 .text.writeADC.isra.9
                0x0000000000002b4c       0xde ./User/process.o
 .text.OD_writeADC1
                0x0000000000002c2a       0x10 ./User/process.o
 .text.OD_writeADC2
                0x0000000000002c3a       0x10 ./User/process.o
 .text.OD_writeADC3
                0x0000000000002c4a       0x10 ./User/process.o
 .text.OD_readRGB.isra.5
                0x0000000000002c5a       0x22 ./User/process.o
 .text.OD_readRGB1
                0x0000000000002c7c       0x10 ./User/process.o
 .text.OD_readRGB2
                0x0000000000002c8c       0x12 ./User/process.o
 .text.OD_readRGB3
                0x0000000000002c9e       0x12 ./User/process.o
 .text.OD_readRGB4
                0x0000000000002cb0       0x12 ./User/process.o
 .text.OD_readRGB5
                0x0000000000002cc2       0x12 ./User/process.o
 .text.OD_readRGB6
                0x0000000000002cd4       0x12 ./User/process.o
 .text.OD_readRGB7
                0x0000000000002ce6       0x12 ./User/process.o
 .text.OD_readRGB8
                0x0000000000002cf8       0x12 ./User/process.o
 .text.OD_readRGB9
                0x0000000000002d0a       0x12 ./User/process.o
 .text.OD_readRGB10
                0x0000000000002d1c       0x12 ./User/process.o
 .text.OD_readRGB11
                0x0000000000002d2e       0x12 ./User/process.o
 .text.OD_readRGB12
                0x0000000000002d40       0x12 ./User/process.o
 .text.OD_readRGB13
                0x0000000000002d52       0x12 ./User/process.o
 .text.OD_readAIN_RPM
                0x0000000000002d64       0x26 ./User/process.o
 .text.OD_readMenuMap
                0x0000000000002d8a       0x2c ./User/process.o
 .text.OD_readRPMConfig
                0x0000000000002db6       0x2a ./User/process.o
 .text.OD_readBar
                0x0000000000002de0       0x28 ./User/process.o
 .text.OD_readDashParam
                0x0000000000002e08       0x4c ./User/process.o
 .text.OD_readSEG
                0x0000000000002e54       0x34 ./User/process.o
 .text.vProceesInit
                0x0000000000002e88      0x1ba ./User/process.o
                0x0000000000002e88                vProceesInit
 .text.SystemInit
                0x0000000000003042       0xee ./User/system_ch32v20x.o
                0x0000000000003042                SystemInit
 .text.SystemCoreClockUpdate
                0x0000000000003130       0x92 ./User/system_ch32v20x.o
                0x0000000000003130                SystemCoreClockUpdate
 .text.StartDefaultTask
                0x00000000000031c2       0x86 ./User/system_init.o
 .text.vApplicationGetIdleTaskMemory
                0x0000000000003248       0x1c ./User/system_init.o
                0x0000000000003248                vApplicationGetIdleTaskMemory
 .text.vApplicationGetTimerTaskMemory
                0x0000000000003264       0x1c ./User/system_init.o
                0x0000000000003264                vApplicationGetTimerTaskMemory
 .text.vSystemStopProcess
                0x0000000000003280       0x1c ./User/system_init.o
                0x0000000000003280                vSystemStopProcess
 .text.vSYStaskInit
                0x000000000000329c      0x100 ./User/system_init.o
                0x000000000000329c                vSYStaskInit
 .text.vSYSqueueInit
                0x000000000000339c       0x2a ./User/system_init.o
                0x000000000000339c                vSYSqueueInit
 .text.vector_handler
                0x00000000000033c6       0x6c ./Startup/startup_ch32v20x_D6.o
                0x00000000000033ca                Ecall_M_Mode_Handler
                0x00000000000033cc                Ecall_U_Mode_Handler
                0x00000000000033ce                Break_Point_Handler
                0x00000000000033d4                WWDG_IRQHandler
                0x00000000000033d6                PVD_IRQHandler
                0x00000000000033d8                TAMPER_IRQHandler
                0x00000000000033dc                FLASH_IRQHandler
                0x00000000000033de                RCC_IRQHandler
                0x00000000000033e0                EXTI0_IRQHandler
                0x00000000000033e2                EXTI1_IRQHandler
                0x00000000000033e4                EXTI2_IRQHandler
                0x00000000000033e6                EXTI3_IRQHandler
                0x00000000000033e8                EXTI4_IRQHandler
                0x00000000000033ec                DMA1_Channel2_IRQHandler
                0x00000000000033f4                DMA1_Channel6_IRQHandler
                0x00000000000033f8                ADC1_2_IRQHandler
                0x0000000000003402                EXTI9_5_IRQHandler
                0x0000000000003404                TIM1_BRK_IRQHandler
                0x0000000000003406                TIM1_UP_IRQHandler
                0x0000000000003408                TIM1_TRG_COM_IRQHandler
                0x000000000000340a                TIM1_CC_IRQHandler
                0x000000000000340c                TIM2_IRQHandler
                0x000000000000340e                TIM3_IRQHandler
                0x0000000000003416                I2C2_EV_IRQHandler
                0x0000000000003418                I2C2_ER_IRQHandler
                0x000000000000341a                SPI1_IRQHandler
                0x000000000000341c                SPI2_IRQHandler
                0x000000000000341e                USART1_IRQHandler
                0x0000000000003420                USART2_IRQHandler
                0x0000000000003422                USART3_IRQHandler
                0x0000000000003424                EXTI15_10_IRQHandler
                0x0000000000003426                RTCAlarm_IRQHandler
                0x0000000000003428                USBWakeUp_IRQHandler
                0x000000000000342a                USBHD_IRQHandler
                0x000000000000342c                USBHDWakeUp_IRQHandler
                0x000000000000342e                UART4_IRQHandler
                0x0000000000003430                DMA1_Channel8_IRQHandler
 .text.handle_reset
                0x0000000000003432       0x92 ./Startup/startup_ch32v20x_D6.o
                0x0000000000003432                handle_reset
 .text.ADC_Cmd  0x00000000000034c4       0x10 ./Peripheral/src/ch32v20x_adc.o
                0x00000000000034c4                ADC_Cmd
 .text.ADC_DMACmd
                0x00000000000034d4       0x12 ./Peripheral/src/ch32v20x_adc.o
                0x00000000000034d4                ADC_DMACmd
 .text.ADC_GetResetCalibrationStatus
                0x00000000000034e6        0x8 ./Peripheral/src/ch32v20x_adc.o
                0x00000000000034e6                ADC_GetResetCalibrationStatus
 .text.ADC_GetCalibrationStatus
                0x00000000000034ee        0x8 ./Peripheral/src/ch32v20x_adc.o
                0x00000000000034ee                ADC_GetCalibrationStatus
 .text.ADC_SoftwareStartConvCmd
                0x00000000000034f6       0x18 ./Peripheral/src/ch32v20x_adc.o
                0x00000000000034f6                ADC_SoftwareStartConvCmd
 .text.ADC_RegularChannelConfig
                0x000000000000350e       0xb8 ./Peripheral/src/ch32v20x_adc.o
                0x000000000000350e                ADC_RegularChannelConfig
 .text.ADC_ClearITPendingBit
                0x00000000000035c6        0xa ./Peripheral/src/ch32v20x_adc.o
                0x00000000000035c6                ADC_ClearITPendingBit
 .text.Get_CalibrationValue
                0x00000000000035d0      0x1fe ./Peripheral/src/ch32v20x_adc.o
                0x00000000000035d0                Get_CalibrationValue
 .text.DMA_Init
                0x00000000000037ce       0x38 ./Peripheral/src/ch32v20x_dma.o
                0x00000000000037ce                DMA_Init
 .text.DMA_Cmd  0x0000000000003806       0x14 ./Peripheral/src/ch32v20x_dma.o
                0x0000000000003806                DMA_Cmd
 .text.DMA_SetCurrDataCounter
                0x000000000000381a        0x4 ./Peripheral/src/ch32v20x_dma.o
                0x000000000000381a                DMA_SetCurrDataCounter
 .text.DMA_GetFlagStatus
                0x000000000000381e        0xe ./Peripheral/src/ch32v20x_dma.o
                0x000000000000381e                DMA_GetFlagStatus
 .text.DMA_GetITStatus
                0x000000000000382c        0xc ./Peripheral/src/ch32v20x_dma.o
                0x000000000000382c                DMA_GetITStatus
 .text.DMA_ClearITPendingBit
                0x0000000000003838        0x8 ./Peripheral/src/ch32v20x_dma.o
                0x0000000000003838                DMA_ClearITPendingBit
 .text.GPIO_Init
                0x0000000000003840       0xfa ./Peripheral/src/ch32v20x_gpio.o
                0x0000000000003840                GPIO_Init
 .text.GPIO_ReadInputDataBit
                0x000000000000393a       0x1e ./Peripheral/src/ch32v20x_gpio.o
                0x000000000000393a                GPIO_ReadInputDataBit
 .text.GPIO_SetBits
                0x0000000000003958       0x18 ./Peripheral/src/ch32v20x_gpio.o
                0x0000000000003958                GPIO_SetBits
 .text.GPIO_ResetBits
                0x0000000000003970       0x18 ./Peripheral/src/ch32v20x_gpio.o
                0x0000000000003970                GPIO_ResetBits
 .text.GPIO_PinRemapConfig
                0x0000000000003988       0xf2 ./Peripheral/src/ch32v20x_gpio.o
                0x0000000000003988                GPIO_PinRemapConfig
 .text.I2C_Init
                0x0000000000003a7a       0xf2 ./Peripheral/src/ch32v20x_i2c.o
                0x0000000000003a7a                I2C_Init
 .text.I2C_Cmd  0x0000000000003b6c       0x18 ./Peripheral/src/ch32v20x_i2c.o
                0x0000000000003b6c                I2C_Cmd
 .text.I2C_GenerateSTART
                0x0000000000003b84       0x1a ./Peripheral/src/ch32v20x_i2c.o
                0x0000000000003b84                I2C_GenerateSTART
 .text.I2C_GenerateSTOP
                0x0000000000003b9e       0x1a ./Peripheral/src/ch32v20x_i2c.o
                0x0000000000003b9e                I2C_GenerateSTOP
 .text.I2C_AcknowledgeConfig
                0x0000000000003bb8       0x1a ./Peripheral/src/ch32v20x_i2c.o
                0x0000000000003bb8                I2C_AcknowledgeConfig
 .text.I2C_DualAddressCmd
                0x0000000000003bd2       0x18 ./Peripheral/src/ch32v20x_i2c.o
                0x0000000000003bd2                I2C_DualAddressCmd
 .text.I2C_ITConfig
                0x0000000000003bea       0x12 ./Peripheral/src/ch32v20x_i2c.o
                0x0000000000003bea                I2C_ITConfig
 .text.I2C_SendData
                0x0000000000003bfc        0x4 ./Peripheral/src/ch32v20x_i2c.o
                0x0000000000003bfc                I2C_SendData
 .text.I2C_ReceiveData
                0x0000000000003c00        0x8 ./Peripheral/src/ch32v20x_i2c.o
                0x0000000000003c00                I2C_ReceiveData
 .text.I2C_Send7bitAddress
                0x0000000000003c08       0x12 ./Peripheral/src/ch32v20x_i2c.o
                0x0000000000003c08                I2C_Send7bitAddress
 .text.I2C_ReadRegister
                0x0000000000003c1a       0x14 ./Peripheral/src/ch32v20x_i2c.o
                0x0000000000003c1a                I2C_ReadRegister
 .text.I2C_CheckEvent
                0x0000000000003c2e       0x16 ./Peripheral/src/ch32v20x_i2c.o
                0x0000000000003c2e                I2C_CheckEvent
 .text.I2C_GetFlagStatus
                0x0000000000003c44       0x32 ./Peripheral/src/ch32v20x_i2c.o
                0x0000000000003c44                I2C_GetFlagStatus
 .text.I2C_ClearFlag
                0x0000000000003c76        0xc ./Peripheral/src/ch32v20x_i2c.o
                0x0000000000003c76                I2C_ClearFlag
 .text.RCC_LSEConfig
                0x0000000000003c82       0x28 ./Peripheral/src/ch32v20x_rcc.o
                0x0000000000003c82                RCC_LSEConfig
 .text.RCC_GetClocksFreq
                0x0000000000003caa       0xbe ./Peripheral/src/ch32v20x_rcc.o
                0x0000000000003caa                RCC_GetClocksFreq
 .text.RCC_APB2PeriphClockCmd
                0x0000000000003d68       0x1e ./Peripheral/src/ch32v20x_rcc.o
                0x0000000000003d68                RCC_APB2PeriphClockCmd
 .text.RCC_GetFlagStatus
                0x0000000000003d86       0x2e ./Peripheral/src/ch32v20x_rcc.o
                0x0000000000003d86                RCC_GetFlagStatus
 .text.RTC_EnterConfigMode
                0x0000000000003db4       0x12 ./Peripheral/src/ch32v20x_rtc.o
                0x0000000000003db4                RTC_EnterConfigMode
 .text.RTC_ExitConfigMode
                0x0000000000003dc6       0x18 ./Peripheral/src/ch32v20x_rtc.o
                0x0000000000003dc6                RTC_ExitConfigMode
 .text.RTC_SetPrescaler
                0x0000000000003dde       0x2e ./Peripheral/src/ch32v20x_rtc.o
                0x0000000000003dde                RTC_SetPrescaler
 .text.RTC_WaitForLastTask
                0x0000000000003e0c       0x10 ./Peripheral/src/ch32v20x_rtc.o
                0x0000000000003e0c                RTC_WaitForLastTask
 .text.RTC_WaitForSynchro
                0x0000000000003e1c       0x24 ./Peripheral/src/ch32v20x_rtc.o
                0x0000000000003e1c                RTC_WaitForSynchro
 .text.TIM_OC1Init
                0x0000000000003e40       0x6a ./Peripheral/src/ch32v20x_tim.o
                0x0000000000003e40                TIM_OC1Init
 .text.TIM_OC2Init
                0x0000000000003eaa       0x96 ./Peripheral/src/ch32v20x_tim.o
                0x0000000000003eaa                TIM_OC2Init
 .text.TIM_OC3Init
                0x0000000000003f40       0x94 ./Peripheral/src/ch32v20x_tim.o
                0x0000000000003f40                TIM_OC3Init
 .text.TIM_OC4Init
                0x0000000000003fd4       0x6c ./Peripheral/src/ch32v20x_tim.o
                0x0000000000003fd4                TIM_OC4Init
 .text.TIM_OC1PreloadConfig
                0x0000000000004040        0xe ./Peripheral/src/ch32v20x_tim.o
                0x0000000000004040                TIM_OC1PreloadConfig
 .text.TIM_OC2PreloadConfig
                0x000000000000404e       0x16 ./Peripheral/src/ch32v20x_tim.o
                0x000000000000404e                TIM_OC2PreloadConfig
 .text.TIM_OC3PreloadConfig
                0x0000000000004064        0xe ./Peripheral/src/ch32v20x_tim.o
                0x0000000000004064                TIM_OC3PreloadConfig
 .text.TIM_OC4PreloadConfig
                0x0000000000004072       0x16 ./Peripheral/src/ch32v20x_tim.o
                0x0000000000004072                TIM_OC4PreloadConfig
 .text.TIM_GetITStatus
                0x0000000000004088       0x18 ./Peripheral/src/ch32v20x_tim.o
                0x0000000000004088                TIM_GetITStatus
 .text.USART_SendData
                0x00000000000040a0        0x8 ./Peripheral/src/ch32v20x_usart.o
                0x00000000000040a0                USART_SendData
 .text.USART_GetFlagStatus
                0x00000000000040a8        0xa ./Peripheral/src/ch32v20x_usart.o
                0x00000000000040a8                USART_GetFlagStatus
 .text.vAINInit
                0x00000000000040b2       0x36 ./HWLIB/hw_lib_adc.o
                0x00000000000040b2                vAINInit
 .text.fGetAinCalData
                0x00000000000040e8       0xa4 ./HWLIB/hw_lib_adc.o
                0x00000000000040e8                fGetAinCalData
 .text.eAinCalDataConfig
                0x000000000000418c       0x48 ./HWLIB/hw_lib_adc.o
                0x000000000000418c                eAinCalDataConfig
 .text.vABLineKoofFinde
                0x00000000000041d4       0x6a ./HWLIB/hw_lib_adc.o
                0x00000000000041d4                vABLineKoofFinde
 .text.eSetAinCalPoint
                0x000000000000423e       0x64 ./HWLIB/hw_lib_adc.o
                0x000000000000423e                eSetAinCalPoint
 .text.getADC1Buffer
                0x00000000000042a2        0xa ./HWLIB/hw_lib_adc.o
                0x00000000000042a2                getADC1Buffer
 .text.eDOUTConfigWtihStruct
                0x00000000000042ac       0x1a ./HWLIB/hw_lib_din.o
                0x00000000000042ac                eDOUTConfigWtihStruct
 .text.eDinConfigWtihStruct
                0x00000000000042c6       0x34 ./HWLIB/hw_lib_din.o
                0x00000000000042c6                eDinConfigWtihStruct
 .text.uGetDIN  0x00000000000042fa       0x14 ./HWLIB/hw_lib_din.o
                0x00000000000042fa                uGetDIN
 .text.eRPMConfig
                0x000000000000430e       0x56 ./HWLIB/hw_lib_din.o
                0x000000000000430e                eRPMConfig
 .text.RMPDataConvert
                0x0000000000004364       0x78 ./HWLIB/hw_lib_din.o
                0x0000000000004364                RMPDataConvert
 .text.getCaputreBuffer
                0x00000000000043dc       0x16 ./HWLIB/hw_lib_din.o
                0x00000000000043dc                getCaputreBuffer
 .text.GetRPM   0x00000000000043f2       0x74 ./HWLIB/hw_lib_din.o
                0x00000000000043f2                GetRPM
 .text.xGetRPM  0x0000000000004466       0x72 ./HWLIB/hw_lib_din.o
                0x0000000000004466                xGetRPM
 .text.vDinDoutProcess
                0x00000000000044d8       0x98 ./HWLIB/hw_lib_din.o
                0x00000000000044d8                vDinDoutProcess
 .text.xGetEEPROM
                0x0000000000004570        0xa ./HWLIB/hw_lib_eeprom.o
                0x0000000000004570                xGetEEPROM
 .text.eEEPROMWrFast
                0x000000000000457a       0x80 ./HWLIB/hw_lib_eeprom.o
                0x000000000000457a                eEEPROMWrFast
 .text.eEEPROMWr
                0x00000000000045fa       0x92 ./HWLIB/hw_lib_eeprom.o
                0x00000000000045fa                eEEPROMWr
 .text.eEEPROMRd
                0x000000000000468c       0x34 ./HWLIB/hw_lib_eeprom.o
                0x000000000000468c                eEEPROMRd
 .text.bReadEEPROM
                0x00000000000046c0       0x1a ./HWLIB/hw_lib_eeprom.o
                0x00000000000046c0                bReadEEPROM
 .text.Get_ConversionVal
                0x00000000000046da       0x2e ./HAL/hal_adc.o
                0x00000000000046da                Get_ConversionVal
 .text.HAL_ADC_CommonConfig
                0x0000000000004708       0x14 ./HAL/hal_adc.o
                0x0000000000004708                HAL_ADC_CommonConfig
 .text.HAL_ADC_ContiniusScanCinvertionDMA
                0x000000000000471c      0x118 ./HAL/hal_adc.o
                0x000000000000471c                HAL_ADC_ContiniusScanCinvertionDMA
 .text.HAL_CANSetTXCallback
                0x0000000000004834        0xa ./HAL/hal_can.o
                0x0000000000004834                HAL_CANSetTXCallback
 .text.HAL_CANSetRXCallback
                0x000000000000483e        0xa ./HAL/hal_can.o
                0x000000000000483e                HAL_CANSetRXCallback
 .text.HAL_CANSetERRCallback
                0x0000000000004848        0xa ./HAL/hal_can.o
                0x0000000000004848                HAL_CANSetERRCallback
 .text.HAL_CANIntIT
                0x0000000000004852      0x13c ./HAL/hal_can.o
                0x0000000000004852                HAL_CANIntIT
 .text.HAL_CANToInitMode
                0x000000000000498e       0x30 ./HAL/hal_can.o
                0x000000000000498e                HAL_CANToInitMode
 .text.HAL_CANToOperatingMode
                0x00000000000049be       0x26 ./HAL/hal_can.o
                0x00000000000049be                HAL_CANToOperatingMode
 .text.HAL_CANSend
                0x00000000000049e4       0xae ./HAL/hal_can.o
                0x00000000000049e4                HAL_CANSend
 .text.HAL_CANSetFiters
                0x0000000000004a92       0xc4 ./HAL/hal_can.o
                0x0000000000004a92                HAL_CANSetFiters
 .text.HAL_CANGetRXMessage
                0x0000000000004b56       0xae ./HAL/hal_can.o
                0x0000000000004b56                HAL_CANGetRXMessage
 .text.USB_HP_CAN1_TX_IRQHandler
                0x0000000000004c04       0x60 ./HAL/hal_can.o
                0x0000000000004c04                USB_HP_CAN1_TX_IRQHandler
 .text.USB_LP_CAN1_RX0_IRQHandler
                0x0000000000004c64       0x5e ./HAL/hal_can.o
                0x0000000000004c64                USB_LP_CAN1_RX0_IRQHandler
 .text.CAN1_RX1_IRQHandler
                0x0000000000004cc2       0x5e ./HAL/hal_can.o
                0x0000000000004cc2                CAN1_RX1_IRQHandler
 .text.CAN1_SCE_IRQHandler
                0x0000000000004d20       0x5c ./HAL/hal_can.o
                0x0000000000004d20                CAN1_SCE_IRQHandler
 .text.DMA_IRQ  0x0000000000004d7c       0x3a ./HAL/hal_dma.o
 .text.HAL_DMA_Disable
                0x0000000000004db6        0xc ./HAL/hal_dma.o
                0x0000000000004db6                HAL_DMA_Disable
 .text.HAL_DMA_SetCouterAndEnable
                0x0000000000004dc2        0xc ./HAL/hal_dma.o
                0x0000000000004dc2                HAL_DMA_SetCouterAndEnable
 .text.HAL_DMAInitIT
                0x0000000000004dce       0xfc ./HAL/hal_dma.o
                0x0000000000004dce                HAL_DMAInitIT
 .text.HAL_ADC_StartDMA
                0x0000000000004eca       0x5e ./HAL/hal_dma.o
                0x0000000000004eca                HAL_ADC_StartDMA
 .text.DMA1_Channel1_IRQHandler
                0x0000000000004f28       0x4e ./HAL/hal_dma.o
                0x0000000000004f28                DMA1_Channel1_IRQHandler
 .text.DMA1_Channel3_IRQHandler
                0x0000000000004f76       0x4e ./HAL/hal_dma.o
                0x0000000000004f76                DMA1_Channel3_IRQHandler
 .text.DMA1_Channel4_IRQHandler
                0x0000000000004fc4       0x4e ./HAL/hal_dma.o
                0x0000000000004fc4                DMA1_Channel4_IRQHandler
 .text.DMA1_Channel5_IRQHandler
                0x0000000000005012       0x4e ./HAL/hal_dma.o
                0x0000000000005012                DMA1_Channel5_IRQHandler
 .text.DMA1_Channel7_IRQHandler
                0x0000000000005060       0x4e ./HAL/hal_dma.o
                0x0000000000005060                DMA1_Channel7_IRQHandler
 .text.HAL_InitRCC
                0x00000000000050ae       0x48 ./HAL/hal_gpio.o
 .text.HAL_InitGpioOut
                0x00000000000050f6       0x28 ./HAL/hal_gpio.o
                0x00000000000050f6                HAL_InitGpioOut
 .text.HAL_InitGpioAIN
                0x000000000000511e       0x26 ./HAL/hal_gpio.o
                0x000000000000511e                HAL_InitGpioAIN
 .text.HAL_InitGpioIn
                0x0000000000005144       0x28 ./HAL/hal_gpio.o
                0x0000000000005144                HAL_InitGpioIn
 .text.HAL_InitGpioAF
                0x000000000000516c       0x3c ./HAL/hal_gpio.o
                0x000000000000516c                HAL_InitGpioAF
 .text.HAL_GetBit
                0x00000000000051a8        0xc ./HAL/hal_gpio.o
                0x00000000000051a8                HAL_GetBit
 .text.HAL_SetBit
                0x00000000000051b4        0xc ./HAL/hal_gpio.o
                0x00000000000051b4                HAL_SetBit
 .text.HAL_ResetBit
                0x00000000000051c0        0xc ./HAL/hal_gpio.o
                0x00000000000051c0                HAL_ResetBit
 .text.I2C_Master_TransmitFast
                0x00000000000051cc       0xe8 ./HAL/hal_i2c.o
 .text.I2C_Master_TransmitIT
                0x00000000000052b4       0xa0 ./HAL/hal_i2c.o
 .text.I2C_Master_ReviceIT
                0x0000000000005354       0x9e ./HAL/hal_i2c.o
 .text.I2C_FSM  0x00000000000053f2      0x1d6 ./HAL/hal_i2c.o
 .text.InitI2CDMA
                0x00000000000055c8       0xde ./HAL/hal_i2c.o
                0x00000000000055c8                InitI2CDMA
 .text.I2C1_EV_IRQHandler
                0x00000000000056a6       0x4c ./HAL/hal_i2c.o
                0x00000000000056a6                I2C1_EV_IRQHandler
 .text.I2C1_ER_IRQHandler
                0x00000000000056f2       0x4c ./HAL/hal_i2c.o
                0x00000000000056f2                I2C1_ER_IRQHandler
 .text.PFIC_IRQ_ENABLE_PG1
                0x000000000000573e       0x34 ./HAL/hal_irq.o
                0x000000000000573e                PFIC_IRQ_ENABLE_PG1
 .text.HAL_RTC_IT_Init
                0x0000000000005772       0xba ./HAL/hal_rtc.o
                0x0000000000005772                HAL_RTC_IT_Init
 .text.RTC_IRQHandler
                0x000000000000582c       0x78 ./HAL/hal_rtc.o
                0x000000000000582c                RTC_IRQHandler
 .text.HAL_SPI_InitDMA
                0x00000000000058a4       0x86 ./HAL/hal_spi.o
                0x00000000000058a4                HAL_SPI_InitDMA
 .text.HAL_SPI_RXOveleyClear
                0x000000000000592a       0x12 ./HAL/hal_spi.o
                0x000000000000592a                HAL_SPI_RXOveleyClear
 .text.HAL_SPI_GetBusy
                0x000000000000593c       0x10 ./HAL/hal_spi.o
                0x000000000000593c                HAL_SPI_GetBusy
 .text.vTimerInitRCC
                0x000000000000594c       0x82 ./HAL/hal_timers.o
 .text.TIM4_IRQHandler
                0x00000000000059ce       0x70 ./HAL/hal_timers.o
                0x00000000000059ce                TIM4_IRQHandler
 .text.HAL_TiemrEneblae
                0x0000000000005a3e       0x16 ./HAL/hal_timers.o
                0x0000000000005a3e                HAL_TiemrEneblae
 .text.HAL_TiemrDisable
                0x0000000000005a54       0x1c ./HAL/hal_timers.o
                0x0000000000005a54                HAL_TiemrDisable
 .text.HW_TIMER_BaseTimerInit
                0x0000000000005a70       0x54 ./HAL/hal_timers.o
                0x0000000000005a70                HW_TIMER_BaseTimerInit
 .text.HAL_TIMER_InitIt
                0x0000000000005ac4       0x84 ./HAL/hal_timers.o
                0x0000000000005ac4                HAL_TIMER_InitIt
 .text.HAL_TIMER_PWMTimersInit
                0x0000000000005b48       0xda ./HAL/hal_timers.o
                0x0000000000005b48                HAL_TIMER_PWMTimersInit
 .text.HAL_TimeInitCaptureDMA
                0x0000000000005c22      0x108 ./HAL/hal_timers.o
                0x0000000000005c22                HAL_TimeInitCaptureDMA
 .text.HAL_TIMER_DisablePWMCH
                0x0000000000005d2a       0x1a ./HAL/hal_timers.o
                0x0000000000005d2a                HAL_TIMER_DisablePWMCH
 .text.HAL_TIMER_SetPWMPulse
                0x0000000000005d44       0x86 ./HAL/hal_timers.o
                0x0000000000005d44                HAL_TIMER_SetPWMPulse
 .text.HAL_TIMER_EnablePWMCH
                0x0000000000005dca       0x1a ./HAL/hal_timers.o
                0x0000000000005dca                HAL_TIMER_EnablePWMCH
 .text.HAL_WDTReset
                0x0000000000005de4        0xe ./HAL/hal_wdt.o
                0x0000000000005de4                HAL_WDTReset
 .text.HAL_WDT_Init1s
                0x0000000000005df2       0x28 ./HAL/hal_wdt.o
                0x0000000000005df2                HAL_WDT_Init1s
 .text.prvInsertBlockIntoFreeList
                0x0000000000005e1a       0x48 ./FreeRTOS/portable/MemMang/heap_4.o
 .text.pvPortMalloc
                0x0000000000005e62      0x182 ./FreeRTOS/portable/MemMang/heap_4.o
                0x0000000000005e62                pvPortMalloc
 .text.vPortFree
                0x0000000000005fe4       0xa4 ./FreeRTOS/portable/MemMang/heap_4.o
                0x0000000000005fe4                vPortFree
 .text.vPortSetupTimerInterrupt
                0x0000000000006088       0x3e ./FreeRTOS/portable/GCC/RISC-V/port.o
                0x0000000000006088                vPortSetupTimerInterrupt
 .text.xPortStartScheduler
                0x00000000000060c6       0x90 ./FreeRTOS/portable/GCC/RISC-V/port.o
                0x00000000000060c6                xPortStartScheduler
 .text.SysTick_Handler
                0x0000000000006156       0x7c ./FreeRTOS/portable/GCC/RISC-V/port.o
                0x0000000000006156                SysTick_Handler
 .text.vPortEnterCritical
                0x00000000000061d2       0x16 ./FreeRTOS/portable/GCC/RISC-V/port.o
                0x00000000000061d2                vPortEnterCritical
 .text.vPortExitCritical
                0x00000000000061e8       0x42 ./FreeRTOS/portable/GCC/RISC-V/port.o
                0x00000000000061e8                vPortExitCritical
 .text.xPortSetInterruptMask
                0x000000000000622a        0xc ./FreeRTOS/portable/GCC/RISC-V/port.o
                0x000000000000622a                xPortSetInterruptMask
 .text.vPortClearInterruptMask
                0x0000000000006236        0x6 ./FreeRTOS/portable/GCC/RISC-V/port.o
                0x0000000000006236                vPortClearInterruptMask
 .text.vListInitialise
                0x000000000000623c       0x14 ./FreeRTOS/list.o
                0x000000000000623c                vListInitialise
 .text.vListInitialiseItem
                0x0000000000006250        0x6 ./FreeRTOS/list.o
                0x0000000000006250                vListInitialiseItem
 .text.vListInsertEnd
                0x0000000000006256       0x18 ./FreeRTOS/list.o
                0x0000000000006256                vListInsertEnd
 .text.vListInsert
                0x000000000000626e       0x2e ./FreeRTOS/list.o
                0x000000000000626e                vListInsert
 .text.uxListRemove
                0x000000000000629c       0x20 ./FreeRTOS/list.o
                0x000000000000629c                uxListRemove
 .text.prvIsQueueEmpty
                0x00000000000062bc       0x1e ./FreeRTOS/queue.o
 .text.prvCopyDataToQueue
                0x00000000000062da       0x72 ./FreeRTOS/queue.o
 .text.prvCopyDataFromQueue
                0x000000000000634c       0x28 ./FreeRTOS/queue.o
 .text.prvUnlockQueue
                0x0000000000006374       0x76 ./FreeRTOS/queue.o
 .text.xQueueGenericReset
                0x00000000000063ea       0xc4 ./FreeRTOS/queue.o
                0x00000000000063ea                xQueueGenericReset
 .text.xQueueGenericCreateStatic
                0x00000000000064ae       0xae ./FreeRTOS/queue.o
                0x00000000000064ae                xQueueGenericCreateStatic
 .text.xQueueGenericCreate
                0x000000000000655c       0x72 ./FreeRTOS/queue.o
                0x000000000000655c                xQueueGenericCreate
 .text.xQueueGenericSend
                0x00000000000065ce      0x1a8 ./FreeRTOS/queue.o
                0x00000000000065ce                xQueueGenericSend
 .text.xQueueGiveMutexRecursive
                0x0000000000006776       0x56 ./FreeRTOS/queue.o
                0x0000000000006776                xQueueGiveMutexRecursive
 .text.xQueueCreateMutex
                0x00000000000067cc       0x2e ./FreeRTOS/queue.o
                0x00000000000067cc                xQueueCreateMutex
 .text.xQueueReceive
                0x00000000000067fa      0x166 ./FreeRTOS/queue.o
                0x00000000000067fa                xQueueReceive
 .text.xQueueSemaphoreTake
                0x0000000000006960      0x1be ./FreeRTOS/queue.o
                0x0000000000006960                xQueueSemaphoreTake
 .text.xQueueTakeMutexRecursive
                0x0000000000006b1e       0x5a ./FreeRTOS/queue.o
                0x0000000000006b1e                xQueueTakeMutexRecursive
 .text.uxQueueMessagesWaiting
                0x0000000000006b78       0x44 ./FreeRTOS/queue.o
                0x0000000000006b78                uxQueueMessagesWaiting
 .text.vQueueAddToRegistry
                0x0000000000006bbc       0x6c ./FreeRTOS/queue.o
                0x0000000000006bbc                vQueueAddToRegistry
 .text.vQueueWaitForMessageRestricted
                0x0000000000006c28       0x5c ./FreeRTOS/queue.o
                0x0000000000006c28                vQueueWaitForMessageRestricted
 .text.prvIdleTask
                0x0000000000006c84        0x2 ./FreeRTOS/tasks.o
 .text.prvAddNewTaskToReadyList
                0x0000000000006c86       0xf6 ./FreeRTOS/tasks.o
 .text.prvResetNextTaskUnblockTime
                0x0000000000006d7c       0x1c ./FreeRTOS/tasks.o
 .text.prvTaskIsTaskSuspended
                0x0000000000006d98       0x50 ./FreeRTOS/tasks.o
 .text.prvInitialiseNewTask.isra.2
                0x0000000000006de8       0xc8 ./FreeRTOS/tasks.o
 .text.prvAddCurrentTaskToDelayedList
                0x0000000000006eb0       0x98 ./FreeRTOS/tasks.o
 .text.xTaskCreateStatic
                0x0000000000006f48       0xa6 ./FreeRTOS/tasks.o
                0x0000000000006f48                xTaskCreateStatic
 .text.vTaskResume
                0x0000000000006fee       0xa2 ./FreeRTOS/tasks.o
                0x0000000000006fee                vTaskResume
 .text.vTaskStartScheduler
                0x0000000000007090       0x90 ./FreeRTOS/tasks.o
                0x0000000000007090                vTaskStartScheduler
 .text.vTaskSuspendAll
                0x0000000000007120        0xc ./FreeRTOS/tasks.o
                0x0000000000007120                vTaskSuspendAll
 .text.xTaskGetTickCount
                0x000000000000712c        0x6 ./FreeRTOS/tasks.o
                0x000000000000712c                xTaskGetTickCount
 .text.xTaskIncrementTick
                0x0000000000007132      0x180 ./FreeRTOS/tasks.o
                0x0000000000007132                xTaskIncrementTick
 .text.xTaskResumeAll
                0x00000000000072b2      0x148 ./FreeRTOS/tasks.o
                0x00000000000072b2                xTaskResumeAll
 .text.vTaskDelay
                0x00000000000073fa       0x62 ./FreeRTOS/tasks.o
                0x00000000000073fa                vTaskDelay
 .text.vTaskSwitchContext
                0x000000000000745c       0x8a ./FreeRTOS/tasks.o
                0x000000000000745c                vTaskSwitchContext
 .text.vTaskSuspend
                0x00000000000074e6       0xde ./FreeRTOS/tasks.o
                0x00000000000074e6                vTaskSuspend
 .text.vTaskPlaceOnEventList
                0x00000000000075c4       0x44 ./FreeRTOS/tasks.o
                0x00000000000075c4                vTaskPlaceOnEventList
 .text.vTaskPlaceOnEventListRestricted
                0x0000000000007608       0x72 ./FreeRTOS/tasks.o
                0x0000000000007608                vTaskPlaceOnEventListRestricted
 .text.xTaskRemoveFromEventList
                0x000000000000767a       0xdc ./FreeRTOS/tasks.o
                0x000000000000767a                xTaskRemoveFromEventList
 .text.vTaskInternalSetTimeOutState
                0x0000000000007756        0xe ./FreeRTOS/tasks.o
                0x0000000000007756                vTaskInternalSetTimeOutState
 .text.xTaskCheckForTimeOut
                0x0000000000007764       0xaa ./FreeRTOS/tasks.o
                0x0000000000007764                xTaskCheckForTimeOut
 .text.vTaskMissedYield
                0x000000000000780e        0x8 ./FreeRTOS/tasks.o
                0x000000000000780e                vTaskMissedYield
 .text.xTaskGetCurrentTaskHandle
                0x0000000000007816        0x6 ./FreeRTOS/tasks.o
                0x0000000000007816                xTaskGetCurrentTaskHandle
 .text.xTaskGetSchedulerState
                0x000000000000781c       0x14 ./FreeRTOS/tasks.o
                0x000000000000781c                xTaskGetSchedulerState
 .text.xTaskPriorityInherit
                0x0000000000007830       0xa6 ./FreeRTOS/tasks.o
                0x0000000000007830                xTaskPriorityInherit
 .text.xTaskPriorityDisinherit
                0x00000000000078d6       0xc2 ./FreeRTOS/tasks.o
                0x00000000000078d6                xTaskPriorityDisinherit
 .text.vTaskPriorityDisinheritAfterTimeout
                0x0000000000007998       0xde ./FreeRTOS/tasks.o
                0x0000000000007998                vTaskPriorityDisinheritAfterTimeout
 .text.pvTaskIncrementMutexHeldCount
                0x0000000000007a76       0x18 ./FreeRTOS/tasks.o
                0x0000000000007a76                pvTaskIncrementMutexHeldCount
 .text.ulTaskGenericNotifyTake
                0x0000000000007a8e       0xb4 ./FreeRTOS/tasks.o
                0x0000000000007a8e                ulTaskGenericNotifyTake
 .text.xTaskGenericNotifyWait
                0x0000000000007b42       0xe2 ./FreeRTOS/tasks.o
                0x0000000000007b42                xTaskGenericNotifyWait
 .text.xTaskGenericNotify
                0x0000000000007c24      0x1a8 ./FreeRTOS/tasks.o
                0x0000000000007c24                xTaskGenericNotify
 .text.xTaskGenericNotifyFromISR
                0x0000000000007dcc      0x1e0 ./FreeRTOS/tasks.o
                0x0000000000007dcc                xTaskGenericNotifyFromISR
 .text.ulTaskGenericNotifyValueClear
                0x0000000000007fac       0x3a ./FreeRTOS/tasks.o
                0x0000000000007fac                ulTaskGenericNotifyValueClear
 .text.prvCheckForValidListAndQueue
                0x0000000000007fe6       0x6a ./FreeRTOS/timers.o
 .text.prvInsertTimerInActiveList
                0x0000000000008050       0x3e ./FreeRTOS/timers.o
 .text.prvReloadTimer
                0x000000000000808e       0x2a ./FreeRTOS/timers.o
 .text.prvProcessExpiredTimer
                0x00000000000080b8       0x42 ./FreeRTOS/timers.o
 .text.prvSwitchTimerLists
                0x00000000000080fa       0x28 ./FreeRTOS/timers.o
 .text.prvTimerTask
                0x0000000000008122      0x188 ./FreeRTOS/timers.o
 .text.xTimerCreateTimerTask
                0x00000000000082aa       0x6e ./FreeRTOS/timers.o
                0x00000000000082aa                xTimerCreateTimerTask
 .text.vRCFilter
                0x0000000000008318       0x30 ./Drivers/filters.o
                0x0000000000008318                vRCFilter
 .text.vInitABFilter
                0x0000000000008348       0x22 ./Drivers/filters.o
                0x0000000000008348                vInitABFilter
 .text.vInitRunAverga
                0x000000000000836a        0x8 ./Drivers/filters.o
                0x000000000000836a                vInitRunAverga
 .text.vInitMedianFilter
                0x0000000000008372       0x12 ./Drivers/filters.o
                0x0000000000008372                vInitMedianFilter
 .text.MedianFilter
                0x0000000000008384       0x6e ./Drivers/filters.o
                0x0000000000008384                MedianFilter
 .text.Delay_Init
                0x00000000000083f2       0x2a ./Debug/debug.o
                0x00000000000083f2                Delay_Init
 .text.Delay_Ms
                0x000000000000841c       0x36 ./Debug/debug.o
                0x000000000000841c                Delay_Ms
 .text._write   0x0000000000008452       0x3e ./Debug/debug.o
                0x0000000000008452                _write
 .text._sbrk    0x0000000000008490       0x2a ./Debug/debug.o
                0x0000000000008490                _sbrk
 .text.prv_read_can_received_msg
                0x00000000000084ba       0x50 ./CANopenNode/keypad/CO_driver_ST32F103.o
                0x00000000000084ba                prv_read_can_received_msg
 .text.prv_send_can_message.isra.0
                0x000000000000850a       0x2c ./CANopenNode/keypad/CO_driver_ST32F103.o
 .text.CAN_SendMessage
                0x0000000000008536       0x66 ./CANopenNode/keypad/CO_driver_ST32F103.o
                0x0000000000008536                CAN_SendMessage
 .text.co_drv_create_os_objects
                0x000000000000859c       0x30 ./CANopenNode/keypad/CO_driver_ST32F103.o
                0x000000000000859c                co_drv_create_os_objects
 .text.co_drv_mutex_lock
                0x00000000000085cc       0x18 ./CANopenNode/keypad/CO_driver_ST32F103.o
                0x00000000000085cc                co_drv_mutex_lock
 .text.co_drv_mutex_unlock
                0x00000000000085e4       0x16 ./CANopenNode/keypad/CO_driver_ST32F103.o
                0x00000000000085e4                co_drv_mutex_unlock
 .text.CO_CANsetConfigurationMode
                0x00000000000085fa       0x10 ./CANopenNode/keypad/CO_driver_ST32F103.o
                0x00000000000085fa                CO_CANsetConfigurationMode
 .text.CO_CANsetNormalMode
                0x000000000000860a       0x1c ./CANopenNode/keypad/CO_driver_ST32F103.o
                0x000000000000860a                CO_CANsetNormalMode
 .text.CO_CANmodule_init
                0x0000000000008626      0x110 ./CANopenNode/keypad/CO_driver_ST32F103.o
                0x0000000000008626                CO_CANmodule_init
 .text.CO_CANmodule_disable
                0x0000000000008736       0x14 ./CANopenNode/keypad/CO_driver_ST32F103.o
                0x0000000000008736                CO_CANmodule_disable
 .text.CO_CANrxBufferInit
                0x000000000000874a       0x52 ./CANopenNode/keypad/CO_driver_ST32F103.o
                0x000000000000874a                CO_CANrxBufferInit
 .text.CO_CANtxBufferInit
                0x000000000000879c       0x3a ./CANopenNode/keypad/CO_driver_ST32F103.o
                0x000000000000879c                CO_CANtxBufferInit
 .text.CO_CANmodule_process
                0x00000000000087d6       0x12 ./CANopenNode/keypad/CO_driver_ST32F103.o
                0x00000000000087d6                CO_CANmodule_process
 .text.CO_CANsend
                0x00000000000087e8       0x46 ./CANopenNode/keypad/CO_driver_ST32F103.o
                0x00000000000087e8                CO_CANsend
 .text.CO_LSSslave_receive
                0x000000000000882e      0x1a8 ./CANopenNode/305/CO_LSSslave.o
 .text.CO_LSSslave_init
                0x00000000000089d6       0xa4 ./CANopenNode/305/CO_LSSslave.o
                0x00000000000089d6                CO_LSSslave_init
 .text.CO_LSSslave_process
                0x0000000000008a7a      0x1a2 ./CANopenNode/305/CO_LSSslave.o
                0x0000000000008a7a                CO_LSSslave_process
 .text.OD_write_1003
                0x0000000000008c1c       0x28 ./CANopenNode/301/CO_Emergency.o
 .text.OD_read_1003
                0x0000000000008c44       0x8c ./CANopenNode/301/CO_Emergency.o
 .text.OD_read_1014_default
                0x0000000000008cd0       0x50 ./CANopenNode/301/CO_Emergency.o
 .text.CO_EM_init
                0x0000000000008d20      0x112 ./CANopenNode/301/CO_Emergency.o
                0x0000000000008d20                CO_EM_init
 .text.CO_error
                0x0000000000008e32       0xc4 ./CANopenNode/301/CO_Emergency.o
                0x0000000000008e32                CO_error
 .text.CO_EM_process
                0x0000000000008ef6      0x182 ./CANopenNode/301/CO_Emergency.o
                0x0000000000008ef6                CO_EM_process
 .text.CO_NMT_receive
                0x0000000000009078       0x18 ./CANopenNode/301/CO_NMT_Heartbeat.o
 .text.OD_write_1017
                0x0000000000009090       0x48 ./CANopenNode/301/CO_NMT_Heartbeat.o
 .text.CO_NMT_init
                0x00000000000090d8       0xec ./CANopenNode/301/CO_NMT_Heartbeat.o
                0x00000000000090d8                CO_NMT_init
 .text.CO_NMT_process
                0x00000000000091c4      0x106 ./CANopenNode/301/CO_NMT_Heartbeat.o
                0x00000000000091c4                CO_NMT_process
 .text.OD_readDisabled
                0x00000000000092ca        0x4 ./CANopenNode/301/CO_ODinterface.o
 .text.OD_readOriginal
                0x00000000000092ce       0x50 ./CANopenNode/301/CO_ODinterface.o
                0x00000000000092ce                OD_readOriginal
 .text.OD_writeOriginal
                0x000000000000931e       0x54 ./CANopenNode/301/CO_ODinterface.o
                0x000000000000931e                OD_writeOriginal
 .text.OD_writeDisabled
                0x0000000000009372        0x4 ./CANopenNode/301/CO_ODinterface.o
 .text.OD_find  0x0000000000009376       0x70 ./CANopenNode/301/CO_ODinterface.o
                0x0000000000009376                OD_find
 .text.OD_getSub
                0x00000000000093e6       0xf6 ./CANopenNode/301/CO_ODinterface.o
                0x00000000000093e6                OD_getSub
 .text.OD_getSDOabCode
                0x00000000000094dc       0x20 ./CANopenNode/301/CO_ODinterface.o
                0x00000000000094dc                OD_getSDOabCode
 .text.OD_get_value
                0x00000000000094fc       0x34 ./CANopenNode/301/CO_ODinterface.o
                0x00000000000094fc                OD_get_value
 .text.OD_set_value
                0x0000000000009530       0x2e ./CANopenNode/301/CO_ODinterface.o
                0x0000000000009530                OD_set_value
 .text.OD_getPtr
                0x000000000000955e       0x3c ./CANopenNode/301/CO_ODinterface.o
                0x000000000000955e                OD_getPtr
 .text.OD_write_dummy
                0x000000000000959a        0x8 ./CANopenNode/301/CO_PDO.o
 .text.OD_read_dummy
                0x00000000000095a2       0x2e ./CANopenNode/301/CO_PDO.o
 .text.PDOconfigMap
                0x00000000000095d0      0x100 ./CANopenNode/301/CO_PDO.o
 .text.CO_PDO_receive
                0x00000000000096d0       0x48 ./CANopenNode/301/CO_PDO.o
 .text.OD_read_PDO_commParam
                0x0000000000009718       0x70 ./CANopenNode/301/CO_PDO.o
 .text.PDO_initMapping.constprop.3
                0x0000000000009788       0xe6 ./CANopenNode/301/CO_PDO.o
 .text.OD_write_PDO_mapping
                0x000000000000986e       0xb4 ./CANopenNode/301/CO_PDO.o
 .text.OD_write_18xx
                0x0000000000009922      0x184 ./CANopenNode/301/CO_PDO.o
 .text.OD_write_14xx
                0x0000000000009aa6      0x15a ./CANopenNode/301/CO_PDO.o
 .text.CO_RPDO_init
                0x0000000000009c00      0x172 ./CANopenNode/301/CO_PDO.o
                0x0000000000009c00                CO_RPDO_init
 .text.CO_RPDO_process
                0x0000000000009d72      0x114 ./CANopenNode/301/CO_PDO.o
                0x0000000000009d72                CO_RPDO_process
 .text.CO_TPDO_init
                0x0000000000009e86      0x1d2 ./CANopenNode/301/CO_PDO.o
                0x0000000000009e86                CO_TPDO_init
 .text.CO_TPDO_process
                0x000000000000a058      0x15e ./CANopenNode/301/CO_PDO.o
                0x000000000000a058                CO_TPDO_process
 .text.CO_SDOserver_init_canRxTx
                0x000000000000a1b6       0x82 ./CANopenNode/301/CO_SDOserver.o
 .text.CO_SDO_receive
                0x000000000000a238       0x38 ./CANopenNode/301/CO_SDOserver.o
 .text.readFromOd.isra.1.constprop.5
                0x000000000000a270       0xe2 ./CANopenNode/301/CO_SDOserver.o
 .text.OD_write_1201_additional
                0x000000000000a352      0x158 ./CANopenNode/301/CO_SDOserver.o
 .text.CO_SDOserver_init
                0x000000000000a4aa      0x172 ./CANopenNode/301/CO_SDOserver.o
                0x000000000000a4aa                CO_SDOserver_init
 .text.CO_SDOserver_process
                0x000000000000a61c      0x5e8 ./CANopenNode/301/CO_SDOserver.o
                0x000000000000a61c                CO_SDOserver_process
 .text.CO_delete
                0x000000000000ac04       0x56 ./CANopenNode/CANopen.o
                0x000000000000ac04                CO_delete
 .text.CO_new   0x000000000000ac5a      0x102 ./CANopenNode/CANopen.o
                0x000000000000ac5a                CO_new
 .text.CO_CANinit
                0x000000000000ad5c       0x36 ./CANopenNode/CANopen.o
                0x000000000000ad5c                CO_CANinit
 .text.CO_LSSinit
                0x000000000000ad92       0x32 ./CANopenNode/CANopen.o
                0x000000000000ad92                CO_LSSinit
 .text.CO_CANopenInit
                0x000000000000adc4       0xb8 ./CANopenNode/CANopen.o
                0x000000000000adc4                CO_CANopenInit
 .text.CO_CANopenInitPDO
                0x000000000000ae7c       0xea ./CANopenNode/CANopen.o
                0x000000000000ae7c                CO_CANopenInitPDO
 .text.CO_process
                0x000000000000af66       0x7e ./CANopenNode/CANopen.o
                0x000000000000af66                CO_process
 .text.CO_process_RPDO
                0x000000000000afe4       0x40 ./CANopenNode/CANopen.o
                0x000000000000afe4                CO_process_RPDO
 .text.CO_process_TPDO
                0x000000000000b024       0x40 ./CANopenNode/CANopen.o
                0x000000000000b024                CO_process_TPDO
 .text.__addsf3
                0x000000000000b064      0x36a c:/mounriver/mounriver_studio/toolchain/risc-v embedded gcc/bin/../lib/gcc/riscv-none-embed/8.2.0/rv32imacxw/ilp32\libgcc.a(addsf3.o)
                0x000000000000b064                __addsf3
 .text.__divsf3
                0x000000000000b3ce      0x2b2 c:/mounriver/mounriver_studio/toolchain/risc-v embedded gcc/bin/../lib/gcc/riscv-none-embed/8.2.0/rv32imacxw/ilp32\libgcc.a(divsf3.o)
                0x000000000000b3ce                __divsf3
 .text.__gesf2  0x000000000000b680       0x86 c:/mounriver/mounriver_studio/toolchain/risc-v embedded gcc/bin/../lib/gcc/riscv-none-embed/8.2.0/rv32imacxw/ilp32\libgcc.a(gesf2.o)
                0x000000000000b680                __gesf2
                0x000000000000b680                __gtsf2
 .text.__lesf2  0x000000000000b706       0x8c c:/mounriver/mounriver_studio/toolchain/risc-v embedded gcc/bin/../lib/gcc/riscv-none-embed/8.2.0/rv32imacxw/ilp32\libgcc.a(lesf2.o)
                0x000000000000b706                __ltsf2
                0x000000000000b706                __lesf2
 .text.__mulsf3
                0x000000000000b792      0x290 c:/mounriver/mounriver_studio/toolchain/risc-v embedded gcc/bin/../lib/gcc/riscv-none-embed/8.2.0/rv32imacxw/ilp32\libgcc.a(mulsf3.o)
                0x000000000000b792                __mulsf3
 .text.__subsf3
                0x000000000000ba22      0x388 c:/mounriver/mounriver_studio/toolchain/risc-v embedded gcc/bin/../lib/gcc/riscv-none-embed/8.2.0/rv32imacxw/ilp32\libgcc.a(subsf3.o)
                0x000000000000ba22                __subsf3
 .text.__fixsfsi
                0x000000000000bdaa       0x62 c:/mounriver/mounriver_studio/toolchain/risc-v embedded gcc/bin/../lib/gcc/riscv-none-embed/8.2.0/rv32imacxw/ilp32\libgcc.a(fixsfsi.o)
                0x000000000000bdaa                __fixsfsi
 .text.__fixunssfsi
                0x000000000000be0c       0x56 c:/mounriver/mounriver_studio/toolchain/risc-v embedded gcc/bin/../lib/gcc/riscv-none-embed/8.2.0/rv32imacxw/ilp32\libgcc.a(fixunssfsi.o)
                0x000000000000be0c                __fixunssfsi
 .text.__floatsisf
                0x000000000000be62       0xc6 c:/mounriver/mounriver_studio/toolchain/risc-v embedded gcc/bin/../lib/gcc/riscv-none-embed/8.2.0/rv32imacxw/ilp32\libgcc.a(floatsisf.o)
                0x000000000000be62                __floatsisf
 .text.__floatunsisf
                0x000000000000bf28       0xce c:/mounriver/mounriver_studio/toolchain/risc-v embedded gcc/bin/../lib/gcc/riscv-none-embed/8.2.0/rv32imacxw/ilp32\libgcc.a(floatunsisf.o)
                0x000000000000bf28                __floatunsisf
 .text.__clzsi2
                0x000000000000bff6       0x6e c:/mounriver/mounriver_studio/toolchain/risc-v embedded gcc/bin/../lib/gcc/riscv-none-embed/8.2.0/rv32imacxw/ilp32\libgcc.a(_clzsi2.o)
                0x000000000000bff6                __clzsi2
 .text.calloc   0x000000000000c064        0xc c:/mounriver/mounriver_studio/toolchain/risc-v embedded gcc/bin/../lib/gcc/riscv-none-embed/8.2.0/../../../../riscv-none-embed/lib/rv32imacxw/ilp32\libg_nano.a(lib_a-calloc.o)
                0x000000000000c064                calloc
 .text.free     0x000000000000c070        0xa c:/mounriver/mounriver_studio/toolchain/risc-v embedded gcc/bin/../lib/gcc/riscv-none-embed/8.2.0/../../../../riscv-none-embed/lib/rv32imacxw/ilp32\libg_nano.a(lib_a-malloc.o)
                0x000000000000c070                free
 .text.memcpy   0x000000000000c07a       0xb2 c:/mounriver/mounriver_studio/toolchain/risc-v embedded gcc/bin/../lib/gcc/riscv-none-embed/8.2.0/../../../../riscv-none-embed/lib/rv32imacxw/ilp32\libg_nano.a(lib_a-memcpy.o)
                0x000000000000c07a                memcpy
 .text.memmove  0x000000000000c12c       0x46 c:/mounriver/mounriver_studio/toolchain/risc-v embedded gcc/bin/../lib/gcc/riscv-none-embed/8.2.0/../../../../riscv-none-embed/lib/rv32imacxw/ilp32\libg_nano.a(lib_a-memmove.o)
                0x000000000000c12c                memmove
 .text._calloc_r
                0x000000000000c172       0x26 c:/mounriver/mounriver_studio/toolchain/risc-v embedded gcc/bin/../lib/gcc/riscv-none-embed/8.2.0/../../../../riscv-none-embed/lib/rv32imacxw/ilp32\libg_nano.a(lib_a-nano-callocr.o)
                0x000000000000c172                _calloc_r
 .text._free_r  0x000000000000c198       0xa4 c:/mounriver/mounriver_studio/toolchain/risc-v embedded gcc/bin/../lib/gcc/riscv-none-embed/8.2.0/../../../../riscv-none-embed/lib/rv32imacxw/ilp32\libg_nano.a(lib_a-nano-freer.o)
                0x000000000000c198                _free_r
 .text._malloc_r
                0x000000000000c23c       0xce c:/mounriver/mounriver_studio/toolchain/risc-v embedded gcc/bin/../lib/gcc/riscv-none-embed/8.2.0/../../../../riscv-none-embed/lib/rv32imacxw/ilp32\libg_nano.a(lib_a-nano-mallocr.o)
                0x000000000000c23c                _malloc_r
 .text.printf   0x000000000000c30a       0x3e c:/mounriver/mounriver_studio/toolchain/risc-v embedded gcc/bin/../lib/gcc/riscv-none-embed/8.2.0/../../../../riscv-none-embed/lib/rv32imacxw/ilp32\libg_nano.a(lib_a-printf.o)
                0x000000000000c30a                iprintf
                0x000000000000c30a                printf
 .text._sbrk_r  0x000000000000c348       0x32 c:/mounriver/mounriver_studio/toolchain/risc-v embedded gcc/bin/../lib/gcc/riscv-none-embed/8.2.0/../../../../riscv-none-embed/lib/rv32imacxw/ilp32\libg_nano.a(lib_a-sbrkr.o)
                0x000000000000c348                _sbrk_r
 .text.strlen   0x000000000000c37a       0x12 c:/mounriver/mounriver_studio/toolchain/risc-v embedded gcc/bin/../lib/gcc/riscv-none-embed/8.2.0/../../../../riscv-none-embed/lib/rv32imacxw/ilp32\libg_nano.a(lib_a-strlen.o)
                0x000000000000c37a                strlen
 .text.std      0x000000000000c38c       0x66 c:/mounriver/mounriver_studio/toolchain/risc-v embedded gcc/bin/../lib/gcc/riscv-none-embed/8.2.0/../../../../riscv-none-embed/lib/rv32imacxw/ilp32\libg_nano.a(lib_a-findfp.o)
 .text._cleanup_r
                0x000000000000c3f2        0xa c:/mounriver/mounriver_studio/toolchain/risc-v embedded gcc/bin/../lib/gcc/riscv-none-embed/8.2.0/../../../../riscv-none-embed/lib/rv32imacxw/ilp32\libg_nano.a(lib_a-findfp.o)
                0x000000000000c3f2                _cleanup_r
 .text.__sfmoreglue
                0x000000000000c3fc       0x48 c:/mounriver/mounriver_studio/toolchain/risc-v embedded gcc/bin/../lib/gcc/riscv-none-embed/8.2.0/../../../../riscv-none-embed/lib/rv32imacxw/ilp32\libg_nano.a(lib_a-findfp.o)
                0x000000000000c3fc                __sfmoreglue
 .text.__sinit  0x000000000000c444       0x6c c:/mounriver/mounriver_studio/toolchain/risc-v embedded gcc/bin/../lib/gcc/riscv-none-embed/8.2.0/../../../../riscv-none-embed/lib/rv32imacxw/ilp32\libg_nano.a(lib_a-findfp.o)
                0x000000000000c444                __sinit
 .text.__sfp    0x000000000000c4b0       0xa0 c:/mounriver/mounriver_studio/toolchain/risc-v embedded gcc/bin/../lib/gcc/riscv-none-embed/8.2.0/../../../../riscv-none-embed/lib/rv32imacxw/ilp32\libg_nano.a(lib_a-findfp.o)
                0x000000000000c4b0                __sfp
 .text._fwalk_reent
                0x000000000000c550       0x6a c:/mounriver/mounriver_studio/toolchain/risc-v embedded gcc/bin/../lib/gcc/riscv-none-embed/8.2.0/../../../../riscv-none-embed/lib/rv32imacxw/ilp32\libg_nano.a(lib_a-fwalk.o)
                0x000000000000c550                _fwalk_reent
 .text.__malloc_lock
                0x000000000000c5ba        0x2 c:/mounriver/mounriver_studio/toolchain/risc-v embedded gcc/bin/../lib/gcc/riscv-none-embed/8.2.0/../../../../riscv-none-embed/lib/rv32imacxw/ilp32\libg_nano.a(lib_a-mlock.o)
                0x000000000000c5ba                __malloc_lock
 .text.__malloc_unlock
                0x000000000000c5bc        0x2 c:/mounriver/mounriver_studio/toolchain/risc-v embedded gcc/bin/../lib/gcc/riscv-none-embed/8.2.0/../../../../riscv-none-embed/lib/rv32imacxw/ilp32\libg_nano.a(lib_a-mlock.o)
                0x000000000000c5bc                __malloc_unlock
 .text.__sfputc_r
                0x000000000000c5be       0x26 c:/mounriver/mounriver_studio/toolchain/risc-v embedded gcc/bin/../lib/gcc/riscv-none-embed/8.2.0/../../../../riscv-none-embed/lib/rv32imacxw/ilp32\libg_nano.a(lib_a-nano-vfprintf.o)
 .text.__sfputs_r
                0x000000000000c5e4       0x42 c:/mounriver/mounriver_studio/toolchain/risc-v embedded gcc/bin/../lib/gcc/riscv-none-embed/8.2.0/../../../../riscv-none-embed/lib/rv32imacxw/ilp32\libg_nano.a(lib_a-nano-vfprintf.o)
                0x000000000000c5e4                __sfputs_r
 .text._vfprintf_r
                0x000000000000c626      0x28c c:/mounriver/mounriver_studio/toolchain/risc-v embedded gcc/bin/../lib/gcc/riscv-none-embed/8.2.0/../../../../riscv-none-embed/lib/rv32imacxw/ilp32\libg_nano.a(lib_a-nano-vfprintf.o)
                0x000000000000c626                _vfprintf_r
                0x000000000000c626                _vfiprintf_r
 .text._printf_common
                0x000000000000c8b2      0x10c c:/mounriver/mounriver_studio/toolchain/risc-v embedded gcc/bin/../lib/gcc/riscv-none-embed/8.2.0/../../../../riscv-none-embed/lib/rv32imacxw/ilp32\libg_nano.a(lib_a-nano-vfprintf_i.o)
                0x000000000000c8b2                _printf_common
 .text._printf_i
                0x000000000000c9be      0x2a2 c:/mounriver/mounriver_studio/toolchain/risc-v embedded gcc/bin/../lib/gcc/riscv-none-embed/8.2.0/../../../../riscv-none-embed/lib/rv32imacxw/ilp32\libg_nano.a(lib_a-nano-vfprintf_i.o)
                0x000000000000c9be                _printf_i
 .text.__sread  0x000000000000cc60       0x2c c:/mounriver/mounriver_studio/toolchain/risc-v embedded gcc/bin/../lib/gcc/riscv-none-embed/8.2.0/../../../../riscv-none-embed/lib/rv32imacxw/ilp32\libg_nano.a(lib_a-stdio.o)
                0x000000000000cc60                __sread
 .text.__swrite
                0x000000000000cc8c       0x48 c:/mounriver/mounriver_studio/toolchain/risc-v embedded gcc/bin/../lib/gcc/riscv-none-embed/8.2.0/../../../../riscv-none-embed/lib/rv32imacxw/ilp32\libg_nano.a(lib_a-stdio.o)
                0x000000000000cc8c                __swrite
 .text.__sseek  0x000000000000ccd4       0x30 c:/mounriver/mounriver_studio/toolchain/risc-v embedded gcc/bin/../lib/gcc/riscv-none-embed/8.2.0/../../../../riscv-none-embed/lib/rv32imacxw/ilp32\libg_nano.a(lib_a-stdio.o)
                0x000000000000ccd4                __sseek
 .text.__sclose
                0x000000000000cd04        0x6 c:/mounriver/mounriver_studio/toolchain/risc-v embedded gcc/bin/../lib/gcc/riscv-none-embed/8.2.0/../../../../riscv-none-embed/lib/rv32imacxw/ilp32\libg_nano.a(lib_a-stdio.o)
                0x000000000000cd04                __sclose
 .text.__swbuf_r
                0x000000000000cd0a       0xbe c:/mounriver/mounriver_studio/toolchain/risc-v embedded gcc/bin/../lib/gcc/riscv-none-embed/8.2.0/../../../../riscv-none-embed/lib/rv32imacxw/ilp32\libg_nano.a(lib_a-wbuf.o)
                0x000000000000cd0a                __swbuf_r
 .text._write_r
                0x000000000000cdc8       0x36 c:/mounriver/mounriver_studio/toolchain/risc-v embedded gcc/bin/../lib/gcc/riscv-none-embed/8.2.0/../../../../riscv-none-embed/lib/rv32imacxw/ilp32\libg_nano.a(lib_a-writer.o)
                0x000000000000cdc8                _write_r
 .text.__swsetup_r
                0x000000000000cdfe      0x100 c:/mounriver/mounriver_studio/toolchain/risc-v embedded gcc/bin/../lib/gcc/riscv-none-embed/8.2.0/../../../../riscv-none-embed/lib/rv32imacxw/ilp32\libg_nano.a(lib_a-wsetup.o)
                0x000000000000cdfe                __swsetup_r
 .text._close_r
                0x000000000000cefe       0x30 c:/mounriver/mounriver_studio/toolchain/risc-v embedded gcc/bin/../lib/gcc/riscv-none-embed/8.2.0/../../../../riscv-none-embed/lib/rv32imacxw/ilp32\libg_nano.a(lib_a-closer.o)
                0x000000000000cefe                _close_r
 .text.__sflush_r
                0x000000000000cf2e      0x132 c:/mounriver/mounriver_studio/toolchain/risc-v embedded gcc/bin/../lib/gcc/riscv-none-embed/8.2.0/../../../../riscv-none-embed/lib/rv32imacxw/ilp32\libg_nano.a(lib_a-fflush.o)
                0x000000000000cf2e                __sflush_r
 .text._fflush_r
                0x000000000000d060       0x68 c:/mounriver/mounriver_studio/toolchain/risc-v embedded gcc/bin/../lib/gcc/riscv-none-embed/8.2.0/../../../../riscv-none-embed/lib/rv32imacxw/ilp32\libg_nano.a(lib_a-fflush.o)
                0x000000000000d060                _fflush_r
 .text._lseek_r
                0x000000000000d0c8       0x34 c:/mounriver/mounriver_studio/toolchain/risc-v embedded gcc/bin/../lib/gcc/riscv-none-embed/8.2.0/../../../../riscv-none-embed/lib/rv32imacxw/ilp32\libg_nano.a(lib_a-lseekr.o)
                0x000000000000d0c8                _lseek_r
 .text.__swhatbuf_r
                0x000000000000d0fc       0x56 c:/mounriver/mounriver_studio/toolchain/risc-v embedded gcc/bin/../lib/gcc/riscv-none-embed/8.2.0/../../../../riscv-none-embed/lib/rv32imacxw/ilp32\libg_nano.a(lib_a-makebuf.o)
                0x000000000000d0fc                __swhatbuf_r
 .text.__smakebuf_r
                0x000000000000d152       0x92 c:/mounriver/mounriver_studio/toolchain/risc-v embedded gcc/bin/../lib/gcc/riscv-none-embed/8.2.0/../../../../riscv-none-embed/lib/rv32imacxw/ilp32\libg_nano.a(lib_a-makebuf.o)
                0x000000000000d152                __smakebuf_r
 .text.memchr   0x000000000000d1e4       0x18 c:/mounriver/mounriver_studio/toolchain/risc-v embedded gcc/bin/../lib/gcc/riscv-none-embed/8.2.0/../../../../riscv-none-embed/lib/rv32imacxw/ilp32\libg_nano.a(lib_a-memchr.o)
                0x000000000000d1e4                memchr
 .text._read_r  0x000000000000d1fc       0x34 c:/mounriver/mounriver_studio/toolchain/risc-v embedded gcc/bin/../lib/gcc/riscv-none-embed/8.2.0/../../../../riscv-none-embed/lib/rv32imacxw/ilp32\libg_nano.a(lib_a-readr.o)
                0x000000000000d1fc                _read_r
 .text._fstat_r
                0x000000000000d230       0x32 c:/mounriver/mounriver_studio/toolchain/risc-v embedded gcc/bin/../lib/gcc/riscv-none-embed/8.2.0/../../../../riscv-none-embed/lib/rv32imacxw/ilp32\libg_nano.a(lib_a-fstatr.o)
                0x000000000000d230                _fstat_r
 .text._isatty_r
                0x000000000000d262       0x30 c:/mounriver/mounriver_studio/toolchain/risc-v embedded gcc/bin/../lib/gcc/riscv-none-embed/8.2.0/../../../../riscv-none-embed/lib/rv32imacxw/ilp32\libg_nano.a(lib_a-isattyr.o)
                0x000000000000d262                _isatty_r
 .text._close   0x000000000000d292       0x10 c:/mounriver/mounriver_studio/toolchain/risc-v embedded gcc/bin/../lib/gcc/riscv-none-embed/8.2.0/../../../../riscv-none-embed/lib/rv32imacxw/ilp32\libnosys.a(close.o)
                0x000000000000d292                _close
 .text._fstat   0x000000000000d2a2       0x10 c:/mounriver/mounriver_studio/toolchain/risc-v embedded gcc/bin/../lib/gcc/riscv-none-embed/8.2.0/../../../../riscv-none-embed/lib/rv32imacxw/ilp32\libnosys.a(fstat.o)
                0x000000000000d2a2                _fstat
 .text._isatty  0x000000000000d2b2       0x10 c:/mounriver/mounriver_studio/toolchain/risc-v embedded gcc/bin/../lib/gcc/riscv-none-embed/8.2.0/../../../../riscv-none-embed/lib/rv32imacxw/ilp32\libnosys.a(isatty.o)
                0x000000000000d2b2                _isatty
 .text._lseek   0x000000000000d2c2       0x10 c:/mounriver/mounriver_studio/toolchain/risc-v embedded gcc/bin/../lib/gcc/riscv-none-embed/8.2.0/../../../../riscv-none-embed/lib/rv32imacxw/ilp32\libnosys.a(lseek.o)
                0x000000000000d2c2                _lseek
 .text._read    0x000000000000d2d2       0x10 c:/mounriver/mounriver_studio/toolchain/risc-v embedded gcc/bin/../lib/gcc/riscv-none-embed/8.2.0/../../../../riscv-none-embed/lib/rv32imacxw/ilp32\libnosys.a(read.o)
                0x000000000000d2d2                _read
 *(.rodata)
 *(.rodata*)
 *fill*         0x000000000000d2e2        0x2 
 .rodata.CalPoint
                0x000000000000d2e4       0x48 ./User/DataModel.o
 .rodata.bitrate_table
                0x000000000000d32c       0x10 ./User/DataModel.o
 .rodata.seg_const
                0x000000000000d33c       0x12 ./User/DataModel.o
 *fill*         0x000000000000d34e        0x2 
 .rodata.vIncrementSystemCounters.cst4
                0x000000000000d350        0x8 ./User/DataModel.o
 .rodata.getODValue
                0x000000000000d358       0x74 ./User/dash_draw.o
 .rodata.MenuStateCross
                0x000000000000d3cc       0x14 ./User/dash_draw.o
 .rodata.dm     0x000000000000d3e0       0x3f ./User/dash_draw.o
 *fill*         0x000000000000d41f        0x1 
 .rodata.getODValue.cst4
                0x000000000000d420        0x4 ./User/dash_draw.o
                                          0x8 (size before relaxing)
 .rodata.vBarColorMode.cst4
                0x000000000000d424        0x4 ./User/dash_draw.o
 .rodata.ADC_FSM.cst4
                0x000000000000d428       0x14 ./User/inputs.o
 .rodata.vInputsTask.cst4
                0x000000000000d43c        0xc ./User/inputs.o
 .rodata.SetSegDirect
                0x000000000000d448       0x1c ./User/led.o
 .rodata.Brigth
                0x000000000000d464       0x1e ./User/led.o
 *fill*         0x000000000000d482        0x2 
 .rodata.DigitMask
                0x000000000000d484        0xa ./User/led.o
                0x000000000000d484                DigitMask
 *fill*         0x000000000000d48e        0x2 
 .rodata.offset_mask
                0x000000000000d490        0xe ./User/led.o
 *fill*         0x000000000000d49e        0x2 
 .rodata.step_mask
                0x000000000000d4a0        0xe ./User/led.o
 *fill*         0x000000000000d4ae        0x2 
 .rodata.OD_ADC1_CAL_extension
                0x000000000000d4b0       0x10 ./User/process.o
                0x000000000000d4b0                OD_ADC1_CAL_extension
 .rodata.OD_ADC2_CAL_extension
                0x000000000000d4c0       0x10 ./User/process.o
                0x000000000000d4c0                OD_ADC2_CAL_extension
 .rodata.OD_ADC3_CAL_extension
                0x000000000000d4d0       0x10 ./User/process.o
                0x000000000000d4d0                OD_ADC3_CAL_extension
 .rodata.OD_AIN_RPM_extension
                0x000000000000d4e0       0x10 ./User/process.o
                0x000000000000d4e0                OD_AIN_RPM_extension
 .rodata.OD_BAR_extension
                0x000000000000d4f0       0x10 ./User/process.o
                0x000000000000d4f0                OD_BAR_extension
 .rodata.OD_BOARD_SETTINGS_extension
                0x000000000000d500       0x10 ./User/process.o
                0x000000000000d500                OD_BOARD_SETTINGS_extension
 .rodata.OD_DASH_PARAM_extension
                0x000000000000d510       0x10 ./User/process.o
                0x000000000000d510                OD_DASH_PARAM_extension
 .rodata.OD_DIN_extension
                0x000000000000d520       0x10 ./User/process.o
                0x000000000000d520                OD_DIN_extension
 .rodata.OD_MENU_MAP_extension
                0x000000000000d530       0x10 ./User/process.o
                0x000000000000d530                OD_MENU_MAP_extension
 .rodata.OD_MENU_SETUP_extension
                0x000000000000d540       0x10 ./User/process.o
                0x000000000000d540                OD_MENU_SETUP_extension
 .rodata.OD_RGB10_extension
                0x000000000000d550       0x10 ./User/process.o
                0x000000000000d550                OD_RGB10_extension
 .rodata.OD_RGB11_extension
                0x000000000000d560       0x10 ./User/process.o
                0x000000000000d560                OD_RGB11_extension
 .rodata.OD_RGB12_extension
                0x000000000000d570       0x10 ./User/process.o
                0x000000000000d570                OD_RGB12_extension
 .rodata.OD_RGB13_extension
                0x000000000000d580       0x10 ./User/process.o
                0x000000000000d580                OD_RGB13_extension
 .rodata.OD_RGB1_extension
                0x000000000000d590       0x10 ./User/process.o
                0x000000000000d590                OD_RGB1_extension
 .rodata.OD_RGB2_extension
                0x000000000000d5a0       0x10 ./User/process.o
                0x000000000000d5a0                OD_RGB2_extension
 .rodata.OD_RGB3_extension
                0x000000000000d5b0       0x10 ./User/process.o
                0x000000000000d5b0                OD_RGB3_extension
 .rodata.OD_RGB4_extension
                0x000000000000d5c0       0x10 ./User/process.o
                0x000000000000d5c0                OD_RGB4_extension
 .rodata.OD_RGB5_extension
                0x000000000000d5d0       0x10 ./User/process.o
                0x000000000000d5d0                OD_RGB5_extension
 .rodata.OD_RGB6_extension
                0x000000000000d5e0       0x10 ./User/process.o
                0x000000000000d5e0                OD_RGB6_extension
 .rodata.OD_RGB7_extension
                0x000000000000d5f0       0x10 ./User/process.o
                0x000000000000d5f0                OD_RGB7_extension
 .rodata.OD_RGB8_extension
                0x000000000000d600       0x10 ./User/process.o
                0x000000000000d600                OD_RGB8_extension
 .rodata.OD_RGB9_extension
                0x000000000000d610       0x10 ./User/process.o
                0x000000000000d610                OD_RGB9_extension
 .rodata.OD_RGBMAP_extension
                0x000000000000d620       0x10 ./User/process.o
                0x000000000000d620                OD_RGBMAP_extension
 .rodata.OD_RPMCONFIG_extension
                0x000000000000d630       0x10 ./User/process.o
                0x000000000000d630                OD_RPMCONFIG_extension
 .rodata.OD_SEG_extension
                0x000000000000d640       0x10 ./User/process.o
                0x000000000000d640                OD_SEG_extension
 .rodata.OD_VRegiters_extension
                0x000000000000d650       0x10 ./User/process.o
                0x000000000000d650                OD_VRegiters_extension
 .rodata.writeADC.isra.9.cst4
                0x000000000000d660        0x4 ./User/process.o
 .rodata.vSYStaskInit.str1.4
                0x000000000000d660       0x44 ./User/system_init.o
 .rodata.GetRPM.cst4
                0x000000000000d6a4        0x8 ./HWLIB/hw_lib_din.o
 .rodata.vSetRPMConfig.cst4
                0x000000000000d6ac        0x4 ./HWLIB/hw_lib_din.o
 .rodata.ADC_chennel_ref
                0x000000000000d6b0       0x12 ./HAL/hal_adc.o
 *fill*         0x000000000000d6c2        0x2 
 .rodata.I2C_FSM
                0x000000000000d6c4       0x30 ./HAL/hal_i2c.o
 .rodata.timers
                0x000000000000d6f4       0x10 ./HAL/hal_timers.o
 .rodata.pvPortMalloc.str1.4
                0x000000000000d704       0x49 ./FreeRTOS/portable/MemMang/heap_4.o
 *fill*         0x000000000000d74d        0x3 
 .rodata.xPortStartScheduler.str1.4
                0x000000000000d750       0x27 ./FreeRTOS/portable/GCC/RISC-V/port.o
                                         0x49 (size before relaxing)
 *fill*         0x000000000000d777        0x1 
 .rodata.xQueueGenericReset.str1.4
                0x000000000000d778       0x14 ./FreeRTOS/queue.o
                                         0x35 (size before relaxing)
 .rodata.xTaskGenericNotify
                0x000000000000d78c       0x14 ./FreeRTOS/tasks.o
 .rodata.xTaskGenericNotifyFromISR
                0x000000000000d7a0       0x14 ./FreeRTOS/tasks.o
 .rodata.prvTaskIsTaskSuspended.str1.4
                0x000000000000d7b4       0x14 ./FreeRTOS/tasks.o
                                         0x35 (size before relaxing)
 .rodata.vTaskStartScheduler.str1.4
                0x000000000000d7c8        0x5 ./FreeRTOS/tasks.o
 *fill*         0x000000000000d7cd        0x3 
 .rodata.prvTimerTask
                0x000000000000d7d0       0x24 ./FreeRTOS/timers.o
 .rodata.prvCheckForValidListAndQueue.str1.4
                0x000000000000d7f4        0x5 ./FreeRTOS/timers.o
 *fill*         0x000000000000d7f9        0x3 
 .rodata.prvTimerTask.str1.4
                0x000000000000d7fc       0x15 ./FreeRTOS/timers.o
                                         0x39 (size before relaxing)