Archive member included to satisfy reference by file (symbol)

c:/mounriver/mounriver_studio/toolchain/risc-v embedded gcc/bin/../lib/gcc/riscv-none-embed/8.2.0/rv32imacxw/ilp32\libgcc.a(addsf3.o)
                              ./User/DataModel.o (__addsf3)
c:/mounriver/mounriver_studio/toolchain/risc-v embedded gcc/bin/../lib/gcc/riscv-none-embed/8.2.0/rv32imacxw/ilp32\libgcc.a(divsf3.o)
                              ./User/DataModel.o (__divsf3)
c:/mounriver/mounriver_studio/toolchain/risc-v embedded gcc/bin/../lib/gcc/riscv-none-embed/8.2.0/rv32imacxw/ilp32\libgcc.a(eqsf2.o)
                              ./HWLIB/hw_lib_din.o (__nesf2)
c:/mounriver/mounriver_studio/toolchain/risc-v embedded gcc/bin/../lib/gcc/riscv-none-embed/8.2.0/rv32imacxw/ilp32\libgcc.a(gesf2.o)
                              ./User/inputs.o (__gesf2)
c:/mounriver/mounriver_studio/toolchain/risc-v embedded gcc/bin/../lib/gcc/riscv-none-embed/8.2.0/rv32imacxw/ilp32\libgcc.a(lesf2.o)
                              ./HWLIB/hw_lib_adc.o (__lesf2)
c:/mounriver/mounriver_studio/toolchain/risc-v embedded gcc/bin/../lib/gcc/riscv-none-embed/8.2.0/rv32imacxw/ilp32\libgcc.a(mulsf3.o)
                              ./User/dash_draw.o (__mulsf3)
c:/mounriver/mounriver_studio/toolchain/risc-v embedded gcc/bin/../lib/gcc/riscv-none-embed/8.2.0/rv32imacxw/ilp32\libgcc.a(subsf3.o)
                              ./User/inputs.o (__subsf3)
c:/mounriver/mounriver_studio/toolchain/risc-v embedded gcc/bin/../lib/gcc/riscv-none-embed/8.2.0/rv32imacxw/ilp32\libgcc.a(fixsfsi.o)
                              ./User/dash_draw.o (__fixsfsi)
c:/mounriver/mounriver_studio/toolchain/risc-v embedded gcc/bin/../lib/gcc/riscv-none-embed/8.2.0/rv32imacxw/ilp32\libgcc.a(fixunssfsi.o)
                              ./User/DataModel.o (__fixunssfsi)
c:/mounriver/mounriver_studio/toolchain/risc-v embedded gcc/bin/../lib/gcc/riscv-none-embed/8.2.0/rv32imacxw/ilp32\libgcc.a(floatsisf.o)
                              ./User/DataModel.o (__floatsisf)
c:/mounriver/mounriver_studio/toolchain/risc-v embedded gcc/bin/../lib/gcc/riscv-none-embed/8.2.0/rv32imacxw/ilp32\libgcc.a(floatunsisf.o)
                              ./User/DataModel.o (__floatunsisf)
c:/mounriver/mounriver_studio/toolchain/risc-v embedded gcc/bin/../lib/gcc/riscv-none-embed/8.2.0/rv32imacxw/ilp32\libgcc.a(save-restore.o)
                              ./User/inputs.o (__riscv_save_12)
c:/mounriver/mounriver_studio/toolchain/risc-v embedded gcc/bin/../lib/gcc/riscv-none-embed/8.2.0/rv32imacxw/ilp32\libgcc.a(_clzsi2.o)
                              c:/mounriver/mounriver_studio/toolchain/risc-v embedded gcc/bin/../lib/gcc/riscv-none-embed/8.2.0/rv32imacxw/ilp32\libgcc.a(addsf3.o) (__clzsi2)
c:/mounriver/mounriver_studio/toolchain/risc-v embedded gcc/bin/../lib/gcc/riscv-none-embed/8.2.0/rv32imacxw/ilp32\libgcc.a(_clz.o)
                              c:/mounriver/mounriver_studio/toolchain/risc-v embedded gcc/bin/../lib/gcc/riscv-none-embed/8.2.0/rv32imacxw/ilp32\libgcc.a(_clzsi2.o) (__clz_tab)
c:/mounriver/mounriver_studio/toolchain/risc-v embedded gcc/bin/../lib/gcc/riscv-none-embed/8.2.0/../../../../riscv-none-embed/lib/rv32imacxw/ilp32\libg_nano.a(lib_a-calloc.o)
                              ./CANopenNode/CANopen.o (calloc)
c:/mounriver/mounriver_studio/toolchain/risc-v embedded gcc/bin/../lib/gcc/riscv-none-embed/8.2.0/../../../../riscv-none-embed/lib/rv32imacxw/ilp32\libg_nano.a(lib_a-impure.o)
                              c:/mounriver/mounriver_studio/toolchain/risc-v embedded gcc/bin/../lib/gcc/riscv-none-embed/8.2.0/../../../../riscv-none-embed/lib/rv32imacxw/ilp32\libg_nano.a(lib_a-calloc.o) (_impure_ptr)
c:/mounriver/mounriver_studio/toolchain/risc-v embedded gcc/bin/../lib/gcc/riscv-none-embed/8.2.0/../../../../riscv-none-embed/lib/rv32imacxw/ilp32\libg_nano.a(lib_a-malloc.o)
                              ./CANopenNode/CANopen.o (free)
c:/mounriver/mounriver_studio/toolchain/risc-v embedded gcc/bin/../lib/gcc/riscv-none-embed/8.2.0/../../../../riscv-none-embed/lib/rv32imacxw/ilp32\libg_nano.a(lib_a-memcpy.o)
                              ./User/DataModel.o (memcpy)
c:/mounriver/mounriver_studio/toolchain/risc-v embedded gcc/bin/../lib/gcc/riscv-none-embed/8.2.0/../../../../riscv-none-embed/lib/rv32imacxw/ilp32\libg_nano.a(lib_a-memmove.o)
                              ./CANopenNode/301/CO_SDOserver.o (memmove)
c:/mounriver/mounriver_studio/toolchain/risc-v embedded gcc/bin/../lib/gcc/riscv-none-embed/8.2.0/../../../../riscv-none-embed/lib/rv32imacxw/ilp32\libg_nano.a(lib_a-memset.o)
                              ./User/DataModel.o (memset)
c:/mounriver/mounriver_studio/toolchain/risc-v embedded gcc/bin/../lib/gcc/riscv-none-embed/8.2.0/../../../../riscv-none-embed/lib/rv32imacxw/ilp32\libg_nano.a(lib_a-nano-callocr.o)
[...]
Memory Configuration

Name             Origin             Length             Attributes
FLASH            0x0000000000000000 0x0000000000010000 xr
RAM              0x0000000020000000 0x0000000000005000 xrw
*default*        0x0000000000000000 0xffffffffffffffff

Linker script and memory map

LOAD ./User/CanOpenNode.o
LOAD ./User/DataModel.o
LOAD ./User/ch32v20x_it.o
LOAD ./User/dash_draw.o
LOAD ./User/init.o
LOAD ./User/inputs.o
LOAD ./User/led.o
LOAD ./User/main.o
LOAD ./User/process.o
LOAD ./User/system_ch32v20x.o
LOAD ./User/system_init.o
LOAD ./Startup/startup_ch32v20x_D6.o
LOAD ./Peripheral/src/ch32v20x_adc.o
LOAD ./Peripheral/src/ch32v20x_bkp.o
LOAD ./Peripheral/src/ch32v20x_can.o
LOAD ./Peripheral/src/ch32v20x_crc.o
LOAD ./Peripheral/src/ch32v20x_dbgmcu.o
LOAD ./Peripheral/src/ch32v20x_dma.o
LOAD ./Peripheral/src/ch32v20x_exti.o
LOAD ./Peripheral/src/ch32v20x_flash.o
LOAD ./Peripheral/src/ch32v20x_gpio.o
LOAD ./Peripheral/src/ch32v20x_i2c.o
LOAD ./Peripheral/src/ch32v20x_iwdg.o
LOAD ./Peripheral/src/ch32v20x_misc.o
LOAD ./Peripheral/src/ch32v20x_opa.o
LOAD ./Peripheral/src/ch32v20x_pwr.o
LOAD ./Peripheral/src/ch32v20x_rcc.o
LOAD ./Peripheral/src/ch32v20x_rtc.o
LOAD ./Peripheral/src/ch32v20x_spi.o
LOAD ./Peripheral/src/ch32v20x_tim.o
LOAD ./Peripheral/src/ch32v20x_usart.o
LOAD ./Peripheral/src/ch32v20x_wwdg.o
LOAD ./HWLIB/hw_lib_adc.o
LOAD ./HWLIB/hw_lib_din.o
LOAD ./HWLIB/hw_lib_eeprom.o
LOAD ./HAL/hal_adc_ch32.o
LOAD ./HAL/hal_can_ch32.o
LOAD ./HAL/hal_dma_ch32.o
LOAD ./HAL/hal_gpio_ch32.o
LOAD ./HAL/hal_i2c.o
LOAD ./HAL/hal_irq.o
LOAD ./HAL/hal_rtc.o
LOAD ./HAL/hal_spi_ch32.o
LOAD ./HAL/hal_timers.o
LOAD ./HAL/hal_wdt_ch32.o
LOAD ./FreeRTOS/portable/MemMang/heap_4.o
LOAD ./FreeRTOS/portable/GCC/RISC-V/port.o
LOAD ./FreeRTOS/portable/GCC/RISC-V/portASM.o
LOAD ./FreeRTOS/croutine.o
LOAD ./FreeRTOS/event_groups.o
LOAD ./FreeRTOS/list.o
LOAD ./FreeRTOS/queue.o
LOAD ./FreeRTOS/stream_buffer.o
LOAD ./FreeRTOS/tasks.o
LOAD ./FreeRTOS/timers.o
LOAD ./Drivers/filters.o
LOAD ./Debug/debug.o
LOAD ./Core/core_riscv.o
LOAD ./CANopenNode/keypad/CO_driver_ST32F103.o
LOAD ./CANopenNode/keypad/OD.o
LOAD ./CANopenNode/extra/CO_trace.o
LOAD ./CANopenNode/309/CO_gateway_ascii.o
LOAD ./CANopenNode/305/CO_LSSmaster.o
LOAD ./CANopenNode/305/CO_LSSslave.o
LOAD ./CANopenNode/304/CO_GFC.o
LOAD ./CANopenNode/304/CO_SRDO.o
LOAD ./CANopenNode/303/CO_LEDs.o
LOAD ./CANopenNode/301/CO_Emergency.o
LOAD ./CANopenNode/301/CO_HBconsumer.o
LOAD ./CANopenNode/301/CO_NMT_Heartbeat.o
LOAD ./CANopenNode/301/CO_Node_Guarding.o
LOAD ./CANopenNode/301/CO_ODinterface.o
LOAD ./CANopenNode/301/CO_PDO.o
LOAD ./CANopenNode/301/CO_SDOclient.o
LOAD ./CANopenNode/301/CO_SDOserver.o
LOAD ./CANopenNode/301/CO_SYNC.o
LOAD ./CANopenNode/301/CO_TIME.o
LOAD ./CANopenNode/301/CO_fifo.o
LOAD ./CANopenNode/301/crc16-ccitt.o
LOAD ./CANopenNode/CANopen.o
LOAD c:/mounriver/mounriver_studio/toolchain/risc-v embedded gcc/bin/../lib/gcc/riscv-none-embed/8.2.0/../../../../riscv-none-embed/lib/rv32imacxw/ilp32\libm.a
LOAD c:/mounriver/mounriver_studio/toolchain/risc-v embedded gcc/bin/../lib/gcc/riscv-none-embed/8.2.0/rv32imacxw/ilp32\libgcc.a
LOAD c:/mounriver/mounriver_studio/toolchain/risc-v embedded gcc/bin/../lib/gcc/riscv-none-embed/8.2.0/../../../../riscv-none-embed/lib/rv32imacxw/ilp32\libg_nano.a
LOAD c:/mounriver/mounriver_studio/toolchain/risc-v embedded gcc/bin/../lib/gcc/riscv-none-embed/8.2.0/../../../../riscv-none-embed/lib/rv32imacxw/ilp32\libc_nano.a
LOAD c:/mounriver/mounriver_studio/toolchain/risc-v embedded gcc/bin/../lib/gcc/riscv-none-embed/8.2.0/rv32imacxw/ilp32\libgcc.a
START GROUP
LOAD c:/mounriver/mounriver_studio/toolchain/risc-v embedded gcc/bin/../lib/gcc/riscv-none-embed/8.2.0/rv32imacxw/ilp32\libgcc.a
LOAD c:/mounriver/mounriver_studio/toolchain/risc-v embedded gcc/bin/../lib/gcc/riscv-none-embed/8.2.0/../../../../riscv-none-embed/lib/rv32imacxw/ilp32\libc_nano.a
LOAD c:/mounriver/mounriver_studio/toolchain/risc-v embedded gcc/bin/../lib/gcc/riscv-none-embed/8.2.0/../../../../riscv-none-embed/lib/rv32imacxw/ilp32\libnosys.a
END GROUP
START GROUP
LOAD c:/mounriver/mounriver_studio/toolchain/risc-v embedded gcc/bin/../lib/gcc/riscv-none-embed/8.2.0/rv32imacxw/ilp32\libgcc.a
LOAD c:/mounriver/mounriver_studio/toolchain/risc-v embedded gcc/bin/../lib/gcc/riscv-none-embed/8.2.0/../../../../riscv-none-embed/lib/rv32imacxw/ilp32\libc_nano.a
LOAD c:/mounriver/mounriver_studio/toolchain/risc-v embedded gcc/bin/../lib/gcc/riscv-none-embed/8.2.0/../../../../riscv-none-embed/lib/rv32imacxw/ilp32\libnosys.a
END GROUP
                0x0000000000000be8                __stack_size = 0xbe8
                [!provide]                        PROVIDE (_stack_size = __stack_size)

.init           0x0000000000000000       0x38
                0x0000000000000000                _sinit = .
                0x0000000000000000                . = ALIGN (0x4)
 *(SORT_NONE(.init))
 .init          0x0000000000000000       0x38 ./Startup/startup_ch32v20x_D6.o
                0x0000000000000000                _start
                0x0000000000000038                . = ALIGN (0x4)
                0x0000000000000038                _einit = .

.vector         0x0000000000000038      0x108
 *(.vector)
 .vector        0x0000000000000038       0xfc ./Startup/startup_ch32v20x_D6.o
                0x0000000000000140                . = ALIGN (0x40)
 *fill*         0x0000000000000134        0xc 

.text           0x0000000000000200     0xd994
                0x0000000000000200                . = ALIGN (0x4)
 *(.text)
 .text          0x0000000000000200      0x2ee ./FreeRTOS/portable/GCC/RISC-V/portASM.o
                0x0000000000000200                SW_Handler
                0x0000000000000300                xPortStartFirstTask
                0x0000000000000400                pxPortInitialiseStack
 .text          0x00000000000004ee       0x60 c:/mounriver/mounriver_studio/toolchain/risc-v embedded gcc/bin/../lib/gcc/riscv-none-embed/8.2.0/rv32imacxw/ilp32\libgcc.a(save-restore.o)
                0x00000000000004ee                __riscv_save_12
                0x00000000000004f6                __riscv_save_9
                0x00000000000004f6                __riscv_save_11
                0x00000000000004f6                __riscv_save_10
                0x00000000000004f6                __riscv_save_8
                0x0000000000000504                __riscv_save_4
                0x0000000000000504                __riscv_save_6
                0x0000000000000504                __riscv_save_5
                0x0000000000000504                __riscv_save_7
                0x000000000000051e                __riscv_save_3
                0x000000000000051e                __riscv_save_2
                0x000000000000051e                __riscv_save_1
                0x000000000000051e                __riscv_save_0
                0x000000000000052a                __riscv_restore_12
                0x000000000000052e                __riscv_restore_11
                0x000000000000052e                __riscv_restore_9
                0x000000000000052e                __riscv_restore_10
                0x000000000000052e                __riscv_restore_8
                0x0000000000000538                __riscv_restore_5
                0x0000000000000538                __riscv_restore_7
                0x0000000000000538                __riscv_restore_6
                0x0000000000000538                __riscv_restore_4
                0x0000000000000542                __riscv_restore_3
                0x0000000000000542                __riscv_restore_0
                0x0000000000000542                __riscv_restore_2
                0x0000000000000542                __riscv_restore_1
 .text          0x000000000000054e       0xa8 c:/mounriver/mounriver_studio/toolchain/risc-v embedded gcc/bin/../lib/gcc/riscv-none-embed/8.2.0/../../../../riscv-none-embed/lib/rv32imacxw/ilp32\libg_nano.a(lib_a-memset.o)
                0x000000000000054e                memset
 *(.text.*)
 .text.xCanOpenProcessTaskHandle
                0x00000000000005f6        0xa ./User/CanOpenNode.o
                0x00000000000005f6                xCanOpenProcessTaskHandle
 .text.xCanOpenPeriodicTaskHandle
                0x0000000000000600        0xa ./User/CanOpenNode.o
                0x0000000000000600                xCanOpenPeriodicTaskHandle
 .text.vCanOpenInit
                0x000000000000060a        0xa ./User/CanOpenNode.o
                0x000000000000060a                vCanOpenInit
 .text.vCanOpenProcess
                0x0000000000000614      0x192 ./User/CanOpenNode.o
                0x0000000000000614                vCanOpenProcess
 .text.vCanOpenPeriodicProcess
                0x00000000000007a6       0x82 ./User/CanOpenNode.o
                0x00000000000007a6                vCanOpenPeriodicProcess
 .text.xDataRegQueue
                0x0000000000000828        0xa ./User/DataModel.o
                0x0000000000000828                xDataRegQueue
 .text.vDataModelRegDelayWrite
                0x0000000000000832       0x34 ./User/DataModel.o
                0x0000000000000832                vDataModelRegDelayWrite
 .text.setReg32
                0x0000000000000866       0x1a ./User/DataModel.o
                0x0000000000000866                setReg32
 .text.setReg16
                0x0000000000000880        0xe ./User/DataModel.o
                0x0000000000000880                setReg16
 .text.setReg8  0x000000000000088e        0xa ./User/DataModel.o
                0x000000000000088e                setReg8
 .text.SaveReg16
                0x0000000000000898       0x14 ./User/DataModel.o
                0x0000000000000898                SaveReg16
 .text.getReg16
                0x00000000000008ac       0x10 ./User/DataModel.o
                0x00000000000008ac                getReg16
 .text.getReg32
                0x00000000000008bc       0x1c ./User/DataModel.o
                0x00000000000008bc                getReg32
 .text.DataModel_Init
                0x00000000000008d8      0x3c2 ./User/DataModel.o
                0x00000000000008d8                DataModel_Init
 .text.getReg8  0x0000000000000c9a        0xa ./User/DataModel.o
                0x0000000000000c9a                getReg8
 .text.WriteRegAfterDelay
                0x0000000000000ca4       0x60 ./User/DataModel.o
                0x0000000000000ca4                WriteRegAfterDelay
 .text.WriteReg
                0x0000000000000d04       0x56 ./User/DataModel.o
                0x0000000000000d04                WriteReg
 .text.vGetBitrate
                0x0000000000000d5a       0x2a ./User/DataModel.o
                0x0000000000000d5a                vGetBitrate
 .text.vFDGetNMTState
                0x0000000000000d84        0x6 ./User/DataModel.o
                0x0000000000000d84                vFDGetNMTState
 .text.vGetNodeId
                0x0000000000000d8a        0x6 ./User/DataModel.o
                0x0000000000000d8a                vGetNodeId
 .text.vIncrementSystemCounters
                0x0000000000000d90       0x76 ./User/DataModel.o
                0x0000000000000d90                vIncrementSystemCounters
 .text.vSaveData
                0x0000000000000e06       0x14 ./User/DataModel.o
                0x0000000000000e06                vSaveData
 .text.getOdometr
                0x0000000000000e1a       0x14 ./User/DataModel.o
                0x0000000000000e1a                getOdometr
 .text.NMI_Handler
                0x0000000000000e2e        0x2 ./User/ch32v20x_it.o
                0x0000000000000e2e                NMI_Handler
 .text.HardFault_Handler
                0x0000000000000e30        0x2 ./User/ch32v20x_it.o
                0x0000000000000e30                HardFault_Handler
 .text.SegPrint
                0x0000000000000e32       0x5a ./User/dash_draw.o
 .text.xProcessTaskHandle
                0x0000000000000e8c        0xa ./User/dash_draw.o
                0x0000000000000e8c                xProcessTaskHandle
 .text.vSetErrorReg
                0x0000000000000e96        0xa ./User/dash_draw.o
                0x0000000000000e96                vSetErrorReg
 .text.getODValue
                0x0000000000000ea0      0x12c ./User/dash_draw.o
                0x0000000000000ea0                getODValue
 .text.IncMenuIndex
                0x0000000000000fcc       0x80 ./User/dash_draw.o
                0x0000000000000fcc                IncMenuIndex
 .text.GoToHome
                0x000000000000104c       0x12 ./User/dash_draw.o
                0x000000000000104c                GoToHome
 .text.SetCurMenuHome
                0x000000000000105e       0x1e ./User/dash_draw.o
                0x000000000000105e                SetCurMenuHome
 .text.GetCurMenuHome
                0x000000000000107c        0x6 ./User/dash_draw.o
                0x000000000000107c                GetCurMenuHome
 .text.SetCurrentMenu
                0x0000000000001082       0x12 ./User/dash_draw.o
                0x0000000000001082                SetCurrentMenu
 .text.SetDefault
                0x0000000000001094       0x28 ./User/dash_draw.o
                0x0000000000001094                SetDefault
 .text.MenuBackHomeCheck
                0x00000000000010bc       0x38 ./User/dash_draw.o
                0x00000000000010bc                MenuBackHomeCheck
 .text.CheckMenuChannel
                0x00000000000010f4       0x20 ./User/dash_draw.o
                0x00000000000010f4                CheckMenuChannel
 .text.vDashDrawInit
                0x0000000000001114       0x7e ./User/dash_draw.o
                0x0000000000001114                vDashDrawInit
 .text.vMenuBlink
                0x0000000000001192       0x4a ./User/dash_draw.o
                0x0000000000001192                vMenuBlink
 .text.SetErrorRegiter
                0x00000000000011dc       0x5e ./User/dash_draw.o
                0x00000000000011dc                SetErrorRegiter
 .text.uGetCurrMenu
                0x000000000000123a       0x26 ./User/dash_draw.o
                0x000000000000123a                uGetCurrMenu
 .text.vGetEdgeData
                0x0000000000001260       0x2a ./User/dash_draw.o
                0x0000000000001260                vGetEdgeData
 .text.checkLedState
                0x000000000000128a       0x3a ./User/dash_draw.o
 .text.vRGBMode
                0x00000000000012c4       0x72 ./User/dash_draw.o
                0x00000000000012c4                vRGBMode
 .text.vBarColorMode
                0x0000000000001336       0xc2 ./User/dash_draw.o
                0x0000000000001336                vBarColorMode
 .text.vBarWindowMode
                0x00000000000013f8       0x5a ./User/dash_draw.o
                0x00000000000013f8                vBarWindowMode
 .text.vBarMode
                0x0000000000001452       0x66 ./User/dash_draw.o
                0x0000000000001452                vBarMode
 .text.RedrawNotifyTaskToInit
                0x00000000000014b8       0x28 ./User/dash_draw.o
                0x00000000000014b8                RedrawNotifyTaskToInit
 .text.vRedrawTask
                0x00000000000014e0      0x572 ./User/dash_draw.o
                0x00000000000014e0                vRedrawTask
 .text.vInit_DeviceConfig
                0x0000000000001a52      0x176 ./User/init.o
                0x0000000000001a52                vInit_DeviceConfig
 .text.HardwareDeinit
                0x0000000000001bc8       0x2a ./User/init.o
                0x0000000000001bc8                HardwareDeinit
 .text.SoftwareReset
                0x0000000000001bf2       0x14 ./User/init.o
                0x0000000000001bf2                SoftwareReset
 .text.ADC1_Event
                0x0000000000001c06       0x48 ./User/inputs.o
                0x0000000000001c06                ADC1_Event
 .text.CaptureDMACallBack
                0x0000000000001c4e       0x22 ./User/inputs.o
                0x0000000000001c4e                CaptureDMACallBack
 .text.CaptureDMACallBack_1
                0x0000000000001c70       0x22 ./User/inputs.o
                0x0000000000001c70                CaptureDMACallBack_1
 .text.fDinStateCallback
                0x0000000000001c92       0x32 ./User/inputs.o
                0x0000000000001c92                fDinStateCallback
 .text.vSetDoutState
                0x0000000000001cc4       0x28 ./User/inputs.o
                0x0000000000001cc4                vSetDoutState
 .text.getInputsTaskHandle
                0x0000000000001cec        0xa ./User/inputs.o
                0x0000000000001cec                getInputsTaskHandle
 .text.InputsNotifyTaskToInit
                0x0000000000001cf6       0x28 ./User/inputs.o
                0x0000000000001cf6                InputsNotifyTaskToInit
 .text.ADC1_Init
                0x0000000000001d1e       0x48 ./User/inputs.o
                0x0000000000001d1e                ADC1_Init
 .text.ADC_FSM  0x0000000000001d66       0xfe ./User/inputs.o
                0x0000000000001d66                ADC_FSM
 .text.GetAIN   0x0000000000001e64        0xc ./User/inputs.o
                0x0000000000001e64                GetAIN
 .text.vInputsTask
                0x0000000000001e70      0x2e2 ./User/inputs.o
                0x0000000000001e70                vInputsTask
 .text.SPI1_DMA_Callback
                0x0000000000002152       0x2e ./User/led.o
                0x0000000000002152                SPI1_DMA_Callback
 .text.SPI2_DMA_Callback
                0x0000000000002180       0x2e ./User/led.o
                0x0000000000002180                SPI2_DMA_Callback
 .text.SetBarState
                0x00000000000021ae       0x50 ./User/led.o
                0x00000000000021ae                SetBarState
 .text.SetRGB   0x00000000000021fe       0x4e ./User/led.o
                0x00000000000021fe                SetRGB
 .text.SetSegDirect
                0x000000000000224c       0x9c ./User/led.o
                0x000000000000224c                SetSegDirect
 .text.SetSegPoint
                0x00000000000022e8       0x22 ./User/led.o
                0x00000000000022e8                SetSegPoint
 .text.SetSEG   0x000000000000230a      0x120 ./User/led.o
                0x000000000000230a                SetSEG
 .text.SetBigSeg
                0x000000000000242a       0x14 ./User/led.o
                0x000000000000242a                SetBigSeg
 .text.vSetBrigth
                0x000000000000243e       0x28 ./User/led.o
                0x000000000000243e                vSetBrigth
 .text.vLedDriverStart
                0x0000000000002466       0x4e ./User/led.o
                0x0000000000002466                vLedDriverStart
 .text.vLedProcess
                0x00000000000024b4       0x1e ./User/led.o
                0x00000000000024b4                vLedProcess
 .text.vRGBProcess
                0x00000000000024d2       0xe2 ./User/led.o
                0x00000000000024d2                vRGBProcess
 .text.startup.main
                0x00000000000025b4       0x1e ./User/main.o
                0x00000000000025b4                main
 .text.vRestartNode
                0x00000000000025d2        0x2 ./User/main.o
                0x00000000000025d2                vRestartNode
 .text.Error_Handler
                0x00000000000025d4        0x8 ./User/main.o
                0x00000000000025d4                Error_Handler
 .text.OD_writeRGBMAP
                0x00000000000025dc       0x30 ./User/process.o
 .text.OD_readRGBMAP
                0x000000000000260c       0x22 ./User/process.o
 .text.OD_readDIN
                0x000000000000262e       0x1c ./User/process.o
 .text.OD_writeMenuSetup
                0x000000000000264a       0x46 ./User/process.o
 .text.OD_writeBoardSettings
                0x0000000000002690       0x78 ./User/process.o
 .text.CO_getUint16
                0x0000000000002708       0x10 ./User/process.o
 .text.OD_writeSEG
                0x0000000000002718       0x44 ./User/process.o
 .text.OD_writeBAR
                0x000000000000275c       0x30 ./User/process.o
 .text.OD_writeRPMConfig
                0x000000000000278c       0x36 ./User/process.o
 .text.CO_getUint32
                0x00000000000027c2       0x18 ./User/process.o
 .text.OD_writeMenuMap
                0x00000000000027da       0x30 ./User/process.o
 .text.OD_writeV1_14
                0x000000000000280a       0x56 ./User/process.o
 .text.OD_writeDashParam
                0x0000000000002860       0x44 ./User/process.o
 .text.WriteRGB.isra.2
                0x00000000000028a4       0x3a ./User/process.o
 .text.OD_writeRGB1
                0x00000000000028de       0x14 ./User/process.o
 .text.OD_writeRGB2
                0x00000000000028f2       0x16 ./User/process.o
 .text.OD_writeRGB3
                0x0000000000002908       0x16 ./User/process.o
 .text.OD_writeRGB4
                0x000000000000291e       0x16 ./User/process.o
 .text.OD_writeRGB5
                0x0000000000002934       0x16 ./User/process.o
 .text.OD_writeRGB6
                0x000000000000294a       0x16 ./User/process.o
 .text.OD_writeRGB7
                0x0000000000002960       0x16 ./User/process.o
 .text.OD_writeRGB8
                0x0000000000002976       0x16 ./User/process.o
 .text.OD_writeRGB9
                0x000000000000298c       0x16 ./User/process.o
 .text.OD_writeRGB10
                0x00000000000029a2       0x16 ./User/process.o
 .text.OD_writeRGB11
                0x00000000000029b8       0x16 ./User/process.o
 .text.OD_writeRGB12
                0x00000000000029ce       0x16 ./User/process.o
 .text.OD_writeRGB13
                0x00000000000029e4       0x16 ./User/process.o
 .text.OD_readBoardSettings
                0x00000000000029fa       0x2c ./User/process.o
 .text.readADC.isra.6
                0x0000000000002a26       0x84 ./User/process.o
 .text.OD_readADC1
                0x0000000000002aaa       0x10 ./User/process.o
 .text.OD_readADC2
                0x0000000000002aba       0x10 ./User/process.o
 .text.OD_readADC3
                0x0000000000002aca       0x10 ./User/process.o
 .text.OD_readMenuSetup
                0x0000000000002ada       0x30 ./User/process.o
 .text.writeADC.isra.9
                0x0000000000002b0a       0xde ./User/process.o
 .text.OD_writeADC1
                0x0000000000002be8       0x10 ./User/process.o
 .text.OD_writeADC2
                0x0000000000002bf8       0x10 ./User/process.o
 .text.OD_writeADC3
                0x0000000000002c08       0x10 ./User/process.o
 .text.OD_readRGB.isra.5
                0x0000000000002c18       0x22 ./User/process.o
 .text.OD_readRGB1
                0x0000000000002c3a       0x10 ./User/process.o
 .text.OD_readRGB2
                0x0000000000002c4a       0x12 ./User/process.o
 .text.OD_readRGB3
                0x0000000000002c5c       0x12 ./User/process.o
 .text.OD_readRGB4
                0x0000000000002c6e       0x12 ./User/process.o
 .text.OD_readRGB5
                0x0000000000002c80       0x12 ./User/process.o
 .text.OD_readRGB6
                0x0000000000002c92       0x12 ./User/process.o
 .text.OD_readRGB7
                0x0000000000002ca4       0x12 ./User/process.o
 .text.OD_readRGB8
                0x0000000000002cb6       0x12 ./User/process.o
 .text.OD_readRGB9
                0x0000000000002cc8       0x12 ./User/process.o
 .text.OD_readRGB10
                0x0000000000002cda       0x12 ./User/process.o
 .text.OD_readRGB11
                0x0000000000002cec       0x12 ./User/process.o
 .text.OD_readRGB12
                0x0000000000002cfe       0x12 ./User/process.o
 .text.OD_readRGB13
                0x0000000000002d10       0x12 ./User/process.o
 .text.OD_readAIN_RPM
                0x0000000000002d22       0x26 ./User/process.o
 .text.OD_readMenuMap
                0x0000000000002d48       0x2c ./User/process.o
 .text.OD_readRPMConfig
                0x0000000000002d74       0x2a ./User/process.o
 .text.OD_readBar
                0x0000000000002d9e       0x28 ./User/process.o
 .text.OD_readDashParam
                0x0000000000002dc6       0x4c ./User/process.o
 .text.OD_readSEG
                0x0000000000002e12       0x34 ./User/process.o
 .text.vProceesInit
                0x0000000000002e46      0x1ba ./User/process.o
                0x0000000000002e46                vProceesInit
 .text.SystemInit
                0x0000000000003000       0xee ./User/system_ch32v20x.o
                0x0000000000003000                SystemInit
 .text.SystemCoreClockUpdate
                0x00000000000030ee       0x92 ./User/system_ch32v20x.o
                0x00000000000030ee                SystemCoreClockUpdate
 .text.StartDefaultTask
                0x0000000000003180       0x86 ./User/system_init.o
 .text.vApplicationGetIdleTaskMemory
                0x0000000000003206       0x1c ./User/system_init.o
                0x0000000000003206                vApplicationGetIdleTaskMemory
 .text.vSystemStopProcess
                0x0000000000003222       0x1c ./User/system_init.o
                0x0000000000003222                vSystemStopProcess
 .text.vSYStaskInit
                0x000000000000323e      0x100 ./User/system_init.o
                0x000000000000323e                vSYStaskInit
 .text.vSYSqueueInit
                0x000000000000333e       0x2a ./User/system_init.o
                0x000000000000333e                vSYSqueueInit
 .text.vector_handler
                0x0000000000003368       0x6c ./Startup/startup_ch32v20x_D6.o
                0x000000000000336c                Ecall_M_Mode_Handler
                0x000000000000336e                Ecall_U_Mode_Handler
                0x0000000000003370                Break_Point_Handler
                0x0000000000003376                WWDG_IRQHandler
                0x0000000000003378                PVD_IRQHandler
                0x000000000000337a                TAMPER_IRQHandler
                0x000000000000337e                FLASH_IRQHandler
                0x0000000000003380                RCC_IRQHandler
                0x0000000000003382                EXTI0_IRQHandler
                0x0000000000003384                EXTI1_IRQHandler
                0x0000000000003386                EXTI2_IRQHandler
                0x0000000000003388                EXTI3_IRQHandler
                0x000000000000338a                EXTI4_IRQHandler
                0x000000000000338e                DMA1_Channel2_IRQHandler
                0x0000000000003396                DMA1_Channel6_IRQHandler
                0x000000000000339a                ADC1_2_IRQHandler
                0x00000000000033a4                EXTI9_5_IRQHandler
                0x00000000000033a6                TIM1_BRK_IRQHandler
                0x00000000000033a8                TIM1_UP_IRQHandler
                0x00000000000033aa                TIM1_TRG_COM_IRQHandler
                0x00000000000033ac                TIM1_CC_IRQHandler
                0x00000000000033ae                TIM2_IRQHandler
                0x00000000000033b0                TIM3_IRQHandler
                0x00000000000033b8                I2C2_EV_IRQHandler
                0x00000000000033ba                I2C2_ER_IRQHandler
                0x00000000000033bc                SPI1_IRQHandler
                0x00000000000033be                SPI2_IRQHandler
                0x00000000000033c0                USART1_IRQHandler
                0x00000000000033c2                USART2_IRQHandler
                0x00000000000033c4                USART3_IRQHandler
                0x00000000000033c6                EXTI15_10_IRQHandler
                0x00000000000033c8                RTCAlarm_IRQHandler
                0x00000000000033ca                USBWakeUp_IRQHandler
                0x00000000000033cc                USBHD_IRQHandler
                0x00000000000033ce                USBHDWakeUp_IRQHandler
                0x00000000000033d0                UART4_IRQHandler
                0x00000000000033d2                DMA1_Channel8_IRQHandler
 .text.handle_reset
                0x00000000000033d4       0x92 ./Startup/startup_ch32v20x_D6.o
                0x00000000000033d4                handle_reset
 .text.ADC_Cmd  0x0000000000003466       0x10 ./Peripheral/src/ch32v20x_adc.o
                0x0000000000003466                ADC_Cmd
 .text.ADC_GetResetCalibrationStatus
                0x0000000000003476        0x8 ./Peripheral/src/ch32v20x_adc.o
                0x0000000000003476                ADC_GetResetCalibrationStatus
 .text.ADC_GetCalibrationStatus
                0x000000000000347e        0x8 ./Peripheral/src/ch32v20x_adc.o
                0x000000000000347e                ADC_GetCalibrationStatus
 .text.Get_CalibrationValue
                0x0000000000003486      0x1fe ./Peripheral/src/ch32v20x_adc.o
                0x0000000000003486                Get_CalibrationValue
 .text.DMA_GetFlagStatus
                0x0000000000003684        0xe ./Peripheral/src/ch32v20x_dma.o
                0x0000000000003684                DMA_GetFlagStatus
 .text.DMA_GetITStatus
                0x0000000000003692        0xc ./Peripheral/src/ch32v20x_dma.o
                0x0000000000003692                DMA_GetITStatus
 .text.DMA_ClearITPendingBit
                0x000000000000369e        0x8 ./Peripheral/src/ch32v20x_dma.o
                0x000000000000369e                DMA_ClearITPendingBit
 .text.GPIO_PinRemapConfig
                0x00000000000036a6       0xf2 ./Peripheral/src/ch32v20x_gpio.o
                0x00000000000036a6                GPIO_PinRemapConfig
 .text.I2C_DualAddressCmd
                0x0000000000003798       0x18 ./Peripheral/src/ch32v20x_i2c.o
                0x0000000000003798                I2C_DualAddressCmd
 .text.I2C_ClearFlag
                0x00000000000037b0        0xc ./Peripheral/src/ch32v20x_i2c.o
                0x00000000000037b0                I2C_ClearFlag
 .text.RCC_LSEConfig
                0x00000000000037bc       0x28 ./Peripheral/src/ch32v20x_rcc.o
                0x00000000000037bc                RCC_LSEConfig
 .text.RCC_GetClocksFreq
                0x00000000000037e4       0xbe ./Peripheral/src/ch32v20x_rcc.o
                0x00000000000037e4                RCC_GetClocksFreq
 .text.RCC_GetFlagStatus
                0x00000000000038a2       0x2e ./Peripheral/src/ch32v20x_rcc.o
                0x00000000000038a2                RCC_GetFlagStatus
 .text.RTC_EnterConfigMode
                0x00000000000038d0       0x12 ./Peripheral/src/ch32v20x_rtc.o
                0x00000000000038d0                RTC_EnterConfigMode
 .text.RTC_ExitConfigMode
                0x00000000000038e2       0x18 ./Peripheral/src/ch32v20x_rtc.o
                0x00000000000038e2                RTC_ExitConfigMode
 .text.RTC_SetPrescaler
                0x00000000000038fa       0x2e ./Peripheral/src/ch32v20x_rtc.o
                0x00000000000038fa                RTC_SetPrescaler
 .text.RTC_WaitForLastTask
                0x0000000000003928       0x10 ./Peripheral/src/ch32v20x_rtc.o
                0x0000000000003928                RTC_WaitForLastTask
 .text.RTC_WaitForSynchro
                0x0000000000003938       0x24 ./Peripheral/src/ch32v20x_rtc.o
                0x0000000000003938                RTC_WaitForSynchro
 .text.TIM_OC1Init
                0x000000000000395c       0x6a ./Peripheral/src/ch32v20x_tim.o
                0x000000000000395c                TIM_OC1Init
 .text.TIM_OC2Init
                0x00000000000039c6       0x96 ./Peripheral/src/ch32v20x_tim.o
                0x00000000000039c6                TIM_OC2Init
 .text.TIM_OC3Init
                0x0000000000003a5c       0x94 ./Peripheral/src/ch32v20x_tim.o
                0x0000000000003a5c                TIM_OC3Init
 .text.TIM_OC4Init
                0x0000000000003af0       0x6c ./Peripheral/src/ch32v20x_tim.o
                0x0000000000003af0                TIM_OC4Init
 .text.TIM_OC1PreloadConfig
                0x0000000000003b5c        0xe ./Peripheral/src/ch32v20x_tim.o
                0x0000000000003b5c                TIM_OC1PreloadConfig
 .text.TIM_OC2PreloadConfig
                0x0000000000003b6a       0x16 ./Peripheral/src/ch32v20x_tim.o
                0x0000000000003b6a                TIM_OC2PreloadConfig
 .text.TIM_OC3PreloadConfig
                0x0000000000003b80        0xe ./Peripheral/src/ch32v20x_tim.o
                0x0000000000003b80                TIM_OC3PreloadConfig
 .text.TIM_OC4PreloadConfig
                0x0000000000003b8e       0x16 ./Peripheral/src/ch32v20x_tim.o
                0x0000000000003b8e                TIM_OC4PreloadConfig
 .text.TIM_GetITStatus
                0x0000000000003ba4       0x18 ./Peripheral/src/ch32v20x_tim.o
                0x0000000000003ba4                TIM_GetITStatus
 .text.USART_SendData
                0x0000000000003bbc        0x8 ./Peripheral/src/ch32v20x_usart.o
                0x0000000000003bbc                USART_SendData
 .text.USART_GetFlagStatus
                0x0000000000003bc4        0xa ./Peripheral/src/ch32v20x_usart.o
                0x0000000000003bc4                USART_GetFlagStatus
 .text.vAINInit
                0x0000000000003bce       0x36 ./HWLIB/hw_lib_adc.o
                0x0000000000003bce                vAINInit
 .text.fGetAinCalData
                0x0000000000003c04       0xa4 ./HWLIB/hw_lib_adc.o
                0x0000000000003c04                fGetAinCalData
 .text.eAinCalDataConfig
                0x0000000000003ca8       0x48 ./HWLIB/hw_lib_adc.o
                0x0000000000003ca8                eAinCalDataConfig
 .text.vABLineKoofFinde
                0x0000000000003cf0       0x6a ./HWLIB/hw_lib_adc.o
                0x0000000000003cf0                vABLineKoofFinde
 .text.eSetAinCalPoint
                0x0000000000003d5a       0x64 ./HWLIB/hw_lib_adc.o
                0x0000000000003d5a                eSetAinCalPoint
 .text.getADC1Buffer
                0x0000000000003dbe        0xa ./HWLIB/hw_lib_adc.o
                0x0000000000003dbe                getADC1Buffer
 .text.eDOUTConfigWtihStruct
                0x0000000000003dc8       0x1a ./HWLIB/hw_lib_din.o
                0x0000000000003dc8                eDOUTConfigWtihStruct
 .text.eDinConfigWtihStruct
                0x0000000000003de2       0x34 ./HWLIB/hw_lib_din.o
                0x0000000000003de2                eDinConfigWtihStruct
 .text.uGetDIN  0x0000000000003e16       0x14 ./HWLIB/hw_lib_din.o
                0x0000000000003e16                uGetDIN
 .text.eRPMConfig
                0x0000000000003e2a       0x56 ./HWLIB/hw_lib_din.o
                0x0000000000003e2a                eRPMConfig
 .text.RMPDataConvert
                0x0000000000003e80       0x78 ./HWLIB/hw_lib_din.o
                0x0000000000003e80                RMPDataConvert
 .text.getCaputreBuffer
                0x0000000000003ef8       0x16 ./HWLIB/hw_lib_din.o
                0x0000000000003ef8                getCaputreBuffer
 .text.GetRPM   0x0000000000003f0e       0x74 ./HWLIB/hw_lib_din.o
                0x0000000000003f0e                GetRPM
 .text.xGetRPM  0x0000000000003f82       0x72 ./HWLIB/hw_lib_din.o
                0x0000000000003f82                xGetRPM
 .text.vDinDoutProcess
                0x0000000000003ff4       0x98 ./HWLIB/hw_lib_din.o
                0x0000000000003ff4                vDinDoutProcess
 .text.xGetEEPROM
                0x000000000000408c        0xa ./HWLIB/hw_lib_eeprom.o
                0x000000000000408c                xGetEEPROM
 .text.eEEPROMWrFast
                0x0000000000004096       0x80 ./HWLIB/hw_lib_eeprom.o
                0x0000000000004096                eEEPROMWrFast
 .text.eEEPROMWr
                0x0000000000004116       0x92 ./HWLIB/hw_lib_eeprom.o
                0x0000000000004116                eEEPROMWr
 .text.eEEPROMRd
                0x00000000000041a8       0x34 ./HWLIB/hw_lib_eeprom.o
                0x00000000000041a8                eEEPROMRd
 .text.bReadEEPROM
                0x00000000000041dc       0x1a ./HWLIB/hw_lib_eeprom.o
                0x00000000000041dc                bReadEEPROM
 .text.Get_ConversionVal
                0x00000000000041f6       0x2e ./HAL/hal_adc_ch32.o
                0x00000000000041f6                Get_ConversionVal
 .text.HAL_ADC_RegularChannelConfig
                0x0000000000004224       0x46 ./HAL/hal_adc_ch32.o
                0x0000000000004224                HAL_ADC_RegularChannelConfig
 .text.HAL_ADC_ContiniusScanCinvertionDMA
                0x000000000000426a      0x108 ./HAL/hal_adc_ch32.o
                0x000000000000426a                HAL_ADC_ContiniusScanCinvertionDMA
 .text.HAL_ADC_StartDMA
                0x0000000000004372       0x42 ./HAL/hal_adc_ch32.o
                0x0000000000004372                HAL_ADC_StartDMA
 .text.HAL_CANSetTXCallback
                0x00000000000043b4        0xa ./HAL/hal_can_ch32.o
                0x00000000000043b4                HAL_CANSetTXCallback
 .text.HAL_CANSetRXCallback
                0x00000000000043be        0xa ./HAL/hal_can_ch32.o
                0x00000000000043be                HAL_CANSetRXCallback
 .text.HAL_CANSetERRCallback
                0x00000000000043c8        0xa ./HAL/hal_can_ch32.o
                0x00000000000043c8                HAL_CANSetERRCallback
 .text.HAL_CANIntIT
                0x00000000000043d2      0x13a ./HAL/hal_can_ch32.o
                0x00000000000043d2                HAL_CANIntIT
 .text.HAL_CANToInitMode
                0x000000000000450c       0x30 ./HAL/hal_can_ch32.o
                0x000000000000450c                HAL_CANToInitMode
 .text.HAL_CANToOperatingMode
                0x000000000000453c       0x26 ./HAL/hal_can_ch32.o
                0x000000000000453c                HAL_CANToOperatingMode
 .text.HAL_CANSend
                0x0000000000004562       0xae ./HAL/hal_can_ch32.o
                0x0000000000004562                HAL_CANSend
 .text.HAL_CANSetFiters
                0x0000000000004610       0xc4 ./HAL/hal_can_ch32.o
                0x0000000000004610                HAL_CANSetFiters
 .text.HAL_CANGetRXMessage
                0x00000000000046d4       0xb0 ./HAL/hal_can_ch32.o
                0x00000000000046d4                HAL_CANGetRXMessage
 .text.USB_HP_CAN1_TX_IRQHandler
                0x0000000000004784       0x60 ./HAL/hal_can_ch32.o
                0x0000000000004784                USB_HP_CAN1_TX_IRQHandler
 .text.USB_LP_CAN1_RX0_IRQHandler
                0x00000000000047e4       0x5e ./HAL/hal_can_ch32.o
                0x00000000000047e4                USB_LP_CAN1_RX0_IRQHandler
 .text.CAN1_RX1_IRQHandler
                0x0000000000004842       0x5e ./HAL/hal_can_ch32.o
                0x0000000000004842                CAN1_RX1_IRQHandler
 .text.CAN1_SCE_IRQHandler
                0x00000000000048a0       0x5c ./HAL/hal_can_ch32.o
                0x00000000000048a0                CAN1_SCE_IRQHandler
 .text.DMA_IRQ  0x00000000000048fc       0x3a ./HAL/hal_dma_ch32.o
 .text.HAL_DMA_Enable
                0x0000000000004936       0x18 ./HAL/hal_dma_ch32.o
                0x0000000000004936                HAL_DMA_Enable
 .text.HAL_DMA_Disable
                0x000000000000494e       0x1a ./HAL/hal_dma_ch32.o
                0x000000000000494e                HAL_DMA_Disable
 .text.HAL_DMAInitIT
                0x0000000000004968       0xb2 ./HAL/hal_dma_ch32.o
                0x0000000000004968                HAL_DMAInitIT
 .text.HAL_DMA_SetCounter
                0x0000000000004a1a       0x12 ./HAL/hal_dma_ch32.o
                0x0000000000004a1a                HAL_DMA_SetCounter
 .text.HAL_DMA_ITENABLE
                0x0000000000004a2c       0x16 ./HAL/hal_dma_ch32.o
                0x0000000000004a2c                HAL_DMA_ITENABLE
 .text.HAL_DMA_SetCouterAndEnable
                0x0000000000004a42       0x1a ./HAL/hal_dma_ch32.o
                0x0000000000004a42                HAL_DMA_SetCouterAndEnable
 .text.DMA1_Channel1_IRQHandler
                0x0000000000004a5c       0x4e ./HAL/hal_dma_ch32.o
                0x0000000000004a5c                DMA1_Channel1_IRQHandler
 .text.DMA1_Channel3_IRQHandler
                0x0000000000004aaa       0x4e ./HAL/hal_dma_ch32.o
                0x0000000000004aaa                DMA1_Channel3_IRQHandler
 .text.DMA1_Channel4_IRQHandler
                0x0000000000004af8       0x4e ./HAL/hal_dma_ch32.o
                0x0000000000004af8                DMA1_Channel4_IRQHandler
 .text.DMA1_Channel5_IRQHandler
                0x0000000000004b46       0x4e ./HAL/hal_dma_ch32.o
                0x0000000000004b46                DMA1_Channel5_IRQHandler
 .text.DMA1_Channel7_IRQHandler
                0x0000000000004b94       0x4e ./HAL/hal_dma_ch32.o
                0x0000000000004b94                DMA1_Channel7_IRQHandler
 .text.HAL_InitGPIO
                0x0000000000004be2       0xd2 ./HAL/hal_gpio_ch32.o
                0x0000000000004be2                HAL_InitGPIO
 .text.HAL_InitGpioOut
                0x0000000000004cb4       0x10 ./HAL/hal_gpio_ch32.o
                0x0000000000004cb4                HAL_InitGpioOut
 .text.HAL_InitGpioAIN
                0x0000000000004cc4       0x10 ./HAL/hal_gpio_ch32.o
                0x0000000000004cc4                HAL_InitGpioAIN
 .text.HAL_InitGpioIn
                0x0000000000004cd4       0x10 ./HAL/hal_gpio_ch32.o
                0x0000000000004cd4                HAL_InitGpioIn
 .text.HAL_InitGpioAF
                0x0000000000004ce4       0x34 ./HAL/hal_gpio_ch32.o
                0x0000000000004ce4                HAL_InitGpioAF
 .text.HAL_GetBit
                0x0000000000004d18        0xa ./HAL/hal_gpio_ch32.o
                0x0000000000004d18                HAL_GetBit
 .text.HAL_SetBit
                0x0000000000004d22        0x4 ./HAL/hal_gpio_ch32.o
                0x0000000000004d22                HAL_SetBit
 .text.HAL_ResetBit
                0x0000000000004d26        0x4 ./HAL/hal_gpio_ch32.o
                0x0000000000004d26                HAL_ResetBit
 .text.HAL_InitGPO
                0x0000000000004d2a       0x2e ./HAL/hal_gpio_ch32.o
                0x0000000000004d2a                HAL_InitGPO
 .text.EEPROM_I2C_ENABLE
                0x0000000000004d58       0x14 ./HAL/hal_i2c.o
 .text.EEPROM_I2C_STOP
                0x0000000000004d6c       0x14 ./HAL/hal_i2c.o
 .text.EEPROM_I2C_START
                0x0000000000004d80       0x14 ./HAL/hal_i2c.o
 .text.EEPROM_I2C_SEND
                0x0000000000004d94        0xe ./HAL/hal_i2c.o
 .text.I2C_Master_ReviceIT
                0x0000000000004da2       0x96 ./HAL/hal_i2c.o
 .text.I2C_Master_TransmitIT
                0x0000000000004e38       0x88 ./HAL/hal_i2c.o
 .text.I2C_Master_TransmitFast
                0x0000000000004ec0       0x98 ./HAL/hal_i2c.o
 .text.I2C_FSM  0x0000000000004f58      0x18e ./HAL/hal_i2c.o
 .text.InitI2CDMA
                0x00000000000050e6      0x14e ./HAL/hal_i2c.o
                0x00000000000050e6                InitI2CDMA
 .text.I2C1_EV_IRQHandler
                0x0000000000005234       0x4c ./HAL/hal_i2c.o
                0x0000000000005234                I2C1_EV_IRQHandler
 .text.I2C1_ER_IRQHandler
                0x0000000000005280       0x4c ./HAL/hal_i2c.o
                0x0000000000005280                I2C1_ER_IRQHandler
 .text.PFIC_IRQ_ENABLE_PG1
                0x00000000000052cc       0x34 ./HAL/hal_irq.o
                0x00000000000052cc                PFIC_IRQ_ENABLE_PG1
 .text.HAL_RTC_IT_Init
                0x0000000000005300       0xba ./HAL/hal_rtc.o
                0x0000000000005300                HAL_RTC_IT_Init
 .text.RTC_IRQHandler
                0x00000000000053ba       0x78 ./HAL/hal_rtc.o
                0x00000000000053ba                RTC_IRQHandler
 .text.HAL_SPI_InitDMA
                0x0000000000005432       0x70 ./HAL/hal_spi_ch32.o
                0x0000000000005432                HAL_SPI_InitDMA
 .text.HAL_SPI_RXOveleyClear
                0x00000000000054a2       0x12 ./HAL/hal_spi_ch32.o
                0x00000000000054a2                HAL_SPI_RXOveleyClear
 .text.HAL_SPI_GetBusy
                0x00000000000054b4       0x10 ./HAL/hal_spi_ch32.o
                0x00000000000054b4                HAL_SPI_GetBusy
 .text.vTimerInitRCC
                0x00000000000054c4       0x82 ./HAL/hal_timers.o
 .text.TIM4_IRQHandler
                0x0000000000005546       0x70 ./HAL/hal_timers.o
                0x0000000000005546                TIM4_IRQHandler
 .text.HAL_TiemrEneblae
                0x00000000000055b6       0x16 ./HAL/hal_timers.o
                0x00000000000055b6                HAL_TiemrEneblae
 .text.HAL_TiemrDisable
                0x00000000000055cc       0x1c ./HAL/hal_timers.o
                0x00000000000055cc                HAL_TiemrDisable
 .text.HW_TIMER_BaseTimerInit
                0x00000000000055e8       0x54 ./HAL/hal_timers.o
                0x00000000000055e8                HW_TIMER_BaseTimerInit
 .text.HAL_TIMER_InitIt
                0x000000000000563c       0x74 ./HAL/hal_timers.o
                0x000000000000563c                HAL_TIMER_InitIt
 .text.HAL_TIMER_PWMTimersInit
                0x00000000000056b0       0xda ./HAL/hal_timers.o
                0x00000000000056b0                HAL_TIMER_PWMTimersInit
 .text.HAL_TimeInitCaptureDMA
                0x000000000000578a      0x108 ./HAL/hal_timers.o
                0x000000000000578a                HAL_TimeInitCaptureDMA
 .text.HAL_TIMER_SetPWMPulse
                0x0000000000005892       0x88 ./HAL/hal_timers.o
                0x0000000000005892                HAL_TIMER_SetPWMPulse
 .text.HAL_TIMER_EnablePWMCH
                0x000000000000591a       0x1a ./HAL/hal_timers.o
                0x000000000000591a                HAL_TIMER_EnablePWMCH
 .text.HAL_WDTReset
                0x0000000000005934        0xe ./HAL/hal_wdt_ch32.o
                0x0000000000005934                HAL_WDTReset
 .text.HAL_WDT_Init1s
                0x0000000000005942       0x28 ./HAL/hal_wdt_ch32.o
                0x0000000000005942                HAL_WDT_Init1s
 .text.prvInsertBlockIntoFreeList
                0x000000000000596a       0x48 ./FreeRTOS/portable/MemMang/heap_4.o
 .text.pvPortMalloc
                0x00000000000059b2      0x182 ./FreeRTOS/portable/MemMang/heap_4.o
                0x00000000000059b2                pvPortMalloc
 .text.vPortSetupTimerInterrupt
                0x0000000000005b34       0x3e ./FreeRTOS/portable/GCC/RISC-V/port.o
                0x0000000000005b34                vPortSetupTimerInterrupt
 .text.xPortStartScheduler
                0x0000000000005b72       0x90 ./FreeRTOS/portable/GCC/RISC-V/port.o
                0x0000000000005b72                xPortStartScheduler
 .text.SysTick_Handler
                0x0000000000005c02       0x7c ./FreeRTOS/portable/GCC/RISC-V/port.o
                0x0000000000005c02                SysTick_Handler
 .text.vPortEnterCritical
                0x0000000000005c7e       0x16 ./FreeRTOS/portable/GCC/RISC-V/port.o
                0x0000000000005c7e                vPortEnterCritical
 .text.vPortExitCritical
                0x0000000000005c94       0x42 ./FreeRTOS/portable/GCC/RISC-V/port.o
                0x0000000000005c94                vPortExitCritical
 .text.xPortSetInterruptMask
                0x0000000000005cd6        0xc ./FreeRTOS/portable/GCC/RISC-V/port.o
                0x0000000000005cd6                xPortSetInterruptMask
 .text.vPortClearInterruptMask
                0x0000000000005ce2        0x6 ./FreeRTOS/portable/GCC/RISC-V/port.o
                0x0000000000005ce2                vPortClearInterruptMask
 .text.vListInitialise
                0x0000000000005ce8       0x14 ./FreeRTOS/list.o
                0x0000000000005ce8                vListInitialise
 .text.vListInitialiseItem
                0x0000000000005cfc        0x6 ./FreeRTOS/list.o
                0x0000000000005cfc                vListInitialiseItem
 .text.vListInsertEnd
                0x0000000000005d02       0x18 ./FreeRTOS/list.o
                0x0000000000005d02                vListInsertEnd
 .text.vListInsert
                0x0000000000005d1a       0x2e ./FreeRTOS/list.o
                0x0000000000005d1a                vListInsert
 .text.uxListRemove
                0x0000000000005d48       0x20 ./FreeRTOS/list.o
                0x0000000000005d48                uxListRemove
 .text.prvIsQueueEmpty
                0x0000000000005d68       0x1e ./FreeRTOS/queue.o
 .text.prvCopyDataToQueue
                0x0000000000005d86       0x72 ./FreeRTOS/queue.o
 .text.prvCopyDataFromQueue
                0x0000000000005df8       0x28 ./FreeRTOS/queue.o
 .text.prvUnlockQueue
                0x0000000000005e20       0x76 ./FreeRTOS/queue.o
 .text.xQueueGenericReset
                0x0000000000005e96       0xc4 ./FreeRTOS/queue.o
                0x0000000000005e96                xQueueGenericReset
 .text.xQueueGenericCreateStatic
                0x0000000000005f5a       0xae ./FreeRTOS/queue.o
                0x0000000000005f5a                xQueueGenericCreateStatic
 .text.xQueueGenericCreate
                0x0000000000006008       0x72 ./FreeRTOS/queue.o
                0x0000000000006008                xQueueGenericCreate
 .text.xQueueGenericSend
                0x000000000000607a      0x178 ./FreeRTOS/queue.o
                0x000000000000607a                xQueueGenericSend
 .text.xQueueGiveMutexRecursive
                0x00000000000061f2       0x56 ./FreeRTOS/queue.o
                0x00000000000061f2                xQueueGiveMutexRecursive
 .text.xQueueCreateMutex
                0x0000000000006248       0x2e ./FreeRTOS/queue.o
                0x0000000000006248                xQueueCreateMutex
 .text.xQueueReceive
                0x0000000000006276      0x138 ./FreeRTOS/queue.o
                0x0000000000006276                xQueueReceive
 .text.xQueueSemaphoreTake
                0x00000000000063ae      0x18e ./FreeRTOS/queue.o
                0x00000000000063ae                xQueueSemaphoreTake
 .text.xQueueTakeMutexRecursive
                0x000000000000653c       0x5a ./FreeRTOS/queue.o
                0x000000000000653c                xQueueTakeMutexRecursive
 .text.uxQueueMessagesWaiting
                0x0000000000006596       0x44 ./FreeRTOS/queue.o
                0x0000000000006596                uxQueueMessagesWaiting
 .text.prvIdleTask
                0x00000000000065da        0x2 ./FreeRTOS/tasks.o
 .text.prvAddNewTaskToReadyList
                0x00000000000065dc       0xf6 ./FreeRTOS/tasks.o
 .text.prvResetNextTaskUnblockTime
                0x00000000000066d2       0x1c ./FreeRTOS/tasks.o
 .text.prvTaskIsTaskSuspended
                0x00000000000066ee       0x50 ./FreeRTOS/tasks.o
 .text.prvInitialiseNewTask.isra.2
                0x000000000000673e       0xc8 ./FreeRTOS/tasks.o
 .text.prvAddCurrentTaskToDelayedList
                0x0000000000006806       0x98 ./FreeRTOS/tasks.o
 .text.xTaskCreateStatic
                0x000000000000689e       0xa6 ./FreeRTOS/tasks.o
                0x000000000000689e                xTaskCreateStatic
 .text.vTaskResume
                0x0000000000006944       0xa2 ./FreeRTOS/tasks.o
                0x0000000000006944                vTaskResume
 .text.vTaskStartScheduler
                0x00000000000069e6       0x5c ./FreeRTOS/tasks.o
                0x00000000000069e6                vTaskStartScheduler
 .text.vTaskSuspendAll
                0x0000000000006a42        0xc ./FreeRTOS/tasks.o
                0x0000000000006a42                vTaskSuspendAll
 .text.xTaskGetTickCount
                0x0000000000006a4e        0x6 ./FreeRTOS/tasks.o
                0x0000000000006a4e                xTaskGetTickCount
 .text.xTaskIncrementTick
                0x0000000000006a54      0x180 ./FreeRTOS/tasks.o
                0x0000000000006a54                xTaskIncrementTick
 .text.xTaskResumeAll
                0x0000000000006bd4      0x148 ./FreeRTOS/tasks.o
                0x0000000000006bd4                xTaskResumeAll
 .text.vTaskDelay
                0x0000000000006d1c       0x62 ./FreeRTOS/tasks.o
                0x0000000000006d1c                vTaskDelay
 .text.vTaskSwitchContext
                0x0000000000006d7e       0x8a ./FreeRTOS/tasks.o
                0x0000000000006d7e                vTaskSwitchContext
 .text.vTaskSuspend
                0x0000000000006e08       0xde ./FreeRTOS/tasks.o
                0x0000000000006e08                vTaskSuspend
 .text.vTaskPlaceOnEventList
                0x0000000000006ee6       0x44 ./FreeRTOS/tasks.o
                0x0000000000006ee6                vTaskPlaceOnEventList
 .text.xTaskRemoveFromEventList
                0x0000000000006f2a       0xdc ./FreeRTOS/tasks.o
                0x0000000000006f2a                xTaskRemoveFromEventList
 .text.vTaskInternalSetTimeOutState
                0x0000000000007006        0xe ./FreeRTOS/tasks.o
                0x0000000000007006                vTaskInternalSetTimeOutState
 .text.xTaskCheckForTimeOut
                0x0000000000007014       0xaa ./FreeRTOS/tasks.o
                0x0000000000007014                xTaskCheckForTimeOut
 .text.vTaskMissedYield
                0x00000000000070be        0x8 ./FreeRTOS/tasks.o
                0x00000000000070be                vTaskMissedYield
 .text.xTaskGetCurrentTaskHandle
                0x00000000000070c6        0x6 ./FreeRTOS/tasks.o
                0x00000000000070c6                xTaskGetCurrentTaskHandle
 .text.xTaskPriorityInherit
                0x00000000000070cc       0xa6 ./FreeRTOS/tasks.o
                0x00000000000070cc                xTaskPriorityInherit
 .text.xTaskPriorityDisinherit
                0x0000000000007172       0xc2 ./FreeRTOS/tasks.o
                0x0000000000007172                xTaskPriorityDisinherit
 .text.vTaskPriorityDisinheritAfterTimeout
                0x0000000000007234       0xde ./FreeRTOS/tasks.o
                0x0000000000007234                vTaskPriorityDisinheritAfterTimeout
 .text.pvTaskIncrementMutexHeldCount
                0x0000000000007312       0x18 ./FreeRTOS/tasks.o
                0x0000000000007312                pvTaskIncrementMutexHeldCount
 .text.ulTaskGenericNotifyTake
                0x000000000000732a       0xb4 ./FreeRTOS/tasks.o
                0x000000000000732a                ulTaskGenericNotifyTake
 .text.xTaskGenericNotifyWait
                0x00000000000073de       0xe2 ./FreeRTOS/tasks.o
                0x00000000000073de                xTaskGenericNotifyWait
 .text.xTaskGenericNotify
                0x00000000000074c0      0x1a8 ./FreeRTOS/tasks.o
                0x00000000000074c0                xTaskGenericNotify
 .text.xTaskGenericNotifyFromISR
                0x0000000000007668      0x1e0 ./FreeRTOS/tasks.o
                0x0000000000007668                xTaskGenericNotifyFromISR
 .text.ulTaskGenericNotifyValueClear
                0x0000000000007848       0x3a ./FreeRTOS/tasks.o
                0x0000000000007848                ulTaskGenericNotifyValueClear
 .text.vRCFilter
                0x0000000000007882       0x30 ./Drivers/filters.o
                0x0000000000007882                vRCFilter
 .text.vInitABFilter
                0x00000000000078b2       0x22 ./Drivers/filters.o
                0x00000000000078b2                vInitABFilter
 .text.vInitRunAverga
                0x00000000000078d4        0x8 ./Drivers/filters.o
                0x00000000000078d4                vInitRunAverga
 .text.vInitMedianFilter
                0x00000000000078dc       0x12 ./Drivers/filters.o
                0x00000000000078dc                vInitMedianFilter
 .text.MedianFilter
                0x00000000000078ee       0x6e ./Drivers/filters.o
                0x00000000000078ee                MedianFilter
 .text.Delay_Init
                0x000000000000795c       0x2a ./Debug/debug.o
                0x000000000000795c                Delay_Init
 .text.Delay_Ms
                0x0000000000007986       0x36 ./Debug/debug.o
                0x0000000000007986                Delay_Ms
 .text._write   0x00000000000079bc       0x3e ./Debug/debug.o
                0x00000000000079bc                _write
 .text._sbrk    0x00000000000079fa       0x2a ./Debug/debug.o
                0x00000000000079fa                _sbrk
 .text.prv_read_can_received_msg
                0x0000000000007a24       0x50 ./CANopenNode/keypad/CO_driver_ST32F103.o
                0x0000000000007a24                prv_read_can_received_msg
 .text.prv_send_can_message.isra.0
                0x0000000000007a74       0x2c ./CANopenNode/keypad/CO_driver_ST32F103.o
 .text.CAN_SendMessage
                0x0000000000007aa0       0x66 ./CANopenNode/keypad/CO_driver_ST32F103.o
                0x0000000000007aa0                CAN_SendMessage
 .text.co_drv_create_os_objects
                0x0000000000007b06       0x30 ./CANopenNode/keypad/CO_driver_ST32F103.o
                0x0000000000007b06                co_drv_create_os_objects
 .text.co_drv_mutex_lock
                0x0000000000007b36       0x18 ./CANopenNode/keypad/CO_driver_ST32F103.o
                0x0000000000007b36                co_drv_mutex_lock
 .text.co_drv_mutex_unlock
                0x0000000000007b4e       0x16 ./CANopenNode/keypad/CO_driver_ST32F103.o
                0x0000000000007b4e                co_drv_mutex_unlock
 .text.CO_CANsetConfigurationMode
                0x0000000000007b64       0x10 ./CANopenNode/keypad/CO_driver_ST32F103.o
                0x0000000000007b64                CO_CANsetConfigurationMode
 .text.CO_CANsetNormalMode
                0x0000000000007b74       0x1c ./CANopenNode/keypad/CO_driver_ST32F103.o
                0x0000000000007b74                CO_CANsetNormalMode
 .text.CO_CANmodule_init
                0x0000000000007b90      0x110 ./CANopenNode/keypad/CO_driver_ST32F103.o
                0x0000000000007b90                CO_CANmodule_init
 .text.CO_CANmodule_disable
                0x0000000000007ca0       0x14 ./CANopenNode/keypad/CO_driver_ST32F103.o
                0x0000000000007ca0                CO_CANmodule_disable
 .text.CO_CANrxBufferInit
                0x0000000000007cb4       0x52 ./CANopenNode/keypad/CO_driver_ST32F103.o
                0x0000000000007cb4                CO_CANrxBufferInit
 .text.CO_CANtxBufferInit
                0x0000000000007d06       0x3a ./CANopenNode/keypad/CO_driver_ST32F103.o
                0x0000000000007d06                CO_CANtxBufferInit
 .text.CO_CANmodule_process
                0x0000000000007d40       0x12 ./CANopenNode/keypad/CO_driver_ST32F103.o
                0x0000000000007d40                CO_CANmodule_process
 .text.CO_CANsend
                0x0000000000007d52       0x46 ./CANopenNode/keypad/CO_driver_ST32F103.o
                0x0000000000007d52                CO_CANsend
 .text.CO_LSSslave_receive
                0x0000000000007d98      0x1a8 ./CANopenNode/305/CO_LSSslave.o
 .text.CO_LSSslave_init
                0x0000000000007f40       0xa4 ./CANopenNode/305/CO_LSSslave.o
                0x0000000000007f40                CO_LSSslave_init
 .text.CO_LSSslave_process
                0x0000000000007fe4      0x1a2 ./CANopenNode/305/CO_LSSslave.o
                0x0000000000007fe4                CO_LSSslave_process
 .text.OD_write_1003
                0x0000000000008186       0x28 ./CANopenNode/301/CO_Emergency.o
 .text.OD_read_1003
                0x00000000000081ae       0x8c ./CANopenNode/301/CO_Emergency.o
 .text.OD_read_1014_default
                0x000000000000823a       0x50 ./CANopenNode/301/CO_Emergency.o
 .text.CO_EM_init
                0x000000000000828a      0x112 ./CANopenNode/301/CO_Emergency.o
                0x000000000000828a                CO_EM_init
 .text.CO_error
                0x000000000000839c       0xc4 ./CANopenNode/301/CO_Emergency.o
                0x000000000000839c                CO_error
 .text.CO_EM_process
                0x0000000000008460      0x182 ./CANopenNode/301/CO_Emergency.o
                0x0000000000008460                CO_EM_process
 .text.CO_NMT_receive
                0x00000000000085e2       0x18 ./CANopenNode/301/CO_NMT_Heartbeat.o
 .text.OD_write_1017
                0x00000000000085fa       0x48 ./CANopenNode/301/CO_NMT_Heartbeat.o
 .text.CO_NMT_init
                0x0000000000008642       0xec ./CANopenNode/301/CO_NMT_Heartbeat.o
                0x0000000000008642                CO_NMT_init
 .text.CO_NMT_process
                0x000000000000872e      0x106 ./CANopenNode/301/CO_NMT_Heartbeat.o
                0x000000000000872e                CO_NMT_process
 .text.OD_readDisabled
                0x0000000000008834        0x4 ./CANopenNode/301/CO_ODinterface.o
 .text.OD_readOriginal
                0x0000000000008838       0x50 ./CANopenNode/301/CO_ODinterface.o
                0x0000000000008838                OD_readOriginal
 .text.OD_writeOriginal
                0x0000000000008888       0x54 ./CANopenNode/301/CO_ODinterface.o
                0x0000000000008888                OD_writeOriginal
 .text.OD_writeDisabled
                0x00000000000088dc        0x4 ./CANopenNode/301/CO_ODinterface.o
 .text.OD_find  0x00000000000088e0       0x70 ./CANopenNode/301/CO_ODinterface.o
                0x00000000000088e0                OD_find
 .text.OD_getSub
                0x0000000000008950       0xf6 ./CANopenNode/301/CO_ODinterface.o
                0x0000000000008950                OD_getSub
 .text.OD_getSDOabCode
                0x0000000000008a46       0x20 ./CANopenNode/301/CO_ODinterface.o
                0x0000000000008a46                OD_getSDOabCode
 .text.OD_get_value
                0x0000000000008a66       0x34 ./CANopenNode/301/CO_ODinterface.o
                0x0000000000008a66                OD_get_value
 .text.OD_set_value
                0x0000000000008a9a       0x2e ./CANopenNode/301/CO_ODinterface.o
                0x0000000000008a9a                OD_set_value
 .text.OD_getPtr
                0x0000000000008ac8       0x3c ./CANopenNode/301/CO_ODinterface.o
                0x0000000000008ac8                OD_getPtr
 .text.OD_write_dummy
                0x0000000000008b04        0x8 ./CANopenNode/301/CO_PDO.o
 .text.OD_read_dummy
                0x0000000000008b0c       0x2e ./CANopenNode/301/CO_PDO.o
 .text.PDOconfigMap
                0x0000000000008b3a      0x100 ./CANopenNode/301/CO_PDO.o
 .text.CO_PDO_receive
                0x0000000000008c3a       0x48 ./CANopenNode/301/CO_PDO.o
 .text.OD_read_PDO_commParam
                0x0000000000008c82       0x70 ./CANopenNode/301/CO_PDO.o
 .text.PDO_initMapping.constprop.3
                0x0000000000008cf2       0xe6 ./CANopenNode/301/CO_PDO.o
 .text.OD_write_PDO_mapping
                0x0000000000008dd8       0xb4 ./CANopenNode/301/CO_PDO.o
 .text.OD_write_18xx
                0x0000000000008e8c      0x184 ./CANopenNode/301/CO_PDO.o
 .text.OD_write_14xx
                0x0000000000009010      0x15a ./CANopenNode/301/CO_PDO.o
 .text.CO_RPDO_init
                0x000000000000916a      0x172 ./CANopenNode/301/CO_PDO.o
                0x000000000000916a                CO_RPDO_init
 .text.CO_RPDO_process
                0x00000000000092dc      0x114 ./CANopenNode/301/CO_PDO.o
                0x00000000000092dc                CO_RPDO_process
 .text.CO_TPDO_init
                0x00000000000093f0      0x1d2 ./CANopenNode/301/CO_PDO.o
                0x00000000000093f0                CO_TPDO_init
 .text.CO_TPDO_process
                0x00000000000095c2      0x15e ./CANopenNode/301/CO_PDO.o
                0x00000000000095c2                CO_TPDO_process
 .text.CO_SDOserver_init_canRxTx
                0x0000000000009720       0x82 ./CANopenNode/301/CO_SDOserver.o
 .text.CO_SDO_receive
                0x00000000000097a2       0x38 ./CANopenNode/301/CO_SDOserver.o
 .text.readFromOd.isra.1.constprop.5
                0x00000000000097da       0xe2 ./CANopenNode/301/CO_SDOserver.o
 .text.OD_write_1201_additional
                0x00000000000098bc      0x158 ./CANopenNode/301/CO_SDOserver.o
 .text.CO_SDOserver_init
                0x0000000000009a14      0x172 ./CANopenNode/301/CO_SDOserver.o
                0x0000000000009a14                CO_SDOserver_init
 .text.CO_SDOserver_process
                0x0000000000009b86      0x5e8 ./CANopenNode/301/CO_SDOserver.o
                0x0000000000009b86                CO_SDOserver_process
 .text.CO_delete
                0x000000000000a16e       0x56 ./CANopenNode/CANopen.o
                0x000000000000a16e                CO_delete
 .text.CO_new   0x000000000000a1c4      0x102 ./CANopenNode/CANopen.o
                0x000000000000a1c4                CO_new
 .text.CO_CANinit
                0x000000000000a2c6       0x36 ./CANopenNode/CANopen.o
                0x000000000000a2c6                CO_CANinit
 .text.CO_LSSinit
                0x000000000000a2fc       0x32 ./CANopenNode/CANopen.o
                0x000000000000a2fc                CO_LSSinit
 .text.CO_CANopenInit
                0x000000000000a32e       0xb8 ./CANopenNode/CANopen.o
                0x000000000000a32e                CO_CANopenInit
 .text.CO_CANopenInitPDO
                0x000000000000a3e6       0xea ./CANopenNode/CANopen.o
                0x000000000000a3e6                CO_CANopenInitPDO
 .text.CO_process
                0x000000000000a4d0       0x7e ./CANopenNode/CANopen.o
                0x000000000000a4d0                CO_process
 .text.CO_process_RPDO
                0x000000000000a54e       0x40 ./CANopenNode/CANopen.o
                0x000000000000a54e                CO_process_RPDO
 .text.CO_process_TPDO
                0x000000000000a58e       0x40 ./CANopenNode/CANopen.o
                0x000000000000a58e                CO_process_TPDO
 .text.__addsf3
                0x000000000000a5ce      0x36a c:/mounriver/mounriver_studio/toolchain/risc-v embedded gcc/bin/../lib/gcc/riscv-none-embed/8.2.0/rv32imacxw/ilp32\libgcc.a(addsf3.o)
                0x000000000000a5ce                __addsf3
 .text.__divsf3
                0x000000000000a938      0x2b2 c:/mounriver/mounriver_studio/toolchain/risc-v embedded gcc/bin/../lib/gcc/riscv-none-embed/8.2.0/rv32imacxw/ilp32\libgcc.a(divsf3.o)
                0x000000000000a938                __divsf3
 .text.__gesf2  0x000000000000abea       0x86 c:/mounriver/mounriver_studio/toolchain/risc-v embedded gcc/bin/../lib/gcc/riscv-none-embed/8.2.0/rv32imacxw/ilp32\libgcc.a(gesf2.o)
                0x000000000000abea                __gesf2
                0x000000000000abea                __gtsf2
 .text.__lesf2  0x000000000000ac70       0x8c c:/mounriver/mounriver_studio/toolchain/risc-v embedded gcc/bin/../lib/gcc/riscv-none-embed/8.2.0/rv32imacxw/ilp32\libgcc.a(lesf2.o)
                0x000000000000ac70                __ltsf2
                0x000000000000ac70                __lesf2
 .text.__mulsf3
                0x000000000000acfc      0x290 c:/mounriver/mounriver_studio/toolchain/risc-v embedded gcc/bin/../lib/gcc/riscv-none-embed/8.2.0/rv32imacxw/ilp32\libgcc.a(mulsf3.o)
                0x000000000000acfc                __mulsf3
 .text.__subsf3
                0x000000000000af8c      0x388 c:/mounriver/mounriver_studio/toolchain/risc-v embedded gcc/bin/../lib/gcc/riscv-none-embed/8.2.0/rv32imacxw/ilp32\libgcc.a(subsf3.o)
                0x000000000000af8c                __subsf3
 .text.__fixsfsi
                0x000000000000b314       0x62 c:/mounriver/mounriver_studio/toolchain/risc-v embedded gcc/bin/../lib/gcc/riscv-none-embed/8.2.0/rv32imacxw/ilp32\libgcc.a(fixsfsi.o)
                0x000000000000b314                __fixsfsi
 .text.__fixunssfsi
                0x000000000000b376       0x56 c:/mounriver/mounriver_studio/toolchain/risc-v embedded gcc/bin/../lib/gcc/riscv-none-embed/8.2.0/rv32imacxw/ilp32\libgcc.a(fixunssfsi.o)
                0x000000000000b376                __fixunssfsi
 .text.__floatsisf
                0x000000000000b3cc       0xc6 c:/mounriver/mounriver_studio/toolchain/risc-v embedded gcc/bin/../lib/gcc/riscv-none-embed/8.2.0/rv32imacxw/ilp32\libgcc.a(floatsisf.o)
                0x000000000000b3cc                __floatsisf
 .text.__floatunsisf
                0x000000000000b492       0xce c:/mounriver/mounriver_studio/toolchain/risc-v embedded gcc/bin/../lib/gcc/riscv-none-embed/8.2.0/rv32imacxw/ilp32\libgcc.a(floatunsisf.o)
                0x000000000000b492                __floatunsisf
 .text.__clzsi2
                0x000000000000b560       0x6e c:/mounriver/mounriver_studio/toolchain/risc-v embedded gcc/bin/../lib/gcc/riscv-none-embed/8.2.0/rv32imacxw/ilp32\libgcc.a(_clzsi2.o)
                0x000000000000b560                __clzsi2
 .text.calloc   0x000000000000b5ce        0xc c:/mounriver/mounriver_studio/toolchain/risc-v embedded gcc/bin/../lib/gcc/riscv-none-embed/8.2.0/../../../../riscv-none-embed/lib/rv32imacxw/ilp32\libg_nano.a(lib_a-calloc.o)
                0x000000000000b5ce                calloc
 .text.free     0x000000000000b5da        0xa c:/mounriver/mounriver_studio/toolchain/risc-v embedded gcc/bin/../lib/gcc/riscv-none-embed/8.2.0/../../../../riscv-none-embed/lib/rv32imacxw/ilp32\libg_nano.a(lib_a-malloc.o)
                0x000000000000b5da                free
 .text.memcpy   0x000000000000b5e4       0xb2 c:/mounriver/mounriver_studio/toolchain/risc-v embedded gcc/bin/../lib/gcc/riscv-none-embed/8.2.0/../../../../riscv-none-embed/lib/rv32imacxw/ilp32\libg_nano.a(lib_a-memcpy.o)
                0x000000000000b5e4                memcpy
 .text.memmove  0x000000000000b696       0x46 c:/mounriver/mounriver_studio/toolchain/risc-v embedded gcc/bin/../lib/gcc/riscv-none-embed/8.2.0/../../../../riscv-none-embed/lib/rv32imacxw/ilp32\libg_nano.a(lib_a-memmove.o)
                0x000000000000b696                memmove
 .text._calloc_r
                0x000000000000b6dc       0x26 c:/mounriver/mounriver_studio/toolchain/risc-v embedded gcc/bin/../lib/gcc/riscv-none-embed/8.2.0/../../../../riscv-none-embed/lib/rv32imacxw/ilp32\libg_nano.a(lib_a-nano-callocr.o)
                0x000000000000b6dc                _calloc_r
 .text._free_r  0x000000000000b702       0xa4 c:/mounriver/mounriver_studio/toolchain/risc-v embedded gcc/bin/../lib/gcc/riscv-none-embed/8.2.0/../../../../riscv-none-embed/lib/rv32imacxw/ilp32\libg_nano.a(lib_a-nano-freer.o)
                0x000000000000b702                _free_r
 .text._malloc_r
                0x000000000000b7a6       0xce c:/mounriver/mounriver_studio/toolchain/risc-v embedded gcc/bin/../lib/gcc/riscv-none-embed/8.2.0/../../../../riscv-none-embed/lib/rv32imacxw/ilp32\libg_nano.a(lib_a-nano-mallocr.o)
                0x000000000000b7a6                _malloc_r
 .text.printf   0x000000000000b874       0x3e c:/mounriver/mounriver_studio/toolchain/risc-v embedded gcc/bin/../lib/gcc/riscv-none-embed/8.2.0/../../../../riscv-none-embed/lib/rv32imacxw/ilp32\libg_nano.a(lib_a-printf.o)
                0x000000000000b874                iprintf
                0x000000000000b874                printf
 .text._sbrk_r  0x000000000000b8b2       0x32 c:/mounriver/mounriver_studio/toolchain/risc-v embedded gcc/bin/../lib/gcc/riscv-none-embed/8.2.0/../../../../riscv-none-embed/lib/rv32imacxw/ilp32\libg_nano.a(lib_a-sbrkr.o)
                0x000000000000b8b2                _sbrk_r
 .text.strlen   0x000000000000b8e4       0x12 c:/mounriver/mounriver_studio/toolchain/risc-v embedded gcc/bin/../lib/gcc/riscv-none-embed/8.2.0/../../../../riscv-none-embed/lib/rv32imacxw/ilp32\libg_nano.a(lib_a-strlen.o)
                0x000000000000b8e4                strlen
 .text.std      0x000000000000b8f6       0x66 c:/mounriver/mounriver_studio/toolchain/risc-v embedded gcc/bin/../lib/gcc/riscv-none-embed/8.2.0/../../../../riscv-none-embed/lib/rv32imacxw/ilp32\libg_nano.a(lib_a-findfp.o)
 .text._cleanup_r
                0x000000000000b95c        0xa c:/mounriver/mounriver_studio/toolchain/risc-v embedded gcc/bin/../lib/gcc/riscv-none-embed/8.2.0/../../../../riscv-none-embed/lib/rv32imacxw/ilp32\libg_nano.a(lib_a-findfp.o)
                0x000000000000b95c                _cleanup_r
 .text.__sfmoreglue
                0x000000000000b966       0x48 c:/mounriver/mounriver_studio/toolchain/risc-v embedded gcc/bin/../lib/gcc/riscv-none-embed/8.2.0/../../../../riscv-none-embed/lib/rv32imacxw/ilp32\libg_nano.a(lib_a-findfp.o)
                0x000000000000b966                __sfmoreglue
 .text.__sinit  0x000000000000b9ae       0x6c c:/mounriver/mounriver_studio/toolchain/risc-v embedded gcc/bin/../lib/gcc/riscv-none-embed/8.2.0/../../../../riscv-none-embed/lib/rv32imacxw/ilp32\libg_nano.a(lib_a-findfp.o)
                0x000000000000b9ae                __sinit
 .text.__sfp    0x000000000000ba1a       0xa0 c:/mounriver/mounriver_studio/toolchain/risc-v embedded gcc/bin/../lib/gcc/riscv-none-embed/8.2.0/../../../../riscv-none-embed/lib/rv32imacxw/ilp32\libg_nano.a(lib_a-findfp.o)
                0x000000000000ba1a                __sfp
 .text._fwalk_reent
                0x000000000000baba       0x6a c:/mounriver/mounriver_studio/toolchain/risc-v embedded gcc/bin/../lib/gcc/riscv-none-embed/8.2.0/../../../../riscv-none-embed/lib/rv32imacxw/ilp32\libg_nano.a(lib_a-fwalk.o)
                0x000000000000baba                _fwalk_reent
 .text.__malloc_lock
                0x000000000000bb24        0x2 c:/mounriver/mounriver_studio/toolchain/risc-v embedded gcc/bin/../lib/gcc/riscv-none-embed/8.2.0/../../../../riscv-none-embed/lib/rv32imacxw/ilp32\libg_nano.a(lib_a-mlock.o)
                0x000000000000bb24                __malloc_lock
 .text.__malloc_unlock
                0x000000000000bb26        0x2 c:/mounriver/mounriver_studio/toolchain/risc-v embedded gcc/bin/../lib/gcc/riscv-none-embed/8.2.0/../../../../riscv-none-embed/lib/rv32imacxw/ilp32\libg_nano.a(lib_a-mlock.o)
                0x000000000000bb26                __malloc_unlock
 .text.__sfputc_r
                0x000000000000bb28       0x26 c:/mounriver/mounriver_studio/toolchain/risc-v embedded gcc/bin/../lib/gcc/riscv-none-embed/8.2.0/../../../../riscv-none-embed/lib/rv32imacxw/ilp32\libg_nano.a(lib_a-nano-vfprintf.o)
 .text.__sfputs_r
                0x000000000000bb4e       0x42 c:/mounriver/mounriver_studio/toolchain/risc-v embedded gcc/bin/../lib/gcc/riscv-none-embed/8.2.0/../../../../riscv-none-embed/lib/rv32imacxw/ilp32\libg_nano.a(lib_a-nano-vfprintf.o)
                0x000000000000bb4e                __sfputs_r
 .text._vfprintf_r
                0x000000000000bb90      0x28c c:/mounriver/mounriver_studio/toolchain/risc-v embedded gcc/bin/../lib/gcc/riscv-none-embed/8.2.0/../../../../riscv-none-embed/lib/rv32imacxw/ilp32\libg_nano.a(lib_a-nano-vfprintf.o)
                0x000000000000bb90                _vfprintf_r
                0x000000000000bb90                _vfiprintf_r
 .text._printf_common
                0x000000000000be1c      0x10c c:/mounriver/mounriver_studio/toolchain/risc-v embedded gcc/bin/../lib/gcc/riscv-none-embed/8.2.0/../../../../riscv-none-embed/lib/rv32imacxw/ilp32\libg_nano.a(lib_a-nano-vfprintf_i.o)
                0x000000000000be1c                _printf_common
 .text._printf_i
                0x000000000000bf28      0x2a2 c:/mounriver/mounriver_studio/toolchain/risc-v embedded gcc/bin/../lib/gcc/riscv-none-embed/8.2.0/../../../../riscv-none-embed/lib/rv32imacxw/ilp32\libg_nano.a(lib_a-nano-vfprintf_i.o)
                0x000000000000bf28                _printf_i
 .text.__sread  0x000000000000c1ca       0x2c c:/mounriver/mounriver_studio/toolchain/risc-v embedded gcc/bin/../lib/gcc/riscv-none-embed/8.2.0/../../../../riscv-none-embed/lib/rv32imacxw/ilp32\libg_nano.a(lib_a-stdio.o)
                0x000000000000c1ca                __sread
 .text.__swrite
                0x000000000000c1f6       0x48 c:/mounriver/mounriver_studio/toolchain/risc-v embedded gcc/bin/../lib/gcc/riscv-none-embed/8.2.0/../../../../riscv-none-embed/lib/rv32imacxw/ilp32\libg_nano.a(lib_a-stdio.o)
                0x000000000000c1f6                __swrite
 .text.__sseek  0x000000000000c23e       0x30 c:/mounriver/mounriver_studio/toolchain/risc-v embedded gcc/bin/../lib/gcc/riscv-none-embed/8.2.0/../../../../riscv-none-embed/lib/rv32imacxw/ilp32\libg_nano.a(lib_a-stdio.o)
                0x000000000000c23e                __sseek
 .text.__sclose
                0x000000000000c26e        0x6 c:/mounriver/mounriver_studio/toolchain/risc-v embedded gcc/bin/../lib/gcc/riscv-none-embed/8.2.0/../../../../riscv-none-embed/lib/rv32imacxw/ilp32\libg_nano.a(lib_a-stdio.o)
                0x000000000000c26e                __sclose
 .text.__swbuf_r
                0x000000000000c274       0xbe c:/mounriver/mounriver_studio/toolchain/risc-v embedded gcc/bin/../lib/gcc/riscv-none-embed/8.2.0/../../../../riscv-none-embed/lib/rv32imacxw/ilp32\libg_nano.a(lib_a-wbuf.o)
                0x000000000000c274                __swbuf_r
 .text._write_r
                0x000000000000c332       0x36 c:/mounriver/mounriver_studio/toolchain/risc-v embedded gcc/bin/../lib/gcc/riscv-none-embed/8.2.0/../../../../riscv-none-embed/lib/rv32imacxw/ilp32\libg_nano.a(lib_a-writer.o)
                0x000000000000c332                _write_r
 .text.__swsetup_r
                0x000000000000c368      0x100 c:/mounriver/mounriver_studio/toolchain/risc-v embedded gcc/bin/../lib/gcc/riscv-none-embed/8.2.0/../../../../riscv-none-embed/lib/rv32imacxw/ilp32\libg_nano.a(lib_a-wsetup.o)
                0x000000000000c368                __swsetup_r
 .text._close_r
                0x000000000000c468       0x30 c:/mounriver/mounriver_studio/toolchain/risc-v embedded gcc/bin/../lib/gcc/riscv-none-embed/8.2.0/../../../../riscv-none-embed/lib/rv32imacxw/ilp32\libg_nano.a(lib_a-closer.o)
                0x000000000000c468                _close_r
 .text.__sflush_r
                0x000000000000c498      0x132 c:/mounriver/mounriver_studio/toolchain/risc-v embedded gcc/bin/../lib/gcc/riscv-none-embed/8.2.0/../../../../riscv-none-embed/lib/rv32imacxw/ilp32\libg_nano.a(lib_a-fflush.o)
                0x000000000000c498                __sflush_r
 .text._fflush_r
                0x000000000000c5ca       0x68 c:/mounriver/mounriver_studio/toolchain/risc-v embedded gcc/bin/../lib/gcc/riscv-none-embed/8.2.0/../../../../riscv-none-embed/lib/rv32imacxw/ilp32\libg_nano.a(lib_a-fflush.o)
                0x000000000000c5ca                _fflush_r
 .text._lseek_r
                0x000000000000c632       0x34 c:/mounriver/mounriver_studio/toolchain/risc-v embedded gcc/bin/../lib/gcc/riscv-none-embed/8.2.0/../../../../riscv-none-embed/lib/rv32imacxw/ilp32\libg_nano.a(lib_a-lseekr.o)
                0x000000000000c632                _lseek_r
 .text.__swhatbuf_r
                0x000000000000c666       0x56 c:/mounriver/mounriver_studio/toolchain/risc-v embedded gcc/bin/../lib/gcc/riscv-none-embed/8.2.0/../../../../riscv-none-embed/lib/rv32imacxw/ilp32\libg_nano.a(lib_a-makebuf.o)
                0x000000000000c666                __swhatbuf_r
 .text.__smakebuf_r
                0x000000000000c6bc       0x92 c:/mounriver/mounriver_studio/toolchain/risc-v embedded gcc/bin/../lib/gcc/riscv-none-embed/8.2.0/../../../../riscv-none-embed/lib/rv32imacxw/ilp32\libg_nano.a(lib_a-makebuf.o)
                0x000000000000c6bc                __smakebuf_r
 .text.memchr   0x000000000000c74e       0x18 c:/mounriver/mounriver_studio/toolchain/risc-v embedded gcc/bin/../lib/gcc/riscv-none-embed/8.2.0/../../../../riscv-none-embed/lib/rv32imacxw/ilp32\libg_nano.a(lib_a-memchr.o)
                0x000000000000c74e                memchr
 .text._read_r  0x000000000000c766       0x34 c:/mounriver/mounriver_studio/toolchain/risc-v embedded gcc/bin/../lib/gcc/riscv-none-embed/8.2.0/../../../../riscv-none-embed/lib/rv32imacxw/ilp32\libg_nano.a(lib_a-readr.o)
                0x000000000000c766                _read_r
 .text._fstat_r
                0x000000000000c79a       0x32 c:/mounriver/mounriver_studio/toolchain/risc-v embedded gcc/bin/../lib/gcc/riscv-none-embed/8.2.0/../../../../riscv-none-embed/lib/rv32imacxw/ilp32\libg_nano.a(lib_a-fstatr.o)
                0x000000000000c79a                _fstat_r
 .text._isatty_r
                0x000000000000c7cc       0x30 c:/mounriver/mounriver_studio/toolchain/risc-v embedded gcc/bin/../lib/gcc/riscv-none-embed/8.2.0/../../../../riscv-none-embed/lib/rv32imacxw/ilp32\libg_nano.a(lib_a-isattyr.o)
                0x000000000000c7cc                _isatty_r
 .text._close   0x000000000000c7fc       0x10 c:/mounriver/mounriver_studio/toolchain/risc-v embedded gcc/bin/../lib/gcc/riscv-none-embed/8.2.0/../../../../riscv-none-embed/lib/rv32imacxw/ilp32\libnosys.a(close.o)
                0x000000000000c7fc                _close
 .text._fstat   0x000000000000c80c       0x10 c:/mounriver/mounriver_studio/toolchain/risc-v embedded gcc/bin/../lib/gcc/riscv-none-embed/8.2.0/../../../../riscv-none-embed/lib/rv32imacxw/ilp32\libnosys.a(fstat.o)
                0x000000000000c80c                _fstat
 .text._isatty  0x000000000000c81c       0x10 c:/mounriver/mounriver_studio/toolchain/risc-v embedded gcc/bin/../lib/gcc/riscv-none-embed/8.2.0/../../../../riscv-none-embed/lib/rv32imacxw/ilp32\libnosys.a(isatty.o)
                0x000000000000c81c                _isatty
 .text._lseek   0x000000000000c82c       0x10 c:/mounriver/mounriver_studio/toolchain/risc-v embedded gcc/bin/../lib/gcc/riscv-none-embed/8.2.0/../../../../riscv-none-embed/lib/rv32imacxw/ilp32\libnosys.a(lseek.o)
                0x000000000000c82c                _lseek
 .text._read    0x000000000000c83c       0x10 c:/mounriver/mounriver_studio/toolchain/risc-v embedded gcc/bin/../lib/gcc/riscv-none-embed/8.2.0/../../../../riscv-none-embed/lib/rv32imacxw/ilp32\libnosys.a(read.o)
                0x000000000000c83c                _read
 *(.rodata)
 *(.rodata*)
 *fill*         0x000000000000c84c        0x0 
 .rodata.CalPoint
                0x000000000000c84c       0x48 ./User/DataModel.o
 .rodata.bitrate_table
                0x000000000000c894       0x10 ./User/DataModel.o
 .rodata.seg_const
                0x000000000000c8a4       0x12 ./User/DataModel.o
 *fill*         0x000000000000c8b6        0x2 
 .rodata.vIncrementSystemCounters.cst4
                0x000000000000c8b8        0x8 ./User/DataModel.o
 .rodata.getODValue
                0x000000000000c8c0       0x74 ./User/dash_draw.o
 .rodata.MenuStateCross
                0x000000000000c934       0x14 ./User/dash_draw.o
 .rodata.dm     0x000000000000c948       0x3f ./User/dash_draw.o
 *fill*         0x000000000000c987        0x1 
 .rodata.getODValue.cst4
                0x000000000000c988        0x4 ./User/dash_draw.o
                                          0x8 (size before relaxing)
 .rodata.vBarColorMode.cst4
                0x000000000000c98c        0x4 ./User/dash_draw.o
 .rodata.ADC_FSM.cst4
                0x000000000000c990       0x14 ./User/inputs.o
 .rodata.vInputsTask.cst4
                0x000000000000c9a4        0xc ./User/inputs.o
 .rodata.SetSegDirect
                0x000000000000c9b0       0x1c ./User/led.o
 .rodata.Brigth
                0x000000000000c9cc       0x1e ./User/led.o
 *fill*         0x000000000000c9ea        0x2 
 .rodata.DigitMask
                0x000000000000c9ec        0xa ./User/led.o
                0x000000000000c9ec                DigitMask
 *fill*         0x000000000000c9f6        0x2 
 .rodata.offset_mask
                0x000000000000c9f8        0xe ./User/led.o
 *fill*         0x000000000000ca06        0x2 
 .rodata.step_mask
                0x000000000000ca08        0xe ./User/led.o
 *fill*         0x000000000000ca16        0x2 
 .rodata.OD_ADC1_CAL_extension
                0x000000000000ca18       0x10 ./User/process.o
                0x000000000000ca18                OD_ADC1_CAL_extension
 .rodata.OD_ADC2_CAL_extension
                0x000000000000ca28       0x10 ./User/process.o
                0x000000000000ca28                OD_ADC2_CAL_extension
 .rodata.OD_ADC3_CAL_extension
                0x000000000000ca38       0x10 ./User/process.o
                0x000000000000ca38                OD_ADC3_CAL_extension
 .rodata.OD_AIN_RPM_extension
                0x000000000000ca48       0x10 ./User/process.o
                0x000000000000ca48                OD_AIN_RPM_extension
 .rodata.OD_BAR_extension
                0x000000000000ca58       0x10 ./User/process.o
                0x000000000000ca58                OD_BAR_extension
 .rodata.OD_BOARD_SETTINGS_extension
                0x000000000000ca68       0x10 ./User/process.o
                0x000000000000ca68                OD_BOARD_SETTINGS_extension
 .rodata.OD_DASH_PARAM_extension
                0x000000000000ca78       0x10 ./User/process.o
                0x000000000000ca78                OD_DASH_PARAM_extension
 .rodata.OD_DIN_extension
                0x000000000000ca88       0x10 ./User/process.o
                0x000000000000ca88                OD_DIN_extension
 .rodata.OD_MENU_MAP_extension
                0x000000000000ca98       0x10 ./User/process.o
                0x000000000000ca98                OD_MENU_MAP_extension
 .rodata.OD_MENU_SETUP_extension
                0x000000000000caa8       0x10 ./User/process.o
                0x000000000000caa8                OD_MENU_SETUP_extension
 .rodata.OD_RGB10_extension
                0x000000000000cab8       0x10 ./User/process.o
                0x000000000000cab8                OD_RGB10_extension
 .rodata.OD_RGB11_extension
                0x000000000000cac8       0x10 ./User/process.o
                0x000000000000cac8                OD_RGB11_extension
 .rodata.OD_RGB12_extension
                0x000000000000cad8       0x10 ./User/process.o
                0x000000000000cad8                OD_RGB12_extension
 .rodata.OD_RGB13_extension
                0x000000000000cae8       0x10 ./User/process.o
                0x000000000000cae8                OD_RGB13_extension
 .rodata.OD_RGB1_extension
                0x000000000000caf8       0x10 ./User/process.o
                0x000000000000caf8                OD_RGB1_extension
 .rodata.OD_RGB2_extension
                0x000000000000cb08       0x10 ./User/process.o
                0x000000000000cb08                OD_RGB2_extension
 .rodata.OD_RGB3_extension
                0x000000000000cb18       0x10 ./User/process.o
                0x000000000000cb18                OD_RGB3_extension
 .rodata.OD_RGB4_extension
                0x000000000000cb28       0x10 ./User/process.o
                0x000000000000cb28                OD_RGB4_extension
 .rodata.OD_RGB5_extension
                0x000000000000cb38       0x10 ./User/process.o
                0x000000000000cb38                OD_RGB5_extension
 .rodata.OD_RGB6_extension
                0x000000000000cb48       0x10 ./User/process.o
                0x000000000000cb48                OD_RGB6_extension
 .rodata.OD_RGB7_extension
                0x000000000000cb58       0x10 ./User/process.o
                0x000000000000cb58                OD_RGB7_extension
 .rodata.OD_RGB8_extension
                0x000000000000cb68       0x10 ./User/process.o
                0x000000000000cb68                OD_RGB8_extension
 .rodata.OD_RGB9_extension
                0x000000000000cb78       0x10 ./User/process.o
                0x000000000000cb78                OD_RGB9_extension
 .rodata.OD_RGBMAP_extension
                0x000000000000cb88       0x10 ./User/process.o
                0x000000000000cb88                OD_RGBMAP_extension
 .rodata.OD_RPMCONFIG_extension
                0x000000000000cb98       0x10 ./User/process.o
                0x000000000000cb98                OD_RPMCONFIG_extension
 .rodata.OD_SEG_extension
                0x000000000000cba8       0x10 ./User/process.o
                0x000000000000cba8                OD_SEG_extension
 .rodata.OD_VRegiters_extension
                0x000000000000cbb8       0x10 ./User/process.o
                0x000000000000cbb8                OD_VRegiters_extension
 .rodata.writeADC.isra.9.cst4
                0x000000000000cbc8        0x4 ./User/process.o
 .rodata.vSYStaskInit.str1.4
                0x000000000000cbc8       0x44 ./User/system_init.o
 .rodata.GetRPM.cst4
                0x000000000000cc0c        0x8 ./HWLIB/hw_lib_din.o
 .rodata.vSetRPMConfig.cst4
                0x000000000000cc14        0x4 ./HWLIB/hw_lib_din.o
 .rodata.ADC_chennel_ref
                0x000000000000cc18       0x12 ./HAL/hal_adc_ch32.o
 *fill*         0x000000000000cc2a        0x2 
 .rodata.PERIPH_MASK
                0x000000000000cc2c        0xc ./HAL/hal_gpio_ch32.o
 .rodata.I2C_FSM
                0x000000000000cc38       0x30 ./HAL/hal_i2c.o
 .rodata.timers
                0x000000000000cc68       0x14 ./HAL/hal_timers.o
 .rodata.pvPortMalloc.str1.4
                0x000000000000cc7c       0x49 ./FreeRTOS/portable/MemMang/heap_4.o
 *fill*         0x000000000000ccc5        0x3 
 .rodata.xPortStartScheduler.str1.4
                0x000000000000ccc8       0x27 ./FreeRTOS/portable/GCC/RISC-V/port.o
                                         0x49 (size before relaxing)
 *fill*         0x000000000000ccef        0x1 
 .rodata.xQueueGenericReset.str1.4
                0x000000000000ccf0       0x14 ./FreeRTOS/queue.o
                                         0x35 (size before relaxing)
 .rodata.xTaskGenericNotify
                0x000000000000cd04       0x14 ./FreeRTOS/tasks.o
 .rodata.xTaskGenericNotifyFromISR
                0x000000000000cd18       0x14 ./FreeRTOS/tasks.o
 .rodata.prvTaskIsTaskSuspended.str1.4
                0x000000000000cd2c       0x14 ./FreeRTOS/tasks.o
                                         0x35 (size before relaxing)
 .rodata.vTaskStartScheduler.str1.4
                0x000000000000cd40        0x5 ./FreeRTOS/tasks.o
 *fill*         0x000000000000cd45        0x3 
 .rodata.vInitABFilter.cst4
                0x000000000000cd48        0x4 ./Drivers/filters.o
 .rodata.ODObjs
                0x000000000000cd4c      0xb70 ./CANopenNode/keypad/OD.o
 .rodata.CO_LSS_bitTimingTableLookup
                0x000000000000d8bc       0x14 ./CANopenNode/305/CO_LSSslave.o
 .rodata.abortCodes.6833
                0x000000000000d8d0       0x68 ./CANopenNode/301/CO_ODinterface.o
 .rodata.__divsf3
                0x000000000000d938       0x80 c:/mounriver/mounriver_studio/toolchain/risc-v embedded gcc/bin/../lib/gcc/riscv-none-embed/8.2.0/rv32imacxw/ilp32\libgcc.a(divsf3.o)
 .rodata.__mulsf3
                0x000000000000d9b8       0x40 c:/mounriver/mounriver_studio/toolchain/risc-v embedded gcc/bin/../lib/gcc/riscv-none-embed/8.2.0/rv32imacxw/ilp32\libgcc.a(mulsf3.o)
 .rodata.__clz_tab
                0x000000000000d9f8      0x100 c:/mounriver/mounriver_studio/toolchain/risc-v embedded gcc/bin/../lib/gcc/riscv-none-embed/8.2.0/rv32imacxw/ilp32\libgcc.a(_clz.o)
                0x000000000000d9f8                __clz_tab
 .rodata.__sf_fake_stderr
                0x000000000000daf8       0x20 c:/mounriver/mounriver_studio/toolchain/risc-v embedded gcc/bin/../lib/gcc/riscv-none-embed/8.2.0/../../../../riscv-none-embed/lib/rv32imacxw/ilp32\libg_nano.a(lib_a-findfp.o)
                0x000000000000daf8                __sf_fake_stderr
 .rodata.__sf_fake_stdin
                0x000000000000db18       0x20 c:/mounriver/mounriver_studio/toolchain/risc-v embedded gcc/bin/../lib/gcc/riscv-none-embed/8.2.0/../../../../riscv-none-embed/lib/rv32imacxw/ilp32\libg_nano.a(lib_a-findfp.o)
                0x000000000000db18                __sf_fake_stdin
 .rodata.__sf_fake_stdout
                0x000000000000db38       0x20 c:/mounriver/mounriver_studio/toolchain/risc-v embedded gcc/bin/../lib/gcc/riscv-none-embed/8.2.0/../../../../riscv-none-embed/lib/rv32imacxw/ilp32\libg_nano.a(lib_a-findfp.o)
                0x000000000000db38                __sf_fake_stdout
 .rodata._vfprintf_r.str1.4
                0x000000000000db58       0x13 c:/mounriver/mounriver_studio/toolchain/risc-v embedded gcc/bin/../lib/gcc/riscv-none-embed/8.2.0/../../../../riscv-none-embed/lib/rv32imacxw/ilp32\libg_nano.a(lib_a-nano-vfprintf.o)
 *fill*         0x000000000000db6b        0x1 
 .rodata._printf_i.str1.4
                0x000000000000db6c       0x28 c:/mounriver/mounriver_studio/toolchain/risc-v embedded gcc/bin/../lib/gcc/riscv-none-embed/8.2.0/../../../../riscv-none-embed/lib/rv32imacxw/ilp32\libg_nano.a(lib_a-nano-vfprintf_i.o)
                                         0x25 (size before relaxing)
 *(.glue_7)
 *(.glue_7t)
 *(.gnu.linkonce.t.*)
                0x000000000000db94                . = ALIGN (0x4)

.rela.dyn       0x000000000000db94        0x0
 .rela.init     0x000000000000db94        0x0 ./User/CanOpenNode.o
 .rela.vector   0x000000000000db94        0x0 ./User/CanOpenNode.o
 .rela.text.handle_reset
                0x000000000000db94        0x0 ./User/CanOpenNode.o
 .rela.text.xPortStartScheduler
                0x000000000000db94        0x0 ./User/CanOpenNode.o
 .rela.sdata2.xISRStackTop
                0x000000000000db94        0x0 ./User/CanOpenNode.o
 .rela.text._sbrk
                0x000000000000db94        0x0 ./User/CanOpenNode.o
 .rela.sdata.curbrk.4668
                0x000000000000db94        0x0 ./User/CanOpenNode.o
 .rela.text._sbrk_r
                0x000000000000db94        0x0 ./User/CanOpenNode.o
 .rela.text._vfprintf_r
                0x000000000000db94        0x0 ./User/CanOpenNode.o
 .rela.text._write_r
                0x000000000000db94        0x0 ./User/CanOpenNode.o
 .rela.text._close_r
                0x000000000000db94        0x0 ./User/CanOpenNode.o
 .rela.text._lseek_r
                0x000000000000db94        0x0 ./User/CanOpenNode.o
 .rela.text._read_r
                0x000000000000db94        0x0 ./User/CanOpenNode.o
 .rela.text._fstat_r
                0x000000000000db94        0x0 ./User/CanOpenNode.o
 .rela.text._isatty_r
                0x000000000000db94        0x0 ./User/CanOpenNode.o
 .rela.text._close
                0x000000000000db94        0x0 ./User/CanOpenNode.o
 .rela.text._fstat
                0x000000000000db94        0x0 ./User/CanOpenNode.o
 .rela.text._isatty
                0x000000000000db94        0x0 ./User/CanOpenNode.o
 .rela.text._lseek
                0x000000000000db94        0x0 ./User/CanOpenNode.o
 .rela.text._read
                0x000000000000db94        0x0 ./User/CanOpenNode.o

.fini           0x000000000000db94        0x0
 *(SORT_NONE(.fini))
                0x000000000000db94                . = ALIGN (0x4)
                [!provide]                        PROVIDE (_etext = .)
                [!provide]                        PROVIDE (_eitcm = .)

.preinit_array  0x000000000000db94        0x0
                [!provide]                        PROVIDE (__preinit_array_start = .)
 *(.preinit_array)