Archive member included to satisfy reference by file (symbol)

c:/mounriver/mounriver_studio/toolchain/risc-v embedded gcc/bin/../lib/gcc/riscv-none-embed/8.2.0/rv32imacxw/ilp32\libgcc.a(divdf3.o)
                              ./HAL_LIB/hw_lib_din.o (__divdf3)
c:/mounriver/mounriver_studio/toolchain/risc-v embedded gcc/bin/../lib/gcc/riscv-none-embed/8.2.0/rv32imacxw/ilp32\libgcc.a(muldf3.o)
                              ./User/inputs.o (__muldf3)
c:/mounriver/mounriver_studio/toolchain/risc-v embedded gcc/bin/../lib/gcc/riscv-none-embed/8.2.0/rv32imacxw/ilp32\libgcc.a(fixunsdfsi.o)
                              ./HAL_LIB/hw_lib_din.o (__fixunsdfsi)
c:/mounriver/mounriver_studio/toolchain/risc-v embedded gcc/bin/../lib/gcc/riscv-none-embed/8.2.0/rv32imacxw/ilp32\libgcc.a(floatunsidf.o)
                              ./User/inputs.o (__floatunsidf)
c:/mounriver/mounriver_studio/toolchain/risc-v embedded gcc/bin/../lib/gcc/riscv-none-embed/8.2.0/rv32imacxw/ilp32\libgcc.a(addsf3.o)
                              ./User/inputs.o (__addsf3)
c:/mounriver/mounriver_studio/toolchain/risc-v embedded gcc/bin/../lib/gcc/riscv-none-embed/8.2.0/rv32imacxw/ilp32\libgcc.a(divsf3.o)
                              ./User/DataModel.o (__divsf3)
c:/mounriver/mounriver_studio/toolchain/risc-v embedded gcc/bin/../lib/gcc/riscv-none-embed/8.2.0/rv32imacxw/ilp32\libgcc.a(eqsf2.o)
                              ./HAL_LIB/hw_lib_din.o (__nesf2)
c:/mounriver/mounriver_studio/toolchain/risc-v embedded gcc/bin/../lib/gcc/riscv-none-embed/8.2.0/rv32imacxw/ilp32\libgcc.a(gesf2.o)
                              ./User/inputs.o (__gesf2)
c:/mounriver/mounriver_studio/toolchain/risc-v embedded gcc/bin/../lib/gcc/riscv-none-embed/8.2.0/rv32imacxw/ilp32\libgcc.a(lesf2.o)
                              ./HAL_LIB/hw_lib_din.o (__lesf2)
c:/mounriver/mounriver_studio/toolchain/risc-v embedded gcc/bin/../lib/gcc/riscv-none-embed/8.2.0/rv32imacxw/ilp32\libgcc.a(mulsf3.o)
                              ./User/dash_draw.o (__mulsf3)
c:/mounriver/mounriver_studio/toolchain/risc-v embedded gcc/bin/../lib/gcc/riscv-none-embed/8.2.0/rv32imacxw/ilp32\libgcc.a(subsf3.o)
                              ./User/inputs.o (__subsf3)
c:/mounriver/mounriver_studio/toolchain/risc-v embedded gcc/bin/../lib/gcc/riscv-none-embed/8.2.0/rv32imacxw/ilp32\libgcc.a(fixsfsi.o)
                              ./User/dash_draw.o (__fixsfsi)
c:/mounriver/mounriver_studio/toolchain/risc-v embedded gcc/bin/../lib/gcc/riscv-none-embed/8.2.0/rv32imacxw/ilp32\libgcc.a(fixunssfsi.o)
                              ./User/DataModel.o (__fixunssfsi)
c:/mounriver/mounriver_studio/toolchain/risc-v embedded gcc/bin/../lib/gcc/riscv-none-embed/8.2.0/rv32imacxw/ilp32\libgcc.a(floatsisf.o)
                              ./User/DataModel.o (__floatsisf)
c:/mounriver/mounriver_studio/toolchain/risc-v embedded gcc/bin/../lib/gcc/riscv-none-embed/8.2.0/rv32imacxw/ilp32\libgcc.a(floatunsisf.o)
                              ./User/DataModel.o (__floatunsisf)
c:/mounriver/mounriver_studio/toolchain/risc-v embedded gcc/bin/../lib/gcc/riscv-none-embed/8.2.0/rv32imacxw/ilp32\libgcc.a(extendsfdf2.o)
                              ./HAL_LIB/hw_lib_din.o (__extendsfdf2)
c:/mounriver/mounriver_studio/toolchain/risc-v embedded gcc/bin/../lib/gcc/riscv-none-embed/8.2.0/rv32imacxw/ilp32\libgcc.a(truncdfsf2.o)
                              ./User/inputs.o (__truncdfsf2)
c:/mounriver/mounriver_studio/toolchain/risc-v embedded gcc/bin/../lib/gcc/riscv-none-embed/8.2.0/rv32imacxw/ilp32\libgcc.a(save-restore.o)
                              ./User/inputs.o (__riscv_save_12)
c:/mounriver/mounriver_studio/toolchain/risc-v embedded gcc/bin/../lib/gcc/riscv-none-embed/8.2.0/rv32imacxw/ilp32\libgcc.a(_clzsi2.o)
                              c:/mounriver/mounriver_studio/toolchain/risc-v embedded gcc/bin/../lib/gcc/riscv-none-embed/8.2.0/rv32imacxw/ilp32\libgcc.a(divdf3.o) (__clzsi2)
c:/mounriver/mounriver_studio/toolchain/risc-v embedded gcc/bin/../lib/gcc/riscv-none-embed/8.2.0/rv32imacxw/ilp32\libgcc.a(_clz.o)
                              c:/mounriver/mounriver_studio/toolchain/risc-v embedded gcc/bin/../lib/gcc/riscv-none-embed/8.2.0/rv32imacxw/ilp32\libgcc.a(_clzsi2.o) (__clz_tab)
c:/mounriver/mounriver_studio/toolchain/risc-v embedded gcc/bin/../lib/gcc/riscv-none-embed/8.2.0/../../../../riscv-none-embed/lib/rv32imacxw/ilp32\libg_nano.a(lib_a-calloc.o)
                              ./CANopenNode/CANopen.o (calloc)
c:/mounriver/mounriver_studio/toolchain/risc-v embedded gcc/bin/../lib/gcc/riscv-none-embed/8.2.0/../../../../riscv-none-embed/lib/rv32imacxw/ilp32\libg_nano.a(lib_a-impure.o)
                              c:/mounriver/mounriver_studio/toolchain/risc-v embedded gcc/bin/../lib/gcc/riscv-none-embed/8.2.0/../../../../riscv-none-embed/lib/rv32imacxw/ilp32\libg_nano.a(lib_a-calloc.o) (_impure_ptr)
[...]
Memory Configuration

Name             Origin             Length             Attributes
FLASH            0x0000000000000000 0x0000000000010000 xr
SFLASH           0x0000000000010000 0x0000000000002800 xr
RAM              0x0000000020000000 0x0000000000005000 xrw
*default*        0x0000000000000000 0xffffffffffffffff

Linker script and memory map

LOAD ./User/CanOpenNode.o
LOAD ./User/DataModel.o
LOAD ./User/ch32v20x_it.o
LOAD ./User/dash_draw.o
LOAD ./User/init.o
LOAD ./User/inputs.o
LOAD ./User/led.o
LOAD ./User/main.o
LOAD ./User/process.o
LOAD ./User/system_ch32v20x.o
LOAD ./User/system_init.o
LOAD ./Startup/startup_ch32v20x_D6.o
LOAD ./Peripheral/src/ch32v20x_adc.o
LOAD ./Peripheral/src/ch32v20x_bkp.o
LOAD ./Peripheral/src/ch32v20x_can.o
LOAD ./Peripheral/src/ch32v20x_crc.o
LOAD ./Peripheral/src/ch32v20x_dbgmcu.o
LOAD ./Peripheral/src/ch32v20x_dma.o
LOAD ./Peripheral/src/ch32v20x_exti.o
LOAD ./Peripheral/src/ch32v20x_flash.o
LOAD ./Peripheral/src/ch32v20x_gpio.o
LOAD ./Peripheral/src/ch32v20x_i2c.o
LOAD ./Peripheral/src/ch32v20x_iwdg.o
LOAD ./Peripheral/src/ch32v20x_misc.o
LOAD ./Peripheral/src/ch32v20x_opa.o
LOAD ./Peripheral/src/ch32v20x_pwr.o
LOAD ./Peripheral/src/ch32v20x_rcc.o
LOAD ./Peripheral/src/ch32v20x_rtc.o
LOAD ./Peripheral/src/ch32v20x_spi.o
LOAD ./Peripheral/src/ch32v20x_tim.o
LOAD ./Peripheral/src/ch32v20x_usart.o
LOAD ./Peripheral/src/ch32v20x_wwdg.o
LOAD ./HAL_LIB/filters.o
LOAD ./HAL_LIB/hw_data_model.o
LOAD ./HAL_LIB/hw_lib_adc.o
LOAD ./HAL_LIB/hw_lib_din.o
LOAD ./HAL_LIB/hw_lib_eeprom_i2c.o
LOAD ./HAL_LIB/hw_timeout.o
LOAD ./HAL_DRIVER/hal_can_ch32.o
LOAD ./HAL_DRIVER/hal_gpio_ch32.o
LOAD ./HAL_DRIVER/hal_i2c_ch32.o
LOAD ./HAL_DRIVER/hal_irq.o
LOAD ./HAL_DRIVER/hal_rtc_ch32.o
LOAD ./HAL_DRIVER/hal_spi_ch32.o
LOAD ./HAL_DRIVER/hal_wdt_ch32.o
LOAD ./HAL/hal_adc_ch32.o
LOAD ./HAL/hal_dma_ch32.o
LOAD ./HAL/hal_timers_ch32.o
LOAD ./FreeRTOS/portable/MemMang/heap_4.o
LOAD ./FreeRTOS/portable/GCC/RISC-V/port.o
LOAD ./FreeRTOS/portable/GCC/RISC-V/portASM.o
LOAD ./FreeRTOS/croutine.o
LOAD ./FreeRTOS/event_groups.o
LOAD ./FreeRTOS/list.o
LOAD ./FreeRTOS/queue.o
LOAD ./FreeRTOS/stream_buffer.o
LOAD ./FreeRTOS/tasks.o
LOAD ./FreeRTOS/timers.o
LOAD ./Debug/debug.o
LOAD ./Core/core_riscv.o
LOAD ./CANopenNode/keypad/CO_driver_ST32F103.o
LOAD ./CANopenNode/keypad/OD.o
LOAD ./CANopenNode/extra/CO_trace.o
LOAD ./CANopenNode/309/CO_gateway_ascii.o
LOAD ./CANopenNode/305/CO_LSSmaster.o
LOAD ./CANopenNode/305/CO_LSSslave.o
LOAD ./CANopenNode/304/CO_GFC.o
LOAD ./CANopenNode/304/CO_SRDO.o
LOAD ./CANopenNode/303/CO_LEDs.o
LOAD ./CANopenNode/301/CO_Emergency.o
LOAD ./CANopenNode/301/CO_HBconsumer.o
LOAD ./CANopenNode/301/CO_NMT_Heartbeat.o
LOAD ./CANopenNode/301/CO_Node_Guarding.o
LOAD ./CANopenNode/301/CO_ODinterface.o
LOAD ./CANopenNode/301/CO_PDO.o
LOAD ./CANopenNode/301/CO_SDOclient.o
LOAD ./CANopenNode/301/CO_SDOserver.o
LOAD ./CANopenNode/301/CO_SYNC.o
LOAD ./CANopenNode/301/CO_TIME.o
LOAD ./CANopenNode/301/CO_fifo.o
LOAD ./CANopenNode/301/crc16-ccitt.o
LOAD ./CANopenNode/CANopen.o
LOAD c:/mounriver/mounriver_studio/toolchain/risc-v embedded gcc/bin/../lib/gcc/riscv-none-embed/8.2.0/../../../../riscv-none-embed/lib/rv32imacxw/ilp32\libm.a
LOAD c:/mounriver/mounriver_studio/toolchain/risc-v embedded gcc/bin/../lib/gcc/riscv-none-embed/8.2.0/rv32imacxw/ilp32\libgcc.a
LOAD c:/mounriver/mounriver_studio/toolchain/risc-v embedded gcc/bin/../lib/gcc/riscv-none-embed/8.2.0/../../../../riscv-none-embed/lib/rv32imacxw/ilp32\libg_nano.a
LOAD c:/mounriver/mounriver_studio/toolchain/risc-v embedded gcc/bin/../lib/gcc/riscv-none-embed/8.2.0/../../../../riscv-none-embed/lib/rv32imacxw/ilp32\libc_nano.a
LOAD c:/mounriver/mounriver_studio/toolchain/risc-v embedded gcc/bin/../lib/gcc/riscv-none-embed/8.2.0/rv32imacxw/ilp32\libgcc.a
START GROUP
LOAD c:/mounriver/mounriver_studio/toolchain/risc-v embedded gcc/bin/../lib/gcc/riscv-none-embed/8.2.0/rv32imacxw/ilp32\libgcc.a
LOAD c:/mounriver/mounriver_studio/toolchain/risc-v embedded gcc/bin/../lib/gcc/riscv-none-embed/8.2.0/../../../../riscv-none-embed/lib/rv32imacxw/ilp32\libc_nano.a
LOAD c:/mounriver/mounriver_studio/toolchain/risc-v embedded gcc/bin/../lib/gcc/riscv-none-embed/8.2.0/../../../../riscv-none-embed/lib/rv32imacxw/ilp32\libnosys.a
END GROUP
START GROUP
LOAD c:/mounriver/mounriver_studio/toolchain/risc-v embedded gcc/bin/../lib/gcc/riscv-none-embed/8.2.0/rv32imacxw/ilp32\libgcc.a
LOAD c:/mounriver/mounriver_studio/toolchain/risc-v embedded gcc/bin/../lib/gcc/riscv-none-embed/8.2.0/../../../../riscv-none-embed/lib/rv32imacxw/ilp32\libc_nano.a
LOAD c:/mounriver/mounriver_studio/toolchain/risc-v embedded gcc/bin/../lib/gcc/riscv-none-embed/8.2.0/../../../../riscv-none-embed/lib/rv32imacxw/ilp32\libnosys.a
END GROUP
                0x0000000000000be8                __stack_size = 0xbe8
                [!provide]                        PROVIDE (_stack_size = __stack_size)

.init           0x0000000000000000       0x38
                0x0000000000000000                _sinit = .
                0x0000000000000000                . = ALIGN (0x4)
 *(SORT_NONE(.init))
 .init          0x0000000000000000       0x38 ./Startup/startup_ch32v20x_D6.o
                0x0000000000000000                _start
                0x0000000000000038                . = ALIGN (0x4)
                0x0000000000000038                _einit = .

.vector         0x0000000000000038      0x108
 *(.vector)
 .vector        0x0000000000000038       0xfc ./Startup/startup_ch32v20x_D6.o
                0x0000000000000140                . = ALIGN (0x40)
 *fill*         0x0000000000000134        0xc 

.stext          0x0000000000010000     0x1050
                0x0000000000010000                . = ALIGN (0x4)
 *(.stext)
 .stext         0x0000000000010000        0xa ./User/CanOpenNode.o
                0x0000000000010000                vCanOpenInit
 .stext         0x000000000001000a      0x7ac ./User/DataModel.o
                0x000000000001000a                DataModel_Init
 .stext         0x00000000000107b6      0x12a ./User/dash_draw.o
                0x00000000000107b6                vDashDrawInit
                0x0000000000010830                TestProcedure
 .stext         0x00000000000108e0       0xba ./User/inputs.o
                0x00000000000108e0                ADC1_Init
 .stext         0x000000000001099a       0x4e ./User/led.o
                0x000000000001099a                vLedDriverStart
 .stext         0x00000000000109e8      0x226 ./User/process.o
                0x00000000000109e8                vProceesInit
 .stext         0x0000000000010c0e      0x134 ./User/system_init.o
                0x0000000000010c0e                vSYStaskInit
                0x0000000000010d18                vSYSqueueInit
 .stext         0x0000000000010d42       0x34 ./HAL_LIB/hw_lib_din.o
                0x0000000000010d42                eDinConfigWtihStruct
 .stext         0x0000000000010d76       0xca ./HAL_DRIVER/hal_rtc_ch32.o
                0x0000000000010d76                HAL_RTC_IT_Init
 .stext         0x0000000000010e40       0x60 ./HAL_DRIVER/hal_spi_ch32.o
                0x0000000000010e40                HAL_SPI_InitDMA
 .stext         0x0000000000010ea0       0x28 ./HAL_DRIVER/hal_wdt_ch32.o
                0x0000000000010ea0                HAL_WDT_Init1s
 .stext         0x0000000000010ec8      0x188 ./CANopenNode/keypad/OD.o
                0x0000000000010ec8                OD_ROM

.text           0x0000000000000200     0xe5bc
                0x0000000000000200                . = ALIGN (0x4)
 *(.text)
 .text          0x0000000000000200      0x2ee ./FreeRTOS/portable/GCC/RISC-V/portASM.o
                0x0000000000000200                SW_Handler
                0x0000000000000300                xPortStartFirstTask
                0x0000000000000400                pxPortInitialiseStack
 .text          0x00000000000004ee       0x60 c:/mounriver/mounriver_studio/toolchain/risc-v embedded gcc/bin/../lib/gcc/riscv-none-embed/8.2.0/rv32imacxw/ilp32\libgcc.a(save-restore.o)
                0x00000000000004ee                __riscv_save_12
                0x00000000000004f6                __riscv_save_9
                0x00000000000004f6                __riscv_save_11
                0x00000000000004f6                __riscv_save_10
                0x00000000000004f6                __riscv_save_8
                0x0000000000000504                __riscv_save_4
                0x0000000000000504                __riscv_save_6
                0x0000000000000504                __riscv_save_5
                0x0000000000000504                __riscv_save_7
                0x000000000000051e                __riscv_save_3
                0x000000000000051e                __riscv_save_2
                0x000000000000051e                __riscv_save_1
                0x000000000000051e                __riscv_save_0
                0x000000000000052a                __riscv_restore_12
                0x000000000000052e                __riscv_restore_11
                0x000000000000052e                __riscv_restore_9
                0x000000000000052e                __riscv_restore_10
                0x000000000000052e                __riscv_restore_8
                0x0000000000000538                __riscv_restore_5
                0x0000000000000538                __riscv_restore_7
                0x0000000000000538                __riscv_restore_6
                0x0000000000000538                __riscv_restore_4
                0x0000000000000542                __riscv_restore_3
                0x0000000000000542                __riscv_restore_0
                0x0000000000000542                __riscv_restore_2
                0x0000000000000542                __riscv_restore_1
 .text          0x000000000000054e       0xa8 c:/mounriver/mounriver_studio/toolchain/risc-v embedded gcc/bin/../lib/gcc/riscv-none-embed/8.2.0/../../../../riscv-none-embed/lib/rv32imacxw/ilp32\libg_nano.a(lib_a-memset.o)
                0x000000000000054e                memset
 *(.text.*)
 .text.xCanOpenProcessTaskHandle
                0x00000000000005f6        0xa ./User/CanOpenNode.o
                0x00000000000005f6                xCanOpenProcessTaskHandle
 .text.xCanOpenPeriodicTaskHandle
                0x0000000000000600        0xa ./User/CanOpenNode.o
                0x0000000000000600                xCanOpenPeriodicTaskHandle
 .text.vCanOpenProcess
                0x000000000000060a      0x188 ./User/CanOpenNode.o
                0x000000000000060a                vCanOpenProcess
 .text.vCanOpenPeriodicProcess
                0x0000000000000792       0x82 ./User/CanOpenNode.o
                0x0000000000000792                vCanOpenPeriodicProcess
 .text.xDataRegQueue
                0x0000000000000814        0xa ./User/DataModel.o
                0x0000000000000814                xDataRegQueue
 .text.DataModelGetSecCounter
                0x000000000000081e        0xa ./User/DataModel.o
                0x000000000000081e                DataModelGetSecCounter
 .text.vDataModelRegDelayWrite
                0x0000000000000828       0x38 ./User/DataModel.o
                0x0000000000000828                vDataModelRegDelayWrite
 .text.WriteRegAfterDelay
                0x0000000000000860       0x5a ./User/DataModel.o
                0x0000000000000860                WriteRegAfterDelay
 .text.WriteReg
                0x00000000000008ba       0x50 ./User/DataModel.o
                0x00000000000008ba                WriteReg
 .text.vGetBitrate
                0x000000000000090a       0x28 ./User/DataModel.o
                0x000000000000090a                vGetBitrate
 .text.vFDGetNMTState
                0x0000000000000932        0x6 ./User/DataModel.o
                0x0000000000000932                vFDGetNMTState
 .text.vGetNodeId
                0x0000000000000938        0xc ./User/DataModel.o
                0x0000000000000938                vGetNodeId
 .text.vIncrementSystemCounters
                0x0000000000000944       0x9c ./User/DataModel.o
                0x0000000000000944                vIncrementSystemCounters
 .text.vSaveData
                0x00000000000009e0       0x16 ./User/DataModel.o
                0x00000000000009e0                vSaveData
 .text.getOdometr
                0x00000000000009f6       0x14 ./User/DataModel.o
                0x00000000000009f6                getOdometr
 .text.getOdometr1
                0x0000000000000a0a       0x14 ./User/DataModel.o
                0x0000000000000a0a                getOdometr1
 .text.ResrtOdometr1
                0x0000000000000a1e        0xe ./User/DataModel.o
                0x0000000000000a1e                ResrtOdometr1
 .text.NMI_Handler
                0x0000000000000a2c        0x2 ./User/ch32v20x_it.o
                0x0000000000000a2c                NMI_Handler
 .text.HardFault_Handler
                0x0000000000000a2e        0x2 ./User/ch32v20x_it.o
                0x0000000000000a2e                HardFault_Handler
 .text.SegPrint
                0x0000000000000a30       0x58 ./User/dash_draw.o
 .text.vCheckKeySatate
                0x0000000000000a88       0x80 ./User/dash_draw.o
 .text.xProcessTaskHandle
                0x0000000000000b08        0xa ./User/dash_draw.o
                0x0000000000000b08                xProcessTaskHandle
 .text.vSetErrorReg
                0x0000000000000b12        0xa ./User/dash_draw.o
                0x0000000000000b12                vSetErrorReg
 .text.getODValue
                0x0000000000000b1c      0x168 ./User/dash_draw.o
                0x0000000000000b1c                getODValue
 .text.IncMenuIndex
                0x0000000000000c84       0x80 ./User/dash_draw.o
                0x0000000000000c84                IncMenuIndex
 .text.GoToHome
                0x0000000000000d04       0x12 ./User/dash_draw.o
                0x0000000000000d04                GoToHome
 .text.SetCurMenuHome
                0x0000000000000d16       0x36 ./User/dash_draw.o
                0x0000000000000d16                SetCurMenuHome
 .text.GetCurMenuHome
                0x0000000000000d4c        0x6 ./User/dash_draw.o
                0x0000000000000d4c                GetCurMenuHome
 .text.SetCurrentMenu
                0x0000000000000d52       0x12 ./User/dash_draw.o
                0x0000000000000d52                SetCurrentMenu
 .text.SetDefault
                0x0000000000000d64       0x28 ./User/dash_draw.o
                0x0000000000000d64                SetDefault
 .text.MenuBackHomeCheck
                0x0000000000000d8c       0x38 ./User/dash_draw.o
                0x0000000000000d8c                MenuBackHomeCheck
 .text.CheckMenuChannel
                0x0000000000000dc4       0x20 ./User/dash_draw.o
                0x0000000000000dc4                CheckMenuChannel
 .text.vMenuBlink
                0x0000000000000de4       0x4a ./User/dash_draw.o
                0x0000000000000de4                vMenuBlink
 .text.SetErrorRegiter
                0x0000000000000e2e       0x5e ./User/dash_draw.o
                0x0000000000000e2e                SetErrorRegiter
 .text.uGetCurrMenu
                0x0000000000000e8c       0x26 ./User/dash_draw.o
                0x0000000000000e8c                uGetCurrMenu
 .text.vGetEdgeData
                0x0000000000000eb2       0x2a ./User/dash_draw.o
                0x0000000000000eb2                vGetEdgeData
 .text.CheckLedState
                0x0000000000000edc       0x4a ./User/dash_draw.o
 .text.vRGBMode
                0x0000000000000f26       0x8c ./User/dash_draw.o
                0x0000000000000f26                vRGBMode
 .text.vBarColorMode
                0x0000000000000fb2       0xc2 ./User/dash_draw.o
                0x0000000000000fb2                vBarColorMode
 .text.vBarWindowMode
                0x0000000000001074       0x5a ./User/dash_draw.o
                0x0000000000001074                vBarWindowMode
 .text.vBarMode
                0x00000000000010ce       0x66 ./User/dash_draw.o
                0x00000000000010ce                vBarMode
 .text.SetTest  0x0000000000001134       0x5e ./User/dash_draw.o
                0x0000000000001134                SetTest
 .text.vRedrawTask
                0x0000000000001192      0x4f8 ./User/dash_draw.o
                0x0000000000001192                vRedrawTask
 .text.vInit_DeviceConfig
                0x000000000000168a      0x16e ./User/init.o
                0x000000000000168a                vInit_DeviceConfig
 .text.HardwareDeinit
                0x00000000000017f8       0x2a ./User/init.o
                0x00000000000017f8                HardwareDeinit
 .text.SoftwareReset
                0x0000000000001822       0x14 ./User/init.o
                0x0000000000001822                SoftwareReset
 .text.ADC1_Event
                0x0000000000001836       0x44 ./User/inputs.o
                0x0000000000001836                ADC1_Event
 .text.CaptureDMACallBack
                0x000000000000187a       0x22 ./User/inputs.o
                0x000000000000187a                CaptureDMACallBack
 .text.CaptureDMACallBack_1
                0x000000000000189c       0x22 ./User/inputs.o
                0x000000000000189c                CaptureDMACallBack_1
 .text.fDinStateCallback
                0x00000000000018be       0x32 ./User/inputs.o
                0x00000000000018be                fDinStateCallback
 .text.getInputsTaskHandle
                0x00000000000018f0        0xa ./User/inputs.o
                0x00000000000018f0                getInputsTaskHandle
 .text.ADC_FSM  0x00000000000018fa      0x200 ./User/inputs.o
                0x00000000000018fa                ADC_FSM
 .text.GetAIN   0x0000000000001afa        0xc ./User/inputs.o
                0x0000000000001afa                GetAIN
 .text.InputsGetTest
                0x0000000000001b06       0x44 ./User/inputs.o
                0x0000000000001b06                InputsGetTest
 .text.vInputsTask
                0x0000000000001b4a      0x1d8 ./User/inputs.o
                0x0000000000001b4a                vInputsTask
 .text.SPI1_DMA_Callback
                0x0000000000001d22       0x2e ./User/led.o
                0x0000000000001d22                SPI1_DMA_Callback
 .text.SPI2_DMA_Callback
                0x0000000000001d50       0x2e ./User/led.o
                0x0000000000001d50                SPI2_DMA_Callback
 .text.SetBarState
                0x0000000000001d7e       0x50 ./User/led.o
                0x0000000000001d7e                SetBarState
 .text.SetRGB   0x0000000000001dce       0x4e ./User/led.o
                0x0000000000001dce                SetRGB
 .text.SetSegDirect
                0x0000000000001e1c       0x9c ./User/led.o
                0x0000000000001e1c                SetSegDirect
 .text.SetSegPoint
                0x0000000000001eb8       0x22 ./User/led.o
                0x0000000000001eb8                SetSegPoint
 .text.SetSEG   0x0000000000001eda      0x11e ./User/led.o
                0x0000000000001eda                SetSEG
 .text.SetBigSeg
                0x0000000000001ff8       0x14 ./User/led.o
                0x0000000000001ff8                SetBigSeg
 .text.vSetBrigth
                0x000000000000200c       0x28 ./User/led.o
                0x000000000000200c                vSetBrigth
 .text.vLedProcess
                0x0000000000002034       0x1e ./User/led.o
                0x0000000000002034                vLedProcess
 .text.vRGBProcess
                0x0000000000002052       0xe2 ./User/led.o
                0x0000000000002052                vRGBProcess
 .text.startup.main
                0x0000000000002134       0x3c ./User/main.o
                0x0000000000002134                main
 .text.vRestartNode
                0x0000000000002170        0x2 ./User/main.o
                0x0000000000002170                vRestartNode
 .text.Error_Handler
                0x0000000000002172       0x18 ./User/main.o
                0x0000000000002172                Error_Handler
 .text.OD_writeRGBMAP
                0x000000000000218a       0x30 ./User/process.o
 .text.OD_writeKEY
                0x00000000000021ba       0x34 ./User/process.o
 .text.OD_readRGBMAP
                0x00000000000021ee       0x22 ./User/process.o
 .text.OD_readBoardSettings
                0x0000000000002210       0x5c ./User/process.o
 .text.OD_readDIN
                0x000000000000226c       0x1c ./User/process.o
 .text.OD_writeMenuSetup
                0x0000000000002288       0x46 ./User/process.o
 .text.OD_writeBoardSettings
                0x00000000000022ce       0xc0 ./User/process.o
 .text.CO_getUint16
                0x000000000000238e       0x10 ./User/process.o
 .text.OD_writeSEG
                0x000000000000239e       0x44 ./User/process.o
 .text.OD_writeBAR
                0x00000000000023e2       0x30 ./User/process.o
 .text.OD_writeRPMConfig
                0x0000000000002412       0x36 ./User/process.o
 .text.CO_getUint32
                0x0000000000002448       0x18 ./User/process.o
 .text.OD_writeDashParam
                0x0000000000002460       0x7c ./User/process.o
 .text.OD_writeMenuMap
                0x00000000000024dc       0x30 ./User/process.o
 .text.CO_setUint16
                0x000000000000250c       0x10 ./User/process.o
 .text.OD_readBar
                0x000000000000251c       0x22 ./User/process.o
 .text.OD_readRPMConfig
                0x000000000000253e       0x24 ./User/process.o
 .text.OD_readAIN_RPM
                0x0000000000002562       0x26 ./User/process.o
 .text.OD_writeV1_14
                0x0000000000002588       0x56 ./User/process.o
 .text.WriteRGB.isra.1
                0x00000000000025de       0x3a ./User/process.o
 .text.OD_writeRGB1
                0x0000000000002618       0x16 ./User/process.o
 .text.OD_writeRGB2
                0x000000000000262e       0x16 ./User/process.o
 .text.OD_writeRGB3
                0x0000000000002644       0x16 ./User/process.o
 .text.OD_writeRGB4
                0x000000000000265a       0x16 ./User/process.o
 .text.OD_writeRGB5
                0x0000000000002670       0x16 ./User/process.o
 .text.OD_writeRGB6
                0x0000000000002686       0x16 ./User/process.o
 .text.OD_writeRGB7
                0x000000000000269c       0x16 ./User/process.o
 .text.OD_writeRGB8
                0x00000000000026b2       0x16 ./User/process.o
 .text.OD_writeRGB9
                0x00000000000026c8       0x16 ./User/process.o
 .text.OD_writeRGB10
                0x00000000000026de       0x16 ./User/process.o
 .text.OD_writeRGB11
                0x00000000000026f4       0x16 ./User/process.o
 .text.OD_writeRGB12
                0x000000000000270a       0x16 ./User/process.o
 .text.OD_writeRGB13
                0x0000000000002720       0x16 ./User/process.o
 .text.OD_writeRGB14
                0x0000000000002736       0x16 ./User/process.o
 .text.OD_writeICHC
                0x000000000000274c       0x4c ./User/process.o
 .text.OD_readKEY
                0x0000000000002798       0x24 ./User/process.o
 .text.OD_readSEG
                0x00000000000027bc       0x30 ./User/process.o
 .text.OD_readRGB.isra.5
                0x00000000000027ec       0x1c ./User/process.o
 .text.OD_readRGB1
                0x0000000000002808       0x14 ./User/process.o
 .text.OD_readRGB2
                0x000000000000281c       0x14 ./User/process.o
 .text.OD_readRGB3
                0x0000000000002830       0x14 ./User/process.o
 .text.OD_readRGB4
                0x0000000000002844       0x16 ./User/process.o
 .text.OD_readRGB5
                0x000000000000285a       0x16 ./User/process.o
 .text.OD_readRGB6
                0x0000000000002870       0x16 ./User/process.o
 .text.OD_readRGB7
                0x0000000000002886       0x16 ./User/process.o
 .text.OD_readRGB8
                0x000000000000289c       0x16 ./User/process.o
 .text.OD_readRGB9
                0x00000000000028b2       0x16 ./User/process.o
 .text.OD_readRGB10
                0x00000000000028c8       0x16 ./User/process.o
 .text.OD_readRGB11
                0x00000000000028de       0x16 ./User/process.o
 .text.OD_readRGB12
                0x00000000000028f4       0x16 ./User/process.o
 .text.OD_readRGB13
                0x000000000000290a       0x16 ./User/process.o
 .text.OD_readRGB14
                0x0000000000002920       0x16 ./User/process.o
 .text.readADC.isra.6
                0x0000000000002936       0x86 ./User/process.o
 .text.OD_readADC1
                0x00000000000029bc       0x10 ./User/process.o
 .text.OD_readADC2
                0x00000000000029cc       0x10 ./User/process.o
 .text.OD_readADC3
                0x00000000000029dc       0x10 ./User/process.o
 .text.OD_readMenuSetup
                0x00000000000029ec       0x30 ./User/process.o
 .text.writeADC.isra.10
                0x0000000000002a1c       0xde ./User/process.o
 .text.OD_writeADC1
                0x0000000000002afa       0x10 ./User/process.o
 .text.OD_writeADC2
                0x0000000000002b0a       0x10 ./User/process.o
 .text.OD_writeADC3
                0x0000000000002b1a       0x10 ./User/process.o
 .text.OD_readDashParam
                0x0000000000002b2a       0x5a ./User/process.o
 .text.OD_readMenuMap
                0x0000000000002b84       0x2c ./User/process.o
 .text.OD_readICHC
                0x0000000000002bb0       0x4e ./User/process.o
 .text.SystemInit
                0x0000000000002bfe       0xea ./User/system_ch32v20x.o
                0x0000000000002bfe                SystemInit
 .text.SystemCoreClockUpdate
                0x0000000000002ce8       0x92 ./User/system_ch32v20x.o
                0x0000000000002ce8                SystemCoreClockUpdate
 .text.StartDefaultTask
                0x0000000000002d7a      0x11a ./User/system_init.o
 .text.vApplicationGetIdleTaskMemory
                0x0000000000002e94       0x1c ./User/system_init.o
                0x0000000000002e94                vApplicationGetIdleTaskMemory
 .text.vSystemStop
                0x0000000000002eb0       0x26 ./User/system_init.o
                0x0000000000002eb0                vSystemStop
 .text.vector_handler
                0x0000000000002ed6       0x6c ./Startup/startup_ch32v20x_D6.o
                0x0000000000002eda                Ecall_M_Mode_Handler
                0x0000000000002edc                Ecall_U_Mode_Handler
                0x0000000000002ede                Break_Point_Handler
                0x0000000000002ee4                WWDG_IRQHandler
                0x0000000000002ee6                PVD_IRQHandler
                0x0000000000002ee8                TAMPER_IRQHandler
                0x0000000000002eec                FLASH_IRQHandler
                0x0000000000002eee                RCC_IRQHandler
                0x0000000000002ef0                EXTI0_IRQHandler
                0x0000000000002ef2                EXTI1_IRQHandler
                0x0000000000002ef4                EXTI2_IRQHandler
                0x0000000000002ef6                EXTI3_IRQHandler
                0x0000000000002ef8                EXTI4_IRQHandler
                0x0000000000002efc                DMA1_Channel2_IRQHandler
                0x0000000000002f04                DMA1_Channel6_IRQHandler
                0x0000000000002f12                EXTI9_5_IRQHandler
                0x0000000000002f14                TIM1_BRK_IRQHandler
                0x0000000000002f16                TIM1_UP_IRQHandler
                0x0000000000002f18                TIM1_TRG_COM_IRQHandler
                0x0000000000002f1a                TIM1_CC_IRQHandler
                0x0000000000002f1c                TIM2_IRQHandler
                0x0000000000002f1e                TIM3_IRQHandler
                0x0000000000002f26                I2C2_EV_IRQHandler
                0x0000000000002f28                I2C2_ER_IRQHandler
                0x0000000000002f2a                SPI1_IRQHandler
                0x0000000000002f2c                SPI2_IRQHandler
                0x0000000000002f2e                USART1_IRQHandler
                0x0000000000002f30                USART2_IRQHandler
                0x0000000000002f32                USART3_IRQHandler
                0x0000000000002f34                EXTI15_10_IRQHandler
                0x0000000000002f36                RTCAlarm_IRQHandler
                0x0000000000002f38                USBWakeUp_IRQHandler
                0x0000000000002f3a                USBHD_IRQHandler
                0x0000000000002f3c                USBHDWakeUp_IRQHandler
                0x0000000000002f3e                UART4_IRQHandler
                0x0000000000002f40                DMA1_Channel8_IRQHandler
 .text.handle_reset
                0x0000000000002f42       0x92 ./Startup/startup_ch32v20x_D6.o
                0x0000000000002f42                handle_reset
 .text.ADC_Cmd  0x0000000000002fd4       0x10 ./Peripheral/src/ch32v20x_adc.o
                0x0000000000002fd4                ADC_Cmd
 .text.ADC_GetResetCalibrationStatus
                0x0000000000002fe4        0x8 ./Peripheral/src/ch32v20x_adc.o
                0x0000000000002fe4                ADC_GetResetCalibrationStatus
 .text.ADC_GetCalibrationStatus
                0x0000000000002fec        0x8 ./Peripheral/src/ch32v20x_adc.o
                0x0000000000002fec                ADC_GetCalibrationStatus
 .text.ADC_GetITStatus
                0x0000000000002ff4       0x1c ./Peripheral/src/ch32v20x_adc.o
                0x0000000000002ff4                ADC_GetITStatus
 .text.ADC_ClearITPendingBit
                0x0000000000003010        0xa ./Peripheral/src/ch32v20x_adc.o
                0x0000000000003010                ADC_ClearITPendingBit
 .text.Get_CalibrationValue
                0x000000000000301a      0x1fe ./Peripheral/src/ch32v20x_adc.o
                0x000000000000301a                Get_CalibrationValue
 .text.DMA_GetFlagStatus
                0x0000000000003218        0xe ./Peripheral/src/ch32v20x_dma.o
                0x0000000000003218                DMA_GetFlagStatus
 .text.DMA_GetITStatus
                0x0000000000003226        0xc ./Peripheral/src/ch32v20x_dma.o
                0x0000000000003226                DMA_GetITStatus
 .text.DMA_ClearITPendingBit
                0x0000000000003232        0x8 ./Peripheral/src/ch32v20x_dma.o
                0x0000000000003232                DMA_ClearITPendingBit
 .text.GPIO_Init
                0x000000000000323a       0xfa ./Peripheral/src/ch32v20x_gpio.o
                0x000000000000323a                GPIO_Init
 .text.GPIO_PinRemapConfig
                0x0000000000003334       0xf2 ./Peripheral/src/ch32v20x_gpio.o
                0x0000000000003334                GPIO_PinRemapConfig
 .text.I2C_DualAddressCmd
                0x0000000000003426       0x18 ./Peripheral/src/ch32v20x_i2c.o
                0x0000000000003426                I2C_DualAddressCmd
 .text.I2C_ClearFlag
                0x000000000000343e        0xc ./Peripheral/src/ch32v20x_i2c.o
                0x000000000000343e                I2C_ClearFlag
 .text.RCC_LSEConfig
                0x000000000000344a       0x28 ./Peripheral/src/ch32v20x_rcc.o
                0x000000000000344a                RCC_LSEConfig
 .text.RCC_GetClocksFreq
                0x0000000000003472       0xbe ./Peripheral/src/ch32v20x_rcc.o
                0x0000000000003472                RCC_GetClocksFreq
 .text.RCC_APB2PeriphClockCmd
                0x0000000000003530       0x1e ./Peripheral/src/ch32v20x_rcc.o
                0x0000000000003530                RCC_APB2PeriphClockCmd
 .text.RCC_GetFlagStatus
                0x000000000000354e       0x2e ./Peripheral/src/ch32v20x_rcc.o
                0x000000000000354e                RCC_GetFlagStatus
 .text.RTC_EnterConfigMode
                0x000000000000357c       0x12 ./Peripheral/src/ch32v20x_rtc.o
                0x000000000000357c                RTC_EnterConfigMode
 .text.RTC_ExitConfigMode
                0x000000000000358e       0x18 ./Peripheral/src/ch32v20x_rtc.o
                0x000000000000358e                RTC_ExitConfigMode
 .text.RTC_GetCounter
                0x00000000000035a6       0x36 ./Peripheral/src/ch32v20x_rtc.o
                0x00000000000035a6                RTC_GetCounter
 .text.RTC_SetCounter
                0x00000000000035dc       0x2c ./Peripheral/src/ch32v20x_rtc.o
                0x00000000000035dc                RTC_SetCounter
 .text.RTC_SetPrescaler
                0x0000000000003608       0x2e ./Peripheral/src/ch32v20x_rtc.o
                0x0000000000003608                RTC_SetPrescaler
 .text.RTC_WaitForLastTask
                0x0000000000003636       0x10 ./Peripheral/src/ch32v20x_rtc.o
                0x0000000000003636                RTC_WaitForLastTask
 .text.RTC_WaitForSynchro
                0x0000000000003646       0x24 ./Peripheral/src/ch32v20x_rtc.o
                0x0000000000003646                RTC_WaitForSynchro
 .text.TIM_OC1Init
                0x000000000000366a       0x6a ./Peripheral/src/ch32v20x_tim.o
                0x000000000000366a                TIM_OC1Init
 .text.TIM_OC2Init
                0x00000000000036d4       0x96 ./Peripheral/src/ch32v20x_tim.o
                0x00000000000036d4                TIM_OC2Init
 .text.TIM_OC3Init
                0x000000000000376a       0x94 ./Peripheral/src/ch32v20x_tim.o
                0x000000000000376a                TIM_OC3Init
 .text.TIM_OC4Init
                0x00000000000037fe       0x6c ./Peripheral/src/ch32v20x_tim.o
                0x00000000000037fe                TIM_OC4Init
 .text.TIM_OC1PreloadConfig
                0x000000000000386a        0xe ./Peripheral/src/ch32v20x_tim.o
                0x000000000000386a                TIM_OC1PreloadConfig
 .text.TIM_OC2PreloadConfig
                0x0000000000003878       0x16 ./Peripheral/src/ch32v20x_tim.o
                0x0000000000003878                TIM_OC2PreloadConfig
 .text.TIM_OC3PreloadConfig
                0x000000000000388e        0xe ./Peripheral/src/ch32v20x_tim.o
                0x000000000000388e                TIM_OC3PreloadConfig
 .text.TIM_OC4PreloadConfig
                0x000000000000389c       0x16 ./Peripheral/src/ch32v20x_tim.o
                0x000000000000389c                TIM_OC4PreloadConfig
 .text.TIM_GetITStatus
                0x00000000000038b2       0x18 ./Peripheral/src/ch32v20x_tim.o
                0x00000000000038b2                TIM_GetITStatus
 .text.USART_Init
                0x00000000000038ca       0xbc ./Peripheral/src/ch32v20x_usart.o
                0x00000000000038ca                USART_Init
 .text.USART_Cmd
                0x0000000000003986       0x16 ./Peripheral/src/ch32v20x_usart.o
                0x0000000000003986                USART_Cmd
 .text.USART_SendData
                0x000000000000399c        0x8 ./Peripheral/src/ch32v20x_usart.o
                0x000000000000399c                USART_SendData
 .text.USART_GetFlagStatus
                0x00000000000039a4        0xa ./Peripheral/src/ch32v20x_usart.o
                0x00000000000039a4                USART_GetFlagStatus
 .text.vRCFilterConfig
                0x00000000000039ae       0x2e ./HAL_LIB/filters.o
                0x00000000000039ae                vRCFilterConfig
 .text.AddBufferData
                0x00000000000039dc       0x20 ./HAL_LIB/filters.o
                0x00000000000039dc                AddBufferData
 .text.GetConversional
                0x00000000000039fc       0x4a ./HAL_LIB/filters.o
                0x00000000000039fc                GetConversional
 .text.GetDataRegister
                0x0000000000003a46        0xa ./HAL_LIB/hw_data_model.o
                0x0000000000003a46                GetDataRegister
 .text.GetRegisterAddr
                0x0000000000003a50        0xc ./HAL_LIB/hw_data_model.o
                0x0000000000003a50                GetRegisterAddr
 .text.ClearDataModel
                0x0000000000003a5c       0x1e ./HAL_LIB/hw_data_model.o
                0x0000000000003a5c                ClearDataModel
 .text.setReg32
                0x0000000000003a7a       0x1e ./HAL_LIB/hw_data_model.o
                0x0000000000003a7a                setReg32
 .text.setReg16
                0x0000000000003a98       0x12 ./HAL_LIB/hw_data_model.o
                0x0000000000003a98                setReg16
 .text.setReg8  0x0000000000003aaa        0xe ./HAL_LIB/hw_data_model.o
                0x0000000000003aaa                setReg8
 .text.getReg16
                0x0000000000003ab8       0x14 ./HAL_LIB/hw_data_model.o
                0x0000000000003ab8                getReg16
 .text.getReg32
                0x0000000000003acc       0x20 ./HAL_LIB/hw_data_model.o
                0x0000000000003acc                getReg32
 .text.getReg8  0x0000000000003aec        0xe ./HAL_LIB/hw_data_model.o
                0x0000000000003aec                getReg8
 .text.vAINInit
                0x0000000000003afa       0x36 ./HAL_LIB/hw_lib_adc.o
                0x0000000000003afa                vAINInit
 .text.fGetAinCalData
                0x0000000000003b30       0x7a ./HAL_LIB/hw_lib_adc.o
                0x0000000000003b30                fGetAinCalData
 .text.eAinCalDataConfig
                0x0000000000003baa       0x50 ./HAL_LIB/hw_lib_adc.o
                0x0000000000003baa                eAinCalDataConfig
 .text.vABLineKoofFinde
                0x0000000000003bfa       0x6a ./HAL_LIB/hw_lib_adc.o
                0x0000000000003bfa                vABLineKoofFinde
 .text.eSetAinCalPoint
                0x0000000000003c64       0x64 ./HAL_LIB/hw_lib_adc.o
                0x0000000000003c64                eSetAinCalPoint
 .text.getADC1Buffer
                0x0000000000003cc8        0xa ./HAL_LIB/hw_lib_adc.o
                0x0000000000003cc8                getADC1Buffer
 .text.uGetDIN  0x0000000000003cd2       0x14 ./HAL_LIB/hw_lib_din.o
                0x0000000000003cd2                uGetDIN
 .text.eRPMConfig
                0x0000000000003ce6       0x5a ./HAL_LIB/hw_lib_din.o
                0x0000000000003ce6                eRPMConfig
 .text.RMPDataConvert
                0x0000000000003d40       0x4e ./HAL_LIB/hw_lib_din.o
                0x0000000000003d40                RMPDataConvert
 .text.GetRPM   0x0000000000003d8e       0x7a ./HAL_LIB/hw_lib_din.o
                0x0000000000003d8e                GetRPM
 .text.vDinDoutProcess
                0x0000000000003e08       0x88 ./HAL_LIB/hw_lib_din.o
                0x0000000000003e08                vDinDoutProcess
 .text.getCaputreBuffer
                0x0000000000003e90       0x16 ./HAL_LIB/hw_lib_din.o
                0x0000000000003e90                getCaputreBuffer
 .text.I2C_FSM  0x0000000000003ea6      0x198 ./HAL_LIB/hw_lib_eeprom_i2c.o
                0x0000000000003ea6                I2C_FSM
 .text.vInitEEPROM_I2C
                0x000000000000403e       0x52 ./HAL_LIB/hw_lib_eeprom_i2c.o
                0x000000000000403e                vInitEEPROM_I2C
 .text.eEEPROMWrFast
                0x0000000000004090      0x104 ./HAL_LIB/hw_lib_eeprom_i2c.o
                0x0000000000004090                eEEPROMWrFast
 .text.eEEPROMWr
                0x0000000000004194       0xe2 ./HAL_LIB/hw_lib_eeprom_i2c.o
                0x0000000000004194                eEEPROMWr
 .text.eEEPROMRd
                0x0000000000004276       0x8a ./HAL_LIB/hw_lib_eeprom_i2c.o
                0x0000000000004276                eEEPROMRd
 .text.bReadEEPROM
                0x0000000000004300       0x1a ./HAL_LIB/hw_lib_eeprom_i2c.o
                0x0000000000004300                bReadEEPROM
 .text.vHW_INIT_TIMEOUT
                0x000000000000431a       0x1c ./HAL_LIB/hw_timeout.o
                0x000000000000431a                vHW_INIT_TIMEOUT
 .text.vHW_PROCESS_TIMEOUT
                0x0000000000004336       0x26 ./HAL_LIB/hw_timeout.o
                0x0000000000004336                vHW_PROCESS_TIMEOUT
 .text.HAL_CANSetTXCallback
                0x000000000000435c        0xa ./HAL_DRIVER/hal_can_ch32.o
                0x000000000000435c                HAL_CANSetTXCallback
 .text.HAL_CANSetRXCallback
                0x0000000000004366        0xa ./HAL_DRIVER/hal_can_ch32.o
                0x0000000000004366                HAL_CANSetRXCallback
 .text.HAL_CANSetERRCallback
                0x0000000000004370        0xa ./HAL_DRIVER/hal_can_ch32.o
                0x0000000000004370                HAL_CANSetERRCallback
 .text.HAL_CANToInitMode
                0x000000000000437a       0x2c ./HAL_DRIVER/hal_can_ch32.o
                0x000000000000437a                HAL_CANToInitMode
 .text.HAL_CANIntIT
                0x00000000000043a6      0x13e ./HAL_DRIVER/hal_can_ch32.o
                0x00000000000043a6                HAL_CANIntIT
 .text.HAL_CANToOperatingMode
                0x00000000000044e4       0x26 ./HAL_DRIVER/hal_can_ch32.o
                0x00000000000044e4                HAL_CANToOperatingMode
 .text.HAL_CANSend
                0x000000000000450a       0xae ./HAL_DRIVER/hal_can_ch32.o
                0x000000000000450a                HAL_CANSend
 .text.HAL_CANSetFiters
                0x00000000000045b8       0xc4 ./HAL_DRIVER/hal_can_ch32.o
                0x00000000000045b8                HAL_CANSetFiters
 .text.HAL_CANGetRXMessage
                0x000000000000467c       0xb0 ./HAL_DRIVER/hal_can_ch32.o
                0x000000000000467c                HAL_CANGetRXMessage
 .text.USB_HP_CAN1_TX_IRQHandler
                0x000000000000472c       0x60 ./HAL_DRIVER/hal_can_ch32.o
                0x000000000000472c                USB_HP_CAN1_TX_IRQHandler
 .text.USB_LP_CAN1_RX0_IRQHandler
                0x000000000000478c       0x5e ./HAL_DRIVER/hal_can_ch32.o
                0x000000000000478c                USB_LP_CAN1_RX0_IRQHandler
 .text.CAN1_RX1_IRQHandler
                0x00000000000047ea       0x5e ./HAL_DRIVER/hal_can_ch32.o
                0x00000000000047ea                CAN1_RX1_IRQHandler
 .text.CAN1_SCE_IRQHandler
                0x0000000000004848       0x5c ./HAL_DRIVER/hal_can_ch32.o
                0x0000000000004848                CAN1_SCE_IRQHandler
 .text.HAL_InitGPIO
                0x00000000000048a4       0xba ./HAL_DRIVER/hal_gpio_ch32.o
                0x00000000000048a4                HAL_InitGPIO
 .text.HAL_InitGpioOut
                0x000000000000495e       0x10 ./HAL_DRIVER/hal_gpio_ch32.o
                0x000000000000495e                HAL_InitGpioOut
 .text.HAL_InitGpioAIN
                0x000000000000496e       0x10 ./HAL_DRIVER/hal_gpio_ch32.o
                0x000000000000496e                HAL_InitGpioAIN
 .text.HAL_InitGpioIn
                0x000000000000497e       0x10 ./HAL_DRIVER/hal_gpio_ch32.o
                0x000000000000497e                HAL_InitGpioIn
 .text.HAL_InitGpioAF
                0x000000000000498e       0x34 ./HAL_DRIVER/hal_gpio_ch32.o
                0x000000000000498e                HAL_InitGpioAF
 .text.HAL_GetBit
                0x00000000000049c2        0xa ./HAL_DRIVER/hal_gpio_ch32.o
                0x00000000000049c2                HAL_GetBit
 .text.HAL_SetBit
                0x00000000000049cc        0x4 ./HAL_DRIVER/hal_gpio_ch32.o
                0x00000000000049cc                HAL_SetBit
 .text.HAL_ResetBit
                0x00000000000049d0        0x4 ./HAL_DRIVER/hal_gpio_ch32.o
                0x00000000000049d0                HAL_ResetBit
 .text.HAL_InitGPO
                0x00000000000049d4       0x14 ./HAL_DRIVER/hal_gpio_ch32.o
                0x00000000000049d4                HAL_InitGPO
 .text.HAL_I2C_Init
                0x00000000000049e8       0xf4 ./HAL_DRIVER/hal_i2c_ch32.o
                0x00000000000049e8                HAL_I2C_Init
 .text.HAL_I2C_GET_STAR2
                0x0000000000004adc        0xe ./HAL_DRIVER/hal_i2c_ch32.o
                0x0000000000004adc                HAL_I2C_GET_STAR2
 .text.HAL_I2C_GET_STAR1
                0x0000000000004aea        0xe ./HAL_DRIVER/hal_i2c_ch32.o
                0x0000000000004aea                HAL_I2C_GET_STAR1
 .text.HAL_I2C_ENABLE
                0x0000000000004af8       0x14 ./HAL_DRIVER/hal_i2c_ch32.o
                0x0000000000004af8                HAL_I2C_ENABLE
 .text.InitI2CIT
                0x0000000000004b0c       0x6e ./HAL_DRIVER/hal_i2c_ch32.o
                0x0000000000004b0c                InitI2CIT
 .text.HAL_I2C_DISABLE
                0x0000000000004b7a       0x1a ./HAL_DRIVER/hal_i2c_ch32.o
                0x0000000000004b7a                HAL_I2C_DISABLE
 .text.I2C_IT_ENABLE
                0x0000000000004b94       0x12 ./HAL_DRIVER/hal_i2c_ch32.o
                0x0000000000004b94                I2C_IT_ENABLE
 .text.I2C_IT_DISABLE
                0x0000000000004ba6       0x16 ./HAL_DRIVER/hal_i2c_ch32.o
                0x0000000000004ba6                I2C_IT_DISABLE
 .text.HAL_I2C_STOP
                0x0000000000004bbc       0x14 ./HAL_DRIVER/hal_i2c_ch32.o
                0x0000000000004bbc                HAL_I2C_STOP
 .text.HAL_I2C_START
                0x0000000000004bd0       0x14 ./HAL_DRIVER/hal_i2c_ch32.o
                0x0000000000004bd0                HAL_I2C_START
 .text.HAL_I2C_SEND
                0x0000000000004be4        0xe ./HAL_DRIVER/hal_i2c_ch32.o
                0x0000000000004be4                HAL_I2C_SEND
 .text.HAL_I2C_SEND_ADDR_TRANS
                0x0000000000004bf2       0x12 ./HAL_DRIVER/hal_i2c_ch32.o
                0x0000000000004bf2                HAL_I2C_SEND_ADDR_TRANS
 .text.HAL_I2C_SEND_ADDR_RECIEVE
                0x0000000000004c04       0x16 ./HAL_DRIVER/hal_i2c_ch32.o
                0x0000000000004c04                HAL_I2C_SEND_ADDR_RECIEVE
 .text.HAL_I2C_ACK_ENABLE
                0x0000000000004c1a       0x14 ./HAL_DRIVER/hal_i2c_ch32.o
                0x0000000000004c1a                HAL_I2C_ACK_ENABLE
 .text.HAL_I2C_ACK_DISABLE
                0x0000000000004c2e       0x1c ./HAL_DRIVER/hal_i2c_ch32.o
                0x0000000000004c2e                HAL_I2C_ACK_DISABLE
 .text.HAL_I2C_ClearFlag
                0x0000000000004c4a       0x20 ./HAL_DRIVER/hal_i2c_ch32.o
                0x0000000000004c4a                HAL_I2C_ClearFlag
 .text.HAL_I2C_READ_DATA
                0x0000000000004c6a        0xe ./HAL_DRIVER/hal_i2c_ch32.o
                0x0000000000004c6a                HAL_I2C_READ_DATA
 .text.I2C1_EV_IRQHandler
                0x0000000000004c78       0x52 ./HAL_DRIVER/hal_i2c_ch32.o
                0x0000000000004c78                I2C1_EV_IRQHandler
 .text.I2C1_ER_IRQHandler
                0x0000000000004cca       0x52 ./HAL_DRIVER/hal_i2c_ch32.o
                0x0000000000004cca                I2C1_ER_IRQHandler
 .text.HAL_InitAPB1
                0x0000000000004d1c       0x1c ./HAL_DRIVER/hal_irq.o
                0x0000000000004d1c                HAL_InitAPB1
 .text.HAL_InitAPB2
                0x0000000000004d38       0x1c ./HAL_DRIVER/hal_irq.o
                0x0000000000004d38                HAL_InitAPB2
 .text.PFIC_IRQ_ENABLE_PG1
                0x0000000000004d54       0x34 ./HAL_DRIVER/hal_irq.o
                0x0000000000004d54                PFIC_IRQ_ENABLE_PG1
 .text.RTC_IRQHandler
                0x0000000000004d88       0x78 ./HAL_DRIVER/hal_rtc_ch32.o
                0x0000000000004d88                RTC_IRQHandler
 .text.HAL_SPI_RXOveleyClear
                0x0000000000004e00       0x1e ./HAL_DRIVER/hal_spi_ch32.o
                0x0000000000004e00                HAL_SPI_RXOveleyClear
 .text.HAL_SPI_GetBusy
                0x0000000000004e1e       0x10 ./HAL_DRIVER/hal_spi_ch32.o
                0x0000000000004e1e                HAL_SPI_GetBusy
 .text.HAL_WDTReset
                0x0000000000004e2e        0xe ./HAL_DRIVER/hal_wdt_ch32.o
                0x0000000000004e2e                HAL_WDTReset
 .text.Get_ConversionVal
                0x0000000000004e3c       0x2e ./HAL/hal_adc_ch32.o
                0x0000000000004e3c                Get_ConversionVal
 .text.HAL_ADC_RegularChannelConfig
                0x0000000000004e6a       0x46 ./HAL/hal_adc_ch32.o
                0x0000000000004e6a                HAL_ADC_RegularChannelConfig
 .text.HAL_ADC_ContiniusScanCinvertionDMA
                0x0000000000004eb0       0xce ./HAL/hal_adc_ch32.o
                0x0000000000004eb0                HAL_ADC_ContiniusScanCinvertionDMA
 .text.HAL_ADC_StartDMA
                0x0000000000004f7e       0x42 ./HAL/hal_adc_ch32.o
                0x0000000000004f7e                HAL_ADC_StartDMA
 .text.ADC1_2_IRQHandler
                0x0000000000004fc0       0x74 ./HAL/hal_adc_ch32.o
                0x0000000000004fc0                ADC1_2_IRQHandler
 .text.DMA_IRQ  0x0000000000005034       0x3a ./HAL/hal_dma_ch32.o
 .text.HAL_DMA_Enable
                0x000000000000506e       0x18 ./HAL/hal_dma_ch32.o
                0x000000000000506e                HAL_DMA_Enable
 .text.HAL_DMA_Disable
                0x0000000000005086       0x1a ./HAL/hal_dma_ch32.o
                0x0000000000005086                HAL_DMA_Disable
 .text.HAL_DMAInitIT
                0x00000000000050a0       0xa0 ./HAL/hal_dma_ch32.o
                0x00000000000050a0                HAL_DMAInitIT
 .text.HAL_DMA_SetCounter
                0x0000000000005140       0x12 ./HAL/hal_dma_ch32.o
                0x0000000000005140                HAL_DMA_SetCounter
 .text.HAL_DMA_ITENABLE
                0x0000000000005152       0x16 ./HAL/hal_dma_ch32.o
                0x0000000000005152                HAL_DMA_ITENABLE
 .text.HAL_DMA_SetCouterAndEnable
                0x0000000000005168       0x1a ./HAL/hal_dma_ch32.o
                0x0000000000005168                HAL_DMA_SetCouterAndEnable
 .text.DMA1_Channel1_IRQHandler
                0x0000000000005182       0x4e ./HAL/hal_dma_ch32.o
                0x0000000000005182                DMA1_Channel1_IRQHandler
 .text.DMA1_Channel3_IRQHandler
                0x00000000000051d0       0x4e ./HAL/hal_dma_ch32.o
                0x00000000000051d0                DMA1_Channel3_IRQHandler
 .text.DMA1_Channel4_IRQHandler
                0x000000000000521e       0x4e ./HAL/hal_dma_ch32.o
                0x000000000000521e                DMA1_Channel4_IRQHandler
 .text.DMA1_Channel5_IRQHandler
                0x000000000000526c       0x4e ./HAL/hal_dma_ch32.o
                0x000000000000526c                DMA1_Channel5_IRQHandler
 .text.DMA1_Channel7_IRQHandler
                0x00000000000052ba       0x4e ./HAL/hal_dma_ch32.o
                0x00000000000052ba                DMA1_Channel7_IRQHandler
 .text.TIM4_IRQHandler
                0x0000000000005308       0x70 ./HAL/hal_timers_ch32.o
                0x0000000000005308                TIM4_IRQHandler
 .text.HAL_TiemrEneblae
                0x0000000000005378       0x16 ./HAL/hal_timers_ch32.o
                0x0000000000005378                HAL_TiemrEneblae
 .text.HAL_TiemrDisable
                0x000000000000538e       0x1c ./HAL/hal_timers_ch32.o
                0x000000000000538e                HAL_TiemrDisable
 .text.HW_TIMER_BaseTimerInit
                0x00000000000053aa       0x54 ./HAL/hal_timers_ch32.o
                0x00000000000053aa                HW_TIMER_BaseTimerInit
 .text.HAL_TIMER_InitIt
                0x00000000000053fe       0x60 ./HAL/hal_timers_ch32.o
                0x00000000000053fe                HAL_TIMER_InitIt
 .text.HAL_TIMER_PWMTimersInit
                0x000000000000545e       0xc2 ./HAL/hal_timers_ch32.o
                0x000000000000545e                HAL_TIMER_PWMTimersInit
 .text.HAL_TimeInitCaptureDMA
                0x0000000000005520       0xec ./HAL/hal_timers_ch32.o
                0x0000000000005520                HAL_TimeInitCaptureDMA
 .text.HAL_TIMER_SetPWMPulse
                0x000000000000560c       0x88 ./HAL/hal_timers_ch32.o
                0x000000000000560c                HAL_TIMER_SetPWMPulse
 .text.HAL_TIMER_EnablePWMCH
                0x0000000000005694       0x1a ./HAL/hal_timers_ch32.o
                0x0000000000005694                HAL_TIMER_EnablePWMCH
 .text.prvInsertBlockIntoFreeList
                0x00000000000056ae       0x4c ./FreeRTOS/portable/MemMang/heap_4.o
 .text.pvPortMalloc
                0x00000000000056fa      0x18a ./FreeRTOS/portable/MemMang/heap_4.o
                0x00000000000056fa                pvPortMalloc
 .text.vPortSetupTimerInterrupt
                0x0000000000005884       0x3e ./FreeRTOS/portable/GCC/RISC-V/port.o
                0x0000000000005884                vPortSetupTimerInterrupt
 .text.xPortStartScheduler
                0x00000000000058c2       0x90 ./FreeRTOS/portable/GCC/RISC-V/port.o
                0x00000000000058c2                xPortStartScheduler
 .text.SysTick_Handler
                0x0000000000005952       0x7c ./FreeRTOS/portable/GCC/RISC-V/port.o
                0x0000000000005952                SysTick_Handler
 .text.vPortEnterCritical
                0x00000000000059ce       0x16 ./FreeRTOS/portable/GCC/RISC-V/port.o
                0x00000000000059ce                vPortEnterCritical
 .text.vPortExitCritical
                0x00000000000059e4       0x42 ./FreeRTOS/portable/GCC/RISC-V/port.o
                0x00000000000059e4                vPortExitCritical
 .text.xPortSetInterruptMask
                0x0000000000005a26        0xc ./FreeRTOS/portable/GCC/RISC-V/port.o
                0x0000000000005a26                xPortSetInterruptMask
 .text.vPortClearInterruptMask
                0x0000000000005a32        0x6 ./FreeRTOS/portable/GCC/RISC-V/port.o
                0x0000000000005a32                vPortClearInterruptMask
 .text.vListInitialise
                0x0000000000005a38       0x14 ./FreeRTOS/list.o
                0x0000000000005a38                vListInitialise
 .text.vListInitialiseItem
                0x0000000000005a4c        0x6 ./FreeRTOS/list.o
                0x0000000000005a4c                vListInitialiseItem
 .text.vListInsertEnd
                0x0000000000005a52       0x18 ./FreeRTOS/list.o
                0x0000000000005a52                vListInsertEnd
 .text.vListInsert
                0x0000000000005a6a       0x2e ./FreeRTOS/list.o
                0x0000000000005a6a                vListInsert
 .text.uxListRemove
                0x0000000000005a98       0x20 ./FreeRTOS/list.o
                0x0000000000005a98                uxListRemove
 .text.prvIsQueueEmpty
                0x0000000000005ab8       0x1e ./FreeRTOS/queue.o
 .text.prvCopyDataToQueue
                0x0000000000005ad6       0x72 ./FreeRTOS/queue.o
 .text.prvCopyDataFromQueue
                0x0000000000005b48       0x28 ./FreeRTOS/queue.o
 .text.prvUnlockQueue
                0x0000000000005b70       0x76 ./FreeRTOS/queue.o
 .text.xQueueGenericReset
                0x0000000000005be6       0xc4 ./FreeRTOS/queue.o
                0x0000000000005be6                xQueueGenericReset
 .text.xQueueGenericCreateStatic
                0x0000000000005caa       0xae ./FreeRTOS/queue.o
                0x0000000000005caa                xQueueGenericCreateStatic
 .text.xQueueGenericCreate
                0x0000000000005d58       0x72 ./FreeRTOS/queue.o
                0x0000000000005d58                xQueueGenericCreate
 .text.xQueueGenericSend
                0x0000000000005dca      0x178 ./FreeRTOS/queue.o
                0x0000000000005dca                xQueueGenericSend
 .text.xQueueGiveMutexRecursive
                0x0000000000005f42       0x56 ./FreeRTOS/queue.o
                0x0000000000005f42                xQueueGiveMutexRecursive
 .text.xQueueCreateMutex
                0x0000000000005f98       0x2e ./FreeRTOS/queue.o
                0x0000000000005f98                xQueueCreateMutex
 .text.xQueueReceive
                0x0000000000005fc6      0x138 ./FreeRTOS/queue.o
                0x0000000000005fc6                xQueueReceive
 .text.xQueueSemaphoreTake
                0x00000000000060fe      0x18e ./FreeRTOS/queue.o
                0x00000000000060fe                xQueueSemaphoreTake
 .text.xQueueTakeMutexRecursive
                0x000000000000628c       0x5a ./FreeRTOS/queue.o
                0x000000000000628c                xQueueTakeMutexRecursive
 .text.uxQueueMessagesWaiting
                0x00000000000062e6       0x44 ./FreeRTOS/queue.o
                0x00000000000062e6                uxQueueMessagesWaiting
 .text.prvIdleTask
                0x000000000000632a        0x2 ./FreeRTOS/tasks.o
 .text.prvAddNewTaskToReadyList
                0x000000000000632c      0x106 ./FreeRTOS/tasks.o
 .text.prvResetNextTaskUnblockTime
                0x0000000000006432       0x20 ./FreeRTOS/tasks.o
 .text.prvTaskIsTaskSuspended
                0x0000000000006452       0x50 ./FreeRTOS/tasks.o
 .text.prvInitialiseNewTask.isra.2
                0x00000000000064a2       0xc8 ./FreeRTOS/tasks.o
 .text.prvAddCurrentTaskToDelayedList
                0x000000000000656a       0xa4 ./FreeRTOS/tasks.o
 .text.xTaskCreateStatic
                0x000000000000660e       0xa6 ./FreeRTOS/tasks.o
                0x000000000000660e                xTaskCreateStatic
 .text.vTaskResume
                0x00000000000066b4       0xa6 ./FreeRTOS/tasks.o
                0x00000000000066b4                vTaskResume
 .text.vTaskStartScheduler
                0x000000000000675a       0x5c ./FreeRTOS/tasks.o
                0x000000000000675a                vTaskStartScheduler
 .text.vTaskSuspendAll
                0x00000000000067b6       0x10 ./FreeRTOS/tasks.o
                0x00000000000067b6                vTaskSuspendAll
 .text.xTaskGetTickCount
                0x00000000000067c6        0x6 ./FreeRTOS/tasks.o
                0x00000000000067c6                xTaskGetTickCount
 .text.xTaskIncrementTick
                0x00000000000067cc      0x194 ./FreeRTOS/tasks.o
                0x00000000000067cc                xTaskIncrementTick
 .text.xTaskResumeAll
                0x0000000000006960      0x154 ./FreeRTOS/tasks.o
                0x0000000000006960                xTaskResumeAll
 .text.vTaskDelay
                0x0000000000006ab4       0x66 ./FreeRTOS/tasks.o
                0x0000000000006ab4                vTaskDelay
 .text.vTaskSwitchContext
                0x0000000000006b1a       0x92 ./FreeRTOS/tasks.o
                0x0000000000006b1a                vTaskSwitchContext
 .text.vTaskSuspend
                0x0000000000006bac       0xea ./FreeRTOS/tasks.o
                0x0000000000006bac                vTaskSuspend
 .text.vTaskPlaceOnEventList
                0x0000000000006c96       0x48 ./FreeRTOS/tasks.o
                0x0000000000006c96                vTaskPlaceOnEventList
 .text.xTaskRemoveFromEventList
                0x0000000000006cde       0xe4 ./FreeRTOS/tasks.o
                0x0000000000006cde                xTaskRemoveFromEventList
 .text.vTaskInternalSetTimeOutState
                0x0000000000006dc2        0xe ./FreeRTOS/tasks.o
                0x0000000000006dc2                vTaskInternalSetTimeOutState
 .text.xTaskCheckForTimeOut
                0x0000000000006dd0       0xaa ./FreeRTOS/tasks.o
                0x0000000000006dd0                xTaskCheckForTimeOut
 .text.vTaskMissedYield
                0x0000000000006e7a        0x8 ./FreeRTOS/tasks.o
                0x0000000000006e7a                vTaskMissedYield
 .text.xTaskGetCurrentTaskHandle
                0x0000000000006e82        0xa ./FreeRTOS/tasks.o
                0x0000000000006e82                xTaskGetCurrentTaskHandle
 .text.xTaskPriorityInherit
                0x0000000000006e8c       0xaa ./FreeRTOS/tasks.o
                0x0000000000006e8c                xTaskPriorityInherit
 .text.xTaskPriorityDisinherit
                0x0000000000006f36       0xc6 ./FreeRTOS/tasks.o
                0x0000000000006f36                xTaskPriorityDisinherit
 .text.vTaskPriorityDisinheritAfterTimeout
                0x0000000000006ffc       0xe2 ./FreeRTOS/tasks.o
                0x0000000000006ffc                vTaskPriorityDisinheritAfterTimeout
 .text.pvTaskIncrementMutexHeldCount
                0x00000000000070de       0x1c ./FreeRTOS/tasks.o
                0x00000000000070de                pvTaskIncrementMutexHeldCount
 .text.ulTaskGenericNotifyTake
                0x00000000000070fa       0xb8 ./FreeRTOS/tasks.o
                0x00000000000070fa                ulTaskGenericNotifyTake
 .text.xTaskGenericNotifyWait
                0x00000000000071b2       0xe6 ./FreeRTOS/tasks.o
                0x00000000000071b2                xTaskGenericNotifyWait
 .text.xTaskGenericNotifyFromISR
                0x0000000000007298      0x1e8 ./FreeRTOS/tasks.o
                0x0000000000007298                xTaskGenericNotifyFromISR
 .text.Delay_Init
                0x0000000000007480       0x2a ./Debug/debug.o
                0x0000000000007480                Delay_Init
 .text.Delay_Ms
                0x00000000000074aa       0x36 ./Debug/debug.o
                0x00000000000074aa                Delay_Ms
 .text.USART_Printf_Init
                0x00000000000074e0       0x5a ./Debug/debug.o
                0x00000000000074e0                USART_Printf_Init
 .text._write   0x000000000000753a       0x3e ./Debug/debug.o
                0x000000000000753a                _write
 .text._sbrk    0x0000000000007578       0x2a ./Debug/debug.o
                0x0000000000007578                _sbrk
 .text.prv_read_can_received_msg
                0x00000000000075a2       0x50 ./CANopenNode/keypad/CO_driver_ST32F103.o
                0x00000000000075a2                prv_read_can_received_msg
 .text.prv_send_can_message.isra.0
                0x00000000000075f2       0x2c ./CANopenNode/keypad/CO_driver_ST32F103.o
 .text.CAN_SendMessage
                0x000000000000761e       0x66 ./CANopenNode/keypad/CO_driver_ST32F103.o
                0x000000000000761e                CAN_SendMessage
 .text.co_drv_create_os_objects
                0x0000000000007684       0x30 ./CANopenNode/keypad/CO_driver_ST32F103.o
                0x0000000000007684                co_drv_create_os_objects
 .text.co_drv_mutex_lock
                0x00000000000076b4       0x18 ./CANopenNode/keypad/CO_driver_ST32F103.o
                0x00000000000076b4                co_drv_mutex_lock
 .text.co_drv_mutex_unlock
                0x00000000000076cc       0x16 ./CANopenNode/keypad/CO_driver_ST32F103.o
                0x00000000000076cc                co_drv_mutex_unlock
 .text.CO_CANsetNormalMode
                0x00000000000076e2       0x1c ./CANopenNode/keypad/CO_driver_ST32F103.o
                0x00000000000076e2                CO_CANsetNormalMode
 .text.CO_CANmodule_init
                0x00000000000076fe      0x110 ./CANopenNode/keypad/CO_driver_ST32F103.o
                0x00000000000076fe                CO_CANmodule_init
 .text.CO_CANmodule_disable
                0x000000000000780e       0x14 ./CANopenNode/keypad/CO_driver_ST32F103.o
                0x000000000000780e                CO_CANmodule_disable
 .text.CO_CANrxBufferInit
                0x0000000000007822       0x52 ./CANopenNode/keypad/CO_driver_ST32F103.o
                0x0000000000007822                CO_CANrxBufferInit
 .text.CO_CANtxBufferInit
                0x0000000000007874       0x3a ./CANopenNode/keypad/CO_driver_ST32F103.o
                0x0000000000007874                CO_CANtxBufferInit
 .text.CO_CANmodule_process
                0x00000000000078ae       0x12 ./CANopenNode/keypad/CO_driver_ST32F103.o
                0x00000000000078ae                CO_CANmodule_process
 .text.CO_CANsend
                0x00000000000078c0       0x46 ./CANopenNode/keypad/CO_driver_ST32F103.o
                0x00000000000078c0                CO_CANsend
 .text.CO_LSSslave_receive
                0x0000000000007906      0x1a8 ./CANopenNode/305/CO_LSSslave.o
 .text.CO_LSSslave_init
                0x0000000000007aae       0xa4 ./CANopenNode/305/CO_LSSslave.o
                0x0000000000007aae                CO_LSSslave_init
 .text.CO_LSSslave_process
                0x0000000000007b52      0x1a2 ./CANopenNode/305/CO_LSSslave.o
                0x0000000000007b52                CO_LSSslave_process
 .text.OD_write_1003
                0x0000000000007cf4       0x28 ./CANopenNode/301/CO_Emergency.o
 .text.OD_read_1003
                0x0000000000007d1c       0x8c ./CANopenNode/301/CO_Emergency.o
 .text.OD_read_1014_default
                0x0000000000007da8       0x50 ./CANopenNode/301/CO_Emergency.o
 .text.CO_EM_init
                0x0000000000007df8      0x112 ./CANopenNode/301/CO_Emergency.o
                0x0000000000007df8                CO_EM_init
 .text.CO_error
                0x0000000000007f0a       0xc4 ./CANopenNode/301/CO_Emergency.o
                0x0000000000007f0a                CO_error
 .text.CO_EM_process
                0x0000000000007fce      0x182 ./CANopenNode/301/CO_Emergency.o
                0x0000000000007fce                CO_EM_process
 .text.CO_NMT_receive
                0x0000000000008150       0x18 ./CANopenNode/301/CO_NMT_Heartbeat.o
 .text.OD_write_1017
                0x0000000000008168       0x48 ./CANopenNode/301/CO_NMT_Heartbeat.o
 .text.CO_NMT_init
                0x00000000000081b0       0xec ./CANopenNode/301/CO_NMT_Heartbeat.o
                0x00000000000081b0                CO_NMT_init
 .text.CO_NMT_process
                0x000000000000829c      0x106 ./CANopenNode/301/CO_NMT_Heartbeat.o
                0x000000000000829c                CO_NMT_process
 .text.OD_readDisabled
                0x00000000000083a2        0x4 ./CANopenNode/301/CO_ODinterface.o
 .text.OD_readOriginal
                0x00000000000083a6       0x50 ./CANopenNode/301/CO_ODinterface.o
                0x00000000000083a6                OD_readOriginal
 .text.OD_writeOriginal
                0x00000000000083f6       0x54 ./CANopenNode/301/CO_ODinterface.o
                0x00000000000083f6                OD_writeOriginal
 .text.OD_writeDisabled
                0x000000000000844a        0x4 ./CANopenNode/301/CO_ODinterface.o
 .text.OD_find  0x000000000000844e       0x70 ./CANopenNode/301/CO_ODinterface.o
                0x000000000000844e                OD_find
 .text.OD_getSub
                0x00000000000084be       0xf6 ./CANopenNode/301/CO_ODinterface.o
                0x00000000000084be                OD_getSub
 .text.OD_getSDOabCode
                0x00000000000085b4       0x20 ./CANopenNode/301/CO_ODinterface.o
                0x00000000000085b4                OD_getSDOabCode
 .text.OD_get_value
                0x00000000000085d4       0x34 ./CANopenNode/301/CO_ODinterface.o
                0x00000000000085d4                OD_get_value
 .text.OD_set_value
                0x0000000000008608       0x2e ./CANopenNode/301/CO_ODinterface.o
                0x0000000000008608                OD_set_value
 .text.OD_getPtr
                0x0000000000008636       0x3c ./CANopenNode/301/CO_ODinterface.o
                0x0000000000008636                OD_getPtr
 .text.OD_write_dummy
                0x0000000000008672        0x8 ./CANopenNode/301/CO_PDO.o
 .text.OD_read_dummy
                0x000000000000867a       0x2e ./CANopenNode/301/CO_PDO.o
 .text.PDOconfigMap
                0x00000000000086a8      0x100 ./CANopenNode/301/CO_PDO.o
 .text.CO_PDO_receive
                0x00000000000087a8       0x48 ./CANopenNode/301/CO_PDO.o
 .text.OD_read_PDO_commParam
                0x00000000000087f0       0x70 ./CANopenNode/301/CO_PDO.o
 .text.PDO_initMapping.constprop.3
                0x0000000000008860       0xe6 ./CANopenNode/301/CO_PDO.o
 .text.OD_write_PDO_mapping
                0x0000000000008946       0xb4 ./CANopenNode/301/CO_PDO.o
 .text.OD_write_18xx
                0x00000000000089fa      0x184 ./CANopenNode/301/CO_PDO.o
 .text.OD_write_14xx
                0x0000000000008b7e      0x15a ./CANopenNode/301/CO_PDO.o
 .text.CO_RPDO_init
                0x0000000000008cd8      0x172 ./CANopenNode/301/CO_PDO.o
                0x0000000000008cd8                CO_RPDO_init
 .text.CO_RPDO_process
                0x0000000000008e4a      0x114 ./CANopenNode/301/CO_PDO.o
                0x0000000000008e4a                CO_RPDO_process
 .text.CO_TPDO_init
                0x0000000000008f5e      0x1d2 ./CANopenNode/301/CO_PDO.o
                0x0000000000008f5e                CO_TPDO_init
 .text.CO_TPDO_process
                0x0000000000009130      0x15e ./CANopenNode/301/CO_PDO.o
                0x0000000000009130                CO_TPDO_process
 .text.CO_SDOserver_init_canRxTx
                0x000000000000928e       0x82 ./CANopenNode/301/CO_SDOserver.o
 .text.CO_SDO_receive
                0x0000000000009310       0x38 ./CANopenNode/301/CO_SDOserver.o
 .text.readFromOd.isra.1.constprop.5
                0x0000000000009348       0xe2 ./CANopenNode/301/CO_SDOserver.o
 .text.OD_write_1201_additional
                0x000000000000942a      0x158 ./CANopenNode/301/CO_SDOserver.o
 .text.CO_SDOserver_init
                0x0000000000009582      0x172 ./CANopenNode/301/CO_SDOserver.o
                0x0000000000009582                CO_SDOserver_init
 .text.CO_SDOserver_process
                0x00000000000096f4      0x5e8 ./CANopenNode/301/CO_SDOserver.o
                0x00000000000096f4                CO_SDOserver_process
 .text.CO_delete
                0x0000000000009cdc       0x56 ./CANopenNode/CANopen.o
                0x0000000000009cdc                CO_delete
 .text.CO_new   0x0000000000009d32      0x102 ./CANopenNode/CANopen.o
                0x0000000000009d32                CO_new
 .text.CO_CANinit
                0x0000000000009e34       0x28 ./CANopenNode/CANopen.o
                0x0000000000009e34                CO_CANinit
 .text.CO_LSSinit
                0x0000000000009e5c       0x32 ./CANopenNode/CANopen.o
                0x0000000000009e5c                CO_LSSinit
 .text.CO_CANopenInit
                0x0000000000009e8e       0xb8 ./CANopenNode/CANopen.o
                0x0000000000009e8e                CO_CANopenInit
 .text.CO_CANopenInitPDO
                0x0000000000009f46       0xea ./CANopenNode/CANopen.o
                0x0000000000009f46                CO_CANopenInitPDO
 .text.CO_process
                0x000000000000a030       0x7e ./CANopenNode/CANopen.o
                0x000000000000a030                CO_process
 .text.CO_process_RPDO
                0x000000000000a0ae       0x40 ./CANopenNode/CANopen.o
                0x000000000000a0ae                CO_process_RPDO
 .text.CO_process_TPDO
                0x000000000000a0ee       0x40 ./CANopenNode/CANopen.o
                0x000000000000a0ee                CO_process_TPDO
 .text.__divdf3
                0x000000000000a12e      0x5b4 c:/mounriver/mounriver_studio/toolchain/risc-v embedded gcc/bin/../lib/gcc/riscv-none-embed/8.2.0/rv32imacxw/ilp32\libgcc.a(divdf3.o)
                0x000000000000a12e                __divdf3
 .text.__muldf3
                0x000000000000a6e2      0x4b8 c:/mounriver/mounriver_studio/toolchain/risc-v embedded gcc/bin/../lib/gcc/riscv-none-embed/8.2.0/rv32imacxw/ilp32\libgcc.a(muldf3.o)
                0x000000000000a6e2                __muldf3
 .text.__fixunsdfsi
                0x000000000000ab9a       0x5c c:/mounriver/mounriver_studio/toolchain/risc-v embedded gcc/bin/../lib/gcc/riscv-none-embed/8.2.0/rv32imacxw/ilp32\libgcc.a(fixunsdfsi.o)
                0x000000000000ab9a                __fixunsdfsi
 .text.__floatunsidf
                0x000000000000abf6       0x68 c:/mounriver/mounriver_studio/toolchain/risc-v embedded gcc/bin/../lib/gcc/riscv-none-embed/8.2.0/rv32imacxw/ilp32\libgcc.a(floatunsidf.o)
                0x000000000000abf6                __floatunsidf
 .text.__addsf3
                0x000000000000ac5e      0x36a c:/mounriver/mounriver_studio/toolchain/risc-v embedded gcc/bin/../lib/gcc/riscv-none-embed/8.2.0/rv32imacxw/ilp32\libgcc.a(addsf3.o)
                0x000000000000ac5e                __addsf3
 .text.__divsf3
                0x000000000000afc8      0x2b2 c:/mounriver/mounriver_studio/toolchain/risc-v embedded gcc/bin/../lib/gcc/riscv-none-embed/8.2.0/rv32imacxw/ilp32\libgcc.a(divsf3.o)
                0x000000000000afc8                __divsf3
 .text.__gesf2  0x000000000000b27a       0x86 c:/mounriver/mounriver_studio/toolchain/risc-v embedded gcc/bin/../lib/gcc/riscv-none-embed/8.2.0/rv32imacxw/ilp32\libgcc.a(gesf2.o)
                0x000000000000b27a                __gesf2
                0x000000000000b27a                __gtsf2
 .text.__lesf2  0x000000000000b300       0x8c c:/mounriver/mounriver_studio/toolchain/risc-v embedded gcc/bin/../lib/gcc/riscv-none-embed/8.2.0/rv32imacxw/ilp32\libgcc.a(lesf2.o)
                0x000000000000b300                __ltsf2
                0x000000000000b300                __lesf2
 .text.__mulsf3
                0x000000000000b38c      0x294 c:/mounriver/mounriver_studio/toolchain/risc-v embedded gcc/bin/../lib/gcc/riscv-none-embed/8.2.0/rv32imacxw/ilp32\libgcc.a(mulsf3.o)
                0x000000000000b38c                __mulsf3
 .text.__subsf3
                0x000000000000b620      0x388 c:/mounriver/mounriver_studio/toolchain/risc-v embedded gcc/bin/../lib/gcc/riscv-none-embed/8.2.0/rv32imacxw/ilp32\libgcc.a(subsf3.o)
                0x000000000000b620                __subsf3
 .text.__fixsfsi
                0x000000000000b9a8       0x62 c:/mounriver/mounriver_studio/toolchain/risc-v embedded gcc/bin/../lib/gcc/riscv-none-embed/8.2.0/rv32imacxw/ilp32\libgcc.a(fixsfsi.o)
                0x000000000000b9a8                __fixsfsi
 .text.__fixunssfsi
                0x000000000000ba0a       0x56 c:/mounriver/mounriver_studio/toolchain/risc-v embedded gcc/bin/../lib/gcc/riscv-none-embed/8.2.0/rv32imacxw/ilp32\libgcc.a(fixunssfsi.o)
                0x000000000000ba0a                __fixunssfsi
 .text.__floatsisf
                0x000000000000ba60       0xc6 c:/mounriver/mounriver_studio/toolchain/risc-v embedded gcc/bin/../lib/gcc/riscv-none-embed/8.2.0/rv32imacxw/ilp32\libgcc.a(floatsisf.o)
                0x000000000000ba60                __floatsisf
 .text.__floatunsisf
                0x000000000000bb26       0xce c:/mounriver/mounriver_studio/toolchain/risc-v embedded gcc/bin/../lib/gcc/riscv-none-embed/8.2.0/rv32imacxw/ilp32\libgcc.a(floatunsisf.o)
                0x000000000000bb26                __floatunsisf
 .text.__extendsfdf2
                0x000000000000bbf4       0xac c:/mounriver/mounriver_studio/toolchain/risc-v embedded gcc/bin/../lib/gcc/riscv-none-embed/8.2.0/rv32imacxw/ilp32\libgcc.a(extendsfdf2.o)
                0x000000000000bbf4                __extendsfdf2
 .text.__truncdfsf2
                0x000000000000bca0      0x16a c:/mounriver/mounriver_studio/toolchain/risc-v embedded gcc/bin/../lib/gcc/riscv-none-embed/8.2.0/rv32imacxw/ilp32\libgcc.a(truncdfsf2.o)
                0x000000000000bca0                __truncdfsf2
 .text.__clzsi2
                0x000000000000be0a       0x6e c:/mounriver/mounriver_studio/toolchain/risc-v embedded gcc/bin/../lib/gcc/riscv-none-embed/8.2.0/rv32imacxw/ilp32\libgcc.a(_clzsi2.o)
                0x000000000000be0a                __clzsi2
 .text.calloc   0x000000000000be78        0xc c:/mounriver/mounriver_studio/toolchain/risc-v embedded gcc/bin/../lib/gcc/riscv-none-embed/8.2.0/../../../../riscv-none-embed/lib/rv32imacxw/ilp32\libg_nano.a(lib_a-calloc.o)
                0x000000000000be78                calloc
 .text.free     0x000000000000be84        0xa c:/mounriver/mounriver_studio/toolchain/risc-v embedded gcc/bin/../lib/gcc/riscv-none-embed/8.2.0/../../../../riscv-none-embed/lib/rv32imacxw/ilp32\libg_nano.a(lib_a-malloc.o)
                0x000000000000be84                free
 .text.memcpy   0x000000000000be8e       0xb2 c:/mounriver/mounriver_studio/toolchain/risc-v embedded gcc/bin/../lib/gcc/riscv-none-embed/8.2.0/../../../../riscv-none-embed/lib/rv32imacxw/ilp32\libg_nano.a(lib_a-memcpy.o)
                0x000000000000be8e                memcpy
 .text.memmove  0x000000000000bf40       0x46 c:/mounriver/mounriver_studio/toolchain/risc-v embedded gcc/bin/../lib/gcc/riscv-none-embed/8.2.0/../../../../riscv-none-embed/lib/rv32imacxw/ilp32\libg_nano.a(lib_a-memmove.o)
                0x000000000000bf40                memmove
 .text._calloc_r
                0x000000000000bf86       0x26 c:/mounriver/mounriver_studio/toolchain/risc-v embedded gcc/bin/../lib/gcc/riscv-none-embed/8.2.0/../../../../riscv-none-embed/lib/rv32imacxw/ilp32\libg_nano.a(lib_a-nano-callocr.o)
                0x000000000000bf86                _calloc_r
 .text._free_r  0x000000000000bfac       0xa8 c:/mounriver/mounriver_studio/toolchain/risc-v embedded gcc/bin/../lib/gcc/riscv-none-embed/8.2.0/../../../../riscv-none-embed/lib/rv32imacxw/ilp32\libg_nano.a(lib_a-nano-freer.o)
                0x000000000000bfac                _free_r
 .text._malloc_r
                0x000000000000c054       0xd4 c:/mounriver/mounriver_studio/toolchain/risc-v embedded gcc/bin/../lib/gcc/riscv-none-embed/8.2.0/../../../../riscv-none-embed/lib/rv32imacxw/ilp32\libg_nano.a(lib_a-nano-mallocr.o)
                0x000000000000c054                _malloc_r
 .text.printf   0x000000000000c128       0x40 c:/mounriver/mounriver_studio/toolchain/risc-v embedded gcc/bin/../lib/gcc/riscv-none-embed/8.2.0/../../../../riscv-none-embed/lib/rv32imacxw/ilp32\libg_nano.a(lib_a-printf.o)
                0x000000000000c128                iprintf
                0x000000000000c128                printf
 .text._puts_r  0x000000000000c168       0xd4 c:/mounriver/mounriver_studio/toolchain/risc-v embedded gcc/bin/../lib/gcc/riscv-none-embed/8.2.0/../../../../riscv-none-embed/lib/rv32imacxw/ilp32\libg_nano.a(lib_a-puts.o)
                0x000000000000c168                _puts_r
 .text.puts     0x000000000000c23c        0xc c:/mounriver/mounriver_studio/toolchain/risc-v embedded gcc/bin/../lib/gcc/riscv-none-embed/8.2.0/../../../../riscv-none-embed/lib/rv32imacxw/ilp32\libg_nano.a(lib_a-puts.o)
                0x000000000000c23c                puts
 .text._sbrk_r  0x000000000000c248       0x32 c:/mounriver/mounriver_studio/toolchain/risc-v embedded gcc/bin/../lib/gcc/riscv-none-embed/8.2.0/../../../../riscv-none-embed/lib/rv32imacxw/ilp32\libg_nano.a(lib_a-sbrkr.o)
                0x000000000000c248                _sbrk_r
 .text.strlen   0x000000000000c27a       0x12 c:/mounriver/mounriver_studio/toolchain/risc-v embedded gcc/bin/../lib/gcc/riscv-none-embed/8.2.0/../../../../riscv-none-embed/lib/rv32imacxw/ilp32\libg_nano.a(lib_a-strlen.o)
                0x000000000000c27a                strlen
 .text.__swbuf_r
                0x000000000000c28c       0xbc c:/mounriver/mounriver_studio/toolchain/risc-v embedded gcc/bin/../lib/gcc/riscv-none-embed/8.2.0/../../../../riscv-none-embed/lib/rv32imacxw/ilp32\libg_nano.a(lib_a-wbuf.o)
                0x000000000000c28c                __swbuf_r
 .text.__swsetup_r
                0x000000000000c348       0xfe c:/mounriver/mounriver_studio/toolchain/risc-v embedded gcc/bin/../lib/gcc/riscv-none-embed/8.2.0/../../../../riscv-none-embed/lib/rv32imacxw/ilp32\libg_nano.a(lib_a-wsetup.o)
                0x000000000000c348                __swsetup_r
 .text.__sflush_r
                0x000000000000c446      0x132 c:/mounriver/mounriver_studio/toolchain/risc-v embedded gcc/bin/../lib/gcc/riscv-none-embed/8.2.0/../../../../riscv-none-embed/lib/rv32imacxw/ilp32\libg_nano.a(lib_a-fflush.o)
                0x000000000000c446                __sflush_r
 .text._fflush_r
                0x000000000000c578       0x66 c:/mounriver/mounriver_studio/toolchain/risc-v embedded gcc/bin/../lib/gcc/riscv-none-embed/8.2.0/../../../../riscv-none-embed/lib/rv32imacxw/ilp32\libg_nano.a(lib_a-fflush.o)
                0x000000000000c578                _fflush_r
 .text.std      0x000000000000c5de       0x66 c:/mounriver/mounriver_studio/toolchain/risc-v embedded gcc/bin/../lib/gcc/riscv-none-embed/8.2.0/../../../../riscv-none-embed/lib/rv32imacxw/ilp32\libg_nano.a(lib_a-findfp.o)
 .text._cleanup_r
                0x000000000000c644        0xa c:/mounriver/mounriver_studio/toolchain/risc-v embedded gcc/bin/../lib/gcc/riscv-none-embed/8.2.0/../../../../riscv-none-embed/lib/rv32imacxw/ilp32\libg_nano.a(lib_a-findfp.o)
                0x000000000000c644                _cleanup_r
 .text.__sfmoreglue
                0x000000000000c64e       0x48 c:/mounriver/mounriver_studio/toolchain/risc-v embedded gcc/bin/../lib/gcc/riscv-none-embed/8.2.0/../../../../riscv-none-embed/lib/rv32imacxw/ilp32\libg_nano.a(lib_a-findfp.o)
                0x000000000000c64e                __sfmoreglue
 .text.__sinit  0x000000000000c696       0x6c c:/mounriver/mounriver_studio/toolchain/risc-v embedded gcc/bin/../lib/gcc/riscv-none-embed/8.2.0/../../../../riscv-none-embed/lib/rv32imacxw/ilp32\libg_nano.a(lib_a-findfp.o)
                0x000000000000c696                __sinit
 .text.__sfp    0x000000000000c702       0xa0 c:/mounriver/mounriver_studio/toolchain/risc-v embedded gcc/bin/../lib/gcc/riscv-none-embed/8.2.0/../../../../riscv-none-embed/lib/rv32imacxw/ilp32\libg_nano.a(lib_a-findfp.o)
                0x000000000000c702                __sfp
 .text._fwalk_reent
                0x000000000000c7a2       0x6a c:/mounriver/mounriver_studio/toolchain/risc-v embedded gcc/bin/../lib/gcc/riscv-none-embed/8.2.0/../../../../riscv-none-embed/lib/rv32imacxw/ilp32\libg_nano.a(lib_a-fwalk.o)
                0x000000000000c7a2                _fwalk_reent
 .text.__swhatbuf_r
                0x000000000000c80c       0x58 c:/mounriver/mounriver_studio/toolchain/risc-v embedded gcc/bin/../lib/gcc/riscv-none-embed/8.2.0/../../../../riscv-none-embed/lib/rv32imacxw/ilp32\libg_nano.a(lib_a-makebuf.o)
                0x000000000000c80c                __swhatbuf_r
 .text.__smakebuf_r
                0x000000000000c864       0x94 c:/mounriver/mounriver_studio/toolchain/risc-v embedded gcc/bin/../lib/gcc/riscv-none-embed/8.2.0/../../../../riscv-none-embed/lib/rv32imacxw/ilp32\libg_nano.a(lib_a-makebuf.o)
                0x000000000000c864                __smakebuf_r
 .text.__malloc_lock
                0x000000000000c8f8        0x2 c:/mounriver/mounriver_studio/toolchain/risc-v embedded gcc/bin/../lib/gcc/riscv-none-embed/8.2.0/../../../../riscv-none-embed/lib/rv32imacxw/ilp32\libg_nano.a(lib_a-mlock.o)
                0x000000000000c8f8                __malloc_lock
 .text.__malloc_unlock
                0x000000000000c8fa        0x2 c:/mounriver/mounriver_studio/toolchain/risc-v embedded gcc/bin/../lib/gcc/riscv-none-embed/8.2.0/../../../../riscv-none-embed/lib/rv32imacxw/ilp32\libg_nano.a(lib_a-mlock.o)
                0x000000000000c8fa                __malloc_unlock
 .text.__sfputc_r
                0x000000000000c8fc       0x28 c:/mounriver/mounriver_studio/toolchain/risc-v embedded gcc/bin/../lib/gcc/riscv-none-embed/8.2.0/../../../../riscv-none-embed/lib/rv32imacxw/ilp32\libg_nano.a(lib_a-nano-vfprintf.o)
 .text.__sfputs_r
                0x000000000000c924       0x42 c:/mounriver/mounriver_studio/toolchain/risc-v embedded gcc/bin/../lib/gcc/riscv-none-embed/8.2.0/../../../../riscv-none-embed/lib/rv32imacxw/ilp32\libg_nano.a(lib_a-nano-vfprintf.o)
                0x000000000000c924                __sfputs_r
 .text._vfprintf_r
                0x000000000000c966      0x288 c:/mounriver/mounriver_studio/toolchain/risc-v embedded gcc/bin/../lib/gcc/riscv-none-embed/8.2.0/../../../../riscv-none-embed/lib/rv32imacxw/ilp32\libg_nano.a(lib_a-nano-vfprintf.o)
                0x000000000000c966                _vfprintf_r
                0x000000000000c966                _vfiprintf_r
 .text._printf_common
                0x000000000000cbee      0x10c c:/mounriver/mounriver_studio/toolchain/risc-v embedded gcc/bin/../lib/gcc/riscv-none-embed/8.2.0/../../../../riscv-none-embed/lib/rv32imacxw/ilp32\libg_nano.a(lib_a-nano-vfprintf_i.o)
                0x000000000000cbee                _printf_common
 .text._printf_i
                0x000000000000ccfa      0x2a2 c:/mounriver/mounriver_studio/toolchain/risc-v embedded gcc/bin/../lib/gcc/riscv-none-embed/8.2.0/../../../../riscv-none-embed/lib/rv32imacxw/ilp32\libg_nano.a(lib_a-nano-vfprintf_i.o)
                0x000000000000ccfa                _printf_i
 .text.__sread  0x000000000000cf9c       0x2c c:/mounriver/mounriver_studio/toolchain/risc-v embedded gcc/bin/../lib/gcc/riscv-none-embed/8.2.0/../../../../riscv-none-embed/lib/rv32imacxw/ilp32\libg_nano.a(lib_a-stdio.o)
                0x000000000000cf9c                __sread
 .text.__swrite
                0x000000000000cfc8       0x48 c:/mounriver/mounriver_studio/toolchain/risc-v embedded gcc/bin/../lib/gcc/riscv-none-embed/8.2.0/../../../../riscv-none-embed/lib/rv32imacxw/ilp32\libg_nano.a(lib_a-stdio.o)
                0x000000000000cfc8                __swrite
 .text.__sseek  0x000000000000d010       0x30 c:/mounriver/mounriver_studio/toolchain/risc-v embedded gcc/bin/../lib/gcc/riscv-none-embed/8.2.0/../../../../riscv-none-embed/lib/rv32imacxw/ilp32\libg_nano.a(lib_a-stdio.o)
                0x000000000000d010                __sseek
 .text.__sclose
                0x000000000000d040        0x6 c:/mounriver/mounriver_studio/toolchain/risc-v embedded gcc/bin/../lib/gcc/riscv-none-embed/8.2.0/../../../../riscv-none-embed/lib/rv32imacxw/ilp32\libg_nano.a(lib_a-stdio.o)
                0x000000000000d040                __sclose
 .text._write_r
                0x000000000000d046       0x36 c:/mounriver/mounriver_studio/toolchain/risc-v embedded gcc/bin/../lib/gcc/riscv-none-embed/8.2.0/../../../../riscv-none-embed/lib/rv32imacxw/ilp32\libg_nano.a(lib_a-writer.o)
                0x000000000000d046                _write_r
 .text._close_r
                0x000000000000d07c       0x30 c:/mounriver/mounriver_studio/toolchain/risc-v embedded gcc/bin/../lib/gcc/riscv-none-embed/8.2.0/../../../../riscv-none-embed/lib/rv32imacxw/ilp32\libg_nano.a(lib_a-closer.o)
                0x000000000000d07c                _close_r
 .text._fstat_r
                0x000000000000d0ac       0x32 c:/mounriver/mounriver_studio/toolchain/risc-v embedded gcc/bin/../lib/gcc/riscv-none-embed/8.2.0/../../../../riscv-none-embed/lib/rv32imacxw/ilp32\libg_nano.a(lib_a-fstatr.o)
                0x000000000000d0ac                _fstat_r
 .text._isatty_r
                0x000000000000d0de       0x30 c:/mounriver/mounriver_studio/toolchain/risc-v embedded gcc/bin/../lib/gcc/riscv-none-embed/8.2.0/../../../../riscv-none-embed/lib/rv32imacxw/ilp32\libg_nano.a(lib_a-isattyr.o)
                0x000000000000d0de                _isatty_r
 .text._lseek_r
                0x000000000000d10e       0x34 c:/mounriver/mounriver_studio/toolchain/risc-v embedded gcc/bin/../lib/gcc/riscv-none-embed/8.2.0/../../../../riscv-none-embed/lib/rv32imacxw/ilp32\libg_nano.a(lib_a-lseekr.o)
                0x000000000000d10e                _lseek_r
 .text.memchr   0x000000000000d142       0x18 c:/mounriver/mounriver_studio/toolchain/risc-v embedded gcc/bin/../lib/gcc/riscv-none-embed/8.2.0/../../../../riscv-none-embed/lib/rv32imacxw/ilp32\libg_nano.a(lib_a-memchr.o)
                0x000000000000d142                memchr
 .text._read_r  0x000000000000d15a       0x34 c:/mounriver/mounriver_studio/toolchain/risc-v embedded gcc/bin/../lib/gcc/riscv-none-embed/8.2.0/../../../../riscv-none-embed/lib/rv32imacxw/ilp32\libg_nano.a(lib_a-readr.o)
                0x000000000000d15a                _read_r
 .text._close   0x000000000000d18e       0x10 c:/mounriver/mounriver_studio/toolchain/risc-v embedded gcc/bin/../lib/gcc/riscv-none-embed/8.2.0/../../../../riscv-none-embed/lib/rv32imacxw/ilp32\libnosys.a(close.o)
                0x000000000000d18e                _close
 .text._fstat   0x000000000000d19e       0x10 c:/mounriver/mounriver_studio/toolchain/risc-v embedded gcc/bin/../lib/gcc/riscv-none-embed/8.2.0/../../../../riscv-none-embed/lib/rv32imacxw/ilp32\libnosys.a(fstat.o)
                0x000000000000d19e                _fstat
 .text._isatty  0x000000000000d1ae       0x10 c:/mounriver/mounriver_studio/toolchain/risc-v embedded gcc/bin/../lib/gcc/riscv-none-embed/8.2.0/../../../../riscv-none-embed/lib/rv32imacxw/ilp32\libnosys.a(isatty.o)
                0x000000000000d1ae                _isatty
 .text._lseek   0x000000000000d1be       0x10 c:/mounriver/mounriver_studio/toolchain/risc-v embedded gcc/bin/../lib/gcc/riscv-none-embed/8.2.0/../../../../riscv-none-embed/lib/rv32imacxw/ilp32\libnosys.a(lseek.o)
                0x000000000000d1be                _lseek
 .text._read    0x000000000000d1ce       0x10 c:/mounriver/mounriver_studio/toolchain/risc-v embedded gcc/bin/../lib/gcc/riscv-none-embed/8.2.0/../../../../riscv-none-embed/lib/rv32imacxw/ilp32\libnosys.a(read.o)
                0x000000000000d1ce                _read
 *(.rodata)
 *(.rodata*)
 *fill*         0x000000000000d1de        0x2 
 .rodata.vCanOpenProcess.str1.4
                0x000000000000d1e0        0xa ./User/CanOpenNode.o
 *fill*         0x000000000000d1ea        0x2 
 .rodata.CalPoint
                0x000000000000d1ec       0x48 ./User/DataModel.o
 .rodata.CalPoint1
                0x000000000000d234       0x18 ./User/DataModel.o
 .rodata.bitrate_table
                0x000000000000d24c       0x10 ./User/DataModel.o
 .rodata.seg_const.7441
                0x000000000000d25c       0x12 ./User/DataModel.o
 *fill*         0x000000000000d26e        0x2 
 .rodata.str1.4
                0x000000000000d270       0x1e ./User/DataModel.o
 *fill*         0x000000000000d28e        0x2 
 .rodata.vIncrementSystemCounters.cst4
                0x000000000000d290        0x8 ./User/DataModel.o
 .rodata.getODValue
                0x000000000000d298       0x78 ./User/dash_draw.o
 .rodata.MenuStateCross
                0x000000000000d310       0x1c ./User/dash_draw.o
 .rodata.SEG_MASK
                0x000000000000d32c       0x14 ./User/dash_draw.o
                0x000000000000d32c                SEG_MASK
 .rodata.dm     0x000000000000d340       0x3f ./User/dash_draw.o
 *fill*         0x000000000000d37f        0x1 
 .rodata.getODValue.cst4
                0x000000000000d380        0x4 ./User/dash_draw.o
                                          0x8 (size before relaxing)
 .rodata.vBarColorMode.cst4
                0x000000000000d384        0x4 ./User/dash_draw.o
 .rodata.ADC_FSM.cst4
                0x000000000000d388        0xc ./User/inputs.o
 *fill*         0x000000000000d394        0x4 
 .rodata.ADC_FSM.cst8
                0x000000000000d398       0x18 ./User/inputs.o
 .rodata.vInputsTask.cst4
                0x000000000000d3b0        0x8 ./User/inputs.o
 .rodata.SetSegDirect
                0x000000000000d3b8       0x1c ./User/led.o
 .rodata.Brigth
                0x000000000000d3d4       0x1e ./User/led.o
 *fill*         0x000000000000d3f2        0x2 
 .rodata.DigitMask
                0x000000000000d3f4        0xa ./User/led.o
                0x000000000000d3f4                DigitMask
 *fill*         0x000000000000d3fe        0x2 
 .rodata.offset_mask
                0x000000000000d400        0xe ./User/led.o
 *fill*         0x000000000000d40e        0x2 
 .rodata.step_mask
                0x000000000000d410        0xe ./User/led.o
 *fill*         0x000000000000d41e        0x2 
 .rodata.Error_Handler.str1.4
                0x000000000000d420        0xf ./User/main.o
 *fill*         0x000000000000d42f        0x1 
 .rodata.main.str1.4
                0x000000000000d430        0xf ./User/main.o
 *fill*         0x000000000000d43f        0x1 
 .rodata.OD_readBoardSettings
                0x000000000000d440       0x18 ./User/process.o
 .rodata.OD_writeBoardSettings
                0x000000000000d458       0x18 ./User/process.o
 .rodata.OD_ADC1_CAL_extension
                0x000000000000d470       0x10 ./User/process.o
                0x000000000000d470                OD_ADC1_CAL_extension
 .rodata.OD_ADC2_CAL_extension
                0x000000000000d480       0x10 ./User/process.o
                0x000000000000d480                OD_ADC2_CAL_extension
 .rodata.OD_ADC3_CAL_extension
                0x000000000000d490       0x10 ./User/process.o
                0x000000000000d490                OD_ADC3_CAL_extension
 .rodata.OD_AIN_RPM_extension
                0x000000000000d4a0       0x10 ./User/process.o
                0x000000000000d4a0                OD_AIN_RPM_extension
 .rodata.OD_BAR_extension
                0x000000000000d4b0       0x10 ./User/process.o
                0x000000000000d4b0                OD_BAR_extension
 .rodata.OD_BOARD_SETTINGS_extension
                0x000000000000d4c0       0x10 ./User/process.o
                0x000000000000d4c0                OD_BOARD_SETTINGS_extension
 .rodata.OD_DASH_PARAM_extension
                0x000000000000d4d0       0x10 ./User/process.o
                0x000000000000d4d0                OD_DASH_PARAM_extension
 .rodata.OD_DIN_extension
                0x000000000000d4e0       0x10 ./User/process.o
                0x000000000000d4e0                OD_DIN_extension
 .rodata.OD_INPUT_CH_CONFIG_extension
                0x000000000000d4f0       0x10 ./User/process.o
                0x000000000000d4f0                OD_INPUT_CH_CONFIG_extension
 .rodata.OD_KEY_extension
                0x000000000000d500       0x10 ./User/process.o
                0x000000000000d500                OD_KEY_extension
 .rodata.OD_MENU_MAP_extension
                0x000000000000d510       0x10 ./User/process.o
                0x000000000000d510                OD_MENU_MAP_extension
 .rodata.OD_MENU_SETUP_extension
                0x000000000000d520       0x10 ./User/process.o
                0x000000000000d520                OD_MENU_SETUP_extension
 .rodata.OD_RGB10_extension
                0x000000000000d530       0x10 ./User/process.o
                0x000000000000d530                OD_RGB10_extension
 .rodata.OD_RGB11_extension
                0x000000000000d540       0x10 ./User/process.o
                0x000000000000d540                OD_RGB11_extension
 .rodata.OD_RGB12_extension
                0x000000000000d550       0x10 ./User/process.o
                0x000000000000d550                OD_RGB12_extension
 .rodata.OD_RGB13_extension
                0x000000000000d560       0x10 ./User/process.o
                0x000000000000d560                OD_RGB13_extension
 .rodata.OD_RGB14_extension
                0x000000000000d570       0x10 ./User/process.o
                0x000000000000d570                OD_RGB14_extension
 .rodata.OD_RGB1_extension
                0x000000000000d580       0x10 ./User/process.o
                0x000000000000d580                OD_RGB1_extension
 .rodata.OD_RGB2_extension
                0x000000000000d590       0x10 ./User/process.o