Archive member included to satisfy reference by file (symbol)

c:/mounriver/mounriver_studio/toolchain/risc-v embedded gcc/bin/../lib/gcc/riscv-none-embed/8.2.0/rv32imacxw/ilp32\libgcc.a(addsf3.o)
                              ./User/DataModel.o (__addsf3)
c:/mounriver/mounriver_studio/toolchain/risc-v embedded gcc/bin/../lib/gcc/riscv-none-embed/8.2.0/rv32imacxw/ilp32\libgcc.a(divsf3.o)
                              ./User/DataModel.o (__divsf3)
c:/mounriver/mounriver_studio/toolchain/risc-v embedded gcc/bin/../lib/gcc/riscv-none-embed/8.2.0/rv32imacxw/ilp32\libgcc.a(eqsf2.o)
                              ./HWLIB/hw_lib_din.o (__nesf2)
c:/mounriver/mounriver_studio/toolchain/risc-v embedded gcc/bin/../lib/gcc/riscv-none-embed/8.2.0/rv32imacxw/ilp32\libgcc.a(lesf2.o)
                              ./HWLIB/hw_lib_adc.o (__lesf2)
c:/mounriver/mounriver_studio/toolchain/risc-v embedded gcc/bin/../lib/gcc/riscv-none-embed/8.2.0/rv32imacxw/ilp32\libgcc.a(mulsf3.o)
                              ./User/dash_draw.o (__mulsf3)
c:/mounriver/mounriver_studio/toolchain/risc-v embedded gcc/bin/../lib/gcc/riscv-none-embed/8.2.0/rv32imacxw/ilp32\libgcc.a(subsf3.o)
                              ./HWLIB/hw_lib_adc.o (__subsf3)
c:/mounriver/mounriver_studio/toolchain/risc-v embedded gcc/bin/../lib/gcc/riscv-none-embed/8.2.0/rv32imacxw/ilp32\libgcc.a(fixunssfsi.o)
                              ./User/DataModel.o (__fixunssfsi)
c:/mounriver/mounriver_studio/toolchain/risc-v embedded gcc/bin/../lib/gcc/riscv-none-embed/8.2.0/rv32imacxw/ilp32\libgcc.a(floatsisf.o)
                              ./User/dash_draw.o (__floatsisf)
c:/mounriver/mounriver_studio/toolchain/risc-v embedded gcc/bin/../lib/gcc/riscv-none-embed/8.2.0/rv32imacxw/ilp32\libgcc.a(floatunsisf.o)
                              ./User/DataModel.o (__floatunsisf)
c:/mounriver/mounriver_studio/toolchain/risc-v embedded gcc/bin/../lib/gcc/riscv-none-embed/8.2.0/rv32imacxw/ilp32\libgcc.a(save-restore.o)
                              ./CANopenNode/301/CO_PDO.o (__riscv_save_12)
c:/mounriver/mounriver_studio/toolchain/risc-v embedded gcc/bin/../lib/gcc/riscv-none-embed/8.2.0/rv32imacxw/ilp32\libgcc.a(_clzsi2.o)
                              c:/mounriver/mounriver_studio/toolchain/risc-v embedded gcc/bin/../lib/gcc/riscv-none-embed/8.2.0/rv32imacxw/ilp32\libgcc.a(addsf3.o) (__clzsi2)
c:/mounriver/mounriver_studio/toolchain/risc-v embedded gcc/bin/../lib/gcc/riscv-none-embed/8.2.0/rv32imacxw/ilp32\libgcc.a(_clz.o)
                              c:/mounriver/mounriver_studio/toolchain/risc-v embedded gcc/bin/../lib/gcc/riscv-none-embed/8.2.0/rv32imacxw/ilp32\libgcc.a(_clzsi2.o) (__clz_tab)
c:/mounriver/mounriver_studio/toolchain/risc-v embedded gcc/bin/../lib/gcc/riscv-none-embed/8.2.0/../../../../riscv-none-embed/lib/rv32imacxw/ilp32\libg_nano.a(lib_a-calloc.o)
                              ./CANopenNode/CANopen.o (calloc)
c:/mounriver/mounriver_studio/toolchain/risc-v embedded gcc/bin/../lib/gcc/riscv-none-embed/8.2.0/../../../../riscv-none-embed/lib/rv32imacxw/ilp32\libg_nano.a(lib_a-impure.o)
                              c:/mounriver/mounriver_studio/toolchain/risc-v embedded gcc/bin/../lib/gcc/riscv-none-embed/8.2.0/../../../../riscv-none-embed/lib/rv32imacxw/ilp32\libg_nano.a(lib_a-calloc.o) (_impure_ptr)
c:/mounriver/mounriver_studio/toolchain/risc-v embedded gcc/bin/../lib/gcc/riscv-none-embed/8.2.0/../../../../riscv-none-embed/lib/rv32imacxw/ilp32\libg_nano.a(lib_a-malloc.o)
                              ./CANopenNode/CANopen.o (free)
c:/mounriver/mounriver_studio/toolchain/risc-v embedded gcc/bin/../lib/gcc/riscv-none-embed/8.2.0/../../../../riscv-none-embed/lib/rv32imacxw/ilp32\libg_nano.a(lib_a-memcpy.o)
                              ./User/process.o (memcpy)
c:/mounriver/mounriver_studio/toolchain/risc-v embedded gcc/bin/../lib/gcc/riscv-none-embed/8.2.0/../../../../riscv-none-embed/lib/rv32imacxw/ilp32\libg_nano.a(lib_a-memmove.o)
                              ./CANopenNode/301/CO_SDOserver.o (memmove)
c:/mounriver/mounriver_studio/toolchain/risc-v embedded gcc/bin/../lib/gcc/riscv-none-embed/8.2.0/../../../../riscv-none-embed/lib/rv32imacxw/ilp32\libg_nano.a(lib_a-memset.o)
                              ./User/DataModel.o (memset)
c:/mounriver/mounriver_studio/toolchain/risc-v embedded gcc/bin/../lib/gcc/riscv-none-embed/8.2.0/../../../../riscv-none-embed/lib/rv32imacxw/ilp32\libg_nano.a(lib_a-nano-callocr.o)
                              c:/mounriver/mounriver_studio/toolchain/risc-v embedded gcc/bin/../lib/gcc/riscv-none-embed/8.2.0/../../../../riscv-none-embed/lib/rv32imacxw/ilp32\libg_nano.a(lib_a-calloc.o) (_calloc_r)
c:/mounriver/mounriver_studio/toolchain/risc-v embedded gcc/bin/../lib/gcc/riscv-none-embed/8.2.0/../../../../riscv-none-embed/lib/rv32imacxw/ilp32\libg_nano.a(lib_a-nano-freer.o)
[...]
Memory Configuration

Name             Origin             Length             Attributes
FLASH            0x0000000000000000 0x0000000000010000 xr
RAM              0x0000000020000000 0x0000000000005000 xrw
*default*        0x0000000000000000 0xffffffffffffffff

Linker script and memory map

LOAD ./User/CanOpenNode.o
LOAD ./User/DataModel.o
LOAD ./User/ch32v20x_it.o
LOAD ./User/dash_draw.o
LOAD ./User/init.o
LOAD ./User/inputs.o
LOAD ./User/led.o
LOAD ./User/main.o
LOAD ./User/process.o
LOAD ./User/system_ch32v20x.o
LOAD ./User/system_init.o
LOAD ./Startup/startup_ch32v20x_D6.o
LOAD ./Peripheral/src/ch32v20x_adc.o
LOAD ./Peripheral/src/ch32v20x_bkp.o
LOAD ./Peripheral/src/ch32v20x_can.o
LOAD ./Peripheral/src/ch32v20x_crc.o
LOAD ./Peripheral/src/ch32v20x_dbgmcu.o
LOAD ./Peripheral/src/ch32v20x_dma.o
LOAD ./Peripheral/src/ch32v20x_exti.o
LOAD ./Peripheral/src/ch32v20x_flash.o
LOAD ./Peripheral/src/ch32v20x_gpio.o
LOAD ./Peripheral/src/ch32v20x_i2c.o
LOAD ./Peripheral/src/ch32v20x_iwdg.o
LOAD ./Peripheral/src/ch32v20x_misc.o
LOAD ./Peripheral/src/ch32v20x_opa.o
LOAD ./Peripheral/src/ch32v20x_pwr.o
LOAD ./Peripheral/src/ch32v20x_rcc.o
LOAD ./Peripheral/src/ch32v20x_rtc.o
LOAD ./Peripheral/src/ch32v20x_spi.o
LOAD ./Peripheral/src/ch32v20x_tim.o
LOAD ./Peripheral/src/ch32v20x_usart.o
LOAD ./Peripheral/src/ch32v20x_wwdg.o
LOAD ./HWLIB/hw_lib_adc.o
LOAD ./HWLIB/hw_lib_din.o
LOAD ./HWLIB/hw_lib_eeprom.o
LOAD ./HWLIB/keyboard.o
LOAD ./HAL/hal_adc.o
LOAD ./HAL/hal_can.o
LOAD ./HAL/hal_dma.o
LOAD ./HAL/hal_gpio.o
LOAD ./HAL/hal_i2c.o
LOAD ./HAL/hal_rtc.o
LOAD ./HAL/hal_spi.o
LOAD ./HAL/hal_timers.o
LOAD ./HAL/hal_wdt.o
LOAD ./FreeRTOS/portable/MemMang/heap_4.o
LOAD ./FreeRTOS/portable/GCC/RISC-V/port.o
LOAD ./FreeRTOS/portable/GCC/RISC-V/portASM.o
LOAD ./FreeRTOS/croutine.o
LOAD ./FreeRTOS/event_groups.o
LOAD ./FreeRTOS/list.o
LOAD ./FreeRTOS/queue.o
LOAD ./FreeRTOS/stream_buffer.o
LOAD ./FreeRTOS/tasks.o
LOAD ./FreeRTOS/timers.o
LOAD ./Drivers/filters.o
LOAD ./Debug/debug.o
LOAD ./Core/core_riscv.o
LOAD ./CANopenNode/keypad/CO_driver_ST32F103.o
LOAD ./CANopenNode/keypad/OD.o
LOAD ./CANopenNode/extra/CO_trace.o
LOAD ./CANopenNode/309/CO_gateway_ascii.o
LOAD ./CANopenNode/305/CO_LSSmaster.o
LOAD ./CANopenNode/305/CO_LSSslave.o
LOAD ./CANopenNode/304/CO_GFC.o
LOAD ./CANopenNode/304/CO_SRDO.o
LOAD ./CANopenNode/303/CO_LEDs.o
LOAD ./CANopenNode/301/CO_Emergency.o
LOAD ./CANopenNode/301/CO_HBconsumer.o
LOAD ./CANopenNode/301/CO_NMT_Heartbeat.o
LOAD ./CANopenNode/301/CO_ODinterface.o
LOAD ./CANopenNode/301/CO_PDO.o
LOAD ./CANopenNode/301/CO_SDOclient.o
LOAD ./CANopenNode/301/CO_SDOserver.o
LOAD ./CANopenNode/301/CO_SYNC.o
LOAD ./CANopenNode/301/CO_TIME.o
LOAD ./CANopenNode/301/CO_fifo.o
LOAD ./CANopenNode/301/crc16-ccitt.o
LOAD ./CANopenNode/CANopen.o
LOAD c:/mounriver/mounriver_studio/toolchain/risc-v embedded gcc/bin/../lib/gcc/riscv-none-embed/8.2.0/../../../../riscv-none-embed/lib/rv32imacxw/ilp32\libm.a
LOAD c:/mounriver/mounriver_studio/toolchain/risc-v embedded gcc/bin/../lib/gcc/riscv-none-embed/8.2.0/rv32imacxw/ilp32\libgcc.a
LOAD c:/mounriver/mounriver_studio/toolchain/risc-v embedded gcc/bin/../lib/gcc/riscv-none-embed/8.2.0/../../../../riscv-none-embed/lib/rv32imacxw/ilp32\libg_nano.a
LOAD c:/mounriver/mounriver_studio/toolchain/risc-v embedded gcc/bin/../lib/gcc/riscv-none-embed/8.2.0/../../../../riscv-none-embed/lib/rv32imacxw/ilp32\libc_nano.a
LOAD c:/mounriver/mounriver_studio/toolchain/risc-v embedded gcc/bin/../lib/gcc/riscv-none-embed/8.2.0/rv32imacxw/ilp32\libgcc.a
START GROUP
LOAD c:/mounriver/mounriver_studio/toolchain/risc-v embedded gcc/bin/../lib/gcc/riscv-none-embed/8.2.0/rv32imacxw/ilp32\libgcc.a
LOAD c:/mounriver/mounriver_studio/toolchain/risc-v embedded gcc/bin/../lib/gcc/riscv-none-embed/8.2.0/../../../../riscv-none-embed/lib/rv32imacxw/ilp32\libc_nano.a
LOAD c:/mounriver/mounriver_studio/toolchain/risc-v embedded gcc/bin/../lib/gcc/riscv-none-embed/8.2.0/../../../../riscv-none-embed/lib/rv32imacxw/ilp32\libnosys.a
END GROUP
START GROUP
LOAD c:/mounriver/mounriver_studio/toolchain/risc-v embedded gcc/bin/../lib/gcc/riscv-none-embed/8.2.0/rv32imacxw/ilp32\libgcc.a
LOAD c:/mounriver/mounriver_studio/toolchain/risc-v embedded gcc/bin/../lib/gcc/riscv-none-embed/8.2.0/../../../../riscv-none-embed/lib/rv32imacxw/ilp32\libc_nano.a
LOAD c:/mounriver/mounriver_studio/toolchain/risc-v embedded gcc/bin/../lib/gcc/riscv-none-embed/8.2.0/../../../../riscv-none-embed/lib/rv32imacxw/ilp32\libnosys.a
END GROUP
                0x0000000000000800                __stack_size = 0x800
                [!provide]                        PROVIDE (_stack_size = __stack_size)

.init           0x0000000000000000       0x38
                0x0000000000000000                _sinit = .
                0x0000000000000000                . = ALIGN (0x4)
 *(SORT_NONE(.init))
 .init          0x0000000000000000       0x38 ./Startup/startup_ch32v20x_D6.o
                0x0000000000000000                _start
                0x0000000000000038                . = ALIGN (0x4)
                0x0000000000000038                _einit = .

.vector         0x0000000000000038      0x108
 *(.vector)
 .vector        0x0000000000000038       0xfc ./Startup/startup_ch32v20x_D6.o
                0x0000000000000140                . = ALIGN (0x40)
 *fill*         0x0000000000000134        0xc 

.text           0x0000000000000200     0x6078
                0x0000000000000200                . = ALIGN (0x4)
 *(.text)
 .text          0x0000000000000200      0x2ee ./FreeRTOS/portable/GCC/RISC-V/portASM.o
                0x0000000000000200                SW_Handler
                0x0000000000000300                xPortStartFirstTask
                0x0000000000000400                pxPortInitialiseStack
 .text          0x00000000000004ee       0x60 c:/mounriver/mounriver_studio/toolchain/risc-v embedded gcc/bin/../lib/gcc/riscv-none-embed/8.2.0/rv32imacxw/ilp32\libgcc.a(save-restore.o)
                0x00000000000004ee                __riscv_save_12
                0x00000000000004f6                __riscv_save_9
                0x00000000000004f6                __riscv_save_11
                0x00000000000004f6                __riscv_save_10
                0x00000000000004f6                __riscv_save_8
                0x0000000000000504                __riscv_save_4
                0x0000000000000504                __riscv_save_6
                0x0000000000000504                __riscv_save_5
                0x0000000000000504                __riscv_save_7
                0x000000000000051e                __riscv_save_3
                0x000000000000051e                __riscv_save_2
                0x000000000000051e                __riscv_save_1
                0x000000000000051e                __riscv_save_0
                0x000000000000052a                __riscv_restore_12
                0x000000000000052e                __riscv_restore_11
                0x000000000000052e                __riscv_restore_9
                0x000000000000052e                __riscv_restore_10
                0x000000000000052e                __riscv_restore_8
                0x0000000000000538                __riscv_restore_5
                0x0000000000000538                __riscv_restore_7
                0x0000000000000538                __riscv_restore_6
                0x0000000000000538                __riscv_restore_4
                0x0000000000000542                __riscv_restore_3
                0x0000000000000542                __riscv_restore_0
                0x0000000000000542                __riscv_restore_2
                0x0000000000000542                __riscv_restore_1
 .text          0x000000000000054e       0xa8 c:/mounriver/mounriver_studio/toolchain/risc-v embedded gcc/bin/../lib/gcc/riscv-none-embed/8.2.0/../../../../riscv-none-embed/lib/rv32imacxw/ilp32\libg_nano.a(lib_a-memset.o)
                0x000000000000054e                memset
 *(.text.*)
 .text.DataModel_Init
                0x00000000000005f6      0x22e ./User/DataModel.o
                0x00000000000005f6                DataModel_Init
 .text.setReg   0x0000000000000824       0x46 ./User/DataModel.o
                0x0000000000000824                setReg
 .text.getReg16
                0x000000000000086a       0x14 ./User/DataModel.o
                0x000000000000086a                getReg16
 .text.vSaveData
                0x000000000000087e       0x3c ./User/DataModel.o
                0x000000000000087e                vSaveData
 .text.NMI_Handler
                0x00000000000008ba        0x2 ./User/ch32v20x_it.o
                0x00000000000008ba                NMI_Handler
 .text.HardFault_Handler
                0x00000000000008bc       0x66 ./User/ch32v20x_it.o
                0x00000000000008bc                HardFault_Handler
 .text.ADC1_2_IRQHandler
                0x0000000000000922       0x22 ./User/ch32v20x_it.o
                0x0000000000000922                ADC1_2_IRQHandler
 .text.xProcessTaskHandle
                0x0000000000000944        0xa ./User/dash_draw.o
                0x0000000000000944                xProcessTaskHandle
 .text.vRedrawTask
                0x000000000000094e       0x2c ./User/dash_draw.o
                0x000000000000094e                vRedrawTask
 .text.vInit_DeviceConfig
                0x000000000000097a      0x132 ./User/init.o
                0x000000000000097a                vInit_DeviceConfig
 .text.vSetInitBrigth
                0x0000000000000aac        0x2 ./User/led.o
                0x0000000000000aac                vSetInitBrigth
 .text.SetBigSeg
                0x0000000000000aae        0xc ./User/led.o
                0x0000000000000aae                SetBigSeg
 .text.vLedDriverStart
                0x0000000000000aba       0x14 ./User/led.o
                0x0000000000000aba                vLedDriverStart
 .text.vLedProcess
                0x0000000000000ace       0x98 ./User/led.o
                0x0000000000000ace                vLedProcess
 .text.startup.main
                0x0000000000000b66       0x40 ./User/main.o
                0x0000000000000b66                main
 .text.SystemInit
                0x0000000000000ba6       0xee ./User/system_ch32v20x.o
                0x0000000000000ba6                SystemInit
 .text.SystemCoreClockUpdate
                0x0000000000000c94       0x92 ./User/system_ch32v20x.o
                0x0000000000000c94                SystemCoreClockUpdate
 .text.StartDefaultTask
                0x0000000000000d26       0x74 ./User/system_init.o
 .text.vApplicationGetIdleTaskMemory
                0x0000000000000d9a       0x14 ./User/system_init.o
                0x0000000000000d9a                vApplicationGetIdleTaskMemory
 .text.vApplicationGetTimerTaskMemory
                0x0000000000000dae       0x14 ./User/system_init.o
                0x0000000000000dae                vApplicationGetTimerTaskMemory
 .text.vSYStaskInit
                0x0000000000000dc2       0x56 ./User/system_init.o
                0x0000000000000dc2                vSYStaskInit
 .text.vSYSqueueInit
                0x0000000000000e18        0x2 ./User/system_init.o
                0x0000000000000e18                vSYSqueueInit
 .text.vSYSeventInit
                0x0000000000000e1a        0x2 ./User/system_init.o
                0x0000000000000e1a                vSYSeventInit
 .text.vector_handler
                0x0000000000000e1c       0x6c ./Startup/startup_ch32v20x_D6.o
                0x0000000000000e20                Ecall_M_Mode_Handler
                0x0000000000000e22                Ecall_U_Mode_Handler
                0x0000000000000e24                Break_Point_Handler
                0x0000000000000e2a                WWDG_IRQHandler
                0x0000000000000e2c                PVD_IRQHandler
                0x0000000000000e2e                TAMPER_IRQHandler
                0x0000000000000e32                FLASH_IRQHandler
                0x0000000000000e34                RCC_IRQHandler
                0x0000000000000e36                EXTI0_IRQHandler
                0x0000000000000e38                EXTI1_IRQHandler
                0x0000000000000e3a                EXTI2_IRQHandler
                0x0000000000000e3c                EXTI3_IRQHandler
                0x0000000000000e3e                EXTI4_IRQHandler
                0x0000000000000e42                DMA1_Channel2_IRQHandler
                0x0000000000000e4a                DMA1_Channel6_IRQHandler
                0x0000000000000e58                EXTI9_5_IRQHandler
                0x0000000000000e5a                TIM1_BRK_IRQHandler
                0x0000000000000e5c                TIM1_UP_IRQHandler
                0x0000000000000e5e                TIM1_TRG_COM_IRQHandler
                0x0000000000000e60                TIM1_CC_IRQHandler
                0x0000000000000e70                SPI1_IRQHandler
                0x0000000000000e72                SPI2_IRQHandler
                0x0000000000000e74                USART1_IRQHandler
                0x0000000000000e76                USART2_IRQHandler
                0x0000000000000e78                USART3_IRQHandler
                0x0000000000000e7a                EXTI15_10_IRQHandler
                0x0000000000000e7c                RTCAlarm_IRQHandler
                0x0000000000000e7e                USBWakeUp_IRQHandler
                0x0000000000000e80                USBHD_IRQHandler
                0x0000000000000e82                USBHDWakeUp_IRQHandler
                0x0000000000000e84                UART4_IRQHandler
                0x0000000000000e86                DMA1_Channel8_IRQHandler
 .text.handle_reset
                0x0000000000000e88       0x92 ./Startup/startup_ch32v20x_D6.o
                0x0000000000000e88                handle_reset
 .text.ADC_GetITStatus
                0x0000000000000f1a       0x1c ./Peripheral/src/ch32v20x_adc.o
                0x0000000000000f1a                ADC_GetITStatus
 .text.ADC_ClearITPendingBit
                0x0000000000000f36        0xa ./Peripheral/src/ch32v20x_adc.o
                0x0000000000000f36                ADC_ClearITPendingBit
 .text.CAN_GetFlagStatus
                0x0000000000000f40       0x56 ./Peripheral/src/ch32v20x_can.o
                0x0000000000000f40                CAN_GetFlagStatus
 .text.CAN_ClearFlag
                0x0000000000000f96       0x40 ./Peripheral/src/ch32v20x_can.o
                0x0000000000000f96                CAN_ClearFlag
 .text.CAN_ClearITPendingBit
                0x0000000000000fd6       0x94 ./Peripheral/src/ch32v20x_can.o
                0x0000000000000fd6                CAN_ClearITPendingBit
 .text.DMA_GetFlagStatus
                0x000000000000106a        0xe ./Peripheral/src/ch32v20x_dma.o
                0x000000000000106a                DMA_GetFlagStatus
 .text.DMA_GetITStatus
                0x0000000000001078        0xa ./Peripheral/src/ch32v20x_dma.o
                0x0000000000001078                DMA_GetITStatus
 .text.DMA_ClearITPendingBit
                0x0000000000001082        0x8 ./Peripheral/src/ch32v20x_dma.o
                0x0000000000001082                DMA_ClearITPendingBit
 .text.GPIO_Init
                0x000000000000108a       0xfa ./Peripheral/src/ch32v20x_gpio.o
                0x000000000000108a                GPIO_Init
 .text.GPIO_SetBits
                0x0000000000001184       0x18 ./Peripheral/src/ch32v20x_gpio.o
                0x0000000000001184                GPIO_SetBits
 .text.GPIO_ResetBits
                0x000000000000119c       0x18 ./Peripheral/src/ch32v20x_gpio.o
                0x000000000000119c                GPIO_ResetBits
 .text.GPIO_PinRemapConfig
                0x00000000000011b4       0xf2 ./Peripheral/src/ch32v20x_gpio.o
                0x00000000000011b4                GPIO_PinRemapConfig
 .text.I2C_Init
                0x00000000000012a6       0xf2 ./Peripheral/src/ch32v20x_i2c.o
                0x00000000000012a6                I2C_Init
 .text.I2C_Cmd  0x0000000000001398       0x18 ./Peripheral/src/ch32v20x_i2c.o
                0x0000000000001398                I2C_Cmd
 .text.I2C_GenerateSTART
                0x00000000000013b0       0x1a ./Peripheral/src/ch32v20x_i2c.o
                0x00000000000013b0                I2C_GenerateSTART
 .text.I2C_GenerateSTOP
                0x00000000000013ca       0x1a ./Peripheral/src/ch32v20x_i2c.o
                0x00000000000013ca                I2C_GenerateSTOP
 .text.I2C_AcknowledgeConfig
                0x00000000000013e4       0x1a ./Peripheral/src/ch32v20x_i2c.o
                0x00000000000013e4                I2C_AcknowledgeConfig
 .text.I2C_DualAddressCmd
                0x00000000000013fe       0x18 ./Peripheral/src/ch32v20x_i2c.o
                0x00000000000013fe                I2C_DualAddressCmd
 .text.I2C_ITConfig
                0x0000000000001416       0x12 ./Peripheral/src/ch32v20x_i2c.o
                0x0000000000001416                I2C_ITConfig
 .text.I2C_SendData
                0x0000000000001428        0x4 ./Peripheral/src/ch32v20x_i2c.o
                0x0000000000001428                I2C_SendData
 .text.I2C_ReceiveData
                0x000000000000142c        0x8 ./Peripheral/src/ch32v20x_i2c.o
                0x000000000000142c                I2C_ReceiveData
 .text.I2C_Send7bitAddress
                0x0000000000001434       0x12 ./Peripheral/src/ch32v20x_i2c.o
                0x0000000000001434                I2C_Send7bitAddress
 .text.I2C_ReadRegister
                0x0000000000001446       0x14 ./Peripheral/src/ch32v20x_i2c.o
                0x0000000000001446                I2C_ReadRegister
 .text.I2C_GetFlagStatus
                0x000000000000145a       0x32 ./Peripheral/src/ch32v20x_i2c.o
                0x000000000000145a                I2C_GetFlagStatus
 .text.I2C_ClearFlag
                0x000000000000148c        0xc ./Peripheral/src/ch32v20x_i2c.o
                0x000000000000148c                I2C_ClearFlag
 .text.NVIC_PriorityGroupConfig
                0x0000000000001498        0xa ./Peripheral/src/ch32v20x_misc.o
                0x0000000000001498                NVIC_PriorityGroupConfig
 .text.NVIC_Init
                0x00000000000014a2       0xaa ./Peripheral/src/ch32v20x_misc.o
                0x00000000000014a2                NVIC_Init
 .text.RCC_GetClocksFreq
                0x000000000000154c       0xbe ./Peripheral/src/ch32v20x_rcc.o
                0x000000000000154c                RCC_GetClocksFreq
 .text.RCC_APB2PeriphClockCmd
                0x000000000000160a       0x1e ./Peripheral/src/ch32v20x_rcc.o
                0x000000000000160a                RCC_APB2PeriphClockCmd
 .text.RCC_APB1PeriphClockCmd
                0x0000000000001628       0x1e ./Peripheral/src/ch32v20x_rcc.o
                0x0000000000001628                RCC_APB1PeriphClockCmd
 .text.RCC_APB2PeriphResetCmd
                0x0000000000001646       0x1e ./Peripheral/src/ch32v20x_rcc.o
                0x0000000000001646                RCC_APB2PeriphResetCmd
 .text.RCC_APB1PeriphResetCmd
                0x0000000000001664       0x1e ./Peripheral/src/ch32v20x_rcc.o
                0x0000000000001664                RCC_APB1PeriphResetCmd
 .text.RTC_ClearFlag
                0x0000000000001682       0x14 ./Peripheral/src/ch32v20x_rtc.o
                0x0000000000001682                RTC_ClearFlag
 .text.RTC_GetITStatus
                0x0000000000001696       0x20 ./Peripheral/src/ch32v20x_rtc.o
                0x0000000000001696                RTC_GetITStatus
 .text.RTC_ClearITPendingBit
                0x00000000000016b6        0xa ./Peripheral/src/ch32v20x_rtc.o
                0x00000000000016b6                RTC_ClearITPendingBit
 .text.SPI_I2S_DeInit
                0x00000000000016c0       0x36 ./Peripheral/src/ch32v20x_spi.o
                0x00000000000016c0                SPI_I2S_DeInit
 .text.SPI_Init
                0x00000000000016f6       0x3e ./Peripheral/src/ch32v20x_spi.o
                0x00000000000016f6                SPI_Init
 .text.SPI_Cmd  0x0000000000001734       0x1a ./Peripheral/src/ch32v20x_spi.o
                0x0000000000001734                SPI_Cmd
 .text.SPI_I2S_SendData
                0x000000000000174e        0x4 ./Peripheral/src/ch32v20x_spi.o
                0x000000000000174e                SPI_I2S_SendData
 .text.SPI_I2S_GetFlagStatus
                0x0000000000001752        0xa ./Peripheral/src/ch32v20x_spi.o
                0x0000000000001752                SPI_I2S_GetFlagStatus
 .text.TIM_DeInit
                0x000000000000175c       0x7c ./Peripheral/src/ch32v20x_tim.o
                0x000000000000175c                TIM_DeInit
 .text.TIM_TimeBaseInit
                0x00000000000017d8       0x6a ./Peripheral/src/ch32v20x_tim.o
                0x00000000000017d8                TIM_TimeBaseInit
 .text.TIM_OC1Init
                0x0000000000001842       0x6a ./Peripheral/src/ch32v20x_tim.o
                0x0000000000001842                TIM_OC1Init
 .text.TIM_OC2Init
                0x00000000000018ac       0x96 ./Peripheral/src/ch32v20x_tim.o
                0x00000000000018ac                TIM_OC2Init
 .text.TIM_OC3Init
                0x0000000000001942       0x94 ./Peripheral/src/ch32v20x_tim.o
                0x0000000000001942                TIM_OC3Init
 .text.TIM_OC4Init
                0x00000000000019d6       0x6c ./Peripheral/src/ch32v20x_tim.o
                0x00000000000019d6                TIM_OC4Init
 .text.TIM_TimeBaseStructInit
                0x0000000000001a42       0x16 ./Peripheral/src/ch32v20x_tim.o
                0x0000000000001a42                TIM_TimeBaseStructInit
 .text.TIM_Cmd  0x0000000000001a58       0x18 ./Peripheral/src/ch32v20x_tim.o
                0x0000000000001a58                TIM_Cmd
 .text.TIM_CtrlPWMOutputs
                0x0000000000001a70       0x16 ./Peripheral/src/ch32v20x_tim.o
                0x0000000000001a70                TIM_CtrlPWMOutputs
 .text.TIM_ITConfig
                0x0000000000001a86       0x12 ./Peripheral/src/ch32v20x_tim.o
                0x0000000000001a86                TIM_ITConfig
 .text.TIM_InternalClockConfig
                0x0000000000001a98       0x10 ./Peripheral/src/ch32v20x_tim.o
                0x0000000000001a98                TIM_InternalClockConfig
 .text.TIM_ARRPreloadConfig
                0x0000000000001aa8       0x1a ./Peripheral/src/ch32v20x_tim.o
                0x0000000000001aa8                TIM_ARRPreloadConfig
 .text.TIM_OC1PreloadConfig
                0x0000000000001ac2        0xe ./Peripheral/src/ch32v20x_tim.o
                0x0000000000001ac2                TIM_OC1PreloadConfig
 .text.TIM_OC2PreloadConfig
                0x0000000000001ad0       0x16 ./Peripheral/src/ch32v20x_tim.o
                0x0000000000001ad0                TIM_OC2PreloadConfig
 .text.TIM_OC3PreloadConfig
                0x0000000000001ae6        0xe ./Peripheral/src/ch32v20x_tim.o
                0x0000000000001ae6                TIM_OC3PreloadConfig
 .text.TIM_OC4PreloadConfig
                0x0000000000001af4       0x16 ./Peripheral/src/ch32v20x_tim.o
                0x0000000000001af4                TIM_OC4PreloadConfig
 .text.TIM_GetITStatus
                0x0000000000001b0a       0x18 ./Peripheral/src/ch32v20x_tim.o
                0x0000000000001b0a                TIM_GetITStatus
 .text.TIM_ClearITPendingBit
                0x0000000000001b22        0xc ./Peripheral/src/ch32v20x_tim.o
                0x0000000000001b22                TIM_ClearITPendingBit
 .text.USART_Init
                0x0000000000001b2e       0xbc ./Peripheral/src/ch32v20x_usart.o
                0x0000000000001b2e                USART_Init
 .text.USART_Cmd
                0x0000000000001bea       0x16 ./Peripheral/src/ch32v20x_usart.o
                0x0000000000001bea                USART_Cmd
 .text.USART_SendData
                0x0000000000001c00        0x8 ./Peripheral/src/ch32v20x_usart.o
                0x0000000000001c00                USART_SendData
 .text.USART_GetFlagStatus
                0x0000000000001c08        0xa ./Peripheral/src/ch32v20x_usart.o
                0x0000000000001c08                USART_GetFlagStatus
 .text.vInitEEPROM
                0x0000000000001c12       0x18 ./HWLIB/hw_lib_eeprom.o
                0x0000000000001c12                vInitEEPROM
 .text.xGetEEPROM
                0x0000000000001c2a        0x6 ./HWLIB/hw_lib_eeprom.o
                0x0000000000001c2a                xGetEEPROM
 .text.eEEPROMWr
                0x0000000000001c30       0xac ./HWLIB/hw_lib_eeprom.o
                0x0000000000001c30                eEEPROMWr
 .text.eEEPROMRd
                0x0000000000001cdc       0x30 ./HWLIB/hw_lib_eeprom.o
                0x0000000000001cdc                eEEPROMRd
 .text.USB_HP_CAN1_TX_IRQHandler
                0x0000000000001d0c       0xd2 ./HAL/hal_can.o
                0x0000000000001d0c                USB_HP_CAN1_TX_IRQHandler
 .text.USB_LP_CAN1_RX0_IRQHandler
                0x0000000000001dde       0x5e ./HAL/hal_can.o
                0x0000000000001dde                USB_LP_CAN1_RX0_IRQHandler
 .text.CAN1_RX1_IRQHandler
                0x0000000000001e3c       0x60 ./HAL/hal_can.o
                0x0000000000001e3c                CAN1_RX1_IRQHandler
 .text.CAN1_SCE_IRQHandler
                0x0000000000001e9c       0x5e ./HAL/hal_can.o
                0x0000000000001e9c                CAN1_SCE_IRQHandler
 .text.DMA1_Channel1_IRQHandler
                0x0000000000001efa       0x60 ./HAL/hal_dma.o
                0x0000000000001efa                DMA1_Channel1_IRQHandler
 .text.DMA1_Channel3_IRQHandler
                0x0000000000001f5a       0x64 ./HAL/hal_dma.o
                0x0000000000001f5a                DMA1_Channel3_IRQHandler
 .text.DMA1_Channel5_IRQHandler
                0x0000000000001fbe       0x62 ./HAL/hal_dma.o
                0x0000000000001fbe                DMA1_Channel5_IRQHandler
 .text.DMA1_Channel4_IRQHandler
                0x0000000000002020       0x60 ./HAL/hal_dma.o
                0x0000000000002020                DMA1_Channel4_IRQHandler
 .text.DMA1_Channel7_IRQHandler
                0x0000000000002080       0x64 ./HAL/hal_dma.o
                0x0000000000002080                DMA1_Channel7_IRQHandler
 .text.HAL_InitGpioLib
                0x00000000000020e4        0xe ./HAL/hal_gpio.o
                0x00000000000020e4                HAL_InitGpioLib
 .text.HAL_InitGpioRCC
                0x00000000000020f2       0xb2 ./HAL/hal_gpio.o
                0x00000000000020f2                HAL_InitGpioRCC
 .text.HAL_InitGpioOut
                0x00000000000021a4       0x26 ./HAL/hal_gpio.o
                0x00000000000021a4                HAL_InitGpioOut
 .text.HAL_InitGpioAIN
                0x00000000000021ca       0x24 ./HAL/hal_gpio.o
                0x00000000000021ca                HAL_InitGpioAIN
 .text.HAL_InitGpioIn
                0x00000000000021ee       0x26 ./HAL/hal_gpio.o
                0x00000000000021ee                HAL_InitGpioIn
 .text.HAL_InitGpioAF
                0x0000000000002214       0x3a ./HAL/hal_gpio.o
                0x0000000000002214                HAL_InitGpioAF
 .text.HAL_SetBit
                0x000000000000224e        0xc ./HAL/hal_gpio.o
                0x000000000000224e                HAL_SetBit
 .text.HAL_ResetBit
                0x000000000000225a        0xc ./HAL/hal_gpio.o
                0x000000000000225a                HAL_ResetBit
 .text.I2C_Master_TransmitIT
                0x0000000000002266       0x8e ./HAL/hal_i2c.o
 .text.I2C_Master_ReviceIT
                0x00000000000022f4       0xa2 ./HAL/hal_i2c.o
 .text.I2C_FSM  0x0000000000002396      0x1d6 ./HAL/hal_i2c.o
 .text.InitI2CDMA
                0x000000000000256c      0x102 ./HAL/hal_i2c.o
                0x000000000000256c                InitI2CDMA
 .text.I2C1_EV_IRQHandler
                0x000000000000266e       0x4a ./HAL/hal_i2c.o
                0x000000000000266e                I2C1_EV_IRQHandler
 .text.I2C1_ER_IRQHandler
                0x00000000000026b8       0x4a ./HAL/hal_i2c.o
                0x00000000000026b8                I2C1_ER_IRQHandler
 .text.I2C2_EV_IRQHandler
                0x0000000000002702       0x4a ./HAL/hal_i2c.o
                0x0000000000002702                I2C2_EV_IRQHandler
 .text.I2C2_ER_IRQHandler
                0x000000000000274c       0x4c ./HAL/hal_i2c.o
                0x000000000000274c                I2C2_ER_IRQHandler
 .text.RTC_IRQHandler
                0x0000000000002798       0x24 ./HAL/hal_rtc.o
                0x0000000000002798                RTC_IRQHandler
 .text.HAL_SPI_InitDMA
                0x00000000000027bc       0x8e ./HAL/hal_spi.o
                0x00000000000027bc                HAL_SPI_InitDMA
 .text.vTimerInitRCC
                0x000000000000284a       0x48 ./HAL/hal_timers.o
 .text.TIM4_IRQHandler
                0x0000000000002892       0x74 ./HAL/hal_timers.o
                0x0000000000002892                TIM4_IRQHandler
 .text.TIM3_IRQHandler
                0x0000000000002906       0x70 ./HAL/hal_timers.o
                0x0000000000002906                TIM3_IRQHandler
 .text.TIM2_IRQHandler
                0x0000000000002976       0x68 ./HAL/hal_timers.o
                0x0000000000002976                TIM2_IRQHandler
 .text.HW_TIMER_BaseTimerInit
                0x00000000000029de       0x4a ./HAL/hal_timers.o
                0x00000000000029de                HW_TIMER_BaseTimerInit
 .text.HAL_TIMER_InitIt
                0x0000000000002a28       0xa2 ./HAL/hal_timers.o
                0x0000000000002a28                HAL_TIMER_InitIt
 .text.HAL_TIMER_PWMTimersInit
                0x0000000000002aca       0xf0 ./HAL/hal_timers.o
                0x0000000000002aca                HAL_TIMER_PWMTimersInit
 .text.HAL_WDTReset
                0x0000000000002bba        0x2 ./HAL/hal_wdt.o
                0x0000000000002bba                HAL_WDTReset
 .text.prvInsertBlockIntoFreeList
                0x0000000000002bbc       0x4c ./FreeRTOS/portable/MemMang/heap_4.o
 .text.vPortFree
                0x0000000000002c08       0xa6 ./FreeRTOS/portable/MemMang/heap_4.o
                0x0000000000002c08                vPortFree
 .text.vPortSetupTimerInterrupt
                0x0000000000002cae       0x3e ./FreeRTOS/portable/GCC/RISC-V/port.o
                0x0000000000002cae                vPortSetupTimerInterrupt
 .text.xPortStartScheduler
                0x0000000000002cec       0x8e ./FreeRTOS/portable/GCC/RISC-V/port.o
                0x0000000000002cec                xPortStartScheduler
 .text.SysTick_Handler
                0x0000000000002d7a       0x7c ./FreeRTOS/portable/GCC/RISC-V/port.o
                0x0000000000002d7a                SysTick_Handler
 .text.vPortEnterCritical
                0x0000000000002df6       0x16 ./FreeRTOS/portable/GCC/RISC-V/port.o
                0x0000000000002df6                vPortEnterCritical
 .text.vPortExitCritical
                0x0000000000002e0c       0x42 ./FreeRTOS/portable/GCC/RISC-V/port.o
                0x0000000000002e0c                vPortExitCritical
 .text.xPortSetInterruptMask
                0x0000000000002e4e        0xc ./FreeRTOS/portable/GCC/RISC-V/port.o
                0x0000000000002e4e                xPortSetInterruptMask
 .text.vPortClearInterruptMask
                0x0000000000002e5a        0x6 ./FreeRTOS/portable/GCC/RISC-V/port.o
                0x0000000000002e5a                vPortClearInterruptMask
 .text.vListInitialise
                0x0000000000002e60       0x14 ./FreeRTOS/list.o
                0x0000000000002e60                vListInitialise
 .text.vListInitialiseItem
                0x0000000000002e74        0x6 ./FreeRTOS/list.o
                0x0000000000002e74                vListInitialiseItem
 .text.vListInsert
                0x0000000000002e7a       0x2e ./FreeRTOS/list.o
                0x0000000000002e7a                vListInsert
 .text.uxListRemove
                0x0000000000002ea8       0x20 ./FreeRTOS/list.o
                0x0000000000002ea8                uxListRemove
 .text.prvIsQueueEmpty
                0x0000000000002ec8       0x1a ./FreeRTOS/queue.o
 .text.prvCopyDataFromQueue
                0x0000000000002ee2       0x28 ./FreeRTOS/queue.o
 .text.prvUnlockQueue
                0x0000000000002f0a       0x6e ./FreeRTOS/queue.o
 .text.xQueueGenericReset
                0x0000000000002f78       0xbc ./FreeRTOS/queue.o
                0x0000000000002f78                xQueueGenericReset
 .text.xQueueGenericCreateStatic
                0x0000000000003034       0xac ./FreeRTOS/queue.o
                0x0000000000003034                xQueueGenericCreateStatic
 .text.xQueueReceive
                0x00000000000030e0      0x160 ./FreeRTOS/queue.o
                0x00000000000030e0                xQueueReceive
 .text.vQueueAddToRegistry
                0x0000000000003240       0x6c ./FreeRTOS/queue.o
                0x0000000000003240                vQueueAddToRegistry
 .text.vQueueWaitForMessageRestricted
                0x00000000000032ac       0x5c ./FreeRTOS/queue.o
                0x00000000000032ac                vQueueWaitForMessageRestricted
 .text.prvIdleTask
                0x0000000000003308        0x2 ./FreeRTOS/tasks.o
 .text.prvAddNewTaskToReadyList
                0x000000000000330a      0x116 ./FreeRTOS/tasks.o
 .text.prvResetNextTaskUnblockTime
                0x0000000000003420       0x24 ./FreeRTOS/tasks.o
 .text.prvInitialiseNewTask.isra.2
                0x0000000000003444       0xc8 ./FreeRTOS/tasks.o
 .text.prvAddCurrentTaskToDelayedList
                0x000000000000350c       0xac ./FreeRTOS/tasks.o
 .text.xTaskCreateStatic
                0x00000000000035b8       0xa6 ./FreeRTOS/tasks.o
                0x00000000000035b8                xTaskCreateStatic
 .text.vTaskStartScheduler
                0x000000000000365e       0x9c ./FreeRTOS/tasks.o
                0x000000000000365e                vTaskStartScheduler
 .text.vTaskSuspendAll
                0x00000000000036fa       0x10 ./FreeRTOS/tasks.o
                0x00000000000036fa                vTaskSuspendAll
 .text.xTaskGetTickCount
                0x000000000000370a        0xa ./FreeRTOS/tasks.o
                0x000000000000370a                xTaskGetTickCount
 .text.xTaskIncrementTick
                0x0000000000003714      0x1ac ./FreeRTOS/tasks.o
                0x0000000000003714                xTaskIncrementTick
 .text.xTaskResumeAll
                0x00000000000038c0      0x168 ./FreeRTOS/tasks.o
                0x00000000000038c0                xTaskResumeAll
 .text.vTaskDelay
                0x0000000000003a28       0x66 ./FreeRTOS/tasks.o
                0x0000000000003a28                vTaskDelay
 .text.vTaskSwitchContext
                0x0000000000003a8e       0x9a ./FreeRTOS/tasks.o
                0x0000000000003a8e                vTaskSwitchContext
 .text.vTaskPlaceOnEventList
                0x0000000000003b28       0x48 ./FreeRTOS/tasks.o
                0x0000000000003b28                vTaskPlaceOnEventList
 .text.vTaskPlaceOnEventListRestricted
                0x0000000000003b70       0x76 ./FreeRTOS/tasks.o
                0x0000000000003b70                vTaskPlaceOnEventListRestricted
 .text.xTaskRemoveFromEventList
                0x0000000000003be6       0xec ./FreeRTOS/tasks.o
                0x0000000000003be6                xTaskRemoveFromEventList
 .text.vTaskInternalSetTimeOutState
                0x0000000000003cd2       0x16 ./FreeRTOS/tasks.o
                0x0000000000003cd2                vTaskInternalSetTimeOutState
 .text.xTaskCheckForTimeOut
                0x0000000000003ce8       0xb2 ./FreeRTOS/tasks.o
                0x0000000000003ce8                xTaskCheckForTimeOut
 .text.vTaskMissedYield
                0x0000000000003d9a        0xc ./FreeRTOS/tasks.o
                0x0000000000003d9a                vTaskMissedYield
 .text.xTaskGetCurrentTaskHandle
                0x0000000000003da6        0xa ./FreeRTOS/tasks.o
                0x0000000000003da6                xTaskGetCurrentTaskHandle
 .text.xTaskGetSchedulerState
                0x0000000000003db0       0x1c ./FreeRTOS/tasks.o
                0x0000000000003db0                xTaskGetSchedulerState
 .text.ulTaskGenericNotifyTake
                0x0000000000003dcc       0xb8 ./FreeRTOS/tasks.o
                0x0000000000003dcc                ulTaskGenericNotifyTake
 .text.xTaskGenericNotifyFromISR
                0x0000000000003e84      0x1f4 ./FreeRTOS/tasks.o
                0x0000000000003e84                xTaskGenericNotifyFromISR
 .text.prvCheckForValidListAndQueue
                0x0000000000004078       0x76 ./FreeRTOS/timers.o
 .text.prvInsertTimerInActiveList
                0x00000000000040ee       0x46 ./FreeRTOS/timers.o
 .text.prvReloadTimer
                0x0000000000004134       0x2a ./FreeRTOS/timers.o
 .text.prvProcessExpiredTimer
                0x000000000000415e       0x46 ./FreeRTOS/timers.o
 .text.prvSwitchTimerLists
                0x00000000000041a4       0x30 ./FreeRTOS/timers.o
 .text.prvTimerTask
                0x00000000000041d4      0x196 ./FreeRTOS/timers.o
 .text.xTimerCreateTimerTask
                0x000000000000436a       0x74 ./FreeRTOS/timers.o
                0x000000000000436a                xTimerCreateTimerTask
 .text.Delay_Init
                0x00000000000043de       0x32 ./Debug/debug.o
                0x00000000000043de                Delay_Init
 .text.USART_Printf_Init
                0x0000000000004410       0x5a ./Debug/debug.o
                0x0000000000004410                USART_Printf_Init
 .text._write   0x000000000000446a       0x3e ./Debug/debug.o
                0x000000000000446a                _write
 .text._sbrk    0x00000000000044a8       0x2a ./Debug/debug.o
                0x00000000000044a8                _sbrk
 .text.__get_MEPC
                0x00000000000044d2        0x6 ./Core/core_riscv.o
                0x00000000000044d2                __get_MEPC
 .text.__get_MCAUSE
                0x00000000000044d8        0x6 ./Core/core_riscv.o
                0x00000000000044d8                __get_MCAUSE
 .text.__get_MTVAL
                0x00000000000044de        0x6 ./Core/core_riscv.o
                0x00000000000044de                __get_MTVAL
 .text.OD_readDisabled
                0x00000000000044e4        0x4 ./CANopenNode/301/CO_ODinterface.o
 .text.OD_readOriginal
                0x00000000000044e8       0x4e ./CANopenNode/301/CO_ODinterface.o
                0x00000000000044e8                OD_readOriginal
 .text.OD_writeOriginal
                0x0000000000004536       0x52 ./CANopenNode/301/CO_ODinterface.o
                0x0000000000004536                OD_writeOriginal
 .text.OD_writeDisabled
                0x0000000000004588        0x4 ./CANopenNode/301/CO_ODinterface.o
 .text.OD_getSub
                0x000000000000458c       0xf2 ./CANopenNode/301/CO_ODinterface.o
                0x000000000000458c                OD_getSub
 .text.OD_set_value
                0x000000000000467e       0x2e ./CANopenNode/301/CO_ODinterface.o
                0x000000000000467e                OD_set_value
 .text.memcpy   0x00000000000046ac       0xb2 c:/mounriver/mounriver_studio/toolchain/risc-v embedded gcc/bin/../lib/gcc/riscv-none-embed/8.2.0/../../../../riscv-none-embed/lib/rv32imacxw/ilp32\libg_nano.a(lib_a-memcpy.o)
                0x00000000000046ac                memcpy
 .text._free_r  0x000000000000475e       0xb0 c:/mounriver/mounriver_studio/toolchain/risc-v embedded gcc/bin/../lib/gcc/riscv-none-embed/8.2.0/../../../../riscv-none-embed/lib/rv32imacxw/ilp32\libg_nano.a(lib_a-nano-freer.o)
                0x000000000000475e                _free_r
 .text._malloc_r
                0x000000000000480e       0xe4 c:/mounriver/mounriver_studio/toolchain/risc-v embedded gcc/bin/../lib/gcc/riscv-none-embed/8.2.0/../../../../riscv-none-embed/lib/rv32imacxw/ilp32\libg_nano.a(lib_a-nano-mallocr.o)
                0x000000000000480e                _malloc_r
 .text.printf   0x00000000000048f2       0x40 c:/mounriver/mounriver_studio/toolchain/risc-v embedded gcc/bin/../lib/gcc/riscv-none-embed/8.2.0/../../../../riscv-none-embed/lib/rv32imacxw/ilp32\libg_nano.a(lib_a-printf.o)
                0x00000000000048f2                iprintf
                0x00000000000048f2                printf
 .text._puts_r  0x0000000000004932       0xd4 c:/mounriver/mounriver_studio/toolchain/risc-v embedded gcc/bin/../lib/gcc/riscv-none-embed/8.2.0/../../../../riscv-none-embed/lib/rv32imacxw/ilp32\libg_nano.a(lib_a-puts.o)
                0x0000000000004932                _puts_r
 .text.puts     0x0000000000004a06        0xc c:/mounriver/mounriver_studio/toolchain/risc-v embedded gcc/bin/../lib/gcc/riscv-none-embed/8.2.0/../../../../riscv-none-embed/lib/rv32imacxw/ilp32\libg_nano.a(lib_a-puts.o)
                0x0000000000004a06                puts
 .text._sbrk_r  0x0000000000004a12       0x32 c:/mounriver/mounriver_studio/toolchain/risc-v embedded gcc/bin/../lib/gcc/riscv-none-embed/8.2.0/../../../../riscv-none-embed/lib/rv32imacxw/ilp32\libg_nano.a(lib_a-sbrkr.o)
                0x0000000000004a12                _sbrk_r
 .text.__swbuf_r
                0x0000000000004a44       0xbc c:/mounriver/mounriver_studio/toolchain/risc-v embedded gcc/bin/../lib/gcc/riscv-none-embed/8.2.0/../../../../riscv-none-embed/lib/rv32imacxw/ilp32\libg_nano.a(lib_a-wbuf.o)
                0x0000000000004a44                __swbuf_r
 .text.__swsetup_r
                0x0000000000004b00       0xfe c:/mounriver/mounriver_studio/toolchain/risc-v embedded gcc/bin/../lib/gcc/riscv-none-embed/8.2.0/../../../../riscv-none-embed/lib/rv32imacxw/ilp32\libg_nano.a(lib_a-wsetup.o)
                0x0000000000004b00                __swsetup_r
 .text.__sflush_r
                0x0000000000004bfe      0x132 c:/mounriver/mounriver_studio/toolchain/risc-v embedded gcc/bin/../lib/gcc/riscv-none-embed/8.2.0/../../../../riscv-none-embed/lib/rv32imacxw/ilp32\libg_nano.a(lib_a-fflush.o)
                0x0000000000004bfe                __sflush_r
 .text._fflush_r
                0x0000000000004d30       0x66 c:/mounriver/mounriver_studio/toolchain/risc-v embedded gcc/bin/../lib/gcc/riscv-none-embed/8.2.0/../../../../riscv-none-embed/lib/rv32imacxw/ilp32\libg_nano.a(lib_a-fflush.o)
                0x0000000000004d30                _fflush_r
 .text.std      0x0000000000004d96       0x66 c:/mounriver/mounriver_studio/toolchain/risc-v embedded gcc/bin/../lib/gcc/riscv-none-embed/8.2.0/../../../../riscv-none-embed/lib/rv32imacxw/ilp32\libg_nano.a(lib_a-findfp.o)
 .text._cleanup_r
                0x0000000000004dfc        0xa c:/mounriver/mounriver_studio/toolchain/risc-v embedded gcc/bin/../lib/gcc/riscv-none-embed/8.2.0/../../../../riscv-none-embed/lib/rv32imacxw/ilp32\libg_nano.a(lib_a-findfp.o)
                0x0000000000004dfc                _cleanup_r
 .text.__sfmoreglue
                0x0000000000004e06       0x48 c:/mounriver/mounriver_studio/toolchain/risc-v embedded gcc/bin/../lib/gcc/riscv-none-embed/8.2.0/../../../../riscv-none-embed/lib/rv32imacxw/ilp32\libg_nano.a(lib_a-findfp.o)
                0x0000000000004e06                __sfmoreglue
 .text.__sinit  0x0000000000004e4e       0x6c c:/mounriver/mounriver_studio/toolchain/risc-v embedded gcc/bin/../lib/gcc/riscv-none-embed/8.2.0/../../../../riscv-none-embed/lib/rv32imacxw/ilp32\libg_nano.a(lib_a-findfp.o)
                0x0000000000004e4e                __sinit
 .text.__sfp    0x0000000000004eba       0xa0 c:/mounriver/mounriver_studio/toolchain/risc-v embedded gcc/bin/../lib/gcc/riscv-none-embed/8.2.0/../../../../riscv-none-embed/lib/rv32imacxw/ilp32\libg_nano.a(lib_a-findfp.o)
                0x0000000000004eba                __sfp
 .text._fwalk_reent
                0x0000000000004f5a       0x6a c:/mounriver/mounriver_studio/toolchain/risc-v embedded gcc/bin/../lib/gcc/riscv-none-embed/8.2.0/../../../../riscv-none-embed/lib/rv32imacxw/ilp32\libg_nano.a(lib_a-fwalk.o)
                0x0000000000004f5a                _fwalk_reent
 .text.__swhatbuf_r
                0x0000000000004fc4       0x58 c:/mounriver/mounriver_studio/toolchain/risc-v embedded gcc/bin/../lib/gcc/riscv-none-embed/8.2.0/../../../../riscv-none-embed/lib/rv32imacxw/ilp32\libg_nano.a(lib_a-makebuf.o)
                0x0000000000004fc4                __swhatbuf_r
 .text.__smakebuf_r
                0x000000000000501c       0x94 c:/mounriver/mounriver_studio/toolchain/risc-v embedded gcc/bin/../lib/gcc/riscv-none-embed/8.2.0/../../../../riscv-none-embed/lib/rv32imacxw/ilp32\libg_nano.a(lib_a-makebuf.o)
                0x000000000000501c                __smakebuf_r
 .text.__malloc_lock
                0x00000000000050b0        0x2 c:/mounriver/mounriver_studio/toolchain/risc-v embedded gcc/bin/../lib/gcc/riscv-none-embed/8.2.0/../../../../riscv-none-embed/lib/rv32imacxw/ilp32\libg_nano.a(lib_a-mlock.o)
                0x00000000000050b0                __malloc_lock
 .text.__malloc_unlock
                0x00000000000050b2        0x2 c:/mounriver/mounriver_studio/toolchain/risc-v embedded gcc/bin/../lib/gcc/riscv-none-embed/8.2.0/../../../../riscv-none-embed/lib/rv32imacxw/ilp32\libg_nano.a(lib_a-mlock.o)
                0x00000000000050b2                __malloc_unlock
 .text.__sfputc_r
                0x00000000000050b4       0x28 c:/mounriver/mounriver_studio/toolchain/risc-v embedded gcc/bin/../lib/gcc/riscv-none-embed/8.2.0/../../../../riscv-none-embed/lib/rv32imacxw/ilp32\libg_nano.a(lib_a-nano-vfprintf.o)
 .text.__sfputs_r
                0x00000000000050dc       0x42 c:/mounriver/mounriver_studio/toolchain/risc-v embedded gcc/bin/../lib/gcc/riscv-none-embed/8.2.0/../../../../riscv-none-embed/lib/rv32imacxw/ilp32\libg_nano.a(lib_a-nano-vfprintf.o)
                0x00000000000050dc                __sfputs_r
 .text._vfprintf_r
                0x000000000000511e      0x288 c:/mounriver/mounriver_studio/toolchain/risc-v embedded gcc/bin/../lib/gcc/riscv-none-embed/8.2.0/../../../../riscv-none-embed/lib/rv32imacxw/ilp32\libg_nano.a(lib_a-nano-vfprintf.o)
                0x000000000000511e                _vfprintf_r
                0x000000000000511e                _vfiprintf_r
 .text._printf_common
                0x00000000000053a6      0x10c c:/mounriver/mounriver_studio/toolchain/risc-v embedded gcc/bin/../lib/gcc/riscv-none-embed/8.2.0/../../../../riscv-none-embed/lib/rv32imacxw/ilp32\libg_nano.a(lib_a-nano-vfprintf_i.o)
                0x00000000000053a6                _printf_common
 .text._printf_i
                0x00000000000054b2      0x2a2 c:/mounriver/mounriver_studio/toolchain/risc-v embedded gcc/bin/../lib/gcc/riscv-none-embed/8.2.0/../../../../riscv-none-embed/lib/rv32imacxw/ilp32\libg_nano.a(lib_a-nano-vfprintf_i.o)
                0x00000000000054b2                _printf_i
 .text.__sread  0x0000000000005754       0x2c c:/mounriver/mounriver_studio/toolchain/risc-v embedded gcc/bin/../lib/gcc/riscv-none-embed/8.2.0/../../../../riscv-none-embed/lib/rv32imacxw/ilp32\libg_nano.a(lib_a-stdio.o)
                0x0000000000005754                __sread
 .text.__swrite
                0x0000000000005780       0x48 c:/mounriver/mounriver_studio/toolchain/risc-v embedded gcc/bin/../lib/gcc/riscv-none-embed/8.2.0/../../../../riscv-none-embed/lib/rv32imacxw/ilp32\libg_nano.a(lib_a-stdio.o)
                0x0000000000005780                __swrite
 .text.__sseek  0x00000000000057c8       0x30 c:/mounriver/mounriver_studio/toolchain/risc-v embedded gcc/bin/../lib/gcc/riscv-none-embed/8.2.0/../../../../riscv-none-embed/lib/rv32imacxw/ilp32\libg_nano.a(lib_a-stdio.o)
                0x00000000000057c8                __sseek
 .text.__sclose
                0x00000000000057f8        0x6 c:/mounriver/mounriver_studio/toolchain/risc-v embedded gcc/bin/../lib/gcc/riscv-none-embed/8.2.0/../../../../riscv-none-embed/lib/rv32imacxw/ilp32\libg_nano.a(lib_a-stdio.o)
                0x00000000000057f8                __sclose
 .text._write_r
                0x00000000000057fe       0x36 c:/mounriver/mounriver_studio/toolchain/risc-v embedded gcc/bin/../lib/gcc/riscv-none-embed/8.2.0/../../../../riscv-none-embed/lib/rv32imacxw/ilp32\libg_nano.a(lib_a-writer.o)
                0x00000000000057fe                _write_r
 .text._close_r
                0x0000000000005834       0x30 c:/mounriver/mounriver_studio/toolchain/risc-v embedded gcc/bin/../lib/gcc/riscv-none-embed/8.2.0/../../../../riscv-none-embed/lib/rv32imacxw/ilp32\libg_nano.a(lib_a-closer.o)
                0x0000000000005834                _close_r
 .text._fstat_r
                0x0000000000005864       0x32 c:/mounriver/mounriver_studio/toolchain/risc-v embedded gcc/bin/../lib/gcc/riscv-none-embed/8.2.0/../../../../riscv-none-embed/lib/rv32imacxw/ilp32\libg_nano.a(lib_a-fstatr.o)
                0x0000000000005864                _fstat_r
 .text._isatty_r
                0x0000000000005896       0x30 c:/mounriver/mounriver_studio/toolchain/risc-v embedded gcc/bin/../lib/gcc/riscv-none-embed/8.2.0/../../../../riscv-none-embed/lib/rv32imacxw/ilp32\libg_nano.a(lib_a-isattyr.o)
                0x0000000000005896                _isatty_r
 .text._lseek_r
                0x00000000000058c6       0x34 c:/mounriver/mounriver_studio/toolchain/risc-v embedded gcc/bin/../lib/gcc/riscv-none-embed/8.2.0/../../../../riscv-none-embed/lib/rv32imacxw/ilp32\libg_nano.a(lib_a-lseekr.o)
                0x00000000000058c6                _lseek_r
 .text.memchr   0x00000000000058fa       0x18 c:/mounriver/mounriver_studio/toolchain/risc-v embedded gcc/bin/../lib/gcc/riscv-none-embed/8.2.0/../../../../riscv-none-embed/lib/rv32imacxw/ilp32\libg_nano.a(lib_a-memchr.o)
                0x00000000000058fa                memchr
 .text._read_r  0x0000000000005912       0x34 c:/mounriver/mounriver_studio/toolchain/risc-v embedded gcc/bin/../lib/gcc/riscv-none-embed/8.2.0/../../../../riscv-none-embed/lib/rv32imacxw/ilp32\libg_nano.a(lib_a-readr.o)
                0x0000000000005912                _read_r
 .text._close   0x0000000000005946       0x10 c:/mounriver/mounriver_studio/toolchain/risc-v embedded gcc/bin/../lib/gcc/riscv-none-embed/8.2.0/../../../../riscv-none-embed/lib/rv32imacxw/ilp32\libnosys.a(close.o)
                0x0000000000005946                _close
 .text._fstat   0x0000000000005956       0x10 c:/mounriver/mounriver_studio/toolchain/risc-v embedded gcc/bin/../lib/gcc/riscv-none-embed/8.2.0/../../../../riscv-none-embed/lib/rv32imacxw/ilp32\libnosys.a(fstat.o)
                0x0000000000005956                _fstat
 .text._isatty  0x0000000000005966       0x10 c:/mounriver/mounriver_studio/toolchain/risc-v embedded gcc/bin/../lib/gcc/riscv-none-embed/8.2.0/../../../../riscv-none-embed/lib/rv32imacxw/ilp32\libnosys.a(isatty.o)
                0x0000000000005966                _isatty
 .text._lseek   0x0000000000005976       0x10 c:/mounriver/mounriver_studio/toolchain/risc-v embedded gcc/bin/../lib/gcc/riscv-none-embed/8.2.0/../../../../riscv-none-embed/lib/rv32imacxw/ilp32\libnosys.a(lseek.o)
                0x0000000000005976                _lseek
 .text._read    0x0000000000005986       0x10 c:/mounriver/mounriver_studio/toolchain/risc-v embedded gcc/bin/../lib/gcc/riscv-none-embed/8.2.0/../../../../riscv-none-embed/lib/rv32imacxw/ilp32\libnosys.a(read.o)
                0x0000000000005986                _read
 *(.rodata)
 *(.rodata*)
 *fill*         0x0000000000005996        0x2 
 .rodata.HardFault_Handler.str1.4
                0x0000000000005998       0x42 ./User/ch32v20x_it.o
 *fill*         0x00000000000059da        0x2 
 .rodata.main.str1.4
                0x00000000000059dc       0x20 ./User/main.o
 .rodata.StartDefaultTask.str1.4
                0x00000000000059fc        0xc ./User/system_init.o
 .rodata.vSYStaskInit.str1.4
                0x0000000000005a08       0x14 ./User/system_init.o
 .rodata.I2C_FSM
                0x0000000000005a1c       0x30 ./HAL/hal_i2c.o
 .rodata.vTimerInitRCC
                0x0000000000005a4c       0x1c ./HAL/hal_timers.o
 .rodata.timers
                0x0000000000005a68       0x14 ./HAL/hal_timers.o
 .rodata.pvPortMalloc.str1.4
                0x0000000000005a7c       0x49 ./FreeRTOS/portable/MemMang/heap_4.o
 *fill*         0x0000000000005ac5        0x3 
 .rodata.xPortStartScheduler.str1.4
                0x0000000000005ac8       0x27 ./FreeRTOS/portable/GCC/RISC-V/port.o
                                         0x49 (size before relaxing)
 *fill*         0x0000000000005aef        0x1 
 .rodata.xQueueGenericReset.str1.4
                0x0000000000005af0       0x14 ./FreeRTOS/queue.o
                                         0x35 (size before relaxing)
 .rodata.xTaskGenericNotifyFromISR
                0x0000000000005b04       0x14 ./FreeRTOS/tasks.o
 .rodata.prvTaskIsTaskSuspended.str1.4
                0x0000000000005b18       0x14 ./FreeRTOS/tasks.o
                                         0x35 (size before relaxing)
 .rodata.vTaskStartScheduler.str1.4
                0x0000000000005b2c        0x5 ./FreeRTOS/tasks.o
 *fill*         0x0000000000005b31        0x3 
 .rodata.prvTimerTask
                0x0000000000005b34       0x24 ./FreeRTOS/timers.o
 .rodata.prvCheckForValidListAndQueue.str1.4
                0x0000000000005b58        0x5 ./FreeRTOS/timers.o
 *fill*         0x0000000000005b5d        0x3 
 .rodata.prvTimerTask.str1.4
                0x0000000000005b60       0x15 ./FreeRTOS/timers.o
                                         0x39 (size before relaxing)
 *fill*         0x0000000000005b75        0x3 
 .rodata.xTimerCreateTimerTask.str1.4
                0x0000000000005b78        0x8 ./FreeRTOS/timers.o
 .rodata.ODObjs
                0x0000000000005b80      0x65c ./CANopenNode/keypad/OD.o
 .rodata.__sf_fake_stderr
                0x00000000000061dc       0x20 c:/mounriver/mounriver_studio/toolchain/risc-v embedded gcc/bin/../lib/gcc/riscv-none-embed/8.2.0/../../../../riscv-none-embed/lib/rv32imacxw/ilp32\libg_nano.a(lib_a-findfp.o)
                0x00000000000061dc                __sf_fake_stderr
 .rodata.__sf_fake_stdin
                0x00000000000061fc       0x20 c:/mounriver/mounriver_studio/toolchain/risc-v embedded gcc/bin/../lib/gcc/riscv-none-embed/8.2.0/../../../../riscv-none-embed/lib/rv32imacxw/ilp32\libg_nano.a(lib_a-findfp.o)
                0x00000000000061fc                __sf_fake_stdin
 .rodata.__sf_fake_stdout
                0x000000000000621c       0x20 c:/mounriver/mounriver_studio/toolchain/risc-v embedded gcc/bin/../lib/gcc/riscv-none-embed/8.2.0/../../../../riscv-none-embed/lib/rv32imacxw/ilp32\libg_nano.a(lib_a-findfp.o)
                0x000000000000621c                __sf_fake_stdout
 .rodata._vfprintf_r.str1.4
                0x000000000000623c       0x13 c:/mounriver/mounriver_studio/toolchain/risc-v embedded gcc/bin/../lib/gcc/riscv-none-embed/8.2.0/../../../../riscv-none-embed/lib/rv32imacxw/ilp32\libg_nano.a(lib_a-nano-vfprintf.o)
 *fill*         0x000000000000624f        0x1 
 .rodata._printf_i.str1.4
                0x0000000000006250       0x28 c:/mounriver/mounriver_studio/toolchain/risc-v embedded gcc/bin/../lib/gcc/riscv-none-embed/8.2.0/../../../../riscv-none-embed/lib/rv32imacxw/ilp32\libg_nano.a(lib_a-nano-vfprintf_i.o)
                                         0x25 (size before relaxing)
 *(.glue_7)
 *(.glue_7t)
 *(.gnu.linkonce.t.*)
                0x0000000000006278                . = ALIGN (0x4)

.rela.dyn       0x0000000000006278        0x0
 .rela.init     0x0000000000006278        0x0 ./User/DataModel.o
 .rela.vector   0x0000000000006278        0x0 ./User/DataModel.o
 .rela.text.handle_reset
                0x0000000000006278        0x0 ./User/DataModel.o
 .rela.text.xPortStartScheduler
                0x0000000000006278        0x0 ./User/DataModel.o
 .rela.sdata2.xISRStackTop
                0x0000000000006278        0x0 ./User/DataModel.o
 .rela.text._sbrk
                0x0000000000006278        0x0 ./User/DataModel.o
 .rela.sdata.curbrk.4664
                0x0000000000006278        0x0 ./User/DataModel.o
 .rela.text._sbrk_r
                0x0000000000006278        0x0 ./User/DataModel.o
 .rela.text._vfprintf_r
                0x0000000000006278        0x0 ./User/DataModel.o
 .rela.text._write_r
                0x0000000000006278        0x0 ./User/DataModel.o
 .rela.text._close_r
                0x0000000000006278        0x0 ./User/DataModel.o
 .rela.text._fstat_r
                0x0000000000006278        0x0 ./User/DataModel.o
 .rela.text._isatty_r
                0x0000000000006278        0x0 ./User/DataModel.o
 .rela.text._lseek_r
                0x0000000000006278        0x0 ./User/DataModel.o
 .rela.text._read_r
                0x0000000000006278        0x0 ./User/DataModel.o
 .rela.text._close
                0x0000000000006278        0x0 ./User/DataModel.o
 .rela.text._fstat
                0x0000000000006278        0x0 ./User/DataModel.o
 .rela.text._isatty
                0x0000000000006278        0x0 ./User/DataModel.o
 .rela.text._lseek
                0x0000000000006278        0x0 ./User/DataModel.o
 .rela.text._read
                0x0000000000006278        0x0 ./User/DataModel.o

.fini           0x0000000000006278        0x0
 *(SORT_NONE(.fini))
                0x0000000000006278                . = ALIGN (0x4)
                [!provide]                        PROVIDE (_etext = .)
                [!provide]                        PROVIDE (_eitcm = .)

.preinit_array  0x0000000000006278        0x0
                [!provide]                        PROVIDE (__preinit_array_start = .)
 *(.preinit_array)
                [!provide]                        PROVIDE (__preinit_array_end = .)

.init_array     0x0000000000006278        0x0
                [!provide]                        PROVIDE (__init_array_start = .)
 *(SORT_BY_INIT_PRIORITY(.init_array.*) SORT_BY_INIT_PRIORITY(.ctors.*))
 *(.init_array EXCLUDE_FILE(*crtend?.o *crtend.o *crtbegin?.o *crtbegin.o) .ctors)
                [!provide]                        PROVIDE (__init_array_end = .)

.fini_array     0x0000000000006278        0x0
                [!provide]                        PROVIDE (__fini_array_start = .)
 *(SORT_BY_INIT_PRIORITY(.fini_array.*) SORT_BY_INIT_PRIORITY(.dtors.*))
 *(.fini_array EXCLUDE_FILE(*crtend?.o *crtend.o *crtbegin?.o *crtbegin.o) .dtors)
                [!provide]                        PROVIDE (__fini_array_end = .)

.ctors
 *crtbegin.o(.ctors)
 *crtbegin?.o(.ctors)
 *(EXCLUDE_FILE(*crtend?.o *crtend.o) .ctors)
 *(SORT_BY_NAME(.ctors.*))
 *(.ctors)

.dtors
 *crtbegin.o(.dtors)
 *crtbegin?.o(.dtors)
 *(EXCLUDE_FILE(*crtend?.o *crtend.o) .dtors)
 *(SORT_BY_NAME(.dtors.*))
 *(.dtors)

.dalign         0x0000000020000000        0x0 load address 0x0000000000006278
                0x0000000020000000                . = ALIGN (0x4)
                0x0000000020000000                PROVIDE (_data_vma = .)

.dlalign        0x0000000000006278        0x0
                0x0000000000006278                . = ALIGN (0x4)
                0x0000000000006278                PROVIDE (_data_lma = .)

.data           0x0000000020000000      0x5b8 load address 0x0000000000006278
 *(.gnu.linkonce.r.*)
 *(.data .data.*)
 .data.AHBPrescTable
                0x0000000020000000       0x10 ./User/system_ch32v20x.o
                0x0000000020000000                AHBPrescTable
 .data.APBAHBPrescTable
                0x0000000020000010       0x10 ./Peripheral/src/ch32v20x_rcc.o
 .data.ODList   0x0000000020000020      0x2b8 ./CANopenNode/keypad/OD.o
 .data.OD_      0x00000000200002d8       0x44 ./CANopenNode/keypad/OD.o
                0x00000000200002d8                OD_
 .data.OD_RAM   0x000000002000031c       0x34 ./CANopenNode/keypad/OD.o
                0x000000002000031c                OD_RAM
 .data.OD_ROM   0x0000000020000350      0x1d0 ./CANopenNode/keypad/OD.o
                0x0000000020000350                OD_ROM
 .data.impure_data
                0x0000000020000520       0x60 c:/mounriver/mounriver_studio/toolchain/risc-v embedded gcc/bin/../lib/gcc/riscv-none-embed/8.2.0/../../../../riscv-none-embed/lib/rv32imacxw/ilp32\libg_nano.a(lib_a-impure.o)
 *(.gnu.linkonce.d.*)
                0x0000000020000580                . = ALIGN (0x8)
                0x0000000020000d80                PROVIDE (__global_pointer$ = (. + 0x800))
 *(.sdata .sdata.*)
 .sdata.SystemCoreClock
                0x0000000020000580        0x4 ./User/system_ch32v20x.o
                0x0000000020000580                SystemCoreClock
 .sdata.ADCPrescTable
                0x0000000020000584        0x4 ./Peripheral/src/ch32v20x_rcc.o
 .sdata.uxCriticalNesting
                0x0000000020000588        0x4 ./FreeRTOS/portable/GCC/RISC-V/port.o
 .sdata.uxTopUsedPriority
                0x000000002000058c        0x4 ./FreeRTOS/tasks.o
                0x000000002000058c                uxTopUsedPriority
 .sdata.curbrk.4664
                0x0000000020000590        0x4 ./Debug/debug.o
 .sdata.OD      0x0000000020000594        0x4 ./CANopenNode/keypad/OD.o
                0x0000000020000594                OD
 .sdata.OD_PERSIST_COMM
                0x0000000020000598        0x8 ./CANopenNode/keypad/OD.o
                0x0000000020000598                OD_PERSIST_COMM
 .sdata._OD     0x00000000200005a0        0x8 ./CANopenNode/keypad/OD.o
 .sdata._impure_ptr
                0x00000000200005a8        0x4 c:/mounriver/mounriver_studio/toolchain/risc-v embedded gcc/bin/../lib/gcc/riscv-none-embed/8.2.0/../../../../riscv-none-embed/lib/rv32imacxw/ilp32\libg_nano.a(lib_a-impure.o)
                0x00000000200005a8                _impure_ptr
 *(.sdata2.*)
 .sdata2.CSWTCH.0
                0x00000000200005ac        0x3 ./HAL/hal_timers.o
 *fill*         0x00000000200005af        0x1 
 .sdata2.xISRStackTop
                0x00000000200005b0        0x4 ./FreeRTOS/portable/GCC/RISC-V/port.o
                0x00000000200005b0                xISRStackTop
 .sdata2._global_impure_ptr
                0x00000000200005b4        0x4 c:/mounriver/mounriver_studio/toolchain/risc-v embedded gcc/bin/../lib/gcc/riscv-none-embed/8.2.0/../../../../riscv-none-embed/lib/rv32imacxw/ilp32\libg_nano.a(lib_a-impure.o)
                0x00000000200005b4                _global_impure_ptr
 *(.gnu.linkonce.s.*)
                0x00000000200005b8                . = ALIGN (0x8)
 *(.srodata.cst16)
 *(.srodata.cst8)
 *(.srodata.cst4)
 *(.srodata.cst2)
 *(.srodata .srodata.*)
                0x00000000200005b8                . = ALIGN (0x4)
                0x00000000200005b8                PROVIDE (_edata = .)

.bss            0x00000000200005b8     0x114c load address 0x0000000000006830
                0x00000000200005b8                . = ALIGN (0x4)
                0x00000000200005b8                PROVIDE (_sbss = .)
 *(.sbss*)
 .sbss.data_init
                0x00000000200005b8        0x1 ./User/DataModel.o
 *fill*         0x00000000200005b9        0x3 
 .sbss.odometr  0x00000000200005bc        0x4 ./User/DataModel.o
 .sbss.secondcounter
                0x00000000200005c0        0x2 ./User/DataModel.o
 *fill*         0x00000000200005c2        0x2 
 .sbss.pProcessTaskHandle
                0x00000000200005c4        0x4 ./User/dash_draw.o
 .sbss.SPI2_DATA
                0x00000000200005c8        0x8 ./User/led.o
 .sbss.DeafaultTaskFSM
                0x00000000200005d0        0x4 ./User/system_init.o
 .sbss.MCU_Version
                0x00000000200005d4        0x1 ./Peripheral/src/ch32v20x_gpio.o
                0x00000000200005d4                MCU_Version
 *fill*         0x00000000200005d5        0x3 
 .sbss.NVIC_Priority_Group
                0x00000000200005d8        0x4 ./Peripheral/src/ch32v20x_misc.o
                0x00000000200005d8                NVIC_Priority_Group
 .sbss.pEEPROM  0x00000000200005dc        0x4 ./HAL/hal_i2c.o
                0x00000000200005dc                pEEPROM
 .sbss.func     0x00000000200005e0        0x4 ./HAL/hal_rtc.o
 .sbss.pxEnd    0x00000000200005e4        0x4 ./FreeRTOS/portable/MemMang/heap_4.o
 .sbss.xBlockAllocatedBit
                0x00000000200005e8        0x4 ./FreeRTOS/portable/MemMang/heap_4.o
 .sbss.xFreeBytesRemaining
                0x00000000200005ec        0x4 ./FreeRTOS/portable/MemMang/heap_4.o
 .sbss.xNumberOfSuccessfulFrees
                0x00000000200005f0        0x4 ./FreeRTOS/portable/MemMang/heap_4.o
 .sbss.xStart   0x00000000200005f4        0x8 ./FreeRTOS/portable/MemMang/heap_4.o
 .sbss.pxCurrentTCB
                0x00000000200005fc        0x4 ./FreeRTOS/tasks.o
                0x00000000200005fc                pxCurrentTCB
 .sbss.pxDelayedTaskList
                0x0000000020000600        0x4 ./FreeRTOS/tasks.o
 .sbss.pxOverflowDelayedTaskList
                0x0000000020000604        0x4 ./FreeRTOS/tasks.o
 .sbss.uxCurrentNumberOfTasks
                0x0000000020000608        0x4 ./FreeRTOS/tasks.o
 .sbss.uxSchedulerSuspended
                0x000000002000060c        0x4 ./FreeRTOS/tasks.o
 .sbss.uxTaskNumber
                0x0000000020000610        0x4 ./FreeRTOS/tasks.o
 .sbss.uxTopReadyPriority
                0x0000000020000614        0x4 ./FreeRTOS/tasks.o
 .sbss.xNextTaskUnblockTime
                0x0000000020000618        0x4 ./FreeRTOS/tasks.o
 .sbss.xNumOfOverflows
                0x000000002000061c        0x4 ./FreeRTOS/tasks.o
 .sbss.xPendedTicks
                0x0000000020000620        0x4 ./FreeRTOS/tasks.o
 .sbss.xSchedulerRunning
                0x0000000020000624        0x4 ./FreeRTOS/tasks.o
 .sbss.xTickCount
                0x0000000020000628        0x4 ./FreeRTOS/tasks.o
 .sbss.xYieldPending
                0x000000002000062c        0x4 ./FreeRTOS/tasks.o
 .sbss.pxCurrentTimerList
                0x0000000020000630        0x4 ./FreeRTOS/timers.o
 .sbss.pxOverflowTimerList
                0x0000000020000634        0x4 ./FreeRTOS/timers.o
 .sbss.xLastTime.5762
                0x0000000020000638        0x4 ./FreeRTOS/timers.o
 .sbss.xTimerQueue
                0x000000002000063c        0x4 ./FreeRTOS/timers.o
 .sbss.xTimerTaskHandle
                0x0000000020000640        0x4 ./FreeRTOS/timers.o
 .sbss.p_ms     0x0000000020000644        0x2 ./Debug/debug.o
 .sbss.p_us     0x0000000020000646        0x1 ./Debug/debug.o
 *fill*         0x0000000020000647        0x1 
 .sbss.__malloc_free_list
                0x0000000020000648        0x4 c:/mounriver/mounriver_studio/toolchain/risc-v embedded gcc/bin/../lib/gcc/riscv-none-embed/8.2.0/../../../../riscv-none-embed/lib/rv32imacxw/ilp32\libg_nano.a(lib_a-nano-mallocr.o)
                0x0000000020000648                __malloc_free_list
 .sbss.__malloc_sbrk_start
                0x000000002000064c        0x4 c:/mounriver/mounriver_studio/toolchain/risc-v embedded gcc/bin/../lib/gcc/riscv-none-embed/8.2.0/../../../../riscv-none-embed/lib/rv32imacxw/ilp32\libg_nano.a(lib_a-nano-mallocr.o)
                0x000000002000064c                __malloc_sbrk_start
 *(.gnu.linkonce.sb.*)
 *(.bss*)
 .bss.DATA_MODEL_REGISTER
                0x0000000020000650      0x21b ./User/DataModel.o
 *fill*         0x000000002000086b        0x1 
 .bss.SPI1_DATA
                0x000000002000086c        0xa ./User/led.o
 *fill*         0x0000000020000876        0x2 
 .bss.ProcessTaskBuffer
                0x0000000020000878      0x400 ./User/system_init.o
 .bss.ProcessTaskControlBlock
                0x0000000020000c78       0x5c ./User/system_init.o
 .bss.defaultTaskBuffer
                0x0000000020000cd4      0x200 ./User/system_init.o
 .bss.defaultTaskControlBlock
                0x0000000020000ed4       0x5c ./User/system_init.o
 .bss.uxIdleTaskStack
                0x0000000020000f30      0x200 ./User/system_init.o
 .bss.uxTimerTaskStack
                0x0000000020001130      0x200 ./User/system_init.o
 .bss.xIdleTaskTCB
                0x0000000020001330       0x5c ./User/system_init.o
 .bss.xTimerTaskTCB
                0x000000002000138c       0x5c ./User/system_init.o
 .bss.Dev       0x00000000200013e8       0x28 ./HWLIB/hw_lib_eeprom.o
 .bss.CAN       0x0000000020001410        0xc ./HAL/hal_can.o
 .bss.DMA_CALLback
                0x000000002000141c       0x1c ./HAL/hal_dma.o
                0x000000002000141c                DMA_CALLback
 .bss.InitPort  0x0000000020001438       0x20 ./HAL/hal_gpio.o
                0x0000000020001438                InitPort
 .bss.config    0x0000000020001458       0x3c ./HAL/hal_timers.o
 .bss.xQueueRegistry
                0x0000000020001494       0x40 ./FreeRTOS/queue.o
                0x0000000020001494                xQueueRegistry
 .bss.pxReadyTasksLists
                0x00000000200014d4      0x12c ./FreeRTOS/tasks.o
 .bss.xDelayedTaskList1
                0x0000000020001600       0x14 ./FreeRTOS/tasks.o
 .bss.xDelayedTaskList2
                0x0000000020001614       0x14 ./FreeRTOS/tasks.o
 .bss.xPendingReadyList
                0x0000000020001628       0x14 ./FreeRTOS/tasks.o
 .bss.xSuspendedTaskList
                0x000000002000163c       0x14 ./FreeRTOS/tasks.o
 .bss.ucStaticTimerQueueStorage.5806
                0x0000000020001650       0x40 ./FreeRTOS/timers.o
 .bss.xActiveTimerList1
                0x0000000020001690       0x14 ./FreeRTOS/timers.o
 .bss.xActiveTimerList2
                0x00000000200016a4       0x14 ./FreeRTOS/timers.o
 .bss.xStaticTimerQueue.5805
                0x00000000200016b8       0x48 ./FreeRTOS/timers.o
 *(.gnu.linkonce.b.*)
 *(COMMON*)
 COMMON         0x0000000020001700        0x4 c:/mounriver/mounriver_studio/toolchain/risc-v embedded gcc/bin/../lib/gcc/riscv-none-embed/8.2.0/../../../../riscv-none-embed/lib/rv32imacxw/ilp32\libg_nano.a(lib_a-reent.o)
                0x0000000020001700                errno
                0x0000000020001704                . = ALIGN (0x4)
                0x0000000020001704                PROVIDE (_ebss = .)
                0x0000000020001704                PROVIDE (_end = _ebss)
                [!provide]                        PROVIDE (end = .)

.stack          0x0000000020004800      0x800
                0x0000000020004800                PROVIDE (_heap_end = .)
                0x0000000020004800                . = ALIGN (0x4)
                [!provide]                        PROVIDE (_susrstack = .)
                0x0000000020005000                . = (. + __stack_size)
 *fill*         0x0000000020004800      0x800 
                0x0000000020005000                PROVIDE (_eusrstack = .)
                0x0000000020005000                __freertos_irq_stack_top = .
OUTPUT(DASH.elf elf32-littleriscv)

.debug_info     0x0000000000000000    0x331c4
 .debug_info    0x0000000000000000     0x1cfe ./User/DataModel.o
 .debug_info    0x0000000000001cfe      0xc7c ./User/ch32v20x_it.o
 .debug_info    0x000000000000297a     0x1e35 ./User/dash_draw.o
 .debug_info    0x00000000000047af     0x1210 ./User/init.o
 .debug_info    0x00000000000059bf     0x169b ./User/led.o
 .debug_info    0x000000000000705a     0x1921 ./User/main.o
 .debug_info    0x000000000000897b      0xb89 ./User/system_ch32v20x.o
 .debug_info    0x0000000000009504      0xf2c ./User/system_init.o
 .debug_info    0x000000000000a430       0x22 ./Startup/startup_ch32v20x_D6.o
 .debug_info    0x000000000000a452     0x16f6 ./Peripheral/src/ch32v20x_adc.o
 .debug_info    0x000000000000bb48     0x181a ./Peripheral/src/ch32v20x_can.o
 .debug_info    0x000000000000d362      0xd21 ./Peripheral/src/ch32v20x_dma.o
 .debug_info    0x000000000000e083     0x12c8 ./Peripheral/src/ch32v20x_gpio.o
 .debug_info    0x000000000000f34b     0x147f ./Peripheral/src/ch32v20x_i2c.o
 .debug_info    0x00000000000107ca      0xe7c ./Peripheral/src/ch32v20x_misc.o
 .debug_info    0x0000000000011646     0x125c ./Peripheral/src/ch32v20x_rcc.o
 .debug_info    0x00000000000128a2      0xd4f ./Peripheral/src/ch32v20x_rtc.o
 .debug_info    0x00000000000135f1     0x12c1 ./Peripheral/src/ch32v20x_spi.o
 .debug_info    0x00000000000148b2     0x2abe ./Peripheral/src/ch32v20x_tim.o
 .debug_info    0x0000000000017370     0x13b4 ./Peripheral/src/ch32v20x_usart.o
 .debug_info    0x0000000000018724      0xfea ./HWLIB/hw_lib_eeprom.o
 .debug_info    0x000000000001970e     0x17ff ./HAL/hal_can.o
 .debug_info    0x000000000001af0d     0x13bb ./HAL/hal_dma.o
 .debug_info    0x000000000001c2c8     0x1092 ./HAL/hal_gpio.o
 .debug_info    0x000000000001d35a     0x18b1 ./HAL/hal_i2c.o
 .debug_info    0x000000000001ec0b      0xdcb ./HAL/hal_rtc.o
 .debug_info    0x000000000001f9d6      0xd59 ./HAL/hal_spi.o
 .debug_info    0x000000000002072f     0x1e2d ./HAL/hal_timers.o
 .debug_info    0x000000000002255c      0xa98 ./HAL/hal_wdt.o
 .debug_info    0x0000000000022ff4      0xe5c ./FreeRTOS/portable/MemMang/heap_4.o
 .debug_info    0x0000000000023e50     0x1079 ./FreeRTOS/portable/GCC/RISC-V/port.o
 .debug_info    0x0000000000024ec9       0x26 ./FreeRTOS/portable/GCC/RISC-V/portASM.o
 .debug_info    0x0000000000024eef      0xb80 ./FreeRTOS/list.o
 .debug_info    0x0000000000025a6f     0x33b3 ./FreeRTOS/queue.o
 .debug_info    0x0000000000028e22     0x3b17 ./FreeRTOS/tasks.o
 .debug_info    0x000000000002c939     0x2676 ./FreeRTOS/timers.o
 .debug_info    0x000000000002efaf      0xefe ./Debug/debug.o
 .debug_info    0x000000000002fead      0x376 ./Core/core_riscv.o
 .debug_info    0x0000000000030223     0x1aef ./CANopenNode/keypad/OD.o
 .debug_info    0x0000000000031d12     0x14b2 ./CANopenNode/301/CO_ODinterface.o

.debug_abbrev   0x0000000000000000     0x7ebf
 .debug_abbrev  0x0000000000000000      0x484 ./User/DataModel.o
 .debug_abbrev  0x0000000000000484      0x291 ./User/ch32v20x_it.o
 .debug_abbrev  0x0000000000000715      0x414 ./User/dash_draw.o
 .debug_abbrev  0x0000000000000b29      0x2eb ./User/init.o
 .debug_abbrev  0x0000000000000e14      0x396 ./User/led.o
 .debug_abbrev  0x00000000000011aa      0x324 ./User/main.o
 .debug_abbrev  0x00000000000014ce      0x2c0 ./User/system_ch32v20x.o
 .debug_abbrev  0x000000000000178e      0x311 ./User/system_init.o
 .debug_abbrev  0x0000000000001a9f       0x12 ./Startup/startup_ch32v20x_D6.o
 .debug_abbrev  0x0000000000001ab1      0x3a9 ./Peripheral/src/ch32v20x_adc.o
 .debug_abbrev  0x0000000000001e5a      0x3fa ./Peripheral/src/ch32v20x_can.o
 .debug_abbrev  0x0000000000002254      0x302 ./Peripheral/src/ch32v20x_dma.o
 .debug_abbrev  0x0000000000002556      0x34b ./Peripheral/src/ch32v20x_gpio.o
 .debug_abbrev  0x00000000000028a1      0x3a7 ./Peripheral/src/ch32v20x_i2c.o
 .debug_abbrev  0x0000000000002c48      0x2fb ./Peripheral/src/ch32v20x_misc.o
 .debug_abbrev  0x0000000000002f43      0x351 ./Peripheral/src/ch32v20x_rcc.o
 .debug_abbrev  0x0000000000003294      0x2c0 ./Peripheral/src/ch32v20x_rtc.o
 .debug_abbrev  0x0000000000003554      0x307 ./Peripheral/src/ch32v20x_spi.o
 .debug_abbrev  0x000000000000385b      0x418 ./Peripheral/src/ch32v20x_tim.o
 .debug_abbrev  0x0000000000003c73      0x312 ./Peripheral/src/ch32v20x_usart.o
 .debug_abbrev  0x0000000000003f85      0x36b ./HWLIB/hw_lib_eeprom.o
 .debug_abbrev  0x00000000000042f0      0x39e ./HAL/hal_can.o
 .debug_abbrev  0x000000000000468e      0x30e ./HAL/hal_dma.o
 .debug_abbrev  0x000000000000499c      0x362 ./HAL/hal_gpio.o
 .debug_abbrev  0x0000000000004cfe      0x3d6 ./HAL/hal_i2c.o
 .debug_abbrev  0x00000000000050d4      0x2b4 ./HAL/hal_rtc.o
 .debug_abbrev  0x0000000000005388      0x285 ./HAL/hal_spi.o
 .debug_abbrev  0x000000000000560d      0x48d ./HAL/hal_timers.o
 .debug_abbrev  0x0000000000005a9a      0x25a ./HAL/hal_wdt.o
 .debug_abbrev  0x0000000000005cf4      0x36c ./FreeRTOS/portable/MemMang/heap_4.o
 .debug_abbrev  0x0000000000006060      0x3ad ./FreeRTOS/portable/GCC/RISC-V/port.o
 .debug_abbrev  0x000000000000640d       0x14 ./FreeRTOS/portable/GCC/RISC-V/portASM.o
 .debug_abbrev  0x0000000000006421      0x254 ./FreeRTOS/list.o
 .debug_abbrev  0x0000000000006675      0x4a1 ./FreeRTOS/queue.o
 .debug_abbrev  0x0000000000006b16      0x540 ./FreeRTOS/tasks.o
 .debug_abbrev  0x0000000000007056      0x45f ./FreeRTOS/timers.o
 .debug_abbrev  0x00000000000074b5      0x2d7 ./Debug/debug.o
 .debug_abbrev  0x000000000000778c       0xe0 ./Core/core_riscv.o
 .debug_abbrev  0x000000000000786c      0x264 ./CANopenNode/keypad/OD.o
 .debug_abbrev  0x0000000000007ad0      0x3ef ./CANopenNode/301/CO_ODinterface.o

.debug_loc      0x0000000000000000     0xdb3d
 .debug_loc     0x0000000000000000      0x26a ./User/DataModel.o
 .debug_loc     0x000000000000026a      0x384 ./User/dash_draw.o
 .debug_loc     0x00000000000005ee       0x21 ./User/init.o
 .debug_loc     0x000000000000060f      0x342 ./User/led.o
 .debug_loc     0x0000000000000951       0x21 ./User/main.o
 .debug_loc     0x0000000000000972       0xac ./User/system_ch32v20x.o
 .debug_loc     0x0000000000000a1e       0x21 ./User/system_init.o
 .debug_loc     0x0000000000000a3f      0xab6 ./Peripheral/src/ch32v20x_adc.o
 .debug_loc     0x00000000000014f5      0x999 ./Peripheral/src/ch32v20x_can.o
 .debug_loc     0x0000000000001e8e      0x155 ./Peripheral/src/ch32v20x_dma.o
 .debug_loc     0x0000000000001fe3      0x8d6 ./Peripheral/src/ch32v20x_gpio.o
 .debug_loc     0x00000000000028b9      0x70d ./Peripheral/src/ch32v20x_i2c.o
 .debug_loc     0x0000000000002fc6       0xce ./Peripheral/src/ch32v20x_misc.o
 .debug_loc     0x0000000000003094      0x797 ./Peripheral/src/ch32v20x_rcc.o
 .debug_loc     0x000000000000382b      0x272 ./Peripheral/src/ch32v20x_rtc.o
 .debug_loc     0x0000000000003a9d      0x57f ./Peripheral/src/ch32v20x_spi.o
 .debug_loc     0x000000000000401c     0x190e ./Peripheral/src/ch32v20x_tim.o
 .debug_loc     0x000000000000592a      0x757 ./Peripheral/src/ch32v20x_usart.o
 .debug_loc     0x0000000000006081      0x367 ./HWLIB/hw_lib_eeprom.o
 .debug_loc     0x00000000000063e8      0x1ea ./HAL/hal_can.o
 .debug_loc     0x00000000000065d2      0x369 ./HAL/hal_dma.o
 .debug_loc     0x000000000000693b      0x3a2 ./HAL/hal_gpio.o
 .debug_loc     0x0000000000006cdd      0x2e2 ./HAL/hal_i2c.o
 .debug_loc     0x0000000000006fbf       0x48 ./HAL/hal_rtc.o
 .debug_loc     0x0000000000007007       0xb2 ./HAL/hal_spi.o
 .debug_loc     0x00000000000070b9      0x52f ./HAL/hal_timers.o
 .debug_loc     0x00000000000075e8      0x330 ./FreeRTOS/portable/MemMang/heap_4.o
 .debug_loc     0x0000000000007918       0xad ./FreeRTOS/portable/GCC/RISC-V/port.o
 .debug_loc     0x00000000000079c5       0x94 ./FreeRTOS/list.o
 .debug_loc     0x0000000000007a59     0x1ea1 ./FreeRTOS/queue.o
 .debug_loc     0x00000000000098fa     0x265f ./FreeRTOS/tasks.o
 .debug_loc     0x000000000000bf59     0x12b2 ./FreeRTOS/timers.o
 .debug_loc     0x000000000000d20b      0x177 ./Debug/debug.o
 .debug_loc     0x000000000000d382      0x7bb ./CANopenNode/301/CO_ODinterface.o

.debug_aranges  0x0000000000000000     0x16b0
 .debug_aranges
                0x0000000000000000       0x80 ./User/DataModel.o
 .debug_aranges
                0x0000000000000080       0x30 ./User/ch32v20x_it.o
 .debug_aranges
                0x00000000000000b0       0xb0 ./User/dash_draw.o
 .debug_aranges
                0x0000000000000160       0x30 ./User/init.o
 .debug_aranges
                0x0000000000000190       0x78 ./User/led.o
 .debug_aranges
                0x0000000000000208       0x40 ./User/main.o
 .debug_aranges
                0x0000000000000248       0x28 ./User/system_ch32v20x.o
 .debug_aranges
                0x0000000000000270       0x40 ./User/system_init.o
 .debug_aranges
                0x00000000000002b0       0x30 ./Startup/startup_ch32v20x_D6.o
 .debug_aranges
                0x00000000000002e0      0x150 ./Peripheral/src/ch32v20x_adc.o
 .debug_aranges
                0x0000000000000430       0xd8 ./Peripheral/src/ch32v20x_can.o
 .debug_aranges
                0x0000000000000508       0x60 ./Peripheral/src/ch32v20x_dma.o
 .debug_aranges
                0x0000000000000568       0xb0 ./Peripheral/src/ch32v20x_gpio.o
 .debug_aranges
                0x0000000000000618      0x110 ./Peripheral/src/ch32v20x_i2c.o
 .debug_aranges
                0x0000000000000728       0x28 ./Peripheral/src/ch32v20x_misc.o
 .debug_aranges
                0x0000000000000750      0x128 ./Peripheral/src/ch32v20x_rcc.o
 .debug_aranges
                0x0000000000000878       0x80 ./Peripheral/src/ch32v20x_rtc.o
 .debug_aranges
                0x00000000000008f8       0xd0 ./Peripheral/src/ch32v20x_spi.o
 .debug_aranges
                0x00000000000009c8      0x2d0 ./Peripheral/src/ch32v20x_tim.o
 .debug_aranges
                0x0000000000000c98      0x100 ./Peripheral/src/ch32v20x_usart.o
 .debug_aranges
                0x0000000000000d98       0x40 ./HWLIB/hw_lib_eeprom.o
 .debug_aranges
                0x0000000000000dd8       0x80 ./HAL/hal_can.o
 .debug_aranges
                0x0000000000000e58       0x68 ./HAL/hal_dma.o
 .debug_aranges
                0x0000000000000ec0       0x70 ./HAL/hal_gpio.o
 .debug_aranges
                0x0000000000000f30       0x40 ./HAL/hal_i2c.o
 .debug_aranges
                0x0000000000000f70       0x30 ./HAL/hal_rtc.o
 .debug_aranges
                0x0000000000000fa0       0x30 ./HAL/hal_spi.o
 .debug_aranges
                0x0000000000000fd0       0xc0 ./HAL/hal_timers.o
 .debug_aranges
                0x0000000000001090       0x28 ./HAL/hal_wdt.o
 .debug_aranges
                0x00000000000010b8       0x50 ./FreeRTOS/portable/MemMang/heap_4.o
 .debug_aranges
                0x0000000000001108       0x58 ./FreeRTOS/portable/GCC/RISC-V/port.o
 .debug_aranges
                0x0000000000001160       0x20 ./FreeRTOS/portable/GCC/RISC-V/portASM.o
 .debug_aranges
                0x0000000000001180       0x40 ./FreeRTOS/list.o
 .debug_aranges
                0x00000000000011c0      0x110 ./FreeRTOS/queue.o
 .debug_aranges
                0x00000000000012d0      0x1b0 ./FreeRTOS/tasks.o
 .debug_aranges
                0x0000000000001480       0xc0 ./FreeRTOS/timers.o
 .debug_aranges
                0x0000000000001540       0x48 ./Debug/debug.o
 .debug_aranges
                0x0000000000001588       0xb0 ./Core/core_riscv.o
 .debug_aranges
                0x0000000000001638       0x18 ./CANopenNode/keypad/OD.o
 .debug_aranges
                0x0000000000001650       0x60 ./CANopenNode/301/CO_ODinterface.o

.debug_ranges   0x0000000000000000     0x1c58
 .debug_ranges  0x0000000000000000      0x140 ./User/DataModel.o
 .debug_ranges  0x0000000000000140       0x20 ./User/ch32v20x_it.o
 .debug_ranges  0x0000000000000160       0xe8 ./User/dash_draw.o
 .debug_ranges  0x0000000000000248       0x20 ./User/init.o
 .debug_ranges  0x0000000000000268       0x90 ./User/led.o
 .debug_ranges  0x00000000000002f8       0x30 ./User/main.o
 .debug_ranges  0x0000000000000328       0x38 ./User/system_ch32v20x.o
 .debug_ranges  0x0000000000000360       0x30 ./User/system_init.o
 .debug_ranges  0x0000000000000390       0x28 ./Startup/startup_ch32v20x_D6.o
 .debug_ranges  0x00000000000003b8      0x140 ./Peripheral/src/ch32v20x_adc.o
 .debug_ranges  0x00000000000004f8       0xf8 ./Peripheral/src/ch32v20x_can.o
 .debug_ranges  0x00000000000005f0       0x50 ./Peripheral/src/ch32v20x_dma.o
 .debug_ranges  0x0000000000000640       0xa0 ./Peripheral/src/ch32v20x_gpio.o
 .debug_ranges  0x00000000000006e0      0x100 ./Peripheral/src/ch32v20x_i2c.o
 .debug_ranges  0x00000000000007e0       0x48 ./Peripheral/src/ch32v20x_misc.o
 .debug_ranges  0x0000000000000828      0x118 ./Peripheral/src/ch32v20x_rcc.o
 .debug_ranges  0x0000000000000940       0x70 ./Peripheral/src/ch32v20x_rtc.o
 .debug_ranges  0x00000000000009b0       0xc0 ./Peripheral/src/ch32v20x_spi.o
 .debug_ranges  0x0000000000000a70      0x2f0 ./Peripheral/src/ch32v20x_tim.o
 .debug_ranges  0x0000000000000d60       0xf0 ./Peripheral/src/ch32v20x_usart.o
 .debug_ranges  0x0000000000000e50       0x60 ./HWLIB/hw_lib_eeprom.o
 .debug_ranges  0x0000000000000eb0       0x88 ./HAL/hal_can.o
 .debug_ranges  0x0000000000000f38       0x58 ./HAL/hal_dma.o
 .debug_ranges  0x0000000000000f90       0x78 ./HAL/hal_gpio.o
 .debug_ranges  0x0000000000001008       0x30 ./HAL/hal_i2c.o
 .debug_ranges  0x0000000000001038       0x20 ./HAL/hal_rtc.o
 .debug_ranges  0x0000000000001058       0x20 ./HAL/hal_spi.o
 .debug_ranges  0x0000000000001078       0xf8 ./HAL/hal_timers.o
 .debug_ranges  0x0000000000001170       0x18 ./HAL/hal_wdt.o
 .debug_ranges  0x0000000000001188       0x40 ./FreeRTOS/portable/MemMang/heap_4.o
 .debug_ranges  0x00000000000011c8       0x60 ./FreeRTOS/portable/GCC/RISC-V/port.o
 .debug_ranges  0x0000000000001228       0x30 ./FreeRTOS/list.o
 .debug_ranges  0x0000000000001258      0x2d8 ./FreeRTOS/queue.o
 .debug_ranges  0x0000000000001530      0x3e0 ./FreeRTOS/tasks.o
 .debug_ranges  0x0000000000001910      0x198 ./FreeRTOS/timers.o
 .debug_ranges  0x0000000000001aa8       0x38 ./Debug/debug.o
 .debug_ranges  0x0000000000001ae0       0xa0 ./Core/core_riscv.o
 .debug_ranges  0x0000000000001b80       0xd8 ./CANopenNode/301/CO_ODinterface.o

.debug_line     0x0000000000000000    0x22e5c
 .debug_line    0x0000000000000000      0xd5a ./User/DataModel.o
 .debug_line    0x0000000000000d5a      0x42a ./User/ch32v20x_it.o
 .debug_line    0x0000000000001184      0xc4b ./User/dash_draw.o
 .debug_line    0x0000000000001dcf      0x570 ./User/init.o
 .debug_line    0x000000000000233f      0xc29 ./User/led.o
 .debug_line    0x0000000000002f68      0x5d9 ./User/main.o
 .debug_line    0x0000000000003541      0x66c ./User/system_ch32v20x.o
 .debug_line    0x0000000000003bad      0x5c0 ./User/system_init.o
 .debug_line    0x000000000000416d      0x25f ./Startup/startup_ch32v20x_D6.o
 .debug_line    0x00000000000043cc     0x1a80 ./Peripheral/src/ch32v20x_adc.o
 .debug_line    0x0000000000005e4c     0x1a28 ./Peripheral/src/ch32v20x_can.o
 .debug_line    0x0000000000007874      0x76a ./Peripheral/src/ch32v20x_dma.o
 .debug_line    0x0000000000007fde     0x14b1 ./Peripheral/src/ch32v20x_gpio.o
 .debug_line    0x000000000000948f     0x10f0 ./Peripheral/src/ch32v20x_i2c.o
 .debug_line    0x000000000000a57f      0x484 ./Peripheral/src/ch32v20x_misc.o
 .debug_line    0x000000000000aa03     0x1122 ./Peripheral/src/ch32v20x_rcc.o
 .debug_line    0x000000000000bb25      0x75a ./Peripheral/src/ch32v20x_rtc.o
 .debug_line    0x000000000000c27f      0xcba ./Peripheral/src/ch32v20x_spi.o
 .debug_line    0x000000000000cf39     0x30a3 ./Peripheral/src/ch32v20x_tim.o
 .debug_line    0x000000000000ffdc      0xf5a ./Peripheral/src/ch32v20x_usart.o
 .debug_line    0x0000000000010f36      0x617 ./HWLIB/hw_lib_eeprom.o
 .debug_line    0x000000000001154d      0xba4 ./HAL/hal_can.o
 .debug_line    0x00000000000120f1      0xab8 ./HAL/hal_dma.o
 .debug_line    0x0000000000012ba9      0x8c3 ./HAL/hal_gpio.o
 .debug_line    0x000000000001346c      0xdf0 ./HAL/hal_i2c.o
 .debug_line    0x000000000001425c      0x494 ./HAL/hal_rtc.o
 .debug_line    0x00000000000146f0      0x458 ./HAL/hal_spi.o
 .debug_line    0x0000000000014b48      0xeda ./HAL/hal_timers.o
 .debug_line    0x0000000000015a22      0x33b ./HAL/hal_wdt.o
 .debug_line    0x0000000000015d5d      0xc01 ./FreeRTOS/portable/MemMang/heap_4.o
 .debug_line    0x000000000001695e      0x71a ./FreeRTOS/portable/GCC/RISC-V/port.o
 .debug_line    0x0000000000017078      0x368 ./FreeRTOS/portable/GCC/RISC-V/portASM.o
 .debug_line    0x00000000000173e0      0x626 ./FreeRTOS/list.o
 .debug_line    0x0000000000017a06     0x3356 ./FreeRTOS/queue.o
 .debug_line    0x000000000001ad5c     0x4c89 ./FreeRTOS/tasks.o
 .debug_line    0x000000000001f9e5     0x17d6 ./FreeRTOS/timers.o
 .debug_line    0x00000000000211bb      0x6b5 ./Debug/debug.o
 .debug_line    0x0000000000021870      0x446 ./Core/core_riscv.o
 .debug_line    0x0000000000021cb6      0x341 ./CANopenNode/keypad/OD.o
 .debug_line    0x0000000000021ff7      0xe65 ./CANopenNode/301/CO_ODinterface.o

.debug_str      0x0000000000000000     0x8803
 .debug_str     0x0000000000000000     0x13aa ./User/DataModel.o
                                       0x145d (size before relaxing)
 .debug_str     0x00000000000013aa      0x124 ./User/ch32v20x_it.o
                                        0x784 (size before relaxing)
 .debug_str     0x00000000000014ce      0x511 ./User/dash_draw.o
                                       0x1754 (size before relaxing)
 .debug_str     0x00000000000019df      0x41d ./User/init.o
                                        0xa9e (size before relaxing)
 .debug_str     0x0000000000001dfc      0x316 ./User/led.o
                                        0xc19 (size before relaxing)
 .debug_str     0x0000000000002112      0x267 ./User/main.o
                                       0x14a7 (size before relaxing)
 .debug_str     0x0000000000002379       0xf6 ./User/system_ch32v20x.o
                                        0x6cc (size before relaxing)
 .debug_str     0x000000000000246f      0x36c ./User/system_init.o
                                        0xa7e (size before relaxing)
 .debug_str     0x00000000000027db       0x2d ./Startup/startup_ch32v20x_D6.o
                                         0x4c (size before relaxing)
 .debug_str     0x0000000000002808      0x554 ./Peripheral/src/ch32v20x_adc.o
                                        0xc16 (size before relaxing)
 .debug_str     0x0000000000002d5c      0x54e ./Peripheral/src/ch32v20x_can.o
                                        0xbba (size before relaxing)
 .debug_str     0x00000000000032aa      0x1da ./Peripheral/src/ch32v20x_dma.o
                                        0x7f2 (size before relaxing)
 .debug_str     0x0000000000003484      0x2d8 ./Peripheral/src/ch32v20x_gpio.o
                                        0x9bb (size before relaxing)
 .debug_str     0x000000000000375c      0x434 ./Peripheral/src/ch32v20x_i2c.o
                                        0xadf (size before relaxing)
 .debug_str     0x0000000000003b90      0x45f ./Peripheral/src/ch32v20x_misc.o
                                        0xa84 (size before relaxing)
 .debug_str     0x0000000000003fef      0x325 ./Peripheral/src/ch32v20x_rcc.o
                                        0xabb (size before relaxing)
 .debug_str     0x0000000000004314      0x194 ./Peripheral/src/ch32v20x_rtc.o
                                        0x7eb (size before relaxing)
 .debug_str     0x00000000000044a8      0x2f4 ./Peripheral/src/ch32v20x_spi.o
                                        0xa8e (size before relaxing)
 .debug_str     0x000000000000479c      0xaa0 ./Peripheral/src/ch32v20x_tim.o
                                       0x12b8 (size before relaxing)
 .debug_str     0x000000000000523c      0x409 ./Peripheral/src/ch32v20x_usart.o
                                        0xb16 (size before relaxing)
 .debug_str     0x0000000000005645      0x26e ./HWLIB/hw_lib_eeprom.o
                                        0xa3c (size before relaxing)
 .debug_str     0x00000000000058b3      0x28b ./HAL/hal_can.o
                                        0xfc4 (size before relaxing)
 .debug_str     0x0000000000005b3e      0x1be ./HAL/hal_dma.o
                                        0xe05 (size before relaxing)
 .debug_str     0x0000000000005cfc       0xe1 ./HAL/hal_gpio.o
                                        0x98c (size before relaxing)
 .debug_str     0x0000000000005ddd      0x181 ./HAL/hal_i2c.o
                                       0x1163 (size before relaxing)
 .debug_str     0x0000000000005f5e       0x76 ./HAL/hal_rtc.o
                                        0xaac (size before relaxing)
 .debug_str     0x0000000000005fd4       0x3d ./HAL/hal_spi.o
                                        0x80b (size before relaxing)
 .debug_str     0x0000000000006011      0x25a ./HAL/hal_timers.o
                                       0x1197 (size before relaxing)
 .debug_str     0x000000000000626b       0x74 ./HAL/hal_wdt.o
                                        0x6c7 (size before relaxing)
 .debug_str     0x00000000000062df      0x312 ./FreeRTOS/portable/MemMang/heap_4.o
                                        0x8d3 (size before relaxing)
 .debug_str     0x00000000000065f1      0x128 ./FreeRTOS/portable/GCC/RISC-V/port.o
                                        0xb16 (size before relaxing)
 .debug_str     0x0000000000006719       0x2a ./FreeRTOS/portable/GCC/RISC-V/portASM.o
                                         0x55 (size before relaxing)
 .debug_str     0x0000000000006743      0x10f ./FreeRTOS/list.o
                                        0x6dd (size before relaxing)
 .debug_str     0x0000000000006852      0x7bc ./FreeRTOS/queue.o
                                       0x13c4 (size before relaxing)
 .debug_str     0x000000000000700e      0x922 ./FreeRTOS/tasks.o
                                       0x1883 (size before relaxing)
 .debug_str     0x0000000000007930      0x533 ./FreeRTOS/timers.o
                                       0x137f (size before relaxing)
 .debug_str     0x0000000000007e63       0x67 ./Debug/debug.o
                                        0x8fe (size before relaxing)
 .debug_str     0x0000000000007eca       0xe3 ./Core/core_riscv.o
                                        0x29b (size before relaxing)
 .debug_str     0x0000000000007fad      0x73c ./CANopenNode/keypad/OD.o
                                       0x1913 (size before relaxing)
 .debug_str     0x00000000000086e9      0x11a ./CANopenNode/301/CO_ODinterface.o
                                        0xa80 (size before relaxing)

.comment        0x0000000000000000       0x33
 .comment       0x0000000000000000       0x33 ./User/DataModel.o
                                         0x34 (size before relaxing)
 .comment       0x0000000000000033       0x34 ./User/ch32v20x_it.o
 .comment       0x0000000000000033       0x34 ./User/dash_draw.o
 .comment       0x0000000000000033       0x34 ./User/init.o
 .comment       0x0000000000000033       0x34 ./User/led.o
 .comment       0x0000000000000033       0x34 ./User/main.o
 .comment       0x0000000000000033       0x34 ./User/system_ch32v20x.o
 .comment       0x0000000000000033       0x34 ./User/system_init.o
 .comment       0x0000000000000033       0x34 ./Peripheral/src/ch32v20x_adc.o
 .comment       0x0000000000000033       0x34 ./Peripheral/src/ch32v20x_can.o
 .comment       0x0000000000000033       0x34 ./Peripheral/src/ch32v20x_dma.o
 .comment       0x0000000000000033       0x34 ./Peripheral/src/ch32v20x_gpio.o
 .comment       0x0000000000000033       0x34 ./Peripheral/src/ch32v20x_i2c.o
 .comment       0x0000000000000033       0x34 ./Peripheral/src/ch32v20x_misc.o
 .comment       0x0000000000000033       0x34 ./Peripheral/src/ch32v20x_rcc.o
 .comment       0x0000000000000033       0x34 ./Peripheral/src/ch32v20x_rtc.o