Archive member included to satisfy reference by file (symbol)

c:/mounriver/mounriver_studio/toolchain/risc-v embedded gcc/bin/../lib/gcc/riscv-none-embed/8.2.0/rv32imacxw/ilp32\libgcc.a(addsf3.o)
                              ./User/DataModel.o (__addsf3)
c:/mounriver/mounriver_studio/toolchain/risc-v embedded gcc/bin/../lib/gcc/riscv-none-embed/8.2.0/rv32imacxw/ilp32\libgcc.a(divsf3.o)
                              ./User/DataModel.o (__divsf3)
c:/mounriver/mounriver_studio/toolchain/risc-v embedded gcc/bin/../lib/gcc/riscv-none-embed/8.2.0/rv32imacxw/ilp32\libgcc.a(eqsf2.o)
                              ./HWLIB/hw_lib_din.o (__nesf2)
c:/mounriver/mounriver_studio/toolchain/risc-v embedded gcc/bin/../lib/gcc/riscv-none-embed/8.2.0/rv32imacxw/ilp32\libgcc.a(gesf2.o)
                              ./User/inputs.o (__gesf2)
c:/mounriver/mounriver_studio/toolchain/risc-v embedded gcc/bin/../lib/gcc/riscv-none-embed/8.2.0/rv32imacxw/ilp32\libgcc.a(lesf2.o)
                              ./HWLIB/hw_lib_adc.o (__lesf2)
c:/mounriver/mounriver_studio/toolchain/risc-v embedded gcc/bin/../lib/gcc/riscv-none-embed/8.2.0/rv32imacxw/ilp32\libgcc.a(mulsf3.o)
                              ./User/dash_draw.o (__mulsf3)
c:/mounriver/mounriver_studio/toolchain/risc-v embedded gcc/bin/../lib/gcc/riscv-none-embed/8.2.0/rv32imacxw/ilp32\libgcc.a(subsf3.o)
                              ./User/inputs.o (__subsf3)
c:/mounriver/mounriver_studio/toolchain/risc-v embedded gcc/bin/../lib/gcc/riscv-none-embed/8.2.0/rv32imacxw/ilp32\libgcc.a(fixsfsi.o)
                              ./User/dash_draw.o (__fixsfsi)
c:/mounriver/mounriver_studio/toolchain/risc-v embedded gcc/bin/../lib/gcc/riscv-none-embed/8.2.0/rv32imacxw/ilp32\libgcc.a(fixunssfsi.o)
                              ./User/DataModel.o (__fixunssfsi)
c:/mounriver/mounriver_studio/toolchain/risc-v embedded gcc/bin/../lib/gcc/riscv-none-embed/8.2.0/rv32imacxw/ilp32\libgcc.a(floatsisf.o)
                              ./User/DataModel.o (__floatsisf)
c:/mounriver/mounriver_studio/toolchain/risc-v embedded gcc/bin/../lib/gcc/riscv-none-embed/8.2.0/rv32imacxw/ilp32\libgcc.a(floatunsisf.o)
                              ./User/DataModel.o (__floatunsisf)
c:/mounriver/mounriver_studio/toolchain/risc-v embedded gcc/bin/../lib/gcc/riscv-none-embed/8.2.0/rv32imacxw/ilp32\libgcc.a(save-restore.o)
                              ./User/dash_draw.o (__riscv_save_12)
c:/mounriver/mounriver_studio/toolchain/risc-v embedded gcc/bin/../lib/gcc/riscv-none-embed/8.2.0/rv32imacxw/ilp32\libgcc.a(_clzsi2.o)
                              c:/mounriver/mounriver_studio/toolchain/risc-v embedded gcc/bin/../lib/gcc/riscv-none-embed/8.2.0/rv32imacxw/ilp32\libgcc.a(addsf3.o) (__clzsi2)
c:/mounriver/mounriver_studio/toolchain/risc-v embedded gcc/bin/../lib/gcc/riscv-none-embed/8.2.0/rv32imacxw/ilp32\libgcc.a(_clz.o)
                              c:/mounriver/mounriver_studio/toolchain/risc-v embedded gcc/bin/../lib/gcc/riscv-none-embed/8.2.0/rv32imacxw/ilp32\libgcc.a(_clzsi2.o) (__clz_tab)
c:/mounriver/mounriver_studio/toolchain/risc-v embedded gcc/bin/../lib/gcc/riscv-none-embed/8.2.0/../../../../riscv-none-embed/lib/rv32imacxw/ilp32\libg_nano.a(lib_a-calloc.o)
                              ./CANopenNode/CANopen.o (calloc)
c:/mounriver/mounriver_studio/toolchain/risc-v embedded gcc/bin/../lib/gcc/riscv-none-embed/8.2.0/../../../../riscv-none-embed/lib/rv32imacxw/ilp32\libg_nano.a(lib_a-impure.o)
                              c:/mounriver/mounriver_studio/toolchain/risc-v embedded gcc/bin/../lib/gcc/riscv-none-embed/8.2.0/../../../../riscv-none-embed/lib/rv32imacxw/ilp32\libg_nano.a(lib_a-calloc.o) (_impure_ptr)
c:/mounriver/mounriver_studio/toolchain/risc-v embedded gcc/bin/../lib/gcc/riscv-none-embed/8.2.0/../../../../riscv-none-embed/lib/rv32imacxw/ilp32\libg_nano.a(lib_a-malloc.o)
                              ./CANopenNode/CANopen.o (free)
c:/mounriver/mounriver_studio/toolchain/risc-v embedded gcc/bin/../lib/gcc/riscv-none-embed/8.2.0/../../../../riscv-none-embed/lib/rv32imacxw/ilp32\libg_nano.a(lib_a-memcpy.o)
                              ./User/DataModel.o (memcpy)
c:/mounriver/mounriver_studio/toolchain/risc-v embedded gcc/bin/../lib/gcc/riscv-none-embed/8.2.0/../../../../riscv-none-embed/lib/rv32imacxw/ilp32\libg_nano.a(lib_a-memmove.o)
                              ./CANopenNode/301/CO_SDOserver.o (memmove)
c:/mounriver/mounriver_studio/toolchain/risc-v embedded gcc/bin/../lib/gcc/riscv-none-embed/8.2.0/../../../../riscv-none-embed/lib/rv32imacxw/ilp32\libg_nano.a(lib_a-memset.o)
                              ./User/DataModel.o (memset)
c:/mounriver/mounriver_studio/toolchain/risc-v embedded gcc/bin/../lib/gcc/riscv-none-embed/8.2.0/../../../../riscv-none-embed/lib/rv32imacxw/ilp32\libg_nano.a(lib_a-nano-callocr.o)
[...]
Memory Configuration

Name             Origin             Length             Attributes
FLASH            0x0000000000000000 0x0000000000010000 xr
RAM              0x0000000020000000 0x0000000000005000 xrw
*default*        0x0000000000000000 0xffffffffffffffff

Linker script and memory map

LOAD ./User/CanOpenNode.o
LOAD ./User/DataModel.o
LOAD ./User/ch32v20x_it.o
LOAD ./User/dash_draw.o
LOAD ./User/init.o
LOAD ./User/inputs.o
LOAD ./User/led.o
LOAD ./User/main.o
LOAD ./User/process.o
LOAD ./User/system_ch32v20x.o
LOAD ./User/system_init.o
LOAD ./Startup/startup_ch32v20x_D6.o
LOAD ./Peripheral/src/ch32v20x_adc.o
LOAD ./Peripheral/src/ch32v20x_bkp.o
LOAD ./Peripheral/src/ch32v20x_can.o
LOAD ./Peripheral/src/ch32v20x_crc.o
LOAD ./Peripheral/src/ch32v20x_dbgmcu.o
LOAD ./Peripheral/src/ch32v20x_dma.o
LOAD ./Peripheral/src/ch32v20x_exti.o
LOAD ./Peripheral/src/ch32v20x_flash.o
LOAD ./Peripheral/src/ch32v20x_gpio.o
LOAD ./Peripheral/src/ch32v20x_i2c.o
LOAD ./Peripheral/src/ch32v20x_iwdg.o
LOAD ./Peripheral/src/ch32v20x_misc.o
LOAD ./Peripheral/src/ch32v20x_opa.o
LOAD ./Peripheral/src/ch32v20x_pwr.o
LOAD ./Peripheral/src/ch32v20x_rcc.o
LOAD ./Peripheral/src/ch32v20x_rtc.o
LOAD ./Peripheral/src/ch32v20x_spi.o
LOAD ./Peripheral/src/ch32v20x_tim.o
LOAD ./Peripheral/src/ch32v20x_usart.o
LOAD ./Peripheral/src/ch32v20x_wwdg.o
LOAD ./HWLIB/hw_lib_adc.o
LOAD ./HWLIB/hw_lib_din.o
LOAD ./HWLIB/hw_lib_eeprom.o
LOAD ./HWLIB/hw_lib_keyboard.o
LOAD ./HAL/hal_adc.o
LOAD ./HAL/hal_can.o
LOAD ./HAL/hal_dma.o
LOAD ./HAL/hal_gpio.o
LOAD ./HAL/hal_i2c.o
LOAD ./HAL/hal_rtc.o
LOAD ./HAL/hal_spi.o
LOAD ./HAL/hal_timers.o
LOAD ./HAL/hal_wdt.o
LOAD ./FreeRTOS/portable/MemMang/heap_4.o
LOAD ./FreeRTOS/portable/GCC/RISC-V/port.o
LOAD ./FreeRTOS/portable/GCC/RISC-V/portASM.o
LOAD ./FreeRTOS/croutine.o
LOAD ./FreeRTOS/event_groups.o
LOAD ./FreeRTOS/list.o
LOAD ./FreeRTOS/queue.o
LOAD ./FreeRTOS/stream_buffer.o
LOAD ./FreeRTOS/tasks.o
LOAD ./FreeRTOS/timers.o
LOAD ./Drivers/filters.o
LOAD ./Debug/debug.o
LOAD ./Core/core_riscv.o
LOAD ./CANopenNode/keypad/CO_driver_ST32F103.o
LOAD ./CANopenNode/keypad/OD.o
LOAD ./CANopenNode/extra/CO_trace.o
LOAD ./CANopenNode/309/CO_gateway_ascii.o
LOAD ./CANopenNode/305/CO_LSSmaster.o
LOAD ./CANopenNode/305/CO_LSSslave.o
LOAD ./CANopenNode/304/CO_GFC.o
LOAD ./CANopenNode/304/CO_SRDO.o
LOAD ./CANopenNode/303/CO_LEDs.o
LOAD ./CANopenNode/301/CO_Emergency.o
LOAD ./CANopenNode/301/CO_HBconsumer.o
LOAD ./CANopenNode/301/CO_NMT_Heartbeat.o
LOAD ./CANopenNode/301/CO_Node_Guarding.o
LOAD ./CANopenNode/301/CO_ODinterface.o
LOAD ./CANopenNode/301/CO_PDO.o
LOAD ./CANopenNode/301/CO_SDOclient.o
LOAD ./CANopenNode/301/CO_SDOserver.o
LOAD ./CANopenNode/301/CO_SYNC.o
LOAD ./CANopenNode/301/CO_TIME.o
LOAD ./CANopenNode/301/CO_fifo.o
LOAD ./CANopenNode/301/crc16-ccitt.o
LOAD ./CANopenNode/CANopen.o
LOAD c:/mounriver/mounriver_studio/toolchain/risc-v embedded gcc/bin/../lib/gcc/riscv-none-embed/8.2.0/../../../../riscv-none-embed/lib/rv32imacxw/ilp32\libm.a
LOAD c:/mounriver/mounriver_studio/toolchain/risc-v embedded gcc/bin/../lib/gcc/riscv-none-embed/8.2.0/rv32imacxw/ilp32\libgcc.a
LOAD c:/mounriver/mounriver_studio/toolchain/risc-v embedded gcc/bin/../lib/gcc/riscv-none-embed/8.2.0/../../../../riscv-none-embed/lib/rv32imacxw/ilp32\libg_nano.a
LOAD c:/mounriver/mounriver_studio/toolchain/risc-v embedded gcc/bin/../lib/gcc/riscv-none-embed/8.2.0/../../../../riscv-none-embed/lib/rv32imacxw/ilp32\libc_nano.a
LOAD c:/mounriver/mounriver_studio/toolchain/risc-v embedded gcc/bin/../lib/gcc/riscv-none-embed/8.2.0/rv32imacxw/ilp32\libgcc.a
START GROUP
LOAD c:/mounriver/mounriver_studio/toolchain/risc-v embedded gcc/bin/../lib/gcc/riscv-none-embed/8.2.0/rv32imacxw/ilp32\libgcc.a
LOAD c:/mounriver/mounriver_studio/toolchain/risc-v embedded gcc/bin/../lib/gcc/riscv-none-embed/8.2.0/../../../../riscv-none-embed/lib/rv32imacxw/ilp32\libc_nano.a
LOAD c:/mounriver/mounriver_studio/toolchain/risc-v embedded gcc/bin/../lib/gcc/riscv-none-embed/8.2.0/../../../../riscv-none-embed/lib/rv32imacxw/ilp32\libnosys.a
END GROUP
START GROUP
LOAD c:/mounriver/mounriver_studio/toolchain/risc-v embedded gcc/bin/../lib/gcc/riscv-none-embed/8.2.0/rv32imacxw/ilp32\libgcc.a
LOAD c:/mounriver/mounriver_studio/toolchain/risc-v embedded gcc/bin/../lib/gcc/riscv-none-embed/8.2.0/../../../../riscv-none-embed/lib/rv32imacxw/ilp32\libc_nano.a
LOAD c:/mounriver/mounriver_studio/toolchain/risc-v embedded gcc/bin/../lib/gcc/riscv-none-embed/8.2.0/../../../../riscv-none-embed/lib/rv32imacxw/ilp32\libnosys.a
END GROUP
                0x0000000000000be8                __stack_size = 0xbe8
                [!provide]                        PROVIDE (_stack_size = __stack_size)

.init           0x0000000000000000       0x38
                0x0000000000000000                _sinit = .
                0x0000000000000000                . = ALIGN (0x4)
 *(SORT_NONE(.init))
 .init          0x0000000000000000       0x38 ./Startup/startup_ch32v20x_D6.o
                0x0000000000000000                _start
                0x0000000000000038                . = ALIGN (0x4)
                0x0000000000000038                _einit = .

.vector         0x0000000000000038      0x108
 *(.vector)
 .vector        0x0000000000000038       0xfc ./Startup/startup_ch32v20x_D6.o
                0x0000000000000140                . = ALIGN (0x40)
 *fill*         0x0000000000000134        0xc 

.text           0x0000000000000200     0xf41c
                0x0000000000000200                . = ALIGN (0x4)
 *(.text)
 .text          0x0000000000000200      0x2ee ./FreeRTOS/portable/GCC/RISC-V/portASM.o
                0x0000000000000200                SW_Handler
                0x0000000000000300                xPortStartFirstTask
                0x0000000000000400                pxPortInitialiseStack
 .text          0x00000000000004ee       0x60 c:/mounriver/mounriver_studio/toolchain/risc-v embedded gcc/bin/../lib/gcc/riscv-none-embed/8.2.0/rv32imacxw/ilp32\libgcc.a(save-restore.o)
                0x00000000000004ee                __riscv_save_12
                0x00000000000004f6                __riscv_save_9
                0x00000000000004f6                __riscv_save_11
                0x00000000000004f6                __riscv_save_10
                0x00000000000004f6                __riscv_save_8
                0x0000000000000504                __riscv_save_4
                0x0000000000000504                __riscv_save_6
                0x0000000000000504                __riscv_save_5
                0x0000000000000504                __riscv_save_7
                0x000000000000051e                __riscv_save_3
                0x000000000000051e                __riscv_save_2
                0x000000000000051e                __riscv_save_1
                0x000000000000051e                __riscv_save_0
                0x000000000000052a                __riscv_restore_12
                0x000000000000052e                __riscv_restore_11
                0x000000000000052e                __riscv_restore_9
                0x000000000000052e                __riscv_restore_10
                0x000000000000052e                __riscv_restore_8
                0x0000000000000538                __riscv_restore_5
                0x0000000000000538                __riscv_restore_7
                0x0000000000000538                __riscv_restore_6
                0x0000000000000538                __riscv_restore_4
                0x0000000000000542                __riscv_restore_3
                0x0000000000000542                __riscv_restore_0
                0x0000000000000542                __riscv_restore_2
                0x0000000000000542                __riscv_restore_1
 .text          0x000000000000054e       0xa8 c:/mounriver/mounriver_studio/toolchain/risc-v embedded gcc/bin/../lib/gcc/riscv-none-embed/8.2.0/../../../../riscv-none-embed/lib/rv32imacxw/ilp32\libg_nano.a(lib_a-memset.o)
                0x000000000000054e                memset
 *(.text.*)
 .text.xCanOpenProcessTaskHandle
                0x00000000000005f6        0xa ./User/CanOpenNode.o
                0x00000000000005f6                xCanOpenProcessTaskHandle
 .text.xCanOpenPeriodicTaskHandle
                0x0000000000000600        0xa ./User/CanOpenNode.o
                0x0000000000000600                xCanOpenPeriodicTaskHandle
 .text.vCanOpenInit
                0x000000000000060a        0xa ./User/CanOpenNode.o
                0x000000000000060a                vCanOpenInit
 .text.vCanOpenProcess
                0x0000000000000614      0x192 ./User/CanOpenNode.o
                0x0000000000000614                vCanOpenProcess
 .text.vCanOpenPeriodicProcess
                0x00000000000007a6       0x82 ./User/CanOpenNode.o
                0x00000000000007a6                vCanOpenPeriodicProcess
 .text.xDataRegQueue
                0x0000000000000828        0xa ./User/DataModel.o
                0x0000000000000828                xDataRegQueue
 .text.vDataModelRegDelayWrite
                0x0000000000000832       0x34 ./User/DataModel.o
                0x0000000000000832                vDataModelRegDelayWrite
 .text.setReg32
                0x0000000000000866       0x1a ./User/DataModel.o
                0x0000000000000866                setReg32
 .text.setReg16
                0x0000000000000880        0xe ./User/DataModel.o
                0x0000000000000880                setReg16
 .text.setReg8  0x000000000000088e        0xa ./User/DataModel.o
                0x000000000000088e                setReg8
 .text.SaveReg16
                0x0000000000000898       0x14 ./User/DataModel.o
                0x0000000000000898                SaveReg16
 .text.getReg16
                0x00000000000008ac       0x10 ./User/DataModel.o
                0x00000000000008ac                getReg16
 .text.DataModel_Init
                0x00000000000008bc      0x434 ./User/DataModel.o
                0x00000000000008bc                DataModel_Init
 .text.getReg32
                0x0000000000000cf0       0x1c ./User/DataModel.o
                0x0000000000000cf0                getReg32
 .text.getReg8  0x0000000000000d0c        0xa ./User/DataModel.o
                0x0000000000000d0c                getReg8
 .text.WriteRegAfterDelay
                0x0000000000000d16       0x60 ./User/DataModel.o
                0x0000000000000d16                WriteRegAfterDelay
 .text.WriteReg
                0x0000000000000d76       0x56 ./User/DataModel.o
                0x0000000000000d76                WriteReg
 .text.vGetBitrate
                0x0000000000000dcc       0x2a ./User/DataModel.o
                0x0000000000000dcc                vGetBitrate
 .text.vFDGetNMTState
                0x0000000000000df6        0x6 ./User/DataModel.o
                0x0000000000000df6                vFDGetNMTState
 .text.vGetNodeId
                0x0000000000000dfc        0x6 ./User/DataModel.o
                0x0000000000000dfc                vGetNodeId
 .text.vIncrementSystemCounters
                0x0000000000000e02       0x68 ./User/DataModel.o
                0x0000000000000e02                vIncrementSystemCounters
 .text.vSaveData
                0x0000000000000e6a       0x2c ./User/DataModel.o
                0x0000000000000e6a                vSaveData
 .text.getOdometr
                0x0000000000000e96       0x12 ./User/DataModel.o
                0x0000000000000e96                getOdometr
 .text.NMI_Handler
                0x0000000000000ea8        0x2 ./User/ch32v20x_it.o
                0x0000000000000ea8                NMI_Handler
 .text.HardFault_Handler
                0x0000000000000eaa        0x2 ./User/ch32v20x_it.o
                0x0000000000000eaa                HardFault_Handler
 .text.SegPrint.constprop.5
                0x0000000000000eac       0x56 ./User/dash_draw.o
 .text.xProcessTaskHandle
                0x0000000000000f02        0xa ./User/dash_draw.o
                0x0000000000000f02                xProcessTaskHandle
 .text.vSetErrorReg
                0x0000000000000f0c        0xa ./User/dash_draw.o
                0x0000000000000f0c                vSetErrorReg
 .text.getODValue
                0x0000000000000f16      0x126 ./User/dash_draw.o
                0x0000000000000f16                getODValue
 .text.IncMenuIndex
                0x000000000000103c       0x80 ./User/dash_draw.o
                0x000000000000103c                IncMenuIndex
 .text.GoToHome
                0x00000000000010bc       0x12 ./User/dash_draw.o
                0x00000000000010bc                GoToHome
 .text.SetCurMenuHome
                0x00000000000010ce       0x1e ./User/dash_draw.o
                0x00000000000010ce                SetCurMenuHome
 .text.GetCurMenuHome
                0x00000000000010ec        0x6 ./User/dash_draw.o
                0x00000000000010ec                GetCurMenuHome
 .text.SetCurrentMenu
                0x00000000000010f2       0x12 ./User/dash_draw.o
                0x00000000000010f2                SetCurrentMenu
 .text.SetDefault
                0x0000000000001104       0x28 ./User/dash_draw.o
                0x0000000000001104                SetDefault
 .text.MenuBackHomeCheck
                0x000000000000112c       0x38 ./User/dash_draw.o
                0x000000000000112c                MenuBackHomeCheck
 .text.CheckMenuChannel
                0x0000000000001164       0x20 ./User/dash_draw.o
                0x0000000000001164                CheckMenuChannel
 .text.vDashDrawInit
                0x0000000000001184       0x78 ./User/dash_draw.o
                0x0000000000001184                vDashDrawInit
 .text.SetErrorRegiter
                0x00000000000011fc       0x5e ./User/dash_draw.o
                0x00000000000011fc                SetErrorRegiter
 .text.uGetCurrMenu
                0x000000000000125a       0x26 ./User/dash_draw.o
                0x000000000000125a                uGetCurrMenu
 .text.vRGBOff  0x0000000000001280       0x26 ./User/dash_draw.o
                0x0000000000001280                vRGBOff
 .text.vGetEdgeData
                0x00000000000012a6       0x2a ./User/dash_draw.o
                0x00000000000012a6                vGetEdgeData
 .text.vRGBMode
                0x00000000000012d0       0xd0 ./User/dash_draw.o
                0x00000000000012d0                vRGBMode
 .text.vBarColorMode
                0x00000000000013a0       0xc2 ./User/dash_draw.o
                0x00000000000013a0                vBarColorMode
 .text.vBarWindowMode
                0x0000000000001462       0x5a ./User/dash_draw.o
                0x0000000000001462                vBarWindowMode
 .text.vBarMode
                0x00000000000014bc       0x66 ./User/dash_draw.o
                0x00000000000014bc                vBarMode
 .text.RedrawNotifyTaskToInit
                0x0000000000001522       0x28 ./User/dash_draw.o
                0x0000000000001522                RedrawNotifyTaskToInit
 .text.vRedrawTask
                0x000000000000154a      0x5e2 ./User/dash_draw.o
                0x000000000000154a                vRedrawTask
 .text.vInit_DeviceConfig
                0x0000000000001b2c      0x166 ./User/init.o
                0x0000000000001b2c                vInit_DeviceConfig
 .text.ADC1_Event
                0x0000000000001c92       0x48 ./User/inputs.o
                0x0000000000001c92                ADC1_Event
 .text.CaptureDMACallBack
                0x0000000000001cda       0x30 ./User/inputs.o
                0x0000000000001cda                CaptureDMACallBack
 .text.CaptureDMACallBack_1
                0x0000000000001d0a       0x30 ./User/inputs.o
                0x0000000000001d0a                CaptureDMACallBack_1
 .text.fDinStateCallback
                0x0000000000001d3a       0x32 ./User/inputs.o
                0x0000000000001d3a                fDinStateCallback
 .text.vSetDoutState
                0x0000000000001d6c       0x28 ./User/inputs.o
                0x0000000000001d6c                vSetDoutState
 .text.getInputsTaskHandle
                0x0000000000001d94        0xa ./User/inputs.o
                0x0000000000001d94                getInputsTaskHandle
 .text.InputsNotifyTaskToInit
                0x0000000000001d9e       0x28 ./User/inputs.o
                0x0000000000001d9e                InputsNotifyTaskToInit
 .text.ADC1_Init
                0x0000000000001dc6       0x54 ./User/inputs.o
                0x0000000000001dc6                ADC1_Init
 .text.ADC_FSM  0x0000000000001e1a       0xfe ./User/inputs.o
                0x0000000000001e1a                ADC_FSM
 .text.GetAIN   0x0000000000001f18        0xc ./User/inputs.o
                0x0000000000001f18                GetAIN
 .text.vInputsTask
                0x0000000000001f24      0x2a6 ./User/inputs.o
                0x0000000000001f24                vInputsTask
 .text.SPI1_DMA_Callback
                0x00000000000021ca       0x38 ./User/led.o
                0x00000000000021ca                SPI1_DMA_Callback
 .text.SPI2_DMA_Callback
                0x0000000000002202       0x3e ./User/led.o
                0x0000000000002202                SPI2_DMA_Callback
 .text.SetBarState
                0x0000000000002240       0x50 ./User/led.o
                0x0000000000002240                SetBarState
 .text.SetRGB   0x0000000000002290       0xa2 ./User/led.o
                0x0000000000002290                SetRGB
 .text.SetSegDirect
                0x0000000000002332       0x9c ./User/led.o
                0x0000000000002332                SetSegDirect
 .text.SetSegPoint
                0x00000000000023ce       0x22 ./User/led.o
                0x00000000000023ce                SetSegPoint
 .text.SetSEG   0x00000000000023f0      0x11e ./User/led.o
                0x00000000000023f0                SetSEG
 .text.SetBigSeg
                0x000000000000250e       0x14 ./User/led.o
                0x000000000000250e                SetBigSeg
 .text.vSetBrigth
                0x0000000000002522       0x2a ./User/led.o
                0x0000000000002522                vSetBrigth
 .text.vLedDriverStart
                0x000000000000254c       0x62 ./User/led.o
                0x000000000000254c                vLedDriverStart
 .text.vLedProcess
                0x00000000000025ae       0x24 ./User/led.o
                0x00000000000025ae                vLedProcess
 .text.vRGBProcess
                0x00000000000025d2      0x106 ./User/led.o
                0x00000000000025d2                vRGBProcess
 .text.startup.main
                0x00000000000026d8       0x20 ./User/main.o
                0x00000000000026d8                main
 .text.vRestartNode
                0x00000000000026f8        0x2 ./User/main.o
                0x00000000000026f8                vRestartNode
 .text.Error_Handler
                0x00000000000026fa        0x8 ./User/main.o
                0x00000000000026fa                Error_Handler
 .text.OD_writeRGBMAP
                0x0000000000002702       0x30 ./User/process.o
 .text.OD_readMenuMap
                0x0000000000002732       0x24 ./User/process.o
 .text.OD_readRGBMAP
                0x0000000000002756       0x22 ./User/process.o
 .text.OD_readBar
                0x0000000000002778       0x22 ./User/process.o
 .text.OD_readDIN
                0x000000000000279a       0x1c ./User/process.o
 .text.OD_writeMenuSetup
                0x00000000000027b6       0x46 ./User/process.o
 .text.OD_writeBoardSettings
                0x00000000000027fc       0x7e ./User/process.o
 .text.CO_getUint16
                0x000000000000287a       0x10 ./User/process.o
 .text.OD_writeSEG
                0x000000000000288a       0x40 ./User/process.o
 .text.OD_writeBAR
                0x00000000000028ca       0x30 ./User/process.o
 .text.OD_writeRPMConfig
                0x00000000000028fa       0x36 ./User/process.o
 .text.CO_getUint32
                0x0000000000002930       0x18 ./User/process.o
 .text.OD_writeMenuMap
                0x0000000000002948       0x30 ./User/process.o
 .text.OD_writeV1_14
                0x0000000000002978       0x56 ./User/process.o
 .text.OD_writeDashParam
                0x00000000000029ce       0x44 ./User/process.o
 .text.WriteRGB.isra.2
                0x0000000000002a12       0x3a ./User/process.o
 .text.OD_writeRGB1
                0x0000000000002a4c       0x14 ./User/process.o
 .text.OD_writeRGB2
                0x0000000000002a60       0x16 ./User/process.o
 .text.OD_writeRGB3
                0x0000000000002a76       0x16 ./User/process.o
 .text.OD_writeRGB4
                0x0000000000002a8c       0x16 ./User/process.o
 .text.OD_writeRGB5
                0x0000000000002aa2       0x16 ./User/process.o
 .text.OD_writeRGB6
                0x0000000000002ab8       0x16 ./User/process.o
 .text.OD_writeRGB7
                0x0000000000002ace       0x16 ./User/process.o
 .text.OD_writeRGB8
                0x0000000000002ae4       0x16 ./User/process.o
 .text.OD_writeRGB9
                0x0000000000002afa       0x16 ./User/process.o
 .text.OD_writeRGB10
                0x0000000000002b10       0x16 ./User/process.o
 .text.OD_writeRGB11
                0x0000000000002b26       0x16 ./User/process.o
 .text.OD_writeRGB12
                0x0000000000002b3c       0x16 ./User/process.o
 .text.OD_writeRGB13
                0x0000000000002b52       0x16 ./User/process.o
 .text.OD_readBoardSettings
                0x0000000000002b68       0x32 ./User/process.o
 .text.OD_readSEG
                0x0000000000002b9a       0x2a ./User/process.o
 .text.OD_readRGB.isra.5
                0x0000000000002bc4       0x20 ./User/process.o
 .text.OD_readRGB1
                0x0000000000002be4       0x10 ./User/process.o
 .text.OD_readRGB2
                0x0000000000002bf4       0x12 ./User/process.o
 .text.OD_readRGB3
                0x0000000000002c06       0x12 ./User/process.o
 .text.OD_readRGB4
                0x0000000000002c18       0x12 ./User/process.o
 .text.OD_readRGB5
                0x0000000000002c2a       0x12 ./User/process.o
 .text.OD_readRGB6
                0x0000000000002c3c       0x12 ./User/process.o
 .text.OD_readRGB7
                0x0000000000002c4e       0x12 ./User/process.o
 .text.OD_readRGB8
                0x0000000000002c60       0x12 ./User/process.o
 .text.OD_readRGB9
                0x0000000000002c72       0x12 ./User/process.o
 .text.OD_readRGB10
                0x0000000000002c84       0x12 ./User/process.o
 .text.OD_readRGB11
                0x0000000000002c96       0x12 ./User/process.o
 .text.OD_readRGB12
                0x0000000000002ca8       0x12 ./User/process.o
 .text.OD_readRGB13
                0x0000000000002cba       0x12 ./User/process.o
 .text.readADC.isra.6
                0x0000000000002ccc       0x84 ./User/process.o
 .text.OD_readADC1
                0x0000000000002d50       0x10 ./User/process.o
 .text.OD_readADC2
                0x0000000000002d60       0x10 ./User/process.o
 .text.OD_readADC3
                0x0000000000002d70       0x10 ./User/process.o
 .text.OD_readMenuSetup
                0x0000000000002d80       0x30 ./User/process.o
 .text.writeADC.isra.9
                0x0000000000002db0       0xde ./User/process.o
 .text.OD_writeADC1
                0x0000000000002e8e       0x10 ./User/process.o
 .text.OD_writeADC2
                0x0000000000002e9e       0x10 ./User/process.o
 .text.OD_writeADC3
                0x0000000000002eae       0x10 ./User/process.o
 .text.OD_readAIN_RPM
                0x0000000000002ebe       0x26 ./User/process.o
 .text.OD_readRPMConfig
                0x0000000000002ee4       0x2a ./User/process.o
 .text.OD_readDashParam
                0x0000000000002f0e       0x4c ./User/process.o
 .text.vProceesInit
                0x0000000000002f5a      0x1ba ./User/process.o
                0x0000000000002f5a                vProceesInit
 .text.SystemInit
                0x0000000000003114       0xee ./User/system_ch32v20x.o
                0x0000000000003114                SystemInit
 .text.SystemCoreClockUpdate
                0x0000000000003202       0x92 ./User/system_ch32v20x.o
                0x0000000000003202                SystemCoreClockUpdate
 .text.StartDefaultTask
                0x0000000000003294       0x86 ./User/system_init.o
 .text.vApplicationGetIdleTaskMemory
                0x000000000000331a       0x1c ./User/system_init.o
                0x000000000000331a                vApplicationGetIdleTaskMemory
 .text.vApplicationGetTimerTaskMemory
                0x0000000000003336       0x1c ./User/system_init.o
                0x0000000000003336                vApplicationGetTimerTaskMemory
 .text.vSYStaskInit
                0x0000000000003352      0x110 ./User/system_init.o
                0x0000000000003352                vSYStaskInit
 .text.vSYSqueueInit
                0x0000000000003462       0x2a ./User/system_init.o
                0x0000000000003462                vSYSqueueInit
 .text.vector_handler
                0x000000000000348c       0x6c ./Startup/startup_ch32v20x_D6.o
                0x0000000000003490                Ecall_M_Mode_Handler
                0x0000000000003492                Ecall_U_Mode_Handler
                0x0000000000003494                Break_Point_Handler
                0x000000000000349a                WWDG_IRQHandler
                0x000000000000349c                PVD_IRQHandler
                0x000000000000349e                TAMPER_IRQHandler
                0x00000000000034a2                FLASH_IRQHandler
                0x00000000000034a4                RCC_IRQHandler
                0x00000000000034a6                EXTI0_IRQHandler
                0x00000000000034a8                EXTI1_IRQHandler
                0x00000000000034aa                EXTI2_IRQHandler
                0x00000000000034ac                EXTI3_IRQHandler
                0x00000000000034ae                EXTI4_IRQHandler
                0x00000000000034b2                DMA1_Channel2_IRQHandler
                0x00000000000034ba                DMA1_Channel6_IRQHandler
                0x00000000000034c8                EXTI9_5_IRQHandler
                0x00000000000034ca                TIM1_BRK_IRQHandler
                0x00000000000034ce                TIM1_TRG_COM_IRQHandler
                0x00000000000034e0                SPI1_IRQHandler
                0x00000000000034e2                SPI2_IRQHandler
                0x00000000000034e4                USART1_IRQHandler
                0x00000000000034e6                USART2_IRQHandler
                0x00000000000034e8                USART3_IRQHandler
                0x00000000000034ea                EXTI15_10_IRQHandler
                0x00000000000034ec                RTCAlarm_IRQHandler
                0x00000000000034ee                USBWakeUp_IRQHandler
                0x00000000000034f0                USBHD_IRQHandler
                0x00000000000034f2                USBHDWakeUp_IRQHandler
                0x00000000000034f4                UART4_IRQHandler
                0x00000000000034f6                DMA1_Channel8_IRQHandler
 .text.handle_reset
                0x00000000000034f8       0x92 ./Startup/startup_ch32v20x_D6.o
                0x00000000000034f8                handle_reset
 .text.ADC_DeInit
                0x000000000000358a       0x46 ./Peripheral/src/ch32v20x_adc.o
                0x000000000000358a                ADC_DeInit
 .text.ADC_Init
                0x00000000000035d0       0x56 ./Peripheral/src/ch32v20x_adc.o
                0x00000000000035d0                ADC_Init
 .text.ADC_Cmd  0x0000000000003626       0x10 ./Peripheral/src/ch32v20x_adc.o
                0x0000000000003626                ADC_Cmd
 .text.ADC_DMACmd
                0x0000000000003636       0x12 ./Peripheral/src/ch32v20x_adc.o
                0x0000000000003636                ADC_DMACmd
 .text.ADC_ResetCalibration
                0x0000000000003648        0xa ./Peripheral/src/ch32v20x_adc.o
                0x0000000000003648                ADC_ResetCalibration
 .text.ADC_GetResetCalibrationStatus
                0x0000000000003652        0x8 ./Peripheral/src/ch32v20x_adc.o
                0x0000000000003652                ADC_GetResetCalibrationStatus
 .text.ADC_StartCalibration
                0x000000000000365a        0xa ./Peripheral/src/ch32v20x_adc.o
                0x000000000000365a                ADC_StartCalibration
 .text.ADC_GetCalibrationStatus
                0x0000000000003664        0x8 ./Peripheral/src/ch32v20x_adc.o
                0x0000000000003664                ADC_GetCalibrationStatus
 .text.ADC_SoftwareStartConvCmd
                0x000000000000366c       0x18 ./Peripheral/src/ch32v20x_adc.o
                0x000000000000366c                ADC_SoftwareStartConvCmd
 .text.ADC_RegularChannelConfig
                0x0000000000003684       0xb8 ./Peripheral/src/ch32v20x_adc.o
                0x0000000000003684                ADC_RegularChannelConfig
 .text.ADC_ExternalTrigConvCmd
                0x000000000000373c       0x18 ./Peripheral/src/ch32v20x_adc.o
                0x000000000000373c                ADC_ExternalTrigConvCmd
 .text.ADC_GetITStatus
                0x0000000000003754       0x1c ./Peripheral/src/ch32v20x_adc.o
                0x0000000000003754                ADC_GetITStatus
 .text.ADC_ClearITPendingBit
                0x0000000000003770        0xa ./Peripheral/src/ch32v20x_adc.o
                0x0000000000003770                ADC_ClearITPendingBit
 .text.ADC_BufferCmd
                0x000000000000377a       0x18 ./Peripheral/src/ch32v20x_adc.o
                0x000000000000377a                ADC_BufferCmd
 .text.Get_CalibrationValue
                0x0000000000003792      0x1fe ./Peripheral/src/ch32v20x_adc.o
                0x0000000000003792                Get_CalibrationValue
 .text.BKP_DeInit
                0x0000000000003990       0x14 ./Peripheral/src/ch32v20x_bkp.o
                0x0000000000003990                BKP_DeInit
 .text.CAN_Init
                0x00000000000039a4       0xe8 ./Peripheral/src/ch32v20x_can.o
                0x00000000000039a4                CAN_Init
 .text.CAN_FilterInit
                0x0000000000003a8c      0x118 ./Peripheral/src/ch32v20x_can.o
                0x0000000000003a8c                CAN_FilterInit
 .text.CAN_Transmit
                0x0000000000003ba4       0xbc ./Peripheral/src/ch32v20x_can.o
                0x0000000000003ba4                CAN_Transmit
 .text.CAN_Receive
                0x0000000000003c60       0x8c ./Peripheral/src/ch32v20x_can.o
                0x0000000000003c60                CAN_Receive
 .text.CAN_OperatingModeRequest
                0x0000000000003cec       0x72 ./Peripheral/src/ch32v20x_can.o
                0x0000000000003cec                CAN_OperatingModeRequest
 .text.CAN_ITConfig
                0x0000000000003d5e       0x12 ./Peripheral/src/ch32v20x_can.o
                0x0000000000003d5e                CAN_ITConfig
 .text.CAN_GetFlagStatus
                0x0000000000003d70       0x56 ./Peripheral/src/ch32v20x_can.o
                0x0000000000003d70                CAN_GetFlagStatus
 .text.CAN_ClearFlag
                0x0000000000003dc6       0x40 ./Peripheral/src/ch32v20x_can.o
                0x0000000000003dc6                CAN_ClearFlag
 .text.CAN_ClearITPendingBit
                0x0000000000003e06       0x94 ./Peripheral/src/ch32v20x_can.o
                0x0000000000003e06                CAN_ClearITPendingBit
 .text.DMA_Init
                0x0000000000003e9a       0x38 ./Peripheral/src/ch32v20x_dma.o
                0x0000000000003e9a                DMA_Init
 .text.DMA_Cmd  0x0000000000003ed2       0x14 ./Peripheral/src/ch32v20x_dma.o
                0x0000000000003ed2                DMA_Cmd
 .text.DMA_ITConfig
                0x0000000000003ee6       0x12 ./Peripheral/src/ch32v20x_dma.o
                0x0000000000003ee6                DMA_ITConfig
 .text.DMA_SetCurrDataCounter
                0x0000000000003ef8        0x4 ./Peripheral/src/ch32v20x_dma.o
                0x0000000000003ef8                DMA_SetCurrDataCounter
 .text.DMA_GetFlagStatus
                0x0000000000003efc        0xe ./Peripheral/src/ch32v20x_dma.o
                0x0000000000003efc                DMA_GetFlagStatus
 .text.DMA_GetITStatus
                0x0000000000003f0a        0xc ./Peripheral/src/ch32v20x_dma.o
                0x0000000000003f0a                DMA_GetITStatus
 .text.DMA_ClearITPendingBit
                0x0000000000003f16        0x8 ./Peripheral/src/ch32v20x_dma.o
                0x0000000000003f16                DMA_ClearITPendingBit
 .text.GPIO_Init
                0x0000000000003f1e       0xfa ./Peripheral/src/ch32v20x_gpio.o
                0x0000000000003f1e                GPIO_Init
 .text.GPIO_ReadInputDataBit
                0x0000000000004018       0x1e ./Peripheral/src/ch32v20x_gpio.o
                0x0000000000004018                GPIO_ReadInputDataBit
 .text.GPIO_SetBits
                0x0000000000004036       0x18 ./Peripheral/src/ch32v20x_gpio.o
                0x0000000000004036                GPIO_SetBits
 .text.GPIO_ResetBits
                0x000000000000404e       0x18 ./Peripheral/src/ch32v20x_gpio.o
                0x000000000000404e                GPIO_ResetBits
 .text.GPIO_PinRemapConfig
                0x0000000000004066       0xf2 ./Peripheral/src/ch32v20x_gpio.o
                0x0000000000004066                GPIO_PinRemapConfig
 .text.I2C_DeInit
                0x0000000000004158       0x32 ./Peripheral/src/ch32v20x_i2c.o
                0x0000000000004158                I2C_DeInit
 .text.I2C_Init
                0x000000000000418a       0xf2 ./Peripheral/src/ch32v20x_i2c.o
                0x000000000000418a                I2C_Init
 .text.I2C_Cmd  0x000000000000427c       0x18 ./Peripheral/src/ch32v20x_i2c.o
                0x000000000000427c                I2C_Cmd
 .text.I2C_GenerateSTART
                0x0000000000004294       0x1a ./Peripheral/src/ch32v20x_i2c.o
                0x0000000000004294                I2C_GenerateSTART
 .text.I2C_GenerateSTOP
                0x00000000000042ae       0x1a ./Peripheral/src/ch32v20x_i2c.o
                0x00000000000042ae                I2C_GenerateSTOP
 .text.I2C_AcknowledgeConfig
                0x00000000000042c8       0x1a ./Peripheral/src/ch32v20x_i2c.o
                0x00000000000042c8                I2C_AcknowledgeConfig
 .text.I2C_DualAddressCmd
                0x00000000000042e2       0x18 ./Peripheral/src/ch32v20x_i2c.o
                0x00000000000042e2                I2C_DualAddressCmd
 .text.I2C_ITConfig
                0x00000000000042fa       0x12 ./Peripheral/src/ch32v20x_i2c.o
                0x00000000000042fa                I2C_ITConfig
 .text.I2C_SendData
                0x000000000000430c        0x4 ./Peripheral/src/ch32v20x_i2c.o
                0x000000000000430c                I2C_SendData
 .text.I2C_ReceiveData
                0x0000000000004310        0x8 ./Peripheral/src/ch32v20x_i2c.o
                0x0000000000004310                I2C_ReceiveData
 .text.I2C_Send7bitAddress
                0x0000000000004318       0x12 ./Peripheral/src/ch32v20x_i2c.o
                0x0000000000004318                I2C_Send7bitAddress
 .text.I2C_ReadRegister
                0x000000000000432a       0x14 ./Peripheral/src/ch32v20x_i2c.o
                0x000000000000432a                I2C_ReadRegister
 .text.I2C_GetFlagStatus
                0x000000000000433e       0x32 ./Peripheral/src/ch32v20x_i2c.o
                0x000000000000433e                I2C_GetFlagStatus
 .text.I2C_ClearFlag
                0x0000000000004370        0xc ./Peripheral/src/ch32v20x_i2c.o
                0x0000000000004370                I2C_ClearFlag
 .text.IWDG_ReloadCounter
                0x000000000000437c        0xe ./Peripheral/src/ch32v20x_iwdg.o
                0x000000000000437c                IWDG_ReloadCounter
 .text.NVIC_PriorityGroupConfig
                0x000000000000438a        0xa ./Peripheral/src/ch32v20x_misc.o
                0x000000000000438a                NVIC_PriorityGroupConfig
 .text.NVIC_Init
                0x0000000000004394       0xaa ./Peripheral/src/ch32v20x_misc.o
                0x0000000000004394                NVIC_Init
 .text.PWR_BackupAccessCmd
                0x000000000000443e       0x16 ./Peripheral/src/ch32v20x_pwr.o
                0x000000000000443e                PWR_BackupAccessCmd
 .text.RCC_ADCCLKConfig
                0x0000000000004454       0x12 ./Peripheral/src/ch32v20x_rcc.o
                0x0000000000004454                RCC_ADCCLKConfig
 .text.RCC_LSEConfig
                0x0000000000004466       0x28 ./Peripheral/src/ch32v20x_rcc.o
                0x0000000000004466                RCC_LSEConfig
 .text.RCC_RTCCLKConfig
                0x000000000000448e        0xc ./Peripheral/src/ch32v20x_rcc.o
                0x000000000000448e                RCC_RTCCLKConfig
 .text.RCC_RTCCLKCmd
                0x000000000000449a       0x20 ./Peripheral/src/ch32v20x_rcc.o
                0x000000000000449a                RCC_RTCCLKCmd
 .text.RCC_GetClocksFreq
                0x00000000000044ba       0xbe ./Peripheral/src/ch32v20x_rcc.o
                0x00000000000044ba                RCC_GetClocksFreq
 .text.RCC_AHBPeriphClockCmd
                0x0000000000004578       0x1e ./Peripheral/src/ch32v20x_rcc.o
                0x0000000000004578                RCC_AHBPeriphClockCmd
 .text.RCC_APB2PeriphClockCmd
                0x0000000000004596       0x1e ./Peripheral/src/ch32v20x_rcc.o
                0x0000000000004596                RCC_APB2PeriphClockCmd
 .text.RCC_APB1PeriphClockCmd
                0x00000000000045b4       0x1e ./Peripheral/src/ch32v20x_rcc.o
                0x00000000000045b4                RCC_APB1PeriphClockCmd
 .text.RCC_APB2PeriphResetCmd
                0x00000000000045d2       0x1e ./Peripheral/src/ch32v20x_rcc.o
                0x00000000000045d2                RCC_APB2PeriphResetCmd
 .text.RCC_APB1PeriphResetCmd
                0x00000000000045f0       0x1e ./Peripheral/src/ch32v20x_rcc.o
                0x00000000000045f0                RCC_APB1PeriphResetCmd
 .text.RCC_BackupResetCmd
                0x000000000000460e       0x20 ./Peripheral/src/ch32v20x_rcc.o
                0x000000000000460e                RCC_BackupResetCmd
 .text.RCC_GetFlagStatus
                0x000000000000462e       0x2e ./Peripheral/src/ch32v20x_rcc.o
                0x000000000000462e                RCC_GetFlagStatus
 .text.RTC_ITConfig
                0x000000000000465c       0x1a ./Peripheral/src/ch32v20x_rtc.o
                0x000000000000465c                RTC_ITConfig
 .text.RTC_EnterConfigMode
                0x0000000000004676       0x12 ./Peripheral/src/ch32v20x_rtc.o
                0x0000000000004676                RTC_EnterConfigMode
 .text.RTC_ExitConfigMode
                0x0000000000004688       0x18 ./Peripheral/src/ch32v20x_rtc.o
                0x0000000000004688                RTC_ExitConfigMode
 .text.RTC_SetPrescaler
                0x00000000000046a0       0x2e ./Peripheral/src/ch32v20x_rtc.o
                0x00000000000046a0                RTC_SetPrescaler
 .text.RTC_WaitForLastTask
                0x00000000000046ce       0x10 ./Peripheral/src/ch32v20x_rtc.o
                0x00000000000046ce                RTC_WaitForLastTask
 .text.RTC_WaitForSynchro
                0x00000000000046de       0x24 ./Peripheral/src/ch32v20x_rtc.o
                0x00000000000046de                RTC_WaitForSynchro
 .text.RTC_ClearFlag
                0x0000000000004702       0x14 ./Peripheral/src/ch32v20x_rtc.o
                0x0000000000004702                RTC_ClearFlag
 .text.RTC_GetITStatus
                0x0000000000004716       0x20 ./Peripheral/src/ch32v20x_rtc.o
                0x0000000000004716                RTC_GetITStatus
 .text.RTC_ClearITPendingBit
                0x0000000000004736        0xc ./Peripheral/src/ch32v20x_rtc.o
                0x0000000000004736                RTC_ClearITPendingBit
 .text.SPI_Init
                0x0000000000004742       0x3e ./Peripheral/src/ch32v20x_spi.o
                0x0000000000004742                SPI_Init
 .text.SPI_Cmd  0x0000000000004780       0x1a ./Peripheral/src/ch32v20x_spi.o
                0x0000000000004780                SPI_Cmd
 .text.SPI_I2S_DMACmd
                0x000000000000479a       0x12 ./Peripheral/src/ch32v20x_spi.o
                0x000000000000479a                SPI_I2S_DMACmd
 .text.SPI_I2S_GetFlagStatus
                0x00000000000047ac        0xa ./Peripheral/src/ch32v20x_spi.o
                0x00000000000047ac                SPI_I2S_GetFlagStatus
 .text.TI1_Config
                0x00000000000047b6       0x6a ./Peripheral/src/ch32v20x_tim.o
 .text.TI2_Config
                0x0000000000004820       0x82 ./Peripheral/src/ch32v20x_tim.o
 .text.TIM_DeInit
                0x00000000000048a2       0x8a ./Peripheral/src/ch32v20x_tim.o
                0x00000000000048a2                TIM_DeInit
 .text.TIM_TimeBaseInit
                0x000000000000492c       0x6a ./Peripheral/src/ch32v20x_tim.o
                0x000000000000492c                TIM_TimeBaseInit
 .text.TIM_OC1Init
                0x0000000000004996       0x6a ./Peripheral/src/ch32v20x_tim.o
                0x0000000000004996                TIM_OC1Init
 .text.TIM_OC2Init
                0x0000000000004a00       0x96 ./Peripheral/src/ch32v20x_tim.o
                0x0000000000004a00                TIM_OC2Init
 .text.TIM_OC3Init
                0x0000000000004a96       0x94 ./Peripheral/src/ch32v20x_tim.o
                0x0000000000004a96                TIM_OC3Init
 .text.TIM_OC4Init
                0x0000000000004b2a       0x6c ./Peripheral/src/ch32v20x_tim.o
                0x0000000000004b2a                TIM_OC4Init
 .text.TIM_TimeBaseStructInit
                0x0000000000004b96       0x16 ./Peripheral/src/ch32v20x_tim.o
                0x0000000000004b96                TIM_TimeBaseStructInit
 .text.TIM_Cmd  0x0000000000004bac       0x18 ./Peripheral/src/ch32v20x_tim.o
                0x0000000000004bac                TIM_Cmd
 .text.TIM_CtrlPWMOutputs
                0x0000000000004bc4       0x16 ./Peripheral/src/ch32v20x_tim.o
                0x0000000000004bc4                TIM_CtrlPWMOutputs
 .text.TIM_ITConfig
                0x0000000000004bda       0x12 ./Peripheral/src/ch32v20x_tim.o
                0x0000000000004bda                TIM_ITConfig
 .text.TIM_DMACmd
                0x0000000000004bec        0xc ./Peripheral/src/ch32v20x_tim.o
                0x0000000000004bec                TIM_DMACmd
 .text.TIM_InternalClockConfig
                0x0000000000004bf8       0x10 ./Peripheral/src/ch32v20x_tim.o
                0x0000000000004bf8                TIM_InternalClockConfig
 .text.TIM_ARRPreloadConfig
                0x0000000000004c08       0x1a ./Peripheral/src/ch32v20x_tim.o
                0x0000000000004c08                TIM_ARRPreloadConfig
 .text.TIM_OC1PreloadConfig
                0x0000000000004c22        0xe ./Peripheral/src/ch32v20x_tim.o
                0x0000000000004c22                TIM_OC1PreloadConfig
 .text.TIM_OC2PreloadConfig
                0x0000000000004c30       0x16 ./Peripheral/src/ch32v20x_tim.o
                0x0000000000004c30                TIM_OC2PreloadConfig
 .text.TIM_OC3PreloadConfig
                0x0000000000004c46        0xe ./Peripheral/src/ch32v20x_tim.o
                0x0000000000004c46                TIM_OC3PreloadConfig
 .text.TIM_OC4PreloadConfig
                0x0000000000004c54       0x16 ./Peripheral/src/ch32v20x_tim.o
                0x0000000000004c54                TIM_OC4PreloadConfig
 .text.TIM_SetIC1Prescaler
                0x0000000000004c6a       0x16 ./Peripheral/src/ch32v20x_tim.o
                0x0000000000004c6a                TIM_SetIC1Prescaler
 .text.TIM_SetIC2Prescaler
                0x0000000000004c80       0x1a ./Peripheral/src/ch32v20x_tim.o
                0x0000000000004c80                TIM_SetIC2Prescaler
 .text.TIM_SetIC3Prescaler
                0x0000000000004c9a       0x16 ./Peripheral/src/ch32v20x_tim.o
                0x0000000000004c9a                TIM_SetIC3Prescaler
 .text.TIM_SetIC4Prescaler
                0x0000000000004cb0       0x1a ./Peripheral/src/ch32v20x_tim.o
                0x0000000000004cb0                TIM_SetIC4Prescaler
 .text.TIM_ICInit
                0x0000000000004cca      0x168 ./Peripheral/src/ch32v20x_tim.o
                0x0000000000004cca                TIM_ICInit
 .text.TIM_GetCapture3
                0x0000000000004e32        0x4 ./Peripheral/src/ch32v20x_tim.o
                0x0000000000004e32                TIM_GetCapture3
 .text.TIM_GetCapture4
                0x0000000000004e36        0x6 ./Peripheral/src/ch32v20x_tim.o
                0x0000000000004e36                TIM_GetCapture4
 .text.TIM_GetFlagStatus
                0x0000000000004e3c        0xa ./Peripheral/src/ch32v20x_tim.o
                0x0000000000004e3c                TIM_GetFlagStatus
 .text.TIM_ClearFlag
                0x0000000000004e46        0xc ./Peripheral/src/ch32v20x_tim.o
                0x0000000000004e46                TIM_ClearFlag
 .text.TIM_GetITStatus
                0x0000000000004e52       0x18 ./Peripheral/src/ch32v20x_tim.o
                0x0000000000004e52                TIM_GetITStatus
 .text.TIM_ClearITPendingBit
                0x0000000000004e6a        0xc ./Peripheral/src/ch32v20x_tim.o
                0x0000000000004e6a                TIM_ClearITPendingBit
 .text.USART_SendData
                0x0000000000004e76        0x8 ./Peripheral/src/ch32v20x_usart.o
                0x0000000000004e76                USART_SendData
 .text.USART_GetFlagStatus
                0x0000000000004e7e        0xa ./Peripheral/src/ch32v20x_usart.o
                0x0000000000004e7e                USART_GetFlagStatus
 .text.vAINInit
                0x0000000000004e88       0x36 ./HWLIB/hw_lib_adc.o
                0x0000000000004e88                vAINInit
 .text.fGetAinCalData
                0x0000000000004ebe       0xb2 ./HWLIB/hw_lib_adc.o
                0x0000000000004ebe                fGetAinCalData
 .text.eAinCalDataConfig
                0x0000000000004f70       0x48 ./HWLIB/hw_lib_adc.o
                0x0000000000004f70                eAinCalDataConfig
 .text.vABLineKoofFinde
                0x0000000000004fb8       0x6a ./HWLIB/hw_lib_adc.o
                0x0000000000004fb8                vABLineKoofFinde
 .text.eSetAinCalPoint
                0x0000000000005022       0x64 ./HWLIB/hw_lib_adc.o
                0x0000000000005022                eSetAinCalPoint
 .text.getADC1Buffer
                0x0000000000005086        0xa ./HWLIB/hw_lib_adc.o
                0x0000000000005086                getADC1Buffer
 .text.eDOUTConfigWtihStruct
                0x0000000000005090       0x1a ./HWLIB/hw_lib_din.o
                0x0000000000005090                eDOUTConfigWtihStruct
 .text.eSetDUT  0x00000000000050aa       0x12 ./HWLIB/hw_lib_din.o
                0x00000000000050aa                eSetDUT
 .text.eDinConfigWtihStruct
                0x00000000000050bc       0x32 ./HWLIB/hw_lib_din.o
                0x00000000000050bc                eDinConfigWtihStruct
 .text.uGetDIN  0x00000000000050ee       0x14 ./HWLIB/hw_lib_din.o
                0x00000000000050ee                uGetDIN
 .text.eRPMConfig
                0x0000000000005102       0x5a ./HWLIB/hw_lib_din.o
                0x0000000000005102                eRPMConfig
 .text.RMPDataConvert
                0x000000000000515c       0x78 ./HWLIB/hw_lib_din.o
                0x000000000000515c                RMPDataConvert
 .text.getCaputreBuffer
                0x00000000000051d4       0x16 ./HWLIB/hw_lib_din.o
                0x00000000000051d4                getCaputreBuffer
 .text.GetRPM   0x00000000000051ea       0x74 ./HWLIB/hw_lib_din.o
                0x00000000000051ea                GetRPM
 .text.xGetRPM  0x000000000000525e       0x72 ./HWLIB/hw_lib_din.o
                0x000000000000525e                xGetRPM
 .text.vDinDoutProcess
                0x00000000000052d0       0x98 ./HWLIB/hw_lib_din.o
                0x00000000000052d0                vDinDoutProcess
 .text.xGetEEPROM
                0x0000000000005368        0xa ./HWLIB/hw_lib_eeprom.o
                0x0000000000005368                xGetEEPROM
 .text.eEEPROMWr
                0x0000000000005372       0xae ./HWLIB/hw_lib_eeprom.o
                0x0000000000005372                eEEPROMWr
 .text.eEEPROMRd
                0x0000000000005420       0x34 ./HWLIB/hw_lib_eeprom.o
                0x0000000000005420                eEEPROMRd
 .text.bReadEEPROM
                0x0000000000005454       0x1a ./HWLIB/hw_lib_eeprom.o
                0x0000000000005454                bReadEEPROM
 .text.Get_ConversionVal
                0x000000000000546e       0x2e ./HAL/hal_adc.o
                0x000000000000546e                Get_ConversionVal
 .text.HAL_ADC_CommonConfig
                0x000000000000549c        0xe ./HAL/hal_adc.o
                0x000000000000549c                HAL_ADC_CommonConfig
 .text.HAL_ADC_ContiniusScanCinvertionDMA
                0x00000000000054aa       0xda ./HAL/hal_adc.o
                0x00000000000054aa                HAL_ADC_ContiniusScanCinvertionDMA
 .text.ADC1_2_IRQHandler
                0x0000000000005584       0x74 ./HAL/hal_adc.o
                0x0000000000005584                ADC1_2_IRQHandler
 .text.HAL_CANSetTXCallback
                0x00000000000055f8        0xa ./HAL/hal_can.o
                0x00000000000055f8                HAL_CANSetTXCallback
 .text.HAL_CANSetRXCallback
                0x0000000000005602        0xa ./HAL/hal_can.o
                0x0000000000005602                HAL_CANSetRXCallback
 .text.HAL_CANSetERRCallback
                0x000000000000560c        0xa ./HAL/hal_can.o
                0x000000000000560c                HAL_CANSetERRCallback
 .text.HAL_CANIntIT
                0x0000000000005616      0x124 ./HAL/hal_can.o
                0x0000000000005616                HAL_CANIntIT
 .text.HAL_CANToInitMode
                0x000000000000573a       0x16 ./HAL/hal_can.o
                0x000000000000573a                HAL_CANToInitMode
 .text.HAL_CANToOperatingMode
                0x0000000000005750       0x16 ./HAL/hal_can.o
                0x0000000000005750                HAL_CANToOperatingMode
 .text.HAL_CANSend
                0x0000000000005766       0x50 ./HAL/hal_can.o
                0x0000000000005766                HAL_CANSend
 .text.HAL_CANSetFiters
                0x00000000000057b6       0x3a ./HAL/hal_can.o
                0x00000000000057b6                HAL_CANSetFiters
 .text.HAL_CANGetRXMessage
                0x00000000000057f0       0x52 ./HAL/hal_can.o
                0x00000000000057f0                HAL_CANGetRXMessage
 .text.USB_HP_CAN1_TX_IRQHandler
                0x0000000000005842       0xd6 ./HAL/hal_can.o
                0x0000000000005842                USB_HP_CAN1_TX_IRQHandler
 .text.USB_LP_CAN1_RX0_IRQHandler
                0x0000000000005918       0x62 ./HAL/hal_can.o
                0x0000000000005918                USB_LP_CAN1_RX0_IRQHandler
 .text.CAN1_RX1_IRQHandler
                0x000000000000597a       0x64 ./HAL/hal_can.o
                0x000000000000597a                CAN1_RX1_IRQHandler
 .text.CAN1_SCE_IRQHandler
                0x00000000000059de       0x62 ./HAL/hal_can.o
                0x00000000000059de                CAN1_SCE_IRQHandler
 .text.HAL_DMA_Disable
                0x0000000000005a40        0xc ./HAL/hal_dma.o
                0x0000000000005a40                HAL_DMA_Disable
 .text.HAL_DMA_SetCouterAndEnable
                0x0000000000005a4c        0xc ./HAL/hal_dma.o
                0x0000000000005a4c                HAL_DMA_SetCouterAndEnable
 .text.HAL_DMAInitIT
                0x0000000000005a58      0x172 ./HAL/hal_dma.o
                0x0000000000005a58                HAL_DMAInitIT
 .text.HAL_ADC_StartDMA
                0x0000000000005bca       0x60 ./HAL/hal_dma.o
                0x0000000000005bca                HAL_ADC_StartDMA
 .text.DMA1_Channel1_IRQHandler
                0x0000000000005c2a       0x64 ./HAL/hal_dma.o
                0x0000000000005c2a                DMA1_Channel1_IRQHandler
 .text.DMA1_Channel3_IRQHandler
                0x0000000000005c8e       0x68 ./HAL/hal_dma.o
                0x0000000000005c8e                DMA1_Channel3_IRQHandler
 .text.DMA1_Channel5_IRQHandler
                0x0000000000005cf6       0x66 ./HAL/hal_dma.o
                0x0000000000005cf6                DMA1_Channel5_IRQHandler
 .text.DMA1_Channel4_IRQHandler
                0x0000000000005d5c       0x64 ./HAL/hal_dma.o
                0x0000000000005d5c                DMA1_Channel4_IRQHandler
 .text.DMA1_Channel7_IRQHandler
                0x0000000000005dc0       0x68 ./HAL/hal_dma.o
                0x0000000000005dc0                DMA1_Channel7_IRQHandler
 .text.HAL_InitRCC
                0x0000000000005e28       0x48 ./HAL/hal_gpio.o
 .text.HAL_InitGpioOut
                0x0000000000005e70       0x28 ./HAL/hal_gpio.o
                0x0000000000005e70                HAL_InitGpioOut
 .text.HAL_InitGpioAIN
                0x0000000000005e98       0x26 ./HAL/hal_gpio.o
                0x0000000000005e98                HAL_InitGpioAIN
 .text.HAL_InitGpioIn
                0x0000000000005ebe       0x28 ./HAL/hal_gpio.o
                0x0000000000005ebe                HAL_InitGpioIn
 .text.HAL_InitGpioAF
                0x0000000000005ee6       0x3c ./HAL/hal_gpio.o
                0x0000000000005ee6                HAL_InitGpioAF
 .text.HAL_GetBit
                0x0000000000005f22        0xc ./HAL/hal_gpio.o
                0x0000000000005f22                HAL_GetBit
 .text.HAL_SetBit
                0x0000000000005f2e        0xc ./HAL/hal_gpio.o
                0x0000000000005f2e                HAL_SetBit
 .text.HAL_ResetBit
                0x0000000000005f3a        0xc ./HAL/hal_gpio.o
                0x0000000000005f3a                HAL_ResetBit
 .text.I2C_Master_TransmitIT
                0x0000000000005f46       0xa4 ./HAL/hal_i2c.o
 .text.I2C_Master_ReviceIT
                0x0000000000005fea       0xa8 ./HAL/hal_i2c.o
 .text.I2C_FSM  0x0000000000006092      0x1d6 ./HAL/hal_i2c.o
 .text.InitI2CDMA
                0x0000000000006268       0xe0 ./HAL/hal_i2c.o
                0x0000000000006268                InitI2CDMA
 .text.I2C1_EV_IRQHandler
                0x0000000000006348       0x4c ./HAL/hal_i2c.o
                0x0000000000006348                I2C1_EV_IRQHandler
 .text.I2C1_ER_IRQHandler
                0x0000000000006394       0x4c ./HAL/hal_i2c.o
                0x0000000000006394                I2C1_ER_IRQHandler
 .text.I2C2_EV_IRQHandler
                0x00000000000063e0       0x4c ./HAL/hal_i2c.o
                0x00000000000063e0                I2C2_EV_IRQHandler
 .text.I2C2_ER_IRQHandler
                0x000000000000642c       0x4c ./HAL/hal_i2c.o
                0x000000000000642c                I2C2_ER_IRQHandler
 .text.HAL_RTC_IT_Init
                0x0000000000006478       0xb0 ./HAL/hal_rtc.o
                0x0000000000006478                HAL_RTC_IT_Init
 .text.RTC_IRQHandler
                0x0000000000006528       0x64 ./HAL/hal_rtc.o
                0x0000000000006528                RTC_IRQHandler
 .text.HAL_SPI_InitDMA
                0x000000000000658c       0xa2 ./HAL/hal_spi.o
                0x000000000000658c                HAL_SPI_InitDMA
 .text.HAL_SPI_RXOveleyClear
                0x000000000000662e        0x8 ./HAL/hal_spi.o
                0x000000000000662e                HAL_SPI_RXOveleyClear
 .text.HAL_SPI_GetBusy
                0x0000000000006636       0x16 ./HAL/hal_spi.o
                0x0000000000006636                HAL_SPI_GetBusy
 .text.vTimerInitRCC
                0x000000000000664c       0x3e ./HAL/hal_timers.o
 .text.TIM1_CC_IRQHandler
                0x000000000000668a       0xea ./HAL/hal_timers.o
                0x000000000000668a                TIM1_CC_IRQHandler
 .text.TIM1_UP_IRQHandler
                0x0000000000006774       0x74 ./HAL/hal_timers.o
                0x0000000000006774                TIM1_UP_IRQHandler
 .text.TIM4_IRQHandler
                0x00000000000067e8       0x74 ./HAL/hal_timers.o
                0x00000000000067e8                TIM4_IRQHandler
 .text.TIM3_IRQHandler
                0x000000000000685c       0x74 ./HAL/hal_timers.o
                0x000000000000685c                TIM3_IRQHandler
 .text.TIM2_IRQHandler
                0x00000000000068d0       0x6c ./HAL/hal_timers.o
                0x00000000000068d0                TIM2_IRQHandler
 .text.HAL_TiemrEneblae
                0x000000000000693c       0x1c ./HAL/hal_timers.o
                0x000000000000693c                HAL_TiemrEneblae
 .text.HW_TIMER_BaseTimerInit
                0x0000000000006958       0x60 ./HAL/hal_timers.o
                0x0000000000006958                HW_TIMER_BaseTimerInit
 .text.HAL_TIMER_InitIt
                0x00000000000069b8       0xa4 ./HAL/hal_timers.o
                0x00000000000069b8                HAL_TIMER_InitIt
 .text.HAL_TIMER_PWMTimersInit
                0x0000000000006a5c       0xec ./HAL/hal_timers.o
                0x0000000000006a5c                HAL_TIMER_PWMTimersInit
 .text.HAL_TimeInitCaptureDMA
                0x0000000000006b48       0xe6 ./HAL/hal_timers.o
                0x0000000000006b48                HAL_TimeInitCaptureDMA
 .text.HAL_TIMER_DisablePWMCH
                0x0000000000006c2e       0x1c ./HAL/hal_timers.o
                0x0000000000006c2e                HAL_TIMER_DisablePWMCH
 .text.HAL_TIMER_SetPWMPulse
                0x0000000000006c4a       0x80 ./HAL/hal_timers.o
                0x0000000000006c4a                HAL_TIMER_SetPWMPulse
 .text.HAL_TIMER_EnablePWMCH
                0x0000000000006cca       0x1c ./HAL/hal_timers.o
                0x0000000000006cca                HAL_TIMER_EnablePWMCH
 .text.HAL_WDTReset
                0x0000000000006ce6        0xc ./HAL/hal_wdt.o
                0x0000000000006ce6                HAL_WDTReset
 .text.prvInsertBlockIntoFreeList
                0x0000000000006cf2       0x4c ./FreeRTOS/portable/MemMang/heap_4.o
 .text.pvPortMalloc
                0x0000000000006d3e      0x18a ./FreeRTOS/portable/MemMang/heap_4.o
                0x0000000000006d3e                pvPortMalloc
 .text.vPortFree
                0x0000000000006ec8       0xa8 ./FreeRTOS/portable/MemMang/heap_4.o
                0x0000000000006ec8                vPortFree
 .text.vPortSetupTimerInterrupt
                0x0000000000006f70       0x3e ./FreeRTOS/portable/GCC/RISC-V/port.o
                0x0000000000006f70                vPortSetupTimerInterrupt
 .text.xPortStartScheduler
                0x0000000000006fae       0x90 ./FreeRTOS/portable/GCC/RISC-V/port.o
                0x0000000000006fae                xPortStartScheduler
 .text.SysTick_Handler
                0x000000000000703e       0x7c ./FreeRTOS/portable/GCC/RISC-V/port.o
                0x000000000000703e                SysTick_Handler
 .text.vPortEnterCritical
                0x00000000000070ba       0x16 ./FreeRTOS/portable/GCC/RISC-V/port.o
                0x00000000000070ba                vPortEnterCritical
 .text.vPortExitCritical
                0x00000000000070d0       0x42 ./FreeRTOS/portable/GCC/RISC-V/port.o
                0x00000000000070d0                vPortExitCritical
 .text.xPortSetInterruptMask
                0x0000000000007112        0xc ./FreeRTOS/portable/GCC/RISC-V/port.o
                0x0000000000007112                xPortSetInterruptMask
 .text.vPortClearInterruptMask
                0x000000000000711e        0x6 ./FreeRTOS/portable/GCC/RISC-V/port.o
                0x000000000000711e                vPortClearInterruptMask
 .text.vListInitialise
                0x0000000000007124       0x14 ./FreeRTOS/list.o
                0x0000000000007124                vListInitialise
 .text.vListInitialiseItem
                0x0000000000007138        0x6 ./FreeRTOS/list.o
                0x0000000000007138                vListInitialiseItem
 .text.vListInsertEnd
                0x000000000000713e       0x18 ./FreeRTOS/list.o
                0x000000000000713e                vListInsertEnd
 .text.vListInsert
                0x0000000000007156       0x2e ./FreeRTOS/list.o
                0x0000000000007156                vListInsert
 .text.uxListRemove
                0x0000000000007184       0x20 ./FreeRTOS/list.o
                0x0000000000007184                uxListRemove
 .text.prvIsQueueEmpty
                0x00000000000071a4       0x1e ./FreeRTOS/queue.o
 .text.prvCopyDataToQueue
                0x00000000000071c2       0x72 ./FreeRTOS/queue.o
 .text.prvCopyDataFromQueue
                0x0000000000007234       0x28 ./FreeRTOS/queue.o
 .text.prvUnlockQueue
                0x000000000000725c       0x76 ./FreeRTOS/queue.o
 .text.xQueueGenericReset
                0x00000000000072d2       0xc4 ./FreeRTOS/queue.o
                0x00000000000072d2                xQueueGenericReset
 .text.xQueueGenericCreateStatic
                0x0000000000007396       0xae ./FreeRTOS/queue.o
                0x0000000000007396                xQueueGenericCreateStatic
 .text.xQueueGenericCreate
                0x0000000000007444       0x72 ./FreeRTOS/queue.o
                0x0000000000007444                xQueueGenericCreate
 .text.xQueueGenericSend
                0x00000000000074b6      0x1a8 ./FreeRTOS/queue.o
                0x00000000000074b6                xQueueGenericSend
 .text.xQueueGiveMutexRecursive
                0x000000000000765e       0x56 ./FreeRTOS/queue.o
                0x000000000000765e                xQueueGiveMutexRecursive
 .text.xQueueCreateMutex
                0x00000000000076b4       0x2e ./FreeRTOS/queue.o
                0x00000000000076b4                xQueueCreateMutex
 .text.xQueueReceive
                0x00000000000076e2      0x166 ./FreeRTOS/queue.o
                0x00000000000076e2                xQueueReceive
 .text.xQueueSemaphoreTake
                0x0000000000007848      0x1be ./FreeRTOS/queue.o
                0x0000000000007848                xQueueSemaphoreTake
 .text.xQueueTakeMutexRecursive
                0x0000000000007a06       0x5a ./FreeRTOS/queue.o
                0x0000000000007a06                xQueueTakeMutexRecursive
 .text.uxQueueMessagesWaiting
                0x0000000000007a60       0x44 ./FreeRTOS/queue.o
                0x0000000000007a60                uxQueueMessagesWaiting
 .text.vQueueAddToRegistry
                0x0000000000007aa4       0x6c ./FreeRTOS/queue.o
                0x0000000000007aa4                vQueueAddToRegistry
 .text.vQueueWaitForMessageRestricted
                0x0000000000007b10       0x5c ./FreeRTOS/queue.o
                0x0000000000007b10                vQueueWaitForMessageRestricted
 .text.prvIdleTask
                0x0000000000007b6c        0x2 ./FreeRTOS/tasks.o
 .text.prvAddNewTaskToReadyList
                0x0000000000007b6e      0x10e ./FreeRTOS/tasks.o
 .text.prvResetNextTaskUnblockTime
                0x0000000000007c7c       0x20 ./FreeRTOS/tasks.o
 .text.prvTaskIsTaskSuspended
                0x0000000000007c9c       0x50 ./FreeRTOS/tasks.o
 .text.prvInitialiseNewTask.isra.2
                0x0000000000007cec       0xc8 ./FreeRTOS/tasks.o
 .text.prvAddCurrentTaskToDelayedList
                0x0000000000007db4       0xa4 ./FreeRTOS/tasks.o
 .text.xTaskCreateStatic
                0x0000000000007e58       0xa6 ./FreeRTOS/tasks.o
                0x0000000000007e58                xTaskCreateStatic
 .text.vTaskResume
                0x0000000000007efe       0xaa ./FreeRTOS/tasks.o
                0x0000000000007efe                vTaskResume
 .text.vTaskStartScheduler
                0x0000000000007fa8       0x90 ./FreeRTOS/tasks.o
                0x0000000000007fa8                vTaskStartScheduler
 .text.vTaskSuspendAll
                0x0000000000008038       0x10 ./FreeRTOS/tasks.o
                0x0000000000008038                vTaskSuspendAll
 .text.xTaskGetTickCount
                0x0000000000008048        0x6 ./FreeRTOS/tasks.o
                0x0000000000008048                xTaskGetTickCount
 .text.xTaskIncrementTick
                0x000000000000804e      0x198 ./FreeRTOS/tasks.o
                0x000000000000804e                xTaskIncrementTick
 .text.xTaskResumeAll
                0x00000000000081e6      0x158 ./FreeRTOS/tasks.o
                0x00000000000081e6                xTaskResumeAll
 .text.vTaskDelay
                0x000000000000833e       0x66 ./FreeRTOS/tasks.o
                0x000000000000833e                vTaskDelay
 .text.vTaskSwitchContext
                0x00000000000083a4       0x96 ./FreeRTOS/tasks.o
                0x00000000000083a4                vTaskSwitchContext
 .text.vTaskSuspend
                0x000000000000843a       0xea ./FreeRTOS/tasks.o
                0x000000000000843a                vTaskSuspend
 .text.vTaskPlaceOnEventList
                0x0000000000008524       0x48 ./FreeRTOS/tasks.o
                0x0000000000008524                vTaskPlaceOnEventList
 .text.vTaskPlaceOnEventListRestricted
                0x000000000000856c       0x76 ./FreeRTOS/tasks.o
                0x000000000000856c                vTaskPlaceOnEventListRestricted
 .text.xTaskRemoveFromEventList
                0x00000000000085e2       0xe8 ./FreeRTOS/tasks.o
                0x00000000000085e2                xTaskRemoveFromEventList
 .text.vTaskInternalSetTimeOutState
                0x00000000000086ca        0xe ./FreeRTOS/tasks.o
                0x00000000000086ca                vTaskInternalSetTimeOutState
 .text.xTaskCheckForTimeOut
                0x00000000000086d8       0xaa ./FreeRTOS/tasks.o
                0x00000000000086d8                xTaskCheckForTimeOut
 .text.vTaskMissedYield
                0x0000000000008782        0x8 ./FreeRTOS/tasks.o
                0x0000000000008782                vTaskMissedYield
 .text.xTaskGetCurrentTaskHandle
                0x000000000000878a        0xa ./FreeRTOS/tasks.o
                0x000000000000878a                xTaskGetCurrentTaskHandle
 .text.xTaskGetSchedulerState
                0x0000000000008794       0x18 ./FreeRTOS/tasks.o
                0x0000000000008794                xTaskGetSchedulerState
 .text.xTaskPriorityInherit
                0x00000000000087ac       0xae ./FreeRTOS/tasks.o
                0x00000000000087ac                xTaskPriorityInherit
 .text.xTaskPriorityDisinherit
                0x000000000000885a       0xca ./FreeRTOS/tasks.o
                0x000000000000885a                xTaskPriorityDisinherit
 .text.vTaskPriorityDisinheritAfterTimeout
                0x0000000000008924       0xe6 ./FreeRTOS/tasks.o
                0x0000000000008924                vTaskPriorityDisinheritAfterTimeout
 .text.pvTaskIncrementMutexHeldCount
                0x0000000000008a0a       0x1c ./FreeRTOS/tasks.o
                0x0000000000008a0a                pvTaskIncrementMutexHeldCount
 .text.ulTaskGenericNotifyTake
                0x0000000000008a26       0xb8 ./FreeRTOS/tasks.o
                0x0000000000008a26                ulTaskGenericNotifyTake
 .text.xTaskGenericNotifyWait
                0x0000000000008ade       0xe6 ./FreeRTOS/tasks.o
                0x0000000000008ade                xTaskGenericNotifyWait
 .text.xTaskGenericNotify
                0x0000000000008bc4      0x1b0 ./FreeRTOS/tasks.o
                0x0000000000008bc4                xTaskGenericNotify
 .text.xTaskGenericNotifyFromISR
                0x0000000000008d74      0x1ec ./FreeRTOS/tasks.o
                0x0000000000008d74                xTaskGenericNotifyFromISR
 .text.ulTaskGenericNotifyValueClear
                0x0000000000008f60       0x3e ./FreeRTOS/tasks.o
                0x0000000000008f60                ulTaskGenericNotifyValueClear
 .text.prvCheckForValidListAndQueue
                0x0000000000008f9e       0x6a ./FreeRTOS/timers.o
 .text.prvInsertTimerInActiveList
                0x0000000000009008       0x3e ./FreeRTOS/timers.o
 .text.prvReloadTimer
                0x0000000000009046       0x2a ./FreeRTOS/timers.o
 .text.prvProcessExpiredTimer
                0x0000000000009070       0x42 ./FreeRTOS/timers.o
 .text.prvSwitchTimerLists
                0x00000000000090b2       0x28 ./FreeRTOS/timers.o
 .text.prvTimerTask
                0x00000000000090da      0x188 ./FreeRTOS/timers.o
 .text.xTimerCreateTimerTask
                0x0000000000009262       0x6e ./FreeRTOS/timers.o
                0x0000000000009262                xTimerCreateTimerTask
 .text.vRCFilter
                0x00000000000092d0       0x30 ./Drivers/filters.o
                0x00000000000092d0                vRCFilter
 .text.vInitABFilter
                0x0000000000009300       0x22 ./Drivers/filters.o
                0x0000000000009300                vInitABFilter
 .text.vInitRunAverga
                0x0000000000009322        0x8 ./Drivers/filters.o
                0x0000000000009322                vInitRunAverga
 .text.vInitMedianFilter
                0x000000000000932a       0x12 ./Drivers/filters.o
                0x000000000000932a                vInitMedianFilter
 .text.MedianFilter
                0x000000000000933c       0x6e ./Drivers/filters.o
                0x000000000000933c                MedianFilter
 .text.Delay_Ms
                0x00000000000093aa       0x36 ./Debug/debug.o
                0x00000000000093aa                Delay_Ms
 .text._write   0x00000000000093e0       0x3e ./Debug/debug.o
                0x00000000000093e0                _write
 .text._sbrk    0x000000000000941e       0x2a ./Debug/debug.o
                0x000000000000941e                _sbrk
 .text.prv_read_can_received_msg
                0x0000000000009448       0x50 ./CANopenNode/keypad/CO_driver_ST32F103.o
                0x0000000000009448                prv_read_can_received_msg
 .text.prv_send_can_message.isra.0
                0x0000000000009498       0x2c ./CANopenNode/keypad/CO_driver_ST32F103.o
 .text.CAN_SendMessage
                0x00000000000094c4       0x66 ./CANopenNode/keypad/CO_driver_ST32F103.o
                0x00000000000094c4                CAN_SendMessage
 .text.co_drv_create_os_objects
                0x000000000000952a       0x30 ./CANopenNode/keypad/CO_driver_ST32F103.o
                0x000000000000952a                co_drv_create_os_objects
 .text.co_drv_mutex_lock
                0x000000000000955a       0x18 ./CANopenNode/keypad/CO_driver_ST32F103.o
                0x000000000000955a                co_drv_mutex_lock
 .text.co_drv_mutex_unlock
                0x0000000000009572       0x16 ./CANopenNode/keypad/CO_driver_ST32F103.o
                0x0000000000009572                co_drv_mutex_unlock
 .text.CO_CANsetConfigurationMode
                0x0000000000009588       0x10 ./CANopenNode/keypad/CO_driver_ST32F103.o
                0x0000000000009588                CO_CANsetConfigurationMode
 .text.CO_CANsetNormalMode
                0x0000000000009598       0x1c ./CANopenNode/keypad/CO_driver_ST32F103.o
                0x0000000000009598                CO_CANsetNormalMode
 .text.CO_CANmodule_init
                0x00000000000095b4      0x110 ./CANopenNode/keypad/CO_driver_ST32F103.o
                0x00000000000095b4                CO_CANmodule_init
 .text.CO_CANmodule_disable
                0x00000000000096c4       0x14 ./CANopenNode/keypad/CO_driver_ST32F103.o
                0x00000000000096c4                CO_CANmodule_disable
 .text.CO_CANrxBufferInit
                0x00000000000096d8       0x52 ./CANopenNode/keypad/CO_driver_ST32F103.o
                0x00000000000096d8                CO_CANrxBufferInit
 .text.CO_CANtxBufferInit
                0x000000000000972a       0x3a ./CANopenNode/keypad/CO_driver_ST32F103.o
                0x000000000000972a                CO_CANtxBufferInit
 .text.CO_CANmodule_process
                0x0000000000009764       0x12 ./CANopenNode/keypad/CO_driver_ST32F103.o
                0x0000000000009764                CO_CANmodule_process
 .text.CO_CANsend
                0x0000000000009776       0x46 ./CANopenNode/keypad/CO_driver_ST32F103.o
                0x0000000000009776                CO_CANsend
 .text.CO_LSSslave_receive
                0x00000000000097bc      0x1a8 ./CANopenNode/305/CO_LSSslave.o
 .text.CO_LSSslave_init
                0x0000000000009964       0xa4 ./CANopenNode/305/CO_LSSslave.o
                0x0000000000009964                CO_LSSslave_init
 .text.CO_LSSslave_process
                0x0000000000009a08      0x1a2 ./CANopenNode/305/CO_LSSslave.o
                0x0000000000009a08                CO_LSSslave_process
 .text.OD_write_1003
                0x0000000000009baa       0x28 ./CANopenNode/301/CO_Emergency.o
 .text.OD_read_1003
                0x0000000000009bd2       0x8c ./CANopenNode/301/CO_Emergency.o
 .text.OD_read_1014_default
                0x0000000000009c5e       0x50 ./CANopenNode/301/CO_Emergency.o
 .text.CO_EM_init
                0x0000000000009cae      0x112 ./CANopenNode/301/CO_Emergency.o
                0x0000000000009cae                CO_EM_init
 .text.CO_error
                0x0000000000009dc0       0xc4 ./CANopenNode/301/CO_Emergency.o
                0x0000000000009dc0                CO_error
 .text.CO_EM_process
                0x0000000000009e84      0x182 ./CANopenNode/301/CO_Emergency.o
                0x0000000000009e84                CO_EM_process
 .text.CO_NMT_receive
                0x000000000000a006       0x18 ./CANopenNode/301/CO_NMT_Heartbeat.o
 .text.OD_write_1017
                0x000000000000a01e       0x48 ./CANopenNode/301/CO_NMT_Heartbeat.o
 .text.CO_NMT_init
                0x000000000000a066       0xec ./CANopenNode/301/CO_NMT_Heartbeat.o
                0x000000000000a066                CO_NMT_init
 .text.CO_NMT_process
                0x000000000000a152      0x106 ./CANopenNode/301/CO_NMT_Heartbeat.o
                0x000000000000a152                CO_NMT_process
 .text.OD_readDisabled
                0x000000000000a258        0x4 ./CANopenNode/301/CO_ODinterface.o
 .text.OD_readOriginal
                0x000000000000a25c       0x50 ./CANopenNode/301/CO_ODinterface.o
                0x000000000000a25c                OD_readOriginal
 .text.OD_writeOriginal
                0x000000000000a2ac       0x54 ./CANopenNode/301/CO_ODinterface.o
                0x000000000000a2ac                OD_writeOriginal
 .text.OD_writeDisabled
                0x000000000000a300        0x4 ./CANopenNode/301/CO_ODinterface.o
 .text.OD_find  0x000000000000a304       0x70 ./CANopenNode/301/CO_ODinterface.o
                0x000000000000a304                OD_find
 .text.OD_getSub
                0x000000000000a374       0xf6 ./CANopenNode/301/CO_ODinterface.o
                0x000000000000a374                OD_getSub
 .text.OD_getSDOabCode
                0x000000000000a46a       0x20 ./CANopenNode/301/CO_ODinterface.o
                0x000000000000a46a                OD_getSDOabCode
 .text.OD_get_value
                0x000000000000a48a       0x34 ./CANopenNode/301/CO_ODinterface.o
                0x000000000000a48a                OD_get_value
 .text.OD_set_value
                0x000000000000a4be       0x2e ./CANopenNode/301/CO_ODinterface.o
                0x000000000000a4be                OD_set_value
 .text.OD_getPtr
                0x000000000000a4ec       0x3c ./CANopenNode/301/CO_ODinterface.o
                0x000000000000a4ec                OD_getPtr
 .text.OD_write_dummy
                0x000000000000a528        0x8 ./CANopenNode/301/CO_PDO.o
 .text.OD_read_dummy
                0x000000000000a530       0x2e ./CANopenNode/301/CO_PDO.o
 .text.PDOconfigMap
                0x000000000000a55e      0x100 ./CANopenNode/301/CO_PDO.o
 .text.CO_PDO_receive
                0x000000000000a65e       0x48 ./CANopenNode/301/CO_PDO.o
 .text.OD_read_PDO_commParam
                0x000000000000a6a6       0x70 ./CANopenNode/301/CO_PDO.o
 .text.PDO_initMapping.constprop.3
                0x000000000000a716       0xe6 ./CANopenNode/301/CO_PDO.o
 .text.OD_write_PDO_mapping
                0x000000000000a7fc       0xb4 ./CANopenNode/301/CO_PDO.o
 .text.OD_write_18xx
                0x000000000000a8b0      0x184 ./CANopenNode/301/CO_PDO.o
 .text.OD_write_14xx
                0x000000000000aa34      0x15a ./CANopenNode/301/CO_PDO.o
 .text.CO_RPDO_init
                0x000000000000ab8e      0x172 ./CANopenNode/301/CO_PDO.o
                0x000000000000ab8e                CO_RPDO_init
 .text.CO_RPDO_process
                0x000000000000ad00      0x114 ./CANopenNode/301/CO_PDO.o
                0x000000000000ad00                CO_RPDO_process
 .text.CO_TPDO_init
                0x000000000000ae14      0x1d2 ./CANopenNode/301/CO_PDO.o
                0x000000000000ae14                CO_TPDO_init
 .text.CO_TPDO_process
                0x000000000000afe6      0x15e ./CANopenNode/301/CO_PDO.o
                0x000000000000afe6                CO_TPDO_process
 .text.CO_SDOserver_init_canRxTx
                0x000000000000b144       0x82 ./CANopenNode/301/CO_SDOserver.o
 .text.CO_SDO_receive
                0x000000000000b1c6       0x38 ./CANopenNode/301/CO_SDOserver.o
 .text.readFromOd.isra.1.constprop.5
                0x000000000000b1fe       0xe2 ./CANopenNode/301/CO_SDOserver.o
 .text.OD_write_1201_additional
                0x000000000000b2e0      0x158 ./CANopenNode/301/CO_SDOserver.o
 .text.CO_SDOserver_init
                0x000000000000b438      0x172 ./CANopenNode/301/CO_SDOserver.o
                0x000000000000b438                CO_SDOserver_init
 .text.CO_SDOserver_process
                0x000000000000b5aa      0x5e8 ./CANopenNode/301/CO_SDOserver.o
                0x000000000000b5aa                CO_SDOserver_process
 .text.CO_delete
                0x000000000000bb92       0x56 ./CANopenNode/CANopen.o
                0x000000000000bb92                CO_delete
 .text.CO_new   0x000000000000bbe8      0x102 ./CANopenNode/CANopen.o
                0x000000000000bbe8                CO_new
 .text.CO_CANinit
                0x000000000000bcea       0x36 ./CANopenNode/CANopen.o
                0x000000000000bcea                CO_CANinit
 .text.CO_LSSinit
                0x000000000000bd20       0x32 ./CANopenNode/CANopen.o
                0x000000000000bd20                CO_LSSinit
 .text.CO_CANopenInit
                0x000000000000bd52       0xb8 ./CANopenNode/CANopen.o
                0x000000000000bd52                CO_CANopenInit
 .text.CO_CANopenInitPDO
                0x000000000000be0a       0xea ./CANopenNode/CANopen.o
                0x000000000000be0a                CO_CANopenInitPDO
 .text.CO_process
                0x000000000000bef4       0x7e ./CANopenNode/CANopen.o
                0x000000000000bef4                CO_process
 .text.CO_process_RPDO
                0x000000000000bf72       0x40 ./CANopenNode/CANopen.o
                0x000000000000bf72                CO_process_RPDO
 .text.CO_process_TPDO
                0x000000000000bfb2       0x40 ./CANopenNode/CANopen.o
                0x000000000000bfb2                CO_process_TPDO
 .text.__addsf3
                0x000000000000bff2      0x36a c:/mounriver/mounriver_studio/toolchain/risc-v embedded gcc/bin/../lib/gcc/riscv-none-embed/8.2.0/rv32imacxw/ilp32\libgcc.a(addsf3.o)
                0x000000000000bff2                __addsf3
 .text.__divsf3
                0x000000000000c35c      0x2b2 c:/mounriver/mounriver_studio/toolchain/risc-v embedded gcc/bin/../lib/gcc/riscv-none-embed/8.2.0/rv32imacxw/ilp32\libgcc.a(divsf3.o)
                0x000000000000c35c                __divsf3
 .text.__gesf2  0x000000000000c60e       0x86 c:/mounriver/mounriver_studio/toolchain/risc-v embedded gcc/bin/../lib/gcc/riscv-none-embed/8.2.0/rv32imacxw/ilp32\libgcc.a(gesf2.o)
                0x000000000000c60e                __gesf2
                0x000000000000c60e                __gtsf2
 .text.__lesf2  0x000000000000c694       0x8c c:/mounriver/mounriver_studio/toolchain/risc-v embedded gcc/bin/../lib/gcc/riscv-none-embed/8.2.0/rv32imacxw/ilp32\libgcc.a(lesf2.o)
                0x000000000000c694                __ltsf2
                0x000000000000c694                __lesf2
 .text.__mulsf3
                0x000000000000c720      0x290 c:/mounriver/mounriver_studio/toolchain/risc-v embedded gcc/bin/../lib/gcc/riscv-none-embed/8.2.0/rv32imacxw/ilp32\libgcc.a(mulsf3.o)
                0x000000000000c720                __mulsf3
 .text.__subsf3
                0x000000000000c9b0      0x388 c:/mounriver/mounriver_studio/toolchain/risc-v embedded gcc/bin/../lib/gcc/riscv-none-embed/8.2.0/rv32imacxw/ilp32\libgcc.a(subsf3.o)
                0x000000000000c9b0                __subsf3
 .text.__fixsfsi
                0x000000000000cd38       0x62 c:/mounriver/mounriver_studio/toolchain/risc-v embedded gcc/bin/../lib/gcc/riscv-none-embed/8.2.0/rv32imacxw/ilp32\libgcc.a(fixsfsi.o)
                0x000000000000cd38                __fixsfsi
 .text.__fixunssfsi
                0x000000000000cd9a       0x56 c:/mounriver/mounriver_studio/toolchain/risc-v embedded gcc/bin/../lib/gcc/riscv-none-embed/8.2.0/rv32imacxw/ilp32\libgcc.a(fixunssfsi.o)
                0x000000000000cd9a                __fixunssfsi
 .text.__floatsisf
                0x000000000000cdf0       0xc6 c:/mounriver/mounriver_studio/toolchain/risc-v embedded gcc/bin/../lib/gcc/riscv-none-embed/8.2.0/rv32imacxw/ilp32\libgcc.a(floatsisf.o)
                0x000000000000cdf0                __floatsisf
 .text.__floatunsisf
                0x000000000000ceb6       0xce c:/mounriver/mounriver_studio/toolchain/risc-v embedded gcc/bin/../lib/gcc/riscv-none-embed/8.2.0/rv32imacxw/ilp32\libgcc.a(floatunsisf.o)
                0x000000000000ceb6                __floatunsisf
 .text.__clzsi2
                0x000000000000cf84       0x6e c:/mounriver/mounriver_studio/toolchain/risc-v embedded gcc/bin/../lib/gcc/riscv-none-embed/8.2.0/rv32imacxw/ilp32\libgcc.a(_clzsi2.o)
                0x000000000000cf84                __clzsi2
 .text.calloc   0x000000000000cff2        0xc c:/mounriver/mounriver_studio/toolchain/risc-v embedded gcc/bin/../lib/gcc/riscv-none-embed/8.2.0/../../../../riscv-none-embed/lib/rv32imacxw/ilp32\libg_nano.a(lib_a-calloc.o)
                0x000000000000cff2                calloc
 .text.free     0x000000000000cffe        0xa c:/mounriver/mounriver_studio/toolchain/risc-v embedded gcc/bin/../lib/gcc/riscv-none-embed/8.2.0/../../../../riscv-none-embed/lib/rv32imacxw/ilp32\libg_nano.a(lib_a-malloc.o)
                0x000000000000cffe                free
 .text.memcpy   0x000000000000d008       0xb2 c:/mounriver/mounriver_studio/toolchain/risc-v embedded gcc/bin/../lib/gcc/riscv-none-embed/8.2.0/../../../../riscv-none-embed/lib/rv32imacxw/ilp32\libg_nano.a(lib_a-memcpy.o)
                0x000000000000d008                memcpy
 .text.memmove  0x000000000000d0ba       0x46 c:/mounriver/mounriver_studio/toolchain/risc-v embedded gcc/bin/../lib/gcc/riscv-none-embed/8.2.0/../../../../riscv-none-embed/lib/rv32imacxw/ilp32\libg_nano.a(lib_a-memmove.o)
                0x000000000000d0ba                memmove
 .text._calloc_r
                0x000000000000d100       0x26 c:/mounriver/mounriver_studio/toolchain/risc-v embedded gcc/bin/../lib/gcc/riscv-none-embed/8.2.0/../../../../riscv-none-embed/lib/rv32imacxw/ilp32\libg_nano.a(lib_a-nano-callocr.o)
                0x000000000000d100                _calloc_r
 .text._free_r  0x000000000000d126       0xa4 c:/mounriver/mounriver_studio/toolchain/risc-v embedded gcc/bin/../lib/gcc/riscv-none-embed/8.2.0/../../../../riscv-none-embed/lib/rv32imacxw/ilp32\libg_nano.a(lib_a-nano-freer.o)
                0x000000000000d126                _free_r
 .text._malloc_r
                0x000000000000d1ca       0xce c:/mounriver/mounriver_studio/toolchain/risc-v embedded gcc/bin/../lib/gcc/riscv-none-embed/8.2.0/../../../../riscv-none-embed/lib/rv32imacxw/ilp32\libg_nano.a(lib_a-nano-mallocr.o)
                0x000000000000d1ca                _malloc_r
 .text.printf   0x000000000000d298       0x3e c:/mounriver/mounriver_studio/toolchain/risc-v embedded gcc/bin/../lib/gcc/riscv-none-embed/8.2.0/../../../../riscv-none-embed/lib/rv32imacxw/ilp32\libg_nano.a(lib_a-printf.o)
                0x000000000000d298                iprintf
                0x000000000000d298                printf
 .text._sbrk_r  0x000000000000d2d6       0x32 c:/mounriver/mounriver_studio/toolchain/risc-v embedded gcc/bin/../lib/gcc/riscv-none-embed/8.2.0/../../../../riscv-none-embed/lib/rv32imacxw/ilp32\libg_nano.a(lib_a-sbrkr.o)
                0x000000000000d2d6                _sbrk_r
 .text.strlen   0x000000000000d308       0x12 c:/mounriver/mounriver_studio/toolchain/risc-v embedded gcc/bin/../lib/gcc/riscv-none-embed/8.2.0/../../../../riscv-none-embed/lib/rv32imacxw/ilp32\libg_nano.a(lib_a-strlen.o)
                0x000000000000d308                strlen
 .text.std      0x000000000000d31a       0x66 c:/mounriver/mounriver_studio/toolchain/risc-v embedded gcc/bin/../lib/gcc/riscv-none-embed/8.2.0/../../../../riscv-none-embed/lib/rv32imacxw/ilp32\libg_nano.a(lib_a-findfp.o)
 .text._cleanup_r
                0x000000000000d380        0xa c:/mounriver/mounriver_studio/toolchain/risc-v embedded gcc/bin/../lib/gcc/riscv-none-embed/8.2.0/../../../../riscv-none-embed/lib/rv32imacxw/ilp32\libg_nano.a(lib_a-findfp.o)
                0x000000000000d380                _cleanup_r
 .text.__sfmoreglue
                0x000000000000d38a       0x48 c:/mounriver/mounriver_studio/toolchain/risc-v embedded gcc/bin/../lib/gcc/riscv-none-embed/8.2.0/../../../../riscv-none-embed/lib/rv32imacxw/ilp32\libg_nano.a(lib_a-findfp.o)
                0x000000000000d38a                __sfmoreglue
 .text.__sinit  0x000000000000d3d2       0x6c c:/mounriver/mounriver_studio/toolchain/risc-v embedded gcc/bin/../lib/gcc/riscv-none-embed/8.2.0/../../../../riscv-none-embed/lib/rv32imacxw/ilp32\libg_nano.a(lib_a-findfp.o)
                0x000000000000d3d2                __sinit
 .text.__sfp    0x000000000000d43e       0xa0 c:/mounriver/mounriver_studio/toolchain/risc-v embedded gcc/bin/../lib/gcc/riscv-none-embed/8.2.0/../../../../riscv-none-embed/lib/rv32imacxw/ilp32\libg_nano.a(lib_a-findfp.o)
                0x000000000000d43e                __sfp
 .text._fwalk_reent
                0x000000000000d4de       0x6a c:/mounriver/mounriver_studio/toolchain/risc-v embedded gcc/bin/../lib/gcc/riscv-none-embed/8.2.0/../../../../riscv-none-embed/lib/rv32imacxw/ilp32\libg_nano.a(lib_a-fwalk.o)
                0x000000000000d4de                _fwalk_reent
 .text.__malloc_lock
                0x000000000000d548        0x2 c:/mounriver/mounriver_studio/toolchain/risc-v embedded gcc/bin/../lib/gcc/riscv-none-embed/8.2.0/../../../../riscv-none-embed/lib/rv32imacxw/ilp32\libg_nano.a(lib_a-mlock.o)
                0x000000000000d548                __malloc_lock
 .text.__malloc_unlock
                0x000000000000d54a        0x2 c:/mounriver/mounriver_studio/toolchain/risc-v embedded gcc/bin/../lib/gcc/riscv-none-embed/8.2.0/../../../../riscv-none-embed/lib/rv32imacxw/ilp32\libg_nano.a(lib_a-mlock.o)
                0x000000000000d54a                __malloc_unlock
 .text.__sfputc_r
                0x000000000000d54c       0x26 c:/mounriver/mounriver_studio/toolchain/risc-v embedded gcc/bin/../lib/gcc/riscv-none-embed/8.2.0/../../../../riscv-none-embed/lib/rv32imacxw/ilp32\libg_nano.a(lib_a-nano-vfprintf.o)
 .text.__sfputs_r
                0x000000000000d572       0x42 c:/mounriver/mounriver_studio/toolchain/risc-v embedded gcc/bin/../lib/gcc/riscv-none-embed/8.2.0/../../../../riscv-none-embed/lib/rv32imacxw/ilp32\libg_nano.a(lib_a-nano-vfprintf.o)
                0x000000000000d572                __sfputs_r
 .text._vfprintf_r
                0x000000000000d5b4      0x28c c:/mounriver/mounriver_studio/toolchain/risc-v embedded gcc/bin/../lib/gcc/riscv-none-embed/8.2.0/../../../../riscv-none-embed/lib/rv32imacxw/ilp32\libg_nano.a(lib_a-nano-vfprintf.o)
                0x000000000000d5b4                _vfprintf_r
                0x000000000000d5b4                _vfiprintf_r
 .text._printf_common
                0x000000000000d840      0x10c c:/mounriver/mounriver_studio/toolchain/risc-v embedded gcc/bin/../lib/gcc/riscv-none-embed/8.2.0/../../../../riscv-none-embed/lib/rv32imacxw/ilp32\libg_nano.a(lib_a-nano-vfprintf_i.o)
                0x000000000000d840                _printf_common
 .text._printf_i
                0x000000000000d94c      0x2a2 c:/mounriver/mounriver_studio/toolchain/risc-v embedded gcc/bin/../lib/gcc/riscv-none-embed/8.2.0/../../../../riscv-none-embed/lib/rv32imacxw/ilp32\libg_nano.a(lib_a-nano-vfprintf_i.o)
                0x000000000000d94c                _printf_i
 .text.__sread  0x000000000000dbee       0x2c c:/mounriver/mounriver_studio/toolchain/risc-v embedded gcc/bin/../lib/gcc/riscv-none-embed/8.2.0/../../../../riscv-none-embed/lib/rv32imacxw/ilp32\libg_nano.a(lib_a-stdio.o)
                0x000000000000dbee                __sread
 .text.__swrite
                0x000000000000dc1a       0x48 c:/mounriver/mounriver_studio/toolchain/risc-v embedded gcc/bin/../lib/gcc/riscv-none-embed/8.2.0/../../../../riscv-none-embed/lib/rv32imacxw/ilp32\libg_nano.a(lib_a-stdio.o)
                0x000000000000dc1a                __swrite
 .text.__sseek  0x000000000000dc62       0x30 c:/mounriver/mounriver_studio/toolchain/risc-v embedded gcc/bin/../lib/gcc/riscv-none-embed/8.2.0/../../../../riscv-none-embed/lib/rv32imacxw/ilp32\libg_nano.a(lib_a-stdio.o)
                0x000000000000dc62                __sseek
 .text.__sclose
                0x000000000000dc92        0x6 c:/mounriver/mounriver_studio/toolchain/risc-v embedded gcc/bin/../lib/gcc/riscv-none-embed/8.2.0/../../../../riscv-none-embed/lib/rv32imacxw/ilp32\libg_nano.a(lib_a-stdio.o)
                0x000000000000dc92                __sclose
 .text.__swbuf_r
                0x000000000000dc98       0xbe c:/mounriver/mounriver_studio/toolchain/risc-v embedded gcc/bin/../lib/gcc/riscv-none-embed/8.2.0/../../../../riscv-none-embed/lib/rv32imacxw/ilp32\libg_nano.a(lib_a-wbuf.o)
                0x000000000000dc98                __swbuf_r
 .text._write_r
                0x000000000000dd56       0x36 c:/mounriver/mounriver_studio/toolchain/risc-v embedded gcc/bin/../lib/gcc/riscv-none-embed/8.2.0/../../../../riscv-none-embed/lib/rv32imacxw/ilp32\libg_nano.a(lib_a-writer.o)
                0x000000000000dd56                _write_r
 .text.__swsetup_r
                0x000000000000dd8c      0x100 c:/mounriver/mounriver_studio/toolchain/risc-v embedded gcc/bin/../lib/gcc/riscv-none-embed/8.2.0/../../../../riscv-none-embed/lib/rv32imacxw/ilp32\libg_nano.a(lib_a-wsetup.o)
                0x000000000000dd8c                __swsetup_r
 .text._close_r
                0x000000000000de8c       0x30 c:/mounriver/mounriver_studio/toolchain/risc-v embedded gcc/bin/../lib/gcc/riscv-none-embed/8.2.0/../../../../riscv-none-embed/lib/rv32imacxw/ilp32\libg_nano.a(lib_a-closer.o)
                0x000000000000de8c                _close_r
 .text.__sflush_r
                0x000000000000debc      0x132 c:/mounriver/mounriver_studio/toolchain/risc-v embedded gcc/bin/../lib/gcc/riscv-none-embed/8.2.0/../../../../riscv-none-embed/lib/rv32imacxw/ilp32\libg_nano.a(lib_a-fflush.o)
                0x000000000000debc                __sflush_r
 .text._fflush_r
                0x000000000000dfee       0x68 c:/mounriver/mounriver_studio/toolchain/risc-v embedded gcc/bin/../lib/gcc/riscv-none-embed/8.2.0/../../../../riscv-none-embed/lib/rv32imacxw/ilp32\libg_nano.a(lib_a-fflush.o)
                0x000000000000dfee                _fflush_r
 .text._lseek_r
                0x000000000000e056       0x34 c:/mounriver/mounriver_studio/toolchain/risc-v embedded gcc/bin/../lib/gcc/riscv-none-embed/8.2.0/../../../../riscv-none-embed/lib/rv32imacxw/ilp32\libg_nano.a(lib_a-lseekr.o)
                0x000000000000e056                _lseek_r
 .text.__swhatbuf_r
                0x000000000000e08a       0x56 c:/mounriver/mounriver_studio/toolchain/risc-v embedded gcc/bin/../lib/gcc/riscv-none-embed/8.2.0/../../../../riscv-none-embed/lib/rv32imacxw/ilp32\libg_nano.a(lib_a-makebuf.o)
                0x000000000000e08a                __swhatbuf_r
 .text.__smakebuf_r
                0x000000000000e0e0       0x92 c:/mounriver/mounriver_studio/toolchain/risc-v embedded gcc/bin/../lib/gcc/riscv-none-embed/8.2.0/../../../../riscv-none-embed/lib/rv32imacxw/ilp32\libg_nano.a(lib_a-makebuf.o)
                0x000000000000e0e0                __smakebuf_r
 .text.memchr   0x000000000000e172       0x18 c:/mounriver/mounriver_studio/toolchain/risc-v embedded gcc/bin/../lib/gcc/riscv-none-embed/8.2.0/../../../../riscv-none-embed/lib/rv32imacxw/ilp32\libg_nano.a(lib_a-memchr.o)
                0x000000000000e172                memchr
 .text._read_r  0x000000000000e18a       0x34 c:/mounriver/mounriver_studio/toolchain/risc-v embedded gcc/bin/../lib/gcc/riscv-none-embed/8.2.0/../../../../riscv-none-embed/lib/rv32imacxw/ilp32\libg_nano.a(lib_a-readr.o)
                0x000000000000e18a                _read_r
 .text._fstat_r
                0x000000000000e1be       0x32 c:/mounriver/mounriver_studio/toolchain/risc-v embedded gcc/bin/../lib/gcc/riscv-none-embed/8.2.0/../../../../riscv-none-embed/lib/rv32imacxw/ilp32\libg_nano.a(lib_a-fstatr.o)
                0x000000000000e1be                _fstat_r
 .text._isatty_r
                0x000000000000e1f0       0x30 c:/mounriver/mounriver_studio/toolchain/risc-v embedded gcc/bin/../lib/gcc/riscv-none-embed/8.2.0/../../../../riscv-none-embed/lib/rv32imacxw/ilp32\libg_nano.a(lib_a-isattyr.o)
                0x000000000000e1f0                _isatty_r
 .text._close   0x000000000000e220       0x10 c:/mounriver/mounriver_studio/toolchain/risc-v embedded gcc/bin/../lib/gcc/riscv-none-embed/8.2.0/../../../../riscv-none-embed/lib/rv32imacxw/ilp32\libnosys.a(close.o)
                0x000000000000e220                _close
 .text._fstat   0x000000000000e230       0x10 c:/mounriver/mounriver_studio/toolchain/risc-v embedded gcc/bin/../lib/gcc/riscv-none-embed/8.2.0/../../../../riscv-none-embed/lib/rv32imacxw/ilp32\libnosys.a(fstat.o)
                0x000000000000e230                _fstat