Archive member included to satisfy reference by file (symbol)

c:/mounriver/mounriver_studio/toolchain/risc-v embedded gcc/bin/../lib/gcc/riscv-none-embed/8.2.0/rv32imacxw/ilp32\libgcc.a(addsf3.o)
                              ./User/inputs.o (__addsf3)
c:/mounriver/mounriver_studio/toolchain/risc-v embedded gcc/bin/../lib/gcc/riscv-none-embed/8.2.0/rv32imacxw/ilp32\libgcc.a(divsf3.o)
                              ./User/dash_draw.o (__divsf3)
c:/mounriver/mounriver_studio/toolchain/risc-v embedded gcc/bin/../lib/gcc/riscv-none-embed/8.2.0/rv32imacxw/ilp32\libgcc.a(eqsf2.o)
                              ./HWLIB/hw_lib_din.o (__nesf2)
c:/mounriver/mounriver_studio/toolchain/risc-v embedded gcc/bin/../lib/gcc/riscv-none-embed/8.2.0/rv32imacxw/ilp32\libgcc.a(gesf2.o)
                              ./User/inputs.o (__gesf2)
c:/mounriver/mounriver_studio/toolchain/risc-v embedded gcc/bin/../lib/gcc/riscv-none-embed/8.2.0/rv32imacxw/ilp32\libgcc.a(lesf2.o)
                              ./HWLIB/hw_lib_adc.o (__lesf2)
c:/mounriver/mounriver_studio/toolchain/risc-v embedded gcc/bin/../lib/gcc/riscv-none-embed/8.2.0/rv32imacxw/ilp32\libgcc.a(mulsf3.o)
                              ./User/dash_draw.o (__mulsf3)
c:/mounriver/mounriver_studio/toolchain/risc-v embedded gcc/bin/../lib/gcc/riscv-none-embed/8.2.0/rv32imacxw/ilp32\libgcc.a(subsf3.o)
                              ./User/inputs.o (__subsf3)
c:/mounriver/mounriver_studio/toolchain/risc-v embedded gcc/bin/../lib/gcc/riscv-none-embed/8.2.0/rv32imacxw/ilp32\libgcc.a(fixsfsi.o)
                              ./User/dash_draw.o (__fixsfsi)
c:/mounriver/mounriver_studio/toolchain/risc-v embedded gcc/bin/../lib/gcc/riscv-none-embed/8.2.0/rv32imacxw/ilp32\libgcc.a(fixunssfsi.o)
                              ./User/dash_draw.o (__fixunssfsi)
c:/mounriver/mounriver_studio/toolchain/risc-v embedded gcc/bin/../lib/gcc/riscv-none-embed/8.2.0/rv32imacxw/ilp32\libgcc.a(floatsisf.o)
                              ./User/DataModel.o (__floatsisf)
c:/mounriver/mounriver_studio/toolchain/risc-v embedded gcc/bin/../lib/gcc/riscv-none-embed/8.2.0/rv32imacxw/ilp32\libgcc.a(floatunsisf.o)
                              ./User/DataModel.o (__floatunsisf)
c:/mounriver/mounriver_studio/toolchain/risc-v embedded gcc/bin/../lib/gcc/riscv-none-embed/8.2.0/rv32imacxw/ilp32\libgcc.a(save-restore.o)
                              ./User/dash_draw.o (__riscv_save_12)
c:/mounriver/mounriver_studio/toolchain/risc-v embedded gcc/bin/../lib/gcc/riscv-none-embed/8.2.0/rv32imacxw/ilp32\libgcc.a(_clzsi2.o)
                              c:/mounriver/mounriver_studio/toolchain/risc-v embedded gcc/bin/../lib/gcc/riscv-none-embed/8.2.0/rv32imacxw/ilp32\libgcc.a(addsf3.o) (__clzsi2)
c:/mounriver/mounriver_studio/toolchain/risc-v embedded gcc/bin/../lib/gcc/riscv-none-embed/8.2.0/rv32imacxw/ilp32\libgcc.a(_clz.o)
                              c:/mounriver/mounriver_studio/toolchain/risc-v embedded gcc/bin/../lib/gcc/riscv-none-embed/8.2.0/rv32imacxw/ilp32\libgcc.a(_clzsi2.o) (__clz_tab)
c:/mounriver/mounriver_studio/toolchain/risc-v embedded gcc/bin/../lib/gcc/riscv-none-embed/8.2.0/../../../../riscv-none-embed/lib/rv32imacxw/ilp32\libg_nano.a(lib_a-calloc.o)
                              ./CANopenNode/CANopen.o (calloc)
c:/mounriver/mounriver_studio/toolchain/risc-v embedded gcc/bin/../lib/gcc/riscv-none-embed/8.2.0/../../../../riscv-none-embed/lib/rv32imacxw/ilp32\libg_nano.a(lib_a-impure.o)
                              c:/mounriver/mounriver_studio/toolchain/risc-v embedded gcc/bin/../lib/gcc/riscv-none-embed/8.2.0/../../../../riscv-none-embed/lib/rv32imacxw/ilp32\libg_nano.a(lib_a-calloc.o) (_impure_ptr)
c:/mounriver/mounriver_studio/toolchain/risc-v embedded gcc/bin/../lib/gcc/riscv-none-embed/8.2.0/../../../../riscv-none-embed/lib/rv32imacxw/ilp32\libg_nano.a(lib_a-malloc.o)
                              ./CANopenNode/CANopen.o (free)
c:/mounriver/mounriver_studio/toolchain/risc-v embedded gcc/bin/../lib/gcc/riscv-none-embed/8.2.0/../../../../riscv-none-embed/lib/rv32imacxw/ilp32\libg_nano.a(lib_a-memcpy.o)
                              ./User/led.o (memcpy)
c:/mounriver/mounriver_studio/toolchain/risc-v embedded gcc/bin/../lib/gcc/riscv-none-embed/8.2.0/../../../../riscv-none-embed/lib/rv32imacxw/ilp32\libg_nano.a(lib_a-memmove.o)
                              ./CANopenNode/301/CO_SDOserver.o (memmove)
c:/mounriver/mounriver_studio/toolchain/risc-v embedded gcc/bin/../lib/gcc/riscv-none-embed/8.2.0/../../../../riscv-none-embed/lib/rv32imacxw/ilp32\libg_nano.a(lib_a-memset.o)
                              ./User/DataModel.o (memset)
c:/mounriver/mounriver_studio/toolchain/risc-v embedded gcc/bin/../lib/gcc/riscv-none-embed/8.2.0/../../../../riscv-none-embed/lib/rv32imacxw/ilp32\libg_nano.a(lib_a-nano-callocr.o)
[...]
Memory Configuration

Name             Origin             Length             Attributes
FLASH            0x0000000000000000 0x0000000000010000 xr
RAM              0x0000000020000000 0x0000000000005000 xrw
*default*        0x0000000000000000 0xffffffffffffffff

Linker script and memory map

LOAD ./User/CanOpenNode.o
LOAD ./User/DataModel.o
LOAD ./User/ch32v20x_it.o
LOAD ./User/dash_draw.o
LOAD ./User/init.o
LOAD ./User/inputs.o
LOAD ./User/keyboard_task.o
LOAD ./User/led.o
LOAD ./User/main.o
LOAD ./User/process.o
LOAD ./User/system_ch32v20x.o
LOAD ./User/system_init.o
LOAD ./Startup/startup_ch32v20x_D6.o
LOAD ./Peripheral/src/ch32v20x_adc.o
LOAD ./Peripheral/src/ch32v20x_bkp.o
LOAD ./Peripheral/src/ch32v20x_can.o
LOAD ./Peripheral/src/ch32v20x_crc.o
LOAD ./Peripheral/src/ch32v20x_dbgmcu.o
LOAD ./Peripheral/src/ch32v20x_dma.o
LOAD ./Peripheral/src/ch32v20x_exti.o
LOAD ./Peripheral/src/ch32v20x_flash.o
LOAD ./Peripheral/src/ch32v20x_gpio.o
LOAD ./Peripheral/src/ch32v20x_i2c.o
LOAD ./Peripheral/src/ch32v20x_iwdg.o
LOAD ./Peripheral/src/ch32v20x_misc.o
LOAD ./Peripheral/src/ch32v20x_opa.o
LOAD ./Peripheral/src/ch32v20x_pwr.o
LOAD ./Peripheral/src/ch32v20x_rcc.o
LOAD ./Peripheral/src/ch32v20x_rtc.o
LOAD ./Peripheral/src/ch32v20x_spi.o
LOAD ./Peripheral/src/ch32v20x_tim.o
LOAD ./Peripheral/src/ch32v20x_usart.o
LOAD ./Peripheral/src/ch32v20x_wwdg.o
LOAD ./HWLIB/hw_lib_adc.o
LOAD ./HWLIB/hw_lib_din.o
LOAD ./HWLIB/hw_lib_eeprom.o
LOAD ./HWLIB/hw_lib_keyboard.o
LOAD ./HAL/hal_adc.o
LOAD ./HAL/hal_can.o
LOAD ./HAL/hal_dma.o
LOAD ./HAL/hal_gpio.o
LOAD ./HAL/hal_i2c.o
LOAD ./HAL/hal_rtc.o
LOAD ./HAL/hal_spi.o
LOAD ./HAL/hal_timers.o
LOAD ./HAL/hal_wdt.o
LOAD ./FreeRTOS/portable/MemMang/heap_4.o
LOAD ./FreeRTOS/portable/GCC/RISC-V/port.o
LOAD ./FreeRTOS/portable/GCC/RISC-V/portASM.o
LOAD ./FreeRTOS/croutine.o
LOAD ./FreeRTOS/event_groups.o
LOAD ./FreeRTOS/list.o
LOAD ./FreeRTOS/queue.o
LOAD ./FreeRTOS/stream_buffer.o
LOAD ./FreeRTOS/tasks.o
LOAD ./FreeRTOS/timers.o
LOAD ./Drivers/filters.o
LOAD ./Debug/debug.o
LOAD ./Core/core_riscv.o
LOAD ./CANopenNode/keypad/CO_driver_ST32F103.o
LOAD ./CANopenNode/keypad/OD.o
LOAD ./CANopenNode/extra/CO_trace.o
LOAD ./CANopenNode/309/CO_gateway_ascii.o
LOAD ./CANopenNode/305/CO_LSSmaster.o
LOAD ./CANopenNode/305/CO_LSSslave.o
LOAD ./CANopenNode/304/CO_GFC.o
LOAD ./CANopenNode/304/CO_SRDO.o
LOAD ./CANopenNode/303/CO_LEDs.o
LOAD ./CANopenNode/301/CO_Emergency.o
LOAD ./CANopenNode/301/CO_HBconsumer.o
LOAD ./CANopenNode/301/CO_NMT_Heartbeat.o
LOAD ./CANopenNode/301/CO_ODinterface.o
LOAD ./CANopenNode/301/CO_PDO.o
LOAD ./CANopenNode/301/CO_SDOclient.o
LOAD ./CANopenNode/301/CO_SDOserver.o
LOAD ./CANopenNode/301/CO_SYNC.o
LOAD ./CANopenNode/301/CO_TIME.o
LOAD ./CANopenNode/301/CO_fifo.o
LOAD ./CANopenNode/301/crc16-ccitt.o
LOAD ./CANopenNode/CANopen.o
LOAD c:/mounriver/mounriver_studio/toolchain/risc-v embedded gcc/bin/../lib/gcc/riscv-none-embed/8.2.0/../../../../riscv-none-embed/lib/rv32imacxw/ilp32\libm.a
LOAD c:/mounriver/mounriver_studio/toolchain/risc-v embedded gcc/bin/../lib/gcc/riscv-none-embed/8.2.0/rv32imacxw/ilp32\libgcc.a
LOAD c:/mounriver/mounriver_studio/toolchain/risc-v embedded gcc/bin/../lib/gcc/riscv-none-embed/8.2.0/../../../../riscv-none-embed/lib/rv32imacxw/ilp32\libg_nano.a
LOAD c:/mounriver/mounriver_studio/toolchain/risc-v embedded gcc/bin/../lib/gcc/riscv-none-embed/8.2.0/../../../../riscv-none-embed/lib/rv32imacxw/ilp32\libc_nano.a
LOAD c:/mounriver/mounriver_studio/toolchain/risc-v embedded gcc/bin/../lib/gcc/riscv-none-embed/8.2.0/rv32imacxw/ilp32\libgcc.a
START GROUP
LOAD c:/mounriver/mounriver_studio/toolchain/risc-v embedded gcc/bin/../lib/gcc/riscv-none-embed/8.2.0/rv32imacxw/ilp32\libgcc.a
LOAD c:/mounriver/mounriver_studio/toolchain/risc-v embedded gcc/bin/../lib/gcc/riscv-none-embed/8.2.0/../../../../riscv-none-embed/lib/rv32imacxw/ilp32\libc_nano.a
LOAD c:/mounriver/mounriver_studio/toolchain/risc-v embedded gcc/bin/../lib/gcc/riscv-none-embed/8.2.0/../../../../riscv-none-embed/lib/rv32imacxw/ilp32\libnosys.a
END GROUP
START GROUP
LOAD c:/mounriver/mounriver_studio/toolchain/risc-v embedded gcc/bin/../lib/gcc/riscv-none-embed/8.2.0/rv32imacxw/ilp32\libgcc.a
LOAD c:/mounriver/mounriver_studio/toolchain/risc-v embedded gcc/bin/../lib/gcc/riscv-none-embed/8.2.0/../../../../riscv-none-embed/lib/rv32imacxw/ilp32\libc_nano.a
LOAD c:/mounriver/mounriver_studio/toolchain/risc-v embedded gcc/bin/../lib/gcc/riscv-none-embed/8.2.0/../../../../riscv-none-embed/lib/rv32imacxw/ilp32\libnosys.a
END GROUP
                0x0000000000000800                __stack_size = 0x800
                [!provide]                        PROVIDE (_stack_size = __stack_size)

.init           0x0000000000000000       0x38
                0x0000000000000000                _sinit = .
                0x0000000000000000                . = ALIGN (0x4)
 *(SORT_NONE(.init))
 .init          0x0000000000000000       0x38 ./Startup/startup_ch32v20x_D6.o
                0x0000000000000000                _start
                0x0000000000000038                . = ALIGN (0x4)
                0x0000000000000038                _einit = .

.vector         0x0000000000000038      0x108
 *(.vector)
 .vector        0x0000000000000038       0xfc ./Startup/startup_ch32v20x_D6.o
                0x0000000000000140                . = ALIGN (0x40)
 *fill*         0x0000000000000134        0xc 

.text           0x0000000000000200     0xf07c
                0x0000000000000200                . = ALIGN (0x4)
 *(.text)
 .text          0x0000000000000200      0x2ee ./FreeRTOS/portable/GCC/RISC-V/portASM.o
                0x0000000000000200                SW_Handler
                0x0000000000000300                xPortStartFirstTask
                0x0000000000000400                pxPortInitialiseStack
 .text          0x00000000000004ee       0x60 c:/mounriver/mounriver_studio/toolchain/risc-v embedded gcc/bin/../lib/gcc/riscv-none-embed/8.2.0/rv32imacxw/ilp32\libgcc.a(save-restore.o)
                0x00000000000004ee                __riscv_save_12
                0x00000000000004f6                __riscv_save_9
                0x00000000000004f6                __riscv_save_11
                0x00000000000004f6                __riscv_save_10
                0x00000000000004f6                __riscv_save_8
                0x0000000000000504                __riscv_save_4
                0x0000000000000504                __riscv_save_6
                0x0000000000000504                __riscv_save_5
                0x0000000000000504                __riscv_save_7
                0x000000000000051e                __riscv_save_3
                0x000000000000051e                __riscv_save_2
                0x000000000000051e                __riscv_save_1
                0x000000000000051e                __riscv_save_0
                0x000000000000052a                __riscv_restore_12
                0x000000000000052e                __riscv_restore_11
                0x000000000000052e                __riscv_restore_9
                0x000000000000052e                __riscv_restore_10
                0x000000000000052e                __riscv_restore_8
                0x0000000000000538                __riscv_restore_5
                0x0000000000000538                __riscv_restore_7
                0x0000000000000538                __riscv_restore_6
                0x0000000000000538                __riscv_restore_4
                0x0000000000000542                __riscv_restore_3
                0x0000000000000542                __riscv_restore_0
                0x0000000000000542                __riscv_restore_2
                0x0000000000000542                __riscv_restore_1
 .text          0x000000000000054e       0xa8 c:/mounriver/mounriver_studio/toolchain/risc-v embedded gcc/bin/../lib/gcc/riscv-none-embed/8.2.0/../../../../riscv-none-embed/lib/rv32imacxw/ilp32\libg_nano.a(lib_a-memset.o)
                0x000000000000054e                memset
 *(.text.*)
 .text.xCanOpenProcessTaskHandle
                0x00000000000005f6        0xa ./User/CanOpenNode.o
                0x00000000000005f6                xCanOpenProcessTaskHandle
 .text.xCanOpenPeriodicTaskHandle
                0x0000000000000600        0xa ./User/CanOpenNode.o
                0x0000000000000600                xCanOpenPeriodicTaskHandle
 .text.vCanOpenInit
                0x000000000000060a        0xa ./User/CanOpenNode.o
                0x000000000000060a                vCanOpenInit
 .text.vCanOpenProcess
                0x0000000000000614      0x192 ./User/CanOpenNode.o
                0x0000000000000614                vCanOpenProcess
 .text.vCanOpenPeriodicProcess
                0x00000000000007a6       0x82 ./User/CanOpenNode.o
                0x00000000000007a6                vCanOpenPeriodicProcess
 .text.setReg32
                0x0000000000000828       0x1a ./User/DataModel.o
                0x0000000000000828                setReg32
 .text.setReg16
                0x0000000000000842        0xe ./User/DataModel.o
                0x0000000000000842                setReg16
 .text.setReg   0x0000000000000850       0x4c ./User/DataModel.o
                0x0000000000000850                setReg
 .text.SaveReg16
                0x000000000000089c       0x14 ./User/DataModel.o
                0x000000000000089c                SaveReg16
 .text.getReg16
                0x00000000000008b0       0x10 ./User/DataModel.o
                0x00000000000008b0                getReg16
 .text.DataModel_Init
                0x00000000000008c0      0x474 ./User/DataModel.o
                0x00000000000008c0                DataModel_Init
 .text.getReg32
                0x0000000000000d34       0x1c ./User/DataModel.o
                0x0000000000000d34                getReg32
 .text.getReg8  0x0000000000000d50        0xa ./User/DataModel.o
                0x0000000000000d50                getReg8
 .text.WriteReg
                0x0000000000000d5a       0x52 ./User/DataModel.o
                0x0000000000000d5a                WriteReg
 .text.vGetBitrate
                0x0000000000000dac       0x2a ./User/DataModel.o
                0x0000000000000dac                vGetBitrate
 .text.vFDGetNMTState
                0x0000000000000dd6        0x6 ./User/DataModel.o
                0x0000000000000dd6                vFDGetNMTState
 .text.vGetNodeId
                0x0000000000000ddc        0x6 ./User/DataModel.o
                0x0000000000000ddc                vGetNodeId
 .text.vIncrementSystemCounters
                0x0000000000000de2       0x34 ./User/DataModel.o
                0x0000000000000de2                vIncrementSystemCounters
 .text.vSaveData
                0x0000000000000e16       0x16 ./User/DataModel.o
                0x0000000000000e16                vSaveData
 .text.getOdometr
                0x0000000000000e2c        0x4 ./User/DataModel.o
                0x0000000000000e2c                getOdometr
 .text.NMI_Handler
                0x0000000000000e30        0x2 ./User/ch32v20x_it.o
                0x0000000000000e30                NMI_Handler
 .text.HardFault_Handler
                0x0000000000000e32       0x66 ./User/ch32v20x_it.o
                0x0000000000000e32                HardFault_Handler
 .text.SegPrint.constprop.3
                0x0000000000000e98       0x4e ./User/dash_draw.o
 .text.xProcessTaskHandle
                0x0000000000000ee6        0xa ./User/dash_draw.o
                0x0000000000000ee6                xProcessTaskHandle
 .text.vSetErrorReg
                0x0000000000000ef0        0xa ./User/dash_draw.o
                0x0000000000000ef0                vSetErrorReg
 .text.getODValue
                0x0000000000000efa      0x130 ./User/dash_draw.o
                0x0000000000000efa                getODValue
 .text.IncMenuIndex
                0x000000000000102a       0x64 ./User/dash_draw.o
                0x000000000000102a                IncMenuIndex
 .text.GoToHome
                0x000000000000108e       0x12 ./User/dash_draw.o
                0x000000000000108e                GoToHome
 .text.SetCurMenuHome
                0x00000000000010a0       0x16 ./User/dash_draw.o
                0x00000000000010a0                SetCurMenuHome
 .text.GetCurMenuHome
                0x00000000000010b6        0x6 ./User/dash_draw.o
                0x00000000000010b6                GetCurMenuHome
 .text.SetCurrentMenu
                0x00000000000010bc       0x12 ./User/dash_draw.o
                0x00000000000010bc                SetCurrentMenu
 .text.SetDefault
                0x00000000000010ce       0x28 ./User/dash_draw.o
                0x00000000000010ce                SetDefault
 .text.MenuBackHomeCheck
                0x00000000000010f6       0x38 ./User/dash_draw.o
                0x00000000000010f6                MenuBackHomeCheck
 .text.CheckMenuChannel
                0x000000000000112e       0x1a ./User/dash_draw.o
                0x000000000000112e                CheckMenuChannel
 .text.vDashDrawInit
                0x0000000000001148       0x70 ./User/dash_draw.o
                0x0000000000001148                vDashDrawInit
 .text.vRGBOff  0x00000000000011b8       0x26 ./User/dash_draw.o
                0x00000000000011b8                vRGBOff
 .text.vGetEdgeData
                0x00000000000011de       0x2a ./User/dash_draw.o
                0x00000000000011de                vGetEdgeData
 .text.vRGBMode
                0x0000000000001208       0xbe ./User/dash_draw.o
                0x0000000000001208                vRGBMode
 .text.vBarColorMode
                0x00000000000012c6       0xc2 ./User/dash_draw.o
                0x00000000000012c6                vBarColorMode
 .text.vBarWindowMode
                0x0000000000001388       0x5a ./User/dash_draw.o
                0x0000000000001388                vBarWindowMode
 .text.vBarMode
                0x00000000000013e2       0x66 ./User/dash_draw.o
                0x00000000000013e2                vBarMode
 .text.RedrawNotifyTaskToInit
                0x0000000000001448       0x28 ./User/dash_draw.o
                0x0000000000001448                RedrawNotifyTaskToInit
 .text.vRedrawTask
                0x0000000000001470      0x4aa ./User/dash_draw.o
                0x0000000000001470                vRedrawTask
 .text.vInit_DeviceConfig
                0x000000000000191a      0x162 ./User/init.o
                0x000000000000191a                vInit_DeviceConfig
 .text.ADC1_Event
                0x0000000000001a7c       0x48 ./User/inputs.o
                0x0000000000001a7c                ADC1_Event
 .text.CaptureCallBack
                0x0000000000001ac4       0x30 ./User/inputs.o
                0x0000000000001ac4                CaptureCallBack
 .text.fDinStateCallback
                0x0000000000001af4       0x32 ./User/inputs.o
                0x0000000000001af4                fDinStateCallback
 .text.vSetDoutState
                0x0000000000001b26       0x28 ./User/inputs.o
                0x0000000000001b26                vSetDoutState
 .text.getInputsTaskHandle
                0x0000000000001b4e        0xa ./User/inputs.o
                0x0000000000001b4e                getInputsTaskHandle
 .text.InputsNotifyTaskToInit
                0x0000000000001b58       0x28 ./User/inputs.o
                0x0000000000001b58                InputsNotifyTaskToInit
 .text.ADC1_Init
                0x0000000000001b80       0x54 ./User/inputs.o
                0x0000000000001b80                ADC1_Init
 .text.ADC_FSM  0x0000000000001bd4       0xfe ./User/inputs.o
                0x0000000000001bd4                ADC_FSM
 .text.GetAIN   0x0000000000001cd2        0xc ./User/inputs.o
                0x0000000000001cd2                GetAIN
 .text.vInputsTask
                0x0000000000001cde      0x322 ./User/inputs.o
                0x0000000000001cde                vInputsTask
 .text.SPI1_DMA_Callback
                0x0000000000002000       0x38 ./User/led.o
                0x0000000000002000                SPI1_DMA_Callback
 .text.SPI2_DMA_Callback
                0x0000000000002038       0x3e ./User/led.o
                0x0000000000002038                SPI2_DMA_Callback
 .text.SetBarState
                0x0000000000002076       0x50 ./User/led.o
                0x0000000000002076                SetBarState
 .text.SetRGB   0x00000000000020c6       0xa0 ./User/led.o
                0x00000000000020c6                SetRGB
 .text.SetSegDirect
                0x0000000000002166       0x9c ./User/led.o
                0x0000000000002166                SetSegDirect
 .text.SetSEG   0x0000000000002202      0x122 ./User/led.o
                0x0000000000002202                SetSEG
 .text.SetBigSeg
                0x0000000000002324       0x14 ./User/led.o
                0x0000000000002324                SetBigSeg
 .text.vSetBrigth
                0x0000000000002338       0x2a ./User/led.o
                0x0000000000002338                vSetBrigth
 .text.vLedDriverStart
                0x0000000000002362       0x62 ./User/led.o
                0x0000000000002362                vLedDriverStart
 .text.vLedProcess
                0x00000000000023c4       0x2c ./User/led.o
                0x00000000000023c4                vLedProcess
 .text.vRGBProcess
                0x00000000000023f0      0x10e ./User/led.o
                0x00000000000023f0                vRGBProcess
 .text.startup.main
                0x00000000000024fe       0x4a ./User/main.o
                0x00000000000024fe                main
 .text.vRestartNode
                0x0000000000002548        0x2 ./User/main.o
                0x0000000000002548                vRestartNode
 .text.Error_Handler
                0x000000000000254a        0x8 ./User/main.o
                0x000000000000254a                Error_Handler
 .text.OD_writeV1_7
                0x0000000000002552       0x34 ./User/process.o
 .text.OD_writeV8_14
                0x0000000000002586       0x34 ./User/process.o
 .text.WriteRGB
                0x00000000000025ba       0x3c ./User/process.o
 .text.OD_writeRGB1
                0x00000000000025f6       0x16 ./User/process.o
 .text.OD_writeRGB2
                0x000000000000260c       0x18 ./User/process.o
 .text.OD_writeRGB3
                0x0000000000002624       0x18 ./User/process.o
 .text.OD_writeRGB4
                0x000000000000263c       0x18 ./User/process.o
 .text.OD_writeRGB5
                0x0000000000002654       0x18 ./User/process.o
 .text.OD_writeRGB6
                0x000000000000266c       0x18 ./User/process.o
 .text.OD_writeRGB7
                0x0000000000002684       0x18 ./User/process.o
 .text.OD_writeRGB8
                0x000000000000269c       0x18 ./User/process.o
 .text.OD_writeRGB9
                0x00000000000026b4       0x18 ./User/process.o
 .text.OD_writeRGB10
                0x00000000000026cc       0x18 ./User/process.o
 .text.OD_writeRGB11
                0x00000000000026e4       0x18 ./User/process.o
 .text.OD_writeRGB12
                0x00000000000026fc       0x18 ./User/process.o
 .text.OD_writeRGB13
                0x0000000000002714       0x18 ./User/process.o
 .text.OD_writeRGBMAP
                0x000000000000272c       0x40 ./User/process.o
 .text.OD_writeBitrate
                0x000000000000276c       0x32 ./User/process.o
 .text.OD_readAIN_RPM
                0x000000000000279e       0x24 ./User/process.o
 .text.OD_readDIN
                0x00000000000027c2       0x1c ./User/process.o
 .text.OD_writeMenuSetup
                0x00000000000027de       0x56 ./User/process.o
 .text.OD_writeSEG
                0x0000000000002834       0x4c ./User/process.o
 .text.CO_getUint32
                0x0000000000002880       0x18 ./User/process.o
 .text.OD_writeRPMConfig
                0x0000000000002898       0x3a ./User/process.o
 .text.OD_writeMenuMap
                0x00000000000028d2       0x36 ./User/process.o
 .text.OD_writeERROR_REG
                0x0000000000002908       0x2a ./User/process.o
 .text.OD_writeDashParam
                0x0000000000002932       0x34 ./User/process.o
 .text.OD_readDashParam
                0x0000000000002966       0x3a ./User/process.o
 .text.OD_writeBrigth
                0x00000000000029a0       0x6a ./User/process.o
 .text.OD_readMenuSetup
                0x0000000000002a0a       0x38 ./User/process.o
 .text.writeADC.isra.2
                0x0000000000002a42       0x7c ./User/process.o
 .text.OD_writeADC1
                0x0000000000002abe       0x2a ./User/process.o
 .text.OD_writeADC2
                0x0000000000002ae8       0x2a ./User/process.o
 .text.OD_writeADC3
                0x0000000000002b12       0x2a ./User/process.o
 .text.OD_writeV15_17
                0x0000000000002b3c       0x3c ./User/process.o
 .text.OD_writeBAR
                0x0000000000002b78       0x3a ./User/process.o
 .text.vProceesInit
                0x0000000000002bb2      0x238 ./User/process.o
                0x0000000000002bb2                vProceesInit
 .text.SystemInit
                0x0000000000002dea       0xee ./User/system_ch32v20x.o
                0x0000000000002dea                SystemInit
 .text.SystemCoreClockUpdate
                0x0000000000002ed8       0x92 ./User/system_ch32v20x.o
                0x0000000000002ed8                SystemCoreClockUpdate
 .text.StartDefaultTask
                0x0000000000002f6a       0x86 ./User/system_init.o
 .text.vApplicationGetIdleTaskMemory
                0x0000000000002ff0       0x1c ./User/system_init.o
                0x0000000000002ff0                vApplicationGetIdleTaskMemory
 .text.vApplicationGetTimerTaskMemory
                0x000000000000300c       0x1c ./User/system_init.o
                0x000000000000300c                vApplicationGetTimerTaskMemory
 .text.vSYStaskInit
                0x0000000000003028      0x110 ./User/system_init.o
                0x0000000000003028                vSYStaskInit
 .text.vSYSqueueInit
                0x0000000000003138        0x2 ./User/system_init.o
                0x0000000000003138                vSYSqueueInit
 .text.vSYSeventInit
                0x000000000000313a        0x2 ./User/system_init.o
                0x000000000000313a                vSYSeventInit
 .text.vector_handler
                0x000000000000313c       0x6c ./Startup/startup_ch32v20x_D6.o
                0x0000000000003140                Ecall_M_Mode_Handler
                0x0000000000003142                Ecall_U_Mode_Handler
                0x0000000000003144                Break_Point_Handler
                0x000000000000314a                WWDG_IRQHandler
                0x000000000000314c                PVD_IRQHandler
                0x000000000000314e                TAMPER_IRQHandler
                0x0000000000003152                FLASH_IRQHandler
                0x0000000000003154                RCC_IRQHandler
                0x0000000000003156                EXTI0_IRQHandler
                0x0000000000003158                EXTI1_IRQHandler
                0x000000000000315a                EXTI2_IRQHandler
                0x000000000000315c                EXTI3_IRQHandler
                0x000000000000315e                EXTI4_IRQHandler
                0x0000000000003162                DMA1_Channel2_IRQHandler
                0x000000000000316a                DMA1_Channel6_IRQHandler
                0x0000000000003178                EXTI9_5_IRQHandler
                0x000000000000317a                TIM1_BRK_IRQHandler
                0x000000000000317e                TIM1_TRG_COM_IRQHandler
                0x0000000000003190                SPI1_IRQHandler
                0x0000000000003192                SPI2_IRQHandler
                0x0000000000003194                USART1_IRQHandler
                0x0000000000003196                USART2_IRQHandler
                0x0000000000003198                USART3_IRQHandler
                0x000000000000319a                EXTI15_10_IRQHandler
                0x000000000000319c                RTCAlarm_IRQHandler
                0x000000000000319e                USBWakeUp_IRQHandler
                0x00000000000031a0                USBHD_IRQHandler
                0x00000000000031a2                USBHDWakeUp_IRQHandler
                0x00000000000031a4                UART4_IRQHandler
                0x00000000000031a6                DMA1_Channel8_IRQHandler
 .text.handle_reset
                0x00000000000031a8       0x92 ./Startup/startup_ch32v20x_D6.o
                0x00000000000031a8                handle_reset
 .text.ADC_DeInit
                0x000000000000323a       0x46 ./Peripheral/src/ch32v20x_adc.o
                0x000000000000323a                ADC_DeInit
 .text.ADC_Init
                0x0000000000003280       0x56 ./Peripheral/src/ch32v20x_adc.o
                0x0000000000003280                ADC_Init
 .text.ADC_Cmd  0x00000000000032d6       0x10 ./Peripheral/src/ch32v20x_adc.o
                0x00000000000032d6                ADC_Cmd
 .text.ADC_DMACmd
                0x00000000000032e6       0x12 ./Peripheral/src/ch32v20x_adc.o
                0x00000000000032e6                ADC_DMACmd
 .text.ADC_ResetCalibration
                0x00000000000032f8        0xa ./Peripheral/src/ch32v20x_adc.o
                0x00000000000032f8                ADC_ResetCalibration
 .text.ADC_GetResetCalibrationStatus
                0x0000000000003302        0x8 ./Peripheral/src/ch32v20x_adc.o
                0x0000000000003302                ADC_GetResetCalibrationStatus
 .text.ADC_StartCalibration
                0x000000000000330a        0xa ./Peripheral/src/ch32v20x_adc.o
                0x000000000000330a                ADC_StartCalibration
 .text.ADC_GetCalibrationStatus
                0x0000000000003314        0x8 ./Peripheral/src/ch32v20x_adc.o
                0x0000000000003314                ADC_GetCalibrationStatus
 .text.ADC_SoftwareStartConvCmd
                0x000000000000331c       0x18 ./Peripheral/src/ch32v20x_adc.o
                0x000000000000331c                ADC_SoftwareStartConvCmd
 .text.ADC_RegularChannelConfig
                0x0000000000003334       0xb8 ./Peripheral/src/ch32v20x_adc.o
                0x0000000000003334                ADC_RegularChannelConfig
 .text.ADC_ExternalTrigConvCmd
                0x00000000000033ec       0x18 ./Peripheral/src/ch32v20x_adc.o
                0x00000000000033ec                ADC_ExternalTrigConvCmd
 .text.ADC_GetITStatus
                0x0000000000003404       0x1c ./Peripheral/src/ch32v20x_adc.o
                0x0000000000003404                ADC_GetITStatus
 .text.ADC_ClearITPendingBit
                0x0000000000003420        0xa ./Peripheral/src/ch32v20x_adc.o
                0x0000000000003420                ADC_ClearITPendingBit
 .text.ADC_BufferCmd
                0x000000000000342a       0x18 ./Peripheral/src/ch32v20x_adc.o
                0x000000000000342a                ADC_BufferCmd
 .text.Get_CalibrationValue
                0x0000000000003442      0x1fe ./Peripheral/src/ch32v20x_adc.o
                0x0000000000003442                Get_CalibrationValue
 .text.BKP_DeInit
                0x0000000000003640       0x14 ./Peripheral/src/ch32v20x_bkp.o
                0x0000000000003640                BKP_DeInit
 .text.CAN_Init
                0x0000000000003654       0xe8 ./Peripheral/src/ch32v20x_can.o
                0x0000000000003654                CAN_Init
 .text.CAN_FilterInit
                0x000000000000373c      0x118 ./Peripheral/src/ch32v20x_can.o
                0x000000000000373c                CAN_FilterInit
 .text.CAN_Transmit
                0x0000000000003854       0xbc ./Peripheral/src/ch32v20x_can.o
                0x0000000000003854                CAN_Transmit
 .text.CAN_Receive
                0x0000000000003910       0x8c ./Peripheral/src/ch32v20x_can.o
                0x0000000000003910                CAN_Receive
 .text.CAN_OperatingModeRequest
                0x000000000000399c       0x72 ./Peripheral/src/ch32v20x_can.o
                0x000000000000399c                CAN_OperatingModeRequest
 .text.CAN_ITConfig
                0x0000000000003a0e       0x12 ./Peripheral/src/ch32v20x_can.o
                0x0000000000003a0e                CAN_ITConfig
 .text.CAN_GetFlagStatus
                0x0000000000003a20       0x56 ./Peripheral/src/ch32v20x_can.o
                0x0000000000003a20                CAN_GetFlagStatus
 .text.CAN_ClearFlag
                0x0000000000003a76       0x40 ./Peripheral/src/ch32v20x_can.o
                0x0000000000003a76                CAN_ClearFlag
 .text.CAN_ClearITPendingBit
                0x0000000000003ab6       0x94 ./Peripheral/src/ch32v20x_can.o
                0x0000000000003ab6                CAN_ClearITPendingBit
 .text.DMA_Init
                0x0000000000003b4a       0x38 ./Peripheral/src/ch32v20x_dma.o
                0x0000000000003b4a                DMA_Init
 .text.DMA_Cmd  0x0000000000003b82       0x14 ./Peripheral/src/ch32v20x_dma.o
                0x0000000000003b82                DMA_Cmd
 .text.DMA_ITConfig
                0x0000000000003b96       0x12 ./Peripheral/src/ch32v20x_dma.o
                0x0000000000003b96                DMA_ITConfig
 .text.DMA_SetCurrDataCounter
                0x0000000000003ba8        0x4 ./Peripheral/src/ch32v20x_dma.o
                0x0000000000003ba8                DMA_SetCurrDataCounter
 .text.DMA_GetFlagStatus
                0x0000000000003bac        0xe ./Peripheral/src/ch32v20x_dma.o
                0x0000000000003bac                DMA_GetFlagStatus
 .text.DMA_GetITStatus
                0x0000000000003bba        0xc ./Peripheral/src/ch32v20x_dma.o
                0x0000000000003bba                DMA_GetITStatus
 .text.DMA_ClearITPendingBit
                0x0000000000003bc6        0x8 ./Peripheral/src/ch32v20x_dma.o
                0x0000000000003bc6                DMA_ClearITPendingBit
 .text.GPIO_Init
                0x0000000000003bce       0xfa ./Peripheral/src/ch32v20x_gpio.o
                0x0000000000003bce                GPIO_Init
 .text.GPIO_ReadInputDataBit
                0x0000000000003cc8       0x1e ./Peripheral/src/ch32v20x_gpio.o
                0x0000000000003cc8                GPIO_ReadInputDataBit
 .text.GPIO_SetBits
                0x0000000000003ce6       0x18 ./Peripheral/src/ch32v20x_gpio.o
                0x0000000000003ce6                GPIO_SetBits
 .text.GPIO_ResetBits
                0x0000000000003cfe       0x18 ./Peripheral/src/ch32v20x_gpio.o
                0x0000000000003cfe                GPIO_ResetBits
 .text.GPIO_PinRemapConfig
                0x0000000000003d16       0xf2 ./Peripheral/src/ch32v20x_gpio.o
                0x0000000000003d16                GPIO_PinRemapConfig
 .text.I2C_Init
                0x0000000000003e08       0xf2 ./Peripheral/src/ch32v20x_i2c.o
                0x0000000000003e08                I2C_Init
 .text.I2C_Cmd  0x0000000000003efa       0x18 ./Peripheral/src/ch32v20x_i2c.o
                0x0000000000003efa                I2C_Cmd
 .text.I2C_GenerateSTART
                0x0000000000003f12       0x1a ./Peripheral/src/ch32v20x_i2c.o
                0x0000000000003f12                I2C_GenerateSTART
 .text.I2C_GenerateSTOP
                0x0000000000003f2c       0x1a ./Peripheral/src/ch32v20x_i2c.o
                0x0000000000003f2c                I2C_GenerateSTOP
 .text.I2C_AcknowledgeConfig
                0x0000000000003f46       0x1a ./Peripheral/src/ch32v20x_i2c.o
                0x0000000000003f46                I2C_AcknowledgeConfig
 .text.I2C_DualAddressCmd
                0x0000000000003f60       0x18 ./Peripheral/src/ch32v20x_i2c.o
                0x0000000000003f60                I2C_DualAddressCmd
 .text.I2C_ITConfig
                0x0000000000003f78       0x12 ./Peripheral/src/ch32v20x_i2c.o
                0x0000000000003f78                I2C_ITConfig
 .text.I2C_SendData
                0x0000000000003f8a        0x4 ./Peripheral/src/ch32v20x_i2c.o
                0x0000000000003f8a                I2C_SendData
 .text.I2C_ReceiveData
                0x0000000000003f8e        0x8 ./Peripheral/src/ch32v20x_i2c.o
                0x0000000000003f8e                I2C_ReceiveData
 .text.I2C_Send7bitAddress
                0x0000000000003f96       0x12 ./Peripheral/src/ch32v20x_i2c.o
                0x0000000000003f96                I2C_Send7bitAddress
 .text.I2C_ReadRegister
                0x0000000000003fa8       0x14 ./Peripheral/src/ch32v20x_i2c.o
                0x0000000000003fa8                I2C_ReadRegister
 .text.I2C_GetFlagStatus
                0x0000000000003fbc       0x32 ./Peripheral/src/ch32v20x_i2c.o
                0x0000000000003fbc                I2C_GetFlagStatus
 .text.I2C_ClearFlag
                0x0000000000003fee        0xc ./Peripheral/src/ch32v20x_i2c.o
                0x0000000000003fee                I2C_ClearFlag
 .text.NVIC_PriorityGroupConfig
                0x0000000000003ffa        0xa ./Peripheral/src/ch32v20x_misc.o
                0x0000000000003ffa                NVIC_PriorityGroupConfig
 .text.NVIC_Init
                0x0000000000004004       0xaa ./Peripheral/src/ch32v20x_misc.o
                0x0000000000004004                NVIC_Init
 .text.PWR_BackupAccessCmd
                0x00000000000040ae       0x16 ./Peripheral/src/ch32v20x_pwr.o
                0x00000000000040ae                PWR_BackupAccessCmd
 .text.RCC_ADCCLKConfig
                0x00000000000040c4       0x12 ./Peripheral/src/ch32v20x_rcc.o
                0x00000000000040c4                RCC_ADCCLKConfig
 .text.RCC_LSEConfig
                0x00000000000040d6       0x28 ./Peripheral/src/ch32v20x_rcc.o
                0x00000000000040d6                RCC_LSEConfig
 .text.RCC_RTCCLKConfig
                0x00000000000040fe        0xc ./Peripheral/src/ch32v20x_rcc.o
                0x00000000000040fe                RCC_RTCCLKConfig
 .text.RCC_RTCCLKCmd
                0x000000000000410a       0x20 ./Peripheral/src/ch32v20x_rcc.o
                0x000000000000410a                RCC_RTCCLKCmd
 .text.RCC_GetClocksFreq
                0x000000000000412a       0xbe ./Peripheral/src/ch32v20x_rcc.o
                0x000000000000412a                RCC_GetClocksFreq
 .text.RCC_AHBPeriphClockCmd
                0x00000000000041e8       0x1e ./Peripheral/src/ch32v20x_rcc.o
                0x00000000000041e8                RCC_AHBPeriphClockCmd
 .text.RCC_APB2PeriphClockCmd
                0x0000000000004206       0x1e ./Peripheral/src/ch32v20x_rcc.o
                0x0000000000004206                RCC_APB2PeriphClockCmd
 .text.RCC_APB1PeriphClockCmd
                0x0000000000004224       0x1e ./Peripheral/src/ch32v20x_rcc.o
                0x0000000000004224                RCC_APB1PeriphClockCmd
 .text.RCC_APB2PeriphResetCmd
                0x0000000000004242       0x1e ./Peripheral/src/ch32v20x_rcc.o
                0x0000000000004242                RCC_APB2PeriphResetCmd
 .text.RCC_APB1PeriphResetCmd
                0x0000000000004260       0x1e ./Peripheral/src/ch32v20x_rcc.o
                0x0000000000004260                RCC_APB1PeriphResetCmd
 .text.RCC_BackupResetCmd
                0x000000000000427e       0x20 ./Peripheral/src/ch32v20x_rcc.o
                0x000000000000427e                RCC_BackupResetCmd
 .text.RCC_GetFlagStatus
                0x000000000000429e       0x2e ./Peripheral/src/ch32v20x_rcc.o
                0x000000000000429e                RCC_GetFlagStatus
 .text.RTC_ITConfig
                0x00000000000042cc       0x1a ./Peripheral/src/ch32v20x_rtc.o
                0x00000000000042cc                RTC_ITConfig
 .text.RTC_EnterConfigMode
                0x00000000000042e6       0x12 ./Peripheral/src/ch32v20x_rtc.o
                0x00000000000042e6                RTC_EnterConfigMode
 .text.RTC_ExitConfigMode
                0x00000000000042f8       0x18 ./Peripheral/src/ch32v20x_rtc.o
                0x00000000000042f8                RTC_ExitConfigMode
 .text.RTC_SetPrescaler
                0x0000000000004310       0x2e ./Peripheral/src/ch32v20x_rtc.o
                0x0000000000004310                RTC_SetPrescaler
 .text.RTC_WaitForLastTask
                0x000000000000433e       0x10 ./Peripheral/src/ch32v20x_rtc.o
                0x000000000000433e                RTC_WaitForLastTask
 .text.RTC_WaitForSynchro
                0x000000000000434e       0x24 ./Peripheral/src/ch32v20x_rtc.o
                0x000000000000434e                RTC_WaitForSynchro
 .text.RTC_ClearFlag
                0x0000000000004372       0x14 ./Peripheral/src/ch32v20x_rtc.o
                0x0000000000004372                RTC_ClearFlag
 .text.RTC_GetITStatus
                0x0000000000004386       0x20 ./Peripheral/src/ch32v20x_rtc.o
                0x0000000000004386                RTC_GetITStatus
 .text.RTC_ClearITPendingBit
                0x00000000000043a6        0xc ./Peripheral/src/ch32v20x_rtc.o
                0x00000000000043a6                RTC_ClearITPendingBit
 .text.SPI_I2S_DeInit
                0x00000000000043b2       0x3e ./Peripheral/src/ch32v20x_spi.o
                0x00000000000043b2                SPI_I2S_DeInit
 .text.SPI_Init
                0x00000000000043f0       0x3e ./Peripheral/src/ch32v20x_spi.o
                0x00000000000043f0                SPI_Init
 .text.SPI_Cmd  0x000000000000442e       0x1a ./Peripheral/src/ch32v20x_spi.o
                0x000000000000442e                SPI_Cmd
 .text.SPI_I2S_DMACmd
                0x0000000000004448       0x12 ./Peripheral/src/ch32v20x_spi.o
                0x0000000000004448                SPI_I2S_DMACmd
 .text.SPI_I2S_GetFlagStatus
                0x000000000000445a        0xa ./Peripheral/src/ch32v20x_spi.o
                0x000000000000445a                SPI_I2S_GetFlagStatus
 .text.SPI_I2S_ClearFlag
                0x0000000000004464        0xc ./Peripheral/src/ch32v20x_spi.o
                0x0000000000004464                SPI_I2S_ClearFlag
 .text.TI1_Config
                0x0000000000004470       0x6a ./Peripheral/src/ch32v20x_tim.o
 .text.TI2_Config
                0x00000000000044da       0x82 ./Peripheral/src/ch32v20x_tim.o
 .text.TIM_DeInit
                0x000000000000455c       0x8a ./Peripheral/src/ch32v20x_tim.o
                0x000000000000455c                TIM_DeInit
 .text.TIM_TimeBaseInit
                0x00000000000045e6       0x6a ./Peripheral/src/ch32v20x_tim.o
                0x00000000000045e6                TIM_TimeBaseInit
 .text.TIM_OC1Init
                0x0000000000004650       0x6a ./Peripheral/src/ch32v20x_tim.o
                0x0000000000004650                TIM_OC1Init
 .text.TIM_OC2Init
                0x00000000000046ba       0x96 ./Peripheral/src/ch32v20x_tim.o
                0x00000000000046ba                TIM_OC2Init
 .text.TIM_OC3Init
                0x0000000000004750       0x94 ./Peripheral/src/ch32v20x_tim.o
                0x0000000000004750                TIM_OC3Init
 .text.TIM_OC4Init
                0x00000000000047e4       0x6c ./Peripheral/src/ch32v20x_tim.o
                0x00000000000047e4                TIM_OC4Init
 .text.TIM_TimeBaseStructInit
                0x0000000000004850       0x16 ./Peripheral/src/ch32v20x_tim.o
                0x0000000000004850                TIM_TimeBaseStructInit
 .text.TIM_Cmd  0x0000000000004866       0x18 ./Peripheral/src/ch32v20x_tim.o
                0x0000000000004866                TIM_Cmd
 .text.TIM_CtrlPWMOutputs
                0x000000000000487e       0x16 ./Peripheral/src/ch32v20x_tim.o
                0x000000000000487e                TIM_CtrlPWMOutputs
 .text.TIM_ITConfig
                0x0000000000004894       0x12 ./Peripheral/src/ch32v20x_tim.o
                0x0000000000004894                TIM_ITConfig
 .text.TIM_DMACmd
                0x00000000000048a6        0xc ./Peripheral/src/ch32v20x_tim.o
                0x00000000000048a6                TIM_DMACmd
 .text.TIM_InternalClockConfig
                0x00000000000048b2       0x10 ./Peripheral/src/ch32v20x_tim.o
                0x00000000000048b2                TIM_InternalClockConfig
 .text.TIM_ARRPreloadConfig
                0x00000000000048c2       0x1a ./Peripheral/src/ch32v20x_tim.o
                0x00000000000048c2                TIM_ARRPreloadConfig
 .text.TIM_OC1PreloadConfig
                0x00000000000048dc        0xe ./Peripheral/src/ch32v20x_tim.o
                0x00000000000048dc                TIM_OC1PreloadConfig
 .text.TIM_OC2PreloadConfig
                0x00000000000048ea       0x16 ./Peripheral/src/ch32v20x_tim.o
                0x00000000000048ea                TIM_OC2PreloadConfig
 .text.TIM_OC3PreloadConfig
                0x0000000000004900        0xe ./Peripheral/src/ch32v20x_tim.o
                0x0000000000004900                TIM_OC3PreloadConfig
 .text.TIM_OC4PreloadConfig
                0x000000000000490e       0x16 ./Peripheral/src/ch32v20x_tim.o
                0x000000000000490e                TIM_OC4PreloadConfig
 .text.TIM_SetIC1Prescaler
                0x0000000000004924       0x16 ./Peripheral/src/ch32v20x_tim.o
                0x0000000000004924                TIM_SetIC1Prescaler
 .text.TIM_SetIC2Prescaler
                0x000000000000493a       0x1a ./Peripheral/src/ch32v20x_tim.o
                0x000000000000493a                TIM_SetIC2Prescaler
 .text.TIM_SetIC3Prescaler
                0x0000000000004954       0x16 ./Peripheral/src/ch32v20x_tim.o
                0x0000000000004954                TIM_SetIC3Prescaler
 .text.TIM_SetIC4Prescaler
                0x000000000000496a       0x1a ./Peripheral/src/ch32v20x_tim.o
                0x000000000000496a                TIM_SetIC4Prescaler
 .text.TIM_ICInit
                0x0000000000004984      0x168 ./Peripheral/src/ch32v20x_tim.o
                0x0000000000004984                TIM_ICInit
 .text.TIM_GetCapture3
                0x0000000000004aec        0x4 ./Peripheral/src/ch32v20x_tim.o
                0x0000000000004aec                TIM_GetCapture3
 .text.TIM_GetCapture4
                0x0000000000004af0        0x6 ./Peripheral/src/ch32v20x_tim.o
                0x0000000000004af0                TIM_GetCapture4
 .text.TIM_GetFlagStatus
                0x0000000000004af6        0xa ./Peripheral/src/ch32v20x_tim.o
                0x0000000000004af6                TIM_GetFlagStatus
 .text.TIM_ClearFlag
                0x0000000000004b00        0xc ./Peripheral/src/ch32v20x_tim.o
                0x0000000000004b00                TIM_ClearFlag
 .text.TIM_GetITStatus
                0x0000000000004b0c       0x18 ./Peripheral/src/ch32v20x_tim.o
                0x0000000000004b0c                TIM_GetITStatus
 .text.TIM_ClearITPendingBit
                0x0000000000004b24        0xc ./Peripheral/src/ch32v20x_tim.o
                0x0000000000004b24                TIM_ClearITPendingBit
 .text.USART_Init
                0x0000000000004b30       0xbc ./Peripheral/src/ch32v20x_usart.o
                0x0000000000004b30                USART_Init
 .text.USART_Cmd
                0x0000000000004bec       0x16 ./Peripheral/src/ch32v20x_usart.o
                0x0000000000004bec                USART_Cmd
 .text.USART_SendData
                0x0000000000004c02        0x8 ./Peripheral/src/ch32v20x_usart.o
                0x0000000000004c02                USART_SendData
 .text.USART_GetFlagStatus
                0x0000000000004c0a        0xa ./Peripheral/src/ch32v20x_usart.o
                0x0000000000004c0a                USART_GetFlagStatus
 .text.vAINInit
                0x0000000000004c14       0x36 ./HWLIB/hw_lib_adc.o
                0x0000000000004c14                vAINInit
 .text.fGetAinCalData
                0x0000000000004c4a       0xb2 ./HWLIB/hw_lib_adc.o
                0x0000000000004c4a                fGetAinCalData
 .text.eAinCalDataConfig
                0x0000000000004cfc       0x48 ./HWLIB/hw_lib_adc.o
                0x0000000000004cfc                eAinCalDataConfig
 .text.vABLineKoofFinde
                0x0000000000004d44       0x6a ./HWLIB/hw_lib_adc.o
                0x0000000000004d44                vABLineKoofFinde
 .text.eSetAinCalPoint
                0x0000000000004dae       0x64 ./HWLIB/hw_lib_adc.o
                0x0000000000004dae                eSetAinCalPoint
 .text.getADC1Buffer
                0x0000000000004e12        0xa ./HWLIB/hw_lib_adc.o
                0x0000000000004e12                getADC1Buffer
 .text.eDOUTConfigWtihStruct
                0x0000000000004e1c       0x1a ./HWLIB/hw_lib_din.o
                0x0000000000004e1c                eDOUTConfigWtihStruct
 .text.eSetDUT  0x0000000000004e36       0x12 ./HWLIB/hw_lib_din.o
                0x0000000000004e36                eSetDUT
 .text.eDinConfigWtihStruct
                0x0000000000004e48       0x32 ./HWLIB/hw_lib_din.o
                0x0000000000004e48                eDinConfigWtihStruct
 .text.uGetDIN  0x0000000000004e7a       0x14 ./HWLIB/hw_lib_din.o
                0x0000000000004e7a                uGetDIN
 .text.xGetDIN  0x0000000000004e8e       0x24 ./HWLIB/hw_lib_din.o
                0x0000000000004e8e                xGetDIN
 .text.eRPMConfig
                0x0000000000004eb2       0x5a ./HWLIB/hw_lib_din.o
                0x0000000000004eb2                eRPMConfig
 .text.RMPDataConvert
                0x0000000000004f0c       0x78 ./HWLIB/hw_lib_din.o
                0x0000000000004f0c                RMPDataConvert
 .text.getCaputreBuffer
                0x0000000000004f84       0x16 ./HWLIB/hw_lib_din.o
                0x0000000000004f84                getCaputreBuffer
 .text.GetRPM   0x0000000000004f9a       0x74 ./HWLIB/hw_lib_din.o
                0x0000000000004f9a                GetRPM
 .text.xGetRPM  0x000000000000500e       0x72 ./HWLIB/hw_lib_din.o
                0x000000000000500e                xGetRPM
 .text.vDinDoutProcess
                0x0000000000005080       0x98 ./HWLIB/hw_lib_din.o
                0x0000000000005080                vDinDoutProcess
 .text.vInitEEPROM
                0x0000000000005118       0x18 ./HWLIB/hw_lib_eeprom.o
                0x0000000000005118                vInitEEPROM
 .text.xGetEEPROM
                0x0000000000005130        0xa ./HWLIB/hw_lib_eeprom.o
                0x0000000000005130                xGetEEPROM
 .text.eEEPROMWr
                0x000000000000513a       0xb0 ./HWLIB/hw_lib_eeprom.o
                0x000000000000513a                eEEPROMWr
 .text.eEEPROMRd
                0x00000000000051ea       0x34 ./HWLIB/hw_lib_eeprom.o
                0x00000000000051ea                eEEPROMRd
 .text.bReadEEPROM
                0x000000000000521e       0x1a ./HWLIB/hw_lib_eeprom.o
                0x000000000000521e                bReadEEPROM
 .text.Get_ConversionVal
                0x0000000000005238       0x2e ./HAL/hal_adc.o
                0x0000000000005238                Get_ConversionVal
 .text.HAL_ADC_CommonConfig
                0x0000000000005266        0xe ./HAL/hal_adc.o
                0x0000000000005266                HAL_ADC_CommonConfig
 .text.HAL_ADC_ContiniusScanCinvertionDMA
                0x0000000000005274       0xda ./HAL/hal_adc.o
                0x0000000000005274                HAL_ADC_ContiniusScanCinvertionDMA
 .text.ADC1_2_IRQHandler
                0x000000000000534e       0x74 ./HAL/hal_adc.o
                0x000000000000534e                ADC1_2_IRQHandler
 .text.HAL_CANSetTXCallback
                0x00000000000053c2        0xa ./HAL/hal_can.o
                0x00000000000053c2                HAL_CANSetTXCallback
 .text.HAL_CANSetRXCallback
                0x00000000000053cc        0xa ./HAL/hal_can.o
                0x00000000000053cc                HAL_CANSetRXCallback
 .text.HAL_CANSetERRCallback
                0x00000000000053d6        0xa ./HAL/hal_can.o
                0x00000000000053d6                HAL_CANSetERRCallback
 .text.HAL_CANIntIT
                0x00000000000053e0      0x124 ./HAL/hal_can.o
                0x00000000000053e0                HAL_CANIntIT
 .text.HAL_CANToInitMode
                0x0000000000005504       0x16 ./HAL/hal_can.o
                0x0000000000005504                HAL_CANToInitMode
 .text.HAL_CANToOperatingMode
                0x000000000000551a       0x16 ./HAL/hal_can.o
                0x000000000000551a                HAL_CANToOperatingMode
 .text.HAL_CANSend
                0x0000000000005530       0x50 ./HAL/hal_can.o
                0x0000000000005530                HAL_CANSend
 .text.HAL_CANSetFiters
                0x0000000000005580       0x3a ./HAL/hal_can.o
                0x0000000000005580                HAL_CANSetFiters
 .text.HAL_CANGetRXMessage
                0x00000000000055ba       0x52 ./HAL/hal_can.o
                0x00000000000055ba                HAL_CANGetRXMessage
 .text.USB_HP_CAN1_TX_IRQHandler
                0x000000000000560c       0xd6 ./HAL/hal_can.o
                0x000000000000560c                USB_HP_CAN1_TX_IRQHandler
 .text.USB_LP_CAN1_RX0_IRQHandler
                0x00000000000056e2       0x62 ./HAL/hal_can.o
                0x00000000000056e2                USB_LP_CAN1_RX0_IRQHandler
 .text.CAN1_RX1_IRQHandler
                0x0000000000005744       0x64 ./HAL/hal_can.o
                0x0000000000005744                CAN1_RX1_IRQHandler
 .text.CAN1_SCE_IRQHandler
                0x00000000000057a8       0x62 ./HAL/hal_can.o
                0x00000000000057a8                CAN1_SCE_IRQHandler
 .text.HAL_DMA_Enable
                0x000000000000580a        0xe ./HAL/hal_dma.o
                0x000000000000580a                HAL_DMA_Enable
 .text.HAL_DMA_Disable
                0x0000000000005818        0xe ./HAL/hal_dma.o
                0x0000000000005818                HAL_DMA_Disable
 .text.HAL_DMA_SetCounter
                0x0000000000005826       0x10 ./HAL/hal_dma.o
                0x0000000000005826                HAL_DMA_SetCounter
 .text.HAL_DMAInitIT
                0x0000000000005836      0x172 ./HAL/hal_dma.o
                0x0000000000005836                HAL_DMAInitIT
 .text.HAL_ADC_StartDMA
                0x00000000000059a8       0x64 ./HAL/hal_dma.o
                0x00000000000059a8                HAL_ADC_StartDMA
 .text.DMA1_Channel1_IRQHandler
                0x0000000000005a0c       0x64 ./HAL/hal_dma.o
                0x0000000000005a0c                DMA1_Channel1_IRQHandler
 .text.DMA1_Channel3_IRQHandler
                0x0000000000005a70       0x68 ./HAL/hal_dma.o
                0x0000000000005a70                DMA1_Channel3_IRQHandler
 .text.DMA1_Channel5_IRQHandler
                0x0000000000005ad8       0x66 ./HAL/hal_dma.o
                0x0000000000005ad8                DMA1_Channel5_IRQHandler
 .text.DMA1_Channel4_IRQHandler
                0x0000000000005b3e       0x64 ./HAL/hal_dma.o
                0x0000000000005b3e                DMA1_Channel4_IRQHandler
 .text.DMA1_Channel7_IRQHandler
                0x0000000000005ba2       0x68 ./HAL/hal_dma.o
                0x0000000000005ba2                DMA1_Channel7_IRQHandler
 .text.HAL_InitGpioLib
                0x0000000000005c0a       0x12 ./HAL/hal_gpio.o
                0x0000000000005c0a                HAL_InitGpioLib
 .text.HAL_InitGpioRCC
                0x0000000000005c1c       0xb6 ./HAL/hal_gpio.o
                0x0000000000005c1c                HAL_InitGpioRCC
 .text.HAL_InitGpioOut
                0x0000000000005cd2       0x28 ./HAL/hal_gpio.o
                0x0000000000005cd2                HAL_InitGpioOut
 .text.HAL_InitGpioAIN
                0x0000000000005cfa       0x26 ./HAL/hal_gpio.o
                0x0000000000005cfa                HAL_InitGpioAIN
 .text.HAL_InitGpioIn
                0x0000000000005d20       0x28 ./HAL/hal_gpio.o
                0x0000000000005d20                HAL_InitGpioIn
 .text.HAL_InitGpioAF
                0x0000000000005d48       0x3c ./HAL/hal_gpio.o
                0x0000000000005d48                HAL_InitGpioAF
 .text.HAL_GetBit
                0x0000000000005d84        0xc ./HAL/hal_gpio.o
                0x0000000000005d84                HAL_GetBit
 .text.HAL_SetBit
                0x0000000000005d90        0xc ./HAL/hal_gpio.o
                0x0000000000005d90                HAL_SetBit
 .text.HAL_ResetBit
                0x0000000000005d9c        0xc ./HAL/hal_gpio.o
                0x0000000000005d9c                HAL_ResetBit
 .text.I2C_Master_TransmitIT
                0x0000000000005da8       0xa4 ./HAL/hal_i2c.o
 .text.I2C_Master_ReviceIT
                0x0000000000005e4c       0xb8 ./HAL/hal_i2c.o
 .text.I2C_FSM  0x0000000000005f04      0x1d6 ./HAL/hal_i2c.o
 .text.InitI2CDMA
                0x00000000000060da      0x116 ./HAL/hal_i2c.o
                0x00000000000060da                InitI2CDMA
 .text.I2C1_EV_IRQHandler
                0x00000000000061f0       0x4c ./HAL/hal_i2c.o
                0x00000000000061f0                I2C1_EV_IRQHandler
 .text.I2C1_ER_IRQHandler
                0x000000000000623c       0x4c ./HAL/hal_i2c.o
                0x000000000000623c                I2C1_ER_IRQHandler
 .text.I2C2_EV_IRQHandler
                0x0000000000006288       0x4c ./HAL/hal_i2c.o
                0x0000000000006288                I2C2_EV_IRQHandler
 .text.I2C2_ER_IRQHandler
                0x00000000000062d4       0x4c ./HAL/hal_i2c.o
                0x00000000000062d4                I2C2_ER_IRQHandler
 .text.HAL_RTC_IT_Init
                0x0000000000006320       0xb0 ./HAL/hal_rtc.o
                0x0000000000006320                HAL_RTC_IT_Init
 .text.RTC_IRQHandler
                0x00000000000063d0       0x64 ./HAL/hal_rtc.o
                0x00000000000063d0                RTC_IRQHandler
 .text.HAL_SPI_InitDMA
                0x0000000000006434       0x96 ./HAL/hal_spi.o
                0x0000000000006434                HAL_SPI_InitDMA
 .text.HAL_SPI_RXOveleyClear
                0x00000000000064ca       0x10 ./HAL/hal_spi.o
                0x00000000000064ca                HAL_SPI_RXOveleyClear
 .text.HAL_SPI_GetBusy
                0x00000000000064da       0x16 ./HAL/hal_spi.o
                0x00000000000064da                HAL_SPI_GetBusy
 .text.vTimerInitRCC
                0x00000000000064f0       0x48 ./HAL/hal_timers.o
 .text.TIM1_CC_IRQHandler
                0x0000000000006538       0xea ./HAL/hal_timers.o
                0x0000000000006538                TIM1_CC_IRQHandler
 .text.TIM1_UP_IRQHandler
                0x0000000000006622       0x74 ./HAL/hal_timers.o
                0x0000000000006622                TIM1_UP_IRQHandler
 .text.TIM4_IRQHandler
                0x0000000000006696       0x74 ./HAL/hal_timers.o
                0x0000000000006696                TIM4_IRQHandler
 .text.TIM3_IRQHandler
                0x000000000000670a       0x74 ./HAL/hal_timers.o
                0x000000000000670a                TIM3_IRQHandler
 .text.TIM2_IRQHandler
                0x000000000000677e       0x6c ./HAL/hal_timers.o
                0x000000000000677e                TIM2_IRQHandler
 .text.HAL_TiemrEneblae
                0x00000000000067ea       0x1c ./HAL/hal_timers.o
                0x00000000000067ea                HAL_TiemrEneblae
 .text.HW_TIMER_BaseTimerInit
                0x0000000000006806       0x60 ./HAL/hal_timers.o
                0x0000000000006806                HW_TIMER_BaseTimerInit
 .text.HAL_TIMER_InitIt
                0x0000000000006866       0xa4 ./HAL/hal_timers.o
                0x0000000000006866                HAL_TIMER_InitIt
 .text.HAL_TIMER_PWMTimersInit
                0x000000000000690a       0xec ./HAL/hal_timers.o
                0x000000000000690a                HAL_TIMER_PWMTimersInit
 .text.HAL_TimeInitCaptureIT
                0x00000000000069f6      0x142 ./HAL/hal_timers.o
                0x00000000000069f6                HAL_TimeInitCaptureIT
 .text.HAL_TimeInitCaptureDMA
                0x0000000000006b38      0x114 ./HAL/hal_timers.o
                0x0000000000006b38                HAL_TimeInitCaptureDMA
 .text.HAL_TIMER_DisablePWMCH
                0x0000000000006c4c       0x1c ./HAL/hal_timers.o
                0x0000000000006c4c                HAL_TIMER_DisablePWMCH
 .text.HAL_TIMER_SetPWMPulse
                0x0000000000006c68       0x80 ./HAL/hal_timers.o
                0x0000000000006c68                HAL_TIMER_SetPWMPulse
 .text.HAL_TIMER_EnablePWMCH
                0x0000000000006ce8       0x1c ./HAL/hal_timers.o
                0x0000000000006ce8                HAL_TIMER_EnablePWMCH
 .text.HAL_WDTReset
                0x0000000000006d04        0x2 ./HAL/hal_wdt.o
                0x0000000000006d04                HAL_WDTReset
 .text.prvInsertBlockIntoFreeList
                0x0000000000006d06       0x4c ./FreeRTOS/portable/MemMang/heap_4.o
 .text.pvPortMalloc
                0x0000000000006d52      0x18a ./FreeRTOS/portable/MemMang/heap_4.o
                0x0000000000006d52                pvPortMalloc
 .text.vPortFree
                0x0000000000006edc       0xa8 ./FreeRTOS/portable/MemMang/heap_4.o
                0x0000000000006edc                vPortFree
 .text.vPortSetupTimerInterrupt
                0x0000000000006f84       0x3e ./FreeRTOS/portable/GCC/RISC-V/port.o
                0x0000000000006f84                vPortSetupTimerInterrupt
 .text.xPortStartScheduler
                0x0000000000006fc2       0x90 ./FreeRTOS/portable/GCC/RISC-V/port.o
                0x0000000000006fc2                xPortStartScheduler
 .text.SysTick_Handler
                0x0000000000007052       0x7c ./FreeRTOS/portable/GCC/RISC-V/port.o
                0x0000000000007052                SysTick_Handler
 .text.vPortEnterCritical
                0x00000000000070ce       0x16 ./FreeRTOS/portable/GCC/RISC-V/port.o
                0x00000000000070ce                vPortEnterCritical
 .text.vPortExitCritical
                0x00000000000070e4       0x42 ./FreeRTOS/portable/GCC/RISC-V/port.o
                0x00000000000070e4                vPortExitCritical
 .text.xPortSetInterruptMask
                0x0000000000007126        0xc ./FreeRTOS/portable/GCC/RISC-V/port.o
                0x0000000000007126                xPortSetInterruptMask
 .text.vPortClearInterruptMask
                0x0000000000007132        0x6 ./FreeRTOS/portable/GCC/RISC-V/port.o
                0x0000000000007132                vPortClearInterruptMask
 .text.vListInitialise
                0x0000000000007138       0x14 ./FreeRTOS/list.o
                0x0000000000007138                vListInitialise
 .text.vListInitialiseItem
                0x000000000000714c        0x6 ./FreeRTOS/list.o
                0x000000000000714c                vListInitialiseItem
 .text.vListInsertEnd
                0x0000000000007152       0x18 ./FreeRTOS/list.o
                0x0000000000007152                vListInsertEnd
 .text.vListInsert
                0x000000000000716a       0x2e ./FreeRTOS/list.o
                0x000000000000716a                vListInsert
 .text.uxListRemove
                0x0000000000007198       0x20 ./FreeRTOS/list.o
                0x0000000000007198                uxListRemove
 .text.prvIsQueueEmpty
                0x00000000000071b8       0x1e ./FreeRTOS/queue.o
 .text.prvCopyDataToQueue
                0x00000000000071d6       0x72 ./FreeRTOS/queue.o
 .text.prvCopyDataFromQueue
                0x0000000000007248       0x28 ./FreeRTOS/queue.o
 .text.prvUnlockQueue
                0x0000000000007270       0x76 ./FreeRTOS/queue.o
 .text.xQueueGenericReset
                0x00000000000072e6       0xc4 ./FreeRTOS/queue.o
                0x00000000000072e6                xQueueGenericReset
 .text.xQueueGenericCreateStatic
                0x00000000000073aa       0xae ./FreeRTOS/queue.o
                0x00000000000073aa                xQueueGenericCreateStatic
 .text.xQueueGenericCreate
                0x0000000000007458       0x72 ./FreeRTOS/queue.o
                0x0000000000007458                xQueueGenericCreate
 .text.xQueueGenericSend
                0x00000000000074ca      0x1a8 ./FreeRTOS/queue.o
                0x00000000000074ca                xQueueGenericSend
 .text.xQueueGiveMutexRecursive
                0x0000000000007672       0x56 ./FreeRTOS/queue.o
                0x0000000000007672                xQueueGiveMutexRecursive
 .text.xQueueCreateMutex
                0x00000000000076c8       0x2e ./FreeRTOS/queue.o
                0x00000000000076c8                xQueueCreateMutex
 .text.xQueueReceive
                0x00000000000076f6      0x166 ./FreeRTOS/queue.o
                0x00000000000076f6                xQueueReceive
 .text.xQueueSemaphoreTake
                0x000000000000785c      0x1be ./FreeRTOS/queue.o
                0x000000000000785c                xQueueSemaphoreTake
 .text.xQueueTakeMutexRecursive
                0x0000000000007a1a       0x5a ./FreeRTOS/queue.o
                0x0000000000007a1a                xQueueTakeMutexRecursive
 .text.vQueueAddToRegistry
                0x0000000000007a74       0x6c ./FreeRTOS/queue.o
                0x0000000000007a74                vQueueAddToRegistry
 .text.vQueueWaitForMessageRestricted
                0x0000000000007ae0       0x5c ./FreeRTOS/queue.o
                0x0000000000007ae0                vQueueWaitForMessageRestricted
 .text.prvIdleTask
                0x0000000000007b3c        0x2 ./FreeRTOS/tasks.o
 .text.prvAddNewTaskToReadyList
                0x0000000000007b3e      0x10e ./FreeRTOS/tasks.o
 .text.prvResetNextTaskUnblockTime
                0x0000000000007c4c       0x20 ./FreeRTOS/tasks.o
 .text.prvTaskIsTaskSuspended
                0x0000000000007c6c       0x50 ./FreeRTOS/tasks.o
 .text.prvInitialiseNewTask.isra.2
                0x0000000000007cbc       0xc8 ./FreeRTOS/tasks.o
 .text.prvAddCurrentTaskToDelayedList
                0x0000000000007d84       0xa4 ./FreeRTOS/tasks.o
 .text.xTaskCreateStatic
                0x0000000000007e28       0xa6 ./FreeRTOS/tasks.o
                0x0000000000007e28                xTaskCreateStatic
 .text.vTaskResume
                0x0000000000007ece       0xaa ./FreeRTOS/tasks.o
                0x0000000000007ece                vTaskResume
 .text.vTaskStartScheduler
                0x0000000000007f78       0x90 ./FreeRTOS/tasks.o
                0x0000000000007f78                vTaskStartScheduler
 .text.vTaskSuspendAll
                0x0000000000008008       0x10 ./FreeRTOS/tasks.o
                0x0000000000008008                vTaskSuspendAll
 .text.xTaskGetTickCount
                0x0000000000008018        0x6 ./FreeRTOS/tasks.o
                0x0000000000008018                xTaskGetTickCount
 .text.xTaskIncrementTick
                0x000000000000801e      0x198 ./FreeRTOS/tasks.o
                0x000000000000801e                xTaskIncrementTick
 .text.xTaskResumeAll
                0x00000000000081b6      0x158 ./FreeRTOS/tasks.o
                0x00000000000081b6                xTaskResumeAll
 .text.vTaskDelay
                0x000000000000830e       0x66 ./FreeRTOS/tasks.o
                0x000000000000830e                vTaskDelay
 .text.vTaskSwitchContext
                0x0000000000008374       0x96 ./FreeRTOS/tasks.o
                0x0000000000008374                vTaskSwitchContext
 .text.vTaskSuspend
                0x000000000000840a       0xea ./FreeRTOS/tasks.o
                0x000000000000840a                vTaskSuspend
 .text.vTaskPlaceOnEventList
                0x00000000000084f4       0x48 ./FreeRTOS/tasks.o
                0x00000000000084f4                vTaskPlaceOnEventList
 .text.vTaskPlaceOnEventListRestricted
                0x000000000000853c       0x76 ./FreeRTOS/tasks.o
                0x000000000000853c                vTaskPlaceOnEventListRestricted
 .text.xTaskRemoveFromEventList
                0x00000000000085b2       0xe8 ./FreeRTOS/tasks.o
                0x00000000000085b2                xTaskRemoveFromEventList
 .text.vTaskInternalSetTimeOutState
                0x000000000000869a        0xe ./FreeRTOS/tasks.o
                0x000000000000869a                vTaskInternalSetTimeOutState
 .text.xTaskCheckForTimeOut
                0x00000000000086a8       0xaa ./FreeRTOS/tasks.o
                0x00000000000086a8                xTaskCheckForTimeOut
 .text.vTaskMissedYield
                0x0000000000008752        0x8 ./FreeRTOS/tasks.o
                0x0000000000008752                vTaskMissedYield
 .text.xTaskGetCurrentTaskHandle
                0x000000000000875a        0xa ./FreeRTOS/tasks.o
                0x000000000000875a                xTaskGetCurrentTaskHandle
 .text.xTaskGetSchedulerState
                0x0000000000008764       0x18 ./FreeRTOS/tasks.o
                0x0000000000008764                xTaskGetSchedulerState
 .text.xTaskPriorityInherit
                0x000000000000877c       0xae ./FreeRTOS/tasks.o
                0x000000000000877c                xTaskPriorityInherit
 .text.xTaskPriorityDisinherit
                0x000000000000882a       0xca ./FreeRTOS/tasks.o
                0x000000000000882a                xTaskPriorityDisinherit
 .text.vTaskPriorityDisinheritAfterTimeout
                0x00000000000088f4       0xe6 ./FreeRTOS/tasks.o
                0x00000000000088f4                vTaskPriorityDisinheritAfterTimeout
 .text.pvTaskIncrementMutexHeldCount
                0x00000000000089da       0x1c ./FreeRTOS/tasks.o
                0x00000000000089da                pvTaskIncrementMutexHeldCount
 .text.ulTaskGenericNotifyTake
                0x00000000000089f6       0xb8 ./FreeRTOS/tasks.o
                0x00000000000089f6                ulTaskGenericNotifyTake
 .text.xTaskGenericNotifyWait
                0x0000000000008aae       0xe6 ./FreeRTOS/tasks.o
                0x0000000000008aae                xTaskGenericNotifyWait
 .text.xTaskGenericNotify
                0x0000000000008b94      0x1b0 ./FreeRTOS/tasks.o
                0x0000000000008b94                xTaskGenericNotify
 .text.xTaskGenericNotifyFromISR
                0x0000000000008d44      0x1ec ./FreeRTOS/tasks.o
                0x0000000000008d44                xTaskGenericNotifyFromISR
 .text.ulTaskGenericNotifyValueClear
                0x0000000000008f30       0x3e ./FreeRTOS/tasks.o
                0x0000000000008f30                ulTaskGenericNotifyValueClear
 .text.prvCheckForValidListAndQueue
                0x0000000000008f6e       0x6a ./FreeRTOS/timers.o
 .text.prvInsertTimerInActiveList
                0x0000000000008fd8       0x3e ./FreeRTOS/timers.o
 .text.prvReloadTimer
                0x0000000000009016       0x2a ./FreeRTOS/timers.o
 .text.prvProcessExpiredTimer
                0x0000000000009040       0x42 ./FreeRTOS/timers.o
 .text.prvSwitchTimerLists
                0x0000000000009082       0x28 ./FreeRTOS/timers.o
 .text.prvTimerTask
                0x00000000000090aa      0x188 ./FreeRTOS/timers.o
 .text.xTimerCreateTimerTask
                0x0000000000009232       0x6e ./FreeRTOS/timers.o
                0x0000000000009232                xTimerCreateTimerTask
 .text.vRCFilter
                0x00000000000092a0       0x30 ./Drivers/filters.o
                0x00000000000092a0                vRCFilter
 .text.vInitABFilter
                0x00000000000092d0       0x22 ./Drivers/filters.o
                0x00000000000092d0                vInitABFilter
 .text.vInitRunAverga
                0x00000000000092f2        0x8 ./Drivers/filters.o
                0x00000000000092f2                vInitRunAverga
 .text.vInitMedianFilter
                0x00000000000092fa       0x12 ./Drivers/filters.o
                0x00000000000092fa                vInitMedianFilter
 .text.MedianFilter
                0x000000000000930c       0x6e ./Drivers/filters.o
                0x000000000000930c                MedianFilter
 .text.Delay_Init
                0x000000000000937a       0x2a ./Debug/debug.o
                0x000000000000937a                Delay_Init
 .text.Delay_Ms
                0x00000000000093a4       0x36 ./Debug/debug.o
                0x00000000000093a4                Delay_Ms
 .text.USART_Printf_Init
                0x00000000000093da       0x5a ./Debug/debug.o
                0x00000000000093da                USART_Printf_Init
 .text._write   0x0000000000009434       0x3e ./Debug/debug.o
                0x0000000000009434                _write
 .text._sbrk    0x0000000000009472       0x2a ./Debug/debug.o
                0x0000000000009472                _sbrk
 .text.__get_MEPC
                0x000000000000949c        0x6 ./Core/core_riscv.o
                0x000000000000949c                __get_MEPC
 .text.__get_MCAUSE
                0x00000000000094a2        0x6 ./Core/core_riscv.o
                0x00000000000094a2                __get_MCAUSE
 .text.__get_MTVAL
                0x00000000000094a8        0x6 ./Core/core_riscv.o
                0x00000000000094a8                __get_MTVAL
 .text.prv_read_can_received_msg
                0x00000000000094ae       0x50 ./CANopenNode/keypad/CO_driver_ST32F103.o
                0x00000000000094ae                prv_read_can_received_msg
 .text.prv_send_can_message.isra.0
                0x00000000000094fe       0x2c ./CANopenNode/keypad/CO_driver_ST32F103.o
 .text.CAN_SendMessage
                0x000000000000952a       0x66 ./CANopenNode/keypad/CO_driver_ST32F103.o
                0x000000000000952a                CAN_SendMessage
 .text.co_drv_create_os_objects
                0x0000000000009590       0x30 ./CANopenNode/keypad/CO_driver_ST32F103.o
                0x0000000000009590                co_drv_create_os_objects
 .text.co_drv_mutex_lock
                0x00000000000095c0       0x18 ./CANopenNode/keypad/CO_driver_ST32F103.o
                0x00000000000095c0                co_drv_mutex_lock
 .text.co_drv_mutex_unlock
                0x00000000000095d8       0x16 ./CANopenNode/keypad/CO_driver_ST32F103.o
                0x00000000000095d8                co_drv_mutex_unlock
 .text.CO_CANsetConfigurationMode
                0x00000000000095ee       0x10 ./CANopenNode/keypad/CO_driver_ST32F103.o
                0x00000000000095ee                CO_CANsetConfigurationMode
 .text.CO_CANsetNormalMode
                0x00000000000095fe       0x1c ./CANopenNode/keypad/CO_driver_ST32F103.o
                0x00000000000095fe                CO_CANsetNormalMode
 .text.CO_CANmodule_init
                0x000000000000961a      0x110 ./CANopenNode/keypad/CO_driver_ST32F103.o
                0x000000000000961a                CO_CANmodule_init
 .text.CO_CANmodule_disable
                0x000000000000972a       0x14 ./CANopenNode/keypad/CO_driver_ST32F103.o
                0x000000000000972a                CO_CANmodule_disable
 .text.CO_CANrxBufferInit
                0x000000000000973e       0x52 ./CANopenNode/keypad/CO_driver_ST32F103.o
                0x000000000000973e                CO_CANrxBufferInit
 .text.CO_CANtxBufferInit
                0x0000000000009790       0x3a ./CANopenNode/keypad/CO_driver_ST32F103.o
                0x0000000000009790                CO_CANtxBufferInit
 .text.CO_CANmodule_process
                0x00000000000097ca       0x12 ./CANopenNode/keypad/CO_driver_ST32F103.o
                0x00000000000097ca                CO_CANmodule_process
 .text.CO_CANsend
                0x00000000000097dc       0x46 ./CANopenNode/keypad/CO_driver_ST32F103.o
                0x00000000000097dc                CO_CANsend
 .text.CO_LSSslave_receive
                0x0000000000009822      0x1a8 ./CANopenNode/305/CO_LSSslave.o
 .text.CO_LSSslave_init
                0x00000000000099ca       0xa4 ./CANopenNode/305/CO_LSSslave.o
                0x00000000000099ca                CO_LSSslave_init
 .text.CO_LSSslave_process
                0x0000000000009a6e      0x1a2 ./CANopenNode/305/CO_LSSslave.o
                0x0000000000009a6e                CO_LSSslave_process
 .text.OD_write_1003
                0x0000000000009c10       0x28 ./CANopenNode/301/CO_Emergency.o
 .text.OD_read_1003
                0x0000000000009c38       0x8c ./CANopenNode/301/CO_Emergency.o
 .text.OD_read_1014_default
                0x0000000000009cc4       0x50 ./CANopenNode/301/CO_Emergency.o
 .text.CO_EM_init
                0x0000000000009d14      0x112 ./CANopenNode/301/CO_Emergency.o
                0x0000000000009d14                CO_EM_init
 .text.CO_error
                0x0000000000009e26       0xc4 ./CANopenNode/301/CO_Emergency.o
                0x0000000000009e26                CO_error
 .text.CO_EM_process
                0x0000000000009eea      0x17e ./CANopenNode/301/CO_Emergency.o
                0x0000000000009eea                CO_EM_process
 .text.CO_NMT_receive
                0x000000000000a068       0x18 ./CANopenNode/301/CO_NMT_Heartbeat.o
 .text.OD_write_1017
                0x000000000000a080       0x48 ./CANopenNode/301/CO_NMT_Heartbeat.o
 .text.CO_NMT_init
                0x000000000000a0c8       0xec ./CANopenNode/301/CO_NMT_Heartbeat.o
                0x000000000000a0c8                CO_NMT_init
 .text.CO_NMT_process
                0x000000000000a1b4      0x106 ./CANopenNode/301/CO_NMT_Heartbeat.o
                0x000000000000a1b4                CO_NMT_process
 .text.OD_readDisabled
                0x000000000000a2ba        0x4 ./CANopenNode/301/CO_ODinterface.o
 .text.OD_readOriginal
                0x000000000000a2be       0x50 ./CANopenNode/301/CO_ODinterface.o
                0x000000000000a2be                OD_readOriginal
 .text.OD_writeOriginal
                0x000000000000a30e       0x54 ./CANopenNode/301/CO_ODinterface.o
                0x000000000000a30e                OD_writeOriginal
 .text.OD_writeDisabled
                0x000000000000a362        0x4 ./CANopenNode/301/CO_ODinterface.o
 .text.OD_find  0x000000000000a366       0x70 ./CANopenNode/301/CO_ODinterface.o
                0x000000000000a366                OD_find
 .text.OD_getSub
                0x000000000000a3d6       0xf2 ./CANopenNode/301/CO_ODinterface.o
                0x000000000000a3d6                OD_getSub
 .text.OD_getSDOabCode
                0x000000000000a4c8       0x20 ./CANopenNode/301/CO_ODinterface.o
                0x000000000000a4c8                OD_getSDOabCode
 .text.OD_get_value
                0x000000000000a4e8       0x34 ./CANopenNode/301/CO_ODinterface.o
                0x000000000000a4e8                OD_get_value
 .text.OD_set_value
                0x000000000000a51c       0x2e ./CANopenNode/301/CO_ODinterface.o
                0x000000000000a51c                OD_set_value
 .text.OD_getPtr
                0x000000000000a54a       0x3c ./CANopenNode/301/CO_ODinterface.o
                0x000000000000a54a                OD_getPtr
 .text.OD_write_dummy
                0x000000000000a586        0x8 ./CANopenNode/301/CO_PDO.o
 .text.OD_read_dummy
                0x000000000000a58e       0x2e ./CANopenNode/301/CO_PDO.o
 .text.PDOconfigMap
                0x000000000000a5bc       0xfc ./CANopenNode/301/CO_PDO.o
 .text.CO_PDO_receive
                0x000000000000a6b8       0x48 ./CANopenNode/301/CO_PDO.o
 .text.OD_read_PDO_commParam
                0x000000000000a700       0x70 ./CANopenNode/301/CO_PDO.o
 .text.PDO_initMapping.constprop.3
                0x000000000000a770       0xe4 ./CANopenNode/301/CO_PDO.o
 .text.OD_write_PDO_mapping
                0x000000000000a854       0xb2 ./CANopenNode/301/CO_PDO.o
 .text.OD_write_18xx
                0x000000000000a906      0x184 ./CANopenNode/301/CO_PDO.o
 .text.OD_write_14xx
                0x000000000000aa8a      0x15a ./CANopenNode/301/CO_PDO.o
 .text.CO_RPDO_init
                0x000000000000abe4      0x172 ./CANopenNode/301/CO_PDO.o
                0x000000000000abe4                CO_RPDO_init
 .text.CO_RPDO_process
                0x000000000000ad56      0x114 ./CANopenNode/301/CO_PDO.o
                0x000000000000ad56                CO_RPDO_process
 .text.CO_TPDO_init
                0x000000000000ae6a      0x1d2 ./CANopenNode/301/CO_PDO.o
                0x000000000000ae6a                CO_TPDO_init
 .text.CO_TPDO_process
                0x000000000000b03c      0x15e ./CANopenNode/301/CO_PDO.o
                0x000000000000b03c                CO_TPDO_process
 .text.CO_SDOserver_init_canRxTx
                0x000000000000b19a       0x82 ./CANopenNode/301/CO_SDOserver.o
 .text.CO_SDO_receive
                0x000000000000b21c       0x38 ./CANopenNode/301/CO_SDOserver.o
 .text.readFromOd.isra.1.constprop.5
                0x000000000000b254       0xf6 ./CANopenNode/301/CO_SDOserver.o
 .text.OD_write_1201_additional
                0x000000000000b34a      0x158 ./CANopenNode/301/CO_SDOserver.o
 .text.CO_SDOserver_init
                0x000000000000b4a2      0x172 ./CANopenNode/301/CO_SDOserver.o
                0x000000000000b4a2                CO_SDOserver_init
 .text.CO_SDOserver_process
                0x000000000000b614      0x60e ./CANopenNode/301/CO_SDOserver.o
                0x000000000000b614                CO_SDOserver_process
 .text.CO_delete
                0x000000000000bc22       0x56 ./CANopenNode/CANopen.o
                0x000000000000bc22                CO_delete
 .text.CO_new   0x000000000000bc78      0x102 ./CANopenNode/CANopen.o
                0x000000000000bc78                CO_new
 .text.CO_CANinit
                0x000000000000bd7a       0x36 ./CANopenNode/CANopen.o
                0x000000000000bd7a                CO_CANinit
 .text.CO_LSSinit
                0x000000000000bdb0       0x32 ./CANopenNode/CANopen.o
                0x000000000000bdb0                CO_LSSinit
 .text.CO_CANopenInit
                0x000000000000bde2       0xb8 ./CANopenNode/CANopen.o
                0x000000000000bde2                CO_CANopenInit
 .text.CO_CANopenInitPDO
                0x000000000000be9a       0xea ./CANopenNode/CANopen.o
                0x000000000000be9a                CO_CANopenInitPDO
 .text.CO_process
                0x000000000000bf84       0x7e ./CANopenNode/CANopen.o
                0x000000000000bf84                CO_process
 .text.CO_process_RPDO
                0x000000000000c002       0x40 ./CANopenNode/CANopen.o
                0x000000000000c002                CO_process_RPDO
 .text.CO_process_TPDO
                0x000000000000c042       0x40 ./CANopenNode/CANopen.o
                0x000000000000c042                CO_process_TPDO
 .text.__addsf3
                0x000000000000c082      0x36a c:/mounriver/mounriver_studio/toolchain/risc-v embedded gcc/bin/../lib/gcc/riscv-none-embed/8.2.0/rv32imacxw/ilp32\libgcc.a(addsf3.o)
                0x000000000000c082                __addsf3
 .text.__divsf3
                0x000000000000c3ec      0x2b2 c:/mounriver/mounriver_studio/toolchain/risc-v embedded gcc/bin/../lib/gcc/riscv-none-embed/8.2.0/rv32imacxw/ilp32\libgcc.a(divsf3.o)
                0x000000000000c3ec                __divsf3
 .text.__gesf2  0x000000000000c69e       0x86 c:/mounriver/mounriver_studio/toolchain/risc-v embedded gcc/bin/../lib/gcc/riscv-none-embed/8.2.0/rv32imacxw/ilp32\libgcc.a(gesf2.o)
                0x000000000000c69e                __gesf2
                0x000000000000c69e                __gtsf2
 .text.__lesf2  0x000000000000c724       0x8c c:/mounriver/mounriver_studio/toolchain/risc-v embedded gcc/bin/../lib/gcc/riscv-none-embed/8.2.0/rv32imacxw/ilp32\libgcc.a(lesf2.o)
                0x000000000000c724                __ltsf2
                0x000000000000c724                __lesf2
 .text.__mulsf3
                0x000000000000c7b0      0x290 c:/mounriver/mounriver_studio/toolchain/risc-v embedded gcc/bin/../lib/gcc/riscv-none-embed/8.2.0/rv32imacxw/ilp32\libgcc.a(mulsf3.o)
                0x000000000000c7b0                __mulsf3
 .text.__subsf3
                0x000000000000ca40      0x388 c:/mounriver/mounriver_studio/toolchain/risc-v embedded gcc/bin/../lib/gcc/riscv-none-embed/8.2.0/rv32imacxw/ilp32\libgcc.a(subsf3.o)
                0x000000000000ca40                __subsf3
 .text.__fixsfsi
                0x000000000000cdc8       0x62 c:/mounriver/mounriver_studio/toolchain/risc-v embedded gcc/bin/../lib/gcc/riscv-none-embed/8.2.0/rv32imacxw/ilp32\libgcc.a(fixsfsi.o)
                0x000000000000cdc8                __fixsfsi
 .text.__fixunssfsi
                0x000000000000ce2a       0x56 c:/mounriver/mounriver_studio/toolchain/risc-v embedded gcc/bin/../lib/gcc/riscv-none-embed/8.2.0/rv32imacxw/ilp32\libgcc.a(fixunssfsi.o)
                0x000000000000ce2a                __fixunssfsi
 .text.__floatsisf
                0x000000000000ce80       0xc6 c:/mounriver/mounriver_studio/toolchain/risc-v embedded gcc/bin/../lib/gcc/riscv-none-embed/8.2.0/rv32imacxw/ilp32\libgcc.a(floatsisf.o)
                0x000000000000ce80                __floatsisf
 .text.__floatunsisf
                0x000000000000cf46       0xce c:/mounriver/mounriver_studio/toolchain/risc-v embedded gcc/bin/../lib/gcc/riscv-none-embed/8.2.0/rv32imacxw/ilp32\libgcc.a(floatunsisf.o)
                0x000000000000cf46                __floatunsisf
 .text.__clzsi2
                0x000000000000d014       0x6e c:/mounriver/mounriver_studio/toolchain/risc-v embedded gcc/bin/../lib/gcc/riscv-none-embed/8.2.0/rv32imacxw/ilp32\libgcc.a(_clzsi2.o)
                0x000000000000d014                __clzsi2
 .text.calloc   0x000000000000d082        0xc c:/mounriver/mounriver_studio/toolchain/risc-v embedded gcc/bin/../lib/gcc/riscv-none-embed/8.2.0/../../../../riscv-none-embed/lib/rv32imacxw/ilp32\libg_nano.a(lib_a-calloc.o)
                0x000000000000d082                calloc
 .text.free     0x000000000000d08e        0xa c:/mounriver/mounriver_studio/toolchain/risc-v embedded gcc/bin/../lib/gcc/riscv-none-embed/8.2.0/../../../../riscv-none-embed/lib/rv32imacxw/ilp32\libg_nano.a(lib_a-malloc.o)
                0x000000000000d08e                free
 .text.memcpy   0x000000000000d098       0xb2 c:/mounriver/mounriver_studio/toolchain/risc-v embedded gcc/bin/../lib/gcc/riscv-none-embed/8.2.0/../../../../riscv-none-embed/lib/rv32imacxw/ilp32\libg_nano.a(lib_a-memcpy.o)
                0x000000000000d098                memcpy
 .text.memmove  0x000000000000d14a       0x46 c:/mounriver/mounriver_studio/toolchain/risc-v embedded gcc/bin/../lib/gcc/riscv-none-embed/8.2.0/../../../../riscv-none-embed/lib/rv32imacxw/ilp32\libg_nano.a(lib_a-memmove.o)
                0x000000000000d14a                memmove
 .text._calloc_r
                0x000000000000d190       0x26 c:/mounriver/mounriver_studio/toolchain/risc-v embedded gcc/bin/../lib/gcc/riscv-none-embed/8.2.0/../../../../riscv-none-embed/lib/rv32imacxw/ilp32\libg_nano.a(lib_a-nano-callocr.o)
                0x000000000000d190                _calloc_r
 .text._free_r  0x000000000000d1b6       0xa8 c:/mounriver/mounriver_studio/toolchain/risc-v embedded gcc/bin/../lib/gcc/riscv-none-embed/8.2.0/../../../../riscv-none-embed/lib/rv32imacxw/ilp32\libg_nano.a(lib_a-nano-freer.o)
                0x000000000000d1b6                _free_r
 .text._malloc_r
                0x000000000000d25e       0xd4 c:/mounriver/mounriver_studio/toolchain/risc-v embedded gcc/bin/../lib/gcc/riscv-none-embed/8.2.0/../../../../riscv-none-embed/lib/rv32imacxw/ilp32\libg_nano.a(lib_a-nano-mallocr.o)
                0x000000000000d25e                _malloc_r
 .text.printf   0x000000000000d332       0x40 c:/mounriver/mounriver_studio/toolchain/risc-v embedded gcc/bin/../lib/gcc/riscv-none-embed/8.2.0/../../../../riscv-none-embed/lib/rv32imacxw/ilp32\libg_nano.a(lib_a-printf.o)
                0x000000000000d332                iprintf
                0x000000000000d332                printf
 .text._puts_r  0x000000000000d372       0xd4 c:/mounriver/mounriver_studio/toolchain/risc-v embedded gcc/bin/../lib/gcc/riscv-none-embed/8.2.0/../../../../riscv-none-embed/lib/rv32imacxw/ilp32\libg_nano.a(lib_a-puts.o)
                0x000000000000d372                _puts_r
 .text.puts     0x000000000000d446        0xc c:/mounriver/mounriver_studio/toolchain/risc-v embedded gcc/bin/../lib/gcc/riscv-none-embed/8.2.0/../../../../riscv-none-embed/lib/rv32imacxw/ilp32\libg_nano.a(lib_a-puts.o)
                0x000000000000d446                puts
 .text._sbrk_r  0x000000000000d452       0x32 c:/mounriver/mounriver_studio/toolchain/risc-v embedded gcc/bin/../lib/gcc/riscv-none-embed/8.2.0/../../../../riscv-none-embed/lib/rv32imacxw/ilp32\libg_nano.a(lib_a-sbrkr.o)
                0x000000000000d452                _sbrk_r
 .text.strlen   0x000000000000d484       0x12 c:/mounriver/mounriver_studio/toolchain/risc-v embedded gcc/bin/../lib/gcc/riscv-none-embed/8.2.0/../../../../riscv-none-embed/lib/rv32imacxw/ilp32\libg_nano.a(lib_a-strlen.o)
                0x000000000000d484                strlen
 .text.__swbuf_r
                0x000000000000d496       0xbc c:/mounriver/mounriver_studio/toolchain/risc-v embedded gcc/bin/../lib/gcc/riscv-none-embed/8.2.0/../../../../riscv-none-embed/lib/rv32imacxw/ilp32\libg_nano.a(lib_a-wbuf.o)
                0x000000000000d496                __swbuf_r
 .text.__swsetup_r
                0x000000000000d552       0xfe c:/mounriver/mounriver_studio/toolchain/risc-v embedded gcc/bin/../lib/gcc/riscv-none-embed/8.2.0/../../../../riscv-none-embed/lib/rv32imacxw/ilp32\libg_nano.a(lib_a-wsetup.o)
                0x000000000000d552                __swsetup_r
 .text.__sflush_r
                0x000000000000d650      0x132 c:/mounriver/mounriver_studio/toolchain/risc-v embedded gcc/bin/../lib/gcc/riscv-none-embed/8.2.0/../../../../riscv-none-embed/lib/rv32imacxw/ilp32\libg_nano.a(lib_a-fflush.o)
                0x000000000000d650                __sflush_r
 .text._fflush_r
                0x000000000000d782       0x66 c:/mounriver/mounriver_studio/toolchain/risc-v embedded gcc/bin/../lib/gcc/riscv-none-embed/8.2.0/../../../../riscv-none-embed/lib/rv32imacxw/ilp32\libg_nano.a(lib_a-fflush.o)
                0x000000000000d782                _fflush_r
 .text.std      0x000000000000d7e8       0x66 c:/mounriver/mounriver_studio/toolchain/risc-v embedded gcc/bin/../lib/gcc/riscv-none-embed/8.2.0/../../../../riscv-none-embed/lib/rv32imacxw/ilp32\libg_nano.a(lib_a-findfp.o)
 .text._cleanup_r
                0x000000000000d84e        0xa c:/mounriver/mounriver_studio/toolchain/risc-v embedded gcc/bin/../lib/gcc/riscv-none-embed/8.2.0/../../../../riscv-none-embed/lib/rv32imacxw/ilp32\libg_nano.a(lib_a-findfp.o)
                0x000000000000d84e                _cleanup_r
 .text.__sfmoreglue
                0x000000000000d858       0x48 c:/mounriver/mounriver_studio/toolchain/risc-v embedded gcc/bin/../lib/gcc/riscv-none-embed/8.2.0/../../../../riscv-none-embed/lib/rv32imacxw/ilp32\libg_nano.a(lib_a-findfp.o)
                0x000000000000d858                __sfmoreglue
 .text.__sinit  0x000000000000d8a0       0x6c c:/mounriver/mounriver_studio/toolchain/risc-v embedded gcc/bin/../lib/gcc/riscv-none-embed/8.2.0/../../../../riscv-none-embed/lib/rv32imacxw/ilp32\libg_nano.a(lib_a-findfp.o)
                0x000000000000d8a0                __sinit
 .text.__sfp    0x000000000000d90c       0xa0 c:/mounriver/mounriver_studio/toolchain/risc-v embedded gcc/bin/../lib/gcc/riscv-none-embed/8.2.0/../../../../riscv-none-embed/lib/rv32imacxw/ilp32\libg_nano.a(lib_a-findfp.o)
                0x000000000000d90c                __sfp
 .text._fwalk_reent
                0x000000000000d9ac       0x6a c:/mounriver/mounriver_studio/toolchain/risc-v embedded gcc/bin/../lib/gcc/riscv-none-embed/8.2.0/../../../../riscv-none-embed/lib/rv32imacxw/ilp32\libg_nano.a(lib_a-fwalk.o)
                0x000000000000d9ac                _fwalk_reent
 .text.__swhatbuf_r
                0x000000000000da16       0x58 c:/mounriver/mounriver_studio/toolchain/risc-v embedded gcc/bin/../lib/gcc/riscv-none-embed/8.2.0/../../../../riscv-none-embed/lib/rv32imacxw/ilp32\libg_nano.a(lib_a-makebuf.o)
                0x000000000000da16                __swhatbuf_r
 .text.__smakebuf_r
                0x000000000000da6e       0x94 c:/mounriver/mounriver_studio/toolchain/risc-v embedded gcc/bin/../lib/gcc/riscv-none-embed/8.2.0/../../../../riscv-none-embed/lib/rv32imacxw/ilp32\libg_nano.a(lib_a-makebuf.o)
                0x000000000000da6e                __smakebuf_r
 .text.__malloc_lock
                0x000000000000db02        0x2 c:/mounriver/mounriver_studio/toolchain/risc-v embedded gcc/bin/../lib/gcc/riscv-none-embed/8.2.0/../../../../riscv-none-embed/lib/rv32imacxw/ilp32\libg_nano.a(lib_a-mlock.o)
                0x000000000000db02                __malloc_lock
 .text.__malloc_unlock
                0x000000000000db04        0x2 c:/mounriver/mounriver_studio/toolchain/risc-v embedded gcc/bin/../lib/gcc/riscv-none-embed/8.2.0/../../../../riscv-none-embed/lib/rv32imacxw/ilp32\libg_nano.a(lib_a-mlock.o)
                0x000000000000db04                __malloc_unlock
 .text.__sfputc_r
                0x000000000000db06       0x28 c:/mounriver/mounriver_studio/toolchain/risc-v embedded gcc/bin/../lib/gcc/riscv-none-embed/8.2.0/../../../../riscv-none-embed/lib/rv32imacxw/ilp32\libg_nano.a(lib_a-nano-vfprintf.o)
 .text.__sfputs_r
                0x000000000000db2e       0x42 c:/mounriver/mounriver_studio/toolchain/risc-v embedded gcc/bin/../lib/gcc/riscv-none-embed/8.2.0/../../../../riscv-none-embed/lib/rv32imacxw/ilp32\libg_nano.a(lib_a-nano-vfprintf.o)
                0x000000000000db2e                __sfputs_r
 .text._vfprintf_r
                0x000000000000db70      0x288 c:/mounriver/mounriver_studio/toolchain/risc-v embedded gcc/bin/../lib/gcc/riscv-none-embed/8.2.0/../../../../riscv-none-embed/lib/rv32imacxw/ilp32\libg_nano.a(lib_a-nano-vfprintf.o)
                0x000000000000db70                _vfprintf_r
                0x000000000000db70                _vfiprintf_r
 .text._printf_common
                0x000000000000ddf8      0x10c c:/mounriver/mounriver_studio/toolchain/risc-v embedded gcc/bin/../lib/gcc/riscv-none-embed/8.2.0/../../../../riscv-none-embed/lib/rv32imacxw/ilp32\libg_nano.a(lib_a-nano-vfprintf_i.o)
                0x000000000000ddf8                _printf_common
 .text._printf_i
                0x000000000000df04      0x2a2 c:/mounriver/mounriver_studio/toolchain/risc-v embedded gcc/bin/../lib/gcc/riscv-none-embed/8.2.0/../../../../riscv-none-embed/lib/rv32imacxw/ilp32\libg_nano.a(lib_a-nano-vfprintf_i.o)
                0x000000000000df04                _printf_i
 .text.__sread  0x000000000000e1a6       0x2c c:/mounriver/mounriver_studio/toolchain/risc-v embedded gcc/bin/../lib/gcc/riscv-none-embed/8.2.0/../../../../riscv-none-embed/lib/rv32imacxw/ilp32\libg_nano.a(lib_a-stdio.o)
                0x000000000000e1a6                __sread
 .text.__swrite
                0x000000000000e1d2       0x48 c:/mounriver/mounriver_studio/toolchain/risc-v embedded gcc/bin/../lib/gcc/riscv-none-embed/8.2.0/../../../../riscv-none-embed/lib/rv32imacxw/ilp32\libg_nano.a(lib_a-stdio.o)
                0x000000000000e1d2                __swrite
 .text.__sseek  0x000000000000e21a       0x30 c:/mounriver/mounriver_studio/toolchain/risc-v embedded gcc/bin/../lib/gcc/riscv-none-embed/8.2.0/../../../../riscv-none-embed/lib/rv32imacxw/ilp32\libg_nano.a(lib_a-stdio.o)
                0x000000000000e21a                __sseek
 .text.__sclose
                0x000000000000e24a        0x6 c:/mounriver/mounriver_studio/toolchain/risc-v embedded gcc/bin/../lib/gcc/riscv-none-embed/8.2.0/../../../../riscv-none-embed/lib/rv32imacxw/ilp32\libg_nano.a(lib_a-stdio.o)
                0x000000000000e24a                __sclose
 .text._write_r
                0x000000000000e250       0x36 c:/mounriver/mounriver_studio/toolchain/risc-v embedded gcc/bin/../lib/gcc/riscv-none-embed/8.2.0/../../../../riscv-none-embed/lib/rv32imacxw/ilp32\libg_nano.a(lib_a-writer.o)
                0x000000000000e250                _write_r
 .text._close_r
                0x000000000000e286       0x30 c:/mounriver/mounriver_studio/toolchain/risc-v embedded gcc/bin/../lib/gcc/riscv-none-embed/8.2.0/../../../../riscv-none-embed/lib/rv32imacxw/ilp32\libg_nano.a(lib_a-closer.o)
                0x000000000000e286                _close_r
 .text._fstat_r
                0x000000000000e2b6       0x32 c:/mounriver/mounriver_studio/toolchain/risc-v embedded gcc/bin/../lib/gcc/riscv-none-embed/8.2.0/../../../../riscv-none-embed/lib/rv32imacxw/ilp32\libg_nano.a(lib_a-fstatr.o)
                0x000000000000e2b6                _fstat_r
 .text._isatty_r
                0x000000000000e2e8       0x30 c:/mounriver/mounriver_studio/toolchain/risc-v embedded gcc/bin/../lib/gcc/riscv-none-embed/8.2.0/../../../../riscv-none-embed/lib/rv32imacxw/ilp32\libg_nano.a(lib_a-isattyr.o)
                0x000000000000e2e8                _isatty_r
 .text._lseek_r
                0x000000000000e318       0x34 c:/mounriver/mounriver_studio/toolchain/risc-v embedded gcc/bin/../lib/gcc/riscv-none-embed/8.2.0/../../../../riscv-none-embed/lib/rv32imacxw/ilp32\libg_nano.a(lib_a-lseekr.o)
                0x000000000000e318                _lseek_r
 .text.memchr   0x000000000000e34c       0x18 c:/mounriver/mounriver_studio/toolchain/risc-v embedded gcc/bin/../lib/gcc/riscv-none-embed/8.2.0/../../../../riscv-none-embed/lib/rv32imacxw/ilp32\libg_nano.a(lib_a-memchr.o)
                0x000000000000e34c                memchr
 .text._read_r  0x000000000000e364       0x34 c:/mounriver/mounriver_studio/toolchain/risc-v embedded gcc/bin/../lib/gcc/riscv-none-embed/8.2.0/../../../../riscv-none-embed/lib/rv32imacxw/ilp32\libg_nano.a(lib_a-readr.o)
                0x000000000000e364                _read_r
 .text._close   0x000000000000e398       0x10 c:/mounriver/mounriver_studio/toolchain/risc-v embedded gcc/bin/../lib/gcc/riscv-none-embed/8.2.0/../../../../riscv-none-embed/lib/rv32imacxw/ilp32\libnosys.a(close.o)
                0x000000000000e398                _close
 .text._fstat   0x000000000000e3a8       0x10 c:/mounriver/mounriver_studio/toolchain/risc-v embedded gcc/bin/../lib/gcc/riscv-none-embed/8.2.0/../../../../riscv-none-embed/lib/rv32imacxw/ilp32\libnosys.a(fstat.o)
                0x000000000000e3a8                _fstat
 .text._isatty  0x000000000000e3b8       0x10 c:/mounriver/mounriver_studio/toolchain/risc-v embedded gcc/bin/../lib/gcc/riscv-none-embed/8.2.0/../../../../riscv-none-embed/lib/rv32imacxw/ilp32\libnosys.a(isatty.o)
                0x000000000000e3b8                _isatty
 .text._lseek   0x000000000000e3c8       0x10 c:/mounriver/mounriver_studio/toolchain/risc-v embedded gcc/bin/../lib/gcc/riscv-none-embed/8.2.0/../../../../riscv-none-embed/lib/rv32imacxw/ilp32\libnosys.a(lseek.o)
                0x000000000000e3c8                _lseek