Archive member included to satisfy reference by file (symbol)

c:/mounriver/mounriver_studio/toolchain/risc-v embedded gcc/bin/../lib/gcc/riscv-none-embed/8.2.0/rv32imacxw/ilp32\libgcc.a(addsf3.o)
                              ./User/DataModel.o (__addsf3)
c:/mounriver/mounriver_studio/toolchain/risc-v embedded gcc/bin/../lib/gcc/riscv-none-embed/8.2.0/rv32imacxw/ilp32\libgcc.a(divsf3.o)
                              ./User/DataModel.o (__divsf3)
c:/mounriver/mounriver_studio/toolchain/risc-v embedded gcc/bin/../lib/gcc/riscv-none-embed/8.2.0/rv32imacxw/ilp32\libgcc.a(eqsf2.o)
                              ./HWLIB/hw_lib_din.o (__nesf2)
c:/mounriver/mounriver_studio/toolchain/risc-v embedded gcc/bin/../lib/gcc/riscv-none-embed/8.2.0/rv32imacxw/ilp32\libgcc.a(gesf2.o)
                              ./User/inputs.o (__gesf2)
c:/mounriver/mounriver_studio/toolchain/risc-v embedded gcc/bin/../lib/gcc/riscv-none-embed/8.2.0/rv32imacxw/ilp32\libgcc.a(lesf2.o)
                              ./HWLIB/hw_lib_adc.o (__lesf2)
c:/mounriver/mounriver_studio/toolchain/risc-v embedded gcc/bin/../lib/gcc/riscv-none-embed/8.2.0/rv32imacxw/ilp32\libgcc.a(mulsf3.o)
                              ./User/dash_draw.o (__mulsf3)
c:/mounriver/mounriver_studio/toolchain/risc-v embedded gcc/bin/../lib/gcc/riscv-none-embed/8.2.0/rv32imacxw/ilp32\libgcc.a(subsf3.o)
                              ./User/inputs.o (__subsf3)
c:/mounriver/mounriver_studio/toolchain/risc-v embedded gcc/bin/../lib/gcc/riscv-none-embed/8.2.0/rv32imacxw/ilp32\libgcc.a(fixsfsi.o)
                              ./User/dash_draw.o (__fixsfsi)
c:/mounriver/mounriver_studio/toolchain/risc-v embedded gcc/bin/../lib/gcc/riscv-none-embed/8.2.0/rv32imacxw/ilp32\libgcc.a(fixunssfsi.o)
                              ./User/DataModel.o (__fixunssfsi)
c:/mounriver/mounriver_studio/toolchain/risc-v embedded gcc/bin/../lib/gcc/riscv-none-embed/8.2.0/rv32imacxw/ilp32\libgcc.a(floatsisf.o)
                              ./User/DataModel.o (__floatsisf)
c:/mounriver/mounriver_studio/toolchain/risc-v embedded gcc/bin/../lib/gcc/riscv-none-embed/8.2.0/rv32imacxw/ilp32\libgcc.a(floatunsisf.o)
                              ./User/DataModel.o (__floatunsisf)
c:/mounriver/mounriver_studio/toolchain/risc-v embedded gcc/bin/../lib/gcc/riscv-none-embed/8.2.0/rv32imacxw/ilp32\libgcc.a(save-restore.o)
                              ./User/inputs.o (__riscv_save_12)
c:/mounriver/mounriver_studio/toolchain/risc-v embedded gcc/bin/../lib/gcc/riscv-none-embed/8.2.0/rv32imacxw/ilp32\libgcc.a(_clzsi2.o)
                              c:/mounriver/mounriver_studio/toolchain/risc-v embedded gcc/bin/../lib/gcc/riscv-none-embed/8.2.0/rv32imacxw/ilp32\libgcc.a(addsf3.o) (__clzsi2)
c:/mounriver/mounriver_studio/toolchain/risc-v embedded gcc/bin/../lib/gcc/riscv-none-embed/8.2.0/rv32imacxw/ilp32\libgcc.a(_clz.o)
                              c:/mounriver/mounriver_studio/toolchain/risc-v embedded gcc/bin/../lib/gcc/riscv-none-embed/8.2.0/rv32imacxw/ilp32\libgcc.a(_clzsi2.o) (__clz_tab)
c:/mounriver/mounriver_studio/toolchain/risc-v embedded gcc/bin/../lib/gcc/riscv-none-embed/8.2.0/../../../../riscv-none-embed/lib/rv32imacxw/ilp32\libg_nano.a(lib_a-calloc.o)
                              ./CANopenNode/CANopen.o (calloc)
c:/mounriver/mounriver_studio/toolchain/risc-v embedded gcc/bin/../lib/gcc/riscv-none-embed/8.2.0/../../../../riscv-none-embed/lib/rv32imacxw/ilp32\libg_nano.a(lib_a-impure.o)
                              c:/mounriver/mounriver_studio/toolchain/risc-v embedded gcc/bin/../lib/gcc/riscv-none-embed/8.2.0/../../../../riscv-none-embed/lib/rv32imacxw/ilp32\libg_nano.a(lib_a-calloc.o) (_impure_ptr)
c:/mounriver/mounriver_studio/toolchain/risc-v embedded gcc/bin/../lib/gcc/riscv-none-embed/8.2.0/../../../../riscv-none-embed/lib/rv32imacxw/ilp32\libg_nano.a(lib_a-malloc.o)
                              ./CANopenNode/CANopen.o (free)
c:/mounriver/mounriver_studio/toolchain/risc-v embedded gcc/bin/../lib/gcc/riscv-none-embed/8.2.0/../../../../riscv-none-embed/lib/rv32imacxw/ilp32\libg_nano.a(lib_a-memcpy.o)
                              ./User/DataModel.o (memcpy)
c:/mounriver/mounriver_studio/toolchain/risc-v embedded gcc/bin/../lib/gcc/riscv-none-embed/8.2.0/../../../../riscv-none-embed/lib/rv32imacxw/ilp32\libg_nano.a(lib_a-memmove.o)
                              ./CANopenNode/301/CO_SDOserver.o (memmove)
c:/mounriver/mounriver_studio/toolchain/risc-v embedded gcc/bin/../lib/gcc/riscv-none-embed/8.2.0/../../../../riscv-none-embed/lib/rv32imacxw/ilp32\libg_nano.a(lib_a-memset.o)
                              ./User/DataModel.o (memset)
c:/mounriver/mounriver_studio/toolchain/risc-v embedded gcc/bin/../lib/gcc/riscv-none-embed/8.2.0/../../../../riscv-none-embed/lib/rv32imacxw/ilp32\libg_nano.a(lib_a-nano-callocr.o)
[...]
Memory Configuration

Name             Origin             Length             Attributes
FLASH            0x0000000000000000 0x0000000000010000 xr
RAM              0x0000000020000000 0x0000000000005000 xrw
*default*        0x0000000000000000 0xffffffffffffffff

Linker script and memory map

LOAD ./User/CanOpenNode.o
LOAD ./User/DataModel.o
LOAD ./User/ch32v20x_it.o
LOAD ./User/dash_draw.o
LOAD ./User/init.o
LOAD ./User/inputs.o
LOAD ./User/led.o
LOAD ./User/main.o
LOAD ./User/process.o
LOAD ./User/system_ch32v20x.o
LOAD ./User/system_init.o
LOAD ./Startup/startup_ch32v20x_D6.o
LOAD ./Peripheral/src/ch32v20x_adc.o
LOAD ./Peripheral/src/ch32v20x_bkp.o
LOAD ./Peripheral/src/ch32v20x_can.o
LOAD ./Peripheral/src/ch32v20x_crc.o
LOAD ./Peripheral/src/ch32v20x_dbgmcu.o
LOAD ./Peripheral/src/ch32v20x_dma.o
LOAD ./Peripheral/src/ch32v20x_exti.o
LOAD ./Peripheral/src/ch32v20x_flash.o
LOAD ./Peripheral/src/ch32v20x_gpio.o
LOAD ./Peripheral/src/ch32v20x_i2c.o
LOAD ./Peripheral/src/ch32v20x_iwdg.o
LOAD ./Peripheral/src/ch32v20x_misc.o
LOAD ./Peripheral/src/ch32v20x_opa.o
LOAD ./Peripheral/src/ch32v20x_pwr.o
LOAD ./Peripheral/src/ch32v20x_rcc.o
LOAD ./Peripheral/src/ch32v20x_rtc.o
LOAD ./Peripheral/src/ch32v20x_spi.o
LOAD ./Peripheral/src/ch32v20x_tim.o
LOAD ./Peripheral/src/ch32v20x_usart.o
LOAD ./Peripheral/src/ch32v20x_wwdg.o
LOAD ./HWLIB/hw_lib_adc.o
LOAD ./HWLIB/hw_lib_din.o
LOAD ./HWLIB/hw_lib_eeprom.o
LOAD ./HAL/hal_adc_ch32.o
LOAD ./HAL/hal_can_ch32.o
LOAD ./HAL/hal_dma.o
LOAD ./HAL/hal_gpio.o
LOAD ./HAL/hal_i2c.o
LOAD ./HAL/hal_irq.o
LOAD ./HAL/hal_rtc.o
LOAD ./HAL/hal_spi.o
LOAD ./HAL/hal_timers.o
LOAD ./HAL/hal_wdt_ch32.o
LOAD ./FreeRTOS/portable/MemMang/heap_4.o
LOAD ./FreeRTOS/portable/GCC/RISC-V/port.o
LOAD ./FreeRTOS/portable/GCC/RISC-V/portASM.o
LOAD ./FreeRTOS/croutine.o
LOAD ./FreeRTOS/event_groups.o
LOAD ./FreeRTOS/list.o
LOAD ./FreeRTOS/queue.o
LOAD ./FreeRTOS/stream_buffer.o
LOAD ./FreeRTOS/tasks.o
LOAD ./FreeRTOS/timers.o
LOAD ./Drivers/filters.o
LOAD ./Debug/debug.o
LOAD ./Core/core_riscv.o
LOAD ./CANopenNode/keypad/CO_driver_ST32F103.o
LOAD ./CANopenNode/keypad/OD.o
LOAD ./CANopenNode/extra/CO_trace.o
LOAD ./CANopenNode/309/CO_gateway_ascii.o
LOAD ./CANopenNode/305/CO_LSSmaster.o
LOAD ./CANopenNode/305/CO_LSSslave.o
LOAD ./CANopenNode/304/CO_GFC.o
LOAD ./CANopenNode/304/CO_SRDO.o
LOAD ./CANopenNode/303/CO_LEDs.o
LOAD ./CANopenNode/301/CO_Emergency.o
LOAD ./CANopenNode/301/CO_HBconsumer.o
LOAD ./CANopenNode/301/CO_NMT_Heartbeat.o
LOAD ./CANopenNode/301/CO_Node_Guarding.o
LOAD ./CANopenNode/301/CO_ODinterface.o
LOAD ./CANopenNode/301/CO_PDO.o
LOAD ./CANopenNode/301/CO_SDOclient.o
LOAD ./CANopenNode/301/CO_SDOserver.o
LOAD ./CANopenNode/301/CO_SYNC.o
LOAD ./CANopenNode/301/CO_TIME.o
LOAD ./CANopenNode/301/CO_fifo.o
LOAD ./CANopenNode/301/crc16-ccitt.o
LOAD ./CANopenNode/CANopen.o
LOAD c:/mounriver/mounriver_studio/toolchain/risc-v embedded gcc/bin/../lib/gcc/riscv-none-embed/8.2.0/../../../../riscv-none-embed/lib/rv32imacxw/ilp32\libm.a
LOAD c:/mounriver/mounriver_studio/toolchain/risc-v embedded gcc/bin/../lib/gcc/riscv-none-embed/8.2.0/rv32imacxw/ilp32\libgcc.a
LOAD c:/mounriver/mounriver_studio/toolchain/risc-v embedded gcc/bin/../lib/gcc/riscv-none-embed/8.2.0/../../../../riscv-none-embed/lib/rv32imacxw/ilp32\libg_nano.a
LOAD c:/mounriver/mounriver_studio/toolchain/risc-v embedded gcc/bin/../lib/gcc/riscv-none-embed/8.2.0/../../../../riscv-none-embed/lib/rv32imacxw/ilp32\libc_nano.a
LOAD c:/mounriver/mounriver_studio/toolchain/risc-v embedded gcc/bin/../lib/gcc/riscv-none-embed/8.2.0/rv32imacxw/ilp32\libgcc.a
START GROUP
LOAD c:/mounriver/mounriver_studio/toolchain/risc-v embedded gcc/bin/../lib/gcc/riscv-none-embed/8.2.0/rv32imacxw/ilp32\libgcc.a
LOAD c:/mounriver/mounriver_studio/toolchain/risc-v embedded gcc/bin/../lib/gcc/riscv-none-embed/8.2.0/../../../../riscv-none-embed/lib/rv32imacxw/ilp32\libc_nano.a
LOAD c:/mounriver/mounriver_studio/toolchain/risc-v embedded gcc/bin/../lib/gcc/riscv-none-embed/8.2.0/../../../../riscv-none-embed/lib/rv32imacxw/ilp32\libnosys.a
END GROUP
START GROUP
LOAD c:/mounriver/mounriver_studio/toolchain/risc-v embedded gcc/bin/../lib/gcc/riscv-none-embed/8.2.0/rv32imacxw/ilp32\libgcc.a
LOAD c:/mounriver/mounriver_studio/toolchain/risc-v embedded gcc/bin/../lib/gcc/riscv-none-embed/8.2.0/../../../../riscv-none-embed/lib/rv32imacxw/ilp32\libc_nano.a
LOAD c:/mounriver/mounriver_studio/toolchain/risc-v embedded gcc/bin/../lib/gcc/riscv-none-embed/8.2.0/../../../../riscv-none-embed/lib/rv32imacxw/ilp32\libnosys.a
END GROUP
                0x0000000000000be8                __stack_size = 0xbe8
                [!provide]                        PROVIDE (_stack_size = __stack_size)

.init           0x0000000000000000       0x38
                0x0000000000000000                _sinit = .
                0x0000000000000000                . = ALIGN (0x4)
 *(SORT_NONE(.init))
 .init          0x0000000000000000       0x38 ./Startup/startup_ch32v20x_D6.o
                0x0000000000000000                _start
                0x0000000000000038                . = ALIGN (0x4)
                0x0000000000000038                _einit = .

.vector         0x0000000000000038      0x108
 *(.vector)
 .vector        0x0000000000000038       0xfc ./Startup/startup_ch32v20x_D6.o
                0x0000000000000140                . = ALIGN (0x40)
 *fill*         0x0000000000000134        0xc 

.text           0x0000000000000200     0xd9d8
                0x0000000000000200                . = ALIGN (0x4)
 *(.text)
 .text          0x0000000000000200      0x2ee ./FreeRTOS/portable/GCC/RISC-V/portASM.o
                0x0000000000000200                SW_Handler
                0x0000000000000300                xPortStartFirstTask
                0x0000000000000400                pxPortInitialiseStack
 .text          0x00000000000004ee       0x60 c:/mounriver/mounriver_studio/toolchain/risc-v embedded gcc/bin/../lib/gcc/riscv-none-embed/8.2.0/rv32imacxw/ilp32\libgcc.a(save-restore.o)
                0x00000000000004ee                __riscv_save_12
                0x00000000000004f6                __riscv_save_9
                0x00000000000004f6                __riscv_save_11
                0x00000000000004f6                __riscv_save_10
                0x00000000000004f6                __riscv_save_8
                0x0000000000000504                __riscv_save_4
                0x0000000000000504                __riscv_save_6
                0x0000000000000504                __riscv_save_5
                0x0000000000000504                __riscv_save_7
                0x000000000000051e                __riscv_save_3
                0x000000000000051e                __riscv_save_2
                0x000000000000051e                __riscv_save_1
                0x000000000000051e                __riscv_save_0
                0x000000000000052a                __riscv_restore_12
                0x000000000000052e                __riscv_restore_11
                0x000000000000052e                __riscv_restore_9
                0x000000000000052e                __riscv_restore_10
                0x000000000000052e                __riscv_restore_8
                0x0000000000000538                __riscv_restore_5
                0x0000000000000538                __riscv_restore_7
                0x0000000000000538                __riscv_restore_6
                0x0000000000000538                __riscv_restore_4
                0x0000000000000542                __riscv_restore_3
                0x0000000000000542                __riscv_restore_0
                0x0000000000000542                __riscv_restore_2
                0x0000000000000542                __riscv_restore_1
 .text          0x000000000000054e       0xa8 c:/mounriver/mounriver_studio/toolchain/risc-v embedded gcc/bin/../lib/gcc/riscv-none-embed/8.2.0/../../../../riscv-none-embed/lib/rv32imacxw/ilp32\libg_nano.a(lib_a-memset.o)
                0x000000000000054e                memset
 *(.text.*)
 .text.xCanOpenProcessTaskHandle
                0x00000000000005f6        0xa ./User/CanOpenNode.o
                0x00000000000005f6                xCanOpenProcessTaskHandle
 .text.xCanOpenPeriodicTaskHandle
                0x0000000000000600        0xa ./User/CanOpenNode.o
                0x0000000000000600                xCanOpenPeriodicTaskHandle
 .text.vCanOpenInit
                0x000000000000060a        0xa ./User/CanOpenNode.o
                0x000000000000060a                vCanOpenInit
 .text.vCanOpenProcess
                0x0000000000000614      0x192 ./User/CanOpenNode.o
                0x0000000000000614                vCanOpenProcess
 .text.vCanOpenPeriodicProcess
                0x00000000000007a6       0x82 ./User/CanOpenNode.o
                0x00000000000007a6                vCanOpenPeriodicProcess
 .text.xDataRegQueue
                0x0000000000000828        0xa ./User/DataModel.o
                0x0000000000000828                xDataRegQueue
 .text.vDataModelRegDelayWrite
                0x0000000000000832       0x34 ./User/DataModel.o
                0x0000000000000832                vDataModelRegDelayWrite
 .text.setReg32
                0x0000000000000866       0x1a ./User/DataModel.o
                0x0000000000000866                setReg32
 .text.setReg16
                0x0000000000000880        0xe ./User/DataModel.o
                0x0000000000000880                setReg16
 .text.setReg8  0x000000000000088e        0xa ./User/DataModel.o
                0x000000000000088e                setReg8
 .text.SaveReg16
                0x0000000000000898       0x14 ./User/DataModel.o
                0x0000000000000898                SaveReg16
 .text.getReg16
                0x00000000000008ac       0x10 ./User/DataModel.o
                0x00000000000008ac                getReg16
 .text.getReg32
                0x00000000000008bc       0x1c ./User/DataModel.o
                0x00000000000008bc                getReg32
 .text.DataModel_Init
                0x00000000000008d8      0x3c2 ./User/DataModel.o
                0x00000000000008d8                DataModel_Init
 .text.getReg8  0x0000000000000c9a        0xa ./User/DataModel.o
                0x0000000000000c9a                getReg8
 .text.WriteRegAfterDelay
                0x0000000000000ca4       0x60 ./User/DataModel.o
                0x0000000000000ca4                WriteRegAfterDelay
 .text.WriteReg
                0x0000000000000d04       0x56 ./User/DataModel.o
                0x0000000000000d04                WriteReg
 .text.vGetBitrate
                0x0000000000000d5a       0x2a ./User/DataModel.o
                0x0000000000000d5a                vGetBitrate
 .text.vFDGetNMTState
                0x0000000000000d84        0x6 ./User/DataModel.o
                0x0000000000000d84                vFDGetNMTState
 .text.vGetNodeId
                0x0000000000000d8a        0x6 ./User/DataModel.o
                0x0000000000000d8a                vGetNodeId
 .text.vIncrementSystemCounters
                0x0000000000000d90       0x76 ./User/DataModel.o
                0x0000000000000d90                vIncrementSystemCounters
 .text.vSaveData
                0x0000000000000e06       0x14 ./User/DataModel.o
                0x0000000000000e06                vSaveData
 .text.getOdometr
                0x0000000000000e1a       0x14 ./User/DataModel.o
                0x0000000000000e1a                getOdometr
 .text.NMI_Handler
                0x0000000000000e2e        0x2 ./User/ch32v20x_it.o
                0x0000000000000e2e                NMI_Handler
 .text.HardFault_Handler
                0x0000000000000e30        0x2 ./User/ch32v20x_it.o
                0x0000000000000e30                HardFault_Handler
 .text.SegPrint
                0x0000000000000e32       0x5a ./User/dash_draw.o
 .text.xProcessTaskHandle
                0x0000000000000e8c        0xa ./User/dash_draw.o
                0x0000000000000e8c                xProcessTaskHandle
 .text.vSetErrorReg
                0x0000000000000e96        0xa ./User/dash_draw.o
                0x0000000000000e96                vSetErrorReg
 .text.getODValue
                0x0000000000000ea0      0x12c ./User/dash_draw.o
                0x0000000000000ea0                getODValue
 .text.IncMenuIndex
                0x0000000000000fcc       0x80 ./User/dash_draw.o
                0x0000000000000fcc                IncMenuIndex
 .text.GoToHome
                0x000000000000104c       0x12 ./User/dash_draw.o
                0x000000000000104c                GoToHome
 .text.SetCurMenuHome
                0x000000000000105e       0x1e ./User/dash_draw.o
                0x000000000000105e                SetCurMenuHome
 .text.GetCurMenuHome
                0x000000000000107c        0x6 ./User/dash_draw.o
                0x000000000000107c                GetCurMenuHome
 .text.SetCurrentMenu
                0x0000000000001082       0x12 ./User/dash_draw.o
                0x0000000000001082                SetCurrentMenu
 .text.SetDefault
                0x0000000000001094       0x28 ./User/dash_draw.o
                0x0000000000001094                SetDefault
 .text.MenuBackHomeCheck
                0x00000000000010bc       0x38 ./User/dash_draw.o
                0x00000000000010bc                MenuBackHomeCheck
 .text.CheckMenuChannel
                0x00000000000010f4       0x20 ./User/dash_draw.o
                0x00000000000010f4                CheckMenuChannel
 .text.vDashDrawInit
                0x0000000000001114       0x7e ./User/dash_draw.o
                0x0000000000001114                vDashDrawInit
 .text.vMenuBlink
                0x0000000000001192       0x4a ./User/dash_draw.o
                0x0000000000001192                vMenuBlink
 .text.SetErrorRegiter
                0x00000000000011dc       0x5e ./User/dash_draw.o
                0x00000000000011dc                SetErrorRegiter
 .text.uGetCurrMenu
                0x000000000000123a       0x26 ./User/dash_draw.o
                0x000000000000123a                uGetCurrMenu
 .text.vGetEdgeData
                0x0000000000001260       0x2a ./User/dash_draw.o
                0x0000000000001260                vGetEdgeData
 .text.checkLedState
                0x000000000000128a       0x3a ./User/dash_draw.o
 .text.vRGBMode
                0x00000000000012c4       0x72 ./User/dash_draw.o
                0x00000000000012c4                vRGBMode
 .text.vBarColorMode
                0x0000000000001336       0xc2 ./User/dash_draw.o
                0x0000000000001336                vBarColorMode
 .text.vBarWindowMode
                0x00000000000013f8       0x5a ./User/dash_draw.o
                0x00000000000013f8                vBarWindowMode
 .text.vBarMode
                0x0000000000001452       0x66 ./User/dash_draw.o
                0x0000000000001452                vBarMode
 .text.RedrawNotifyTaskToInit
                0x00000000000014b8       0x28 ./User/dash_draw.o
                0x00000000000014b8                RedrawNotifyTaskToInit
 .text.vRedrawTask
                0x00000000000014e0      0x572 ./User/dash_draw.o
                0x00000000000014e0                vRedrawTask
 .text.vInit_DeviceConfig
                0x0000000000001a52      0x16c ./User/init.o
                0x0000000000001a52                vInit_DeviceConfig
 .text.HardwareDeinit
                0x0000000000001bbe       0x2a ./User/init.o
                0x0000000000001bbe                HardwareDeinit
 .text.SoftwareReset
                0x0000000000001be8       0x14 ./User/init.o
                0x0000000000001be8                SoftwareReset
 .text.ADC1_Event
                0x0000000000001bfc       0x48 ./User/inputs.o
                0x0000000000001bfc                ADC1_Event
 .text.CaptureDMACallBack
                0x0000000000001c44       0x22 ./User/inputs.o
                0x0000000000001c44                CaptureDMACallBack
 .text.CaptureDMACallBack_1
                0x0000000000001c66       0x22 ./User/inputs.o
                0x0000000000001c66                CaptureDMACallBack_1
 .text.fDinStateCallback
                0x0000000000001c88       0x32 ./User/inputs.o
                0x0000000000001c88                fDinStateCallback
 .text.vSetDoutState
                0x0000000000001cba       0x28 ./User/inputs.o
                0x0000000000001cba                vSetDoutState
 .text.getInputsTaskHandle
                0x0000000000001ce2        0xa ./User/inputs.o
                0x0000000000001ce2                getInputsTaskHandle
 .text.InputsNotifyTaskToInit
                0x0000000000001cec       0x28 ./User/inputs.o
                0x0000000000001cec                InputsNotifyTaskToInit
 .text.ADC1_Init
                0x0000000000001d14       0x48 ./User/inputs.o
                0x0000000000001d14                ADC1_Init
 .text.ADC_FSM  0x0000000000001d5c       0xfe ./User/inputs.o
                0x0000000000001d5c                ADC_FSM
 .text.GetAIN   0x0000000000001e5a        0xc ./User/inputs.o
                0x0000000000001e5a                GetAIN
 .text.vInputsTask
                0x0000000000001e66      0x2e2 ./User/inputs.o
                0x0000000000001e66                vInputsTask
 .text.SPI1_DMA_Callback
                0x0000000000002148       0x2e ./User/led.o
                0x0000000000002148                SPI1_DMA_Callback
 .text.SPI2_DMA_Callback
                0x0000000000002176       0x2e ./User/led.o
                0x0000000000002176                SPI2_DMA_Callback
 .text.SetBarState
                0x00000000000021a4       0x50 ./User/led.o
                0x00000000000021a4                SetBarState
 .text.SetRGB   0x00000000000021f4       0x4e ./User/led.o
                0x00000000000021f4                SetRGB
 .text.SetSegDirect
                0x0000000000002242       0x9c ./User/led.o
                0x0000000000002242                SetSegDirect
 .text.SetSegPoint
                0x00000000000022de       0x22 ./User/led.o
                0x00000000000022de                SetSegPoint
 .text.SetSEG   0x0000000000002300      0x120 ./User/led.o
                0x0000000000002300                SetSEG
 .text.SetBigSeg
                0x0000000000002420       0x14 ./User/led.o
                0x0000000000002420                SetBigSeg
 .text.vSetBrigth
                0x0000000000002434       0x28 ./User/led.o
                0x0000000000002434                vSetBrigth
 .text.vLedDriverStart
                0x000000000000245c       0x4e ./User/led.o
                0x000000000000245c                vLedDriverStart
 .text.vLedProcess
                0x00000000000024aa       0x1e ./User/led.o
                0x00000000000024aa                vLedProcess
 .text.vRGBProcess
                0x00000000000024c8       0xe2 ./User/led.o
                0x00000000000024c8                vRGBProcess
 .text.startup.main
                0x00000000000025aa       0x1e ./User/main.o
                0x00000000000025aa                main
 .text.vRestartNode
                0x00000000000025c8        0x2 ./User/main.o
                0x00000000000025c8                vRestartNode
 .text.Error_Handler
                0x00000000000025ca        0x8 ./User/main.o
                0x00000000000025ca                Error_Handler
 .text.OD_writeRGBMAP
                0x00000000000025d2       0x30 ./User/process.o
 .text.OD_readRGBMAP
                0x0000000000002602       0x22 ./User/process.o
 .text.OD_readDIN
                0x0000000000002624       0x1c ./User/process.o
 .text.OD_writeMenuSetup
                0x0000000000002640       0x46 ./User/process.o
 .text.OD_writeBoardSettings
                0x0000000000002686       0x78 ./User/process.o
 .text.CO_getUint16
                0x00000000000026fe       0x10 ./User/process.o
 .text.OD_writeSEG
                0x000000000000270e       0x44 ./User/process.o
 .text.OD_writeBAR
                0x0000000000002752       0x30 ./User/process.o
 .text.OD_writeRPMConfig
                0x0000000000002782       0x36 ./User/process.o
 .text.CO_getUint32
                0x00000000000027b8       0x18 ./User/process.o
 .text.OD_writeMenuMap
                0x00000000000027d0       0x30 ./User/process.o
 .text.OD_writeV1_14
                0x0000000000002800       0x56 ./User/process.o
 .text.OD_writeDashParam
                0x0000000000002856       0x44 ./User/process.o
 .text.WriteRGB.isra.2
                0x000000000000289a       0x3a ./User/process.o
 .text.OD_writeRGB1
                0x00000000000028d4       0x14 ./User/process.o
 .text.OD_writeRGB2
                0x00000000000028e8       0x16 ./User/process.o
 .text.OD_writeRGB3
                0x00000000000028fe       0x16 ./User/process.o
 .text.OD_writeRGB4
                0x0000000000002914       0x16 ./User/process.o
 .text.OD_writeRGB5
                0x000000000000292a       0x16 ./User/process.o
 .text.OD_writeRGB6
                0x0000000000002940       0x16 ./User/process.o
 .text.OD_writeRGB7
                0x0000000000002956       0x16 ./User/process.o
 .text.OD_writeRGB8
                0x000000000000296c       0x16 ./User/process.o
 .text.OD_writeRGB9
                0x0000000000002982       0x16 ./User/process.o
 .text.OD_writeRGB10
                0x0000000000002998       0x16 ./User/process.o
 .text.OD_writeRGB11
                0x00000000000029ae       0x16 ./User/process.o
 .text.OD_writeRGB12
                0x00000000000029c4       0x16 ./User/process.o
 .text.OD_writeRGB13
                0x00000000000029da       0x16 ./User/process.o
 .text.OD_readBoardSettings
                0x00000000000029f0       0x2c ./User/process.o
 .text.readADC.isra.6
                0x0000000000002a1c       0x84 ./User/process.o
 .text.OD_readADC1
                0x0000000000002aa0       0x10 ./User/process.o
 .text.OD_readADC2
                0x0000000000002ab0       0x10 ./User/process.o
 .text.OD_readADC3
                0x0000000000002ac0       0x10 ./User/process.o
 .text.OD_readMenuSetup
                0x0000000000002ad0       0x30 ./User/process.o
 .text.writeADC.isra.9
                0x0000000000002b00       0xde ./User/process.o
 .text.OD_writeADC1
                0x0000000000002bde       0x10 ./User/process.o
 .text.OD_writeADC2
                0x0000000000002bee       0x10 ./User/process.o
 .text.OD_writeADC3
                0x0000000000002bfe       0x10 ./User/process.o
 .text.OD_readRGB.isra.5
                0x0000000000002c0e       0x22 ./User/process.o
 .text.OD_readRGB1
                0x0000000000002c30       0x10 ./User/process.o
 .text.OD_readRGB2
                0x0000000000002c40       0x12 ./User/process.o
 .text.OD_readRGB3
                0x0000000000002c52       0x12 ./User/process.o
 .text.OD_readRGB4
                0x0000000000002c64       0x12 ./User/process.o
 .text.OD_readRGB5
                0x0000000000002c76       0x12 ./User/process.o
 .text.OD_readRGB6
                0x0000000000002c88       0x12 ./User/process.o
 .text.OD_readRGB7
                0x0000000000002c9a       0x12 ./User/process.o
 .text.OD_readRGB8
                0x0000000000002cac       0x12 ./User/process.o
 .text.OD_readRGB9
                0x0000000000002cbe       0x12 ./User/process.o
 .text.OD_readRGB10
                0x0000000000002cd0       0x12 ./User/process.o
 .text.OD_readRGB11
                0x0000000000002ce2       0x12 ./User/process.o
 .text.OD_readRGB12
                0x0000000000002cf4       0x12 ./User/process.o
 .text.OD_readRGB13
                0x0000000000002d06       0x12 ./User/process.o
 .text.OD_readAIN_RPM
                0x0000000000002d18       0x26 ./User/process.o
 .text.OD_readMenuMap
                0x0000000000002d3e       0x2c ./User/process.o
 .text.OD_readRPMConfig
                0x0000000000002d6a       0x2a ./User/process.o
 .text.OD_readBar
                0x0000000000002d94       0x28 ./User/process.o
 .text.OD_readDashParam
                0x0000000000002dbc       0x4c ./User/process.o
 .text.OD_readSEG
                0x0000000000002e08       0x34 ./User/process.o
 .text.vProceesInit
                0x0000000000002e3c      0x1ba ./User/process.o
                0x0000000000002e3c                vProceesInit
 .text.SystemInit
                0x0000000000002ff6       0xee ./User/system_ch32v20x.o
                0x0000000000002ff6                SystemInit
 .text.SystemCoreClockUpdate
                0x00000000000030e4       0x92 ./User/system_ch32v20x.o
                0x00000000000030e4                SystemCoreClockUpdate
 .text.StartDefaultTask
                0x0000000000003176       0x86 ./User/system_init.o
 .text.vApplicationGetIdleTaskMemory
                0x00000000000031fc       0x1c ./User/system_init.o
                0x00000000000031fc                vApplicationGetIdleTaskMemory
 .text.vSystemStopProcess
                0x0000000000003218       0x1c ./User/system_init.o
                0x0000000000003218                vSystemStopProcess
 .text.vSYStaskInit
                0x0000000000003234      0x100 ./User/system_init.o
                0x0000000000003234                vSYStaskInit
 .text.vSYSqueueInit
                0x0000000000003334       0x2a ./User/system_init.o
                0x0000000000003334                vSYSqueueInit
 .text.vector_handler
                0x000000000000335e       0x6c ./Startup/startup_ch32v20x_D6.o
                0x0000000000003362                Ecall_M_Mode_Handler
                0x0000000000003364                Ecall_U_Mode_Handler
                0x0000000000003366                Break_Point_Handler
                0x000000000000336c                WWDG_IRQHandler
                0x000000000000336e                PVD_IRQHandler
                0x0000000000003370                TAMPER_IRQHandler
                0x0000000000003374                FLASH_IRQHandler
                0x0000000000003376                RCC_IRQHandler
                0x0000000000003378                EXTI0_IRQHandler
                0x000000000000337a                EXTI1_IRQHandler
                0x000000000000337c                EXTI2_IRQHandler
                0x000000000000337e                EXTI3_IRQHandler
                0x0000000000003380                EXTI4_IRQHandler
                0x0000000000003384                DMA1_Channel2_IRQHandler
                0x000000000000338c                DMA1_Channel6_IRQHandler
                0x0000000000003390                ADC1_2_IRQHandler
                0x000000000000339a                EXTI9_5_IRQHandler
                0x000000000000339c                TIM1_BRK_IRQHandler
                0x000000000000339e                TIM1_UP_IRQHandler
                0x00000000000033a0                TIM1_TRG_COM_IRQHandler
                0x00000000000033a2                TIM1_CC_IRQHandler
                0x00000000000033a4                TIM2_IRQHandler
                0x00000000000033a6                TIM3_IRQHandler
                0x00000000000033ae                I2C2_EV_IRQHandler
                0x00000000000033b0                I2C2_ER_IRQHandler
                0x00000000000033b2                SPI1_IRQHandler
                0x00000000000033b4                SPI2_IRQHandler
                0x00000000000033b6                USART1_IRQHandler
                0x00000000000033b8                USART2_IRQHandler
                0x00000000000033ba                USART3_IRQHandler
                0x00000000000033bc                EXTI15_10_IRQHandler
                0x00000000000033be                RTCAlarm_IRQHandler
                0x00000000000033c0                USBWakeUp_IRQHandler
                0x00000000000033c2                USBHD_IRQHandler
                0x00000000000033c4                USBHDWakeUp_IRQHandler
                0x00000000000033c6                UART4_IRQHandler
                0x00000000000033c8                DMA1_Channel8_IRQHandler
 .text.handle_reset
                0x00000000000033ca       0x92 ./Startup/startup_ch32v20x_D6.o
                0x00000000000033ca                handle_reset
 .text.ADC_Cmd  0x000000000000345c       0x10 ./Peripheral/src/ch32v20x_adc.o
                0x000000000000345c                ADC_Cmd
 .text.ADC_GetResetCalibrationStatus
                0x000000000000346c        0x8 ./Peripheral/src/ch32v20x_adc.o
                0x000000000000346c                ADC_GetResetCalibrationStatus
 .text.ADC_GetCalibrationStatus
                0x0000000000003474        0x8 ./Peripheral/src/ch32v20x_adc.o
                0x0000000000003474                ADC_GetCalibrationStatus
 .text.Get_CalibrationValue
                0x000000000000347c      0x1fe ./Peripheral/src/ch32v20x_adc.o
                0x000000000000347c                Get_CalibrationValue
 .text.DMA_GetFlagStatus
                0x000000000000367a        0xe ./Peripheral/src/ch32v20x_dma.o
                0x000000000000367a                DMA_GetFlagStatus
 .text.DMA_GetITStatus
                0x0000000000003688        0xc ./Peripheral/src/ch32v20x_dma.o
                0x0000000000003688                DMA_GetITStatus
 .text.DMA_ClearITPendingBit
                0x0000000000003694        0x8 ./Peripheral/src/ch32v20x_dma.o
                0x0000000000003694                DMA_ClearITPendingBit
 .text.GPIO_PinRemapConfig
                0x000000000000369c       0xf2 ./Peripheral/src/ch32v20x_gpio.o
                0x000000000000369c                GPIO_PinRemapConfig
 .text.I2C_DualAddressCmd
                0x000000000000378e       0x18 ./Peripheral/src/ch32v20x_i2c.o
                0x000000000000378e                I2C_DualAddressCmd
 .text.I2C_ClearFlag
                0x00000000000037a6        0xc ./Peripheral/src/ch32v20x_i2c.o
                0x00000000000037a6                I2C_ClearFlag
 .text.RCC_LSEConfig
                0x00000000000037b2       0x28 ./Peripheral/src/ch32v20x_rcc.o
                0x00000000000037b2                RCC_LSEConfig
 .text.RCC_GetClocksFreq
                0x00000000000037da       0xbe ./Peripheral/src/ch32v20x_rcc.o
                0x00000000000037da                RCC_GetClocksFreq
 .text.RCC_GetFlagStatus
                0x0000000000003898       0x2e ./Peripheral/src/ch32v20x_rcc.o
                0x0000000000003898                RCC_GetFlagStatus
 .text.RTC_EnterConfigMode
                0x00000000000038c6       0x12 ./Peripheral/src/ch32v20x_rtc.o
                0x00000000000038c6                RTC_EnterConfigMode
 .text.RTC_ExitConfigMode
                0x00000000000038d8       0x18 ./Peripheral/src/ch32v20x_rtc.o
                0x00000000000038d8                RTC_ExitConfigMode
 .text.RTC_SetPrescaler
                0x00000000000038f0       0x2e ./Peripheral/src/ch32v20x_rtc.o
                0x00000000000038f0                RTC_SetPrescaler
 .text.RTC_WaitForLastTask
                0x000000000000391e       0x10 ./Peripheral/src/ch32v20x_rtc.o
                0x000000000000391e                RTC_WaitForLastTask
 .text.RTC_WaitForSynchro
                0x000000000000392e       0x24 ./Peripheral/src/ch32v20x_rtc.o
                0x000000000000392e                RTC_WaitForSynchro
 .text.TIM_OC1Init
                0x0000000000003952       0x6a ./Peripheral/src/ch32v20x_tim.o
                0x0000000000003952                TIM_OC1Init
 .text.TIM_OC2Init
                0x00000000000039bc       0x96 ./Peripheral/src/ch32v20x_tim.o
                0x00000000000039bc                TIM_OC2Init
 .text.TIM_OC3Init
                0x0000000000003a52       0x94 ./Peripheral/src/ch32v20x_tim.o
                0x0000000000003a52                TIM_OC3Init
 .text.TIM_OC4Init
                0x0000000000003ae6       0x6c ./Peripheral/src/ch32v20x_tim.o
                0x0000000000003ae6                TIM_OC4Init
 .text.TIM_OC1PreloadConfig
                0x0000000000003b52        0xe ./Peripheral/src/ch32v20x_tim.o
                0x0000000000003b52                TIM_OC1PreloadConfig
 .text.TIM_OC2PreloadConfig
                0x0000000000003b60       0x16 ./Peripheral/src/ch32v20x_tim.o
                0x0000000000003b60                TIM_OC2PreloadConfig
 .text.TIM_OC3PreloadConfig
                0x0000000000003b76        0xe ./Peripheral/src/ch32v20x_tim.o
                0x0000000000003b76                TIM_OC3PreloadConfig
 .text.TIM_OC4PreloadConfig
                0x0000000000003b84       0x16 ./Peripheral/src/ch32v20x_tim.o
                0x0000000000003b84                TIM_OC4PreloadConfig
 .text.TIM_GetITStatus
                0x0000000000003b9a       0x18 ./Peripheral/src/ch32v20x_tim.o
                0x0000000000003b9a                TIM_GetITStatus
 .text.USART_SendData
                0x0000000000003bb2        0x8 ./Peripheral/src/ch32v20x_usart.o
                0x0000000000003bb2                USART_SendData
 .text.USART_GetFlagStatus
                0x0000000000003bba        0xa ./Peripheral/src/ch32v20x_usart.o
                0x0000000000003bba                USART_GetFlagStatus
 .text.vAINInit
                0x0000000000003bc4       0x36 ./HWLIB/hw_lib_adc.o
                0x0000000000003bc4                vAINInit
 .text.fGetAinCalData
                0x0000000000003bfa       0xa4 ./HWLIB/hw_lib_adc.o
                0x0000000000003bfa                fGetAinCalData
 .text.eAinCalDataConfig
                0x0000000000003c9e       0x48 ./HWLIB/hw_lib_adc.o
                0x0000000000003c9e                eAinCalDataConfig
 .text.vABLineKoofFinde
                0x0000000000003ce6       0x6a ./HWLIB/hw_lib_adc.o
                0x0000000000003ce6                vABLineKoofFinde
 .text.eSetAinCalPoint
                0x0000000000003d50       0x64 ./HWLIB/hw_lib_adc.o
                0x0000000000003d50                eSetAinCalPoint
 .text.getADC1Buffer
                0x0000000000003db4        0xa ./HWLIB/hw_lib_adc.o
                0x0000000000003db4                getADC1Buffer
 .text.eDOUTConfigWtihStruct
                0x0000000000003dbe       0x1a ./HWLIB/hw_lib_din.o
                0x0000000000003dbe                eDOUTConfigWtihStruct
 .text.eDinConfigWtihStruct
                0x0000000000003dd8       0x34 ./HWLIB/hw_lib_din.o
                0x0000000000003dd8                eDinConfigWtihStruct
 .text.uGetDIN  0x0000000000003e0c       0x14 ./HWLIB/hw_lib_din.o
                0x0000000000003e0c                uGetDIN
 .text.eRPMConfig
                0x0000000000003e20       0x56 ./HWLIB/hw_lib_din.o
                0x0000000000003e20                eRPMConfig
 .text.RMPDataConvert
                0x0000000000003e76       0x78 ./HWLIB/hw_lib_din.o
                0x0000000000003e76                RMPDataConvert
 .text.getCaputreBuffer
                0x0000000000003eee       0x16 ./HWLIB/hw_lib_din.o
                0x0000000000003eee                getCaputreBuffer
 .text.GetRPM   0x0000000000003f04       0x74 ./HWLIB/hw_lib_din.o
                0x0000000000003f04                GetRPM
 .text.xGetRPM  0x0000000000003f78       0x72 ./HWLIB/hw_lib_din.o
                0x0000000000003f78                xGetRPM
 .text.vDinDoutProcess
                0x0000000000003fea       0x98 ./HWLIB/hw_lib_din.o
                0x0000000000003fea                vDinDoutProcess
 .text.xGetEEPROM
                0x0000000000004082        0xa ./HWLIB/hw_lib_eeprom.o
                0x0000000000004082                xGetEEPROM
 .text.eEEPROMWrFast
                0x000000000000408c       0x80 ./HWLIB/hw_lib_eeprom.o
                0x000000000000408c                eEEPROMWrFast
 .text.eEEPROMWr
                0x000000000000410c       0x92 ./HWLIB/hw_lib_eeprom.o
                0x000000000000410c                eEEPROMWr
 .text.eEEPROMRd
                0x000000000000419e       0x34 ./HWLIB/hw_lib_eeprom.o
                0x000000000000419e                eEEPROMRd
 .text.bReadEEPROM
                0x00000000000041d2       0x1a ./HWLIB/hw_lib_eeprom.o
                0x00000000000041d2                bReadEEPROM
 .text.Get_ConversionVal
                0x00000000000041ec       0x2e ./HAL/hal_adc_ch32.o
                0x00000000000041ec                Get_ConversionVal
 .text.HAL_ADC_RegularChannelConfig
                0x000000000000421a       0x46 ./HAL/hal_adc_ch32.o
                0x000000000000421a                HAL_ADC_RegularChannelConfig
 .text.HAL_ADC_ContiniusScanCinvertionDMA
                0x0000000000004260      0x108 ./HAL/hal_adc_ch32.o
                0x0000000000004260                HAL_ADC_ContiniusScanCinvertionDMA
 .text.HAL_ADC_StartDMA
                0x0000000000004368       0x42 ./HAL/hal_adc_ch32.o
                0x0000000000004368                HAL_ADC_StartDMA
 .text.HAL_CANSetTXCallback
                0x00000000000043aa        0xa ./HAL/hal_can_ch32.o
                0x00000000000043aa                HAL_CANSetTXCallback
 .text.HAL_CANSetRXCallback
                0x00000000000043b4        0xa ./HAL/hal_can_ch32.o
                0x00000000000043b4                HAL_CANSetRXCallback
 .text.HAL_CANSetERRCallback
                0x00000000000043be        0xa ./HAL/hal_can_ch32.o
                0x00000000000043be                HAL_CANSetERRCallback
 .text.HAL_CANIntIT
                0x00000000000043c8      0x13c ./HAL/hal_can_ch32.o
                0x00000000000043c8                HAL_CANIntIT
 .text.HAL_CANToInitMode
                0x0000000000004504       0x30 ./HAL/hal_can_ch32.o
                0x0000000000004504                HAL_CANToInitMode
 .text.HAL_CANToOperatingMode
                0x0000000000004534       0x26 ./HAL/hal_can_ch32.o
                0x0000000000004534                HAL_CANToOperatingMode
 .text.HAL_CANSend
                0x000000000000455a       0xae ./HAL/hal_can_ch32.o
                0x000000000000455a                HAL_CANSend
 .text.HAL_CANSetFiters
                0x0000000000004608       0xc4 ./HAL/hal_can_ch32.o
                0x0000000000004608                HAL_CANSetFiters
 .text.HAL_CANGetRXMessage
                0x00000000000046cc       0xb0 ./HAL/hal_can_ch32.o
                0x00000000000046cc                HAL_CANGetRXMessage
 .text.USB_HP_CAN1_TX_IRQHandler
                0x000000000000477c       0x60 ./HAL/hal_can_ch32.o
                0x000000000000477c                USB_HP_CAN1_TX_IRQHandler
 .text.USB_LP_CAN1_RX0_IRQHandler
                0x00000000000047dc       0x5e ./HAL/hal_can_ch32.o
                0x00000000000047dc                USB_LP_CAN1_RX0_IRQHandler
 .text.CAN1_RX1_IRQHandler
                0x000000000000483a       0x5e ./HAL/hal_can_ch32.o
                0x000000000000483a                CAN1_RX1_IRQHandler
 .text.CAN1_SCE_IRQHandler
                0x0000000000004898       0x5c ./HAL/hal_can_ch32.o
                0x0000000000004898                CAN1_SCE_IRQHandler
 .text.DMA_IRQ  0x00000000000048f4       0x3a ./HAL/hal_dma.o
 .text.HAL_DMA_Enable
                0x000000000000492e       0x18 ./HAL/hal_dma.o
                0x000000000000492e                HAL_DMA_Enable
 .text.HAL_DMA_Disable
                0x0000000000004946       0x1a ./HAL/hal_dma.o
                0x0000000000004946                HAL_DMA_Disable
 .text.HAL_DMAInitIT
                0x0000000000004960       0xb8 ./HAL/hal_dma.o
                0x0000000000004960                HAL_DMAInitIT
 .text.HAL_DMA_SetCounter
                0x0000000000004a18       0x12 ./HAL/hal_dma.o
                0x0000000000004a18                HAL_DMA_SetCounter
 .text.HAL_DMA_ITENABLE
                0x0000000000004a2a       0x16 ./HAL/hal_dma.o
                0x0000000000004a2a                HAL_DMA_ITENABLE
 .text.HAL_DMA_SetCouterAndEnable
                0x0000000000004a40       0x1a ./HAL/hal_dma.o
                0x0000000000004a40                HAL_DMA_SetCouterAndEnable
 .text.DMA1_Channel1_IRQHandler
                0x0000000000004a5a       0x4e ./HAL/hal_dma.o
                0x0000000000004a5a                DMA1_Channel1_IRQHandler
 .text.DMA1_Channel3_IRQHandler
                0x0000000000004aa8       0x4e ./HAL/hal_dma.o
                0x0000000000004aa8                DMA1_Channel3_IRQHandler
 .text.DMA1_Channel4_IRQHandler
                0x0000000000004af6       0x4e ./HAL/hal_dma.o
                0x0000000000004af6                DMA1_Channel4_IRQHandler
 .text.DMA1_Channel5_IRQHandler
                0x0000000000004b44       0x4e ./HAL/hal_dma.o
                0x0000000000004b44                DMA1_Channel5_IRQHandler
 .text.DMA1_Channel7_IRQHandler
                0x0000000000004b92       0x4e ./HAL/hal_dma.o
                0x0000000000004b92                DMA1_Channel7_IRQHandler
 .text.HAL_InitRCC
                0x0000000000004be0       0x2e ./HAL/hal_gpio.o
 .text.HAL_InitGPIO
                0x0000000000004c0e       0xd2 ./HAL/hal_gpio.o
                0x0000000000004c0e                HAL_InitGPIO
 .text.HAL_InitGpioOut
                0x0000000000004ce0       0x20 ./HAL/hal_gpio.o
                0x0000000000004ce0                HAL_InitGpioOut
 .text.HAL_InitGpioAIN
                0x0000000000004d00       0x20 ./HAL/hal_gpio.o
                0x0000000000004d00                HAL_InitGpioAIN
 .text.HAL_InitGpioIn
                0x0000000000004d20       0x20 ./HAL/hal_gpio.o
                0x0000000000004d20                HAL_InitGpioIn
 .text.HAL_InitGpioAF
                0x0000000000004d40       0x3e ./HAL/hal_gpio.o
                0x0000000000004d40                HAL_InitGpioAF
 .text.HAL_GetBit
                0x0000000000004d7e        0xa ./HAL/hal_gpio.o
                0x0000000000004d7e                HAL_GetBit
 .text.HAL_SetBit
                0x0000000000004d88        0x4 ./HAL/hal_gpio.o
                0x0000000000004d88                HAL_SetBit
 .text.HAL_ResetBit
                0x0000000000004d8c        0x4 ./HAL/hal_gpio.o
                0x0000000000004d8c                HAL_ResetBit
 .text.EEPROM_I2C_ENABLE
                0x0000000000004d90       0x14 ./HAL/hal_i2c.o
 .text.EEPROM_I2C_STOP
                0x0000000000004da4       0x14 ./HAL/hal_i2c.o
 .text.EEPROM_I2C_START
                0x0000000000004db8       0x14 ./HAL/hal_i2c.o
 .text.EEPROM_I2C_SEND
                0x0000000000004dcc        0xe ./HAL/hal_i2c.o
 .text.I2C_Master_ReviceIT
                0x0000000000004dda       0x96 ./HAL/hal_i2c.o
 .text.I2C_Master_TransmitIT
                0x0000000000004e70       0x88 ./HAL/hal_i2c.o
 .text.I2C_Master_TransmitFast
                0x0000000000004ef8       0x98 ./HAL/hal_i2c.o
 .text.I2C_FSM  0x0000000000004f90      0x18e ./HAL/hal_i2c.o
 .text.InitI2CDMA
                0x000000000000511e      0x14e ./HAL/hal_i2c.o
                0x000000000000511e                InitI2CDMA
 .text.I2C1_EV_IRQHandler
                0x000000000000526c       0x4c ./HAL/hal_i2c.o
                0x000000000000526c                I2C1_EV_IRQHandler
 .text.I2C1_ER_IRQHandler
                0x00000000000052b8       0x4c ./HAL/hal_i2c.o
                0x00000000000052b8                I2C1_ER_IRQHandler
 .text.PFIC_IRQ_ENABLE_PG1
                0x0000000000005304       0x34 ./HAL/hal_irq.o
                0x0000000000005304                PFIC_IRQ_ENABLE_PG1
 .text.HAL_RTC_IT_Init
                0x0000000000005338       0xba ./HAL/hal_rtc.o
                0x0000000000005338                HAL_RTC_IT_Init
 .text.RTC_IRQHandler
                0x00000000000053f2       0x78 ./HAL/hal_rtc.o
                0x00000000000053f2                RTC_IRQHandler
 .text.HAL_SPI_InitDMA
                0x000000000000546a       0x86 ./HAL/hal_spi.o
                0x000000000000546a                HAL_SPI_InitDMA
 .text.HAL_SPI_RXOveleyClear
                0x00000000000054f0       0x12 ./HAL/hal_spi.o
                0x00000000000054f0                HAL_SPI_RXOveleyClear
 .text.HAL_SPI_GetBusy
                0x0000000000005502       0x10 ./HAL/hal_spi.o
                0x0000000000005502                HAL_SPI_GetBusy
 .text.vTimerInitRCC
                0x0000000000005512       0x82 ./HAL/hal_timers.o
 .text.TIM4_IRQHandler
                0x0000000000005594       0x70 ./HAL/hal_timers.o
                0x0000000000005594                TIM4_IRQHandler
 .text.HAL_TiemrEneblae
                0x0000000000005604       0x16 ./HAL/hal_timers.o
                0x0000000000005604                HAL_TiemrEneblae
 .text.HAL_TiemrDisable
                0x000000000000561a       0x1c ./HAL/hal_timers.o
                0x000000000000561a                HAL_TiemrDisable
 .text.HW_TIMER_BaseTimerInit
                0x0000000000005636       0x54 ./HAL/hal_timers.o
                0x0000000000005636                HW_TIMER_BaseTimerInit
 .text.HAL_TIMER_InitIt
                0x000000000000568a       0x74 ./HAL/hal_timers.o
                0x000000000000568a                HAL_TIMER_InitIt
 .text.HAL_TIMER_PWMTimersInit
                0x00000000000056fe       0xda ./HAL/hal_timers.o
                0x00000000000056fe                HAL_TIMER_PWMTimersInit
 .text.HAL_TimeInitCaptureDMA
                0x00000000000057d8      0x108 ./HAL/hal_timers.o
                0x00000000000057d8                HAL_TimeInitCaptureDMA
 .text.HAL_TIMER_SetPWMPulse
                0x00000000000058e0       0x88 ./HAL/hal_timers.o
                0x00000000000058e0                HAL_TIMER_SetPWMPulse
 .text.HAL_TIMER_EnablePWMCH
                0x0000000000005968       0x1a ./HAL/hal_timers.o
                0x0000000000005968                HAL_TIMER_EnablePWMCH
 .text.HAL_WDTReset
                0x0000000000005982        0xe ./HAL/hal_wdt_ch32.o
                0x0000000000005982                HAL_WDTReset
 .text.HAL_WDT_Init1s
                0x0000000000005990       0x28 ./HAL/hal_wdt_ch32.o
                0x0000000000005990                HAL_WDT_Init1s
 .text.prvInsertBlockIntoFreeList
                0x00000000000059b8       0x48 ./FreeRTOS/portable/MemMang/heap_4.o
 .text.pvPortMalloc
                0x0000000000005a00      0x182 ./FreeRTOS/portable/MemMang/heap_4.o
                0x0000000000005a00                pvPortMalloc
 .text.vPortSetupTimerInterrupt
                0x0000000000005b82       0x3e ./FreeRTOS/portable/GCC/RISC-V/port.o
                0x0000000000005b82                vPortSetupTimerInterrupt
 .text.xPortStartScheduler
                0x0000000000005bc0       0x90 ./FreeRTOS/portable/GCC/RISC-V/port.o
                0x0000000000005bc0                xPortStartScheduler
 .text.SysTick_Handler
                0x0000000000005c50       0x7c ./FreeRTOS/portable/GCC/RISC-V/port.o
                0x0000000000005c50                SysTick_Handler
 .text.vPortEnterCritical
                0x0000000000005ccc       0x16 ./FreeRTOS/portable/GCC/RISC-V/port.o
                0x0000000000005ccc                vPortEnterCritical
 .text.vPortExitCritical
                0x0000000000005ce2       0x42 ./FreeRTOS/portable/GCC/RISC-V/port.o
                0x0000000000005ce2                vPortExitCritical
 .text.xPortSetInterruptMask
                0x0000000000005d24        0xc ./FreeRTOS/portable/GCC/RISC-V/port.o
                0x0000000000005d24                xPortSetInterruptMask
 .text.vPortClearInterruptMask
                0x0000000000005d30        0x6 ./FreeRTOS/portable/GCC/RISC-V/port.o
                0x0000000000005d30                vPortClearInterruptMask
 .text.vListInitialise
                0x0000000000005d36       0x14 ./FreeRTOS/list.o
                0x0000000000005d36                vListInitialise
 .text.vListInitialiseItem
                0x0000000000005d4a        0x6 ./FreeRTOS/list.o
                0x0000000000005d4a                vListInitialiseItem
 .text.vListInsertEnd
                0x0000000000005d50       0x18 ./FreeRTOS/list.o
                0x0000000000005d50                vListInsertEnd
 .text.vListInsert
                0x0000000000005d68       0x2e ./FreeRTOS/list.o
                0x0000000000005d68                vListInsert
 .text.uxListRemove
                0x0000000000005d96       0x20 ./FreeRTOS/list.o
                0x0000000000005d96                uxListRemove
 .text.prvIsQueueEmpty
                0x0000000000005db6       0x1e ./FreeRTOS/queue.o
 .text.prvCopyDataToQueue
                0x0000000000005dd4       0x72 ./FreeRTOS/queue.o
 .text.prvCopyDataFromQueue
                0x0000000000005e46       0x28 ./FreeRTOS/queue.o
 .text.prvUnlockQueue
                0x0000000000005e6e       0x76 ./FreeRTOS/queue.o
 .text.xQueueGenericReset
                0x0000000000005ee4       0xc4 ./FreeRTOS/queue.o
                0x0000000000005ee4                xQueueGenericReset
 .text.xQueueGenericCreateStatic
                0x0000000000005fa8       0xae ./FreeRTOS/queue.o
                0x0000000000005fa8                xQueueGenericCreateStatic
 .text.xQueueGenericCreate
                0x0000000000006056       0x72 ./FreeRTOS/queue.o
                0x0000000000006056                xQueueGenericCreate
 .text.xQueueGenericSend
                0x00000000000060c8      0x178 ./FreeRTOS/queue.o
                0x00000000000060c8                xQueueGenericSend
 .text.xQueueGiveMutexRecursive
                0x0000000000006240       0x56 ./FreeRTOS/queue.o
                0x0000000000006240                xQueueGiveMutexRecursive
 .text.xQueueCreateMutex
                0x0000000000006296       0x2e ./FreeRTOS/queue.o
                0x0000000000006296                xQueueCreateMutex
 .text.xQueueReceive
                0x00000000000062c4      0x138 ./FreeRTOS/queue.o
                0x00000000000062c4                xQueueReceive
 .text.xQueueSemaphoreTake
                0x00000000000063fc      0x18e ./FreeRTOS/queue.o
                0x00000000000063fc                xQueueSemaphoreTake
 .text.xQueueTakeMutexRecursive
                0x000000000000658a       0x5a ./FreeRTOS/queue.o
                0x000000000000658a                xQueueTakeMutexRecursive
 .text.uxQueueMessagesWaiting
                0x00000000000065e4       0x44 ./FreeRTOS/queue.o
                0x00000000000065e4                uxQueueMessagesWaiting
 .text.prvIdleTask
                0x0000000000006628        0x2 ./FreeRTOS/tasks.o
 .text.prvAddNewTaskToReadyList
                0x000000000000662a       0xf6 ./FreeRTOS/tasks.o
 .text.prvResetNextTaskUnblockTime
                0x0000000000006720       0x1c ./FreeRTOS/tasks.o
 .text.prvTaskIsTaskSuspended
                0x000000000000673c       0x50 ./FreeRTOS/tasks.o
 .text.prvInitialiseNewTask.isra.2
                0x000000000000678c       0xc8 ./FreeRTOS/tasks.o
 .text.prvAddCurrentTaskToDelayedList
                0x0000000000006854       0x98 ./FreeRTOS/tasks.o
 .text.xTaskCreateStatic
                0x00000000000068ec       0xa6 ./FreeRTOS/tasks.o
                0x00000000000068ec                xTaskCreateStatic
 .text.vTaskResume
                0x0000000000006992       0xa2 ./FreeRTOS/tasks.o
                0x0000000000006992                vTaskResume
 .text.vTaskStartScheduler
                0x0000000000006a34       0x5c ./FreeRTOS/tasks.o
                0x0000000000006a34                vTaskStartScheduler
 .text.vTaskSuspendAll
                0x0000000000006a90        0xc ./FreeRTOS/tasks.o
                0x0000000000006a90                vTaskSuspendAll
 .text.xTaskGetTickCount
                0x0000000000006a9c        0x6 ./FreeRTOS/tasks.o
                0x0000000000006a9c                xTaskGetTickCount
 .text.xTaskIncrementTick
                0x0000000000006aa2      0x180 ./FreeRTOS/tasks.o
                0x0000000000006aa2                xTaskIncrementTick
 .text.xTaskResumeAll
                0x0000000000006c22      0x148 ./FreeRTOS/tasks.o
                0x0000000000006c22                xTaskResumeAll
 .text.vTaskDelay
                0x0000000000006d6a       0x62 ./FreeRTOS/tasks.o
                0x0000000000006d6a                vTaskDelay
 .text.vTaskSwitchContext
                0x0000000000006dcc       0x8a ./FreeRTOS/tasks.o
                0x0000000000006dcc                vTaskSwitchContext
 .text.vTaskSuspend
                0x0000000000006e56       0xde ./FreeRTOS/tasks.o
                0x0000000000006e56                vTaskSuspend
 .text.vTaskPlaceOnEventList
                0x0000000000006f34       0x44 ./FreeRTOS/tasks.o
                0x0000000000006f34                vTaskPlaceOnEventList
 .text.xTaskRemoveFromEventList
                0x0000000000006f78       0xdc ./FreeRTOS/tasks.o
                0x0000000000006f78                xTaskRemoveFromEventList
 .text.vTaskInternalSetTimeOutState
                0x0000000000007054        0xe ./FreeRTOS/tasks.o
                0x0000000000007054                vTaskInternalSetTimeOutState
 .text.xTaskCheckForTimeOut
                0x0000000000007062       0xaa ./FreeRTOS/tasks.o
                0x0000000000007062                xTaskCheckForTimeOut
 .text.vTaskMissedYield
                0x000000000000710c        0x8 ./FreeRTOS/tasks.o
                0x000000000000710c                vTaskMissedYield
 .text.xTaskGetCurrentTaskHandle
                0x0000000000007114        0x6 ./FreeRTOS/tasks.o
                0x0000000000007114                xTaskGetCurrentTaskHandle
 .text.xTaskPriorityInherit
                0x000000000000711a       0xa6 ./FreeRTOS/tasks.o
                0x000000000000711a                xTaskPriorityInherit
 .text.xTaskPriorityDisinherit
                0x00000000000071c0       0xc2 ./FreeRTOS/tasks.o
                0x00000000000071c0                xTaskPriorityDisinherit
 .text.vTaskPriorityDisinheritAfterTimeout
                0x0000000000007282       0xde ./FreeRTOS/tasks.o
                0x0000000000007282                vTaskPriorityDisinheritAfterTimeout
 .text.pvTaskIncrementMutexHeldCount
                0x0000000000007360       0x18 ./FreeRTOS/tasks.o
                0x0000000000007360                pvTaskIncrementMutexHeldCount
 .text.ulTaskGenericNotifyTake
                0x0000000000007378       0xb4 ./FreeRTOS/tasks.o
                0x0000000000007378                ulTaskGenericNotifyTake
 .text.xTaskGenericNotifyWait
                0x000000000000742c       0xe2 ./FreeRTOS/tasks.o
                0x000000000000742c                xTaskGenericNotifyWait
 .text.xTaskGenericNotify
                0x000000000000750e      0x1a8 ./FreeRTOS/tasks.o
                0x000000000000750e                xTaskGenericNotify
 .text.xTaskGenericNotifyFromISR
                0x00000000000076b6      0x1e0 ./FreeRTOS/tasks.o
                0x00000000000076b6                xTaskGenericNotifyFromISR
 .text.ulTaskGenericNotifyValueClear
                0x0000000000007896       0x3a ./FreeRTOS/tasks.o
                0x0000000000007896                ulTaskGenericNotifyValueClear
 .text.vRCFilter
                0x00000000000078d0       0x30 ./Drivers/filters.o
                0x00000000000078d0                vRCFilter
 .text.vInitABFilter
                0x0000000000007900       0x22 ./Drivers/filters.o
                0x0000000000007900                vInitABFilter
 .text.vInitRunAverga
                0x0000000000007922        0x8 ./Drivers/filters.o
                0x0000000000007922                vInitRunAverga
 .text.vInitMedianFilter
                0x000000000000792a       0x12 ./Drivers/filters.o
                0x000000000000792a                vInitMedianFilter
 .text.MedianFilter
                0x000000000000793c       0x6e ./Drivers/filters.o
                0x000000000000793c                MedianFilter
 .text.Delay_Init
                0x00000000000079aa       0x2a ./Debug/debug.o
                0x00000000000079aa                Delay_Init
 .text.Delay_Ms
                0x00000000000079d4       0x36 ./Debug/debug.o
                0x00000000000079d4                Delay_Ms
 .text._write   0x0000000000007a0a       0x3e ./Debug/debug.o
                0x0000000000007a0a                _write
 .text._sbrk    0x0000000000007a48       0x2a ./Debug/debug.o
                0x0000000000007a48                _sbrk
 .text.prv_read_can_received_msg
                0x0000000000007a72       0x50 ./CANopenNode/keypad/CO_driver_ST32F103.o
                0x0000000000007a72                prv_read_can_received_msg
 .text.prv_send_can_message.isra.0
                0x0000000000007ac2       0x2c ./CANopenNode/keypad/CO_driver_ST32F103.o
 .text.CAN_SendMessage
                0x0000000000007aee       0x66 ./CANopenNode/keypad/CO_driver_ST32F103.o
                0x0000000000007aee                CAN_SendMessage
 .text.co_drv_create_os_objects
                0x0000000000007b54       0x30 ./CANopenNode/keypad/CO_driver_ST32F103.o
                0x0000000000007b54                co_drv_create_os_objects
 .text.co_drv_mutex_lock
                0x0000000000007b84       0x18 ./CANopenNode/keypad/CO_driver_ST32F103.o
                0x0000000000007b84                co_drv_mutex_lock
 .text.co_drv_mutex_unlock
                0x0000000000007b9c       0x16 ./CANopenNode/keypad/CO_driver_ST32F103.o
                0x0000000000007b9c                co_drv_mutex_unlock
 .text.CO_CANsetConfigurationMode
                0x0000000000007bb2       0x10 ./CANopenNode/keypad/CO_driver_ST32F103.o
                0x0000000000007bb2                CO_CANsetConfigurationMode
 .text.CO_CANsetNormalMode
                0x0000000000007bc2       0x1c ./CANopenNode/keypad/CO_driver_ST32F103.o
                0x0000000000007bc2                CO_CANsetNormalMode
 .text.CO_CANmodule_init
                0x0000000000007bde      0x110 ./CANopenNode/keypad/CO_driver_ST32F103.o
                0x0000000000007bde                CO_CANmodule_init
 .text.CO_CANmodule_disable
                0x0000000000007cee       0x14 ./CANopenNode/keypad/CO_driver_ST32F103.o
                0x0000000000007cee                CO_CANmodule_disable
 .text.CO_CANrxBufferInit
                0x0000000000007d02       0x52 ./CANopenNode/keypad/CO_driver_ST32F103.o
                0x0000000000007d02                CO_CANrxBufferInit
 .text.CO_CANtxBufferInit
                0x0000000000007d54       0x3a ./CANopenNode/keypad/CO_driver_ST32F103.o
                0x0000000000007d54                CO_CANtxBufferInit
 .text.CO_CANmodule_process
                0x0000000000007d8e       0x12 ./CANopenNode/keypad/CO_driver_ST32F103.o
                0x0000000000007d8e                CO_CANmodule_process
 .text.CO_CANsend
                0x0000000000007da0       0x46 ./CANopenNode/keypad/CO_driver_ST32F103.o
                0x0000000000007da0                CO_CANsend
 .text.CO_LSSslave_receive
                0x0000000000007de6      0x1a8 ./CANopenNode/305/CO_LSSslave.o
 .text.CO_LSSslave_init
                0x0000000000007f8e       0xa4 ./CANopenNode/305/CO_LSSslave.o
                0x0000000000007f8e                CO_LSSslave_init
 .text.CO_LSSslave_process
                0x0000000000008032      0x1a2 ./CANopenNode/305/CO_LSSslave.o
                0x0000000000008032                CO_LSSslave_process
 .text.OD_write_1003
                0x00000000000081d4       0x28 ./CANopenNode/301/CO_Emergency.o
 .text.OD_read_1003
                0x00000000000081fc       0x8c ./CANopenNode/301/CO_Emergency.o
 .text.OD_read_1014_default
                0x0000000000008288       0x50 ./CANopenNode/301/CO_Emergency.o
 .text.CO_EM_init
                0x00000000000082d8      0x112 ./CANopenNode/301/CO_Emergency.o
                0x00000000000082d8                CO_EM_init
 .text.CO_error
                0x00000000000083ea       0xc4 ./CANopenNode/301/CO_Emergency.o
                0x00000000000083ea                CO_error
 .text.CO_EM_process
                0x00000000000084ae      0x182 ./CANopenNode/301/CO_Emergency.o
                0x00000000000084ae                CO_EM_process
 .text.CO_NMT_receive
                0x0000000000008630       0x18 ./CANopenNode/301/CO_NMT_Heartbeat.o
 .text.OD_write_1017
                0x0000000000008648       0x48 ./CANopenNode/301/CO_NMT_Heartbeat.o
 .text.CO_NMT_init
                0x0000000000008690       0xec ./CANopenNode/301/CO_NMT_Heartbeat.o
                0x0000000000008690                CO_NMT_init
 .text.CO_NMT_process
                0x000000000000877c      0x106 ./CANopenNode/301/CO_NMT_Heartbeat.o
                0x000000000000877c                CO_NMT_process
 .text.OD_readDisabled
                0x0000000000008882        0x4 ./CANopenNode/301/CO_ODinterface.o
 .text.OD_readOriginal
                0x0000000000008886       0x50 ./CANopenNode/301/CO_ODinterface.o
                0x0000000000008886                OD_readOriginal
 .text.OD_writeOriginal
                0x00000000000088d6       0x54 ./CANopenNode/301/CO_ODinterface.o
                0x00000000000088d6                OD_writeOriginal
 .text.OD_writeDisabled
                0x000000000000892a        0x4 ./CANopenNode/301/CO_ODinterface.o
 .text.OD_find  0x000000000000892e       0x70 ./CANopenNode/301/CO_ODinterface.o
                0x000000000000892e                OD_find
 .text.OD_getSub
                0x000000000000899e       0xf6 ./CANopenNode/301/CO_ODinterface.o
                0x000000000000899e                OD_getSub
 .text.OD_getSDOabCode
                0x0000000000008a94       0x20 ./CANopenNode/301/CO_ODinterface.o
                0x0000000000008a94                OD_getSDOabCode
 .text.OD_get_value
                0x0000000000008ab4       0x34 ./CANopenNode/301/CO_ODinterface.o
                0x0000000000008ab4                OD_get_value
 .text.OD_set_value
                0x0000000000008ae8       0x2e ./CANopenNode/301/CO_ODinterface.o
                0x0000000000008ae8                OD_set_value
 .text.OD_getPtr
                0x0000000000008b16       0x3c ./CANopenNode/301/CO_ODinterface.o
                0x0000000000008b16                OD_getPtr
 .text.OD_write_dummy
                0x0000000000008b52        0x8 ./CANopenNode/301/CO_PDO.o
 .text.OD_read_dummy
                0x0000000000008b5a       0x2e ./CANopenNode/301/CO_PDO.o
 .text.PDOconfigMap
                0x0000000000008b88      0x100 ./CANopenNode/301/CO_PDO.o
 .text.CO_PDO_receive
                0x0000000000008c88       0x48 ./CANopenNode/301/CO_PDO.o
 .text.OD_read_PDO_commParam
                0x0000000000008cd0       0x70 ./CANopenNode/301/CO_PDO.o
 .text.PDO_initMapping.constprop.3
                0x0000000000008d40       0xe6 ./CANopenNode/301/CO_PDO.o
 .text.OD_write_PDO_mapping
                0x0000000000008e26       0xb4 ./CANopenNode/301/CO_PDO.o
 .text.OD_write_18xx
                0x0000000000008eda      0x184 ./CANopenNode/301/CO_PDO.o
 .text.OD_write_14xx
                0x000000000000905e      0x15a ./CANopenNode/301/CO_PDO.o
 .text.CO_RPDO_init
                0x00000000000091b8      0x172 ./CANopenNode/301/CO_PDO.o
                0x00000000000091b8                CO_RPDO_init
 .text.CO_RPDO_process
                0x000000000000932a      0x114 ./CANopenNode/301/CO_PDO.o
                0x000000000000932a                CO_RPDO_process
 .text.CO_TPDO_init
                0x000000000000943e      0x1d2 ./CANopenNode/301/CO_PDO.o
                0x000000000000943e                CO_TPDO_init
 .text.CO_TPDO_process
                0x0000000000009610      0x15e ./CANopenNode/301/CO_PDO.o
                0x0000000000009610                CO_TPDO_process
 .text.CO_SDOserver_init_canRxTx
                0x000000000000976e       0x82 ./CANopenNode/301/CO_SDOserver.o
 .text.CO_SDO_receive
                0x00000000000097f0       0x38 ./CANopenNode/301/CO_SDOserver.o
 .text.readFromOd.isra.1.constprop.5
                0x0000000000009828       0xe2 ./CANopenNode/301/CO_SDOserver.o
 .text.OD_write_1201_additional
                0x000000000000990a      0x158 ./CANopenNode/301/CO_SDOserver.o
 .text.CO_SDOserver_init
                0x0000000000009a62      0x172 ./CANopenNode/301/CO_SDOserver.o
                0x0000000000009a62                CO_SDOserver_init
 .text.CO_SDOserver_process
                0x0000000000009bd4      0x5e8 ./CANopenNode/301/CO_SDOserver.o
                0x0000000000009bd4                CO_SDOserver_process
 .text.CO_delete
                0x000000000000a1bc       0x56 ./CANopenNode/CANopen.o
                0x000000000000a1bc                CO_delete
 .text.CO_new   0x000000000000a212      0x102 ./CANopenNode/CANopen.o
                0x000000000000a212                CO_new
 .text.CO_CANinit
                0x000000000000a314       0x36 ./CANopenNode/CANopen.o
                0x000000000000a314                CO_CANinit
 .text.CO_LSSinit
                0x000000000000a34a       0x32 ./CANopenNode/CANopen.o
                0x000000000000a34a                CO_LSSinit
 .text.CO_CANopenInit
                0x000000000000a37c       0xb8 ./CANopenNode/CANopen.o
                0x000000000000a37c                CO_CANopenInit
 .text.CO_CANopenInitPDO
                0x000000000000a434       0xea ./CANopenNode/CANopen.o
                0x000000000000a434                CO_CANopenInitPDO
 .text.CO_process
                0x000000000000a51e       0x7e ./CANopenNode/CANopen.o
                0x000000000000a51e                CO_process
 .text.CO_process_RPDO
                0x000000000000a59c       0x40 ./CANopenNode/CANopen.o
                0x000000000000a59c                CO_process_RPDO
 .text.CO_process_TPDO
                0x000000000000a5dc       0x40 ./CANopenNode/CANopen.o
                0x000000000000a5dc                CO_process_TPDO
 .text.__addsf3
                0x000000000000a61c      0x36a c:/mounriver/mounriver_studio/toolchain/risc-v embedded gcc/bin/../lib/gcc/riscv-none-embed/8.2.0/rv32imacxw/ilp32\libgcc.a(addsf3.o)
                0x000000000000a61c                __addsf3
 .text.__divsf3
                0x000000000000a986      0x2b2 c:/mounriver/mounriver_studio/toolchain/risc-v embedded gcc/bin/../lib/gcc/riscv-none-embed/8.2.0/rv32imacxw/ilp32\libgcc.a(divsf3.o)
                0x000000000000a986                __divsf3
 .text.__gesf2  0x000000000000ac38       0x86 c:/mounriver/mounriver_studio/toolchain/risc-v embedded gcc/bin/../lib/gcc/riscv-none-embed/8.2.0/rv32imacxw/ilp32\libgcc.a(gesf2.o)
                0x000000000000ac38                __gesf2
                0x000000000000ac38                __gtsf2
 .text.__lesf2  0x000000000000acbe       0x8c c:/mounriver/mounriver_studio/toolchain/risc-v embedded gcc/bin/../lib/gcc/riscv-none-embed/8.2.0/rv32imacxw/ilp32\libgcc.a(lesf2.o)
                0x000000000000acbe                __ltsf2
                0x000000000000acbe                __lesf2
 .text.__mulsf3
                0x000000000000ad4a      0x290 c:/mounriver/mounriver_studio/toolchain/risc-v embedded gcc/bin/../lib/gcc/riscv-none-embed/8.2.0/rv32imacxw/ilp32\libgcc.a(mulsf3.o)
                0x000000000000ad4a                __mulsf3
 .text.__subsf3
                0x000000000000afda      0x388 c:/mounriver/mounriver_studio/toolchain/risc-v embedded gcc/bin/../lib/gcc/riscv-none-embed/8.2.0/rv32imacxw/ilp32\libgcc.a(subsf3.o)
                0x000000000000afda                __subsf3
 .text.__fixsfsi
                0x000000000000b362       0x62 c:/mounriver/mounriver_studio/toolchain/risc-v embedded gcc/bin/../lib/gcc/riscv-none-embed/8.2.0/rv32imacxw/ilp32\libgcc.a(fixsfsi.o)
                0x000000000000b362                __fixsfsi
 .text.__fixunssfsi
                0x000000000000b3c4       0x56 c:/mounriver/mounriver_studio/toolchain/risc-v embedded gcc/bin/../lib/gcc/riscv-none-embed/8.2.0/rv32imacxw/ilp32\libgcc.a(fixunssfsi.o)
                0x000000000000b3c4                __fixunssfsi
 .text.__floatsisf
                0x000000000000b41a       0xc6 c:/mounriver/mounriver_studio/toolchain/risc-v embedded gcc/bin/../lib/gcc/riscv-none-embed/8.2.0/rv32imacxw/ilp32\libgcc.a(floatsisf.o)
                0x000000000000b41a                __floatsisf
 .text.__floatunsisf
                0x000000000000b4e0       0xce c:/mounriver/mounriver_studio/toolchain/risc-v embedded gcc/bin/../lib/gcc/riscv-none-embed/8.2.0/rv32imacxw/ilp32\libgcc.a(floatunsisf.o)
                0x000000000000b4e0                __floatunsisf
 .text.__clzsi2
                0x000000000000b5ae       0x6e c:/mounriver/mounriver_studio/toolchain/risc-v embedded gcc/bin/../lib/gcc/riscv-none-embed/8.2.0/rv32imacxw/ilp32\libgcc.a(_clzsi2.o)
                0x000000000000b5ae                __clzsi2
 .text.calloc   0x000000000000b61c        0xc c:/mounriver/mounriver_studio/toolchain/risc-v embedded gcc/bin/../lib/gcc/riscv-none-embed/8.2.0/../../../../riscv-none-embed/lib/rv32imacxw/ilp32\libg_nano.a(lib_a-calloc.o)
                0x000000000000b61c                calloc
 .text.free     0x000000000000b628        0xa c:/mounriver/mounriver_studio/toolchain/risc-v embedded gcc/bin/../lib/gcc/riscv-none-embed/8.2.0/../../../../riscv-none-embed/lib/rv32imacxw/ilp32\libg_nano.a(lib_a-malloc.o)
                0x000000000000b628                free
 .text.memcpy   0x000000000000b632       0xb2 c:/mounriver/mounriver_studio/toolchain/risc-v embedded gcc/bin/../lib/gcc/riscv-none-embed/8.2.0/../../../../riscv-none-embed/lib/rv32imacxw/ilp32\libg_nano.a(lib_a-memcpy.o)
                0x000000000000b632                memcpy
 .text.memmove  0x000000000000b6e4       0x46 c:/mounriver/mounriver_studio/toolchain/risc-v embedded gcc/bin/../lib/gcc/riscv-none-embed/8.2.0/../../../../riscv-none-embed/lib/rv32imacxw/ilp32\libg_nano.a(lib_a-memmove.o)
                0x000000000000b6e4                memmove
 .text._calloc_r
                0x000000000000b72a       0x26 c:/mounriver/mounriver_studio/toolchain/risc-v embedded gcc/bin/../lib/gcc/riscv-none-embed/8.2.0/../../../../riscv-none-embed/lib/rv32imacxw/ilp32\libg_nano.a(lib_a-nano-callocr.o)
                0x000000000000b72a                _calloc_r
 .text._free_r  0x000000000000b750       0xa4 c:/mounriver/mounriver_studio/toolchain/risc-v embedded gcc/bin/../lib/gcc/riscv-none-embed/8.2.0/../../../../riscv-none-embed/lib/rv32imacxw/ilp32\libg_nano.a(lib_a-nano-freer.o)
                0x000000000000b750                _free_r
 .text._malloc_r
                0x000000000000b7f4       0xce c:/mounriver/mounriver_studio/toolchain/risc-v embedded gcc/bin/../lib/gcc/riscv-none-embed/8.2.0/../../../../riscv-none-embed/lib/rv32imacxw/ilp32\libg_nano.a(lib_a-nano-mallocr.o)
                0x000000000000b7f4                _malloc_r
 .text.printf   0x000000000000b8c2       0x3e c:/mounriver/mounriver_studio/toolchain/risc-v embedded gcc/bin/../lib/gcc/riscv-none-embed/8.2.0/../../../../riscv-none-embed/lib/rv32imacxw/ilp32\libg_nano.a(lib_a-printf.o)
                0x000000000000b8c2                iprintf
                0x000000000000b8c2                printf
 .text._sbrk_r  0x000000000000b900       0x32 c:/mounriver/mounriver_studio/toolchain/risc-v embedded gcc/bin/../lib/gcc/riscv-none-embed/8.2.0/../../../../riscv-none-embed/lib/rv32imacxw/ilp32\libg_nano.a(lib_a-sbrkr.o)
                0x000000000000b900                _sbrk_r
 .text.strlen   0x000000000000b932       0x12 c:/mounriver/mounriver_studio/toolchain/risc-v embedded gcc/bin/../lib/gcc/riscv-none-embed/8.2.0/../../../../riscv-none-embed/lib/rv32imacxw/ilp32\libg_nano.a(lib_a-strlen.o)
                0x000000000000b932                strlen
 .text.std      0x000000000000b944       0x66 c:/mounriver/mounriver_studio/toolchain/risc-v embedded gcc/bin/../lib/gcc/riscv-none-embed/8.2.0/../../../../riscv-none-embed/lib/rv32imacxw/ilp32\libg_nano.a(lib_a-findfp.o)
 .text._cleanup_r
                0x000000000000b9aa        0xa c:/mounriver/mounriver_studio/toolchain/risc-v embedded gcc/bin/../lib/gcc/riscv-none-embed/8.2.0/../../../../riscv-none-embed/lib/rv32imacxw/ilp32\libg_nano.a(lib_a-findfp.o)
                0x000000000000b9aa                _cleanup_r
 .text.__sfmoreglue
                0x000000000000b9b4       0x48 c:/mounriver/mounriver_studio/toolchain/risc-v embedded gcc/bin/../lib/gcc/riscv-none-embed/8.2.0/../../../../riscv-none-embed/lib/rv32imacxw/ilp32\libg_nano.a(lib_a-findfp.o)
                0x000000000000b9b4                __sfmoreglue
 .text.__sinit  0x000000000000b9fc       0x6c c:/mounriver/mounriver_studio/toolchain/risc-v embedded gcc/bin/../lib/gcc/riscv-none-embed/8.2.0/../../../../riscv-none-embed/lib/rv32imacxw/ilp32\libg_nano.a(lib_a-findfp.o)
                0x000000000000b9fc                __sinit
 .text.__sfp    0x000000000000ba68       0xa0 c:/mounriver/mounriver_studio/toolchain/risc-v embedded gcc/bin/../lib/gcc/riscv-none-embed/8.2.0/../../../../riscv-none-embed/lib/rv32imacxw/ilp32\libg_nano.a(lib_a-findfp.o)
                0x000000000000ba68                __sfp
 .text._fwalk_reent
                0x000000000000bb08       0x6a c:/mounriver/mounriver_studio/toolchain/risc-v embedded gcc/bin/../lib/gcc/riscv-none-embed/8.2.0/../../../../riscv-none-embed/lib/rv32imacxw/ilp32\libg_nano.a(lib_a-fwalk.o)
                0x000000000000bb08                _fwalk_reent
 .text.__malloc_lock
                0x000000000000bb72        0x2 c:/mounriver/mounriver_studio/toolchain/risc-v embedded gcc/bin/../lib/gcc/riscv-none-embed/8.2.0/../../../../riscv-none-embed/lib/rv32imacxw/ilp32\libg_nano.a(lib_a-mlock.o)
                0x000000000000bb72                __malloc_lock
 .text.__malloc_unlock
                0x000000000000bb74        0x2 c:/mounriver/mounriver_studio/toolchain/risc-v embedded gcc/bin/../lib/gcc/riscv-none-embed/8.2.0/../../../../riscv-none-embed/lib/rv32imacxw/ilp32\libg_nano.a(lib_a-mlock.o)
                0x000000000000bb74                __malloc_unlock
 .text.__sfputc_r
                0x000000000000bb76       0x26 c:/mounriver/mounriver_studio/toolchain/risc-v embedded gcc/bin/../lib/gcc/riscv-none-embed/8.2.0/../../../../riscv-none-embed/lib/rv32imacxw/ilp32\libg_nano.a(lib_a-nano-vfprintf.o)
 .text.__sfputs_r
                0x000000000000bb9c       0x42 c:/mounriver/mounriver_studio/toolchain/risc-v embedded gcc/bin/../lib/gcc/riscv-none-embed/8.2.0/../../../../riscv-none-embed/lib/rv32imacxw/ilp32\libg_nano.a(lib_a-nano-vfprintf.o)
                0x000000000000bb9c                __sfputs_r
 .text._vfprintf_r
                0x000000000000bbde      0x28c c:/mounriver/mounriver_studio/toolchain/risc-v embedded gcc/bin/../lib/gcc/riscv-none-embed/8.2.0/../../../../riscv-none-embed/lib/rv32imacxw/ilp32\libg_nano.a(lib_a-nano-vfprintf.o)
                0x000000000000bbde                _vfprintf_r
                0x000000000000bbde                _vfiprintf_r
 .text._printf_common
                0x000000000000be6a      0x10c c:/mounriver/mounriver_studio/toolchain/risc-v embedded gcc/bin/../lib/gcc/riscv-none-embed/8.2.0/../../../../riscv-none-embed/lib/rv32imacxw/ilp32\libg_nano.a(lib_a-nano-vfprintf_i.o)
                0x000000000000be6a                _printf_common
 .text._printf_i
                0x000000000000bf76      0x2a2 c:/mounriver/mounriver_studio/toolchain/risc-v embedded gcc/bin/../lib/gcc/riscv-none-embed/8.2.0/../../../../riscv-none-embed/lib/rv32imacxw/ilp32\libg_nano.a(lib_a-nano-vfprintf_i.o)
                0x000000000000bf76                _printf_i
 .text.__sread  0x000000000000c218       0x2c c:/mounriver/mounriver_studio/toolchain/risc-v embedded gcc/bin/../lib/gcc/riscv-none-embed/8.2.0/../../../../riscv-none-embed/lib/rv32imacxw/ilp32\libg_nano.a(lib_a-stdio.o)
                0x000000000000c218                __sread
 .text.__swrite
                0x000000000000c244       0x48 c:/mounriver/mounriver_studio/toolchain/risc-v embedded gcc/bin/../lib/gcc/riscv-none-embed/8.2.0/../../../../riscv-none-embed/lib/rv32imacxw/ilp32\libg_nano.a(lib_a-stdio.o)
                0x000000000000c244                __swrite
 .text.__sseek  0x000000000000c28c       0x30 c:/mounriver/mounriver_studio/toolchain/risc-v embedded gcc/bin/../lib/gcc/riscv-none-embed/8.2.0/../../../../riscv-none-embed/lib/rv32imacxw/ilp32\libg_nano.a(lib_a-stdio.o)
                0x000000000000c28c                __sseek
 .text.__sclose
                0x000000000000c2bc        0x6 c:/mounriver/mounriver_studio/toolchain/risc-v embedded gcc/bin/../lib/gcc/riscv-none-embed/8.2.0/../../../../riscv-none-embed/lib/rv32imacxw/ilp32\libg_nano.a(lib_a-stdio.o)
                0x000000000000c2bc                __sclose
 .text.__swbuf_r
                0x000000000000c2c2       0xbe c:/mounriver/mounriver_studio/toolchain/risc-v embedded gcc/bin/../lib/gcc/riscv-none-embed/8.2.0/../../../../riscv-none-embed/lib/rv32imacxw/ilp32\libg_nano.a(lib_a-wbuf.o)
                0x000000000000c2c2                __swbuf_r
 .text._write_r
                0x000000000000c380       0x36 c:/mounriver/mounriver_studio/toolchain/risc-v embedded gcc/bin/../lib/gcc/riscv-none-embed/8.2.0/../../../../riscv-none-embed/lib/rv32imacxw/ilp32\libg_nano.a(lib_a-writer.o)
                0x000000000000c380                _write_r
 .text.__swsetup_r
                0x000000000000c3b6      0x100 c:/mounriver/mounriver_studio/toolchain/risc-v embedded gcc/bin/../lib/gcc/riscv-none-embed/8.2.0/../../../../riscv-none-embed/lib/rv32imacxw/ilp32\libg_nano.a(lib_a-wsetup.o)
                0x000000000000c3b6                __swsetup_r
 .text._close_r
                0x000000000000c4b6       0x30 c:/mounriver/mounriver_studio/toolchain/risc-v embedded gcc/bin/../lib/gcc/riscv-none-embed/8.2.0/../../../../riscv-none-embed/lib/rv32imacxw/ilp32\libg_nano.a(lib_a-closer.o)
                0x000000000000c4b6                _close_r
 .text.__sflush_r
                0x000000000000c4e6      0x132 c:/mounriver/mounriver_studio/toolchain/risc-v embedded gcc/bin/../lib/gcc/riscv-none-embed/8.2.0/../../../../riscv-none-embed/lib/rv32imacxw/ilp32\libg_nano.a(lib_a-fflush.o)
                0x000000000000c4e6                __sflush_r
 .text._fflush_r
                0x000000000000c618       0x68 c:/mounriver/mounriver_studio/toolchain/risc-v embedded gcc/bin/../lib/gcc/riscv-none-embed/8.2.0/../../../../riscv-none-embed/lib/rv32imacxw/ilp32\libg_nano.a(lib_a-fflush.o)
                0x000000000000c618                _fflush_r
 .text._lseek_r
                0x000000000000c680       0x34 c:/mounriver/mounriver_studio/toolchain/risc-v embedded gcc/bin/../lib/gcc/riscv-none-embed/8.2.0/../../../../riscv-none-embed/lib/rv32imacxw/ilp32\libg_nano.a(lib_a-lseekr.o)
                0x000000000000c680                _lseek_r
 .text.__swhatbuf_r
                0x000000000000c6b4       0x56 c:/mounriver/mounriver_studio/toolchain/risc-v embedded gcc/bin/../lib/gcc/riscv-none-embed/8.2.0/../../../../riscv-none-embed/lib/rv32imacxw/ilp32\libg_nano.a(lib_a-makebuf.o)
                0x000000000000c6b4                __swhatbuf_r
 .text.__smakebuf_r
                0x000000000000c70a       0x92 c:/mounriver/mounriver_studio/toolchain/risc-v embedded gcc/bin/../lib/gcc/riscv-none-embed/8.2.0/../../../../riscv-none-embed/lib/rv32imacxw/ilp32\libg_nano.a(lib_a-makebuf.o)
                0x000000000000c70a                __smakebuf_r
 .text.memchr   0x000000000000c79c       0x18 c:/mounriver/mounriver_studio/toolchain/risc-v embedded gcc/bin/../lib/gcc/riscv-none-embed/8.2.0/../../../../riscv-none-embed/lib/rv32imacxw/ilp32\libg_nano.a(lib_a-memchr.o)
                0x000000000000c79c                memchr
 .text._read_r  0x000000000000c7b4       0x34 c:/mounriver/mounriver_studio/toolchain/risc-v embedded gcc/bin/../lib/gcc/riscv-none-embed/8.2.0/../../../../riscv-none-embed/lib/rv32imacxw/ilp32\libg_nano.a(lib_a-readr.o)
                0x000000000000c7b4                _read_r
 .text._fstat_r
                0x000000000000c7e8       0x32 c:/mounriver/mounriver_studio/toolchain/risc-v embedded gcc/bin/../lib/gcc/riscv-none-embed/8.2.0/../../../../riscv-none-embed/lib/rv32imacxw/ilp32\libg_nano.a(lib_a-fstatr.o)
                0x000000000000c7e8                _fstat_r
 .text._isatty_r
                0x000000000000c81a       0x30 c:/mounriver/mounriver_studio/toolchain/risc-v embedded gcc/bin/../lib/gcc/riscv-none-embed/8.2.0/../../../../riscv-none-embed/lib/rv32imacxw/ilp32\libg_nano.a(lib_a-isattyr.o)
                0x000000000000c81a                _isatty_r
 .text._close   0x000000000000c84a       0x10 c:/mounriver/mounriver_studio/toolchain/risc-v embedded gcc/bin/../lib/gcc/riscv-none-embed/8.2.0/../../../../riscv-none-embed/lib/rv32imacxw/ilp32\libnosys.a(close.o)
                0x000000000000c84a                _close
 .text._fstat   0x000000000000c85a       0x10 c:/mounriver/mounriver_studio/toolchain/risc-v embedded gcc/bin/../lib/gcc/riscv-none-embed/8.2.0/../../../../riscv-none-embed/lib/rv32imacxw/ilp32\libnosys.a(fstat.o)
                0x000000000000c85a                _fstat
 .text._isatty  0x000000000000c86a       0x10 c:/mounriver/mounriver_studio/toolchain/risc-v embedded gcc/bin/../lib/gcc/riscv-none-embed/8.2.0/../../../../riscv-none-embed/lib/rv32imacxw/ilp32\libnosys.a(isatty.o)
                0x000000000000c86a                _isatty
 .text._lseek   0x000000000000c87a       0x10 c:/mounriver/mounriver_studio/toolchain/risc-v embedded gcc/bin/../lib/gcc/riscv-none-embed/8.2.0/../../../../riscv-none-embed/lib/rv32imacxw/ilp32\libnosys.a(lseek.o)
                0x000000000000c87a                _lseek
 .text._read    0x000000000000c88a       0x10 c:/mounriver/mounriver_studio/toolchain/risc-v embedded gcc/bin/../lib/gcc/riscv-none-embed/8.2.0/../../../../riscv-none-embed/lib/rv32imacxw/ilp32\libnosys.a(read.o)
                0x000000000000c88a                _read
 *(.rodata)
 *(.rodata*)
 *fill*         0x000000000000c89a        0x2 
 .rodata.CalPoint
                0x000000000000c89c       0x48 ./User/DataModel.o
 .rodata.bitrate_table
                0x000000000000c8e4       0x10 ./User/DataModel.o
 .rodata.seg_const
                0x000000000000c8f4       0x12 ./User/DataModel.o
 *fill*         0x000000000000c906        0x2 
 .rodata.vIncrementSystemCounters.cst4
                0x000000000000c908        0x8 ./User/DataModel.o
 .rodata.getODValue
                0x000000000000c910       0x74 ./User/dash_draw.o
 .rodata.MenuStateCross
                0x000000000000c984       0x14 ./User/dash_draw.o
 .rodata.dm     0x000000000000c998       0x3f ./User/dash_draw.o
 *fill*         0x000000000000c9d7        0x1 
 .rodata.getODValue.cst4
                0x000000000000c9d8        0x4 ./User/dash_draw.o
                                          0x8 (size before relaxing)
 .rodata.vBarColorMode.cst4
                0x000000000000c9dc        0x4 ./User/dash_draw.o
 .rodata.ADC_FSM.cst4
                0x000000000000c9e0       0x14 ./User/inputs.o
 .rodata.vInputsTask.cst4
                0x000000000000c9f4        0xc ./User/inputs.o
 .rodata.SetSegDirect
                0x000000000000ca00       0x1c ./User/led.o
 .rodata.Brigth
                0x000000000000ca1c       0x1e ./User/led.o
 *fill*         0x000000000000ca3a        0x2 
 .rodata.DigitMask
                0x000000000000ca3c        0xa ./User/led.o
                0x000000000000ca3c                DigitMask
 *fill*         0x000000000000ca46        0x2 
 .rodata.offset_mask
                0x000000000000ca48        0xe ./User/led.o
 *fill*         0x000000000000ca56        0x2 
 .rodata.step_mask
                0x000000000000ca58        0xe ./User/led.o
 *fill*         0x000000000000ca66        0x2 
 .rodata.OD_ADC1_CAL_extension
                0x000000000000ca68       0x10 ./User/process.o
                0x000000000000ca68                OD_ADC1_CAL_extension
 .rodata.OD_ADC2_CAL_extension
                0x000000000000ca78       0x10 ./User/process.o
                0x000000000000ca78                OD_ADC2_CAL_extension
 .rodata.OD_ADC3_CAL_extension
                0x000000000000ca88       0x10 ./User/process.o
                0x000000000000ca88                OD_ADC3_CAL_extension
 .rodata.OD_AIN_RPM_extension
                0x000000000000ca98       0x10 ./User/process.o
                0x000000000000ca98                OD_AIN_RPM_extension
 .rodata.OD_BAR_extension
                0x000000000000caa8       0x10 ./User/process.o
                0x000000000000caa8                OD_BAR_extension
 .rodata.OD_BOARD_SETTINGS_extension
                0x000000000000cab8       0x10 ./User/process.o
                0x000000000000cab8                OD_BOARD_SETTINGS_extension
 .rodata.OD_DASH_PARAM_extension
                0x000000000000cac8       0x10 ./User/process.o
                0x000000000000cac8                OD_DASH_PARAM_extension
 .rodata.OD_DIN_extension
                0x000000000000cad8       0x10 ./User/process.o
                0x000000000000cad8                OD_DIN_extension
 .rodata.OD_MENU_MAP_extension
                0x000000000000cae8       0x10 ./User/process.o
                0x000000000000cae8                OD_MENU_MAP_extension
 .rodata.OD_MENU_SETUP_extension
                0x000000000000caf8       0x10 ./User/process.o
                0x000000000000caf8                OD_MENU_SETUP_extension
 .rodata.OD_RGB10_extension
                0x000000000000cb08       0x10 ./User/process.o
                0x000000000000cb08                OD_RGB10_extension
 .rodata.OD_RGB11_extension
                0x000000000000cb18       0x10 ./User/process.o
                0x000000000000cb18                OD_RGB11_extension
 .rodata.OD_RGB12_extension
                0x000000000000cb28       0x10 ./User/process.o
                0x000000000000cb28                OD_RGB12_extension
 .rodata.OD_RGB13_extension
                0x000000000000cb38       0x10 ./User/process.o
                0x000000000000cb38                OD_RGB13_extension
 .rodata.OD_RGB1_extension
                0x000000000000cb48       0x10 ./User/process.o
                0x000000000000cb48                OD_RGB1_extension
 .rodata.OD_RGB2_extension
                0x000000000000cb58       0x10 ./User/process.o
                0x000000000000cb58                OD_RGB2_extension
 .rodata.OD_RGB3_extension
                0x000000000000cb68       0x10 ./User/process.o
                0x000000000000cb68                OD_RGB3_extension
 .rodata.OD_RGB4_extension
                0x000000000000cb78       0x10 ./User/process.o
                0x000000000000cb78                OD_RGB4_extension
 .rodata.OD_RGB5_extension
                0x000000000000cb88       0x10 ./User/process.o
                0x000000000000cb88                OD_RGB5_extension
 .rodata.OD_RGB6_extension
                0x000000000000cb98       0x10 ./User/process.o
                0x000000000000cb98                OD_RGB6_extension
 .rodata.OD_RGB7_extension
                0x000000000000cba8       0x10 ./User/process.o
                0x000000000000cba8                OD_RGB7_extension
 .rodata.OD_RGB8_extension
                0x000000000000cbb8       0x10 ./User/process.o
                0x000000000000cbb8                OD_RGB8_extension
 .rodata.OD_RGB9_extension
                0x000000000000cbc8       0x10 ./User/process.o
                0x000000000000cbc8                OD_RGB9_extension
 .rodata.OD_RGBMAP_extension
                0x000000000000cbd8       0x10 ./User/process.o
                0x000000000000cbd8                OD_RGBMAP_extension
 .rodata.OD_RPMCONFIG_extension
                0x000000000000cbe8       0x10 ./User/process.o
                0x000000000000cbe8                OD_RPMCONFIG_extension
 .rodata.OD_SEG_extension
                0x000000000000cbf8       0x10 ./User/process.o
                0x000000000000cbf8                OD_SEG_extension
 .rodata.OD_VRegiters_extension
                0x000000000000cc08       0x10 ./User/process.o
                0x000000000000cc08                OD_VRegiters_extension
 .rodata.writeADC.isra.9.cst4
                0x000000000000cc18        0x4 ./User/process.o
 .rodata.vSYStaskInit.str1.4
                0x000000000000cc18       0x44 ./User/system_init.o
 .rodata.GetRPM.cst4
                0x000000000000cc5c        0x8 ./HWLIB/hw_lib_din.o
 .rodata.vSetRPMConfig.cst4
                0x000000000000cc64        0x4 ./HWLIB/hw_lib_din.o
 .rodata.ADC_chennel_ref
                0x000000000000cc68       0x12 ./HAL/hal_adc_ch32.o
 *fill*         0x000000000000cc7a        0x2 
 .rodata.I2C_FSM
                0x000000000000cc7c       0x30 ./HAL/hal_i2c.o
 .rodata.timers
                0x000000000000ccac       0x14 ./HAL/hal_timers.o
 .rodata.pvPortMalloc.str1.4
                0x000000000000ccc0       0x49 ./FreeRTOS/portable/MemMang/heap_4.o
 *fill*         0x000000000000cd09        0x3 
 .rodata.xPortStartScheduler.str1.4
                0x000000000000cd0c       0x27 ./FreeRTOS/portable/GCC/RISC-V/port.o
                                         0x49 (size before relaxing)
 *fill*         0x000000000000cd33        0x1 
 .rodata.xQueueGenericReset.str1.4
                0x000000000000cd34       0x14 ./FreeRTOS/queue.o
                                         0x35 (size before relaxing)
 .rodata.xTaskGenericNotify
                0x000000000000cd48       0x14 ./FreeRTOS/tasks.o
 .rodata.xTaskGenericNotifyFromISR
                0x000000000000cd5c       0x14 ./FreeRTOS/tasks.o
 .rodata.prvTaskIsTaskSuspended.str1.4
                0x000000000000cd70       0x14 ./FreeRTOS/tasks.o
                                         0x35 (size before relaxing)
 .rodata.vTaskStartScheduler.str1.4
                0x000000000000cd84        0x5 ./FreeRTOS/tasks.o
 *fill*         0x000000000000cd89        0x3 
 .rodata.vInitABFilter.cst4
                0x000000000000cd8c        0x4 ./Drivers/filters.o
 .rodata.ODObjs
                0x000000000000cd90      0xb70 ./CANopenNode/keypad/OD.o
 .rodata.CO_LSS_bitTimingTableLookup
                0x000000000000d900       0x14 ./CANopenNode/305/CO_LSSslave.o
 .rodata.abortCodes.6833
                0x000000000000d914       0x68 ./CANopenNode/301/CO_ODinterface.o
 .rodata.__divsf3
                0x000000000000d97c       0x80 c:/mounriver/mounriver_studio/toolchain/risc-v embedded gcc/bin/../lib/gcc/riscv-none-embed/8.2.0/rv32imacxw/ilp32\libgcc.a(divsf3.o)
 .rodata.__mulsf3
                0x000000000000d9fc       0x40 c:/mounriver/mounriver_studio/toolchain/risc-v embedded gcc/bin/../lib/gcc/riscv-none-embed/8.2.0/rv32imacxw/ilp32\libgcc.a(mulsf3.o)
 .rodata.__clz_tab
                0x000000000000da3c      0x100 c:/mounriver/mounriver_studio/toolchain/risc-v embedded gcc/bin/../lib/gcc/riscv-none-embed/8.2.0/rv32imacxw/ilp32\libgcc.a(_clz.o)
                0x000000000000da3c                __clz_tab
 .rodata.__sf_fake_stderr
                0x000000000000db3c       0x20 c:/mounriver/mounriver_studio/toolchain/risc-v embedded gcc/bin/../lib/gcc/riscv-none-embed/8.2.0/../../../../riscv-none-embed/lib/rv32imacxw/ilp32\libg_nano.a(lib_a-findfp.o)
                0x000000000000db3c                __sf_fake_stderr
 .rodata.__sf_fake_stdin
                0x000000000000db5c       0x20 c:/mounriver/mounriver_studio/toolchain/risc-v embedded gcc/bin/../lib/gcc/riscv-none-embed/8.2.0/../../../../riscv-none-embed/lib/rv32imacxw/ilp32\libg_nano.a(lib_a-findfp.o)
                0x000000000000db5c                __sf_fake_stdin
 .rodata.__sf_fake_stdout
                0x000000000000db7c       0x20 c:/mounriver/mounriver_studio/toolchain/risc-v embedded gcc/bin/../lib/gcc/riscv-none-embed/8.2.0/../../../../riscv-none-embed/lib/rv32imacxw/ilp32\libg_nano.a(lib_a-findfp.o)
                0x000000000000db7c                __sf_fake_stdout
 .rodata._vfprintf_r.str1.4
                0x000000000000db9c       0x13 c:/mounriver/mounriver_studio/toolchain/risc-v embedded gcc/bin/../lib/gcc/riscv-none-embed/8.2.0/../../../../riscv-none-embed/lib/rv32imacxw/ilp32\libg_nano.a(lib_a-nano-vfprintf.o)
 *fill*         0x000000000000dbaf        0x1 
 .rodata._printf_i.str1.4
                0x000000000000dbb0       0x28 c:/mounriver/mounriver_studio/toolchain/risc-v embedded gcc/bin/../lib/gcc/riscv-none-embed/8.2.0/../../../../riscv-none-embed/lib/rv32imacxw/ilp32\libg_nano.a(lib_a-nano-vfprintf_i.o)
                                         0x25 (size before relaxing)
 *(.glue_7)
 *(.glue_7t)
 *(.gnu.linkonce.t.*)
                0x000000000000dbd8                . = ALIGN (0x4)

.rela.dyn       0x000000000000dbd8        0x0
 .rela.init     0x000000000000dbd8        0x0 ./User/CanOpenNode.o
 .rela.vector   0x000000000000dbd8        0x0 ./User/CanOpenNode.o
 .rela.text.handle_reset
                0x000000000000dbd8        0x0 ./User/CanOpenNode.o
 .rela.text.xPortStartScheduler
                0x000000000000dbd8        0x0 ./User/CanOpenNode.o
 .rela.sdata2.xISRStackTop
                0x000000000000dbd8        0x0 ./User/CanOpenNode.o
 .rela.text._sbrk
                0x000000000000dbd8        0x0 ./User/CanOpenNode.o
 .rela.sdata.curbrk.4668
                0x000000000000dbd8        0x0 ./User/CanOpenNode.o
 .rela.text._sbrk_r
                0x000000000000dbd8        0x0 ./User/CanOpenNode.o
 .rela.text._vfprintf_r
                0x000000000000dbd8        0x0 ./User/CanOpenNode.o
 .rela.text._write_r
                0x000000000000dbd8        0x0 ./User/CanOpenNode.o
 .rela.text._close_r
                0x000000000000dbd8        0x0 ./User/CanOpenNode.o
 .rela.text._lseek_r
                0x000000000000dbd8        0x0 ./User/CanOpenNode.o
 .rela.text._read_r
                0x000000000000dbd8        0x0 ./User/CanOpenNode.o
 .rela.text._fstat_r
                0x000000000000dbd8        0x0 ./User/CanOpenNode.o
 .rela.text._isatty_r
                0x000000000000dbd8        0x0 ./User/CanOpenNode.o
 .rela.text._close
                0x000000000000dbd8        0x0 ./User/CanOpenNode.o
 .rela.text._fstat
                0x000000000000dbd8        0x0 ./User/CanOpenNode.o
 .rela.text._isatty
                0x000000000000dbd8        0x0 ./User/CanOpenNode.o
 .rela.text._lseek
                0x000000000000dbd8        0x0 ./User/CanOpenNode.o
 .rela.text._read
                0x000000000000dbd8        0x0 ./User/CanOpenNode.o

.fini           0x000000000000dbd8        0x0
 *(SORT_NONE(.fini))
                0x000000000000dbd8                . = ALIGN (0x4)
                [!provide]                        PROVIDE (_etext = .)
                [!provide]                        PROVIDE (_eitcm = .)

.preinit_array  0x000000000000dbd8        0x0
                [!provide]                        PROVIDE (__preinit_array_start = .)
 *(.preinit_array)
                [!provide]                        PROVIDE (__preinit_array_end = .)

.init_array     0x000000000000dbd8        0x0
                [!provide]                        PROVIDE (__init_array_start = .)
 *(SORT_BY_INIT_PRIORITY(.init_array.*) SORT_BY_INIT_PRIORITY(.ctors.*))