Archive member included to satisfy reference by file (symbol)

c:/mounriver/mounriver_studio/toolchain/risc-v embedded gcc/bin/../lib/gcc/riscv-none-embed/8.2.0/rv32imacxw/ilp32\libgcc.a(addsf3.o)
                              ./User/DataModel.o (__addsf3)
c:/mounriver/mounriver_studio/toolchain/risc-v embedded gcc/bin/../lib/gcc/riscv-none-embed/8.2.0/rv32imacxw/ilp32\libgcc.a(divsf3.o)
                              ./User/DataModel.o (__divsf3)
c:/mounriver/mounriver_studio/toolchain/risc-v embedded gcc/bin/../lib/gcc/riscv-none-embed/8.2.0/rv32imacxw/ilp32\libgcc.a(eqsf2.o)
                              ./HAL_LIB/hw_lib_din.o (__nesf2)
c:/mounriver/mounriver_studio/toolchain/risc-v embedded gcc/bin/../lib/gcc/riscv-none-embed/8.2.0/rv32imacxw/ilp32\libgcc.a(gesf2.o)
                              ./User/inputs.o (__gesf2)
c:/mounriver/mounriver_studio/toolchain/risc-v embedded gcc/bin/../lib/gcc/riscv-none-embed/8.2.0/rv32imacxw/ilp32\libgcc.a(lesf2.o)
                              ./HAL_LIB/hw_lib_din.o (__lesf2)
c:/mounriver/mounriver_studio/toolchain/risc-v embedded gcc/bin/../lib/gcc/riscv-none-embed/8.2.0/rv32imacxw/ilp32\libgcc.a(mulsf3.o)
                              ./User/dash_draw.o (__mulsf3)
c:/mounriver/mounriver_studio/toolchain/risc-v embedded gcc/bin/../lib/gcc/riscv-none-embed/8.2.0/rv32imacxw/ilp32\libgcc.a(subsf3.o)
                              ./User/inputs.o (__subsf3)
c:/mounriver/mounriver_studio/toolchain/risc-v embedded gcc/bin/../lib/gcc/riscv-none-embed/8.2.0/rv32imacxw/ilp32\libgcc.a(fixsfsi.o)
                              ./User/dash_draw.o (__fixsfsi)
c:/mounriver/mounriver_studio/toolchain/risc-v embedded gcc/bin/../lib/gcc/riscv-none-embed/8.2.0/rv32imacxw/ilp32\libgcc.a(fixunssfsi.o)
                              ./User/DataModel.o (__fixunssfsi)
c:/mounriver/mounriver_studio/toolchain/risc-v embedded gcc/bin/../lib/gcc/riscv-none-embed/8.2.0/rv32imacxw/ilp32\libgcc.a(floatsisf.o)
                              ./User/DataModel.o (__floatsisf)
c:/mounriver/mounriver_studio/toolchain/risc-v embedded gcc/bin/../lib/gcc/riscv-none-embed/8.2.0/rv32imacxw/ilp32\libgcc.a(floatunsisf.o)
                              ./User/DataModel.o (__floatunsisf)
c:/mounriver/mounriver_studio/toolchain/risc-v embedded gcc/bin/../lib/gcc/riscv-none-embed/8.2.0/rv32imacxw/ilp32\libgcc.a(save-restore.o)
                              ./User/dash_draw.o (__riscv_save_12)
c:/mounriver/mounriver_studio/toolchain/risc-v embedded gcc/bin/../lib/gcc/riscv-none-embed/8.2.0/rv32imacxw/ilp32\libgcc.a(_clzsi2.o)
                              c:/mounriver/mounriver_studio/toolchain/risc-v embedded gcc/bin/../lib/gcc/riscv-none-embed/8.2.0/rv32imacxw/ilp32\libgcc.a(addsf3.o) (__clzsi2)
c:/mounriver/mounriver_studio/toolchain/risc-v embedded gcc/bin/../lib/gcc/riscv-none-embed/8.2.0/rv32imacxw/ilp32\libgcc.a(_clz.o)
                              c:/mounriver/mounriver_studio/toolchain/risc-v embedded gcc/bin/../lib/gcc/riscv-none-embed/8.2.0/rv32imacxw/ilp32\libgcc.a(_clzsi2.o) (__clz_tab)
c:/mounriver/mounriver_studio/toolchain/risc-v embedded gcc/bin/../lib/gcc/riscv-none-embed/8.2.0/../../../../riscv-none-embed/lib/rv32imacxw/ilp32\libg_nano.a(lib_a-calloc.o)
                              ./CANopenNode/CANopen.o (calloc)
c:/mounriver/mounriver_studio/toolchain/risc-v embedded gcc/bin/../lib/gcc/riscv-none-embed/8.2.0/../../../../riscv-none-embed/lib/rv32imacxw/ilp32\libg_nano.a(lib_a-impure.o)
                              c:/mounriver/mounriver_studio/toolchain/risc-v embedded gcc/bin/../lib/gcc/riscv-none-embed/8.2.0/../../../../riscv-none-embed/lib/rv32imacxw/ilp32\libg_nano.a(lib_a-calloc.o) (_impure_ptr)
c:/mounriver/mounriver_studio/toolchain/risc-v embedded gcc/bin/../lib/gcc/riscv-none-embed/8.2.0/../../../../riscv-none-embed/lib/rv32imacxw/ilp32\libg_nano.a(lib_a-malloc.o)
                              ./CANopenNode/CANopen.o (free)
c:/mounriver/mounriver_studio/toolchain/risc-v embedded gcc/bin/../lib/gcc/riscv-none-embed/8.2.0/../../../../riscv-none-embed/lib/rv32imacxw/ilp32\libg_nano.a(lib_a-memcpy.o)
                              ./User/DataModel.o (memcpy)
c:/mounriver/mounriver_studio/toolchain/risc-v embedded gcc/bin/../lib/gcc/riscv-none-embed/8.2.0/../../../../riscv-none-embed/lib/rv32imacxw/ilp32\libg_nano.a(lib_a-memmove.o)
                              ./CANopenNode/301/CO_SDOserver.o (memmove)
c:/mounriver/mounriver_studio/toolchain/risc-v embedded gcc/bin/../lib/gcc/riscv-none-embed/8.2.0/../../../../riscv-none-embed/lib/rv32imacxw/ilp32\libg_nano.a(lib_a-memset.o)
                              ./User/DataModel.o (memset)
c:/mounriver/mounriver_studio/toolchain/risc-v embedded gcc/bin/../lib/gcc/riscv-none-embed/8.2.0/../../../../riscv-none-embed/lib/rv32imacxw/ilp32\libg_nano.a(lib_a-nano-callocr.o)
[...]
Memory Configuration

Name             Origin             Length             Attributes
FLASH            0x0000000000000000 0x0000000000010000 xr
SFLASH           0x0000000000010000 0x0000000000002800 xr
RAM              0x0000000020000000 0x0000000000005000 xrw
*default*        0x0000000000000000 0xffffffffffffffff

Linker script and memory map

LOAD ./User/CanOpenNode.o
LOAD ./User/DataModel.o
LOAD ./User/ch32v20x_it.o
LOAD ./User/dash_draw.o
LOAD ./User/init.o
LOAD ./User/inputs.o
LOAD ./User/led.o
LOAD ./User/main.o
LOAD ./User/process.o
LOAD ./User/system_ch32v20x.o
LOAD ./User/system_init.o
LOAD ./Startup/startup_ch32v20x_D6.o
LOAD ./Peripheral/src/ch32v20x_adc.o
LOAD ./Peripheral/src/ch32v20x_bkp.o
LOAD ./Peripheral/src/ch32v20x_can.o
LOAD ./Peripheral/src/ch32v20x_crc.o
LOAD ./Peripheral/src/ch32v20x_dbgmcu.o
LOAD ./Peripheral/src/ch32v20x_dma.o
LOAD ./Peripheral/src/ch32v20x_exti.o
LOAD ./Peripheral/src/ch32v20x_flash.o
LOAD ./Peripheral/src/ch32v20x_gpio.o
LOAD ./Peripheral/src/ch32v20x_i2c.o
LOAD ./Peripheral/src/ch32v20x_iwdg.o
LOAD ./Peripheral/src/ch32v20x_misc.o
LOAD ./Peripheral/src/ch32v20x_opa.o
LOAD ./Peripheral/src/ch32v20x_pwr.o
LOAD ./Peripheral/src/ch32v20x_rcc.o
LOAD ./Peripheral/src/ch32v20x_rtc.o
LOAD ./Peripheral/src/ch32v20x_spi.o
LOAD ./Peripheral/src/ch32v20x_tim.o
LOAD ./Peripheral/src/ch32v20x_usart.o
LOAD ./Peripheral/src/ch32v20x_wwdg.o
LOAD ./HAL_LIB/filters.o
LOAD ./HAL_LIB/hw_lib_adc.o
LOAD ./HAL_LIB/hw_lib_din.o
LOAD ./HAL_LIB/hw_lib_eeprom_i2c.o
LOAD ./HAL_DRIVER/hal_can_ch32.o
LOAD ./HAL_DRIVER/hal_gpio_ch32.o
LOAD ./HAL_DRIVER/hal_i2c_ch32.o
LOAD ./HAL_DRIVER/hal_irq.o
LOAD ./HAL_DRIVER/hal_rtc_ch32.o
LOAD ./HAL_DRIVER/hal_spi_ch32.o
LOAD ./HAL_DRIVER/hal_wdt_ch32.o
LOAD ./HAL/hal_adc_ch32.o
LOAD ./HAL/hal_dma_ch32.o
LOAD ./HAL/hal_timers_ch32.o
LOAD ./FreeRTOS/portable/MemMang/heap_4.o
LOAD ./FreeRTOS/portable/GCC/RISC-V/port.o
LOAD ./FreeRTOS/portable/GCC/RISC-V/portASM.o
LOAD ./FreeRTOS/croutine.o
LOAD ./FreeRTOS/event_groups.o
LOAD ./FreeRTOS/list.o
LOAD ./FreeRTOS/queue.o
LOAD ./FreeRTOS/stream_buffer.o
LOAD ./FreeRTOS/tasks.o
LOAD ./FreeRTOS/timers.o
LOAD ./Debug/debug.o
LOAD ./Core/core_riscv.o
LOAD ./CANopenNode/keypad/CO_driver_ST32F103.o
LOAD ./CANopenNode/keypad/OD.o
LOAD ./CANopenNode/extra/CO_trace.o
LOAD ./CANopenNode/309/CO_gateway_ascii.o
LOAD ./CANopenNode/305/CO_LSSmaster.o
LOAD ./CANopenNode/305/CO_LSSslave.o
LOAD ./CANopenNode/304/CO_GFC.o
LOAD ./CANopenNode/304/CO_SRDO.o
LOAD ./CANopenNode/303/CO_LEDs.o
LOAD ./CANopenNode/301/CO_Emergency.o
LOAD ./CANopenNode/301/CO_HBconsumer.o
LOAD ./CANopenNode/301/CO_NMT_Heartbeat.o
LOAD ./CANopenNode/301/CO_Node_Guarding.o
LOAD ./CANopenNode/301/CO_ODinterface.o
LOAD ./CANopenNode/301/CO_PDO.o
LOAD ./CANopenNode/301/CO_SDOclient.o
LOAD ./CANopenNode/301/CO_SDOserver.o
LOAD ./CANopenNode/301/CO_SYNC.o
LOAD ./CANopenNode/301/CO_TIME.o
LOAD ./CANopenNode/301/CO_fifo.o
LOAD ./CANopenNode/301/crc16-ccitt.o
LOAD ./CANopenNode/CANopen.o
LOAD c:/mounriver/mounriver_studio/toolchain/risc-v embedded gcc/bin/../lib/gcc/riscv-none-embed/8.2.0/../../../../riscv-none-embed/lib/rv32imacxw/ilp32\libm.a
LOAD c:/mounriver/mounriver_studio/toolchain/risc-v embedded gcc/bin/../lib/gcc/riscv-none-embed/8.2.0/rv32imacxw/ilp32\libgcc.a
LOAD c:/mounriver/mounriver_studio/toolchain/risc-v embedded gcc/bin/../lib/gcc/riscv-none-embed/8.2.0/../../../../riscv-none-embed/lib/rv32imacxw/ilp32\libg_nano.a
LOAD c:/mounriver/mounriver_studio/toolchain/risc-v embedded gcc/bin/../lib/gcc/riscv-none-embed/8.2.0/../../../../riscv-none-embed/lib/rv32imacxw/ilp32\libc_nano.a
LOAD c:/mounriver/mounriver_studio/toolchain/risc-v embedded gcc/bin/../lib/gcc/riscv-none-embed/8.2.0/rv32imacxw/ilp32\libgcc.a
START GROUP
LOAD c:/mounriver/mounriver_studio/toolchain/risc-v embedded gcc/bin/../lib/gcc/riscv-none-embed/8.2.0/rv32imacxw/ilp32\libgcc.a
LOAD c:/mounriver/mounriver_studio/toolchain/risc-v embedded gcc/bin/../lib/gcc/riscv-none-embed/8.2.0/../../../../riscv-none-embed/lib/rv32imacxw/ilp32\libc_nano.a
LOAD c:/mounriver/mounriver_studio/toolchain/risc-v embedded gcc/bin/../lib/gcc/riscv-none-embed/8.2.0/../../../../riscv-none-embed/lib/rv32imacxw/ilp32\libnosys.a
END GROUP
START GROUP
LOAD c:/mounriver/mounriver_studio/toolchain/risc-v embedded gcc/bin/../lib/gcc/riscv-none-embed/8.2.0/rv32imacxw/ilp32\libgcc.a
LOAD c:/mounriver/mounriver_studio/toolchain/risc-v embedded gcc/bin/../lib/gcc/riscv-none-embed/8.2.0/../../../../riscv-none-embed/lib/rv32imacxw/ilp32\libc_nano.a
LOAD c:/mounriver/mounriver_studio/toolchain/risc-v embedded gcc/bin/../lib/gcc/riscv-none-embed/8.2.0/../../../../riscv-none-embed/lib/rv32imacxw/ilp32\libnosys.a
END GROUP
                0x0000000000000be8                __stack_size = 0xbe8
                [!provide]                        PROVIDE (_stack_size = __stack_size)

.init           0x0000000000000000       0x38
                0x0000000000000000                _sinit = .
                0x0000000000000000                . = ALIGN (0x4)
 *(SORT_NONE(.init))
 .init          0x0000000000000000       0x38 ./Startup/startup_ch32v20x_D6.o
                0x0000000000000000                _start
                0x0000000000000038                . = ALIGN (0x4)
                0x0000000000000038                _einit = .

.vector         0x0000000000000038      0x108
 *(.vector)
 .vector        0x0000000000000038       0xfc ./Startup/startup_ch32v20x_D6.o
                0x0000000000000140                . = ALIGN (0x40)
 *fill*         0x0000000000000134        0xc 

.stext          0x0000000000010000      0x2d8
                0x0000000000010000                . = ALIGN (0x4)
 *(.stext)
 .stext         0x0000000000010000       0x7a ./User/DataModel.o
 .stext         0x000000000001007a      0x100 ./User/system_init.o
                0x000000000001007a                vSYStaskInit
 .stext         0x000000000001017a       0x32 ./HAL_LIB/hw_lib_din.o
                0x000000000001017a                eDinConfigWtihStruct
 .stext         0x00000000000101ac       0xca ./HAL_DRIVER/hal_rtc_ch32.o
                0x00000000000101ac                HAL_RTC_IT_Init
 .stext         0x0000000000010276       0x60 ./HAL_DRIVER/hal_spi_ch32.o
                0x0000000000010276                HAL_SPI_InitDMA
 .stext         0x00000000000102d6        0x2 ./HAL_DRIVER/hal_wdt_ch32.o
                0x00000000000102d6                HAL_WDT_Init1s

.text           0x0000000000000200     0xd9c8
                0x0000000000000200                . = ALIGN (0x4)
 *(.text)
 .text          0x0000000000000200      0x2ee ./FreeRTOS/portable/GCC/RISC-V/portASM.o
                0x0000000000000200                SW_Handler
                0x0000000000000300                xPortStartFirstTask
                0x0000000000000400                pxPortInitialiseStack
 .text          0x00000000000004ee       0x60 c:/mounriver/mounriver_studio/toolchain/risc-v embedded gcc/bin/../lib/gcc/riscv-none-embed/8.2.0/rv32imacxw/ilp32\libgcc.a(save-restore.o)
                0x00000000000004ee                __riscv_save_12
                0x00000000000004f6                __riscv_save_9
                0x00000000000004f6                __riscv_save_11
                0x00000000000004f6                __riscv_save_10
                0x00000000000004f6                __riscv_save_8
                0x0000000000000504                __riscv_save_4
                0x0000000000000504                __riscv_save_6
                0x0000000000000504                __riscv_save_5
                0x0000000000000504                __riscv_save_7
                0x000000000000051e                __riscv_save_3
                0x000000000000051e                __riscv_save_2
                0x000000000000051e                __riscv_save_1
                0x000000000000051e                __riscv_save_0
                0x000000000000052a                __riscv_restore_12
                0x000000000000052e                __riscv_restore_11
                0x000000000000052e                __riscv_restore_9
                0x000000000000052e                __riscv_restore_10
                0x000000000000052e                __riscv_restore_8
                0x0000000000000538                __riscv_restore_5
                0x0000000000000538                __riscv_restore_7
                0x0000000000000538                __riscv_restore_6
                0x0000000000000538                __riscv_restore_4
                0x0000000000000542                __riscv_restore_3
                0x0000000000000542                __riscv_restore_0
                0x0000000000000542                __riscv_restore_2
                0x0000000000000542                __riscv_restore_1
 .text          0x000000000000054e       0xa8 c:/mounriver/mounriver_studio/toolchain/risc-v embedded gcc/bin/../lib/gcc/riscv-none-embed/8.2.0/../../../../riscv-none-embed/lib/rv32imacxw/ilp32\libg_nano.a(lib_a-memset.o)
                0x000000000000054e                memset
 *(.text.*)
 .text.xCanOpenProcessTaskHandle
                0x00000000000005f6        0xa ./User/CanOpenNode.o
                0x00000000000005f6                xCanOpenProcessTaskHandle
 .text.xCanOpenPeriodicTaskHandle
                0x0000000000000600        0xa ./User/CanOpenNode.o
                0x0000000000000600                xCanOpenPeriodicTaskHandle
 .text.vCanOpenInit
                0x000000000000060a        0xa ./User/CanOpenNode.o
                0x000000000000060a                vCanOpenInit
 .text.vCanOpenProcess
                0x0000000000000614      0x192 ./User/CanOpenNode.o
                0x0000000000000614                vCanOpenProcess
 .text.vCanOpenPeriodicProcess
                0x00000000000007a6       0x82 ./User/CanOpenNode.o
                0x00000000000007a6                vCanOpenPeriodicProcess
 .text.xDataRegQueue
                0x0000000000000828        0xa ./User/DataModel.o
                0x0000000000000828                xDataRegQueue
 .text.vDataModelRegDelayWrite
                0x0000000000000832       0x34 ./User/DataModel.o
                0x0000000000000832                vDataModelRegDelayWrite
 .text.setReg32
                0x0000000000000866       0x1a ./User/DataModel.o
                0x0000000000000866                setReg32
 .text.setReg16
                0x0000000000000880        0xe ./User/DataModel.o
                0x0000000000000880                setReg16
 .text.setReg8  0x000000000000088e        0xa ./User/DataModel.o
                0x000000000000088e                setReg8
 .text.SaveReg16
                0x0000000000000898       0x14 ./User/DataModel.o
                0x0000000000000898                SaveReg16
 .text.getReg16
                0x00000000000008ac       0x10 ./User/DataModel.o
                0x00000000000008ac                getReg16
 .text.getReg32
                0x00000000000008bc       0x1c ./User/DataModel.o
                0x00000000000008bc                getReg32
 .text.DataModel_Init
                0x00000000000008d8      0x374 ./User/DataModel.o
                0x00000000000008d8                DataModel_Init
 .text.getReg8  0x0000000000000c4c        0xa ./User/DataModel.o
                0x0000000000000c4c                getReg8
 .text.WriteRegAfterDelay
                0x0000000000000c56       0x60 ./User/DataModel.o
                0x0000000000000c56                WriteRegAfterDelay
 .text.WriteReg
                0x0000000000000cb6       0x56 ./User/DataModel.o
                0x0000000000000cb6                WriteReg
 .text.vGetBitrate
                0x0000000000000d0c       0x2a ./User/DataModel.o
                0x0000000000000d0c                vGetBitrate
 .text.vFDGetNMTState
                0x0000000000000d36        0x6 ./User/DataModel.o
                0x0000000000000d36                vFDGetNMTState
 .text.vGetNodeId
                0x0000000000000d3c        0x6 ./User/DataModel.o
                0x0000000000000d3c                vGetNodeId
 .text.vIncrementSystemCounters
                0x0000000000000d42       0x76 ./User/DataModel.o
                0x0000000000000d42                vIncrementSystemCounters
 .text.vSaveData
                0x0000000000000db8       0x14 ./User/DataModel.o
                0x0000000000000db8                vSaveData
 .text.getOdometr
                0x0000000000000dcc       0x14 ./User/DataModel.o
                0x0000000000000dcc                getOdometr
 .text.NMI_Handler
                0x0000000000000de0        0x2 ./User/ch32v20x_it.o
                0x0000000000000de0                NMI_Handler
 .text.HardFault_Handler
                0x0000000000000de2       0x66 ./User/ch32v20x_it.o
                0x0000000000000de2                HardFault_Handler
 .text.SegPrint
                0x0000000000000e48       0x5a ./User/dash_draw.o
 .text.vCheckKeySatate
                0x0000000000000ea2       0x68 ./User/dash_draw.o
 .text.xProcessTaskHandle
                0x0000000000000f0a        0xa ./User/dash_draw.o
                0x0000000000000f0a                xProcessTaskHandle
 .text.vSetErrorReg
                0x0000000000000f14        0xa ./User/dash_draw.o
                0x0000000000000f14                vSetErrorReg
 .text.getODValue
                0x0000000000000f1e      0x130 ./User/dash_draw.o
                0x0000000000000f1e                getODValue
 .text.IncMenuIndex
                0x000000000000104e       0x80 ./User/dash_draw.o
                0x000000000000104e                IncMenuIndex
 .text.GoToHome
                0x00000000000010ce       0x12 ./User/dash_draw.o
                0x00000000000010ce                GoToHome
 .text.SetCurMenuHome
                0x00000000000010e0       0x1e ./User/dash_draw.o
                0x00000000000010e0                SetCurMenuHome
 .text.GetCurMenuHome
                0x00000000000010fe        0x6 ./User/dash_draw.o
                0x00000000000010fe                GetCurMenuHome
 .text.SetCurrentMenu
                0x0000000000001104       0x12 ./User/dash_draw.o
                0x0000000000001104                SetCurrentMenu
 .text.SetDefault
                0x0000000000001116       0x2a ./User/dash_draw.o
                0x0000000000001116                SetDefault
 .text.MenuBackHomeCheck
                0x0000000000001140       0x38 ./User/dash_draw.o
                0x0000000000001140                MenuBackHomeCheck
 .text.CheckMenuChannel
                0x0000000000001178       0x20 ./User/dash_draw.o
                0x0000000000001178                CheckMenuChannel
 .text.vDashDrawInit
                0x0000000000001198       0x80 ./User/dash_draw.o
                0x0000000000001198                vDashDrawInit
 .text.vMenuBlink
                0x0000000000001218       0x4a ./User/dash_draw.o
                0x0000000000001218                vMenuBlink
 .text.SetErrorRegiter
                0x0000000000001262       0x5e ./User/dash_draw.o
                0x0000000000001262                SetErrorRegiter
 .text.uGetCurrMenu
                0x00000000000012c0       0x26 ./User/dash_draw.o
                0x00000000000012c0                uGetCurrMenu
 .text.vGetEdgeData
                0x00000000000012e6       0x2a ./User/dash_draw.o
                0x00000000000012e6                vGetEdgeData
 .text.checkLedState
                0x0000000000001310       0x3a ./User/dash_draw.o
 .text.vRGBMode
                0x000000000000134a       0x72 ./User/dash_draw.o
                0x000000000000134a                vRGBMode
 .text.vBarColorMode
                0x00000000000013bc       0xc2 ./User/dash_draw.o
                0x00000000000013bc                vBarColorMode
 .text.vBarWindowMode
                0x000000000000147e       0x5a ./User/dash_draw.o
                0x000000000000147e                vBarWindowMode
 .text.vBarMode
                0x00000000000014d8       0x66 ./User/dash_draw.o
                0x00000000000014d8                vBarMode
 .text.vRedrawTask
                0x000000000000153e      0x4fa ./User/dash_draw.o
                0x000000000000153e                vRedrawTask
 .text.vInit_DeviceConfig
                0x0000000000001a38      0x170 ./User/init.o
                0x0000000000001a38                vInit_DeviceConfig
 .text.HardwareDeinit
                0x0000000000001ba8       0x2a ./User/init.o
                0x0000000000001ba8                HardwareDeinit
 .text.SoftwareReset
                0x0000000000001bd2       0x14 ./User/init.o
                0x0000000000001bd2                SoftwareReset
 .text.ADC1_Event
                0x0000000000001be6       0x48 ./User/inputs.o
                0x0000000000001be6                ADC1_Event
 .text.CaptureDMACallBack
                0x0000000000001c2e       0x22 ./User/inputs.o
                0x0000000000001c2e                CaptureDMACallBack
 .text.CaptureDMACallBack_1
                0x0000000000001c50       0x22 ./User/inputs.o
                0x0000000000001c50                CaptureDMACallBack_1
 .text.fDinStateCallback
                0x0000000000001c72       0x32 ./User/inputs.o
                0x0000000000001c72                fDinStateCallback
 .text.vSetDoutState
                0x0000000000001ca4       0x28 ./User/inputs.o
                0x0000000000001ca4                vSetDoutState
 .text.getInputsTaskHandle
                0x0000000000001ccc        0xa ./User/inputs.o
                0x0000000000001ccc                getInputsTaskHandle
 .text.ADC1_Init
                0x0000000000001cd6       0x48 ./User/inputs.o
                0x0000000000001cd6                ADC1_Init
 .text.ADC_FSM  0x0000000000001d1e      0x152 ./User/inputs.o
                0x0000000000001d1e                ADC_FSM
 .text.GetAIN   0x0000000000001e70        0xc ./User/inputs.o
                0x0000000000001e70                GetAIN
 .text.vInputsTask
                0x0000000000001e7c      0x29c ./User/inputs.o
                0x0000000000001e7c                vInputsTask
 .text.SPI1_DMA_Callback
                0x0000000000002118       0x2e ./User/led.o
                0x0000000000002118                SPI1_DMA_Callback
 .text.SPI2_DMA_Callback
                0x0000000000002146       0x2e ./User/led.o
                0x0000000000002146                SPI2_DMA_Callback
 .text.SetBarState
                0x0000000000002174       0x50 ./User/led.o
                0x0000000000002174                SetBarState
 .text.SetRGB   0x00000000000021c4       0x4e ./User/led.o
                0x00000000000021c4                SetRGB
 .text.SetSegDirect
                0x0000000000002212       0x9c ./User/led.o
                0x0000000000002212                SetSegDirect
 .text.SetSegPoint
                0x00000000000022ae       0x22 ./User/led.o
                0x00000000000022ae                SetSegPoint
 .text.SetSEG   0x00000000000022d0      0x120 ./User/led.o
                0x00000000000022d0                SetSEG
 .text.SetBigSeg
                0x00000000000023f0       0x14 ./User/led.o
                0x00000000000023f0                SetBigSeg
 .text.vSetBrigth
                0x0000000000002404       0x28 ./User/led.o
                0x0000000000002404                vSetBrigth
 .text.vLedDriverStart
                0x000000000000242c       0x4e ./User/led.o
                0x000000000000242c                vLedDriverStart
 .text.vLedProcess
                0x000000000000247a       0x1e ./User/led.o
                0x000000000000247a                vLedProcess
 .text.vRGBProcess
                0x0000000000002498       0xe2 ./User/led.o
                0x0000000000002498                vRGBProcess
 .text.startup.main
                0x000000000000257a       0x28 ./User/main.o
                0x000000000000257a                main
 .text.vRestartNode
                0x00000000000025a2        0x2 ./User/main.o
                0x00000000000025a2                vRestartNode
 .text.Error_Handler
                0x00000000000025a4        0x8 ./User/main.o
                0x00000000000025a4                Error_Handler
 .text.OD_readKEY
                0x00000000000025ac        0x8 ./User/process.o
 .text.OD_writeRGBMAP
                0x00000000000025b4       0x30 ./User/process.o
 .text.OD_writeKEY
                0x00000000000025e4       0x34 ./User/process.o
 .text.OD_readRGBMAP
                0x0000000000002618       0x22 ./User/process.o
 .text.OD_readDIN
                0x000000000000263a       0x1c ./User/process.o
 .text.OD_writeMenuSetup
                0x0000000000002656       0x46 ./User/process.o
 .text.OD_writeBoardSettings
                0x000000000000269c       0x78 ./User/process.o
 .text.CO_getUint16
                0x0000000000002714       0x10 ./User/process.o
 .text.OD_writeSEG
                0x0000000000002724       0x44 ./User/process.o
 .text.OD_writeBAR
                0x0000000000002768       0x30 ./User/process.o
 .text.OD_writeRPMConfig
                0x0000000000002798       0x36 ./User/process.o
 .text.CO_getUint32
                0x00000000000027ce       0x18 ./User/process.o
 .text.OD_writeMenuMap
                0x00000000000027e6       0x30 ./User/process.o
 .text.OD_writeV1_14
                0x0000000000002816       0x54 ./User/process.o
 .text.OD_writeDashParam
                0x000000000000286a       0x44 ./User/process.o
 .text.WriteRGB.isra.2
                0x00000000000028ae       0x3a ./User/process.o
 .text.OD_writeRGB1
                0x00000000000028e8       0x14 ./User/process.o
 .text.OD_writeRGB2
                0x00000000000028fc       0x16 ./User/process.o
 .text.OD_writeRGB3
                0x0000000000002912       0x16 ./User/process.o
 .text.OD_writeRGB4
                0x0000000000002928       0x16 ./User/process.o
 .text.OD_writeRGB5
                0x000000000000293e       0x16 ./User/process.o
 .text.OD_writeRGB6
                0x0000000000002954       0x16 ./User/process.o
 .text.OD_writeRGB7
                0x000000000000296a       0x16 ./User/process.o
 .text.OD_writeRGB8
                0x0000000000002980       0x16 ./User/process.o
 .text.OD_writeRGB9
                0x0000000000002996       0x16 ./User/process.o
 .text.OD_writeRGB10
                0x00000000000029ac       0x16 ./User/process.o
 .text.OD_writeRGB11
                0x00000000000029c2       0x16 ./User/process.o
 .text.OD_writeRGB12
                0x00000000000029d8       0x16 ./User/process.o
 .text.OD_writeRGB13
                0x00000000000029ee       0x16 ./User/process.o
 .text.OD_readBoardSettings
                0x0000000000002a04       0x2c ./User/process.o
 .text.readADC.isra.6
                0x0000000000002a30       0x84 ./User/process.o
 .text.OD_readADC1
                0x0000000000002ab4       0x10 ./User/process.o
 .text.OD_readADC2
                0x0000000000002ac4       0x10 ./User/process.o
 .text.OD_readADC3
                0x0000000000002ad4       0x10 ./User/process.o
 .text.OD_readMenuSetup
                0x0000000000002ae4       0x30 ./User/process.o
 .text.writeADC.isra.9
                0x0000000000002b14       0xde ./User/process.o
 .text.OD_writeADC1
                0x0000000000002bf2       0x10 ./User/process.o
 .text.OD_writeADC2
                0x0000000000002c02       0x10 ./User/process.o
 .text.OD_writeADC3
                0x0000000000002c12       0x10 ./User/process.o
 .text.OD_readRGB.isra.5
                0x0000000000002c22       0x22 ./User/process.o
 .text.OD_readRGB1
                0x0000000000002c44       0x10 ./User/process.o
 .text.OD_readRGB2
                0x0000000000002c54       0x12 ./User/process.o
 .text.OD_readRGB3
                0x0000000000002c66       0x12 ./User/process.o
 .text.OD_readRGB4
                0x0000000000002c78       0x12 ./User/process.o
 .text.OD_readRGB5
                0x0000000000002c8a       0x12 ./User/process.o
 .text.OD_readRGB6
                0x0000000000002c9c       0x12 ./User/process.o
 .text.OD_readRGB7
                0x0000000000002cae       0x12 ./User/process.o
 .text.OD_readRGB8
                0x0000000000002cc0       0x12 ./User/process.o
 .text.OD_readRGB9
                0x0000000000002cd2       0x12 ./User/process.o
 .text.OD_readRGB10
                0x0000000000002ce4       0x12 ./User/process.o
 .text.OD_readRGB11
                0x0000000000002cf6       0x12 ./User/process.o
 .text.OD_readRGB12
                0x0000000000002d08       0x12 ./User/process.o
 .text.OD_readRGB13
                0x0000000000002d1a       0x12 ./User/process.o
 .text.OD_readAIN_RPM
                0x0000000000002d2c       0x26 ./User/process.o
 .text.OD_readMenuMap
                0x0000000000002d52       0x2c ./User/process.o
 .text.OD_readRPMConfig
                0x0000000000002d7e       0x2a ./User/process.o
 .text.OD_readBar
                0x0000000000002da8       0x28 ./User/process.o
 .text.OD_readDashParam
                0x0000000000002dd0       0x4c ./User/process.o
 .text.OD_readSEG
                0x0000000000002e1c       0x34 ./User/process.o
 .text.vProceesInit
                0x0000000000002e50      0x202 ./User/process.o
                0x0000000000002e50                vProceesInit
 .text.SystemInit
                0x0000000000003052       0xea ./User/system_ch32v20x.o
                0x0000000000003052                SystemInit
 .text.SystemCoreClockUpdate
                0x000000000000313c       0x92 ./User/system_ch32v20x.o
                0x000000000000313c                SystemCoreClockUpdate
 .text.StartDefaultTask
                0x00000000000031ce       0x92 ./User/system_init.o
 .text.vApplicationGetIdleTaskMemory
                0x0000000000003260       0x1c ./User/system_init.o
                0x0000000000003260                vApplicationGetIdleTaskMemory
 .text.vSystemStop
                0x000000000000327c       0x26 ./User/system_init.o
                0x000000000000327c                vSystemStop
 .text.vSystemStopProcess
                0x00000000000032a2       0x30 ./User/system_init.o
                0x00000000000032a2                vSystemStopProcess
 .text.vSYSqueueInit
                0x00000000000032d2       0x2a ./User/system_init.o
                0x00000000000032d2                vSYSqueueInit
 .text.vector_handler
                0x00000000000032fc       0x6c ./Startup/startup_ch32v20x_D6.o
                0x0000000000003300                Ecall_M_Mode_Handler
                0x0000000000003302                Ecall_U_Mode_Handler
                0x0000000000003304                Break_Point_Handler
                0x000000000000330a                WWDG_IRQHandler
                0x000000000000330c                PVD_IRQHandler
                0x000000000000330e                TAMPER_IRQHandler
                0x0000000000003312                FLASH_IRQHandler
                0x0000000000003314                RCC_IRQHandler
                0x0000000000003316                EXTI0_IRQHandler
                0x0000000000003318                EXTI1_IRQHandler
                0x000000000000331a                EXTI2_IRQHandler
                0x000000000000331c                EXTI3_IRQHandler
                0x000000000000331e                EXTI4_IRQHandler
                0x0000000000003322                DMA1_Channel2_IRQHandler
                0x000000000000332a                DMA1_Channel6_IRQHandler
                0x000000000000332e                ADC1_2_IRQHandler
                0x0000000000003338                EXTI9_5_IRQHandler
                0x000000000000333a                TIM1_BRK_IRQHandler
                0x000000000000333c                TIM1_UP_IRQHandler
                0x000000000000333e                TIM1_TRG_COM_IRQHandler
                0x0000000000003340                TIM1_CC_IRQHandler
                0x0000000000003342                TIM2_IRQHandler
                0x0000000000003344                TIM3_IRQHandler
                0x000000000000334c                I2C2_EV_IRQHandler
                0x000000000000334e                I2C2_ER_IRQHandler
                0x0000000000003350                SPI1_IRQHandler
                0x0000000000003352                SPI2_IRQHandler
                0x0000000000003354                USART1_IRQHandler
                0x0000000000003356                USART2_IRQHandler
                0x0000000000003358                USART3_IRQHandler
                0x000000000000335a                EXTI15_10_IRQHandler
                0x000000000000335c                RTCAlarm_IRQHandler
                0x000000000000335e                USBWakeUp_IRQHandler
                0x0000000000003360                USBHD_IRQHandler
                0x0000000000003362                USBHDWakeUp_IRQHandler
                0x0000000000003364                UART4_IRQHandler
                0x0000000000003366                DMA1_Channel8_IRQHandler
 .text.handle_reset
                0x0000000000003368       0x92 ./Startup/startup_ch32v20x_D6.o
                0x0000000000003368                handle_reset
 .text.ADC_Cmd  0x00000000000033fa       0x10 ./Peripheral/src/ch32v20x_adc.o
                0x00000000000033fa                ADC_Cmd
 .text.ADC_GetResetCalibrationStatus
                0x000000000000340a        0x8 ./Peripheral/src/ch32v20x_adc.o
                0x000000000000340a                ADC_GetResetCalibrationStatus
 .text.ADC_GetCalibrationStatus
                0x0000000000003412        0x8 ./Peripheral/src/ch32v20x_adc.o
                0x0000000000003412                ADC_GetCalibrationStatus
 .text.Get_CalibrationValue
                0x000000000000341a      0x1fe ./Peripheral/src/ch32v20x_adc.o
                0x000000000000341a                Get_CalibrationValue
 .text.DMA_GetFlagStatus
                0x0000000000003618        0xe ./Peripheral/src/ch32v20x_dma.o
                0x0000000000003618                DMA_GetFlagStatus
 .text.DMA_GetITStatus
                0x0000000000003626        0xc ./Peripheral/src/ch32v20x_dma.o
                0x0000000000003626                DMA_GetITStatus
 .text.DMA_ClearITPendingBit
                0x0000000000003632        0x8 ./Peripheral/src/ch32v20x_dma.o
                0x0000000000003632                DMA_ClearITPendingBit
 .text.GPIO_Init
                0x000000000000363a       0xfa ./Peripheral/src/ch32v20x_gpio.o
                0x000000000000363a                GPIO_Init
 .text.GPIO_PinRemapConfig
                0x0000000000003734       0xf2 ./Peripheral/src/ch32v20x_gpio.o
                0x0000000000003734                GPIO_PinRemapConfig
 .text.I2C_DualAddressCmd
                0x0000000000003826       0x18 ./Peripheral/src/ch32v20x_i2c.o
                0x0000000000003826                I2C_DualAddressCmd
 .text.I2C_ClearFlag
                0x000000000000383e        0xc ./Peripheral/src/ch32v20x_i2c.o
                0x000000000000383e                I2C_ClearFlag
 .text.RCC_LSEConfig
                0x000000000000384a       0x28 ./Peripheral/src/ch32v20x_rcc.o
                0x000000000000384a                RCC_LSEConfig
 .text.RCC_GetClocksFreq
                0x0000000000003872       0xbe ./Peripheral/src/ch32v20x_rcc.o
                0x0000000000003872                RCC_GetClocksFreq
 .text.RCC_APB2PeriphClockCmd
                0x0000000000003930       0x1e ./Peripheral/src/ch32v20x_rcc.o
                0x0000000000003930                RCC_APB2PeriphClockCmd
 .text.RCC_GetFlagStatus
                0x000000000000394e       0x2e ./Peripheral/src/ch32v20x_rcc.o
                0x000000000000394e                RCC_GetFlagStatus
 .text.RTC_EnterConfigMode
                0x000000000000397c       0x12 ./Peripheral/src/ch32v20x_rtc.o
                0x000000000000397c                RTC_EnterConfigMode
 .text.RTC_ExitConfigMode
                0x000000000000398e       0x18 ./Peripheral/src/ch32v20x_rtc.o
                0x000000000000398e                RTC_ExitConfigMode
 .text.RTC_GetCounter
                0x00000000000039a6       0x36 ./Peripheral/src/ch32v20x_rtc.o
                0x00000000000039a6                RTC_GetCounter
 .text.RTC_SetCounter
                0x00000000000039dc       0x2c ./Peripheral/src/ch32v20x_rtc.o
                0x00000000000039dc                RTC_SetCounter
 .text.RTC_SetPrescaler
                0x0000000000003a08       0x2e ./Peripheral/src/ch32v20x_rtc.o
                0x0000000000003a08                RTC_SetPrescaler
 .text.RTC_WaitForLastTask
                0x0000000000003a36       0x10 ./Peripheral/src/ch32v20x_rtc.o
                0x0000000000003a36                RTC_WaitForLastTask
 .text.RTC_WaitForSynchro
                0x0000000000003a46       0x24 ./Peripheral/src/ch32v20x_rtc.o
                0x0000000000003a46                RTC_WaitForSynchro
 .text.TIM_OC1Init
                0x0000000000003a6a       0x6a ./Peripheral/src/ch32v20x_tim.o
                0x0000000000003a6a                TIM_OC1Init
 .text.TIM_OC2Init
                0x0000000000003ad4       0x96 ./Peripheral/src/ch32v20x_tim.o
                0x0000000000003ad4                TIM_OC2Init
 .text.TIM_OC3Init
                0x0000000000003b6a       0x94 ./Peripheral/src/ch32v20x_tim.o
                0x0000000000003b6a                TIM_OC3Init
 .text.TIM_OC4Init
                0x0000000000003bfe       0x6c ./Peripheral/src/ch32v20x_tim.o
                0x0000000000003bfe                TIM_OC4Init
 .text.TIM_OC1PreloadConfig
                0x0000000000003c6a        0xe ./Peripheral/src/ch32v20x_tim.o
                0x0000000000003c6a                TIM_OC1PreloadConfig
 .text.TIM_OC2PreloadConfig
                0x0000000000003c78       0x16 ./Peripheral/src/ch32v20x_tim.o
                0x0000000000003c78                TIM_OC2PreloadConfig
 .text.TIM_OC3PreloadConfig
                0x0000000000003c8e        0xe ./Peripheral/src/ch32v20x_tim.o
                0x0000000000003c8e                TIM_OC3PreloadConfig
 .text.TIM_OC4PreloadConfig
                0x0000000000003c9c       0x16 ./Peripheral/src/ch32v20x_tim.o
                0x0000000000003c9c                TIM_OC4PreloadConfig
 .text.TIM_GetITStatus
                0x0000000000003cb2       0x18 ./Peripheral/src/ch32v20x_tim.o
                0x0000000000003cb2                TIM_GetITStatus
 .text.USART_Init
                0x0000000000003cca       0xbc ./Peripheral/src/ch32v20x_usart.o
                0x0000000000003cca                USART_Init
 .text.USART_Cmd
                0x0000000000003d86       0x16 ./Peripheral/src/ch32v20x_usart.o
                0x0000000000003d86                USART_Cmd
 .text.USART_SendData
                0x0000000000003d9c        0x8 ./Peripheral/src/ch32v20x_usart.o
                0x0000000000003d9c                USART_SendData
 .text.USART_GetFlagStatus
                0x0000000000003da4        0xa ./Peripheral/src/ch32v20x_usart.o
                0x0000000000003da4                USART_GetFlagStatus
 .text.vRCFilter
                0x0000000000003dae       0x30 ./HAL_LIB/filters.o
                0x0000000000003dae                vRCFilter
 .text.vInitABFilter
                0x0000000000003dde       0x22 ./HAL_LIB/filters.o
                0x0000000000003dde                vInitABFilter
 .text.vInitRunAverga
                0x0000000000003e00        0x8 ./HAL_LIB/filters.o
                0x0000000000003e00                vInitRunAverga
 .text.RunAvrageFilter
                0x0000000000003e08       0x2e ./HAL_LIB/filters.o
                0x0000000000003e08                RunAvrageFilter
 .text.vInitMedianFilter
                0x0000000000003e36       0x12 ./HAL_LIB/filters.o
                0x0000000000003e36                vInitMedianFilter
 .text.MedianFilter
                0x0000000000003e48       0x74 ./HAL_LIB/filters.o
                0x0000000000003e48                MedianFilter
 .text.vAINInit
                0x0000000000003ebc       0x36 ./HAL_LIB/hw_lib_adc.o
                0x0000000000003ebc                vAINInit
 .text.fGetAinCalData
                0x0000000000003ef2       0x7a ./HAL_LIB/hw_lib_adc.o
                0x0000000000003ef2                fGetAinCalData
 .text.eAinCalDataConfig
                0x0000000000003f6c       0x50 ./HAL_LIB/hw_lib_adc.o
                0x0000000000003f6c                eAinCalDataConfig
 .text.vABLineKoofFinde
                0x0000000000003fbc       0x6a ./HAL_LIB/hw_lib_adc.o
                0x0000000000003fbc                vABLineKoofFinde
 .text.eSetAinCalPoint
                0x0000000000004026       0x64 ./HAL_LIB/hw_lib_adc.o
                0x0000000000004026                eSetAinCalPoint
 .text.getADC1Buffer
                0x000000000000408a        0xa ./HAL_LIB/hw_lib_adc.o
                0x000000000000408a                getADC1Buffer
 .text.eDOUTConfigWtihStruct
                0x0000000000004094       0x1c ./HAL_LIB/hw_lib_din.o
                0x0000000000004094                eDOUTConfigWtihStruct
 .text.eSetDUT  0x00000000000040b0       0x16 ./HAL_LIB/hw_lib_din.o
                0x00000000000040b0                eSetDUT
 .text.uGetDIN  0x00000000000040c6       0x14 ./HAL_LIB/hw_lib_din.o
                0x00000000000040c6                uGetDIN
 .text.eRPMConfig
                0x00000000000040da       0x5a ./HAL_LIB/hw_lib_din.o
                0x00000000000040da                eRPMConfig
 .text.RMPDataConvert
                0x0000000000004134       0x8c ./HAL_LIB/hw_lib_din.o
                0x0000000000004134                RMPDataConvert
 .text.GetRPM   0x00000000000041c0       0x70 ./HAL_LIB/hw_lib_din.o
                0x00000000000041c0                GetRPM
 .text.xGetRPM  0x0000000000004230       0x72 ./HAL_LIB/hw_lib_din.o
                0x0000000000004230                xGetRPM
 .text.vDinDoutProcess
                0x00000000000042a2       0xa0 ./HAL_LIB/hw_lib_din.o
                0x00000000000042a2                vDinDoutProcess
 .text.getCaputreBuffer
                0x0000000000004342       0x16 ./HAL_LIB/hw_lib_din.o
                0x0000000000004342                getCaputreBuffer
 .text.I2C_FSM  0x0000000000004358      0x198 ./HAL_LIB/hw_lib_eeprom_i2c.o
                0x0000000000004358                I2C_FSM
 .text.vInitEEPROM_I2C
                0x00000000000044f0       0x4e ./HAL_LIB/hw_lib_eeprom_i2c.o
                0x00000000000044f0                vInitEEPROM_I2C
 .text.eEEPROMWrFast
                0x000000000000453e      0x10a ./HAL_LIB/hw_lib_eeprom_i2c.o
                0x000000000000453e                eEEPROMWrFast
 .text.eEEPROMWr
                0x0000000000004648       0xe2 ./HAL_LIB/hw_lib_eeprom_i2c.o
                0x0000000000004648                eEEPROMWr
 .text.eEEPROMRd
                0x000000000000472a       0x8a ./HAL_LIB/hw_lib_eeprom_i2c.o
                0x000000000000472a                eEEPROMRd
 .text.bReadEEPROM
                0x00000000000047b4       0x1a ./HAL_LIB/hw_lib_eeprom_i2c.o
                0x00000000000047b4                bReadEEPROM
 .text.HAL_CANSetTXCallback
                0x00000000000047ce        0xa ./HAL_DRIVER/hal_can_ch32.o
                0x00000000000047ce                HAL_CANSetTXCallback
 .text.HAL_CANSetRXCallback
                0x00000000000047d8        0xa ./HAL_DRIVER/hal_can_ch32.o
                0x00000000000047d8                HAL_CANSetRXCallback
 .text.HAL_CANSetERRCallback
                0x00000000000047e2        0xa ./HAL_DRIVER/hal_can_ch32.o
                0x00000000000047e2                HAL_CANSetERRCallback
 .text.HAL_CANIntIT
                0x00000000000047ec      0x13c ./HAL_DRIVER/hal_can_ch32.o
                0x00000000000047ec                HAL_CANIntIT
 .text.HAL_CANToInitMode
                0x0000000000004928       0x30 ./HAL_DRIVER/hal_can_ch32.o
                0x0000000000004928                HAL_CANToInitMode
 .text.HAL_CANToOperatingMode
                0x0000000000004958       0x26 ./HAL_DRIVER/hal_can_ch32.o
                0x0000000000004958                HAL_CANToOperatingMode
 .text.HAL_CANSend
                0x000000000000497e       0xae ./HAL_DRIVER/hal_can_ch32.o
                0x000000000000497e                HAL_CANSend
 .text.HAL_CANSetFiters
                0x0000000000004a2c       0xc4 ./HAL_DRIVER/hal_can_ch32.o
                0x0000000000004a2c                HAL_CANSetFiters
 .text.HAL_CANGetRXMessage
                0x0000000000004af0       0xb0 ./HAL_DRIVER/hal_can_ch32.o
                0x0000000000004af0                HAL_CANGetRXMessage
 .text.USB_HP_CAN1_TX_IRQHandler
                0x0000000000004ba0       0x60 ./HAL_DRIVER/hal_can_ch32.o
                0x0000000000004ba0                USB_HP_CAN1_TX_IRQHandler
 .text.USB_LP_CAN1_RX0_IRQHandler
                0x0000000000004c00       0x5e ./HAL_DRIVER/hal_can_ch32.o
                0x0000000000004c00                USB_LP_CAN1_RX0_IRQHandler
 .text.CAN1_RX1_IRQHandler
                0x0000000000004c5e       0x5e ./HAL_DRIVER/hal_can_ch32.o
                0x0000000000004c5e                CAN1_RX1_IRQHandler
 .text.CAN1_SCE_IRQHandler
                0x0000000000004cbc       0x5c ./HAL_DRIVER/hal_can_ch32.o
                0x0000000000004cbc                CAN1_SCE_IRQHandler
 .text.HAL_InitGPIO
                0x0000000000004d18       0xba ./HAL_DRIVER/hal_gpio_ch32.o
                0x0000000000004d18                HAL_InitGPIO
 .text.HAL_InitGpioOut
                0x0000000000004dd2       0x10 ./HAL_DRIVER/hal_gpio_ch32.o
                0x0000000000004dd2                HAL_InitGpioOut
 .text.HAL_InitGpioAIN
                0x0000000000004de2       0x10 ./HAL_DRIVER/hal_gpio_ch32.o
                0x0000000000004de2                HAL_InitGpioAIN
 .text.HAL_InitGpioIn
                0x0000000000004df2       0x10 ./HAL_DRIVER/hal_gpio_ch32.o
                0x0000000000004df2                HAL_InitGpioIn
 .text.HAL_InitGpioAF
                0x0000000000004e02       0x34 ./HAL_DRIVER/hal_gpio_ch32.o
                0x0000000000004e02                HAL_InitGpioAF
 .text.HAL_GetBit
                0x0000000000004e36        0xa ./HAL_DRIVER/hal_gpio_ch32.o
                0x0000000000004e36                HAL_GetBit
 .text.HAL_SetBit
                0x0000000000004e40        0x4 ./HAL_DRIVER/hal_gpio_ch32.o
                0x0000000000004e40                HAL_SetBit
 .text.HAL_ResetBit
                0x0000000000004e44        0x4 ./HAL_DRIVER/hal_gpio_ch32.o
                0x0000000000004e44                HAL_ResetBit
 .text.HAL_InitGPO
                0x0000000000004e48       0x14 ./HAL_DRIVER/hal_gpio_ch32.o
                0x0000000000004e48                HAL_InitGPO
 .text.HAL_I2C_Init
                0x0000000000004e5c       0xf4 ./HAL_DRIVER/hal_i2c_ch32.o
                0x0000000000004e5c                HAL_I2C_Init
 .text.HAL_I2C_GET_STAR2
                0x0000000000004f50        0xe ./HAL_DRIVER/hal_i2c_ch32.o
                0x0000000000004f50                HAL_I2C_GET_STAR2
 .text.HAL_I2C_GET_STAR1
                0x0000000000004f5e        0xe ./HAL_DRIVER/hal_i2c_ch32.o
                0x0000000000004f5e                HAL_I2C_GET_STAR1
 .text.HAL_I2C_ENABLE
                0x0000000000004f6c       0x14 ./HAL_DRIVER/hal_i2c_ch32.o
                0x0000000000004f6c                HAL_I2C_ENABLE
 .text.InitI2CIT
                0x0000000000004f80       0x6e ./HAL_DRIVER/hal_i2c_ch32.o
                0x0000000000004f80                InitI2CIT
 .text.HAL_I2C_DISABLE
                0x0000000000004fee       0x1a ./HAL_DRIVER/hal_i2c_ch32.o
                0x0000000000004fee                HAL_I2C_DISABLE
 .text.I2C_IT_ENABLE
                0x0000000000005008       0x12 ./HAL_DRIVER/hal_i2c_ch32.o
                0x0000000000005008                I2C_IT_ENABLE
 .text.I2C_IT_DISABLE
                0x000000000000501a       0x16 ./HAL_DRIVER/hal_i2c_ch32.o
                0x000000000000501a                I2C_IT_DISABLE
 .text.HAL_I2C_STOP
                0x0000000000005030       0x14 ./HAL_DRIVER/hal_i2c_ch32.o
                0x0000000000005030                HAL_I2C_STOP
 .text.HAL_I2C_START
                0x0000000000005044       0x14 ./HAL_DRIVER/hal_i2c_ch32.o
                0x0000000000005044                HAL_I2C_START
 .text.HAL_I2C_SEND
                0x0000000000005058        0xe ./HAL_DRIVER/hal_i2c_ch32.o
                0x0000000000005058                HAL_I2C_SEND
 .text.HAL_I2C_SEND_ADDR_TRANS
                0x0000000000005066       0x12 ./HAL_DRIVER/hal_i2c_ch32.o
                0x0000000000005066                HAL_I2C_SEND_ADDR_TRANS
 .text.HAL_I2C_SEND_ADDR_RECIEVE
                0x0000000000005078       0x16 ./HAL_DRIVER/hal_i2c_ch32.o
                0x0000000000005078                HAL_I2C_SEND_ADDR_RECIEVE
 .text.HAL_I2C_ACK_ENABLE
                0x000000000000508e       0x14 ./HAL_DRIVER/hal_i2c_ch32.o
                0x000000000000508e                HAL_I2C_ACK_ENABLE
 .text.HAL_I2C_ACK_DISABLE
                0x00000000000050a2       0x1c ./HAL_DRIVER/hal_i2c_ch32.o
                0x00000000000050a2                HAL_I2C_ACK_DISABLE
 .text.HAL_I2C_ClearFlag
                0x00000000000050be       0x20 ./HAL_DRIVER/hal_i2c_ch32.o
                0x00000000000050be                HAL_I2C_ClearFlag
 .text.HAL_I2C_READ_DATA
                0x00000000000050de        0xe ./HAL_DRIVER/hal_i2c_ch32.o
                0x00000000000050de                HAL_I2C_READ_DATA
 .text.I2C1_EV_IRQHandler
                0x00000000000050ec       0x52 ./HAL_DRIVER/hal_i2c_ch32.o
                0x00000000000050ec                I2C1_EV_IRQHandler
 .text.I2C1_ER_IRQHandler
                0x000000000000513e       0x52 ./HAL_DRIVER/hal_i2c_ch32.o
                0x000000000000513e                I2C1_ER_IRQHandler
 .text.HAL_InitAPB1
                0x0000000000005190       0x1c ./HAL_DRIVER/hal_irq.o
                0x0000000000005190                HAL_InitAPB1
 .text.HAL_InitAPB2
                0x00000000000051ac       0x1c ./HAL_DRIVER/hal_irq.o
                0x00000000000051ac                HAL_InitAPB2
 .text.PFIC_IRQ_ENABLE_PG1
                0x00000000000051c8       0x34 ./HAL_DRIVER/hal_irq.o
                0x00000000000051c8                PFIC_IRQ_ENABLE_PG1
 .text.RTC_IRQHandler
                0x00000000000051fc       0x78 ./HAL_DRIVER/hal_rtc_ch32.o
                0x00000000000051fc                RTC_IRQHandler
 .text.HAL_SPI_RXOveleyClear
                0x0000000000005274       0x1e ./HAL_DRIVER/hal_spi_ch32.o
                0x0000000000005274                HAL_SPI_RXOveleyClear
 .text.HAL_SPI_GetBusy
                0x0000000000005292       0x10 ./HAL_DRIVER/hal_spi_ch32.o
                0x0000000000005292                HAL_SPI_GetBusy
 .text.HAL_WDTReset
                0x00000000000052a2        0x2 ./HAL_DRIVER/hal_wdt_ch32.o
                0x00000000000052a2                HAL_WDTReset
 .text.Get_ConversionVal
                0x00000000000052a4       0x2e ./HAL/hal_adc_ch32.o
                0x00000000000052a4                Get_ConversionVal
 .text.HAL_ADC_RegularChannelConfig
                0x00000000000052d2       0x46 ./HAL/hal_adc_ch32.o
                0x00000000000052d2                HAL_ADC_RegularChannelConfig
 .text.HAL_ADC_ContiniusScanCinvertionDMA
                0x0000000000005318       0xce ./HAL/hal_adc_ch32.o
                0x0000000000005318                HAL_ADC_ContiniusScanCinvertionDMA
 .text.HAL_ADC_StartDMA
                0x00000000000053e6       0x42 ./HAL/hal_adc_ch32.o
                0x00000000000053e6                HAL_ADC_StartDMA
 .text.DMA_IRQ  0x0000000000005428       0x3a ./HAL/hal_dma_ch32.o
 .text.HAL_DMA_Enable
                0x0000000000005462       0x18 ./HAL/hal_dma_ch32.o
                0x0000000000005462                HAL_DMA_Enable
 .text.HAL_DMA_Disable
                0x000000000000547a       0x1a ./HAL/hal_dma_ch32.o
                0x000000000000547a                HAL_DMA_Disable
 .text.HAL_DMAInitIT
                0x0000000000005494       0xa0 ./HAL/hal_dma_ch32.o
                0x0000000000005494                HAL_DMAInitIT
 .text.HAL_DMA_SetCounter
                0x0000000000005534       0x12 ./HAL/hal_dma_ch32.o
                0x0000000000005534                HAL_DMA_SetCounter
 .text.HAL_DMA_ITENABLE
                0x0000000000005546       0x16 ./HAL/hal_dma_ch32.o
                0x0000000000005546                HAL_DMA_ITENABLE
 .text.HAL_DMA_SetCouterAndEnable
                0x000000000000555c       0x1a ./HAL/hal_dma_ch32.o
                0x000000000000555c                HAL_DMA_SetCouterAndEnable
 .text.DMA1_Channel1_IRQHandler
                0x0000000000005576       0x4e ./HAL/hal_dma_ch32.o
                0x0000000000005576                DMA1_Channel1_IRQHandler
 .text.DMA1_Channel3_IRQHandler
                0x00000000000055c4       0x4e ./HAL/hal_dma_ch32.o
                0x00000000000055c4                DMA1_Channel3_IRQHandler
 .text.DMA1_Channel4_IRQHandler
                0x0000000000005612       0x4e ./HAL/hal_dma_ch32.o
                0x0000000000005612                DMA1_Channel4_IRQHandler
 .text.DMA1_Channel5_IRQHandler
                0x0000000000005660       0x4e ./HAL/hal_dma_ch32.o
                0x0000000000005660                DMA1_Channel5_IRQHandler
 .text.DMA1_Channel7_IRQHandler
                0x00000000000056ae       0x4e ./HAL/hal_dma_ch32.o
                0x00000000000056ae                DMA1_Channel7_IRQHandler
 .text.TIM4_IRQHandler
                0x00000000000056fc       0x70 ./HAL/hal_timers_ch32.o
                0x00000000000056fc                TIM4_IRQHandler
 .text.HAL_TiemrEneblae
                0x000000000000576c       0x16 ./HAL/hal_timers_ch32.o
                0x000000000000576c                HAL_TiemrEneblae
 .text.HAL_TiemrDisable
                0x0000000000005782       0x1c ./HAL/hal_timers_ch32.o
                0x0000000000005782                HAL_TiemrDisable
 .text.HW_TIMER_BaseTimerInit
                0x000000000000579e       0x54 ./HAL/hal_timers_ch32.o
                0x000000000000579e                HW_TIMER_BaseTimerInit
 .text.HAL_TIMER_InitIt
                0x00000000000057f2       0x60 ./HAL/hal_timers_ch32.o
                0x00000000000057f2                HAL_TIMER_InitIt
 .text.HAL_TIMER_PWMTimersInit
                0x0000000000005852       0xc2 ./HAL/hal_timers_ch32.o
                0x0000000000005852                HAL_TIMER_PWMTimersInit
 .text.HAL_TimeInitCaptureDMA
                0x0000000000005914       0xec ./HAL/hal_timers_ch32.o
                0x0000000000005914                HAL_TimeInitCaptureDMA
 .text.HAL_TIMER_SetPWMPulse
                0x0000000000005a00       0x88 ./HAL/hal_timers_ch32.o
                0x0000000000005a00                HAL_TIMER_SetPWMPulse
 .text.HAL_TIMER_EnablePWMCH
                0x0000000000005a88       0x1a ./HAL/hal_timers_ch32.o
                0x0000000000005a88                HAL_TIMER_EnablePWMCH
 .text.prvInsertBlockIntoFreeList
                0x0000000000005aa2       0x4c ./FreeRTOS/portable/MemMang/heap_4.o
 .text.pvPortMalloc
                0x0000000000005aee      0x18a ./FreeRTOS/portable/MemMang/heap_4.o
                0x0000000000005aee                pvPortMalloc
 .text.vPortSetupTimerInterrupt
                0x0000000000005c78       0x3e ./FreeRTOS/portable/GCC/RISC-V/port.o
                0x0000000000005c78                vPortSetupTimerInterrupt
 .text.xPortStartScheduler
                0x0000000000005cb6       0x90 ./FreeRTOS/portable/GCC/RISC-V/port.o
                0x0000000000005cb6                xPortStartScheduler
 .text.SysTick_Handler
                0x0000000000005d46       0x7c ./FreeRTOS/portable/GCC/RISC-V/port.o
                0x0000000000005d46                SysTick_Handler
 .text.vPortEnterCritical
                0x0000000000005dc2       0x16 ./FreeRTOS/portable/GCC/RISC-V/port.o
                0x0000000000005dc2                vPortEnterCritical
 .text.vPortExitCritical
                0x0000000000005dd8       0x42 ./FreeRTOS/portable/GCC/RISC-V/port.o
                0x0000000000005dd8                vPortExitCritical
 .text.xPortSetInterruptMask
                0x0000000000005e1a        0xc ./FreeRTOS/portable/GCC/RISC-V/port.o
                0x0000000000005e1a                xPortSetInterruptMask
 .text.vPortClearInterruptMask
                0x0000000000005e26        0x6 ./FreeRTOS/portable/GCC/RISC-V/port.o
                0x0000000000005e26                vPortClearInterruptMask
 .text.vListInitialise
                0x0000000000005e2c       0x14 ./FreeRTOS/list.o
                0x0000000000005e2c                vListInitialise
 .text.vListInitialiseItem
                0x0000000000005e40        0x6 ./FreeRTOS/list.o
                0x0000000000005e40                vListInitialiseItem
 .text.vListInsertEnd
                0x0000000000005e46       0x18 ./FreeRTOS/list.o
                0x0000000000005e46                vListInsertEnd
 .text.vListInsert
                0x0000000000005e5e       0x2e ./FreeRTOS/list.o
                0x0000000000005e5e                vListInsert
 .text.uxListRemove
                0x0000000000005e8c       0x20 ./FreeRTOS/list.o
                0x0000000000005e8c                uxListRemove
 .text.prvIsQueueEmpty
                0x0000000000005eac       0x1e ./FreeRTOS/queue.o
 .text.prvCopyDataToQueue
                0x0000000000005eca       0x72 ./FreeRTOS/queue.o
 .text.prvCopyDataFromQueue
                0x0000000000005f3c       0x28 ./FreeRTOS/queue.o
 .text.prvUnlockQueue
                0x0000000000005f64       0x76 ./FreeRTOS/queue.o
 .text.xQueueGenericReset
                0x0000000000005fda       0xc4 ./FreeRTOS/queue.o
                0x0000000000005fda                xQueueGenericReset
 .text.xQueueGenericCreateStatic
                0x000000000000609e       0xae ./FreeRTOS/queue.o
                0x000000000000609e                xQueueGenericCreateStatic
 .text.xQueueGenericCreate
                0x000000000000614c       0x72 ./FreeRTOS/queue.o
                0x000000000000614c                xQueueGenericCreate
 .text.xQueueGenericSend
                0x00000000000061be      0x178 ./FreeRTOS/queue.o
                0x00000000000061be                xQueueGenericSend
 .text.xQueueGiveMutexRecursive
                0x0000000000006336       0x56 ./FreeRTOS/queue.o
                0x0000000000006336                xQueueGiveMutexRecursive
 .text.xQueueCreateMutex
                0x000000000000638c       0x2e ./FreeRTOS/queue.o
                0x000000000000638c                xQueueCreateMutex
 .text.xQueueReceive
                0x00000000000063ba      0x138 ./FreeRTOS/queue.o
                0x00000000000063ba                xQueueReceive
 .text.xQueueSemaphoreTake
                0x00000000000064f2      0x18e ./FreeRTOS/queue.o
                0x00000000000064f2                xQueueSemaphoreTake
 .text.xQueueTakeMutexRecursive
                0x0000000000006680       0x5a ./FreeRTOS/queue.o
                0x0000000000006680                xQueueTakeMutexRecursive
 .text.uxQueueMessagesWaiting
                0x00000000000066da       0x44 ./FreeRTOS/queue.o
                0x00000000000066da                uxQueueMessagesWaiting
 .text.prvIdleTask
                0x000000000000671e        0x2 ./FreeRTOS/tasks.o
 .text.prvAddNewTaskToReadyList
                0x0000000000006720      0x10a ./FreeRTOS/tasks.o
 .text.prvResetNextTaskUnblockTime
                0x000000000000682a       0x20 ./FreeRTOS/tasks.o
 .text.prvTaskIsTaskSuspended
                0x000000000000684a       0x50 ./FreeRTOS/tasks.o
 .text.prvInitialiseNewTask.isra.2
                0x000000000000689a       0xc8 ./FreeRTOS/tasks.o
 .text.prvAddCurrentTaskToDelayedList
                0x0000000000006962       0xa4 ./FreeRTOS/tasks.o
 .text.xTaskCreateStatic
                0x0000000000006a06       0xa6 ./FreeRTOS/tasks.o
                0x0000000000006a06                xTaskCreateStatic
 .text.vTaskResume
                0x0000000000006aac       0xa6 ./FreeRTOS/tasks.o
                0x0000000000006aac                vTaskResume
 .text.vTaskStartScheduler
                0x0000000000006b52       0x5c ./FreeRTOS/tasks.o
                0x0000000000006b52                vTaskStartScheduler
 .text.vTaskSuspendAll
                0x0000000000006bae       0x10 ./FreeRTOS/tasks.o
                0x0000000000006bae                vTaskSuspendAll
 .text.xTaskGetTickCount
                0x0000000000006bbe        0x6 ./FreeRTOS/tasks.o
                0x0000000000006bbe                xTaskGetTickCount
 .text.xTaskIncrementTick
                0x0000000000006bc4      0x194 ./FreeRTOS/tasks.o
                0x0000000000006bc4                xTaskIncrementTick
 .text.xTaskResumeAll
                0x0000000000006d58      0x154 ./FreeRTOS/tasks.o
                0x0000000000006d58                xTaskResumeAll
 .text.vTaskDelay
                0x0000000000006eac       0x66 ./FreeRTOS/tasks.o
                0x0000000000006eac                vTaskDelay
 .text.vTaskSwitchContext
                0x0000000000006f12       0x92 ./FreeRTOS/tasks.o
                0x0000000000006f12                vTaskSwitchContext
 .text.vTaskSuspend
                0x0000000000006fa4       0xea ./FreeRTOS/tasks.o
                0x0000000000006fa4                vTaskSuspend
 .text.vTaskPlaceOnEventList
                0x000000000000708e       0x48 ./FreeRTOS/tasks.o
                0x000000000000708e                vTaskPlaceOnEventList
 .text.xTaskRemoveFromEventList
                0x00000000000070d6       0xe4 ./FreeRTOS/tasks.o
                0x00000000000070d6                xTaskRemoveFromEventList
 .text.vTaskInternalSetTimeOutState
                0x00000000000071ba        0xe ./FreeRTOS/tasks.o
                0x00000000000071ba                vTaskInternalSetTimeOutState
 .text.xTaskCheckForTimeOut
                0x00000000000071c8       0xaa ./FreeRTOS/tasks.o
                0x00000000000071c8                xTaskCheckForTimeOut
 .text.vTaskMissedYield
                0x0000000000007272        0x8 ./FreeRTOS/tasks.o
                0x0000000000007272                vTaskMissedYield
 .text.xTaskGetCurrentTaskHandle
                0x000000000000727a        0xa ./FreeRTOS/tasks.o
                0x000000000000727a                xTaskGetCurrentTaskHandle
 .text.xTaskPriorityInherit
                0x0000000000007284       0xaa ./FreeRTOS/tasks.o
                0x0000000000007284                xTaskPriorityInherit
 .text.xTaskPriorityDisinherit
                0x000000000000732e       0xc6 ./FreeRTOS/tasks.o
                0x000000000000732e                xTaskPriorityDisinherit
 .text.vTaskPriorityDisinheritAfterTimeout
                0x00000000000073f4       0xe2 ./FreeRTOS/tasks.o
                0x00000000000073f4                vTaskPriorityDisinheritAfterTimeout
 .text.pvTaskIncrementMutexHeldCount
                0x00000000000074d6       0x1c ./FreeRTOS/tasks.o
                0x00000000000074d6                pvTaskIncrementMutexHeldCount
 .text.ulTaskGenericNotifyTake
                0x00000000000074f2       0xb8 ./FreeRTOS/tasks.o
                0x00000000000074f2                ulTaskGenericNotifyTake
 .text.xTaskGenericNotifyWait
                0x00000000000075aa       0xe6 ./FreeRTOS/tasks.o
                0x00000000000075aa                xTaskGenericNotifyWait
 .text.xTaskGenericNotifyFromISR
                0x0000000000007690      0x1e8 ./FreeRTOS/tasks.o
                0x0000000000007690                xTaskGenericNotifyFromISR
 .text.ulTaskGenericNotifyValueClear
                0x0000000000007878       0x3e ./FreeRTOS/tasks.o
                0x0000000000007878                ulTaskGenericNotifyValueClear
 .text.Delay_Init
                0x00000000000078b6       0x2a ./Debug/debug.o
                0x00000000000078b6                Delay_Init
 .text.Delay_Ms
                0x00000000000078e0       0x36 ./Debug/debug.o
                0x00000000000078e0                Delay_Ms
 .text.USART_Printf_Init
                0x0000000000007916       0x5a ./Debug/debug.o
                0x0000000000007916                USART_Printf_Init
 .text._write   0x0000000000007970       0x3e ./Debug/debug.o
                0x0000000000007970                _write
 .text._sbrk    0x00000000000079ae       0x2a ./Debug/debug.o
                0x00000000000079ae                _sbrk
 .text.__get_MEPC
                0x00000000000079d8        0x6 ./Core/core_riscv.o
                0x00000000000079d8                __get_MEPC
 .text.__get_MCAUSE
                0x00000000000079de        0x6 ./Core/core_riscv.o
                0x00000000000079de                __get_MCAUSE
 .text.__get_MTVAL
                0x00000000000079e4        0x6 ./Core/core_riscv.o
                0x00000000000079e4                __get_MTVAL
 .text.prv_read_can_received_msg
                0x00000000000079ea       0x50 ./CANopenNode/keypad/CO_driver_ST32F103.o
                0x00000000000079ea                prv_read_can_received_msg
 .text.prv_send_can_message.isra.0
                0x0000000000007a3a       0x2c ./CANopenNode/keypad/CO_driver_ST32F103.o
 .text.CAN_SendMessage
                0x0000000000007a66       0x66 ./CANopenNode/keypad/CO_driver_ST32F103.o
                0x0000000000007a66                CAN_SendMessage
 .text.co_drv_create_os_objects
                0x0000000000007acc       0x30 ./CANopenNode/keypad/CO_driver_ST32F103.o
                0x0000000000007acc                co_drv_create_os_objects
 .text.co_drv_mutex_lock
                0x0000000000007afc       0x18 ./CANopenNode/keypad/CO_driver_ST32F103.o
                0x0000000000007afc                co_drv_mutex_lock
 .text.co_drv_mutex_unlock
                0x0000000000007b14       0x16 ./CANopenNode/keypad/CO_driver_ST32F103.o
                0x0000000000007b14                co_drv_mutex_unlock
 .text.CO_CANsetConfigurationMode
                0x0000000000007b2a       0x10 ./CANopenNode/keypad/CO_driver_ST32F103.o
                0x0000000000007b2a                CO_CANsetConfigurationMode
 .text.CO_CANsetNormalMode
                0x0000000000007b3a       0x1c ./CANopenNode/keypad/CO_driver_ST32F103.o
                0x0000000000007b3a                CO_CANsetNormalMode
 .text.CO_CANmodule_init
                0x0000000000007b56      0x110 ./CANopenNode/keypad/CO_driver_ST32F103.o
                0x0000000000007b56                CO_CANmodule_init
 .text.CO_CANmodule_disable
                0x0000000000007c66       0x14 ./CANopenNode/keypad/CO_driver_ST32F103.o
                0x0000000000007c66                CO_CANmodule_disable
 .text.CO_CANrxBufferInit
                0x0000000000007c7a       0x52 ./CANopenNode/keypad/CO_driver_ST32F103.o
                0x0000000000007c7a                CO_CANrxBufferInit
 .text.CO_CANtxBufferInit
                0x0000000000007ccc       0x3a ./CANopenNode/keypad/CO_driver_ST32F103.o
                0x0000000000007ccc                CO_CANtxBufferInit
 .text.CO_CANmodule_process
                0x0000000000007d06       0x12 ./CANopenNode/keypad/CO_driver_ST32F103.o
                0x0000000000007d06                CO_CANmodule_process
 .text.CO_CANsend
                0x0000000000007d18       0x46 ./CANopenNode/keypad/CO_driver_ST32F103.o
                0x0000000000007d18                CO_CANsend
 .text.CO_LSSslave_receive
                0x0000000000007d5e      0x1a8 ./CANopenNode/305/CO_LSSslave.o
 .text.CO_LSSslave_init
                0x0000000000007f06       0xa4 ./CANopenNode/305/CO_LSSslave.o
                0x0000000000007f06                CO_LSSslave_init
 .text.CO_LSSslave_process
                0x0000000000007faa      0x1a2 ./CANopenNode/305/CO_LSSslave.o
                0x0000000000007faa                CO_LSSslave_process
 .text.OD_write_1003
                0x000000000000814c       0x28 ./CANopenNode/301/CO_Emergency.o
 .text.OD_read_1003
                0x0000000000008174       0x8c ./CANopenNode/301/CO_Emergency.o
 .text.OD_read_1014_default
                0x0000000000008200       0x50 ./CANopenNode/301/CO_Emergency.o
 .text.CO_EM_init
                0x0000000000008250      0x112 ./CANopenNode/301/CO_Emergency.o
                0x0000000000008250                CO_EM_init
 .text.CO_error
                0x0000000000008362       0xc4 ./CANopenNode/301/CO_Emergency.o
                0x0000000000008362                CO_error
 .text.CO_EM_process
                0x0000000000008426      0x182 ./CANopenNode/301/CO_Emergency.o
                0x0000000000008426                CO_EM_process
 .text.CO_NMT_receive
                0x00000000000085a8       0x18 ./CANopenNode/301/CO_NMT_Heartbeat.o
 .text.OD_write_1017
                0x00000000000085c0       0x48 ./CANopenNode/301/CO_NMT_Heartbeat.o
 .text.CO_NMT_init
                0x0000000000008608       0xec ./CANopenNode/301/CO_NMT_Heartbeat.o
                0x0000000000008608                CO_NMT_init
 .text.CO_NMT_process
                0x00000000000086f4      0x106 ./CANopenNode/301/CO_NMT_Heartbeat.o
                0x00000000000086f4                CO_NMT_process
 .text.OD_readDisabled
                0x00000000000087fa        0x4 ./CANopenNode/301/CO_ODinterface.o
 .text.OD_readOriginal
                0x00000000000087fe       0x50 ./CANopenNode/301/CO_ODinterface.o
                0x00000000000087fe                OD_readOriginal
 .text.OD_writeOriginal
                0x000000000000884e       0x54 ./CANopenNode/301/CO_ODinterface.o
                0x000000000000884e                OD_writeOriginal
 .text.OD_writeDisabled
                0x00000000000088a2        0x4 ./CANopenNode/301/CO_ODinterface.o
 .text.OD_find  0x00000000000088a6       0x70 ./CANopenNode/301/CO_ODinterface.o
                0x00000000000088a6                OD_find
 .text.OD_getSub
                0x0000000000008916       0xf6 ./CANopenNode/301/CO_ODinterface.o
                0x0000000000008916                OD_getSub
 .text.OD_getSDOabCode
                0x0000000000008a0c       0x20 ./CANopenNode/301/CO_ODinterface.o
                0x0000000000008a0c                OD_getSDOabCode
 .text.OD_get_value
                0x0000000000008a2c       0x34 ./CANopenNode/301/CO_ODinterface.o
                0x0000000000008a2c                OD_get_value
 .text.OD_set_value
                0x0000000000008a60       0x2e ./CANopenNode/301/CO_ODinterface.o
                0x0000000000008a60                OD_set_value
 .text.OD_getPtr
                0x0000000000008a8e       0x3c ./CANopenNode/301/CO_ODinterface.o
                0x0000000000008a8e                OD_getPtr
 .text.OD_write_dummy
                0x0000000000008aca        0x8 ./CANopenNode/301/CO_PDO.o
 .text.OD_read_dummy
                0x0000000000008ad2       0x2e ./CANopenNode/301/CO_PDO.o
 .text.PDOconfigMap
                0x0000000000008b00      0x100 ./CANopenNode/301/CO_PDO.o
 .text.CO_PDO_receive
                0x0000000000008c00       0x48 ./CANopenNode/301/CO_PDO.o
 .text.OD_read_PDO_commParam
                0x0000000000008c48       0x70 ./CANopenNode/301/CO_PDO.o
 .text.PDO_initMapping.constprop.3
                0x0000000000008cb8       0xe6 ./CANopenNode/301/CO_PDO.o
 .text.OD_write_PDO_mapping
                0x0000000000008d9e       0xb4 ./CANopenNode/301/CO_PDO.o
 .text.OD_write_18xx
                0x0000000000008e52      0x184 ./CANopenNode/301/CO_PDO.o
 .text.OD_write_14xx
                0x0000000000008fd6      0x15a ./CANopenNode/301/CO_PDO.o
 .text.CO_RPDO_init
                0x0000000000009130      0x172 ./CANopenNode/301/CO_PDO.o
                0x0000000000009130                CO_RPDO_init
 .text.CO_RPDO_process
                0x00000000000092a2      0x114 ./CANopenNode/301/CO_PDO.o
                0x00000000000092a2                CO_RPDO_process
 .text.CO_TPDO_init
                0x00000000000093b6      0x1d2 ./CANopenNode/301/CO_PDO.o
                0x00000000000093b6                CO_TPDO_init
 .text.CO_TPDO_process
                0x0000000000009588      0x15e ./CANopenNode/301/CO_PDO.o
                0x0000000000009588                CO_TPDO_process
 .text.CO_SDOserver_init_canRxTx
                0x00000000000096e6       0x82 ./CANopenNode/301/CO_SDOserver.o
 .text.CO_SDO_receive
                0x0000000000009768       0x38 ./CANopenNode/301/CO_SDOserver.o
 .text.readFromOd.isra.1.constprop.5
                0x00000000000097a0       0xe2 ./CANopenNode/301/CO_SDOserver.o
 .text.OD_write_1201_additional
                0x0000000000009882      0x158 ./CANopenNode/301/CO_SDOserver.o
 .text.CO_SDOserver_init
                0x00000000000099da      0x172 ./CANopenNode/301/CO_SDOserver.o
                0x00000000000099da                CO_SDOserver_init
 .text.CO_SDOserver_process
                0x0000000000009b4c      0x5e8 ./CANopenNode/301/CO_SDOserver.o
                0x0000000000009b4c                CO_SDOserver_process
 .text.CO_delete
                0x000000000000a134       0x56 ./CANopenNode/CANopen.o
                0x000000000000a134                CO_delete
 .text.CO_new   0x000000000000a18a      0x102 ./CANopenNode/CANopen.o
                0x000000000000a18a                CO_new
 .text.CO_CANinit
                0x000000000000a28c       0x36 ./CANopenNode/CANopen.o
                0x000000000000a28c                CO_CANinit
 .text.CO_LSSinit
                0x000000000000a2c2       0x32 ./CANopenNode/CANopen.o
                0x000000000000a2c2                CO_LSSinit
 .text.CO_CANopenInit
                0x000000000000a2f4       0xb8 ./CANopenNode/CANopen.o
                0x000000000000a2f4                CO_CANopenInit
 .text.CO_CANopenInitPDO
                0x000000000000a3ac       0xea ./CANopenNode/CANopen.o
                0x000000000000a3ac                CO_CANopenInitPDO
 .text.CO_process
                0x000000000000a496       0x7e ./CANopenNode/CANopen.o
                0x000000000000a496                CO_process
 .text.CO_process_RPDO
                0x000000000000a514       0x40 ./CANopenNode/CANopen.o
                0x000000000000a514                CO_process_RPDO
 .text.CO_process_TPDO
                0x000000000000a554       0x40 ./CANopenNode/CANopen.o
                0x000000000000a554                CO_process_TPDO
 .text.__addsf3
                0x000000000000a594      0x36a c:/mounriver/mounriver_studio/toolchain/risc-v embedded gcc/bin/../lib/gcc/riscv-none-embed/8.2.0/rv32imacxw/ilp32\libgcc.a(addsf3.o)
                0x000000000000a594                __addsf3
 .text.__divsf3
                0x000000000000a8fe      0x2b2 c:/mounriver/mounriver_studio/toolchain/risc-v embedded gcc/bin/../lib/gcc/riscv-none-embed/8.2.0/rv32imacxw/ilp32\libgcc.a(divsf3.o)
                0x000000000000a8fe                __divsf3
 .text.__gesf2  0x000000000000abb0       0x86 c:/mounriver/mounriver_studio/toolchain/risc-v embedded gcc/bin/../lib/gcc/riscv-none-embed/8.2.0/rv32imacxw/ilp32\libgcc.a(gesf2.o)
                0x000000000000abb0                __gesf2
                0x000000000000abb0                __gtsf2
 .text.__mulsf3
                0x000000000000ac36      0x290 c:/mounriver/mounriver_studio/toolchain/risc-v embedded gcc/bin/../lib/gcc/riscv-none-embed/8.2.0/rv32imacxw/ilp32\libgcc.a(mulsf3.o)
                0x000000000000ac36                __mulsf3
 .text.__subsf3
                0x000000000000aec6      0x388 c:/mounriver/mounriver_studio/toolchain/risc-v embedded gcc/bin/../lib/gcc/riscv-none-embed/8.2.0/rv32imacxw/ilp32\libgcc.a(subsf3.o)
                0x000000000000aec6                __subsf3
 .text.__fixsfsi
                0x000000000000b24e       0x62 c:/mounriver/mounriver_studio/toolchain/risc-v embedded gcc/bin/../lib/gcc/riscv-none-embed/8.2.0/rv32imacxw/ilp32\libgcc.a(fixsfsi.o)
                0x000000000000b24e                __fixsfsi
 .text.__fixunssfsi
                0x000000000000b2b0       0x56 c:/mounriver/mounriver_studio/toolchain/risc-v embedded gcc/bin/../lib/gcc/riscv-none-embed/8.2.0/rv32imacxw/ilp32\libgcc.a(fixunssfsi.o)
                0x000000000000b2b0                __fixunssfsi
 .text.__floatsisf
                0x000000000000b306       0xc6 c:/mounriver/mounriver_studio/toolchain/risc-v embedded gcc/bin/../lib/gcc/riscv-none-embed/8.2.0/rv32imacxw/ilp32\libgcc.a(floatsisf.o)
                0x000000000000b306                __floatsisf
 .text.__floatunsisf
                0x000000000000b3cc       0xce c:/mounriver/mounriver_studio/toolchain/risc-v embedded gcc/bin/../lib/gcc/riscv-none-embed/8.2.0/rv32imacxw/ilp32\libgcc.a(floatunsisf.o)
                0x000000000000b3cc                __floatunsisf
 .text.__clzsi2
                0x000000000000b49a       0x6e c:/mounriver/mounriver_studio/toolchain/risc-v embedded gcc/bin/../lib/gcc/riscv-none-embed/8.2.0/rv32imacxw/ilp32\libgcc.a(_clzsi2.o)
                0x000000000000b49a                __clzsi2
 .text.calloc   0x000000000000b508        0xc c:/mounriver/mounriver_studio/toolchain/risc-v embedded gcc/bin/../lib/gcc/riscv-none-embed/8.2.0/../../../../riscv-none-embed/lib/rv32imacxw/ilp32\libg_nano.a(lib_a-calloc.o)
                0x000000000000b508                calloc
 .text.free     0x000000000000b514        0xa c:/mounriver/mounriver_studio/toolchain/risc-v embedded gcc/bin/../lib/gcc/riscv-none-embed/8.2.0/../../../../riscv-none-embed/lib/rv32imacxw/ilp32\libg_nano.a(lib_a-malloc.o)
                0x000000000000b514                free
 .text.memcpy   0x000000000000b51e       0xb2 c:/mounriver/mounriver_studio/toolchain/risc-v embedded gcc/bin/../lib/gcc/riscv-none-embed/8.2.0/../../../../riscv-none-embed/lib/rv32imacxw/ilp32\libg_nano.a(lib_a-memcpy.o)
                0x000000000000b51e                memcpy
 .text.memmove  0x000000000000b5d0       0x46 c:/mounriver/mounriver_studio/toolchain/risc-v embedded gcc/bin/../lib/gcc/riscv-none-embed/8.2.0/../../../../riscv-none-embed/lib/rv32imacxw/ilp32\libg_nano.a(lib_a-memmove.o)
                0x000000000000b5d0                memmove
 .text._calloc_r
                0x000000000000b616       0x26 c:/mounriver/mounriver_studio/toolchain/risc-v embedded gcc/bin/../lib/gcc/riscv-none-embed/8.2.0/../../../../riscv-none-embed/lib/rv32imacxw/ilp32\libg_nano.a(lib_a-nano-callocr.o)
                0x000000000000b616                _calloc_r
 .text._free_r  0x000000000000b63c       0xa8 c:/mounriver/mounriver_studio/toolchain/risc-v embedded gcc/bin/../lib/gcc/riscv-none-embed/8.2.0/../../../../riscv-none-embed/lib/rv32imacxw/ilp32\libg_nano.a(lib_a-nano-freer.o)
                0x000000000000b63c                _free_r
 .text._malloc_r
                0x000000000000b6e4       0xd4 c:/mounriver/mounriver_studio/toolchain/risc-v embedded gcc/bin/../lib/gcc/riscv-none-embed/8.2.0/../../../../riscv-none-embed/lib/rv32imacxw/ilp32\libg_nano.a(lib_a-nano-mallocr.o)
                0x000000000000b6e4                _malloc_r
 .text.printf   0x000000000000b7b8       0x40 c:/mounriver/mounriver_studio/toolchain/risc-v embedded gcc/bin/../lib/gcc/riscv-none-embed/8.2.0/../../../../riscv-none-embed/lib/rv32imacxw/ilp32\libg_nano.a(lib_a-printf.o)
                0x000000000000b7b8                iprintf
                0x000000000000b7b8                printf
 .text._puts_r  0x000000000000b7f8       0xd4 c:/mounriver/mounriver_studio/toolchain/risc-v embedded gcc/bin/../lib/gcc/riscv-none-embed/8.2.0/../../../../riscv-none-embed/lib/rv32imacxw/ilp32\libg_nano.a(lib_a-puts.o)
                0x000000000000b7f8                _puts_r
 .text.puts     0x000000000000b8cc        0xc c:/mounriver/mounriver_studio/toolchain/risc-v embedded gcc/bin/../lib/gcc/riscv-none-embed/8.2.0/../../../../riscv-none-embed/lib/rv32imacxw/ilp32\libg_nano.a(lib_a-puts.o)
                0x000000000000b8cc                puts
 .text._sbrk_r  0x000000000000b8d8       0x32 c:/mounriver/mounriver_studio/toolchain/risc-v embedded gcc/bin/../lib/gcc/riscv-none-embed/8.2.0/../../../../riscv-none-embed/lib/rv32imacxw/ilp32\libg_nano.a(lib_a-sbrkr.o)
                0x000000000000b8d8                _sbrk_r
 .text.strlen   0x000000000000b90a       0x12 c:/mounriver/mounriver_studio/toolchain/risc-v embedded gcc/bin/../lib/gcc/riscv-none-embed/8.2.0/../../../../riscv-none-embed/lib/rv32imacxw/ilp32\libg_nano.a(lib_a-strlen.o)
                0x000000000000b90a                strlen
 .text.__swbuf_r
                0x000000000000b91c       0xbc c:/mounriver/mounriver_studio/toolchain/risc-v embedded gcc/bin/../lib/gcc/riscv-none-embed/8.2.0/../../../../riscv-none-embed/lib/rv32imacxw/ilp32\libg_nano.a(lib_a-wbuf.o)
                0x000000000000b91c                __swbuf_r
 .text.__swsetup_r
                0x000000000000b9d8       0xfe c:/mounriver/mounriver_studio/toolchain/risc-v embedded gcc/bin/../lib/gcc/riscv-none-embed/8.2.0/../../../../riscv-none-embed/lib/rv32imacxw/ilp32\libg_nano.a(lib_a-wsetup.o)
                0x000000000000b9d8                __swsetup_r
 .text.__sflush_r
                0x000000000000bad6      0x132 c:/mounriver/mounriver_studio/toolchain/risc-v embedded gcc/bin/../lib/gcc/riscv-none-embed/8.2.0/../../../../riscv-none-embed/lib/rv32imacxw/ilp32\libg_nano.a(lib_a-fflush.o)
                0x000000000000bad6                __sflush_r
 .text._fflush_r
                0x000000000000bc08       0x66 c:/mounriver/mounriver_studio/toolchain/risc-v embedded gcc/bin/../lib/gcc/riscv-none-embed/8.2.0/../../../../riscv-none-embed/lib/rv32imacxw/ilp32\libg_nano.a(lib_a-fflush.o)
                0x000000000000bc08                _fflush_r
 .text.std      0x000000000000bc6e       0x66 c:/mounriver/mounriver_studio/toolchain/risc-v embedded gcc/bin/../lib/gcc/riscv-none-embed/8.2.0/../../../../riscv-none-embed/lib/rv32imacxw/ilp32\libg_nano.a(lib_a-findfp.o)
 .text._cleanup_r
                0x000000000000bcd4        0xa c:/mounriver/mounriver_studio/toolchain/risc-v embedded gcc/bin/../lib/gcc/riscv-none-embed/8.2.0/../../../../riscv-none-embed/lib/rv32imacxw/ilp32\libg_nano.a(lib_a-findfp.o)
                0x000000000000bcd4                _cleanup_r
 .text.__sfmoreglue
                0x000000000000bcde       0x48 c:/mounriver/mounriver_studio/toolchain/risc-v embedded gcc/bin/../lib/gcc/riscv-none-embed/8.2.0/../../../../riscv-none-embed/lib/rv32imacxw/ilp32\libg_nano.a(lib_a-findfp.o)
                0x000000000000bcde                __sfmoreglue
 .text.__sinit  0x000000000000bd26       0x6c c:/mounriver/mounriver_studio/toolchain/risc-v embedded gcc/bin/../lib/gcc/riscv-none-embed/8.2.0/../../../../riscv-none-embed/lib/rv32imacxw/ilp32\libg_nano.a(lib_a-findfp.o)
                0x000000000000bd26                __sinit
 .text.__sfp    0x000000000000bd92       0xa0 c:/mounriver/mounriver_studio/toolchain/risc-v embedded gcc/bin/../lib/gcc/riscv-none-embed/8.2.0/../../../../riscv-none-embed/lib/rv32imacxw/ilp32\libg_nano.a(lib_a-findfp.o)
                0x000000000000bd92                __sfp
 .text._fwalk_reent
                0x000000000000be32       0x6a c:/mounriver/mounriver_studio/toolchain/risc-v embedded gcc/bin/../lib/gcc/riscv-none-embed/8.2.0/../../../../riscv-none-embed/lib/rv32imacxw/ilp32\libg_nano.a(lib_a-fwalk.o)
                0x000000000000be32                _fwalk_reent
 .text.__swhatbuf_r
                0x000000000000be9c       0x58 c:/mounriver/mounriver_studio/toolchain/risc-v embedded gcc/bin/../lib/gcc/riscv-none-embed/8.2.0/../../../../riscv-none-embed/lib/rv32imacxw/ilp32\libg_nano.a(lib_a-makebuf.o)
                0x000000000000be9c                __swhatbuf_r
 .text.__smakebuf_r
                0x000000000000bef4       0x94 c:/mounriver/mounriver_studio/toolchain/risc-v embedded gcc/bin/../lib/gcc/riscv-none-embed/8.2.0/../../../../riscv-none-embed/lib/rv32imacxw/ilp32\libg_nano.a(lib_a-makebuf.o)
                0x000000000000bef4                __smakebuf_r
 .text.__malloc_lock
                0x000000000000bf88        0x2 c:/mounriver/mounriver_studio/toolchain/risc-v embedded gcc/bin/../lib/gcc/riscv-none-embed/8.2.0/../../../../riscv-none-embed/lib/rv32imacxw/ilp32\libg_nano.a(lib_a-mlock.o)
                0x000000000000bf88                __malloc_lock
 .text.__malloc_unlock
                0x000000000000bf8a        0x2 c:/mounriver/mounriver_studio/toolchain/risc-v embedded gcc/bin/../lib/gcc/riscv-none-embed/8.2.0/../../../../riscv-none-embed/lib/rv32imacxw/ilp32\libg_nano.a(lib_a-mlock.o)
                0x000000000000bf8a                __malloc_unlock
 .text.__sfputc_r
                0x000000000000bf8c       0x28 c:/mounriver/mounriver_studio/toolchain/risc-v embedded gcc/bin/../lib/gcc/riscv-none-embed/8.2.0/../../../../riscv-none-embed/lib/rv32imacxw/ilp32\libg_nano.a(lib_a-nano-vfprintf.o)
 .text.__sfputs_r
                0x000000000000bfb4       0x42 c:/mounriver/mounriver_studio/toolchain/risc-v embedded gcc/bin/../lib/gcc/riscv-none-embed/8.2.0/../../../../riscv-none-embed/lib/rv32imacxw/ilp32\libg_nano.a(lib_a-nano-vfprintf.o)
                0x000000000000bfb4                __sfputs_r
 .text._vfprintf_r
                0x000000000000bff6      0x288 c:/mounriver/mounriver_studio/toolchain/risc-v embedded gcc/bin/../lib/gcc/riscv-none-embed/8.2.0/../../../../riscv-none-embed/lib/rv32imacxw/ilp32\libg_nano.a(lib_a-nano-vfprintf.o)
                0x000000000000bff6                _vfprintf_r
                0x000000000000bff6                _vfiprintf_r
 .text._printf_common
                0x000000000000c27e      0x10c c:/mounriver/mounriver_studio/toolchain/risc-v embedded gcc/bin/../lib/gcc/riscv-none-embed/8.2.0/../../../../riscv-none-embed/lib/rv32imacxw/ilp32\libg_nano.a(lib_a-nano-vfprintf_i.o)
                0x000000000000c27e                _printf_common
 .text._printf_i
                0x000000000000c38a      0x2a2 c:/mounriver/mounriver_studio/toolchain/risc-v embedded gcc/bin/../lib/gcc/riscv-none-embed/8.2.0/../../../../riscv-none-embed/lib/rv32imacxw/ilp32\libg_nano.a(lib_a-nano-vfprintf_i.o)
                0x000000000000c38a                _printf_i
 .text.__sread  0x000000000000c62c       0x2c c:/mounriver/mounriver_studio/toolchain/risc-v embedded gcc/bin/../lib/gcc/riscv-none-embed/8.2.0/../../../../riscv-none-embed/lib/rv32imacxw/ilp32\libg_nano.a(lib_a-stdio.o)
                0x000000000000c62c                __sread
 .text.__swrite
                0x000000000000c658       0x48 c:/mounriver/mounriver_studio/toolchain/risc-v embedded gcc/bin/../lib/gcc/riscv-none-embed/8.2.0/../../../../riscv-none-embed/lib/rv32imacxw/ilp32\libg_nano.a(lib_a-stdio.o)
                0x000000000000c658                __swrite
 .text.__sseek  0x000000000000c6a0       0x30 c:/mounriver/mounriver_studio/toolchain/risc-v embedded gcc/bin/../lib/gcc/riscv-none-embed/8.2.0/../../../../riscv-none-embed/lib/rv32imacxw/ilp32\libg_nano.a(lib_a-stdio.o)
                0x000000000000c6a0                __sseek
 .text.__sclose
                0x000000000000c6d0        0x6 c:/mounriver/mounriver_studio/toolchain/risc-v embedded gcc/bin/../lib/gcc/riscv-none-embed/8.2.0/../../../../riscv-none-embed/lib/rv32imacxw/ilp32\libg_nano.a(lib_a-stdio.o)
                0x000000000000c6d0                __sclose
 .text._write_r
                0x000000000000c6d6       0x36 c:/mounriver/mounriver_studio/toolchain/risc-v embedded gcc/bin/../lib/gcc/riscv-none-embed/8.2.0/../../../../riscv-none-embed/lib/rv32imacxw/ilp32\libg_nano.a(lib_a-writer.o)
                0x000000000000c6d6                _write_r
 .text._close_r
                0x000000000000c70c       0x30 c:/mounriver/mounriver_studio/toolchain/risc-v embedded gcc/bin/../lib/gcc/riscv-none-embed/8.2.0/../../../../riscv-none-embed/lib/rv32imacxw/ilp32\libg_nano.a(lib_a-closer.o)
                0x000000000000c70c                _close_r
 .text._fstat_r
                0x000000000000c73c       0x32 c:/mounriver/mounriver_studio/toolchain/risc-v embedded gcc/bin/../lib/gcc/riscv-none-embed/8.2.0/../../../../riscv-none-embed/lib/rv32imacxw/ilp32\libg_nano.a(lib_a-fstatr.o)
                0x000000000000c73c                _fstat_r
 .text._isatty_r
                0x000000000000c76e       0x30 c:/mounriver/mounriver_studio/toolchain/risc-v embedded gcc/bin/../lib/gcc/riscv-none-embed/8.2.0/../../../../riscv-none-embed/lib/rv32imacxw/ilp32\libg_nano.a(lib_a-isattyr.o)
                0x000000000000c76e                _isatty_r
 .text._lseek_r
                0x000000000000c79e       0x34 c:/mounriver/mounriver_studio/toolchain/risc-v embedded gcc/bin/../lib/gcc/riscv-none-embed/8.2.0/../../../../riscv-none-embed/lib/rv32imacxw/ilp32\libg_nano.a(lib_a-lseekr.o)
                0x000000000000c79e                _lseek_r
 .text.memchr   0x000000000000c7d2       0x18 c:/mounriver/mounriver_studio/toolchain/risc-v embedded gcc/bin/../lib/gcc/riscv-none-embed/8.2.0/../../../../riscv-none-embed/lib/rv32imacxw/ilp32\libg_nano.a(lib_a-memchr.o)
                0x000000000000c7d2                memchr
 .text._read_r  0x000000000000c7ea       0x34 c:/mounriver/mounriver_studio/toolchain/risc-v embedded gcc/bin/../lib/gcc/riscv-none-embed/8.2.0/../../../../riscv-none-embed/lib/rv32imacxw/ilp32\libg_nano.a(lib_a-readr.o)
                0x000000000000c7ea                _read_r
 .text._close   0x000000000000c81e       0x10 c:/mounriver/mounriver_studio/toolchain/risc-v embedded gcc/bin/../lib/gcc/riscv-none-embed/8.2.0/../../../../riscv-none-embed/lib/rv32imacxw/ilp32\libnosys.a(close.o)
                0x000000000000c81e                _close
 .text._fstat   0x000000000000c82e       0x10 c:/mounriver/mounriver_studio/toolchain/risc-v embedded gcc/bin/../lib/gcc/riscv-none-embed/8.2.0/../../../../riscv-none-embed/lib/rv32imacxw/ilp32\libnosys.a(fstat.o)
                0x000000000000c82e                _fstat
 .text._isatty  0x000000000000c83e       0x10 c:/mounriver/mounriver_studio/toolchain/risc-v embedded gcc/bin/../lib/gcc/riscv-none-embed/8.2.0/../../../../riscv-none-embed/lib/rv32imacxw/ilp32\libnosys.a(isatty.o)
                0x000000000000c83e                _isatty
 .text._lseek   0x000000000000c84e       0x10 c:/mounriver/mounriver_studio/toolchain/risc-v embedded gcc/bin/../lib/gcc/riscv-none-embed/8.2.0/../../../../riscv-none-embed/lib/rv32imacxw/ilp32\libnosys.a(lseek.o)
                0x000000000000c84e                _lseek
 .text._read    0x000000000000c85e       0x10 c:/mounriver/mounriver_studio/toolchain/risc-v embedded gcc/bin/../lib/gcc/riscv-none-embed/8.2.0/../../../../riscv-none-embed/lib/rv32imacxw/ilp32\libnosys.a(read.o)
                0x000000000000c85e                _read
 *(.rodata)
 *(.rodata*)
 *fill*         0x000000000000c86e        0x2 
 .rodata.bitrate_table
                0x000000000000c870       0x10 ./User/DataModel.o
 .rodata.vIncrementSystemCounters.cst4
                0x000000000000c880        0x8 ./User/DataModel.o
 .rodata.HardFault_Handler.str1.4
                0x000000000000c888       0x42 ./User/ch32v20x_it.o
 *fill*         0x000000000000c8ca        0x2 
 .rodata.getODValue
                0x000000000000c8cc       0x74 ./User/dash_draw.o
 .rodata.MenuStateCross
                0x000000000000c940       0x1c ./User/dash_draw.o
 .rodata.dm     0x000000000000c95c       0x3f ./User/dash_draw.o
 *fill*         0x000000000000c99b        0x1 
 .rodata.getODValue.cst4
                0x000000000000c99c        0x4 ./User/dash_draw.o
                                          0x8 (size before relaxing)
 .rodata.vBarColorMode.cst4
                0x000000000000c9a0        0x4 ./User/dash_draw.o
 .rodata.ADC_FSM.cst4
                0x000000000000c9a4       0x18 ./User/inputs.o
                                         0x1c (size before relaxing)
 .rodata.vInputsTask.cst4
                0x000000000000c9bc        0xc ./User/inputs.o
 .rodata.vInputsTask.str1.4
                0x000000000000c9c8       0x11 ./User/inputs.o
 *fill*         0x000000000000c9d9        0x3 
 .rodata.SetSegDirect
                0x000000000000c9dc       0x1c ./User/led.o
 .rodata.Brigth
                0x000000000000c9f8       0x1e ./User/led.o
 *fill*         0x000000000000ca16        0x2 
 .rodata.DigitMask
                0x000000000000ca18        0xa ./User/led.o
                0x000000000000ca18                DigitMask
 *fill*         0x000000000000ca22        0x2 
 .rodata.offset_mask
                0x000000000000ca24        0xe ./User/led.o
 *fill*         0x000000000000ca32        0x2 
 .rodata.step_mask
                0x000000000000ca34        0xe ./User/led.o
 *fill*         0x000000000000ca42        0x2 
 .rodata.OD_ADC1_CAL_extension
                0x000000000000ca44       0x10 ./User/process.o
                0x000000000000ca44                OD_ADC1_CAL_extension
 .rodata.OD_ADC2_CAL_extension
                0x000000000000ca54       0x10 ./User/process.o
                0x000000000000ca54                OD_ADC2_CAL_extension
 .rodata.OD_ADC3_CAL_extension
                0x000000000000ca64       0x10 ./User/process.o
                0x000000000000ca64                OD_ADC3_CAL_extension
 .rodata.OD_AIN_RPM_extension
                0x000000000000ca74       0x10 ./User/process.o
                0x000000000000ca74                OD_AIN_RPM_extension
 .rodata.OD_BAR_extension
                0x000000000000ca84       0x10 ./User/process.o
                0x000000000000ca84                OD_BAR_extension
 .rodata.OD_BOARD_SETTINGS_extension
                0x000000000000ca94       0x10 ./User/process.o
                0x000000000000ca94                OD_BOARD_SETTINGS_extension
 .rodata.OD_DASH_PARAM_extension
                0x000000000000caa4       0x10 ./User/process.o
                0x000000000000caa4                OD_DASH_PARAM_extension
 .rodata.OD_DIN_extension
                0x000000000000cab4       0x10 ./User/process.o
                0x000000000000cab4                OD_DIN_extension
 .rodata.OD_KEY_extension
                0x000000000000cac4       0x10 ./User/process.o
                0x000000000000cac4                OD_KEY_extension
 .rodata.OD_MENU_MAP_extension
                0x000000000000cad4       0x10 ./User/process.o
                0x000000000000cad4                OD_MENU_MAP_extension
 .rodata.OD_MENU_SETUP_extension
                0x000000000000cae4       0x10 ./User/process.o
                0x000000000000cae4                OD_MENU_SETUP_extension
 .rodata.OD_RGB10_extension
                0x000000000000caf4       0x10 ./User/process.o
                0x000000000000caf4                OD_RGB10_extension
 .rodata.OD_RGB11_extension
                0x000000000000cb04       0x10 ./User/process.o
                0x000000000000cb04                OD_RGB11_extension
 .rodata.OD_RGB12_extension
                0x000000000000cb14       0x10 ./User/process.o
                0x000000000000cb14                OD_RGB12_extension
 .rodata.OD_RGB13_extension
                0x000000000000cb24       0x10 ./User/process.o
                0x000000000000cb24                OD_RGB13_extension
 .rodata.OD_RGB1_extension
                0x000000000000cb34       0x10 ./User/process.o
                0x000000000000cb34                OD_RGB1_extension
 .rodata.OD_RGB2_extension
                0x000000000000cb44       0x10 ./User/process.o
                0x000000000000cb44                OD_RGB2_extension
 .rodata.OD_RGB3_extension
                0x000000000000cb54       0x10 ./User/process.o
                0x000000000000cb54                OD_RGB3_extension
 .rodata.OD_RGB4_extension
                0x000000000000cb64       0x10 ./User/process.o
                0x000000000000cb64                OD_RGB4_extension
 .rodata.OD_RGB5_extension
                0x000000000000cb74       0x10 ./User/process.o
                0x000000000000cb74                OD_RGB5_extension
 .rodata.OD_RGB6_extension
                0x000000000000cb84       0x10 ./User/process.o
                0x000000000000cb84                OD_RGB6_extension
 .rodata.OD_RGB7_extension
                0x000000000000cb94       0x10 ./User/process.o
                0x000000000000cb94                OD_RGB7_extension
 .rodata.OD_RGB8_extension
                0x000000000000cba4       0x10 ./User/process.o
                0x000000000000cba4                OD_RGB8_extension
 .rodata.OD_RGB9_extension
                0x000000000000cbb4       0x10 ./User/process.o
                0x000000000000cbb4                OD_RGB9_extension
 .rodata.OD_RGBMAP_extension
                0x000000000000cbc4       0x10 ./User/process.o
                0x000000000000cbc4                OD_RGBMAP_extension
 .rodata.OD_RPMCONFIG_extension
                0x000000000000cbd4       0x10 ./User/process.o
                0x000000000000cbd4                OD_RPMCONFIG_extension
 .rodata.OD_SEG_extension
                0x000000000000cbe4       0x10 ./User/process.o
                0x000000000000cbe4                OD_SEG_extension
 .rodata.OD_VRegiters_extension
                0x000000000000cbf4       0x10 ./User/process.o
                0x000000000000cbf4                OD_VRegiters_extension
 .rodata.writeADC.isra.9.cst4
                0x000000000000cc04        0x4 ./User/process.o
 .rodata.StartDefaultTask.str1.4
                0x000000000000cc04        0x7 ./User/system_init.o
 *fill*         0x000000000000cc0b        0x1 
 .rodata.str1.4
                0x000000000000cc0c       0x44 ./User/system_init.o
 .rodata.vInitABFilter.cst4
                0x000000000000cc50        0x4 ./HAL_LIB/filters.o
 .rodata.GetRPM.cst4
                0x000000000000cc54        0x4 ./HAL_LIB/hw_lib_din.o
 .rodata.vSetRPMConfig.cst4
                0x000000000000cc58        0x4 ./HAL_LIB/hw_lib_din.o
 .rodata.I2C_FSM
                0x000000000000cc5c       0x30 ./HAL_LIB/hw_lib_eeprom_i2c.o
 .rodata.ADC_chennel_ref
                0x000000000000cc8c       0x12 ./HAL/hal_adc_ch32.o
 *fill*         0x000000000000cc9e        0x2 
 .rodata.timers
                0x000000000000cca0       0x14 ./HAL/hal_timers_ch32.o
 .rodata.pvPortMalloc.str1.4
                0x000000000000ccb4       0x49 ./FreeRTOS/portable/MemMang/heap_4.o
 *fill*         0x000000000000ccfd        0x3 
 .rodata.xPortStartScheduler.str1.4
                0x000000000000cd00       0x27 ./FreeRTOS/portable/GCC/RISC-V/port.o
                                         0x49 (size before relaxing)
 *fill*         0x000000000000cd27        0x1 
 .rodata.xQueueGenericReset.str1.4
                0x000000000000cd28       0x14 ./FreeRTOS/queue.o
                                         0x35 (size before relaxing)
 .rodata.xTaskGenericNotifyFromISR
                0x000000000000cd3c       0x14 ./FreeRTOS/tasks.o
 .rodata.prvTaskIsTaskSuspended.str1.4