Archive member included to satisfy reference by file (symbol)

c:/mounriver/mounriver_studio/toolchain/risc-v embedded gcc/bin/../lib/gcc/riscv-none-embed/8.2.0/rv32imacxw/ilp32\libgcc.a(addsf3.o)
                              ./User/DataModel.o (__addsf3)
c:/mounriver/mounriver_studio/toolchain/risc-v embedded gcc/bin/../lib/gcc/riscv-none-embed/8.2.0/rv32imacxw/ilp32\libgcc.a(divsf3.o)
                              ./User/DataModel.o (__divsf3)
c:/mounriver/mounriver_studio/toolchain/risc-v embedded gcc/bin/../lib/gcc/riscv-none-embed/8.2.0/rv32imacxw/ilp32\libgcc.a(eqsf2.o)
                              ./HWLIB/hw_lib_din.o (__nesf2)
c:/mounriver/mounriver_studio/toolchain/risc-v embedded gcc/bin/../lib/gcc/riscv-none-embed/8.2.0/rv32imacxw/ilp32\libgcc.a(gesf2.o)
                              ./User/inputs.o (__gesf2)
c:/mounriver/mounriver_studio/toolchain/risc-v embedded gcc/bin/../lib/gcc/riscv-none-embed/8.2.0/rv32imacxw/ilp32\libgcc.a(lesf2.o)
                              ./HWLIB/hw_lib_adc.o (__lesf2)
c:/mounriver/mounriver_studio/toolchain/risc-v embedded gcc/bin/../lib/gcc/riscv-none-embed/8.2.0/rv32imacxw/ilp32\libgcc.a(mulsf3.o)
                              ./User/dash_draw.o (__mulsf3)
c:/mounriver/mounriver_studio/toolchain/risc-v embedded gcc/bin/../lib/gcc/riscv-none-embed/8.2.0/rv32imacxw/ilp32\libgcc.a(subsf3.o)
                              ./User/inputs.o (__subsf3)
c:/mounriver/mounriver_studio/toolchain/risc-v embedded gcc/bin/../lib/gcc/riscv-none-embed/8.2.0/rv32imacxw/ilp32\libgcc.a(fixsfsi.o)
                              ./User/dash_draw.o (__fixsfsi)
c:/mounriver/mounriver_studio/toolchain/risc-v embedded gcc/bin/../lib/gcc/riscv-none-embed/8.2.0/rv32imacxw/ilp32\libgcc.a(fixunssfsi.o)
                              ./User/DataModel.o (__fixunssfsi)
c:/mounriver/mounriver_studio/toolchain/risc-v embedded gcc/bin/../lib/gcc/riscv-none-embed/8.2.0/rv32imacxw/ilp32\libgcc.a(floatsisf.o)
                              ./User/DataModel.o (__floatsisf)
c:/mounriver/mounriver_studio/toolchain/risc-v embedded gcc/bin/../lib/gcc/riscv-none-embed/8.2.0/rv32imacxw/ilp32\libgcc.a(floatunsisf.o)
                              ./User/DataModel.o (__floatunsisf)
c:/mounriver/mounriver_studio/toolchain/risc-v embedded gcc/bin/../lib/gcc/riscv-none-embed/8.2.0/rv32imacxw/ilp32\libgcc.a(save-restore.o)
                              ./User/inputs.o (__riscv_save_12)
c:/mounriver/mounriver_studio/toolchain/risc-v embedded gcc/bin/../lib/gcc/riscv-none-embed/8.2.0/rv32imacxw/ilp32\libgcc.a(_clzsi2.o)
                              c:/mounriver/mounriver_studio/toolchain/risc-v embedded gcc/bin/../lib/gcc/riscv-none-embed/8.2.0/rv32imacxw/ilp32\libgcc.a(addsf3.o) (__clzsi2)
c:/mounriver/mounriver_studio/toolchain/risc-v embedded gcc/bin/../lib/gcc/riscv-none-embed/8.2.0/rv32imacxw/ilp32\libgcc.a(_clz.o)
                              c:/mounriver/mounriver_studio/toolchain/risc-v embedded gcc/bin/../lib/gcc/riscv-none-embed/8.2.0/rv32imacxw/ilp32\libgcc.a(_clzsi2.o) (__clz_tab)
c:/mounriver/mounriver_studio/toolchain/risc-v embedded gcc/bin/../lib/gcc/riscv-none-embed/8.2.0/../../../../riscv-none-embed/lib/rv32imacxw/ilp32\libg_nano.a(lib_a-calloc.o)
                              ./CANopenNode/CANopen.o (calloc)
c:/mounriver/mounriver_studio/toolchain/risc-v embedded gcc/bin/../lib/gcc/riscv-none-embed/8.2.0/../../../../riscv-none-embed/lib/rv32imacxw/ilp32\libg_nano.a(lib_a-impure.o)
                              c:/mounriver/mounriver_studio/toolchain/risc-v embedded gcc/bin/../lib/gcc/riscv-none-embed/8.2.0/../../../../riscv-none-embed/lib/rv32imacxw/ilp32\libg_nano.a(lib_a-calloc.o) (_impure_ptr)
c:/mounriver/mounriver_studio/toolchain/risc-v embedded gcc/bin/../lib/gcc/riscv-none-embed/8.2.0/../../../../riscv-none-embed/lib/rv32imacxw/ilp32\libg_nano.a(lib_a-malloc.o)
                              ./CANopenNode/CANopen.o (free)
c:/mounriver/mounriver_studio/toolchain/risc-v embedded gcc/bin/../lib/gcc/riscv-none-embed/8.2.0/../../../../riscv-none-embed/lib/rv32imacxw/ilp32\libg_nano.a(lib_a-memcpy.o)
                              ./User/DataModel.o (memcpy)
c:/mounriver/mounriver_studio/toolchain/risc-v embedded gcc/bin/../lib/gcc/riscv-none-embed/8.2.0/../../../../riscv-none-embed/lib/rv32imacxw/ilp32\libg_nano.a(lib_a-memmove.o)
                              ./CANopenNode/301/CO_SDOserver.o (memmove)
c:/mounriver/mounriver_studio/toolchain/risc-v embedded gcc/bin/../lib/gcc/riscv-none-embed/8.2.0/../../../../riscv-none-embed/lib/rv32imacxw/ilp32\libg_nano.a(lib_a-memset.o)
                              ./User/DataModel.o (memset)
c:/mounriver/mounriver_studio/toolchain/risc-v embedded gcc/bin/../lib/gcc/riscv-none-embed/8.2.0/../../../../riscv-none-embed/lib/rv32imacxw/ilp32\libg_nano.a(lib_a-nano-callocr.o)
[...]
Memory Configuration

Name             Origin             Length             Attributes
FLASH            0x0000000000000000 0x0000000000010000 xr
RAM              0x0000000020000000 0x0000000000005000 xrw
*default*        0x0000000000000000 0xffffffffffffffff

Linker script and memory map

LOAD ./User/CanOpenNode.o
LOAD ./User/DataModel.o
LOAD ./User/ch32v20x_it.o
LOAD ./User/dash_draw.o
LOAD ./User/init.o
LOAD ./User/inputs.o
LOAD ./User/led.o
LOAD ./User/main.o
LOAD ./User/process.o
LOAD ./User/system_ch32v20x.o
LOAD ./User/system_init.o
LOAD ./Startup/startup_ch32v20x_D6.o
LOAD ./Peripheral/src/ch32v20x_adc.o
LOAD ./Peripheral/src/ch32v20x_bkp.o
LOAD ./Peripheral/src/ch32v20x_can.o
LOAD ./Peripheral/src/ch32v20x_crc.o
LOAD ./Peripheral/src/ch32v20x_dbgmcu.o
LOAD ./Peripheral/src/ch32v20x_dma.o
LOAD ./Peripheral/src/ch32v20x_exti.o
LOAD ./Peripheral/src/ch32v20x_flash.o
LOAD ./Peripheral/src/ch32v20x_gpio.o
LOAD ./Peripheral/src/ch32v20x_i2c.o
LOAD ./Peripheral/src/ch32v20x_iwdg.o
LOAD ./Peripheral/src/ch32v20x_misc.o
LOAD ./Peripheral/src/ch32v20x_opa.o
LOAD ./Peripheral/src/ch32v20x_pwr.o
LOAD ./Peripheral/src/ch32v20x_rcc.o
LOAD ./Peripheral/src/ch32v20x_rtc.o
LOAD ./Peripheral/src/ch32v20x_spi.o
LOAD ./Peripheral/src/ch32v20x_tim.o
LOAD ./Peripheral/src/ch32v20x_usart.o
LOAD ./Peripheral/src/ch32v20x_wwdg.o
LOAD ./HWLIB/hw_lib_adc.o
LOAD ./HWLIB/hw_lib_din.o
LOAD ./HWLIB/hw_lib_eeprom.o
LOAD ./HAL/hal_adc_ch32.o
LOAD ./HAL/hal_can_ch32.o
LOAD ./HAL/hal_dma.o
LOAD ./HAL/hal_gpio.o
LOAD ./HAL/hal_i2c.o
LOAD ./HAL/hal_irq.o
LOAD ./HAL/hal_rtc.o
LOAD ./HAL/hal_spi_ch32.o
LOAD ./HAL/hal_timers.o
LOAD ./HAL/hal_wdt_ch32.o
LOAD ./FreeRTOS/portable/MemMang/heap_4.o
LOAD ./FreeRTOS/portable/GCC/RISC-V/port.o
LOAD ./FreeRTOS/portable/GCC/RISC-V/portASM.o
LOAD ./FreeRTOS/croutine.o
LOAD ./FreeRTOS/event_groups.o
LOAD ./FreeRTOS/list.o
LOAD ./FreeRTOS/queue.o
LOAD ./FreeRTOS/stream_buffer.o
LOAD ./FreeRTOS/tasks.o
LOAD ./FreeRTOS/timers.o
LOAD ./Drivers/filters.o
LOAD ./Debug/debug.o
LOAD ./Core/core_riscv.o
LOAD ./CANopenNode/keypad/CO_driver_ST32F103.o
LOAD ./CANopenNode/keypad/OD.o
LOAD ./CANopenNode/extra/CO_trace.o
LOAD ./CANopenNode/309/CO_gateway_ascii.o
LOAD ./CANopenNode/305/CO_LSSmaster.o
LOAD ./CANopenNode/305/CO_LSSslave.o
LOAD ./CANopenNode/304/CO_GFC.o
LOAD ./CANopenNode/304/CO_SRDO.o
LOAD ./CANopenNode/303/CO_LEDs.o
LOAD ./CANopenNode/301/CO_Emergency.o
LOAD ./CANopenNode/301/CO_HBconsumer.o
LOAD ./CANopenNode/301/CO_NMT_Heartbeat.o
LOAD ./CANopenNode/301/CO_Node_Guarding.o
LOAD ./CANopenNode/301/CO_ODinterface.o
LOAD ./CANopenNode/301/CO_PDO.o
LOAD ./CANopenNode/301/CO_SDOclient.o
LOAD ./CANopenNode/301/CO_SDOserver.o
LOAD ./CANopenNode/301/CO_SYNC.o
LOAD ./CANopenNode/301/CO_TIME.o
LOAD ./CANopenNode/301/CO_fifo.o
LOAD ./CANopenNode/301/crc16-ccitt.o
LOAD ./CANopenNode/CANopen.o
LOAD c:/mounriver/mounriver_studio/toolchain/risc-v embedded gcc/bin/../lib/gcc/riscv-none-embed/8.2.0/../../../../riscv-none-embed/lib/rv32imacxw/ilp32\libm.a
LOAD c:/mounriver/mounriver_studio/toolchain/risc-v embedded gcc/bin/../lib/gcc/riscv-none-embed/8.2.0/rv32imacxw/ilp32\libgcc.a
LOAD c:/mounriver/mounriver_studio/toolchain/risc-v embedded gcc/bin/../lib/gcc/riscv-none-embed/8.2.0/../../../../riscv-none-embed/lib/rv32imacxw/ilp32\libg_nano.a
LOAD c:/mounriver/mounriver_studio/toolchain/risc-v embedded gcc/bin/../lib/gcc/riscv-none-embed/8.2.0/../../../../riscv-none-embed/lib/rv32imacxw/ilp32\libc_nano.a
LOAD c:/mounriver/mounriver_studio/toolchain/risc-v embedded gcc/bin/../lib/gcc/riscv-none-embed/8.2.0/rv32imacxw/ilp32\libgcc.a
START GROUP
LOAD c:/mounriver/mounriver_studio/toolchain/risc-v embedded gcc/bin/../lib/gcc/riscv-none-embed/8.2.0/rv32imacxw/ilp32\libgcc.a
LOAD c:/mounriver/mounriver_studio/toolchain/risc-v embedded gcc/bin/../lib/gcc/riscv-none-embed/8.2.0/../../../../riscv-none-embed/lib/rv32imacxw/ilp32\libc_nano.a
LOAD c:/mounriver/mounriver_studio/toolchain/risc-v embedded gcc/bin/../lib/gcc/riscv-none-embed/8.2.0/../../../../riscv-none-embed/lib/rv32imacxw/ilp32\libnosys.a
END GROUP
START GROUP
LOAD c:/mounriver/mounriver_studio/toolchain/risc-v embedded gcc/bin/../lib/gcc/riscv-none-embed/8.2.0/rv32imacxw/ilp32\libgcc.a
LOAD c:/mounriver/mounriver_studio/toolchain/risc-v embedded gcc/bin/../lib/gcc/riscv-none-embed/8.2.0/../../../../riscv-none-embed/lib/rv32imacxw/ilp32\libc_nano.a
LOAD c:/mounriver/mounriver_studio/toolchain/risc-v embedded gcc/bin/../lib/gcc/riscv-none-embed/8.2.0/../../../../riscv-none-embed/lib/rv32imacxw/ilp32\libnosys.a
END GROUP
                0x0000000000000be8                __stack_size = 0xbe8
                [!provide]                        PROVIDE (_stack_size = __stack_size)

.init           0x0000000000000000       0x38
                0x0000000000000000                _sinit = .
                0x0000000000000000                . = ALIGN (0x4)
 *(SORT_NONE(.init))
 .init          0x0000000000000000       0x38 ./Startup/startup_ch32v20x_D6.o
                0x0000000000000000                _start
                0x0000000000000038                . = ALIGN (0x4)
                0x0000000000000038                _einit = .

.vector         0x0000000000000038      0x108
 *(.vector)
 .vector        0x0000000000000038       0xfc ./Startup/startup_ch32v20x_D6.o
                0x0000000000000140                . = ALIGN (0x40)
 *fill*         0x0000000000000134        0xc 

.text           0x0000000000000200     0xd9c8
                0x0000000000000200                . = ALIGN (0x4)
 *(.text)
 .text          0x0000000000000200      0x2ee ./FreeRTOS/portable/GCC/RISC-V/portASM.o
                0x0000000000000200                SW_Handler
                0x0000000000000300                xPortStartFirstTask
                0x0000000000000400                pxPortInitialiseStack
 .text          0x00000000000004ee       0x60 c:/mounriver/mounriver_studio/toolchain/risc-v embedded gcc/bin/../lib/gcc/riscv-none-embed/8.2.0/rv32imacxw/ilp32\libgcc.a(save-restore.o)
                0x00000000000004ee                __riscv_save_12
                0x00000000000004f6                __riscv_save_9
                0x00000000000004f6                __riscv_save_11
                0x00000000000004f6                __riscv_save_10
                0x00000000000004f6                __riscv_save_8
                0x0000000000000504                __riscv_save_4
                0x0000000000000504                __riscv_save_6
                0x0000000000000504                __riscv_save_5
                0x0000000000000504                __riscv_save_7
                0x000000000000051e                __riscv_save_3
                0x000000000000051e                __riscv_save_2
                0x000000000000051e                __riscv_save_1
                0x000000000000051e                __riscv_save_0
                0x000000000000052a                __riscv_restore_12
                0x000000000000052e                __riscv_restore_11
                0x000000000000052e                __riscv_restore_9
                0x000000000000052e                __riscv_restore_10
                0x000000000000052e                __riscv_restore_8
                0x0000000000000538                __riscv_restore_5
                0x0000000000000538                __riscv_restore_7
                0x0000000000000538                __riscv_restore_6
                0x0000000000000538                __riscv_restore_4
                0x0000000000000542                __riscv_restore_3
                0x0000000000000542                __riscv_restore_0
                0x0000000000000542                __riscv_restore_2
                0x0000000000000542                __riscv_restore_1
 .text          0x000000000000054e       0xa8 c:/mounriver/mounriver_studio/toolchain/risc-v embedded gcc/bin/../lib/gcc/riscv-none-embed/8.2.0/../../../../riscv-none-embed/lib/rv32imacxw/ilp32\libg_nano.a(lib_a-memset.o)
                0x000000000000054e                memset
 *(.text.*)
 .text.xCanOpenProcessTaskHandle
                0x00000000000005f6        0xa ./User/CanOpenNode.o
                0x00000000000005f6                xCanOpenProcessTaskHandle
 .text.xCanOpenPeriodicTaskHandle
                0x0000000000000600        0xa ./User/CanOpenNode.o
                0x0000000000000600                xCanOpenPeriodicTaskHandle
 .text.vCanOpenInit
                0x000000000000060a        0xa ./User/CanOpenNode.o
                0x000000000000060a                vCanOpenInit
 .text.vCanOpenProcess
                0x0000000000000614      0x192 ./User/CanOpenNode.o
                0x0000000000000614                vCanOpenProcess
 .text.vCanOpenPeriodicProcess
                0x00000000000007a6       0x82 ./User/CanOpenNode.o
                0x00000000000007a6                vCanOpenPeriodicProcess
 .text.xDataRegQueue
                0x0000000000000828        0xa ./User/DataModel.o
                0x0000000000000828                xDataRegQueue
 .text.vDataModelRegDelayWrite
                0x0000000000000832       0x34 ./User/DataModel.o
                0x0000000000000832                vDataModelRegDelayWrite
 .text.setReg32
                0x0000000000000866       0x1a ./User/DataModel.o
                0x0000000000000866                setReg32
 .text.setReg16
                0x0000000000000880        0xe ./User/DataModel.o
                0x0000000000000880                setReg16
 .text.setReg8  0x000000000000088e        0xa ./User/DataModel.o
                0x000000000000088e                setReg8
 .text.SaveReg16
                0x0000000000000898       0x14 ./User/DataModel.o
                0x0000000000000898                SaveReg16
 .text.getReg16
                0x00000000000008ac       0x10 ./User/DataModel.o
                0x00000000000008ac                getReg16
 .text.getReg32
                0x00000000000008bc       0x1c ./User/DataModel.o
                0x00000000000008bc                getReg32
 .text.DataModel_Init
                0x00000000000008d8      0x3c2 ./User/DataModel.o
                0x00000000000008d8                DataModel_Init
 .text.getReg8  0x0000000000000c9a        0xa ./User/DataModel.o
                0x0000000000000c9a                getReg8
 .text.WriteRegAfterDelay
                0x0000000000000ca4       0x60 ./User/DataModel.o
                0x0000000000000ca4                WriteRegAfterDelay
 .text.WriteReg
                0x0000000000000d04       0x56 ./User/DataModel.o
                0x0000000000000d04                WriteReg
 .text.vGetBitrate
                0x0000000000000d5a       0x2a ./User/DataModel.o
                0x0000000000000d5a                vGetBitrate
 .text.vFDGetNMTState
                0x0000000000000d84        0x6 ./User/DataModel.o
                0x0000000000000d84                vFDGetNMTState
 .text.vGetNodeId
                0x0000000000000d8a        0x6 ./User/DataModel.o
                0x0000000000000d8a                vGetNodeId
 .text.vIncrementSystemCounters
                0x0000000000000d90       0x76 ./User/DataModel.o
                0x0000000000000d90                vIncrementSystemCounters
 .text.vSaveData
                0x0000000000000e06       0x14 ./User/DataModel.o
                0x0000000000000e06                vSaveData
 .text.getOdometr
                0x0000000000000e1a       0x14 ./User/DataModel.o
                0x0000000000000e1a                getOdometr
 .text.NMI_Handler
                0x0000000000000e2e        0x2 ./User/ch32v20x_it.o
                0x0000000000000e2e                NMI_Handler
 .text.HardFault_Handler
                0x0000000000000e30        0x2 ./User/ch32v20x_it.o
                0x0000000000000e30                HardFault_Handler
 .text.SegPrint
                0x0000000000000e32       0x5a ./User/dash_draw.o
 .text.xProcessTaskHandle
                0x0000000000000e8c        0xa ./User/dash_draw.o
                0x0000000000000e8c                xProcessTaskHandle
 .text.vSetErrorReg
                0x0000000000000e96        0xa ./User/dash_draw.o
                0x0000000000000e96                vSetErrorReg
 .text.getODValue
                0x0000000000000ea0      0x12c ./User/dash_draw.o
                0x0000000000000ea0                getODValue
 .text.IncMenuIndex
                0x0000000000000fcc       0x80 ./User/dash_draw.o
                0x0000000000000fcc                IncMenuIndex
 .text.GoToHome
                0x000000000000104c       0x12 ./User/dash_draw.o
                0x000000000000104c                GoToHome
 .text.SetCurMenuHome
                0x000000000000105e       0x1e ./User/dash_draw.o
                0x000000000000105e                SetCurMenuHome
 .text.GetCurMenuHome
                0x000000000000107c        0x6 ./User/dash_draw.o
                0x000000000000107c                GetCurMenuHome
 .text.SetCurrentMenu
                0x0000000000001082       0x12 ./User/dash_draw.o
                0x0000000000001082                SetCurrentMenu
 .text.SetDefault
                0x0000000000001094       0x28 ./User/dash_draw.o
                0x0000000000001094                SetDefault
 .text.MenuBackHomeCheck
                0x00000000000010bc       0x38 ./User/dash_draw.o
                0x00000000000010bc                MenuBackHomeCheck
 .text.CheckMenuChannel
                0x00000000000010f4       0x20 ./User/dash_draw.o
                0x00000000000010f4                CheckMenuChannel
 .text.vDashDrawInit
                0x0000000000001114       0x7e ./User/dash_draw.o
                0x0000000000001114                vDashDrawInit
 .text.vMenuBlink
                0x0000000000001192       0x4a ./User/dash_draw.o
                0x0000000000001192                vMenuBlink
 .text.SetErrorRegiter
                0x00000000000011dc       0x5e ./User/dash_draw.o
                0x00000000000011dc                SetErrorRegiter
 .text.uGetCurrMenu
                0x000000000000123a       0x26 ./User/dash_draw.o
                0x000000000000123a                uGetCurrMenu
 .text.vGetEdgeData
                0x0000000000001260       0x2a ./User/dash_draw.o
                0x0000000000001260                vGetEdgeData
 .text.checkLedState
                0x000000000000128a       0x3a ./User/dash_draw.o
 .text.vRGBMode
                0x00000000000012c4       0x72 ./User/dash_draw.o
                0x00000000000012c4                vRGBMode
 .text.vBarColorMode
                0x0000000000001336       0xc2 ./User/dash_draw.o
                0x0000000000001336                vBarColorMode
 .text.vBarWindowMode
                0x00000000000013f8       0x5a ./User/dash_draw.o
                0x00000000000013f8                vBarWindowMode
 .text.vBarMode
                0x0000000000001452       0x66 ./User/dash_draw.o
                0x0000000000001452                vBarMode
 .text.RedrawNotifyTaskToInit
                0x00000000000014b8       0x28 ./User/dash_draw.o
                0x00000000000014b8                RedrawNotifyTaskToInit
 .text.vRedrawTask
                0x00000000000014e0      0x572 ./User/dash_draw.o
                0x00000000000014e0                vRedrawTask
 .text.vInit_DeviceConfig
                0x0000000000001a52      0x172 ./User/init.o
                0x0000000000001a52                vInit_DeviceConfig
 .text.HardwareDeinit
                0x0000000000001bc4       0x2a ./User/init.o
                0x0000000000001bc4                HardwareDeinit
 .text.SoftwareReset
                0x0000000000001bee       0x14 ./User/init.o
                0x0000000000001bee                SoftwareReset
 .text.ADC1_Event
                0x0000000000001c02       0x48 ./User/inputs.o
                0x0000000000001c02                ADC1_Event
 .text.CaptureDMACallBack
                0x0000000000001c4a       0x22 ./User/inputs.o
                0x0000000000001c4a                CaptureDMACallBack
 .text.CaptureDMACallBack_1
                0x0000000000001c6c       0x22 ./User/inputs.o
                0x0000000000001c6c                CaptureDMACallBack_1
 .text.fDinStateCallback
                0x0000000000001c8e       0x32 ./User/inputs.o
                0x0000000000001c8e                fDinStateCallback
 .text.vSetDoutState
                0x0000000000001cc0       0x28 ./User/inputs.o
                0x0000000000001cc0                vSetDoutState
 .text.getInputsTaskHandle
                0x0000000000001ce8        0xa ./User/inputs.o
                0x0000000000001ce8                getInputsTaskHandle
 .text.InputsNotifyTaskToInit
                0x0000000000001cf2       0x28 ./User/inputs.o
                0x0000000000001cf2                InputsNotifyTaskToInit
 .text.ADC1_Init
                0x0000000000001d1a       0x48 ./User/inputs.o
                0x0000000000001d1a                ADC1_Init
 .text.ADC_FSM  0x0000000000001d62       0xfe ./User/inputs.o
                0x0000000000001d62                ADC_FSM
 .text.GetAIN   0x0000000000001e60        0xc ./User/inputs.o
                0x0000000000001e60                GetAIN
 .text.vInputsTask
                0x0000000000001e6c      0x2e2 ./User/inputs.o
                0x0000000000001e6c                vInputsTask
 .text.SPI1_DMA_Callback
                0x000000000000214e       0x2e ./User/led.o
                0x000000000000214e                SPI1_DMA_Callback
 .text.SPI2_DMA_Callback
                0x000000000000217c       0x2e ./User/led.o
                0x000000000000217c                SPI2_DMA_Callback
 .text.SetBarState
                0x00000000000021aa       0x50 ./User/led.o
                0x00000000000021aa                SetBarState
 .text.SetRGB   0x00000000000021fa       0x4e ./User/led.o
                0x00000000000021fa                SetRGB
 .text.SetSegDirect
                0x0000000000002248       0x9c ./User/led.o
                0x0000000000002248                SetSegDirect
 .text.SetSegPoint
                0x00000000000022e4       0x22 ./User/led.o
                0x00000000000022e4                SetSegPoint
 .text.SetSEG   0x0000000000002306      0x120 ./User/led.o
                0x0000000000002306                SetSEG
 .text.SetBigSeg
                0x0000000000002426       0x14 ./User/led.o
                0x0000000000002426                SetBigSeg
 .text.vSetBrigth
                0x000000000000243a       0x28 ./User/led.o
                0x000000000000243a                vSetBrigth
 .text.vLedDriverStart
                0x0000000000002462       0x4e ./User/led.o
                0x0000000000002462                vLedDriverStart
 .text.vLedProcess
                0x00000000000024b0       0x1e ./User/led.o
                0x00000000000024b0                vLedProcess
 .text.vRGBProcess
                0x00000000000024ce       0xe2 ./User/led.o
                0x00000000000024ce                vRGBProcess
 .text.startup.main
                0x00000000000025b0       0x1e ./User/main.o
                0x00000000000025b0                main
 .text.vRestartNode
                0x00000000000025ce        0x2 ./User/main.o
                0x00000000000025ce                vRestartNode
 .text.Error_Handler
                0x00000000000025d0        0x8 ./User/main.o
                0x00000000000025d0                Error_Handler
 .text.OD_writeRGBMAP
                0x00000000000025d8       0x30 ./User/process.o
 .text.OD_readRGBMAP
                0x0000000000002608       0x22 ./User/process.o
 .text.OD_readDIN
                0x000000000000262a       0x1c ./User/process.o
 .text.OD_writeMenuSetup
                0x0000000000002646       0x46 ./User/process.o
 .text.OD_writeBoardSettings
                0x000000000000268c       0x78 ./User/process.o
 .text.CO_getUint16
                0x0000000000002704       0x10 ./User/process.o
 .text.OD_writeSEG
                0x0000000000002714       0x44 ./User/process.o
 .text.OD_writeBAR
                0x0000000000002758       0x30 ./User/process.o
 .text.OD_writeRPMConfig
                0x0000000000002788       0x36 ./User/process.o
 .text.CO_getUint32
                0x00000000000027be       0x18 ./User/process.o
 .text.OD_writeMenuMap
                0x00000000000027d6       0x30 ./User/process.o
 .text.OD_writeV1_14
                0x0000000000002806       0x56 ./User/process.o
 .text.OD_writeDashParam
                0x000000000000285c       0x44 ./User/process.o
 .text.WriteRGB.isra.2
                0x00000000000028a0       0x3a ./User/process.o
 .text.OD_writeRGB1
                0x00000000000028da       0x14 ./User/process.o
 .text.OD_writeRGB2
                0x00000000000028ee       0x16 ./User/process.o
 .text.OD_writeRGB3
                0x0000000000002904       0x16 ./User/process.o
 .text.OD_writeRGB4
                0x000000000000291a       0x16 ./User/process.o
 .text.OD_writeRGB5
                0x0000000000002930       0x16 ./User/process.o
 .text.OD_writeRGB6
                0x0000000000002946       0x16 ./User/process.o
 .text.OD_writeRGB7
                0x000000000000295c       0x16 ./User/process.o
 .text.OD_writeRGB8
                0x0000000000002972       0x16 ./User/process.o
 .text.OD_writeRGB9
                0x0000000000002988       0x16 ./User/process.o
 .text.OD_writeRGB10
                0x000000000000299e       0x16 ./User/process.o
 .text.OD_writeRGB11
                0x00000000000029b4       0x16 ./User/process.o
 .text.OD_writeRGB12
                0x00000000000029ca       0x16 ./User/process.o
 .text.OD_writeRGB13
                0x00000000000029e0       0x16 ./User/process.o
 .text.OD_readBoardSettings
                0x00000000000029f6       0x2c ./User/process.o
 .text.readADC.isra.6
                0x0000000000002a22       0x84 ./User/process.o
 .text.OD_readADC1
                0x0000000000002aa6       0x10 ./User/process.o
 .text.OD_readADC2
                0x0000000000002ab6       0x10 ./User/process.o
 .text.OD_readADC3
                0x0000000000002ac6       0x10 ./User/process.o
 .text.OD_readMenuSetup
                0x0000000000002ad6       0x30 ./User/process.o
 .text.writeADC.isra.9
                0x0000000000002b06       0xde ./User/process.o
 .text.OD_writeADC1
                0x0000000000002be4       0x10 ./User/process.o
 .text.OD_writeADC2
                0x0000000000002bf4       0x10 ./User/process.o
 .text.OD_writeADC3
                0x0000000000002c04       0x10 ./User/process.o
 .text.OD_readRGB.isra.5
                0x0000000000002c14       0x22 ./User/process.o
 .text.OD_readRGB1
                0x0000000000002c36       0x10 ./User/process.o
 .text.OD_readRGB2
                0x0000000000002c46       0x12 ./User/process.o
 .text.OD_readRGB3
                0x0000000000002c58       0x12 ./User/process.o
 .text.OD_readRGB4
                0x0000000000002c6a       0x12 ./User/process.o
 .text.OD_readRGB5
                0x0000000000002c7c       0x12 ./User/process.o
 .text.OD_readRGB6
                0x0000000000002c8e       0x12 ./User/process.o
 .text.OD_readRGB7
                0x0000000000002ca0       0x12 ./User/process.o
 .text.OD_readRGB8
                0x0000000000002cb2       0x12 ./User/process.o
 .text.OD_readRGB9
                0x0000000000002cc4       0x12 ./User/process.o
 .text.OD_readRGB10
                0x0000000000002cd6       0x12 ./User/process.o
 .text.OD_readRGB11
                0x0000000000002ce8       0x12 ./User/process.o
 .text.OD_readRGB12
                0x0000000000002cfa       0x12 ./User/process.o
 .text.OD_readRGB13
                0x0000000000002d0c       0x12 ./User/process.o
 .text.OD_readAIN_RPM
                0x0000000000002d1e       0x26 ./User/process.o
 .text.OD_readMenuMap
                0x0000000000002d44       0x2c ./User/process.o
 .text.OD_readRPMConfig
                0x0000000000002d70       0x2a ./User/process.o
 .text.OD_readBar
                0x0000000000002d9a       0x28 ./User/process.o
 .text.OD_readDashParam
                0x0000000000002dc2       0x4c ./User/process.o
 .text.OD_readSEG
                0x0000000000002e0e       0x34 ./User/process.o
 .text.vProceesInit
                0x0000000000002e42      0x1ba ./User/process.o
                0x0000000000002e42                vProceesInit
 .text.SystemInit
                0x0000000000002ffc       0xee ./User/system_ch32v20x.o
                0x0000000000002ffc                SystemInit
 .text.SystemCoreClockUpdate
                0x00000000000030ea       0x92 ./User/system_ch32v20x.o
                0x00000000000030ea                SystemCoreClockUpdate
 .text.StartDefaultTask
                0x000000000000317c       0x86 ./User/system_init.o
 .text.vApplicationGetIdleTaskMemory
                0x0000000000003202       0x1c ./User/system_init.o
                0x0000000000003202                vApplicationGetIdleTaskMemory
 .text.vSystemStopProcess
                0x000000000000321e       0x1c ./User/system_init.o
                0x000000000000321e                vSystemStopProcess
 .text.vSYStaskInit
                0x000000000000323a      0x100 ./User/system_init.o
                0x000000000000323a                vSYStaskInit
 .text.vSYSqueueInit
                0x000000000000333a       0x2a ./User/system_init.o
                0x000000000000333a                vSYSqueueInit
 .text.vector_handler
                0x0000000000003364       0x6c ./Startup/startup_ch32v20x_D6.o
                0x0000000000003368                Ecall_M_Mode_Handler
                0x000000000000336a                Ecall_U_Mode_Handler
                0x000000000000336c                Break_Point_Handler
                0x0000000000003372                WWDG_IRQHandler
                0x0000000000003374                PVD_IRQHandler
                0x0000000000003376                TAMPER_IRQHandler
                0x000000000000337a                FLASH_IRQHandler
                0x000000000000337c                RCC_IRQHandler
                0x000000000000337e                EXTI0_IRQHandler
                0x0000000000003380                EXTI1_IRQHandler
                0x0000000000003382                EXTI2_IRQHandler
                0x0000000000003384                EXTI3_IRQHandler
                0x0000000000003386                EXTI4_IRQHandler
                0x000000000000338a                DMA1_Channel2_IRQHandler
                0x0000000000003392                DMA1_Channel6_IRQHandler
                0x0000000000003396                ADC1_2_IRQHandler
                0x00000000000033a0                EXTI9_5_IRQHandler
                0x00000000000033a2                TIM1_BRK_IRQHandler
                0x00000000000033a4                TIM1_UP_IRQHandler
                0x00000000000033a6                TIM1_TRG_COM_IRQHandler
                0x00000000000033a8                TIM1_CC_IRQHandler
                0x00000000000033aa                TIM2_IRQHandler
                0x00000000000033ac                TIM3_IRQHandler
                0x00000000000033b4                I2C2_EV_IRQHandler
                0x00000000000033b6                I2C2_ER_IRQHandler
                0x00000000000033b8                SPI1_IRQHandler
                0x00000000000033ba                SPI2_IRQHandler
                0x00000000000033bc                USART1_IRQHandler
                0x00000000000033be                USART2_IRQHandler
                0x00000000000033c0                USART3_IRQHandler
                0x00000000000033c2                EXTI15_10_IRQHandler
                0x00000000000033c4                RTCAlarm_IRQHandler
                0x00000000000033c6                USBWakeUp_IRQHandler
                0x00000000000033c8                USBHD_IRQHandler
                0x00000000000033ca                USBHDWakeUp_IRQHandler
                0x00000000000033cc                UART4_IRQHandler
                0x00000000000033ce                DMA1_Channel8_IRQHandler
 .text.handle_reset
                0x00000000000033d0       0x92 ./Startup/startup_ch32v20x_D6.o
                0x00000000000033d0                handle_reset
 .text.ADC_Cmd  0x0000000000003462       0x10 ./Peripheral/src/ch32v20x_adc.o
                0x0000000000003462                ADC_Cmd
 .text.ADC_GetResetCalibrationStatus
                0x0000000000003472        0x8 ./Peripheral/src/ch32v20x_adc.o
                0x0000000000003472                ADC_GetResetCalibrationStatus
 .text.ADC_GetCalibrationStatus
                0x000000000000347a        0x8 ./Peripheral/src/ch32v20x_adc.o
                0x000000000000347a                ADC_GetCalibrationStatus
 .text.Get_CalibrationValue
                0x0000000000003482      0x1fe ./Peripheral/src/ch32v20x_adc.o
                0x0000000000003482                Get_CalibrationValue
 .text.DMA_GetFlagStatus
                0x0000000000003680        0xe ./Peripheral/src/ch32v20x_dma.o
                0x0000000000003680                DMA_GetFlagStatus
 .text.DMA_GetITStatus
                0x000000000000368e        0xc ./Peripheral/src/ch32v20x_dma.o
                0x000000000000368e                DMA_GetITStatus
 .text.DMA_ClearITPendingBit
                0x000000000000369a        0x8 ./Peripheral/src/ch32v20x_dma.o
                0x000000000000369a                DMA_ClearITPendingBit
 .text.GPIO_PinRemapConfig
                0x00000000000036a2       0xf2 ./Peripheral/src/ch32v20x_gpio.o
                0x00000000000036a2                GPIO_PinRemapConfig
 .text.I2C_DualAddressCmd
                0x0000000000003794       0x18 ./Peripheral/src/ch32v20x_i2c.o
                0x0000000000003794                I2C_DualAddressCmd
 .text.I2C_ClearFlag
                0x00000000000037ac        0xc ./Peripheral/src/ch32v20x_i2c.o
                0x00000000000037ac                I2C_ClearFlag
 .text.RCC_LSEConfig
                0x00000000000037b8       0x28 ./Peripheral/src/ch32v20x_rcc.o
                0x00000000000037b8                RCC_LSEConfig
 .text.RCC_GetClocksFreq
                0x00000000000037e0       0xbe ./Peripheral/src/ch32v20x_rcc.o
                0x00000000000037e0                RCC_GetClocksFreq
 .text.RCC_GetFlagStatus
                0x000000000000389e       0x2e ./Peripheral/src/ch32v20x_rcc.o
                0x000000000000389e                RCC_GetFlagStatus
 .text.RTC_EnterConfigMode
                0x00000000000038cc       0x12 ./Peripheral/src/ch32v20x_rtc.o
                0x00000000000038cc                RTC_EnterConfigMode
 .text.RTC_ExitConfigMode
                0x00000000000038de       0x18 ./Peripheral/src/ch32v20x_rtc.o
                0x00000000000038de                RTC_ExitConfigMode
 .text.RTC_SetPrescaler
                0x00000000000038f6       0x2e ./Peripheral/src/ch32v20x_rtc.o
                0x00000000000038f6                RTC_SetPrescaler
 .text.RTC_WaitForLastTask
                0x0000000000003924       0x10 ./Peripheral/src/ch32v20x_rtc.o
                0x0000000000003924                RTC_WaitForLastTask
 .text.RTC_WaitForSynchro
                0x0000000000003934       0x24 ./Peripheral/src/ch32v20x_rtc.o
                0x0000000000003934                RTC_WaitForSynchro
 .text.TIM_OC1Init
                0x0000000000003958       0x6a ./Peripheral/src/ch32v20x_tim.o
                0x0000000000003958                TIM_OC1Init
 .text.TIM_OC2Init
                0x00000000000039c2       0x96 ./Peripheral/src/ch32v20x_tim.o
                0x00000000000039c2                TIM_OC2Init
 .text.TIM_OC3Init
                0x0000000000003a58       0x94 ./Peripheral/src/ch32v20x_tim.o
                0x0000000000003a58                TIM_OC3Init
 .text.TIM_OC4Init
                0x0000000000003aec       0x6c ./Peripheral/src/ch32v20x_tim.o
                0x0000000000003aec                TIM_OC4Init
 .text.TIM_OC1PreloadConfig
                0x0000000000003b58        0xe ./Peripheral/src/ch32v20x_tim.o
                0x0000000000003b58                TIM_OC1PreloadConfig
 .text.TIM_OC2PreloadConfig
                0x0000000000003b66       0x16 ./Peripheral/src/ch32v20x_tim.o
                0x0000000000003b66                TIM_OC2PreloadConfig
 .text.TIM_OC3PreloadConfig
                0x0000000000003b7c        0xe ./Peripheral/src/ch32v20x_tim.o
                0x0000000000003b7c                TIM_OC3PreloadConfig
 .text.TIM_OC4PreloadConfig
                0x0000000000003b8a       0x16 ./Peripheral/src/ch32v20x_tim.o
                0x0000000000003b8a                TIM_OC4PreloadConfig
 .text.TIM_GetITStatus
                0x0000000000003ba0       0x18 ./Peripheral/src/ch32v20x_tim.o
                0x0000000000003ba0                TIM_GetITStatus
 .text.USART_SendData
                0x0000000000003bb8        0x8 ./Peripheral/src/ch32v20x_usart.o
                0x0000000000003bb8                USART_SendData
 .text.USART_GetFlagStatus
                0x0000000000003bc0        0xa ./Peripheral/src/ch32v20x_usart.o
                0x0000000000003bc0                USART_GetFlagStatus
 .text.vAINInit
                0x0000000000003bca       0x36 ./HWLIB/hw_lib_adc.o
                0x0000000000003bca                vAINInit
 .text.fGetAinCalData
                0x0000000000003c00       0xa4 ./HWLIB/hw_lib_adc.o
                0x0000000000003c00                fGetAinCalData
 .text.eAinCalDataConfig
                0x0000000000003ca4       0x48 ./HWLIB/hw_lib_adc.o
                0x0000000000003ca4                eAinCalDataConfig
 .text.vABLineKoofFinde
                0x0000000000003cec       0x6a ./HWLIB/hw_lib_adc.o
                0x0000000000003cec                vABLineKoofFinde
 .text.eSetAinCalPoint
                0x0000000000003d56       0x64 ./HWLIB/hw_lib_adc.o
                0x0000000000003d56                eSetAinCalPoint
 .text.getADC1Buffer
                0x0000000000003dba        0xa ./HWLIB/hw_lib_adc.o
                0x0000000000003dba                getADC1Buffer
 .text.eDOUTConfigWtihStruct
                0x0000000000003dc4       0x1a ./HWLIB/hw_lib_din.o
                0x0000000000003dc4                eDOUTConfigWtihStruct
 .text.eDinConfigWtihStruct
                0x0000000000003dde       0x34 ./HWLIB/hw_lib_din.o
                0x0000000000003dde                eDinConfigWtihStruct
 .text.uGetDIN  0x0000000000003e12       0x14 ./HWLIB/hw_lib_din.o
                0x0000000000003e12                uGetDIN
 .text.eRPMConfig
                0x0000000000003e26       0x56 ./HWLIB/hw_lib_din.o
                0x0000000000003e26                eRPMConfig
 .text.RMPDataConvert
                0x0000000000003e7c       0x78 ./HWLIB/hw_lib_din.o
                0x0000000000003e7c                RMPDataConvert
 .text.getCaputreBuffer
                0x0000000000003ef4       0x16 ./HWLIB/hw_lib_din.o
                0x0000000000003ef4                getCaputreBuffer
 .text.GetRPM   0x0000000000003f0a       0x74 ./HWLIB/hw_lib_din.o
                0x0000000000003f0a                GetRPM
 .text.xGetRPM  0x0000000000003f7e       0x72 ./HWLIB/hw_lib_din.o
                0x0000000000003f7e                xGetRPM
 .text.vDinDoutProcess
                0x0000000000003ff0       0x98 ./HWLIB/hw_lib_din.o
                0x0000000000003ff0                vDinDoutProcess
 .text.xGetEEPROM
                0x0000000000004088        0xa ./HWLIB/hw_lib_eeprom.o
                0x0000000000004088                xGetEEPROM
 .text.eEEPROMWrFast
                0x0000000000004092       0x80 ./HWLIB/hw_lib_eeprom.o
                0x0000000000004092                eEEPROMWrFast
 .text.eEEPROMWr
                0x0000000000004112       0x92 ./HWLIB/hw_lib_eeprom.o
                0x0000000000004112                eEEPROMWr
 .text.eEEPROMRd
                0x00000000000041a4       0x34 ./HWLIB/hw_lib_eeprom.o
                0x00000000000041a4                eEEPROMRd
 .text.bReadEEPROM
                0x00000000000041d8       0x1a ./HWLIB/hw_lib_eeprom.o
                0x00000000000041d8                bReadEEPROM
 .text.Get_ConversionVal
                0x00000000000041f2       0x2e ./HAL/hal_adc_ch32.o
                0x00000000000041f2                Get_ConversionVal
 .text.HAL_ADC_RegularChannelConfig
                0x0000000000004220       0x46 ./HAL/hal_adc_ch32.o
                0x0000000000004220                HAL_ADC_RegularChannelConfig
 .text.HAL_ADC_ContiniusScanCinvertionDMA
                0x0000000000004266      0x108 ./HAL/hal_adc_ch32.o
                0x0000000000004266                HAL_ADC_ContiniusScanCinvertionDMA
 .text.HAL_ADC_StartDMA
                0x000000000000436e       0x42 ./HAL/hal_adc_ch32.o
                0x000000000000436e                HAL_ADC_StartDMA
 .text.HAL_CANSetTXCallback
                0x00000000000043b0        0xa ./HAL/hal_can_ch32.o
                0x00000000000043b0                HAL_CANSetTXCallback
 .text.HAL_CANSetRXCallback
                0x00000000000043ba        0xa ./HAL/hal_can_ch32.o
                0x00000000000043ba                HAL_CANSetRXCallback
 .text.HAL_CANSetERRCallback
                0x00000000000043c4        0xa ./HAL/hal_can_ch32.o
                0x00000000000043c4                HAL_CANSetERRCallback
 .text.HAL_CANIntIT
                0x00000000000043ce      0x13c ./HAL/hal_can_ch32.o
                0x00000000000043ce                HAL_CANIntIT
 .text.HAL_CANToInitMode
                0x000000000000450a       0x30 ./HAL/hal_can_ch32.o
                0x000000000000450a                HAL_CANToInitMode
 .text.HAL_CANToOperatingMode
                0x000000000000453a       0x26 ./HAL/hal_can_ch32.o
                0x000000000000453a                HAL_CANToOperatingMode
 .text.HAL_CANSend
                0x0000000000004560       0xae ./HAL/hal_can_ch32.o
                0x0000000000004560                HAL_CANSend
 .text.HAL_CANSetFiters
                0x000000000000460e       0xc4 ./HAL/hal_can_ch32.o
                0x000000000000460e                HAL_CANSetFiters
 .text.HAL_CANGetRXMessage
                0x00000000000046d2       0xb0 ./HAL/hal_can_ch32.o
                0x00000000000046d2                HAL_CANGetRXMessage
 .text.USB_HP_CAN1_TX_IRQHandler
                0x0000000000004782       0x60 ./HAL/hal_can_ch32.o
                0x0000000000004782                USB_HP_CAN1_TX_IRQHandler
 .text.USB_LP_CAN1_RX0_IRQHandler
                0x00000000000047e2       0x5e ./HAL/hal_can_ch32.o
                0x00000000000047e2                USB_LP_CAN1_RX0_IRQHandler
 .text.CAN1_RX1_IRQHandler
                0x0000000000004840       0x5e ./HAL/hal_can_ch32.o
                0x0000000000004840                CAN1_RX1_IRQHandler
 .text.CAN1_SCE_IRQHandler
                0x000000000000489e       0x5c ./HAL/hal_can_ch32.o
                0x000000000000489e                CAN1_SCE_IRQHandler
 .text.DMA_IRQ  0x00000000000048fa       0x3a ./HAL/hal_dma.o
 .text.HAL_DMA_Enable
                0x0000000000004934       0x18 ./HAL/hal_dma.o
                0x0000000000004934                HAL_DMA_Enable
 .text.HAL_DMA_Disable
                0x000000000000494c       0x1a ./HAL/hal_dma.o
                0x000000000000494c                HAL_DMA_Disable
 .text.HAL_DMAInitIT
                0x0000000000004966       0xb8 ./HAL/hal_dma.o
                0x0000000000004966                HAL_DMAInitIT
 .text.HAL_DMA_SetCounter
                0x0000000000004a1e       0x12 ./HAL/hal_dma.o
                0x0000000000004a1e                HAL_DMA_SetCounter
 .text.HAL_DMA_ITENABLE
                0x0000000000004a30       0x16 ./HAL/hal_dma.o
                0x0000000000004a30                HAL_DMA_ITENABLE
 .text.HAL_DMA_SetCouterAndEnable
                0x0000000000004a46       0x1a ./HAL/hal_dma.o
                0x0000000000004a46                HAL_DMA_SetCouterAndEnable
 .text.DMA1_Channel1_IRQHandler
                0x0000000000004a60       0x4e ./HAL/hal_dma.o
                0x0000000000004a60                DMA1_Channel1_IRQHandler
 .text.DMA1_Channel3_IRQHandler
                0x0000000000004aae       0x4e ./HAL/hal_dma.o
                0x0000000000004aae                DMA1_Channel3_IRQHandler
 .text.DMA1_Channel4_IRQHandler
                0x0000000000004afc       0x4e ./HAL/hal_dma.o
                0x0000000000004afc                DMA1_Channel4_IRQHandler
 .text.DMA1_Channel5_IRQHandler
                0x0000000000004b4a       0x4e ./HAL/hal_dma.o
                0x0000000000004b4a                DMA1_Channel5_IRQHandler
 .text.DMA1_Channel7_IRQHandler
                0x0000000000004b98       0x4e ./HAL/hal_dma.o
                0x0000000000004b98                DMA1_Channel7_IRQHandler
 .text.HAL_InitRCC
                0x0000000000004be6       0x2e ./HAL/hal_gpio.o
 .text.HAL_InitGPIO
                0x0000000000004c14       0xd2 ./HAL/hal_gpio.o
                0x0000000000004c14                HAL_InitGPIO
 .text.HAL_InitGpioOut
                0x0000000000004ce6       0x20 ./HAL/hal_gpio.o
                0x0000000000004ce6                HAL_InitGpioOut
 .text.HAL_InitGpioAIN
                0x0000000000004d06       0x20 ./HAL/hal_gpio.o
                0x0000000000004d06                HAL_InitGpioAIN
 .text.HAL_InitGpioIn
                0x0000000000004d26       0x20 ./HAL/hal_gpio.o
                0x0000000000004d26                HAL_InitGpioIn
 .text.HAL_InitGpioAF
                0x0000000000004d46       0x3e ./HAL/hal_gpio.o
                0x0000000000004d46                HAL_InitGpioAF
 .text.HAL_GetBit
                0x0000000000004d84        0xa ./HAL/hal_gpio.o
                0x0000000000004d84                HAL_GetBit
 .text.HAL_SetBit
                0x0000000000004d8e        0x4 ./HAL/hal_gpio.o
                0x0000000000004d8e                HAL_SetBit
 .text.HAL_ResetBit
                0x0000000000004d92        0x4 ./HAL/hal_gpio.o
                0x0000000000004d92                HAL_ResetBit
 .text.EEPROM_I2C_ENABLE
                0x0000000000004d96       0x14 ./HAL/hal_i2c.o
 .text.EEPROM_I2C_STOP
                0x0000000000004daa       0x14 ./HAL/hal_i2c.o
 .text.EEPROM_I2C_START
                0x0000000000004dbe       0x14 ./HAL/hal_i2c.o
 .text.EEPROM_I2C_SEND
                0x0000000000004dd2        0xe ./HAL/hal_i2c.o
 .text.I2C_Master_ReviceIT
                0x0000000000004de0       0x96 ./HAL/hal_i2c.o
 .text.I2C_Master_TransmitIT
                0x0000000000004e76       0x88 ./HAL/hal_i2c.o
 .text.I2C_Master_TransmitFast
                0x0000000000004efe       0x98 ./HAL/hal_i2c.o
 .text.I2C_FSM  0x0000000000004f96      0x18e ./HAL/hal_i2c.o
 .text.InitI2CDMA
                0x0000000000005124      0x14e ./HAL/hal_i2c.o
                0x0000000000005124                InitI2CDMA
 .text.I2C1_EV_IRQHandler
                0x0000000000005272       0x4c ./HAL/hal_i2c.o
                0x0000000000005272                I2C1_EV_IRQHandler
 .text.I2C1_ER_IRQHandler
                0x00000000000052be       0x4c ./HAL/hal_i2c.o
                0x00000000000052be                I2C1_ER_IRQHandler
 .text.PFIC_IRQ_ENABLE_PG1
                0x000000000000530a       0x34 ./HAL/hal_irq.o
                0x000000000000530a                PFIC_IRQ_ENABLE_PG1
 .text.HAL_RTC_IT_Init
                0x000000000000533e       0xba ./HAL/hal_rtc.o
                0x000000000000533e                HAL_RTC_IT_Init
 .text.RTC_IRQHandler
                0x00000000000053f8       0x78 ./HAL/hal_rtc.o
                0x00000000000053f8                RTC_IRQHandler
 .text.HAL_SPI_InitDMA
                0x0000000000005470       0x70 ./HAL/hal_spi_ch32.o
                0x0000000000005470                HAL_SPI_InitDMA
 .text.HAL_SPI_RXOveleyClear
                0x00000000000054e0       0x12 ./HAL/hal_spi_ch32.o
                0x00000000000054e0                HAL_SPI_RXOveleyClear
 .text.HAL_SPI_GetBusy
                0x00000000000054f2       0x10 ./HAL/hal_spi_ch32.o
                0x00000000000054f2                HAL_SPI_GetBusy
 .text.vTimerInitRCC
                0x0000000000005502       0x82 ./HAL/hal_timers.o
 .text.TIM4_IRQHandler
                0x0000000000005584       0x70 ./HAL/hal_timers.o
                0x0000000000005584                TIM4_IRQHandler
 .text.HAL_TiemrEneblae
                0x00000000000055f4       0x16 ./HAL/hal_timers.o
                0x00000000000055f4                HAL_TiemrEneblae
 .text.HAL_TiemrDisable
                0x000000000000560a       0x1c ./HAL/hal_timers.o
                0x000000000000560a                HAL_TiemrDisable
 .text.HW_TIMER_BaseTimerInit
                0x0000000000005626       0x54 ./HAL/hal_timers.o
                0x0000000000005626                HW_TIMER_BaseTimerInit
 .text.HAL_TIMER_InitIt
                0x000000000000567a       0x74 ./HAL/hal_timers.o
                0x000000000000567a                HAL_TIMER_InitIt
 .text.HAL_TIMER_PWMTimersInit
                0x00000000000056ee       0xda ./HAL/hal_timers.o
                0x00000000000056ee                HAL_TIMER_PWMTimersInit
 .text.HAL_TimeInitCaptureDMA
                0x00000000000057c8      0x108 ./HAL/hal_timers.o
                0x00000000000057c8                HAL_TimeInitCaptureDMA
 .text.HAL_TIMER_SetPWMPulse
                0x00000000000058d0       0x88 ./HAL/hal_timers.o
                0x00000000000058d0                HAL_TIMER_SetPWMPulse
 .text.HAL_TIMER_EnablePWMCH
                0x0000000000005958       0x1a ./HAL/hal_timers.o
                0x0000000000005958                HAL_TIMER_EnablePWMCH
 .text.HAL_WDTReset
                0x0000000000005972        0xe ./HAL/hal_wdt_ch32.o
                0x0000000000005972                HAL_WDTReset
 .text.HAL_WDT_Init1s
                0x0000000000005980       0x28 ./HAL/hal_wdt_ch32.o
                0x0000000000005980                HAL_WDT_Init1s
 .text.prvInsertBlockIntoFreeList
                0x00000000000059a8       0x48 ./FreeRTOS/portable/MemMang/heap_4.o
 .text.pvPortMalloc
                0x00000000000059f0      0x182 ./FreeRTOS/portable/MemMang/heap_4.o
                0x00000000000059f0                pvPortMalloc
 .text.vPortSetupTimerInterrupt
                0x0000000000005b72       0x3e ./FreeRTOS/portable/GCC/RISC-V/port.o
                0x0000000000005b72                vPortSetupTimerInterrupt
 .text.xPortStartScheduler
                0x0000000000005bb0       0x90 ./FreeRTOS/portable/GCC/RISC-V/port.o
                0x0000000000005bb0                xPortStartScheduler
 .text.SysTick_Handler
                0x0000000000005c40       0x7c ./FreeRTOS/portable/GCC/RISC-V/port.o
                0x0000000000005c40                SysTick_Handler
 .text.vPortEnterCritical
                0x0000000000005cbc       0x16 ./FreeRTOS/portable/GCC/RISC-V/port.o
                0x0000000000005cbc                vPortEnterCritical
 .text.vPortExitCritical
                0x0000000000005cd2       0x42 ./FreeRTOS/portable/GCC/RISC-V/port.o
                0x0000000000005cd2                vPortExitCritical
 .text.xPortSetInterruptMask
                0x0000000000005d14        0xc ./FreeRTOS/portable/GCC/RISC-V/port.o
                0x0000000000005d14                xPortSetInterruptMask
 .text.vPortClearInterruptMask
                0x0000000000005d20        0x6 ./FreeRTOS/portable/GCC/RISC-V/port.o
                0x0000000000005d20                vPortClearInterruptMask
 .text.vListInitialise
                0x0000000000005d26       0x14 ./FreeRTOS/list.o
                0x0000000000005d26                vListInitialise
 .text.vListInitialiseItem
                0x0000000000005d3a        0x6 ./FreeRTOS/list.o
                0x0000000000005d3a                vListInitialiseItem
 .text.vListInsertEnd
                0x0000000000005d40       0x18 ./FreeRTOS/list.o
                0x0000000000005d40                vListInsertEnd
 .text.vListInsert
                0x0000000000005d58       0x2e ./FreeRTOS/list.o
                0x0000000000005d58                vListInsert
 .text.uxListRemove
                0x0000000000005d86       0x20 ./FreeRTOS/list.o
                0x0000000000005d86                uxListRemove
 .text.prvIsQueueEmpty
                0x0000000000005da6       0x1e ./FreeRTOS/queue.o
 .text.prvCopyDataToQueue
                0x0000000000005dc4       0x72 ./FreeRTOS/queue.o
 .text.prvCopyDataFromQueue
                0x0000000000005e36       0x28 ./FreeRTOS/queue.o
 .text.prvUnlockQueue
                0x0000000000005e5e       0x76 ./FreeRTOS/queue.o
 .text.xQueueGenericReset
                0x0000000000005ed4       0xc4 ./FreeRTOS/queue.o
                0x0000000000005ed4                xQueueGenericReset
 .text.xQueueGenericCreateStatic
                0x0000000000005f98       0xae ./FreeRTOS/queue.o
                0x0000000000005f98                xQueueGenericCreateStatic
 .text.xQueueGenericCreate
                0x0000000000006046       0x72 ./FreeRTOS/queue.o
                0x0000000000006046                xQueueGenericCreate
 .text.xQueueGenericSend
                0x00000000000060b8      0x178 ./FreeRTOS/queue.o
                0x00000000000060b8                xQueueGenericSend
 .text.xQueueGiveMutexRecursive
                0x0000000000006230       0x56 ./FreeRTOS/queue.o
                0x0000000000006230                xQueueGiveMutexRecursive
 .text.xQueueCreateMutex
                0x0000000000006286       0x2e ./FreeRTOS/queue.o
                0x0000000000006286                xQueueCreateMutex
 .text.xQueueReceive
                0x00000000000062b4      0x138 ./FreeRTOS/queue.o
                0x00000000000062b4                xQueueReceive
 .text.xQueueSemaphoreTake
                0x00000000000063ec      0x18e ./FreeRTOS/queue.o
                0x00000000000063ec                xQueueSemaphoreTake
 .text.xQueueTakeMutexRecursive
                0x000000000000657a       0x5a ./FreeRTOS/queue.o
                0x000000000000657a                xQueueTakeMutexRecursive
 .text.uxQueueMessagesWaiting
                0x00000000000065d4       0x44 ./FreeRTOS/queue.o
                0x00000000000065d4                uxQueueMessagesWaiting
 .text.prvIdleTask
                0x0000000000006618        0x2 ./FreeRTOS/tasks.o
 .text.prvAddNewTaskToReadyList
                0x000000000000661a       0xf6 ./FreeRTOS/tasks.o
 .text.prvResetNextTaskUnblockTime
                0x0000000000006710       0x1c ./FreeRTOS/tasks.o
 .text.prvTaskIsTaskSuspended
                0x000000000000672c       0x50 ./FreeRTOS/tasks.o
 .text.prvInitialiseNewTask.isra.2
                0x000000000000677c       0xc8 ./FreeRTOS/tasks.o
 .text.prvAddCurrentTaskToDelayedList
                0x0000000000006844       0x98 ./FreeRTOS/tasks.o
 .text.xTaskCreateStatic
                0x00000000000068dc       0xa6 ./FreeRTOS/tasks.o
                0x00000000000068dc                xTaskCreateStatic
 .text.vTaskResume
                0x0000000000006982       0xa2 ./FreeRTOS/tasks.o
                0x0000000000006982                vTaskResume
 .text.vTaskStartScheduler
                0x0000000000006a24       0x5c ./FreeRTOS/tasks.o
                0x0000000000006a24                vTaskStartScheduler
 .text.vTaskSuspendAll
                0x0000000000006a80        0xc ./FreeRTOS/tasks.o
                0x0000000000006a80                vTaskSuspendAll
 .text.xTaskGetTickCount
                0x0000000000006a8c        0x6 ./FreeRTOS/tasks.o
                0x0000000000006a8c                xTaskGetTickCount
 .text.xTaskIncrementTick
                0x0000000000006a92      0x180 ./FreeRTOS/tasks.o
                0x0000000000006a92                xTaskIncrementTick
 .text.xTaskResumeAll
                0x0000000000006c12      0x148 ./FreeRTOS/tasks.o
                0x0000000000006c12                xTaskResumeAll
 .text.vTaskDelay
                0x0000000000006d5a       0x62 ./FreeRTOS/tasks.o
                0x0000000000006d5a                vTaskDelay
 .text.vTaskSwitchContext
                0x0000000000006dbc       0x8a ./FreeRTOS/tasks.o
                0x0000000000006dbc                vTaskSwitchContext
 .text.vTaskSuspend
                0x0000000000006e46       0xde ./FreeRTOS/tasks.o
                0x0000000000006e46                vTaskSuspend
 .text.vTaskPlaceOnEventList
                0x0000000000006f24       0x44 ./FreeRTOS/tasks.o
                0x0000000000006f24                vTaskPlaceOnEventList
 .text.xTaskRemoveFromEventList
                0x0000000000006f68       0xdc ./FreeRTOS/tasks.o
                0x0000000000006f68                xTaskRemoveFromEventList
 .text.vTaskInternalSetTimeOutState
                0x0000000000007044        0xe ./FreeRTOS/tasks.o
                0x0000000000007044                vTaskInternalSetTimeOutState
 .text.xTaskCheckForTimeOut
                0x0000000000007052       0xaa ./FreeRTOS/tasks.o
                0x0000000000007052                xTaskCheckForTimeOut
 .text.vTaskMissedYield
                0x00000000000070fc        0x8 ./FreeRTOS/tasks.o
                0x00000000000070fc                vTaskMissedYield
 .text.xTaskGetCurrentTaskHandle
                0x0000000000007104        0x6 ./FreeRTOS/tasks.o
                0x0000000000007104                xTaskGetCurrentTaskHandle
 .text.xTaskPriorityInherit
                0x000000000000710a       0xa6 ./FreeRTOS/tasks.o
                0x000000000000710a                xTaskPriorityInherit
 .text.xTaskPriorityDisinherit
                0x00000000000071b0       0xc2 ./FreeRTOS/tasks.o
                0x00000000000071b0                xTaskPriorityDisinherit
 .text.vTaskPriorityDisinheritAfterTimeout
                0x0000000000007272       0xde ./FreeRTOS/tasks.o
                0x0000000000007272                vTaskPriorityDisinheritAfterTimeout
 .text.pvTaskIncrementMutexHeldCount
                0x0000000000007350       0x18 ./FreeRTOS/tasks.o
                0x0000000000007350                pvTaskIncrementMutexHeldCount
 .text.ulTaskGenericNotifyTake
                0x0000000000007368       0xb4 ./FreeRTOS/tasks.o
                0x0000000000007368                ulTaskGenericNotifyTake
 .text.xTaskGenericNotifyWait
                0x000000000000741c       0xe2 ./FreeRTOS/tasks.o
                0x000000000000741c                xTaskGenericNotifyWait
 .text.xTaskGenericNotify
                0x00000000000074fe      0x1a8 ./FreeRTOS/tasks.o
                0x00000000000074fe                xTaskGenericNotify
 .text.xTaskGenericNotifyFromISR
                0x00000000000076a6      0x1e0 ./FreeRTOS/tasks.o
                0x00000000000076a6                xTaskGenericNotifyFromISR
 .text.ulTaskGenericNotifyValueClear
                0x0000000000007886       0x3a ./FreeRTOS/tasks.o
                0x0000000000007886                ulTaskGenericNotifyValueClear
 .text.vRCFilter
                0x00000000000078c0       0x30 ./Drivers/filters.o
                0x00000000000078c0                vRCFilter
 .text.vInitABFilter
                0x00000000000078f0       0x22 ./Drivers/filters.o
                0x00000000000078f0                vInitABFilter
 .text.vInitRunAverga
                0x0000000000007912        0x8 ./Drivers/filters.o
                0x0000000000007912                vInitRunAverga
 .text.vInitMedianFilter
                0x000000000000791a       0x12 ./Drivers/filters.o
                0x000000000000791a                vInitMedianFilter
 .text.MedianFilter
                0x000000000000792c       0x6e ./Drivers/filters.o
                0x000000000000792c                MedianFilter
 .text.Delay_Init
                0x000000000000799a       0x2a ./Debug/debug.o
                0x000000000000799a                Delay_Init
 .text.Delay_Ms
                0x00000000000079c4       0x36 ./Debug/debug.o
                0x00000000000079c4                Delay_Ms
 .text._write   0x00000000000079fa       0x3e ./Debug/debug.o
                0x00000000000079fa                _write
 .text._sbrk    0x0000000000007a38       0x2a ./Debug/debug.o
                0x0000000000007a38                _sbrk
 .text.prv_read_can_received_msg
                0x0000000000007a62       0x50 ./CANopenNode/keypad/CO_driver_ST32F103.o
                0x0000000000007a62                prv_read_can_received_msg
 .text.prv_send_can_message.isra.0
                0x0000000000007ab2       0x2c ./CANopenNode/keypad/CO_driver_ST32F103.o
 .text.CAN_SendMessage
                0x0000000000007ade       0x66 ./CANopenNode/keypad/CO_driver_ST32F103.o
                0x0000000000007ade                CAN_SendMessage
 .text.co_drv_create_os_objects
                0x0000000000007b44       0x30 ./CANopenNode/keypad/CO_driver_ST32F103.o
                0x0000000000007b44                co_drv_create_os_objects
 .text.co_drv_mutex_lock
                0x0000000000007b74       0x18 ./CANopenNode/keypad/CO_driver_ST32F103.o
                0x0000000000007b74                co_drv_mutex_lock
 .text.co_drv_mutex_unlock
                0x0000000000007b8c       0x16 ./CANopenNode/keypad/CO_driver_ST32F103.o
                0x0000000000007b8c                co_drv_mutex_unlock
 .text.CO_CANsetConfigurationMode
                0x0000000000007ba2       0x10 ./CANopenNode/keypad/CO_driver_ST32F103.o
                0x0000000000007ba2                CO_CANsetConfigurationMode
 .text.CO_CANsetNormalMode
                0x0000000000007bb2       0x1c ./CANopenNode/keypad/CO_driver_ST32F103.o
                0x0000000000007bb2                CO_CANsetNormalMode
 .text.CO_CANmodule_init
                0x0000000000007bce      0x110 ./CANopenNode/keypad/CO_driver_ST32F103.o
                0x0000000000007bce                CO_CANmodule_init
 .text.CO_CANmodule_disable
                0x0000000000007cde       0x14 ./CANopenNode/keypad/CO_driver_ST32F103.o
                0x0000000000007cde                CO_CANmodule_disable
 .text.CO_CANrxBufferInit
                0x0000000000007cf2       0x52 ./CANopenNode/keypad/CO_driver_ST32F103.o
                0x0000000000007cf2                CO_CANrxBufferInit
 .text.CO_CANtxBufferInit
                0x0000000000007d44       0x3a ./CANopenNode/keypad/CO_driver_ST32F103.o
                0x0000000000007d44                CO_CANtxBufferInit
 .text.CO_CANmodule_process
                0x0000000000007d7e       0x12 ./CANopenNode/keypad/CO_driver_ST32F103.o
                0x0000000000007d7e                CO_CANmodule_process
 .text.CO_CANsend
                0x0000000000007d90       0x46 ./CANopenNode/keypad/CO_driver_ST32F103.o
                0x0000000000007d90                CO_CANsend
 .text.CO_LSSslave_receive
                0x0000000000007dd6      0x1a8 ./CANopenNode/305/CO_LSSslave.o
 .text.CO_LSSslave_init
                0x0000000000007f7e       0xa4 ./CANopenNode/305/CO_LSSslave.o
                0x0000000000007f7e                CO_LSSslave_init
 .text.CO_LSSslave_process
                0x0000000000008022      0x1a2 ./CANopenNode/305/CO_LSSslave.o
                0x0000000000008022                CO_LSSslave_process
 .text.OD_write_1003
                0x00000000000081c4       0x28 ./CANopenNode/301/CO_Emergency.o
 .text.OD_read_1003
                0x00000000000081ec       0x8c ./CANopenNode/301/CO_Emergency.o
 .text.OD_read_1014_default
                0x0000000000008278       0x50 ./CANopenNode/301/CO_Emergency.o
 .text.CO_EM_init
                0x00000000000082c8      0x112 ./CANopenNode/301/CO_Emergency.o
                0x00000000000082c8                CO_EM_init
 .text.CO_error
                0x00000000000083da       0xc4 ./CANopenNode/301/CO_Emergency.o
                0x00000000000083da                CO_error
 .text.CO_EM_process
                0x000000000000849e      0x182 ./CANopenNode/301/CO_Emergency.o
                0x000000000000849e                CO_EM_process
 .text.CO_NMT_receive
                0x0000000000008620       0x18 ./CANopenNode/301/CO_NMT_Heartbeat.o
 .text.OD_write_1017
                0x0000000000008638       0x48 ./CANopenNode/301/CO_NMT_Heartbeat.o
 .text.CO_NMT_init
                0x0000000000008680       0xec ./CANopenNode/301/CO_NMT_Heartbeat.o
                0x0000000000008680                CO_NMT_init
 .text.CO_NMT_process
                0x000000000000876c      0x106 ./CANopenNode/301/CO_NMT_Heartbeat.o
                0x000000000000876c                CO_NMT_process
 .text.OD_readDisabled
                0x0000000000008872        0x4 ./CANopenNode/301/CO_ODinterface.o
 .text.OD_readOriginal
                0x0000000000008876       0x50 ./CANopenNode/301/CO_ODinterface.o
                0x0000000000008876                OD_readOriginal
 .text.OD_writeOriginal
                0x00000000000088c6       0x54 ./CANopenNode/301/CO_ODinterface.o
                0x00000000000088c6                OD_writeOriginal
 .text.OD_writeDisabled
                0x000000000000891a        0x4 ./CANopenNode/301/CO_ODinterface.o
 .text.OD_find  0x000000000000891e       0x70 ./CANopenNode/301/CO_ODinterface.o
                0x000000000000891e                OD_find
 .text.OD_getSub
                0x000000000000898e       0xf6 ./CANopenNode/301/CO_ODinterface.o
                0x000000000000898e                OD_getSub
 .text.OD_getSDOabCode
                0x0000000000008a84       0x20 ./CANopenNode/301/CO_ODinterface.o
                0x0000000000008a84                OD_getSDOabCode
 .text.OD_get_value
                0x0000000000008aa4       0x34 ./CANopenNode/301/CO_ODinterface.o
                0x0000000000008aa4                OD_get_value
 .text.OD_set_value
                0x0000000000008ad8       0x2e ./CANopenNode/301/CO_ODinterface.o
                0x0000000000008ad8                OD_set_value
 .text.OD_getPtr
                0x0000000000008b06       0x3c ./CANopenNode/301/CO_ODinterface.o
                0x0000000000008b06                OD_getPtr
 .text.OD_write_dummy
                0x0000000000008b42        0x8 ./CANopenNode/301/CO_PDO.o
 .text.OD_read_dummy
                0x0000000000008b4a       0x2e ./CANopenNode/301/CO_PDO.o
 .text.PDOconfigMap
                0x0000000000008b78      0x100 ./CANopenNode/301/CO_PDO.o
 .text.CO_PDO_receive
                0x0000000000008c78       0x48 ./CANopenNode/301/CO_PDO.o
 .text.OD_read_PDO_commParam
                0x0000000000008cc0       0x70 ./CANopenNode/301/CO_PDO.o
 .text.PDO_initMapping.constprop.3
                0x0000000000008d30       0xe6 ./CANopenNode/301/CO_PDO.o
 .text.OD_write_PDO_mapping
                0x0000000000008e16       0xb4 ./CANopenNode/301/CO_PDO.o
 .text.OD_write_18xx
                0x0000000000008eca      0x184 ./CANopenNode/301/CO_PDO.o
 .text.OD_write_14xx
                0x000000000000904e      0x15a ./CANopenNode/301/CO_PDO.o
 .text.CO_RPDO_init
                0x00000000000091a8      0x172 ./CANopenNode/301/CO_PDO.o
                0x00000000000091a8                CO_RPDO_init
 .text.CO_RPDO_process
                0x000000000000931a      0x114 ./CANopenNode/301/CO_PDO.o
                0x000000000000931a                CO_RPDO_process
 .text.CO_TPDO_init
                0x000000000000942e      0x1d2 ./CANopenNode/301/CO_PDO.o
                0x000000000000942e                CO_TPDO_init
 .text.CO_TPDO_process
                0x0000000000009600      0x15e ./CANopenNode/301/CO_PDO.o
                0x0000000000009600                CO_TPDO_process
 .text.CO_SDOserver_init_canRxTx
                0x000000000000975e       0x82 ./CANopenNode/301/CO_SDOserver.o
 .text.CO_SDO_receive
                0x00000000000097e0       0x38 ./CANopenNode/301/CO_SDOserver.o
 .text.readFromOd.isra.1.constprop.5
                0x0000000000009818       0xe2 ./CANopenNode/301/CO_SDOserver.o
 .text.OD_write_1201_additional
                0x00000000000098fa      0x158 ./CANopenNode/301/CO_SDOserver.o
 .text.CO_SDOserver_init
                0x0000000000009a52      0x172 ./CANopenNode/301/CO_SDOserver.o
                0x0000000000009a52                CO_SDOserver_init
 .text.CO_SDOserver_process
                0x0000000000009bc4      0x5e8 ./CANopenNode/301/CO_SDOserver.o
                0x0000000000009bc4                CO_SDOserver_process
 .text.CO_delete
                0x000000000000a1ac       0x56 ./CANopenNode/CANopen.o
                0x000000000000a1ac                CO_delete
 .text.CO_new   0x000000000000a202      0x102 ./CANopenNode/CANopen.o
                0x000000000000a202                CO_new
 .text.CO_CANinit
                0x000000000000a304       0x36 ./CANopenNode/CANopen.o
                0x000000000000a304                CO_CANinit
 .text.CO_LSSinit
                0x000000000000a33a       0x32 ./CANopenNode/CANopen.o
                0x000000000000a33a                CO_LSSinit
 .text.CO_CANopenInit
                0x000000000000a36c       0xb8 ./CANopenNode/CANopen.o
                0x000000000000a36c                CO_CANopenInit
 .text.CO_CANopenInitPDO
                0x000000000000a424       0xea ./CANopenNode/CANopen.o
                0x000000000000a424                CO_CANopenInitPDO
 .text.CO_process
                0x000000000000a50e       0x7e ./CANopenNode/CANopen.o
                0x000000000000a50e                CO_process
 .text.CO_process_RPDO
                0x000000000000a58c       0x40 ./CANopenNode/CANopen.o
                0x000000000000a58c                CO_process_RPDO
 .text.CO_process_TPDO
                0x000000000000a5cc       0x40 ./CANopenNode/CANopen.o
                0x000000000000a5cc                CO_process_TPDO
 .text.__addsf3
                0x000000000000a60c      0x36a c:/mounriver/mounriver_studio/toolchain/risc-v embedded gcc/bin/../lib/gcc/riscv-none-embed/8.2.0/rv32imacxw/ilp32\libgcc.a(addsf3.o)
                0x000000000000a60c                __addsf3
 .text.__divsf3
                0x000000000000a976      0x2b2 c:/mounriver/mounriver_studio/toolchain/risc-v embedded gcc/bin/../lib/gcc/riscv-none-embed/8.2.0/rv32imacxw/ilp32\libgcc.a(divsf3.o)
                0x000000000000a976                __divsf3
 .text.__gesf2  0x000000000000ac28       0x86 c:/mounriver/mounriver_studio/toolchain/risc-v embedded gcc/bin/../lib/gcc/riscv-none-embed/8.2.0/rv32imacxw/ilp32\libgcc.a(gesf2.o)
                0x000000000000ac28                __gesf2
                0x000000000000ac28                __gtsf2
 .text.__lesf2  0x000000000000acae       0x8c c:/mounriver/mounriver_studio/toolchain/risc-v embedded gcc/bin/../lib/gcc/riscv-none-embed/8.2.0/rv32imacxw/ilp32\libgcc.a(lesf2.o)
                0x000000000000acae                __ltsf2
                0x000000000000acae                __lesf2
 .text.__mulsf3
                0x000000000000ad3a      0x290 c:/mounriver/mounriver_studio/toolchain/risc-v embedded gcc/bin/../lib/gcc/riscv-none-embed/8.2.0/rv32imacxw/ilp32\libgcc.a(mulsf3.o)
                0x000000000000ad3a                __mulsf3
 .text.__subsf3
                0x000000000000afca      0x388 c:/mounriver/mounriver_studio/toolchain/risc-v embedded gcc/bin/../lib/gcc/riscv-none-embed/8.2.0/rv32imacxw/ilp32\libgcc.a(subsf3.o)
                0x000000000000afca                __subsf3
 .text.__fixsfsi
                0x000000000000b352       0x62 c:/mounriver/mounriver_studio/toolchain/risc-v embedded gcc/bin/../lib/gcc/riscv-none-embed/8.2.0/rv32imacxw/ilp32\libgcc.a(fixsfsi.o)
                0x000000000000b352                __fixsfsi
 .text.__fixunssfsi
                0x000000000000b3b4       0x56 c:/mounriver/mounriver_studio/toolchain/risc-v embedded gcc/bin/../lib/gcc/riscv-none-embed/8.2.0/rv32imacxw/ilp32\libgcc.a(fixunssfsi.o)
                0x000000000000b3b4                __fixunssfsi
 .text.__floatsisf
                0x000000000000b40a       0xc6 c:/mounriver/mounriver_studio/toolchain/risc-v embedded gcc/bin/../lib/gcc/riscv-none-embed/8.2.0/rv32imacxw/ilp32\libgcc.a(floatsisf.o)
                0x000000000000b40a                __floatsisf
 .text.__floatunsisf
                0x000000000000b4d0       0xce c:/mounriver/mounriver_studio/toolchain/risc-v embedded gcc/bin/../lib/gcc/riscv-none-embed/8.2.0/rv32imacxw/ilp32\libgcc.a(floatunsisf.o)
                0x000000000000b4d0                __floatunsisf
 .text.__clzsi2
                0x000000000000b59e       0x6e c:/mounriver/mounriver_studio/toolchain/risc-v embedded gcc/bin/../lib/gcc/riscv-none-embed/8.2.0/rv32imacxw/ilp32\libgcc.a(_clzsi2.o)
                0x000000000000b59e                __clzsi2
 .text.calloc   0x000000000000b60c        0xc c:/mounriver/mounriver_studio/toolchain/risc-v embedded gcc/bin/../lib/gcc/riscv-none-embed/8.2.0/../../../../riscv-none-embed/lib/rv32imacxw/ilp32\libg_nano.a(lib_a-calloc.o)
                0x000000000000b60c                calloc
 .text.free     0x000000000000b618        0xa c:/mounriver/mounriver_studio/toolchain/risc-v embedded gcc/bin/../lib/gcc/riscv-none-embed/8.2.0/../../../../riscv-none-embed/lib/rv32imacxw/ilp32\libg_nano.a(lib_a-malloc.o)
                0x000000000000b618                free
 .text.memcpy   0x000000000000b622       0xb2 c:/mounriver/mounriver_studio/toolchain/risc-v embedded gcc/bin/../lib/gcc/riscv-none-embed/8.2.0/../../../../riscv-none-embed/lib/rv32imacxw/ilp32\libg_nano.a(lib_a-memcpy.o)
                0x000000000000b622                memcpy
 .text.memmove  0x000000000000b6d4       0x46 c:/mounriver/mounriver_studio/toolchain/risc-v embedded gcc/bin/../lib/gcc/riscv-none-embed/8.2.0/../../../../riscv-none-embed/lib/rv32imacxw/ilp32\libg_nano.a(lib_a-memmove.o)
                0x000000000000b6d4                memmove
 .text._calloc_r
                0x000000000000b71a       0x26 c:/mounriver/mounriver_studio/toolchain/risc-v embedded gcc/bin/../lib/gcc/riscv-none-embed/8.2.0/../../../../riscv-none-embed/lib/rv32imacxw/ilp32\libg_nano.a(lib_a-nano-callocr.o)
                0x000000000000b71a                _calloc_r
 .text._free_r  0x000000000000b740       0xa4 c:/mounriver/mounriver_studio/toolchain/risc-v embedded gcc/bin/../lib/gcc/riscv-none-embed/8.2.0/../../../../riscv-none-embed/lib/rv32imacxw/ilp32\libg_nano.a(lib_a-nano-freer.o)
                0x000000000000b740                _free_r
 .text._malloc_r
                0x000000000000b7e4       0xce c:/mounriver/mounriver_studio/toolchain/risc-v embedded gcc/bin/../lib/gcc/riscv-none-embed/8.2.0/../../../../riscv-none-embed/lib/rv32imacxw/ilp32\libg_nano.a(lib_a-nano-mallocr.o)
                0x000000000000b7e4                _malloc_r
 .text.printf   0x000000000000b8b2       0x3e c:/mounriver/mounriver_studio/toolchain/risc-v embedded gcc/bin/../lib/gcc/riscv-none-embed/8.2.0/../../../../riscv-none-embed/lib/rv32imacxw/ilp32\libg_nano.a(lib_a-printf.o)
                0x000000000000b8b2                iprintf
                0x000000000000b8b2                printf
 .text._sbrk_r  0x000000000000b8f0       0x32 c:/mounriver/mounriver_studio/toolchain/risc-v embedded gcc/bin/../lib/gcc/riscv-none-embed/8.2.0/../../../../riscv-none-embed/lib/rv32imacxw/ilp32\libg_nano.a(lib_a-sbrkr.o)
                0x000000000000b8f0                _sbrk_r
 .text.strlen   0x000000000000b922       0x12 c:/mounriver/mounriver_studio/toolchain/risc-v embedded gcc/bin/../lib/gcc/riscv-none-embed/8.2.0/../../../../riscv-none-embed/lib/rv32imacxw/ilp32\libg_nano.a(lib_a-strlen.o)
                0x000000000000b922                strlen
 .text.std      0x000000000000b934       0x66 c:/mounriver/mounriver_studio/toolchain/risc-v embedded gcc/bin/../lib/gcc/riscv-none-embed/8.2.0/../../../../riscv-none-embed/lib/rv32imacxw/ilp32\libg_nano.a(lib_a-findfp.o)
 .text._cleanup_r
                0x000000000000b99a        0xa c:/mounriver/mounriver_studio/toolchain/risc-v embedded gcc/bin/../lib/gcc/riscv-none-embed/8.2.0/../../../../riscv-none-embed/lib/rv32imacxw/ilp32\libg_nano.a(lib_a-findfp.o)
                0x000000000000b99a                _cleanup_r
 .text.__sfmoreglue
                0x000000000000b9a4       0x48 c:/mounriver/mounriver_studio/toolchain/risc-v embedded gcc/bin/../lib/gcc/riscv-none-embed/8.2.0/../../../../riscv-none-embed/lib/rv32imacxw/ilp32\libg_nano.a(lib_a-findfp.o)
                0x000000000000b9a4                __sfmoreglue
 .text.__sinit  0x000000000000b9ec       0x6c c:/mounriver/mounriver_studio/toolchain/risc-v embedded gcc/bin/../lib/gcc/riscv-none-embed/8.2.0/../../../../riscv-none-embed/lib/rv32imacxw/ilp32\libg_nano.a(lib_a-findfp.o)
                0x000000000000b9ec                __sinit
 .text.__sfp    0x000000000000ba58       0xa0 c:/mounriver/mounriver_studio/toolchain/risc-v embedded gcc/bin/../lib/gcc/riscv-none-embed/8.2.0/../../../../riscv-none-embed/lib/rv32imacxw/ilp32\libg_nano.a(lib_a-findfp.o)
                0x000000000000ba58                __sfp
 .text._fwalk_reent
                0x000000000000baf8       0x6a c:/mounriver/mounriver_studio/toolchain/risc-v embedded gcc/bin/../lib/gcc/riscv-none-embed/8.2.0/../../../../riscv-none-embed/lib/rv32imacxw/ilp32\libg_nano.a(lib_a-fwalk.o)
                0x000000000000baf8                _fwalk_reent
 .text.__malloc_lock
                0x000000000000bb62        0x2 c:/mounriver/mounriver_studio/toolchain/risc-v embedded gcc/bin/../lib/gcc/riscv-none-embed/8.2.0/../../../../riscv-none-embed/lib/rv32imacxw/ilp32\libg_nano.a(lib_a-mlock.o)
                0x000000000000bb62                __malloc_lock
 .text.__malloc_unlock
                0x000000000000bb64        0x2 c:/mounriver/mounriver_studio/toolchain/risc-v embedded gcc/bin/../lib/gcc/riscv-none-embed/8.2.0/../../../../riscv-none-embed/lib/rv32imacxw/ilp32\libg_nano.a(lib_a-mlock.o)
                0x000000000000bb64                __malloc_unlock
 .text.__sfputc_r
                0x000000000000bb66       0x26 c:/mounriver/mounriver_studio/toolchain/risc-v embedded gcc/bin/../lib/gcc/riscv-none-embed/8.2.0/../../../../riscv-none-embed/lib/rv32imacxw/ilp32\libg_nano.a(lib_a-nano-vfprintf.o)
 .text.__sfputs_r
                0x000000000000bb8c       0x42 c:/mounriver/mounriver_studio/toolchain/risc-v embedded gcc/bin/../lib/gcc/riscv-none-embed/8.2.0/../../../../riscv-none-embed/lib/rv32imacxw/ilp32\libg_nano.a(lib_a-nano-vfprintf.o)
                0x000000000000bb8c                __sfputs_r
 .text._vfprintf_r
                0x000000000000bbce      0x28c c:/mounriver/mounriver_studio/toolchain/risc-v embedded gcc/bin/../lib/gcc/riscv-none-embed/8.2.0/../../../../riscv-none-embed/lib/rv32imacxw/ilp32\libg_nano.a(lib_a-nano-vfprintf.o)
                0x000000000000bbce                _vfprintf_r
                0x000000000000bbce                _vfiprintf_r
 .text._printf_common
                0x000000000000be5a      0x10c c:/mounriver/mounriver_studio/toolchain/risc-v embedded gcc/bin/../lib/gcc/riscv-none-embed/8.2.0/../../../../riscv-none-embed/lib/rv32imacxw/ilp32\libg_nano.a(lib_a-nano-vfprintf_i.o)
                0x000000000000be5a                _printf_common
 .text._printf_i
                0x000000000000bf66      0x2a2 c:/mounriver/mounriver_studio/toolchain/risc-v embedded gcc/bin/../lib/gcc/riscv-none-embed/8.2.0/../../../../riscv-none-embed/lib/rv32imacxw/ilp32\libg_nano.a(lib_a-nano-vfprintf_i.o)
                0x000000000000bf66                _printf_i
 .text.__sread  0x000000000000c208       0x2c c:/mounriver/mounriver_studio/toolchain/risc-v embedded gcc/bin/../lib/gcc/riscv-none-embed/8.2.0/../../../../riscv-none-embed/lib/rv32imacxw/ilp32\libg_nano.a(lib_a-stdio.o)
                0x000000000000c208                __sread
 .text.__swrite
                0x000000000000c234       0x48 c:/mounriver/mounriver_studio/toolchain/risc-v embedded gcc/bin/../lib/gcc/riscv-none-embed/8.2.0/../../../../riscv-none-embed/lib/rv32imacxw/ilp32\libg_nano.a(lib_a-stdio.o)
                0x000000000000c234                __swrite
 .text.__sseek  0x000000000000c27c       0x30 c:/mounriver/mounriver_studio/toolchain/risc-v embedded gcc/bin/../lib/gcc/riscv-none-embed/8.2.0/../../../../riscv-none-embed/lib/rv32imacxw/ilp32\libg_nano.a(lib_a-stdio.o)
                0x000000000000c27c                __sseek
 .text.__sclose
                0x000000000000c2ac        0x6 c:/mounriver/mounriver_studio/toolchain/risc-v embedded gcc/bin/../lib/gcc/riscv-none-embed/8.2.0/../../../../riscv-none-embed/lib/rv32imacxw/ilp32\libg_nano.a(lib_a-stdio.o)
                0x000000000000c2ac                __sclose
 .text.__swbuf_r
                0x000000000000c2b2       0xbe c:/mounriver/mounriver_studio/toolchain/risc-v embedded gcc/bin/../lib/gcc/riscv-none-embed/8.2.0/../../../../riscv-none-embed/lib/rv32imacxw/ilp32\libg_nano.a(lib_a-wbuf.o)
                0x000000000000c2b2                __swbuf_r
 .text._write_r
                0x000000000000c370       0x36 c:/mounriver/mounriver_studio/toolchain/risc-v embedded gcc/bin/../lib/gcc/riscv-none-embed/8.2.0/../../../../riscv-none-embed/lib/rv32imacxw/ilp32\libg_nano.a(lib_a-writer.o)
                0x000000000000c370                _write_r
 .text.__swsetup_r
                0x000000000000c3a6      0x100 c:/mounriver/mounriver_studio/toolchain/risc-v embedded gcc/bin/../lib/gcc/riscv-none-embed/8.2.0/../../../../riscv-none-embed/lib/rv32imacxw/ilp32\libg_nano.a(lib_a-wsetup.o)
                0x000000000000c3a6                __swsetup_r
 .text._close_r
                0x000000000000c4a6       0x30 c:/mounriver/mounriver_studio/toolchain/risc-v embedded gcc/bin/../lib/gcc/riscv-none-embed/8.2.0/../../../../riscv-none-embed/lib/rv32imacxw/ilp32\libg_nano.a(lib_a-closer.o)
                0x000000000000c4a6                _close_r
 .text.__sflush_r
                0x000000000000c4d6      0x132 c:/mounriver/mounriver_studio/toolchain/risc-v embedded gcc/bin/../lib/gcc/riscv-none-embed/8.2.0/../../../../riscv-none-embed/lib/rv32imacxw/ilp32\libg_nano.a(lib_a-fflush.o)
                0x000000000000c4d6                __sflush_r
 .text._fflush_r
                0x000000000000c608       0x68 c:/mounriver/mounriver_studio/toolchain/risc-v embedded gcc/bin/../lib/gcc/riscv-none-embed/8.2.0/../../../../riscv-none-embed/lib/rv32imacxw/ilp32\libg_nano.a(lib_a-fflush.o)
                0x000000000000c608                _fflush_r
 .text._lseek_r
                0x000000000000c670       0x34 c:/mounriver/mounriver_studio/toolchain/risc-v embedded gcc/bin/../lib/gcc/riscv-none-embed/8.2.0/../../../../riscv-none-embed/lib/rv32imacxw/ilp32\libg_nano.a(lib_a-lseekr.o)
                0x000000000000c670                _lseek_r
 .text.__swhatbuf_r
                0x000000000000c6a4       0x56 c:/mounriver/mounriver_studio/toolchain/risc-v embedded gcc/bin/../lib/gcc/riscv-none-embed/8.2.0/../../../../riscv-none-embed/lib/rv32imacxw/ilp32\libg_nano.a(lib_a-makebuf.o)
                0x000000000000c6a4                __swhatbuf_r
 .text.__smakebuf_r
                0x000000000000c6fa       0x92 c:/mounriver/mounriver_studio/toolchain/risc-v embedded gcc/bin/../lib/gcc/riscv-none-embed/8.2.0/../../../../riscv-none-embed/lib/rv32imacxw/ilp32\libg_nano.a(lib_a-makebuf.o)
                0x000000000000c6fa                __smakebuf_r
 .text.memchr   0x000000000000c78c       0x18 c:/mounriver/mounriver_studio/toolchain/risc-v embedded gcc/bin/../lib/gcc/riscv-none-embed/8.2.0/../../../../riscv-none-embed/lib/rv32imacxw/ilp32\libg_nano.a(lib_a-memchr.o)
                0x000000000000c78c                memchr
 .text._read_r  0x000000000000c7a4       0x34 c:/mounriver/mounriver_studio/toolchain/risc-v embedded gcc/bin/../lib/gcc/riscv-none-embed/8.2.0/../../../../riscv-none-embed/lib/rv32imacxw/ilp32\libg_nano.a(lib_a-readr.o)
                0x000000000000c7a4                _read_r
 .text._fstat_r
                0x000000000000c7d8       0x32 c:/mounriver/mounriver_studio/toolchain/risc-v embedded gcc/bin/../lib/gcc/riscv-none-embed/8.2.0/../../../../riscv-none-embed/lib/rv32imacxw/ilp32\libg_nano.a(lib_a-fstatr.o)
                0x000000000000c7d8                _fstat_r
 .text._isatty_r
                0x000000000000c80a       0x30 c:/mounriver/mounriver_studio/toolchain/risc-v embedded gcc/bin/../lib/gcc/riscv-none-embed/8.2.0/../../../../riscv-none-embed/lib/rv32imacxw/ilp32\libg_nano.a(lib_a-isattyr.o)
                0x000000000000c80a                _isatty_r
 .text._close   0x000000000000c83a       0x10 c:/mounriver/mounriver_studio/toolchain/risc-v embedded gcc/bin/../lib/gcc/riscv-none-embed/8.2.0/../../../../riscv-none-embed/lib/rv32imacxw/ilp32\libnosys.a(close.o)
                0x000000000000c83a                _close
 .text._fstat   0x000000000000c84a       0x10 c:/mounriver/mounriver_studio/toolchain/risc-v embedded gcc/bin/../lib/gcc/riscv-none-embed/8.2.0/../../../../riscv-none-embed/lib/rv32imacxw/ilp32\libnosys.a(fstat.o)
                0x000000000000c84a                _fstat
 .text._isatty  0x000000000000c85a       0x10 c:/mounriver/mounriver_studio/toolchain/risc-v embedded gcc/bin/../lib/gcc/riscv-none-embed/8.2.0/../../../../riscv-none-embed/lib/rv32imacxw/ilp32\libnosys.a(isatty.o)
                0x000000000000c85a                _isatty
 .text._lseek   0x000000000000c86a       0x10 c:/mounriver/mounriver_studio/toolchain/risc-v embedded gcc/bin/../lib/gcc/riscv-none-embed/8.2.0/../../../../riscv-none-embed/lib/rv32imacxw/ilp32\libnosys.a(lseek.o)
                0x000000000000c86a                _lseek
 .text._read    0x000000000000c87a       0x10 c:/mounriver/mounriver_studio/toolchain/risc-v embedded gcc/bin/../lib/gcc/riscv-none-embed/8.2.0/../../../../riscv-none-embed/lib/rv32imacxw/ilp32\libnosys.a(read.o)
                0x000000000000c87a                _read
 *(.rodata)
 *(.rodata*)
 *fill*         0x000000000000c88a        0x2 
 .rodata.CalPoint
                0x000000000000c88c       0x48 ./User/DataModel.o
 .rodata.bitrate_table
                0x000000000000c8d4       0x10 ./User/DataModel.o
 .rodata.seg_const
                0x000000000000c8e4       0x12 ./User/DataModel.o
 *fill*         0x000000000000c8f6        0x2 
 .rodata.vIncrementSystemCounters.cst4
                0x000000000000c8f8        0x8 ./User/DataModel.o
 .rodata.getODValue
                0x000000000000c900       0x74 ./User/dash_draw.o
 .rodata.MenuStateCross
                0x000000000000c974       0x14 ./User/dash_draw.o
 .rodata.dm     0x000000000000c988       0x3f ./User/dash_draw.o
 *fill*         0x000000000000c9c7        0x1 
 .rodata.getODValue.cst4
                0x000000000000c9c8        0x4 ./User/dash_draw.o
                                          0x8 (size before relaxing)
 .rodata.vBarColorMode.cst4
                0x000000000000c9cc        0x4 ./User/dash_draw.o
 .rodata.ADC_FSM.cst4
                0x000000000000c9d0       0x14 ./User/inputs.o
 .rodata.vInputsTask.cst4
                0x000000000000c9e4        0xc ./User/inputs.o
 .rodata.SetSegDirect
                0x000000000000c9f0       0x1c ./User/led.o
 .rodata.Brigth
                0x000000000000ca0c       0x1e ./User/led.o
 *fill*         0x000000000000ca2a        0x2 
 .rodata.DigitMask
                0x000000000000ca2c        0xa ./User/led.o
                0x000000000000ca2c                DigitMask
 *fill*         0x000000000000ca36        0x2 
 .rodata.offset_mask
                0x000000000000ca38        0xe ./User/led.o
 *fill*         0x000000000000ca46        0x2 
 .rodata.step_mask
                0x000000000000ca48        0xe ./User/led.o
 *fill*         0x000000000000ca56        0x2 
 .rodata.OD_ADC1_CAL_extension
                0x000000000000ca58       0x10 ./User/process.o
                0x000000000000ca58                OD_ADC1_CAL_extension
 .rodata.OD_ADC2_CAL_extension
                0x000000000000ca68       0x10 ./User/process.o
                0x000000000000ca68                OD_ADC2_CAL_extension
 .rodata.OD_ADC3_CAL_extension
                0x000000000000ca78       0x10 ./User/process.o
                0x000000000000ca78                OD_ADC3_CAL_extension
 .rodata.OD_AIN_RPM_extension
                0x000000000000ca88       0x10 ./User/process.o
                0x000000000000ca88                OD_AIN_RPM_extension
 .rodata.OD_BAR_extension
                0x000000000000ca98       0x10 ./User/process.o
                0x000000000000ca98                OD_BAR_extension
 .rodata.OD_BOARD_SETTINGS_extension
                0x000000000000caa8       0x10 ./User/process.o
                0x000000000000caa8                OD_BOARD_SETTINGS_extension
 .rodata.OD_DASH_PARAM_extension
                0x000000000000cab8       0x10 ./User/process.o
                0x000000000000cab8                OD_DASH_PARAM_extension
 .rodata.OD_DIN_extension
                0x000000000000cac8       0x10 ./User/process.o
                0x000000000000cac8                OD_DIN_extension
 .rodata.OD_MENU_MAP_extension
                0x000000000000cad8       0x10 ./User/process.o
                0x000000000000cad8                OD_MENU_MAP_extension
 .rodata.OD_MENU_SETUP_extension
                0x000000000000cae8       0x10 ./User/process.o
                0x000000000000cae8                OD_MENU_SETUP_extension
 .rodata.OD_RGB10_extension
                0x000000000000caf8       0x10 ./User/process.o
                0x000000000000caf8                OD_RGB10_extension
 .rodata.OD_RGB11_extension
                0x000000000000cb08       0x10 ./User/process.o
                0x000000000000cb08                OD_RGB11_extension
 .rodata.OD_RGB12_extension
                0x000000000000cb18       0x10 ./User/process.o
                0x000000000000cb18                OD_RGB12_extension
 .rodata.OD_RGB13_extension
                0x000000000000cb28       0x10 ./User/process.o
                0x000000000000cb28                OD_RGB13_extension
 .rodata.OD_RGB1_extension
                0x000000000000cb38       0x10 ./User/process.o
                0x000000000000cb38                OD_RGB1_extension
 .rodata.OD_RGB2_extension
                0x000000000000cb48       0x10 ./User/process.o
                0x000000000000cb48                OD_RGB2_extension
 .rodata.OD_RGB3_extension
                0x000000000000cb58       0x10 ./User/process.o
                0x000000000000cb58                OD_RGB3_extension
 .rodata.OD_RGB4_extension
                0x000000000000cb68       0x10 ./User/process.o
                0x000000000000cb68                OD_RGB4_extension
 .rodata.OD_RGB5_extension
                0x000000000000cb78       0x10 ./User/process.o
                0x000000000000cb78                OD_RGB5_extension
 .rodata.OD_RGB6_extension
                0x000000000000cb88       0x10 ./User/process.o
                0x000000000000cb88                OD_RGB6_extension
 .rodata.OD_RGB7_extension
                0x000000000000cb98       0x10 ./User/process.o
                0x000000000000cb98                OD_RGB7_extension
 .rodata.OD_RGB8_extension
                0x000000000000cba8       0x10 ./User/process.o
                0x000000000000cba8                OD_RGB8_extension
 .rodata.OD_RGB9_extension
                0x000000000000cbb8       0x10 ./User/process.o
                0x000000000000cbb8                OD_RGB9_extension
 .rodata.OD_RGBMAP_extension
                0x000000000000cbc8       0x10 ./User/process.o
                0x000000000000cbc8                OD_RGBMAP_extension
 .rodata.OD_RPMCONFIG_extension
                0x000000000000cbd8       0x10 ./User/process.o
                0x000000000000cbd8                OD_RPMCONFIG_extension
 .rodata.OD_SEG_extension
                0x000000000000cbe8       0x10 ./User/process.o
                0x000000000000cbe8                OD_SEG_extension
 .rodata.OD_VRegiters_extension
                0x000000000000cbf8       0x10 ./User/process.o
                0x000000000000cbf8                OD_VRegiters_extension
 .rodata.writeADC.isra.9.cst4
                0x000000000000cc08        0x4 ./User/process.o
 .rodata.vSYStaskInit.str1.4
                0x000000000000cc08       0x44 ./User/system_init.o
 .rodata.GetRPM.cst4
                0x000000000000cc4c        0x8 ./HWLIB/hw_lib_din.o
 .rodata.vSetRPMConfig.cst4
                0x000000000000cc54        0x4 ./HWLIB/hw_lib_din.o
 .rodata.ADC_chennel_ref
                0x000000000000cc58       0x12 ./HAL/hal_adc_ch32.o
 *fill*         0x000000000000cc6a        0x2 
 .rodata.I2C_FSM
                0x000000000000cc6c       0x30 ./HAL/hal_i2c.o
 .rodata.timers
                0x000000000000cc9c       0x14 ./HAL/hal_timers.o
 .rodata.pvPortMalloc.str1.4
                0x000000000000ccb0       0x49 ./FreeRTOS/portable/MemMang/heap_4.o
 *fill*         0x000000000000ccf9        0x3 
 .rodata.xPortStartScheduler.str1.4
                0x000000000000ccfc       0x27 ./FreeRTOS/portable/GCC/RISC-V/port.o
                                         0x49 (size before relaxing)
 *fill*         0x000000000000cd23        0x1 
 .rodata.xQueueGenericReset.str1.4
                0x000000000000cd24       0x14 ./FreeRTOS/queue.o
                                         0x35 (size before relaxing)
 .rodata.xTaskGenericNotify
                0x000000000000cd38       0x14 ./FreeRTOS/tasks.o
 .rodata.xTaskGenericNotifyFromISR
                0x000000000000cd4c       0x14 ./FreeRTOS/tasks.o
 .rodata.prvTaskIsTaskSuspended.str1.4
                0x000000000000cd60       0x14 ./FreeRTOS/tasks.o
                                         0x35 (size before relaxing)
 .rodata.vTaskStartScheduler.str1.4
                0x000000000000cd74        0x5 ./FreeRTOS/tasks.o
 *fill*         0x000000000000cd79        0x3 
 .rodata.vInitABFilter.cst4
                0x000000000000cd7c        0x4 ./Drivers/filters.o
 .rodata.ODObjs
                0x000000000000cd80      0xb70 ./CANopenNode/keypad/OD.o
 .rodata.CO_LSS_bitTimingTableLookup
                0x000000000000d8f0       0x14 ./CANopenNode/305/CO_LSSslave.o
 .rodata.abortCodes.6833
                0x000000000000d904       0x68 ./CANopenNode/301/CO_ODinterface.o
 .rodata.__divsf3
                0x000000000000d96c       0x80 c:/mounriver/mounriver_studio/toolchain/risc-v embedded gcc/bin/../lib/gcc/riscv-none-embed/8.2.0/rv32imacxw/ilp32\libgcc.a(divsf3.o)
 .rodata.__mulsf3
                0x000000000000d9ec       0x40 c:/mounriver/mounriver_studio/toolchain/risc-v embedded gcc/bin/../lib/gcc/riscv-none-embed/8.2.0/rv32imacxw/ilp32\libgcc.a(mulsf3.o)
 .rodata.__clz_tab
                0x000000000000da2c      0x100 c:/mounriver/mounriver_studio/toolchain/risc-v embedded gcc/bin/../lib/gcc/riscv-none-embed/8.2.0/rv32imacxw/ilp32\libgcc.a(_clz.o)
                0x000000000000da2c                __clz_tab
 .rodata.__sf_fake_stderr
                0x000000000000db2c       0x20 c:/mounriver/mounriver_studio/toolchain/risc-v embedded gcc/bin/../lib/gcc/riscv-none-embed/8.2.0/../../../../riscv-none-embed/lib/rv32imacxw/ilp32\libg_nano.a(lib_a-findfp.o)
                0x000000000000db2c                __sf_fake_stderr
 .rodata.__sf_fake_stdin
                0x000000000000db4c       0x20 c:/mounriver/mounriver_studio/toolchain/risc-v embedded gcc/bin/../lib/gcc/riscv-none-embed/8.2.0/../../../../riscv-none-embed/lib/rv32imacxw/ilp32\libg_nano.a(lib_a-findfp.o)
                0x000000000000db4c                __sf_fake_stdin
 .rodata.__sf_fake_stdout
                0x000000000000db6c       0x20 c:/mounriver/mounriver_studio/toolchain/risc-v embedded gcc/bin/../lib/gcc/riscv-none-embed/8.2.0/../../../../riscv-none-embed/lib/rv32imacxw/ilp32\libg_nano.a(lib_a-findfp.o)
                0x000000000000db6c                __sf_fake_stdout
 .rodata._vfprintf_r.str1.4
                0x000000000000db8c       0x13 c:/mounriver/mounriver_studio/toolchain/risc-v embedded gcc/bin/../lib/gcc/riscv-none-embed/8.2.0/../../../../riscv-none-embed/lib/rv32imacxw/ilp32\libg_nano.a(lib_a-nano-vfprintf.o)
 *fill*         0x000000000000db9f        0x1 
 .rodata._printf_i.str1.4
                0x000000000000dba0       0x28 c:/mounriver/mounriver_studio/toolchain/risc-v embedded gcc/bin/../lib/gcc/riscv-none-embed/8.2.0/../../../../riscv-none-embed/lib/rv32imacxw/ilp32\libg_nano.a(lib_a-nano-vfprintf_i.o)
                                         0x25 (size before relaxing)
 *(.glue_7)
 *(.glue_7t)
 *(.gnu.linkonce.t.*)
                0x000000000000dbc8                . = ALIGN (0x4)

.rela.dyn       0x000000000000dbc8        0x0
 .rela.init     0x000000000000dbc8        0x0 ./User/CanOpenNode.o
 .rela.vector   0x000000000000dbc8        0x0 ./User/CanOpenNode.o
 .rela.text.handle_reset
                0x000000000000dbc8        0x0 ./User/CanOpenNode.o
 .rela.text.xPortStartScheduler
                0x000000000000dbc8        0x0 ./User/CanOpenNode.o
 .rela.sdata2.xISRStackTop
                0x000000000000dbc8        0x0 ./User/CanOpenNode.o
 .rela.text._sbrk
                0x000000000000dbc8        0x0 ./User/CanOpenNode.o
 .rela.sdata.curbrk.4668
                0x000000000000dbc8        0x0 ./User/CanOpenNode.o
 .rela.text._sbrk_r
                0x000000000000dbc8        0x0 ./User/CanOpenNode.o
 .rela.text._vfprintf_r
                0x000000000000dbc8        0x0 ./User/CanOpenNode.o
 .rela.text._write_r
                0x000000000000dbc8        0x0 ./User/CanOpenNode.o
 .rela.text._close_r
                0x000000000000dbc8        0x0 ./User/CanOpenNode.o
 .rela.text._lseek_r
                0x000000000000dbc8        0x0 ./User/CanOpenNode.o
 .rela.text._read_r
                0x000000000000dbc8        0x0 ./User/CanOpenNode.o
 .rela.text._fstat_r
                0x000000000000dbc8        0x0 ./User/CanOpenNode.o
 .rela.text._isatty_r
                0x000000000000dbc8        0x0 ./User/CanOpenNode.o
 .rela.text._close
                0x000000000000dbc8        0x0 ./User/CanOpenNode.o
 .rela.text._fstat
                0x000000000000dbc8        0x0 ./User/CanOpenNode.o
 .rela.text._isatty
                0x000000000000dbc8        0x0 ./User/CanOpenNode.o
 .rela.text._lseek
                0x000000000000dbc8        0x0 ./User/CanOpenNode.o
 .rela.text._read
                0x000000000000dbc8        0x0 ./User/CanOpenNode.o

.fini           0x000000000000dbc8        0x0
 *(SORT_NONE(.fini))
                0x000000000000dbc8                . = ALIGN (0x4)
                [!provide]                        PROVIDE (_etext = .)
                [!provide]                        PROVIDE (_eitcm = .)

.preinit_array  0x000000000000dbc8        0x0
                [!provide]                        PROVIDE (__preinit_array_start = .)
 *(.preinit_array)
                [!provide]                        PROVIDE (__preinit_array_end = .)

.init_array     0x000000000000dbc8        0x0
                [!provide]                        PROVIDE (__init_array_start = .)
 *(SORT_BY_INIT_PRIORITY(.init_array.*) SORT_BY_INIT_PRIORITY(.ctors.*))