Archive member included to satisfy reference by file (symbol)

c:/mounriver/mounriver_studio/toolchain/risc-v embedded gcc/bin/../lib/gcc/riscv-none-embed/8.2.0/rv32imacxw/ilp32\libgcc.a(addsf3.o)
                              ./User/DataModel.o (__addsf3)
c:/mounriver/mounriver_studio/toolchain/risc-v embedded gcc/bin/../lib/gcc/riscv-none-embed/8.2.0/rv32imacxw/ilp32\libgcc.a(divsf3.o)
                              ./User/DataModel.o (__divsf3)
c:/mounriver/mounriver_studio/toolchain/risc-v embedded gcc/bin/../lib/gcc/riscv-none-embed/8.2.0/rv32imacxw/ilp32\libgcc.a(eqsf2.o)
                              ./HWLIB/hw_lib_din.o (__nesf2)
c:/mounriver/mounriver_studio/toolchain/risc-v embedded gcc/bin/../lib/gcc/riscv-none-embed/8.2.0/rv32imacxw/ilp32\libgcc.a(gesf2.o)
                              ./User/inputs.o (__gesf2)
c:/mounriver/mounriver_studio/toolchain/risc-v embedded gcc/bin/../lib/gcc/riscv-none-embed/8.2.0/rv32imacxw/ilp32\libgcc.a(lesf2.o)
                              ./HWLIB/hw_lib_adc.o (__lesf2)
c:/mounriver/mounriver_studio/toolchain/risc-v embedded gcc/bin/../lib/gcc/riscv-none-embed/8.2.0/rv32imacxw/ilp32\libgcc.a(mulsf3.o)
                              ./User/dash_draw.o (__mulsf3)
c:/mounriver/mounriver_studio/toolchain/risc-v embedded gcc/bin/../lib/gcc/riscv-none-embed/8.2.0/rv32imacxw/ilp32\libgcc.a(subsf3.o)
                              ./User/inputs.o (__subsf3)
c:/mounriver/mounriver_studio/toolchain/risc-v embedded gcc/bin/../lib/gcc/riscv-none-embed/8.2.0/rv32imacxw/ilp32\libgcc.a(fixsfsi.o)
                              ./User/dash_draw.o (__fixsfsi)
c:/mounriver/mounriver_studio/toolchain/risc-v embedded gcc/bin/../lib/gcc/riscv-none-embed/8.2.0/rv32imacxw/ilp32\libgcc.a(fixunssfsi.o)
                              ./User/DataModel.o (__fixunssfsi)
c:/mounriver/mounriver_studio/toolchain/risc-v embedded gcc/bin/../lib/gcc/riscv-none-embed/8.2.0/rv32imacxw/ilp32\libgcc.a(floatsisf.o)
                              ./User/DataModel.o (__floatsisf)
c:/mounriver/mounriver_studio/toolchain/risc-v embedded gcc/bin/../lib/gcc/riscv-none-embed/8.2.0/rv32imacxw/ilp32\libgcc.a(floatunsisf.o)
                              ./User/DataModel.o (__floatunsisf)
c:/mounriver/mounriver_studio/toolchain/risc-v embedded gcc/bin/../lib/gcc/riscv-none-embed/8.2.0/rv32imacxw/ilp32\libgcc.a(save-restore.o)
                              ./User/dash_draw.o (__riscv_save_12)
c:/mounriver/mounriver_studio/toolchain/risc-v embedded gcc/bin/../lib/gcc/riscv-none-embed/8.2.0/rv32imacxw/ilp32\libgcc.a(_clzsi2.o)
                              c:/mounriver/mounriver_studio/toolchain/risc-v embedded gcc/bin/../lib/gcc/riscv-none-embed/8.2.0/rv32imacxw/ilp32\libgcc.a(addsf3.o) (__clzsi2)
c:/mounriver/mounriver_studio/toolchain/risc-v embedded gcc/bin/../lib/gcc/riscv-none-embed/8.2.0/rv32imacxw/ilp32\libgcc.a(_clz.o)
                              c:/mounriver/mounriver_studio/toolchain/risc-v embedded gcc/bin/../lib/gcc/riscv-none-embed/8.2.0/rv32imacxw/ilp32\libgcc.a(_clzsi2.o) (__clz_tab)
c:/mounriver/mounriver_studio/toolchain/risc-v embedded gcc/bin/../lib/gcc/riscv-none-embed/8.2.0/../../../../riscv-none-embed/lib/rv32imacxw/ilp32\libg_nano.a(lib_a-calloc.o)
                              ./CANopenNode/CANopen.o (calloc)
c:/mounriver/mounriver_studio/toolchain/risc-v embedded gcc/bin/../lib/gcc/riscv-none-embed/8.2.0/../../../../riscv-none-embed/lib/rv32imacxw/ilp32\libg_nano.a(lib_a-impure.o)
                              c:/mounriver/mounriver_studio/toolchain/risc-v embedded gcc/bin/../lib/gcc/riscv-none-embed/8.2.0/../../../../riscv-none-embed/lib/rv32imacxw/ilp32\libg_nano.a(lib_a-calloc.o) (_impure_ptr)
c:/mounriver/mounriver_studio/toolchain/risc-v embedded gcc/bin/../lib/gcc/riscv-none-embed/8.2.0/../../../../riscv-none-embed/lib/rv32imacxw/ilp32\libg_nano.a(lib_a-malloc.o)
                              ./CANopenNode/CANopen.o (free)
c:/mounriver/mounriver_studio/toolchain/risc-v embedded gcc/bin/../lib/gcc/riscv-none-embed/8.2.0/../../../../riscv-none-embed/lib/rv32imacxw/ilp32\libg_nano.a(lib_a-memcpy.o)
                              ./User/DataModel.o (memcpy)
c:/mounriver/mounriver_studio/toolchain/risc-v embedded gcc/bin/../lib/gcc/riscv-none-embed/8.2.0/../../../../riscv-none-embed/lib/rv32imacxw/ilp32\libg_nano.a(lib_a-memmove.o)
                              ./CANopenNode/301/CO_SDOserver.o (memmove)
c:/mounriver/mounriver_studio/toolchain/risc-v embedded gcc/bin/../lib/gcc/riscv-none-embed/8.2.0/../../../../riscv-none-embed/lib/rv32imacxw/ilp32\libg_nano.a(lib_a-memset.o)
                              ./User/DataModel.o (memset)
c:/mounriver/mounriver_studio/toolchain/risc-v embedded gcc/bin/../lib/gcc/riscv-none-embed/8.2.0/../../../../riscv-none-embed/lib/rv32imacxw/ilp32\libg_nano.a(lib_a-nano-callocr.o)
[...]
Memory Configuration

Name             Origin             Length             Attributes
FLASH            0x0000000000000000 0x0000000000010000 xr
RAM              0x0000000020000000 0x0000000000005000 xrw
*default*        0x0000000000000000 0xffffffffffffffff

Linker script and memory map

LOAD ./User/CanOpenNode.o
LOAD ./User/DataModel.o
LOAD ./User/ch32v20x_it.o
LOAD ./User/dash_draw.o
LOAD ./User/init.o
LOAD ./User/inputs.o
LOAD ./User/led.o
LOAD ./User/main.o
LOAD ./User/process.o
LOAD ./User/system_ch32v20x.o
LOAD ./User/system_init.o
LOAD ./Startup/startup_ch32v20x_D6.o
LOAD ./Peripheral/src/ch32v20x_adc.o
LOAD ./Peripheral/src/ch32v20x_bkp.o
LOAD ./Peripheral/src/ch32v20x_can.o
LOAD ./Peripheral/src/ch32v20x_crc.o
LOAD ./Peripheral/src/ch32v20x_dbgmcu.o
LOAD ./Peripheral/src/ch32v20x_dma.o
LOAD ./Peripheral/src/ch32v20x_exti.o
LOAD ./Peripheral/src/ch32v20x_flash.o
LOAD ./Peripheral/src/ch32v20x_gpio.o
LOAD ./Peripheral/src/ch32v20x_i2c.o
LOAD ./Peripheral/src/ch32v20x_iwdg.o
LOAD ./Peripheral/src/ch32v20x_misc.o
LOAD ./Peripheral/src/ch32v20x_opa.o
LOAD ./Peripheral/src/ch32v20x_pwr.o
LOAD ./Peripheral/src/ch32v20x_rcc.o
LOAD ./Peripheral/src/ch32v20x_rtc.o
LOAD ./Peripheral/src/ch32v20x_spi.o
LOAD ./Peripheral/src/ch32v20x_tim.o
LOAD ./Peripheral/src/ch32v20x_usart.o
LOAD ./Peripheral/src/ch32v20x_wwdg.o
LOAD ./HWLIB/hw_lib_adc.o
LOAD ./HWLIB/hw_lib_din.o
LOAD ./HWLIB/hw_lib_eeprom.o
LOAD ./HWLIB/hw_lib_keyboard.o
LOAD ./HAL/hal_adc.o
LOAD ./HAL/hal_can.o
LOAD ./HAL/hal_dma.o
LOAD ./HAL/hal_gpio.o
LOAD ./HAL/hal_i2c.o
LOAD ./HAL/hal_rtc.o
LOAD ./HAL/hal_spi.o
LOAD ./HAL/hal_timers.o
LOAD ./HAL/hal_wdt.o
LOAD ./FreeRTOS/portable/MemMang/heap_4.o
LOAD ./FreeRTOS/portable/GCC/RISC-V/port.o
LOAD ./FreeRTOS/portable/GCC/RISC-V/portASM.o
LOAD ./FreeRTOS/croutine.o
LOAD ./FreeRTOS/event_groups.o
LOAD ./FreeRTOS/list.o
LOAD ./FreeRTOS/queue.o
LOAD ./FreeRTOS/stream_buffer.o
LOAD ./FreeRTOS/tasks.o
LOAD ./FreeRTOS/timers.o
LOAD ./Drivers/filters.o
LOAD ./Debug/debug.o
LOAD ./Core/core_riscv.o
LOAD ./CANopenNode/keypad/CO_driver_ST32F103.o
LOAD ./CANopenNode/keypad/OD.o
LOAD ./CANopenNode/extra/CO_trace.o
LOAD ./CANopenNode/309/CO_gateway_ascii.o
LOAD ./CANopenNode/305/CO_LSSmaster.o
LOAD ./CANopenNode/305/CO_LSSslave.o
LOAD ./CANopenNode/304/CO_GFC.o
LOAD ./CANopenNode/304/CO_SRDO.o
LOAD ./CANopenNode/303/CO_LEDs.o
LOAD ./CANopenNode/301/CO_Emergency.o
LOAD ./CANopenNode/301/CO_HBconsumer.o
LOAD ./CANopenNode/301/CO_NMT_Heartbeat.o
LOAD ./CANopenNode/301/CO_Node_Guarding.o
LOAD ./CANopenNode/301/CO_ODinterface.o
LOAD ./CANopenNode/301/CO_PDO.o
LOAD ./CANopenNode/301/CO_SDOclient.o
LOAD ./CANopenNode/301/CO_SDOserver.o
LOAD ./CANopenNode/301/CO_SYNC.o
LOAD ./CANopenNode/301/CO_TIME.o
LOAD ./CANopenNode/301/CO_fifo.o
LOAD ./CANopenNode/301/crc16-ccitt.o
LOAD ./CANopenNode/CANopen.o
LOAD c:/mounriver/mounriver_studio/toolchain/risc-v embedded gcc/bin/../lib/gcc/riscv-none-embed/8.2.0/../../../../riscv-none-embed/lib/rv32imacxw/ilp32\libm.a
LOAD c:/mounriver/mounriver_studio/toolchain/risc-v embedded gcc/bin/../lib/gcc/riscv-none-embed/8.2.0/rv32imacxw/ilp32\libgcc.a
LOAD c:/mounriver/mounriver_studio/toolchain/risc-v embedded gcc/bin/../lib/gcc/riscv-none-embed/8.2.0/../../../../riscv-none-embed/lib/rv32imacxw/ilp32\libg_nano.a
LOAD c:/mounriver/mounriver_studio/toolchain/risc-v embedded gcc/bin/../lib/gcc/riscv-none-embed/8.2.0/../../../../riscv-none-embed/lib/rv32imacxw/ilp32\libc_nano.a
LOAD c:/mounriver/mounriver_studio/toolchain/risc-v embedded gcc/bin/../lib/gcc/riscv-none-embed/8.2.0/rv32imacxw/ilp32\libgcc.a
START GROUP
LOAD c:/mounriver/mounriver_studio/toolchain/risc-v embedded gcc/bin/../lib/gcc/riscv-none-embed/8.2.0/rv32imacxw/ilp32\libgcc.a
LOAD c:/mounriver/mounriver_studio/toolchain/risc-v embedded gcc/bin/../lib/gcc/riscv-none-embed/8.2.0/../../../../riscv-none-embed/lib/rv32imacxw/ilp32\libc_nano.a
LOAD c:/mounriver/mounriver_studio/toolchain/risc-v embedded gcc/bin/../lib/gcc/riscv-none-embed/8.2.0/../../../../riscv-none-embed/lib/rv32imacxw/ilp32\libnosys.a
END GROUP
START GROUP
LOAD c:/mounriver/mounriver_studio/toolchain/risc-v embedded gcc/bin/../lib/gcc/riscv-none-embed/8.2.0/rv32imacxw/ilp32\libgcc.a
LOAD c:/mounriver/mounriver_studio/toolchain/risc-v embedded gcc/bin/../lib/gcc/riscv-none-embed/8.2.0/../../../../riscv-none-embed/lib/rv32imacxw/ilp32\libc_nano.a
LOAD c:/mounriver/mounriver_studio/toolchain/risc-v embedded gcc/bin/../lib/gcc/riscv-none-embed/8.2.0/../../../../riscv-none-embed/lib/rv32imacxw/ilp32\libnosys.a
END GROUP
                0x0000000000000be8                __stack_size = 0xbe8
                [!provide]                        PROVIDE (_stack_size = __stack_size)

.init           0x0000000000000000       0x38
                0x0000000000000000                _sinit = .
                0x0000000000000000                . = ALIGN (0x4)
 *(SORT_NONE(.init))
 .init          0x0000000000000000       0x38 ./Startup/startup_ch32v20x_D6.o
                0x0000000000000000                _start
                0x0000000000000038                . = ALIGN (0x4)
                0x0000000000000038                _einit = .

.vector         0x0000000000000038      0x108
 *(.vector)
 .vector        0x0000000000000038       0xfc ./Startup/startup_ch32v20x_D6.o
                0x0000000000000140                . = ALIGN (0x40)
 *fill*         0x0000000000000134        0xc 

.text           0x0000000000000200     0xf400
                0x0000000000000200                . = ALIGN (0x4)
 *(.text)
 .text          0x0000000000000200      0x2ee ./FreeRTOS/portable/GCC/RISC-V/portASM.o
                0x0000000000000200                SW_Handler
                0x0000000000000300                xPortStartFirstTask
                0x0000000000000400                pxPortInitialiseStack
 .text          0x00000000000004ee       0x60 c:/mounriver/mounriver_studio/toolchain/risc-v embedded gcc/bin/../lib/gcc/riscv-none-embed/8.2.0/rv32imacxw/ilp32\libgcc.a(save-restore.o)
                0x00000000000004ee                __riscv_save_12
                0x00000000000004f6                __riscv_save_9
                0x00000000000004f6                __riscv_save_11
                0x00000000000004f6                __riscv_save_10
                0x00000000000004f6                __riscv_save_8
                0x0000000000000504                __riscv_save_4
                0x0000000000000504                __riscv_save_6
                0x0000000000000504                __riscv_save_5
                0x0000000000000504                __riscv_save_7
                0x000000000000051e                __riscv_save_3
                0x000000000000051e                __riscv_save_2
                0x000000000000051e                __riscv_save_1
                0x000000000000051e                __riscv_save_0
                0x000000000000052a                __riscv_restore_12
                0x000000000000052e                __riscv_restore_11
                0x000000000000052e                __riscv_restore_9
                0x000000000000052e                __riscv_restore_10
                0x000000000000052e                __riscv_restore_8
                0x0000000000000538                __riscv_restore_5
                0x0000000000000538                __riscv_restore_7
                0x0000000000000538                __riscv_restore_6
                0x0000000000000538                __riscv_restore_4
                0x0000000000000542                __riscv_restore_3
                0x0000000000000542                __riscv_restore_0
                0x0000000000000542                __riscv_restore_2
                0x0000000000000542                __riscv_restore_1
 .text          0x000000000000054e       0xa8 c:/mounriver/mounriver_studio/toolchain/risc-v embedded gcc/bin/../lib/gcc/riscv-none-embed/8.2.0/../../../../riscv-none-embed/lib/rv32imacxw/ilp32\libg_nano.a(lib_a-memset.o)
                0x000000000000054e                memset
 *(.text.*)
 .text.xCanOpenProcessTaskHandle
                0x00000000000005f6        0xa ./User/CanOpenNode.o
                0x00000000000005f6                xCanOpenProcessTaskHandle
 .text.xCanOpenPeriodicTaskHandle
                0x0000000000000600        0xa ./User/CanOpenNode.o
                0x0000000000000600                xCanOpenPeriodicTaskHandle
 .text.vCanOpenInit
                0x000000000000060a        0xa ./User/CanOpenNode.o
                0x000000000000060a                vCanOpenInit
 .text.vCanOpenProcess
                0x0000000000000614      0x192 ./User/CanOpenNode.o
                0x0000000000000614                vCanOpenProcess
 .text.vCanOpenPeriodicProcess
                0x00000000000007a6       0x82 ./User/CanOpenNode.o
                0x00000000000007a6                vCanOpenPeriodicProcess
 .text.xDataRegQueue
                0x0000000000000828        0xa ./User/DataModel.o
                0x0000000000000828                xDataRegQueue
 .text.vDataModelRegDelayWrite
                0x0000000000000832       0x34 ./User/DataModel.o
                0x0000000000000832                vDataModelRegDelayWrite
 .text.setReg32
                0x0000000000000866       0x1a ./User/DataModel.o
                0x0000000000000866                setReg32
 .text.setReg16
                0x0000000000000880        0xe ./User/DataModel.o
                0x0000000000000880                setReg16
 .text.setReg8  0x000000000000088e        0xa ./User/DataModel.o
                0x000000000000088e                setReg8
 .text.SaveReg16
                0x0000000000000898       0x14 ./User/DataModel.o
                0x0000000000000898                SaveReg16
 .text.getReg16
                0x00000000000008ac       0x10 ./User/DataModel.o
                0x00000000000008ac                getReg16
 .text.DataModel_Init
                0x00000000000008bc      0x434 ./User/DataModel.o
                0x00000000000008bc                DataModel_Init
 .text.getReg32
                0x0000000000000cf0       0x1c ./User/DataModel.o
                0x0000000000000cf0                getReg32
 .text.getReg8  0x0000000000000d0c        0xa ./User/DataModel.o
                0x0000000000000d0c                getReg8
 .text.WriteRegAfterDelay
                0x0000000000000d16       0x60 ./User/DataModel.o
                0x0000000000000d16                WriteRegAfterDelay
 .text.WriteReg
                0x0000000000000d76       0x56 ./User/DataModel.o
                0x0000000000000d76                WriteReg
 .text.vGetBitrate
                0x0000000000000dcc       0x2a ./User/DataModel.o
                0x0000000000000dcc                vGetBitrate
 .text.vFDGetNMTState
                0x0000000000000df6        0x6 ./User/DataModel.o
                0x0000000000000df6                vFDGetNMTState
 .text.vGetNodeId
                0x0000000000000dfc        0x6 ./User/DataModel.o
                0x0000000000000dfc                vGetNodeId
 .text.vIncrementSystemCounters
                0x0000000000000e02       0x68 ./User/DataModel.o
                0x0000000000000e02                vIncrementSystemCounters
 .text.vSaveData
                0x0000000000000e6a       0x2c ./User/DataModel.o
                0x0000000000000e6a                vSaveData
 .text.getOdometr
                0x0000000000000e96       0x12 ./User/DataModel.o
                0x0000000000000e96                getOdometr
 .text.NMI_Handler
                0x0000000000000ea8        0x2 ./User/ch32v20x_it.o
                0x0000000000000ea8                NMI_Handler
 .text.HardFault_Handler
                0x0000000000000eaa        0x2 ./User/ch32v20x_it.o
                0x0000000000000eaa                HardFault_Handler
 .text.SegPrint.constprop.5
                0x0000000000000eac       0x56 ./User/dash_draw.o
 .text.xProcessTaskHandle
                0x0000000000000f02        0xa ./User/dash_draw.o
                0x0000000000000f02                xProcessTaskHandle
 .text.vSetErrorReg
                0x0000000000000f0c        0xa ./User/dash_draw.o
                0x0000000000000f0c                vSetErrorReg
 .text.getODValue
                0x0000000000000f16      0x126 ./User/dash_draw.o
                0x0000000000000f16                getODValue
 .text.IncMenuIndex
                0x000000000000103c       0x80 ./User/dash_draw.o
                0x000000000000103c                IncMenuIndex
 .text.GoToHome
                0x00000000000010bc       0x12 ./User/dash_draw.o
                0x00000000000010bc                GoToHome
 .text.SetCurMenuHome
                0x00000000000010ce       0x1e ./User/dash_draw.o
                0x00000000000010ce                SetCurMenuHome
 .text.GetCurMenuHome
                0x00000000000010ec        0x6 ./User/dash_draw.o
                0x00000000000010ec                GetCurMenuHome
 .text.SetCurrentMenu
                0x00000000000010f2       0x12 ./User/dash_draw.o
                0x00000000000010f2                SetCurrentMenu
 .text.SetDefault
                0x0000000000001104       0x28 ./User/dash_draw.o
                0x0000000000001104                SetDefault
 .text.MenuBackHomeCheck
                0x000000000000112c       0x38 ./User/dash_draw.o
                0x000000000000112c                MenuBackHomeCheck
 .text.CheckMenuChannel
                0x0000000000001164       0x20 ./User/dash_draw.o
                0x0000000000001164                CheckMenuChannel
 .text.vDashDrawInit
                0x0000000000001184       0x78 ./User/dash_draw.o
                0x0000000000001184                vDashDrawInit
 .text.SetErrorRegiter
                0x00000000000011fc       0x5e ./User/dash_draw.o
                0x00000000000011fc                SetErrorRegiter
 .text.uGetCurrMenu
                0x000000000000125a       0x26 ./User/dash_draw.o
                0x000000000000125a                uGetCurrMenu
 .text.vRGBOff  0x0000000000001280       0x26 ./User/dash_draw.o
                0x0000000000001280                vRGBOff
 .text.vGetEdgeData
                0x00000000000012a6       0x2a ./User/dash_draw.o
                0x00000000000012a6                vGetEdgeData
 .text.vRGBMode
                0x00000000000012d0       0xd0 ./User/dash_draw.o
                0x00000000000012d0                vRGBMode
 .text.vBarColorMode
                0x00000000000013a0       0xc2 ./User/dash_draw.o
                0x00000000000013a0                vBarColorMode
 .text.vBarWindowMode
                0x0000000000001462       0x5a ./User/dash_draw.o
                0x0000000000001462                vBarWindowMode
 .text.vBarMode
                0x00000000000014bc       0x66 ./User/dash_draw.o
                0x00000000000014bc                vBarMode
 .text.RedrawNotifyTaskToInit
                0x0000000000001522       0x28 ./User/dash_draw.o
                0x0000000000001522                RedrawNotifyTaskToInit
 .text.vRedrawTask
                0x000000000000154a      0x5e2 ./User/dash_draw.o
                0x000000000000154a                vRedrawTask
 .text.vInit_DeviceConfig
                0x0000000000001b2c      0x166 ./User/init.o
                0x0000000000001b2c                vInit_DeviceConfig
 .text.ADC1_Event
                0x0000000000001c92       0x48 ./User/inputs.o
                0x0000000000001c92                ADC1_Event
 .text.CaptureDMACallBack
                0x0000000000001cda       0x30 ./User/inputs.o
                0x0000000000001cda                CaptureDMACallBack
 .text.CaptureDMACallBack_1
                0x0000000000001d0a       0x30 ./User/inputs.o
                0x0000000000001d0a                CaptureDMACallBack_1
 .text.fDinStateCallback
                0x0000000000001d3a       0x32 ./User/inputs.o
                0x0000000000001d3a                fDinStateCallback
 .text.vSetDoutState
                0x0000000000001d6c       0x28 ./User/inputs.o
                0x0000000000001d6c                vSetDoutState
 .text.getInputsTaskHandle
                0x0000000000001d94        0xa ./User/inputs.o
                0x0000000000001d94                getInputsTaskHandle
 .text.InputsNotifyTaskToInit
                0x0000000000001d9e       0x28 ./User/inputs.o
                0x0000000000001d9e                InputsNotifyTaskToInit
 .text.ADC1_Init
                0x0000000000001dc6       0x54 ./User/inputs.o
                0x0000000000001dc6                ADC1_Init
 .text.ADC_FSM  0x0000000000001e1a       0xfe ./User/inputs.o
                0x0000000000001e1a                ADC_FSM
 .text.GetAIN   0x0000000000001f18        0xc ./User/inputs.o
                0x0000000000001f18                GetAIN
 .text.vInputsTask
                0x0000000000001f24      0x2a6 ./User/inputs.o
                0x0000000000001f24                vInputsTask
 .text.SPI1_DMA_Callback
                0x00000000000021ca       0x38 ./User/led.o
                0x00000000000021ca                SPI1_DMA_Callback
 .text.SPI2_DMA_Callback
                0x0000000000002202       0x3e ./User/led.o
                0x0000000000002202                SPI2_DMA_Callback
 .text.SetBarState
                0x0000000000002240       0x50 ./User/led.o
                0x0000000000002240                SetBarState
 .text.SetRGB   0x0000000000002290       0xa2 ./User/led.o
                0x0000000000002290                SetRGB
 .text.SetSegDirect
                0x0000000000002332       0x9c ./User/led.o
                0x0000000000002332                SetSegDirect
 .text.SetSegPoint
                0x00000000000023ce       0x22 ./User/led.o
                0x00000000000023ce                SetSegPoint
 .text.SetSEG   0x00000000000023f0      0x11e ./User/led.o
                0x00000000000023f0                SetSEG
 .text.SetBigSeg
                0x000000000000250e       0x14 ./User/led.o
                0x000000000000250e                SetBigSeg
 .text.vSetBrigth
                0x0000000000002522       0x2a ./User/led.o
                0x0000000000002522                vSetBrigth
 .text.vLedDriverStart
                0x000000000000254c       0x62 ./User/led.o
                0x000000000000254c                vLedDriverStart
 .text.vLedProcess
                0x00000000000025ae       0x24 ./User/led.o
                0x00000000000025ae                vLedProcess
 .text.vRGBProcess
                0x00000000000025d2      0x106 ./User/led.o
                0x00000000000025d2                vRGBProcess
 .text.startup.main
                0x00000000000026d8       0x20 ./User/main.o
                0x00000000000026d8                main
 .text.vRestartNode
                0x00000000000026f8        0x2 ./User/main.o
                0x00000000000026f8                vRestartNode
 .text.Error_Handler
                0x00000000000026fa        0x8 ./User/main.o
                0x00000000000026fa                Error_Handler
 .text.OD_writeV1_14
                0x0000000000002702       0x1a ./User/process.o
 .text.OD_writeRGBMAP
                0x000000000000271c       0x30 ./User/process.o
 .text.OD_readMenuMap
                0x000000000000274c       0x24 ./User/process.o
 .text.OD_readRGBMAP
                0x0000000000002770       0x22 ./User/process.o
 .text.OD_readBar
                0x0000000000002792       0x22 ./User/process.o
 .text.OD_readAIN_RPM
                0x00000000000027b4       0x24 ./User/process.o
 .text.OD_readDIN
                0x00000000000027d8       0x1c ./User/process.o
 .text.OD_writeMenuSetup
                0x00000000000027f4       0x46 ./User/process.o
 .text.OD_writeBoardSettings
                0x000000000000283a       0x90 ./User/process.o
 .text.CO_getUint16
                0x00000000000028ca       0x10 ./User/process.o
 .text.OD_writeV15_17
                0x00000000000028da       0x2e ./User/process.o
 .text.OD_writeSEG
                0x0000000000002908       0x40 ./User/process.o
 .text.OD_writeBAR
                0x0000000000002948       0x30 ./User/process.o
 .text.OD_writeRPMConfig
                0x0000000000002978       0x36 ./User/process.o
 .text.CO_getUint32
                0x00000000000029ae       0x18 ./User/process.o
 .text.OD_writeMenuMap
                0x00000000000029c6       0x30 ./User/process.o
 .text.OD_writeERROR_REG
                0x00000000000029f6       0x20 ./User/process.o
 .text.OD_writeDashParam
                0x0000000000002a16       0x44 ./User/process.o
 .text.WriteRGB.isra.1
                0x0000000000002a5a       0x3a ./User/process.o
 .text.OD_writeRGB1
                0x0000000000002a94       0x14 ./User/process.o
 .text.OD_writeRGB2
                0x0000000000002aa8       0x16 ./User/process.o
 .text.OD_writeRGB3
                0x0000000000002abe       0x16 ./User/process.o
 .text.OD_writeRGB4
                0x0000000000002ad4       0x16 ./User/process.o
 .text.OD_writeRGB5
                0x0000000000002aea       0x16 ./User/process.o
 .text.OD_writeRGB6
                0x0000000000002b00       0x16 ./User/process.o
 .text.OD_writeRGB7
                0x0000000000002b16       0x16 ./User/process.o
 .text.OD_writeRGB8
                0x0000000000002b2c       0x16 ./User/process.o
 .text.OD_writeRGB9
                0x0000000000002b42       0x16 ./User/process.o
 .text.OD_writeRGB10
                0x0000000000002b58       0x16 ./User/process.o
 .text.OD_writeRGB11
                0x0000000000002b6e       0x16 ./User/process.o
 .text.OD_writeRGB12
                0x0000000000002b84       0x16 ./User/process.o
 .text.OD_writeRGB13
                0x0000000000002b9a       0x16 ./User/process.o
 .text.OD_readDashParam
                0x0000000000002bb0       0x3e ./User/process.o
 .text.OD_readBoardSettings
                0x0000000000002bee       0x32 ./User/process.o
 .text.OD_readSEG
                0x0000000000002c20       0x2a ./User/process.o
 .text.OD_readRGB.isra.5
                0x0000000000002c4a       0x20 ./User/process.o
 .text.OD_readRGB1
                0x0000000000002c6a       0x10 ./User/process.o
 .text.OD_readRGB2
                0x0000000000002c7a       0x12 ./User/process.o
 .text.OD_readRGB3
                0x0000000000002c8c       0x12 ./User/process.o
 .text.OD_readRGB4
                0x0000000000002c9e       0x12 ./User/process.o
 .text.OD_readRGB5
                0x0000000000002cb0       0x12 ./User/process.o
 .text.OD_readRGB6
                0x0000000000002cc2       0x12 ./User/process.o
 .text.OD_readRGB7
                0x0000000000002cd4       0x12 ./User/process.o
 .text.OD_readRGB8
                0x0000000000002ce6       0x12 ./User/process.o
 .text.OD_readRGB9
                0x0000000000002cf8       0x12 ./User/process.o
 .text.OD_readRGB10
                0x0000000000002d0a       0x12 ./User/process.o
 .text.OD_readRGB11
                0x0000000000002d1c       0x12 ./User/process.o
 .text.OD_readRGB12
                0x0000000000002d2e       0x12 ./User/process.o
 .text.OD_readRGB13
                0x0000000000002d40       0x12 ./User/process.o
 .text.readADC.isra.6
                0x0000000000002d52       0x84 ./User/process.o
 .text.OD_readADC1
                0x0000000000002dd6       0x10 ./User/process.o
 .text.OD_readADC2
                0x0000000000002de6       0x10 ./User/process.o
 .text.OD_readADC3
                0x0000000000002df6       0x10 ./User/process.o
 .text.OD_readMenuSetup
                0x0000000000002e06       0x30 ./User/process.o
 .text.writeADC.isra.9
                0x0000000000002e36       0xe2 ./User/process.o
 .text.OD_writeADC1
                0x0000000000002f18       0x10 ./User/process.o
 .text.OD_writeADC2
                0x0000000000002f28       0x10 ./User/process.o
 .text.OD_writeADC3
                0x0000000000002f38       0x10 ./User/process.o
 .text.OD_readRPMConfig
                0x0000000000002f48       0x2a ./User/process.o
 .text.vProceesInit
                0x0000000000002f72      0x214 ./User/process.o
                0x0000000000002f72                vProceesInit
 .text.SystemInit
                0x0000000000003186       0xee ./User/system_ch32v20x.o
                0x0000000000003186                SystemInit
 .text.SystemCoreClockUpdate
                0x0000000000003274       0x92 ./User/system_ch32v20x.o
                0x0000000000003274                SystemCoreClockUpdate
 .text.StartDefaultTask
                0x0000000000003306       0x86 ./User/system_init.o
 .text.vApplicationGetIdleTaskMemory
                0x000000000000338c       0x1c ./User/system_init.o
                0x000000000000338c                vApplicationGetIdleTaskMemory
 .text.vApplicationGetTimerTaskMemory
                0x00000000000033a8       0x1c ./User/system_init.o
                0x00000000000033a8                vApplicationGetTimerTaskMemory
 .text.vSYStaskInit
                0x00000000000033c4      0x110 ./User/system_init.o
                0x00000000000033c4                vSYStaskInit
 .text.vSYSqueueInit
                0x00000000000034d4       0x2a ./User/system_init.o
                0x00000000000034d4                vSYSqueueInit
 .text.vector_handler
                0x00000000000034fe       0x6c ./Startup/startup_ch32v20x_D6.o
                0x0000000000003502                Ecall_M_Mode_Handler
                0x0000000000003504                Ecall_U_Mode_Handler
                0x0000000000003506                Break_Point_Handler
                0x000000000000350c                WWDG_IRQHandler
                0x000000000000350e                PVD_IRQHandler
                0x0000000000003510                TAMPER_IRQHandler
                0x0000000000003514                FLASH_IRQHandler
                0x0000000000003516                RCC_IRQHandler
                0x0000000000003518                EXTI0_IRQHandler
                0x000000000000351a                EXTI1_IRQHandler
                0x000000000000351c                EXTI2_IRQHandler
                0x000000000000351e                EXTI3_IRQHandler
                0x0000000000003520                EXTI4_IRQHandler
                0x0000000000003524                DMA1_Channel2_IRQHandler
                0x000000000000352c                DMA1_Channel6_IRQHandler
                0x000000000000353a                EXTI9_5_IRQHandler
                0x000000000000353c                TIM1_BRK_IRQHandler
                0x0000000000003540                TIM1_TRG_COM_IRQHandler
                0x0000000000003552                SPI1_IRQHandler
                0x0000000000003554                SPI2_IRQHandler
                0x0000000000003556                USART1_IRQHandler
                0x0000000000003558                USART2_IRQHandler
                0x000000000000355a                USART3_IRQHandler
                0x000000000000355c                EXTI15_10_IRQHandler
                0x000000000000355e                RTCAlarm_IRQHandler
                0x0000000000003560                USBWakeUp_IRQHandler
                0x0000000000003562                USBHD_IRQHandler
                0x0000000000003564                USBHDWakeUp_IRQHandler
                0x0000000000003566                UART4_IRQHandler
                0x0000000000003568                DMA1_Channel8_IRQHandler
 .text.handle_reset
                0x000000000000356a       0x92 ./Startup/startup_ch32v20x_D6.o
                0x000000000000356a                handle_reset
 .text.ADC_DeInit
                0x00000000000035fc       0x46 ./Peripheral/src/ch32v20x_adc.o
                0x00000000000035fc                ADC_DeInit
 .text.ADC_Init
                0x0000000000003642       0x56 ./Peripheral/src/ch32v20x_adc.o
                0x0000000000003642                ADC_Init
 .text.ADC_Cmd  0x0000000000003698       0x10 ./Peripheral/src/ch32v20x_adc.o
                0x0000000000003698                ADC_Cmd
 .text.ADC_DMACmd
                0x00000000000036a8       0x12 ./Peripheral/src/ch32v20x_adc.o
                0x00000000000036a8                ADC_DMACmd
 .text.ADC_ResetCalibration
                0x00000000000036ba        0xa ./Peripheral/src/ch32v20x_adc.o
                0x00000000000036ba                ADC_ResetCalibration
 .text.ADC_GetResetCalibrationStatus
                0x00000000000036c4        0x8 ./Peripheral/src/ch32v20x_adc.o
                0x00000000000036c4                ADC_GetResetCalibrationStatus
 .text.ADC_StartCalibration
                0x00000000000036cc        0xa ./Peripheral/src/ch32v20x_adc.o
                0x00000000000036cc                ADC_StartCalibration
 .text.ADC_GetCalibrationStatus
                0x00000000000036d6        0x8 ./Peripheral/src/ch32v20x_adc.o
                0x00000000000036d6                ADC_GetCalibrationStatus
 .text.ADC_SoftwareStartConvCmd
                0x00000000000036de       0x18 ./Peripheral/src/ch32v20x_adc.o
                0x00000000000036de                ADC_SoftwareStartConvCmd
 .text.ADC_RegularChannelConfig
                0x00000000000036f6       0xb8 ./Peripheral/src/ch32v20x_adc.o
                0x00000000000036f6                ADC_RegularChannelConfig
 .text.ADC_ExternalTrigConvCmd
                0x00000000000037ae       0x18 ./Peripheral/src/ch32v20x_adc.o
                0x00000000000037ae                ADC_ExternalTrigConvCmd
 .text.ADC_GetITStatus
                0x00000000000037c6       0x1c ./Peripheral/src/ch32v20x_adc.o
                0x00000000000037c6                ADC_GetITStatus
 .text.ADC_ClearITPendingBit
                0x00000000000037e2        0xa ./Peripheral/src/ch32v20x_adc.o
                0x00000000000037e2                ADC_ClearITPendingBit
 .text.ADC_BufferCmd
                0x00000000000037ec       0x18 ./Peripheral/src/ch32v20x_adc.o
                0x00000000000037ec                ADC_BufferCmd
 .text.Get_CalibrationValue
                0x0000000000003804      0x1fe ./Peripheral/src/ch32v20x_adc.o
                0x0000000000003804                Get_CalibrationValue
 .text.BKP_DeInit
                0x0000000000003a02       0x14 ./Peripheral/src/ch32v20x_bkp.o
                0x0000000000003a02                BKP_DeInit
 .text.CAN_Init
                0x0000000000003a16       0xe8 ./Peripheral/src/ch32v20x_can.o
                0x0000000000003a16                CAN_Init
 .text.CAN_FilterInit
                0x0000000000003afe      0x118 ./Peripheral/src/ch32v20x_can.o
                0x0000000000003afe                CAN_FilterInit
 .text.CAN_Transmit
                0x0000000000003c16       0xbc ./Peripheral/src/ch32v20x_can.o
                0x0000000000003c16                CAN_Transmit
 .text.CAN_Receive
                0x0000000000003cd2       0x8c ./Peripheral/src/ch32v20x_can.o
                0x0000000000003cd2                CAN_Receive
 .text.CAN_OperatingModeRequest
                0x0000000000003d5e       0x72 ./Peripheral/src/ch32v20x_can.o
                0x0000000000003d5e                CAN_OperatingModeRequest
 .text.CAN_ITConfig
                0x0000000000003dd0       0x12 ./Peripheral/src/ch32v20x_can.o
                0x0000000000003dd0                CAN_ITConfig
 .text.CAN_GetFlagStatus
                0x0000000000003de2       0x56 ./Peripheral/src/ch32v20x_can.o
                0x0000000000003de2                CAN_GetFlagStatus
 .text.CAN_ClearFlag
                0x0000000000003e38       0x40 ./Peripheral/src/ch32v20x_can.o
                0x0000000000003e38                CAN_ClearFlag
 .text.CAN_ClearITPendingBit
                0x0000000000003e78       0x94 ./Peripheral/src/ch32v20x_can.o
                0x0000000000003e78                CAN_ClearITPendingBit
 .text.DMA_Init
                0x0000000000003f0c       0x38 ./Peripheral/src/ch32v20x_dma.o
                0x0000000000003f0c                DMA_Init
 .text.DMA_Cmd  0x0000000000003f44       0x14 ./Peripheral/src/ch32v20x_dma.o
                0x0000000000003f44                DMA_Cmd
 .text.DMA_ITConfig
                0x0000000000003f58       0x12 ./Peripheral/src/ch32v20x_dma.o
                0x0000000000003f58                DMA_ITConfig
 .text.DMA_SetCurrDataCounter
                0x0000000000003f6a        0x4 ./Peripheral/src/ch32v20x_dma.o
                0x0000000000003f6a                DMA_SetCurrDataCounter
 .text.DMA_GetFlagStatus
                0x0000000000003f6e        0xe ./Peripheral/src/ch32v20x_dma.o
                0x0000000000003f6e                DMA_GetFlagStatus
 .text.DMA_GetITStatus
                0x0000000000003f7c        0xc ./Peripheral/src/ch32v20x_dma.o
                0x0000000000003f7c                DMA_GetITStatus
 .text.DMA_ClearITPendingBit
                0x0000000000003f88        0x8 ./Peripheral/src/ch32v20x_dma.o
                0x0000000000003f88                DMA_ClearITPendingBit
 .text.GPIO_Init
                0x0000000000003f90       0xfa ./Peripheral/src/ch32v20x_gpio.o
                0x0000000000003f90                GPIO_Init
 .text.GPIO_ReadInputDataBit
                0x000000000000408a       0x1e ./Peripheral/src/ch32v20x_gpio.o
                0x000000000000408a                GPIO_ReadInputDataBit
 .text.GPIO_SetBits
                0x00000000000040a8       0x18 ./Peripheral/src/ch32v20x_gpio.o
                0x00000000000040a8                GPIO_SetBits
 .text.GPIO_ResetBits
                0x00000000000040c0       0x18 ./Peripheral/src/ch32v20x_gpio.o
                0x00000000000040c0                GPIO_ResetBits
 .text.GPIO_PinRemapConfig
                0x00000000000040d8       0xf2 ./Peripheral/src/ch32v20x_gpio.o
                0x00000000000040d8                GPIO_PinRemapConfig
 .text.I2C_DeInit
                0x00000000000041ca       0x32 ./Peripheral/src/ch32v20x_i2c.o
                0x00000000000041ca                I2C_DeInit
 .text.I2C_Init
                0x00000000000041fc       0xf2 ./Peripheral/src/ch32v20x_i2c.o
                0x00000000000041fc                I2C_Init
 .text.I2C_Cmd  0x00000000000042ee       0x18 ./Peripheral/src/ch32v20x_i2c.o
                0x00000000000042ee                I2C_Cmd
 .text.I2C_GenerateSTART
                0x0000000000004306       0x1a ./Peripheral/src/ch32v20x_i2c.o
                0x0000000000004306                I2C_GenerateSTART
 .text.I2C_GenerateSTOP
                0x0000000000004320       0x1a ./Peripheral/src/ch32v20x_i2c.o
                0x0000000000004320                I2C_GenerateSTOP
 .text.I2C_AcknowledgeConfig
                0x000000000000433a       0x1a ./Peripheral/src/ch32v20x_i2c.o
                0x000000000000433a                I2C_AcknowledgeConfig
 .text.I2C_DualAddressCmd
                0x0000000000004354       0x18 ./Peripheral/src/ch32v20x_i2c.o
                0x0000000000004354                I2C_DualAddressCmd
 .text.I2C_ITConfig
                0x000000000000436c       0x12 ./Peripheral/src/ch32v20x_i2c.o
                0x000000000000436c                I2C_ITConfig
 .text.I2C_SendData
                0x000000000000437e        0x4 ./Peripheral/src/ch32v20x_i2c.o
                0x000000000000437e                I2C_SendData
 .text.I2C_ReceiveData
                0x0000000000004382        0x8 ./Peripheral/src/ch32v20x_i2c.o
                0x0000000000004382                I2C_ReceiveData
 .text.I2C_Send7bitAddress
                0x000000000000438a       0x12 ./Peripheral/src/ch32v20x_i2c.o
                0x000000000000438a                I2C_Send7bitAddress
 .text.I2C_ReadRegister
                0x000000000000439c       0x14 ./Peripheral/src/ch32v20x_i2c.o
                0x000000000000439c                I2C_ReadRegister
 .text.I2C_GetFlagStatus
                0x00000000000043b0       0x32 ./Peripheral/src/ch32v20x_i2c.o
                0x00000000000043b0                I2C_GetFlagStatus
 .text.I2C_ClearFlag
                0x00000000000043e2        0xc ./Peripheral/src/ch32v20x_i2c.o
                0x00000000000043e2                I2C_ClearFlag
 .text.IWDG_ReloadCounter
                0x00000000000043ee        0xe ./Peripheral/src/ch32v20x_iwdg.o
                0x00000000000043ee                IWDG_ReloadCounter
 .text.NVIC_PriorityGroupConfig
                0x00000000000043fc        0xa ./Peripheral/src/ch32v20x_misc.o
                0x00000000000043fc                NVIC_PriorityGroupConfig
 .text.NVIC_Init
                0x0000000000004406       0xaa ./Peripheral/src/ch32v20x_misc.o
                0x0000000000004406                NVIC_Init
 .text.PWR_BackupAccessCmd
                0x00000000000044b0       0x16 ./Peripheral/src/ch32v20x_pwr.o
                0x00000000000044b0                PWR_BackupAccessCmd
 .text.RCC_ADCCLKConfig
                0x00000000000044c6       0x12 ./Peripheral/src/ch32v20x_rcc.o
                0x00000000000044c6                RCC_ADCCLKConfig
 .text.RCC_LSEConfig
                0x00000000000044d8       0x28 ./Peripheral/src/ch32v20x_rcc.o
                0x00000000000044d8                RCC_LSEConfig
 .text.RCC_RTCCLKConfig
                0x0000000000004500        0xc ./Peripheral/src/ch32v20x_rcc.o
                0x0000000000004500                RCC_RTCCLKConfig
 .text.RCC_RTCCLKCmd
                0x000000000000450c       0x20 ./Peripheral/src/ch32v20x_rcc.o
                0x000000000000450c                RCC_RTCCLKCmd
 .text.RCC_GetClocksFreq
                0x000000000000452c       0xbe ./Peripheral/src/ch32v20x_rcc.o
                0x000000000000452c                RCC_GetClocksFreq
 .text.RCC_AHBPeriphClockCmd
                0x00000000000045ea       0x1e ./Peripheral/src/ch32v20x_rcc.o
                0x00000000000045ea                RCC_AHBPeriphClockCmd
 .text.RCC_APB2PeriphClockCmd
                0x0000000000004608       0x1e ./Peripheral/src/ch32v20x_rcc.o
                0x0000000000004608                RCC_APB2PeriphClockCmd
 .text.RCC_APB1PeriphClockCmd
                0x0000000000004626       0x1e ./Peripheral/src/ch32v20x_rcc.o
                0x0000000000004626                RCC_APB1PeriphClockCmd
 .text.RCC_APB2PeriphResetCmd
                0x0000000000004644       0x1e ./Peripheral/src/ch32v20x_rcc.o
                0x0000000000004644                RCC_APB2PeriphResetCmd
 .text.RCC_APB1PeriphResetCmd
                0x0000000000004662       0x1e ./Peripheral/src/ch32v20x_rcc.o
                0x0000000000004662                RCC_APB1PeriphResetCmd
 .text.RCC_BackupResetCmd
                0x0000000000004680       0x20 ./Peripheral/src/ch32v20x_rcc.o
                0x0000000000004680                RCC_BackupResetCmd
 .text.RCC_GetFlagStatus
                0x00000000000046a0       0x2e ./Peripheral/src/ch32v20x_rcc.o
                0x00000000000046a0                RCC_GetFlagStatus
 .text.RTC_ITConfig
                0x00000000000046ce       0x1a ./Peripheral/src/ch32v20x_rtc.o
                0x00000000000046ce                RTC_ITConfig
 .text.RTC_EnterConfigMode
                0x00000000000046e8       0x12 ./Peripheral/src/ch32v20x_rtc.o
                0x00000000000046e8                RTC_EnterConfigMode
 .text.RTC_ExitConfigMode
                0x00000000000046fa       0x18 ./Peripheral/src/ch32v20x_rtc.o
                0x00000000000046fa                RTC_ExitConfigMode
 .text.RTC_SetPrescaler
                0x0000000000004712       0x2e ./Peripheral/src/ch32v20x_rtc.o
                0x0000000000004712                RTC_SetPrescaler
 .text.RTC_WaitForLastTask
                0x0000000000004740       0x10 ./Peripheral/src/ch32v20x_rtc.o
                0x0000000000004740                RTC_WaitForLastTask
 .text.RTC_WaitForSynchro
                0x0000000000004750       0x24 ./Peripheral/src/ch32v20x_rtc.o
                0x0000000000004750                RTC_WaitForSynchro
 .text.RTC_ClearFlag
                0x0000000000004774       0x14 ./Peripheral/src/ch32v20x_rtc.o
                0x0000000000004774                RTC_ClearFlag
 .text.RTC_GetITStatus
                0x0000000000004788       0x20 ./Peripheral/src/ch32v20x_rtc.o
                0x0000000000004788                RTC_GetITStatus
 .text.RTC_ClearITPendingBit
                0x00000000000047a8        0xc ./Peripheral/src/ch32v20x_rtc.o
                0x00000000000047a8                RTC_ClearITPendingBit
 .text.SPI_Init
                0x00000000000047b4       0x3e ./Peripheral/src/ch32v20x_spi.o
                0x00000000000047b4                SPI_Init
 .text.SPI_Cmd  0x00000000000047f2       0x1a ./Peripheral/src/ch32v20x_spi.o
                0x00000000000047f2                SPI_Cmd
 .text.SPI_I2S_DMACmd
                0x000000000000480c       0x12 ./Peripheral/src/ch32v20x_spi.o
                0x000000000000480c                SPI_I2S_DMACmd
 .text.SPI_I2S_GetFlagStatus
                0x000000000000481e        0xa ./Peripheral/src/ch32v20x_spi.o
                0x000000000000481e                SPI_I2S_GetFlagStatus
 .text.TI1_Config
                0x0000000000004828       0x6a ./Peripheral/src/ch32v20x_tim.o
 .text.TI2_Config
                0x0000000000004892       0x82 ./Peripheral/src/ch32v20x_tim.o
 .text.TIM_DeInit
                0x0000000000004914       0x8a ./Peripheral/src/ch32v20x_tim.o
                0x0000000000004914                TIM_DeInit
 .text.TIM_TimeBaseInit
                0x000000000000499e       0x6a ./Peripheral/src/ch32v20x_tim.o
                0x000000000000499e                TIM_TimeBaseInit
 .text.TIM_OC1Init
                0x0000000000004a08       0x6a ./Peripheral/src/ch32v20x_tim.o
                0x0000000000004a08                TIM_OC1Init
 .text.TIM_OC2Init
                0x0000000000004a72       0x96 ./Peripheral/src/ch32v20x_tim.o
                0x0000000000004a72                TIM_OC2Init
 .text.TIM_OC3Init
                0x0000000000004b08       0x94 ./Peripheral/src/ch32v20x_tim.o
                0x0000000000004b08                TIM_OC3Init
 .text.TIM_OC4Init
                0x0000000000004b9c       0x6c ./Peripheral/src/ch32v20x_tim.o
                0x0000000000004b9c                TIM_OC4Init
 .text.TIM_TimeBaseStructInit
                0x0000000000004c08       0x16 ./Peripheral/src/ch32v20x_tim.o
                0x0000000000004c08                TIM_TimeBaseStructInit
 .text.TIM_Cmd  0x0000000000004c1e       0x18 ./Peripheral/src/ch32v20x_tim.o
                0x0000000000004c1e                TIM_Cmd
 .text.TIM_CtrlPWMOutputs
                0x0000000000004c36       0x16 ./Peripheral/src/ch32v20x_tim.o
                0x0000000000004c36                TIM_CtrlPWMOutputs
 .text.TIM_ITConfig
                0x0000000000004c4c       0x12 ./Peripheral/src/ch32v20x_tim.o
                0x0000000000004c4c                TIM_ITConfig
 .text.TIM_DMACmd
                0x0000000000004c5e        0xc ./Peripheral/src/ch32v20x_tim.o
                0x0000000000004c5e                TIM_DMACmd
 .text.TIM_InternalClockConfig
                0x0000000000004c6a       0x10 ./Peripheral/src/ch32v20x_tim.o
                0x0000000000004c6a                TIM_InternalClockConfig
 .text.TIM_ARRPreloadConfig
                0x0000000000004c7a       0x1a ./Peripheral/src/ch32v20x_tim.o
                0x0000000000004c7a                TIM_ARRPreloadConfig
 .text.TIM_OC1PreloadConfig
                0x0000000000004c94        0xe ./Peripheral/src/ch32v20x_tim.o
                0x0000000000004c94                TIM_OC1PreloadConfig
 .text.TIM_OC2PreloadConfig
                0x0000000000004ca2       0x16 ./Peripheral/src/ch32v20x_tim.o
                0x0000000000004ca2                TIM_OC2PreloadConfig
 .text.TIM_OC3PreloadConfig
                0x0000000000004cb8        0xe ./Peripheral/src/ch32v20x_tim.o
                0x0000000000004cb8                TIM_OC3PreloadConfig
 .text.TIM_OC4PreloadConfig
                0x0000000000004cc6       0x16 ./Peripheral/src/ch32v20x_tim.o
                0x0000000000004cc6                TIM_OC4PreloadConfig
 .text.TIM_SetIC1Prescaler
                0x0000000000004cdc       0x16 ./Peripheral/src/ch32v20x_tim.o
                0x0000000000004cdc                TIM_SetIC1Prescaler
 .text.TIM_SetIC2Prescaler
                0x0000000000004cf2       0x1a ./Peripheral/src/ch32v20x_tim.o
                0x0000000000004cf2                TIM_SetIC2Prescaler
 .text.TIM_SetIC3Prescaler
                0x0000000000004d0c       0x16 ./Peripheral/src/ch32v20x_tim.o
                0x0000000000004d0c                TIM_SetIC3Prescaler
 .text.TIM_SetIC4Prescaler
                0x0000000000004d22       0x1a ./Peripheral/src/ch32v20x_tim.o
                0x0000000000004d22                TIM_SetIC4Prescaler
 .text.TIM_ICInit
                0x0000000000004d3c      0x168 ./Peripheral/src/ch32v20x_tim.o
                0x0000000000004d3c                TIM_ICInit
 .text.TIM_GetCapture3
                0x0000000000004ea4        0x4 ./Peripheral/src/ch32v20x_tim.o
                0x0000000000004ea4                TIM_GetCapture3
 .text.TIM_GetCapture4
                0x0000000000004ea8        0x6 ./Peripheral/src/ch32v20x_tim.o
                0x0000000000004ea8                TIM_GetCapture4
 .text.TIM_GetFlagStatus
                0x0000000000004eae        0xa ./Peripheral/src/ch32v20x_tim.o
                0x0000000000004eae                TIM_GetFlagStatus
 .text.TIM_ClearFlag
                0x0000000000004eb8        0xc ./Peripheral/src/ch32v20x_tim.o
                0x0000000000004eb8                TIM_ClearFlag
 .text.TIM_GetITStatus
                0x0000000000004ec4       0x18 ./Peripheral/src/ch32v20x_tim.o
                0x0000000000004ec4                TIM_GetITStatus
 .text.TIM_ClearITPendingBit
                0x0000000000004edc        0xc ./Peripheral/src/ch32v20x_tim.o
                0x0000000000004edc                TIM_ClearITPendingBit
 .text.USART_SendData
                0x0000000000004ee8        0x8 ./Peripheral/src/ch32v20x_usart.o
                0x0000000000004ee8                USART_SendData
 .text.USART_GetFlagStatus
                0x0000000000004ef0        0xa ./Peripheral/src/ch32v20x_usart.o
                0x0000000000004ef0                USART_GetFlagStatus
 .text.vAINInit
                0x0000000000004efa       0x36 ./HWLIB/hw_lib_adc.o
                0x0000000000004efa                vAINInit
 .text.fGetAinCalData
                0x0000000000004f30       0xb2 ./HWLIB/hw_lib_adc.o
                0x0000000000004f30                fGetAinCalData
 .text.eAinCalDataConfig
                0x0000000000004fe2       0x48 ./HWLIB/hw_lib_adc.o
                0x0000000000004fe2                eAinCalDataConfig
 .text.vABLineKoofFinde
                0x000000000000502a       0x6a ./HWLIB/hw_lib_adc.o
                0x000000000000502a                vABLineKoofFinde
 .text.eSetAinCalPoint
                0x0000000000005094       0x64 ./HWLIB/hw_lib_adc.o
                0x0000000000005094                eSetAinCalPoint
 .text.getADC1Buffer
                0x00000000000050f8        0xa ./HWLIB/hw_lib_adc.o
                0x00000000000050f8                getADC1Buffer
 .text.eDOUTConfigWtihStruct
                0x0000000000005102       0x1a ./HWLIB/hw_lib_din.o
                0x0000000000005102                eDOUTConfigWtihStruct
 .text.eSetDUT  0x000000000000511c       0x12 ./HWLIB/hw_lib_din.o
                0x000000000000511c                eSetDUT
 .text.eDinConfigWtihStruct
                0x000000000000512e       0x32 ./HWLIB/hw_lib_din.o
                0x000000000000512e                eDinConfigWtihStruct
 .text.uGetDIN  0x0000000000005160       0x14 ./HWLIB/hw_lib_din.o
                0x0000000000005160                uGetDIN
 .text.eRPMConfig
                0x0000000000005174       0x5a ./HWLIB/hw_lib_din.o
                0x0000000000005174                eRPMConfig
 .text.RMPDataConvert
                0x00000000000051ce       0x78 ./HWLIB/hw_lib_din.o
                0x00000000000051ce                RMPDataConvert
 .text.getCaputreBuffer
                0x0000000000005246       0x16 ./HWLIB/hw_lib_din.o
                0x0000000000005246                getCaputreBuffer
 .text.GetRPM   0x000000000000525c       0x74 ./HWLIB/hw_lib_din.o
                0x000000000000525c                GetRPM
 .text.xGetRPM  0x00000000000052d0       0x72 ./HWLIB/hw_lib_din.o
                0x00000000000052d0                xGetRPM
 .text.vDinDoutProcess
                0x0000000000005342       0x98 ./HWLIB/hw_lib_din.o
                0x0000000000005342                vDinDoutProcess
 .text.xGetEEPROM
                0x00000000000053da        0xa ./HWLIB/hw_lib_eeprom.o
                0x00000000000053da                xGetEEPROM
 .text.eEEPROMWr
                0x00000000000053e4       0xae ./HWLIB/hw_lib_eeprom.o
                0x00000000000053e4                eEEPROMWr
 .text.eEEPROMRd
                0x0000000000005492       0x34 ./HWLIB/hw_lib_eeprom.o
                0x0000000000005492                eEEPROMRd
 .text.bReadEEPROM
                0x00000000000054c6       0x1a ./HWLIB/hw_lib_eeprom.o
                0x00000000000054c6                bReadEEPROM
 .text.Get_ConversionVal
                0x00000000000054e0       0x2e ./HAL/hal_adc.o
                0x00000000000054e0                Get_ConversionVal
 .text.HAL_ADC_CommonConfig
                0x000000000000550e        0xe ./HAL/hal_adc.o
                0x000000000000550e                HAL_ADC_CommonConfig
 .text.HAL_ADC_ContiniusScanCinvertionDMA
                0x000000000000551c       0xda ./HAL/hal_adc.o
                0x000000000000551c                HAL_ADC_ContiniusScanCinvertionDMA
 .text.ADC1_2_IRQHandler
                0x00000000000055f6       0x74 ./HAL/hal_adc.o
                0x00000000000055f6                ADC1_2_IRQHandler
 .text.HAL_CANSetTXCallback
                0x000000000000566a        0xa ./HAL/hal_can.o
                0x000000000000566a                HAL_CANSetTXCallback
 .text.HAL_CANSetRXCallback
                0x0000000000005674        0xa ./HAL/hal_can.o
                0x0000000000005674                HAL_CANSetRXCallback
 .text.HAL_CANSetERRCallback
                0x000000000000567e        0xa ./HAL/hal_can.o
                0x000000000000567e                HAL_CANSetERRCallback
 .text.HAL_CANIntIT
                0x0000000000005688      0x124 ./HAL/hal_can.o
                0x0000000000005688                HAL_CANIntIT
 .text.HAL_CANToInitMode
                0x00000000000057ac       0x16 ./HAL/hal_can.o
                0x00000000000057ac                HAL_CANToInitMode
 .text.HAL_CANToOperatingMode
                0x00000000000057c2       0x16 ./HAL/hal_can.o
                0x00000000000057c2                HAL_CANToOperatingMode
 .text.HAL_CANSend
                0x00000000000057d8       0x50 ./HAL/hal_can.o
                0x00000000000057d8                HAL_CANSend
 .text.HAL_CANSetFiters
                0x0000000000005828       0x3a ./HAL/hal_can.o
                0x0000000000005828                HAL_CANSetFiters
 .text.HAL_CANGetRXMessage
                0x0000000000005862       0x52 ./HAL/hal_can.o
                0x0000000000005862                HAL_CANGetRXMessage
 .text.USB_HP_CAN1_TX_IRQHandler
                0x00000000000058b4       0xd6 ./HAL/hal_can.o
                0x00000000000058b4                USB_HP_CAN1_TX_IRQHandler
 .text.USB_LP_CAN1_RX0_IRQHandler
                0x000000000000598a       0x62 ./HAL/hal_can.o
                0x000000000000598a                USB_LP_CAN1_RX0_IRQHandler
 .text.CAN1_RX1_IRQHandler
                0x00000000000059ec       0x64 ./HAL/hal_can.o
                0x00000000000059ec                CAN1_RX1_IRQHandler
 .text.CAN1_SCE_IRQHandler
                0x0000000000005a50       0x62 ./HAL/hal_can.o
                0x0000000000005a50                CAN1_SCE_IRQHandler
 .text.HAL_DMA_Disable
                0x0000000000005ab2        0xc ./HAL/hal_dma.o
                0x0000000000005ab2                HAL_DMA_Disable
 .text.HAL_DMA_SetCouterAndEnable
                0x0000000000005abe        0xc ./HAL/hal_dma.o
                0x0000000000005abe                HAL_DMA_SetCouterAndEnable
 .text.HAL_DMAInitIT
                0x0000000000005aca      0x172 ./HAL/hal_dma.o
                0x0000000000005aca                HAL_DMAInitIT
 .text.HAL_ADC_StartDMA
                0x0000000000005c3c       0x60 ./HAL/hal_dma.o
                0x0000000000005c3c                HAL_ADC_StartDMA
 .text.DMA1_Channel1_IRQHandler
                0x0000000000005c9c       0x64 ./HAL/hal_dma.o
                0x0000000000005c9c                DMA1_Channel1_IRQHandler
 .text.DMA1_Channel3_IRQHandler
                0x0000000000005d00       0x68 ./HAL/hal_dma.o
                0x0000000000005d00                DMA1_Channel3_IRQHandler
 .text.DMA1_Channel5_IRQHandler
                0x0000000000005d68       0x66 ./HAL/hal_dma.o
                0x0000000000005d68                DMA1_Channel5_IRQHandler
 .text.DMA1_Channel4_IRQHandler
                0x0000000000005dce       0x64 ./HAL/hal_dma.o
                0x0000000000005dce                DMA1_Channel4_IRQHandler
 .text.DMA1_Channel7_IRQHandler
                0x0000000000005e32       0x68 ./HAL/hal_dma.o
                0x0000000000005e32                DMA1_Channel7_IRQHandler
 .text.HAL_InitRCC
                0x0000000000005e9a       0x48 ./HAL/hal_gpio.o
 .text.HAL_InitGpioOut
                0x0000000000005ee2       0x28 ./HAL/hal_gpio.o
                0x0000000000005ee2                HAL_InitGpioOut
 .text.HAL_InitGpioAIN
                0x0000000000005f0a       0x26 ./HAL/hal_gpio.o
                0x0000000000005f0a                HAL_InitGpioAIN
 .text.HAL_InitGpioIn
                0x0000000000005f30       0x28 ./HAL/hal_gpio.o
                0x0000000000005f30                HAL_InitGpioIn
 .text.HAL_InitGpioAF
                0x0000000000005f58       0x3c ./HAL/hal_gpio.o
                0x0000000000005f58                HAL_InitGpioAF
 .text.HAL_GetBit
                0x0000000000005f94        0xc ./HAL/hal_gpio.o
                0x0000000000005f94                HAL_GetBit
 .text.HAL_SetBit
                0x0000000000005fa0        0xc ./HAL/hal_gpio.o
                0x0000000000005fa0                HAL_SetBit
 .text.HAL_ResetBit
                0x0000000000005fac        0xc ./HAL/hal_gpio.o
                0x0000000000005fac                HAL_ResetBit
 .text.I2C_Master_TransmitIT
                0x0000000000005fb8       0xa4 ./HAL/hal_i2c.o
 .text.I2C_Master_ReviceIT
                0x000000000000605c       0xa8 ./HAL/hal_i2c.o
 .text.I2C_FSM  0x0000000000006104      0x1d6 ./HAL/hal_i2c.o
 .text.InitI2CDMA
                0x00000000000062da       0xe0 ./HAL/hal_i2c.o
                0x00000000000062da                InitI2CDMA
 .text.I2C1_EV_IRQHandler
                0x00000000000063ba       0x4c ./HAL/hal_i2c.o
                0x00000000000063ba                I2C1_EV_IRQHandler
 .text.I2C1_ER_IRQHandler
                0x0000000000006406       0x4c ./HAL/hal_i2c.o
                0x0000000000006406                I2C1_ER_IRQHandler
 .text.I2C2_EV_IRQHandler
                0x0000000000006452       0x4c ./HAL/hal_i2c.o
                0x0000000000006452                I2C2_EV_IRQHandler
 .text.I2C2_ER_IRQHandler
                0x000000000000649e       0x4c ./HAL/hal_i2c.o
                0x000000000000649e                I2C2_ER_IRQHandler
 .text.HAL_RTC_IT_Init
                0x00000000000064ea       0xb0 ./HAL/hal_rtc.o
                0x00000000000064ea                HAL_RTC_IT_Init
 .text.RTC_IRQHandler
                0x000000000000659a       0x64 ./HAL/hal_rtc.o
                0x000000000000659a                RTC_IRQHandler
 .text.HAL_SPI_InitDMA
                0x00000000000065fe       0xa2 ./HAL/hal_spi.o
                0x00000000000065fe                HAL_SPI_InitDMA
 .text.HAL_SPI_RXOveleyClear
                0x00000000000066a0        0x8 ./HAL/hal_spi.o
                0x00000000000066a0                HAL_SPI_RXOveleyClear
 .text.HAL_SPI_GetBusy
                0x00000000000066a8       0x16 ./HAL/hal_spi.o
                0x00000000000066a8                HAL_SPI_GetBusy
 .text.vTimerInitRCC
                0x00000000000066be       0x3e ./HAL/hal_timers.o
 .text.TIM1_CC_IRQHandler
                0x00000000000066fc       0xea ./HAL/hal_timers.o
                0x00000000000066fc                TIM1_CC_IRQHandler
 .text.TIM1_UP_IRQHandler
                0x00000000000067e6       0x74 ./HAL/hal_timers.o
                0x00000000000067e6                TIM1_UP_IRQHandler
 .text.TIM4_IRQHandler
                0x000000000000685a       0x74 ./HAL/hal_timers.o
                0x000000000000685a                TIM4_IRQHandler
 .text.TIM3_IRQHandler
                0x00000000000068ce       0x74 ./HAL/hal_timers.o
                0x00000000000068ce                TIM3_IRQHandler
 .text.TIM2_IRQHandler
                0x0000000000006942       0x6c ./HAL/hal_timers.o
                0x0000000000006942                TIM2_IRQHandler
 .text.HAL_TiemrEneblae
                0x00000000000069ae       0x1c ./HAL/hal_timers.o
                0x00000000000069ae                HAL_TiemrEneblae
 .text.HW_TIMER_BaseTimerInit
                0x00000000000069ca       0x60 ./HAL/hal_timers.o
                0x00000000000069ca                HW_TIMER_BaseTimerInit
 .text.HAL_TIMER_InitIt
                0x0000000000006a2a       0xa4 ./HAL/hal_timers.o
                0x0000000000006a2a                HAL_TIMER_InitIt
 .text.HAL_TIMER_PWMTimersInit
                0x0000000000006ace       0xec ./HAL/hal_timers.o
                0x0000000000006ace                HAL_TIMER_PWMTimersInit
 .text.HAL_TimeInitCaptureDMA
                0x0000000000006bba       0xe6 ./HAL/hal_timers.o
                0x0000000000006bba                HAL_TimeInitCaptureDMA
 .text.HAL_TIMER_DisablePWMCH
                0x0000000000006ca0       0x1c ./HAL/hal_timers.o
                0x0000000000006ca0                HAL_TIMER_DisablePWMCH
 .text.HAL_TIMER_SetPWMPulse
                0x0000000000006cbc       0x80 ./HAL/hal_timers.o
                0x0000000000006cbc                HAL_TIMER_SetPWMPulse
 .text.HAL_TIMER_EnablePWMCH
                0x0000000000006d3c       0x1c ./HAL/hal_timers.o
                0x0000000000006d3c                HAL_TIMER_EnablePWMCH
 .text.HAL_WDTReset
                0x0000000000006d58        0xc ./HAL/hal_wdt.o
                0x0000000000006d58                HAL_WDTReset
 .text.prvInsertBlockIntoFreeList
                0x0000000000006d64       0x4c ./FreeRTOS/portable/MemMang/heap_4.o
 .text.pvPortMalloc
                0x0000000000006db0      0x18a ./FreeRTOS/portable/MemMang/heap_4.o
                0x0000000000006db0                pvPortMalloc
 .text.vPortFree
                0x0000000000006f3a       0xa8 ./FreeRTOS/portable/MemMang/heap_4.o
                0x0000000000006f3a                vPortFree
 .text.vPortSetupTimerInterrupt
                0x0000000000006fe2       0x3e ./FreeRTOS/portable/GCC/RISC-V/port.o
                0x0000000000006fe2                vPortSetupTimerInterrupt
 .text.xPortStartScheduler
                0x0000000000007020       0x90 ./FreeRTOS/portable/GCC/RISC-V/port.o
                0x0000000000007020                xPortStartScheduler
 .text.SysTick_Handler
                0x00000000000070b0       0x7c ./FreeRTOS/portable/GCC/RISC-V/port.o
                0x00000000000070b0                SysTick_Handler
 .text.vPortEnterCritical
                0x000000000000712c       0x16 ./FreeRTOS/portable/GCC/RISC-V/port.o
                0x000000000000712c                vPortEnterCritical
 .text.vPortExitCritical
                0x0000000000007142       0x42 ./FreeRTOS/portable/GCC/RISC-V/port.o
                0x0000000000007142                vPortExitCritical
 .text.xPortSetInterruptMask
                0x0000000000007184        0xc ./FreeRTOS/portable/GCC/RISC-V/port.o
                0x0000000000007184                xPortSetInterruptMask
 .text.vPortClearInterruptMask
                0x0000000000007190        0x6 ./FreeRTOS/portable/GCC/RISC-V/port.o
                0x0000000000007190                vPortClearInterruptMask
 .text.vListInitialise
                0x0000000000007196       0x14 ./FreeRTOS/list.o
                0x0000000000007196                vListInitialise
 .text.vListInitialiseItem
                0x00000000000071aa        0x6 ./FreeRTOS/list.o
                0x00000000000071aa                vListInitialiseItem
 .text.vListInsertEnd
                0x00000000000071b0       0x18 ./FreeRTOS/list.o
                0x00000000000071b0                vListInsertEnd
 .text.vListInsert
                0x00000000000071c8       0x2e ./FreeRTOS/list.o
                0x00000000000071c8                vListInsert
 .text.uxListRemove
                0x00000000000071f6       0x20 ./FreeRTOS/list.o
                0x00000000000071f6                uxListRemove
 .text.prvIsQueueEmpty
                0x0000000000007216       0x1e ./FreeRTOS/queue.o
 .text.prvCopyDataToQueue
                0x0000000000007234       0x72 ./FreeRTOS/queue.o
 .text.prvCopyDataFromQueue
                0x00000000000072a6       0x28 ./FreeRTOS/queue.o
 .text.prvUnlockQueue
                0x00000000000072ce       0x76 ./FreeRTOS/queue.o
 .text.xQueueGenericReset
                0x0000000000007344       0xc4 ./FreeRTOS/queue.o
                0x0000000000007344                xQueueGenericReset
 .text.xQueueGenericCreateStatic
                0x0000000000007408       0xae ./FreeRTOS/queue.o
                0x0000000000007408                xQueueGenericCreateStatic
 .text.xQueueGenericCreate
                0x00000000000074b6       0x72 ./FreeRTOS/queue.o
                0x00000000000074b6                xQueueGenericCreate
 .text.xQueueGenericSend
                0x0000000000007528      0x1a8 ./FreeRTOS/queue.o
                0x0000000000007528                xQueueGenericSend
 .text.xQueueGiveMutexRecursive
                0x00000000000076d0       0x56 ./FreeRTOS/queue.o
                0x00000000000076d0                xQueueGiveMutexRecursive
 .text.xQueueCreateMutex
                0x0000000000007726       0x2e ./FreeRTOS/queue.o
                0x0000000000007726                xQueueCreateMutex
 .text.xQueueReceive
                0x0000000000007754      0x166 ./FreeRTOS/queue.o
                0x0000000000007754                xQueueReceive
 .text.xQueueSemaphoreTake
                0x00000000000078ba      0x1be ./FreeRTOS/queue.o
                0x00000000000078ba                xQueueSemaphoreTake
 .text.xQueueTakeMutexRecursive
                0x0000000000007a78       0x5a ./FreeRTOS/queue.o
                0x0000000000007a78                xQueueTakeMutexRecursive
 .text.uxQueueMessagesWaiting
                0x0000000000007ad2       0x44 ./FreeRTOS/queue.o
                0x0000000000007ad2                uxQueueMessagesWaiting
 .text.vQueueAddToRegistry
                0x0000000000007b16       0x6c ./FreeRTOS/queue.o
                0x0000000000007b16                vQueueAddToRegistry
 .text.vQueueWaitForMessageRestricted
                0x0000000000007b82       0x5c ./FreeRTOS/queue.o
                0x0000000000007b82                vQueueWaitForMessageRestricted
 .text.prvIdleTask
                0x0000000000007bde        0x2 ./FreeRTOS/tasks.o
 .text.prvAddNewTaskToReadyList
                0x0000000000007be0      0x10e ./FreeRTOS/tasks.o
 .text.prvResetNextTaskUnblockTime
                0x0000000000007cee       0x20 ./FreeRTOS/tasks.o
 .text.prvTaskIsTaskSuspended
                0x0000000000007d0e       0x50 ./FreeRTOS/tasks.o
 .text.prvInitialiseNewTask.isra.2
                0x0000000000007d5e       0xc8 ./FreeRTOS/tasks.o
 .text.prvAddCurrentTaskToDelayedList
                0x0000000000007e26       0xa4 ./FreeRTOS/tasks.o
 .text.xTaskCreateStatic
                0x0000000000007eca       0xa6 ./FreeRTOS/tasks.o
                0x0000000000007eca                xTaskCreateStatic
 .text.vTaskResume
                0x0000000000007f70       0xaa ./FreeRTOS/tasks.o
                0x0000000000007f70                vTaskResume
 .text.vTaskStartScheduler
                0x000000000000801a       0x90 ./FreeRTOS/tasks.o
                0x000000000000801a                vTaskStartScheduler
 .text.vTaskSuspendAll
                0x00000000000080aa       0x10 ./FreeRTOS/tasks.o
                0x00000000000080aa                vTaskSuspendAll
 .text.xTaskGetTickCount
                0x00000000000080ba        0x6 ./FreeRTOS/tasks.o
                0x00000000000080ba                xTaskGetTickCount
 .text.xTaskIncrementTick
                0x00000000000080c0      0x198 ./FreeRTOS/tasks.o
                0x00000000000080c0                xTaskIncrementTick
 .text.xTaskResumeAll
                0x0000000000008258      0x158 ./FreeRTOS/tasks.o
                0x0000000000008258                xTaskResumeAll
 .text.vTaskDelay
                0x00000000000083b0       0x66 ./FreeRTOS/tasks.o
                0x00000000000083b0                vTaskDelay
 .text.vTaskSwitchContext
                0x0000000000008416       0x96 ./FreeRTOS/tasks.o
                0x0000000000008416                vTaskSwitchContext
 .text.vTaskSuspend
                0x00000000000084ac       0xea ./FreeRTOS/tasks.o
                0x00000000000084ac                vTaskSuspend
 .text.vTaskPlaceOnEventList
                0x0000000000008596       0x48 ./FreeRTOS/tasks.o
                0x0000000000008596                vTaskPlaceOnEventList
 .text.vTaskPlaceOnEventListRestricted
                0x00000000000085de       0x76 ./FreeRTOS/tasks.o
                0x00000000000085de                vTaskPlaceOnEventListRestricted
 .text.xTaskRemoveFromEventList
                0x0000000000008654       0xe8 ./FreeRTOS/tasks.o
                0x0000000000008654                xTaskRemoveFromEventList
 .text.vTaskInternalSetTimeOutState
                0x000000000000873c        0xe ./FreeRTOS/tasks.o
                0x000000000000873c                vTaskInternalSetTimeOutState
 .text.xTaskCheckForTimeOut
                0x000000000000874a       0xaa ./FreeRTOS/tasks.o
                0x000000000000874a                xTaskCheckForTimeOut
 .text.vTaskMissedYield
                0x00000000000087f4        0x8 ./FreeRTOS/tasks.o
                0x00000000000087f4                vTaskMissedYield
 .text.xTaskGetCurrentTaskHandle
                0x00000000000087fc        0xa ./FreeRTOS/tasks.o
                0x00000000000087fc                xTaskGetCurrentTaskHandle
 .text.xTaskGetSchedulerState
                0x0000000000008806       0x18 ./FreeRTOS/tasks.o
                0x0000000000008806                xTaskGetSchedulerState
 .text.xTaskPriorityInherit
                0x000000000000881e       0xae ./FreeRTOS/tasks.o
                0x000000000000881e                xTaskPriorityInherit
 .text.xTaskPriorityDisinherit
                0x00000000000088cc       0xca ./FreeRTOS/tasks.o
                0x00000000000088cc                xTaskPriorityDisinherit
 .text.vTaskPriorityDisinheritAfterTimeout
                0x0000000000008996       0xe6 ./FreeRTOS/tasks.o
                0x0000000000008996                vTaskPriorityDisinheritAfterTimeout
 .text.pvTaskIncrementMutexHeldCount
                0x0000000000008a7c       0x1c ./FreeRTOS/tasks.o
                0x0000000000008a7c                pvTaskIncrementMutexHeldCount
 .text.ulTaskGenericNotifyTake
                0x0000000000008a98       0xb8 ./FreeRTOS/tasks.o
                0x0000000000008a98                ulTaskGenericNotifyTake
 .text.xTaskGenericNotifyWait
                0x0000000000008b50       0xe6 ./FreeRTOS/tasks.o
                0x0000000000008b50                xTaskGenericNotifyWait
 .text.xTaskGenericNotify
                0x0000000000008c36      0x1b0 ./FreeRTOS/tasks.o
                0x0000000000008c36                xTaskGenericNotify
 .text.xTaskGenericNotifyFromISR
                0x0000000000008de6      0x1ec ./FreeRTOS/tasks.o
                0x0000000000008de6                xTaskGenericNotifyFromISR
 .text.ulTaskGenericNotifyValueClear
                0x0000000000008fd2       0x3e ./FreeRTOS/tasks.o
                0x0000000000008fd2                ulTaskGenericNotifyValueClear
 .text.prvCheckForValidListAndQueue
                0x0000000000009010       0x6a ./FreeRTOS/timers.o
 .text.prvInsertTimerInActiveList
                0x000000000000907a       0x3e ./FreeRTOS/timers.o
 .text.prvReloadTimer
                0x00000000000090b8       0x2a ./FreeRTOS/timers.o
 .text.prvProcessExpiredTimer
                0x00000000000090e2       0x42 ./FreeRTOS/timers.o
 .text.prvSwitchTimerLists
                0x0000000000009124       0x28 ./FreeRTOS/timers.o
 .text.prvTimerTask
                0x000000000000914c      0x188 ./FreeRTOS/timers.o
 .text.xTimerCreateTimerTask
                0x00000000000092d4       0x6e ./FreeRTOS/timers.o
                0x00000000000092d4                xTimerCreateTimerTask
 .text.vRCFilter
                0x0000000000009342       0x30 ./Drivers/filters.o
                0x0000000000009342                vRCFilter
 .text.vInitABFilter
                0x0000000000009372       0x22 ./Drivers/filters.o
                0x0000000000009372                vInitABFilter
 .text.vInitRunAverga
                0x0000000000009394        0x8 ./Drivers/filters.o
                0x0000000000009394                vInitRunAverga
 .text.vInitMedianFilter
                0x000000000000939c       0x12 ./Drivers/filters.o
                0x000000000000939c                vInitMedianFilter
 .text.MedianFilter
                0x00000000000093ae       0x6e ./Drivers/filters.o
                0x00000000000093ae                MedianFilter
 .text.Delay_Ms
                0x000000000000941c       0x36 ./Debug/debug.o
                0x000000000000941c                Delay_Ms
 .text._write   0x0000000000009452       0x3e ./Debug/debug.o
                0x0000000000009452                _write
 .text._sbrk    0x0000000000009490       0x2a ./Debug/debug.o
                0x0000000000009490                _sbrk
 .text.prv_read_can_received_msg
                0x00000000000094ba       0x50 ./CANopenNode/keypad/CO_driver_ST32F103.o
                0x00000000000094ba                prv_read_can_received_msg
 .text.prv_send_can_message.isra.0
                0x000000000000950a       0x2c ./CANopenNode/keypad/CO_driver_ST32F103.o
 .text.CAN_SendMessage
                0x0000000000009536       0x66 ./CANopenNode/keypad/CO_driver_ST32F103.o
                0x0000000000009536                CAN_SendMessage
 .text.co_drv_create_os_objects
                0x000000000000959c       0x30 ./CANopenNode/keypad/CO_driver_ST32F103.o
                0x000000000000959c                co_drv_create_os_objects
 .text.co_drv_mutex_lock
                0x00000000000095cc       0x18 ./CANopenNode/keypad/CO_driver_ST32F103.o
                0x00000000000095cc                co_drv_mutex_lock
 .text.co_drv_mutex_unlock
                0x00000000000095e4       0x16 ./CANopenNode/keypad/CO_driver_ST32F103.o
                0x00000000000095e4                co_drv_mutex_unlock
 .text.CO_CANsetConfigurationMode
                0x00000000000095fa       0x10 ./CANopenNode/keypad/CO_driver_ST32F103.o
                0x00000000000095fa                CO_CANsetConfigurationMode
 .text.CO_CANsetNormalMode
                0x000000000000960a       0x1c ./CANopenNode/keypad/CO_driver_ST32F103.o
                0x000000000000960a                CO_CANsetNormalMode
 .text.CO_CANmodule_init
                0x0000000000009626      0x110 ./CANopenNode/keypad/CO_driver_ST32F103.o
                0x0000000000009626                CO_CANmodule_init
 .text.CO_CANmodule_disable
                0x0000000000009736       0x14 ./CANopenNode/keypad/CO_driver_ST32F103.o
                0x0000000000009736                CO_CANmodule_disable
 .text.CO_CANrxBufferInit
                0x000000000000974a       0x52 ./CANopenNode/keypad/CO_driver_ST32F103.o
                0x000000000000974a                CO_CANrxBufferInit
 .text.CO_CANtxBufferInit
                0x000000000000979c       0x3a ./CANopenNode/keypad/CO_driver_ST32F103.o
                0x000000000000979c                CO_CANtxBufferInit
 .text.CO_CANmodule_process
                0x00000000000097d6       0x12 ./CANopenNode/keypad/CO_driver_ST32F103.o
                0x00000000000097d6                CO_CANmodule_process
 .text.CO_CANsend
                0x00000000000097e8       0x46 ./CANopenNode/keypad/CO_driver_ST32F103.o
                0x00000000000097e8                CO_CANsend
 .text.CO_LSSslave_receive
                0x000000000000982e      0x1a8 ./CANopenNode/305/CO_LSSslave.o
 .text.CO_LSSslave_init
                0x00000000000099d6       0xa4 ./CANopenNode/305/CO_LSSslave.o
                0x00000000000099d6                CO_LSSslave_init
 .text.CO_LSSslave_process
                0x0000000000009a7a      0x1a2 ./CANopenNode/305/CO_LSSslave.o
                0x0000000000009a7a                CO_LSSslave_process
 .text.OD_write_1003
                0x0000000000009c1c       0x28 ./CANopenNode/301/CO_Emergency.o
 .text.OD_read_1003
                0x0000000000009c44       0x8c ./CANopenNode/301/CO_Emergency.o
 .text.OD_read_1014_default
                0x0000000000009cd0       0x50 ./CANopenNode/301/CO_Emergency.o
 .text.CO_EM_init
                0x0000000000009d20      0x112 ./CANopenNode/301/CO_Emergency.o
                0x0000000000009d20                CO_EM_init
 .text.CO_error
                0x0000000000009e32       0xc4 ./CANopenNode/301/CO_Emergency.o
                0x0000000000009e32                CO_error
 .text.CO_EM_process
                0x0000000000009ef6      0x182 ./CANopenNode/301/CO_Emergency.o
                0x0000000000009ef6                CO_EM_process
 .text.CO_NMT_receive
                0x000000000000a078       0x18 ./CANopenNode/301/CO_NMT_Heartbeat.o
 .text.OD_write_1017
                0x000000000000a090       0x48 ./CANopenNode/301/CO_NMT_Heartbeat.o
 .text.CO_NMT_init
                0x000000000000a0d8       0xec ./CANopenNode/301/CO_NMT_Heartbeat.o
                0x000000000000a0d8                CO_NMT_init
 .text.CO_NMT_process
                0x000000000000a1c4      0x106 ./CANopenNode/301/CO_NMT_Heartbeat.o
                0x000000000000a1c4                CO_NMT_process
 .text.OD_readDisabled
                0x000000000000a2ca        0x4 ./CANopenNode/301/CO_ODinterface.o
 .text.OD_readOriginal
                0x000000000000a2ce       0x50 ./CANopenNode/301/CO_ODinterface.o
                0x000000000000a2ce                OD_readOriginal
 .text.OD_writeOriginal
                0x000000000000a31e       0x54 ./CANopenNode/301/CO_ODinterface.o
                0x000000000000a31e                OD_writeOriginal
 .text.OD_writeDisabled
                0x000000000000a372        0x4 ./CANopenNode/301/CO_ODinterface.o
 .text.OD_find  0x000000000000a376       0x70 ./CANopenNode/301/CO_ODinterface.o
                0x000000000000a376                OD_find
 .text.OD_getSub
                0x000000000000a3e6       0xf6 ./CANopenNode/301/CO_ODinterface.o
                0x000000000000a3e6                OD_getSub
 .text.OD_getSDOabCode
                0x000000000000a4dc       0x20 ./CANopenNode/301/CO_ODinterface.o
                0x000000000000a4dc                OD_getSDOabCode
 .text.OD_get_value
                0x000000000000a4fc       0x34 ./CANopenNode/301/CO_ODinterface.o
                0x000000000000a4fc                OD_get_value
 .text.OD_set_value
                0x000000000000a530       0x2e ./CANopenNode/301/CO_ODinterface.o
                0x000000000000a530                OD_set_value
 .text.OD_getPtr
                0x000000000000a55e       0x3c ./CANopenNode/301/CO_ODinterface.o
                0x000000000000a55e                OD_getPtr
 .text.OD_write_dummy
                0x000000000000a59a        0x8 ./CANopenNode/301/CO_PDO.o
 .text.OD_read_dummy
                0x000000000000a5a2       0x2e ./CANopenNode/301/CO_PDO.o
 .text.PDOconfigMap
                0x000000000000a5d0      0x100 ./CANopenNode/301/CO_PDO.o
 .text.CO_PDO_receive
                0x000000000000a6d0       0x48 ./CANopenNode/301/CO_PDO.o
 .text.OD_read_PDO_commParam
                0x000000000000a718       0x70 ./CANopenNode/301/CO_PDO.o
 .text.PDO_initMapping.constprop.3
                0x000000000000a788       0xe6 ./CANopenNode/301/CO_PDO.o
 .text.OD_write_PDO_mapping
                0x000000000000a86e       0xb4 ./CANopenNode/301/CO_PDO.o
 .text.OD_write_18xx
                0x000000000000a922      0x184 ./CANopenNode/301/CO_PDO.o
 .text.OD_write_14xx
                0x000000000000aaa6      0x15a ./CANopenNode/301/CO_PDO.o
 .text.CO_RPDO_init
                0x000000000000ac00      0x172 ./CANopenNode/301/CO_PDO.o
                0x000000000000ac00                CO_RPDO_init
 .text.CO_RPDO_process
                0x000000000000ad72      0x114 ./CANopenNode/301/CO_PDO.o
                0x000000000000ad72                CO_RPDO_process
 .text.CO_TPDO_init
                0x000000000000ae86      0x1d2 ./CANopenNode/301/CO_PDO.o
                0x000000000000ae86                CO_TPDO_init
 .text.CO_TPDO_process
                0x000000000000b058      0x15e ./CANopenNode/301/CO_PDO.o
                0x000000000000b058                CO_TPDO_process
 .text.CO_SDOserver_init_canRxTx
                0x000000000000b1b6       0x82 ./CANopenNode/301/CO_SDOserver.o
 .text.CO_SDO_receive
                0x000000000000b238       0x38 ./CANopenNode/301/CO_SDOserver.o
 .text.readFromOd.isra.1.constprop.5
                0x000000000000b270       0xe2 ./CANopenNode/301/CO_SDOserver.o
 .text.OD_write_1201_additional
                0x000000000000b352      0x158 ./CANopenNode/301/CO_SDOserver.o
 .text.CO_SDOserver_init
                0x000000000000b4aa      0x172 ./CANopenNode/301/CO_SDOserver.o
                0x000000000000b4aa                CO_SDOserver_init
 .text.CO_SDOserver_process
                0x000000000000b61c      0x5e8 ./CANopenNode/301/CO_SDOserver.o
                0x000000000000b61c                CO_SDOserver_process
 .text.CO_delete
                0x000000000000bc04       0x56 ./CANopenNode/CANopen.o
                0x000000000000bc04                CO_delete
 .text.CO_new   0x000000000000bc5a      0x102 ./CANopenNode/CANopen.o
                0x000000000000bc5a                CO_new
 .text.CO_CANinit
                0x000000000000bd5c       0x36 ./CANopenNode/CANopen.o
                0x000000000000bd5c                CO_CANinit
 .text.CO_LSSinit
                0x000000000000bd92       0x32 ./CANopenNode/CANopen.o
                0x000000000000bd92                CO_LSSinit
 .text.CO_CANopenInit
                0x000000000000bdc4       0xb8 ./CANopenNode/CANopen.o
                0x000000000000bdc4                CO_CANopenInit
 .text.CO_CANopenInitPDO
                0x000000000000be7c       0xea ./CANopenNode/CANopen.o
                0x000000000000be7c                CO_CANopenInitPDO
 .text.CO_process
                0x000000000000bf66       0x7e ./CANopenNode/CANopen.o
                0x000000000000bf66                CO_process
 .text.CO_process_RPDO
                0x000000000000bfe4       0x40 ./CANopenNode/CANopen.o
                0x000000000000bfe4                CO_process_RPDO
 .text.CO_process_TPDO
                0x000000000000c024       0x40 ./CANopenNode/CANopen.o
                0x000000000000c024                CO_process_TPDO
 .text.__addsf3
                0x000000000000c064      0x36a c:/mounriver/mounriver_studio/toolchain/risc-v embedded gcc/bin/../lib/gcc/riscv-none-embed/8.2.0/rv32imacxw/ilp32\libgcc.a(addsf3.o)
                0x000000000000c064                __addsf3
 .text.__divsf3
                0x000000000000c3ce      0x2b2 c:/mounriver/mounriver_studio/toolchain/risc-v embedded gcc/bin/../lib/gcc/riscv-none-embed/8.2.0/rv32imacxw/ilp32\libgcc.a(divsf3.o)
                0x000000000000c3ce                __divsf3
 .text.__gesf2  0x000000000000c680       0x86 c:/mounriver/mounriver_studio/toolchain/risc-v embedded gcc/bin/../lib/gcc/riscv-none-embed/8.2.0/rv32imacxw/ilp32\libgcc.a(gesf2.o)
                0x000000000000c680                __gesf2
                0x000000000000c680                __gtsf2
 .text.__lesf2  0x000000000000c706       0x8c c:/mounriver/mounriver_studio/toolchain/risc-v embedded gcc/bin/../lib/gcc/riscv-none-embed/8.2.0/rv32imacxw/ilp32\libgcc.a(lesf2.o)
                0x000000000000c706                __ltsf2
                0x000000000000c706                __lesf2
 .text.__mulsf3
                0x000000000000c792      0x290 c:/mounriver/mounriver_studio/toolchain/risc-v embedded gcc/bin/../lib/gcc/riscv-none-embed/8.2.0/rv32imacxw/ilp32\libgcc.a(mulsf3.o)
                0x000000000000c792                __mulsf3
 .text.__subsf3
                0x000000000000ca22      0x388 c:/mounriver/mounriver_studio/toolchain/risc-v embedded gcc/bin/../lib/gcc/riscv-none-embed/8.2.0/rv32imacxw/ilp32\libgcc.a(subsf3.o)
                0x000000000000ca22                __subsf3
 .text.__fixsfsi
                0x000000000000cdaa       0x62 c:/mounriver/mounriver_studio/toolchain/risc-v embedded gcc/bin/../lib/gcc/riscv-none-embed/8.2.0/rv32imacxw/ilp32\libgcc.a(fixsfsi.o)
                0x000000000000cdaa                __fixsfsi
 .text.__fixunssfsi
                0x000000000000ce0c       0x56 c:/mounriver/mounriver_studio/toolchain/risc-v embedded gcc/bin/../lib/gcc/riscv-none-embed/8.2.0/rv32imacxw/ilp32\libgcc.a(fixunssfsi.o)
                0x000000000000ce0c                __fixunssfsi
 .text.__floatsisf
                0x000000000000ce62       0xc6 c:/mounriver/mounriver_studio/toolchain/risc-v embedded gcc/bin/../lib/gcc/riscv-none-embed/8.2.0/rv32imacxw/ilp32\libgcc.a(floatsisf.o)
                0x000000000000ce62                __floatsisf
 .text.__floatunsisf
                0x000000000000cf28       0xce c:/mounriver/mounriver_studio/toolchain/risc-v embedded gcc/bin/../lib/gcc/riscv-none-embed/8.2.0/rv32imacxw/ilp32\libgcc.a(floatunsisf.o)
                0x000000000000cf28                __floatunsisf
 .text.__clzsi2
                0x000000000000cff6       0x6e c:/mounriver/mounriver_studio/toolchain/risc-v embedded gcc/bin/../lib/gcc/riscv-none-embed/8.2.0/rv32imacxw/ilp32\libgcc.a(_clzsi2.o)
                0x000000000000cff6                __clzsi2
 .text.calloc   0x000000000000d064        0xc c:/mounriver/mounriver_studio/toolchain/risc-v embedded gcc/bin/../lib/gcc/riscv-none-embed/8.2.0/../../../../riscv-none-embed/lib/rv32imacxw/ilp32\libg_nano.a(lib_a-calloc.o)
                0x000000000000d064                calloc
 .text.free     0x000000000000d070        0xa c:/mounriver/mounriver_studio/toolchain/risc-v embedded gcc/bin/../lib/gcc/riscv-none-embed/8.2.0/../../../../riscv-none-embed/lib/rv32imacxw/ilp32\libg_nano.a(lib_a-malloc.o)
                0x000000000000d070                free
 .text.memcpy   0x000000000000d07a       0xb2 c:/mounriver/mounriver_studio/toolchain/risc-v embedded gcc/bin/../lib/gcc/riscv-none-embed/8.2.0/../../../../riscv-none-embed/lib/rv32imacxw/ilp32\libg_nano.a(lib_a-memcpy.o)
                0x000000000000d07a                memcpy
 .text.memmove  0x000000000000d12c       0x46 c:/mounriver/mounriver_studio/toolchain/risc-v embedded gcc/bin/../lib/gcc/riscv-none-embed/8.2.0/../../../../riscv-none-embed/lib/rv32imacxw/ilp32\libg_nano.a(lib_a-memmove.o)
                0x000000000000d12c                memmove
 .text._calloc_r
                0x000000000000d172       0x26 c:/mounriver/mounriver_studio/toolchain/risc-v embedded gcc/bin/../lib/gcc/riscv-none-embed/8.2.0/../../../../riscv-none-embed/lib/rv32imacxw/ilp32\libg_nano.a(lib_a-nano-callocr.o)
                0x000000000000d172                _calloc_r
 .text._free_r  0x000000000000d198       0xa4 c:/mounriver/mounriver_studio/toolchain/risc-v embedded gcc/bin/../lib/gcc/riscv-none-embed/8.2.0/../../../../riscv-none-embed/lib/rv32imacxw/ilp32\libg_nano.a(lib_a-nano-freer.o)
                0x000000000000d198                _free_r
 .text._malloc_r
                0x000000000000d23c       0xce c:/mounriver/mounriver_studio/toolchain/risc-v embedded gcc/bin/../lib/gcc/riscv-none-embed/8.2.0/../../../../riscv-none-embed/lib/rv32imacxw/ilp32\libg_nano.a(lib_a-nano-mallocr.o)
                0x000000000000d23c                _malloc_r
 .text.printf   0x000000000000d30a       0x3e c:/mounriver/mounriver_studio/toolchain/risc-v embedded gcc/bin/../lib/gcc/riscv-none-embed/8.2.0/../../../../riscv-none-embed/lib/rv32imacxw/ilp32\libg_nano.a(lib_a-printf.o)
                0x000000000000d30a                iprintf
                0x000000000000d30a                printf
 .text._sbrk_r  0x000000000000d348       0x32 c:/mounriver/mounriver_studio/toolchain/risc-v embedded gcc/bin/../lib/gcc/riscv-none-embed/8.2.0/../../../../riscv-none-embed/lib/rv32imacxw/ilp32\libg_nano.a(lib_a-sbrkr.o)
                0x000000000000d348                _sbrk_r
 .text.strlen   0x000000000000d37a       0x12 c:/mounriver/mounriver_studio/toolchain/risc-v embedded gcc/bin/../lib/gcc/riscv-none-embed/8.2.0/../../../../riscv-none-embed/lib/rv32imacxw/ilp32\libg_nano.a(lib_a-strlen.o)
                0x000000000000d37a                strlen
 .text.std      0x000000000000d38c       0x66 c:/mounriver/mounriver_studio/toolchain/risc-v embedded gcc/bin/../lib/gcc/riscv-none-embed/8.2.0/../../../../riscv-none-embed/lib/rv32imacxw/ilp32\libg_nano.a(lib_a-findfp.o)
 .text._cleanup_r
                0x000000000000d3f2        0xa c:/mounriver/mounriver_studio/toolchain/risc-v embedded gcc/bin/../lib/gcc/riscv-none-embed/8.2.0/../../../../riscv-none-embed/lib/rv32imacxw/ilp32\libg_nano.a(lib_a-findfp.o)
                0x000000000000d3f2                _cleanup_r
 .text.__sfmoreglue
                0x000000000000d3fc       0x48 c:/mounriver/mounriver_studio/toolchain/risc-v embedded gcc/bin/../lib/gcc/riscv-none-embed/8.2.0/../../../../riscv-none-embed/lib/rv32imacxw/ilp32\libg_nano.a(lib_a-findfp.o)
                0x000000000000d3fc                __sfmoreglue
 .text.__sinit  0x000000000000d444       0x6c c:/mounriver/mounriver_studio/toolchain/risc-v embedded gcc/bin/../lib/gcc/riscv-none-embed/8.2.0/../../../../riscv-none-embed/lib/rv32imacxw/ilp32\libg_nano.a(lib_a-findfp.o)
                0x000000000000d444                __sinit
 .text.__sfp    0x000000000000d4b0       0xa0 c:/mounriver/mounriver_studio/toolchain/risc-v embedded gcc/bin/../lib/gcc/riscv-none-embed/8.2.0/../../../../riscv-none-embed/lib/rv32imacxw/ilp32\libg_nano.a(lib_a-findfp.o)
                0x000000000000d4b0                __sfp
 .text._fwalk_reent
                0x000000000000d550       0x6a c:/mounriver/mounriver_studio/toolchain/risc-v embedded gcc/bin/../lib/gcc/riscv-none-embed/8.2.0/../../../../riscv-none-embed/lib/rv32imacxw/ilp32\libg_nano.a(lib_a-fwalk.o)
                0x000000000000d550                _fwalk_reent
 .text.__malloc_lock
                0x000000000000d5ba        0x2 c:/mounriver/mounriver_studio/toolchain/risc-v embedded gcc/bin/../lib/gcc/riscv-none-embed/8.2.0/../../../../riscv-none-embed/lib/rv32imacxw/ilp32\libg_nano.a(lib_a-mlock.o)
                0x000000000000d5ba                __malloc_lock
 .text.__malloc_unlock
                0x000000000000d5bc        0x2 c:/mounriver/mounriver_studio/toolchain/risc-v embedded gcc/bin/../lib/gcc/riscv-none-embed/8.2.0/../../../../riscv-none-embed/lib/rv32imacxw/ilp32\libg_nano.a(lib_a-mlock.o)
                0x000000000000d5bc                __malloc_unlock
 .text.__sfputc_r
                0x000000000000d5be       0x26 c:/mounriver/mounriver_studio/toolchain/risc-v embedded gcc/bin/../lib/gcc/riscv-none-embed/8.2.0/../../../../riscv-none-embed/lib/rv32imacxw/ilp32\libg_nano.a(lib_a-nano-vfprintf.o)
 .text.__sfputs_r
                0x000000000000d5e4       0x42 c:/mounriver/mounriver_studio/toolchain/risc-v embedded gcc/bin/../lib/gcc/riscv-none-embed/8.2.0/../../../../riscv-none-embed/lib/rv32imacxw/ilp32\libg_nano.a(lib_a-nano-vfprintf.o)
                0x000000000000d5e4                __sfputs_r
 .text._vfprintf_r
                0x000000000000d626      0x28c c:/mounriver/mounriver_studio/toolchain/risc-v embedded gcc/bin/../lib/gcc/riscv-none-embed/8.2.0/../../../../riscv-none-embed/lib/rv32imacxw/ilp32\libg_nano.a(lib_a-nano-vfprintf.o)
                0x000000000000d626                _vfprintf_r
                0x000000000000d626                _vfiprintf_r
 .text._printf_common
                0x000000000000d8b2      0x10c c:/mounriver/mounriver_studio/toolchain/risc-v embedded gcc/bin/../lib/gcc/riscv-none-embed/8.2.0/../../../../riscv-none-embed/lib/rv32imacxw/ilp32\libg_nano.a(lib_a-nano-vfprintf_i.o)
                0x000000000000d8b2                _printf_common
 .text._printf_i
                0x000000000000d9be      0x2a2 c:/mounriver/mounriver_studio/toolchain/risc-v embedded gcc/bin/../lib/gcc/riscv-none-embed/8.2.0/../../../../riscv-none-embed/lib/rv32imacxw/ilp32\libg_nano.a(lib_a-nano-vfprintf_i.o)
                0x000000000000d9be                _printf_i
 .text.__sread  0x000000000000dc60       0x2c c:/mounriver/mounriver_studio/toolchain/risc-v embedded gcc/bin/../lib/gcc/riscv-none-embed/8.2.0/../../../../riscv-none-embed/lib/rv32imacxw/ilp32\libg_nano.a(lib_a-stdio.o)
                0x000000000000dc60                __sread
 .text.__swrite
                0x000000000000dc8c       0x48 c:/mounriver/mounriver_studio/toolchain/risc-v embedded gcc/bin/../lib/gcc/riscv-none-embed/8.2.0/../../../../riscv-none-embed/lib/rv32imacxw/ilp32\libg_nano.a(lib_a-stdio.o)
                0x000000000000dc8c                __swrite
 .text.__sseek  0x000000000000dcd4       0x30 c:/mounriver/mounriver_studio/toolchain/risc-v embedded gcc/bin/../lib/gcc/riscv-none-embed/8.2.0/../../../../riscv-none-embed/lib/rv32imacxw/ilp32\libg_nano.a(lib_a-stdio.o)
                0x000000000000dcd4                __sseek
 .text.__sclose
                0x000000000000dd04        0x6 c:/mounriver/mounriver_studio/toolchain/risc-v embedded gcc/bin/../lib/gcc/riscv-none-embed/8.2.0/../../../../riscv-none-embed/lib/rv32imacxw/ilp32\libg_nano.a(lib_a-stdio.o)
                0x000000000000dd04                __sclose
 .text.__swbuf_r
                0x000000000000dd0a       0xbe c:/mounriver/mounriver_studio/toolchain/risc-v embedded gcc/bin/../lib/gcc/riscv-none-embed/8.2.0/../../../../riscv-none-embed/lib/rv32imacxw/ilp32\libg_nano.a(lib_a-wbuf.o)
                0x000000000000dd0a                __swbuf_r
 .text._write_r
                0x000000000000ddc8       0x36 c:/mounriver/mounriver_studio/toolchain/risc-v embedded gcc/bin/../lib/gcc/riscv-none-embed/8.2.0/../../../../riscv-none-embed/lib/rv32imacxw/ilp32\libg_nano.a(lib_a-writer.o)
                0x000000000000ddc8                _write_r
 .text.__swsetup_r
                0x000000000000ddfe      0x100 c:/mounriver/mounriver_studio/toolchain/risc-v embedded gcc/bin/../lib/gcc/riscv-none-embed/8.2.0/../../../../riscv-none-embed/lib/rv32imacxw/ilp32\libg_nano.a(lib_a-wsetup.o)
                0x000000000000ddfe                __swsetup_r
 .text._close_r
                0x000000000000defe       0x30 c:/mounriver/mounriver_studio/toolchain/risc-v embedded gcc/bin/../lib/gcc/riscv-none-embed/8.2.0/../../../../riscv-none-embed/lib/rv32imacxw/ilp32\libg_nano.a(lib_a-closer.o)
                0x000000000000defe                _close_r
 .text.__sflush_r
                0x000000000000df2e      0x132 c:/mounriver/mounriver_studio/toolchain/risc-v embedded gcc/bin/../lib/gcc/riscv-none-embed/8.2.0/../../../../riscv-none-embed/lib/rv32imacxw/ilp32\libg_nano.a(lib_a-fflush.o)
                0x000000000000df2e                __sflush_r
 .text._fflush_r
                0x000000000000e060       0x68 c:/mounriver/mounriver_studio/toolchain/risc-v embedded gcc/bin/../lib/gcc/riscv-none-embed/8.2.0/../../../../riscv-none-embed/lib/rv32imacxw/ilp32\libg_nano.a(lib_a-fflush.o)
                0x000000000000e060                _fflush_r
 .text._lseek_r
                0x000000000000e0c8       0x34 c:/mounriver/mounriver_studio/toolchain/risc-v embedded gcc/bin/../lib/gcc/riscv-none-embed/8.2.0/../../../../riscv-none-embed/lib/rv32imacxw/ilp32\libg_nano.a(lib_a-lseekr.o)
                0x000000000000e0c8                _lseek_r
 .text.__swhatbuf_r
                0x000000000000e0fc       0x56 c:/mounriver/mounriver_studio/toolchain/risc-v embedded gcc/bin/../lib/gcc/riscv-none-embed/8.2.0/../../../../riscv-none-embed/lib/rv32imacxw/ilp32\libg_nano.a(lib_a-makebuf.o)
                0x000000000000e0fc                __swhatbuf_r
 .text.__smakebuf_r
                0x000000000000e152       0x92 c:/mounriver/mounriver_studio/toolchain/risc-v embedded gcc/bin/../lib/gcc/riscv-none-embed/8.2.0/../../../../riscv-none-embed/lib/rv32imacxw/ilp32\libg_nano.a(lib_a-makebuf.o)
                0x000000000000e152                __smakebuf_r
 .text.memchr   0x000000000000e1e4       0x18 c:/mounriver/mounriver_studio/toolchain/risc-v embedded gcc/bin/../lib/gcc/riscv-none-embed/8.2.0/../../../../riscv-none-embed/lib/rv32imacxw/ilp32\libg_nano.a(lib_a-memchr.o)
                0x000000000000e1e4                memchr
 .text._read_r  0x000000000000e1fc       0x34 c:/mounriver/mounriver_studio/toolchain/risc-v embedded gcc/bin/../lib/gcc/riscv-none-embed/8.2.0/../../../../riscv-none-embed/lib/rv32imacxw/ilp32\libg_nano.a(lib_a-readr.o)
                0x000000000000e1fc                _read_r
 .text._fstat_r
                0x000000000000e230       0x32 c:/mounriver/mounriver_studio/toolchain/risc-v embedded gcc/bin/../lib/gcc/riscv-none-embed/8.2.0/../../../../riscv-none-embed/lib/rv32imacxw/ilp32\libg_nano.a(lib_a-fstatr.o)
                0x000000000000e230                _fstat_r
 .text._isatty_r
                0x000000000000e262       0x30 c:/mounriver/mounriver_studio/toolchain/risc-v embedded gcc/bin/../lib/gcc/riscv-none-embed/8.2.0/../../../../riscv-none-embed/lib/rv32imacxw/ilp32\libg_nano.a(lib_a-isattyr.o)
                0x000000000000e262                _isatty_r
 .text._close   0x000000000000e292       0x10 c:/mounriver/mounriver_studio/toolchain/risc-v embedded gcc/bin/../lib/gcc/riscv-none-embed/8.2.0/../../../../riscv-none-embed/lib/rv32imacxw/ilp32\libnosys.a(close.o)
                0x000000000000e292                _close
 .text._fstat   0x000000000000e2a2       0x10 c:/mounriver/mounriver_studio/toolchain/risc-v embedded gcc/bin/../lib/gcc/riscv-none-embed/8.2.0/../../../../riscv-none-embed/lib/rv32imacxw/ilp32\libnosys.a(fstat.o)