Archive member included to satisfy reference by file (symbol)

c:/mounriver/mounriver_studio/toolchain/risc-v embedded gcc/bin/../lib/gcc/riscv-none-embed/8.2.0/rv32imacxw/ilp32\libgcc.a(muldf3.o)
                              ./User/inputs.o (__muldf3)
c:/mounriver/mounriver_studio/toolchain/risc-v embedded gcc/bin/../lib/gcc/riscv-none-embed/8.2.0/rv32imacxw/ilp32\libgcc.a(floatunsidf.o)
                              ./User/inputs.o (__floatunsidf)
c:/mounriver/mounriver_studio/toolchain/risc-v embedded gcc/bin/../lib/gcc/riscv-none-embed/8.2.0/rv32imacxw/ilp32\libgcc.a(addsf3.o)
                              ./User/DataModel.o (__addsf3)
c:/mounriver/mounriver_studio/toolchain/risc-v embedded gcc/bin/../lib/gcc/riscv-none-embed/8.2.0/rv32imacxw/ilp32\libgcc.a(divsf3.o)
                              ./User/DataModel.o (__divsf3)
c:/mounriver/mounriver_studio/toolchain/risc-v embedded gcc/bin/../lib/gcc/riscv-none-embed/8.2.0/rv32imacxw/ilp32\libgcc.a(eqsf2.o)
                              ./HAL_LIB/hw_lib_din.o (__nesf2)
c:/mounriver/mounriver_studio/toolchain/risc-v embedded gcc/bin/../lib/gcc/riscv-none-embed/8.2.0/rv32imacxw/ilp32\libgcc.a(gesf2.o)
                              ./User/inputs.o (__gesf2)
c:/mounriver/mounriver_studio/toolchain/risc-v embedded gcc/bin/../lib/gcc/riscv-none-embed/8.2.0/rv32imacxw/ilp32\libgcc.a(lesf2.o)
                              ./HAL_LIB/hw_lib_din.o (__lesf2)
c:/mounriver/mounriver_studio/toolchain/risc-v embedded gcc/bin/../lib/gcc/riscv-none-embed/8.2.0/rv32imacxw/ilp32\libgcc.a(mulsf3.o)
                              ./User/dash_draw.o (__mulsf3)
c:/mounriver/mounriver_studio/toolchain/risc-v embedded gcc/bin/../lib/gcc/riscv-none-embed/8.2.0/rv32imacxw/ilp32\libgcc.a(subsf3.o)
                              ./User/inputs.o (__subsf3)
c:/mounriver/mounriver_studio/toolchain/risc-v embedded gcc/bin/../lib/gcc/riscv-none-embed/8.2.0/rv32imacxw/ilp32\libgcc.a(fixsfsi.o)
                              ./User/dash_draw.o (__fixsfsi)
c:/mounriver/mounriver_studio/toolchain/risc-v embedded gcc/bin/../lib/gcc/riscv-none-embed/8.2.0/rv32imacxw/ilp32\libgcc.a(fixunssfsi.o)
                              ./User/DataModel.o (__fixunssfsi)
c:/mounriver/mounriver_studio/toolchain/risc-v embedded gcc/bin/../lib/gcc/riscv-none-embed/8.2.0/rv32imacxw/ilp32\libgcc.a(floatsisf.o)
                              ./User/DataModel.o (__floatsisf)
c:/mounriver/mounriver_studio/toolchain/risc-v embedded gcc/bin/../lib/gcc/riscv-none-embed/8.2.0/rv32imacxw/ilp32\libgcc.a(floatunsisf.o)
                              ./User/DataModel.o (__floatunsisf)
c:/mounriver/mounriver_studio/toolchain/risc-v embedded gcc/bin/../lib/gcc/riscv-none-embed/8.2.0/rv32imacxw/ilp32\libgcc.a(truncdfsf2.o)
                              ./User/inputs.o (__truncdfsf2)
c:/mounriver/mounriver_studio/toolchain/risc-v embedded gcc/bin/../lib/gcc/riscv-none-embed/8.2.0/rv32imacxw/ilp32\libgcc.a(save-restore.o)
                              ./User/dash_draw.o (__riscv_save_12)
c:/mounriver/mounriver_studio/toolchain/risc-v embedded gcc/bin/../lib/gcc/riscv-none-embed/8.2.0/rv32imacxw/ilp32\libgcc.a(_clzsi2.o)
                              c:/mounriver/mounriver_studio/toolchain/risc-v embedded gcc/bin/../lib/gcc/riscv-none-embed/8.2.0/rv32imacxw/ilp32\libgcc.a(muldf3.o) (__clzsi2)
c:/mounriver/mounriver_studio/toolchain/risc-v embedded gcc/bin/../lib/gcc/riscv-none-embed/8.2.0/rv32imacxw/ilp32\libgcc.a(_clz.o)
                              c:/mounriver/mounriver_studio/toolchain/risc-v embedded gcc/bin/../lib/gcc/riscv-none-embed/8.2.0/rv32imacxw/ilp32\libgcc.a(_clzsi2.o) (__clz_tab)
c:/mounriver/mounriver_studio/toolchain/risc-v embedded gcc/bin/../lib/gcc/riscv-none-embed/8.2.0/../../../../riscv-none-embed/lib/rv32imacxw/ilp32\libg_nano.a(lib_a-calloc.o)
                              ./CANopenNode/CANopen.o (calloc)
c:/mounriver/mounriver_studio/toolchain/risc-v embedded gcc/bin/../lib/gcc/riscv-none-embed/8.2.0/../../../../riscv-none-embed/lib/rv32imacxw/ilp32\libg_nano.a(lib_a-impure.o)
                              c:/mounriver/mounriver_studio/toolchain/risc-v embedded gcc/bin/../lib/gcc/riscv-none-embed/8.2.0/../../../../riscv-none-embed/lib/rv32imacxw/ilp32\libg_nano.a(lib_a-calloc.o) (_impure_ptr)
c:/mounriver/mounriver_studio/toolchain/risc-v embedded gcc/bin/../lib/gcc/riscv-none-embed/8.2.0/../../../../riscv-none-embed/lib/rv32imacxw/ilp32\libg_nano.a(lib_a-malloc.o)
                              ./CANopenNode/CANopen.o (free)
c:/mounriver/mounriver_studio/toolchain/risc-v embedded gcc/bin/../lib/gcc/riscv-none-embed/8.2.0/../../../../riscv-none-embed/lib/rv32imacxw/ilp32\libg_nano.a(lib_a-memcpy.o)
                              ./User/DataModel.o (memcpy)
c:/mounriver/mounriver_studio/toolchain/risc-v embedded gcc/bin/../lib/gcc/riscv-none-embed/8.2.0/../../../../riscv-none-embed/lib/rv32imacxw/ilp32\libg_nano.a(lib_a-memmove.o)
                              ./CANopenNode/301/CO_SDOserver.o (memmove)
[...]
Memory Configuration

Name             Origin             Length             Attributes
FLASH            0x0000000000000000 0x0000000000010000 xr
SFLASH           0x0000000000010000 0x0000000000002800 xr
RAM              0x0000000020000000 0x0000000000005000 xrw
*default*        0x0000000000000000 0xffffffffffffffff

Linker script and memory map

LOAD ./User/CanOpenNode.o
LOAD ./User/DataModel.o
LOAD ./User/ch32v20x_it.o
LOAD ./User/dash_draw.o
LOAD ./User/init.o
LOAD ./User/inputs.o
LOAD ./User/led.o
LOAD ./User/main.o
LOAD ./User/process.o
LOAD ./User/system_ch32v20x.o
LOAD ./User/system_init.o
LOAD ./Startup/startup_ch32v20x_D6.o
LOAD ./Peripheral/src/ch32v20x_adc.o
LOAD ./Peripheral/src/ch32v20x_bkp.o
LOAD ./Peripheral/src/ch32v20x_can.o
LOAD ./Peripheral/src/ch32v20x_crc.o
LOAD ./Peripheral/src/ch32v20x_dbgmcu.o
LOAD ./Peripheral/src/ch32v20x_dma.o
LOAD ./Peripheral/src/ch32v20x_exti.o
LOAD ./Peripheral/src/ch32v20x_flash.o
LOAD ./Peripheral/src/ch32v20x_gpio.o
LOAD ./Peripheral/src/ch32v20x_i2c.o
LOAD ./Peripheral/src/ch32v20x_iwdg.o
LOAD ./Peripheral/src/ch32v20x_misc.o
LOAD ./Peripheral/src/ch32v20x_opa.o
LOAD ./Peripheral/src/ch32v20x_pwr.o
LOAD ./Peripheral/src/ch32v20x_rcc.o
LOAD ./Peripheral/src/ch32v20x_rtc.o
LOAD ./Peripheral/src/ch32v20x_spi.o
LOAD ./Peripheral/src/ch32v20x_tim.o
LOAD ./Peripheral/src/ch32v20x_usart.o
LOAD ./Peripheral/src/ch32v20x_wwdg.o
LOAD ./HAL_LIB/filters.o
LOAD ./HAL_LIB/hw_lib_adc.o
LOAD ./HAL_LIB/hw_lib_din.o
LOAD ./HAL_LIB/hw_lib_eeprom_i2c.o
LOAD ./HAL_DRIVER/hal_can_ch32.o
LOAD ./HAL_DRIVER/hal_gpio_ch32.o
LOAD ./HAL_DRIVER/hal_i2c_ch32.o
LOAD ./HAL_DRIVER/hal_irq.o
LOAD ./HAL_DRIVER/hal_rtc_ch32.o
LOAD ./HAL_DRIVER/hal_spi_ch32.o
LOAD ./HAL_DRIVER/hal_wdt_ch32.o
LOAD ./HAL/hal_adc_ch32.o
LOAD ./HAL/hal_dma_ch32.o
LOAD ./HAL/hal_timers_ch32.o
LOAD ./FreeRTOS/portable/MemMang/heap_4.o
LOAD ./FreeRTOS/portable/GCC/RISC-V/port.o
LOAD ./FreeRTOS/portable/GCC/RISC-V/portASM.o
LOAD ./FreeRTOS/croutine.o
LOAD ./FreeRTOS/event_groups.o
LOAD ./FreeRTOS/list.o
LOAD ./FreeRTOS/queue.o
LOAD ./FreeRTOS/stream_buffer.o
LOAD ./FreeRTOS/tasks.o
LOAD ./FreeRTOS/timers.o
LOAD ./Debug/debug.o
LOAD ./Core/core_riscv.o
LOAD ./CANopenNode/keypad/CO_driver_ST32F103.o
LOAD ./CANopenNode/keypad/OD.o
LOAD ./CANopenNode/extra/CO_trace.o
LOAD ./CANopenNode/309/CO_gateway_ascii.o
LOAD ./CANopenNode/305/CO_LSSmaster.o
LOAD ./CANopenNode/305/CO_LSSslave.o
LOAD ./CANopenNode/304/CO_GFC.o
LOAD ./CANopenNode/304/CO_SRDO.o
LOAD ./CANopenNode/303/CO_LEDs.o
LOAD ./CANopenNode/301/CO_Emergency.o
LOAD ./CANopenNode/301/CO_HBconsumer.o
LOAD ./CANopenNode/301/CO_NMT_Heartbeat.o
LOAD ./CANopenNode/301/CO_Node_Guarding.o
LOAD ./CANopenNode/301/CO_ODinterface.o
LOAD ./CANopenNode/301/CO_PDO.o
LOAD ./CANopenNode/301/CO_SDOclient.o
LOAD ./CANopenNode/301/CO_SDOserver.o
LOAD ./CANopenNode/301/CO_SYNC.o
LOAD ./CANopenNode/301/CO_TIME.o
LOAD ./CANopenNode/301/CO_fifo.o
LOAD ./CANopenNode/301/crc16-ccitt.o
LOAD ./CANopenNode/CANopen.o
LOAD c:/mounriver/mounriver_studio/toolchain/risc-v embedded gcc/bin/../lib/gcc/riscv-none-embed/8.2.0/../../../../riscv-none-embed/lib/rv32imacxw/ilp32\libm.a
LOAD c:/mounriver/mounriver_studio/toolchain/risc-v embedded gcc/bin/../lib/gcc/riscv-none-embed/8.2.0/rv32imacxw/ilp32\libgcc.a
LOAD c:/mounriver/mounriver_studio/toolchain/risc-v embedded gcc/bin/../lib/gcc/riscv-none-embed/8.2.0/../../../../riscv-none-embed/lib/rv32imacxw/ilp32\libg_nano.a
LOAD c:/mounriver/mounriver_studio/toolchain/risc-v embedded gcc/bin/../lib/gcc/riscv-none-embed/8.2.0/../../../../riscv-none-embed/lib/rv32imacxw/ilp32\libc_nano.a
LOAD c:/mounriver/mounriver_studio/toolchain/risc-v embedded gcc/bin/../lib/gcc/riscv-none-embed/8.2.0/rv32imacxw/ilp32\libgcc.a
START GROUP
LOAD c:/mounriver/mounriver_studio/toolchain/risc-v embedded gcc/bin/../lib/gcc/riscv-none-embed/8.2.0/rv32imacxw/ilp32\libgcc.a
LOAD c:/mounriver/mounriver_studio/toolchain/risc-v embedded gcc/bin/../lib/gcc/riscv-none-embed/8.2.0/../../../../riscv-none-embed/lib/rv32imacxw/ilp32\libc_nano.a
LOAD c:/mounriver/mounriver_studio/toolchain/risc-v embedded gcc/bin/../lib/gcc/riscv-none-embed/8.2.0/../../../../riscv-none-embed/lib/rv32imacxw/ilp32\libnosys.a
END GROUP
START GROUP
LOAD c:/mounriver/mounriver_studio/toolchain/risc-v embedded gcc/bin/../lib/gcc/riscv-none-embed/8.2.0/rv32imacxw/ilp32\libgcc.a
LOAD c:/mounriver/mounriver_studio/toolchain/risc-v embedded gcc/bin/../lib/gcc/riscv-none-embed/8.2.0/../../../../riscv-none-embed/lib/rv32imacxw/ilp32\libc_nano.a
LOAD c:/mounriver/mounriver_studio/toolchain/risc-v embedded gcc/bin/../lib/gcc/riscv-none-embed/8.2.0/../../../../riscv-none-embed/lib/rv32imacxw/ilp32\libnosys.a
END GROUP
                0x0000000000000be8                __stack_size = 0xbe8
                [!provide]                        PROVIDE (_stack_size = __stack_size)

.init           0x0000000000000000       0x38
                0x0000000000000000                _sinit = .
                0x0000000000000000                . = ALIGN (0x4)
 *(SORT_NONE(.init))
 .init          0x0000000000000000       0x38 ./Startup/startup_ch32v20x_D6.o
                0x0000000000000000                _start
                0x0000000000000038                . = ALIGN (0x4)
                0x0000000000000038                _einit = .

.vector         0x0000000000000038      0x108
 *(.vector)
 .vector        0x0000000000000038       0xfc ./Startup/startup_ch32v20x_D6.o
                0x0000000000000140                . = ALIGN (0x40)
 *fill*         0x0000000000000134        0xc 

.stext          0x0000000000010000      0x6c8
                0x0000000000010000                . = ALIGN (0x4)
 *(.stext)
 .stext         0x0000000000010000       0x8a ./User/DataModel.o
 .stext         0x000000000001008a      0x168 ./User/init.o
                0x000000000001008a                vInit_DeviceConfig
 .stext         0x00000000000101f2      0x202 ./User/process.o
                0x00000000000101f2                vProceesInit
 .stext         0x00000000000103f4      0x14e ./User/system_init.o
                0x00000000000103f4                vSYStaskInit
                0x0000000000010518                vSYSqueueInit
 .stext         0x0000000000010542       0x34 ./HAL_LIB/hw_lib_din.o
                0x0000000000010542                eDinConfigWtihStruct
 .stext         0x0000000000010576       0xca ./HAL_DRIVER/hal_rtc_ch32.o
                0x0000000000010576                HAL_RTC_IT_Init
 .stext         0x0000000000010640       0x60 ./HAL_DRIVER/hal_spi_ch32.o
                0x0000000000010640                HAL_SPI_InitDMA
 .stext         0x00000000000106a0       0x28 ./HAL_DRIVER/hal_wdt_ch32.o
                0x00000000000106a0                HAL_WDT_Init1s

.text           0x0000000000000200     0xdde4
                0x0000000000000200                . = ALIGN (0x4)
 *(.text)
 .text          0x0000000000000200      0x2ee ./FreeRTOS/portable/GCC/RISC-V/portASM.o
                0x0000000000000200                SW_Handler
                0x0000000000000300                xPortStartFirstTask
                0x0000000000000400                pxPortInitialiseStack
 .text          0x00000000000004ee       0x60 c:/mounriver/mounriver_studio/toolchain/risc-v embedded gcc/bin/../lib/gcc/riscv-none-embed/8.2.0/rv32imacxw/ilp32\libgcc.a(save-restore.o)
                0x00000000000004ee                __riscv_save_12
                0x00000000000004f6                __riscv_save_9
                0x00000000000004f6                __riscv_save_11
                0x00000000000004f6                __riscv_save_10
                0x00000000000004f6                __riscv_save_8
                0x0000000000000504                __riscv_save_4
                0x0000000000000504                __riscv_save_6
                0x0000000000000504                __riscv_save_5
                0x0000000000000504                __riscv_save_7
                0x000000000000051e                __riscv_save_3
                0x000000000000051e                __riscv_save_2
                0x000000000000051e                __riscv_save_1
                0x000000000000051e                __riscv_save_0
                0x000000000000052a                __riscv_restore_12
                0x000000000000052e                __riscv_restore_11
                0x000000000000052e                __riscv_restore_9
                0x000000000000052e                __riscv_restore_10
                0x000000000000052e                __riscv_restore_8
                0x0000000000000538                __riscv_restore_5
                0x0000000000000538                __riscv_restore_7
                0x0000000000000538                __riscv_restore_6
                0x0000000000000538                __riscv_restore_4
                0x0000000000000542                __riscv_restore_3
                0x0000000000000542                __riscv_restore_0
                0x0000000000000542                __riscv_restore_2
                0x0000000000000542                __riscv_restore_1
 .text          0x000000000000054e       0xa8 c:/mounriver/mounriver_studio/toolchain/risc-v embedded gcc/bin/../lib/gcc/riscv-none-embed/8.2.0/../../../../riscv-none-embed/lib/rv32imacxw/ilp32\libg_nano.a(lib_a-memset.o)
                0x000000000000054e                memset
 *(.text.*)
 .text.xCanOpenProcessTaskHandle
                0x00000000000005f6        0xa ./User/CanOpenNode.o
                0x00000000000005f6                xCanOpenProcessTaskHandle
 .text.xCanOpenPeriodicTaskHandle
                0x0000000000000600        0xa ./User/CanOpenNode.o
                0x0000000000000600                xCanOpenPeriodicTaskHandle
 .text.vCanOpenInit
                0x000000000000060a        0xa ./User/CanOpenNode.o
                0x000000000000060a                vCanOpenInit
 .text.vCanOpenProcess
                0x0000000000000614      0x192 ./User/CanOpenNode.o
                0x0000000000000614                vCanOpenProcess
 .text.vCanOpenPeriodicProcess
                0x00000000000007a6       0x82 ./User/CanOpenNode.o
                0x00000000000007a6                vCanOpenPeriodicProcess
 .text.xDataRegQueue
                0x0000000000000828        0xa ./User/DataModel.o
                0x0000000000000828                xDataRegQueue
 .text.vDataModelRegDelayWrite
                0x0000000000000832       0x34 ./User/DataModel.o
                0x0000000000000832                vDataModelRegDelayWrite
 .text.setReg32
                0x0000000000000866       0x1a ./User/DataModel.o
                0x0000000000000866                setReg32
 .text.setReg16
                0x0000000000000880        0xe ./User/DataModel.o
                0x0000000000000880                setReg16
 .text.setReg8  0x000000000000088e        0xa ./User/DataModel.o
                0x000000000000088e                setReg8
 .text.SaveReg16
                0x0000000000000898       0x14 ./User/DataModel.o
                0x0000000000000898                SaveReg16
 .text.getReg16
                0x00000000000008ac       0x10 ./User/DataModel.o
                0x00000000000008ac                getReg16
 .text.getReg32
                0x00000000000008bc       0x1c ./User/DataModel.o
                0x00000000000008bc                getReg32
 .text.DataModel_Init
                0x00000000000008d8      0x3b2 ./User/DataModel.o
                0x00000000000008d8                DataModel_Init
 .text.getReg8  0x0000000000000c8a        0xa ./User/DataModel.o
                0x0000000000000c8a                getReg8
 .text.WriteRegAfterDelay
                0x0000000000000c94       0x60 ./User/DataModel.o
                0x0000000000000c94                WriteRegAfterDelay
 .text.WriteReg
                0x0000000000000cf4       0x56 ./User/DataModel.o
                0x0000000000000cf4                WriteReg
 .text.vGetBitrate
                0x0000000000000d4a       0x2a ./User/DataModel.o
                0x0000000000000d4a                vGetBitrate
 .text.vFDGetNMTState
                0x0000000000000d74        0x6 ./User/DataModel.o
                0x0000000000000d74                vFDGetNMTState
 .text.vGetNodeId
                0x0000000000000d7a        0x6 ./User/DataModel.o
                0x0000000000000d7a                vGetNodeId
 .text.vIncrementSystemCounters
                0x0000000000000d80       0x76 ./User/DataModel.o
                0x0000000000000d80                vIncrementSystemCounters
 .text.vSaveData
                0x0000000000000df6       0x14 ./User/DataModel.o
                0x0000000000000df6                vSaveData
 .text.getOdometr
                0x0000000000000e0a       0x14 ./User/DataModel.o
                0x0000000000000e0a                getOdometr
 .text.NMI_Handler
                0x0000000000000e1e        0x2 ./User/ch32v20x_it.o
                0x0000000000000e1e                NMI_Handler
 .text.HardFault_Handler
                0x0000000000000e20       0x66 ./User/ch32v20x_it.o
                0x0000000000000e20                HardFault_Handler
 .text.SegPrint
                0x0000000000000e86       0x5a ./User/dash_draw.o
 .text.vCheckKeySatate
                0x0000000000000ee0       0x68 ./User/dash_draw.o
 .text.xProcessTaskHandle
                0x0000000000000f48        0xa ./User/dash_draw.o
                0x0000000000000f48                xProcessTaskHandle
 .text.vSetErrorReg
                0x0000000000000f52        0xa ./User/dash_draw.o
                0x0000000000000f52                vSetErrorReg
 .text.getODValue
                0x0000000000000f5c      0x130 ./User/dash_draw.o
                0x0000000000000f5c                getODValue
 .text.IncMenuIndex
                0x000000000000108c       0x80 ./User/dash_draw.o
                0x000000000000108c                IncMenuIndex
 .text.GoToHome
                0x000000000000110c       0x12 ./User/dash_draw.o
                0x000000000000110c                GoToHome
 .text.SetCurMenuHome
                0x000000000000111e       0x1e ./User/dash_draw.o
                0x000000000000111e                SetCurMenuHome
 .text.GetCurMenuHome
                0x000000000000113c        0x6 ./User/dash_draw.o
                0x000000000000113c                GetCurMenuHome
 .text.SetCurrentMenu
                0x0000000000001142       0x12 ./User/dash_draw.o
                0x0000000000001142                SetCurrentMenu
 .text.SetDefault
                0x0000000000001154       0x2a ./User/dash_draw.o
                0x0000000000001154                SetDefault
 .text.MenuBackHomeCheck
                0x000000000000117e       0x38 ./User/dash_draw.o
                0x000000000000117e                MenuBackHomeCheck
 .text.CheckMenuChannel
                0x00000000000011b6       0x20 ./User/dash_draw.o
                0x00000000000011b6                CheckMenuChannel
 .text.vDashDrawInit
                0x00000000000011d6       0x80 ./User/dash_draw.o
                0x00000000000011d6                vDashDrawInit
 .text.vMenuBlink
                0x0000000000001256       0x4a ./User/dash_draw.o
                0x0000000000001256                vMenuBlink
 .text.SetErrorRegiter
                0x00000000000012a0       0x5e ./User/dash_draw.o
                0x00000000000012a0                SetErrorRegiter
 .text.uGetCurrMenu
                0x00000000000012fe       0x26 ./User/dash_draw.o
                0x00000000000012fe                uGetCurrMenu
 .text.vGetEdgeData
                0x0000000000001324       0x2a ./User/dash_draw.o
                0x0000000000001324                vGetEdgeData
 .text.checkLedState
                0x000000000000134e       0x3a ./User/dash_draw.o
 .text.vRGBMode
                0x0000000000001388       0x72 ./User/dash_draw.o
                0x0000000000001388                vRGBMode
 .text.vBarColorMode
                0x00000000000013fa       0xc2 ./User/dash_draw.o
                0x00000000000013fa                vBarColorMode
 .text.vBarWindowMode
                0x00000000000014bc       0x5a ./User/dash_draw.o
                0x00000000000014bc                vBarWindowMode
 .text.vBarMode
                0x0000000000001516       0x66 ./User/dash_draw.o
                0x0000000000001516                vBarMode
 .text.vRedrawTask
                0x000000000000157c      0x4f8 ./User/dash_draw.o
                0x000000000000157c                vRedrawTask
 .text.HardwareDeinit
                0x0000000000001a74       0x2a ./User/init.o
                0x0000000000001a74                HardwareDeinit
 .text.SoftwareReset
                0x0000000000001a9e       0x14 ./User/init.o
                0x0000000000001a9e                SoftwareReset
 .text.ADC1_Event
                0x0000000000001ab2       0x48 ./User/inputs.o
                0x0000000000001ab2                ADC1_Event
 .text.CaptureDMACallBack
                0x0000000000001afa       0x22 ./User/inputs.o
                0x0000000000001afa                CaptureDMACallBack
 .text.CaptureDMACallBack_1
                0x0000000000001b1c       0x22 ./User/inputs.o
                0x0000000000001b1c                CaptureDMACallBack_1
 .text.SaveData
                0x0000000000001b3e       0x2e ./User/inputs.o
 .text.fDinStateCallback
                0x0000000000001b6c       0x32 ./User/inputs.o
                0x0000000000001b6c                fDinStateCallback
 .text.vSetDoutState
                0x0000000000001b9e       0x28 ./User/inputs.o
                0x0000000000001b9e                vSetDoutState
 .text.getInputsTaskHandle
                0x0000000000001bc6        0xa ./User/inputs.o
                0x0000000000001bc6                getInputsTaskHandle
 .text.ADC1_Init
                0x0000000000001bd0       0x48 ./User/inputs.o
                0x0000000000001bd0                ADC1_Init
 .text.ADC_FSM  0x0000000000001c18      0x180 ./User/inputs.o
                0x0000000000001c18                ADC_FSM
 .text.GetAIN   0x0000000000001d98        0xc ./User/inputs.o
                0x0000000000001d98                GetAIN
 .text.vInputsTask
                0x0000000000001da4      0x26c ./User/inputs.o
                0x0000000000001da4                vInputsTask
 .text.SPI1_DMA_Callback
                0x0000000000002010       0x2e ./User/led.o
                0x0000000000002010                SPI1_DMA_Callback
 .text.SPI2_DMA_Callback
                0x000000000000203e       0x2e ./User/led.o
                0x000000000000203e                SPI2_DMA_Callback
 .text.SetBarState
                0x000000000000206c       0x50 ./User/led.o
                0x000000000000206c                SetBarState
 .text.SetRGB   0x00000000000020bc       0x4e ./User/led.o
                0x00000000000020bc                SetRGB
 .text.SetSegDirect
                0x000000000000210a       0x9c ./User/led.o
                0x000000000000210a                SetSegDirect
 .text.SetSegPoint
                0x00000000000021a6       0x22 ./User/led.o
                0x00000000000021a6                SetSegPoint
 .text.SetSEG   0x00000000000021c8      0x120 ./User/led.o
                0x00000000000021c8                SetSEG
 .text.SetBigSeg
                0x00000000000022e8       0x14 ./User/led.o
                0x00000000000022e8                SetBigSeg
 .text.vSetBrigth
                0x00000000000022fc       0x28 ./User/led.o
                0x00000000000022fc                vSetBrigth
 .text.vLedDriverStart
                0x0000000000002324       0x4e ./User/led.o
                0x0000000000002324                vLedDriverStart
 .text.vLedProcess
                0x0000000000002372       0x1e ./User/led.o
                0x0000000000002372                vLedProcess
 .text.vRGBProcess
                0x0000000000002390       0xe2 ./User/led.o
                0x0000000000002390                vRGBProcess
 .text.startup.main
                0x0000000000002472       0x28 ./User/main.o
                0x0000000000002472                main
 .text.vRestartNode
                0x000000000000249a        0x2 ./User/main.o
                0x000000000000249a                vRestartNode
 .text.Error_Handler
                0x000000000000249c        0x8 ./User/main.o
                0x000000000000249c                Error_Handler
 .text.OD_readKEY
                0x00000000000024a4        0x8 ./User/process.o
 .text.OD_writeRGBMAP
                0x00000000000024ac       0x30 ./User/process.o
 .text.OD_writeKEY
                0x00000000000024dc       0x34 ./User/process.o
 .text.OD_readRGBMAP
                0x0000000000002510       0x22 ./User/process.o
 .text.OD_readDIN
                0x0000000000002532       0x1c ./User/process.o
 .text.OD_writeMenuSetup
                0x000000000000254e       0x46 ./User/process.o
 .text.OD_writeBoardSettings
                0x0000000000002594       0x78 ./User/process.o
 .text.CO_getUint16
                0x000000000000260c       0x10 ./User/process.o
 .text.OD_writeSEG
                0x000000000000261c       0x44 ./User/process.o
 .text.OD_writeBAR
                0x0000000000002660       0x30 ./User/process.o
 .text.OD_writeRPMConfig
                0x0000000000002690       0x36 ./User/process.o
 .text.CO_getUint32
                0x00000000000026c6       0x18 ./User/process.o
 .text.OD_writeMenuMap
                0x00000000000026de       0x30 ./User/process.o
 .text.OD_writeV1_14
                0x000000000000270e       0x54 ./User/process.o
 .text.OD_writeDashParam
                0x0000000000002762       0x44 ./User/process.o
 .text.WriteRGB.isra.2
                0x00000000000027a6       0x3a ./User/process.o
 .text.OD_writeRGB1
                0x00000000000027e0       0x14 ./User/process.o
 .text.OD_writeRGB2
                0x00000000000027f4       0x16 ./User/process.o
 .text.OD_writeRGB3
                0x000000000000280a       0x16 ./User/process.o
 .text.OD_writeRGB4
                0x0000000000002820       0x16 ./User/process.o
 .text.OD_writeRGB5
                0x0000000000002836       0x16 ./User/process.o
 .text.OD_writeRGB6
                0x000000000000284c       0x16 ./User/process.o
 .text.OD_writeRGB7
                0x0000000000002862       0x16 ./User/process.o
 .text.OD_writeRGB8
                0x0000000000002878       0x16 ./User/process.o
 .text.OD_writeRGB9
                0x000000000000288e       0x16 ./User/process.o
 .text.OD_writeRGB10
                0x00000000000028a4       0x16 ./User/process.o
 .text.OD_writeRGB11
                0x00000000000028ba       0x16 ./User/process.o
 .text.OD_writeRGB12
                0x00000000000028d0       0x16 ./User/process.o
 .text.OD_writeRGB13
                0x00000000000028e6       0x16 ./User/process.o
 .text.OD_readBoardSettings
                0x00000000000028fc       0x2c ./User/process.o
 .text.readADC.isra.6
                0x0000000000002928       0x84 ./User/process.o
 .text.OD_readADC1
                0x00000000000029ac       0x10 ./User/process.o
 .text.OD_readADC2
                0x00000000000029bc       0x10 ./User/process.o
 .text.OD_readADC3
                0x00000000000029cc       0x10 ./User/process.o
 .text.OD_readMenuSetup
                0x00000000000029dc       0x30 ./User/process.o
 .text.writeADC.isra.9
                0x0000000000002a0c       0xde ./User/process.o
 .text.OD_writeADC1
                0x0000000000002aea       0x10 ./User/process.o
 .text.OD_writeADC2
                0x0000000000002afa       0x10 ./User/process.o
 .text.OD_writeADC3
                0x0000000000002b0a       0x10 ./User/process.o
 .text.OD_readRGB.isra.5
                0x0000000000002b1a       0x22 ./User/process.o
 .text.OD_readRGB1
                0x0000000000002b3c       0x10 ./User/process.o
 .text.OD_readRGB2
                0x0000000000002b4c       0x12 ./User/process.o
 .text.OD_readRGB3
                0x0000000000002b5e       0x12 ./User/process.o
 .text.OD_readRGB4
                0x0000000000002b70       0x12 ./User/process.o
 .text.OD_readRGB5
                0x0000000000002b82       0x12 ./User/process.o
 .text.OD_readRGB6
                0x0000000000002b94       0x12 ./User/process.o
 .text.OD_readRGB7
                0x0000000000002ba6       0x12 ./User/process.o
 .text.OD_readRGB8
                0x0000000000002bb8       0x12 ./User/process.o
 .text.OD_readRGB9
                0x0000000000002bca       0x12 ./User/process.o
 .text.OD_readRGB10
                0x0000000000002bdc       0x12 ./User/process.o
 .text.OD_readRGB11
                0x0000000000002bee       0x12 ./User/process.o
 .text.OD_readRGB12
                0x0000000000002c00       0x12 ./User/process.o
 .text.OD_readRGB13
                0x0000000000002c12       0x12 ./User/process.o
 .text.OD_readAIN_RPM
                0x0000000000002c24       0x26 ./User/process.o
 .text.OD_readMenuMap
                0x0000000000002c4a       0x2c ./User/process.o
 .text.OD_readRPMConfig
                0x0000000000002c76       0x2a ./User/process.o
 .text.OD_readBar
                0x0000000000002ca0       0x28 ./User/process.o
 .text.OD_readDashParam
                0x0000000000002cc8       0x4c ./User/process.o
 .text.OD_readSEG
                0x0000000000002d14       0x34 ./User/process.o
 .text.SystemInit
                0x0000000000002d48       0xea ./User/system_ch32v20x.o
                0x0000000000002d48                SystemInit
 .text.SystemCoreClockUpdate
                0x0000000000002e32       0x92 ./User/system_ch32v20x.o
                0x0000000000002e32                SystemCoreClockUpdate
 .text.StartDefaultTask
                0x0000000000002ec4       0x78 ./User/system_init.o
 .text.vApplicationGetIdleTaskMemory
                0x0000000000002f3c       0x1c ./User/system_init.o
                0x0000000000002f3c                vApplicationGetIdleTaskMemory
 .text.vSystemStop
                0x0000000000002f58       0x26 ./User/system_init.o
                0x0000000000002f58                vSystemStop
 .text.vector_handler
                0x0000000000002f7e       0x6c ./Startup/startup_ch32v20x_D6.o
                0x0000000000002f82                Ecall_M_Mode_Handler
                0x0000000000002f84                Ecall_U_Mode_Handler
                0x0000000000002f86                Break_Point_Handler
                0x0000000000002f8c                WWDG_IRQHandler
                0x0000000000002f8e                PVD_IRQHandler
                0x0000000000002f90                TAMPER_IRQHandler
                0x0000000000002f94                FLASH_IRQHandler
                0x0000000000002f96                RCC_IRQHandler
                0x0000000000002f98                EXTI0_IRQHandler
                0x0000000000002f9a                EXTI1_IRQHandler
                0x0000000000002f9c                EXTI2_IRQHandler
                0x0000000000002f9e                EXTI3_IRQHandler
                0x0000000000002fa0                EXTI4_IRQHandler
                0x0000000000002fa4                DMA1_Channel2_IRQHandler
                0x0000000000002fac                DMA1_Channel6_IRQHandler
                0x0000000000002fba                EXTI9_5_IRQHandler
                0x0000000000002fbc                TIM1_BRK_IRQHandler
                0x0000000000002fbe                TIM1_UP_IRQHandler
                0x0000000000002fc0                TIM1_TRG_COM_IRQHandler
                0x0000000000002fc2                TIM1_CC_IRQHandler
                0x0000000000002fc4                TIM2_IRQHandler
                0x0000000000002fc6                TIM3_IRQHandler
                0x0000000000002fce                I2C2_EV_IRQHandler
                0x0000000000002fd0                I2C2_ER_IRQHandler
                0x0000000000002fd2                SPI1_IRQHandler
                0x0000000000002fd4                SPI2_IRQHandler
                0x0000000000002fd6                USART1_IRQHandler
                0x0000000000002fd8                USART2_IRQHandler
                0x0000000000002fda                USART3_IRQHandler
                0x0000000000002fdc                EXTI15_10_IRQHandler
                0x0000000000002fde                RTCAlarm_IRQHandler
                0x0000000000002fe0                USBWakeUp_IRQHandler
                0x0000000000002fe2                USBHD_IRQHandler
                0x0000000000002fe4                USBHDWakeUp_IRQHandler
                0x0000000000002fe6                UART4_IRQHandler
                0x0000000000002fe8                DMA1_Channel8_IRQHandler
 .text.handle_reset
                0x0000000000002fea       0x92 ./Startup/startup_ch32v20x_D6.o
                0x0000000000002fea                handle_reset
 .text.ADC_Cmd  0x000000000000307c       0x10 ./Peripheral/src/ch32v20x_adc.o
                0x000000000000307c                ADC_Cmd
 .text.ADC_GetResetCalibrationStatus
                0x000000000000308c        0x8 ./Peripheral/src/ch32v20x_adc.o
                0x000000000000308c                ADC_GetResetCalibrationStatus
 .text.ADC_GetCalibrationStatus
                0x0000000000003094        0x8 ./Peripheral/src/ch32v20x_adc.o
                0x0000000000003094                ADC_GetCalibrationStatus
 .text.ADC_GetITStatus
                0x000000000000309c       0x1c ./Peripheral/src/ch32v20x_adc.o
                0x000000000000309c                ADC_GetITStatus
 .text.ADC_ClearITPendingBit
                0x00000000000030b8        0xa ./Peripheral/src/ch32v20x_adc.o
                0x00000000000030b8                ADC_ClearITPendingBit
 .text.Get_CalibrationValue
                0x00000000000030c2      0x1fe ./Peripheral/src/ch32v20x_adc.o
                0x00000000000030c2                Get_CalibrationValue
 .text.DMA_GetFlagStatus
                0x00000000000032c0        0xe ./Peripheral/src/ch32v20x_dma.o
                0x00000000000032c0                DMA_GetFlagStatus
 .text.DMA_GetITStatus
                0x00000000000032ce        0xc ./Peripheral/src/ch32v20x_dma.o
                0x00000000000032ce                DMA_GetITStatus
 .text.DMA_ClearITPendingBit
                0x00000000000032da        0x8 ./Peripheral/src/ch32v20x_dma.o
                0x00000000000032da                DMA_ClearITPendingBit
 .text.GPIO_Init
                0x00000000000032e2       0xfa ./Peripheral/src/ch32v20x_gpio.o
                0x00000000000032e2                GPIO_Init
 .text.GPIO_PinRemapConfig
                0x00000000000033dc       0xf2 ./Peripheral/src/ch32v20x_gpio.o
                0x00000000000033dc                GPIO_PinRemapConfig
 .text.I2C_DualAddressCmd
                0x00000000000034ce       0x18 ./Peripheral/src/ch32v20x_i2c.o
                0x00000000000034ce                I2C_DualAddressCmd
 .text.I2C_ClearFlag
                0x00000000000034e6        0xc ./Peripheral/src/ch32v20x_i2c.o
                0x00000000000034e6                I2C_ClearFlag
 .text.RCC_LSEConfig
                0x00000000000034f2       0x28 ./Peripheral/src/ch32v20x_rcc.o
                0x00000000000034f2                RCC_LSEConfig
 .text.RCC_GetClocksFreq
                0x000000000000351a       0xbe ./Peripheral/src/ch32v20x_rcc.o
                0x000000000000351a                RCC_GetClocksFreq
 .text.RCC_APB2PeriphClockCmd
                0x00000000000035d8       0x1e ./Peripheral/src/ch32v20x_rcc.o
                0x00000000000035d8                RCC_APB2PeriphClockCmd
 .text.RCC_GetFlagStatus
                0x00000000000035f6       0x2e ./Peripheral/src/ch32v20x_rcc.o
                0x00000000000035f6                RCC_GetFlagStatus
 .text.RTC_EnterConfigMode
                0x0000000000003624       0x12 ./Peripheral/src/ch32v20x_rtc.o
                0x0000000000003624                RTC_EnterConfigMode
 .text.RTC_ExitConfigMode
                0x0000000000003636       0x18 ./Peripheral/src/ch32v20x_rtc.o
                0x0000000000003636                RTC_ExitConfigMode
 .text.RTC_GetCounter
                0x000000000000364e       0x36 ./Peripheral/src/ch32v20x_rtc.o
                0x000000000000364e                RTC_GetCounter
 .text.RTC_SetCounter
                0x0000000000003684       0x2c ./Peripheral/src/ch32v20x_rtc.o
                0x0000000000003684                RTC_SetCounter
 .text.RTC_SetPrescaler
                0x00000000000036b0       0x2e ./Peripheral/src/ch32v20x_rtc.o
                0x00000000000036b0                RTC_SetPrescaler
 .text.RTC_WaitForLastTask
                0x00000000000036de       0x10 ./Peripheral/src/ch32v20x_rtc.o
                0x00000000000036de                RTC_WaitForLastTask
 .text.RTC_WaitForSynchro
                0x00000000000036ee       0x24 ./Peripheral/src/ch32v20x_rtc.o
                0x00000000000036ee                RTC_WaitForSynchro
 .text.TIM_OC1Init
                0x0000000000003712       0x6a ./Peripheral/src/ch32v20x_tim.o
                0x0000000000003712                TIM_OC1Init
 .text.TIM_OC2Init
                0x000000000000377c       0x96 ./Peripheral/src/ch32v20x_tim.o
                0x000000000000377c                TIM_OC2Init
 .text.TIM_OC3Init
                0x0000000000003812       0x94 ./Peripheral/src/ch32v20x_tim.o
                0x0000000000003812                TIM_OC3Init
 .text.TIM_OC4Init
                0x00000000000038a6       0x6c ./Peripheral/src/ch32v20x_tim.o
                0x00000000000038a6                TIM_OC4Init
 .text.TIM_OC1PreloadConfig
                0x0000000000003912        0xe ./Peripheral/src/ch32v20x_tim.o
                0x0000000000003912                TIM_OC1PreloadConfig
 .text.TIM_OC2PreloadConfig
                0x0000000000003920       0x16 ./Peripheral/src/ch32v20x_tim.o
                0x0000000000003920                TIM_OC2PreloadConfig
 .text.TIM_OC3PreloadConfig
                0x0000000000003936        0xe ./Peripheral/src/ch32v20x_tim.o
                0x0000000000003936                TIM_OC3PreloadConfig
 .text.TIM_OC4PreloadConfig
                0x0000000000003944       0x16 ./Peripheral/src/ch32v20x_tim.o
                0x0000000000003944                TIM_OC4PreloadConfig
 .text.TIM_GetITStatus
                0x000000000000395a       0x18 ./Peripheral/src/ch32v20x_tim.o
                0x000000000000395a                TIM_GetITStatus
 .text.USART_Init
                0x0000000000003972       0xbc ./Peripheral/src/ch32v20x_usart.o
                0x0000000000003972                USART_Init
 .text.USART_Cmd
                0x0000000000003a2e       0x16 ./Peripheral/src/ch32v20x_usart.o
                0x0000000000003a2e                USART_Cmd
 .text.USART_SendData
                0x0000000000003a44        0x8 ./Peripheral/src/ch32v20x_usart.o
                0x0000000000003a44                USART_SendData
 .text.USART_GetFlagStatus
                0x0000000000003a4c        0xa ./Peripheral/src/ch32v20x_usart.o
                0x0000000000003a4c                USART_GetFlagStatus
 .text.vRCFilterConfig
                0x0000000000003a56       0x2e ./HAL_LIB/filters.o
                0x0000000000003a56                vRCFilterConfig
 .text.vInitABFilter
                0x0000000000003a84       0x22 ./HAL_LIB/filters.o
                0x0000000000003a84                vInitABFilter
 .text.vInitRunAverga
                0x0000000000003aa6        0x8 ./HAL_LIB/filters.o
                0x0000000000003aa6                vInitRunAverga
 .text.vInitMedianFilter
                0x0000000000003aae       0x12 ./HAL_LIB/filters.o
                0x0000000000003aae                vInitMedianFilter
 .text.MedianFilter
                0x0000000000003ac0       0x74 ./HAL_LIB/filters.o
                0x0000000000003ac0                MedianFilter
 .text.vAINInit
                0x0000000000003b34       0x36 ./HAL_LIB/hw_lib_adc.o
                0x0000000000003b34                vAINInit
 .text.fGetAinCalData
                0x0000000000003b6a       0x7a ./HAL_LIB/hw_lib_adc.o
                0x0000000000003b6a                fGetAinCalData
 .text.eAinCalDataConfig
                0x0000000000003be4       0x50 ./HAL_LIB/hw_lib_adc.o
                0x0000000000003be4                eAinCalDataConfig
 .text.vABLineKoofFinde
                0x0000000000003c34       0x6a ./HAL_LIB/hw_lib_adc.o
                0x0000000000003c34                vABLineKoofFinde
 .text.eSetAinCalPoint
                0x0000000000003c9e       0x64 ./HAL_LIB/hw_lib_adc.o
                0x0000000000003c9e                eSetAinCalPoint
 .text.getADC1Buffer
                0x0000000000003d02        0xa ./HAL_LIB/hw_lib_adc.o
                0x0000000000003d02                getADC1Buffer
 .text.eDOUTConfigWtihStruct
                0x0000000000003d0c       0x1c ./HAL_LIB/hw_lib_din.o
                0x0000000000003d0c                eDOUTConfigWtihStruct
 .text.eSetDUT  0x0000000000003d28       0x16 ./HAL_LIB/hw_lib_din.o
                0x0000000000003d28                eSetDUT
 .text.uGetDIN  0x0000000000003d3e       0x14 ./HAL_LIB/hw_lib_din.o
                0x0000000000003d3e                uGetDIN
 .text.eRPMConfig
                0x0000000000003d52       0x5a ./HAL_LIB/hw_lib_din.o
                0x0000000000003d52                eRPMConfig
 .text.RMPDataConvert
                0x0000000000003dac       0x7e ./HAL_LIB/hw_lib_din.o
                0x0000000000003dac                RMPDataConvert
 .text.GetRPM   0x0000000000003e2a       0x70 ./HAL_LIB/hw_lib_din.o
                0x0000000000003e2a                GetRPM
 .text.xGetRPM  0x0000000000003e9a       0x72 ./HAL_LIB/hw_lib_din.o
                0x0000000000003e9a                xGetRPM
 .text.vDinDoutProcess
                0x0000000000003f0c       0xa0 ./HAL_LIB/hw_lib_din.o
                0x0000000000003f0c                vDinDoutProcess
 .text.getCaputreBuffer
                0x0000000000003fac       0x16 ./HAL_LIB/hw_lib_din.o
                0x0000000000003fac                getCaputreBuffer
 .text.I2C_FSM  0x0000000000003fc2      0x198 ./HAL_LIB/hw_lib_eeprom_i2c.o
                0x0000000000003fc2                I2C_FSM
 .text.vInitEEPROM_I2C
                0x000000000000415a       0x4e ./HAL_LIB/hw_lib_eeprom_i2c.o
                0x000000000000415a                vInitEEPROM_I2C
 .text.eEEPROMWrFast
                0x00000000000041a8      0x10a ./HAL_LIB/hw_lib_eeprom_i2c.o
                0x00000000000041a8                eEEPROMWrFast
 .text.eEEPROMWr
                0x00000000000042b2       0xe2 ./HAL_LIB/hw_lib_eeprom_i2c.o
                0x00000000000042b2                eEEPROMWr
 .text.eEEPROMRd
                0x0000000000004394       0x8a ./HAL_LIB/hw_lib_eeprom_i2c.o
                0x0000000000004394                eEEPROMRd
 .text.bReadEEPROM
                0x000000000000441e       0x1a ./HAL_LIB/hw_lib_eeprom_i2c.o
                0x000000000000441e                bReadEEPROM
 .text.HAL_CANSetTXCallback
                0x0000000000004438        0xa ./HAL_DRIVER/hal_can_ch32.o
                0x0000000000004438                HAL_CANSetTXCallback
 .text.HAL_CANSetRXCallback
                0x0000000000004442        0xa ./HAL_DRIVER/hal_can_ch32.o
                0x0000000000004442                HAL_CANSetRXCallback
 .text.HAL_CANSetERRCallback
                0x000000000000444c        0xa ./HAL_DRIVER/hal_can_ch32.o
                0x000000000000444c                HAL_CANSetERRCallback
 .text.HAL_CANIntIT
                0x0000000000004456      0x13c ./HAL_DRIVER/hal_can_ch32.o
                0x0000000000004456                HAL_CANIntIT
 .text.HAL_CANToInitMode
                0x0000000000004592       0x30 ./HAL_DRIVER/hal_can_ch32.o
                0x0000000000004592                HAL_CANToInitMode
 .text.HAL_CANToOperatingMode
                0x00000000000045c2       0x26 ./HAL_DRIVER/hal_can_ch32.o
                0x00000000000045c2                HAL_CANToOperatingMode
 .text.HAL_CANSend
                0x00000000000045e8       0xae ./HAL_DRIVER/hal_can_ch32.o
                0x00000000000045e8                HAL_CANSend
 .text.HAL_CANSetFiters
                0x0000000000004696       0xc4 ./HAL_DRIVER/hal_can_ch32.o
                0x0000000000004696                HAL_CANSetFiters
 .text.HAL_CANGetRXMessage
                0x000000000000475a       0xb0 ./HAL_DRIVER/hal_can_ch32.o
                0x000000000000475a                HAL_CANGetRXMessage
 .text.USB_HP_CAN1_TX_IRQHandler
                0x000000000000480a       0x60 ./HAL_DRIVER/hal_can_ch32.o
                0x000000000000480a                USB_HP_CAN1_TX_IRQHandler
 .text.USB_LP_CAN1_RX0_IRQHandler
                0x000000000000486a       0x5e ./HAL_DRIVER/hal_can_ch32.o
                0x000000000000486a                USB_LP_CAN1_RX0_IRQHandler
 .text.CAN1_RX1_IRQHandler
                0x00000000000048c8       0x5e ./HAL_DRIVER/hal_can_ch32.o
                0x00000000000048c8                CAN1_RX1_IRQHandler
 .text.CAN1_SCE_IRQHandler
                0x0000000000004926       0x5c ./HAL_DRIVER/hal_can_ch32.o
                0x0000000000004926                CAN1_SCE_IRQHandler
 .text.HAL_InitGPIO
                0x0000000000004982       0xba ./HAL_DRIVER/hal_gpio_ch32.o
                0x0000000000004982                HAL_InitGPIO
 .text.HAL_InitGpioOut
                0x0000000000004a3c       0x10 ./HAL_DRIVER/hal_gpio_ch32.o
                0x0000000000004a3c                HAL_InitGpioOut
 .text.HAL_InitGpioAIN
                0x0000000000004a4c       0x10 ./HAL_DRIVER/hal_gpio_ch32.o
                0x0000000000004a4c                HAL_InitGpioAIN
 .text.HAL_InitGpioIn
                0x0000000000004a5c       0x10 ./HAL_DRIVER/hal_gpio_ch32.o
                0x0000000000004a5c                HAL_InitGpioIn
 .text.HAL_InitGpioAF
                0x0000000000004a6c       0x34 ./HAL_DRIVER/hal_gpio_ch32.o
                0x0000000000004a6c                HAL_InitGpioAF
 .text.HAL_GetBit
                0x0000000000004aa0        0xa ./HAL_DRIVER/hal_gpio_ch32.o
                0x0000000000004aa0                HAL_GetBit
 .text.HAL_SetBit
                0x0000000000004aaa        0x4 ./HAL_DRIVER/hal_gpio_ch32.o
                0x0000000000004aaa                HAL_SetBit
 .text.HAL_ResetBit
                0x0000000000004aae        0x4 ./HAL_DRIVER/hal_gpio_ch32.o
                0x0000000000004aae                HAL_ResetBit
 .text.HAL_InitGPO
                0x0000000000004ab2       0x14 ./HAL_DRIVER/hal_gpio_ch32.o
                0x0000000000004ab2                HAL_InitGPO
 .text.HAL_I2C_Init
                0x0000000000004ac6       0xf4 ./HAL_DRIVER/hal_i2c_ch32.o
                0x0000000000004ac6                HAL_I2C_Init
 .text.HAL_I2C_GET_STAR2
                0x0000000000004bba        0xe ./HAL_DRIVER/hal_i2c_ch32.o
                0x0000000000004bba                HAL_I2C_GET_STAR2
 .text.HAL_I2C_GET_STAR1
                0x0000000000004bc8        0xe ./HAL_DRIVER/hal_i2c_ch32.o
                0x0000000000004bc8                HAL_I2C_GET_STAR1
 .text.HAL_I2C_ENABLE
                0x0000000000004bd6       0x14 ./HAL_DRIVER/hal_i2c_ch32.o
                0x0000000000004bd6                HAL_I2C_ENABLE
 .text.InitI2CIT
                0x0000000000004bea       0x6e ./HAL_DRIVER/hal_i2c_ch32.o
                0x0000000000004bea                InitI2CIT
 .text.HAL_I2C_DISABLE
                0x0000000000004c58       0x1a ./HAL_DRIVER/hal_i2c_ch32.o
                0x0000000000004c58                HAL_I2C_DISABLE
 .text.I2C_IT_ENABLE
                0x0000000000004c72       0x12 ./HAL_DRIVER/hal_i2c_ch32.o
                0x0000000000004c72                I2C_IT_ENABLE
 .text.I2C_IT_DISABLE
                0x0000000000004c84       0x16 ./HAL_DRIVER/hal_i2c_ch32.o
                0x0000000000004c84                I2C_IT_DISABLE
 .text.HAL_I2C_STOP
                0x0000000000004c9a       0x14 ./HAL_DRIVER/hal_i2c_ch32.o
                0x0000000000004c9a                HAL_I2C_STOP
 .text.HAL_I2C_START
                0x0000000000004cae       0x14 ./HAL_DRIVER/hal_i2c_ch32.o
                0x0000000000004cae                HAL_I2C_START
 .text.HAL_I2C_SEND
                0x0000000000004cc2        0xe ./HAL_DRIVER/hal_i2c_ch32.o
                0x0000000000004cc2                HAL_I2C_SEND
 .text.HAL_I2C_SEND_ADDR_TRANS
                0x0000000000004cd0       0x12 ./HAL_DRIVER/hal_i2c_ch32.o
                0x0000000000004cd0                HAL_I2C_SEND_ADDR_TRANS
 .text.HAL_I2C_SEND_ADDR_RECIEVE
                0x0000000000004ce2       0x16 ./HAL_DRIVER/hal_i2c_ch32.o
                0x0000000000004ce2                HAL_I2C_SEND_ADDR_RECIEVE
 .text.HAL_I2C_ACK_ENABLE
                0x0000000000004cf8       0x14 ./HAL_DRIVER/hal_i2c_ch32.o
                0x0000000000004cf8                HAL_I2C_ACK_ENABLE
 .text.HAL_I2C_ACK_DISABLE
                0x0000000000004d0c       0x1c ./HAL_DRIVER/hal_i2c_ch32.o
                0x0000000000004d0c                HAL_I2C_ACK_DISABLE
 .text.HAL_I2C_ClearFlag
                0x0000000000004d28       0x20 ./HAL_DRIVER/hal_i2c_ch32.o
                0x0000000000004d28                HAL_I2C_ClearFlag
 .text.HAL_I2C_READ_DATA
                0x0000000000004d48        0xe ./HAL_DRIVER/hal_i2c_ch32.o
                0x0000000000004d48                HAL_I2C_READ_DATA
 .text.I2C1_EV_IRQHandler
                0x0000000000004d56       0x52 ./HAL_DRIVER/hal_i2c_ch32.o
                0x0000000000004d56                I2C1_EV_IRQHandler
 .text.I2C1_ER_IRQHandler
                0x0000000000004da8       0x52 ./HAL_DRIVER/hal_i2c_ch32.o
                0x0000000000004da8                I2C1_ER_IRQHandler
 .text.HAL_InitAPB1
                0x0000000000004dfa       0x1c ./HAL_DRIVER/hal_irq.o
                0x0000000000004dfa                HAL_InitAPB1
 .text.HAL_InitAPB2
                0x0000000000004e16       0x1c ./HAL_DRIVER/hal_irq.o
                0x0000000000004e16                HAL_InitAPB2
 .text.PFIC_IRQ_ENABLE_PG1
                0x0000000000004e32       0x34 ./HAL_DRIVER/hal_irq.o
                0x0000000000004e32                PFIC_IRQ_ENABLE_PG1
 .text.RTC_IRQHandler
                0x0000000000004e66       0x78 ./HAL_DRIVER/hal_rtc_ch32.o
                0x0000000000004e66                RTC_IRQHandler
 .text.HAL_SPI_RXOveleyClear
                0x0000000000004ede       0x1e ./HAL_DRIVER/hal_spi_ch32.o
                0x0000000000004ede                HAL_SPI_RXOveleyClear
 .text.HAL_SPI_GetBusy
                0x0000000000004efc       0x10 ./HAL_DRIVER/hal_spi_ch32.o
                0x0000000000004efc                HAL_SPI_GetBusy
 .text.HAL_WDTReset
                0x0000000000004f0c        0xe ./HAL_DRIVER/hal_wdt_ch32.o
                0x0000000000004f0c                HAL_WDTReset
 .text.Get_ConversionVal
                0x0000000000004f1a       0x2e ./HAL/hal_adc_ch32.o
                0x0000000000004f1a                Get_ConversionVal
 .text.HAL_ADC_RegularChannelConfig
                0x0000000000004f48       0x46 ./HAL/hal_adc_ch32.o
                0x0000000000004f48                HAL_ADC_RegularChannelConfig
 .text.HAL_ADC_ContiniusScanCinvertionDMA
                0x0000000000004f8e       0xce ./HAL/hal_adc_ch32.o
                0x0000000000004f8e                HAL_ADC_ContiniusScanCinvertionDMA
 .text.HAL_ADC_StartDMA
                0x000000000000505c       0x42 ./HAL/hal_adc_ch32.o
                0x000000000000505c                HAL_ADC_StartDMA
 .text.ADC1_2_IRQHandler
                0x000000000000509e       0x74 ./HAL/hal_adc_ch32.o
                0x000000000000509e                ADC1_2_IRQHandler
 .text.DMA_IRQ  0x0000000000005112       0x3a ./HAL/hal_dma_ch32.o
 .text.HAL_DMA_Enable
                0x000000000000514c       0x18 ./HAL/hal_dma_ch32.o
                0x000000000000514c                HAL_DMA_Enable
 .text.HAL_DMA_Disable
                0x0000000000005164       0x1a ./HAL/hal_dma_ch32.o
                0x0000000000005164                HAL_DMA_Disable
 .text.HAL_DMAInitIT
                0x000000000000517e       0xa0 ./HAL/hal_dma_ch32.o
                0x000000000000517e                HAL_DMAInitIT
 .text.HAL_DMA_SetCounter
                0x000000000000521e       0x12 ./HAL/hal_dma_ch32.o
                0x000000000000521e                HAL_DMA_SetCounter
 .text.HAL_DMA_ITENABLE
                0x0000000000005230       0x16 ./HAL/hal_dma_ch32.o
                0x0000000000005230                HAL_DMA_ITENABLE
 .text.HAL_DMA_SetCouterAndEnable
                0x0000000000005246       0x1a ./HAL/hal_dma_ch32.o
                0x0000000000005246                HAL_DMA_SetCouterAndEnable
 .text.DMA1_Channel1_IRQHandler
                0x0000000000005260       0x4e ./HAL/hal_dma_ch32.o
                0x0000000000005260                DMA1_Channel1_IRQHandler
 .text.DMA1_Channel3_IRQHandler
                0x00000000000052ae       0x4e ./HAL/hal_dma_ch32.o
                0x00000000000052ae                DMA1_Channel3_IRQHandler
 .text.DMA1_Channel4_IRQHandler
                0x00000000000052fc       0x4e ./HAL/hal_dma_ch32.o
                0x00000000000052fc                DMA1_Channel4_IRQHandler
 .text.DMA1_Channel5_IRQHandler
                0x000000000000534a       0x4e ./HAL/hal_dma_ch32.o
                0x000000000000534a                DMA1_Channel5_IRQHandler
 .text.DMA1_Channel7_IRQHandler
                0x0000000000005398       0x4e ./HAL/hal_dma_ch32.o
                0x0000000000005398                DMA1_Channel7_IRQHandler
 .text.TIM4_IRQHandler
                0x00000000000053e6       0x70 ./HAL/hal_timers_ch32.o
                0x00000000000053e6                TIM4_IRQHandler
 .text.HAL_TiemrEneblae
                0x0000000000005456       0x16 ./HAL/hal_timers_ch32.o
                0x0000000000005456                HAL_TiemrEneblae
 .text.HAL_TiemrDisable
                0x000000000000546c       0x1c ./HAL/hal_timers_ch32.o
                0x000000000000546c                HAL_TiemrDisable
 .text.HW_TIMER_BaseTimerInit
                0x0000000000005488       0x54 ./HAL/hal_timers_ch32.o
                0x0000000000005488                HW_TIMER_BaseTimerInit
 .text.HAL_TIMER_InitIt
                0x00000000000054dc       0x60 ./HAL/hal_timers_ch32.o
                0x00000000000054dc                HAL_TIMER_InitIt
 .text.HAL_TIMER_PWMTimersInit
                0x000000000000553c       0xc2 ./HAL/hal_timers_ch32.o
                0x000000000000553c                HAL_TIMER_PWMTimersInit
 .text.HAL_TimeInitCaptureDMA
                0x00000000000055fe       0xec ./HAL/hal_timers_ch32.o
                0x00000000000055fe                HAL_TimeInitCaptureDMA
 .text.HAL_TIMER_SetPWMPulse
                0x00000000000056ea       0x88 ./HAL/hal_timers_ch32.o
                0x00000000000056ea                HAL_TIMER_SetPWMPulse
 .text.HAL_TIMER_EnablePWMCH
                0x0000000000005772       0x1a ./HAL/hal_timers_ch32.o
                0x0000000000005772                HAL_TIMER_EnablePWMCH
 .text.prvInsertBlockIntoFreeList
                0x000000000000578c       0x4c ./FreeRTOS/portable/MemMang/heap_4.o
 .text.pvPortMalloc
                0x00000000000057d8      0x18a ./FreeRTOS/portable/MemMang/heap_4.o
                0x00000000000057d8                pvPortMalloc
 .text.vPortSetupTimerInterrupt
                0x0000000000005962       0x3e ./FreeRTOS/portable/GCC/RISC-V/port.o
                0x0000000000005962                vPortSetupTimerInterrupt
 .text.xPortStartScheduler
                0x00000000000059a0       0x90 ./FreeRTOS/portable/GCC/RISC-V/port.o
                0x00000000000059a0                xPortStartScheduler
 .text.SysTick_Handler
                0x0000000000005a30       0x7c ./FreeRTOS/portable/GCC/RISC-V/port.o
                0x0000000000005a30                SysTick_Handler
 .text.vPortEnterCritical
                0x0000000000005aac       0x16 ./FreeRTOS/portable/GCC/RISC-V/port.o
                0x0000000000005aac                vPortEnterCritical
 .text.vPortExitCritical
                0x0000000000005ac2       0x42 ./FreeRTOS/portable/GCC/RISC-V/port.o
                0x0000000000005ac2                vPortExitCritical
 .text.xPortSetInterruptMask
                0x0000000000005b04        0xc ./FreeRTOS/portable/GCC/RISC-V/port.o
                0x0000000000005b04                xPortSetInterruptMask
 .text.vPortClearInterruptMask
                0x0000000000005b10        0x6 ./FreeRTOS/portable/GCC/RISC-V/port.o
                0x0000000000005b10                vPortClearInterruptMask
 .text.vListInitialise
                0x0000000000005b16       0x14 ./FreeRTOS/list.o
                0x0000000000005b16                vListInitialise
 .text.vListInitialiseItem
                0x0000000000005b2a        0x6 ./FreeRTOS/list.o
                0x0000000000005b2a                vListInitialiseItem
 .text.vListInsertEnd
                0x0000000000005b30       0x18 ./FreeRTOS/list.o
                0x0000000000005b30                vListInsertEnd
 .text.vListInsert
                0x0000000000005b48       0x2e ./FreeRTOS/list.o
                0x0000000000005b48                vListInsert
 .text.uxListRemove
                0x0000000000005b76       0x20 ./FreeRTOS/list.o
                0x0000000000005b76                uxListRemove
 .text.prvIsQueueEmpty
                0x0000000000005b96       0x1e ./FreeRTOS/queue.o
 .text.prvCopyDataToQueue
                0x0000000000005bb4       0x72 ./FreeRTOS/queue.o
 .text.prvCopyDataFromQueue
                0x0000000000005c26       0x28 ./FreeRTOS/queue.o
 .text.prvUnlockQueue
                0x0000000000005c4e       0x76 ./FreeRTOS/queue.o
 .text.xQueueGenericReset
                0x0000000000005cc4       0xc4 ./FreeRTOS/queue.o
                0x0000000000005cc4                xQueueGenericReset
 .text.xQueueGenericCreateStatic
                0x0000000000005d88       0xae ./FreeRTOS/queue.o
                0x0000000000005d88                xQueueGenericCreateStatic
 .text.xQueueGenericCreate
                0x0000000000005e36       0x72 ./FreeRTOS/queue.o
                0x0000000000005e36                xQueueGenericCreate
 .text.xQueueGenericSend
                0x0000000000005ea8      0x178 ./FreeRTOS/queue.o
                0x0000000000005ea8                xQueueGenericSend
 .text.xQueueGiveMutexRecursive
                0x0000000000006020       0x56 ./FreeRTOS/queue.o
                0x0000000000006020                xQueueGiveMutexRecursive
 .text.xQueueCreateMutex
                0x0000000000006076       0x2e ./FreeRTOS/queue.o
                0x0000000000006076                xQueueCreateMutex
 .text.xQueueReceive
                0x00000000000060a4      0x138 ./FreeRTOS/queue.o
                0x00000000000060a4                xQueueReceive
 .text.xQueueSemaphoreTake
                0x00000000000061dc      0x18e ./FreeRTOS/queue.o
                0x00000000000061dc                xQueueSemaphoreTake
 .text.xQueueTakeMutexRecursive
                0x000000000000636a       0x5a ./FreeRTOS/queue.o
                0x000000000000636a                xQueueTakeMutexRecursive
 .text.uxQueueMessagesWaiting
                0x00000000000063c4       0x44 ./FreeRTOS/queue.o
                0x00000000000063c4                uxQueueMessagesWaiting
 .text.prvIdleTask
                0x0000000000006408        0x2 ./FreeRTOS/tasks.o
 .text.prvAddNewTaskToReadyList
                0x000000000000640a      0x106 ./FreeRTOS/tasks.o
 .text.prvResetNextTaskUnblockTime
                0x0000000000006510       0x20 ./FreeRTOS/tasks.o
 .text.prvTaskIsTaskSuspended
                0x0000000000006530       0x50 ./FreeRTOS/tasks.o
 .text.prvInitialiseNewTask.isra.2
                0x0000000000006580       0xc8 ./FreeRTOS/tasks.o
 .text.prvAddCurrentTaskToDelayedList
                0x0000000000006648       0xa4 ./FreeRTOS/tasks.o
 .text.xTaskCreateStatic
                0x00000000000066ec       0xa6 ./FreeRTOS/tasks.o
                0x00000000000066ec                xTaskCreateStatic
 .text.vTaskResume
                0x0000000000006792       0xa6 ./FreeRTOS/tasks.o
                0x0000000000006792                vTaskResume
 .text.vTaskStartScheduler
                0x0000000000006838       0x5c ./FreeRTOS/tasks.o
                0x0000000000006838                vTaskStartScheduler
 .text.vTaskSuspendAll
                0x0000000000006894       0x10 ./FreeRTOS/tasks.o
                0x0000000000006894                vTaskSuspendAll
 .text.xTaskGetTickCount
                0x00000000000068a4        0x6 ./FreeRTOS/tasks.o
                0x00000000000068a4                xTaskGetTickCount
 .text.xTaskIncrementTick
                0x00000000000068aa      0x194 ./FreeRTOS/tasks.o
                0x00000000000068aa                xTaskIncrementTick
 .text.xTaskResumeAll
                0x0000000000006a3e      0x154 ./FreeRTOS/tasks.o
                0x0000000000006a3e                xTaskResumeAll
 .text.vTaskDelay
                0x0000000000006b92       0x66 ./FreeRTOS/tasks.o
                0x0000000000006b92                vTaskDelay
 .text.vTaskSwitchContext
                0x0000000000006bf8       0x92 ./FreeRTOS/tasks.o
                0x0000000000006bf8                vTaskSwitchContext
 .text.vTaskSuspend
                0x0000000000006c8a       0xea ./FreeRTOS/tasks.o
                0x0000000000006c8a                vTaskSuspend
 .text.vTaskPlaceOnEventList
                0x0000000000006d74       0x48 ./FreeRTOS/tasks.o
                0x0000000000006d74                vTaskPlaceOnEventList
 .text.xTaskRemoveFromEventList
                0x0000000000006dbc       0xe4 ./FreeRTOS/tasks.o
                0x0000000000006dbc                xTaskRemoveFromEventList
 .text.vTaskInternalSetTimeOutState
                0x0000000000006ea0        0xe ./FreeRTOS/tasks.o
                0x0000000000006ea0                vTaskInternalSetTimeOutState
 .text.xTaskCheckForTimeOut
                0x0000000000006eae       0xaa ./FreeRTOS/tasks.o
                0x0000000000006eae                xTaskCheckForTimeOut
 .text.vTaskMissedYield
                0x0000000000006f58        0x8 ./FreeRTOS/tasks.o
                0x0000000000006f58                vTaskMissedYield
 .text.xTaskGetCurrentTaskHandle
                0x0000000000006f60        0xa ./FreeRTOS/tasks.o
                0x0000000000006f60                xTaskGetCurrentTaskHandle
 .text.xTaskPriorityInherit
                0x0000000000006f6a       0xaa ./FreeRTOS/tasks.o
                0x0000000000006f6a                xTaskPriorityInherit
 .text.xTaskPriorityDisinherit
                0x0000000000007014       0xc6 ./FreeRTOS/tasks.o
                0x0000000000007014                xTaskPriorityDisinherit
 .text.vTaskPriorityDisinheritAfterTimeout
                0x00000000000070da       0xe2 ./FreeRTOS/tasks.o
                0x00000000000070da                vTaskPriorityDisinheritAfterTimeout
 .text.pvTaskIncrementMutexHeldCount
                0x00000000000071bc       0x1c ./FreeRTOS/tasks.o
                0x00000000000071bc                pvTaskIncrementMutexHeldCount
 .text.ulTaskGenericNotifyTake
                0x00000000000071d8       0xb8 ./FreeRTOS/tasks.o
                0x00000000000071d8                ulTaskGenericNotifyTake
 .text.xTaskGenericNotifyWait
                0x0000000000007290       0xe6 ./FreeRTOS/tasks.o
                0x0000000000007290                xTaskGenericNotifyWait
 .text.xTaskGenericNotifyFromISR
                0x0000000000007376      0x1e8 ./FreeRTOS/tasks.o
                0x0000000000007376                xTaskGenericNotifyFromISR
 .text.Delay_Init
                0x000000000000755e       0x2a ./Debug/debug.o
                0x000000000000755e                Delay_Init
 .text.Delay_Ms
                0x0000000000007588       0x36 ./Debug/debug.o
                0x0000000000007588                Delay_Ms
 .text.USART_Printf_Init
                0x00000000000075be       0x5a ./Debug/debug.o
                0x00000000000075be                USART_Printf_Init
 .text._write   0x0000000000007618       0x3e ./Debug/debug.o
                0x0000000000007618                _write
 .text._sbrk    0x0000000000007656       0x2a ./Debug/debug.o
                0x0000000000007656                _sbrk
 .text.__get_MEPC
                0x0000000000007680        0x6 ./Core/core_riscv.o
                0x0000000000007680                __get_MEPC
 .text.__get_MCAUSE
                0x0000000000007686        0x6 ./Core/core_riscv.o
                0x0000000000007686                __get_MCAUSE
 .text.__get_MTVAL
                0x000000000000768c        0x6 ./Core/core_riscv.o
                0x000000000000768c                __get_MTVAL
 .text.prv_read_can_received_msg
                0x0000000000007692       0x50 ./CANopenNode/keypad/CO_driver_ST32F103.o
                0x0000000000007692                prv_read_can_received_msg
 .text.prv_send_can_message.isra.0
                0x00000000000076e2       0x2c ./CANopenNode/keypad/CO_driver_ST32F103.o
 .text.CAN_SendMessage
                0x000000000000770e       0x66 ./CANopenNode/keypad/CO_driver_ST32F103.o
                0x000000000000770e                CAN_SendMessage
 .text.co_drv_create_os_objects
                0x0000000000007774       0x30 ./CANopenNode/keypad/CO_driver_ST32F103.o
                0x0000000000007774                co_drv_create_os_objects
 .text.co_drv_mutex_lock
                0x00000000000077a4       0x18 ./CANopenNode/keypad/CO_driver_ST32F103.o
                0x00000000000077a4                co_drv_mutex_lock
 .text.co_drv_mutex_unlock
                0x00000000000077bc       0x16 ./CANopenNode/keypad/CO_driver_ST32F103.o
                0x00000000000077bc                co_drv_mutex_unlock
 .text.CO_CANsetConfigurationMode
                0x00000000000077d2       0x10 ./CANopenNode/keypad/CO_driver_ST32F103.o
                0x00000000000077d2                CO_CANsetConfigurationMode
 .text.CO_CANsetNormalMode
                0x00000000000077e2       0x1c ./CANopenNode/keypad/CO_driver_ST32F103.o
                0x00000000000077e2                CO_CANsetNormalMode
 .text.CO_CANmodule_init
                0x00000000000077fe      0x110 ./CANopenNode/keypad/CO_driver_ST32F103.o
                0x00000000000077fe                CO_CANmodule_init
 .text.CO_CANmodule_disable
                0x000000000000790e       0x14 ./CANopenNode/keypad/CO_driver_ST32F103.o
                0x000000000000790e                CO_CANmodule_disable
 .text.CO_CANrxBufferInit
                0x0000000000007922       0x52 ./CANopenNode/keypad/CO_driver_ST32F103.o
                0x0000000000007922                CO_CANrxBufferInit
 .text.CO_CANtxBufferInit
                0x0000000000007974       0x3a ./CANopenNode/keypad/CO_driver_ST32F103.o
                0x0000000000007974                CO_CANtxBufferInit
 .text.CO_CANmodule_process
                0x00000000000079ae       0x12 ./CANopenNode/keypad/CO_driver_ST32F103.o
                0x00000000000079ae                CO_CANmodule_process
 .text.CO_CANsend
                0x00000000000079c0       0x46 ./CANopenNode/keypad/CO_driver_ST32F103.o
                0x00000000000079c0                CO_CANsend
 .text.CO_LSSslave_receive
                0x0000000000007a06      0x1a8 ./CANopenNode/305/CO_LSSslave.o
 .text.CO_LSSslave_init
                0x0000000000007bae       0xa4 ./CANopenNode/305/CO_LSSslave.o
                0x0000000000007bae                CO_LSSslave_init
 .text.CO_LSSslave_process
                0x0000000000007c52      0x1a2 ./CANopenNode/305/CO_LSSslave.o
                0x0000000000007c52                CO_LSSslave_process
 .text.OD_write_1003
                0x0000000000007df4       0x28 ./CANopenNode/301/CO_Emergency.o
 .text.OD_read_1003
                0x0000000000007e1c       0x8c ./CANopenNode/301/CO_Emergency.o
 .text.OD_read_1014_default
                0x0000000000007ea8       0x50 ./CANopenNode/301/CO_Emergency.o
 .text.CO_EM_init
                0x0000000000007ef8      0x112 ./CANopenNode/301/CO_Emergency.o
                0x0000000000007ef8                CO_EM_init
 .text.CO_error
                0x000000000000800a       0xc4 ./CANopenNode/301/CO_Emergency.o
                0x000000000000800a                CO_error
 .text.CO_EM_process
                0x00000000000080ce      0x182 ./CANopenNode/301/CO_Emergency.o
                0x00000000000080ce                CO_EM_process
 .text.CO_NMT_receive
                0x0000000000008250       0x18 ./CANopenNode/301/CO_NMT_Heartbeat.o
 .text.OD_write_1017
                0x0000000000008268       0x48 ./CANopenNode/301/CO_NMT_Heartbeat.o
 .text.CO_NMT_init
                0x00000000000082b0       0xec ./CANopenNode/301/CO_NMT_Heartbeat.o
                0x00000000000082b0                CO_NMT_init
 .text.CO_NMT_process
                0x000000000000839c      0x106 ./CANopenNode/301/CO_NMT_Heartbeat.o
                0x000000000000839c                CO_NMT_process
 .text.OD_readDisabled
                0x00000000000084a2        0x4 ./CANopenNode/301/CO_ODinterface.o
 .text.OD_readOriginal
                0x00000000000084a6       0x50 ./CANopenNode/301/CO_ODinterface.o
                0x00000000000084a6                OD_readOriginal
 .text.OD_writeOriginal
                0x00000000000084f6       0x54 ./CANopenNode/301/CO_ODinterface.o
                0x00000000000084f6                OD_writeOriginal
 .text.OD_writeDisabled
                0x000000000000854a        0x4 ./CANopenNode/301/CO_ODinterface.o
 .text.OD_find  0x000000000000854e       0x70 ./CANopenNode/301/CO_ODinterface.o
                0x000000000000854e                OD_find
 .text.OD_getSub
                0x00000000000085be       0xf6 ./CANopenNode/301/CO_ODinterface.o
                0x00000000000085be                OD_getSub
 .text.OD_getSDOabCode
                0x00000000000086b4       0x20 ./CANopenNode/301/CO_ODinterface.o
                0x00000000000086b4                OD_getSDOabCode
 .text.OD_get_value
                0x00000000000086d4       0x34 ./CANopenNode/301/CO_ODinterface.o
                0x00000000000086d4                OD_get_value
 .text.OD_set_value
                0x0000000000008708       0x2e ./CANopenNode/301/CO_ODinterface.o
                0x0000000000008708                OD_set_value
 .text.OD_getPtr
                0x0000000000008736       0x3c ./CANopenNode/301/CO_ODinterface.o
                0x0000000000008736                OD_getPtr
 .text.OD_write_dummy
                0x0000000000008772        0x8 ./CANopenNode/301/CO_PDO.o
 .text.OD_read_dummy
                0x000000000000877a       0x2e ./CANopenNode/301/CO_PDO.o
 .text.PDOconfigMap
                0x00000000000087a8      0x100 ./CANopenNode/301/CO_PDO.o
 .text.CO_PDO_receive
                0x00000000000088a8       0x48 ./CANopenNode/301/CO_PDO.o
 .text.OD_read_PDO_commParam
                0x00000000000088f0       0x70 ./CANopenNode/301/CO_PDO.o
 .text.PDO_initMapping.constprop.3
                0x0000000000008960       0xe6 ./CANopenNode/301/CO_PDO.o
 .text.OD_write_PDO_mapping
                0x0000000000008a46       0xb4 ./CANopenNode/301/CO_PDO.o
 .text.OD_write_18xx
                0x0000000000008afa      0x184 ./CANopenNode/301/CO_PDO.o
 .text.OD_write_14xx
                0x0000000000008c7e      0x15a ./CANopenNode/301/CO_PDO.o
 .text.CO_RPDO_init
                0x0000000000008dd8      0x172 ./CANopenNode/301/CO_PDO.o
                0x0000000000008dd8                CO_RPDO_init
 .text.CO_RPDO_process
                0x0000000000008f4a      0x114 ./CANopenNode/301/CO_PDO.o
                0x0000000000008f4a                CO_RPDO_process
 .text.CO_TPDO_init
                0x000000000000905e      0x1d2 ./CANopenNode/301/CO_PDO.o
                0x000000000000905e                CO_TPDO_init
 .text.CO_TPDO_process
                0x0000000000009230      0x15e ./CANopenNode/301/CO_PDO.o
                0x0000000000009230                CO_TPDO_process
 .text.CO_SDOserver_init_canRxTx
                0x000000000000938e       0x82 ./CANopenNode/301/CO_SDOserver.o
 .text.CO_SDO_receive
                0x0000000000009410       0x38 ./CANopenNode/301/CO_SDOserver.o
 .text.readFromOd.isra.1.constprop.5
                0x0000000000009448       0xe2 ./CANopenNode/301/CO_SDOserver.o
 .text.OD_write_1201_additional
                0x000000000000952a      0x158 ./CANopenNode/301/CO_SDOserver.o
 .text.CO_SDOserver_init
                0x0000000000009682      0x172 ./CANopenNode/301/CO_SDOserver.o
                0x0000000000009682                CO_SDOserver_init
 .text.CO_SDOserver_process
                0x00000000000097f4      0x5e8 ./CANopenNode/301/CO_SDOserver.o
                0x00000000000097f4                CO_SDOserver_process
 .text.CO_delete
                0x0000000000009ddc       0x56 ./CANopenNode/CANopen.o
                0x0000000000009ddc                CO_delete
 .text.CO_new   0x0000000000009e32      0x102 ./CANopenNode/CANopen.o
                0x0000000000009e32                CO_new
 .text.CO_CANinit
                0x0000000000009f34       0x36 ./CANopenNode/CANopen.o
                0x0000000000009f34                CO_CANinit
 .text.CO_LSSinit
                0x0000000000009f6a       0x32 ./CANopenNode/CANopen.o
                0x0000000000009f6a                CO_LSSinit
 .text.CO_CANopenInit
                0x0000000000009f9c       0xb8 ./CANopenNode/CANopen.o
                0x0000000000009f9c                CO_CANopenInit
 .text.CO_CANopenInitPDO
                0x000000000000a054       0xea ./CANopenNode/CANopen.o
                0x000000000000a054                CO_CANopenInitPDO
 .text.CO_process
                0x000000000000a13e       0x7e ./CANopenNode/CANopen.o
                0x000000000000a13e                CO_process
 .text.CO_process_RPDO
                0x000000000000a1bc       0x40 ./CANopenNode/CANopen.o
                0x000000000000a1bc                CO_process_RPDO
 .text.CO_process_TPDO
                0x000000000000a1fc       0x40 ./CANopenNode/CANopen.o
                0x000000000000a1fc                CO_process_TPDO
 .text.__muldf3
                0x000000000000a23c      0x4b8 c:/mounriver/mounriver_studio/toolchain/risc-v embedded gcc/bin/../lib/gcc/riscv-none-embed/8.2.0/rv32imacxw/ilp32\libgcc.a(muldf3.o)
                0x000000000000a23c                __muldf3
 .text.__floatunsidf
                0x000000000000a6f4       0x68 c:/mounriver/mounriver_studio/toolchain/risc-v embedded gcc/bin/../lib/gcc/riscv-none-embed/8.2.0/rv32imacxw/ilp32\libgcc.a(floatunsidf.o)
                0x000000000000a6f4                __floatunsidf
 .text.__addsf3
                0x000000000000a75c      0x36a c:/mounriver/mounriver_studio/toolchain/risc-v embedded gcc/bin/../lib/gcc/riscv-none-embed/8.2.0/rv32imacxw/ilp32\libgcc.a(addsf3.o)
                0x000000000000a75c                __addsf3
 .text.__divsf3
                0x000000000000aac6      0x2b2 c:/mounriver/mounriver_studio/toolchain/risc-v embedded gcc/bin/../lib/gcc/riscv-none-embed/8.2.0/rv32imacxw/ilp32\libgcc.a(divsf3.o)
                0x000000000000aac6                __divsf3
 .text.__gesf2  0x000000000000ad78       0x86 c:/mounriver/mounriver_studio/toolchain/risc-v embedded gcc/bin/../lib/gcc/riscv-none-embed/8.2.0/rv32imacxw/ilp32\libgcc.a(gesf2.o)
                0x000000000000ad78                __gesf2
                0x000000000000ad78                __gtsf2
 .text.__lesf2  0x000000000000adfe       0x8c c:/mounriver/mounriver_studio/toolchain/risc-v embedded gcc/bin/../lib/gcc/riscv-none-embed/8.2.0/rv32imacxw/ilp32\libgcc.a(lesf2.o)
                0x000000000000adfe                __ltsf2
                0x000000000000adfe                __lesf2
 .text.__mulsf3
                0x000000000000ae8a      0x294 c:/mounriver/mounriver_studio/toolchain/risc-v embedded gcc/bin/../lib/gcc/riscv-none-embed/8.2.0/rv32imacxw/ilp32\libgcc.a(mulsf3.o)
                0x000000000000ae8a                __mulsf3
 .text.__subsf3
                0x000000000000b11e      0x388 c:/mounriver/mounriver_studio/toolchain/risc-v embedded gcc/bin/../lib/gcc/riscv-none-embed/8.2.0/rv32imacxw/ilp32\libgcc.a(subsf3.o)
                0x000000000000b11e                __subsf3
 .text.__fixsfsi
                0x000000000000b4a6       0x62 c:/mounriver/mounriver_studio/toolchain/risc-v embedded gcc/bin/../lib/gcc/riscv-none-embed/8.2.0/rv32imacxw/ilp32\libgcc.a(fixsfsi.o)
                0x000000000000b4a6                __fixsfsi
 .text.__fixunssfsi
                0x000000000000b508       0x56 c:/mounriver/mounriver_studio/toolchain/risc-v embedded gcc/bin/../lib/gcc/riscv-none-embed/8.2.0/rv32imacxw/ilp32\libgcc.a(fixunssfsi.o)
                0x000000000000b508                __fixunssfsi
 .text.__floatsisf
                0x000000000000b55e       0xc6 c:/mounriver/mounriver_studio/toolchain/risc-v embedded gcc/bin/../lib/gcc/riscv-none-embed/8.2.0/rv32imacxw/ilp32\libgcc.a(floatsisf.o)
                0x000000000000b55e                __floatsisf
 .text.__floatunsisf
                0x000000000000b624       0xce c:/mounriver/mounriver_studio/toolchain/risc-v embedded gcc/bin/../lib/gcc/riscv-none-embed/8.2.0/rv32imacxw/ilp32\libgcc.a(floatunsisf.o)
                0x000000000000b624                __floatunsisf
 .text.__truncdfsf2
                0x000000000000b6f2      0x16a c:/mounriver/mounriver_studio/toolchain/risc-v embedded gcc/bin/../lib/gcc/riscv-none-embed/8.2.0/rv32imacxw/ilp32\libgcc.a(truncdfsf2.o)
                0x000000000000b6f2                __truncdfsf2
 .text.__clzsi2
                0x000000000000b85c       0x6e c:/mounriver/mounriver_studio/toolchain/risc-v embedded gcc/bin/../lib/gcc/riscv-none-embed/8.2.0/rv32imacxw/ilp32\libgcc.a(_clzsi2.o)
                0x000000000000b85c                __clzsi2
 .text.calloc   0x000000000000b8ca        0xc c:/mounriver/mounriver_studio/toolchain/risc-v embedded gcc/bin/../lib/gcc/riscv-none-embed/8.2.0/../../../../riscv-none-embed/lib/rv32imacxw/ilp32\libg_nano.a(lib_a-calloc.o)
                0x000000000000b8ca                calloc
 .text.free     0x000000000000b8d6        0xa c:/mounriver/mounriver_studio/toolchain/risc-v embedded gcc/bin/../lib/gcc/riscv-none-embed/8.2.0/../../../../riscv-none-embed/lib/rv32imacxw/ilp32\libg_nano.a(lib_a-malloc.o)
                0x000000000000b8d6                free
 .text.memcpy   0x000000000000b8e0       0xb2 c:/mounriver/mounriver_studio/toolchain/risc-v embedded gcc/bin/../lib/gcc/riscv-none-embed/8.2.0/../../../../riscv-none-embed/lib/rv32imacxw/ilp32\libg_nano.a(lib_a-memcpy.o)
                0x000000000000b8e0                memcpy
 .text.memmove  0x000000000000b992       0x46 c:/mounriver/mounriver_studio/toolchain/risc-v embedded gcc/bin/../lib/gcc/riscv-none-embed/8.2.0/../../../../riscv-none-embed/lib/rv32imacxw/ilp32\libg_nano.a(lib_a-memmove.o)
                0x000000000000b992                memmove
 .text._calloc_r
                0x000000000000b9d8       0x26 c:/mounriver/mounriver_studio/toolchain/risc-v embedded gcc/bin/../lib/gcc/riscv-none-embed/8.2.0/../../../../riscv-none-embed/lib/rv32imacxw/ilp32\libg_nano.a(lib_a-nano-callocr.o)
                0x000000000000b9d8                _calloc_r
 .text._free_r  0x000000000000b9fe       0xa8 c:/mounriver/mounriver_studio/toolchain/risc-v embedded gcc/bin/../lib/gcc/riscv-none-embed/8.2.0/../../../../riscv-none-embed/lib/rv32imacxw/ilp32\libg_nano.a(lib_a-nano-freer.o)
                0x000000000000b9fe                _free_r
 .text._malloc_r
                0x000000000000baa6       0xd4 c:/mounriver/mounriver_studio/toolchain/risc-v embedded gcc/bin/../lib/gcc/riscv-none-embed/8.2.0/../../../../riscv-none-embed/lib/rv32imacxw/ilp32\libg_nano.a(lib_a-nano-mallocr.o)
                0x000000000000baa6                _malloc_r
 .text.printf   0x000000000000bb7a       0x40 c:/mounriver/mounriver_studio/toolchain/risc-v embedded gcc/bin/../lib/gcc/riscv-none-embed/8.2.0/../../../../riscv-none-embed/lib/rv32imacxw/ilp32\libg_nano.a(lib_a-printf.o)
                0x000000000000bb7a                iprintf
                0x000000000000bb7a                printf
 .text._puts_r  0x000000000000bbba       0xd4 c:/mounriver/mounriver_studio/toolchain/risc-v embedded gcc/bin/../lib/gcc/riscv-none-embed/8.2.0/../../../../riscv-none-embed/lib/rv32imacxw/ilp32\libg_nano.a(lib_a-puts.o)
                0x000000000000bbba                _puts_r
 .text.puts     0x000000000000bc8e        0xc c:/mounriver/mounriver_studio/toolchain/risc-v embedded gcc/bin/../lib/gcc/riscv-none-embed/8.2.0/../../../../riscv-none-embed/lib/rv32imacxw/ilp32\libg_nano.a(lib_a-puts.o)
                0x000000000000bc8e                puts
 .text._sbrk_r  0x000000000000bc9a       0x32 c:/mounriver/mounriver_studio/toolchain/risc-v embedded gcc/bin/../lib/gcc/riscv-none-embed/8.2.0/../../../../riscv-none-embed/lib/rv32imacxw/ilp32\libg_nano.a(lib_a-sbrkr.o)
                0x000000000000bc9a                _sbrk_r
 .text.strlen   0x000000000000bccc       0x12 c:/mounriver/mounriver_studio/toolchain/risc-v embedded gcc/bin/../lib/gcc/riscv-none-embed/8.2.0/../../../../riscv-none-embed/lib/rv32imacxw/ilp32\libg_nano.a(lib_a-strlen.o)
                0x000000000000bccc                strlen
 .text.__swbuf_r
                0x000000000000bcde       0xbc c:/mounriver/mounriver_studio/toolchain/risc-v embedded gcc/bin/../lib/gcc/riscv-none-embed/8.2.0/../../../../riscv-none-embed/lib/rv32imacxw/ilp32\libg_nano.a(lib_a-wbuf.o)
                0x000000000000bcde                __swbuf_r
 .text.__swsetup_r
                0x000000000000bd9a       0xfe c:/mounriver/mounriver_studio/toolchain/risc-v embedded gcc/bin/../lib/gcc/riscv-none-embed/8.2.0/../../../../riscv-none-embed/lib/rv32imacxw/ilp32\libg_nano.a(lib_a-wsetup.o)
                0x000000000000bd9a                __swsetup_r
 .text.__sflush_r
                0x000000000000be98      0x132 c:/mounriver/mounriver_studio/toolchain/risc-v embedded gcc/bin/../lib/gcc/riscv-none-embed/8.2.0/../../../../riscv-none-embed/lib/rv32imacxw/ilp32\libg_nano.a(lib_a-fflush.o)
                0x000000000000be98                __sflush_r
 .text._fflush_r
                0x000000000000bfca       0x66 c:/mounriver/mounriver_studio/toolchain/risc-v embedded gcc/bin/../lib/gcc/riscv-none-embed/8.2.0/../../../../riscv-none-embed/lib/rv32imacxw/ilp32\libg_nano.a(lib_a-fflush.o)
                0x000000000000bfca                _fflush_r
 .text.std      0x000000000000c030       0x66 c:/mounriver/mounriver_studio/toolchain/risc-v embedded gcc/bin/../lib/gcc/riscv-none-embed/8.2.0/../../../../riscv-none-embed/lib/rv32imacxw/ilp32\libg_nano.a(lib_a-findfp.o)
 .text._cleanup_r
                0x000000000000c096        0xa c:/mounriver/mounriver_studio/toolchain/risc-v embedded gcc/bin/../lib/gcc/riscv-none-embed/8.2.0/../../../../riscv-none-embed/lib/rv32imacxw/ilp32\libg_nano.a(lib_a-findfp.o)
                0x000000000000c096                _cleanup_r
 .text.__sfmoreglue
                0x000000000000c0a0       0x48 c:/mounriver/mounriver_studio/toolchain/risc-v embedded gcc/bin/../lib/gcc/riscv-none-embed/8.2.0/../../../../riscv-none-embed/lib/rv32imacxw/ilp32\libg_nano.a(lib_a-findfp.o)
                0x000000000000c0a0                __sfmoreglue
 .text.__sinit  0x000000000000c0e8       0x6c c:/mounriver/mounriver_studio/toolchain/risc-v embedded gcc/bin/../lib/gcc/riscv-none-embed/8.2.0/../../../../riscv-none-embed/lib/rv32imacxw/ilp32\libg_nano.a(lib_a-findfp.o)
                0x000000000000c0e8                __sinit
 .text.__sfp    0x000000000000c154       0xa0 c:/mounriver/mounriver_studio/toolchain/risc-v embedded gcc/bin/../lib/gcc/riscv-none-embed/8.2.0/../../../../riscv-none-embed/lib/rv32imacxw/ilp32\libg_nano.a(lib_a-findfp.o)
                0x000000000000c154                __sfp
 .text._fwalk_reent
                0x000000000000c1f4       0x6a c:/mounriver/mounriver_studio/toolchain/risc-v embedded gcc/bin/../lib/gcc/riscv-none-embed/8.2.0/../../../../riscv-none-embed/lib/rv32imacxw/ilp32\libg_nano.a(lib_a-fwalk.o)
                0x000000000000c1f4                _fwalk_reent
 .text.__swhatbuf_r
                0x000000000000c25e       0x58 c:/mounriver/mounriver_studio/toolchain/risc-v embedded gcc/bin/../lib/gcc/riscv-none-embed/8.2.0/../../../../riscv-none-embed/lib/rv32imacxw/ilp32\libg_nano.a(lib_a-makebuf.o)
                0x000000000000c25e                __swhatbuf_r
 .text.__smakebuf_r
                0x000000000000c2b6       0x94 c:/mounriver/mounriver_studio/toolchain/risc-v embedded gcc/bin/../lib/gcc/riscv-none-embed/8.2.0/../../../../riscv-none-embed/lib/rv32imacxw/ilp32\libg_nano.a(lib_a-makebuf.o)
                0x000000000000c2b6                __smakebuf_r
 .text.__malloc_lock
                0x000000000000c34a        0x2 c:/mounriver/mounriver_studio/toolchain/risc-v embedded gcc/bin/../lib/gcc/riscv-none-embed/8.2.0/../../../../riscv-none-embed/lib/rv32imacxw/ilp32\libg_nano.a(lib_a-mlock.o)
                0x000000000000c34a                __malloc_lock
 .text.__malloc_unlock
                0x000000000000c34c        0x2 c:/mounriver/mounriver_studio/toolchain/risc-v embedded gcc/bin/../lib/gcc/riscv-none-embed/8.2.0/../../../../riscv-none-embed/lib/rv32imacxw/ilp32\libg_nano.a(lib_a-mlock.o)
                0x000000000000c34c                __malloc_unlock
 .text.__sfputc_r
                0x000000000000c34e       0x28 c:/mounriver/mounriver_studio/toolchain/risc-v embedded gcc/bin/../lib/gcc/riscv-none-embed/8.2.0/../../../../riscv-none-embed/lib/rv32imacxw/ilp32\libg_nano.a(lib_a-nano-vfprintf.o)
 .text.__sfputs_r
                0x000000000000c376       0x42 c:/mounriver/mounriver_studio/toolchain/risc-v embedded gcc/bin/../lib/gcc/riscv-none-embed/8.2.0/../../../../riscv-none-embed/lib/rv32imacxw/ilp32\libg_nano.a(lib_a-nano-vfprintf.o)
                0x000000000000c376                __sfputs_r
 .text._vfprintf_r
                0x000000000000c3b8      0x288 c:/mounriver/mounriver_studio/toolchain/risc-v embedded gcc/bin/../lib/gcc/riscv-none-embed/8.2.0/../../../../riscv-none-embed/lib/rv32imacxw/ilp32\libg_nano.a(lib_a-nano-vfprintf.o)
                0x000000000000c3b8                _vfprintf_r
                0x000000000000c3b8                _vfiprintf_r
 .text._printf_common
                0x000000000000c640      0x10c c:/mounriver/mounriver_studio/toolchain/risc-v embedded gcc/bin/../lib/gcc/riscv-none-embed/8.2.0/../../../../riscv-none-embed/lib/rv32imacxw/ilp32\libg_nano.a(lib_a-nano-vfprintf_i.o)
                0x000000000000c640                _printf_common
 .text._printf_i
                0x000000000000c74c      0x2a2 c:/mounriver/mounriver_studio/toolchain/risc-v embedded gcc/bin/../lib/gcc/riscv-none-embed/8.2.0/../../../../riscv-none-embed/lib/rv32imacxw/ilp32\libg_nano.a(lib_a-nano-vfprintf_i.o)
                0x000000000000c74c                _printf_i
 .text.__sread  0x000000000000c9ee       0x2c c:/mounriver/mounriver_studio/toolchain/risc-v embedded gcc/bin/../lib/gcc/riscv-none-embed/8.2.0/../../../../riscv-none-embed/lib/rv32imacxw/ilp32\libg_nano.a(lib_a-stdio.o)
                0x000000000000c9ee                __sread
 .text.__swrite
                0x000000000000ca1a       0x48 c:/mounriver/mounriver_studio/toolchain/risc-v embedded gcc/bin/../lib/gcc/riscv-none-embed/8.2.0/../../../../riscv-none-embed/lib/rv32imacxw/ilp32\libg_nano.a(lib_a-stdio.o)
                0x000000000000ca1a                __swrite
 .text.__sseek  0x000000000000ca62       0x30 c:/mounriver/mounriver_studio/toolchain/risc-v embedded gcc/bin/../lib/gcc/riscv-none-embed/8.2.0/../../../../riscv-none-embed/lib/rv32imacxw/ilp32\libg_nano.a(lib_a-stdio.o)
                0x000000000000ca62                __sseek
 .text.__sclose
                0x000000000000ca92        0x6 c:/mounriver/mounriver_studio/toolchain/risc-v embedded gcc/bin/../lib/gcc/riscv-none-embed/8.2.0/../../../../riscv-none-embed/lib/rv32imacxw/ilp32\libg_nano.a(lib_a-stdio.o)
                0x000000000000ca92                __sclose
 .text._write_r
                0x000000000000ca98       0x36 c:/mounriver/mounriver_studio/toolchain/risc-v embedded gcc/bin/../lib/gcc/riscv-none-embed/8.2.0/../../../../riscv-none-embed/lib/rv32imacxw/ilp32\libg_nano.a(lib_a-writer.o)
                0x000000000000ca98                _write_r
 .text._close_r
                0x000000000000cace       0x30 c:/mounriver/mounriver_studio/toolchain/risc-v embedded gcc/bin/../lib/gcc/riscv-none-embed/8.2.0/../../../../riscv-none-embed/lib/rv32imacxw/ilp32\libg_nano.a(lib_a-closer.o)
                0x000000000000cace                _close_r
 .text._fstat_r
                0x000000000000cafe       0x32 c:/mounriver/mounriver_studio/toolchain/risc-v embedded gcc/bin/../lib/gcc/riscv-none-embed/8.2.0/../../../../riscv-none-embed/lib/rv32imacxw/ilp32\libg_nano.a(lib_a-fstatr.o)
                0x000000000000cafe                _fstat_r
 .text._isatty_r
                0x000000000000cb30       0x30 c:/mounriver/mounriver_studio/toolchain/risc-v embedded gcc/bin/../lib/gcc/riscv-none-embed/8.2.0/../../../../riscv-none-embed/lib/rv32imacxw/ilp32\libg_nano.a(lib_a-isattyr.o)
                0x000000000000cb30                _isatty_r
 .text._lseek_r
                0x000000000000cb60       0x34 c:/mounriver/mounriver_studio/toolchain/risc-v embedded gcc/bin/../lib/gcc/riscv-none-embed/8.2.0/../../../../riscv-none-embed/lib/rv32imacxw/ilp32\libg_nano.a(lib_a-lseekr.o)
                0x000000000000cb60                _lseek_r
 .text.memchr   0x000000000000cb94       0x18 c:/mounriver/mounriver_studio/toolchain/risc-v embedded gcc/bin/../lib/gcc/riscv-none-embed/8.2.0/../../../../riscv-none-embed/lib/rv32imacxw/ilp32\libg_nano.a(lib_a-memchr.o)
                0x000000000000cb94                memchr
 .text._read_r  0x000000000000cbac       0x34 c:/mounriver/mounriver_studio/toolchain/risc-v embedded gcc/bin/../lib/gcc/riscv-none-embed/8.2.0/../../../../riscv-none-embed/lib/rv32imacxw/ilp32\libg_nano.a(lib_a-readr.o)
                0x000000000000cbac                _read_r
 .text._close   0x000000000000cbe0       0x10 c:/mounriver/mounriver_studio/toolchain/risc-v embedded gcc/bin/../lib/gcc/riscv-none-embed/8.2.0/../../../../riscv-none-embed/lib/rv32imacxw/ilp32\libnosys.a(close.o)
                0x000000000000cbe0                _close
 .text._fstat   0x000000000000cbf0       0x10 c:/mounriver/mounriver_studio/toolchain/risc-v embedded gcc/bin/../lib/gcc/riscv-none-embed/8.2.0/../../../../riscv-none-embed/lib/rv32imacxw/ilp32\libnosys.a(fstat.o)
                0x000000000000cbf0                _fstat
 .text._isatty  0x000000000000cc00       0x10 c:/mounriver/mounriver_studio/toolchain/risc-v embedded gcc/bin/../lib/gcc/riscv-none-embed/8.2.0/../../../../riscv-none-embed/lib/rv32imacxw/ilp32\libnosys.a(isatty.o)
                0x000000000000cc00                _isatty
 .text._lseek   0x000000000000cc10       0x10 c:/mounriver/mounriver_studio/toolchain/risc-v embedded gcc/bin/../lib/gcc/riscv-none-embed/8.2.0/../../../../riscv-none-embed/lib/rv32imacxw/ilp32\libnosys.a(lseek.o)
                0x000000000000cc10                _lseek
 .text._read    0x000000000000cc20       0x10 c:/mounriver/mounriver_studio/toolchain/risc-v embedded gcc/bin/../lib/gcc/riscv-none-embed/8.2.0/../../../../riscv-none-embed/lib/rv32imacxw/ilp32\libnosys.a(read.o)
                0x000000000000cc20                _read
 *(.rodata)
 *(.rodata*)
 *fill*         0x000000000000cc30        0x0 
 .rodata.bitrate_table
                0x000000000000cc30       0x10 ./User/DataModel.o
 .rodata.vIncrementSystemCounters.cst4
                0x000000000000cc40        0x8 ./User/DataModel.o
 .rodata.HardFault_Handler.str1.4
                0x000000000000cc48       0x42 ./User/ch32v20x_it.o
 *fill*         0x000000000000cc8a        0x2 
 .rodata.getODValue
                0x000000000000cc8c       0x74 ./User/dash_draw.o
 .rodata.MenuStateCross
                0x000000000000cd00       0x1c ./User/dash_draw.o
 .rodata.dm     0x000000000000cd1c       0x3f ./User/dash_draw.o
 *fill*         0x000000000000cd5b        0x1 
 .rodata.getODValue.cst4
                0x000000000000cd5c        0x4 ./User/dash_draw.o
                                          0x8 (size before relaxing)
 .rodata.vBarColorMode.cst4
                0x000000000000cd60        0x4 ./User/dash_draw.o
 .rodata.ADC_FSM.cst4
                0x000000000000cd64        0x8 ./User/inputs.o
                                          0xc (size before relaxing)
 *fill*         0x000000000000cd6c        0x4 
 .rodata.ADC_FSM.cst8
                0x000000000000cd70       0x18 ./User/inputs.o
 .rodata.vInputsTask.cst4
                0x000000000000cd88       0x10 ./User/inputs.o
 .rodata.vInputsTask.str1.4
                0x000000000000cd98        0xb ./User/inputs.o
 *fill*         0x000000000000cda3        0x1 
 .rodata.vSetVBATLow.cst4
                0x000000000000cda4        0xc ./User/inputs.o
 .rodata.SetSegDirect
                0x000000000000cdb0       0x1c ./User/led.o
 .rodata.Brigth
                0x000000000000cdcc       0x1e ./User/led.o
 *fill*         0x000000000000cdea        0x2 
 .rodata.DigitMask
                0x000000000000cdec        0xa ./User/led.o
                0x000000000000cdec                DigitMask
 *fill*         0x000000000000cdf6        0x2 
 .rodata.offset_mask
                0x000000000000cdf8        0xe ./User/led.o
 *fill*         0x000000000000ce06        0x2 
 .rodata.step_mask
                0x000000000000ce08        0xe ./User/led.o
 *fill*         0x000000000000ce16        0x2 
 .rodata.OD_ADC1_CAL_extension
                0x000000000000ce18       0x10 ./User/process.o
                0x000000000000ce18                OD_ADC1_CAL_extension
 .rodata.OD_ADC2_CAL_extension
                0x000000000000ce28       0x10 ./User/process.o
                0x000000000000ce28                OD_ADC2_CAL_extension
 .rodata.OD_ADC3_CAL_extension
                0x000000000000ce38       0x10 ./User/process.o
                0x000000000000ce38                OD_ADC3_CAL_extension
 .rodata.OD_AIN_RPM_extension
                0x000000000000ce48       0x10 ./User/process.o
                0x000000000000ce48                OD_AIN_RPM_extension
 .rodata.OD_BAR_extension
                0x000000000000ce58       0x10 ./User/process.o
                0x000000000000ce58                OD_BAR_extension
 .rodata.OD_BOARD_SETTINGS_extension
                0x000000000000ce68       0x10 ./User/process.o
                0x000000000000ce68                OD_BOARD_SETTINGS_extension
 .rodata.OD_DASH_PARAM_extension
                0x000000000000ce78       0x10 ./User/process.o
                0x000000000000ce78                OD_DASH_PARAM_extension
 .rodata.OD_DIN_extension
                0x000000000000ce88       0x10 ./User/process.o
                0x000000000000ce88                OD_DIN_extension
 .rodata.OD_KEY_extension
                0x000000000000ce98       0x10 ./User/process.o
                0x000000000000ce98                OD_KEY_extension
 .rodata.OD_MENU_MAP_extension
                0x000000000000cea8       0x10 ./User/process.o
                0x000000000000cea8                OD_MENU_MAP_extension
 .rodata.OD_MENU_SETUP_extension
                0x000000000000ceb8       0x10 ./User/process.o
                0x000000000000ceb8                OD_MENU_SETUP_extension
 .rodata.OD_RGB10_extension
                0x000000000000cec8       0x10 ./User/process.o
                0x000000000000cec8                OD_RGB10_extension
 .rodata.OD_RGB11_extension
                0x000000000000ced8       0x10 ./User/process.o
                0x000000000000ced8                OD_RGB11_extension
 .rodata.OD_RGB12_extension
                0x000000000000cee8       0x10 ./User/process.o
                0x000000000000cee8                OD_RGB12_extension
 .rodata.OD_RGB13_extension
                0x000000000000cef8       0x10 ./User/process.o
                0x000000000000cef8                OD_RGB13_extension
 .rodata.OD_RGB1_extension
                0x000000000000cf08       0x10 ./User/process.o
                0x000000000000cf08                OD_RGB1_extension
 .rodata.OD_RGB2_extension
                0x000000000000cf18       0x10 ./User/process.o
                0x000000000000cf18                OD_RGB2_extension
 .rodata.OD_RGB3_extension
                0x000000000000cf28       0x10 ./User/process.o
                0x000000000000cf28                OD_RGB3_extension
 .rodata.OD_RGB4_extension
                0x000000000000cf38       0x10 ./User/process.o
                0x000000000000cf38                OD_RGB4_extension
 .rodata.OD_RGB5_extension
                0x000000000000cf48       0x10 ./User/process.o
                0x000000000000cf48                OD_RGB5_extension
 .rodata.OD_RGB6_extension
                0x000000000000cf58       0x10 ./User/process.o
                0x000000000000cf58                OD_RGB6_extension
 .rodata.OD_RGB7_extension
                0x000000000000cf68       0x10 ./User/process.o
                0x000000000000cf68                OD_RGB7_extension
 .rodata.OD_RGB8_extension
                0x000000000000cf78       0x10 ./User/process.o
                0x000000000000cf78                OD_RGB8_extension
 .rodata.OD_RGB9_extension
                0x000000000000cf88       0x10 ./User/process.o
                0x000000000000cf88                OD_RGB9_extension
 .rodata.OD_RGBMAP_extension
                0x000000000000cf98       0x10 ./User/process.o
                0x000000000000cf98                OD_RGBMAP_extension
 .rodata.OD_RPMCONFIG_extension
                0x000000000000cfa8       0x10 ./User/process.o
                0x000000000000cfa8                OD_RPMCONFIG_extension
 .rodata.OD_SEG_extension
                0x000000000000cfb8       0x10 ./User/process.o
                0x000000000000cfb8                OD_SEG_extension
 .rodata.OD_VRegiters_extension
                0x000000000000cfc8       0x10 ./User/process.o
                0x000000000000cfc8                OD_VRegiters_extension
 .rodata.writeADC.isra.9.cst4
                0x000000000000cfd8        0x4 ./User/process.o
 .rodata.StartDefaultTask.str1.4
                0x000000000000cfd8        0xf ./User/system_init.o
 *fill*         0x000000000000cfe7        0x1 
 .rodata.str1.4
                0x000000000000cfe8       0x44 ./User/system_init.o
 .rodata.vInitABFilter.cst4
                0x000000000000d02c        0x4 ./HAL_LIB/filters.o