Archive member included to satisfy reference by file (symbol)

c:/mounriver/mounriver_studio/toolchain/risc-v embedded gcc/bin/../lib/gcc/riscv-none-embed/8.2.0/rv32imacxw/ilp32\libgcc.a(divdf3.o)
                              ./HAL_LIB/hw_lib_din.o (__divdf3)
c:/mounriver/mounriver_studio/toolchain/risc-v embedded gcc/bin/../lib/gcc/riscv-none-embed/8.2.0/rv32imacxw/ilp32\libgcc.a(muldf3.o)
                              ./User/inputs.o (__muldf3)
c:/mounriver/mounriver_studio/toolchain/risc-v embedded gcc/bin/../lib/gcc/riscv-none-embed/8.2.0/rv32imacxw/ilp32\libgcc.a(fixunsdfsi.o)
                              ./HAL_LIB/hw_lib_din.o (__fixunsdfsi)
c:/mounriver/mounriver_studio/toolchain/risc-v embedded gcc/bin/../lib/gcc/riscv-none-embed/8.2.0/rv32imacxw/ilp32\libgcc.a(floatunsidf.o)
                              ./User/inputs.o (__floatunsidf)
c:/mounriver/mounriver_studio/toolchain/risc-v embedded gcc/bin/../lib/gcc/riscv-none-embed/8.2.0/rv32imacxw/ilp32\libgcc.a(addsf3.o)
                              ./User/dash_draw.o (__addsf3)
c:/mounriver/mounriver_studio/toolchain/risc-v embedded gcc/bin/../lib/gcc/riscv-none-embed/8.2.0/rv32imacxw/ilp32\libgcc.a(divsf3.o)
                              ./User/DataModel.o (__divsf3)
c:/mounriver/mounriver_studio/toolchain/risc-v embedded gcc/bin/../lib/gcc/riscv-none-embed/8.2.0/rv32imacxw/ilp32\libgcc.a(eqsf2.o)
                              ./HAL_LIB/hw_lib_din.o (__nesf2)
c:/mounriver/mounriver_studio/toolchain/risc-v embedded gcc/bin/../lib/gcc/riscv-none-embed/8.2.0/rv32imacxw/ilp32\libgcc.a(gesf2.o)
                              ./User/dash_draw.o (__gesf2)
c:/mounriver/mounriver_studio/toolchain/risc-v embedded gcc/bin/../lib/gcc/riscv-none-embed/8.2.0/rv32imacxw/ilp32\libgcc.a(lesf2.o)
                              ./User/dash_draw.o (__lesf2)
c:/mounriver/mounriver_studio/toolchain/risc-v embedded gcc/bin/../lib/gcc/riscv-none-embed/8.2.0/rv32imacxw/ilp32\libgcc.a(mulsf3.o)
                              ./User/dash_draw.o (__mulsf3)
c:/mounriver/mounriver_studio/toolchain/risc-v embedded gcc/bin/../lib/gcc/riscv-none-embed/8.2.0/rv32imacxw/ilp32\libgcc.a(subsf3.o)
                              ./User/dash_draw.o (__subsf3)
c:/mounriver/mounriver_studio/toolchain/risc-v embedded gcc/bin/../lib/gcc/riscv-none-embed/8.2.0/rv32imacxw/ilp32\libgcc.a(fixsfsi.o)
                              ./User/dash_draw.o (__fixsfsi)
c:/mounriver/mounriver_studio/toolchain/risc-v embedded gcc/bin/../lib/gcc/riscv-none-embed/8.2.0/rv32imacxw/ilp32\libgcc.a(fixunssfsi.o)
                              ./User/DataModel.o (__fixunssfsi)
c:/mounriver/mounriver_studio/toolchain/risc-v embedded gcc/bin/../lib/gcc/riscv-none-embed/8.2.0/rv32imacxw/ilp32\libgcc.a(floatsisf.o)
                              ./User/DataModel.o (__floatsisf)
c:/mounriver/mounriver_studio/toolchain/risc-v embedded gcc/bin/../lib/gcc/riscv-none-embed/8.2.0/rv32imacxw/ilp32\libgcc.a(floatunsisf.o)
                              ./User/DataModel.o (__floatunsisf)
c:/mounriver/mounriver_studio/toolchain/risc-v embedded gcc/bin/../lib/gcc/riscv-none-embed/8.2.0/rv32imacxw/ilp32\libgcc.a(extendsfdf2.o)
                              ./HAL_LIB/hw_lib_din.o (__extendsfdf2)
c:/mounriver/mounriver_studio/toolchain/risc-v embedded gcc/bin/../lib/gcc/riscv-none-embed/8.2.0/rv32imacxw/ilp32\libgcc.a(truncdfsf2.o)
                              ./User/inputs.o (__truncdfsf2)
c:/mounriver/mounriver_studio/toolchain/risc-v embedded gcc/bin/../lib/gcc/riscv-none-embed/8.2.0/rv32imacxw/ilp32\libgcc.a(save-restore.o)
                              ./User/inputs.o (__riscv_save_12)
c:/mounriver/mounriver_studio/toolchain/risc-v embedded gcc/bin/../lib/gcc/riscv-none-embed/8.2.0/rv32imacxw/ilp32\libgcc.a(_clzsi2.o)
                              c:/mounriver/mounriver_studio/toolchain/risc-v embedded gcc/bin/../lib/gcc/riscv-none-embed/8.2.0/rv32imacxw/ilp32\libgcc.a(divdf3.o) (__clzsi2)
c:/mounriver/mounriver_studio/toolchain/risc-v embedded gcc/bin/../lib/gcc/riscv-none-embed/8.2.0/rv32imacxw/ilp32\libgcc.a(_clz.o)
                              c:/mounriver/mounriver_studio/toolchain/risc-v embedded gcc/bin/../lib/gcc/riscv-none-embed/8.2.0/rv32imacxw/ilp32\libgcc.a(_clzsi2.o) (__clz_tab)
c:/mounriver/mounriver_studio/toolchain/risc-v embedded gcc/bin/../lib/gcc/riscv-none-embed/8.2.0/../../../../riscv-none-embed/lib/rv32imacxw/ilp32\libg_nano.a(lib_a-calloc.o)
                              ./CANopenNode/CANopen.o (calloc)
c:/mounriver/mounriver_studio/toolchain/risc-v embedded gcc/bin/../lib/gcc/riscv-none-embed/8.2.0/../../../../riscv-none-embed/lib/rv32imacxw/ilp32\libg_nano.a(lib_a-impure.o)
                              c:/mounriver/mounriver_studio/toolchain/risc-v embedded gcc/bin/../lib/gcc/riscv-none-embed/8.2.0/../../../../riscv-none-embed/lib/rv32imacxw/ilp32\libg_nano.a(lib_a-calloc.o) (_impure_ptr)
[...]
Memory Configuration

Name             Origin             Length             Attributes
FLASH            0x0000000000000000 0x0000000000010000 xr
SFLASH           0x0000000000010000 0x0000000000002800 xr
RAM              0x0000000020000000 0x0000000000005000 xrw
*default*        0x0000000000000000 0xffffffffffffffff

Linker script and memory map

LOAD ./User/CanOpenNode.o
LOAD ./User/DataModel.o
LOAD ./User/ch32v20x_it.o
LOAD ./User/dash_draw.o
LOAD ./User/init.o
LOAD ./User/inputs.o
LOAD ./User/led.o
LOAD ./User/main.o
LOAD ./User/process.o
LOAD ./User/system_ch32v20x.o
LOAD ./User/system_init.o
LOAD ./Startup/startup_ch32v20x_D6.o
LOAD ./Peripheral/src/ch32v20x_adc.o
LOAD ./Peripheral/src/ch32v20x_bkp.o
LOAD ./Peripheral/src/ch32v20x_can.o
LOAD ./Peripheral/src/ch32v20x_crc.o
LOAD ./Peripheral/src/ch32v20x_dbgmcu.o
LOAD ./Peripheral/src/ch32v20x_dma.o
LOAD ./Peripheral/src/ch32v20x_exti.o
LOAD ./Peripheral/src/ch32v20x_flash.o
LOAD ./Peripheral/src/ch32v20x_gpio.o
LOAD ./Peripheral/src/ch32v20x_i2c.o
LOAD ./Peripheral/src/ch32v20x_iwdg.o
LOAD ./Peripheral/src/ch32v20x_misc.o
LOAD ./Peripheral/src/ch32v20x_opa.o
LOAD ./Peripheral/src/ch32v20x_pwr.o
LOAD ./Peripheral/src/ch32v20x_rcc.o
LOAD ./Peripheral/src/ch32v20x_rtc.o
LOAD ./Peripheral/src/ch32v20x_spi.o
LOAD ./Peripheral/src/ch32v20x_tim.o
LOAD ./Peripheral/src/ch32v20x_usart.o
LOAD ./Peripheral/src/ch32v20x_wwdg.o
LOAD ./HAL_LIB/filters.o
LOAD ./HAL_LIB/hw_data_model.o
LOAD ./HAL_LIB/hw_lib_adc.o
LOAD ./HAL_LIB/hw_lib_din.o
LOAD ./HAL_LIB/hw_lib_eeprom_i2c.o
LOAD ./HAL_LIB/hw_timeout.o
LOAD ./HAL_DRIVER/hal_can_ch32.o
LOAD ./HAL_DRIVER/hal_gpio_ch32.o
LOAD ./HAL_DRIVER/hal_i2c_ch32.o
LOAD ./HAL_DRIVER/hal_irq.o
LOAD ./HAL_DRIVER/hal_rtc_ch32.o
LOAD ./HAL_DRIVER/hal_spi_ch32.o
LOAD ./HAL_DRIVER/hal_wdt_ch32.o
LOAD ./HAL/hal_adc_ch32.o
LOAD ./HAL/hal_dma_ch32.o
LOAD ./HAL/hal_timers_ch32.o
LOAD ./FreeRTOS/portable/MemMang/heap_4.o
LOAD ./FreeRTOS/portable/GCC/RISC-V/port.o
LOAD ./FreeRTOS/portable/GCC/RISC-V/portASM.o
LOAD ./FreeRTOS/croutine.o
LOAD ./FreeRTOS/event_groups.o
LOAD ./FreeRTOS/list.o
LOAD ./FreeRTOS/queue.o
LOAD ./FreeRTOS/stream_buffer.o
LOAD ./FreeRTOS/tasks.o
LOAD ./FreeRTOS/timers.o
LOAD ./Debug/debug.o
LOAD ./Core/core_riscv.o
LOAD ./CANopenNode/keypad/CO_driver_ST32F103.o
LOAD ./CANopenNode/keypad/OD.o
LOAD ./CANopenNode/extra/CO_trace.o
LOAD ./CANopenNode/309/CO_gateway_ascii.o
LOAD ./CANopenNode/305/CO_LSSmaster.o
LOAD ./CANopenNode/305/CO_LSSslave.o
LOAD ./CANopenNode/304/CO_GFC.o
LOAD ./CANopenNode/304/CO_SRDO.o
LOAD ./CANopenNode/303/CO_LEDs.o
LOAD ./CANopenNode/301/CO_Emergency.o
LOAD ./CANopenNode/301/CO_HBconsumer.o
LOAD ./CANopenNode/301/CO_NMT_Heartbeat.o
LOAD ./CANopenNode/301/CO_Node_Guarding.o
LOAD ./CANopenNode/301/CO_ODinterface.o
LOAD ./CANopenNode/301/CO_PDO.o
LOAD ./CANopenNode/301/CO_SDOclient.o
LOAD ./CANopenNode/301/CO_SDOserver.o
LOAD ./CANopenNode/301/CO_SYNC.o
LOAD ./CANopenNode/301/CO_TIME.o
LOAD ./CANopenNode/301/CO_fifo.o
LOAD ./CANopenNode/301/crc16-ccitt.o
LOAD ./CANopenNode/CANopen.o
LOAD c:/mounriver/mounriver_studio/toolchain/risc-v embedded gcc/bin/../lib/gcc/riscv-none-embed/8.2.0/../../../../riscv-none-embed/lib/rv32imacxw/ilp32\libm.a
LOAD c:/mounriver/mounriver_studio/toolchain/risc-v embedded gcc/bin/../lib/gcc/riscv-none-embed/8.2.0/rv32imacxw/ilp32\libgcc.a
LOAD c:/mounriver/mounriver_studio/toolchain/risc-v embedded gcc/bin/../lib/gcc/riscv-none-embed/8.2.0/../../../../riscv-none-embed/lib/rv32imacxw/ilp32\libg_nano.a
LOAD c:/mounriver/mounriver_studio/toolchain/risc-v embedded gcc/bin/../lib/gcc/riscv-none-embed/8.2.0/../../../../riscv-none-embed/lib/rv32imacxw/ilp32\libc_nano.a
LOAD c:/mounriver/mounriver_studio/toolchain/risc-v embedded gcc/bin/../lib/gcc/riscv-none-embed/8.2.0/rv32imacxw/ilp32\libgcc.a
START GROUP
LOAD c:/mounriver/mounriver_studio/toolchain/risc-v embedded gcc/bin/../lib/gcc/riscv-none-embed/8.2.0/rv32imacxw/ilp32\libgcc.a
LOAD c:/mounriver/mounriver_studio/toolchain/risc-v embedded gcc/bin/../lib/gcc/riscv-none-embed/8.2.0/../../../../riscv-none-embed/lib/rv32imacxw/ilp32\libc_nano.a
LOAD c:/mounriver/mounriver_studio/toolchain/risc-v embedded gcc/bin/../lib/gcc/riscv-none-embed/8.2.0/../../../../riscv-none-embed/lib/rv32imacxw/ilp32\libnosys.a
END GROUP
START GROUP
LOAD c:/mounriver/mounriver_studio/toolchain/risc-v embedded gcc/bin/../lib/gcc/riscv-none-embed/8.2.0/rv32imacxw/ilp32\libgcc.a
LOAD c:/mounriver/mounriver_studio/toolchain/risc-v embedded gcc/bin/../lib/gcc/riscv-none-embed/8.2.0/../../../../riscv-none-embed/lib/rv32imacxw/ilp32\libc_nano.a
LOAD c:/mounriver/mounriver_studio/toolchain/risc-v embedded gcc/bin/../lib/gcc/riscv-none-embed/8.2.0/../../../../riscv-none-embed/lib/rv32imacxw/ilp32\libnosys.a
END GROUP
                0x0000000000000be8                __stack_size = 0xbe8
                [!provide]                        PROVIDE (_stack_size = __stack_size)

.init           0x0000000000000000       0x38
                0x0000000000000000                _sinit = .
                0x0000000000000000                . = ALIGN (0x4)
 *(SORT_NONE(.init))
 .init          0x0000000000000000       0x38 ./Startup/startup_ch32v20x_D6.o
                0x0000000000000000                _start
                0x0000000000000038                . = ALIGN (0x4)
                0x0000000000000038                _einit = .

.vector         0x0000000000000038      0x108
 *(.vector)
 .vector        0x0000000000000038       0xfc ./Startup/startup_ch32v20x_D6.o
                0x0000000000000140                . = ALIGN (0x40)
 *fill*         0x0000000000000134        0xc 

.stext          0x0000000000010000      0xf6e
                0x0000000000010000                . = ALIGN (0x4)
 *(.stext)
 .stext         0x0000000000010000        0xa ./User/CanOpenNode.o
                0x0000000000010000                vCanOpenInit
 .stext         0x000000000001000a      0x760 ./User/DataModel.o
                0x000000000001000a                DataModel_Init
 .stext         0x000000000001076a       0xe2 ./User/dash_draw.o
                0x000000000001076a                vDashDrawInit
                0x00000000000107e4                TestProcedure
 .stext         0x000000000001084c      0x14c ./User/init.o
                0x000000000001084c                vInit_DeviceConfig
 .stext         0x0000000000010998       0xba ./User/inputs.o
                0x0000000000010998                ADC1_Init
 .stext         0x0000000000010a52       0x4e ./User/led.o
                0x0000000000010a52                vLedDriverStart
 .stext         0x0000000000010aa0      0x214 ./User/process.o
                0x0000000000010aa0                vProceesInit
 .stext         0x0000000000010cb4      0x134 ./User/system_init.o
                0x0000000000010cb4                vSYStaskInit
                0x0000000000010dbe                vSYSqueueInit
 .stext         0x0000000000010de8       0x34 ./HAL_LIB/hw_lib_din.o
                0x0000000000010de8                eDinConfigWtihStruct
 .stext         0x0000000000010e1c       0xca ./HAL_DRIVER/hal_rtc_ch32.o
                0x0000000000010e1c                HAL_RTC_IT_Init
 .stext         0x0000000000010ee6       0x60 ./HAL_DRIVER/hal_spi_ch32.o
                0x0000000000010ee6                HAL_SPI_InitDMA
 .stext         0x0000000000010f46       0x28 ./HAL_DRIVER/hal_wdt_ch32.o
                0x0000000000010f46                HAL_WDT_Init1s

.text           0x0000000000000200     0xe190
                0x0000000000000200                . = ALIGN (0x4)
 *(.text)
 .text          0x0000000000000200      0x2ee ./FreeRTOS/portable/GCC/RISC-V/portASM.o
                0x0000000000000200                SW_Handler
                0x0000000000000300                xPortStartFirstTask
                0x0000000000000400                pxPortInitialiseStack
 .text          0x00000000000004ee       0x60 c:/mounriver/mounriver_studio/toolchain/risc-v embedded gcc/bin/../lib/gcc/riscv-none-embed/8.2.0/rv32imacxw/ilp32\libgcc.a(save-restore.o)
                0x00000000000004ee                __riscv_save_12
                0x00000000000004f6                __riscv_save_9
                0x00000000000004f6                __riscv_save_11
                0x00000000000004f6                __riscv_save_10
                0x00000000000004f6                __riscv_save_8
                0x0000000000000504                __riscv_save_4
                0x0000000000000504                __riscv_save_6
                0x0000000000000504                __riscv_save_5
                0x0000000000000504                __riscv_save_7
                0x000000000000051e                __riscv_save_3
                0x000000000000051e                __riscv_save_2
                0x000000000000051e                __riscv_save_1
                0x000000000000051e                __riscv_save_0
                0x000000000000052a                __riscv_restore_12
                0x000000000000052e                __riscv_restore_11
                0x000000000000052e                __riscv_restore_9
                0x000000000000052e                __riscv_restore_10
                0x000000000000052e                __riscv_restore_8
                0x0000000000000538                __riscv_restore_5
                0x0000000000000538                __riscv_restore_7
                0x0000000000000538                __riscv_restore_6
                0x0000000000000538                __riscv_restore_4
                0x0000000000000542                __riscv_restore_3
                0x0000000000000542                __riscv_restore_0
                0x0000000000000542                __riscv_restore_2
                0x0000000000000542                __riscv_restore_1
 .text          0x000000000000054e       0xa8 c:/mounriver/mounriver_studio/toolchain/risc-v embedded gcc/bin/../lib/gcc/riscv-none-embed/8.2.0/../../../../riscv-none-embed/lib/rv32imacxw/ilp32\libg_nano.a(lib_a-memset.o)
                0x000000000000054e                memset
 *(.text.*)
 .text.xCanOpenProcessTaskHandle
                0x00000000000005f6        0xa ./User/CanOpenNode.o
                0x00000000000005f6                xCanOpenProcessTaskHandle
 .text.xCanOpenPeriodicTaskHandle
                0x0000000000000600        0xa ./User/CanOpenNode.o
                0x0000000000000600                xCanOpenPeriodicTaskHandle
 .text.vCanOpenProcess
                0x000000000000060a      0x18c ./User/CanOpenNode.o
                0x000000000000060a                vCanOpenProcess
 .text.vCanOpenPeriodicProcess
                0x0000000000000796       0x82 ./User/CanOpenNode.o
                0x0000000000000796                vCanOpenPeriodicProcess
 .text.xDataRegQueue
                0x0000000000000818        0xa ./User/DataModel.o
                0x0000000000000818                xDataRegQueue
 .text.vDataModelRegDelayWrite
                0x0000000000000822       0x38 ./User/DataModel.o
                0x0000000000000822                vDataModelRegDelayWrite
 .text.WriteRegAfterDelay
                0x000000000000085a       0x60 ./User/DataModel.o
                0x000000000000085a                WriteRegAfterDelay
 .text.WriteReg
                0x00000000000008ba       0x56 ./User/DataModel.o
                0x00000000000008ba                WriteReg
 .text.vGetBitrate
                0x0000000000000910       0x28 ./User/DataModel.o
                0x0000000000000910                vGetBitrate
 .text.vFDGetNMTState
                0x0000000000000938        0x6 ./User/DataModel.o
                0x0000000000000938                vFDGetNMTState
 .text.vGetNodeId
                0x000000000000093e        0xc ./User/DataModel.o
                0x000000000000093e                vGetNodeId
 .text.vIncrementSystemCounters
                0x000000000000094a       0x9c ./User/DataModel.o
                0x000000000000094a                vIncrementSystemCounters
 .text.vSaveData
                0x00000000000009e6       0x16 ./User/DataModel.o
                0x00000000000009e6                vSaveData
 .text.getOdometr
                0x00000000000009fc       0x14 ./User/DataModel.o
                0x00000000000009fc                getOdometr
 .text.getOdometr1
                0x0000000000000a10       0x14 ./User/DataModel.o
                0x0000000000000a10                getOdometr1
 .text.ResrtOdometr1
                0x0000000000000a24        0xe ./User/DataModel.o
                0x0000000000000a24                ResrtOdometr1
 .text.NMI_Handler
                0x0000000000000a32        0x2 ./User/ch32v20x_it.o
                0x0000000000000a32                NMI_Handler
 .text.HardFault_Handler
                0x0000000000000a34       0x66 ./User/ch32v20x_it.o
                0x0000000000000a34                HardFault_Handler
 .text.SegPrint
                0x0000000000000a9a       0x58 ./User/dash_draw.o
 .text.vCheckKeySatate
                0x0000000000000af2       0x80 ./User/dash_draw.o
 .text.xProcessTaskHandle
                0x0000000000000b72        0xa ./User/dash_draw.o
                0x0000000000000b72                xProcessTaskHandle
 .text.vSetErrorReg
                0x0000000000000b7c        0xa ./User/dash_draw.o
                0x0000000000000b7c                vSetErrorReg
 .text.getODValue
                0x0000000000000b86      0x16a ./User/dash_draw.o
                0x0000000000000b86                getODValue
 .text.IncMenuIndex
                0x0000000000000cf0       0x80 ./User/dash_draw.o
                0x0000000000000cf0                IncMenuIndex
 .text.GoToHome
                0x0000000000000d70       0x12 ./User/dash_draw.o
                0x0000000000000d70                GoToHome
 .text.SetCurMenuHome
                0x0000000000000d82       0x36 ./User/dash_draw.o
                0x0000000000000d82                SetCurMenuHome
 .text.GetCurMenuHome
                0x0000000000000db8        0x6 ./User/dash_draw.o
                0x0000000000000db8                GetCurMenuHome
 .text.SetCurrentMenu
                0x0000000000000dbe       0x12 ./User/dash_draw.o
                0x0000000000000dbe                SetCurrentMenu
 .text.SetDefault
                0x0000000000000dd0       0x2a ./User/dash_draw.o
                0x0000000000000dd0                SetDefault
 .text.MenuBackHomeCheck
                0x0000000000000dfa       0x38 ./User/dash_draw.o
                0x0000000000000dfa                MenuBackHomeCheck
 .text.CheckMenuChannel
                0x0000000000000e32       0x20 ./User/dash_draw.o
                0x0000000000000e32                CheckMenuChannel
 .text.vMenuBlink
                0x0000000000000e52       0x4a ./User/dash_draw.o
                0x0000000000000e52                vMenuBlink
 .text.SetErrorRegiter
                0x0000000000000e9c       0x5e ./User/dash_draw.o
                0x0000000000000e9c                SetErrorRegiter
 .text.uGetCurrMenu
                0x0000000000000efa       0x26 ./User/dash_draw.o
                0x0000000000000efa                uGetCurrMenu
 .text.vGetEdgeData
                0x0000000000000f20       0x2a ./User/dash_draw.o
                0x0000000000000f20                vGetEdgeData
 .text.CheckLedState
                0x0000000000000f4a      0x132 ./User/dash_draw.o
 .text.vRGBMode
                0x000000000000107c       0x8e ./User/dash_draw.o
                0x000000000000107c                vRGBMode
 .text.vBarColorMode
                0x000000000000110a       0xc2 ./User/dash_draw.o
                0x000000000000110a                vBarColorMode
 .text.vBarWindowMode
                0x00000000000011cc       0x5a ./User/dash_draw.o
                0x00000000000011cc                vBarWindowMode
 .text.vBarMode
                0x0000000000001226       0x66 ./User/dash_draw.o
                0x0000000000001226                vBarMode
 .text.SetTest  0x000000000000128c       0x58 ./User/dash_draw.o
                0x000000000000128c                SetTest
 .text.vRedrawTask
                0x00000000000012e4      0x4d0 ./User/dash_draw.o
                0x00000000000012e4                vRedrawTask
 .text.HardwareDeinit
                0x00000000000017b4       0x2a ./User/init.o
                0x00000000000017b4                HardwareDeinit
 .text.SoftwareReset
                0x00000000000017de       0x14 ./User/init.o
                0x00000000000017de                SoftwareReset
 .text.ADC1_Event
                0x00000000000017f2       0x44 ./User/inputs.o
                0x00000000000017f2                ADC1_Event
 .text.CaptureDMACallBack
                0x0000000000001836       0x22 ./User/inputs.o
                0x0000000000001836                CaptureDMACallBack
 .text.CaptureDMACallBack_1
                0x0000000000001858       0x22 ./User/inputs.o
                0x0000000000001858                CaptureDMACallBack_1
 .text.fDinStateCallback
                0x000000000000187a       0x32 ./User/inputs.o
                0x000000000000187a                fDinStateCallback
 .text.getInputsTaskHandle
                0x00000000000018ac        0xa ./User/inputs.o
                0x00000000000018ac                getInputsTaskHandle
 .text.ADC_FSM  0x00000000000018b6      0x1ea ./User/inputs.o
                0x00000000000018b6                ADC_FSM
 .text.GetAIN   0x0000000000001aa0        0xc ./User/inputs.o
                0x0000000000001aa0                GetAIN
 .text.vInputsTask
                0x0000000000001aac      0x1d8 ./User/inputs.o
                0x0000000000001aac                vInputsTask
 .text.SPI1_DMA_Callback
                0x0000000000001c84       0x2e ./User/led.o
                0x0000000000001c84                SPI1_DMA_Callback
 .text.SPI2_DMA_Callback
                0x0000000000001cb2       0x2e ./User/led.o
                0x0000000000001cb2                SPI2_DMA_Callback
 .text.SetBarState
                0x0000000000001ce0       0x50 ./User/led.o
                0x0000000000001ce0                SetBarState
 .text.SetRGB   0x0000000000001d30       0x4e ./User/led.o
                0x0000000000001d30                SetRGB
 .text.SetSegDirect
                0x0000000000001d7e       0x9c ./User/led.o
                0x0000000000001d7e                SetSegDirect
 .text.SetSegPoint
                0x0000000000001e1a       0x22 ./User/led.o
                0x0000000000001e1a                SetSegPoint
 .text.SetSEG   0x0000000000001e3c      0x11c ./User/led.o
                0x0000000000001e3c                SetSEG
 .text.SetBigSeg
                0x0000000000001f58       0x14 ./User/led.o
                0x0000000000001f58                SetBigSeg
 .text.vSetBrigth
                0x0000000000001f6c       0x28 ./User/led.o
                0x0000000000001f6c                vSetBrigth
 .text.vLedProcess
                0x0000000000001f94       0x1e ./User/led.o
                0x0000000000001f94                vLedProcess
 .text.vRGBProcess
                0x0000000000001fb2       0xe2 ./User/led.o
                0x0000000000001fb2                vRGBProcess
 .text.startup.main
                0x0000000000002094       0x28 ./User/main.o
                0x0000000000002094                main
 .text.vRestartNode
                0x00000000000020bc        0x2 ./User/main.o
                0x00000000000020bc                vRestartNode
 .text.Error_Handler
                0x00000000000020be        0x8 ./User/main.o
                0x00000000000020be                Error_Handler
 .text.OD_readKEY
                0x00000000000020c6        0x8 ./User/process.o
 .text.OD_writeRGBMAP
                0x00000000000020ce       0x30 ./User/process.o
 .text.OD_writeKEY
                0x00000000000020fe       0x34 ./User/process.o
 .text.OD_readRGBMAP
                0x0000000000002132       0x22 ./User/process.o
 .text.OD_readDIN
                0x0000000000002154       0x1c ./User/process.o
 .text.OD_writeMenuSetup
                0x0000000000002170       0x46 ./User/process.o
 .text.OD_writeBoardSettings
                0x00000000000021b6       0x78 ./User/process.o
 .text.CO_getUint16
                0x000000000000222e       0x10 ./User/process.o
 .text.OD_writeSEG
                0x000000000000223e       0x44 ./User/process.o
 .text.OD_writeBAR
                0x0000000000002282       0x2e ./User/process.o
 .text.OD_writeRPMConfig
                0x00000000000022b0       0x36 ./User/process.o
 .text.CO_getUint32
                0x00000000000022e6       0x18 ./User/process.o
 .text.OD_writeMenuMap
                0x00000000000022fe       0x2e ./User/process.o
 .text.OD_writeV1_14
                0x000000000000232c       0x56 ./User/process.o
 .text.OD_writeDashParam
                0x0000000000002382       0x44 ./User/process.o
 .text.WriteRGB.isra.2
                0x00000000000023c6       0x3a ./User/process.o
 .text.OD_writeRGB1
                0x0000000000002400       0x16 ./User/process.o
 .text.OD_writeRGB2
                0x0000000000002416       0x16 ./User/process.o
 .text.OD_writeRGB3
                0x000000000000242c       0x16 ./User/process.o
 .text.OD_writeRGB4
                0x0000000000002442       0x16 ./User/process.o
 .text.OD_writeRGB5
                0x0000000000002458       0x16 ./User/process.o
 .text.OD_writeRGB6
                0x000000000000246e       0x16 ./User/process.o
 .text.OD_writeRGB7
                0x0000000000002484       0x16 ./User/process.o
 .text.OD_writeRGB8
                0x000000000000249a       0x16 ./User/process.o
 .text.OD_writeRGB9
                0x00000000000024b0       0x16 ./User/process.o
 .text.OD_writeRGB10
                0x00000000000024c6       0x16 ./User/process.o
 .text.OD_writeRGB11
                0x00000000000024dc       0x16 ./User/process.o
 .text.OD_writeRGB12
                0x00000000000024f2       0x16 ./User/process.o
 .text.OD_writeRGB13
                0x0000000000002508       0x16 ./User/process.o
 .text.OD_writeRGB14
                0x000000000000251e       0x16 ./User/process.o
 .text.OD_readBoardSettings
                0x0000000000002534       0x2a ./User/process.o
 .text.readADC.isra.6
                0x000000000000255e       0x86 ./User/process.o
 .text.OD_readADC1
                0x00000000000025e4       0x10 ./User/process.o
 .text.OD_readADC2
                0x00000000000025f4       0x10 ./User/process.o
 .text.OD_readADC3
                0x0000000000002604       0x10 ./User/process.o
 .text.OD_readMenuSetup
                0x0000000000002614       0x30 ./User/process.o
 .text.writeADC.isra.9
                0x0000000000002644       0xde ./User/process.o
 .text.OD_writeADC1
                0x0000000000002722       0x10 ./User/process.o
 .text.OD_writeADC2
                0x0000000000002732       0x10 ./User/process.o
 .text.OD_writeADC3
                0x0000000000002742       0x10 ./User/process.o
 .text.OD_readRGB.isra.5
                0x0000000000002752       0x22 ./User/process.o
 .text.OD_readRGB1
                0x0000000000002774       0x14 ./User/process.o
 .text.OD_readRGB2
                0x0000000000002788       0x14 ./User/process.o
 .text.OD_readRGB3
                0x000000000000279c       0x14 ./User/process.o
 .text.OD_readRGB4
                0x00000000000027b0       0x16 ./User/process.o
 .text.OD_readRGB5
                0x00000000000027c6       0x16 ./User/process.o
 .text.OD_readRGB6
                0x00000000000027dc       0x16 ./User/process.o
 .text.OD_readRGB7
                0x00000000000027f2       0x16 ./User/process.o
 .text.OD_readRGB8
                0x0000000000002808       0x16 ./User/process.o
 .text.OD_readRGB9
                0x000000000000281e       0x16 ./User/process.o
 .text.OD_readRGB10
                0x0000000000002834       0x16 ./User/process.o
 .text.OD_readRGB11
                0x000000000000284a       0x16 ./User/process.o
 .text.OD_readRGB12
                0x0000000000002860       0x16 ./User/process.o
 .text.OD_readRGB13
                0x0000000000002876       0x16 ./User/process.o
 .text.OD_readRGB14
                0x000000000000288c       0x16 ./User/process.o
 .text.OD_readRPMConfig
                0x00000000000028a2       0x2a ./User/process.o
 .text.OD_readAIN_RPM
                0x00000000000028cc       0x26 ./User/process.o
 .text.OD_readBar
                0x00000000000028f2       0x28 ./User/process.o
 .text.OD_readMenuMap
                0x000000000000291a       0x2c ./User/process.o
 .text.OD_readDashParam
                0x0000000000002946       0x4c ./User/process.o
 .text.OD_readSEG
                0x0000000000002992       0x34 ./User/process.o
 .text.SystemInit
                0x00000000000029c6       0xea ./User/system_ch32v20x.o
                0x00000000000029c6                SystemInit
 .text.SystemCoreClockUpdate
                0x0000000000002ab0       0x92 ./User/system_ch32v20x.o
                0x0000000000002ab0                SystemCoreClockUpdate
 .text.StartDefaultTask
                0x0000000000002b42       0x4a ./User/system_init.o
 .text.vApplicationGetIdleTaskMemory
                0x0000000000002b8c       0x1c ./User/system_init.o
                0x0000000000002b8c                vApplicationGetIdleTaskMemory
 .text.vSystemStop
                0x0000000000002ba8       0x26 ./User/system_init.o
                0x0000000000002ba8                vSystemStop
 .text.vector_handler
                0x0000000000002bce       0x6c ./Startup/startup_ch32v20x_D6.o
                0x0000000000002bd2                Ecall_M_Mode_Handler
                0x0000000000002bd4                Ecall_U_Mode_Handler
                0x0000000000002bd6                Break_Point_Handler
                0x0000000000002bdc                WWDG_IRQHandler
                0x0000000000002bde                PVD_IRQHandler
                0x0000000000002be0                TAMPER_IRQHandler
                0x0000000000002be4                FLASH_IRQHandler
                0x0000000000002be6                RCC_IRQHandler
                0x0000000000002be8                EXTI0_IRQHandler
                0x0000000000002bea                EXTI1_IRQHandler
                0x0000000000002bec                EXTI2_IRQHandler
                0x0000000000002bee                EXTI3_IRQHandler
                0x0000000000002bf0                EXTI4_IRQHandler
                0x0000000000002bf4                DMA1_Channel2_IRQHandler
                0x0000000000002bfc                DMA1_Channel6_IRQHandler
                0x0000000000002c0a                EXTI9_5_IRQHandler
                0x0000000000002c0c                TIM1_BRK_IRQHandler
                0x0000000000002c0e                TIM1_UP_IRQHandler
                0x0000000000002c10                TIM1_TRG_COM_IRQHandler
                0x0000000000002c12                TIM1_CC_IRQHandler
                0x0000000000002c14                TIM2_IRQHandler
                0x0000000000002c16                TIM3_IRQHandler
                0x0000000000002c1e                I2C2_EV_IRQHandler
                0x0000000000002c20                I2C2_ER_IRQHandler
                0x0000000000002c22                SPI1_IRQHandler
                0x0000000000002c24                SPI2_IRQHandler
                0x0000000000002c26                USART1_IRQHandler
                0x0000000000002c28                USART2_IRQHandler
                0x0000000000002c2a                USART3_IRQHandler
                0x0000000000002c2c                EXTI15_10_IRQHandler
                0x0000000000002c2e                RTCAlarm_IRQHandler
                0x0000000000002c30                USBWakeUp_IRQHandler
                0x0000000000002c32                USBHD_IRQHandler
                0x0000000000002c34                USBHDWakeUp_IRQHandler
                0x0000000000002c36                UART4_IRQHandler
                0x0000000000002c38                DMA1_Channel8_IRQHandler
 .text.handle_reset
                0x0000000000002c3a       0x92 ./Startup/startup_ch32v20x_D6.o
                0x0000000000002c3a                handle_reset
 .text.ADC_Cmd  0x0000000000002ccc       0x10 ./Peripheral/src/ch32v20x_adc.o
                0x0000000000002ccc                ADC_Cmd
 .text.ADC_GetResetCalibrationStatus
                0x0000000000002cdc        0x8 ./Peripheral/src/ch32v20x_adc.o
                0x0000000000002cdc                ADC_GetResetCalibrationStatus
 .text.ADC_GetCalibrationStatus
                0x0000000000002ce4        0x8 ./Peripheral/src/ch32v20x_adc.o
                0x0000000000002ce4                ADC_GetCalibrationStatus
 .text.ADC_GetITStatus
                0x0000000000002cec       0x1c ./Peripheral/src/ch32v20x_adc.o
                0x0000000000002cec                ADC_GetITStatus
 .text.ADC_ClearITPendingBit
                0x0000000000002d08        0xa ./Peripheral/src/ch32v20x_adc.o
                0x0000000000002d08                ADC_ClearITPendingBit
 .text.Get_CalibrationValue
                0x0000000000002d12      0x1fe ./Peripheral/src/ch32v20x_adc.o
                0x0000000000002d12                Get_CalibrationValue
 .text.DMA_GetFlagStatus
                0x0000000000002f10        0xe ./Peripheral/src/ch32v20x_dma.o
                0x0000000000002f10                DMA_GetFlagStatus
 .text.DMA_GetITStatus
                0x0000000000002f1e        0xc ./Peripheral/src/ch32v20x_dma.o
                0x0000000000002f1e                DMA_GetITStatus
 .text.DMA_ClearITPendingBit
                0x0000000000002f2a        0x8 ./Peripheral/src/ch32v20x_dma.o
                0x0000000000002f2a                DMA_ClearITPendingBit
 .text.GPIO_Init
                0x0000000000002f32       0xfa ./Peripheral/src/ch32v20x_gpio.o
                0x0000000000002f32                GPIO_Init
 .text.GPIO_PinRemapConfig
                0x000000000000302c       0xf2 ./Peripheral/src/ch32v20x_gpio.o
                0x000000000000302c                GPIO_PinRemapConfig
 .text.I2C_DualAddressCmd
                0x000000000000311e       0x18 ./Peripheral/src/ch32v20x_i2c.o
                0x000000000000311e                I2C_DualAddressCmd
 .text.I2C_ClearFlag
                0x0000000000003136        0xc ./Peripheral/src/ch32v20x_i2c.o
                0x0000000000003136                I2C_ClearFlag
 .text.RCC_LSEConfig
                0x0000000000003142       0x28 ./Peripheral/src/ch32v20x_rcc.o
                0x0000000000003142                RCC_LSEConfig
 .text.RCC_GetClocksFreq
                0x000000000000316a       0xbe ./Peripheral/src/ch32v20x_rcc.o
                0x000000000000316a                RCC_GetClocksFreq
 .text.RCC_APB2PeriphClockCmd
                0x0000000000003228       0x1e ./Peripheral/src/ch32v20x_rcc.o
                0x0000000000003228                RCC_APB2PeriphClockCmd
 .text.RCC_GetFlagStatus
                0x0000000000003246       0x2e ./Peripheral/src/ch32v20x_rcc.o
                0x0000000000003246                RCC_GetFlagStatus
 .text.RTC_EnterConfigMode
                0x0000000000003274       0x12 ./Peripheral/src/ch32v20x_rtc.o
                0x0000000000003274                RTC_EnterConfigMode
 .text.RTC_ExitConfigMode
                0x0000000000003286       0x18 ./Peripheral/src/ch32v20x_rtc.o
                0x0000000000003286                RTC_ExitConfigMode
 .text.RTC_GetCounter
                0x000000000000329e       0x36 ./Peripheral/src/ch32v20x_rtc.o
                0x000000000000329e                RTC_GetCounter
 .text.RTC_SetCounter
                0x00000000000032d4       0x2c ./Peripheral/src/ch32v20x_rtc.o
                0x00000000000032d4                RTC_SetCounter
 .text.RTC_SetPrescaler
                0x0000000000003300       0x2e ./Peripheral/src/ch32v20x_rtc.o
                0x0000000000003300                RTC_SetPrescaler
 .text.RTC_WaitForLastTask
                0x000000000000332e       0x10 ./Peripheral/src/ch32v20x_rtc.o
                0x000000000000332e                RTC_WaitForLastTask
 .text.RTC_WaitForSynchro
                0x000000000000333e       0x24 ./Peripheral/src/ch32v20x_rtc.o
                0x000000000000333e                RTC_WaitForSynchro
 .text.TIM_OC1Init
                0x0000000000003362       0x6a ./Peripheral/src/ch32v20x_tim.o
                0x0000000000003362                TIM_OC1Init
 .text.TIM_OC2Init
                0x00000000000033cc       0x96 ./Peripheral/src/ch32v20x_tim.o
                0x00000000000033cc                TIM_OC2Init
 .text.TIM_OC3Init
                0x0000000000003462       0x94 ./Peripheral/src/ch32v20x_tim.o
                0x0000000000003462                TIM_OC3Init
 .text.TIM_OC4Init
                0x00000000000034f6       0x6c ./Peripheral/src/ch32v20x_tim.o
                0x00000000000034f6                TIM_OC4Init
 .text.TIM_OC1PreloadConfig
                0x0000000000003562        0xe ./Peripheral/src/ch32v20x_tim.o
                0x0000000000003562                TIM_OC1PreloadConfig
 .text.TIM_OC2PreloadConfig
                0x0000000000003570       0x16 ./Peripheral/src/ch32v20x_tim.o
                0x0000000000003570                TIM_OC2PreloadConfig
 .text.TIM_OC3PreloadConfig
                0x0000000000003586        0xe ./Peripheral/src/ch32v20x_tim.o
                0x0000000000003586                TIM_OC3PreloadConfig
 .text.TIM_OC4PreloadConfig
                0x0000000000003594       0x16 ./Peripheral/src/ch32v20x_tim.o
                0x0000000000003594                TIM_OC4PreloadConfig
 .text.TIM_GetITStatus
                0x00000000000035aa       0x18 ./Peripheral/src/ch32v20x_tim.o
                0x00000000000035aa                TIM_GetITStatus
 .text.USART_Init
                0x00000000000035c2       0xbc ./Peripheral/src/ch32v20x_usart.o
                0x00000000000035c2                USART_Init
 .text.USART_Cmd
                0x000000000000367e       0x16 ./Peripheral/src/ch32v20x_usart.o
                0x000000000000367e                USART_Cmd
 .text.USART_SendData
                0x0000000000003694        0x8 ./Peripheral/src/ch32v20x_usart.o
                0x0000000000003694                USART_SendData
 .text.USART_GetFlagStatus
                0x000000000000369c        0xa ./Peripheral/src/ch32v20x_usart.o
                0x000000000000369c                USART_GetFlagStatus
 .text.vRCFilterConfig
                0x00000000000036a6       0x2e ./HAL_LIB/filters.o
                0x00000000000036a6                vRCFilterConfig
 .text.AddBufferData
                0x00000000000036d4       0x20 ./HAL_LIB/filters.o
                0x00000000000036d4                AddBufferData
 .text.GetConversional
                0x00000000000036f4       0x4a ./HAL_LIB/filters.o
                0x00000000000036f4                GetConversional
 .text.GetDataRegister
                0x000000000000373e        0xa ./HAL_LIB/hw_data_model.o
                0x000000000000373e                GetDataRegister
 .text.GetRegisterAddr
                0x0000000000003748        0xc ./HAL_LIB/hw_data_model.o
                0x0000000000003748                GetRegisterAddr
 .text.ClearDataModel
                0x0000000000003754       0x1a ./HAL_LIB/hw_data_model.o
                0x0000000000003754                ClearDataModel
 .text.setReg32
                0x000000000000376e       0x1e ./HAL_LIB/hw_data_model.o
                0x000000000000376e                setReg32
 .text.setReg16
                0x000000000000378c       0x12 ./HAL_LIB/hw_data_model.o
                0x000000000000378c                setReg16
 .text.setReg8  0x000000000000379e        0xe ./HAL_LIB/hw_data_model.o
                0x000000000000379e                setReg8
 .text.getReg16
                0x00000000000037ac       0x14 ./HAL_LIB/hw_data_model.o
                0x00000000000037ac                getReg16
 .text.getReg32
                0x00000000000037c0       0x20 ./HAL_LIB/hw_data_model.o
                0x00000000000037c0                getReg32
 .text.getReg8  0x00000000000037e0        0xe ./HAL_LIB/hw_data_model.o
                0x00000000000037e0                getReg8
 .text.vAINInit
                0x00000000000037ee       0x36 ./HAL_LIB/hw_lib_adc.o
                0x00000000000037ee                vAINInit
 .text.fGetAinCalData
                0x0000000000003824       0x7a ./HAL_LIB/hw_lib_adc.o
                0x0000000000003824                fGetAinCalData
 .text.eAinCalDataConfig
                0x000000000000389e       0x50 ./HAL_LIB/hw_lib_adc.o
                0x000000000000389e                eAinCalDataConfig
 .text.vABLineKoofFinde
                0x00000000000038ee       0x6a ./HAL_LIB/hw_lib_adc.o
                0x00000000000038ee                vABLineKoofFinde
 .text.eSetAinCalPoint
                0x0000000000003958       0x64 ./HAL_LIB/hw_lib_adc.o
                0x0000000000003958                eSetAinCalPoint
 .text.getADC1Buffer
                0x00000000000039bc        0xa ./HAL_LIB/hw_lib_adc.o
                0x00000000000039bc                getADC1Buffer
 .text.uGetDIN  0x00000000000039c6       0x14 ./HAL_LIB/hw_lib_din.o
                0x00000000000039c6                uGetDIN
 .text.eRPMConfig
                0x00000000000039da       0x5a ./HAL_LIB/hw_lib_din.o
                0x00000000000039da                eRPMConfig
 .text.RMPDataConvert
                0x0000000000003a34       0x4e ./HAL_LIB/hw_lib_din.o
                0x0000000000003a34                RMPDataConvert
 .text.GetRPM   0x0000000000003a82       0x7a ./HAL_LIB/hw_lib_din.o
                0x0000000000003a82                GetRPM
 .text.vDinDoutProcess
                0x0000000000003afc       0x88 ./HAL_LIB/hw_lib_din.o
                0x0000000000003afc                vDinDoutProcess
 .text.getCaputreBuffer
                0x0000000000003b84       0x16 ./HAL_LIB/hw_lib_din.o
                0x0000000000003b84                getCaputreBuffer
 .text.I2C_FSM  0x0000000000003b9a      0x198 ./HAL_LIB/hw_lib_eeprom_i2c.o
                0x0000000000003b9a                I2C_FSM
 .text.vInitEEPROM_I2C
                0x0000000000003d32       0x4e ./HAL_LIB/hw_lib_eeprom_i2c.o
                0x0000000000003d32                vInitEEPROM_I2C
 .text.eEEPROMWrFast
                0x0000000000003d80      0x10a ./HAL_LIB/hw_lib_eeprom_i2c.o
                0x0000000000003d80                eEEPROMWrFast
 .text.eEEPROMWr
                0x0000000000003e8a       0xe2 ./HAL_LIB/hw_lib_eeprom_i2c.o
                0x0000000000003e8a                eEEPROMWr
 .text.eEEPROMRd
                0x0000000000003f6c       0x8a ./HAL_LIB/hw_lib_eeprom_i2c.o
                0x0000000000003f6c                eEEPROMRd
 .text.bReadEEPROM
                0x0000000000003ff6       0x1a ./HAL_LIB/hw_lib_eeprom_i2c.o
                0x0000000000003ff6                bReadEEPROM
 .text.vHW_INIT_TIMEOUT
                0x0000000000004010       0x1c ./HAL_LIB/hw_timeout.o
                0x0000000000004010                vHW_INIT_TIMEOUT
 .text.vHW_PROCESS_TIMEOUT
                0x000000000000402c       0x26 ./HAL_LIB/hw_timeout.o
                0x000000000000402c                vHW_PROCESS_TIMEOUT
 .text.HAL_CANSetTXCallback
                0x0000000000004052        0xa ./HAL_DRIVER/hal_can_ch32.o
                0x0000000000004052                HAL_CANSetTXCallback
 .text.HAL_CANSetRXCallback
                0x000000000000405c        0xa ./HAL_DRIVER/hal_can_ch32.o
                0x000000000000405c                HAL_CANSetRXCallback
 .text.HAL_CANSetERRCallback
                0x0000000000004066        0xa ./HAL_DRIVER/hal_can_ch32.o
                0x0000000000004066                HAL_CANSetERRCallback
 .text.HAL_CANIntIT
                0x0000000000004070      0x13c ./HAL_DRIVER/hal_can_ch32.o
                0x0000000000004070                HAL_CANIntIT
 .text.HAL_CANToInitMode
                0x00000000000041ac       0x30 ./HAL_DRIVER/hal_can_ch32.o
                0x00000000000041ac                HAL_CANToInitMode
 .text.HAL_CANToOperatingMode
                0x00000000000041dc       0x26 ./HAL_DRIVER/hal_can_ch32.o
                0x00000000000041dc                HAL_CANToOperatingMode
 .text.HAL_CANSend
                0x0000000000004202       0xae ./HAL_DRIVER/hal_can_ch32.o
                0x0000000000004202                HAL_CANSend
 .text.HAL_CANSetFiters
                0x00000000000042b0       0xc4 ./HAL_DRIVER/hal_can_ch32.o
                0x00000000000042b0                HAL_CANSetFiters
 .text.HAL_CANGetRXMessage
                0x0000000000004374       0xb0 ./HAL_DRIVER/hal_can_ch32.o
                0x0000000000004374                HAL_CANGetRXMessage
 .text.USB_HP_CAN1_TX_IRQHandler
                0x0000000000004424       0x60 ./HAL_DRIVER/hal_can_ch32.o
                0x0000000000004424                USB_HP_CAN1_TX_IRQHandler
 .text.USB_LP_CAN1_RX0_IRQHandler
                0x0000000000004484       0x5e ./HAL_DRIVER/hal_can_ch32.o
                0x0000000000004484                USB_LP_CAN1_RX0_IRQHandler
 .text.CAN1_RX1_IRQHandler
                0x00000000000044e2       0x5e ./HAL_DRIVER/hal_can_ch32.o
                0x00000000000044e2                CAN1_RX1_IRQHandler
 .text.CAN1_SCE_IRQHandler
                0x0000000000004540       0x5c ./HAL_DRIVER/hal_can_ch32.o
                0x0000000000004540                CAN1_SCE_IRQHandler
 .text.HAL_InitGPIO
                0x000000000000459c       0xba ./HAL_DRIVER/hal_gpio_ch32.o
                0x000000000000459c                HAL_InitGPIO
 .text.HAL_InitGpioOut
                0x0000000000004656       0x10 ./HAL_DRIVER/hal_gpio_ch32.o
                0x0000000000004656                HAL_InitGpioOut
 .text.HAL_InitGpioAIN
                0x0000000000004666       0x10 ./HAL_DRIVER/hal_gpio_ch32.o
                0x0000000000004666                HAL_InitGpioAIN
 .text.HAL_InitGpioIn
                0x0000000000004676       0x10 ./HAL_DRIVER/hal_gpio_ch32.o
                0x0000000000004676                HAL_InitGpioIn
 .text.HAL_InitGpioAF
                0x0000000000004686       0x34 ./HAL_DRIVER/hal_gpio_ch32.o
                0x0000000000004686                HAL_InitGpioAF
 .text.HAL_GetBit
                0x00000000000046ba        0xa ./HAL_DRIVER/hal_gpio_ch32.o
                0x00000000000046ba                HAL_GetBit
 .text.HAL_SetBit
                0x00000000000046c4        0x4 ./HAL_DRIVER/hal_gpio_ch32.o
                0x00000000000046c4                HAL_SetBit
 .text.HAL_ResetBit
                0x00000000000046c8        0x4 ./HAL_DRIVER/hal_gpio_ch32.o
                0x00000000000046c8                HAL_ResetBit
 .text.HAL_InitGPO
                0x00000000000046cc       0x14 ./HAL_DRIVER/hal_gpio_ch32.o
                0x00000000000046cc                HAL_InitGPO
 .text.HAL_I2C_Init
                0x00000000000046e0       0xf4 ./HAL_DRIVER/hal_i2c_ch32.o
                0x00000000000046e0                HAL_I2C_Init
 .text.HAL_I2C_GET_STAR2
                0x00000000000047d4        0xe ./HAL_DRIVER/hal_i2c_ch32.o
                0x00000000000047d4                HAL_I2C_GET_STAR2
 .text.HAL_I2C_GET_STAR1
                0x00000000000047e2        0xe ./HAL_DRIVER/hal_i2c_ch32.o
                0x00000000000047e2                HAL_I2C_GET_STAR1
 .text.HAL_I2C_ENABLE
                0x00000000000047f0       0x14 ./HAL_DRIVER/hal_i2c_ch32.o
                0x00000000000047f0                HAL_I2C_ENABLE
 .text.InitI2CIT
                0x0000000000004804       0x6e ./HAL_DRIVER/hal_i2c_ch32.o
                0x0000000000004804                InitI2CIT
 .text.HAL_I2C_DISABLE
                0x0000000000004872       0x1a ./HAL_DRIVER/hal_i2c_ch32.o
                0x0000000000004872                HAL_I2C_DISABLE
 .text.I2C_IT_ENABLE
                0x000000000000488c       0x12 ./HAL_DRIVER/hal_i2c_ch32.o
                0x000000000000488c                I2C_IT_ENABLE
 .text.I2C_IT_DISABLE
                0x000000000000489e       0x16 ./HAL_DRIVER/hal_i2c_ch32.o
                0x000000000000489e                I2C_IT_DISABLE
 .text.HAL_I2C_STOP
                0x00000000000048b4       0x14 ./HAL_DRIVER/hal_i2c_ch32.o
                0x00000000000048b4                HAL_I2C_STOP
 .text.HAL_I2C_START
                0x00000000000048c8       0x14 ./HAL_DRIVER/hal_i2c_ch32.o
                0x00000000000048c8                HAL_I2C_START
 .text.HAL_I2C_SEND
                0x00000000000048dc        0xe ./HAL_DRIVER/hal_i2c_ch32.o
                0x00000000000048dc                HAL_I2C_SEND
 .text.HAL_I2C_SEND_ADDR_TRANS
                0x00000000000048ea       0x12 ./HAL_DRIVER/hal_i2c_ch32.o
                0x00000000000048ea                HAL_I2C_SEND_ADDR_TRANS
 .text.HAL_I2C_SEND_ADDR_RECIEVE
                0x00000000000048fc       0x16 ./HAL_DRIVER/hal_i2c_ch32.o
                0x00000000000048fc                HAL_I2C_SEND_ADDR_RECIEVE
 .text.HAL_I2C_ACK_ENABLE
                0x0000000000004912       0x14 ./HAL_DRIVER/hal_i2c_ch32.o
                0x0000000000004912                HAL_I2C_ACK_ENABLE
 .text.HAL_I2C_ACK_DISABLE
                0x0000000000004926       0x1c ./HAL_DRIVER/hal_i2c_ch32.o
                0x0000000000004926                HAL_I2C_ACK_DISABLE
 .text.HAL_I2C_ClearFlag
                0x0000000000004942       0x20 ./HAL_DRIVER/hal_i2c_ch32.o
                0x0000000000004942                HAL_I2C_ClearFlag
 .text.HAL_I2C_READ_DATA
                0x0000000000004962        0xe ./HAL_DRIVER/hal_i2c_ch32.o
                0x0000000000004962                HAL_I2C_READ_DATA
 .text.I2C1_EV_IRQHandler
                0x0000000000004970       0x52 ./HAL_DRIVER/hal_i2c_ch32.o
                0x0000000000004970                I2C1_EV_IRQHandler
 .text.I2C1_ER_IRQHandler
                0x00000000000049c2       0x52 ./HAL_DRIVER/hal_i2c_ch32.o
                0x00000000000049c2                I2C1_ER_IRQHandler
 .text.HAL_InitAPB1
                0x0000000000004a14       0x1c ./HAL_DRIVER/hal_irq.o
                0x0000000000004a14                HAL_InitAPB1
 .text.HAL_InitAPB2
                0x0000000000004a30       0x1c ./HAL_DRIVER/hal_irq.o
                0x0000000000004a30                HAL_InitAPB2
 .text.PFIC_IRQ_ENABLE_PG1
                0x0000000000004a4c       0x34 ./HAL_DRIVER/hal_irq.o
                0x0000000000004a4c                PFIC_IRQ_ENABLE_PG1
 .text.RTC_IRQHandler
                0x0000000000004a80       0x78 ./HAL_DRIVER/hal_rtc_ch32.o
                0x0000000000004a80                RTC_IRQHandler
 .text.HAL_SPI_RXOveleyClear
                0x0000000000004af8       0x1e ./HAL_DRIVER/hal_spi_ch32.o
                0x0000000000004af8                HAL_SPI_RXOveleyClear
 .text.HAL_SPI_GetBusy
                0x0000000000004b16       0x10 ./HAL_DRIVER/hal_spi_ch32.o
                0x0000000000004b16                HAL_SPI_GetBusy
 .text.HAL_WDTReset
                0x0000000000004b26        0xe ./HAL_DRIVER/hal_wdt_ch32.o
                0x0000000000004b26                HAL_WDTReset
 .text.Get_ConversionVal
                0x0000000000004b34       0x2e ./HAL/hal_adc_ch32.o
                0x0000000000004b34                Get_ConversionVal
 .text.HAL_ADC_RegularChannelConfig
                0x0000000000004b62       0x46 ./HAL/hal_adc_ch32.o
                0x0000000000004b62                HAL_ADC_RegularChannelConfig
 .text.HAL_ADC_ContiniusScanCinvertionDMA
                0x0000000000004ba8       0xce ./HAL/hal_adc_ch32.o
                0x0000000000004ba8                HAL_ADC_ContiniusScanCinvertionDMA
 .text.HAL_ADC_StartDMA
                0x0000000000004c76       0x42 ./HAL/hal_adc_ch32.o
                0x0000000000004c76                HAL_ADC_StartDMA
 .text.ADC1_2_IRQHandler
                0x0000000000004cb8       0x74 ./HAL/hal_adc_ch32.o
                0x0000000000004cb8                ADC1_2_IRQHandler
 .text.DMA_IRQ  0x0000000000004d2c       0x3a ./HAL/hal_dma_ch32.o
 .text.HAL_DMA_Enable
                0x0000000000004d66       0x18 ./HAL/hal_dma_ch32.o
                0x0000000000004d66                HAL_DMA_Enable
 .text.HAL_DMA_Disable
                0x0000000000004d7e       0x1a ./HAL/hal_dma_ch32.o
                0x0000000000004d7e                HAL_DMA_Disable
 .text.HAL_DMAInitIT
                0x0000000000004d98       0xa0 ./HAL/hal_dma_ch32.o
                0x0000000000004d98                HAL_DMAInitIT
 .text.HAL_DMA_SetCounter
                0x0000000000004e38       0x12 ./HAL/hal_dma_ch32.o
                0x0000000000004e38                HAL_DMA_SetCounter
 .text.HAL_DMA_ITENABLE
                0x0000000000004e4a       0x16 ./HAL/hal_dma_ch32.o
                0x0000000000004e4a                HAL_DMA_ITENABLE
 .text.HAL_DMA_SetCouterAndEnable
                0x0000000000004e60       0x1a ./HAL/hal_dma_ch32.o
                0x0000000000004e60                HAL_DMA_SetCouterAndEnable
 .text.DMA1_Channel1_IRQHandler
                0x0000000000004e7a       0x4e ./HAL/hal_dma_ch32.o
                0x0000000000004e7a                DMA1_Channel1_IRQHandler
 .text.DMA1_Channel3_IRQHandler
                0x0000000000004ec8       0x4e ./HAL/hal_dma_ch32.o
                0x0000000000004ec8                DMA1_Channel3_IRQHandler
 .text.DMA1_Channel4_IRQHandler
                0x0000000000004f16       0x4e ./HAL/hal_dma_ch32.o
                0x0000000000004f16                DMA1_Channel4_IRQHandler
 .text.DMA1_Channel5_IRQHandler
                0x0000000000004f64       0x4e ./HAL/hal_dma_ch32.o
                0x0000000000004f64                DMA1_Channel5_IRQHandler
 .text.DMA1_Channel7_IRQHandler
                0x0000000000004fb2       0x4e ./HAL/hal_dma_ch32.o
                0x0000000000004fb2                DMA1_Channel7_IRQHandler
 .text.TIM4_IRQHandler
                0x0000000000005000       0x70 ./HAL/hal_timers_ch32.o
                0x0000000000005000                TIM4_IRQHandler
 .text.HAL_TiemrEneblae
                0x0000000000005070       0x16 ./HAL/hal_timers_ch32.o
                0x0000000000005070                HAL_TiemrEneblae
 .text.HAL_TiemrDisable
                0x0000000000005086       0x1c ./HAL/hal_timers_ch32.o
                0x0000000000005086                HAL_TiemrDisable
 .text.HW_TIMER_BaseTimerInit
                0x00000000000050a2       0x54 ./HAL/hal_timers_ch32.o
                0x00000000000050a2                HW_TIMER_BaseTimerInit
 .text.HAL_TIMER_InitIt
                0x00000000000050f6       0x60 ./HAL/hal_timers_ch32.o
                0x00000000000050f6                HAL_TIMER_InitIt
 .text.HAL_TIMER_PWMTimersInit
                0x0000000000005156       0xc2 ./HAL/hal_timers_ch32.o
                0x0000000000005156                HAL_TIMER_PWMTimersInit
 .text.HAL_TimeInitCaptureDMA
                0x0000000000005218       0xec ./HAL/hal_timers_ch32.o
                0x0000000000005218                HAL_TimeInitCaptureDMA
 .text.HAL_TIMER_SetPWMPulse
                0x0000000000005304       0x88 ./HAL/hal_timers_ch32.o
                0x0000000000005304                HAL_TIMER_SetPWMPulse
 .text.HAL_TIMER_EnablePWMCH
                0x000000000000538c       0x1a ./HAL/hal_timers_ch32.o
                0x000000000000538c                HAL_TIMER_EnablePWMCH
 .text.prvInsertBlockIntoFreeList
                0x00000000000053a6       0x4c ./FreeRTOS/portable/MemMang/heap_4.o
 .text.pvPortMalloc
                0x00000000000053f2      0x18a ./FreeRTOS/portable/MemMang/heap_4.o
                0x00000000000053f2                pvPortMalloc
 .text.vPortSetupTimerInterrupt
                0x000000000000557c       0x3e ./FreeRTOS/portable/GCC/RISC-V/port.o
                0x000000000000557c                vPortSetupTimerInterrupt
 .text.xPortStartScheduler
                0x00000000000055ba       0x90 ./FreeRTOS/portable/GCC/RISC-V/port.o
                0x00000000000055ba                xPortStartScheduler
 .text.SysTick_Handler
                0x000000000000564a       0x7c ./FreeRTOS/portable/GCC/RISC-V/port.o
                0x000000000000564a                SysTick_Handler
 .text.vPortEnterCritical
                0x00000000000056c6       0x16 ./FreeRTOS/portable/GCC/RISC-V/port.o
                0x00000000000056c6                vPortEnterCritical
 .text.vPortExitCritical
                0x00000000000056dc       0x42 ./FreeRTOS/portable/GCC/RISC-V/port.o
                0x00000000000056dc                vPortExitCritical
 .text.xPortSetInterruptMask
                0x000000000000571e        0xc ./FreeRTOS/portable/GCC/RISC-V/port.o
                0x000000000000571e                xPortSetInterruptMask
 .text.vPortClearInterruptMask
                0x000000000000572a        0x6 ./FreeRTOS/portable/GCC/RISC-V/port.o
                0x000000000000572a                vPortClearInterruptMask
 .text.vListInitialise
                0x0000000000005730       0x14 ./FreeRTOS/list.o
                0x0000000000005730                vListInitialise
 .text.vListInitialiseItem
                0x0000000000005744        0x6 ./FreeRTOS/list.o
                0x0000000000005744                vListInitialiseItem
 .text.vListInsertEnd
                0x000000000000574a       0x18 ./FreeRTOS/list.o
                0x000000000000574a                vListInsertEnd
 .text.vListInsert
                0x0000000000005762       0x2e ./FreeRTOS/list.o
                0x0000000000005762                vListInsert
 .text.uxListRemove
                0x0000000000005790       0x20 ./FreeRTOS/list.o
                0x0000000000005790                uxListRemove
 .text.prvIsQueueEmpty
                0x00000000000057b0       0x1e ./FreeRTOS/queue.o
 .text.prvCopyDataToQueue
                0x00000000000057ce       0x72 ./FreeRTOS/queue.o
 .text.prvCopyDataFromQueue
                0x0000000000005840       0x28 ./FreeRTOS/queue.o
 .text.prvUnlockQueue
                0x0000000000005868       0x76 ./FreeRTOS/queue.o
 .text.xQueueGenericReset
                0x00000000000058de       0xc4 ./FreeRTOS/queue.o
                0x00000000000058de                xQueueGenericReset
 .text.xQueueGenericCreateStatic
                0x00000000000059a2       0xae ./FreeRTOS/queue.o
                0x00000000000059a2                xQueueGenericCreateStatic
 .text.xQueueGenericCreate
                0x0000000000005a50       0x72 ./FreeRTOS/queue.o
                0x0000000000005a50                xQueueGenericCreate
 .text.xQueueGenericSend
                0x0000000000005ac2      0x178 ./FreeRTOS/queue.o
                0x0000000000005ac2                xQueueGenericSend
 .text.xQueueGiveMutexRecursive
                0x0000000000005c3a       0x56 ./FreeRTOS/queue.o
                0x0000000000005c3a                xQueueGiveMutexRecursive
 .text.xQueueCreateMutex
                0x0000000000005c90       0x2e ./FreeRTOS/queue.o
                0x0000000000005c90                xQueueCreateMutex
 .text.xQueueReceive
                0x0000000000005cbe      0x138 ./FreeRTOS/queue.o
                0x0000000000005cbe                xQueueReceive
 .text.xQueueSemaphoreTake
                0x0000000000005df6      0x18e ./FreeRTOS/queue.o
                0x0000000000005df6                xQueueSemaphoreTake
 .text.xQueueTakeMutexRecursive
                0x0000000000005f84       0x5a ./FreeRTOS/queue.o
                0x0000000000005f84                xQueueTakeMutexRecursive
 .text.uxQueueMessagesWaiting
                0x0000000000005fde       0x44 ./FreeRTOS/queue.o
                0x0000000000005fde                uxQueueMessagesWaiting
 .text.prvIdleTask
                0x0000000000006022        0x2 ./FreeRTOS/tasks.o
 .text.prvAddNewTaskToReadyList
                0x0000000000006024      0x10e ./FreeRTOS/tasks.o
 .text.prvResetNextTaskUnblockTime
                0x0000000000006132       0x20 ./FreeRTOS/tasks.o
 .text.prvTaskIsTaskSuspended
                0x0000000000006152       0x50 ./FreeRTOS/tasks.o
 .text.prvInitialiseNewTask.isra.2
                0x00000000000061a2       0xc8 ./FreeRTOS/tasks.o
 .text.prvAddCurrentTaskToDelayedList
                0x000000000000626a       0xa4 ./FreeRTOS/tasks.o
 .text.xTaskCreateStatic
                0x000000000000630e       0xa6 ./FreeRTOS/tasks.o
                0x000000000000630e                xTaskCreateStatic
 .text.vTaskResume
                0x00000000000063b4       0xaa ./FreeRTOS/tasks.o
                0x00000000000063b4                vTaskResume
 .text.vTaskStartScheduler
                0x000000000000645e       0x5c ./FreeRTOS/tasks.o
                0x000000000000645e                vTaskStartScheduler
 .text.vTaskSuspendAll
                0x00000000000064ba       0x10 ./FreeRTOS/tasks.o
                0x00000000000064ba                vTaskSuspendAll
 .text.xTaskGetTickCount
                0x00000000000064ca        0x6 ./FreeRTOS/tasks.o
                0x00000000000064ca                xTaskGetTickCount
 .text.xTaskIncrementTick
                0x00000000000064d0      0x198 ./FreeRTOS/tasks.o
                0x00000000000064d0                xTaskIncrementTick
 .text.xTaskResumeAll
                0x0000000000006668      0x158 ./FreeRTOS/tasks.o
                0x0000000000006668                xTaskResumeAll
 .text.vTaskDelay
                0x00000000000067c0       0x66 ./FreeRTOS/tasks.o
                0x00000000000067c0                vTaskDelay
 .text.vTaskSwitchContext
                0x0000000000006826       0x96 ./FreeRTOS/tasks.o
                0x0000000000006826                vTaskSwitchContext
 .text.vTaskSuspend
                0x00000000000068bc       0xea ./FreeRTOS/tasks.o
                0x00000000000068bc                vTaskSuspend
 .text.vTaskPlaceOnEventList
                0x00000000000069a6       0x48 ./FreeRTOS/tasks.o
                0x00000000000069a6                vTaskPlaceOnEventList
 .text.xTaskRemoveFromEventList
                0x00000000000069ee       0xe8 ./FreeRTOS/tasks.o
                0x00000000000069ee                xTaskRemoveFromEventList
 .text.vTaskInternalSetTimeOutState
                0x0000000000006ad6        0xe ./FreeRTOS/tasks.o
                0x0000000000006ad6                vTaskInternalSetTimeOutState
 .text.xTaskCheckForTimeOut
                0x0000000000006ae4       0xaa ./FreeRTOS/tasks.o
                0x0000000000006ae4                xTaskCheckForTimeOut
 .text.vTaskMissedYield
                0x0000000000006b8e        0x8 ./FreeRTOS/tasks.o
                0x0000000000006b8e                vTaskMissedYield
 .text.xTaskGetCurrentTaskHandle
                0x0000000000006b96        0xa ./FreeRTOS/tasks.o
                0x0000000000006b96                xTaskGetCurrentTaskHandle
 .text.xTaskPriorityInherit
                0x0000000000006ba0       0xae ./FreeRTOS/tasks.o
                0x0000000000006ba0                xTaskPriorityInherit
 .text.xTaskPriorityDisinherit
                0x0000000000006c4e       0xca ./FreeRTOS/tasks.o
                0x0000000000006c4e                xTaskPriorityDisinherit
 .text.vTaskPriorityDisinheritAfterTimeout
                0x0000000000006d18       0xe6 ./FreeRTOS/tasks.o
                0x0000000000006d18                vTaskPriorityDisinheritAfterTimeout
 .text.pvTaskIncrementMutexHeldCount
                0x0000000000006dfe       0x1c ./FreeRTOS/tasks.o
                0x0000000000006dfe                pvTaskIncrementMutexHeldCount
 .text.ulTaskGenericNotifyTake
                0x0000000000006e1a       0xb8 ./FreeRTOS/tasks.o
                0x0000000000006e1a                ulTaskGenericNotifyTake
 .text.xTaskGenericNotifyWait
                0x0000000000006ed2       0xe6 ./FreeRTOS/tasks.o
                0x0000000000006ed2                xTaskGenericNotifyWait
 .text.xTaskGenericNotifyFromISR
                0x0000000000006fb8      0x1ec ./FreeRTOS/tasks.o
                0x0000000000006fb8                xTaskGenericNotifyFromISR
 .text.Delay_Init
                0x00000000000071a4       0x2a ./Debug/debug.o
                0x00000000000071a4                Delay_Init
 .text.Delay_Ms
                0x00000000000071ce       0x36 ./Debug/debug.o
                0x00000000000071ce                Delay_Ms
 .text.USART_Printf_Init
                0x0000000000007204       0x5a ./Debug/debug.o
                0x0000000000007204                USART_Printf_Init
 .text._write   0x000000000000725e       0x3e ./Debug/debug.o
                0x000000000000725e                _write
 .text._sbrk    0x000000000000729c       0x2a ./Debug/debug.o
                0x000000000000729c                _sbrk
 .text.__get_MEPC
                0x00000000000072c6        0x6 ./Core/core_riscv.o
                0x00000000000072c6                __get_MEPC
 .text.__get_MCAUSE
                0x00000000000072cc        0x6 ./Core/core_riscv.o
                0x00000000000072cc                __get_MCAUSE
 .text.__get_MTVAL
                0x00000000000072d2        0x6 ./Core/core_riscv.o
                0x00000000000072d2                __get_MTVAL
 .text.prv_read_can_received_msg
                0x00000000000072d8       0x50 ./CANopenNode/keypad/CO_driver_ST32F103.o
                0x00000000000072d8                prv_read_can_received_msg
 .text.prv_send_can_message.isra.0
                0x0000000000007328       0x2c ./CANopenNode/keypad/CO_driver_ST32F103.o
 .text.CAN_SendMessage
                0x0000000000007354       0x66 ./CANopenNode/keypad/CO_driver_ST32F103.o
                0x0000000000007354                CAN_SendMessage
 .text.co_drv_create_os_objects
                0x00000000000073ba       0x30 ./CANopenNode/keypad/CO_driver_ST32F103.o
                0x00000000000073ba                co_drv_create_os_objects
 .text.co_drv_mutex_lock
                0x00000000000073ea       0x18 ./CANopenNode/keypad/CO_driver_ST32F103.o
                0x00000000000073ea                co_drv_mutex_lock
 .text.co_drv_mutex_unlock
                0x0000000000007402       0x16 ./CANopenNode/keypad/CO_driver_ST32F103.o
                0x0000000000007402                co_drv_mutex_unlock
 .text.CO_CANsetConfigurationMode
                0x0000000000007418       0x10 ./CANopenNode/keypad/CO_driver_ST32F103.o
                0x0000000000007418                CO_CANsetConfigurationMode
 .text.CO_CANsetNormalMode
                0x0000000000007428       0x1c ./CANopenNode/keypad/CO_driver_ST32F103.o
                0x0000000000007428                CO_CANsetNormalMode
 .text.CO_CANmodule_init
                0x0000000000007444      0x110 ./CANopenNode/keypad/CO_driver_ST32F103.o
                0x0000000000007444                CO_CANmodule_init
 .text.CO_CANmodule_disable
                0x0000000000007554       0x14 ./CANopenNode/keypad/CO_driver_ST32F103.o
                0x0000000000007554                CO_CANmodule_disable
 .text.CO_CANrxBufferInit
                0x0000000000007568       0x52 ./CANopenNode/keypad/CO_driver_ST32F103.o
                0x0000000000007568                CO_CANrxBufferInit
 .text.CO_CANtxBufferInit
                0x00000000000075ba       0x3a ./CANopenNode/keypad/CO_driver_ST32F103.o
                0x00000000000075ba                CO_CANtxBufferInit
 .text.CO_CANmodule_process
                0x00000000000075f4       0x12 ./CANopenNode/keypad/CO_driver_ST32F103.o
                0x00000000000075f4                CO_CANmodule_process
 .text.CO_CANsend
                0x0000000000007606       0x46 ./CANopenNode/keypad/CO_driver_ST32F103.o
                0x0000000000007606                CO_CANsend
 .text.CO_LSSslave_receive
                0x000000000000764c      0x1a8 ./CANopenNode/305/CO_LSSslave.o
 .text.CO_LSSslave_init
                0x00000000000077f4       0xa4 ./CANopenNode/305/CO_LSSslave.o
                0x00000000000077f4                CO_LSSslave_init
 .text.CO_LSSslave_process
                0x0000000000007898      0x1a2 ./CANopenNode/305/CO_LSSslave.o
                0x0000000000007898                CO_LSSslave_process
 .text.OD_write_1003
                0x0000000000007a3a       0x28 ./CANopenNode/301/CO_Emergency.o
 .text.OD_read_1003
                0x0000000000007a62       0x8c ./CANopenNode/301/CO_Emergency.o
 .text.OD_read_1014_default
                0x0000000000007aee       0x50 ./CANopenNode/301/CO_Emergency.o
 .text.CO_EM_init
                0x0000000000007b3e      0x112 ./CANopenNode/301/CO_Emergency.o
                0x0000000000007b3e                CO_EM_init
 .text.CO_error
                0x0000000000007c50       0xc4 ./CANopenNode/301/CO_Emergency.o
                0x0000000000007c50                CO_error
 .text.CO_EM_process
                0x0000000000007d14      0x182 ./CANopenNode/301/CO_Emergency.o
                0x0000000000007d14                CO_EM_process
 .text.CO_NMT_receive
                0x0000000000007e96       0x18 ./CANopenNode/301/CO_NMT_Heartbeat.o
 .text.OD_write_1017
                0x0000000000007eae       0x48 ./CANopenNode/301/CO_NMT_Heartbeat.o
 .text.CO_NMT_init
                0x0000000000007ef6       0xec ./CANopenNode/301/CO_NMT_Heartbeat.o
                0x0000000000007ef6                CO_NMT_init
 .text.CO_NMT_process
                0x0000000000007fe2      0x106 ./CANopenNode/301/CO_NMT_Heartbeat.o
                0x0000000000007fe2                CO_NMT_process
 .text.OD_readDisabled
                0x00000000000080e8        0x4 ./CANopenNode/301/CO_ODinterface.o
 .text.OD_readOriginal
                0x00000000000080ec       0x50 ./CANopenNode/301/CO_ODinterface.o
                0x00000000000080ec                OD_readOriginal
 .text.OD_writeOriginal
                0x000000000000813c       0x54 ./CANopenNode/301/CO_ODinterface.o
                0x000000000000813c                OD_writeOriginal
 .text.OD_writeDisabled
                0x0000000000008190        0x4 ./CANopenNode/301/CO_ODinterface.o
 .text.OD_find  0x0000000000008194       0x70 ./CANopenNode/301/CO_ODinterface.o
                0x0000000000008194                OD_find
 .text.OD_getSub
                0x0000000000008204       0xf6 ./CANopenNode/301/CO_ODinterface.o
                0x0000000000008204                OD_getSub
 .text.OD_getSDOabCode
                0x00000000000082fa       0x20 ./CANopenNode/301/CO_ODinterface.o
                0x00000000000082fa                OD_getSDOabCode
 .text.OD_get_value
                0x000000000000831a       0x34 ./CANopenNode/301/CO_ODinterface.o
                0x000000000000831a                OD_get_value
 .text.OD_set_value
                0x000000000000834e       0x2e ./CANopenNode/301/CO_ODinterface.o
                0x000000000000834e                OD_set_value
 .text.OD_getPtr
                0x000000000000837c       0x3c ./CANopenNode/301/CO_ODinterface.o
                0x000000000000837c                OD_getPtr
 .text.OD_write_dummy
                0x00000000000083b8        0x8 ./CANopenNode/301/CO_PDO.o
 .text.OD_read_dummy
                0x00000000000083c0       0x2e ./CANopenNode/301/CO_PDO.o
 .text.PDOconfigMap
                0x00000000000083ee      0x100 ./CANopenNode/301/CO_PDO.o
 .text.CO_PDO_receive
                0x00000000000084ee       0x48 ./CANopenNode/301/CO_PDO.o
 .text.OD_read_PDO_commParam
                0x0000000000008536       0x70 ./CANopenNode/301/CO_PDO.o
 .text.PDO_initMapping.constprop.3
                0x00000000000085a6       0xe6 ./CANopenNode/301/CO_PDO.o
 .text.OD_write_PDO_mapping
                0x000000000000868c       0xb4 ./CANopenNode/301/CO_PDO.o
 .text.OD_write_18xx
                0x0000000000008740      0x184 ./CANopenNode/301/CO_PDO.o
 .text.OD_write_14xx
                0x00000000000088c4      0x15a ./CANopenNode/301/CO_PDO.o
 .text.CO_RPDO_init
                0x0000000000008a1e      0x172 ./CANopenNode/301/CO_PDO.o
                0x0000000000008a1e                CO_RPDO_init
 .text.CO_RPDO_process
                0x0000000000008b90      0x114 ./CANopenNode/301/CO_PDO.o
                0x0000000000008b90                CO_RPDO_process
 .text.CO_TPDO_init
                0x0000000000008ca4      0x1d2 ./CANopenNode/301/CO_PDO.o
                0x0000000000008ca4                CO_TPDO_init
 .text.CO_TPDO_process
                0x0000000000008e76      0x15e ./CANopenNode/301/CO_PDO.o
                0x0000000000008e76                CO_TPDO_process
 .text.CO_SDOserver_init_canRxTx
                0x0000000000008fd4       0x82 ./CANopenNode/301/CO_SDOserver.o
 .text.CO_SDO_receive
                0x0000000000009056       0x38 ./CANopenNode/301/CO_SDOserver.o
 .text.readFromOd.isra.1.constprop.5
                0x000000000000908e       0xe2 ./CANopenNode/301/CO_SDOserver.o
 .text.OD_write_1201_additional
                0x0000000000009170      0x158 ./CANopenNode/301/CO_SDOserver.o
 .text.CO_SDOserver_init
                0x00000000000092c8      0x172 ./CANopenNode/301/CO_SDOserver.o
                0x00000000000092c8                CO_SDOserver_init
 .text.CO_SDOserver_process
                0x000000000000943a      0x5e8 ./CANopenNode/301/CO_SDOserver.o
                0x000000000000943a                CO_SDOserver_process
 .text.CO_delete
                0x0000000000009a22       0x56 ./CANopenNode/CANopen.o
                0x0000000000009a22                CO_delete
 .text.CO_new   0x0000000000009a78      0x102 ./CANopenNode/CANopen.o
                0x0000000000009a78                CO_new
 .text.CO_CANinit
                0x0000000000009b7a       0x36 ./CANopenNode/CANopen.o
                0x0000000000009b7a                CO_CANinit
 .text.CO_LSSinit
                0x0000000000009bb0       0x32 ./CANopenNode/CANopen.o
                0x0000000000009bb0                CO_LSSinit
 .text.CO_CANopenInit
                0x0000000000009be2       0xb8 ./CANopenNode/CANopen.o
                0x0000000000009be2                CO_CANopenInit
 .text.CO_CANopenInitPDO
                0x0000000000009c9a       0xea ./CANopenNode/CANopen.o
                0x0000000000009c9a                CO_CANopenInitPDO
 .text.CO_process
                0x0000000000009d84       0x7e ./CANopenNode/CANopen.o
                0x0000000000009d84                CO_process
 .text.CO_process_RPDO
                0x0000000000009e02       0x40 ./CANopenNode/CANopen.o
                0x0000000000009e02                CO_process_RPDO
 .text.CO_process_TPDO
                0x0000000000009e42       0x40 ./CANopenNode/CANopen.o
                0x0000000000009e42                CO_process_TPDO
 .text.__divdf3
                0x0000000000009e82      0x5b4 c:/mounriver/mounriver_studio/toolchain/risc-v embedded gcc/bin/../lib/gcc/riscv-none-embed/8.2.0/rv32imacxw/ilp32\libgcc.a(divdf3.o)
                0x0000000000009e82                __divdf3
 .text.__muldf3
                0x000000000000a436      0x4b8 c:/mounriver/mounriver_studio/toolchain/risc-v embedded gcc/bin/../lib/gcc/riscv-none-embed/8.2.0/rv32imacxw/ilp32\libgcc.a(muldf3.o)
                0x000000000000a436                __muldf3
 .text.__fixunsdfsi
                0x000000000000a8ee       0x5c c:/mounriver/mounriver_studio/toolchain/risc-v embedded gcc/bin/../lib/gcc/riscv-none-embed/8.2.0/rv32imacxw/ilp32\libgcc.a(fixunsdfsi.o)
                0x000000000000a8ee                __fixunsdfsi
 .text.__floatunsidf
                0x000000000000a94a       0x68 c:/mounriver/mounriver_studio/toolchain/risc-v embedded gcc/bin/../lib/gcc/riscv-none-embed/8.2.0/rv32imacxw/ilp32\libgcc.a(floatunsidf.o)
                0x000000000000a94a                __floatunsidf
 .text.__addsf3
                0x000000000000a9b2      0x36a c:/mounriver/mounriver_studio/toolchain/risc-v embedded gcc/bin/../lib/gcc/riscv-none-embed/8.2.0/rv32imacxw/ilp32\libgcc.a(addsf3.o)
                0x000000000000a9b2                __addsf3
 .text.__divsf3
                0x000000000000ad1c      0x2b2 c:/mounriver/mounriver_studio/toolchain/risc-v embedded gcc/bin/../lib/gcc/riscv-none-embed/8.2.0/rv32imacxw/ilp32\libgcc.a(divsf3.o)
                0x000000000000ad1c                __divsf3
 .text.__gesf2  0x000000000000afce       0x86 c:/mounriver/mounriver_studio/toolchain/risc-v embedded gcc/bin/../lib/gcc/riscv-none-embed/8.2.0/rv32imacxw/ilp32\libgcc.a(gesf2.o)
                0x000000000000afce                __gesf2
                0x000000000000afce                __gtsf2
 .text.__lesf2  0x000000000000b054       0x8c c:/mounriver/mounriver_studio/toolchain/risc-v embedded gcc/bin/../lib/gcc/riscv-none-embed/8.2.0/rv32imacxw/ilp32\libgcc.a(lesf2.o)
                0x000000000000b054                __ltsf2
                0x000000000000b054                __lesf2
 .text.__mulsf3
                0x000000000000b0e0      0x294 c:/mounriver/mounriver_studio/toolchain/risc-v embedded gcc/bin/../lib/gcc/riscv-none-embed/8.2.0/rv32imacxw/ilp32\libgcc.a(mulsf3.o)
                0x000000000000b0e0                __mulsf3
 .text.__subsf3
                0x000000000000b374      0x388 c:/mounriver/mounriver_studio/toolchain/risc-v embedded gcc/bin/../lib/gcc/riscv-none-embed/8.2.0/rv32imacxw/ilp32\libgcc.a(subsf3.o)
                0x000000000000b374                __subsf3
 .text.__fixsfsi
                0x000000000000b6fc       0x62 c:/mounriver/mounriver_studio/toolchain/risc-v embedded gcc/bin/../lib/gcc/riscv-none-embed/8.2.0/rv32imacxw/ilp32\libgcc.a(fixsfsi.o)
                0x000000000000b6fc                __fixsfsi
 .text.__fixunssfsi
                0x000000000000b75e       0x56 c:/mounriver/mounriver_studio/toolchain/risc-v embedded gcc/bin/../lib/gcc/riscv-none-embed/8.2.0/rv32imacxw/ilp32\libgcc.a(fixunssfsi.o)
                0x000000000000b75e                __fixunssfsi
 .text.__floatsisf
                0x000000000000b7b4       0xc6 c:/mounriver/mounriver_studio/toolchain/risc-v embedded gcc/bin/../lib/gcc/riscv-none-embed/8.2.0/rv32imacxw/ilp32\libgcc.a(floatsisf.o)
                0x000000000000b7b4                __floatsisf
 .text.__floatunsisf
                0x000000000000b87a       0xce c:/mounriver/mounriver_studio/toolchain/risc-v embedded gcc/bin/../lib/gcc/riscv-none-embed/8.2.0/rv32imacxw/ilp32\libgcc.a(floatunsisf.o)
                0x000000000000b87a                __floatunsisf
 .text.__extendsfdf2
                0x000000000000b948       0xac c:/mounriver/mounriver_studio/toolchain/risc-v embedded gcc/bin/../lib/gcc/riscv-none-embed/8.2.0/rv32imacxw/ilp32\libgcc.a(extendsfdf2.o)
                0x000000000000b948                __extendsfdf2
 .text.__truncdfsf2
                0x000000000000b9f4      0x16a c:/mounriver/mounriver_studio/toolchain/risc-v embedded gcc/bin/../lib/gcc/riscv-none-embed/8.2.0/rv32imacxw/ilp32\libgcc.a(truncdfsf2.o)
                0x000000000000b9f4                __truncdfsf2
 .text.__clzsi2
                0x000000000000bb5e       0x6e c:/mounriver/mounriver_studio/toolchain/risc-v embedded gcc/bin/../lib/gcc/riscv-none-embed/8.2.0/rv32imacxw/ilp32\libgcc.a(_clzsi2.o)
                0x000000000000bb5e                __clzsi2
 .text.calloc   0x000000000000bbcc        0xc c:/mounriver/mounriver_studio/toolchain/risc-v embedded gcc/bin/../lib/gcc/riscv-none-embed/8.2.0/../../../../riscv-none-embed/lib/rv32imacxw/ilp32\libg_nano.a(lib_a-calloc.o)
                0x000000000000bbcc                calloc
 .text.free     0x000000000000bbd8        0xa c:/mounriver/mounriver_studio/toolchain/risc-v embedded gcc/bin/../lib/gcc/riscv-none-embed/8.2.0/../../../../riscv-none-embed/lib/rv32imacxw/ilp32\libg_nano.a(lib_a-malloc.o)
                0x000000000000bbd8                free
 .text.memcpy   0x000000000000bbe2       0xb2 c:/mounriver/mounriver_studio/toolchain/risc-v embedded gcc/bin/../lib/gcc/riscv-none-embed/8.2.0/../../../../riscv-none-embed/lib/rv32imacxw/ilp32\libg_nano.a(lib_a-memcpy.o)
                0x000000000000bbe2                memcpy
 .text.memmove  0x000000000000bc94       0x46 c:/mounriver/mounriver_studio/toolchain/risc-v embedded gcc/bin/../lib/gcc/riscv-none-embed/8.2.0/../../../../riscv-none-embed/lib/rv32imacxw/ilp32\libg_nano.a(lib_a-memmove.o)
                0x000000000000bc94                memmove
 .text._calloc_r
                0x000000000000bcda       0x26 c:/mounriver/mounriver_studio/toolchain/risc-v embedded gcc/bin/../lib/gcc/riscv-none-embed/8.2.0/../../../../riscv-none-embed/lib/rv32imacxw/ilp32\libg_nano.a(lib_a-nano-callocr.o)
                0x000000000000bcda                _calloc_r
 .text._free_r  0x000000000000bd00       0xa8 c:/mounriver/mounriver_studio/toolchain/risc-v embedded gcc/bin/../lib/gcc/riscv-none-embed/8.2.0/../../../../riscv-none-embed/lib/rv32imacxw/ilp32\libg_nano.a(lib_a-nano-freer.o)
                0x000000000000bd00                _free_r
 .text._malloc_r
                0x000000000000bda8       0xd4 c:/mounriver/mounriver_studio/toolchain/risc-v embedded gcc/bin/../lib/gcc/riscv-none-embed/8.2.0/../../../../riscv-none-embed/lib/rv32imacxw/ilp32\libg_nano.a(lib_a-nano-mallocr.o)
                0x000000000000bda8                _malloc_r
 .text.printf   0x000000000000be7c       0x40 c:/mounriver/mounriver_studio/toolchain/risc-v embedded gcc/bin/../lib/gcc/riscv-none-embed/8.2.0/../../../../riscv-none-embed/lib/rv32imacxw/ilp32\libg_nano.a(lib_a-printf.o)
                0x000000000000be7c                iprintf
                0x000000000000be7c                printf
 .text._puts_r  0x000000000000bebc       0xd4 c:/mounriver/mounriver_studio/toolchain/risc-v embedded gcc/bin/../lib/gcc/riscv-none-embed/8.2.0/../../../../riscv-none-embed/lib/rv32imacxw/ilp32\libg_nano.a(lib_a-puts.o)
                0x000000000000bebc                _puts_r
 .text.puts     0x000000000000bf90        0xc c:/mounriver/mounriver_studio/toolchain/risc-v embedded gcc/bin/../lib/gcc/riscv-none-embed/8.2.0/../../../../riscv-none-embed/lib/rv32imacxw/ilp32\libg_nano.a(lib_a-puts.o)
                0x000000000000bf90                puts
 .text._sbrk_r  0x000000000000bf9c       0x32 c:/mounriver/mounriver_studio/toolchain/risc-v embedded gcc/bin/../lib/gcc/riscv-none-embed/8.2.0/../../../../riscv-none-embed/lib/rv32imacxw/ilp32\libg_nano.a(lib_a-sbrkr.o)
                0x000000000000bf9c                _sbrk_r
 .text.strlen   0x000000000000bfce       0x12 c:/mounriver/mounriver_studio/toolchain/risc-v embedded gcc/bin/../lib/gcc/riscv-none-embed/8.2.0/../../../../riscv-none-embed/lib/rv32imacxw/ilp32\libg_nano.a(lib_a-strlen.o)
                0x000000000000bfce                strlen
 .text.__swbuf_r
                0x000000000000bfe0       0xbc c:/mounriver/mounriver_studio/toolchain/risc-v embedded gcc/bin/../lib/gcc/riscv-none-embed/8.2.0/../../../../riscv-none-embed/lib/rv32imacxw/ilp32\libg_nano.a(lib_a-wbuf.o)
                0x000000000000bfe0                __swbuf_r
 .text.__swsetup_r
                0x000000000000c09c       0xfe c:/mounriver/mounriver_studio/toolchain/risc-v embedded gcc/bin/../lib/gcc/riscv-none-embed/8.2.0/../../../../riscv-none-embed/lib/rv32imacxw/ilp32\libg_nano.a(lib_a-wsetup.o)
                0x000000000000c09c                __swsetup_r
 .text.__sflush_r
                0x000000000000c19a      0x132 c:/mounriver/mounriver_studio/toolchain/risc-v embedded gcc/bin/../lib/gcc/riscv-none-embed/8.2.0/../../../../riscv-none-embed/lib/rv32imacxw/ilp32\libg_nano.a(lib_a-fflush.o)
                0x000000000000c19a                __sflush_r
 .text._fflush_r
                0x000000000000c2cc       0x66 c:/mounriver/mounriver_studio/toolchain/risc-v embedded gcc/bin/../lib/gcc/riscv-none-embed/8.2.0/../../../../riscv-none-embed/lib/rv32imacxw/ilp32\libg_nano.a(lib_a-fflush.o)
                0x000000000000c2cc                _fflush_r
 .text.std      0x000000000000c332       0x66 c:/mounriver/mounriver_studio/toolchain/risc-v embedded gcc/bin/../lib/gcc/riscv-none-embed/8.2.0/../../../../riscv-none-embed/lib/rv32imacxw/ilp32\libg_nano.a(lib_a-findfp.o)
 .text._cleanup_r
                0x000000000000c398        0xa c:/mounriver/mounriver_studio/toolchain/risc-v embedded gcc/bin/../lib/gcc/riscv-none-embed/8.2.0/../../../../riscv-none-embed/lib/rv32imacxw/ilp32\libg_nano.a(lib_a-findfp.o)
                0x000000000000c398                _cleanup_r
 .text.__sfmoreglue
                0x000000000000c3a2       0x48 c:/mounriver/mounriver_studio/toolchain/risc-v embedded gcc/bin/../lib/gcc/riscv-none-embed/8.2.0/../../../../riscv-none-embed/lib/rv32imacxw/ilp32\libg_nano.a(lib_a-findfp.o)
                0x000000000000c3a2                __sfmoreglue
 .text.__sinit  0x000000000000c3ea       0x6c c:/mounriver/mounriver_studio/toolchain/risc-v embedded gcc/bin/../lib/gcc/riscv-none-embed/8.2.0/../../../../riscv-none-embed/lib/rv32imacxw/ilp32\libg_nano.a(lib_a-findfp.o)
                0x000000000000c3ea                __sinit
 .text.__sfp    0x000000000000c456       0xa0 c:/mounriver/mounriver_studio/toolchain/risc-v embedded gcc/bin/../lib/gcc/riscv-none-embed/8.2.0/../../../../riscv-none-embed/lib/rv32imacxw/ilp32\libg_nano.a(lib_a-findfp.o)
                0x000000000000c456                __sfp
 .text._fwalk_reent
                0x000000000000c4f6       0x6a c:/mounriver/mounriver_studio/toolchain/risc-v embedded gcc/bin/../lib/gcc/riscv-none-embed/8.2.0/../../../../riscv-none-embed/lib/rv32imacxw/ilp32\libg_nano.a(lib_a-fwalk.o)
                0x000000000000c4f6                _fwalk_reent
 .text.__swhatbuf_r
                0x000000000000c560       0x58 c:/mounriver/mounriver_studio/toolchain/risc-v embedded gcc/bin/../lib/gcc/riscv-none-embed/8.2.0/../../../../riscv-none-embed/lib/rv32imacxw/ilp32\libg_nano.a(lib_a-makebuf.o)
                0x000000000000c560                __swhatbuf_r
 .text.__smakebuf_r
                0x000000000000c5b8       0x94 c:/mounriver/mounriver_studio/toolchain/risc-v embedded gcc/bin/../lib/gcc/riscv-none-embed/8.2.0/../../../../riscv-none-embed/lib/rv32imacxw/ilp32\libg_nano.a(lib_a-makebuf.o)
                0x000000000000c5b8                __smakebuf_r
 .text.__malloc_lock
                0x000000000000c64c        0x2 c:/mounriver/mounriver_studio/toolchain/risc-v embedded gcc/bin/../lib/gcc/riscv-none-embed/8.2.0/../../../../riscv-none-embed/lib/rv32imacxw/ilp32\libg_nano.a(lib_a-mlock.o)
                0x000000000000c64c                __malloc_lock
 .text.__malloc_unlock
                0x000000000000c64e        0x2 c:/mounriver/mounriver_studio/toolchain/risc-v embedded gcc/bin/../lib/gcc/riscv-none-embed/8.2.0/../../../../riscv-none-embed/lib/rv32imacxw/ilp32\libg_nano.a(lib_a-mlock.o)
                0x000000000000c64e                __malloc_unlock
 .text.__sfputc_r
                0x000000000000c650       0x28 c:/mounriver/mounriver_studio/toolchain/risc-v embedded gcc/bin/../lib/gcc/riscv-none-embed/8.2.0/../../../../riscv-none-embed/lib/rv32imacxw/ilp32\libg_nano.a(lib_a-nano-vfprintf.o)
 .text.__sfputs_r
                0x000000000000c678       0x42 c:/mounriver/mounriver_studio/toolchain/risc-v embedded gcc/bin/../lib/gcc/riscv-none-embed/8.2.0/../../../../riscv-none-embed/lib/rv32imacxw/ilp32\libg_nano.a(lib_a-nano-vfprintf.o)
                0x000000000000c678                __sfputs_r
 .text._vfprintf_r
                0x000000000000c6ba      0x288 c:/mounriver/mounriver_studio/toolchain/risc-v embedded gcc/bin/../lib/gcc/riscv-none-embed/8.2.0/../../../../riscv-none-embed/lib/rv32imacxw/ilp32\libg_nano.a(lib_a-nano-vfprintf.o)
                0x000000000000c6ba                _vfprintf_r
                0x000000000000c6ba                _vfiprintf_r
 .text._printf_common
                0x000000000000c942      0x10c c:/mounriver/mounriver_studio/toolchain/risc-v embedded gcc/bin/../lib/gcc/riscv-none-embed/8.2.0/../../../../riscv-none-embed/lib/rv32imacxw/ilp32\libg_nano.a(lib_a-nano-vfprintf_i.o)
                0x000000000000c942                _printf_common
 .text._printf_i
                0x000000000000ca4e      0x2a2 c:/mounriver/mounriver_studio/toolchain/risc-v embedded gcc/bin/../lib/gcc/riscv-none-embed/8.2.0/../../../../riscv-none-embed/lib/rv32imacxw/ilp32\libg_nano.a(lib_a-nano-vfprintf_i.o)
                0x000000000000ca4e                _printf_i
 .text.__sread  0x000000000000ccf0       0x2c c:/mounriver/mounriver_studio/toolchain/risc-v embedded gcc/bin/../lib/gcc/riscv-none-embed/8.2.0/../../../../riscv-none-embed/lib/rv32imacxw/ilp32\libg_nano.a(lib_a-stdio.o)
                0x000000000000ccf0                __sread
 .text.__swrite
                0x000000000000cd1c       0x48 c:/mounriver/mounriver_studio/toolchain/risc-v embedded gcc/bin/../lib/gcc/riscv-none-embed/8.2.0/../../../../riscv-none-embed/lib/rv32imacxw/ilp32\libg_nano.a(lib_a-stdio.o)
                0x000000000000cd1c                __swrite
 .text.__sseek  0x000000000000cd64       0x30 c:/mounriver/mounriver_studio/toolchain/risc-v embedded gcc/bin/../lib/gcc/riscv-none-embed/8.2.0/../../../../riscv-none-embed/lib/rv32imacxw/ilp32\libg_nano.a(lib_a-stdio.o)
                0x000000000000cd64                __sseek
 .text.__sclose
                0x000000000000cd94        0x6 c:/mounriver/mounriver_studio/toolchain/risc-v embedded gcc/bin/../lib/gcc/riscv-none-embed/8.2.0/../../../../riscv-none-embed/lib/rv32imacxw/ilp32\libg_nano.a(lib_a-stdio.o)
                0x000000000000cd94                __sclose
 .text._write_r
                0x000000000000cd9a       0x36 c:/mounriver/mounriver_studio/toolchain/risc-v embedded gcc/bin/../lib/gcc/riscv-none-embed/8.2.0/../../../../riscv-none-embed/lib/rv32imacxw/ilp32\libg_nano.a(lib_a-writer.o)
                0x000000000000cd9a                _write_r
 .text._close_r
                0x000000000000cdd0       0x30 c:/mounriver/mounriver_studio/toolchain/risc-v embedded gcc/bin/../lib/gcc/riscv-none-embed/8.2.0/../../../../riscv-none-embed/lib/rv32imacxw/ilp32\libg_nano.a(lib_a-closer.o)
                0x000000000000cdd0                _close_r
 .text._fstat_r
                0x000000000000ce00       0x32 c:/mounriver/mounriver_studio/toolchain/risc-v embedded gcc/bin/../lib/gcc/riscv-none-embed/8.2.0/../../../../riscv-none-embed/lib/rv32imacxw/ilp32\libg_nano.a(lib_a-fstatr.o)
                0x000000000000ce00                _fstat_r
 .text._isatty_r
                0x000000000000ce32       0x30 c:/mounriver/mounriver_studio/toolchain/risc-v embedded gcc/bin/../lib/gcc/riscv-none-embed/8.2.0/../../../../riscv-none-embed/lib/rv32imacxw/ilp32\libg_nano.a(lib_a-isattyr.o)
                0x000000000000ce32                _isatty_r
 .text._lseek_r
                0x000000000000ce62       0x34 c:/mounriver/mounriver_studio/toolchain/risc-v embedded gcc/bin/../lib/gcc/riscv-none-embed/8.2.0/../../../../riscv-none-embed/lib/rv32imacxw/ilp32\libg_nano.a(lib_a-lseekr.o)
                0x000000000000ce62                _lseek_r
 .text.memchr   0x000000000000ce96       0x18 c:/mounriver/mounriver_studio/toolchain/risc-v embedded gcc/bin/../lib/gcc/riscv-none-embed/8.2.0/../../../../riscv-none-embed/lib/rv32imacxw/ilp32\libg_nano.a(lib_a-memchr.o)
                0x000000000000ce96                memchr
 .text._read_r  0x000000000000ceae       0x34 c:/mounriver/mounriver_studio/toolchain/risc-v embedded gcc/bin/../lib/gcc/riscv-none-embed/8.2.0/../../../../riscv-none-embed/lib/rv32imacxw/ilp32\libg_nano.a(lib_a-readr.o)
                0x000000000000ceae                _read_r
 .text._close   0x000000000000cee2       0x10 c:/mounriver/mounriver_studio/toolchain/risc-v embedded gcc/bin/../lib/gcc/riscv-none-embed/8.2.0/../../../../riscv-none-embed/lib/rv32imacxw/ilp32\libnosys.a(close.o)
                0x000000000000cee2                _close
 .text._fstat   0x000000000000cef2       0x10 c:/mounriver/mounriver_studio/toolchain/risc-v embedded gcc/bin/../lib/gcc/riscv-none-embed/8.2.0/../../../../riscv-none-embed/lib/rv32imacxw/ilp32\libnosys.a(fstat.o)
                0x000000000000cef2                _fstat
 .text._isatty  0x000000000000cf02       0x10 c:/mounriver/mounriver_studio/toolchain/risc-v embedded gcc/bin/../lib/gcc/riscv-none-embed/8.2.0/../../../../riscv-none-embed/lib/rv32imacxw/ilp32\libnosys.a(isatty.o)
                0x000000000000cf02                _isatty
 .text._lseek   0x000000000000cf12       0x10 c:/mounriver/mounriver_studio/toolchain/risc-v embedded gcc/bin/../lib/gcc/riscv-none-embed/8.2.0/../../../../riscv-none-embed/lib/rv32imacxw/ilp32\libnosys.a(lseek.o)
                0x000000000000cf12                _lseek
 .text._read    0x000000000000cf22       0x10 c:/mounriver/mounriver_studio/toolchain/risc-v embedded gcc/bin/../lib/gcc/riscv-none-embed/8.2.0/../../../../riscv-none-embed/lib/rv32imacxw/ilp32\libnosys.a(read.o)
                0x000000000000cf22                _read
 *(.rodata)
 *(.rodata*)
 *fill*         0x000000000000cf32        0x2 
 .rodata.CalPoint
                0x000000000000cf34       0x48 ./User/DataModel.o
 .rodata.CalPoint1
                0x000000000000cf7c       0x18 ./User/DataModel.o
 .rodata.bitrate_table
                0x000000000000cf94       0x10 ./User/DataModel.o
 .rodata.seg_const.7411
                0x000000000000cfa4       0x12 ./User/DataModel.o
 *fill*         0x000000000000cfb6        0x2 
 .rodata.vIncrementSystemCounters.cst4
                0x000000000000cfb8        0x8 ./User/DataModel.o
 .rodata.HardFault_Handler.str1.4
                0x000000000000cfc0       0x42 ./User/ch32v20x_it.o
 *fill*         0x000000000000d002        0x2 
 .rodata.getODValue
                0x000000000000d004       0x78 ./User/dash_draw.o
 .rodata.CheckLedState.cst4
                0x000000000000d07c        0x4 ./User/dash_draw.o
 .rodata.MenuStateCross
                0x000000000000d080       0x1c ./User/dash_draw.o
 .rodata.dm     0x000000000000d09c       0x3f ./User/dash_draw.o
 *fill*         0x000000000000d0db        0x1 
 .rodata.getODValue.cst4
                0x000000000000d0dc        0x4 ./User/dash_draw.o
                                          0x8 (size before relaxing)
 .rodata.vBarColorMode.cst4
                0x000000000000d0e0        0x4 ./User/dash_draw.o
 .rodata.ADC_FSM.cst4
                0x000000000000d0e4       0x14 ./User/inputs.o
 *fill*         0x000000000000d0f8        0x0 
 .rodata.ADC_FSM.cst8
                0x000000000000d0f8       0x18 ./User/inputs.o
 .rodata.vInputsTask.cst4
                0x000000000000d110        0x8 ./User/inputs.o
 .rodata.SetSegDirect
                0x000000000000d118       0x1c ./User/led.o
 .rodata.Brigth
                0x000000000000d134       0x1e ./User/led.o
 *fill*         0x000000000000d152        0x2 
 .rodata.DigitMask
                0x000000000000d154        0xa ./User/led.o
                0x000000000000d154                DigitMask
 *fill*         0x000000000000d15e        0x2 
 .rodata.offset_mask
                0x000000000000d160        0xe ./User/led.o
 *fill*         0x000000000000d16e        0x2 
 .rodata.step_mask
                0x000000000000d170        0xe ./User/led.o
 *fill*         0x000000000000d17e        0x2 
 .rodata.OD_ADC1_CAL_extension
                0x000000000000d180       0x10 ./User/process.o
                0x000000000000d180                OD_ADC1_CAL_extension
 .rodata.OD_ADC2_CAL_extension
                0x000000000000d190       0x10 ./User/process.o
                0x000000000000d190                OD_ADC2_CAL_extension
 .rodata.OD_ADC3_CAL_extension
                0x000000000000d1a0       0x10 ./User/process.o
                0x000000000000d1a0                OD_ADC3_CAL_extension
 .rodata.OD_AIN_RPM_extension
                0x000000000000d1b0       0x10 ./User/process.o
                0x000000000000d1b0                OD_AIN_RPM_extension
 .rodata.OD_BAR_extension
                0x000000000000d1c0       0x10 ./User/process.o
                0x000000000000d1c0                OD_BAR_extension
 .rodata.OD_BOARD_SETTINGS_extension
                0x000000000000d1d0       0x10 ./User/process.o
                0x000000000000d1d0                OD_BOARD_SETTINGS_extension
 .rodata.OD_DASH_PARAM_extension
                0x000000000000d1e0       0x10 ./User/process.o
                0x000000000000d1e0                OD_DASH_PARAM_extension
 .rodata.OD_DIN_extension
                0x000000000000d1f0       0x10 ./User/process.o
                0x000000000000d1f0                OD_DIN_extension
 .rodata.OD_KEY_extension
                0x000000000000d200       0x10 ./User/process.o
                0x000000000000d200                OD_KEY_extension
 .rodata.OD_MENU_MAP_extension
                0x000000000000d210       0x10 ./User/process.o
                0x000000000000d210                OD_MENU_MAP_extension
 .rodata.OD_MENU_SETUP_extension
                0x000000000000d220       0x10 ./User/process.o
                0x000000000000d220                OD_MENU_SETUP_extension
 .rodata.OD_RGB10_extension
                0x000000000000d230       0x10 ./User/process.o
                0x000000000000d230                OD_RGB10_extension
 .rodata.OD_RGB11_extension
                0x000000000000d240       0x10 ./User/process.o
                0x000000000000d240                OD_RGB11_extension
 .rodata.OD_RGB12_extension
                0x000000000000d250       0x10 ./User/process.o
                0x000000000000d250                OD_RGB12_extension
 .rodata.OD_RGB13_extension
                0x000000000000d260       0x10 ./User/process.o
                0x000000000000d260                OD_RGB13_extension
 .rodata.OD_RGB14_extension
                0x000000000000d270       0x10 ./User/process.o
                0x000000000000d270                OD_RGB14_extension
 .rodata.OD_RGB1_extension
                0x000000000000d280       0x10 ./User/process.o
                0x000000000000d280                OD_RGB1_extension
 .rodata.OD_RGB2_extension
                0x000000000000d290       0x10 ./User/process.o
                0x000000000000d290                OD_RGB2_extension
 .rodata.OD_RGB3_extension
                0x000000000000d2a0       0x10 ./User/process.o
                0x000000000000d2a0                OD_RGB3_extension
 .rodata.OD_RGB4_extension
                0x000000000000d2b0       0x10 ./User/process.o
                0x000000000000d2b0                OD_RGB4_extension
 .rodata.OD_RGB5_extension
                0x000000000000d2c0       0x10 ./User/process.o
                0x000000000000d2c0                OD_RGB5_extension
 .rodata.OD_RGB6_extension
                0x000000000000d2d0       0x10 ./User/process.o
                0x000000000000d2d0                OD_RGB6_extension
 .rodata.OD_RGB7_extension
                0x000000000000d2e0       0x10 ./User/process.o
                0x000000000000d2e0                OD_RGB7_extension
 .rodata.OD_RGB8_extension