Archive member included to satisfy reference by file (symbol)

c:/mounriver/mounriver_studio2/resources/app/resources/win32/components/wch/toolchain/risc-v embedded gcc/bin/../lib/gcc/riscv-none-embed/8.2.0/../../../../riscv-none-embed/lib/rv32imacxw/ilp32\libprintfloat.a(printfloat.o)
                              ./User/CanOpenNode.o (printf)
c:/mounriver/mounriver_studio2/resources/app/resources/win32/components/wch/toolchain/risc-v embedded gcc/bin/../lib/gcc/riscv-none-embed/8.2.0/rv32imacxw/ilp32\libgcc.a(_udivdi3.o)
                              c:/mounriver/mounriver_studio2/resources/app/resources/win32/components/wch/toolchain/risc-v embedded gcc/bin/../lib/gcc/riscv-none-embed/8.2.0/../../../../riscv-none-embed/lib/rv32imacxw/ilp32\libprintfloat.a(printfloat.o) (__udivdi3)
c:/mounriver/mounriver_studio2/resources/app/resources/win32/components/wch/toolchain/risc-v embedded gcc/bin/../lib/gcc/riscv-none-embed/8.2.0/rv32imacxw/ilp32\libgcc.a(_umoddi3.o)
                              c:/mounriver/mounriver_studio2/resources/app/resources/win32/components/wch/toolchain/risc-v embedded gcc/bin/../lib/gcc/riscv-none-embed/8.2.0/../../../../riscv-none-embed/lib/rv32imacxw/ilp32\libprintfloat.a(printfloat.o) (__umoddi3)
c:/mounriver/mounriver_studio2/resources/app/resources/win32/components/wch/toolchain/risc-v embedded gcc/bin/../lib/gcc/riscv-none-embed/8.2.0/rv32imacxw/ilp32\libgcc.a(divdf3.o)
                              ./HAL_LIB/hw_lib_din.o (__divdf3)
c:/mounriver/mounriver_studio2/resources/app/resources/win32/components/wch/toolchain/risc-v embedded gcc/bin/../lib/gcc/riscv-none-embed/8.2.0/rv32imacxw/ilp32\libgcc.a(ledf2.o)
                              c:/mounriver/mounriver_studio2/resources/app/resources/win32/components/wch/toolchain/risc-v embedded gcc/bin/../lib/gcc/riscv-none-embed/8.2.0/../../../../riscv-none-embed/lib/rv32imacxw/ilp32\libprintfloat.a(printfloat.o) (__ltdf2)
c:/mounriver/mounriver_studio2/resources/app/resources/win32/components/wch/toolchain/risc-v embedded gcc/bin/../lib/gcc/riscv-none-embed/8.2.0/rv32imacxw/ilp32\libgcc.a(muldf3.o)
                              ./User/inputs.o (__muldf3)
c:/mounriver/mounriver_studio2/resources/app/resources/win32/components/wch/toolchain/risc-v embedded gcc/bin/../lib/gcc/riscv-none-embed/8.2.0/rv32imacxw/ilp32\libgcc.a(subdf3.o)
                              c:/mounriver/mounriver_studio2/resources/app/resources/win32/components/wch/toolchain/risc-v embedded gcc/bin/../lib/gcc/riscv-none-embed/8.2.0/../../../../riscv-none-embed/lib/rv32imacxw/ilp32\libprintfloat.a(printfloat.o) (__subdf3)
c:/mounriver/mounriver_studio2/resources/app/resources/win32/components/wch/toolchain/risc-v embedded gcc/bin/../lib/gcc/riscv-none-embed/8.2.0/rv32imacxw/ilp32\libgcc.a(fixunsdfsi.o)
                              ./HAL_LIB/hw_lib_din.o (__fixunsdfsi)
c:/mounriver/mounriver_studio2/resources/app/resources/win32/components/wch/toolchain/risc-v embedded gcc/bin/../lib/gcc/riscv-none-embed/8.2.0/rv32imacxw/ilp32\libgcc.a(floatunsidf.o)
                              ./User/inputs.o (__floatunsidf)
c:/mounriver/mounriver_studio2/resources/app/resources/win32/components/wch/toolchain/risc-v embedded gcc/bin/../lib/gcc/riscv-none-embed/8.2.0/rv32imacxw/ilp32\libgcc.a(fixdfdi.o)
                              c:/mounriver/mounriver_studio2/resources/app/resources/win32/components/wch/toolchain/risc-v embedded gcc/bin/../lib/gcc/riscv-none-embed/8.2.0/../../../../riscv-none-embed/lib/rv32imacxw/ilp32\libprintfloat.a(printfloat.o) (__fixdfdi)
c:/mounriver/mounriver_studio2/resources/app/resources/win32/components/wch/toolchain/risc-v embedded gcc/bin/../lib/gcc/riscv-none-embed/8.2.0/rv32imacxw/ilp32\libgcc.a(floatdidf.o)
                              c:/mounriver/mounriver_studio2/resources/app/resources/win32/components/wch/toolchain/risc-v embedded gcc/bin/../lib/gcc/riscv-none-embed/8.2.0/../../../../riscv-none-embed/lib/rv32imacxw/ilp32\libprintfloat.a(printfloat.o) (__floatdidf)
c:/mounriver/mounriver_studio2/resources/app/resources/win32/components/wch/toolchain/risc-v embedded gcc/bin/../lib/gcc/riscv-none-embed/8.2.0/rv32imacxw/ilp32\libgcc.a(addsf3.o)
                              ./User/inputs.o (__addsf3)
c:/mounriver/mounriver_studio2/resources/app/resources/win32/components/wch/toolchain/risc-v embedded gcc/bin/../lib/gcc/riscv-none-embed/8.2.0/rv32imacxw/ilp32\libgcc.a(divsf3.o)
                              ./User/DataModel.o (__divsf3)
c:/mounriver/mounriver_studio2/resources/app/resources/win32/components/wch/toolchain/risc-v embedded gcc/bin/../lib/gcc/riscv-none-embed/8.2.0/rv32imacxw/ilp32\libgcc.a(eqsf2.o)
                              ./HAL_LIB/hw_lib_din.o (__nesf2)
c:/mounriver/mounriver_studio2/resources/app/resources/win32/components/wch/toolchain/risc-v embedded gcc/bin/../lib/gcc/riscv-none-embed/8.2.0/rv32imacxw/ilp32\libgcc.a(gesf2.o)
                              ./User/inputs.o (__gesf2)
[...]
Memory Configuration

Name             Origin             Length             Attributes
FLASH            0x0000000000001000 0x000000000000f000 xr
SFLASH           0x0000000000010000 0x000000000000f000 xr
RAM              0x0000000020000000 0x0000000000005000 xrw
*default*        0x0000000000000000 0xffffffffffffffff

Linker script and memory map

LOAD ./User/CanOpenNode.o
LOAD ./User/DataModel.o
LOAD ./User/ch32v20x_it.o
LOAD ./User/dash_draw.o
LOAD ./User/init.o
LOAD ./User/inputs.o
LOAD ./User/led.o
LOAD ./User/main.o
LOAD ./User/process.o
LOAD ./User/system_ch32v20x.o
LOAD ./User/system_init.o
LOAD ./Startup/startup_ch32v20x_D6.o
LOAD ./Peripheral/src/ch32v20x_adc.o
LOAD ./Peripheral/src/ch32v20x_bkp.o
LOAD ./Peripheral/src/ch32v20x_can.o
LOAD ./Peripheral/src/ch32v20x_crc.o
LOAD ./Peripheral/src/ch32v20x_dbgmcu.o
LOAD ./Peripheral/src/ch32v20x_dma.o
LOAD ./Peripheral/src/ch32v20x_exti.o
LOAD ./Peripheral/src/ch32v20x_flash.o
LOAD ./Peripheral/src/ch32v20x_gpio.o
LOAD ./Peripheral/src/ch32v20x_i2c.o
LOAD ./Peripheral/src/ch32v20x_iwdg.o
LOAD ./Peripheral/src/ch32v20x_misc.o
LOAD ./Peripheral/src/ch32v20x_opa.o
LOAD ./Peripheral/src/ch32v20x_pwr.o
LOAD ./Peripheral/src/ch32v20x_rcc.o
LOAD ./Peripheral/src/ch32v20x_rtc.o
LOAD ./Peripheral/src/ch32v20x_spi.o
LOAD ./Peripheral/src/ch32v20x_tim.o
LOAD ./Peripheral/src/ch32v20x_usart.o
LOAD ./Peripheral/src/ch32v20x_wwdg.o
LOAD ./HAL_LIB/filters.o
LOAD ./HAL_LIB/hw_data_model.o
LOAD ./HAL_LIB/hw_lib_adc.o
LOAD ./HAL_LIB/hw_lib_din.o
LOAD ./HAL_LIB/hw_lib_eeprom_i2c.o
LOAD ./HAL_LIB/hw_timeout.o
LOAD ./HAL_DRIVER/hal_can_ch32.o
LOAD ./HAL_DRIVER/hal_flash_ch32.o
LOAD ./HAL_DRIVER/hal_gpio_ch32.o
LOAD ./HAL_DRIVER/hal_irq.o
LOAD ./HAL_DRIVER/hal_rtc_ch32.o
LOAD ./HAL_DRIVER/hal_spi_ch32.o
LOAD ./HAL_DRIVER/hal_wdt_ch32.o
LOAD ./FreeRTOS/portable/MemMang/heap_4.o
LOAD ./FreeRTOS/portable/GCC/RISC-V/port.o
LOAD ./FreeRTOS/portable/GCC/RISC-V/portASM.o
LOAD ./FreeRTOS/croutine.o
LOAD ./FreeRTOS/event_groups.o
LOAD ./FreeRTOS/list.o
LOAD ./FreeRTOS/queue.o
LOAD ./FreeRTOS/stream_buffer.o
LOAD ./FreeRTOS/tasks.o
LOAD ./FreeRTOS/timers.o
LOAD ./Debug/debug.o
LOAD ./DRIVER/hal_adc_ch32.o
LOAD ./DRIVER/hal_dma_ch32.o
LOAD ./DRIVER/hal_i2c_ch32.o
LOAD ./DRIVER/hal_timers_ch32.o
LOAD ./Core/core_riscv.o
LOAD ./CANopenNode/keypad/CO_driver_ST32F103.o
LOAD ./CANopenNode/keypad/OD.o
LOAD ./CANopenNode/extra/CO_trace.o
LOAD ./CANopenNode/309/CO_gateway_ascii.o
LOAD ./CANopenNode/305/CO_LSSmaster.o
LOAD ./CANopenNode/305/CO_LSSslave.o
LOAD ./CANopenNode/304/CO_GFC.o
LOAD ./CANopenNode/304/CO_SRDO.o
LOAD ./CANopenNode/303/CO_LEDs.o
LOAD ./CANopenNode/301/CO_Emergency.o
LOAD ./CANopenNode/301/CO_HBconsumer.o
LOAD ./CANopenNode/301/CO_NMT_Heartbeat.o
LOAD ./CANopenNode/301/CO_Node_Guarding.o
LOAD ./CANopenNode/301/CO_ODinterface.o
LOAD ./CANopenNode/301/CO_PDO.o
LOAD ./CANopenNode/301/CO_SDOclient.o
LOAD ./CANopenNode/301/CO_SDOserver.o
LOAD ./CANopenNode/301/CO_SYNC.o
LOAD ./CANopenNode/301/CO_TIME.o
LOAD ./CANopenNode/301/CO_fifo.o
LOAD ./CANopenNode/301/crc16-ccitt.o
LOAD ./CANopenNode/CANopen.o
LOAD c:/mounriver/mounriver_studio2/resources/app/resources/win32/components/wch/toolchain/risc-v embedded gcc/bin/../lib/gcc/riscv-none-embed/8.2.0/../../../../riscv-none-embed/lib/rv32imacxw/ilp32\libm.a
LOAD c:/mounriver/mounriver_studio2/resources/app/resources/win32/components/wch/toolchain/risc-v embedded gcc/bin/../lib/gcc/riscv-none-embed/8.2.0/../../../../riscv-none-embed/lib/rv32imacxw/ilp32\libprintfloat.a
LOAD c:/mounriver/mounriver_studio2/resources/app/resources/win32/components/wch/toolchain/risc-v embedded gcc/bin/../lib/gcc/riscv-none-embed/8.2.0/rv32imacxw/ilp32\libgcc.a
LOAD c:/mounriver/mounriver_studio2/resources/app/resources/win32/components/wch/toolchain/risc-v embedded gcc/bin/../lib/gcc/riscv-none-embed/8.2.0/../../../../riscv-none-embed/lib/rv32imacxw/ilp32\libg_nano.a
LOAD c:/mounriver/mounriver_studio2/resources/app/resources/win32/components/wch/toolchain/risc-v embedded gcc/bin/../lib/gcc/riscv-none-embed/8.2.0/../../../../riscv-none-embed/lib/rv32imacxw/ilp32\libc_nano.a
LOAD c:/mounriver/mounriver_studio2/resources/app/resources/win32/components/wch/toolchain/risc-v embedded gcc/bin/../lib/gcc/riscv-none-embed/8.2.0/rv32imacxw/ilp32\libgcc.a
START GROUP
LOAD c:/mounriver/mounriver_studio2/resources/app/resources/win32/components/wch/toolchain/risc-v embedded gcc/bin/../lib/gcc/riscv-none-embed/8.2.0/rv32imacxw/ilp32\libgcc.a
LOAD c:/mounriver/mounriver_studio2/resources/app/resources/win32/components/wch/toolchain/risc-v embedded gcc/bin/../lib/gcc/riscv-none-embed/8.2.0/../../../../riscv-none-embed/lib/rv32imacxw/ilp32\libc_nano.a
LOAD c:/mounriver/mounriver_studio2/resources/app/resources/win32/components/wch/toolchain/risc-v embedded gcc/bin/../lib/gcc/riscv-none-embed/8.2.0/../../../../riscv-none-embed/lib/rv32imacxw/ilp32\libnosys.a
END GROUP
START GROUP
LOAD c:/mounriver/mounriver_studio2/resources/app/resources/win32/components/wch/toolchain/risc-v embedded gcc/bin/../lib/gcc/riscv-none-embed/8.2.0/rv32imacxw/ilp32\libgcc.a
LOAD c:/mounriver/mounriver_studio2/resources/app/resources/win32/components/wch/toolchain/risc-v embedded gcc/bin/../lib/gcc/riscv-none-embed/8.2.0/../../../../riscv-none-embed/lib/rv32imacxw/ilp32\libc_nano.a
LOAD c:/mounriver/mounriver_studio2/resources/app/resources/win32/components/wch/toolchain/risc-v embedded gcc/bin/../lib/gcc/riscv-none-embed/8.2.0/../../../../riscv-none-embed/lib/rv32imacxw/ilp32\libnosys.a
END GROUP
                0x0000000000000800                __stack_size = 0x800
                [!provide]                        PROVIDE (_stack_size = __stack_size)

.init           0x0000000000001000       0x38
                0x0000000000001000                _sinit = .
                0x0000000000001000                . = ALIGN (0x4)
 *(SORT_NONE(.init))
 .init          0x0000000000001000       0x38 ./Startup/startup_ch32v20x_D6.o
                0x0000000000001000                _start
                0x0000000000001038                . = ALIGN (0x4)
                0x0000000000001038                _einit = .

.vector         0x0000000000001038      0x108
 *(.vector)
 .vector        0x0000000000001038       0xfc ./Startup/startup_ch32v20x_D6.o
                0x0000000000001140                . = ALIGN (0x40)
 *fill*         0x0000000000001134        0xc 

.stext          0x0000000000010000     0x2fb8
                0x0000000000010000                . = ALIGN (0x4)
 *(.stext)
 .stext         0x0000000000010000        0xa ./User/CanOpenNode.o
                0x0000000000010000                vCanOpenInit
 .stext         0x000000000001000a      0x7fc ./User/DataModel.o
                0x000000000001000a                DataModel_Init
 .stext         0x0000000000010806      0x342 ./User/dash_draw.o
                0x000000000001081c                TestProcedure
                0x0000000000010986                xProcessTaskHandle
                0x0000000000010990                vDashDrawInit
                0x0000000000010a2c                SetTest
 .stext         0x0000000000010b48      0x160 ./User/init.o
                0x0000000000010b48                vInit_DeviceConfig
 .stext         0x0000000000010ca8      0x19e ./User/inputs.o
                0x0000000000010d86                ADC1_Init
 .stext         0x0000000000010e46       0x4e ./User/led.o
                0x0000000000010e46                vLedDriverStart
 .stext         0x0000000000010e94      0x53a ./User/process.o
                0x0000000000010e94                vProceesInit
 .stext         0x00000000000113ce      0x14e ./User/system_init.o
                0x00000000000113ce                vSYStaskInit
                0x00000000000114f2                vSYSqueueInit
 .stext         0x000000000001151c       0x36 ./HAL_LIB/hw_lib_adc.o
                0x000000000001151c                vAINInit
 .stext         0x0000000000011552       0x3e ./HAL_LIB/hw_lib_din.o
                0x0000000000011552                eDinConfigWtihStruct
 .stext         0x0000000000011590       0x5c ./HAL_LIB/hw_lib_eeprom_i2c.o
                0x0000000000011590                vInitEEPROM_I2C
 .stext         0x00000000000115ec      0x4c4 ./HAL_DRIVER/hal_can_ch32.o
                0x00000000000115ec                HAL_CANInt
                0x00000000000116c4                HAL_CANIntIT
                0x0000000000011826                HAL_CANToInitMode
                0x0000000000011872                HAL_CANToOperatingMode
                0x00000000000118b0                HAL_CANSetFiters
                0x0000000000011990                HAL_CANResetFiltesr
                0x00000000000119c0                HAL_CANSetFitersEX
 .stext         0x0000000000011ab0      0xfb2 ./HAL_DRIVER/hal_gpio_ch32.o
                0x0000000000011ab0                HAL_InitGPIO
                0x0000000000011f2a                HAL_InitGpioOut
                0x00000000000120c2                HAL_InitGpioAIN
                0x000000000001220a                HAL_InitGpioInPUP
                0x000000000001240e                HAL_InitGpioIn
                0x00000000000125a6                HAL_InitGpioAF
                0x0000000000012a4e                HAL_InitGPO
 .stext         0x0000000000012a62       0x7c ./HAL_DRIVER/hal_irq.o
                0x0000000000012a62                HAL_InitAPB1
                0x0000000000012a7e                HAL_InitAPB2
                0x0000000000012a9a                PFIC_IRQ_ENABLE_PG1
 .stext         0x0000000000012ade       0x64 ./HAL_DRIVER/hal_spi_ch32.o
                0x0000000000012ade                HAL_SPI_InitDMA
 .stext         0x0000000000012b42       0x86 ./HAL_DRIVER/hal_wdt_ch32.o
                0x0000000000012b42                HAL_WDT_Init
                0x0000000000012b76                HAL_WDTInit
                0x0000000000012ba0                HAL_WDT_Init1s
 .stext         0x0000000000012bc8       0x74 ./DRIVER/hal_i2c_ch32.o
                0x0000000000012bc8                InitI2CIT
 .stext         0x0000000000012c3c      0x242 ./DRIVER/hal_timers_ch32.o
                0x0000000000012c3c                HAL_TIMER_InitIt
                0x0000000000012d2c                HAL_TIMER_PWMTimersInit
 *fill*         0x0000000000012e7e        0x2 
 .stext         0x0000000000012e80      0x138 ./CANopenNode/keypad/OD.o
                0x0000000000012e80                OD_ROM

.text           0x0000000000001200     0xe934
                0x0000000000001200                . = ALIGN (0x4)
 *(.text)
 .text          0x0000000000001200      0x2ee ./FreeRTOS/portable/GCC/RISC-V/portASM.o
                0x0000000000001200                SW_Handler
                0x0000000000001300                xPortStartFirstTask
                0x0000000000001400                pxPortInitialiseStack
 .text          0x00000000000014ee       0x60 c:/mounriver/mounriver_studio2/resources/app/resources/win32/components/wch/toolchain/risc-v embedded gcc/bin/../lib/gcc/riscv-none-embed/8.2.0/rv32imacxw/ilp32\libgcc.a(save-restore.o)
                0x00000000000014ee                __riscv_save_12
                0x00000000000014f6                __riscv_save_9
                0x00000000000014f6                __riscv_save_11
                0x00000000000014f6                __riscv_save_10
                0x00000000000014f6                __riscv_save_8
                0x0000000000001504                __riscv_save_4
                0x0000000000001504                __riscv_save_6
                0x0000000000001504                __riscv_save_5
                0x0000000000001504                __riscv_save_7
                0x000000000000151e                __riscv_save_3
                0x000000000000151e                __riscv_save_2
                0x000000000000151e                __riscv_save_1
                0x000000000000151e                __riscv_save_0
                0x000000000000152a                __riscv_restore_12
                0x000000000000152e                __riscv_restore_11
                0x000000000000152e                __riscv_restore_9
                0x000000000000152e                __riscv_restore_10
                0x000000000000152e                __riscv_restore_8
                0x0000000000001538                __riscv_restore_5
                0x0000000000001538                __riscv_restore_7
                0x0000000000001538                __riscv_restore_6
                0x0000000000001538                __riscv_restore_4
                0x0000000000001542                __riscv_restore_3
                0x0000000000001542                __riscv_restore_0
                0x0000000000001542                __riscv_restore_2
                0x0000000000001542                __riscv_restore_1
 .text          0x000000000000154e       0xa8 c:/mounriver/mounriver_studio2/resources/app/resources/win32/components/wch/toolchain/risc-v embedded gcc/bin/../lib/gcc/riscv-none-embed/8.2.0/../../../../riscv-none-embed/lib/rv32imacxw/ilp32\libg_nano.a(lib_a-memset.o)
                0x000000000000154e                memset
 *(.text.*)
 .text.xCanOpenProcessTaskHandle
                0x00000000000015f6        0xa ./User/CanOpenNode.o
                0x00000000000015f6                xCanOpenProcessTaskHandle
 .text.xCanOpenPeriodicTaskHandle
                0x0000000000001600        0xa ./User/CanOpenNode.o
                0x0000000000001600                xCanOpenPeriodicTaskHandle
 .text.vCanOpenProcess
                0x000000000000160a      0x18e ./User/CanOpenNode.o
                0x000000000000160a                vCanOpenProcess
 .text.vCanOpenPeriodicProcess
                0x0000000000001798       0x82 ./User/CanOpenNode.o
                0x0000000000001798                vCanOpenPeriodicProcess
 .text.xDataRegQueue
                0x000000000000181a        0xa ./User/DataModel.o
                0x000000000000181a                xDataRegQueue
 .text.DataModelGetSecCounter
                0x0000000000001824        0xa ./User/DataModel.o
                0x0000000000001824                DataModelGetSecCounter
 .text.WriteRegAfterDelay
                0x000000000000182e       0x68 ./User/DataModel.o
                0x000000000000182e                WriteRegAfterDelay
 .text.WriteReg
                0x0000000000001896       0x50 ./User/DataModel.o
                0x0000000000001896                WriteReg
 .text.vGetBitrate
                0x00000000000018e6        0xe ./User/DataModel.o
                0x00000000000018e6                vGetBitrate
 .text.vFDGetNMTState
                0x00000000000018f4        0x6 ./User/DataModel.o
                0x00000000000018f4                vFDGetNMTState
 .text.vGetNodeId
                0x00000000000018fa        0xe ./User/DataModel.o
                0x00000000000018fa                vGetNodeId
 .text.vSetBitrate
                0x0000000000001908       0x20 ./User/DataModel.o
                0x0000000000001908                vSetBitrate
 .text.vSetNodeID
                0x0000000000001928        0xe ./User/DataModel.o
                0x0000000000001928                vSetNodeID
 .text.vDataModelRegDelayWrite
                0x0000000000001936       0x60 ./User/DataModel.o
                0x0000000000001936                vDataModelRegDelayWrite
 .text.vIncrementSystemCounters
                0x0000000000001996       0x9c ./User/DataModel.o
                0x0000000000001996                vIncrementSystemCounters
 .text.vSaveData
                0x0000000000001a32       0x16 ./User/DataModel.o
                0x0000000000001a32                vSaveData
 .text.getOdometr
                0x0000000000001a48       0x14 ./User/DataModel.o
                0x0000000000001a48                getOdometr
 .text.getOdometr1
                0x0000000000001a5c       0x14 ./User/DataModel.o
                0x0000000000001a5c                getOdometr1
 .text.ResrtOdometr1
                0x0000000000001a70        0xe ./User/DataModel.o
                0x0000000000001a70                ResrtOdometr1
 .text.NMI_Handler
                0x0000000000001a7e        0x2 ./User/ch32v20x_it.o
                0x0000000000001a7e                NMI_Handler
 .text.HardFault_Handler
                0x0000000000001a80        0x2 ./User/ch32v20x_it.o
                0x0000000000001a80                HardFault_Handler
 .text.SegPrint
                0x0000000000001a82       0x58 ./User/dash_draw.o
 .text.vCheckKeySatate
                0x0000000000001ada       0x80 ./User/dash_draw.o
 .text.vSetErrorReg
                0x0000000000001b5a        0xa ./User/dash_draw.o
                0x0000000000001b5a                vSetErrorReg
 .text.getODValue
                0x0000000000001b64      0x1c6 ./User/dash_draw.o
                0x0000000000001b64                getODValue
 .text.IncMenuIndex
                0x0000000000001d2a       0x80 ./User/dash_draw.o
                0x0000000000001d2a                IncMenuIndex
 .text.GoToHome
                0x0000000000001daa       0x12 ./User/dash_draw.o
                0x0000000000001daa                GoToHome
 .text.SetCurMenuHome
                0x0000000000001dbc       0x36 ./User/dash_draw.o
                0x0000000000001dbc                SetCurMenuHome
 .text.GetCurMenuHome
                0x0000000000001df2        0x6 ./User/dash_draw.o
                0x0000000000001df2                GetCurMenuHome
 .text.SetCurrentMenu
                0x0000000000001df8       0x12 ./User/dash_draw.o
                0x0000000000001df8                SetCurrentMenu
 .text.SetDefault
                0x0000000000001e0a       0x2a ./User/dash_draw.o
                0x0000000000001e0a                SetDefault
 .text.MenuBackHomeCheck
                0x0000000000001e34       0x38 ./User/dash_draw.o
                0x0000000000001e34                MenuBackHomeCheck
 .text.vMenuBlink
                0x0000000000001e6c       0x4a ./User/dash_draw.o
                0x0000000000001e6c                vMenuBlink
 .text.SetErrorRegiter
                0x0000000000001eb6       0x5e ./User/dash_draw.o
                0x0000000000001eb6                SetErrorRegiter
 .text.uGetCurrMenu
                0x0000000000001f14       0x26 ./User/dash_draw.o
                0x0000000000001f14                uGetCurrMenu
 .text.vGetEdgeData
                0x0000000000001f3a       0x2a ./User/dash_draw.o
                0x0000000000001f3a                vGetEdgeData
 .text.CheckLedState
                0x0000000000001f64       0xd4 ./User/dash_draw.o
 .text.vRGBMode
                0x0000000000002038       0xaa ./User/dash_draw.o
                0x0000000000002038                vRGBMode
 .text.vBarColorMode
                0x00000000000020e2       0xc8 ./User/dash_draw.o
                0x00000000000020e2                vBarColorMode
 .text.vBarMode
                0x00000000000021aa       0x36 ./User/dash_draw.o
                0x00000000000021aa                vBarMode
 .text.vRedrawTask
                0x00000000000021e0      0x4de ./User/dash_draw.o
                0x00000000000021e0                vRedrawTask
 .text.HardwareDeinit
                0x00000000000026be       0x2a ./User/init.o
                0x00000000000026be                HardwareDeinit
 .text.SoftwareReset
                0x00000000000026e8       0x14 ./User/init.o
                0x00000000000026e8                SoftwareReset
 .text.ADC1_Event
                0x00000000000026fc       0x44 ./User/inputs.o
                0x00000000000026fc                ADC1_Event
 .text.CaptureDMACallBack
                0x0000000000002740       0x22 ./User/inputs.o
                0x0000000000002740                CaptureDMACallBack
 .text.CaptureDMACallBack_1
                0x0000000000002762       0x22 ./User/inputs.o
                0x0000000000002762                CaptureDMACallBack_1
 .text.fDinStateCallback
                0x0000000000002784       0x42 ./User/inputs.o
                0x0000000000002784                fDinStateCallback
 .text.getInputsTaskHandle
                0x00000000000027c6        0xa ./User/inputs.o
                0x00000000000027c6                getInputsTaskHandle
 .text.ADC_FSM  0x00000000000027d0      0x1de ./User/inputs.o
                0x00000000000027d0                ADC_FSM
 .text.GetAIN   0x00000000000029ae        0xc ./User/inputs.o
                0x00000000000029ae                GetAIN
 .text.InputsGetTest
                0x00000000000029ba       0x6e ./User/inputs.o
                0x00000000000029ba                InputsGetTest
 .text.vInputsTask
                0x0000000000002a28      0x10a ./User/inputs.o
                0x0000000000002a28                vInputsTask
 .text.SPI1_DMA_Callback
                0x0000000000002b32       0x2e ./User/led.o
                0x0000000000002b32                SPI1_DMA_Callback
 .text.SPI2_DMA_Callback
                0x0000000000002b60       0x2e ./User/led.o
                0x0000000000002b60                SPI2_DMA_Callback
 .text.SetBarState
                0x0000000000002b8e       0x50 ./User/led.o
                0x0000000000002b8e                SetBarState
 .text.SetRGB   0x0000000000002bde       0x50 ./User/led.o
                0x0000000000002bde                SetRGB
 .text.SetSegDirect
                0x0000000000002c2e       0xa8 ./User/led.o
                0x0000000000002c2e                SetSegDirect
 .text.SetSegPoint
                0x0000000000002cd6       0x22 ./User/led.o
                0x0000000000002cd6                SetSegPoint
 .text.SetSEG   0x0000000000002cf8      0x11a ./User/led.o
                0x0000000000002cf8                SetSEG
 .text.SetBigSeg
                0x0000000000002e12       0x14 ./User/led.o
                0x0000000000002e12                SetBigSeg
 .text.vSetBrigth
                0x0000000000002e26       0x28 ./User/led.o
                0x0000000000002e26                vSetBrigth
 .text.vLedProcess
                0x0000000000002e4e       0x1e ./User/led.o
                0x0000000000002e4e                vLedProcess
 .text.vRGBProcess
                0x0000000000002e6c       0xe2 ./User/led.o
                0x0000000000002e6c                vRGBProcess
 .text.startup.main
                0x0000000000002f4e       0x1e ./User/main.o
                0x0000000000002f4e                main
 .text.vRestartNode
                0x0000000000002f6c        0x2 ./User/main.o
                0x0000000000002f6c                vRestartNode
 .text.Error_Handler
                0x0000000000002f6e       0x18 ./User/main.o
                0x0000000000002f6e                Error_Handler
 .text.OD_writeRGBMAP
                0x0000000000002f86       0x30 ./User/process.o
 .text.OD_writeKEY
                0x0000000000002fb6       0x34 ./User/process.o
 .text.OD_writeHister
                0x0000000000002fea       0x26 ./User/process.o
 .text.OD_readRGBMAP
                0x0000000000003010       0x22 ./User/process.o
 .text.OD_readHister
                0x0000000000003032       0x22 ./User/process.o
 .text.OD_readDIN
                0x0000000000003054       0x1c ./User/process.o
 .text.OD_writeMenuSetup
                0x0000000000003070       0x46 ./User/process.o
 .text.OD_writeBoardSettings
                0x00000000000030b6       0xd8 ./User/process.o
 .text.CO_getUint16
                0x000000000000318e       0x10 ./User/process.o
 .text.OD_writeSEG
                0x000000000000319e       0x44 ./User/process.o
 .text.OD_writeBAR
                0x00000000000031e2       0x2e ./User/process.o
 .text.OD_writeRPMConfig
                0x0000000000003210       0x36 ./User/process.o
 .text.CO_getUint32
                0x0000000000003246       0x18 ./User/process.o
 .text.OD_writeMenuMap
                0x000000000000325e       0x2e ./User/process.o
 .text.OD_writeV1_14
                0x000000000000328c       0x56 ./User/process.o
 .text.OD_writeDashParam
                0x00000000000032e2       0x7c ./User/process.o
 .text.WriteRGB.isra.2
                0x000000000000335e       0x3a ./User/process.o
 .text.OD_writeRGB1
                0x0000000000003398       0x14 ./User/process.o
 .text.OD_writeRGB2
                0x00000000000033ac       0x16 ./User/process.o
 .text.OD_writeRGB3
                0x00000000000033c2       0x16 ./User/process.o
 .text.OD_writeRGB4
                0x00000000000033d8       0x16 ./User/process.o
 .text.OD_writeRGB5
                0x00000000000033ee       0x16 ./User/process.o
 .text.OD_writeRGB6
                0x0000000000003404       0x16 ./User/process.o
 .text.OD_writeRGB7
                0x000000000000341a       0x16 ./User/process.o
 .text.OD_writeRGB8
                0x0000000000003430       0x16 ./User/process.o
 .text.OD_writeRGB9
                0x0000000000003446       0x16 ./User/process.o
 .text.OD_writeRGB10
                0x000000000000345c       0x16 ./User/process.o
 .text.OD_writeRGB11
                0x0000000000003472       0x16 ./User/process.o
 .text.OD_writeRGB12
                0x0000000000003488       0x16 ./User/process.o
 .text.OD_writeRGB13
                0x000000000000349e       0x16 ./User/process.o
 .text.OD_writeRGB14
                0x00000000000034b4       0x16 ./User/process.o
 .text.OD_writeICHC
                0x00000000000034ca       0x50 ./User/process.o
 .text.OD_readKEY
                0x000000000000351a       0x2c ./User/process.o
 .text.OD_readMenuSetup
                0x0000000000003546       0x3a ./User/process.o
 .text.OD_readBoardSettings
                0x0000000000003580       0x6a ./User/process.o
 .text.writeADC.isra.12
                0x00000000000035ea       0xb6 ./User/process.o
 .text.OD_writeADC1
                0x00000000000036a0       0x10 ./User/process.o
 .text.OD_writeADC2
                0x00000000000036b0       0x10 ./User/process.o
 .text.OD_writeADC3
                0x00000000000036c0       0x10 ./User/process.o
 .text.OD_readRGB.isra.8
                0x00000000000036d0       0x22 ./User/process.o
 .text.OD_readRGB1
                0x00000000000036f2       0x14 ./User/process.o
 .text.OD_readRGB2
                0x0000000000003706       0x16 ./User/process.o
 .text.OD_readRGB3
                0x000000000000371c       0x16 ./User/process.o
 .text.OD_readRGB4
                0x0000000000003732       0x16 ./User/process.o
 .text.OD_readRGB5
                0x0000000000003748       0x16 ./User/process.o
 .text.OD_readRGB6
                0x000000000000375e       0x16 ./User/process.o
 .text.OD_readRGB7
                0x0000000000003774       0x16 ./User/process.o
 .text.OD_readRGB8
                0x000000000000378a       0x16 ./User/process.o
 .text.OD_readRGB9
                0x00000000000037a0       0x16 ./User/process.o
 .text.OD_readRGB10
                0x00000000000037b6       0x16 ./User/process.o
 .text.OD_readRGB11
                0x00000000000037cc       0x16 ./User/process.o
 .text.OD_readRGB12
                0x00000000000037e2       0x16 ./User/process.o
 .text.OD_readRGB13
                0x00000000000037f8       0x16 ./User/process.o
 .text.OD_readRGB14
                0x000000000000380e       0x16 ./User/process.o
 .text.OD_readSEG
                0x0000000000003824       0x40 ./User/process.o
 .text.OD_readDashParam
                0x0000000000003864       0x64 ./User/process.o
 .text.OD_readICHC
                0x00000000000038c8       0x4e ./User/process.o
 .text.OD_readRPMConfig
                0x0000000000003916       0x2a ./User/process.o
 .text.OD_readAIN_RPM
                0x0000000000003940       0x26 ./User/process.o
 .text.OD_readMenuMap
                0x0000000000003966       0x2c ./User/process.o
 .text.OD_readBar
                0x0000000000003992       0x28 ./User/process.o
 .text.readADC.isra.4
                0x00000000000039ba       0x5a ./User/process.o
 .text.OD_readADC1
                0x0000000000003a14       0x10 ./User/process.o
 .text.OD_readADC2
                0x0000000000003a24       0x10 ./User/process.o
 .text.OD_readADC3
                0x0000000000003a34       0x10 ./User/process.o
 .text.SystemInit
                0x0000000000003a44       0xea ./User/system_ch32v20x.o
                0x0000000000003a44                SystemInit
 .text.SystemCoreClockUpdate
                0x0000000000003b2e       0x8e ./User/system_ch32v20x.o
                0x0000000000003b2e                SystemCoreClockUpdate
 .text.StartDefaultTask
                0x0000000000003bbc      0x11a ./User/system_init.o
 .text.vApplicationGetIdleTaskMemory
                0x0000000000003cd6       0x1c ./User/system_init.o
                0x0000000000003cd6                vApplicationGetIdleTaskMemory
 .text.vSystemStop
                0x0000000000003cf2       0x26 ./User/system_init.o
                0x0000000000003cf2                vSystemStop
 .text.vector_handler
                0x0000000000003d18       0x6c ./Startup/startup_ch32v20x_D6.o
                0x0000000000003d1c                Ecall_M_Mode_Handler
                0x0000000000003d1e                Ecall_U_Mode_Handler
                0x0000000000003d20                Break_Point_Handler
                0x0000000000003d26                WWDG_IRQHandler
                0x0000000000003d28                PVD_IRQHandler
                0x0000000000003d2a                TAMPER_IRQHandler
                0x0000000000003d2e                FLASH_IRQHandler
                0x0000000000003d30                RCC_IRQHandler
                0x0000000000003d32                EXTI0_IRQHandler
                0x0000000000003d34                EXTI1_IRQHandler
                0x0000000000003d36                EXTI2_IRQHandler
                0x0000000000003d38                EXTI3_IRQHandler
                0x0000000000003d3a                EXTI4_IRQHandler
                0x0000000000003d3e                DMA1_Channel2_IRQHandler
                0x0000000000003d46                DMA1_Channel6_IRQHandler
                0x0000000000003d54                EXTI9_5_IRQHandler
                0x0000000000003d56                TIM1_BRK_IRQHandler
                0x0000000000003d58                TIM1_UP_IRQHandler
                0x0000000000003d5a                TIM1_TRG_COM_IRQHandler
                0x0000000000003d5c                TIM1_CC_IRQHandler
                0x0000000000003d5e                TIM2_IRQHandler
                0x0000000000003d60                TIM3_IRQHandler
                0x0000000000003d68                I2C2_EV_IRQHandler
                0x0000000000003d6a                I2C2_ER_IRQHandler
                0x0000000000003d6c                SPI1_IRQHandler
                0x0000000000003d6e                SPI2_IRQHandler
                0x0000000000003d70                USART1_IRQHandler
                0x0000000000003d72                USART2_IRQHandler
                0x0000000000003d74                USART3_IRQHandler
                0x0000000000003d76                EXTI15_10_IRQHandler
                0x0000000000003d78                RTCAlarm_IRQHandler
                0x0000000000003d7a                USBWakeUp_IRQHandler
                0x0000000000003d7c                USBHD_IRQHandler
                0x0000000000003d7e                USBHDWakeUp_IRQHandler
                0x0000000000003d80                UART4_IRQHandler
                0x0000000000003d82                DMA1_Channel8_IRQHandler
 .text.handle_reset
                0x0000000000003d84       0x92 ./Startup/startup_ch32v20x_D6.o
                0x0000000000003d84                handle_reset
 .text.ADC_Cmd  0x0000000000003e16       0x10 ./Peripheral/src/ch32v20x_adc.o
                0x0000000000003e16                ADC_Cmd
 .text.ADC_GetResetCalibrationStatus
                0x0000000000003e26        0x8 ./Peripheral/src/ch32v20x_adc.o
                0x0000000000003e26                ADC_GetResetCalibrationStatus
 .text.ADC_GetCalibrationStatus
                0x0000000000003e2e        0x8 ./Peripheral/src/ch32v20x_adc.o
                0x0000000000003e2e                ADC_GetCalibrationStatus
 .text.ADC_GetITStatus
                0x0000000000003e36       0x1c ./Peripheral/src/ch32v20x_adc.o
                0x0000000000003e36                ADC_GetITStatus
 .text.ADC_ClearITPendingBit
                0x0000000000003e52        0xa ./Peripheral/src/ch32v20x_adc.o
                0x0000000000003e52                ADC_ClearITPendingBit
 .text.Get_CalibrationValue
                0x0000000000003e5c      0x1fe ./Peripheral/src/ch32v20x_adc.o
                0x0000000000003e5c                Get_CalibrationValue
 .text.DMA_GetFlagStatus
                0x000000000000405a        0xe ./Peripheral/src/ch32v20x_dma.o
                0x000000000000405a                DMA_GetFlagStatus
 .text.DMA_GetITStatus
                0x0000000000004068        0xc ./Peripheral/src/ch32v20x_dma.o
                0x0000000000004068                DMA_GetITStatus
 .text.DMA_ClearITPendingBit
                0x0000000000004074        0x8 ./Peripheral/src/ch32v20x_dma.o
                0x0000000000004074                DMA_ClearITPendingBit
 .text.FLASH_GetBank1Status
                0x000000000000407c       0x18 ./Peripheral/src/ch32v20x_flash.o
                0x000000000000407c                FLASH_GetBank1Status
 .text.FLASH_WaitForLastOperation
                0x0000000000004094       0x24 ./Peripheral/src/ch32v20x_flash.o
                0x0000000000004094                FLASH_WaitForLastOperation
 .text.GPIO_Init
                0x00000000000040b8       0xfa ./Peripheral/src/ch32v20x_gpio.o
                0x00000000000040b8                GPIO_Init
 .text.GPIO_PinRemapConfig
                0x00000000000041b2       0xf2 ./Peripheral/src/ch32v20x_gpio.o
                0x00000000000041b2                GPIO_PinRemapConfig
 .text.I2C_DualAddressCmd
                0x00000000000042a4       0x18 ./Peripheral/src/ch32v20x_i2c.o
                0x00000000000042a4                I2C_DualAddressCmd
 .text.I2C_ClearFlag
                0x00000000000042bc        0xc ./Peripheral/src/ch32v20x_i2c.o
                0x00000000000042bc                I2C_ClearFlag
 .text.RCC_LSEConfig
                0x00000000000042c8       0x28 ./Peripheral/src/ch32v20x_rcc.o
                0x00000000000042c8                RCC_LSEConfig
 .text.RCC_GetClocksFreq
                0x00000000000042f0       0xbe ./Peripheral/src/ch32v20x_rcc.o
                0x00000000000042f0                RCC_GetClocksFreq
 .text.RCC_APB2PeriphClockCmd
                0x00000000000043ae       0x1e ./Peripheral/src/ch32v20x_rcc.o
                0x00000000000043ae                RCC_APB2PeriphClockCmd
 .text.RCC_GetFlagStatus
                0x00000000000043cc       0x2e ./Peripheral/src/ch32v20x_rcc.o
                0x00000000000043cc                RCC_GetFlagStatus
 .text.RTC_ITConfig
                0x00000000000043fa       0x1a ./Peripheral/src/ch32v20x_rtc.o
                0x00000000000043fa                RTC_ITConfig
 .text.RTC_EnterConfigMode
                0x0000000000004414       0x12 ./Peripheral/src/ch32v20x_rtc.o
                0x0000000000004414                RTC_EnterConfigMode
 .text.RTC_ExitConfigMode
                0x0000000000004426       0x18 ./Peripheral/src/ch32v20x_rtc.o
                0x0000000000004426                RTC_ExitConfigMode
 .text.RTC_GetCounter
                0x000000000000443e       0x36 ./Peripheral/src/ch32v20x_rtc.o
                0x000000000000443e                RTC_GetCounter
 .text.RTC_SetCounter
                0x0000000000004474       0x2c ./Peripheral/src/ch32v20x_rtc.o
                0x0000000000004474                RTC_SetCounter
 .text.RTC_SetPrescaler
                0x00000000000044a0       0x2e ./Peripheral/src/ch32v20x_rtc.o
                0x00000000000044a0                RTC_SetPrescaler
 .text.RTC_WaitForLastTask
                0x00000000000044ce       0x10 ./Peripheral/src/ch32v20x_rtc.o
                0x00000000000044ce                RTC_WaitForLastTask
 .text.RTC_WaitForSynchro
                0x00000000000044de       0x24 ./Peripheral/src/ch32v20x_rtc.o
                0x00000000000044de                RTC_WaitForSynchro
 .text.RTC_ClearFlag
                0x0000000000004502       0x14 ./Peripheral/src/ch32v20x_rtc.o
                0x0000000000004502                RTC_ClearFlag
 .text.RTC_ClearITPendingBit
                0x0000000000004516        0xc ./Peripheral/src/ch32v20x_rtc.o
                0x0000000000004516                RTC_ClearITPendingBit
 .text.TIM_OC1Init
                0x0000000000004522       0x6a ./Peripheral/src/ch32v20x_tim.o
                0x0000000000004522                TIM_OC1Init
 .text.TIM_OC2Init
                0x000000000000458c       0x96 ./Peripheral/src/ch32v20x_tim.o
                0x000000000000458c                TIM_OC2Init
 .text.TIM_OC3Init
                0x0000000000004622       0x94 ./Peripheral/src/ch32v20x_tim.o
                0x0000000000004622                TIM_OC3Init
 .text.TIM_OC4Init
                0x00000000000046b6       0x6c ./Peripheral/src/ch32v20x_tim.o
                0x00000000000046b6                TIM_OC4Init
 .text.TIM_OC1PreloadConfig
                0x0000000000004722        0xe ./Peripheral/src/ch32v20x_tim.o
                0x0000000000004722                TIM_OC1PreloadConfig
 .text.TIM_OC2PreloadConfig
                0x0000000000004730       0x16 ./Peripheral/src/ch32v20x_tim.o
                0x0000000000004730                TIM_OC2PreloadConfig
 .text.TIM_OC3PreloadConfig
                0x0000000000004746        0xe ./Peripheral/src/ch32v20x_tim.o
                0x0000000000004746                TIM_OC3PreloadConfig
 .text.TIM_OC4PreloadConfig
                0x0000000000004754       0x16 ./Peripheral/src/ch32v20x_tim.o
                0x0000000000004754                TIM_OC4PreloadConfig
 .text.TIM_GetITStatus
                0x000000000000476a       0x18 ./Peripheral/src/ch32v20x_tim.o
                0x000000000000476a                TIM_GetITStatus
 .text.USART_Init
                0x0000000000004782       0xbc ./Peripheral/src/ch32v20x_usart.o
                0x0000000000004782                USART_Init
 .text.USART_Cmd
                0x000000000000483e       0x16 ./Peripheral/src/ch32v20x_usart.o
                0x000000000000483e                USART_Cmd
 .text.USART_SendData
                0x0000000000004854        0x8 ./Peripheral/src/ch32v20x_usart.o
                0x0000000000004854                USART_SendData
 .text.USART_GetFlagStatus
                0x000000000000485c        0xa ./Peripheral/src/ch32v20x_usart.o
                0x000000000000485c                USART_GetFlagStatus
 .text.AddBufferData
                0x0000000000004866       0x20 ./HAL_LIB/filters.o
                0x0000000000004866                AddBufferData
 .text.GetConversional
                0x0000000000004886       0x4a ./HAL_LIB/filters.o
                0x0000000000004886                GetConversional
 .text.GetDataRegister
                0x00000000000048d0        0xa ./HAL_LIB/hw_data_model.o
                0x00000000000048d0                GetDataRegister
 .text.GetRegisterAddr
                0x00000000000048da        0xc ./HAL_LIB/hw_data_model.o
                0x00000000000048da                GetRegisterAddr
 .text.ClearDataModel
                0x00000000000048e6       0x1a ./HAL_LIB/hw_data_model.o
                0x00000000000048e6                ClearDataModel
 .text.setReg32
                0x0000000000004900       0x1e ./HAL_LIB/hw_data_model.o
                0x0000000000004900                setReg32
 .text.setReg16
                0x000000000000491e       0x12 ./HAL_LIB/hw_data_model.o
                0x000000000000491e                setReg16
 .text.setReg8  0x0000000000004930        0xe ./HAL_LIB/hw_data_model.o
                0x0000000000004930                setReg8
 .text.getReg16
                0x000000000000493e       0x14 ./HAL_LIB/hw_data_model.o
                0x000000000000493e                getReg16
 .text.getReg32
                0x0000000000004952       0x20 ./HAL_LIB/hw_data_model.o
                0x0000000000004952                getReg32
 .text.getReg8  0x0000000000004972        0xe ./HAL_LIB/hw_data_model.o
                0x0000000000004972                getReg8
 .text.fGetAinCalData
                0x0000000000004980       0x7a ./HAL_LIB/hw_lib_adc.o
                0x0000000000004980                fGetAinCalData
 .text.eAinCalDataConfig
                0x00000000000049fa       0x50 ./HAL_LIB/hw_lib_adc.o
                0x00000000000049fa                eAinCalDataConfig
 .text.vABLineKoofFinde
                0x0000000000004a4a       0x6a ./HAL_LIB/hw_lib_adc.o
                0x0000000000004a4a                vABLineKoofFinde
 .text.eSetAinCalPoint
                0x0000000000004ab4       0x64 ./HAL_LIB/hw_lib_adc.o
                0x0000000000004ab4                eSetAinCalPoint
 .text.getADC1Buffer
                0x0000000000004b18        0xa ./HAL_LIB/hw_lib_adc.o
                0x0000000000004b18                getADC1Buffer
 .text.uGetDIN  0x0000000000004b22       0x14 ./HAL_LIB/hw_lib_din.o
                0x0000000000004b22                uGetDIN
 .text.eRPMConfig
                0x0000000000004b36       0x5a ./HAL_LIB/hw_lib_din.o
                0x0000000000004b36                eRPMConfig
 .text.RMPDataConvert
                0x0000000000004b90       0x4e ./HAL_LIB/hw_lib_din.o
                0x0000000000004b90                RMPDataConvert
 .text.GetRPM   0x0000000000004bde       0x7a ./HAL_LIB/hw_lib_din.o
                0x0000000000004bde                GetRPM
 .text.vDinDoutProcess
                0x0000000000004c58       0x88 ./HAL_LIB/hw_lib_din.o
                0x0000000000004c58                vDinDoutProcess
 .text.getCaputreBuffer
                0x0000000000004ce0       0x16 ./HAL_LIB/hw_lib_din.o
                0x0000000000004ce0                getCaputreBuffer
 .text.I2C_FSM  0x0000000000004cf6      0x1ae ./HAL_LIB/hw_lib_eeprom_i2c.o
                0x0000000000004cf6                I2C_FSM
 .text.eEEPROMWrFast
                0x0000000000004ea4      0x104 ./HAL_LIB/hw_lib_eeprom_i2c.o
                0x0000000000004ea4                eEEPROMWrFast
 .text.eEEPROMWr
                0x0000000000004fa8       0xe0 ./HAL_LIB/hw_lib_eeprom_i2c.o
                0x0000000000004fa8                eEEPROMWr
 .text.eEEPROMRd
                0x0000000000005088       0x8a ./HAL_LIB/hw_lib_eeprom_i2c.o
                0x0000000000005088                eEEPROMRd
 .text.vHW_INIT_TIMEOUT
                0x0000000000005112       0x1c ./HAL_LIB/hw_timeout.o
                0x0000000000005112                vHW_INIT_TIMEOUT
 .text.vHW_PROCESS_TIMEOUT
                0x000000000000512e       0x26 ./HAL_LIB/hw_timeout.o
                0x000000000000512e                vHW_PROCESS_TIMEOUT
 .text.HAL_CANSetTXCallback
                0x0000000000005154        0xa ./HAL_DRIVER/hal_can_ch32.o
                0x0000000000005154                HAL_CANSetTXCallback
 .text.HAL_CANSetRXCallback
                0x000000000000515e        0xa ./HAL_DRIVER/hal_can_ch32.o
                0x000000000000515e                HAL_CANSetRXCallback
 .text.HAL_CANSetERRCallback
                0x0000000000005168        0xa ./HAL_DRIVER/hal_can_ch32.o
                0x0000000000005168                HAL_CANSetERRCallback
 .text.HAL_CANSend
                0x0000000000005172       0xc8 ./HAL_DRIVER/hal_can_ch32.o
                0x0000000000005172                HAL_CANSend
 .text.HAL_CANGetRXMessage
                0x000000000000523a       0xb0 ./HAL_DRIVER/hal_can_ch32.o
                0x000000000000523a                HAL_CANGetRXMessage
 .text.USB_HP_CAN1_TX_IRQHandler
                0x00000000000052ea       0x60 ./HAL_DRIVER/hal_can_ch32.o
                0x00000000000052ea                USB_HP_CAN1_TX_IRQHandler
 .text.USB_LP_CAN1_RX0_IRQHandler
                0x000000000000534a       0x5e ./HAL_DRIVER/hal_can_ch32.o
                0x000000000000534a                USB_LP_CAN1_RX0_IRQHandler
 .text.CAN1_RX1_IRQHandler
                0x00000000000053a8       0x5e ./HAL_DRIVER/hal_can_ch32.o
                0x00000000000053a8                CAN1_RX1_IRQHandler
 .text.CAN1_SCE_IRQHandler
                0x0000000000005406       0x5c ./HAL_DRIVER/hal_can_ch32.o
                0x0000000000005406                CAN1_SCE_IRQHandler
 .text.ProgramOptionByteData
                0x0000000000005462      0x120 ./HAL_DRIVER/hal_flash_ch32.o
                0x0000000000005462                ProgramOptionByteData
 .text.HAL_GetBit
                0x0000000000005582        0xa ./HAL_DRIVER/hal_gpio_ch32.o
                0x0000000000005582                HAL_GetBit
 .text.HAL_SetBit
                0x000000000000558c        0x4 ./HAL_DRIVER/hal_gpio_ch32.o
                0x000000000000558c                HAL_SetBit
 .text.HAL_ResetBit
                0x0000000000005590        0x4 ./HAL_DRIVER/hal_gpio_ch32.o
                0x0000000000005590                HAL_ResetBit
 .text.HAL_RTC_IT_Init
                0x0000000000005594       0xdc ./HAL_DRIVER/hal_rtc_ch32.o
                0x0000000000005594                HAL_RTC_IT_Init
 .text.RTC_IRQHandler
                0x0000000000005670       0x78 ./HAL_DRIVER/hal_rtc_ch32.o
                0x0000000000005670                RTC_IRQHandler
 .text.HAL_SPI_RXOveleyClear
                0x00000000000056e8       0x1e ./HAL_DRIVER/hal_spi_ch32.o
                0x00000000000056e8                HAL_SPI_RXOveleyClear
 .text.HAL_SPI_GetBusy
                0x0000000000005706       0x10 ./HAL_DRIVER/hal_spi_ch32.o
                0x0000000000005706                HAL_SPI_GetBusy
 .text.HAL_WDTReset
                0x0000000000005716        0xe ./HAL_DRIVER/hal_wdt_ch32.o
                0x0000000000005716                HAL_WDTReset
 .text.prvInsertBlockIntoFreeList
                0x0000000000005724       0x4c ./FreeRTOS/portable/MemMang/heap_4.o
 .text.pvPortMalloc
                0x0000000000005770      0x18a ./FreeRTOS/portable/MemMang/heap_4.o
                0x0000000000005770                pvPortMalloc
 .text.vPortSetupTimerInterrupt
                0x00000000000058fa       0x3e ./FreeRTOS/portable/GCC/RISC-V/port.o
                0x00000000000058fa                vPortSetupTimerInterrupt
 .text.xPortStartScheduler
                0x0000000000005938       0x90 ./FreeRTOS/portable/GCC/RISC-V/port.o
                0x0000000000005938                xPortStartScheduler
 .text.SysTick_Handler
                0x00000000000059c8       0x7c ./FreeRTOS/portable/GCC/RISC-V/port.o
                0x00000000000059c8                SysTick_Handler
 .text.vPortEnterCritical
                0x0000000000005a44       0x16 ./FreeRTOS/portable/GCC/RISC-V/port.o
                0x0000000000005a44                vPortEnterCritical
 .text.vPortExitCritical
                0x0000000000005a5a       0x42 ./FreeRTOS/portable/GCC/RISC-V/port.o
                0x0000000000005a5a                vPortExitCritical
 .text.xPortSetInterruptMask
                0x0000000000005a9c        0xc ./FreeRTOS/portable/GCC/RISC-V/port.o
                0x0000000000005a9c                xPortSetInterruptMask
 .text.vPortClearInterruptMask
                0x0000000000005aa8        0x6 ./FreeRTOS/portable/GCC/RISC-V/port.o
                0x0000000000005aa8                vPortClearInterruptMask
 .text.vListInitialise
                0x0000000000005aae       0x14 ./FreeRTOS/list.o
                0x0000000000005aae                vListInitialise
 .text.vListInitialiseItem
                0x0000000000005ac2        0x6 ./FreeRTOS/list.o
                0x0000000000005ac2                vListInitialiseItem
 .text.vListInsertEnd
                0x0000000000005ac8       0x18 ./FreeRTOS/list.o
                0x0000000000005ac8                vListInsertEnd
 .text.vListInsert
                0x0000000000005ae0       0x2e ./FreeRTOS/list.o
                0x0000000000005ae0                vListInsert
 .text.uxListRemove
                0x0000000000005b0e       0x20 ./FreeRTOS/list.o
                0x0000000000005b0e                uxListRemove
 .text.prvIsQueueEmpty
                0x0000000000005b2e       0x1e ./FreeRTOS/queue.o
 .text.prvCopyDataToQueue
                0x0000000000005b4c       0x72 ./FreeRTOS/queue.o
 .text.prvCopyDataFromQueue
                0x0000000000005bbe       0x28 ./FreeRTOS/queue.o
 .text.prvUnlockQueue
                0x0000000000005be6       0x76 ./FreeRTOS/queue.o
 .text.xQueueGenericReset
                0x0000000000005c5c       0xc4 ./FreeRTOS/queue.o
                0x0000000000005c5c                xQueueGenericReset
 .text.xQueueGenericCreateStatic
                0x0000000000005d20       0xae ./FreeRTOS/queue.o
                0x0000000000005d20                xQueueGenericCreateStatic
 .text.xQueueGenericCreate
                0x0000000000005dce       0x72 ./FreeRTOS/queue.o
                0x0000000000005dce                xQueueGenericCreate
 .text.xQueueGenericSend
                0x0000000000005e40      0x178 ./FreeRTOS/queue.o
                0x0000000000005e40                xQueueGenericSend
 .text.xQueueGiveMutexRecursive
                0x0000000000005fb8       0x56 ./FreeRTOS/queue.o
                0x0000000000005fb8                xQueueGiveMutexRecursive
 .text.xQueueCreateMutex
                0x000000000000600e       0x2e ./FreeRTOS/queue.o
                0x000000000000600e                xQueueCreateMutex
 .text.xQueueReceive
                0x000000000000603c      0x138 ./FreeRTOS/queue.o
                0x000000000000603c                xQueueReceive
 .text.xQueueSemaphoreTake
                0x0000000000006174      0x18e ./FreeRTOS/queue.o
                0x0000000000006174                xQueueSemaphoreTake
 .text.xQueueTakeMutexRecursive
                0x0000000000006302       0x5a ./FreeRTOS/queue.o
                0x0000000000006302                xQueueTakeMutexRecursive
 .text.uxQueueMessagesWaiting
                0x000000000000635c       0x44 ./FreeRTOS/queue.o
                0x000000000000635c                uxQueueMessagesWaiting
 .text.prvIdleTask
                0x00000000000063a0        0x2 ./FreeRTOS/tasks.o
 .text.prvAddNewTaskToReadyList
                0x00000000000063a2      0x10e ./FreeRTOS/tasks.o
 .text.prvResetNextTaskUnblockTime
                0x00000000000064b0       0x24 ./FreeRTOS/tasks.o
 .text.prvTaskIsTaskSuspended
                0x00000000000064d4       0x50 ./FreeRTOS/tasks.o
 .text.prvInitialiseNewTask.isra.2
                0x0000000000006524       0xc8 ./FreeRTOS/tasks.o
 .text.prvAddCurrentTaskToDelayedList
                0x00000000000065ec       0xa8 ./FreeRTOS/tasks.o
 .text.xTaskCreateStatic
                0x0000000000006694       0xa6 ./FreeRTOS/tasks.o
                0x0000000000006694                xTaskCreateStatic
 .text.vTaskResume
                0x000000000000673a       0xaa ./FreeRTOS/tasks.o
                0x000000000000673a                vTaskResume
 .text.vTaskStartScheduler
                0x00000000000067e4       0x60 ./FreeRTOS/tasks.o
                0x00000000000067e4                vTaskStartScheduler
 .text.vTaskSuspendAll
                0x0000000000006844       0x10 ./FreeRTOS/tasks.o
                0x0000000000006844                vTaskSuspendAll
 .text.xTaskGetTickCount
                0x0000000000006854        0x6 ./FreeRTOS/tasks.o
                0x0000000000006854                xTaskGetTickCount
 .text.xTaskIncrementTick
                0x000000000000685a      0x19c ./FreeRTOS/tasks.o
                0x000000000000685a                xTaskIncrementTick
 .text.xTaskResumeAll
                0x00000000000069f6      0x158 ./FreeRTOS/tasks.o
                0x00000000000069f6                xTaskResumeAll
 .text.vTaskDelay
                0x0000000000006b4e       0x66 ./FreeRTOS/tasks.o
                0x0000000000006b4e                vTaskDelay
 .text.vTaskSwitchContext
                0x0000000000006bb4       0x96 ./FreeRTOS/tasks.o
                0x0000000000006bb4                vTaskSwitchContext
 .text.vTaskSuspend
                0x0000000000006c4a       0xea ./FreeRTOS/tasks.o
                0x0000000000006c4a                vTaskSuspend
 .text.vTaskPlaceOnEventList
                0x0000000000006d34       0x48 ./FreeRTOS/tasks.o
                0x0000000000006d34                vTaskPlaceOnEventList
 .text.xTaskRemoveFromEventList
                0x0000000000006d7c       0xe8 ./FreeRTOS/tasks.o
                0x0000000000006d7c                xTaskRemoveFromEventList
 .text.vTaskInternalSetTimeOutState
                0x0000000000006e64        0xe ./FreeRTOS/tasks.o
                0x0000000000006e64                vTaskInternalSetTimeOutState
 .text.xTaskCheckForTimeOut
                0x0000000000006e72       0xaa ./FreeRTOS/tasks.o
                0x0000000000006e72                xTaskCheckForTimeOut
 .text.vTaskMissedYield
                0x0000000000006f1c        0x8 ./FreeRTOS/tasks.o
                0x0000000000006f1c                vTaskMissedYield
 .text.xTaskGetCurrentTaskHandle
                0x0000000000006f24        0xa ./FreeRTOS/tasks.o
                0x0000000000006f24                xTaskGetCurrentTaskHandle
 .text.xTaskPriorityInherit
                0x0000000000006f2e       0xae ./FreeRTOS/tasks.o
                0x0000000000006f2e                xTaskPriorityInherit
 .text.xTaskPriorityDisinherit
                0x0000000000006fdc       0xca ./FreeRTOS/tasks.o
                0x0000000000006fdc                xTaskPriorityDisinherit
 .text.vTaskPriorityDisinheritAfterTimeout
                0x00000000000070a6       0xe6 ./FreeRTOS/tasks.o
                0x00000000000070a6                vTaskPriorityDisinheritAfterTimeout
 .text.pvTaskIncrementMutexHeldCount
                0x000000000000718c       0x1c ./FreeRTOS/tasks.o
                0x000000000000718c                pvTaskIncrementMutexHeldCount
 .text.ulTaskGenericNotifyTake
                0x00000000000071a8       0xb8 ./FreeRTOS/tasks.o
                0x00000000000071a8                ulTaskGenericNotifyTake
 .text.xTaskGenericNotifyWait
                0x0000000000007260       0xe6 ./FreeRTOS/tasks.o
                0x0000000000007260                xTaskGenericNotifyWait
 .text.xTaskGenericNotifyFromISR
                0x0000000000007346      0x1ec ./FreeRTOS/tasks.o
                0x0000000000007346                xTaskGenericNotifyFromISR
 .text.Delay_Init
                0x0000000000007532       0x3e ./Debug/debug.o
                0x0000000000007532                Delay_Init
 .text.Delay_Ms
                0x0000000000007570       0x3c ./Debug/debug.o
                0x0000000000007570                Delay_Ms
 .text.USART_Printf_Init
                0x00000000000075ac       0x5a ./Debug/debug.o
                0x00000000000075ac                USART_Printf_Init
 .text._write   0x0000000000007606       0x3e ./Debug/debug.o
                0x0000000000007606                _write
 .text._sbrk    0x0000000000007644       0x2a ./Debug/debug.o
                0x0000000000007644                _sbrk
 .text.Get_ConversionVal
                0x000000000000766e       0x2a ./DRIVER/hal_adc_ch32.o
                0x000000000000766e                Get_ConversionVal
 .text.HAL_ADC_RegularChannelConfig
                0x0000000000007698       0x46 ./DRIVER/hal_adc_ch32.o
                0x0000000000007698                HAL_ADC_RegularChannelConfig
 .text.HAL_ADC_ContiniusScanCinvertionDMA
                0x00000000000076de       0xca ./DRIVER/hal_adc_ch32.o
                0x00000000000076de                HAL_ADC_ContiniusScanCinvertionDMA
 .text.HAL_ADC_StartDMA
                0x00000000000077a8       0x42 ./DRIVER/hal_adc_ch32.o
                0x00000000000077a8                HAL_ADC_StartDMA
 .text.ADC1_2_IRQHandler
                0x00000000000077ea       0x70 ./DRIVER/hal_adc_ch32.o
                0x00000000000077ea                ADC1_2_IRQHandler
 .text.DMA_IRQ  0x000000000000785a       0x3a ./DRIVER/hal_dma_ch32.o
 .text.HAL_DMA_Enable
                0x0000000000007894       0x18 ./DRIVER/hal_dma_ch32.o
                0x0000000000007894                HAL_DMA_Enable
 .text.HAL_DMA_Disable
                0x00000000000078ac       0x1a ./DRIVER/hal_dma_ch32.o
                0x00000000000078ac                HAL_DMA_Disable
 .text.HAL_DMAInitIT
                0x00000000000078c6       0xa0 ./DRIVER/hal_dma_ch32.o
                0x00000000000078c6                HAL_DMAInitIT
 .text.HAL_DMA_SetCounter
                0x0000000000007966       0x12 ./DRIVER/hal_dma_ch32.o
                0x0000000000007966                HAL_DMA_SetCounter
 .text.HAL_DMA_ITENABLE
                0x0000000000007978       0x16 ./DRIVER/hal_dma_ch32.o
                0x0000000000007978                HAL_DMA_ITENABLE
 .text.HAL_DMA_SetCouterAndEnable
                0x000000000000798e       0x1a ./DRIVER/hal_dma_ch32.o
                0x000000000000798e                HAL_DMA_SetCouterAndEnable
 .text.DMA1_Channel1_IRQHandler
                0x00000000000079a8       0x4e ./DRIVER/hal_dma_ch32.o
                0x00000000000079a8                DMA1_Channel1_IRQHandler
 .text.DMA1_Channel3_IRQHandler
                0x00000000000079f6       0x4e ./DRIVER/hal_dma_ch32.o
                0x00000000000079f6                DMA1_Channel3_IRQHandler
 .text.DMA1_Channel4_IRQHandler
                0x0000000000007a44       0x4e ./DRIVER/hal_dma_ch32.o
                0x0000000000007a44                DMA1_Channel4_IRQHandler
 .text.DMA1_Channel5_IRQHandler
                0x0000000000007a92       0x4e ./DRIVER/hal_dma_ch32.o
                0x0000000000007a92                DMA1_Channel5_IRQHandler
 .text.DMA1_Channel7_IRQHandler
                0x0000000000007ae0       0x4e ./DRIVER/hal_dma_ch32.o
                0x0000000000007ae0                DMA1_Channel7_IRQHandler
 .text.HAL_I2C_Init
                0x0000000000007b2e       0xf6 ./DRIVER/hal_i2c_ch32.o
                0x0000000000007b2e                HAL_I2C_Init
 .text.HAL_I2C_GET_STAR2
                0x0000000000007c24        0xe ./DRIVER/hal_i2c_ch32.o
                0x0000000000007c24                HAL_I2C_GET_STAR2
 .text.HAL_I2C_GET_STAR1
                0x0000000000007c32        0xe ./DRIVER/hal_i2c_ch32.o
                0x0000000000007c32                HAL_I2C_GET_STAR1
 .text.HAL_I2C_ENABLE
                0x0000000000007c40       0x14 ./DRIVER/hal_i2c_ch32.o
                0x0000000000007c40                HAL_I2C_ENABLE
 .text.HAL_I2C_DISABLE
                0x0000000000007c54       0x1a ./DRIVER/hal_i2c_ch32.o
                0x0000000000007c54                HAL_I2C_DISABLE
 .text.I2C_IT_ENABLE
                0x0000000000007c6e       0x12 ./DRIVER/hal_i2c_ch32.o
                0x0000000000007c6e                I2C_IT_ENABLE
 .text.I2C_IT_DISABLE
                0x0000000000007c80       0x16 ./DRIVER/hal_i2c_ch32.o
                0x0000000000007c80                I2C_IT_DISABLE
 .text.HAL_I2C_STOP
                0x0000000000007c96       0x14 ./DRIVER/hal_i2c_ch32.o
                0x0000000000007c96                HAL_I2C_STOP
 .text.HAL_I2C_START
                0x0000000000007caa       0x14 ./DRIVER/hal_i2c_ch32.o
                0x0000000000007caa                HAL_I2C_START
 .text.HAL_I2C_SEND
                0x0000000000007cbe        0xe ./DRIVER/hal_i2c_ch32.o
                0x0000000000007cbe                HAL_I2C_SEND
 .text.HAL_I2C_SEND_ADDR_TRANS
                0x0000000000007ccc       0x12 ./DRIVER/hal_i2c_ch32.o
                0x0000000000007ccc                HAL_I2C_SEND_ADDR_TRANS
 .text.HAL_I2C_SEND_ADDR_RECIEVE
                0x0000000000007cde       0x16 ./DRIVER/hal_i2c_ch32.o
                0x0000000000007cde                HAL_I2C_SEND_ADDR_RECIEVE
 .text.HAL_I2C_ACK_ENABLE
                0x0000000000007cf4       0x14 ./DRIVER/hal_i2c_ch32.o
                0x0000000000007cf4                HAL_I2C_ACK_ENABLE
 .text.HAL_I2C_ACK_DISABLE
                0x0000000000007d08       0x1c ./DRIVER/hal_i2c_ch32.o
                0x0000000000007d08                HAL_I2C_ACK_DISABLE
 .text.HAL_I2C_ClearFlag
                0x0000000000007d24       0x20 ./DRIVER/hal_i2c_ch32.o
                0x0000000000007d24                HAL_I2C_ClearFlag
 .text.HAL_I2C_READ_DATA
                0x0000000000007d44        0xe ./DRIVER/hal_i2c_ch32.o
                0x0000000000007d44                HAL_I2C_READ_DATA
 .text.I2C1_EV_IRQHandler
                0x0000000000007d52       0x52 ./DRIVER/hal_i2c_ch32.o
                0x0000000000007d52                I2C1_EV_IRQHandler
 .text.I2C1_ER_IRQHandler
                0x0000000000007da4       0x52 ./DRIVER/hal_i2c_ch32.o
                0x0000000000007da4                I2C1_ER_IRQHandler
 .text.HAL_TiemrEneblae
                0x0000000000007df6       0x1a ./DRIVER/hal_timers_ch32.o
                0x0000000000007df6                HAL_TiemrEneblae
 .text.TIM4_IRQHandler
                0x0000000000007e10       0x70 ./DRIVER/hal_timers_ch32.o
                0x0000000000007e10                TIM4_IRQHandler
 .text.HAL_TiemrDisable
                0x0000000000007e80       0x1c ./DRIVER/hal_timers_ch32.o
                0x0000000000007e80                HAL_TiemrDisable
 .text.HAL_TimeInitCaptureDMA
                0x0000000000007e9c      0x13c ./DRIVER/hal_timers_ch32.o
                0x0000000000007e9c                HAL_TimeInitCaptureDMA
 .text.HAL_TIMER_SetPWMPulse
                0x0000000000007fd8       0x88 ./DRIVER/hal_timers_ch32.o
                0x0000000000007fd8                HAL_TIMER_SetPWMPulse
 .text.HAL_TIMER_EnablePWMCH
                0x0000000000008060       0x1a ./DRIVER/hal_timers_ch32.o
                0x0000000000008060                HAL_TIMER_EnablePWMCH
 .text.prv_read_can_received_msg
                0x000000000000807a       0x50 ./CANopenNode/keypad/CO_driver_ST32F103.o
                0x000000000000807a                prv_read_can_received_msg
 .text.prv_send_can_message.isra.0
                0x00000000000080ca       0x30 ./CANopenNode/keypad/CO_driver_ST32F103.o
 .text.CAN_SendMessage
                0x00000000000080fa       0x66 ./CANopenNode/keypad/CO_driver_ST32F103.o
                0x00000000000080fa                CAN_SendMessage
 .text.co_drv_create_os_objects
                0x0000000000008160       0x30 ./CANopenNode/keypad/CO_driver_ST32F103.o
                0x0000000000008160                co_drv_create_os_objects
 .text.co_drv_mutex_lock
                0x0000000000008190       0x18 ./CANopenNode/keypad/CO_driver_ST32F103.o
                0x0000000000008190                co_drv_mutex_lock
 .text.co_drv_mutex_unlock
                0x00000000000081a8       0x16 ./CANopenNode/keypad/CO_driver_ST32F103.o
                0x00000000000081a8                co_drv_mutex_unlock
 .text.CO_CANsetNormalMode
                0x00000000000081be       0x1c ./CANopenNode/keypad/CO_driver_ST32F103.o
                0x00000000000081be                CO_CANsetNormalMode
 .text.CO_CANmodule_init
                0x00000000000081da      0x112 ./CANopenNode/keypad/CO_driver_ST32F103.o
                0x00000000000081da                CO_CANmodule_init
 .text.CO_CANmodule_disable
                0x00000000000082ec       0x14 ./CANopenNode/keypad/CO_driver_ST32F103.o
                0x00000000000082ec                CO_CANmodule_disable
 .text.CO_CANrxBufferInit
                0x0000000000008300       0x52 ./CANopenNode/keypad/CO_driver_ST32F103.o
                0x0000000000008300                CO_CANrxBufferInit
 .text.CO_CANtxBufferInit
                0x0000000000008352       0x3a ./CANopenNode/keypad/CO_driver_ST32F103.o
                0x0000000000008352                CO_CANtxBufferInit
 .text.CO_CANmodule_process
                0x000000000000838c       0x12 ./CANopenNode/keypad/CO_driver_ST32F103.o
                0x000000000000838c                CO_CANmodule_process
 .text.CO_CANsend
                0x000000000000839e       0x46 ./CANopenNode/keypad/CO_driver_ST32F103.o
                0x000000000000839e                CO_CANsend
 .text.CO_LSSslave_receive
                0x00000000000083e4      0x1a8 ./CANopenNode/305/CO_LSSslave.o
 .text.CO_LSSslave_init
                0x000000000000858c       0xa4 ./CANopenNode/305/CO_LSSslave.o
                0x000000000000858c                CO_LSSslave_init
 .text.CO_LSSslave_process
                0x0000000000008630      0x1a2 ./CANopenNode/305/CO_LSSslave.o
                0x0000000000008630                CO_LSSslave_process
 .text.OD_write_1003
                0x00000000000087d2       0x28 ./CANopenNode/301/CO_Emergency.o
 .text.OD_read_1003
                0x00000000000087fa       0x8c ./CANopenNode/301/CO_Emergency.o
 .text.OD_read_1014_default
                0x0000000000008886       0x50 ./CANopenNode/301/CO_Emergency.o
 .text.CO_EM_init
                0x00000000000088d6      0x112 ./CANopenNode/301/CO_Emergency.o
                0x00000000000088d6                CO_EM_init
 .text.CO_error
                0x00000000000089e8       0xc4 ./CANopenNode/301/CO_Emergency.o
                0x00000000000089e8                CO_error
 .text.CO_EM_process
                0x0000000000008aac      0x182 ./CANopenNode/301/CO_Emergency.o
                0x0000000000008aac                CO_EM_process
 .text.CO_NMT_receive
                0x0000000000008c2e       0x18 ./CANopenNode/301/CO_NMT_Heartbeat.o
 .text.OD_write_1017
                0x0000000000008c46       0x48 ./CANopenNode/301/CO_NMT_Heartbeat.o
 .text.CO_NMT_init
                0x0000000000008c8e       0xec ./CANopenNode/301/CO_NMT_Heartbeat.o
                0x0000000000008c8e                CO_NMT_init
 .text.CO_NMT_process
                0x0000000000008d7a      0x106 ./CANopenNode/301/CO_NMT_Heartbeat.o
                0x0000000000008d7a                CO_NMT_process
 .text.OD_readDisabled
                0x0000000000008e80        0x4 ./CANopenNode/301/CO_ODinterface.o
 .text.OD_readOriginal
                0x0000000000008e84       0x50 ./CANopenNode/301/CO_ODinterface.o
                0x0000000000008e84                OD_readOriginal
 .text.OD_writeOriginal
                0x0000000000008ed4       0x54 ./CANopenNode/301/CO_ODinterface.o
                0x0000000000008ed4                OD_writeOriginal
 .text.OD_writeDisabled
                0x0000000000008f28        0x4 ./CANopenNode/301/CO_ODinterface.o
 .text.OD_find  0x0000000000008f2c       0x70 ./CANopenNode/301/CO_ODinterface.o
                0x0000000000008f2c                OD_find
 .text.OD_getSub
                0x0000000000008f9c       0xf6 ./CANopenNode/301/CO_ODinterface.o
                0x0000000000008f9c                OD_getSub
 .text.OD_getSDOabCode
                0x0000000000009092       0x20 ./CANopenNode/301/CO_ODinterface.o
                0x0000000000009092                OD_getSDOabCode
 .text.OD_get_value
                0x00000000000090b2       0x34 ./CANopenNode/301/CO_ODinterface.o
                0x00000000000090b2                OD_get_value
 .text.OD_set_value
                0x00000000000090e6       0x2e ./CANopenNode/301/CO_ODinterface.o
                0x00000000000090e6                OD_set_value
 .text.OD_getPtr
                0x0000000000009114       0x3c ./CANopenNode/301/CO_ODinterface.o
                0x0000000000009114                OD_getPtr
 .text.OD_write_dummy
                0x0000000000009150        0x8 ./CANopenNode/301/CO_PDO.o
 .text.OD_read_dummy
                0x0000000000009158       0x2e ./CANopenNode/301/CO_PDO.o
 .text.PDOconfigMap
                0x0000000000009186      0x100 ./CANopenNode/301/CO_PDO.o
 .text.CO_PDO_receive
                0x0000000000009286       0x48 ./CANopenNode/301/CO_PDO.o
 .text.OD_read_PDO_commParam
                0x00000000000092ce       0x70 ./CANopenNode/301/CO_PDO.o
 .text.PDO_initMapping.constprop.3
                0x000000000000933e       0xe6 ./CANopenNode/301/CO_PDO.o
 .text.OD_write_PDO_mapping
                0x0000000000009424       0xb4 ./CANopenNode/301/CO_PDO.o
 .text.OD_write_18xx
                0x00000000000094d8      0x184 ./CANopenNode/301/CO_PDO.o
 .text.OD_write_14xx
                0x000000000000965c      0x15a ./CANopenNode/301/CO_PDO.o
 .text.CO_RPDO_init
                0x00000000000097b6      0x172 ./CANopenNode/301/CO_PDO.o
                0x00000000000097b6                CO_RPDO_init
 .text.CO_RPDO_process
                0x0000000000009928      0x114 ./CANopenNode/301/CO_PDO.o
                0x0000000000009928                CO_RPDO_process
 .text.CO_TPDO_init
                0x0000000000009a3c      0x1d2 ./CANopenNode/301/CO_PDO.o
                0x0000000000009a3c                CO_TPDO_init
 .text.CO_TPDO_process
                0x0000000000009c0e      0x15e ./CANopenNode/301/CO_PDO.o
                0x0000000000009c0e                CO_TPDO_process
 .text.CO_SDOserver_init_canRxTx
                0x0000000000009d6c       0x82 ./CANopenNode/301/CO_SDOserver.o
 .text.CO_SDO_receive
                0x0000000000009dee       0x38 ./CANopenNode/301/CO_SDOserver.o
 .text.readFromOd.isra.1.constprop.5
                0x0000000000009e26       0xe2 ./CANopenNode/301/CO_SDOserver.o
 .text.OD_write_1201_additional
                0x0000000000009f08      0x158 ./CANopenNode/301/CO_SDOserver.o
 .text.CO_SDOserver_init
                0x000000000000a060      0x172 ./CANopenNode/301/CO_SDOserver.o
                0x000000000000a060                CO_SDOserver_init
 .text.CO_SDOserver_process
                0x000000000000a1d2      0x5e8 ./CANopenNode/301/CO_SDOserver.o
                0x000000000000a1d2                CO_SDOserver_process
 .text.CO_delete
                0x000000000000a7ba       0x56 ./CANopenNode/CANopen.o
                0x000000000000a7ba                CO_delete
 .text.CO_new   0x000000000000a810      0x102 ./CANopenNode/CANopen.o
                0x000000000000a810                CO_new
 .text.CO_CANinit
                0x000000000000a912       0x28 ./CANopenNode/CANopen.o
                0x000000000000a912                CO_CANinit
 .text.CO_LSSinit
                0x000000000000a93a       0x32 ./CANopenNode/CANopen.o
                0x000000000000a93a                CO_LSSinit
 .text.CO_CANopenInit
                0x000000000000a96c       0xb8 ./CANopenNode/CANopen.o
                0x000000000000a96c                CO_CANopenInit
 .text.CO_CANopenInitPDO
                0x000000000000aa24       0xea ./CANopenNode/CANopen.o
                0x000000000000aa24                CO_CANopenInitPDO
 .text.CO_process
                0x000000000000ab0e       0x7e ./CANopenNode/CANopen.o
                0x000000000000ab0e                CO_process
 .text.CO_process_RPDO
                0x000000000000ab8c       0x40 ./CANopenNode/CANopen.o
                0x000000000000ab8c                CO_process_RPDO
 .text.CO_process_TPDO
                0x000000000000abcc       0x40 ./CANopenNode/CANopen.o
                0x000000000000abcc                CO_process_TPDO
 .text.printchar
                0x000000000000ac0c       0x4a c:/mounriver/mounriver_studio2/resources/app/resources/win32/components/wch/toolchain/risc-v embedded gcc/bin/../lib/gcc/riscv-none-embed/8.2.0/../../../../riscv-none-embed/lib/rv32imacxw/ilp32\libprintfloat.a(printfloat.o)
                0x000000000000ac0c                printchar
 .text.prints   0x000000000000ac56       0xe0 c:/mounriver/mounriver_studio2/resources/app/resources/win32/components/wch/toolchain/risc-v embedded gcc/bin/../lib/gcc/riscv-none-embed/8.2.0/../../../../riscv-none-embed/lib/rv32imacxw/ilp32\libprintfloat.a(printfloat.o)
                0x000000000000ac56                prints
 .text.printInt
                0x000000000000ad36       0xf2 c:/mounriver/mounriver_studio2/resources/app/resources/win32/components/wch/toolchain/risc-v embedded gcc/bin/../lib/gcc/riscv-none-embed/8.2.0/../../../../riscv-none-embed/lib/rv32imacxw/ilp32\libprintfloat.a(printfloat.o)
                0x000000000000ad36                printInt
 .text.printLongLongInt
                0x000000000000ae28      0x120 c:/mounriver/mounriver_studio2/resources/app/resources/win32/components/wch/toolchain/risc-v embedded gcc/bin/../lib/gcc/riscv-none-embed/8.2.0/../../../../riscv-none-embed/lib/rv32imacxw/ilp32\libprintfloat.a(printfloat.o)
                0x000000000000ae28                printLongLongInt
 .text.printDouble
                0x000000000000af48      0x100 c:/mounriver/mounriver_studio2/resources/app/resources/win32/components/wch/toolchain/risc-v embedded gcc/bin/../lib/gcc/riscv-none-embed/8.2.0/../../../../riscv-none-embed/lib/rv32imacxw/ilp32\libprintfloat.a(printfloat.o)
                0x000000000000af48                printDouble
 .text.print    0x000000000000b048      0x358 c:/mounriver/mounriver_studio2/resources/app/resources/win32/components/wch/toolchain/risc-v embedded gcc/bin/../lib/gcc/riscv-none-embed/8.2.0/../../../../riscv-none-embed/lib/rv32imacxw/ilp32\libprintfloat.a(printfloat.o)
                0x000000000000b048                print
 .text.printf   0x000000000000b3a0       0x24 c:/mounriver/mounriver_studio2/resources/app/resources/win32/components/wch/toolchain/risc-v embedded gcc/bin/../lib/gcc/riscv-none-embed/8.2.0/../../../../riscv-none-embed/lib/rv32imacxw/ilp32\libprintfloat.a(printfloat.o)
                0x000000000000b3a0                printf
 .text.puts     0x000000000000b3c4       0x4a c:/mounriver/mounriver_studio2/resources/app/resources/win32/components/wch/toolchain/risc-v embedded gcc/bin/../lib/gcc/riscv-none-embed/8.2.0/../../../../riscv-none-embed/lib/rv32imacxw/ilp32\libprintfloat.a(printfloat.o)
                0x000000000000b3c4                puts
 .text.__udivdi3
                0x000000000000b40e      0x392 c:/mounriver/mounriver_studio2/resources/app/resources/win32/components/wch/toolchain/risc-v embedded gcc/bin/../lib/gcc/riscv-none-embed/8.2.0/rv32imacxw/ilp32\libgcc.a(_udivdi3.o)
                0x000000000000b40e                __udivdi3
 .text.__umoddi3
                0x000000000000b7a0      0x38a c:/mounriver/mounriver_studio2/resources/app/resources/win32/components/wch/toolchain/risc-v embedded gcc/bin/../lib/gcc/riscv-none-embed/8.2.0/rv32imacxw/ilp32\libgcc.a(_umoddi3.o)
                0x000000000000b7a0                __umoddi3
 .text.__divdf3
                0x000000000000bb2a      0x5b4 c:/mounriver/mounriver_studio2/resources/app/resources/win32/components/wch/toolchain/risc-v embedded gcc/bin/../lib/gcc/riscv-none-embed/8.2.0/rv32imacxw/ilp32\libgcc.a(divdf3.o)
                0x000000000000bb2a                __divdf3
 .text.__ledf2  0x000000000000c0de       0xb6 c:/mounriver/mounriver_studio2/resources/app/resources/win32/components/wch/toolchain/risc-v embedded gcc/bin/../lib/gcc/riscv-none-embed/8.2.0/rv32imacxw/ilp32\libgcc.a(ledf2.o)
                0x000000000000c0de                __ledf2
                0x000000000000c0de                __ltdf2
 .text.__muldf3
                0x000000000000c194      0x4b8 c:/mounriver/mounriver_studio2/resources/app/resources/win32/components/wch/toolchain/risc-v embedded gcc/bin/../lib/gcc/riscv-none-embed/8.2.0/rv32imacxw/ilp32\libgcc.a(muldf3.o)
                0x000000000000c194                __muldf3
 .text.__subdf3
                0x000000000000c64c      0x73e c:/mounriver/mounriver_studio2/resources/app/resources/win32/components/wch/toolchain/risc-v embedded gcc/bin/../lib/gcc/riscv-none-embed/8.2.0/rv32imacxw/ilp32\libgcc.a(subdf3.o)
                0x000000000000c64c                __subdf3
 .text.__fixunsdfsi
                0x000000000000cd8a       0x5c c:/mounriver/mounriver_studio2/resources/app/resources/win32/components/wch/toolchain/risc-v embedded gcc/bin/../lib/gcc/riscv-none-embed/8.2.0/rv32imacxw/ilp32\libgcc.a(fixunsdfsi.o)
                0x000000000000cd8a                __fixunsdfsi
 .text.__floatunsidf
                0x000000000000cde6       0x68 c:/mounriver/mounriver_studio2/resources/app/resources/win32/components/wch/toolchain/risc-v embedded gcc/bin/../lib/gcc/riscv-none-embed/8.2.0/rv32imacxw/ilp32\libgcc.a(floatunsidf.o)
                0x000000000000cde6                __floatunsidf
 .text.__fixdfdi
                0x000000000000ce4e       0xbc c:/mounriver/mounriver_studio2/resources/app/resources/win32/components/wch/toolchain/risc-v embedded gcc/bin/../lib/gcc/riscv-none-embed/8.2.0/rv32imacxw/ilp32\libgcc.a(fixdfdi.o)
                0x000000000000ce4e                __fixdfdi
 .text.__floatdidf
                0x000000000000cf0a      0x1b6 c:/mounriver/mounriver_studio2/resources/app/resources/win32/components/wch/toolchain/risc-v embedded gcc/bin/../lib/gcc/riscv-none-embed/8.2.0/rv32imacxw/ilp32\libgcc.a(floatdidf.o)
                0x000000000000cf0a                __floatdidf
 .text.__addsf3
                0x000000000000d0c0      0x36a c:/mounriver/mounriver_studio2/resources/app/resources/win32/components/wch/toolchain/risc-v embedded gcc/bin/../lib/gcc/riscv-none-embed/8.2.0/rv32imacxw/ilp32\libgcc.a(addsf3.o)
                0x000000000000d0c0                __addsf3
 .text.__divsf3
                0x000000000000d42a      0x2b2 c:/mounriver/mounriver_studio2/resources/app/resources/win32/components/wch/toolchain/risc-v embedded gcc/bin/../lib/gcc/riscv-none-embed/8.2.0/rv32imacxw/ilp32\libgcc.a(divsf3.o)
                0x000000000000d42a                __divsf3
 .text.__gesf2  0x000000000000d6dc       0x86 c:/mounriver/mounriver_studio2/resources/app/resources/win32/components/wch/toolchain/risc-v embedded gcc/bin/../lib/gcc/riscv-none-embed/8.2.0/rv32imacxw/ilp32\libgcc.a(gesf2.o)
                0x000000000000d6dc                __gesf2
                0x000000000000d6dc                __gtsf2
 .text.__lesf2  0x000000000000d762       0x8c c:/mounriver/mounriver_studio2/resources/app/resources/win32/components/wch/toolchain/risc-v embedded gcc/bin/../lib/gcc/riscv-none-embed/8.2.0/rv32imacxw/ilp32\libgcc.a(lesf2.o)
                0x000000000000d762                __ltsf2
                0x000000000000d762                __lesf2
 .text.__mulsf3
                0x000000000000d7ee      0x294 c:/mounriver/mounriver_studio2/resources/app/resources/win32/components/wch/toolchain/risc-v embedded gcc/bin/../lib/gcc/riscv-none-embed/8.2.0/rv32imacxw/ilp32\libgcc.a(mulsf3.o)
                0x000000000000d7ee                __mulsf3
 .text.__subsf3
                0x000000000000da82      0x388 c:/mounriver/mounriver_studio2/resources/app/resources/win32/components/wch/toolchain/risc-v embedded gcc/bin/../lib/gcc/riscv-none-embed/8.2.0/rv32imacxw/ilp32\libgcc.a(subsf3.o)
                0x000000000000da82                __subsf3
 .text.__fixsfsi
                0x000000000000de0a       0x62 c:/mounriver/mounriver_studio2/resources/app/resources/win32/components/wch/toolchain/risc-v embedded gcc/bin/../lib/gcc/riscv-none-embed/8.2.0/rv32imacxw/ilp32\libgcc.a(fixsfsi.o)
                0x000000000000de0a                __fixsfsi
 .text.__fixunssfsi
                0x000000000000de6c       0x56 c:/mounriver/mounriver_studio2/resources/app/resources/win32/components/wch/toolchain/risc-v embedded gcc/bin/../lib/gcc/riscv-none-embed/8.2.0/rv32imacxw/ilp32\libgcc.a(fixunssfsi.o)
                0x000000000000de6c                __fixunssfsi
 .text.__floatsisf
                0x000000000000dec2       0xc6 c:/mounriver/mounriver_studio2/resources/app/resources/win32/components/wch/toolchain/risc-v embedded gcc/bin/../lib/gcc/riscv-none-embed/8.2.0/rv32imacxw/ilp32\libgcc.a(floatsisf.o)
                0x000000000000dec2                __floatsisf
 .text.__floatunsisf
                0x000000000000df88       0xce c:/mounriver/mounriver_studio2/resources/app/resources/win32/components/wch/toolchain/risc-v embedded gcc/bin/../lib/gcc/riscv-none-embed/8.2.0/rv32imacxw/ilp32\libgcc.a(floatunsisf.o)
                0x000000000000df88                __floatunsisf
 .text.__extendsfdf2
                0x000000000000e056       0xac c:/mounriver/mounriver_studio2/resources/app/resources/win32/components/wch/toolchain/risc-v embedded gcc/bin/../lib/gcc/riscv-none-embed/8.2.0/rv32imacxw/ilp32\libgcc.a(extendsfdf2.o)
                0x000000000000e056                __extendsfdf2
 .text.__truncdfsf2
                0x000000000000e102      0x16a c:/mounriver/mounriver_studio2/resources/app/resources/win32/components/wch/toolchain/risc-v embedded gcc/bin/../lib/gcc/riscv-none-embed/8.2.0/rv32imacxw/ilp32\libgcc.a(truncdfsf2.o)
                0x000000000000e102                __truncdfsf2
 .text.__clzsi2
                0x000000000000e26c       0x6e c:/mounriver/mounriver_studio2/resources/app/resources/win32/components/wch/toolchain/risc-v embedded gcc/bin/../lib/gcc/riscv-none-embed/8.2.0/rv32imacxw/ilp32\libgcc.a(_clzsi2.o)
                0x000000000000e26c                __clzsi2
 .text.calloc   0x000000000000e2da        0xc c:/mounriver/mounriver_studio2/resources/app/resources/win32/components/wch/toolchain/risc-v embedded gcc/bin/../lib/gcc/riscv-none-embed/8.2.0/../../../../riscv-none-embed/lib/rv32imacxw/ilp32\libg_nano.a(lib_a-calloc.o)
                0x000000000000e2da                calloc
 .text.free     0x000000000000e2e6        0xa c:/mounriver/mounriver_studio2/resources/app/resources/win32/components/wch/toolchain/risc-v embedded gcc/bin/../lib/gcc/riscv-none-embed/8.2.0/../../../../riscv-none-embed/lib/rv32imacxw/ilp32\libg_nano.a(lib_a-malloc.o)
                0x000000000000e2e6                free
 .text.memcpy   0x000000000000e2f0       0xb2 c:/mounriver/mounriver_studio2/resources/app/resources/win32/components/wch/toolchain/risc-v embedded gcc/bin/../lib/gcc/riscv-none-embed/8.2.0/../../../../riscv-none-embed/lib/rv32imacxw/ilp32\libg_nano.a(lib_a-memcpy.o)
                0x000000000000e2f0                memcpy
 .text.memmove  0x000000000000e3a2       0x46 c:/mounriver/mounriver_studio2/resources/app/resources/win32/components/wch/toolchain/risc-v embedded gcc/bin/../lib/gcc/riscv-none-embed/8.2.0/../../../../riscv-none-embed/lib/rv32imacxw/ilp32\libg_nano.a(lib_a-memmove.o)
                0x000000000000e3a2                memmove
 .text._calloc_r
                0x000000000000e3e8       0x26 c:/mounriver/mounriver_studio2/resources/app/resources/win32/components/wch/toolchain/risc-v embedded gcc/bin/../lib/gcc/riscv-none-embed/8.2.0/../../../../riscv-none-embed/lib/rv32imacxw/ilp32\libg_nano.a(lib_a-nano-callocr.o)
                0x000000000000e3e8                _calloc_r
 .text._free_r  0x000000000000e40e       0xa4 c:/mounriver/mounriver_studio2/resources/app/resources/win32/components/wch/toolchain/risc-v embedded gcc/bin/../lib/gcc/riscv-none-embed/8.2.0/../../../../riscv-none-embed/lib/rv32imacxw/ilp32\libg_nano.a(lib_a-nano-freer.o)
                0x000000000000e40e                _free_r
 .text._malloc_r
                0x000000000000e4b2       0xce c:/mounriver/mounriver_studio2/resources/app/resources/win32/components/wch/toolchain/risc-v embedded gcc/bin/../lib/gcc/riscv-none-embed/8.2.0/../../../../riscv-none-embed/lib/rv32imacxw/ilp32\libg_nano.a(lib_a-nano-mallocr.o)
                0x000000000000e4b2                _malloc_r
 .text._sbrk_r  0x000000000000e580       0x32 c:/mounriver/mounriver_studio2/resources/app/resources/win32/components/wch/toolchain/risc-v embedded gcc/bin/../lib/gcc/riscv-none-embed/8.2.0/../../../../riscv-none-embed/lib/rv32imacxw/ilp32\libg_nano.a(lib_a-sbrkr.o)
                0x000000000000e580                _sbrk_r
 .text.strlen   0x000000000000e5b2       0x12 c:/mounriver/mounriver_studio2/resources/app/resources/win32/components/wch/toolchain/risc-v embedded gcc/bin/../lib/gcc/riscv-none-embed/8.2.0/../../../../riscv-none-embed/lib/rv32imacxw/ilp32\libg_nano.a(lib_a-strlen.o)
                0x000000000000e5b2                strlen
 .text.__malloc_lock
                0x000000000000e5c4        0x2 c:/mounriver/mounriver_studio2/resources/app/resources/win32/components/wch/toolchain/risc-v embedded gcc/bin/../lib/gcc/riscv-none-embed/8.2.0/../../../../riscv-none-embed/lib/rv32imacxw/ilp32\libg_nano.a(lib_a-mlock.o)
                0x000000000000e5c4                __malloc_lock
 .text.__malloc_unlock
                0x000000000000e5c6        0x2 c:/mounriver/mounriver_studio2/resources/app/resources/win32/components/wch/toolchain/risc-v embedded gcc/bin/../lib/gcc/riscv-none-embed/8.2.0/../../../../riscv-none-embed/lib/rv32imacxw/ilp32\libg_nano.a(lib_a-mlock.o)
                0x000000000000e5c6                __malloc_unlock
 *(.rodata)
 *fill*         0x000000000000e5c8        0x0 
 .rodata        0x000000000000e5c8       0x14 ./User/dash_draw.o
 *(.rodata*)
 .rodata.vCanOpenProcess.str1.4
                0x000000000000e5dc        0xe ./User/CanOpenNode.o
 *fill*         0x000000000000e5ea        0x2 
 .rodata.CalPoint
                0x000000000000e5ec       0x48 ./User/DataModel.o
 .rodata.CalPoint1
                0x000000000000e634       0x24 ./User/DataModel.o
 .rodata.seg_const.7438
                0x000000000000e658       0x12 ./User/DataModel.o
 *fill*         0x000000000000e66a        0x2 
 .rodata.str1.4
                0x000000000000e66c       0x36 ./User/DataModel.o
 *fill*         0x000000000000e6a2        0x2 
 .rodata.vIncrementSystemCounters.cst4
                0x000000000000e6a4        0x8 ./User/DataModel.o
 .rodata.getODValue
                0x000000000000e6ac       0x78 ./User/dash_draw.o
 .rodata.CheckLedState.cst4
                0x000000000000e724        0x4 ./User/dash_draw.o
 .rodata.MenuStateCross
                0x000000000000e728       0x1c ./User/dash_draw.o
 .rodata.dm     0x000000000000e744       0x3f ./User/dash_draw.o
 *fill*         0x000000000000e783        0x1 
 .rodata.getODValue.cst4
                0x000000000000e784        0x4 ./User/dash_draw.o
                                          0x8 (size before relaxing)
 .rodata.vBarColorMode.cst4
                0x000000000000e788        0x4 ./User/dash_draw.o
 .rodata.vRedrawTask.cst4
                0x000000000000e78c        0x4 ./User/dash_draw.o
 .rodata.ADC_FSM.cst4
                0x000000000000e790        0xc ./User/inputs.o
 *fill*         0x000000000000e79c        0x4 
 .rodata.ADC_FSM.cst8
                0x000000000000e7a0       0x18 ./User/inputs.o
 .rodata.vInputsTask.cst4
                0x000000000000e7b8        0x8 ./User/inputs.o
 .rodata.SetSegDirect
                0x000000000000e7c0       0x1c ./User/led.o
 .rodata.Brigth
                0x000000000000e7dc       0x1e ./User/led.o
 *fill*         0x000000000000e7fa        0x2 
 .rodata.DigitMask
                0x000000000000e7fc        0xa ./User/led.o
                0x000000000000e7fc                DigitMask
 *fill*         0x000000000000e806        0x2 
 .rodata.offset_mask
                0x000000000000e808        0xe ./User/led.o
 *fill*         0x000000000000e816        0x2 
 .rodata.step_mask
                0x000000000000e818        0xe ./User/led.o
 *fill*         0x000000000000e826        0x2 
 .rodata.Error_Handler.str1.4
                0x000000000000e828        0xf ./User/main.o
 *fill*         0x000000000000e837        0x1 
 .rodata.OD_writeBoardSettings
                0x000000000000e838       0x18 ./User/process.o
 .rodata.OD_readBoardSettings
                0x000000000000e850       0x18 ./User/process.o
 .rodata.OD_ADC1_CAL_extension
                0x000000000000e868       0x10 ./User/process.o
                0x000000000000e868                OD_ADC1_CAL_extension
 .rodata.OD_ADC2_CAL_extension
                0x000000000000e878       0x10 ./User/process.o
                0x000000000000e878                OD_ADC2_CAL_extension
 .rodata.OD_ADC3_CAL_extension
                0x000000000000e888       0x10 ./User/process.o
                0x000000000000e888                OD_ADC3_CAL_extension
 .rodata.OD_AIN_RPM_extension
                0x000000000000e898       0x10 ./User/process.o
                0x000000000000e898                OD_AIN_RPM_extension
 .rodata.OD_BAR_extension
                0x000000000000e8a8       0x10 ./User/process.o
                0x000000000000e8a8                OD_BAR_extension
 .rodata.OD_BOARD_SETTINGS_extension
                0x000000000000e8b8       0x10 ./User/process.o
                0x000000000000e8b8                OD_BOARD_SETTINGS_extension
 .rodata.OD_DASH_PARAM_extension
                0x000000000000e8c8       0x10 ./User/process.o
                0x000000000000e8c8                OD_DASH_PARAM_extension
 .rodata.OD_DIN_extension
                0x000000000000e8d8       0x10 ./User/process.o
                0x000000000000e8d8                OD_DIN_extension
 .rodata.OD_HISTER_CONFIG_extension
                0x000000000000e8e8       0x10 ./User/process.o
                0x000000000000e8e8                OD_HISTER_CONFIG_extension
 .rodata.OD_INPUT_CH_CONFIG_extension
                0x000000000000e8f8       0x10 ./User/process.o
                0x000000000000e8f8                OD_INPUT_CH_CONFIG_extension
 .rodata.OD_KEY_extension
                0x000000000000e908       0x10 ./User/process.o
                0x000000000000e908                OD_KEY_extension
 .rodata.OD_MENU_MAP_extension
                0x000000000000e918       0x10 ./User/process.o
                0x000000000000e918                OD_MENU_MAP_extension
 .rodata.OD_MENU_SETUP_extension
                0x000000000000e928       0x10 ./User/process.o
                0x000000000000e928                OD_MENU_SETUP_extension
 .rodata.OD_RGB10_extension
                0x000000000000e938       0x10 ./User/process.o
                0x000000000000e938                OD_RGB10_extension
 .rodata.OD_RGB11_extension
                0x000000000000e948       0x10 ./User/process.o
                0x000000000000e948                OD_RGB11_extension
 .rodata.OD_RGB12_extension
                0x000000000000e958       0x10 ./User/process.o
                0x000000000000e958                OD_RGB12_extension
 .rodata.OD_RGB13_extension
                0x000000000000e968       0x10 ./User/process.o
                0x000000000000e968                OD_RGB13_extension
 .rodata.OD_RGB14_extension
                0x000000000000e978       0x10 ./User/process.o
                0x000000000000e978                OD_RGB14_extension
 .rodata.OD_RGB1_extension
                0x000000000000e988       0x10 ./User/process.o
                0x000000000000e988                OD_RGB1_extension
 .rodata.OD_RGB2_extension
                0x000000000000e998       0x10 ./User/process.o
                0x000000000000e998                OD_RGB2_extension
 .rodata.OD_RGB3_extension
                0x000000000000e9a8       0x10 ./User/process.o
                0x000000000000e9a8                OD_RGB3_extension
 .rodata.OD_RGB4_extension
                0x000000000000e9b8       0x10 ./User/process.o
                0x000000000000e9b8                OD_RGB4_extension
 .rodata.OD_RGB5_extension
                0x000000000000e9c8       0x10 ./User/process.o
                0x000000000000e9c8                OD_RGB5_extension
 .rodata.OD_RGB6_extension
                0x000000000000e9d8       0x10 ./User/process.o
                0x000000000000e9d8                OD_RGB6_extension
 .rodata.OD_RGB7_extension
                0x000000000000e9e8       0x10 ./User/process.o
                0x000000000000e9e8                OD_RGB7_extension
 .rodata.OD_RGB8_extension
                0x000000000000e9f8       0x10 ./User/process.o
                0x000000000000e9f8                OD_RGB8_extension
 .rodata.OD_RGB9_extension
                0x000000000000ea08       0x10 ./User/process.o
                0x000000000000ea08                OD_RGB9_extension
 .rodata.OD_RGBMAP_extension
                0x000000000000ea18       0x10 ./User/process.o
                0x000000000000ea18                OD_RGBMAP_extension
 .rodata.OD_RPMCONFIG_extension
                0x000000000000ea28       0x10 ./User/process.o
                0x000000000000ea28                OD_RPMCONFIG_extension
 .rodata.OD_SEG_extension
                0x000000000000ea38       0x10 ./User/process.o
                0x000000000000ea38                OD_SEG_extension
 .rodata.OD_VRegiters_extension
                0x000000000000ea48       0x10 ./User/process.o
                0x000000000000ea48                OD_VRegiters_extension
 .rodata.writeADC.isra.12.cst4
                0x000000000000ea58        0x4 ./User/process.o
 .rodata.StartDefaultTask.cst4
                0x000000000000ea58        0x4 ./User/system_init.o
 .rodata.StartDefaultTask.str1.4
                0x000000000000ea58       0x41 ./User/system_init.o
 *fill*         0x000000000000ea99        0x3 
 .rodata.str1.4
                0x000000000000ea9c       0x44 ./User/system_init.o
 .rodata.GetRPM.cst4
                0x000000000000eae0        0x4 ./HAL_LIB/hw_lib_din.o
 *fill*         0x000000000000eae4        0x4 
 .rodata.GetRPM.cst8
                0x000000000000eae8        0x8 ./HAL_LIB/hw_lib_din.o
 .rodata.vSetRPMConfig.cst4
                0x000000000000eaf0        0x4 ./HAL_LIB/hw_lib_din.o
 .rodata.I2C_FSM
                0x000000000000eaf0       0x30 ./HAL_LIB/hw_lib_eeprom_i2c.o
 .rodata.CSWTCH.3
                0x000000000000eb20       0x10 ./HAL_DRIVER/hal_can_ch32.o
 .rodata.HAL_RTC_IT_Init.str1.4
                0x000000000000eb30        0xa ./HAL_DRIVER/hal_rtc_ch32.o
 *fill*         0x000000000000eb3a        0x2 
 .rodata.pvPortMalloc.str1.4
                0x000000000000eb3c       0x49 ./FreeRTOS/portable/MemMang/heap_4.o
 *fill*         0x000000000000eb85        0x3 
 .rodata.xPortStartScheduler.str1.4
                0x000000000000eb88       0x27 ./FreeRTOS/portable/GCC/RISC-V/port.o
                                         0x49 (size before relaxing)
 *fill*         0x000000000000ebaf        0x1 
 .rodata.xQueueGenericReset.str1.4
                0x000000000000ebb0       0x14 ./FreeRTOS/queue.o
                                         0x35 (size before relaxing)
 .rodata.xTaskGenericNotifyFromISR
                0x000000000000ebc4       0x14 ./FreeRTOS/tasks.o
 .rodata.prvTaskIsTaskSuspended.str1.4
                0x000000000000ebd8       0x14 ./FreeRTOS/tasks.o
                                         0x35 (size before relaxing)
 .rodata.vTaskStartScheduler.str1.4
                0x000000000000ebec        0x5 ./FreeRTOS/tasks.o
 *fill*         0x000000000000ebf1        0x3 
 .rodata.ADC_chennel_ref
                0x000000000000ebf4       0x12 ./DRIVER/hal_adc_ch32.o