Archive member included to satisfy reference by file (symbol)

c:/mounriver/mounriver_studio/toolchain/risc-v embedded gcc/bin/../lib/gcc/riscv-none-embed/8.2.0/rv32imacxw/ilp32\libgcc.a(addsf3.o)
                              ./User/inputs.o (__addsf3)
c:/mounriver/mounriver_studio/toolchain/risc-v embedded gcc/bin/../lib/gcc/riscv-none-embed/8.2.0/rv32imacxw/ilp32\libgcc.a(divsf3.o)
                              ./User/dash_draw.o (__divsf3)
c:/mounriver/mounriver_studio/toolchain/risc-v embedded gcc/bin/../lib/gcc/riscv-none-embed/8.2.0/rv32imacxw/ilp32\libgcc.a(eqsf2.o)
                              ./HWLIB/hw_lib_din.o (__nesf2)
c:/mounriver/mounriver_studio/toolchain/risc-v embedded gcc/bin/../lib/gcc/riscv-none-embed/8.2.0/rv32imacxw/ilp32\libgcc.a(lesf2.o)
                              ./HWLIB/hw_lib_adc.o (__lesf2)
c:/mounriver/mounriver_studio/toolchain/risc-v embedded gcc/bin/../lib/gcc/riscv-none-embed/8.2.0/rv32imacxw/ilp32\libgcc.a(mulsf3.o)
                              ./User/dash_draw.o (__mulsf3)
c:/mounriver/mounriver_studio/toolchain/risc-v embedded gcc/bin/../lib/gcc/riscv-none-embed/8.2.0/rv32imacxw/ilp32\libgcc.a(subsf3.o)
                              ./HWLIB/hw_lib_adc.o (__subsf3)
c:/mounriver/mounriver_studio/toolchain/risc-v embedded gcc/bin/../lib/gcc/riscv-none-embed/8.2.0/rv32imacxw/ilp32\libgcc.a(fixunssfsi.o)
                              ./User/dash_draw.o (__fixunssfsi)
c:/mounriver/mounriver_studio/toolchain/risc-v embedded gcc/bin/../lib/gcc/riscv-none-embed/8.2.0/rv32imacxw/ilp32\libgcc.a(floatsisf.o)
                              ./User/dash_draw.o (__floatsisf)
c:/mounriver/mounriver_studio/toolchain/risc-v embedded gcc/bin/../lib/gcc/riscv-none-embed/8.2.0/rv32imacxw/ilp32\libgcc.a(floatunsisf.o)
                              ./User/dash_draw.o (__floatunsisf)
c:/mounriver/mounriver_studio/toolchain/risc-v embedded gcc/bin/../lib/gcc/riscv-none-embed/8.2.0/rv32imacxw/ilp32\libgcc.a(save-restore.o)
                              ./CANopenNode/301/CO_PDO.o (__riscv_save_12)
c:/mounriver/mounriver_studio/toolchain/risc-v embedded gcc/bin/../lib/gcc/riscv-none-embed/8.2.0/rv32imacxw/ilp32\libgcc.a(_clzsi2.o)
                              c:/mounriver/mounriver_studio/toolchain/risc-v embedded gcc/bin/../lib/gcc/riscv-none-embed/8.2.0/rv32imacxw/ilp32\libgcc.a(addsf3.o) (__clzsi2)
c:/mounriver/mounriver_studio/toolchain/risc-v embedded gcc/bin/../lib/gcc/riscv-none-embed/8.2.0/rv32imacxw/ilp32\libgcc.a(_clz.o)
                              c:/mounriver/mounriver_studio/toolchain/risc-v embedded gcc/bin/../lib/gcc/riscv-none-embed/8.2.0/rv32imacxw/ilp32\libgcc.a(_clzsi2.o) (__clz_tab)
c:/mounriver/mounriver_studio/toolchain/risc-v embedded gcc/bin/../lib/gcc/riscv-none-embed/8.2.0/../../../../riscv-none-embed/lib/rv32imacxw/ilp32\libg_nano.a(lib_a-calloc.o)
                              ./CANopenNode/CANopen.o (calloc)
c:/mounriver/mounriver_studio/toolchain/risc-v embedded gcc/bin/../lib/gcc/riscv-none-embed/8.2.0/../../../../riscv-none-embed/lib/rv32imacxw/ilp32\libg_nano.a(lib_a-impure.o)
                              c:/mounriver/mounriver_studio/toolchain/risc-v embedded gcc/bin/../lib/gcc/riscv-none-embed/8.2.0/../../../../riscv-none-embed/lib/rv32imacxw/ilp32\libg_nano.a(lib_a-calloc.o) (_impure_ptr)
c:/mounriver/mounriver_studio/toolchain/risc-v embedded gcc/bin/../lib/gcc/riscv-none-embed/8.2.0/../../../../riscv-none-embed/lib/rv32imacxw/ilp32\libg_nano.a(lib_a-malloc.o)
                              ./CANopenNode/CANopen.o (free)
c:/mounriver/mounriver_studio/toolchain/risc-v embedded gcc/bin/../lib/gcc/riscv-none-embed/8.2.0/../../../../riscv-none-embed/lib/rv32imacxw/ilp32\libg_nano.a(lib_a-memcpy.o)
                              ./User/process.o (memcpy)
c:/mounriver/mounriver_studio/toolchain/risc-v embedded gcc/bin/../lib/gcc/riscv-none-embed/8.2.0/../../../../riscv-none-embed/lib/rv32imacxw/ilp32\libg_nano.a(lib_a-memmove.o)
                              ./CANopenNode/301/CO_SDOserver.o (memmove)
c:/mounriver/mounriver_studio/toolchain/risc-v embedded gcc/bin/../lib/gcc/riscv-none-embed/8.2.0/../../../../riscv-none-embed/lib/rv32imacxw/ilp32\libg_nano.a(lib_a-memset.o)
                              ./User/DataModel.o (memset)
c:/mounriver/mounriver_studio/toolchain/risc-v embedded gcc/bin/../lib/gcc/riscv-none-embed/8.2.0/../../../../riscv-none-embed/lib/rv32imacxw/ilp32\libg_nano.a(lib_a-nano-callocr.o)
                              c:/mounriver/mounriver_studio/toolchain/risc-v embedded gcc/bin/../lib/gcc/riscv-none-embed/8.2.0/../../../../riscv-none-embed/lib/rv32imacxw/ilp32\libg_nano.a(lib_a-calloc.o) (_calloc_r)
c:/mounriver/mounriver_studio/toolchain/risc-v embedded gcc/bin/../lib/gcc/riscv-none-embed/8.2.0/../../../../riscv-none-embed/lib/rv32imacxw/ilp32\libg_nano.a(lib_a-nano-freer.o)
[...]
Memory Configuration

Name             Origin             Length             Attributes
FLASH            0x0000000000000000 0x0000000000010000 xr
RAM              0x0000000020000000 0x0000000000005000 xrw
*default*        0x0000000000000000 0xffffffffffffffff

Linker script and memory map

LOAD ./User/CanOpenNode.o
LOAD ./User/DataModel.o
LOAD ./User/ch32v20x_it.o
LOAD ./User/dash_draw.o
LOAD ./User/init.o
LOAD ./User/inputs.o
LOAD ./User/led.o
LOAD ./User/main.o
LOAD ./User/process.o
LOAD ./User/system_ch32v20x.o
LOAD ./User/system_init.o
LOAD ./Startup/startup_ch32v20x_D6.o
LOAD ./Peripheral/src/ch32v20x_adc.o
LOAD ./Peripheral/src/ch32v20x_bkp.o
LOAD ./Peripheral/src/ch32v20x_can.o
LOAD ./Peripheral/src/ch32v20x_crc.o
LOAD ./Peripheral/src/ch32v20x_dbgmcu.o
LOAD ./Peripheral/src/ch32v20x_dma.o
LOAD ./Peripheral/src/ch32v20x_exti.o
LOAD ./Peripheral/src/ch32v20x_flash.o
LOAD ./Peripheral/src/ch32v20x_gpio.o
LOAD ./Peripheral/src/ch32v20x_i2c.o
LOAD ./Peripheral/src/ch32v20x_iwdg.o
LOAD ./Peripheral/src/ch32v20x_misc.o
LOAD ./Peripheral/src/ch32v20x_opa.o
LOAD ./Peripheral/src/ch32v20x_pwr.o
LOAD ./Peripheral/src/ch32v20x_rcc.o
LOAD ./Peripheral/src/ch32v20x_rtc.o
LOAD ./Peripheral/src/ch32v20x_spi.o
LOAD ./Peripheral/src/ch32v20x_tim.o
LOAD ./Peripheral/src/ch32v20x_usart.o
LOAD ./Peripheral/src/ch32v20x_wwdg.o
LOAD ./HWLIB/hw_lib_adc.o
LOAD ./HWLIB/hw_lib_din.o
LOAD ./HWLIB/hw_lib_eeprom.o
LOAD ./HWLIB/keyboard.o
LOAD ./HAL/hal_adc.o
LOAD ./HAL/hal_can.o
LOAD ./HAL/hal_dma.o
LOAD ./HAL/hal_gpio.o
LOAD ./HAL/hal_i2c.o
LOAD ./HAL/hal_rtc.o
LOAD ./HAL/hal_spi.o
LOAD ./HAL/hal_timers.o
LOAD ./HAL/hal_wdt.o
LOAD ./FreeRTOS/portable/MemMang/heap_4.o
LOAD ./FreeRTOS/portable/GCC/RISC-V/port.o
LOAD ./FreeRTOS/portable/GCC/RISC-V/portASM.o
LOAD ./FreeRTOS/croutine.o
LOAD ./FreeRTOS/event_groups.o
LOAD ./FreeRTOS/list.o
LOAD ./FreeRTOS/queue.o
LOAD ./FreeRTOS/stream_buffer.o
LOAD ./FreeRTOS/tasks.o
LOAD ./FreeRTOS/timers.o
LOAD ./Drivers/filters.o
LOAD ./Debug/debug.o
LOAD ./Core/core_riscv.o
LOAD ./CANopenNode/keypad/CO_driver_ST32F103.o
LOAD ./CANopenNode/keypad/OD.o
LOAD ./CANopenNode/extra/CO_trace.o
LOAD ./CANopenNode/309/CO_gateway_ascii.o
LOAD ./CANopenNode/305/CO_LSSmaster.o
LOAD ./CANopenNode/305/CO_LSSslave.o
LOAD ./CANopenNode/304/CO_GFC.o
LOAD ./CANopenNode/304/CO_SRDO.o
LOAD ./CANopenNode/303/CO_LEDs.o
LOAD ./CANopenNode/301/CO_Emergency.o
LOAD ./CANopenNode/301/CO_HBconsumer.o
LOAD ./CANopenNode/301/CO_NMT_Heartbeat.o
LOAD ./CANopenNode/301/CO_ODinterface.o
LOAD ./CANopenNode/301/CO_PDO.o
LOAD ./CANopenNode/301/CO_SDOclient.o
LOAD ./CANopenNode/301/CO_SDOserver.o
LOAD ./CANopenNode/301/CO_SYNC.o
LOAD ./CANopenNode/301/CO_TIME.o
LOAD ./CANopenNode/301/CO_fifo.o
LOAD ./CANopenNode/301/crc16-ccitt.o
LOAD ./CANopenNode/CANopen.o
LOAD c:/mounriver/mounriver_studio/toolchain/risc-v embedded gcc/bin/../lib/gcc/riscv-none-embed/8.2.0/../../../../riscv-none-embed/lib/rv32imacxw/ilp32\libm.a
LOAD c:/mounriver/mounriver_studio/toolchain/risc-v embedded gcc/bin/../lib/gcc/riscv-none-embed/8.2.0/rv32imacxw/ilp32\libgcc.a
LOAD c:/mounriver/mounriver_studio/toolchain/risc-v embedded gcc/bin/../lib/gcc/riscv-none-embed/8.2.0/../../../../riscv-none-embed/lib/rv32imacxw/ilp32\libg_nano.a
LOAD c:/mounriver/mounriver_studio/toolchain/risc-v embedded gcc/bin/../lib/gcc/riscv-none-embed/8.2.0/../../../../riscv-none-embed/lib/rv32imacxw/ilp32\libc_nano.a
LOAD c:/mounriver/mounriver_studio/toolchain/risc-v embedded gcc/bin/../lib/gcc/riscv-none-embed/8.2.0/rv32imacxw/ilp32\libgcc.a
START GROUP
LOAD c:/mounriver/mounriver_studio/toolchain/risc-v embedded gcc/bin/../lib/gcc/riscv-none-embed/8.2.0/rv32imacxw/ilp32\libgcc.a
LOAD c:/mounriver/mounriver_studio/toolchain/risc-v embedded gcc/bin/../lib/gcc/riscv-none-embed/8.2.0/../../../../riscv-none-embed/lib/rv32imacxw/ilp32\libc_nano.a
LOAD c:/mounriver/mounriver_studio/toolchain/risc-v embedded gcc/bin/../lib/gcc/riscv-none-embed/8.2.0/../../../../riscv-none-embed/lib/rv32imacxw/ilp32\libnosys.a
END GROUP
START GROUP
LOAD c:/mounriver/mounriver_studio/toolchain/risc-v embedded gcc/bin/../lib/gcc/riscv-none-embed/8.2.0/rv32imacxw/ilp32\libgcc.a
LOAD c:/mounriver/mounriver_studio/toolchain/risc-v embedded gcc/bin/../lib/gcc/riscv-none-embed/8.2.0/../../../../riscv-none-embed/lib/rv32imacxw/ilp32\libc_nano.a
LOAD c:/mounriver/mounriver_studio/toolchain/risc-v embedded gcc/bin/../lib/gcc/riscv-none-embed/8.2.0/../../../../riscv-none-embed/lib/rv32imacxw/ilp32\libnosys.a
END GROUP
                0x0000000000000800                __stack_size = 0x800
                [!provide]                        PROVIDE (_stack_size = __stack_size)

.init           0x0000000000000000       0x38
                0x0000000000000000                _sinit = .
                0x0000000000000000                . = ALIGN (0x4)
 *(SORT_NONE(.init))
 .init          0x0000000000000000       0x38 ./Startup/startup_ch32v20x_D6.o
                0x0000000000000000                _start
                0x0000000000000038                . = ALIGN (0x4)
                0x0000000000000038                _einit = .

.vector         0x0000000000000038      0x108
 *(.vector)
 .vector        0x0000000000000038       0xfc ./Startup/startup_ch32v20x_D6.o
                0x0000000000000140                . = ALIGN (0x40)
 *fill*         0x0000000000000134        0xc 

.text           0x0000000000000200     0x8a68
                0x0000000000000200                . = ALIGN (0x4)
 *(.text)
 .text          0x0000000000000200      0x2ee ./FreeRTOS/portable/GCC/RISC-V/portASM.o
                0x0000000000000200                SW_Handler
                0x0000000000000300                xPortStartFirstTask
                0x0000000000000400                pxPortInitialiseStack
 .text          0x00000000000004ee       0x60 c:/mounriver/mounriver_studio/toolchain/risc-v embedded gcc/bin/../lib/gcc/riscv-none-embed/8.2.0/rv32imacxw/ilp32\libgcc.a(save-restore.o)
                0x00000000000004ee                __riscv_save_12
                0x00000000000004f6                __riscv_save_9
                0x00000000000004f6                __riscv_save_11
                0x00000000000004f6                __riscv_save_10
                0x00000000000004f6                __riscv_save_8
                0x0000000000000504                __riscv_save_4
                0x0000000000000504                __riscv_save_6
                0x0000000000000504                __riscv_save_5
                0x0000000000000504                __riscv_save_7
                0x000000000000051e                __riscv_save_3
                0x000000000000051e                __riscv_save_2
                0x000000000000051e                __riscv_save_1
                0x000000000000051e                __riscv_save_0
                0x000000000000052a                __riscv_restore_12
                0x000000000000052e                __riscv_restore_11
                0x000000000000052e                __riscv_restore_9
                0x000000000000052e                __riscv_restore_10
                0x000000000000052e                __riscv_restore_8
                0x0000000000000538                __riscv_restore_5
                0x0000000000000538                __riscv_restore_7
                0x0000000000000538                __riscv_restore_6
                0x0000000000000538                __riscv_restore_4
                0x0000000000000542                __riscv_restore_3
                0x0000000000000542                __riscv_restore_0
                0x0000000000000542                __riscv_restore_2
                0x0000000000000542                __riscv_restore_1
 .text          0x000000000000054e       0xa8 c:/mounriver/mounriver_studio/toolchain/risc-v embedded gcc/bin/../lib/gcc/riscv-none-embed/8.2.0/../../../../riscv-none-embed/lib/rv32imacxw/ilp32\libg_nano.a(lib_a-memset.o)
                0x000000000000054e                memset
 *(.text.*)
 .text.setReg32
                0x00000000000005f6       0x1e ./User/DataModel.o
                0x00000000000005f6                setReg32
 .text.setReg16
                0x0000000000000614       0x12 ./User/DataModel.o
                0x0000000000000614                setReg16
 .text.DataModel_Init
                0x0000000000000626      0x3de ./User/DataModel.o
                0x0000000000000626                DataModel_Init
 .text.setReg8  0x0000000000000a04        0xe ./User/DataModel.o
                0x0000000000000a04                setReg8
 .text.setReg   0x0000000000000a12       0x58 ./User/DataModel.o
                0x0000000000000a12                setReg
 .text.getReg16
                0x0000000000000a6a       0x14 ./User/DataModel.o
                0x0000000000000a6a                getReg16
 .text.getReg32
                0x0000000000000a7e       0x1e ./User/DataModel.o
                0x0000000000000a7e                getReg32
 .text.getReg8  0x0000000000000a9c        0xe ./User/DataModel.o
                0x0000000000000a9c                getReg8
 .text.vIncrementSystemCounters
                0x0000000000000aaa       0x12 ./User/DataModel.o
                0x0000000000000aaa                vIncrementSystemCounters
 .text.vSaveData
                0x0000000000000abc       0x2a ./User/DataModel.o
                0x0000000000000abc                vSaveData
 .text.getOdometr
                0x0000000000000ae6        0x4 ./User/DataModel.o
                0x0000000000000ae6                getOdometr
 .text.NMI_Handler
                0x0000000000000aea        0x2 ./User/ch32v20x_it.o
                0x0000000000000aea                NMI_Handler
 .text.HardFault_Handler
                0x0000000000000aec       0x66 ./User/ch32v20x_it.o
                0x0000000000000aec                HardFault_Handler
 .text.ADC1_2_IRQHandler
                0x0000000000000b52       0x26 ./User/ch32v20x_it.o
                0x0000000000000b52                ADC1_2_IRQHandler
 .text.xProcessTaskHandle
                0x0000000000000b78        0xa ./User/dash_draw.o
                0x0000000000000b78                xProcessTaskHandle
 .text.getODValue
                0x0000000000000b82       0xca ./User/dash_draw.o
                0x0000000000000b82                getODValue
 .text.vRGBOff  0x0000000000000c4c       0x26 ./User/dash_draw.o
                0x0000000000000c4c                vRGBOff
 .text.vGetEdgeData
                0x0000000000000c72       0x26 ./User/dash_draw.o
                0x0000000000000c72                vGetEdgeData
 .text.vRGBMode
                0x0000000000000c98       0xbe ./User/dash_draw.o
                0x0000000000000c98                vRGBMode
 .text.vBarColorMode
                0x0000000000000d56       0xc2 ./User/dash_draw.o
                0x0000000000000d56                vBarColorMode
 .text.vBarWindowMode
                0x0000000000000e18       0x5a ./User/dash_draw.o
                0x0000000000000e18                vBarWindowMode
 .text.vBarMode
                0x0000000000000e72       0x66 ./User/dash_draw.o
                0x0000000000000e72                vBarMode
 .text.vRedrawTask
                0x0000000000000ed8      0x16c ./User/dash_draw.o
                0x0000000000000ed8                vRedrawTask
 .text.vInit_DeviceConfig
                0x0000000000001044      0x144 ./User/init.o
                0x0000000000001044                vInit_DeviceConfig
 .text.ADC1_Event
                0x0000000000001188       0x48 ./User/inputs.o
                0x0000000000001188                ADC1_Event
 .text.getInputsTaskHandle
                0x00000000000011d0        0xa ./User/inputs.o
                0x00000000000011d0                getInputsTaskHandle
 .text.ADC1_Init
                0x00000000000011da       0x58 ./User/inputs.o
                0x00000000000011da                ADC1_Init
 .text.ADC_FSM  0x0000000000001232       0x92 ./User/inputs.o
                0x0000000000001232                ADC_FSM
 .text.GetAIN   0x00000000000012c4        0xc ./User/inputs.o
                0x00000000000012c4                GetAIN
 .text.InputsNotifyTaskToInit
                0x00000000000012d0       0x28 ./User/inputs.o
                0x00000000000012d0                InputsNotifyTaskToInit
 .text.vInputsTask
                0x00000000000012f8       0x8c ./User/inputs.o
                0x00000000000012f8                vInputsTask
 .text.SPI1_DMA_Callback
                0x0000000000001384       0x38 ./User/led.o
                0x0000000000001384                SPI1_DMA_Callback
 .text.SPI2_DMA_Callback
                0x00000000000013bc       0x3e ./User/led.o
                0x00000000000013bc                SPI2_DMA_Callback
 .text.SetBarState
                0x00000000000013fa       0x50 ./User/led.o
                0x00000000000013fa                SetBarState
 .text.vSetInitBrigth
                0x000000000000144a        0x2 ./User/led.o
                0x000000000000144a                vSetInitBrigth
 .text.SetRGB   0x000000000000144c       0xa0 ./User/led.o
                0x000000000000144c                SetRGB
 .text.SetSegDirect
                0x00000000000014ec       0x6a ./User/led.o
                0x00000000000014ec                SetSegDirect
 .text.SetSEG   0x0000000000001556       0x90 ./User/led.o
                0x0000000000001556                SetSEG
 .text.SetBigSeg
                0x00000000000015e6       0x14 ./User/led.o
                0x00000000000015e6                SetBigSeg
 .text.vLedDriverStart
                0x00000000000015fa       0x70 ./User/led.o
                0x00000000000015fa                vLedDriverStart
 .text.vLedProcess
                0x000000000000166a       0x48 ./User/led.o
                0x000000000000166a                vLedProcess
 .text.startup.main
                0x00000000000016b2       0x42 ./User/main.o
                0x00000000000016b2                main
 .text.SystemInit
                0x00000000000016f4       0xee ./User/system_ch32v20x.o
                0x00000000000016f4                SystemInit
 .text.SystemCoreClockUpdate
                0x00000000000017e2       0x92 ./User/system_ch32v20x.o
                0x00000000000017e2                SystemCoreClockUpdate
 .text.StartDefaultTask
                0x0000000000001874      0x1f4 ./User/system_init.o
 .text.vApplicationGetIdleTaskMemory
                0x0000000000001a68       0x18 ./User/system_init.o
                0x0000000000001a68                vApplicationGetIdleTaskMemory
 .text.vApplicationGetTimerTaskMemory
                0x0000000000001a80       0x18 ./User/system_init.o
                0x0000000000001a80                vApplicationGetTimerTaskMemory
 .text.vSYStaskInit
                0x0000000000001a98       0x84 ./User/system_init.o
                0x0000000000001a98                vSYStaskInit
 .text.vSYSqueueInit
                0x0000000000001b1c        0x2 ./User/system_init.o
                0x0000000000001b1c                vSYSqueueInit
 .text.vSYSeventInit
                0x0000000000001b1e        0x2 ./User/system_init.o
                0x0000000000001b1e                vSYSeventInit
 .text.vector_handler
                0x0000000000001b20       0x6c ./Startup/startup_ch32v20x_D6.o
                0x0000000000001b24                Ecall_M_Mode_Handler
                0x0000000000001b26                Ecall_U_Mode_Handler
                0x0000000000001b28                Break_Point_Handler
                0x0000000000001b2e                WWDG_IRQHandler
                0x0000000000001b30                PVD_IRQHandler
                0x0000000000001b32                TAMPER_IRQHandler
                0x0000000000001b36                FLASH_IRQHandler
                0x0000000000001b38                RCC_IRQHandler
                0x0000000000001b3a                EXTI0_IRQHandler
                0x0000000000001b3c                EXTI1_IRQHandler
                0x0000000000001b3e                EXTI2_IRQHandler
                0x0000000000001b40                EXTI3_IRQHandler
                0x0000000000001b42                EXTI4_IRQHandler
                0x0000000000001b46                DMA1_Channel2_IRQHandler
                0x0000000000001b4e                DMA1_Channel6_IRQHandler
                0x0000000000001b5c                EXTI9_5_IRQHandler
                0x0000000000001b5e                TIM1_BRK_IRQHandler
                0x0000000000001b60                TIM1_UP_IRQHandler
                0x0000000000001b62                TIM1_TRG_COM_IRQHandler
                0x0000000000001b64                TIM1_CC_IRQHandler
                0x0000000000001b74                SPI1_IRQHandler
                0x0000000000001b76                SPI2_IRQHandler
                0x0000000000001b78                USART1_IRQHandler
                0x0000000000001b7a                USART2_IRQHandler
                0x0000000000001b7c                USART3_IRQHandler
                0x0000000000001b7e                EXTI15_10_IRQHandler
                0x0000000000001b80                RTCAlarm_IRQHandler
                0x0000000000001b82                USBWakeUp_IRQHandler
                0x0000000000001b84                USBHD_IRQHandler
                0x0000000000001b86                USBHDWakeUp_IRQHandler
                0x0000000000001b88                UART4_IRQHandler
                0x0000000000001b8a                DMA1_Channel8_IRQHandler
 .text.handle_reset
                0x0000000000001b8c       0x92 ./Startup/startup_ch32v20x_D6.o
                0x0000000000001b8c                handle_reset
 .text.ADC_DeInit
                0x0000000000001c1e       0x46 ./Peripheral/src/ch32v20x_adc.o
                0x0000000000001c1e                ADC_DeInit
 .text.ADC_Init
                0x0000000000001c64       0x56 ./Peripheral/src/ch32v20x_adc.o
                0x0000000000001c64                ADC_Init
 .text.ADC_Cmd  0x0000000000001cba       0x10 ./Peripheral/src/ch32v20x_adc.o
                0x0000000000001cba                ADC_Cmd
 .text.ADC_DMACmd
                0x0000000000001cca       0x12 ./Peripheral/src/ch32v20x_adc.o
                0x0000000000001cca                ADC_DMACmd
 .text.ADC_ResetCalibration
                0x0000000000001cdc        0xa ./Peripheral/src/ch32v20x_adc.o
                0x0000000000001cdc                ADC_ResetCalibration
 .text.ADC_GetResetCalibrationStatus
                0x0000000000001ce6        0x8 ./Peripheral/src/ch32v20x_adc.o
                0x0000000000001ce6                ADC_GetResetCalibrationStatus
 .text.ADC_StartCalibration
                0x0000000000001cee        0xa ./Peripheral/src/ch32v20x_adc.o
                0x0000000000001cee                ADC_StartCalibration
 .text.ADC_GetCalibrationStatus
                0x0000000000001cf8        0x8 ./Peripheral/src/ch32v20x_adc.o
                0x0000000000001cf8                ADC_GetCalibrationStatus
 .text.ADC_SoftwareStartConvCmd
                0x0000000000001d00       0x18 ./Peripheral/src/ch32v20x_adc.o
                0x0000000000001d00                ADC_SoftwareStartConvCmd
 .text.ADC_RegularChannelConfig
                0x0000000000001d18       0xb8 ./Peripheral/src/ch32v20x_adc.o
                0x0000000000001d18                ADC_RegularChannelConfig
 .text.ADC_ExternalTrigConvCmd
                0x0000000000001dd0       0x18 ./Peripheral/src/ch32v20x_adc.o
                0x0000000000001dd0                ADC_ExternalTrigConvCmd
 .text.ADC_GetITStatus
                0x0000000000001de8       0x1c ./Peripheral/src/ch32v20x_adc.o
                0x0000000000001de8                ADC_GetITStatus
 .text.ADC_ClearITPendingBit
                0x0000000000001e04        0xa ./Peripheral/src/ch32v20x_adc.o
                0x0000000000001e04                ADC_ClearITPendingBit
 .text.ADC_BufferCmd
                0x0000000000001e0e       0x18 ./Peripheral/src/ch32v20x_adc.o
                0x0000000000001e0e                ADC_BufferCmd
 .text.Get_CalibrationValue
                0x0000000000001e26      0x1fa ./Peripheral/src/ch32v20x_adc.o
                0x0000000000001e26                Get_CalibrationValue
 .text.BKP_DeInit
                0x0000000000002020       0x14 ./Peripheral/src/ch32v20x_bkp.o
                0x0000000000002020                BKP_DeInit
 .text.CAN_GetFlagStatus
                0x0000000000002034       0x56 ./Peripheral/src/ch32v20x_can.o
                0x0000000000002034                CAN_GetFlagStatus
 .text.CAN_ClearFlag
                0x000000000000208a       0x40 ./Peripheral/src/ch32v20x_can.o
                0x000000000000208a                CAN_ClearFlag
 .text.CAN_ClearITPendingBit
                0x00000000000020ca       0x94 ./Peripheral/src/ch32v20x_can.o
                0x00000000000020ca                CAN_ClearITPendingBit
 .text.DMA_Init
                0x000000000000215e       0x38 ./Peripheral/src/ch32v20x_dma.o
                0x000000000000215e                DMA_Init
 .text.DMA_Cmd  0x0000000000002196       0x14 ./Peripheral/src/ch32v20x_dma.o
                0x0000000000002196                DMA_Cmd
 .text.DMA_ITConfig
                0x00000000000021aa       0x12 ./Peripheral/src/ch32v20x_dma.o
                0x00000000000021aa                DMA_ITConfig
 .text.DMA_SetCurrDataCounter
                0x00000000000021bc        0x4 ./Peripheral/src/ch32v20x_dma.o
                0x00000000000021bc                DMA_SetCurrDataCounter
 .text.DMA_GetFlagStatus
                0x00000000000021c0        0xe ./Peripheral/src/ch32v20x_dma.o
                0x00000000000021c0                DMA_GetFlagStatus
 .text.DMA_GetITStatus
                0x00000000000021ce        0xa ./Peripheral/src/ch32v20x_dma.o
                0x00000000000021ce                DMA_GetITStatus
 .text.DMA_ClearITPendingBit
                0x00000000000021d8        0x8 ./Peripheral/src/ch32v20x_dma.o
                0x00000000000021d8                DMA_ClearITPendingBit
 .text.GPIO_Init
                0x00000000000021e0       0xfa ./Peripheral/src/ch32v20x_gpio.o
                0x00000000000021e0                GPIO_Init
 .text.GPIO_SetBits
                0x00000000000022da       0x18 ./Peripheral/src/ch32v20x_gpio.o
                0x00000000000022da                GPIO_SetBits
 .text.GPIO_ResetBits
                0x00000000000022f2       0x18 ./Peripheral/src/ch32v20x_gpio.o
                0x00000000000022f2                GPIO_ResetBits
 .text.GPIO_PinRemapConfig
                0x000000000000230a       0xf2 ./Peripheral/src/ch32v20x_gpio.o
                0x000000000000230a                GPIO_PinRemapConfig
 .text.I2C_Init
                0x00000000000023fc       0xf2 ./Peripheral/src/ch32v20x_i2c.o
                0x00000000000023fc                I2C_Init
 .text.I2C_Cmd  0x00000000000024ee       0x18 ./Peripheral/src/ch32v20x_i2c.o
                0x00000000000024ee                I2C_Cmd
 .text.I2C_GenerateSTART
                0x0000000000002506       0x1a ./Peripheral/src/ch32v20x_i2c.o
                0x0000000000002506                I2C_GenerateSTART
 .text.I2C_GenerateSTOP
                0x0000000000002520       0x1a ./Peripheral/src/ch32v20x_i2c.o
                0x0000000000002520                I2C_GenerateSTOP
 .text.I2C_AcknowledgeConfig
                0x000000000000253a       0x1a ./Peripheral/src/ch32v20x_i2c.o
                0x000000000000253a                I2C_AcknowledgeConfig
 .text.I2C_DualAddressCmd
                0x0000000000002554       0x18 ./Peripheral/src/ch32v20x_i2c.o
                0x0000000000002554                I2C_DualAddressCmd
 .text.I2C_ITConfig
                0x000000000000256c       0x12 ./Peripheral/src/ch32v20x_i2c.o
                0x000000000000256c                I2C_ITConfig
 .text.I2C_SendData
                0x000000000000257e        0x4 ./Peripheral/src/ch32v20x_i2c.o
                0x000000000000257e                I2C_SendData
 .text.I2C_ReceiveData
                0x0000000000002582        0x8 ./Peripheral/src/ch32v20x_i2c.o
                0x0000000000002582                I2C_ReceiveData
 .text.I2C_Send7bitAddress
                0x000000000000258a       0x12 ./Peripheral/src/ch32v20x_i2c.o
                0x000000000000258a                I2C_Send7bitAddress
 .text.I2C_ReadRegister
                0x000000000000259c       0x14 ./Peripheral/src/ch32v20x_i2c.o
                0x000000000000259c                I2C_ReadRegister
 .text.I2C_GetFlagStatus
                0x00000000000025b0       0x32 ./Peripheral/src/ch32v20x_i2c.o
                0x00000000000025b0                I2C_GetFlagStatus
 .text.I2C_ClearFlag
                0x00000000000025e2        0xc ./Peripheral/src/ch32v20x_i2c.o
                0x00000000000025e2                I2C_ClearFlag
 .text.NVIC_PriorityGroupConfig
                0x00000000000025ee        0xa ./Peripheral/src/ch32v20x_misc.o
                0x00000000000025ee                NVIC_PriorityGroupConfig
 .text.NVIC_Init
                0x00000000000025f8       0xaa ./Peripheral/src/ch32v20x_misc.o
                0x00000000000025f8                NVIC_Init
 .text.PWR_BackupAccessCmd
                0x00000000000026a2       0x16 ./Peripheral/src/ch32v20x_pwr.o
                0x00000000000026a2                PWR_BackupAccessCmd
 .text.RCC_ADCCLKConfig
                0x00000000000026b8       0x12 ./Peripheral/src/ch32v20x_rcc.o
                0x00000000000026b8                RCC_ADCCLKConfig
 .text.RCC_LSEConfig
                0x00000000000026ca       0x28 ./Peripheral/src/ch32v20x_rcc.o
                0x00000000000026ca                RCC_LSEConfig
 .text.RCC_RTCCLKConfig
                0x00000000000026f2        0xc ./Peripheral/src/ch32v20x_rcc.o
                0x00000000000026f2                RCC_RTCCLKConfig
 .text.RCC_RTCCLKCmd
                0x00000000000026fe       0x20 ./Peripheral/src/ch32v20x_rcc.o
                0x00000000000026fe                RCC_RTCCLKCmd
 .text.RCC_GetClocksFreq
                0x000000000000271e       0xbe ./Peripheral/src/ch32v20x_rcc.o
                0x000000000000271e                RCC_GetClocksFreq
 .text.RCC_AHBPeriphClockCmd
                0x00000000000027dc       0x1e ./Peripheral/src/ch32v20x_rcc.o
                0x00000000000027dc                RCC_AHBPeriphClockCmd
 .text.RCC_APB2PeriphClockCmd
                0x00000000000027fa       0x1e ./Peripheral/src/ch32v20x_rcc.o
                0x00000000000027fa                RCC_APB2PeriphClockCmd
 .text.RCC_APB1PeriphClockCmd
                0x0000000000002818       0x1e ./Peripheral/src/ch32v20x_rcc.o
                0x0000000000002818                RCC_APB1PeriphClockCmd
 .text.RCC_APB2PeriphResetCmd
                0x0000000000002836       0x1e ./Peripheral/src/ch32v20x_rcc.o
                0x0000000000002836                RCC_APB2PeriphResetCmd
 .text.RCC_APB1PeriphResetCmd
                0x0000000000002854       0x1e ./Peripheral/src/ch32v20x_rcc.o
                0x0000000000002854                RCC_APB1PeriphResetCmd
 .text.RCC_BackupResetCmd
                0x0000000000002872       0x20 ./Peripheral/src/ch32v20x_rcc.o
                0x0000000000002872                RCC_BackupResetCmd
 .text.RCC_GetFlagStatus
                0x0000000000002892       0x2e ./Peripheral/src/ch32v20x_rcc.o
                0x0000000000002892                RCC_GetFlagStatus
 .text.RTC_ITConfig
                0x00000000000028c0       0x1a ./Peripheral/src/ch32v20x_rtc.o
                0x00000000000028c0                RTC_ITConfig
 .text.RTC_EnterConfigMode
                0x00000000000028da       0x12 ./Peripheral/src/ch32v20x_rtc.o
                0x00000000000028da                RTC_EnterConfigMode
 .text.RTC_ExitConfigMode
                0x00000000000028ec       0x18 ./Peripheral/src/ch32v20x_rtc.o
                0x00000000000028ec                RTC_ExitConfigMode
 .text.RTC_SetPrescaler
                0x0000000000002904       0x2a ./Peripheral/src/ch32v20x_rtc.o
                0x0000000000002904                RTC_SetPrescaler
 .text.RTC_WaitForLastTask
                0x000000000000292e       0x10 ./Peripheral/src/ch32v20x_rtc.o
                0x000000000000292e                RTC_WaitForLastTask
 .text.RTC_WaitForSynchro
                0x000000000000293e       0x24 ./Peripheral/src/ch32v20x_rtc.o
                0x000000000000293e                RTC_WaitForSynchro
 .text.RTC_ClearFlag
                0x0000000000002962       0x14 ./Peripheral/src/ch32v20x_rtc.o
                0x0000000000002962                RTC_ClearFlag
 .text.RTC_GetITStatus
                0x0000000000002976       0x20 ./Peripheral/src/ch32v20x_rtc.o
                0x0000000000002976                RTC_GetITStatus
 .text.RTC_ClearITPendingBit
                0x0000000000002996        0xa ./Peripheral/src/ch32v20x_rtc.o
                0x0000000000002996                RTC_ClearITPendingBit
 .text.SPI_I2S_DeInit
                0x00000000000029a0       0x36 ./Peripheral/src/ch32v20x_spi.o
                0x00000000000029a0                SPI_I2S_DeInit
 .text.SPI_Init
                0x00000000000029d6       0x3e ./Peripheral/src/ch32v20x_spi.o
                0x00000000000029d6                SPI_Init
 .text.SPI_Cmd  0x0000000000002a14       0x1a ./Peripheral/src/ch32v20x_spi.o
                0x0000000000002a14                SPI_Cmd
 .text.SPI_I2S_DMACmd
                0x0000000000002a2e       0x12 ./Peripheral/src/ch32v20x_spi.o
                0x0000000000002a2e                SPI_I2S_DMACmd
 .text.SPI_I2S_GetFlagStatus
                0x0000000000002a40        0xa ./Peripheral/src/ch32v20x_spi.o
                0x0000000000002a40                SPI_I2S_GetFlagStatus
 .text.SPI_I2S_ClearFlag
                0x0000000000002a4a        0xc ./Peripheral/src/ch32v20x_spi.o
                0x0000000000002a4a                SPI_I2S_ClearFlag
 .text.TIM_DeInit
                0x0000000000002a56       0x8a ./Peripheral/src/ch32v20x_tim.o
                0x0000000000002a56                TIM_DeInit
 .text.TIM_TimeBaseInit
                0x0000000000002ae0       0x6a ./Peripheral/src/ch32v20x_tim.o
                0x0000000000002ae0                TIM_TimeBaseInit
 .text.TIM_OC1Init
                0x0000000000002b4a       0x6a ./Peripheral/src/ch32v20x_tim.o
                0x0000000000002b4a                TIM_OC1Init
 .text.TIM_OC2Init
                0x0000000000002bb4       0x96 ./Peripheral/src/ch32v20x_tim.o
                0x0000000000002bb4                TIM_OC2Init
 .text.TIM_OC3Init
                0x0000000000002c4a       0x94 ./Peripheral/src/ch32v20x_tim.o
                0x0000000000002c4a                TIM_OC3Init
 .text.TIM_OC4Init
                0x0000000000002cde       0x6c ./Peripheral/src/ch32v20x_tim.o
                0x0000000000002cde                TIM_OC4Init
 .text.TIM_TimeBaseStructInit
                0x0000000000002d4a       0x16 ./Peripheral/src/ch32v20x_tim.o
                0x0000000000002d4a                TIM_TimeBaseStructInit
 .text.TIM_Cmd  0x0000000000002d60       0x18 ./Peripheral/src/ch32v20x_tim.o
                0x0000000000002d60                TIM_Cmd
 .text.TIM_CtrlPWMOutputs
                0x0000000000002d78       0x16 ./Peripheral/src/ch32v20x_tim.o
                0x0000000000002d78                TIM_CtrlPWMOutputs
 .text.TIM_ITConfig
                0x0000000000002d8e       0x12 ./Peripheral/src/ch32v20x_tim.o
                0x0000000000002d8e                TIM_ITConfig
 .text.TIM_InternalClockConfig
                0x0000000000002da0       0x10 ./Peripheral/src/ch32v20x_tim.o
                0x0000000000002da0                TIM_InternalClockConfig
 .text.TIM_ARRPreloadConfig
                0x0000000000002db0       0x1a ./Peripheral/src/ch32v20x_tim.o
                0x0000000000002db0                TIM_ARRPreloadConfig
 .text.TIM_OC1PreloadConfig
                0x0000000000002dca        0xe ./Peripheral/src/ch32v20x_tim.o
                0x0000000000002dca                TIM_OC1PreloadConfig
 .text.TIM_OC2PreloadConfig
                0x0000000000002dd8       0x16 ./Peripheral/src/ch32v20x_tim.o
                0x0000000000002dd8                TIM_OC2PreloadConfig
 .text.TIM_OC3PreloadConfig
                0x0000000000002dee        0xe ./Peripheral/src/ch32v20x_tim.o
                0x0000000000002dee                TIM_OC3PreloadConfig
 .text.TIM_OC4PreloadConfig
                0x0000000000002dfc       0x16 ./Peripheral/src/ch32v20x_tim.o
                0x0000000000002dfc                TIM_OC4PreloadConfig
 .text.TIM_GetITStatus
                0x0000000000002e12       0x18 ./Peripheral/src/ch32v20x_tim.o
                0x0000000000002e12                TIM_GetITStatus
 .text.TIM_ClearITPendingBit
                0x0000000000002e2a        0xc ./Peripheral/src/ch32v20x_tim.o
                0x0000000000002e2a                TIM_ClearITPendingBit
 .text.USART_Init
                0x0000000000002e36       0xbc ./Peripheral/src/ch32v20x_usart.o
                0x0000000000002e36                USART_Init
 .text.USART_Cmd
                0x0000000000002ef2       0x16 ./Peripheral/src/ch32v20x_usart.o
                0x0000000000002ef2                USART_Cmd
 .text.USART_SendData
                0x0000000000002f08        0x8 ./Peripheral/src/ch32v20x_usart.o
                0x0000000000002f08                USART_SendData
 .text.USART_GetFlagStatus
                0x0000000000002f10        0xa ./Peripheral/src/ch32v20x_usart.o
                0x0000000000002f10                USART_GetFlagStatus
 .text.vAINInit
                0x0000000000002f1a       0x36 ./HWLIB/hw_lib_adc.o
                0x0000000000002f1a                vAINInit
 .text.getADC1Buffer
                0x0000000000002f50        0xa ./HWLIB/hw_lib_adc.o
                0x0000000000002f50                getADC1Buffer
 .text.xGetDIN  0x0000000000002f5a       0x24 ./HWLIB/hw_lib_din.o
                0x0000000000002f5a                xGetDIN
 .text.xGetRPM  0x0000000000002f7e       0x72 ./HWLIB/hw_lib_din.o
                0x0000000000002f7e                xGetRPM
 .text.vInitEEPROM
                0x0000000000002ff0       0x18 ./HWLIB/hw_lib_eeprom.o
                0x0000000000002ff0                vInitEEPROM
 .text.xGetEEPROM
                0x0000000000003008        0xa ./HWLIB/hw_lib_eeprom.o
                0x0000000000003008                xGetEEPROM
 .text.eEEPROMWr
                0x0000000000003012       0xb0 ./HWLIB/hw_lib_eeprom.o
                0x0000000000003012                eEEPROMWr
 .text.eEEPROMRd
                0x00000000000030c2       0x34 ./HWLIB/hw_lib_eeprom.o
                0x00000000000030c2                eEEPROMRd
 .text.Get_ConversionVal
                0x00000000000030f6       0x2e ./HAL/hal_adc.o
                0x00000000000030f6                Get_ConversionVal
 .text.HAL_ADC_CommonConfig
                0x0000000000003124        0xe ./HAL/hal_adc.o
                0x0000000000003124                HAL_ADC_CommonConfig
 .text.HAL_ADC_ContiniusScanCinvertionDMA
                0x0000000000003132       0xd6 ./HAL/hal_adc.o
                0x0000000000003132                HAL_ADC_ContiniusScanCinvertionDMA
 .text.USB_HP_CAN1_TX_IRQHandler
                0x0000000000003208       0xd6 ./HAL/hal_can.o
                0x0000000000003208                USB_HP_CAN1_TX_IRQHandler
 .text.USB_LP_CAN1_RX0_IRQHandler
                0x00000000000032de       0x62 ./HAL/hal_can.o
                0x00000000000032de                USB_LP_CAN1_RX0_IRQHandler
 .text.CAN1_RX1_IRQHandler
                0x0000000000003340       0x64 ./HAL/hal_can.o
                0x0000000000003340                CAN1_RX1_IRQHandler
 .text.CAN1_SCE_IRQHandler
                0x00000000000033a4       0x62 ./HAL/hal_can.o
                0x00000000000033a4                CAN1_SCE_IRQHandler
 .text.HAL_DMA_Enable
                0x0000000000003406        0xe ./HAL/hal_dma.o
                0x0000000000003406                HAL_DMA_Enable
 .text.HAL_DMA_Disable
                0x0000000000003414        0xe ./HAL/hal_dma.o
                0x0000000000003414                HAL_DMA_Disable
 .text.HAL_DMA_SetCounter
                0x0000000000003422       0x10 ./HAL/hal_dma.o
                0x0000000000003422                HAL_DMA_SetCounter
 .text.HAL_DMAInitIT
                0x0000000000003432      0x172 ./HAL/hal_dma.o
                0x0000000000003432                HAL_DMAInitIT
 .text.HAL_ADC_StartDMA
                0x00000000000035a4       0x64 ./HAL/hal_dma.o
                0x00000000000035a4                HAL_ADC_StartDMA
 .text.DMA1_Channel1_IRQHandler
                0x0000000000003608       0x64 ./HAL/hal_dma.o
                0x0000000000003608                DMA1_Channel1_IRQHandler
 .text.DMA1_Channel3_IRQHandler
                0x000000000000366c       0x68 ./HAL/hal_dma.o
                0x000000000000366c                DMA1_Channel3_IRQHandler
 .text.DMA1_Channel5_IRQHandler
                0x00000000000036d4       0x66 ./HAL/hal_dma.o
                0x00000000000036d4                DMA1_Channel5_IRQHandler
 .text.DMA1_Channel4_IRQHandler
                0x000000000000373a       0x64 ./HAL/hal_dma.o
                0x000000000000373a                DMA1_Channel4_IRQHandler
 .text.DMA1_Channel7_IRQHandler
                0x000000000000379e       0x68 ./HAL/hal_dma.o
                0x000000000000379e                DMA1_Channel7_IRQHandler
 .text.HAL_InitGpioLib
                0x0000000000003806       0x12 ./HAL/hal_gpio.o
                0x0000000000003806                HAL_InitGpioLib
 .text.HAL_InitGpioRCC
                0x0000000000003818       0xb6 ./HAL/hal_gpio.o
                0x0000000000003818                HAL_InitGpioRCC
 .text.HAL_InitGpioOut
                0x00000000000038ce       0x28 ./HAL/hal_gpio.o
                0x00000000000038ce                HAL_InitGpioOut
 .text.HAL_InitGpioAIN
                0x00000000000038f6       0x26 ./HAL/hal_gpio.o
                0x00000000000038f6                HAL_InitGpioAIN
 .text.HAL_InitGpioIn
                0x000000000000391c       0x28 ./HAL/hal_gpio.o
                0x000000000000391c                HAL_InitGpioIn
 .text.HAL_InitGpioAF
                0x0000000000003944       0x3c ./HAL/hal_gpio.o
                0x0000000000003944                HAL_InitGpioAF
 .text.HAL_SetBit
                0x0000000000003980        0xc ./HAL/hal_gpio.o
                0x0000000000003980                HAL_SetBit
 .text.HAL_ResetBit
                0x000000000000398c        0xc ./HAL/hal_gpio.o
                0x000000000000398c                HAL_ResetBit
 .text.I2C_Master_TransmitIT
                0x0000000000003998       0x8e ./HAL/hal_i2c.o
 .text.I2C_Master_ReviceIT
                0x0000000000003a26       0xa2 ./HAL/hal_i2c.o
 .text.I2C_FSM  0x0000000000003ac8      0x1d6 ./HAL/hal_i2c.o
 .text.InitI2CDMA
                0x0000000000003c9e      0x102 ./HAL/hal_i2c.o
                0x0000000000003c9e                InitI2CDMA
 .text.I2C1_EV_IRQHandler
                0x0000000000003da0       0x4c ./HAL/hal_i2c.o
                0x0000000000003da0                I2C1_EV_IRQHandler
 .text.I2C1_ER_IRQHandler
                0x0000000000003dec       0x4c ./HAL/hal_i2c.o
                0x0000000000003dec                I2C1_ER_IRQHandler
 .text.I2C2_EV_IRQHandler
                0x0000000000003e38       0x4c ./HAL/hal_i2c.o
                0x0000000000003e38                I2C2_EV_IRQHandler
 .text.I2C2_ER_IRQHandler
                0x0000000000003e84       0x4c ./HAL/hal_i2c.o
                0x0000000000003e84                I2C2_ER_IRQHandler
 .text.HAL_RTC_IT_Init
                0x0000000000003ed0       0xb0 ./HAL/hal_rtc.o
                0x0000000000003ed0                HAL_RTC_IT_Init
 .text.RTC_IRQHandler
                0x0000000000003f80       0x64 ./HAL/hal_rtc.o
                0x0000000000003f80                RTC_IRQHandler
 .text.HAL_SPI_InitDMA
                0x0000000000003fe4       0x98 ./HAL/hal_spi.o
                0x0000000000003fe4                HAL_SPI_InitDMA
 .text.HAL_SPI_RXOveleyClear
                0x000000000000407c       0x10 ./HAL/hal_spi.o
                0x000000000000407c                HAL_SPI_RXOveleyClear
 .text.HAL_SPI_GetBusy
                0x000000000000408c       0x16 ./HAL/hal_spi.o
                0x000000000000408c                HAL_SPI_GetBusy
 .text.vTimerInitRCC
                0x00000000000040a2       0x48 ./HAL/hal_timers.o
 .text.TIM4_IRQHandler
                0x00000000000040ea       0x74 ./HAL/hal_timers.o
                0x00000000000040ea                TIM4_IRQHandler
 .text.TIM3_IRQHandler
                0x000000000000415e       0x74 ./HAL/hal_timers.o
                0x000000000000415e                TIM3_IRQHandler
 .text.TIM2_IRQHandler
                0x00000000000041d2       0x6c ./HAL/hal_timers.o
                0x00000000000041d2                TIM2_IRQHandler
 .text.HW_TIMER_BaseTimerInit
                0x000000000000423e       0x4e ./HAL/hal_timers.o
                0x000000000000423e                HW_TIMER_BaseTimerInit
 .text.HAL_TIMER_InitIt
                0x000000000000428c       0xaa ./HAL/hal_timers.o
                0x000000000000428c                HAL_TIMER_InitIt
 .text.HAL_TIMER_PWMTimersInit
                0x0000000000004336       0xf8 ./HAL/hal_timers.o
                0x0000000000004336                HAL_TIMER_PWMTimersInit
 .text.HAL_WDTReset
                0x000000000000442e        0x2 ./HAL/hal_wdt.o
                0x000000000000442e                HAL_WDTReset
 .text.prvInsertBlockIntoFreeList
                0x0000000000004430       0x4c ./FreeRTOS/portable/MemMang/heap_4.o
 .text.vPortFree
                0x000000000000447c       0xa8 ./FreeRTOS/portable/MemMang/heap_4.o
                0x000000000000447c                vPortFree
 .text.vPortSetupTimerInterrupt
                0x0000000000004524       0x3e ./FreeRTOS/portable/GCC/RISC-V/port.o
                0x0000000000004524                vPortSetupTimerInterrupt
 .text.xPortStartScheduler
                0x0000000000004562       0x90 ./FreeRTOS/portable/GCC/RISC-V/port.o
                0x0000000000004562                xPortStartScheduler
 .text.SysTick_Handler
                0x00000000000045f2       0x7c ./FreeRTOS/portable/GCC/RISC-V/port.o
                0x00000000000045f2                SysTick_Handler
 .text.vPortEnterCritical
                0x000000000000466e       0x16 ./FreeRTOS/portable/GCC/RISC-V/port.o
                0x000000000000466e                vPortEnterCritical
 .text.vPortExitCritical
                0x0000000000004684       0x42 ./FreeRTOS/portable/GCC/RISC-V/port.o
                0x0000000000004684                vPortExitCritical
 .text.xPortSetInterruptMask
                0x00000000000046c6        0xc ./FreeRTOS/portable/GCC/RISC-V/port.o
                0x00000000000046c6                xPortSetInterruptMask
 .text.vPortClearInterruptMask
                0x00000000000046d2        0x6 ./FreeRTOS/portable/GCC/RISC-V/port.o
                0x00000000000046d2                vPortClearInterruptMask
 .text.vListInitialise
                0x00000000000046d8       0x14 ./FreeRTOS/list.o
                0x00000000000046d8                vListInitialise
 .text.vListInitialiseItem
                0x00000000000046ec        0x6 ./FreeRTOS/list.o
                0x00000000000046ec                vListInitialiseItem
 .text.vListInsert
                0x00000000000046f2       0x2e ./FreeRTOS/list.o
                0x00000000000046f2                vListInsert
 .text.uxListRemove
                0x0000000000004720       0x20 ./FreeRTOS/list.o
                0x0000000000004720                uxListRemove
 .text.prvIsQueueEmpty
                0x0000000000004740       0x1e ./FreeRTOS/queue.o
 .text.prvCopyDataFromQueue
                0x000000000000475e       0x28 ./FreeRTOS/queue.o
 .text.prvUnlockQueue
                0x0000000000004786       0x76 ./FreeRTOS/queue.o
 .text.xQueueGenericReset
                0x00000000000047fc       0xc4 ./FreeRTOS/queue.o
                0x00000000000047fc                xQueueGenericReset
 .text.xQueueGenericCreateStatic
                0x00000000000048c0       0xae ./FreeRTOS/queue.o
                0x00000000000048c0                xQueueGenericCreateStatic
 .text.xQueueReceive
                0x000000000000496e      0x160 ./FreeRTOS/queue.o
                0x000000000000496e                xQueueReceive
 .text.vQueueAddToRegistry
                0x0000000000004ace       0x6c ./FreeRTOS/queue.o
                0x0000000000004ace                vQueueAddToRegistry
 .text.vQueueWaitForMessageRestricted
                0x0000000000004b3a       0x5c ./FreeRTOS/queue.o
                0x0000000000004b3a                vQueueWaitForMessageRestricted
 .text.prvIdleTask
                0x0000000000004b96        0x2 ./FreeRTOS/tasks.o
 .text.prvAddNewTaskToReadyList
                0x0000000000004b98      0x116 ./FreeRTOS/tasks.o
 .text.prvResetNextTaskUnblockTime
                0x0000000000004cae       0x24 ./FreeRTOS/tasks.o
 .text.prvInitialiseNewTask.isra.2
                0x0000000000004cd2       0xc8 ./FreeRTOS/tasks.o
 .text.prvAddCurrentTaskToDelayedList
                0x0000000000004d9a       0xac ./FreeRTOS/tasks.o
 .text.xTaskCreateStatic
                0x0000000000004e46       0xa6 ./FreeRTOS/tasks.o
                0x0000000000004e46                xTaskCreateStatic
 .text.vTaskStartScheduler
                0x0000000000004eec       0x9c ./FreeRTOS/tasks.o
                0x0000000000004eec                vTaskStartScheduler
 .text.vTaskSuspendAll
                0x0000000000004f88       0x10 ./FreeRTOS/tasks.o
                0x0000000000004f88                vTaskSuspendAll
 .text.xTaskGetTickCount
                0x0000000000004f98        0xa ./FreeRTOS/tasks.o
                0x0000000000004f98                xTaskGetTickCount
 .text.xTaskIncrementTick
                0x0000000000004fa2      0x1ac ./FreeRTOS/tasks.o
                0x0000000000004fa2                xTaskIncrementTick
 .text.xTaskResumeAll
                0x000000000000514e      0x168 ./FreeRTOS/tasks.o
                0x000000000000514e                xTaskResumeAll
 .text.vTaskDelay
                0x00000000000052b6       0x66 ./FreeRTOS/tasks.o
                0x00000000000052b6                vTaskDelay
 .text.vTaskSwitchContext
                0x000000000000531c       0x9a ./FreeRTOS/tasks.o
                0x000000000000531c                vTaskSwitchContext
 .text.vTaskPlaceOnEventList
                0x00000000000053b6       0x48 ./FreeRTOS/tasks.o
                0x00000000000053b6                vTaskPlaceOnEventList
 .text.vTaskPlaceOnEventListRestricted
                0x00000000000053fe       0x76 ./FreeRTOS/tasks.o
                0x00000000000053fe                vTaskPlaceOnEventListRestricted
 .text.xTaskRemoveFromEventList
                0x0000000000005474       0xec ./FreeRTOS/tasks.o
                0x0000000000005474                xTaskRemoveFromEventList
 .text.vTaskInternalSetTimeOutState
                0x0000000000005560       0x16 ./FreeRTOS/tasks.o
                0x0000000000005560                vTaskInternalSetTimeOutState
 .text.xTaskCheckForTimeOut
                0x0000000000005576       0xb2 ./FreeRTOS/tasks.o
                0x0000000000005576                xTaskCheckForTimeOut
 .text.vTaskMissedYield
                0x0000000000005628        0xc ./FreeRTOS/tasks.o
                0x0000000000005628                vTaskMissedYield
 .text.xTaskGetCurrentTaskHandle
                0x0000000000005634        0xa ./FreeRTOS/tasks.o
                0x0000000000005634                xTaskGetCurrentTaskHandle
 .text.xTaskGetSchedulerState
                0x000000000000563e       0x1c ./FreeRTOS/tasks.o
                0x000000000000563e                xTaskGetSchedulerState
 .text.ulTaskGenericNotifyTake
                0x000000000000565a       0xb8 ./FreeRTOS/tasks.o
                0x000000000000565a                ulTaskGenericNotifyTake
 .text.xTaskGenericNotifyWait
                0x0000000000005712       0xe6 ./FreeRTOS/tasks.o
                0x0000000000005712                xTaskGenericNotifyWait
 .text.xTaskGenericNotify
                0x00000000000057f8      0x1b4 ./FreeRTOS/tasks.o
                0x00000000000057f8                xTaskGenericNotify
 .text.xTaskGenericNotifyFromISR
                0x00000000000059ac      0x1f4 ./FreeRTOS/tasks.o
                0x00000000000059ac                xTaskGenericNotifyFromISR
 .text.ulTaskGenericNotifyValueClear
                0x0000000000005ba0       0x3e ./FreeRTOS/tasks.o
                0x0000000000005ba0                ulTaskGenericNotifyValueClear
 .text.prvCheckForValidListAndQueue
                0x0000000000005bde       0x76 ./FreeRTOS/timers.o
 .text.prvInsertTimerInActiveList
                0x0000000000005c54       0x46 ./FreeRTOS/timers.o
 .text.prvReloadTimer
                0x0000000000005c9a       0x2a ./FreeRTOS/timers.o
 .text.prvProcessExpiredTimer
                0x0000000000005cc4       0x46 ./FreeRTOS/timers.o
 .text.prvSwitchTimerLists
                0x0000000000005d0a       0x30 ./FreeRTOS/timers.o
 .text.prvTimerTask
                0x0000000000005d3a      0x198 ./FreeRTOS/timers.o
 .text.xTimerCreateTimerTask
                0x0000000000005ed2       0x76 ./FreeRTOS/timers.o
                0x0000000000005ed2                xTimerCreateTimerTask
 .text.vRCFilter
                0x0000000000005f48       0x30 ./Drivers/filters.o
                0x0000000000005f48                vRCFilter
 .text.Delay_Init
                0x0000000000005f78       0x32 ./Debug/debug.o
                0x0000000000005f78                Delay_Init
 .text.Delay_Ms
                0x0000000000005faa       0x3a ./Debug/debug.o
                0x0000000000005faa                Delay_Ms
 .text.USART_Printf_Init
                0x0000000000005fe4       0x5a ./Debug/debug.o
                0x0000000000005fe4                USART_Printf_Init
 .text._write   0x000000000000603e       0x3e ./Debug/debug.o
                0x000000000000603e                _write
 .text._sbrk    0x000000000000607c       0x2a ./Debug/debug.o
                0x000000000000607c                _sbrk
 .text.__get_MEPC
                0x00000000000060a6        0x6 ./Core/core_riscv.o
                0x00000000000060a6                __get_MEPC
 .text.__get_MCAUSE
                0x00000000000060ac        0x6 ./Core/core_riscv.o
                0x00000000000060ac                __get_MCAUSE
 .text.__get_MTVAL
                0x00000000000060b2        0x6 ./Core/core_riscv.o
                0x00000000000060b2                __get_MTVAL
 .text.OD_readDisabled
                0x00000000000060b8        0x4 ./CANopenNode/301/CO_ODinterface.o
 .text.OD_readOriginal
                0x00000000000060bc       0x50 ./CANopenNode/301/CO_ODinterface.o
                0x00000000000060bc                OD_readOriginal
 .text.OD_writeOriginal
                0x000000000000610c       0x54 ./CANopenNode/301/CO_ODinterface.o
                0x000000000000610c                OD_writeOriginal
 .text.OD_writeDisabled
                0x0000000000006160        0x4 ./CANopenNode/301/CO_ODinterface.o
 .text.OD_getSub
                0x0000000000006164       0xf2 ./CANopenNode/301/CO_ODinterface.o
                0x0000000000006164                OD_getSub
 .text.OD_set_value
                0x0000000000006256       0x2e ./CANopenNode/301/CO_ODinterface.o
                0x0000000000006256                OD_set_value
 .text.__addsf3
                0x0000000000006284      0x36a c:/mounriver/mounriver_studio/toolchain/risc-v embedded gcc/bin/../lib/gcc/riscv-none-embed/8.2.0/rv32imacxw/ilp32\libgcc.a(addsf3.o)
                0x0000000000006284                __addsf3
 .text.__divsf3
                0x00000000000065ee      0x2ae c:/mounriver/mounriver_studio/toolchain/risc-v embedded gcc/bin/../lib/gcc/riscv-none-embed/8.2.0/rv32imacxw/ilp32\libgcc.a(divsf3.o)
                0x00000000000065ee                __divsf3
 .text.__mulsf3
                0x000000000000689c      0x290 c:/mounriver/mounriver_studio/toolchain/risc-v embedded gcc/bin/../lib/gcc/riscv-none-embed/8.2.0/rv32imacxw/ilp32\libgcc.a(mulsf3.o)
                0x000000000000689c                __mulsf3
 .text.__fixunssfsi
                0x0000000000006b2c       0x56 c:/mounriver/mounriver_studio/toolchain/risc-v embedded gcc/bin/../lib/gcc/riscv-none-embed/8.2.0/rv32imacxw/ilp32\libgcc.a(fixunssfsi.o)
                0x0000000000006b2c                __fixunssfsi
 .text.__floatsisf
                0x0000000000006b82       0xc6 c:/mounriver/mounriver_studio/toolchain/risc-v embedded gcc/bin/../lib/gcc/riscv-none-embed/8.2.0/rv32imacxw/ilp32\libgcc.a(floatsisf.o)
                0x0000000000006b82                __floatsisf
 .text.__floatunsisf
                0x0000000000006c48       0xce c:/mounriver/mounriver_studio/toolchain/risc-v embedded gcc/bin/../lib/gcc/riscv-none-embed/8.2.0/rv32imacxw/ilp32\libgcc.a(floatunsisf.o)
                0x0000000000006c48                __floatunsisf
 .text.__clzsi2
                0x0000000000006d16       0x6e c:/mounriver/mounriver_studio/toolchain/risc-v embedded gcc/bin/../lib/gcc/riscv-none-embed/8.2.0/rv32imacxw/ilp32\libgcc.a(_clzsi2.o)
                0x0000000000006d16                __clzsi2
 .text.memcpy   0x0000000000006d84       0xb2 c:/mounriver/mounriver_studio/toolchain/risc-v embedded gcc/bin/../lib/gcc/riscv-none-embed/8.2.0/../../../../riscv-none-embed/lib/rv32imacxw/ilp32\libg_nano.a(lib_a-memcpy.o)
                0x0000000000006d84                memcpy
 .text._free_r  0x0000000000006e36       0xb0 c:/mounriver/mounriver_studio/toolchain/risc-v embedded gcc/bin/../lib/gcc/riscv-none-embed/8.2.0/../../../../riscv-none-embed/lib/rv32imacxw/ilp32\libg_nano.a(lib_a-nano-freer.o)
                0x0000000000006e36                _free_r
 .text._malloc_r
                0x0000000000006ee6       0xe4 c:/mounriver/mounriver_studio/toolchain/risc-v embedded gcc/bin/../lib/gcc/riscv-none-embed/8.2.0/../../../../riscv-none-embed/lib/rv32imacxw/ilp32\libg_nano.a(lib_a-nano-mallocr.o)
                0x0000000000006ee6                _malloc_r
 .text.printf   0x0000000000006fca       0x40 c:/mounriver/mounriver_studio/toolchain/risc-v embedded gcc/bin/../lib/gcc/riscv-none-embed/8.2.0/../../../../riscv-none-embed/lib/rv32imacxw/ilp32\libg_nano.a(lib_a-printf.o)
                0x0000000000006fca                iprintf
                0x0000000000006fca                printf
 .text._puts_r  0x000000000000700a       0xd4 c:/mounriver/mounriver_studio/toolchain/risc-v embedded gcc/bin/../lib/gcc/riscv-none-embed/8.2.0/../../../../riscv-none-embed/lib/rv32imacxw/ilp32\libg_nano.a(lib_a-puts.o)
                0x000000000000700a                _puts_r
 .text.puts     0x00000000000070de        0xc c:/mounriver/mounriver_studio/toolchain/risc-v embedded gcc/bin/../lib/gcc/riscv-none-embed/8.2.0/../../../../riscv-none-embed/lib/rv32imacxw/ilp32\libg_nano.a(lib_a-puts.o)
                0x00000000000070de                puts
 .text._sbrk_r  0x00000000000070ea       0x32 c:/mounriver/mounriver_studio/toolchain/risc-v embedded gcc/bin/../lib/gcc/riscv-none-embed/8.2.0/../../../../riscv-none-embed/lib/rv32imacxw/ilp32\libg_nano.a(lib_a-sbrkr.o)
                0x00000000000070ea                _sbrk_r
 .text.__swbuf_r
                0x000000000000711c       0xbc c:/mounriver/mounriver_studio/toolchain/risc-v embedded gcc/bin/../lib/gcc/riscv-none-embed/8.2.0/../../../../riscv-none-embed/lib/rv32imacxw/ilp32\libg_nano.a(lib_a-wbuf.o)
                0x000000000000711c                __swbuf_r
 .text.__swsetup_r
                0x00000000000071d8       0xfe c:/mounriver/mounriver_studio/toolchain/risc-v embedded gcc/bin/../lib/gcc/riscv-none-embed/8.2.0/../../../../riscv-none-embed/lib/rv32imacxw/ilp32\libg_nano.a(lib_a-wsetup.o)
                0x00000000000071d8                __swsetup_r
 .text.__sflush_r
                0x00000000000072d6      0x132 c:/mounriver/mounriver_studio/toolchain/risc-v embedded gcc/bin/../lib/gcc/riscv-none-embed/8.2.0/../../../../riscv-none-embed/lib/rv32imacxw/ilp32\libg_nano.a(lib_a-fflush.o)
                0x00000000000072d6                __sflush_r
 .text._fflush_r
                0x0000000000007408       0x66 c:/mounriver/mounriver_studio/toolchain/risc-v embedded gcc/bin/../lib/gcc/riscv-none-embed/8.2.0/../../../../riscv-none-embed/lib/rv32imacxw/ilp32\libg_nano.a(lib_a-fflush.o)
                0x0000000000007408                _fflush_r
 .text.std      0x000000000000746e       0x66 c:/mounriver/mounriver_studio/toolchain/risc-v embedded gcc/bin/../lib/gcc/riscv-none-embed/8.2.0/../../../../riscv-none-embed/lib/rv32imacxw/ilp32\libg_nano.a(lib_a-findfp.o)
 .text._cleanup_r
                0x00000000000074d4        0xa c:/mounriver/mounriver_studio/toolchain/risc-v embedded gcc/bin/../lib/gcc/riscv-none-embed/8.2.0/../../../../riscv-none-embed/lib/rv32imacxw/ilp32\libg_nano.a(lib_a-findfp.o)
                0x00000000000074d4                _cleanup_r
 .text.__sfmoreglue
                0x00000000000074de       0x48 c:/mounriver/mounriver_studio/toolchain/risc-v embedded gcc/bin/../lib/gcc/riscv-none-embed/8.2.0/../../../../riscv-none-embed/lib/rv32imacxw/ilp32\libg_nano.a(lib_a-findfp.o)
                0x00000000000074de                __sfmoreglue
 .text.__sinit  0x0000000000007526       0x6c c:/mounriver/mounriver_studio/toolchain/risc-v embedded gcc/bin/../lib/gcc/riscv-none-embed/8.2.0/../../../../riscv-none-embed/lib/rv32imacxw/ilp32\libg_nano.a(lib_a-findfp.o)
                0x0000000000007526                __sinit
 .text.__sfp    0x0000000000007592       0xa0 c:/mounriver/mounriver_studio/toolchain/risc-v embedded gcc/bin/../lib/gcc/riscv-none-embed/8.2.0/../../../../riscv-none-embed/lib/rv32imacxw/ilp32\libg_nano.a(lib_a-findfp.o)
                0x0000000000007592                __sfp
 .text._fwalk_reent
                0x0000000000007632       0x6a c:/mounriver/mounriver_studio/toolchain/risc-v embedded gcc/bin/../lib/gcc/riscv-none-embed/8.2.0/../../../../riscv-none-embed/lib/rv32imacxw/ilp32\libg_nano.a(lib_a-fwalk.o)
                0x0000000000007632                _fwalk_reent
 .text.__swhatbuf_r
                0x000000000000769c       0x58 c:/mounriver/mounriver_studio/toolchain/risc-v embedded gcc/bin/../lib/gcc/riscv-none-embed/8.2.0/../../../../riscv-none-embed/lib/rv32imacxw/ilp32\libg_nano.a(lib_a-makebuf.o)
                0x000000000000769c                __swhatbuf_r
 .text.__smakebuf_r
                0x00000000000076f4       0x94 c:/mounriver/mounriver_studio/toolchain/risc-v embedded gcc/bin/../lib/gcc/riscv-none-embed/8.2.0/../../../../riscv-none-embed/lib/rv32imacxw/ilp32\libg_nano.a(lib_a-makebuf.o)
                0x00000000000076f4                __smakebuf_r
 .text.__malloc_lock
                0x0000000000007788        0x2 c:/mounriver/mounriver_studio/toolchain/risc-v embedded gcc/bin/../lib/gcc/riscv-none-embed/8.2.0/../../../../riscv-none-embed/lib/rv32imacxw/ilp32\libg_nano.a(lib_a-mlock.o)
                0x0000000000007788                __malloc_lock
 .text.__malloc_unlock
                0x000000000000778a        0x2 c:/mounriver/mounriver_studio/toolchain/risc-v embedded gcc/bin/../lib/gcc/riscv-none-embed/8.2.0/../../../../riscv-none-embed/lib/rv32imacxw/ilp32\libg_nano.a(lib_a-mlock.o)
                0x000000000000778a                __malloc_unlock
 .text.__sfputc_r
                0x000000000000778c       0x28 c:/mounriver/mounriver_studio/toolchain/risc-v embedded gcc/bin/../lib/gcc/riscv-none-embed/8.2.0/../../../../riscv-none-embed/lib/rv32imacxw/ilp32\libg_nano.a(lib_a-nano-vfprintf.o)
 .text.__sfputs_r
                0x00000000000077b4       0x42 c:/mounriver/mounriver_studio/toolchain/risc-v embedded gcc/bin/../lib/gcc/riscv-none-embed/8.2.0/../../../../riscv-none-embed/lib/rv32imacxw/ilp32\libg_nano.a(lib_a-nano-vfprintf.o)
                0x00000000000077b4                __sfputs_r
 .text._vfprintf_r
                0x00000000000077f6      0x288 c:/mounriver/mounriver_studio/toolchain/risc-v embedded gcc/bin/../lib/gcc/riscv-none-embed/8.2.0/../../../../riscv-none-embed/lib/rv32imacxw/ilp32\libg_nano.a(lib_a-nano-vfprintf.o)
                0x00000000000077f6                _vfprintf_r
                0x00000000000077f6                _vfiprintf_r
 .text._printf_common
                0x0000000000007a7e      0x10c c:/mounriver/mounriver_studio/toolchain/risc-v embedded gcc/bin/../lib/gcc/riscv-none-embed/8.2.0/../../../../riscv-none-embed/lib/rv32imacxw/ilp32\libg_nano.a(lib_a-nano-vfprintf_i.o)
                0x0000000000007a7e                _printf_common
 .text._printf_i
                0x0000000000007b8a      0x2a2 c:/mounriver/mounriver_studio/toolchain/risc-v embedded gcc/bin/../lib/gcc/riscv-none-embed/8.2.0/../../../../riscv-none-embed/lib/rv32imacxw/ilp32\libg_nano.a(lib_a-nano-vfprintf_i.o)
                0x0000000000007b8a                _printf_i
 .text.__sread  0x0000000000007e2c       0x2c c:/mounriver/mounriver_studio/toolchain/risc-v embedded gcc/bin/../lib/gcc/riscv-none-embed/8.2.0/../../../../riscv-none-embed/lib/rv32imacxw/ilp32\libg_nano.a(lib_a-stdio.o)
                0x0000000000007e2c                __sread
 .text.__swrite
                0x0000000000007e58       0x48 c:/mounriver/mounriver_studio/toolchain/risc-v embedded gcc/bin/../lib/gcc/riscv-none-embed/8.2.0/../../../../riscv-none-embed/lib/rv32imacxw/ilp32\libg_nano.a(lib_a-stdio.o)
                0x0000000000007e58                __swrite
 .text.__sseek  0x0000000000007ea0       0x30 c:/mounriver/mounriver_studio/toolchain/risc-v embedded gcc/bin/../lib/gcc/riscv-none-embed/8.2.0/../../../../riscv-none-embed/lib/rv32imacxw/ilp32\libg_nano.a(lib_a-stdio.o)
                0x0000000000007ea0                __sseek
 .text.__sclose
                0x0000000000007ed0        0x6 c:/mounriver/mounriver_studio/toolchain/risc-v embedded gcc/bin/../lib/gcc/riscv-none-embed/8.2.0/../../../../riscv-none-embed/lib/rv32imacxw/ilp32\libg_nano.a(lib_a-stdio.o)
                0x0000000000007ed0                __sclose
 .text._write_r
                0x0000000000007ed6       0x36 c:/mounriver/mounriver_studio/toolchain/risc-v embedded gcc/bin/../lib/gcc/riscv-none-embed/8.2.0/../../../../riscv-none-embed/lib/rv32imacxw/ilp32\libg_nano.a(lib_a-writer.o)
                0x0000000000007ed6                _write_r
 .text._close_r
                0x0000000000007f0c       0x30 c:/mounriver/mounriver_studio/toolchain/risc-v embedded gcc/bin/../lib/gcc/riscv-none-embed/8.2.0/../../../../riscv-none-embed/lib/rv32imacxw/ilp32\libg_nano.a(lib_a-closer.o)
                0x0000000000007f0c                _close_r
 .text._fstat_r
                0x0000000000007f3c       0x32 c:/mounriver/mounriver_studio/toolchain/risc-v embedded gcc/bin/../lib/gcc/riscv-none-embed/8.2.0/../../../../riscv-none-embed/lib/rv32imacxw/ilp32\libg_nano.a(lib_a-fstatr.o)
                0x0000000000007f3c                _fstat_r
 .text._isatty_r
                0x0000000000007f6e       0x30 c:/mounriver/mounriver_studio/toolchain/risc-v embedded gcc/bin/../lib/gcc/riscv-none-embed/8.2.0/../../../../riscv-none-embed/lib/rv32imacxw/ilp32\libg_nano.a(lib_a-isattyr.o)
                0x0000000000007f6e                _isatty_r
 .text._lseek_r
                0x0000000000007f9e       0x34 c:/mounriver/mounriver_studio/toolchain/risc-v embedded gcc/bin/../lib/gcc/riscv-none-embed/8.2.0/../../../../riscv-none-embed/lib/rv32imacxw/ilp32\libg_nano.a(lib_a-lseekr.o)
                0x0000000000007f9e                _lseek_r
 .text.memchr   0x0000000000007fd2       0x18 c:/mounriver/mounriver_studio/toolchain/risc-v embedded gcc/bin/../lib/gcc/riscv-none-embed/8.2.0/../../../../riscv-none-embed/lib/rv32imacxw/ilp32\libg_nano.a(lib_a-memchr.o)
                0x0000000000007fd2                memchr
 .text._read_r  0x0000000000007fea       0x34 c:/mounriver/mounriver_studio/toolchain/risc-v embedded gcc/bin/../lib/gcc/riscv-none-embed/8.2.0/../../../../riscv-none-embed/lib/rv32imacxw/ilp32\libg_nano.a(lib_a-readr.o)
                0x0000000000007fea                _read_r
 .text._close   0x000000000000801e       0x10 c:/mounriver/mounriver_studio/toolchain/risc-v embedded gcc/bin/../lib/gcc/riscv-none-embed/8.2.0/../../../../riscv-none-embed/lib/rv32imacxw/ilp32\libnosys.a(close.o)
                0x000000000000801e                _close
 .text._fstat   0x000000000000802e       0x10 c:/mounriver/mounriver_studio/toolchain/risc-v embedded gcc/bin/../lib/gcc/riscv-none-embed/8.2.0/../../../../riscv-none-embed/lib/rv32imacxw/ilp32\libnosys.a(fstat.o)
                0x000000000000802e                _fstat
 .text._isatty  0x000000000000803e       0x10 c:/mounriver/mounriver_studio/toolchain/risc-v embedded gcc/bin/../lib/gcc/riscv-none-embed/8.2.0/../../../../riscv-none-embed/lib/rv32imacxw/ilp32\libnosys.a(isatty.o)
                0x000000000000803e                _isatty
 .text._lseek   0x000000000000804e       0x10 c:/mounriver/mounriver_studio/toolchain/risc-v embedded gcc/bin/../lib/gcc/riscv-none-embed/8.2.0/../../../../riscv-none-embed/lib/rv32imacxw/ilp32\libnosys.a(lseek.o)
                0x000000000000804e                _lseek
 .text._read    0x000000000000805e       0x10 c:/mounriver/mounriver_studio/toolchain/risc-v embedded gcc/bin/../lib/gcc/riscv-none-embed/8.2.0/../../../../riscv-none-embed/lib/rv32imacxw/ilp32\libnosys.a(read.o)
                0x000000000000805e                _read
 *(.rodata)
 *(.rodata*)
 *fill*         0x000000000000806e        0x2 
 .rodata.CalPoint
                0x0000000000008070       0x50 ./User/DataModel.o
                0x0000000000008070                CalPoint
 .rodata.HardFault_Handler.str1.4
                0x00000000000080c0       0x42 ./User/ch32v20x_it.o
 *fill*         0x0000000000008102        0x2 
 .rodata.getODValue
                0x0000000000008104       0x70 ./User/dash_draw.o
 .rodata.getODValue.cst4
                0x0000000000008174        0x8 ./User/dash_draw.o
 .rodata.vBarColorMode.cst4
                0x000000000000817c        0x4 ./User/dash_draw.o
 .rodata.ADC_FSM.cst4
                0x0000000000008180        0xc ./User/inputs.o
 .rodata.SetRGB
                0x000000000000818c       0x38 ./User/led.o
 .rodata.DigitMask
                0x00000000000081c4        0xa ./User/led.o
                0x00000000000081c4                DigitMask
 *fill*         0x00000000000081ce        0x2 
 .rodata.main.str1.4
                0x00000000000081d0       0x20 ./User/main.o
 .rodata.StartDefaultTask.str1.4
                0x00000000000081f0        0xc ./User/system_init.o
 .rodata.vSYStaskInit.str1.4
                0x00000000000081fc       0x20 ./User/system_init.o
 .rodata.GetRPM.cst4
                0x000000000000821c        0x4 ./HWLIB/hw_lib_din.o
 .rodata.vSetRPMConfig.cst4
                0x0000000000008220        0x4 ./HWLIB/hw_lib_din.o
 .rodata.ADC_chennel_ref
                0x0000000000008224       0x12 ./HAL/hal_adc.o
 *fill*         0x0000000000008236        0x2 
 .rodata.I2C_FSM
                0x0000000000008238       0x30 ./HAL/hal_i2c.o
 .rodata.vTimerInitRCC
                0x0000000000008268       0x1c ./HAL/hal_timers.o
 .rodata.timers
                0x0000000000008284       0x14 ./HAL/hal_timers.o
 .rodata.pvPortMalloc.str1.4
                0x0000000000008298       0x49 ./FreeRTOS/portable/MemMang/heap_4.o
 *fill*         0x00000000000082e1        0x3 
 .rodata.xPortStartScheduler.str1.4
                0x00000000000082e4       0x27 ./FreeRTOS/portable/GCC/RISC-V/port.o
                                         0x49 (size before relaxing)
 *fill*         0x000000000000830b        0x1 
 .rodata.xQueueGenericReset.str1.4
                0x000000000000830c       0x14 ./FreeRTOS/queue.o
                                         0x35 (size before relaxing)
 .rodata.xTaskGenericNotify
                0x0000000000008320       0x14 ./FreeRTOS/tasks.o
 .rodata.xTaskGenericNotifyFromISR
                0x0000000000008334       0x14 ./FreeRTOS/tasks.o
 .rodata.prvTaskIsTaskSuspended.str1.4
                0x0000000000008348       0x14 ./FreeRTOS/tasks.o
                                         0x35 (size before relaxing)
 .rodata.vTaskStartScheduler.str1.4
                0x000000000000835c        0x5 ./FreeRTOS/tasks.o
 *fill*         0x0000000000008361        0x3 
 .rodata.prvTimerTask
                0x0000000000008364       0x24 ./FreeRTOS/timers.o
 .rodata.prvCheckForValidListAndQueue.str1.4
                0x0000000000008388        0x5 ./FreeRTOS/timers.o
 *fill*         0x000000000000838d        0x3 
 .rodata.prvTimerTask.str1.4
                0x0000000000008390       0x15 ./FreeRTOS/timers.o
                                         0x39 (size before relaxing)
 *fill*         0x00000000000083a5        0x3 
 .rodata.xTimerCreateTimerTask.str1.4
                0x00000000000083a8        0x8 ./FreeRTOS/timers.o
 .rodata.ODObjs
                0x00000000000083b0      0x65c ./CANopenNode/keypad/OD.o
 .rodata.__divsf3
                0x0000000000008a0c       0x80 c:/mounriver/mounriver_studio/toolchain/risc-v embedded gcc/bin/../lib/gcc/riscv-none-embed/8.2.0/rv32imacxw/ilp32\libgcc.a(divsf3.o)
 .rodata.__mulsf3
                0x0000000000008a8c       0x40 c:/mounriver/mounriver_studio/toolchain/risc-v embedded gcc/bin/../lib/gcc/riscv-none-embed/8.2.0/rv32imacxw/ilp32\libgcc.a(mulsf3.o)
 .rodata.__clz_tab
                0x0000000000008acc      0x100 c:/mounriver/mounriver_studio/toolchain/risc-v embedded gcc/bin/../lib/gcc/riscv-none-embed/8.2.0/rv32imacxw/ilp32\libgcc.a(_clz.o)
                0x0000000000008acc                __clz_tab
 .rodata.__sf_fake_stderr
                0x0000000000008bcc       0x20 c:/mounriver/mounriver_studio/toolchain/risc-v embedded gcc/bin/../lib/gcc/riscv-none-embed/8.2.0/../../../../riscv-none-embed/lib/rv32imacxw/ilp32\libg_nano.a(lib_a-findfp.o)
                0x0000000000008bcc                __sf_fake_stderr
 .rodata.__sf_fake_stdin
                0x0000000000008bec       0x20 c:/mounriver/mounriver_studio/toolchain/risc-v embedded gcc/bin/../lib/gcc/riscv-none-embed/8.2.0/../../../../riscv-none-embed/lib/rv32imacxw/ilp32\libg_nano.a(lib_a-findfp.o)
                0x0000000000008bec                __sf_fake_stdin
 .rodata.__sf_fake_stdout
                0x0000000000008c0c       0x20 c:/mounriver/mounriver_studio/toolchain/risc-v embedded gcc/bin/../lib/gcc/riscv-none-embed/8.2.0/../../../../riscv-none-embed/lib/rv32imacxw/ilp32\libg_nano.a(lib_a-findfp.o)
                0x0000000000008c0c                __sf_fake_stdout
 .rodata._vfprintf_r.str1.4
                0x0000000000008c2c       0x13 c:/mounriver/mounriver_studio/toolchain/risc-v embedded gcc/bin/../lib/gcc/riscv-none-embed/8.2.0/../../../../riscv-none-embed/lib/rv32imacxw/ilp32\libg_nano.a(lib_a-nano-vfprintf.o)
 *fill*         0x0000000000008c3f        0x1 
 .rodata._printf_i.str1.4
                0x0000000000008c40       0x28 c:/mounriver/mounriver_studio/toolchain/risc-v embedded gcc/bin/../lib/gcc/riscv-none-embed/8.2.0/../../../../riscv-none-embed/lib/rv32imacxw/ilp32\libg_nano.a(lib_a-nano-vfprintf_i.o)
                                         0x25 (size before relaxing)
 *(.glue_7)
 *(.glue_7t)
 *(.gnu.linkonce.t.*)
                0x0000000000008c68                . = ALIGN (0x4)

.rela.dyn       0x0000000000008c68        0x0
 .rela.init     0x0000000000008c68        0x0 ./User/DataModel.o
 .rela.vector   0x0000000000008c68        0x0 ./User/DataModel.o
 .rela.text.handle_reset
                0x0000000000008c68        0x0 ./User/DataModel.o
 .rela.text.xPortStartScheduler
                0x0000000000008c68        0x0 ./User/DataModel.o
 .rela.sdata2.xISRStackTop
                0x0000000000008c68        0x0 ./User/DataModel.o
 .rela.text._sbrk
                0x0000000000008c68        0x0 ./User/DataModel.o
 .rela.sdata.curbrk.4668
                0x0000000000008c68        0x0 ./User/DataModel.o
 .rela.text._sbrk_r
                0x0000000000008c68        0x0 ./User/DataModel.o
 .rela.text._vfprintf_r
                0x0000000000008c68        0x0 ./User/DataModel.o
 .rela.text._write_r
                0x0000000000008c68        0x0 ./User/DataModel.o
 .rela.text._close_r
                0x0000000000008c68        0x0 ./User/DataModel.o
 .rela.text._fstat_r
                0x0000000000008c68        0x0 ./User/DataModel.o
 .rela.text._isatty_r
                0x0000000000008c68        0x0 ./User/DataModel.o
 .rela.text._lseek_r
                0x0000000000008c68        0x0 ./User/DataModel.o
 .rela.text._read_r
                0x0000000000008c68        0x0 ./User/DataModel.o
 .rela.text._close
                0x0000000000008c68        0x0 ./User/DataModel.o
 .rela.text._fstat
                0x0000000000008c68        0x0 ./User/DataModel.o
 .rela.text._isatty
                0x0000000000008c68        0x0 ./User/DataModel.o
 .rela.text._lseek
                0x0000000000008c68        0x0 ./User/DataModel.o
 .rela.text._read
                0x0000000000008c68        0x0 ./User/DataModel.o

.fini           0x0000000000008c68        0x0
 *(SORT_NONE(.fini))
                0x0000000000008c68                . = ALIGN (0x4)
                [!provide]                        PROVIDE (_etext = .)
                [!provide]                        PROVIDE (_eitcm = .)

.preinit_array  0x0000000000008c68        0x0
                [!provide]                        PROVIDE (__preinit_array_start = .)
 *(.preinit_array)
                [!provide]                        PROVIDE (__preinit_array_end = .)

.init_array     0x0000000000008c68        0x0
                [!provide]                        PROVIDE (__init_array_start = .)
 *(SORT_BY_INIT_PRIORITY(.init_array.*) SORT_BY_INIT_PRIORITY(.ctors.*))
 *(.init_array EXCLUDE_FILE(*crtend?.o *crtend.o *crtbegin?.o *crtbegin.o) .ctors)
                [!provide]                        PROVIDE (__init_array_end = .)

.fini_array     0x0000000000008c68        0x0
                [!provide]                        PROVIDE (__fini_array_start = .)
 *(SORT_BY_INIT_PRIORITY(.fini_array.*) SORT_BY_INIT_PRIORITY(.dtors.*))
 *(.fini_array EXCLUDE_FILE(*crtend?.o *crtend.o *crtbegin?.o *crtbegin.o) .dtors)
                [!provide]                        PROVIDE (__fini_array_end = .)

.ctors
 *crtbegin.o(.ctors)
 *crtbegin?.o(.ctors)
 *(EXCLUDE_FILE(*crtend?.o *crtend.o) .ctors)
 *(SORT_BY_NAME(.ctors.*))
 *(.ctors)

.dtors
 *crtbegin.o(.dtors)
 *crtbegin?.o(.dtors)
 *(EXCLUDE_FILE(*crtend?.o *crtend.o) .dtors)
 *(SORT_BY_NAME(.dtors.*))
 *(.dtors)

.dalign         0x0000000020000000        0x0 load address 0x0000000000008c68
                0x0000000020000000                . = ALIGN (0x4)
                0x0000000020000000                PROVIDE (_data_vma = .)

.dlalign        0x0000000000008c68        0x0
                0x0000000000008c68                . = ALIGN (0x4)
                0x0000000000008c68                PROVIDE (_data_lma = .)

.data           0x0000000020000000      0x5c0 load address 0x0000000000008c68
 *(.gnu.linkonce.r.*)
 *(.data .data.*)
 .data.AHBPrescTable
                0x0000000020000000       0x10 ./User/system_ch32v20x.o
                0x0000000020000000                AHBPrescTable
 .data.APBAHBPrescTable
                0x0000000020000010       0x10 ./Peripheral/src/ch32v20x_rcc.o
 .data.ODList   0x0000000020000020      0x2b8 ./CANopenNode/keypad/OD.o
 .data.OD_      0x00000000200002d8       0x44 ./CANopenNode/keypad/OD.o
                0x00000000200002d8                OD_
 .data.OD_RAM   0x000000002000031c       0x34 ./CANopenNode/keypad/OD.o
                0x000000002000031c                OD_RAM
 .data.OD_ROM   0x0000000020000350      0x1d0 ./CANopenNode/keypad/OD.o
                0x0000000020000350                OD_ROM
 .data.impure_data
                0x0000000020000520       0x60 c:/mounriver/mounriver_studio/toolchain/risc-v embedded gcc/bin/../lib/gcc/riscv-none-embed/8.2.0/../../../../riscv-none-embed/lib/rv32imacxw/ilp32\libg_nano.a(lib_a-impure.o)
 *(.gnu.linkonce.d.*)
                0x0000000020000580                . = ALIGN (0x8)
                0x0000000020000d80                PROVIDE (__global_pointer$ = (. + 0x800))
 *(.sdata .sdata.*)
 .sdata.SystemCoreClock
                0x0000000020000580        0x4 ./User/system_ch32v20x.o
                0x0000000020000580                SystemCoreClock
 .sdata.ADCPrescTable
                0x0000000020000584        0x4 ./Peripheral/src/ch32v20x_rcc.o
 .sdata.uxCriticalNesting
                0x0000000020000588        0x4 ./FreeRTOS/portable/GCC/RISC-V/port.o
 .sdata.uxTopUsedPriority
                0x000000002000058c        0x4 ./FreeRTOS/tasks.o
                0x000000002000058c                uxTopUsedPriority
 .sdata.curbrk.4668
                0x0000000020000590        0x4 ./Debug/debug.o
 .sdata.OD      0x0000000020000594        0x4 ./CANopenNode/keypad/OD.o
                0x0000000020000594                OD
 .sdata.OD_PERSIST_COMM
                0x0000000020000598        0x8 ./CANopenNode/keypad/OD.o
                0x0000000020000598                OD_PERSIST_COMM
 .sdata._OD     0x00000000200005a0        0x8 ./CANopenNode/keypad/OD.o
 .sdata._impure_ptr
                0x00000000200005a8        0x4 c:/mounriver/mounriver_studio/toolchain/risc-v embedded gcc/bin/../lib/gcc/riscv-none-embed/8.2.0/../../../../riscv-none-embed/lib/rv32imacxw/ilp32\libg_nano.a(lib_a-impure.o)
                0x00000000200005a8                _impure_ptr
 *(.sdata2.*)
 .sdata2.CSWTCH.0
                0x00000000200005ac        0x3 ./HAL/hal_timers.o
 *fill*         0x00000000200005af        0x1 
 .sdata2.xISRStackTop
                0x00000000200005b0        0x4 ./FreeRTOS/portable/GCC/RISC-V/port.o
                0x00000000200005b0                xISRStackTop
 .sdata2._global_impure_ptr
                0x00000000200005b4        0x4 c:/mounriver/mounriver_studio/toolchain/risc-v embedded gcc/bin/../lib/gcc/riscv-none-embed/8.2.0/../../../../riscv-none-embed/lib/rv32imacxw/ilp32\libg_nano.a(lib_a-impure.o)
                0x00000000200005b4                _global_impure_ptr
 *(.gnu.linkonce.s.*)
                0x00000000200005b8                . = ALIGN (0x8)
 *(.srodata.cst16)
 *(.srodata.cst8)
 *(.srodata.cst4)
 *(.srodata.cst2)
 *(.srodata .srodata.*)
 .srodata       0x00000000200005b8        0x5 ./User/inputs.o
                0x00000000200005c0                . = ALIGN (0x4)
 *fill*         0x00000000200005bd        0x3 
                0x00000000200005c0                PROVIDE (_edata = .)

.bss            0x00000000200005c0     0x1464 load address 0x0000000000009228
                0x00000000200005c0                . = ALIGN (0x4)
                0x00000000200005c0                PROVIDE (_sbss = .)
 *(.sbss*)
 .sbss.data_init
                0x00000000200005c0        0x1 ./User/DataModel.o
 *fill*         0x00000000200005c1        0x3 
 .sbss.ErrorRegister
                0x00000000200005c4        0x4 ./User/dash_draw.o
 .sbss.pProcessTaskHandle
                0x00000000200005c8        0x4 ./User/dash_draw.o
 .sbss.pInputsTaskHandle
                0x00000000200005cc        0x4 ./User/inputs.o
 .sbss.pTaskToNotifykHandle
                0x00000000200005d0        0x4 ./User/inputs.o
 .sbss.xHigherPriorityTaskWoken.7242
                0x00000000200005d4        0x4 ./User/inputs.o
 .sbss.SPI2_DATA
                0x00000000200005d8        0x8 ./User/led.o
 .sbss.DeafaultTaskFSM
                0x00000000200005e0        0x4 ./User/system_init.o
 .sbss.MCU_Version
                0x00000000200005e4        0x1 ./Peripheral/src/ch32v20x_gpio.o
                0x00000000200005e4                MCU_Version
 *fill*         0x00000000200005e5        0x3 
 .sbss.NVIC_Priority_Group
                0x00000000200005e8        0x4 ./Peripheral/src/ch32v20x_misc.o
                0x00000000200005e8                NVIC_Priority_Group
 .sbss.usCurMaxIndex
                0x00000000200005ec        0x2 ./HWLIB/hw_lib_adc.o
 .sbss.Calibrattion_Val
                0x00000000200005ee        0x2 ./HAL/hal_adc.o
 .sbss.pEEPROM  0x00000000200005f0        0x4 ./HAL/hal_i2c.o
                0x00000000200005f0                pEEPROM
 .sbss.func     0x00000000200005f4        0x4 ./HAL/hal_rtc.o
 .sbss.pxEnd    0x00000000200005f8        0x4 ./FreeRTOS/portable/MemMang/heap_4.o
 .sbss.xBlockAllocatedBit
                0x00000000200005fc        0x4 ./FreeRTOS/portable/MemMang/heap_4.o
 .sbss.xFreeBytesRemaining
                0x0000000020000600        0x4 ./FreeRTOS/portable/MemMang/heap_4.o
 .sbss.xNumberOfSuccessfulFrees
                0x0000000020000604        0x4 ./FreeRTOS/portable/MemMang/heap_4.o
 .sbss.xStart   0x0000000020000608        0x8 ./FreeRTOS/portable/MemMang/heap_4.o
 .sbss.pxCurrentTCB
                0x0000000020000610        0x4 ./FreeRTOS/tasks.o
                0x0000000020000610                pxCurrentTCB
 .sbss.pxDelayedTaskList
                0x0000000020000614        0x4 ./FreeRTOS/tasks.o
 .sbss.pxOverflowDelayedTaskList
                0x0000000020000618        0x4 ./FreeRTOS/tasks.o
 .sbss.uxCurrentNumberOfTasks
                0x000000002000061c        0x4 ./FreeRTOS/tasks.o
 .sbss.uxSchedulerSuspended
                0x0000000020000620        0x4 ./FreeRTOS/tasks.o
 .sbss.uxTaskNumber
                0x0000000020000624        0x4 ./FreeRTOS/tasks.o
 .sbss.uxTopReadyPriority
                0x0000000020000628        0x4 ./FreeRTOS/tasks.o
 .sbss.xNextTaskUnblockTime
                0x000000002000062c        0x4 ./FreeRTOS/tasks.o
 .sbss.xNumOfOverflows
                0x0000000020000630        0x4 ./FreeRTOS/tasks.o
 .sbss.xPendedTicks
                0x0000000020000634        0x4 ./FreeRTOS/tasks.o
 .sbss.xSchedulerRunning
                0x0000000020000638        0x4 ./FreeRTOS/tasks.o
 .sbss.xTickCount
                0x000000002000063c        0x4 ./FreeRTOS/tasks.o
 .sbss.xYieldPending
                0x0000000020000640        0x4 ./FreeRTOS/tasks.o
 .sbss.pxCurrentTimerList
                0x0000000020000644        0x4 ./FreeRTOS/timers.o
 .sbss.pxOverflowTimerList
                0x0000000020000648        0x4 ./FreeRTOS/timers.o
 .sbss.xLastTime.5774
                0x000000002000064c        0x4 ./FreeRTOS/timers.o
 .sbss.xTimerQueue
                0x0000000020000650        0x4 ./FreeRTOS/timers.o
 .sbss.xTimerTaskHandle
                0x0000000020000654        0x4 ./FreeRTOS/timers.o
 .sbss.p_ms     0x0000000020000658        0x2 ./Debug/debug.o
 .sbss.p_us     0x000000002000065a        0x1 ./Debug/debug.o
 *fill*         0x000000002000065b        0x1 
 .sbss.__malloc_free_list
                0x000000002000065c        0x4 c:/mounriver/mounriver_studio/toolchain/risc-v embedded gcc/bin/../lib/gcc/riscv-none-embed/8.2.0/../../../../riscv-none-embed/lib/rv32imacxw/ilp32\libg_nano.a(lib_a-nano-mallocr.o)
                0x000000002000065c                __malloc_free_list
 .sbss.__malloc_sbrk_start
                0x0000000020000660        0x4 c:/mounriver/mounriver_studio/toolchain/risc-v embedded gcc/bin/../lib/gcc/riscv-none-embed/8.2.0/../../../../riscv-none-embed/lib/rv32imacxw/ilp32\libg_nano.a(lib_a-nano-mallocr.o)
                0x0000000020000660                __malloc_sbrk_start
 *(.gnu.linkonce.sb.*)
 *(.bss*)
 .bss.DATA_MODEL_REGISTER
                0x0000000020000664      0x21c ./User/DataModel.o
 .bss.ADC_OLD_RAW
                0x0000000020000880        0xa ./User/inputs.o
 *fill*         0x000000002000088a        0x2 
 .bss.OurVData  0x000000002000088c       0x14 ./User/inputs.o
 .bss.SPI1_DATA
                0x00000000200008a0        0xa ./User/led.o
 *fill*         0x00000000200008aa        0x2 
 .bss.InputsTaskBuffer
                0x00000000200008ac      0x200 ./User/system_init.o
 .bss.InputsTaskControlBlock
                0x0000000020000aac       0x5c ./User/system_init.o
 .bss.ProcessTaskBuffer
                0x0000000020000b08      0x400 ./User/system_init.o
 .bss.ProcessTaskControlBlock
                0x0000000020000f08       0x5c ./User/system_init.o
 .bss.defaultTaskBuffer
                0x0000000020000f64      0x200 ./User/system_init.o
 .bss.defaultTaskControlBlock
                0x0000000020001164       0x5c ./User/system_init.o
 .bss.uxIdleTaskStack
                0x00000000200011c0      0x200 ./User/system_init.o
 .bss.uxTimerTaskStack
                0x00000000200013c0      0x200 ./User/system_init.o
 .bss.xIdleTaskTCB
                0x00000000200015c0       0x5c ./User/system_init.o
 .bss.xTimerTaskTCB
                0x000000002000161c       0x5c ./User/system_init.o
 .bss.ADC1_IN_Buffer
                0x0000000020001678       0x1e ./HWLIB/hw_lib_adc.o
                0x0000000020001678                ADC1_IN_Buffer
 *fill*         0x0000000020001696        0x2 
 .bss.muRawVData
                0x0000000020001698        0xe ./HWLIB/hw_lib_adc.o
 *fill*         0x00000000200016a6        0x2 
 .bss.xAinData  0x00000000200016a8        0xa ./HWLIB/hw_lib_adc.o
 *fill*         0x00000000200016b2        0x2 
 .bss.xDinConfig
                0x00000000200016b4       0x54 ./HWLIB/hw_lib_din.o
 .bss.Dev       0x0000000020001708       0x28 ./HWLIB/hw_lib_eeprom.o
 .bss.CAN       0x0000000020001730        0xc ./HAL/hal_can.o
 .bss.DMA_CALLback
                0x000000002000173c       0x1c ./HAL/hal_dma.o
                0x000000002000173c                DMA_CALLback
 .bss.InitPort  0x0000000020001758       0x20 ./HAL/hal_gpio.o
                0x0000000020001758                InitPort
 .bss.config    0x0000000020001778       0x3c ./HAL/hal_timers.o
 .bss.xQueueRegistry
                0x00000000200017b4       0x40 ./FreeRTOS/queue.o
                0x00000000200017b4                xQueueRegistry
 .bss.pxReadyTasksLists
                0x00000000200017f4      0x12c ./FreeRTOS/tasks.o
 .bss.xDelayedTaskList1
                0x0000000020001920       0x14 ./FreeRTOS/tasks.o
 .bss.xDelayedTaskList2
                0x0000000020001934       0x14 ./FreeRTOS/tasks.o
 .bss.xPendingReadyList
                0x0000000020001948       0x14 ./FreeRTOS/tasks.o
 .bss.xSuspendedTaskList
                0x000000002000195c       0x14 ./FreeRTOS/tasks.o
 .bss.ucStaticTimerQueueStorage.5818
                0x0000000020001970       0x40 ./FreeRTOS/timers.o
 .bss.xActiveTimerList1
                0x00000000200019b0       0x14 ./FreeRTOS/timers.o
 .bss.xActiveTimerList2
                0x00000000200019c4       0x14 ./FreeRTOS/timers.o
 .bss.xStaticTimerQueue.5817
                0x00000000200019d8       0x48 ./FreeRTOS/timers.o
 *(.gnu.linkonce.b.*)
 *(COMMON*)
 COMMON         0x0000000020001a20        0x4 c:/mounriver/mounriver_studio/toolchain/risc-v embedded gcc/bin/../lib/gcc/riscv-none-embed/8.2.0/../../../../riscv-none-embed/lib/rv32imacxw/ilp32\libg_nano.a(lib_a-reent.o)
                0x0000000020001a20                errno
                0x0000000020001a24                . = ALIGN (0x4)
                0x0000000020001a24                PROVIDE (_ebss = .)
                0x0000000020001a24                PROVIDE (_end = _ebss)
                [!provide]                        PROVIDE (end = .)

.stack          0x0000000020004800      0x800
                0x0000000020004800                PROVIDE (_heap_end = .)
                0x0000000020004800                . = ALIGN (0x4)
                [!provide]                        PROVIDE (_susrstack = .)
                0x0000000020005000                . = (. + __stack_size)
 *fill*         0x0000000020004800      0x800 
                0x0000000020005000                PROVIDE (_eusrstack = .)
                0x0000000020005000                __freertos_irq_stack_top = .
OUTPUT(DASH.elf elf32-littleriscv)

.debug_info     0x0000000000000000    0x3d321
 .debug_info    0x0000000000000000     0x2551 ./User/DataModel.o
 .debug_info    0x0000000000002551      0xc83 ./User/ch32v20x_it.o
 .debug_info    0x00000000000031d4     0x267e ./User/dash_draw.o
 .debug_info    0x0000000000005852     0x123b ./User/init.o
 .debug_info    0x0000000000006a8d     0x2590 ./User/inputs.o
 .debug_info    0x000000000000901d     0x17f9 ./User/led.o
 .debug_info    0x000000000000a816     0x1938 ./User/main.o
 .debug_info    0x000000000000c14e      0xb90 ./User/system_ch32v20x.o
 .debug_info    0x000000000000ccde     0x1334 ./User/system_init.o
 .debug_info    0x000000000000e012       0x22 ./Startup/startup_ch32v20x_D6.o
 .debug_info    0x000000000000e034     0x16fd ./Peripheral/src/ch32v20x_adc.o
 .debug_info    0x000000000000f731     0x1097 ./Peripheral/src/ch32v20x_bkp.o
 .debug_info    0x00000000000107c8     0x1821 ./Peripheral/src/ch32v20x_can.o
 .debug_info    0x0000000000011fe9      0xd28 ./Peripheral/src/ch32v20x_dma.o
 .debug_info    0x0000000000012d11     0x12cf ./Peripheral/src/ch32v20x_gpio.o
 .debug_info    0x0000000000013fe0     0x1486 ./Peripheral/src/ch32v20x_i2c.o
 .debug_info    0x0000000000015466      0xe83 ./Peripheral/src/ch32v20x_misc.o
 .debug_info    0x00000000000162e9     0x1025 ./Peripheral/src/ch32v20x_pwr.o
 .debug_info    0x000000000001730e     0x1263 ./Peripheral/src/ch32v20x_rcc.o
 .debug_info    0x0000000000018571      0xd56 ./Peripheral/src/ch32v20x_rtc.o
 .debug_info    0x00000000000192c7     0x12c8 ./Peripheral/src/ch32v20x_spi.o
 .debug_info    0x000000000001a58f     0x2ac5 ./Peripheral/src/ch32v20x_tim.o
 .debug_info    0x000000000001d054     0x13bb ./Peripheral/src/ch32v20x_usart.o
 .debug_info    0x000000000001e40f     0x108d ./HWLIB/hw_lib_adc.o
 .debug_info    0x000000000001f49c     0x152a ./HWLIB/hw_lib_din.o
 .debug_info    0x00000000000209c6      0xff1 ./HWLIB/hw_lib_eeprom.o
 .debug_info    0x00000000000219b7     0x1060 ./HAL/hal_adc.o
 .debug_info    0x0000000000022a17     0x1806 ./HAL/hal_can.o
 .debug_info    0x000000000002421d     0x13e8 ./HAL/hal_dma.o
 .debug_info    0x0000000000025605     0x1099 ./HAL/hal_gpio.o
 .debug_info    0x000000000002669e     0x18b8 ./HAL/hal_i2c.o
 .debug_info    0x0000000000027f56      0xdf2 ./HAL/hal_rtc.o
 .debug_info    0x0000000000028d48      0xd8a ./HAL/hal_spi.o
 .debug_info    0x0000000000029ad2     0x1e34 ./HAL/hal_timers.o
 .debug_info    0x000000000002b906      0xa9f ./HAL/hal_wdt.o
 .debug_info    0x000000000002c3a5      0xe63 ./FreeRTOS/portable/MemMang/heap_4.o
 .debug_info    0x000000000002d208     0x1080 ./FreeRTOS/portable/GCC/RISC-V/port.o
 .debug_info    0x000000000002e288       0x26 ./FreeRTOS/portable/GCC/RISC-V/portASM.o
 .debug_info    0x000000000002e2ae      0xb87 ./FreeRTOS/list.o
 .debug_info    0x000000000002ee35     0x33ba ./FreeRTOS/queue.o
 .debug_info    0x00000000000321ef     0x3b1e ./FreeRTOS/tasks.o
 .debug_info    0x0000000000035d0d     0x267d ./FreeRTOS/timers.o
 .debug_info    0x000000000003838a      0xd5d ./Drivers/filters.o
 .debug_info    0x00000000000390e7      0xf05 ./Debug/debug.o
 .debug_info    0x0000000000039fec      0x376 ./Core/core_riscv.o
 .debug_info    0x000000000003a362     0x1b06 ./CANopenNode/keypad/OD.o
 .debug_info    0x000000000003be68     0x14b9 ./CANopenNode/301/CO_ODinterface.o

.debug_abbrev   0x0000000000000000     0x9993
 .debug_abbrev  0x0000000000000000      0x45f ./User/DataModel.o
 .debug_abbrev  0x000000000000045f      0x291 ./User/ch32v20x_it.o
 .debug_abbrev  0x00000000000006f0      0x526 ./User/dash_draw.o
 .debug_abbrev  0x0000000000000c16      0x2eb ./User/init.o
 .debug_abbrev  0x0000000000000f01      0x468 ./User/inputs.o
 .debug_abbrev  0x0000000000001369      0x3d9 ./User/led.o
 .debug_abbrev  0x0000000000001742      0x324 ./User/main.o
 .debug_abbrev  0x0000000000001a66      0x2c0 ./User/system_ch32v20x.o
 .debug_abbrev  0x0000000000001d26      0x322 ./User/system_init.o
 .debug_abbrev  0x0000000000002048       0x12 ./Startup/startup_ch32v20x_D6.o
 .debug_abbrev  0x000000000000205a      0x3a9 ./Peripheral/src/ch32v20x_adc.o
 .debug_abbrev  0x0000000000002403      0x2cc ./Peripheral/src/ch32v20x_bkp.o
 .debug_abbrev  0x00000000000026cf      0x3fa ./Peripheral/src/ch32v20x_can.o
 .debug_abbrev  0x0000000000002ac9      0x302 ./Peripheral/src/ch32v20x_dma.o
 .debug_abbrev  0x0000000000002dcb      0x34b ./Peripheral/src/ch32v20x_gpio.o
 .debug_abbrev  0x0000000000003116      0x3a7 ./Peripheral/src/ch32v20x_i2c.o
 .debug_abbrev  0x00000000000034bd      0x2fb ./Peripheral/src/ch32v20x_misc.o
 .debug_abbrev  0x00000000000037b8      0x3aa ./Peripheral/src/ch32v20x_pwr.o
 .debug_abbrev  0x0000000000003b62      0x351 ./Peripheral/src/ch32v20x_rcc.o
 .debug_abbrev  0x0000000000003eb3      0x2c0 ./Peripheral/src/ch32v20x_rtc.o
 .debug_abbrev  0x0000000000004173      0x307 ./Peripheral/src/ch32v20x_spi.o
 .debug_abbrev  0x000000000000447a      0x418 ./Peripheral/src/ch32v20x_tim.o
 .debug_abbrev  0x0000000000004892      0x312 ./Peripheral/src/ch32v20x_usart.o
 .debug_abbrev  0x0000000000004ba4      0x401 ./HWLIB/hw_lib_adc.o
 .debug_abbrev  0x0000000000004fa5      0x46d ./HWLIB/hw_lib_din.o
 .debug_abbrev  0x0000000000005412      0x36b ./HWLIB/hw_lib_eeprom.o
 .debug_abbrev  0x000000000000577d      0x362 ./HAL/hal_adc.o
 .debug_abbrev  0x0000000000005adf      0x39e ./HAL/hal_can.o
 .debug_abbrev  0x0000000000005e7d      0x30e ./HAL/hal_dma.o
 .debug_abbrev  0x000000000000618b      0x362 ./HAL/hal_gpio.o
 .debug_abbrev  0x00000000000064ed      0x3d6 ./HAL/hal_i2c.o
 .debug_abbrev  0x00000000000068c3      0x2b4 ./HAL/hal_rtc.o
 .debug_abbrev  0x0000000000006b77      0x285 ./HAL/hal_spi.o
 .debug_abbrev  0x0000000000006dfc      0x48d ./HAL/hal_timers.o
 .debug_abbrev  0x0000000000007289      0x25a ./HAL/hal_wdt.o
 .debug_abbrev  0x00000000000074e3      0x36c ./FreeRTOS/portable/MemMang/heap_4.o
 .debug_abbrev  0x000000000000784f      0x3ad ./FreeRTOS/portable/GCC/RISC-V/port.o
 .debug_abbrev  0x0000000000007bfc       0x14 ./FreeRTOS/portable/GCC/RISC-V/portASM.o
 .debug_abbrev  0x0000000000007c10      0x254 ./FreeRTOS/list.o
 .debug_abbrev  0x0000000000007e64      0x4a1 ./FreeRTOS/queue.o
 .debug_abbrev  0x0000000000008305      0x540 ./FreeRTOS/tasks.o
 .debug_abbrev  0x0000000000008845      0x45f ./FreeRTOS/timers.o
 .debug_abbrev  0x0000000000008ca4      0x2e5 ./Drivers/filters.o
 .debug_abbrev  0x0000000000008f89      0x2d7 ./Debug/debug.o
 .debug_abbrev  0x0000000000009260       0xe0 ./Core/core_riscv.o
 .debug_abbrev  0x0000000000009340      0x264 ./CANopenNode/keypad/OD.o
 .debug_abbrev  0x00000000000095a4      0x3ef ./CANopenNode/301/CO_ODinterface.o

.debug_loc      0x0000000000000000     0xf83b