Archive member included to satisfy reference by file (symbol)

c:/mounriver/mounriver_studio/toolchain/risc-v embedded gcc/bin/../lib/gcc/riscv-none-embed/8.2.0/rv32imacxw/ilp32\libgcc.a(addsf3.o)
                              ./User/inputs.o (__addsf3)
c:/mounriver/mounriver_studio/toolchain/risc-v embedded gcc/bin/../lib/gcc/riscv-none-embed/8.2.0/rv32imacxw/ilp32\libgcc.a(divsf3.o)
                              ./User/dash_draw.o (__divsf3)
c:/mounriver/mounriver_studio/toolchain/risc-v embedded gcc/bin/../lib/gcc/riscv-none-embed/8.2.0/rv32imacxw/ilp32\libgcc.a(eqsf2.o)
                              ./HWLIB/hw_lib_din.o (__nesf2)
c:/mounriver/mounriver_studio/toolchain/risc-v embedded gcc/bin/../lib/gcc/riscv-none-embed/8.2.0/rv32imacxw/ilp32\libgcc.a(lesf2.o)
                              ./HWLIB/hw_lib_adc.o (__lesf2)
c:/mounriver/mounriver_studio/toolchain/risc-v embedded gcc/bin/../lib/gcc/riscv-none-embed/8.2.0/rv32imacxw/ilp32\libgcc.a(mulsf3.o)
                              ./User/dash_draw.o (__mulsf3)
c:/mounriver/mounriver_studio/toolchain/risc-v embedded gcc/bin/../lib/gcc/riscv-none-embed/8.2.0/rv32imacxw/ilp32\libgcc.a(subsf3.o)
                              ./HWLIB/hw_lib_adc.o (__subsf3)
c:/mounriver/mounriver_studio/toolchain/risc-v embedded gcc/bin/../lib/gcc/riscv-none-embed/8.2.0/rv32imacxw/ilp32\libgcc.a(fixunssfsi.o)
                              ./User/dash_draw.o (__fixunssfsi)
c:/mounriver/mounriver_studio/toolchain/risc-v embedded gcc/bin/../lib/gcc/riscv-none-embed/8.2.0/rv32imacxw/ilp32\libgcc.a(floatsisf.o)
                              ./User/dash_draw.o (__floatsisf)
c:/mounriver/mounriver_studio/toolchain/risc-v embedded gcc/bin/../lib/gcc/riscv-none-embed/8.2.0/rv32imacxw/ilp32\libgcc.a(floatunsisf.o)
                              ./User/dash_draw.o (__floatunsisf)
c:/mounriver/mounriver_studio/toolchain/risc-v embedded gcc/bin/../lib/gcc/riscv-none-embed/8.2.0/rv32imacxw/ilp32\libgcc.a(save-restore.o)
                              ./User/dash_draw.o (__riscv_save_12)
c:/mounriver/mounriver_studio/toolchain/risc-v embedded gcc/bin/../lib/gcc/riscv-none-embed/8.2.0/rv32imacxw/ilp32\libgcc.a(_clzsi2.o)
                              c:/mounriver/mounriver_studio/toolchain/risc-v embedded gcc/bin/../lib/gcc/riscv-none-embed/8.2.0/rv32imacxw/ilp32\libgcc.a(addsf3.o) (__clzsi2)
c:/mounriver/mounriver_studio/toolchain/risc-v embedded gcc/bin/../lib/gcc/riscv-none-embed/8.2.0/rv32imacxw/ilp32\libgcc.a(_clz.o)
                              c:/mounriver/mounriver_studio/toolchain/risc-v embedded gcc/bin/../lib/gcc/riscv-none-embed/8.2.0/rv32imacxw/ilp32\libgcc.a(_clzsi2.o) (__clz_tab)
c:/mounriver/mounriver_studio/toolchain/risc-v embedded gcc/bin/../lib/gcc/riscv-none-embed/8.2.0/../../../../riscv-none-embed/lib/rv32imacxw/ilp32\libg_nano.a(lib_a-calloc.o)
                              ./CANopenNode/CANopen.o (calloc)
c:/mounriver/mounriver_studio/toolchain/risc-v embedded gcc/bin/../lib/gcc/riscv-none-embed/8.2.0/../../../../riscv-none-embed/lib/rv32imacxw/ilp32\libg_nano.a(lib_a-impure.o)
                              c:/mounriver/mounriver_studio/toolchain/risc-v embedded gcc/bin/../lib/gcc/riscv-none-embed/8.2.0/../../../../riscv-none-embed/lib/rv32imacxw/ilp32\libg_nano.a(lib_a-calloc.o) (_impure_ptr)
c:/mounriver/mounriver_studio/toolchain/risc-v embedded gcc/bin/../lib/gcc/riscv-none-embed/8.2.0/../../../../riscv-none-embed/lib/rv32imacxw/ilp32\libg_nano.a(lib_a-malloc.o)
                              ./CANopenNode/CANopen.o (free)
c:/mounriver/mounriver_studio/toolchain/risc-v embedded gcc/bin/../lib/gcc/riscv-none-embed/8.2.0/../../../../riscv-none-embed/lib/rv32imacxw/ilp32\libg_nano.a(lib_a-memcpy.o)
                              ./User/process.o (memcpy)
c:/mounriver/mounriver_studio/toolchain/risc-v embedded gcc/bin/../lib/gcc/riscv-none-embed/8.2.0/../../../../riscv-none-embed/lib/rv32imacxw/ilp32\libg_nano.a(lib_a-memmove.o)
                              ./CANopenNode/301/CO_SDOserver.o (memmove)
c:/mounriver/mounriver_studio/toolchain/risc-v embedded gcc/bin/../lib/gcc/riscv-none-embed/8.2.0/../../../../riscv-none-embed/lib/rv32imacxw/ilp32\libg_nano.a(lib_a-memset.o)
                              ./User/DataModel.o (memset)
c:/mounriver/mounriver_studio/toolchain/risc-v embedded gcc/bin/../lib/gcc/riscv-none-embed/8.2.0/../../../../riscv-none-embed/lib/rv32imacxw/ilp32\libg_nano.a(lib_a-nano-callocr.o)
                              c:/mounriver/mounriver_studio/toolchain/risc-v embedded gcc/bin/../lib/gcc/riscv-none-embed/8.2.0/../../../../riscv-none-embed/lib/rv32imacxw/ilp32\libg_nano.a(lib_a-calloc.o) (_calloc_r)
c:/mounriver/mounriver_studio/toolchain/risc-v embedded gcc/bin/../lib/gcc/riscv-none-embed/8.2.0/../../../../riscv-none-embed/lib/rv32imacxw/ilp32\libg_nano.a(lib_a-nano-freer.o)
[...]
Memory Configuration

Name             Origin             Length             Attributes
FLASH            0x0000000000000000 0x0000000000010000 xr
RAM              0x0000000020000000 0x0000000000005000 xrw
*default*        0x0000000000000000 0xffffffffffffffff

Linker script and memory map

LOAD ./User/CanOpenNode.o
LOAD ./User/DataModel.o
LOAD ./User/ch32v20x_it.o
LOAD ./User/dash_draw.o
LOAD ./User/init.o
LOAD ./User/inputs.o
LOAD ./User/keyboard_task.o
LOAD ./User/led.o
LOAD ./User/main.o
LOAD ./User/process.o
LOAD ./User/system_ch32v20x.o
LOAD ./User/system_init.o
LOAD ./Startup/startup_ch32v20x_D6.o
LOAD ./Peripheral/src/ch32v20x_adc.o
LOAD ./Peripheral/src/ch32v20x_bkp.o
LOAD ./Peripheral/src/ch32v20x_can.o
LOAD ./Peripheral/src/ch32v20x_crc.o
LOAD ./Peripheral/src/ch32v20x_dbgmcu.o
LOAD ./Peripheral/src/ch32v20x_dma.o
LOAD ./Peripheral/src/ch32v20x_exti.o
LOAD ./Peripheral/src/ch32v20x_flash.o
LOAD ./Peripheral/src/ch32v20x_gpio.o
LOAD ./Peripheral/src/ch32v20x_i2c.o
LOAD ./Peripheral/src/ch32v20x_iwdg.o
LOAD ./Peripheral/src/ch32v20x_misc.o
LOAD ./Peripheral/src/ch32v20x_opa.o
LOAD ./Peripheral/src/ch32v20x_pwr.o
LOAD ./Peripheral/src/ch32v20x_rcc.o
LOAD ./Peripheral/src/ch32v20x_rtc.o
LOAD ./Peripheral/src/ch32v20x_spi.o
LOAD ./Peripheral/src/ch32v20x_tim.o
LOAD ./Peripheral/src/ch32v20x_usart.o
LOAD ./Peripheral/src/ch32v20x_wwdg.o
LOAD ./HWLIB/hw_lib_adc.o
LOAD ./HWLIB/hw_lib_din.o
LOAD ./HWLIB/hw_lib_eeprom.o
LOAD ./HWLIB/hw_lib_keyboard.o
LOAD ./HAL/hal_adc.o
LOAD ./HAL/hal_can.o
LOAD ./HAL/hal_dma.o
LOAD ./HAL/hal_gpio.o
LOAD ./HAL/hal_i2c.o
LOAD ./HAL/hal_rtc.o
LOAD ./HAL/hal_spi.o
LOAD ./HAL/hal_timers.o
LOAD ./HAL/hal_wdt.o
LOAD ./FreeRTOS/portable/MemMang/heap_4.o
LOAD ./FreeRTOS/portable/GCC/RISC-V/port.o
LOAD ./FreeRTOS/portable/GCC/RISC-V/portASM.o
LOAD ./FreeRTOS/croutine.o
LOAD ./FreeRTOS/event_groups.o
LOAD ./FreeRTOS/list.o
LOAD ./FreeRTOS/queue.o
LOAD ./FreeRTOS/stream_buffer.o
LOAD ./FreeRTOS/tasks.o
LOAD ./FreeRTOS/timers.o
LOAD ./Drivers/filters.o
LOAD ./Debug/debug.o
LOAD ./Core/core_riscv.o
LOAD ./CANopenNode/keypad/CO_driver_ST32F103.o
LOAD ./CANopenNode/keypad/OD.o
LOAD ./CANopenNode/extra/CO_trace.o
LOAD ./CANopenNode/309/CO_gateway_ascii.o
LOAD ./CANopenNode/305/CO_LSSmaster.o
LOAD ./CANopenNode/305/CO_LSSslave.o
LOAD ./CANopenNode/304/CO_GFC.o
LOAD ./CANopenNode/304/CO_SRDO.o
LOAD ./CANopenNode/303/CO_LEDs.o
LOAD ./CANopenNode/301/CO_Emergency.o
LOAD ./CANopenNode/301/CO_HBconsumer.o
LOAD ./CANopenNode/301/CO_NMT_Heartbeat.o
LOAD ./CANopenNode/301/CO_ODinterface.o
LOAD ./CANopenNode/301/CO_PDO.o
LOAD ./CANopenNode/301/CO_SDOclient.o
LOAD ./CANopenNode/301/CO_SDOserver.o
LOAD ./CANopenNode/301/CO_SYNC.o
LOAD ./CANopenNode/301/CO_TIME.o
LOAD ./CANopenNode/301/CO_fifo.o
LOAD ./CANopenNode/301/crc16-ccitt.o
LOAD ./CANopenNode/CANopen.o
LOAD c:/mounriver/mounriver_studio/toolchain/risc-v embedded gcc/bin/../lib/gcc/riscv-none-embed/8.2.0/../../../../riscv-none-embed/lib/rv32imacxw/ilp32\libm.a
LOAD c:/mounriver/mounriver_studio/toolchain/risc-v embedded gcc/bin/../lib/gcc/riscv-none-embed/8.2.0/rv32imacxw/ilp32\libgcc.a
LOAD c:/mounriver/mounriver_studio/toolchain/risc-v embedded gcc/bin/../lib/gcc/riscv-none-embed/8.2.0/../../../../riscv-none-embed/lib/rv32imacxw/ilp32\libg_nano.a
LOAD c:/mounriver/mounriver_studio/toolchain/risc-v embedded gcc/bin/../lib/gcc/riscv-none-embed/8.2.0/../../../../riscv-none-embed/lib/rv32imacxw/ilp32\libc_nano.a
LOAD c:/mounriver/mounriver_studio/toolchain/risc-v embedded gcc/bin/../lib/gcc/riscv-none-embed/8.2.0/rv32imacxw/ilp32\libgcc.a
START GROUP
LOAD c:/mounriver/mounriver_studio/toolchain/risc-v embedded gcc/bin/../lib/gcc/riscv-none-embed/8.2.0/rv32imacxw/ilp32\libgcc.a
LOAD c:/mounriver/mounriver_studio/toolchain/risc-v embedded gcc/bin/../lib/gcc/riscv-none-embed/8.2.0/../../../../riscv-none-embed/lib/rv32imacxw/ilp32\libc_nano.a
LOAD c:/mounriver/mounriver_studio/toolchain/risc-v embedded gcc/bin/../lib/gcc/riscv-none-embed/8.2.0/../../../../riscv-none-embed/lib/rv32imacxw/ilp32\libnosys.a
END GROUP
START GROUP
LOAD c:/mounriver/mounriver_studio/toolchain/risc-v embedded gcc/bin/../lib/gcc/riscv-none-embed/8.2.0/rv32imacxw/ilp32\libgcc.a
LOAD c:/mounriver/mounriver_studio/toolchain/risc-v embedded gcc/bin/../lib/gcc/riscv-none-embed/8.2.0/../../../../riscv-none-embed/lib/rv32imacxw/ilp32\libc_nano.a
LOAD c:/mounriver/mounriver_studio/toolchain/risc-v embedded gcc/bin/../lib/gcc/riscv-none-embed/8.2.0/../../../../riscv-none-embed/lib/rv32imacxw/ilp32\libnosys.a
END GROUP
                0x0000000000000800                __stack_size = 0x800
                [!provide]                        PROVIDE (_stack_size = __stack_size)

.init           0x0000000000000000       0x38
                0x0000000000000000                _sinit = .
                0x0000000000000000                . = ALIGN (0x4)
 *(SORT_NONE(.init))
 .init          0x0000000000000000       0x38 ./Startup/startup_ch32v20x_D6.o
                0x0000000000000000                _start
                0x0000000000000038                . = ALIGN (0x4)
                0x0000000000000038                _einit = .

.vector         0x0000000000000038      0x108
 *(.vector)
 .vector        0x0000000000000038       0xfc ./Startup/startup_ch32v20x_D6.o
                0x0000000000000140                . = ALIGN (0x40)
 *fill*         0x0000000000000134        0xc 

.text           0x0000000000000200     0xd598
                0x0000000000000200                . = ALIGN (0x4)
 *(.text)
 .text          0x0000000000000200      0x2ee ./FreeRTOS/portable/GCC/RISC-V/portASM.o
                0x0000000000000200                SW_Handler
                0x0000000000000300                xPortStartFirstTask
                0x0000000000000400                pxPortInitialiseStack
 .text          0x00000000000004ee       0x60 c:/mounriver/mounriver_studio/toolchain/risc-v embedded gcc/bin/../lib/gcc/riscv-none-embed/8.2.0/rv32imacxw/ilp32\libgcc.a(save-restore.o)
                0x00000000000004ee                __riscv_save_12
                0x00000000000004f6                __riscv_save_9
                0x00000000000004f6                __riscv_save_11
                0x00000000000004f6                __riscv_save_10
                0x00000000000004f6                __riscv_save_8
                0x0000000000000504                __riscv_save_4
                0x0000000000000504                __riscv_save_6
                0x0000000000000504                __riscv_save_5
                0x0000000000000504                __riscv_save_7
                0x000000000000051e                __riscv_save_3
                0x000000000000051e                __riscv_save_2
                0x000000000000051e                __riscv_save_1
                0x000000000000051e                __riscv_save_0
                0x000000000000052a                __riscv_restore_12
                0x000000000000052e                __riscv_restore_11
                0x000000000000052e                __riscv_restore_9
                0x000000000000052e                __riscv_restore_10
                0x000000000000052e                __riscv_restore_8
                0x0000000000000538                __riscv_restore_5
                0x0000000000000538                __riscv_restore_7
                0x0000000000000538                __riscv_restore_6
                0x0000000000000538                __riscv_restore_4
                0x0000000000000542                __riscv_restore_3
                0x0000000000000542                __riscv_restore_0
                0x0000000000000542                __riscv_restore_2
                0x0000000000000542                __riscv_restore_1
 .text          0x000000000000054e       0xa8 c:/mounriver/mounriver_studio/toolchain/risc-v embedded gcc/bin/../lib/gcc/riscv-none-embed/8.2.0/../../../../riscv-none-embed/lib/rv32imacxw/ilp32\libg_nano.a(lib_a-memset.o)
                0x000000000000054e                memset
 *(.text.*)
 .text.xCanOpenProcessTaskHandle
                0x00000000000005f6        0xa ./User/CanOpenNode.o
                0x00000000000005f6                xCanOpenProcessTaskHandle
 .text.xCanOpenPeriodicTaskHandle
                0x0000000000000600        0xa ./User/CanOpenNode.o
                0x0000000000000600                xCanOpenPeriodicTaskHandle
 .text.vCanOpenInit
                0x000000000000060a        0xa ./User/CanOpenNode.o
                0x000000000000060a                vCanOpenInit
 .text.vCanOpenProcess
                0x0000000000000614      0x190 ./User/CanOpenNode.o
                0x0000000000000614                vCanOpenProcess
 .text.vCanOpenPeriodicProcess
                0x00000000000007a4       0x82 ./User/CanOpenNode.o
                0x00000000000007a4                vCanOpenPeriodicProcess
 .text.setReg32
                0x0000000000000826       0x1a ./User/DataModel.o
                0x0000000000000826                setReg32
 .text.setReg16
                0x0000000000000840        0xe ./User/DataModel.o
                0x0000000000000840                setReg16
 .text.setReg8  0x000000000000084e        0xa ./User/DataModel.o
                0x000000000000084e                setReg8
 .text.setReg   0x0000000000000858       0x4c ./User/DataModel.o
                0x0000000000000858                setReg
 .text.getReg16
                0x00000000000008a4       0x10 ./User/DataModel.o
                0x00000000000008a4                getReg16
 .text.getReg32
                0x00000000000008b4       0x1c ./User/DataModel.o
                0x00000000000008b4                getReg32
 .text.DataModel_Init
                0x00000000000008d0      0x404 ./User/DataModel.o
                0x00000000000008d0                DataModel_Init
 .text.getReg8  0x0000000000000cd4        0xa ./User/DataModel.o
                0x0000000000000cd4                getReg8
 .text.vGetBitrate
                0x0000000000000cde       0x2a ./User/DataModel.o
                0x0000000000000cde                vGetBitrate
 .text.vFDGetNMTState
                0x0000000000000d08        0x6 ./User/DataModel.o
                0x0000000000000d08                vFDGetNMTState
 .text.vGetNodeId
                0x0000000000000d0e        0x6 ./User/DataModel.o
                0x0000000000000d0e                vGetNodeId
 .text.vIncrementSystemCounters
                0x0000000000000d14       0x14 ./User/DataModel.o
                0x0000000000000d14                vIncrementSystemCounters
 .text.vSaveData
                0x0000000000000d28       0x16 ./User/DataModel.o
                0x0000000000000d28                vSaveData
 .text.getOdometr
                0x0000000000000d3e        0x4 ./User/DataModel.o
                0x0000000000000d3e                getOdometr
 .text.NMI_Handler
                0x0000000000000d42        0x2 ./User/ch32v20x_it.o
                0x0000000000000d42                NMI_Handler
 .text.HardFault_Handler
                0x0000000000000d44       0x66 ./User/ch32v20x_it.o
                0x0000000000000d44                HardFault_Handler
 .text.xProcessTaskHandle
                0x0000000000000daa        0xa ./User/dash_draw.o
                0x0000000000000daa                xProcessTaskHandle
 .text.getODValue
                0x0000000000000db4       0xe0 ./User/dash_draw.o
                0x0000000000000db4                getODValue
 .text.IncMenuIndex
                0x0000000000000e94       0x60 ./User/dash_draw.o
                0x0000000000000e94                IncMenuIndex
 .text.SetCurMenuHome
                0x0000000000000ef4        0xe ./User/dash_draw.o
                0x0000000000000ef4                SetCurMenuHome
 .text.CheckMenuChannel
                0x0000000000000f02       0x1a ./User/dash_draw.o
                0x0000000000000f02                CheckMenuChannel
 .text.vDashDrawInit
                0x0000000000000f1c       0x72 ./User/dash_draw.o
                0x0000000000000f1c                vDashDrawInit
 .text.vAcceptError
                0x0000000000000f8e       0x1a ./User/dash_draw.o
                0x0000000000000f8e                vAcceptError
 .text.vRGBOff  0x0000000000000fa8       0x26 ./User/dash_draw.o
                0x0000000000000fa8                vRGBOff
 .text.vGetEdgeData
                0x0000000000000fce       0x2a ./User/dash_draw.o
                0x0000000000000fce                vGetEdgeData
 .text.vRGBMode
                0x0000000000000ff8       0xbe ./User/dash_draw.o
                0x0000000000000ff8                vRGBMode
 .text.vBarColorMode
                0x00000000000010b6       0xc2 ./User/dash_draw.o
                0x00000000000010b6                vBarColorMode
 .text.vBarWindowMode
                0x0000000000001178       0x5a ./User/dash_draw.o
                0x0000000000001178                vBarWindowMode
 .text.vBarMode
                0x00000000000011d2       0x66 ./User/dash_draw.o
                0x00000000000011d2                vBarMode
 .text.RedrawNotifyTaskToInit
                0x0000000000001238       0x28 ./User/dash_draw.o
                0x0000000000001238                RedrawNotifyTaskToInit
 .text.vRedrawTask
                0x0000000000001260      0x232 ./User/dash_draw.o
                0x0000000000001260                vRedrawTask
 .text.vInit_DeviceConfig
                0x0000000000001492      0x160 ./User/init.o
                0x0000000000001492                vInit_DeviceConfig
 .text.ADC1_Event
                0x00000000000015f2       0x48 ./User/inputs.o
                0x00000000000015f2                ADC1_Event
 .text.DMA1_Channel7_Callback
                0x000000000000163a        0xe ./User/inputs.o
 .text.DMA1_Channel4_Callback
                0x0000000000001648        0xe ./User/inputs.o
 .text.fDinStateCallback
                0x0000000000001656       0x30 ./User/inputs.o
                0x0000000000001656                fDinStateCallback
 .text.vSetDoutState
                0x0000000000001686       0x1c ./User/inputs.o
                0x0000000000001686                vSetDoutState
 .text.getInputsTaskHandle
                0x00000000000016a2        0xa ./User/inputs.o
                0x00000000000016a2                getInputsTaskHandle
 .text.InputsNotifyTaskToInit
                0x00000000000016ac       0x28 ./User/inputs.o
                0x00000000000016ac                InputsNotifyTaskToInit
 .text.ADC1_Init
                0x00000000000016d4       0x58 ./User/inputs.o
                0x00000000000016d4                ADC1_Init
 .text.ADC_FSM  0x000000000000172c       0x90 ./User/inputs.o
                0x000000000000172c                ADC_FSM
 .text.xGetAin  0x00000000000017bc       0x46 ./User/inputs.o
                0x00000000000017bc                xGetAin
 .text.GetAIN   0x0000000000001802        0xc ./User/inputs.o
                0x0000000000001802                GetAIN
 .text.vInputsTask
                0x000000000000180e      0x226 ./User/inputs.o
                0x000000000000180e                vInputsTask
 .text.fPortState
                0x0000000000001a34       0x1a ./User/keyboard_task.o
                0x0000000000001a34                fPortState
 .text.xKeyboardProcessTaskHandle
                0x0000000000001a4e        0xa ./User/keyboard_task.o
                0x0000000000001a4e                xKeyboardProcessTaskHandle
 .text.vInitKeybord
                0x0000000000001a58       0x42 ./User/keyboard_task.o
                0x0000000000001a58                vInitKeybord
 .text.vKeyboardTask
                0x0000000000001a9a       0x14 ./User/keyboard_task.o
                0x0000000000001a9a                vKeyboardTask
 .text.SPI1_DMA_Callback
                0x0000000000001aae       0x38 ./User/led.o
                0x0000000000001aae                SPI1_DMA_Callback
 .text.SPI2_DMA_Callback
                0x0000000000001ae6       0x3e ./User/led.o
                0x0000000000001ae6                SPI2_DMA_Callback
 .text.SetBarState
                0x0000000000001b24       0x50 ./User/led.o
                0x0000000000001b24                SetBarState
 .text.vSetInitBrigth
                0x0000000000001b74        0x2 ./User/led.o
                0x0000000000001b74                vSetInitBrigth
 .text.SetRGB   0x0000000000001b76       0xa0 ./User/led.o
                0x0000000000001b76                SetRGB
 .text.SetSegDirect
                0x0000000000001c16       0x9c ./User/led.o
                0x0000000000001c16                SetSegDirect
 .text.SetSEG   0x0000000000001cb2       0xc4 ./User/led.o
                0x0000000000001cb2                SetSEG
 .text.SetBigSeg
                0x0000000000001d76       0x14 ./User/led.o
                0x0000000000001d76                SetBigSeg
 .text.vSetBrigth
                0x0000000000001d8a       0x2a ./User/led.o
                0x0000000000001d8a                vSetBrigth
 .text.vLedDriverStart
                0x0000000000001db4       0x6e ./User/led.o
                0x0000000000001db4                vLedDriverStart
 .text.vLedProcess
                0x0000000000001e22       0x2c ./User/led.o
                0x0000000000001e22                vLedProcess
 .text.vRGBProcess
                0x0000000000001e4e       0x2c ./User/led.o
                0x0000000000001e4e                vRGBProcess
 .text.startup.main
                0x0000000000001e7a       0x42 ./User/main.o
                0x0000000000001e7a                main
 .text.vRestartNode
                0x0000000000001ebc        0x2 ./User/main.o
                0x0000000000001ebc                vRestartNode
 .text.Error_Handler
                0x0000000000001ebe        0x8 ./User/main.o
                0x0000000000001ebe                Error_Handler
 .text.SystemInit
                0x0000000000001ec6       0xee ./User/system_ch32v20x.o
                0x0000000000001ec6                SystemInit
 .text.SystemCoreClockUpdate
                0x0000000000001fb4       0x92 ./User/system_ch32v20x.o
                0x0000000000001fb4                SystemCoreClockUpdate
 .text.StartDefaultTask
                0x0000000000002046      0x21a ./User/system_init.o
 .text.vApplicationGetIdleTaskMemory
                0x0000000000002260       0x1c ./User/system_init.o
                0x0000000000002260                vApplicationGetIdleTaskMemory
 .text.vApplicationGetTimerTaskMemory
                0x000000000000227c       0x1c ./User/system_init.o
                0x000000000000227c                vApplicationGetTimerTaskMemory
 .text.vSYStaskInit
                0x0000000000002298      0x144 ./User/system_init.o
                0x0000000000002298                vSYStaskInit
 .text.vSYSqueueInit
                0x00000000000023dc       0x2a ./User/system_init.o
                0x00000000000023dc                vSYSqueueInit
 .text.vSYSeventInit
                0x0000000000002406        0x2 ./User/system_init.o
                0x0000000000002406                vSYSeventInit
 .text.vector_handler
                0x0000000000002408       0x6c ./Startup/startup_ch32v20x_D6.o
                0x000000000000240c                Ecall_M_Mode_Handler
                0x000000000000240e                Ecall_U_Mode_Handler
                0x0000000000002410                Break_Point_Handler
                0x0000000000002416                WWDG_IRQHandler
                0x0000000000002418                PVD_IRQHandler
                0x000000000000241a                TAMPER_IRQHandler
                0x000000000000241e                FLASH_IRQHandler
                0x0000000000002420                RCC_IRQHandler
                0x0000000000002422                EXTI0_IRQHandler
                0x0000000000002424                EXTI1_IRQHandler
                0x0000000000002426                EXTI2_IRQHandler
                0x0000000000002428                EXTI3_IRQHandler
                0x000000000000242a                EXTI4_IRQHandler
                0x000000000000242e                DMA1_Channel2_IRQHandler
                0x0000000000002436                DMA1_Channel6_IRQHandler
                0x0000000000002444                EXTI9_5_IRQHandler
                0x0000000000002446                TIM1_BRK_IRQHandler
                0x000000000000244a                TIM1_TRG_COM_IRQHandler
                0x000000000000244c                TIM1_CC_IRQHandler
                0x000000000000245c                SPI1_IRQHandler
                0x000000000000245e                SPI2_IRQHandler
                0x0000000000002460                USART1_IRQHandler
                0x0000000000002462                USART2_IRQHandler
                0x0000000000002464                USART3_IRQHandler
                0x0000000000002466                EXTI15_10_IRQHandler
                0x0000000000002468                RTCAlarm_IRQHandler
                0x000000000000246a                USBWakeUp_IRQHandler
                0x000000000000246c                USBHD_IRQHandler
                0x000000000000246e                USBHDWakeUp_IRQHandler
                0x0000000000002470                UART4_IRQHandler
                0x0000000000002472                DMA1_Channel8_IRQHandler
 .text.handle_reset
                0x0000000000002474       0x92 ./Startup/startup_ch32v20x_D6.o
                0x0000000000002474                handle_reset
 .text.ADC_DeInit
                0x0000000000002506       0x46 ./Peripheral/src/ch32v20x_adc.o
                0x0000000000002506                ADC_DeInit
 .text.ADC_Init
                0x000000000000254c       0x56 ./Peripheral/src/ch32v20x_adc.o
                0x000000000000254c                ADC_Init
 .text.ADC_Cmd  0x00000000000025a2       0x10 ./Peripheral/src/ch32v20x_adc.o
                0x00000000000025a2                ADC_Cmd
 .text.ADC_DMACmd
                0x00000000000025b2       0x12 ./Peripheral/src/ch32v20x_adc.o
                0x00000000000025b2                ADC_DMACmd
 .text.ADC_ResetCalibration
                0x00000000000025c4        0xa ./Peripheral/src/ch32v20x_adc.o
                0x00000000000025c4                ADC_ResetCalibration
 .text.ADC_GetResetCalibrationStatus
                0x00000000000025ce        0x8 ./Peripheral/src/ch32v20x_adc.o
                0x00000000000025ce                ADC_GetResetCalibrationStatus
 .text.ADC_StartCalibration
                0x00000000000025d6        0xa ./Peripheral/src/ch32v20x_adc.o
                0x00000000000025d6                ADC_StartCalibration
 .text.ADC_GetCalibrationStatus
                0x00000000000025e0        0x8 ./Peripheral/src/ch32v20x_adc.o
                0x00000000000025e0                ADC_GetCalibrationStatus
 .text.ADC_SoftwareStartConvCmd
                0x00000000000025e8       0x18 ./Peripheral/src/ch32v20x_adc.o
                0x00000000000025e8                ADC_SoftwareStartConvCmd
 .text.ADC_RegularChannelConfig
                0x0000000000002600       0xb8 ./Peripheral/src/ch32v20x_adc.o
                0x0000000000002600                ADC_RegularChannelConfig
 .text.ADC_ExternalTrigConvCmd
                0x00000000000026b8       0x18 ./Peripheral/src/ch32v20x_adc.o
                0x00000000000026b8                ADC_ExternalTrigConvCmd
 .text.ADC_GetITStatus
                0x00000000000026d0       0x1c ./Peripheral/src/ch32v20x_adc.o
                0x00000000000026d0                ADC_GetITStatus
 .text.ADC_ClearITPendingBit
                0x00000000000026ec        0xa ./Peripheral/src/ch32v20x_adc.o
                0x00000000000026ec                ADC_ClearITPendingBit
 .text.ADC_BufferCmd
                0x00000000000026f6       0x18 ./Peripheral/src/ch32v20x_adc.o
                0x00000000000026f6                ADC_BufferCmd
 .text.Get_CalibrationValue
                0x000000000000270e      0x1fe ./Peripheral/src/ch32v20x_adc.o
                0x000000000000270e                Get_CalibrationValue
 .text.BKP_DeInit
                0x000000000000290c       0x14 ./Peripheral/src/ch32v20x_bkp.o
                0x000000000000290c                BKP_DeInit
 .text.CAN_Init
                0x0000000000002920       0xe8 ./Peripheral/src/ch32v20x_can.o
                0x0000000000002920                CAN_Init
 .text.CAN_FilterInit
                0x0000000000002a08      0x118 ./Peripheral/src/ch32v20x_can.o
                0x0000000000002a08                CAN_FilterInit
 .text.CAN_Transmit
                0x0000000000002b20       0xbc ./Peripheral/src/ch32v20x_can.o
                0x0000000000002b20                CAN_Transmit
 .text.CAN_Receive
                0x0000000000002bdc       0x8c ./Peripheral/src/ch32v20x_can.o
                0x0000000000002bdc                CAN_Receive
 .text.CAN_OperatingModeRequest
                0x0000000000002c68       0x72 ./Peripheral/src/ch32v20x_can.o
                0x0000000000002c68                CAN_OperatingModeRequest
 .text.CAN_ITConfig
                0x0000000000002cda       0x12 ./Peripheral/src/ch32v20x_can.o
                0x0000000000002cda                CAN_ITConfig
 .text.CAN_GetFlagStatus
                0x0000000000002cec       0x56 ./Peripheral/src/ch32v20x_can.o
                0x0000000000002cec                CAN_GetFlagStatus
 .text.CAN_ClearFlag
                0x0000000000002d42       0x40 ./Peripheral/src/ch32v20x_can.o
                0x0000000000002d42                CAN_ClearFlag
 .text.CAN_ClearITPendingBit
                0x0000000000002d82       0x94 ./Peripheral/src/ch32v20x_can.o
                0x0000000000002d82                CAN_ClearITPendingBit
 .text.DMA_Init
                0x0000000000002e16       0x38 ./Peripheral/src/ch32v20x_dma.o
                0x0000000000002e16                DMA_Init
 .text.DMA_Cmd  0x0000000000002e4e       0x14 ./Peripheral/src/ch32v20x_dma.o
                0x0000000000002e4e                DMA_Cmd
 .text.DMA_ITConfig
                0x0000000000002e62       0x12 ./Peripheral/src/ch32v20x_dma.o
                0x0000000000002e62                DMA_ITConfig
 .text.DMA_SetCurrDataCounter
                0x0000000000002e74        0x4 ./Peripheral/src/ch32v20x_dma.o
                0x0000000000002e74                DMA_SetCurrDataCounter
 .text.DMA_GetFlagStatus
                0x0000000000002e78        0xe ./Peripheral/src/ch32v20x_dma.o
                0x0000000000002e78                DMA_GetFlagStatus
 .text.DMA_GetITStatus
                0x0000000000002e86        0xa ./Peripheral/src/ch32v20x_dma.o
                0x0000000000002e86                DMA_GetITStatus
 .text.DMA_ClearITPendingBit
                0x0000000000002e90        0x8 ./Peripheral/src/ch32v20x_dma.o
                0x0000000000002e90                DMA_ClearITPendingBit
 .text.GPIO_Init
                0x0000000000002e98       0xfa ./Peripheral/src/ch32v20x_gpio.o
                0x0000000000002e98                GPIO_Init
 .text.GPIO_ReadInputDataBit
                0x0000000000002f92       0x1e ./Peripheral/src/ch32v20x_gpio.o
                0x0000000000002f92                GPIO_ReadInputDataBit
 .text.GPIO_SetBits
                0x0000000000002fb0       0x18 ./Peripheral/src/ch32v20x_gpio.o
                0x0000000000002fb0                GPIO_SetBits
 .text.GPIO_ResetBits
                0x0000000000002fc8       0x18 ./Peripheral/src/ch32v20x_gpio.o
                0x0000000000002fc8                GPIO_ResetBits
 .text.GPIO_WriteBit
                0x0000000000002fe0       0x1e ./Peripheral/src/ch32v20x_gpio.o
                0x0000000000002fe0                GPIO_WriteBit
 .text.GPIO_PinRemapConfig
                0x0000000000002ffe       0xf2 ./Peripheral/src/ch32v20x_gpio.o
                0x0000000000002ffe                GPIO_PinRemapConfig
 .text.I2C_Init
                0x00000000000030f0       0xf2 ./Peripheral/src/ch32v20x_i2c.o
                0x00000000000030f0                I2C_Init
 .text.I2C_Cmd  0x00000000000031e2       0x18 ./Peripheral/src/ch32v20x_i2c.o
                0x00000000000031e2                I2C_Cmd
 .text.I2C_GenerateSTART
                0x00000000000031fa       0x1a ./Peripheral/src/ch32v20x_i2c.o
                0x00000000000031fa                I2C_GenerateSTART
 .text.I2C_GenerateSTOP
                0x0000000000003214       0x1a ./Peripheral/src/ch32v20x_i2c.o
                0x0000000000003214                I2C_GenerateSTOP
 .text.I2C_AcknowledgeConfig
                0x000000000000322e       0x1a ./Peripheral/src/ch32v20x_i2c.o
                0x000000000000322e                I2C_AcknowledgeConfig
 .text.I2C_DualAddressCmd
                0x0000000000003248       0x18 ./Peripheral/src/ch32v20x_i2c.o
                0x0000000000003248                I2C_DualAddressCmd
 .text.I2C_ITConfig
                0x0000000000003260       0x12 ./Peripheral/src/ch32v20x_i2c.o
                0x0000000000003260                I2C_ITConfig
 .text.I2C_SendData
                0x0000000000003272        0x4 ./Peripheral/src/ch32v20x_i2c.o
                0x0000000000003272                I2C_SendData
 .text.I2C_ReceiveData
                0x0000000000003276        0x8 ./Peripheral/src/ch32v20x_i2c.o
                0x0000000000003276                I2C_ReceiveData
 .text.I2C_Send7bitAddress
                0x000000000000327e       0x12 ./Peripheral/src/ch32v20x_i2c.o
                0x000000000000327e                I2C_Send7bitAddress
 .text.I2C_ReadRegister
                0x0000000000003290       0x14 ./Peripheral/src/ch32v20x_i2c.o
                0x0000000000003290                I2C_ReadRegister
 .text.I2C_GetFlagStatus
                0x00000000000032a4       0x32 ./Peripheral/src/ch32v20x_i2c.o
                0x00000000000032a4                I2C_GetFlagStatus
 .text.I2C_ClearFlag
                0x00000000000032d6        0xc ./Peripheral/src/ch32v20x_i2c.o
                0x00000000000032d6                I2C_ClearFlag
 .text.NVIC_PriorityGroupConfig
                0x00000000000032e2        0xa ./Peripheral/src/ch32v20x_misc.o
                0x00000000000032e2                NVIC_PriorityGroupConfig
 .text.NVIC_Init
                0x00000000000032ec       0xaa ./Peripheral/src/ch32v20x_misc.o
                0x00000000000032ec                NVIC_Init
 .text.PWR_BackupAccessCmd
                0x0000000000003396       0x16 ./Peripheral/src/ch32v20x_pwr.o
                0x0000000000003396                PWR_BackupAccessCmd
 .text.RCC_ADCCLKConfig
                0x00000000000033ac       0x12 ./Peripheral/src/ch32v20x_rcc.o
                0x00000000000033ac                RCC_ADCCLKConfig
 .text.RCC_LSEConfig
                0x00000000000033be       0x28 ./Peripheral/src/ch32v20x_rcc.o
                0x00000000000033be                RCC_LSEConfig
 .text.RCC_RTCCLKConfig
                0x00000000000033e6        0xc ./Peripheral/src/ch32v20x_rcc.o
                0x00000000000033e6                RCC_RTCCLKConfig
 .text.RCC_RTCCLKCmd
                0x00000000000033f2       0x20 ./Peripheral/src/ch32v20x_rcc.o
                0x00000000000033f2                RCC_RTCCLKCmd
 .text.RCC_GetClocksFreq
                0x0000000000003412       0xbe ./Peripheral/src/ch32v20x_rcc.o
                0x0000000000003412                RCC_GetClocksFreq
 .text.RCC_AHBPeriphClockCmd
                0x00000000000034d0       0x1e ./Peripheral/src/ch32v20x_rcc.o
                0x00000000000034d0                RCC_AHBPeriphClockCmd
 .text.RCC_APB2PeriphClockCmd
                0x00000000000034ee       0x1e ./Peripheral/src/ch32v20x_rcc.o
                0x00000000000034ee                RCC_APB2PeriphClockCmd
 .text.RCC_APB1PeriphClockCmd
                0x000000000000350c       0x1e ./Peripheral/src/ch32v20x_rcc.o
                0x000000000000350c                RCC_APB1PeriphClockCmd
 .text.RCC_APB2PeriphResetCmd
                0x000000000000352a       0x1e ./Peripheral/src/ch32v20x_rcc.o
                0x000000000000352a                RCC_APB2PeriphResetCmd
 .text.RCC_APB1PeriphResetCmd
                0x0000000000003548       0x1e ./Peripheral/src/ch32v20x_rcc.o
                0x0000000000003548                RCC_APB1PeriphResetCmd
 .text.RCC_BackupResetCmd
                0x0000000000003566       0x20 ./Peripheral/src/ch32v20x_rcc.o
                0x0000000000003566                RCC_BackupResetCmd
 .text.RCC_GetFlagStatus
                0x0000000000003586       0x2e ./Peripheral/src/ch32v20x_rcc.o
                0x0000000000003586                RCC_GetFlagStatus
 .text.RTC_ITConfig
                0x00000000000035b4       0x1a ./Peripheral/src/ch32v20x_rtc.o
                0x00000000000035b4                RTC_ITConfig
 .text.RTC_EnterConfigMode
                0x00000000000035ce       0x12 ./Peripheral/src/ch32v20x_rtc.o
                0x00000000000035ce                RTC_EnterConfigMode
 .text.RTC_ExitConfigMode
                0x00000000000035e0       0x18 ./Peripheral/src/ch32v20x_rtc.o
                0x00000000000035e0                RTC_ExitConfigMode
 .text.RTC_SetPrescaler
                0x00000000000035f8       0x2e ./Peripheral/src/ch32v20x_rtc.o
                0x00000000000035f8                RTC_SetPrescaler
 .text.RTC_WaitForLastTask
                0x0000000000003626       0x10 ./Peripheral/src/ch32v20x_rtc.o
                0x0000000000003626                RTC_WaitForLastTask
 .text.RTC_WaitForSynchro
                0x0000000000003636       0x24 ./Peripheral/src/ch32v20x_rtc.o
                0x0000000000003636                RTC_WaitForSynchro
 .text.RTC_ClearFlag
                0x000000000000365a       0x14 ./Peripheral/src/ch32v20x_rtc.o
                0x000000000000365a                RTC_ClearFlag
 .text.RTC_GetITStatus
                0x000000000000366e       0x20 ./Peripheral/src/ch32v20x_rtc.o
                0x000000000000366e                RTC_GetITStatus
 .text.RTC_ClearITPendingBit
                0x000000000000368e        0xc ./Peripheral/src/ch32v20x_rtc.o
                0x000000000000368e                RTC_ClearITPendingBit
 .text.SPI_I2S_DeInit
                0x000000000000369a       0x3e ./Peripheral/src/ch32v20x_spi.o
                0x000000000000369a                SPI_I2S_DeInit
 .text.SPI_Init
                0x00000000000036d8       0x3e ./Peripheral/src/ch32v20x_spi.o
                0x00000000000036d8                SPI_Init
 .text.SPI_Cmd  0x0000000000003716       0x1a ./Peripheral/src/ch32v20x_spi.o
                0x0000000000003716                SPI_Cmd
 .text.SPI_I2S_DMACmd
                0x0000000000003730       0x12 ./Peripheral/src/ch32v20x_spi.o
                0x0000000000003730                SPI_I2S_DMACmd
 .text.SPI_I2S_GetFlagStatus
                0x0000000000003742        0xa ./Peripheral/src/ch32v20x_spi.o
                0x0000000000003742                SPI_I2S_GetFlagStatus
 .text.SPI_I2S_ClearFlag
                0x000000000000374c        0xc ./Peripheral/src/ch32v20x_spi.o
                0x000000000000374c                SPI_I2S_ClearFlag
 .text.TIM_DeInit
                0x0000000000003758       0x8a ./Peripheral/src/ch32v20x_tim.o
                0x0000000000003758                TIM_DeInit
 .text.TIM_TimeBaseInit
                0x00000000000037e2       0x6a ./Peripheral/src/ch32v20x_tim.o
                0x00000000000037e2                TIM_TimeBaseInit
 .text.TIM_OC1Init
                0x000000000000384c       0x6a ./Peripheral/src/ch32v20x_tim.o
                0x000000000000384c                TIM_OC1Init
 .text.TIM_OC2Init
                0x00000000000038b6       0x96 ./Peripheral/src/ch32v20x_tim.o
                0x00000000000038b6                TIM_OC2Init
 .text.TIM_OC3Init
                0x000000000000394c       0x94 ./Peripheral/src/ch32v20x_tim.o
                0x000000000000394c                TIM_OC3Init
 .text.TIM_OC4Init
                0x00000000000039e0       0x6c ./Peripheral/src/ch32v20x_tim.o
                0x00000000000039e0                TIM_OC4Init
 .text.TIM_TimeBaseStructInit
                0x0000000000003a4c       0x16 ./Peripheral/src/ch32v20x_tim.o
                0x0000000000003a4c                TIM_TimeBaseStructInit
 .text.TIM_Cmd  0x0000000000003a62       0x18 ./Peripheral/src/ch32v20x_tim.o
                0x0000000000003a62                TIM_Cmd
 .text.TIM_CtrlPWMOutputs
                0x0000000000003a7a       0x16 ./Peripheral/src/ch32v20x_tim.o
                0x0000000000003a7a                TIM_CtrlPWMOutputs
 .text.TIM_ITConfig
                0x0000000000003a90       0x12 ./Peripheral/src/ch32v20x_tim.o
                0x0000000000003a90                TIM_ITConfig
 .text.TIM_InternalClockConfig
                0x0000000000003aa2       0x10 ./Peripheral/src/ch32v20x_tim.o
                0x0000000000003aa2                TIM_InternalClockConfig
 .text.TIM_ARRPreloadConfig
                0x0000000000003ab2       0x1a ./Peripheral/src/ch32v20x_tim.o
                0x0000000000003ab2                TIM_ARRPreloadConfig
 .text.TIM_OC1PreloadConfig
                0x0000000000003acc        0xe ./Peripheral/src/ch32v20x_tim.o
                0x0000000000003acc                TIM_OC1PreloadConfig
 .text.TIM_OC2PreloadConfig
                0x0000000000003ada       0x16 ./Peripheral/src/ch32v20x_tim.o
                0x0000000000003ada                TIM_OC2PreloadConfig
 .text.TIM_OC3PreloadConfig
                0x0000000000003af0        0xe ./Peripheral/src/ch32v20x_tim.o
                0x0000000000003af0                TIM_OC3PreloadConfig
 .text.TIM_OC4PreloadConfig
                0x0000000000003afe       0x16 ./Peripheral/src/ch32v20x_tim.o
                0x0000000000003afe                TIM_OC4PreloadConfig
 .text.TIM_GetITStatus
                0x0000000000003b14       0x18 ./Peripheral/src/ch32v20x_tim.o
                0x0000000000003b14                TIM_GetITStatus
 .text.TIM_ClearITPendingBit
                0x0000000000003b2c        0xc ./Peripheral/src/ch32v20x_tim.o
                0x0000000000003b2c                TIM_ClearITPendingBit
 .text.USART_Init
                0x0000000000003b38       0xbc ./Peripheral/src/ch32v20x_usart.o
                0x0000000000003b38                USART_Init
 .text.USART_Cmd
                0x0000000000003bf4       0x16 ./Peripheral/src/ch32v20x_usart.o
                0x0000000000003bf4                USART_Cmd
 .text.USART_SendData
                0x0000000000003c0a        0x8 ./Peripheral/src/ch32v20x_usart.o
                0x0000000000003c0a                USART_SendData
 .text.USART_GetFlagStatus
                0x0000000000003c12        0xa ./Peripheral/src/ch32v20x_usart.o
                0x0000000000003c12                USART_GetFlagStatus
 .text.vAINInit
                0x0000000000003c1c       0x36 ./HWLIB/hw_lib_adc.o
                0x0000000000003c1c                vAINInit
 .text.getADC1Buffer
                0x0000000000003c52        0xa ./HWLIB/hw_lib_adc.o
                0x0000000000003c52                getADC1Buffer
 .text.eDOUTConfigWtihStruct
                0x0000000000003c5c       0x1a ./HWLIB/hw_lib_din.o
                0x0000000000003c5c                eDOUTConfigWtihStruct
 .text.eSetDUT  0x0000000000003c76       0x12 ./HWLIB/hw_lib_din.o
                0x0000000000003c76                eSetDUT
 .text.eDinConfigWtihStruct
                0x0000000000003c88       0x32 ./HWLIB/hw_lib_din.o
                0x0000000000003c88                eDinConfigWtihStruct
 .text.uGetDIN  0x0000000000003cba       0x14 ./HWLIB/hw_lib_din.o
                0x0000000000003cba                uGetDIN
 .text.xGetDIN  0x0000000000003cce       0x24 ./HWLIB/hw_lib_din.o
                0x0000000000003cce                xGetDIN
 .text.uGetRPMBuffer
                0x0000000000003cf2       0x16 ./HWLIB/hw_lib_din.o
                0x0000000000003cf2                uGetRPMBuffer
 .text.eRPMConfig
                0x0000000000003d08       0x5a ./HWLIB/hw_lib_din.o
                0x0000000000003d08                eRPMConfig
 .text.RMPDataConvert
                0x0000000000003d62       0x8c ./HWLIB/hw_lib_din.o
                0x0000000000003d62                RMPDataConvert
 .text.xGetRPM  0x0000000000003dee       0x72 ./HWLIB/hw_lib_din.o
                0x0000000000003dee                xGetRPM
 .text.vDinDoutProcess
                0x0000000000003e60       0x98 ./HWLIB/hw_lib_din.o
                0x0000000000003e60                vDinDoutProcess
 .text.vInitEEPROM
                0x0000000000003ef8       0x18 ./HWLIB/hw_lib_eeprom.o
                0x0000000000003ef8                vInitEEPROM
 .text.xGetEEPROM
                0x0000000000003f10        0xa ./HWLIB/hw_lib_eeprom.o
                0x0000000000003f10                xGetEEPROM
 .text.eEEPROMWr
                0x0000000000003f1a       0xb0 ./HWLIB/hw_lib_eeprom.o
                0x0000000000003f1a                eEEPROMWr
 .text.eEEPROMRd
                0x0000000000003fca       0x34 ./HWLIB/hw_lib_eeprom.o
                0x0000000000003fca                eEEPROMRd
 .text.bReadEEPROM
                0x0000000000003ffe       0x1a ./HWLIB/hw_lib_eeprom.o
                0x0000000000003ffe                bReadEEPROM
 .text.vPostState
                0x0000000000004018       0x30 ./HWLIB/hw_lib_keyboard.o
 .text.xKeyboardQueue
                0x0000000000004048        0xa ./HWLIB/hw_lib_keyboard.o
                0x0000000000004048                xKeyboardQueue
 .text.HW_LIB_GetKeyboardPeriod
                0x0000000000004052        0xa ./HWLIB/hw_lib_keyboard.o
                0x0000000000004052                HW_LIB_GetKeyboardPeriod
 .text.eKeyboardInit
                0x000000000000405c       0x50 ./HWLIB/hw_lib_keyboard.o
                0x000000000000405c                eKeyboardInit
 .text.HW_LIB_KeyboradFSM
                0x00000000000040ac       0x86 ./HWLIB/hw_lib_keyboard.o
                0x00000000000040ac                HW_LIB_KeyboradFSM
 .text.Get_ConversionVal
                0x0000000000004132       0x2e ./HAL/hal_adc.o
                0x0000000000004132                Get_ConversionVal
 .text.HAL_ADC_CommonConfig
                0x0000000000004160        0xe ./HAL/hal_adc.o
                0x0000000000004160                HAL_ADC_CommonConfig
 .text.HAL_ADC_ContiniusScanCinvertionDMA
                0x000000000000416e       0xda ./HAL/hal_adc.o
                0x000000000000416e                HAL_ADC_ContiniusScanCinvertionDMA
 .text.ADC1_2_IRQHandler
                0x0000000000004248       0x74 ./HAL/hal_adc.o
                0x0000000000004248                ADC1_2_IRQHandler
 .text.HAL_CANSetTXCallback
                0x00000000000042bc        0xa ./HAL/hal_can.o
                0x00000000000042bc                HAL_CANSetTXCallback
 .text.HAL_CANSetRXCallback
                0x00000000000042c6        0xa ./HAL/hal_can.o
                0x00000000000042c6                HAL_CANSetRXCallback
 .text.HAL_CANSetERRCallback
                0x00000000000042d0        0xa ./HAL/hal_can.o
                0x00000000000042d0                HAL_CANSetERRCallback
 .text.HAL_CANIntIT
                0x00000000000042da      0x124 ./HAL/hal_can.o
                0x00000000000042da                HAL_CANIntIT
 .text.HAL_CANToInitMode
                0x00000000000043fe       0x16 ./HAL/hal_can.o
                0x00000000000043fe                HAL_CANToInitMode
 .text.HAL_CANToOperatingMode
                0x0000000000004414       0x16 ./HAL/hal_can.o
                0x0000000000004414                HAL_CANToOperatingMode
 .text.HAL_CANSend
                0x000000000000442a       0x50 ./HAL/hal_can.o
                0x000000000000442a                HAL_CANSend
 .text.HAL_CANSetFiters
                0x000000000000447a       0x3a ./HAL/hal_can.o
                0x000000000000447a                HAL_CANSetFiters
 .text.HAL_CANGetRXMessage
                0x00000000000044b4       0x52 ./HAL/hal_can.o
                0x00000000000044b4                HAL_CANGetRXMessage
 .text.USB_HP_CAN1_TX_IRQHandler
                0x0000000000004506       0xd6 ./HAL/hal_can.o
                0x0000000000004506                USB_HP_CAN1_TX_IRQHandler
 .text.USB_LP_CAN1_RX0_IRQHandler
                0x00000000000045dc       0x62 ./HAL/hal_can.o
                0x00000000000045dc                USB_LP_CAN1_RX0_IRQHandler
 .text.CAN1_RX1_IRQHandler
                0x000000000000463e       0x64 ./HAL/hal_can.o
                0x000000000000463e                CAN1_RX1_IRQHandler
 .text.CAN1_SCE_IRQHandler
                0x00000000000046a2       0x62 ./HAL/hal_can.o
                0x00000000000046a2                CAN1_SCE_IRQHandler
 .text.HAL_DMA_Enable
                0x0000000000004704        0xe ./HAL/hal_dma.o
                0x0000000000004704                HAL_DMA_Enable
 .text.HAL_DMA_Disable
                0x0000000000004712        0xe ./HAL/hal_dma.o
                0x0000000000004712                HAL_DMA_Disable
 .text.HAL_DMA_SetCounter
                0x0000000000004720       0x10 ./HAL/hal_dma.o
                0x0000000000004720                HAL_DMA_SetCounter
 .text.HAL_DMAInitIT
                0x0000000000004730      0x172 ./HAL/hal_dma.o
                0x0000000000004730                HAL_DMAInitIT
 .text.HAL_ADC_StartDMA
                0x00000000000048a2       0x64 ./HAL/hal_dma.o
                0x00000000000048a2                HAL_ADC_StartDMA
 .text.DMA1_Channel1_IRQHandler
                0x0000000000004906       0x64 ./HAL/hal_dma.o
                0x0000000000004906                DMA1_Channel1_IRQHandler
 .text.DMA1_Channel3_IRQHandler
                0x000000000000496a       0x68 ./HAL/hal_dma.o
                0x000000000000496a                DMA1_Channel3_IRQHandler
 .text.DMA1_Channel5_IRQHandler
                0x00000000000049d2       0x66 ./HAL/hal_dma.o
                0x00000000000049d2                DMA1_Channel5_IRQHandler
 .text.DMA1_Channel4_IRQHandler
                0x0000000000004a38       0x64 ./HAL/hal_dma.o
                0x0000000000004a38                DMA1_Channel4_IRQHandler
 .text.DMA1_Channel7_IRQHandler
                0x0000000000004a9c       0x68 ./HAL/hal_dma.o
                0x0000000000004a9c                DMA1_Channel7_IRQHandler
 .text.HAL_InitGpioLib
                0x0000000000004b04       0x12 ./HAL/hal_gpio.o
                0x0000000000004b04                HAL_InitGpioLib
 .text.HAL_InitGpioRCC
                0x0000000000004b16       0xb6 ./HAL/hal_gpio.o
                0x0000000000004b16                HAL_InitGpioRCC
 .text.HAL_InitGpioOut
                0x0000000000004bcc       0x28 ./HAL/hal_gpio.o
                0x0000000000004bcc                HAL_InitGpioOut
 .text.HAL_InitGpioAIN
                0x0000000000004bf4       0x26 ./HAL/hal_gpio.o
                0x0000000000004bf4                HAL_InitGpioAIN
 .text.HAL_InitGpioIn
                0x0000000000004c1a       0x28 ./HAL/hal_gpio.o
                0x0000000000004c1a                HAL_InitGpioIn
 .text.HAL_InitGpioAF
                0x0000000000004c42       0x3c ./HAL/hal_gpio.o
                0x0000000000004c42                HAL_InitGpioAF
 .text.HAL_GetBit
                0x0000000000004c7e        0xc ./HAL/hal_gpio.o
                0x0000000000004c7e                HAL_GetBit
 .text.HAL_SetBit
                0x0000000000004c8a        0xc ./HAL/hal_gpio.o
                0x0000000000004c8a                HAL_SetBit
 .text.HAL_ResetBit
                0x0000000000004c96        0xc ./HAL/hal_gpio.o
                0x0000000000004c96                HAL_ResetBit
 .text.I2C_Master_TransmitIT
                0x0000000000004ca2       0x8e ./HAL/hal_i2c.o
 .text.I2C_Master_ReviceIT
                0x0000000000004d30       0xa2 ./HAL/hal_i2c.o
 .text.I2C_FSM  0x0000000000004dd2      0x1d6 ./HAL/hal_i2c.o
 .text.InitI2CDMA
                0x0000000000004fa8      0x102 ./HAL/hal_i2c.o
                0x0000000000004fa8                InitI2CDMA
 .text.I2C1_EV_IRQHandler
                0x00000000000050aa       0x4c ./HAL/hal_i2c.o
                0x00000000000050aa                I2C1_EV_IRQHandler
 .text.I2C1_ER_IRQHandler
                0x00000000000050f6       0x4c ./HAL/hal_i2c.o
                0x00000000000050f6                I2C1_ER_IRQHandler
 .text.I2C2_EV_IRQHandler
                0x0000000000005142       0x4c ./HAL/hal_i2c.o
                0x0000000000005142                I2C2_EV_IRQHandler
 .text.I2C2_ER_IRQHandler
                0x000000000000518e       0x4c ./HAL/hal_i2c.o
                0x000000000000518e                I2C2_ER_IRQHandler
 .text.HAL_RTC_IT_Init
                0x00000000000051da       0xb0 ./HAL/hal_rtc.o
                0x00000000000051da                HAL_RTC_IT_Init
 .text.RTC_IRQHandler
                0x000000000000528a       0x64 ./HAL/hal_rtc.o
                0x000000000000528a                RTC_IRQHandler
 .text.HAL_SPI_InitDMA
                0x00000000000052ee       0x96 ./HAL/hal_spi.o
                0x00000000000052ee                HAL_SPI_InitDMA
 .text.HAL_SPI_RXOveleyClear
                0x0000000000005384       0x10 ./HAL/hal_spi.o
                0x0000000000005384                HAL_SPI_RXOveleyClear
 .text.HAL_SPI_GetBusy
                0x0000000000005394       0x16 ./HAL/hal_spi.o
                0x0000000000005394                HAL_SPI_GetBusy
 .text.vTimerInitRCC
                0x00000000000053aa       0x48 ./HAL/hal_timers.o
 .text.TIM1_UP_IRQHandler
                0x00000000000053f2       0x74 ./HAL/hal_timers.o
                0x00000000000053f2                TIM1_UP_IRQHandler
 .text.TIM4_IRQHandler
                0x0000000000005466       0x74 ./HAL/hal_timers.o
                0x0000000000005466                TIM4_IRQHandler
 .text.TIM3_IRQHandler
                0x00000000000054da       0x74 ./HAL/hal_timers.o
                0x00000000000054da                TIM3_IRQHandler
 .text.TIM2_IRQHandler
                0x000000000000554e       0x6c ./HAL/hal_timers.o
                0x000000000000554e                TIM2_IRQHandler
 .text.HAL_TiemrEneblae
                0x00000000000055ba       0x1c ./HAL/hal_timers.o
                0x00000000000055ba                HAL_TiemrEneblae
 .text.HAL_GetTimerCounterRegAdres
                0x00000000000055d6       0x66 ./HAL/hal_timers.o
                0x00000000000055d6                HAL_GetTimerCounterRegAdres
 .text.HW_TIMER_BaseTimerInit
                0x000000000000563c       0x4e ./HAL/hal_timers.o
                0x000000000000563c                HW_TIMER_BaseTimerInit
 .text.HAL_TIMER_InitIt
                0x000000000000568a       0xa4 ./HAL/hal_timers.o
                0x000000000000568a                HAL_TIMER_InitIt
 .text.HAL_TIMER_PWMTimersInit
                0x000000000000572e       0xec ./HAL/hal_timers.o
                0x000000000000572e                HAL_TIMER_PWMTimersInit
 .text.HAL_TIMER_DisablePWMCH
                0x000000000000581a       0x1c ./HAL/hal_timers.o
                0x000000000000581a                HAL_TIMER_DisablePWMCH
 .text.HAL_TIMER_SetPWMPulse
                0x0000000000005836       0x80 ./HAL/hal_timers.o
                0x0000000000005836                HAL_TIMER_SetPWMPulse
 .text.HAL_TIMER_EnablePWMCH
                0x00000000000058b6       0x1c ./HAL/hal_timers.o
                0x00000000000058b6                HAL_TIMER_EnablePWMCH
 .text.HAL_WDTReset
                0x00000000000058d2        0x2 ./HAL/hal_wdt.o
                0x00000000000058d2                HAL_WDTReset
 .text.prvInsertBlockIntoFreeList
                0x00000000000058d4       0x4c ./FreeRTOS/portable/MemMang/heap_4.o
 .text.pvPortMalloc
                0x0000000000005920      0x18a ./FreeRTOS/portable/MemMang/heap_4.o
                0x0000000000005920                pvPortMalloc
 .text.vPortFree
                0x0000000000005aaa       0xa8 ./FreeRTOS/portable/MemMang/heap_4.o
                0x0000000000005aaa                vPortFree
 .text.vPortSetupTimerInterrupt
                0x0000000000005b52       0x3e ./FreeRTOS/portable/GCC/RISC-V/port.o
                0x0000000000005b52                vPortSetupTimerInterrupt
 .text.xPortStartScheduler
                0x0000000000005b90       0x90 ./FreeRTOS/portable/GCC/RISC-V/port.o
                0x0000000000005b90                xPortStartScheduler
 .text.SysTick_Handler
                0x0000000000005c20       0x7c ./FreeRTOS/portable/GCC/RISC-V/port.o
                0x0000000000005c20                SysTick_Handler
 .text.vPortEnterCritical
                0x0000000000005c9c       0x16 ./FreeRTOS/portable/GCC/RISC-V/port.o
                0x0000000000005c9c                vPortEnterCritical
 .text.vPortExitCritical
                0x0000000000005cb2       0x42 ./FreeRTOS/portable/GCC/RISC-V/port.o
                0x0000000000005cb2                vPortExitCritical
 .text.xPortSetInterruptMask
                0x0000000000005cf4        0xc ./FreeRTOS/portable/GCC/RISC-V/port.o
                0x0000000000005cf4                xPortSetInterruptMask
 .text.vPortClearInterruptMask
                0x0000000000005d00        0x6 ./FreeRTOS/portable/GCC/RISC-V/port.o
                0x0000000000005d00                vPortClearInterruptMask
 .text.vListInitialise
                0x0000000000005d06       0x14 ./FreeRTOS/list.o
                0x0000000000005d06                vListInitialise
 .text.vListInitialiseItem
                0x0000000000005d1a        0x6 ./FreeRTOS/list.o
                0x0000000000005d1a                vListInitialiseItem
 .text.vListInsertEnd
                0x0000000000005d20       0x18 ./FreeRTOS/list.o
                0x0000000000005d20                vListInsertEnd
 .text.vListInsert
                0x0000000000005d38       0x2e ./FreeRTOS/list.o
                0x0000000000005d38                vListInsert
 .text.uxListRemove
                0x0000000000005d66       0x20 ./FreeRTOS/list.o
                0x0000000000005d66                uxListRemove
 .text.prvIsQueueEmpty
                0x0000000000005d86       0x1e ./FreeRTOS/queue.o
 .text.prvCopyDataToQueue
                0x0000000000005da4       0x72 ./FreeRTOS/queue.o
 .text.prvCopyDataFromQueue
                0x0000000000005e16       0x28 ./FreeRTOS/queue.o
 .text.prvUnlockQueue
                0x0000000000005e3e       0x76 ./FreeRTOS/queue.o
 .text.xQueueGenericReset
                0x0000000000005eb4       0xc4 ./FreeRTOS/queue.o
                0x0000000000005eb4                xQueueGenericReset
 .text.xQueueGenericCreateStatic
                0x0000000000005f78       0xae ./FreeRTOS/queue.o
                0x0000000000005f78                xQueueGenericCreateStatic
 .text.xQueueGenericCreate
                0x0000000000006026       0x72 ./FreeRTOS/queue.o
                0x0000000000006026                xQueueGenericCreate
 .text.xQueueGenericSend
                0x0000000000006098      0x1a8 ./FreeRTOS/queue.o
                0x0000000000006098                xQueueGenericSend
 .text.xQueueGiveMutexRecursive
                0x0000000000006240       0x56 ./FreeRTOS/queue.o
                0x0000000000006240                xQueueGiveMutexRecursive
 .text.xQueueCreateMutex
                0x0000000000006296       0x2e ./FreeRTOS/queue.o
                0x0000000000006296                xQueueCreateMutex
 .text.xQueueReceive
                0x00000000000062c4      0x166 ./FreeRTOS/queue.o
                0x00000000000062c4                xQueueReceive
 .text.xQueueSemaphoreTake
                0x000000000000642a      0x1be ./FreeRTOS/queue.o
                0x000000000000642a                xQueueSemaphoreTake
 .text.xQueueTakeMutexRecursive
                0x00000000000065e8       0x5a ./FreeRTOS/queue.o
                0x00000000000065e8                xQueueTakeMutexRecursive
 .text.vQueueAddToRegistry
                0x0000000000006642       0x6c ./FreeRTOS/queue.o
                0x0000000000006642                vQueueAddToRegistry
 .text.vQueueWaitForMessageRestricted
                0x00000000000066ae       0x5c ./FreeRTOS/queue.o
                0x00000000000066ae                vQueueWaitForMessageRestricted
 .text.prvIdleTask
                0x000000000000670a        0x2 ./FreeRTOS/tasks.o
 .text.prvAddNewTaskToReadyList
                0x000000000000670c      0x10e ./FreeRTOS/tasks.o
 .text.prvResetNextTaskUnblockTime
                0x000000000000681a       0x20 ./FreeRTOS/tasks.o
 .text.prvTaskIsTaskSuspended
                0x000000000000683a       0x50 ./FreeRTOS/tasks.o
 .text.prvInitialiseNewTask.isra.2
                0x000000000000688a       0xc8 ./FreeRTOS/tasks.o
 .text.prvAddCurrentTaskToDelayedList
                0x0000000000006952       0xa4 ./FreeRTOS/tasks.o
 .text.xTaskCreateStatic
                0x00000000000069f6       0xa6 ./FreeRTOS/tasks.o
                0x00000000000069f6                xTaskCreateStatic
 .text.vTaskResume
                0x0000000000006a9c       0xaa ./FreeRTOS/tasks.o
                0x0000000000006a9c                vTaskResume
 .text.vTaskStartScheduler
                0x0000000000006b46       0x90 ./FreeRTOS/tasks.o
                0x0000000000006b46                vTaskStartScheduler
 .text.vTaskSuspendAll
                0x0000000000006bd6       0x10 ./FreeRTOS/tasks.o
                0x0000000000006bd6                vTaskSuspendAll
 .text.xTaskGetTickCount
                0x0000000000006be6        0x6 ./FreeRTOS/tasks.o
                0x0000000000006be6                xTaskGetTickCount
 .text.xTaskIncrementTick
                0x0000000000006bec      0x198 ./FreeRTOS/tasks.o
                0x0000000000006bec                xTaskIncrementTick
 .text.xTaskResumeAll
                0x0000000000006d84      0x158 ./FreeRTOS/tasks.o
                0x0000000000006d84                xTaskResumeAll
 .text.vTaskDelay
                0x0000000000006edc       0x66 ./FreeRTOS/tasks.o
                0x0000000000006edc                vTaskDelay
 .text.vTaskSwitchContext
                0x0000000000006f42       0x96 ./FreeRTOS/tasks.o
                0x0000000000006f42                vTaskSwitchContext
 .text.vTaskSuspend
                0x0000000000006fd8       0xea ./FreeRTOS/tasks.o
                0x0000000000006fd8                vTaskSuspend
 .text.vTaskPlaceOnEventList
                0x00000000000070c2       0x48 ./FreeRTOS/tasks.o
                0x00000000000070c2                vTaskPlaceOnEventList
 .text.vTaskPlaceOnEventListRestricted
                0x000000000000710a       0x76 ./FreeRTOS/tasks.o
                0x000000000000710a                vTaskPlaceOnEventListRestricted
 .text.xTaskRemoveFromEventList
                0x0000000000007180       0xe8 ./FreeRTOS/tasks.o
                0x0000000000007180                xTaskRemoveFromEventList
 .text.vTaskInternalSetTimeOutState
                0x0000000000007268        0xe ./FreeRTOS/tasks.o
                0x0000000000007268                vTaskInternalSetTimeOutState
 .text.xTaskCheckForTimeOut
                0x0000000000007276       0xaa ./FreeRTOS/tasks.o
                0x0000000000007276                xTaskCheckForTimeOut
 .text.vTaskMissedYield
                0x0000000000007320        0x8 ./FreeRTOS/tasks.o
                0x0000000000007320                vTaskMissedYield
 .text.xTaskGetCurrentTaskHandle
                0x0000000000007328        0xa ./FreeRTOS/tasks.o
                0x0000000000007328                xTaskGetCurrentTaskHandle
 .text.xTaskGetSchedulerState
                0x0000000000007332       0x18 ./FreeRTOS/tasks.o
                0x0000000000007332                xTaskGetSchedulerState
 .text.xTaskPriorityInherit
                0x000000000000734a       0xae ./FreeRTOS/tasks.o
                0x000000000000734a                xTaskPriorityInherit
 .text.xTaskPriorityDisinherit
                0x00000000000073f8       0xca ./FreeRTOS/tasks.o
                0x00000000000073f8                xTaskPriorityDisinherit
 .text.vTaskPriorityDisinheritAfterTimeout
                0x00000000000074c2       0xe6 ./FreeRTOS/tasks.o
                0x00000000000074c2                vTaskPriorityDisinheritAfterTimeout
 .text.pvTaskIncrementMutexHeldCount
                0x00000000000075a8       0x1c ./FreeRTOS/tasks.o
                0x00000000000075a8                pvTaskIncrementMutexHeldCount
 .text.ulTaskGenericNotifyTake
                0x00000000000075c4       0xb8 ./FreeRTOS/tasks.o
                0x00000000000075c4                ulTaskGenericNotifyTake
 .text.xTaskGenericNotifyWait
                0x000000000000767c       0xe6 ./FreeRTOS/tasks.o
                0x000000000000767c                xTaskGenericNotifyWait
 .text.xTaskGenericNotify
                0x0000000000007762      0x1b0 ./FreeRTOS/tasks.o
                0x0000000000007762                xTaskGenericNotify
 .text.xTaskGenericNotifyFromISR
                0x0000000000007912      0x1ec ./FreeRTOS/tasks.o
                0x0000000000007912                xTaskGenericNotifyFromISR
 .text.ulTaskGenericNotifyValueClear
                0x0000000000007afe       0x3e ./FreeRTOS/tasks.o
                0x0000000000007afe                ulTaskGenericNotifyValueClear
 .text.prvCheckForValidListAndQueue
                0x0000000000007b3c       0x6a ./FreeRTOS/timers.o
 .text.prvInsertTimerInActiveList
                0x0000000000007ba6       0x3e ./FreeRTOS/timers.o
 .text.prvReloadTimer
                0x0000000000007be4       0x2a ./FreeRTOS/timers.o
 .text.prvProcessExpiredTimer
                0x0000000000007c0e       0x42 ./FreeRTOS/timers.o
 .text.prvSwitchTimerLists
                0x0000000000007c50       0x28 ./FreeRTOS/timers.o
 .text.prvTimerTask
                0x0000000000007c78      0x188 ./FreeRTOS/timers.o
 .text.xTimerCreateTimerTask
                0x0000000000007e00       0x6e ./FreeRTOS/timers.o
                0x0000000000007e00                xTimerCreateTimerTask
 .text.vRCFilter
                0x0000000000007e6e       0x30 ./Drivers/filters.o
                0x0000000000007e6e                vRCFilter
 .text.RunAvrageFilter
                0x0000000000007e9e       0x2e ./Drivers/filters.o
                0x0000000000007e9e                RunAvrageFilter
 .text.MedianFilter
                0x0000000000007ecc       0x74 ./Drivers/filters.o
                0x0000000000007ecc                MedianFilter
 .text.Delay_Init
                0x0000000000007f40       0x2a ./Debug/debug.o
                0x0000000000007f40                Delay_Init
 .text.Delay_Ms
                0x0000000000007f6a       0x36 ./Debug/debug.o
                0x0000000000007f6a                Delay_Ms
 .text.USART_Printf_Init
                0x0000000000007fa0       0x5a ./Debug/debug.o
                0x0000000000007fa0                USART_Printf_Init
 .text._write   0x0000000000007ffa       0x3e ./Debug/debug.o
                0x0000000000007ffa                _write
 .text._sbrk    0x0000000000008038       0x2a ./Debug/debug.o
                0x0000000000008038                _sbrk
 .text.__get_MEPC
                0x0000000000008062        0x6 ./Core/core_riscv.o
                0x0000000000008062                __get_MEPC
 .text.__get_MCAUSE
                0x0000000000008068        0x6 ./Core/core_riscv.o
                0x0000000000008068                __get_MCAUSE
 .text.__get_MTVAL
                0x000000000000806e        0x6 ./Core/core_riscv.o
                0x000000000000806e                __get_MTVAL
 .text.prv_read_can_received_msg
                0x0000000000008074       0x50 ./CANopenNode/keypad/CO_driver_ST32F103.o
                0x0000000000008074                prv_read_can_received_msg
 .text.prv_send_can_message.isra.0
                0x00000000000080c4       0x2c ./CANopenNode/keypad/CO_driver_ST32F103.o
 .text.CAN_SendMessage
                0x00000000000080f0       0x66 ./CANopenNode/keypad/CO_driver_ST32F103.o
                0x00000000000080f0                CAN_SendMessage
 .text.co_drv_create_os_objects
                0x0000000000008156       0x30 ./CANopenNode/keypad/CO_driver_ST32F103.o
                0x0000000000008156                co_drv_create_os_objects
 .text.co_drv_mutex_lock
                0x0000000000008186       0x18 ./CANopenNode/keypad/CO_driver_ST32F103.o
                0x0000000000008186                co_drv_mutex_lock
 .text.co_drv_mutex_unlock
                0x000000000000819e       0x16 ./CANopenNode/keypad/CO_driver_ST32F103.o
                0x000000000000819e                co_drv_mutex_unlock
 .text.CO_CANsetConfigurationMode
                0x00000000000081b4       0x10 ./CANopenNode/keypad/CO_driver_ST32F103.o
                0x00000000000081b4                CO_CANsetConfigurationMode
 .text.CO_CANsetNormalMode
                0x00000000000081c4       0x1c ./CANopenNode/keypad/CO_driver_ST32F103.o
                0x00000000000081c4                CO_CANsetNormalMode
 .text.CO_CANmodule_init
                0x00000000000081e0      0x110 ./CANopenNode/keypad/CO_driver_ST32F103.o
                0x00000000000081e0                CO_CANmodule_init
 .text.CO_CANmodule_disable
                0x00000000000082f0       0x14 ./CANopenNode/keypad/CO_driver_ST32F103.o
                0x00000000000082f0                CO_CANmodule_disable
 .text.CO_CANrxBufferInit
                0x0000000000008304       0x52 ./CANopenNode/keypad/CO_driver_ST32F103.o
                0x0000000000008304                CO_CANrxBufferInit
 .text.CO_CANtxBufferInit
                0x0000000000008356       0x3a ./CANopenNode/keypad/CO_driver_ST32F103.o
                0x0000000000008356                CO_CANtxBufferInit
 .text.CO_CANmodule_process
                0x0000000000008390       0x12 ./CANopenNode/keypad/CO_driver_ST32F103.o
                0x0000000000008390                CO_CANmodule_process
 .text.CO_CANsend
                0x00000000000083a2       0x46 ./CANopenNode/keypad/CO_driver_ST32F103.o
                0x00000000000083a2                CO_CANsend
 .text.CO_LSSslave_receive
                0x00000000000083e8      0x1a8 ./CANopenNode/305/CO_LSSslave.o
 .text.CO_LSSslave_init
                0x0000000000008590       0xa4 ./CANopenNode/305/CO_LSSslave.o
                0x0000000000008590                CO_LSSslave_init
 .text.CO_LSSslave_process
                0x0000000000008634      0x1a2 ./CANopenNode/305/CO_LSSslave.o
                0x0000000000008634                CO_LSSslave_process
 .text.OD_write_1003
                0x00000000000087d6       0x28 ./CANopenNode/301/CO_Emergency.o
 .text.OD_read_1003
                0x00000000000087fe       0x8c ./CANopenNode/301/CO_Emergency.o
 .text.OD_read_1014_default
                0x000000000000888a       0x50 ./CANopenNode/301/CO_Emergency.o
 .text.CO_EM_init
                0x00000000000088da      0x112 ./CANopenNode/301/CO_Emergency.o
                0x00000000000088da                CO_EM_init
 .text.CO_error
                0x00000000000089ec       0xc4 ./CANopenNode/301/CO_Emergency.o
                0x00000000000089ec                CO_error
 .text.CO_EM_process
                0x0000000000008ab0      0x17e ./CANopenNode/301/CO_Emergency.o
                0x0000000000008ab0                CO_EM_process
 .text.CO_NMT_receive
                0x0000000000008c2e       0x18 ./CANopenNode/301/CO_NMT_Heartbeat.o
 .text.OD_write_1017
                0x0000000000008c46       0x48 ./CANopenNode/301/CO_NMT_Heartbeat.o
 .text.CO_NMT_init
                0x0000000000008c8e       0xec ./CANopenNode/301/CO_NMT_Heartbeat.o
                0x0000000000008c8e                CO_NMT_init
 .text.CO_NMT_process
                0x0000000000008d7a      0x106 ./CANopenNode/301/CO_NMT_Heartbeat.o
                0x0000000000008d7a                CO_NMT_process
 .text.OD_readDisabled
                0x0000000000008e80        0x4 ./CANopenNode/301/CO_ODinterface.o
 .text.OD_readOriginal
                0x0000000000008e84       0x50 ./CANopenNode/301/CO_ODinterface.o
                0x0000000000008e84                OD_readOriginal
 .text.OD_writeOriginal
                0x0000000000008ed4       0x54 ./CANopenNode/301/CO_ODinterface.o
                0x0000000000008ed4                OD_writeOriginal
 .text.OD_writeDisabled
                0x0000000000008f28        0x4 ./CANopenNode/301/CO_ODinterface.o
 .text.OD_find  0x0000000000008f2c       0x70 ./CANopenNode/301/CO_ODinterface.o
                0x0000000000008f2c                OD_find
 .text.OD_getSub
                0x0000000000008f9c       0xf2 ./CANopenNode/301/CO_ODinterface.o
                0x0000000000008f9c                OD_getSub
 .text.OD_getSDOabCode
                0x000000000000908e       0x20 ./CANopenNode/301/CO_ODinterface.o
                0x000000000000908e                OD_getSDOabCode
 .text.OD_get_value
                0x00000000000090ae       0x34 ./CANopenNode/301/CO_ODinterface.o
                0x00000000000090ae                OD_get_value
 .text.OD_set_value
                0x00000000000090e2       0x2e ./CANopenNode/301/CO_ODinterface.o
                0x00000000000090e2                OD_set_value
 .text.OD_getPtr
                0x0000000000009110       0x3c ./CANopenNode/301/CO_ODinterface.o
                0x0000000000009110                OD_getPtr
 .text.OD_write_dummy
                0x000000000000914c        0x8 ./CANopenNode/301/CO_PDO.o
 .text.OD_read_dummy
                0x0000000000009154       0x2e ./CANopenNode/301/CO_PDO.o
 .text.PDOconfigMap
                0x0000000000009182       0xfc ./CANopenNode/301/CO_PDO.o
 .text.CO_PDO_receive
                0x000000000000927e       0x48 ./CANopenNode/301/CO_PDO.o
 .text.OD_read_PDO_commParam
                0x00000000000092c6       0x70 ./CANopenNode/301/CO_PDO.o
 .text.PDO_initMapping.constprop.3
                0x0000000000009336       0xe4 ./CANopenNode/301/CO_PDO.o
 .text.OD_write_PDO_mapping
                0x000000000000941a       0xb2 ./CANopenNode/301/CO_PDO.o
 .text.OD_write_18xx
                0x00000000000094cc      0x184 ./CANopenNode/301/CO_PDO.o
 .text.OD_write_14xx
                0x0000000000009650      0x15a ./CANopenNode/301/CO_PDO.o
 .text.CO_RPDO_init
                0x00000000000097aa      0x172 ./CANopenNode/301/CO_PDO.o
                0x00000000000097aa                CO_RPDO_init
 .text.CO_RPDO_process
                0x000000000000991c      0x114 ./CANopenNode/301/CO_PDO.o
                0x000000000000991c                CO_RPDO_process
 .text.CO_TPDO_init
                0x0000000000009a30      0x1d2 ./CANopenNode/301/CO_PDO.o
                0x0000000000009a30                CO_TPDO_init
 .text.CO_TPDO_process
                0x0000000000009c02      0x15e ./CANopenNode/301/CO_PDO.o
                0x0000000000009c02                CO_TPDO_process
 .text.CO_SDOserver_init_canRxTx
                0x0000000000009d60       0x82 ./CANopenNode/301/CO_SDOserver.o
 .text.CO_SDO_receive
                0x0000000000009de2       0x38 ./CANopenNode/301/CO_SDOserver.o
 .text.readFromOd.isra.1.constprop.5
                0x0000000000009e1a       0xf6 ./CANopenNode/301/CO_SDOserver.o
 .text.OD_write_1201_additional
                0x0000000000009f10      0x158 ./CANopenNode/301/CO_SDOserver.o
 .text.CO_SDOserver_init
                0x000000000000a068      0x172 ./CANopenNode/301/CO_SDOserver.o
                0x000000000000a068                CO_SDOserver_init
 .text.CO_SDOserver_process
                0x000000000000a1da      0x60e ./CANopenNode/301/CO_SDOserver.o
                0x000000000000a1da                CO_SDOserver_process
 .text.CO_delete
                0x000000000000a7e8       0x56 ./CANopenNode/CANopen.o
                0x000000000000a7e8                CO_delete
 .text.CO_new   0x000000000000a83e      0x102 ./CANopenNode/CANopen.o
                0x000000000000a83e                CO_new
 .text.CO_CANinit
                0x000000000000a940       0x36 ./CANopenNode/CANopen.o
                0x000000000000a940                CO_CANinit
 .text.CO_LSSinit
                0x000000000000a976       0x32 ./CANopenNode/CANopen.o
                0x000000000000a976                CO_LSSinit
 .text.CO_CANopenInit
                0x000000000000a9a8       0xb8 ./CANopenNode/CANopen.o
                0x000000000000a9a8                CO_CANopenInit
 .text.CO_CANopenInitPDO
                0x000000000000aa60       0xea ./CANopenNode/CANopen.o
                0x000000000000aa60                CO_CANopenInitPDO
 .text.CO_process
                0x000000000000ab4a       0x7e ./CANopenNode/CANopen.o
                0x000000000000ab4a                CO_process
 .text.CO_process_RPDO
                0x000000000000abc8       0x40 ./CANopenNode/CANopen.o
                0x000000000000abc8                CO_process_RPDO
 .text.CO_process_TPDO
                0x000000000000ac08       0x40 ./CANopenNode/CANopen.o
                0x000000000000ac08                CO_process_TPDO
 .text.__addsf3
                0x000000000000ac48      0x36a c:/mounriver/mounriver_studio/toolchain/risc-v embedded gcc/bin/../lib/gcc/riscv-none-embed/8.2.0/rv32imacxw/ilp32\libgcc.a(addsf3.o)
                0x000000000000ac48                __addsf3
 .text.__divsf3
                0x000000000000afb2      0x2ae c:/mounriver/mounriver_studio/toolchain/risc-v embedded gcc/bin/../lib/gcc/riscv-none-embed/8.2.0/rv32imacxw/ilp32\libgcc.a(divsf3.o)
                0x000000000000afb2                __divsf3
 .text.__mulsf3
                0x000000000000b260      0x290 c:/mounriver/mounriver_studio/toolchain/risc-v embedded gcc/bin/../lib/gcc/riscv-none-embed/8.2.0/rv32imacxw/ilp32\libgcc.a(mulsf3.o)
                0x000000000000b260                __mulsf3
 .text.__fixunssfsi
                0x000000000000b4f0       0x56 c:/mounriver/mounriver_studio/toolchain/risc-v embedded gcc/bin/../lib/gcc/riscv-none-embed/8.2.0/rv32imacxw/ilp32\libgcc.a(fixunssfsi.o)
                0x000000000000b4f0                __fixunssfsi
 .text.__floatsisf
                0x000000000000b546       0xc6 c:/mounriver/mounriver_studio/toolchain/risc-v embedded gcc/bin/../lib/gcc/riscv-none-embed/8.2.0/rv32imacxw/ilp32\libgcc.a(floatsisf.o)
                0x000000000000b546                __floatsisf
 .text.__floatunsisf
                0x000000000000b60c       0xce c:/mounriver/mounriver_studio/toolchain/risc-v embedded gcc/bin/../lib/gcc/riscv-none-embed/8.2.0/rv32imacxw/ilp32\libgcc.a(floatunsisf.o)
                0x000000000000b60c                __floatunsisf
 .text.__clzsi2
                0x000000000000b6da       0x6e c:/mounriver/mounriver_studio/toolchain/risc-v embedded gcc/bin/../lib/gcc/riscv-none-embed/8.2.0/rv32imacxw/ilp32\libgcc.a(_clzsi2.o)
                0x000000000000b6da                __clzsi2
 .text.calloc   0x000000000000b748        0xc c:/mounriver/mounriver_studio/toolchain/risc-v embedded gcc/bin/../lib/gcc/riscv-none-embed/8.2.0/../../../../riscv-none-embed/lib/rv32imacxw/ilp32\libg_nano.a(lib_a-calloc.o)
                0x000000000000b748                calloc
 .text.free     0x000000000000b754        0xa c:/mounriver/mounriver_studio/toolchain/risc-v embedded gcc/bin/../lib/gcc/riscv-none-embed/8.2.0/../../../../riscv-none-embed/lib/rv32imacxw/ilp32\libg_nano.a(lib_a-malloc.o)
                0x000000000000b754                free
 .text.memcpy   0x000000000000b75e       0xb2 c:/mounriver/mounriver_studio/toolchain/risc-v embedded gcc/bin/../lib/gcc/riscv-none-embed/8.2.0/../../../../riscv-none-embed/lib/rv32imacxw/ilp32\libg_nano.a(lib_a-memcpy.o)
                0x000000000000b75e                memcpy
 .text.memmove  0x000000000000b810       0x46 c:/mounriver/mounriver_studio/toolchain/risc-v embedded gcc/bin/../lib/gcc/riscv-none-embed/8.2.0/../../../../riscv-none-embed/lib/rv32imacxw/ilp32\libg_nano.a(lib_a-memmove.o)
                0x000000000000b810                memmove
 .text._calloc_r
                0x000000000000b856       0x26 c:/mounriver/mounriver_studio/toolchain/risc-v embedded gcc/bin/../lib/gcc/riscv-none-embed/8.2.0/../../../../riscv-none-embed/lib/rv32imacxw/ilp32\libg_nano.a(lib_a-nano-callocr.o)
                0x000000000000b856                _calloc_r
 .text._free_r  0x000000000000b87c       0xa8 c:/mounriver/mounriver_studio/toolchain/risc-v embedded gcc/bin/../lib/gcc/riscv-none-embed/8.2.0/../../../../riscv-none-embed/lib/rv32imacxw/ilp32\libg_nano.a(lib_a-nano-freer.o)
                0x000000000000b87c                _free_r
 .text._malloc_r
                0x000000000000b924       0xd4 c:/mounriver/mounriver_studio/toolchain/risc-v embedded gcc/bin/../lib/gcc/riscv-none-embed/8.2.0/../../../../riscv-none-embed/lib/rv32imacxw/ilp32\libg_nano.a(lib_a-nano-mallocr.o)
                0x000000000000b924                _malloc_r
 .text.printf   0x000000000000b9f8       0x40 c:/mounriver/mounriver_studio/toolchain/risc-v embedded gcc/bin/../lib/gcc/riscv-none-embed/8.2.0/../../../../riscv-none-embed/lib/rv32imacxw/ilp32\libg_nano.a(lib_a-printf.o)
                0x000000000000b9f8                iprintf
                0x000000000000b9f8                printf
 .text._puts_r  0x000000000000ba38       0xd4 c:/mounriver/mounriver_studio/toolchain/risc-v embedded gcc/bin/../lib/gcc/riscv-none-embed/8.2.0/../../../../riscv-none-embed/lib/rv32imacxw/ilp32\libg_nano.a(lib_a-puts.o)
                0x000000000000ba38                _puts_r
 .text.puts     0x000000000000bb0c        0xc c:/mounriver/mounriver_studio/toolchain/risc-v embedded gcc/bin/../lib/gcc/riscv-none-embed/8.2.0/../../../../riscv-none-embed/lib/rv32imacxw/ilp32\libg_nano.a(lib_a-puts.o)
                0x000000000000bb0c                puts
 .text._sbrk_r  0x000000000000bb18       0x32 c:/mounriver/mounriver_studio/toolchain/risc-v embedded gcc/bin/../lib/gcc/riscv-none-embed/8.2.0/../../../../riscv-none-embed/lib/rv32imacxw/ilp32\libg_nano.a(lib_a-sbrkr.o)
                0x000000000000bb18                _sbrk_r
 .text.strlen   0x000000000000bb4a       0x12 c:/mounriver/mounriver_studio/toolchain/risc-v embedded gcc/bin/../lib/gcc/riscv-none-embed/8.2.0/../../../../riscv-none-embed/lib/rv32imacxw/ilp32\libg_nano.a(lib_a-strlen.o)
                0x000000000000bb4a                strlen
 .text.__swbuf_r
                0x000000000000bb5c       0xbc c:/mounriver/mounriver_studio/toolchain/risc-v embedded gcc/bin/../lib/gcc/riscv-none-embed/8.2.0/../../../../riscv-none-embed/lib/rv32imacxw/ilp32\libg_nano.a(lib_a-wbuf.o)
                0x000000000000bb5c                __swbuf_r
 .text.__swsetup_r
                0x000000000000bc18       0xfe c:/mounriver/mounriver_studio/toolchain/risc-v embedded gcc/bin/../lib/gcc/riscv-none-embed/8.2.0/../../../../riscv-none-embed/lib/rv32imacxw/ilp32\libg_nano.a(lib_a-wsetup.o)
                0x000000000000bc18                __swsetup_r
 .text.__sflush_r
                0x000000000000bd16      0x132 c:/mounriver/mounriver_studio/toolchain/risc-v embedded gcc/bin/../lib/gcc/riscv-none-embed/8.2.0/../../../../riscv-none-embed/lib/rv32imacxw/ilp32\libg_nano.a(lib_a-fflush.o)
                0x000000000000bd16                __sflush_r
 .text._fflush_r
                0x000000000000be48       0x66 c:/mounriver/mounriver_studio/toolchain/risc-v embedded gcc/bin/../lib/gcc/riscv-none-embed/8.2.0/../../../../riscv-none-embed/lib/rv32imacxw/ilp32\libg_nano.a(lib_a-fflush.o)
                0x000000000000be48                _fflush_r
 .text.std      0x000000000000beae       0x66 c:/mounriver/mounriver_studio/toolchain/risc-v embedded gcc/bin/../lib/gcc/riscv-none-embed/8.2.0/../../../../riscv-none-embed/lib/rv32imacxw/ilp32\libg_nano.a(lib_a-findfp.o)
 .text._cleanup_r
                0x000000000000bf14        0xa c:/mounriver/mounriver_studio/toolchain/risc-v embedded gcc/bin/../lib/gcc/riscv-none-embed/8.2.0/../../../../riscv-none-embed/lib/rv32imacxw/ilp32\libg_nano.a(lib_a-findfp.o)
                0x000000000000bf14                _cleanup_r
 .text.__sfmoreglue
                0x000000000000bf1e       0x48 c:/mounriver/mounriver_studio/toolchain/risc-v embedded gcc/bin/../lib/gcc/riscv-none-embed/8.2.0/../../../../riscv-none-embed/lib/rv32imacxw/ilp32\libg_nano.a(lib_a-findfp.o)
                0x000000000000bf1e                __sfmoreglue
 .text.__sinit  0x000000000000bf66       0x6c c:/mounriver/mounriver_studio/toolchain/risc-v embedded gcc/bin/../lib/gcc/riscv-none-embed/8.2.0/../../../../riscv-none-embed/lib/rv32imacxw/ilp32\libg_nano.a(lib_a-findfp.o)
                0x000000000000bf66                __sinit
 .text.__sfp    0x000000000000bfd2       0xa0 c:/mounriver/mounriver_studio/toolchain/risc-v embedded gcc/bin/../lib/gcc/riscv-none-embed/8.2.0/../../../../riscv-none-embed/lib/rv32imacxw/ilp32\libg_nano.a(lib_a-findfp.o)
                0x000000000000bfd2                __sfp
 .text._fwalk_reent
                0x000000000000c072       0x6a c:/mounriver/mounriver_studio/toolchain/risc-v embedded gcc/bin/../lib/gcc/riscv-none-embed/8.2.0/../../../../riscv-none-embed/lib/rv32imacxw/ilp32\libg_nano.a(lib_a-fwalk.o)
                0x000000000000c072                _fwalk_reent
 .text.__swhatbuf_r
                0x000000000000c0dc       0x58 c:/mounriver/mounriver_studio/toolchain/risc-v embedded gcc/bin/../lib/gcc/riscv-none-embed/8.2.0/../../../../riscv-none-embed/lib/rv32imacxw/ilp32\libg_nano.a(lib_a-makebuf.o)
                0x000000000000c0dc                __swhatbuf_r
 .text.__smakebuf_r
                0x000000000000c134       0x94 c:/mounriver/mounriver_studio/toolchain/risc-v embedded gcc/bin/../lib/gcc/riscv-none-embed/8.2.0/../../../../riscv-none-embed/lib/rv32imacxw/ilp32\libg_nano.a(lib_a-makebuf.o)
                0x000000000000c134                __smakebuf_r
 .text.__malloc_lock
                0x000000000000c1c8        0x2 c:/mounriver/mounriver_studio/toolchain/risc-v embedded gcc/bin/../lib/gcc/riscv-none-embed/8.2.0/../../../../riscv-none-embed/lib/rv32imacxw/ilp32\libg_nano.a(lib_a-mlock.o)
                0x000000000000c1c8                __malloc_lock
 .text.__malloc_unlock
                0x000000000000c1ca        0x2 c:/mounriver/mounriver_studio/toolchain/risc-v embedded gcc/bin/../lib/gcc/riscv-none-embed/8.2.0/../../../../riscv-none-embed/lib/rv32imacxw/ilp32\libg_nano.a(lib_a-mlock.o)
                0x000000000000c1ca                __malloc_unlock
 .text.__sfputc_r
                0x000000000000c1cc       0x28 c:/mounriver/mounriver_studio/toolchain/risc-v embedded gcc/bin/../lib/gcc/riscv-none-embed/8.2.0/../../../../riscv-none-embed/lib/rv32imacxw/ilp32\libg_nano.a(lib_a-nano-vfprintf.o)
 .text.__sfputs_r
                0x000000000000c1f4       0x42 c:/mounriver/mounriver_studio/toolchain/risc-v embedded gcc/bin/../lib/gcc/riscv-none-embed/8.2.0/../../../../riscv-none-embed/lib/rv32imacxw/ilp32\libg_nano.a(lib_a-nano-vfprintf.o)
                0x000000000000c1f4                __sfputs_r
 .text._vfprintf_r
                0x000000000000c236      0x288 c:/mounriver/mounriver_studio/toolchain/risc-v embedded gcc/bin/../lib/gcc/riscv-none-embed/8.2.0/../../../../riscv-none-embed/lib/rv32imacxw/ilp32\libg_nano.a(lib_a-nano-vfprintf.o)
                0x000000000000c236                _vfprintf_r
                0x000000000000c236                _vfiprintf_r
 .text._printf_common
                0x000000000000c4be      0x10c c:/mounriver/mounriver_studio/toolchain/risc-v embedded gcc/bin/../lib/gcc/riscv-none-embed/8.2.0/../../../../riscv-none-embed/lib/rv32imacxw/ilp32\libg_nano.a(lib_a-nano-vfprintf_i.o)
                0x000000000000c4be                _printf_common
 .text._printf_i
                0x000000000000c5ca      0x2a2 c:/mounriver/mounriver_studio/toolchain/risc-v embedded gcc/bin/../lib/gcc/riscv-none-embed/8.2.0/../../../../riscv-none-embed/lib/rv32imacxw/ilp32\libg_nano.a(lib_a-nano-vfprintf_i.o)
                0x000000000000c5ca                _printf_i
 .text.__sread  0x000000000000c86c       0x2c c:/mounriver/mounriver_studio/toolchain/risc-v embedded gcc/bin/../lib/gcc/riscv-none-embed/8.2.0/../../../../riscv-none-embed/lib/rv32imacxw/ilp32\libg_nano.a(lib_a-stdio.o)
                0x000000000000c86c                __sread
 .text.__swrite
                0x000000000000c898       0x48 c:/mounriver/mounriver_studio/toolchain/risc-v embedded gcc/bin/../lib/gcc/riscv-none-embed/8.2.0/../../../../riscv-none-embed/lib/rv32imacxw/ilp32\libg_nano.a(lib_a-stdio.o)
                0x000000000000c898                __swrite
 .text.__sseek  0x000000000000c8e0       0x30 c:/mounriver/mounriver_studio/toolchain/risc-v embedded gcc/bin/../lib/gcc/riscv-none-embed/8.2.0/../../../../riscv-none-embed/lib/rv32imacxw/ilp32\libg_nano.a(lib_a-stdio.o)
                0x000000000000c8e0                __sseek
 .text.__sclose
                0x000000000000c910        0x6 c:/mounriver/mounriver_studio/toolchain/risc-v embedded gcc/bin/../lib/gcc/riscv-none-embed/8.2.0/../../../../riscv-none-embed/lib/rv32imacxw/ilp32\libg_nano.a(lib_a-stdio.o)
                0x000000000000c910                __sclose
 .text._write_r
                0x000000000000c916       0x36 c:/mounriver/mounriver_studio/toolchain/risc-v embedded gcc/bin/../lib/gcc/riscv-none-embed/8.2.0/../../../../riscv-none-embed/lib/rv32imacxw/ilp32\libg_nano.a(lib_a-writer.o)
                0x000000000000c916                _write_r
 .text._close_r
                0x000000000000c94c       0x30 c:/mounriver/mounriver_studio/toolchain/risc-v embedded gcc/bin/../lib/gcc/riscv-none-embed/8.2.0/../../../../riscv-none-embed/lib/rv32imacxw/ilp32\libg_nano.a(lib_a-closer.o)
                0x000000000000c94c                _close_r
 .text._fstat_r
                0x000000000000c97c       0x32 c:/mounriver/mounriver_studio/toolchain/risc-v embedded gcc/bin/../lib/gcc/riscv-none-embed/8.2.0/../../../../riscv-none-embed/lib/rv32imacxw/ilp32\libg_nano.a(lib_a-fstatr.o)
                0x000000000000c97c                _fstat_r
 .text._isatty_r
                0x000000000000c9ae       0x30 c:/mounriver/mounriver_studio/toolchain/risc-v embedded gcc/bin/../lib/gcc/riscv-none-embed/8.2.0/../../../../riscv-none-embed/lib/rv32imacxw/ilp32\libg_nano.a(lib_a-isattyr.o)
                0x000000000000c9ae                _isatty_r
 .text._lseek_r
                0x000000000000c9de       0x34 c:/mounriver/mounriver_studio/toolchain/risc-v embedded gcc/bin/../lib/gcc/riscv-none-embed/8.2.0/../../../../riscv-none-embed/lib/rv32imacxw/ilp32\libg_nano.a(lib_a-lseekr.o)
                0x000000000000c9de                _lseek_r
 .text.memchr   0x000000000000ca12       0x18 c:/mounriver/mounriver_studio/toolchain/risc-v embedded gcc/bin/../lib/gcc/riscv-none-embed/8.2.0/../../../../riscv-none-embed/lib/rv32imacxw/ilp32\libg_nano.a(lib_a-memchr.o)
                0x000000000000ca12                memchr
 .text._read_r  0x000000000000ca2a       0x34 c:/mounriver/mounriver_studio/toolchain/risc-v embedded gcc/bin/../lib/gcc/riscv-none-embed/8.2.0/../../../../riscv-none-embed/lib/rv32imacxw/ilp32\libg_nano.a(lib_a-readr.o)
                0x000000000000ca2a                _read_r
 .text._close   0x000000000000ca5e       0x10 c:/mounriver/mounriver_studio/toolchain/risc-v embedded gcc/bin/../lib/gcc/riscv-none-embed/8.2.0/../../../../riscv-none-embed/lib/rv32imacxw/ilp32\libnosys.a(close.o)
                0x000000000000ca5e                _close
 .text._fstat   0x000000000000ca6e       0x10 c:/mounriver/mounriver_studio/toolchain/risc-v embedded gcc/bin/../lib/gcc/riscv-none-embed/8.2.0/../../../../riscv-none-embed/lib/rv32imacxw/ilp32\libnosys.a(fstat.o)
                0x000000000000ca6e                _fstat
 .text._isatty  0x000000000000ca7e       0x10 c:/mounriver/mounriver_studio/toolchain/risc-v embedded gcc/bin/../lib/gcc/riscv-none-embed/8.2.0/../../../../riscv-none-embed/lib/rv32imacxw/ilp32\libnosys.a(isatty.o)
                0x000000000000ca7e                _isatty
 .text._lseek   0x000000000000ca8e       0x10 c:/mounriver/mounriver_studio/toolchain/risc-v embedded gcc/bin/../lib/gcc/riscv-none-embed/8.2.0/../../../../riscv-none-embed/lib/rv32imacxw/ilp32\libnosys.a(lseek.o)
                0x000000000000ca8e                _lseek
 .text._read    0x000000000000ca9e       0x10 c:/mounriver/mounriver_studio/toolchain/risc-v embedded gcc/bin/../lib/gcc/riscv-none-embed/8.2.0/../../../../riscv-none-embed/lib/rv32imacxw/ilp32\libnosys.a(read.o)
                0x000000000000ca9e                _read
 *(.rodata)
 *(.rodata*)
 *fill*         0x000000000000caae        0x2 
 .rodata.CSWTCH.19
                0x000000000000cab0       0x10 ./User/DataModel.o
 .rodata.CalPoint
                0x000000000000cac0       0x50 ./User/DataModel.o
                0x000000000000cac0                CalPoint
 .rodata.HardFault_Handler.str1.4
                0x000000000000cb10       0x42 ./User/ch32v20x_it.o
 *fill*         0x000000000000cb52        0x2 
 .rodata.getODValue
                0x000000000000cb54       0x70 ./User/dash_draw.o
 .rodata.getODValue.cst4
                0x000000000000cbc4        0x8 ./User/dash_draw.o
 .rodata.vBarColorMode.cst4
                0x000000000000cbcc        0x4 ./User/dash_draw.o
 .rodata.ADC_FSM.cst4
                0x000000000000cbd0        0xc ./User/inputs.o
 .rodata.SetRGB
                0x000000000000cbdc       0x38 ./User/led.o
 .rodata.SetSegDirect
                0x000000000000cc14       0x1c ./User/led.o
 .rodata.Brigth
                0x000000000000cc30       0x1e ./User/led.o
 *fill*         0x000000000000cc4e        0x2 
 .rodata.DigitMask
                0x000000000000cc50        0xa ./User/led.o
                0x000000000000cc50                DigitMask
 *fill*         0x000000000000cc5a        0x2 
 .rodata.main.str1.4
                0x000000000000cc5c       0x20 ./User/main.o
 .rodata.vSYStaskInit.str1.4
                0x000000000000cc7c       0x54 ./User/system_init.o
 .rodata.GetRPM.cst4
                0x000000000000ccd0        0x4 ./HWLIB/hw_lib_din.o
 .rodata.vSetRPMConfig.cst4
                0x000000000000ccd4        0x4 ./HWLIB/hw_lib_din.o
 .rodata.ADC_chennel_ref
                0x000000000000ccd8       0x12 ./HAL/hal_adc.o
 *fill*         0x000000000000ccea        0x2 
 .rodata.I2C_FSM
                0x000000000000ccec       0x30 ./HAL/hal_i2c.o
 .rodata.vTimerInitRCC
                0x000000000000cd1c       0x1c ./HAL/hal_timers.o
 .rodata.timers
                0x000000000000cd38       0x14 ./HAL/hal_timers.o
 .rodata.pvPortMalloc.str1.4
                0x000000000000cd4c       0x49 ./FreeRTOS/portable/MemMang/heap_4.o
 *fill*         0x000000000000cd95        0x3 
 .rodata.xPortStartScheduler.str1.4
                0x000000000000cd98       0x27 ./FreeRTOS/portable/GCC/RISC-V/port.o
                                         0x49 (size before relaxing)
 *fill*         0x000000000000cdbf        0x1 
 .rodata.xQueueGenericReset.str1.4
                0x000000000000cdc0       0x14 ./FreeRTOS/queue.o
                                         0x35 (size before relaxing)
 .rodata.xTaskGenericNotify
                0x000000000000cdd4       0x14 ./FreeRTOS/tasks.o
 .rodata.xTaskGenericNotifyFromISR
                0x000000000000cde8       0x14 ./FreeRTOS/tasks.o
 .rodata.prvTaskIsTaskSuspended.str1.4
                0x000000000000cdfc       0x14 ./FreeRTOS/tasks.o
                                         0x35 (size before relaxing)
 .rodata.vTaskStartScheduler.str1.4
                0x000000000000ce10        0x5 ./FreeRTOS/tasks.o
 *fill*         0x000000000000ce15        0x3 
 .rodata.prvTimerTask
                0x000000000000ce18       0x24 ./FreeRTOS/timers.o
 .rodata.prvCheckForValidListAndQueue.str1.4
                0x000000000000ce3c        0x5 ./FreeRTOS/timers.o
 *fill*         0x000000000000ce41        0x3 
 .rodata.prvTimerTask.str1.4
                0x000000000000ce44       0x15 ./FreeRTOS/timers.o
                                         0x39 (size before relaxing)
 *fill*         0x000000000000ce59        0x3 
 .rodata.xTimerCreateTimerTask.str1.4
                0x000000000000ce5c        0x8 ./FreeRTOS/timers.o
 .rodata.ODObjs
                0x000000000000ce64      0x65c ./CANopenNode/keypad/OD.o
 .rodata.CO_LSS_bitTimingTableLookup
                0x000000000000d4c0       0x14 ./CANopenNode/305/CO_LSSslave.o
 .rodata.abortCodes.6774
                0x000000000000d4d4       0x68 ./CANopenNode/301/CO_ODinterface.o
 .rodata.__divsf3
                0x000000000000d53c       0x80 c:/mounriver/mounriver_studio/toolchain/risc-v embedded gcc/bin/../lib/gcc/riscv-none-embed/8.2.0/rv32imacxw/ilp32\libgcc.a(divsf3.o)
 .rodata.__mulsf3
                0x000000000000d5bc       0x40 c:/mounriver/mounriver_studio/toolchain/risc-v embedded gcc/bin/../lib/gcc/riscv-none-embed/8.2.0/rv32imacxw/ilp32\libgcc.a(mulsf3.o)
 .rodata.__clz_tab
                0x000000000000d5fc      0x100 c:/mounriver/mounriver_studio/toolchain/risc-v embedded gcc/bin/../lib/gcc/riscv-none-embed/8.2.0/rv32imacxw/ilp32\libgcc.a(_clz.o)
                0x000000000000d5fc                __clz_tab
 .rodata.__sf_fake_stderr
                0x000000000000d6fc       0x20 c:/mounriver/mounriver_studio/toolchain/risc-v embedded gcc/bin/../lib/gcc/riscv-none-embed/8.2.0/../../../../riscv-none-embed/lib/rv32imacxw/ilp32\libg_nano.a(lib_a-findfp.o)
                0x000000000000d6fc                __sf_fake_stderr
 .rodata.__sf_fake_stdin
                0x000000000000d71c       0x20 c:/mounriver/mounriver_studio/toolchain/risc-v embedded gcc/bin/../lib/gcc/riscv-none-embed/8.2.0/../../../../riscv-none-embed/lib/rv32imacxw/ilp32\libg_nano.a(lib_a-findfp.o)
                0x000000000000d71c                __sf_fake_stdin
 .rodata.__sf_fake_stdout
                0x000000000000d73c       0x20 c:/mounriver/mounriver_studio/toolchain/risc-v embedded gcc/bin/../lib/gcc/riscv-none-embed/8.2.0/../../../../riscv-none-embed/lib/rv32imacxw/ilp32\libg_nano.a(lib_a-findfp.o)
                0x000000000000d73c                __sf_fake_stdout
 .rodata._vfprintf_r.str1.4
                0x000000000000d75c       0x13 c:/mounriver/mounriver_studio/toolchain/risc-v embedded gcc/bin/../lib/gcc/riscv-none-embed/8.2.0/../../../../riscv-none-embed/lib/rv32imacxw/ilp32\libg_nano.a(lib_a-nano-vfprintf.o)
 *fill*         0x000000000000d76f        0x1 
 .rodata._printf_i.str1.4
                0x000000000000d770       0x28 c:/mounriver/mounriver_studio/toolchain/risc-v embedded gcc/bin/../lib/gcc/riscv-none-embed/8.2.0/../../../../riscv-none-embed/lib/rv32imacxw/ilp32\libg_nano.a(lib_a-nano-vfprintf_i.o)
                                         0x25 (size before relaxing)
 *(.glue_7)
 *(.glue_7t)
 *(.gnu.linkonce.t.*)
                0x000000000000d798                . = ALIGN (0x4)

.rela.dyn       0x000000000000d798        0x0