Archive member included to satisfy reference by file (symbol)

c:/mounriver/mounriver_studio/toolchain/risc-v embedded gcc/bin/../lib/gcc/riscv-none-embed/8.2.0/rv32imacxw/ilp32\libgcc.a(muldf3.o)
                              ./User/inputs.o (__muldf3)
c:/mounriver/mounriver_studio/toolchain/risc-v embedded gcc/bin/../lib/gcc/riscv-none-embed/8.2.0/rv32imacxw/ilp32\libgcc.a(floatunsidf.o)
                              ./User/inputs.o (__floatunsidf)
c:/mounriver/mounriver_studio/toolchain/risc-v embedded gcc/bin/../lib/gcc/riscv-none-embed/8.2.0/rv32imacxw/ilp32\libgcc.a(addsf3.o)
                              ./User/DataModel.o (__addsf3)
c:/mounriver/mounriver_studio/toolchain/risc-v embedded gcc/bin/../lib/gcc/riscv-none-embed/8.2.0/rv32imacxw/ilp32\libgcc.a(divsf3.o)
                              ./User/DataModel.o (__divsf3)
c:/mounriver/mounriver_studio/toolchain/risc-v embedded gcc/bin/../lib/gcc/riscv-none-embed/8.2.0/rv32imacxw/ilp32\libgcc.a(eqsf2.o)
                              ./HAL_LIB/hw_lib_din.o (__nesf2)
c:/mounriver/mounriver_studio/toolchain/risc-v embedded gcc/bin/../lib/gcc/riscv-none-embed/8.2.0/rv32imacxw/ilp32\libgcc.a(gesf2.o)
                              ./User/inputs.o (__gesf2)
c:/mounriver/mounriver_studio/toolchain/risc-v embedded gcc/bin/../lib/gcc/riscv-none-embed/8.2.0/rv32imacxw/ilp32\libgcc.a(lesf2.o)
                              ./HAL_LIB/hw_lib_din.o (__lesf2)
c:/mounriver/mounriver_studio/toolchain/risc-v embedded gcc/bin/../lib/gcc/riscv-none-embed/8.2.0/rv32imacxw/ilp32\libgcc.a(mulsf3.o)
                              ./User/dash_draw.o (__mulsf3)
c:/mounriver/mounriver_studio/toolchain/risc-v embedded gcc/bin/../lib/gcc/riscv-none-embed/8.2.0/rv32imacxw/ilp32\libgcc.a(subsf3.o)
                              ./User/inputs.o (__subsf3)
c:/mounriver/mounriver_studio/toolchain/risc-v embedded gcc/bin/../lib/gcc/riscv-none-embed/8.2.0/rv32imacxw/ilp32\libgcc.a(fixsfsi.o)
                              ./User/dash_draw.o (__fixsfsi)
c:/mounriver/mounriver_studio/toolchain/risc-v embedded gcc/bin/../lib/gcc/riscv-none-embed/8.2.0/rv32imacxw/ilp32\libgcc.a(fixunssfsi.o)
                              ./User/DataModel.o (__fixunssfsi)
c:/mounriver/mounriver_studio/toolchain/risc-v embedded gcc/bin/../lib/gcc/riscv-none-embed/8.2.0/rv32imacxw/ilp32\libgcc.a(floatsisf.o)
                              ./User/DataModel.o (__floatsisf)
c:/mounriver/mounriver_studio/toolchain/risc-v embedded gcc/bin/../lib/gcc/riscv-none-embed/8.2.0/rv32imacxw/ilp32\libgcc.a(floatunsisf.o)
                              ./User/DataModel.o (__floatunsisf)
c:/mounriver/mounriver_studio/toolchain/risc-v embedded gcc/bin/../lib/gcc/riscv-none-embed/8.2.0/rv32imacxw/ilp32\libgcc.a(truncdfsf2.o)
                              ./User/inputs.o (__truncdfsf2)
c:/mounriver/mounriver_studio/toolchain/risc-v embedded gcc/bin/../lib/gcc/riscv-none-embed/8.2.0/rv32imacxw/ilp32\libgcc.a(save-restore.o)
                              ./User/dash_draw.o (__riscv_save_12)
c:/mounriver/mounriver_studio/toolchain/risc-v embedded gcc/bin/../lib/gcc/riscv-none-embed/8.2.0/rv32imacxw/ilp32\libgcc.a(_clzsi2.o)
                              c:/mounriver/mounriver_studio/toolchain/risc-v embedded gcc/bin/../lib/gcc/riscv-none-embed/8.2.0/rv32imacxw/ilp32\libgcc.a(muldf3.o) (__clzsi2)
c:/mounriver/mounriver_studio/toolchain/risc-v embedded gcc/bin/../lib/gcc/riscv-none-embed/8.2.0/rv32imacxw/ilp32\libgcc.a(_clz.o)
                              c:/mounriver/mounriver_studio/toolchain/risc-v embedded gcc/bin/../lib/gcc/riscv-none-embed/8.2.0/rv32imacxw/ilp32\libgcc.a(_clzsi2.o) (__clz_tab)
c:/mounriver/mounriver_studio/toolchain/risc-v embedded gcc/bin/../lib/gcc/riscv-none-embed/8.2.0/../../../../riscv-none-embed/lib/rv32imacxw/ilp32\libg_nano.a(lib_a-calloc.o)
                              ./CANopenNode/CANopen.o (calloc)
c:/mounriver/mounriver_studio/toolchain/risc-v embedded gcc/bin/../lib/gcc/riscv-none-embed/8.2.0/../../../../riscv-none-embed/lib/rv32imacxw/ilp32\libg_nano.a(lib_a-impure.o)
                              c:/mounriver/mounriver_studio/toolchain/risc-v embedded gcc/bin/../lib/gcc/riscv-none-embed/8.2.0/../../../../riscv-none-embed/lib/rv32imacxw/ilp32\libg_nano.a(lib_a-calloc.o) (_impure_ptr)
c:/mounriver/mounriver_studio/toolchain/risc-v embedded gcc/bin/../lib/gcc/riscv-none-embed/8.2.0/../../../../riscv-none-embed/lib/rv32imacxw/ilp32\libg_nano.a(lib_a-malloc.o)
                              ./CANopenNode/CANopen.o (free)
c:/mounriver/mounriver_studio/toolchain/risc-v embedded gcc/bin/../lib/gcc/riscv-none-embed/8.2.0/../../../../riscv-none-embed/lib/rv32imacxw/ilp32\libg_nano.a(lib_a-memcpy.o)
                              ./User/DataModel.o (memcpy)
c:/mounriver/mounriver_studio/toolchain/risc-v embedded gcc/bin/../lib/gcc/riscv-none-embed/8.2.0/../../../../riscv-none-embed/lib/rv32imacxw/ilp32\libg_nano.a(lib_a-memmove.o)
                              ./CANopenNode/301/CO_SDOserver.o (memmove)
[...]
Memory Configuration

Name             Origin             Length             Attributes
FLASH            0x0000000000000000 0x0000000000010000 xr
SFLASH           0x0000000000010000 0x0000000000002800 xr
RAM              0x0000000020000000 0x0000000000005000 xrw
*default*        0x0000000000000000 0xffffffffffffffff

Linker script and memory map

LOAD ./User/CanOpenNode.o
LOAD ./User/DataModel.o
LOAD ./User/ch32v20x_it.o
LOAD ./User/dash_draw.o
LOAD ./User/init.o
LOAD ./User/inputs.o
LOAD ./User/led.o
LOAD ./User/main.o
LOAD ./User/process.o
LOAD ./User/system_ch32v20x.o
LOAD ./User/system_init.o
LOAD ./Startup/startup_ch32v20x_D6.o
LOAD ./Peripheral/src/ch32v20x_adc.o
LOAD ./Peripheral/src/ch32v20x_bkp.o
LOAD ./Peripheral/src/ch32v20x_can.o
LOAD ./Peripheral/src/ch32v20x_crc.o
LOAD ./Peripheral/src/ch32v20x_dbgmcu.o
LOAD ./Peripheral/src/ch32v20x_dma.o
LOAD ./Peripheral/src/ch32v20x_exti.o
LOAD ./Peripheral/src/ch32v20x_flash.o
LOAD ./Peripheral/src/ch32v20x_gpio.o
LOAD ./Peripheral/src/ch32v20x_i2c.o
LOAD ./Peripheral/src/ch32v20x_iwdg.o
LOAD ./Peripheral/src/ch32v20x_misc.o
LOAD ./Peripheral/src/ch32v20x_opa.o
LOAD ./Peripheral/src/ch32v20x_pwr.o
LOAD ./Peripheral/src/ch32v20x_rcc.o
LOAD ./Peripheral/src/ch32v20x_rtc.o
LOAD ./Peripheral/src/ch32v20x_spi.o
LOAD ./Peripheral/src/ch32v20x_tim.o
LOAD ./Peripheral/src/ch32v20x_usart.o
LOAD ./Peripheral/src/ch32v20x_wwdg.o
LOAD ./HAL_LIB/filters.o
LOAD ./HAL_LIB/hw_lib_adc.o
LOAD ./HAL_LIB/hw_lib_din.o
LOAD ./HAL_LIB/hw_lib_eeprom_i2c.o
LOAD ./HAL_DRIVER/hal_can_ch32.o
LOAD ./HAL_DRIVER/hal_gpio_ch32.o
LOAD ./HAL_DRIVER/hal_i2c_ch32.o
LOAD ./HAL_DRIVER/hal_irq.o
LOAD ./HAL_DRIVER/hal_rtc_ch32.o
LOAD ./HAL_DRIVER/hal_spi_ch32.o
LOAD ./HAL_DRIVER/hal_wdt_ch32.o
LOAD ./HAL/hal_adc_ch32.o
LOAD ./HAL/hal_dma_ch32.o
LOAD ./HAL/hal_timers_ch32.o
LOAD ./FreeRTOS/portable/MemMang/heap_4.o
LOAD ./FreeRTOS/portable/GCC/RISC-V/port.o
LOAD ./FreeRTOS/portable/GCC/RISC-V/portASM.o
LOAD ./FreeRTOS/croutine.o
LOAD ./FreeRTOS/event_groups.o
LOAD ./FreeRTOS/list.o
LOAD ./FreeRTOS/queue.o
LOAD ./FreeRTOS/stream_buffer.o
LOAD ./FreeRTOS/tasks.o
LOAD ./FreeRTOS/timers.o
LOAD ./Debug/debug.o
LOAD ./Core/core_riscv.o
LOAD ./CANopenNode/keypad/CO_driver_ST32F103.o
LOAD ./CANopenNode/keypad/OD.o
LOAD ./CANopenNode/extra/CO_trace.o
LOAD ./CANopenNode/309/CO_gateway_ascii.o
LOAD ./CANopenNode/305/CO_LSSmaster.o
LOAD ./CANopenNode/305/CO_LSSslave.o
LOAD ./CANopenNode/304/CO_GFC.o
LOAD ./CANopenNode/304/CO_SRDO.o
LOAD ./CANopenNode/303/CO_LEDs.o
LOAD ./CANopenNode/301/CO_Emergency.o
LOAD ./CANopenNode/301/CO_HBconsumer.o
LOAD ./CANopenNode/301/CO_NMT_Heartbeat.o
LOAD ./CANopenNode/301/CO_Node_Guarding.o
LOAD ./CANopenNode/301/CO_ODinterface.o
LOAD ./CANopenNode/301/CO_PDO.o
LOAD ./CANopenNode/301/CO_SDOclient.o
LOAD ./CANopenNode/301/CO_SDOserver.o
LOAD ./CANopenNode/301/CO_SYNC.o
LOAD ./CANopenNode/301/CO_TIME.o
LOAD ./CANopenNode/301/CO_fifo.o
LOAD ./CANopenNode/301/crc16-ccitt.o
LOAD ./CANopenNode/CANopen.o
LOAD c:/mounriver/mounriver_studio/toolchain/risc-v embedded gcc/bin/../lib/gcc/riscv-none-embed/8.2.0/../../../../riscv-none-embed/lib/rv32imacxw/ilp32\libm.a
LOAD c:/mounriver/mounriver_studio/toolchain/risc-v embedded gcc/bin/../lib/gcc/riscv-none-embed/8.2.0/rv32imacxw/ilp32\libgcc.a
LOAD c:/mounriver/mounriver_studio/toolchain/risc-v embedded gcc/bin/../lib/gcc/riscv-none-embed/8.2.0/../../../../riscv-none-embed/lib/rv32imacxw/ilp32\libg_nano.a
LOAD c:/mounriver/mounriver_studio/toolchain/risc-v embedded gcc/bin/../lib/gcc/riscv-none-embed/8.2.0/../../../../riscv-none-embed/lib/rv32imacxw/ilp32\libc_nano.a
LOAD c:/mounriver/mounriver_studio/toolchain/risc-v embedded gcc/bin/../lib/gcc/riscv-none-embed/8.2.0/rv32imacxw/ilp32\libgcc.a
START GROUP
LOAD c:/mounriver/mounriver_studio/toolchain/risc-v embedded gcc/bin/../lib/gcc/riscv-none-embed/8.2.0/rv32imacxw/ilp32\libgcc.a
LOAD c:/mounriver/mounriver_studio/toolchain/risc-v embedded gcc/bin/../lib/gcc/riscv-none-embed/8.2.0/../../../../riscv-none-embed/lib/rv32imacxw/ilp32\libc_nano.a
LOAD c:/mounriver/mounriver_studio/toolchain/risc-v embedded gcc/bin/../lib/gcc/riscv-none-embed/8.2.0/../../../../riscv-none-embed/lib/rv32imacxw/ilp32\libnosys.a
END GROUP
START GROUP
LOAD c:/mounriver/mounriver_studio/toolchain/risc-v embedded gcc/bin/../lib/gcc/riscv-none-embed/8.2.0/rv32imacxw/ilp32\libgcc.a
LOAD c:/mounriver/mounriver_studio/toolchain/risc-v embedded gcc/bin/../lib/gcc/riscv-none-embed/8.2.0/../../../../riscv-none-embed/lib/rv32imacxw/ilp32\libc_nano.a
LOAD c:/mounriver/mounriver_studio/toolchain/risc-v embedded gcc/bin/../lib/gcc/riscv-none-embed/8.2.0/../../../../riscv-none-embed/lib/rv32imacxw/ilp32\libnosys.a
END GROUP
                0x0000000000000be8                __stack_size = 0xbe8
                [!provide]                        PROVIDE (_stack_size = __stack_size)

.init           0x0000000000000000       0x38
                0x0000000000000000                _sinit = .
                0x0000000000000000                . = ALIGN (0x4)
 *(SORT_NONE(.init))
 .init          0x0000000000000000       0x38 ./Startup/startup_ch32v20x_D6.o
                0x0000000000000000                _start
                0x0000000000000038                . = ALIGN (0x4)
                0x0000000000000038                _einit = .

.vector         0x0000000000000038      0x108
 *(.vector)
 .vector        0x0000000000000038       0xfc ./Startup/startup_ch32v20x_D6.o
                0x0000000000000140                . = ALIGN (0x40)
 *fill*         0x0000000000000134        0xc 

.stext          0x0000000000010000      0x6c8
                0x0000000000010000                . = ALIGN (0x4)
 *(.stext)
 .stext         0x0000000000010000       0x8a ./User/DataModel.o
 .stext         0x000000000001008a      0x168 ./User/init.o
                0x000000000001008a                vInit_DeviceConfig
 .stext         0x00000000000101f2      0x202 ./User/process.o
                0x00000000000101f2                vProceesInit
 .stext         0x00000000000103f4      0x14e ./User/system_init.o
                0x00000000000103f4                vSYStaskInit
                0x0000000000010518                vSYSqueueInit
 .stext         0x0000000000010542       0x34 ./HAL_LIB/hw_lib_din.o
                0x0000000000010542                eDinConfigWtihStruct
 .stext         0x0000000000010576       0xca ./HAL_DRIVER/hal_rtc_ch32.o
                0x0000000000010576                HAL_RTC_IT_Init
 .stext         0x0000000000010640       0x60 ./HAL_DRIVER/hal_spi_ch32.o
                0x0000000000010640                HAL_SPI_InitDMA
 .stext         0x00000000000106a0       0x28 ./HAL_DRIVER/hal_wdt_ch32.o
                0x00000000000106a0                HAL_WDT_Init1s

.text           0x0000000000000200     0xddd4
                0x0000000000000200                . = ALIGN (0x4)
 *(.text)
 .text          0x0000000000000200      0x2ee ./FreeRTOS/portable/GCC/RISC-V/portASM.o
                0x0000000000000200                SW_Handler
                0x0000000000000300                xPortStartFirstTask
                0x0000000000000400                pxPortInitialiseStack
 .text          0x00000000000004ee       0x60 c:/mounriver/mounriver_studio/toolchain/risc-v embedded gcc/bin/../lib/gcc/riscv-none-embed/8.2.0/rv32imacxw/ilp32\libgcc.a(save-restore.o)
                0x00000000000004ee                __riscv_save_12
                0x00000000000004f6                __riscv_save_9
                0x00000000000004f6                __riscv_save_11
                0x00000000000004f6                __riscv_save_10
                0x00000000000004f6                __riscv_save_8
                0x0000000000000504                __riscv_save_4
                0x0000000000000504                __riscv_save_6
                0x0000000000000504                __riscv_save_5
                0x0000000000000504                __riscv_save_7
                0x000000000000051e                __riscv_save_3
                0x000000000000051e                __riscv_save_2
                0x000000000000051e                __riscv_save_1
                0x000000000000051e                __riscv_save_0
                0x000000000000052a                __riscv_restore_12
                0x000000000000052e                __riscv_restore_11
                0x000000000000052e                __riscv_restore_9
                0x000000000000052e                __riscv_restore_10
                0x000000000000052e                __riscv_restore_8
                0x0000000000000538                __riscv_restore_5
                0x0000000000000538                __riscv_restore_7
                0x0000000000000538                __riscv_restore_6
                0x0000000000000538                __riscv_restore_4
                0x0000000000000542                __riscv_restore_3
                0x0000000000000542                __riscv_restore_0
                0x0000000000000542                __riscv_restore_2
                0x0000000000000542                __riscv_restore_1
 .text          0x000000000000054e       0xa8 c:/mounriver/mounriver_studio/toolchain/risc-v embedded gcc/bin/../lib/gcc/riscv-none-embed/8.2.0/../../../../riscv-none-embed/lib/rv32imacxw/ilp32\libg_nano.a(lib_a-memset.o)
                0x000000000000054e                memset
 *(.text.*)
 .text.xCanOpenProcessTaskHandle
                0x00000000000005f6        0xa ./User/CanOpenNode.o
                0x00000000000005f6                xCanOpenProcessTaskHandle
 .text.xCanOpenPeriodicTaskHandle
                0x0000000000000600        0xa ./User/CanOpenNode.o
                0x0000000000000600                xCanOpenPeriodicTaskHandle
 .text.vCanOpenInit
                0x000000000000060a        0xa ./User/CanOpenNode.o
                0x000000000000060a                vCanOpenInit
 .text.vCanOpenProcess
                0x0000000000000614      0x192 ./User/CanOpenNode.o
                0x0000000000000614                vCanOpenProcess
 .text.vCanOpenPeriodicProcess
                0x00000000000007a6       0x82 ./User/CanOpenNode.o
                0x00000000000007a6                vCanOpenPeriodicProcess
 .text.xDataRegQueue
                0x0000000000000828        0xa ./User/DataModel.o
                0x0000000000000828                xDataRegQueue
 .text.vDataModelRegDelayWrite
                0x0000000000000832       0x34 ./User/DataModel.o
                0x0000000000000832                vDataModelRegDelayWrite
 .text.setReg32
                0x0000000000000866       0x1a ./User/DataModel.o
                0x0000000000000866                setReg32
 .text.setReg16
                0x0000000000000880        0xe ./User/DataModel.o
                0x0000000000000880                setReg16
 .text.setReg8  0x000000000000088e        0xa ./User/DataModel.o
                0x000000000000088e                setReg8
 .text.SaveReg16
                0x0000000000000898       0x14 ./User/DataModel.o
                0x0000000000000898                SaveReg16
 .text.getReg16
                0x00000000000008ac       0x10 ./User/DataModel.o
                0x00000000000008ac                getReg16
 .text.getReg32
                0x00000000000008bc       0x1c ./User/DataModel.o
                0x00000000000008bc                getReg32
 .text.DataModel_Init
                0x00000000000008d8      0x394 ./User/DataModel.o
                0x00000000000008d8                DataModel_Init
 .text.getReg8  0x0000000000000c6c        0xa ./User/DataModel.o
                0x0000000000000c6c                getReg8
 .text.WriteRegAfterDelay
                0x0000000000000c76       0x60 ./User/DataModel.o
                0x0000000000000c76                WriteRegAfterDelay
 .text.WriteReg
                0x0000000000000cd6       0x56 ./User/DataModel.o
                0x0000000000000cd6                WriteReg
 .text.vGetBitrate
                0x0000000000000d2c       0x2a ./User/DataModel.o
                0x0000000000000d2c                vGetBitrate
 .text.vFDGetNMTState
                0x0000000000000d56        0x6 ./User/DataModel.o
                0x0000000000000d56                vFDGetNMTState
 .text.vGetNodeId
                0x0000000000000d5c        0x6 ./User/DataModel.o
                0x0000000000000d5c                vGetNodeId
 .text.vIncrementSystemCounters
                0x0000000000000d62       0x76 ./User/DataModel.o
                0x0000000000000d62                vIncrementSystemCounters
 .text.vSaveData
                0x0000000000000dd8       0x14 ./User/DataModel.o
                0x0000000000000dd8                vSaveData
 .text.getOdometr
                0x0000000000000dec       0x14 ./User/DataModel.o
                0x0000000000000dec                getOdometr
 .text.NMI_Handler
                0x0000000000000e00        0x2 ./User/ch32v20x_it.o
                0x0000000000000e00                NMI_Handler
 .text.HardFault_Handler
                0x0000000000000e02       0x66 ./User/ch32v20x_it.o
                0x0000000000000e02                HardFault_Handler
 .text.SegPrint
                0x0000000000000e68       0x5a ./User/dash_draw.o
 .text.vCheckKeySatate
                0x0000000000000ec2       0x68 ./User/dash_draw.o
 .text.xProcessTaskHandle
                0x0000000000000f2a        0xa ./User/dash_draw.o
                0x0000000000000f2a                xProcessTaskHandle
 .text.vSetErrorReg
                0x0000000000000f34        0xa ./User/dash_draw.o
                0x0000000000000f34                vSetErrorReg
 .text.getODValue
                0x0000000000000f3e      0x130 ./User/dash_draw.o
                0x0000000000000f3e                getODValue
 .text.IncMenuIndex
                0x000000000000106e       0x80 ./User/dash_draw.o
                0x000000000000106e                IncMenuIndex
 .text.GoToHome
                0x00000000000010ee       0x12 ./User/dash_draw.o
                0x00000000000010ee                GoToHome
 .text.SetCurMenuHome
                0x0000000000001100       0x1e ./User/dash_draw.o
                0x0000000000001100                SetCurMenuHome
 .text.GetCurMenuHome
                0x000000000000111e        0x6 ./User/dash_draw.o
                0x000000000000111e                GetCurMenuHome
 .text.SetCurrentMenu
                0x0000000000001124       0x12 ./User/dash_draw.o
                0x0000000000001124                SetCurrentMenu
 .text.SetDefault
                0x0000000000001136       0x2a ./User/dash_draw.o
                0x0000000000001136                SetDefault
 .text.MenuBackHomeCheck
                0x0000000000001160       0x38 ./User/dash_draw.o
                0x0000000000001160                MenuBackHomeCheck
 .text.CheckMenuChannel
                0x0000000000001198       0x20 ./User/dash_draw.o
                0x0000000000001198                CheckMenuChannel
 .text.vDashDrawInit
                0x00000000000011b8       0x80 ./User/dash_draw.o
                0x00000000000011b8                vDashDrawInit
 .text.vMenuBlink
                0x0000000000001238       0x4a ./User/dash_draw.o
                0x0000000000001238                vMenuBlink
 .text.SetErrorRegiter
                0x0000000000001282       0x5e ./User/dash_draw.o
                0x0000000000001282                SetErrorRegiter
 .text.uGetCurrMenu
                0x00000000000012e0       0x26 ./User/dash_draw.o
                0x00000000000012e0                uGetCurrMenu
 .text.vGetEdgeData
                0x0000000000001306       0x2a ./User/dash_draw.o
                0x0000000000001306                vGetEdgeData
 .text.checkLedState
                0x0000000000001330       0x3a ./User/dash_draw.o
 .text.vRGBMode
                0x000000000000136a       0x72 ./User/dash_draw.o
                0x000000000000136a                vRGBMode
 .text.vBarColorMode
                0x00000000000013dc       0xc2 ./User/dash_draw.o
                0x00000000000013dc                vBarColorMode
 .text.vBarWindowMode
                0x000000000000149e       0x5a ./User/dash_draw.o
                0x000000000000149e                vBarWindowMode
 .text.vBarMode
                0x00000000000014f8       0x66 ./User/dash_draw.o
                0x00000000000014f8                vBarMode
 .text.vRedrawTask
                0x000000000000155e      0x4f8 ./User/dash_draw.o
                0x000000000000155e                vRedrawTask
 .text.HardwareDeinit
                0x0000000000001a56       0x2a ./User/init.o
                0x0000000000001a56                HardwareDeinit
 .text.SoftwareReset
                0x0000000000001a80       0x14 ./User/init.o
                0x0000000000001a80                SoftwareReset
 .text.ADC1_Event
                0x0000000000001a94       0x48 ./User/inputs.o
                0x0000000000001a94                ADC1_Event
 .text.CaptureDMACallBack
                0x0000000000001adc       0x22 ./User/inputs.o
                0x0000000000001adc                CaptureDMACallBack
 .text.CaptureDMACallBack_1
                0x0000000000001afe       0x22 ./User/inputs.o
                0x0000000000001afe                CaptureDMACallBack_1
 .text.SaveData
                0x0000000000001b20       0x2e ./User/inputs.o
 .text.fDinStateCallback
                0x0000000000001b4e       0x32 ./User/inputs.o
                0x0000000000001b4e                fDinStateCallback
 .text.vSetDoutState
                0x0000000000001b80       0x28 ./User/inputs.o
                0x0000000000001b80                vSetDoutState
 .text.getInputsTaskHandle
                0x0000000000001ba8        0xa ./User/inputs.o
                0x0000000000001ba8                getInputsTaskHandle
 .text.ADC1_Init
                0x0000000000001bb2       0x48 ./User/inputs.o
                0x0000000000001bb2                ADC1_Init
 .text.ADC_FSM  0x0000000000001bfa      0x190 ./User/inputs.o
                0x0000000000001bfa                ADC_FSM
 .text.GetAIN   0x0000000000001d8a        0xc ./User/inputs.o
                0x0000000000001d8a                GetAIN
 .text.vInputsTask
                0x0000000000001d96      0x26c ./User/inputs.o
                0x0000000000001d96                vInputsTask
 .text.SPI1_DMA_Callback
                0x0000000000002002       0x2e ./User/led.o
                0x0000000000002002                SPI1_DMA_Callback
 .text.SPI2_DMA_Callback
                0x0000000000002030       0x2e ./User/led.o
                0x0000000000002030                SPI2_DMA_Callback
 .text.SetBarState
                0x000000000000205e       0x50 ./User/led.o
                0x000000000000205e                SetBarState
 .text.SetRGB   0x00000000000020ae       0x4e ./User/led.o
                0x00000000000020ae                SetRGB
 .text.SetSegDirect
                0x00000000000020fc       0x9c ./User/led.o
                0x00000000000020fc                SetSegDirect
 .text.SetSegPoint
                0x0000000000002198       0x22 ./User/led.o
                0x0000000000002198                SetSegPoint
 .text.SetSEG   0x00000000000021ba      0x120 ./User/led.o
                0x00000000000021ba                SetSEG
 .text.SetBigSeg
                0x00000000000022da       0x14 ./User/led.o
                0x00000000000022da                SetBigSeg
 .text.vSetBrigth
                0x00000000000022ee       0x28 ./User/led.o
                0x00000000000022ee                vSetBrigth
 .text.vLedDriverStart
                0x0000000000002316       0x4e ./User/led.o
                0x0000000000002316                vLedDriverStart
 .text.vLedProcess
                0x0000000000002364       0x1e ./User/led.o
                0x0000000000002364                vLedProcess
 .text.vRGBProcess
                0x0000000000002382       0xe2 ./User/led.o
                0x0000000000002382                vRGBProcess
 .text.startup.main
                0x0000000000002464       0x28 ./User/main.o
                0x0000000000002464                main
 .text.vRestartNode
                0x000000000000248c        0x2 ./User/main.o
                0x000000000000248c                vRestartNode
 .text.Error_Handler
                0x000000000000248e        0x8 ./User/main.o
                0x000000000000248e                Error_Handler
 .text.OD_readKEY
                0x0000000000002496        0x8 ./User/process.o
 .text.OD_writeRGBMAP
                0x000000000000249e       0x30 ./User/process.o
 .text.OD_writeKEY
                0x00000000000024ce       0x34 ./User/process.o
 .text.OD_readRGBMAP
                0x0000000000002502       0x22 ./User/process.o
 .text.OD_readDIN
                0x0000000000002524       0x1c ./User/process.o
 .text.OD_writeMenuSetup
                0x0000000000002540       0x46 ./User/process.o
 .text.OD_writeBoardSettings
                0x0000000000002586       0x78 ./User/process.o
 .text.CO_getUint16
                0x00000000000025fe       0x10 ./User/process.o
 .text.OD_writeSEG
                0x000000000000260e       0x44 ./User/process.o
 .text.OD_writeBAR
                0x0000000000002652       0x30 ./User/process.o
 .text.OD_writeRPMConfig
                0x0000000000002682       0x36 ./User/process.o
 .text.CO_getUint32
                0x00000000000026b8       0x18 ./User/process.o
 .text.OD_writeMenuMap
                0x00000000000026d0       0x30 ./User/process.o
 .text.OD_writeV1_14
                0x0000000000002700       0x54 ./User/process.o
 .text.OD_writeDashParam
                0x0000000000002754       0x44 ./User/process.o
 .text.WriteRGB.isra.2
                0x0000000000002798       0x3a ./User/process.o
 .text.OD_writeRGB1
                0x00000000000027d2       0x14 ./User/process.o
 .text.OD_writeRGB2
                0x00000000000027e6       0x16 ./User/process.o
 .text.OD_writeRGB3
                0x00000000000027fc       0x16 ./User/process.o
 .text.OD_writeRGB4
                0x0000000000002812       0x16 ./User/process.o
 .text.OD_writeRGB5
                0x0000000000002828       0x16 ./User/process.o
 .text.OD_writeRGB6
                0x000000000000283e       0x16 ./User/process.o
 .text.OD_writeRGB7
                0x0000000000002854       0x16 ./User/process.o
 .text.OD_writeRGB8
                0x000000000000286a       0x16 ./User/process.o
 .text.OD_writeRGB9
                0x0000000000002880       0x16 ./User/process.o
 .text.OD_writeRGB10
                0x0000000000002896       0x16 ./User/process.o
 .text.OD_writeRGB11
                0x00000000000028ac       0x16 ./User/process.o
 .text.OD_writeRGB12
                0x00000000000028c2       0x16 ./User/process.o
 .text.OD_writeRGB13
                0x00000000000028d8       0x16 ./User/process.o
 .text.OD_readBoardSettings
                0x00000000000028ee       0x2c ./User/process.o
 .text.readADC.isra.6
                0x000000000000291a       0x84 ./User/process.o
 .text.OD_readADC1
                0x000000000000299e       0x10 ./User/process.o
 .text.OD_readADC2
                0x00000000000029ae       0x10 ./User/process.o
 .text.OD_readADC3
                0x00000000000029be       0x10 ./User/process.o
 .text.OD_readMenuSetup
                0x00000000000029ce       0x30 ./User/process.o
 .text.writeADC.isra.9
                0x00000000000029fe       0xde ./User/process.o
 .text.OD_writeADC1
                0x0000000000002adc       0x10 ./User/process.o
 .text.OD_writeADC2
                0x0000000000002aec       0x10 ./User/process.o
 .text.OD_writeADC3
                0x0000000000002afc       0x10 ./User/process.o
 .text.OD_readRGB.isra.5
                0x0000000000002b0c       0x22 ./User/process.o
 .text.OD_readRGB1
                0x0000000000002b2e       0x10 ./User/process.o
 .text.OD_readRGB2
                0x0000000000002b3e       0x12 ./User/process.o
 .text.OD_readRGB3
                0x0000000000002b50       0x12 ./User/process.o
 .text.OD_readRGB4
                0x0000000000002b62       0x12 ./User/process.o
 .text.OD_readRGB5
                0x0000000000002b74       0x12 ./User/process.o
 .text.OD_readRGB6
                0x0000000000002b86       0x12 ./User/process.o
 .text.OD_readRGB7
                0x0000000000002b98       0x12 ./User/process.o
 .text.OD_readRGB8
                0x0000000000002baa       0x12 ./User/process.o
 .text.OD_readRGB9
                0x0000000000002bbc       0x12 ./User/process.o
 .text.OD_readRGB10
                0x0000000000002bce       0x12 ./User/process.o
 .text.OD_readRGB11
                0x0000000000002be0       0x12 ./User/process.o
 .text.OD_readRGB12
                0x0000000000002bf2       0x12 ./User/process.o
 .text.OD_readRGB13
                0x0000000000002c04       0x12 ./User/process.o
 .text.OD_readAIN_RPM
                0x0000000000002c16       0x26 ./User/process.o
 .text.OD_readMenuMap
                0x0000000000002c3c       0x2c ./User/process.o
 .text.OD_readRPMConfig
                0x0000000000002c68       0x2a ./User/process.o
 .text.OD_readBar
                0x0000000000002c92       0x28 ./User/process.o
 .text.OD_readDashParam
                0x0000000000002cba       0x4c ./User/process.o
 .text.OD_readSEG
                0x0000000000002d06       0x34 ./User/process.o
 .text.SystemInit
                0x0000000000002d3a       0xea ./User/system_ch32v20x.o
                0x0000000000002d3a                SystemInit
 .text.SystemCoreClockUpdate
                0x0000000000002e24       0x92 ./User/system_ch32v20x.o
                0x0000000000002e24                SystemCoreClockUpdate
 .text.StartDefaultTask
                0x0000000000002eb6       0x78 ./User/system_init.o
 .text.vApplicationGetIdleTaskMemory
                0x0000000000002f2e       0x1c ./User/system_init.o
                0x0000000000002f2e                vApplicationGetIdleTaskMemory
 .text.vSystemStop
                0x0000000000002f4a       0x26 ./User/system_init.o
                0x0000000000002f4a                vSystemStop
 .text.vector_handler
                0x0000000000002f70       0x6c ./Startup/startup_ch32v20x_D6.o
                0x0000000000002f74                Ecall_M_Mode_Handler
                0x0000000000002f76                Ecall_U_Mode_Handler
                0x0000000000002f78                Break_Point_Handler
                0x0000000000002f7e                WWDG_IRQHandler
                0x0000000000002f80                PVD_IRQHandler
                0x0000000000002f82                TAMPER_IRQHandler
                0x0000000000002f86                FLASH_IRQHandler
                0x0000000000002f88                RCC_IRQHandler
                0x0000000000002f8a                EXTI0_IRQHandler
                0x0000000000002f8c                EXTI1_IRQHandler
                0x0000000000002f8e                EXTI2_IRQHandler
                0x0000000000002f90                EXTI3_IRQHandler
                0x0000000000002f92                EXTI4_IRQHandler
                0x0000000000002f96                DMA1_Channel2_IRQHandler
                0x0000000000002f9e                DMA1_Channel6_IRQHandler
                0x0000000000002fac                EXTI9_5_IRQHandler
                0x0000000000002fae                TIM1_BRK_IRQHandler
                0x0000000000002fb0                TIM1_UP_IRQHandler
                0x0000000000002fb2                TIM1_TRG_COM_IRQHandler
                0x0000000000002fb4                TIM1_CC_IRQHandler
                0x0000000000002fb6                TIM2_IRQHandler
                0x0000000000002fb8                TIM3_IRQHandler
                0x0000000000002fc0                I2C2_EV_IRQHandler
                0x0000000000002fc2                I2C2_ER_IRQHandler
                0x0000000000002fc4                SPI1_IRQHandler
                0x0000000000002fc6                SPI2_IRQHandler
                0x0000000000002fc8                USART1_IRQHandler
                0x0000000000002fca                USART2_IRQHandler
                0x0000000000002fcc                USART3_IRQHandler
                0x0000000000002fce                EXTI15_10_IRQHandler
                0x0000000000002fd0                RTCAlarm_IRQHandler
                0x0000000000002fd2                USBWakeUp_IRQHandler
                0x0000000000002fd4                USBHD_IRQHandler
                0x0000000000002fd6                USBHDWakeUp_IRQHandler
                0x0000000000002fd8                UART4_IRQHandler
                0x0000000000002fda                DMA1_Channel8_IRQHandler
 .text.handle_reset
                0x0000000000002fdc       0x92 ./Startup/startup_ch32v20x_D6.o
                0x0000000000002fdc                handle_reset
 .text.ADC_Cmd  0x000000000000306e       0x10 ./Peripheral/src/ch32v20x_adc.o
                0x000000000000306e                ADC_Cmd
 .text.ADC_GetResetCalibrationStatus
                0x000000000000307e        0x8 ./Peripheral/src/ch32v20x_adc.o
                0x000000000000307e                ADC_GetResetCalibrationStatus
 .text.ADC_GetCalibrationStatus
                0x0000000000003086        0x8 ./Peripheral/src/ch32v20x_adc.o
                0x0000000000003086                ADC_GetCalibrationStatus
 .text.ADC_GetITStatus
                0x000000000000308e       0x1c ./Peripheral/src/ch32v20x_adc.o
                0x000000000000308e                ADC_GetITStatus
 .text.ADC_ClearITPendingBit
                0x00000000000030aa        0xa ./Peripheral/src/ch32v20x_adc.o
                0x00000000000030aa                ADC_ClearITPendingBit
 .text.Get_CalibrationValue
                0x00000000000030b4      0x1fe ./Peripheral/src/ch32v20x_adc.o
                0x00000000000030b4                Get_CalibrationValue
 .text.DMA_GetFlagStatus
                0x00000000000032b2        0xe ./Peripheral/src/ch32v20x_dma.o
                0x00000000000032b2                DMA_GetFlagStatus
 .text.DMA_GetITStatus
                0x00000000000032c0        0xc ./Peripheral/src/ch32v20x_dma.o
                0x00000000000032c0                DMA_GetITStatus
 .text.DMA_ClearITPendingBit
                0x00000000000032cc        0x8 ./Peripheral/src/ch32v20x_dma.o
                0x00000000000032cc                DMA_ClearITPendingBit
 .text.GPIO_Init
                0x00000000000032d4       0xfa ./Peripheral/src/ch32v20x_gpio.o
                0x00000000000032d4                GPIO_Init
 .text.GPIO_PinRemapConfig
                0x00000000000033ce       0xf2 ./Peripheral/src/ch32v20x_gpio.o
                0x00000000000033ce                GPIO_PinRemapConfig
 .text.I2C_DualAddressCmd
                0x00000000000034c0       0x18 ./Peripheral/src/ch32v20x_i2c.o
                0x00000000000034c0                I2C_DualAddressCmd
 .text.I2C_ClearFlag
                0x00000000000034d8        0xc ./Peripheral/src/ch32v20x_i2c.o
                0x00000000000034d8                I2C_ClearFlag
 .text.RCC_LSEConfig
                0x00000000000034e4       0x28 ./Peripheral/src/ch32v20x_rcc.o
                0x00000000000034e4                RCC_LSEConfig
 .text.RCC_GetClocksFreq
                0x000000000000350c       0xbe ./Peripheral/src/ch32v20x_rcc.o
                0x000000000000350c                RCC_GetClocksFreq
 .text.RCC_APB2PeriphClockCmd
                0x00000000000035ca       0x1e ./Peripheral/src/ch32v20x_rcc.o
                0x00000000000035ca                RCC_APB2PeriphClockCmd
 .text.RCC_GetFlagStatus
                0x00000000000035e8       0x2e ./Peripheral/src/ch32v20x_rcc.o
                0x00000000000035e8                RCC_GetFlagStatus
 .text.RTC_EnterConfigMode
                0x0000000000003616       0x12 ./Peripheral/src/ch32v20x_rtc.o
                0x0000000000003616                RTC_EnterConfigMode
 .text.RTC_ExitConfigMode
                0x0000000000003628       0x18 ./Peripheral/src/ch32v20x_rtc.o
                0x0000000000003628                RTC_ExitConfigMode
 .text.RTC_GetCounter
                0x0000000000003640       0x36 ./Peripheral/src/ch32v20x_rtc.o
                0x0000000000003640                RTC_GetCounter
 .text.RTC_SetCounter
                0x0000000000003676       0x2c ./Peripheral/src/ch32v20x_rtc.o
                0x0000000000003676                RTC_SetCounter
 .text.RTC_SetPrescaler
                0x00000000000036a2       0x2e ./Peripheral/src/ch32v20x_rtc.o
                0x00000000000036a2                RTC_SetPrescaler
 .text.RTC_WaitForLastTask
                0x00000000000036d0       0x10 ./Peripheral/src/ch32v20x_rtc.o
                0x00000000000036d0                RTC_WaitForLastTask
 .text.RTC_WaitForSynchro
                0x00000000000036e0       0x24 ./Peripheral/src/ch32v20x_rtc.o
                0x00000000000036e0                RTC_WaitForSynchro
 .text.TIM_OC1Init
                0x0000000000003704       0x6a ./Peripheral/src/ch32v20x_tim.o
                0x0000000000003704                TIM_OC1Init
 .text.TIM_OC2Init
                0x000000000000376e       0x96 ./Peripheral/src/ch32v20x_tim.o
                0x000000000000376e                TIM_OC2Init
 .text.TIM_OC3Init
                0x0000000000003804       0x94 ./Peripheral/src/ch32v20x_tim.o
                0x0000000000003804                TIM_OC3Init
 .text.TIM_OC4Init
                0x0000000000003898       0x6c ./Peripheral/src/ch32v20x_tim.o
                0x0000000000003898                TIM_OC4Init
 .text.TIM_OC1PreloadConfig
                0x0000000000003904        0xe ./Peripheral/src/ch32v20x_tim.o
                0x0000000000003904                TIM_OC1PreloadConfig
 .text.TIM_OC2PreloadConfig
                0x0000000000003912       0x16 ./Peripheral/src/ch32v20x_tim.o
                0x0000000000003912                TIM_OC2PreloadConfig
 .text.TIM_OC3PreloadConfig
                0x0000000000003928        0xe ./Peripheral/src/ch32v20x_tim.o
                0x0000000000003928                TIM_OC3PreloadConfig
 .text.TIM_OC4PreloadConfig
                0x0000000000003936       0x16 ./Peripheral/src/ch32v20x_tim.o
                0x0000000000003936                TIM_OC4PreloadConfig
 .text.TIM_GetITStatus
                0x000000000000394c       0x18 ./Peripheral/src/ch32v20x_tim.o
                0x000000000000394c                TIM_GetITStatus
 .text.USART_Init
                0x0000000000003964       0xbc ./Peripheral/src/ch32v20x_usart.o
                0x0000000000003964                USART_Init
 .text.USART_Cmd
                0x0000000000003a20       0x16 ./Peripheral/src/ch32v20x_usart.o
                0x0000000000003a20                USART_Cmd
 .text.USART_SendData
                0x0000000000003a36        0x8 ./Peripheral/src/ch32v20x_usart.o
                0x0000000000003a36                USART_SendData
 .text.USART_GetFlagStatus
                0x0000000000003a3e        0xa ./Peripheral/src/ch32v20x_usart.o
                0x0000000000003a3e                USART_GetFlagStatus
 .text.vRCFilterConfig
                0x0000000000003a48       0x2e ./HAL_LIB/filters.o
                0x0000000000003a48                vRCFilterConfig
 .text.vInitABFilter
                0x0000000000003a76       0x22 ./HAL_LIB/filters.o
                0x0000000000003a76                vInitABFilter
 .text.vInitRunAverga
                0x0000000000003a98        0x8 ./HAL_LIB/filters.o
                0x0000000000003a98                vInitRunAverga
 .text.vInitMedianFilter
                0x0000000000003aa0       0x12 ./HAL_LIB/filters.o
                0x0000000000003aa0                vInitMedianFilter
 .text.MedianFilter
                0x0000000000003ab2       0x74 ./HAL_LIB/filters.o
                0x0000000000003ab2                MedianFilter
 .text.vAINInit
                0x0000000000003b26       0x36 ./HAL_LIB/hw_lib_adc.o
                0x0000000000003b26                vAINInit
 .text.fGetAinCalData
                0x0000000000003b5c       0x7a ./HAL_LIB/hw_lib_adc.o
                0x0000000000003b5c                fGetAinCalData
 .text.eAinCalDataConfig
                0x0000000000003bd6       0x50 ./HAL_LIB/hw_lib_adc.o
                0x0000000000003bd6                eAinCalDataConfig
 .text.vABLineKoofFinde
                0x0000000000003c26       0x6a ./HAL_LIB/hw_lib_adc.o
                0x0000000000003c26                vABLineKoofFinde
 .text.eSetAinCalPoint
                0x0000000000003c90       0x64 ./HAL_LIB/hw_lib_adc.o
                0x0000000000003c90                eSetAinCalPoint
 .text.getADC1Buffer
                0x0000000000003cf4        0xa ./HAL_LIB/hw_lib_adc.o
                0x0000000000003cf4                getADC1Buffer
 .text.eDOUTConfigWtihStruct
                0x0000000000003cfe       0x1c ./HAL_LIB/hw_lib_din.o
                0x0000000000003cfe                eDOUTConfigWtihStruct
 .text.eSetDUT  0x0000000000003d1a       0x16 ./HAL_LIB/hw_lib_din.o
                0x0000000000003d1a                eSetDUT
 .text.uGetDIN  0x0000000000003d30       0x14 ./HAL_LIB/hw_lib_din.o
                0x0000000000003d30                uGetDIN
 .text.eRPMConfig
                0x0000000000003d44       0x5a ./HAL_LIB/hw_lib_din.o
                0x0000000000003d44                eRPMConfig
 .text.RMPDataConvert
                0x0000000000003d9e       0x7e ./HAL_LIB/hw_lib_din.o
                0x0000000000003d9e                RMPDataConvert
 .text.GetRPM   0x0000000000003e1c       0x70 ./HAL_LIB/hw_lib_din.o
                0x0000000000003e1c                GetRPM
 .text.xGetRPM  0x0000000000003e8c       0x72 ./HAL_LIB/hw_lib_din.o
                0x0000000000003e8c                xGetRPM
 .text.vDinDoutProcess
                0x0000000000003efe       0xa0 ./HAL_LIB/hw_lib_din.o
                0x0000000000003efe                vDinDoutProcess
 .text.getCaputreBuffer
                0x0000000000003f9e       0x16 ./HAL_LIB/hw_lib_din.o
                0x0000000000003f9e                getCaputreBuffer
 .text.I2C_FSM  0x0000000000003fb4      0x198 ./HAL_LIB/hw_lib_eeprom_i2c.o
                0x0000000000003fb4                I2C_FSM
 .text.vInitEEPROM_I2C
                0x000000000000414c       0x4e ./HAL_LIB/hw_lib_eeprom_i2c.o
                0x000000000000414c                vInitEEPROM_I2C
 .text.eEEPROMWrFast
                0x000000000000419a      0x10a ./HAL_LIB/hw_lib_eeprom_i2c.o
                0x000000000000419a                eEEPROMWrFast
 .text.eEEPROMWr
                0x00000000000042a4       0xe2 ./HAL_LIB/hw_lib_eeprom_i2c.o
                0x00000000000042a4                eEEPROMWr
 .text.eEEPROMRd
                0x0000000000004386       0x8a ./HAL_LIB/hw_lib_eeprom_i2c.o
                0x0000000000004386                eEEPROMRd
 .text.bReadEEPROM
                0x0000000000004410       0x1a ./HAL_LIB/hw_lib_eeprom_i2c.o
                0x0000000000004410                bReadEEPROM
 .text.HAL_CANSetTXCallback
                0x000000000000442a        0xa ./HAL_DRIVER/hal_can_ch32.o
                0x000000000000442a                HAL_CANSetTXCallback
 .text.HAL_CANSetRXCallback
                0x0000000000004434        0xa ./HAL_DRIVER/hal_can_ch32.o
                0x0000000000004434                HAL_CANSetRXCallback
 .text.HAL_CANSetERRCallback
                0x000000000000443e        0xa ./HAL_DRIVER/hal_can_ch32.o
                0x000000000000443e                HAL_CANSetERRCallback
 .text.HAL_CANIntIT
                0x0000000000004448      0x13c ./HAL_DRIVER/hal_can_ch32.o
                0x0000000000004448                HAL_CANIntIT
 .text.HAL_CANToInitMode
                0x0000000000004584       0x30 ./HAL_DRIVER/hal_can_ch32.o
                0x0000000000004584                HAL_CANToInitMode
 .text.HAL_CANToOperatingMode
                0x00000000000045b4       0x26 ./HAL_DRIVER/hal_can_ch32.o
                0x00000000000045b4                HAL_CANToOperatingMode
 .text.HAL_CANSend
                0x00000000000045da       0xae ./HAL_DRIVER/hal_can_ch32.o
                0x00000000000045da                HAL_CANSend
 .text.HAL_CANSetFiters
                0x0000000000004688       0xc4 ./HAL_DRIVER/hal_can_ch32.o
                0x0000000000004688                HAL_CANSetFiters
 .text.HAL_CANGetRXMessage
                0x000000000000474c       0xb0 ./HAL_DRIVER/hal_can_ch32.o
                0x000000000000474c                HAL_CANGetRXMessage
 .text.USB_HP_CAN1_TX_IRQHandler
                0x00000000000047fc       0x60 ./HAL_DRIVER/hal_can_ch32.o
                0x00000000000047fc                USB_HP_CAN1_TX_IRQHandler
 .text.USB_LP_CAN1_RX0_IRQHandler
                0x000000000000485c       0x5e ./HAL_DRIVER/hal_can_ch32.o
                0x000000000000485c                USB_LP_CAN1_RX0_IRQHandler
 .text.CAN1_RX1_IRQHandler
                0x00000000000048ba       0x5e ./HAL_DRIVER/hal_can_ch32.o
                0x00000000000048ba                CAN1_RX1_IRQHandler
 .text.CAN1_SCE_IRQHandler
                0x0000000000004918       0x5c ./HAL_DRIVER/hal_can_ch32.o
                0x0000000000004918                CAN1_SCE_IRQHandler
 .text.HAL_InitGPIO
                0x0000000000004974       0xba ./HAL_DRIVER/hal_gpio_ch32.o
                0x0000000000004974                HAL_InitGPIO
 .text.HAL_InitGpioOut
                0x0000000000004a2e       0x10 ./HAL_DRIVER/hal_gpio_ch32.o
                0x0000000000004a2e                HAL_InitGpioOut
 .text.HAL_InitGpioAIN
                0x0000000000004a3e       0x10 ./HAL_DRIVER/hal_gpio_ch32.o
                0x0000000000004a3e                HAL_InitGpioAIN
 .text.HAL_InitGpioIn
                0x0000000000004a4e       0x10 ./HAL_DRIVER/hal_gpio_ch32.o
                0x0000000000004a4e                HAL_InitGpioIn
 .text.HAL_InitGpioAF
                0x0000000000004a5e       0x34 ./HAL_DRIVER/hal_gpio_ch32.o
                0x0000000000004a5e                HAL_InitGpioAF
 .text.HAL_GetBit
                0x0000000000004a92        0xa ./HAL_DRIVER/hal_gpio_ch32.o
                0x0000000000004a92                HAL_GetBit
 .text.HAL_SetBit
                0x0000000000004a9c        0x4 ./HAL_DRIVER/hal_gpio_ch32.o
                0x0000000000004a9c                HAL_SetBit
 .text.HAL_ResetBit
                0x0000000000004aa0        0x4 ./HAL_DRIVER/hal_gpio_ch32.o
                0x0000000000004aa0                HAL_ResetBit
 .text.HAL_InitGPO
                0x0000000000004aa4       0x14 ./HAL_DRIVER/hal_gpio_ch32.o
                0x0000000000004aa4                HAL_InitGPO
 .text.HAL_I2C_Init
                0x0000000000004ab8       0xf4 ./HAL_DRIVER/hal_i2c_ch32.o
                0x0000000000004ab8                HAL_I2C_Init
 .text.HAL_I2C_GET_STAR2
                0x0000000000004bac        0xe ./HAL_DRIVER/hal_i2c_ch32.o
                0x0000000000004bac                HAL_I2C_GET_STAR2
 .text.HAL_I2C_GET_STAR1
                0x0000000000004bba        0xe ./HAL_DRIVER/hal_i2c_ch32.o
                0x0000000000004bba                HAL_I2C_GET_STAR1
 .text.HAL_I2C_ENABLE
                0x0000000000004bc8       0x14 ./HAL_DRIVER/hal_i2c_ch32.o
                0x0000000000004bc8                HAL_I2C_ENABLE
 .text.InitI2CIT
                0x0000000000004bdc       0x6e ./HAL_DRIVER/hal_i2c_ch32.o
                0x0000000000004bdc                InitI2CIT
 .text.HAL_I2C_DISABLE
                0x0000000000004c4a       0x1a ./HAL_DRIVER/hal_i2c_ch32.o
                0x0000000000004c4a                HAL_I2C_DISABLE
 .text.I2C_IT_ENABLE
                0x0000000000004c64       0x12 ./HAL_DRIVER/hal_i2c_ch32.o
                0x0000000000004c64                I2C_IT_ENABLE
 .text.I2C_IT_DISABLE
                0x0000000000004c76       0x16 ./HAL_DRIVER/hal_i2c_ch32.o
                0x0000000000004c76                I2C_IT_DISABLE
 .text.HAL_I2C_STOP
                0x0000000000004c8c       0x14 ./HAL_DRIVER/hal_i2c_ch32.o
                0x0000000000004c8c                HAL_I2C_STOP
 .text.HAL_I2C_START
                0x0000000000004ca0       0x14 ./HAL_DRIVER/hal_i2c_ch32.o
                0x0000000000004ca0                HAL_I2C_START
 .text.HAL_I2C_SEND
                0x0000000000004cb4        0xe ./HAL_DRIVER/hal_i2c_ch32.o
                0x0000000000004cb4                HAL_I2C_SEND
 .text.HAL_I2C_SEND_ADDR_TRANS
                0x0000000000004cc2       0x12 ./HAL_DRIVER/hal_i2c_ch32.o
                0x0000000000004cc2                HAL_I2C_SEND_ADDR_TRANS
 .text.HAL_I2C_SEND_ADDR_RECIEVE
                0x0000000000004cd4       0x16 ./HAL_DRIVER/hal_i2c_ch32.o
                0x0000000000004cd4                HAL_I2C_SEND_ADDR_RECIEVE
 .text.HAL_I2C_ACK_ENABLE
                0x0000000000004cea       0x14 ./HAL_DRIVER/hal_i2c_ch32.o
                0x0000000000004cea                HAL_I2C_ACK_ENABLE
 .text.HAL_I2C_ACK_DISABLE
                0x0000000000004cfe       0x1c ./HAL_DRIVER/hal_i2c_ch32.o
                0x0000000000004cfe                HAL_I2C_ACK_DISABLE
 .text.HAL_I2C_ClearFlag
                0x0000000000004d1a       0x20 ./HAL_DRIVER/hal_i2c_ch32.o
                0x0000000000004d1a                HAL_I2C_ClearFlag
 .text.HAL_I2C_READ_DATA
                0x0000000000004d3a        0xe ./HAL_DRIVER/hal_i2c_ch32.o
                0x0000000000004d3a                HAL_I2C_READ_DATA
 .text.I2C1_EV_IRQHandler
                0x0000000000004d48       0x52 ./HAL_DRIVER/hal_i2c_ch32.o
                0x0000000000004d48                I2C1_EV_IRQHandler
 .text.I2C1_ER_IRQHandler
                0x0000000000004d9a       0x52 ./HAL_DRIVER/hal_i2c_ch32.o
                0x0000000000004d9a                I2C1_ER_IRQHandler
 .text.HAL_InitAPB1
                0x0000000000004dec       0x1c ./HAL_DRIVER/hal_irq.o
                0x0000000000004dec                HAL_InitAPB1
 .text.HAL_InitAPB2
                0x0000000000004e08       0x1c ./HAL_DRIVER/hal_irq.o
                0x0000000000004e08                HAL_InitAPB2
 .text.PFIC_IRQ_ENABLE_PG1
                0x0000000000004e24       0x34 ./HAL_DRIVER/hal_irq.o
                0x0000000000004e24                PFIC_IRQ_ENABLE_PG1
 .text.RTC_IRQHandler
                0x0000000000004e58       0x78 ./HAL_DRIVER/hal_rtc_ch32.o
                0x0000000000004e58                RTC_IRQHandler
 .text.HAL_SPI_RXOveleyClear
                0x0000000000004ed0       0x1e ./HAL_DRIVER/hal_spi_ch32.o
                0x0000000000004ed0                HAL_SPI_RXOveleyClear
 .text.HAL_SPI_GetBusy
                0x0000000000004eee       0x10 ./HAL_DRIVER/hal_spi_ch32.o
                0x0000000000004eee                HAL_SPI_GetBusy
 .text.HAL_WDTReset
                0x0000000000004efe        0xe ./HAL_DRIVER/hal_wdt_ch32.o
                0x0000000000004efe                HAL_WDTReset
 .text.Get_ConversionVal
                0x0000000000004f0c       0x2e ./HAL/hal_adc_ch32.o
                0x0000000000004f0c                Get_ConversionVal
 .text.HAL_ADC_RegularChannelConfig
                0x0000000000004f3a       0x46 ./HAL/hal_adc_ch32.o
                0x0000000000004f3a                HAL_ADC_RegularChannelConfig
 .text.HAL_ADC_ContiniusScanCinvertionDMA
                0x0000000000004f80       0xce ./HAL/hal_adc_ch32.o
                0x0000000000004f80                HAL_ADC_ContiniusScanCinvertionDMA
 .text.HAL_ADC_StartDMA
                0x000000000000504e       0x42 ./HAL/hal_adc_ch32.o
                0x000000000000504e                HAL_ADC_StartDMA
 .text.ADC1_2_IRQHandler
                0x0000000000005090       0x74 ./HAL/hal_adc_ch32.o
                0x0000000000005090                ADC1_2_IRQHandler
 .text.DMA_IRQ  0x0000000000005104       0x3a ./HAL/hal_dma_ch32.o
 .text.HAL_DMA_Enable
                0x000000000000513e       0x18 ./HAL/hal_dma_ch32.o
                0x000000000000513e                HAL_DMA_Enable
 .text.HAL_DMA_Disable
                0x0000000000005156       0x1a ./HAL/hal_dma_ch32.o
                0x0000000000005156                HAL_DMA_Disable
 .text.HAL_DMAInitIT
                0x0000000000005170       0xa0 ./HAL/hal_dma_ch32.o
                0x0000000000005170                HAL_DMAInitIT
 .text.HAL_DMA_SetCounter
                0x0000000000005210       0x12 ./HAL/hal_dma_ch32.o
                0x0000000000005210                HAL_DMA_SetCounter
 .text.HAL_DMA_ITENABLE
                0x0000000000005222       0x16 ./HAL/hal_dma_ch32.o
                0x0000000000005222                HAL_DMA_ITENABLE
 .text.HAL_DMA_SetCouterAndEnable
                0x0000000000005238       0x1a ./HAL/hal_dma_ch32.o
                0x0000000000005238                HAL_DMA_SetCouterAndEnable
 .text.DMA1_Channel1_IRQHandler
                0x0000000000005252       0x4e ./HAL/hal_dma_ch32.o
                0x0000000000005252                DMA1_Channel1_IRQHandler
 .text.DMA1_Channel3_IRQHandler
                0x00000000000052a0       0x4e ./HAL/hal_dma_ch32.o
                0x00000000000052a0                DMA1_Channel3_IRQHandler
 .text.DMA1_Channel4_IRQHandler
                0x00000000000052ee       0x4e ./HAL/hal_dma_ch32.o
                0x00000000000052ee                DMA1_Channel4_IRQHandler
 .text.DMA1_Channel5_IRQHandler
                0x000000000000533c       0x4e ./HAL/hal_dma_ch32.o
                0x000000000000533c                DMA1_Channel5_IRQHandler
 .text.DMA1_Channel7_IRQHandler
                0x000000000000538a       0x4e ./HAL/hal_dma_ch32.o
                0x000000000000538a                DMA1_Channel7_IRQHandler
 .text.TIM4_IRQHandler
                0x00000000000053d8       0x70 ./HAL/hal_timers_ch32.o
                0x00000000000053d8                TIM4_IRQHandler
 .text.HAL_TiemrEneblae
                0x0000000000005448       0x16 ./HAL/hal_timers_ch32.o
                0x0000000000005448                HAL_TiemrEneblae
 .text.HAL_TiemrDisable
                0x000000000000545e       0x1c ./HAL/hal_timers_ch32.o
                0x000000000000545e                HAL_TiemrDisable
 .text.HW_TIMER_BaseTimerInit
                0x000000000000547a       0x54 ./HAL/hal_timers_ch32.o
                0x000000000000547a                HW_TIMER_BaseTimerInit
 .text.HAL_TIMER_InitIt
                0x00000000000054ce       0x60 ./HAL/hal_timers_ch32.o
                0x00000000000054ce                HAL_TIMER_InitIt
 .text.HAL_TIMER_PWMTimersInit
                0x000000000000552e       0xc2 ./HAL/hal_timers_ch32.o
                0x000000000000552e                HAL_TIMER_PWMTimersInit
 .text.HAL_TimeInitCaptureDMA
                0x00000000000055f0       0xec ./HAL/hal_timers_ch32.o
                0x00000000000055f0                HAL_TimeInitCaptureDMA
 .text.HAL_TIMER_SetPWMPulse
                0x00000000000056dc       0x88 ./HAL/hal_timers_ch32.o
                0x00000000000056dc                HAL_TIMER_SetPWMPulse
 .text.HAL_TIMER_EnablePWMCH
                0x0000000000005764       0x1a ./HAL/hal_timers_ch32.o
                0x0000000000005764                HAL_TIMER_EnablePWMCH
 .text.prvInsertBlockIntoFreeList
                0x000000000000577e       0x4c ./FreeRTOS/portable/MemMang/heap_4.o
 .text.pvPortMalloc
                0x00000000000057ca      0x18a ./FreeRTOS/portable/MemMang/heap_4.o
                0x00000000000057ca                pvPortMalloc
 .text.vPortSetupTimerInterrupt
                0x0000000000005954       0x3e ./FreeRTOS/portable/GCC/RISC-V/port.o
                0x0000000000005954                vPortSetupTimerInterrupt
 .text.xPortStartScheduler
                0x0000000000005992       0x90 ./FreeRTOS/portable/GCC/RISC-V/port.o
                0x0000000000005992                xPortStartScheduler
 .text.SysTick_Handler
                0x0000000000005a22       0x7c ./FreeRTOS/portable/GCC/RISC-V/port.o
                0x0000000000005a22                SysTick_Handler
 .text.vPortEnterCritical
                0x0000000000005a9e       0x16 ./FreeRTOS/portable/GCC/RISC-V/port.o
                0x0000000000005a9e                vPortEnterCritical
 .text.vPortExitCritical
                0x0000000000005ab4       0x42 ./FreeRTOS/portable/GCC/RISC-V/port.o
                0x0000000000005ab4                vPortExitCritical
 .text.xPortSetInterruptMask
                0x0000000000005af6        0xc ./FreeRTOS/portable/GCC/RISC-V/port.o
                0x0000000000005af6                xPortSetInterruptMask
 .text.vPortClearInterruptMask
                0x0000000000005b02        0x6 ./FreeRTOS/portable/GCC/RISC-V/port.o
                0x0000000000005b02                vPortClearInterruptMask
 .text.vListInitialise
                0x0000000000005b08       0x14 ./FreeRTOS/list.o
                0x0000000000005b08                vListInitialise
 .text.vListInitialiseItem
                0x0000000000005b1c        0x6 ./FreeRTOS/list.o
                0x0000000000005b1c                vListInitialiseItem
 .text.vListInsertEnd
                0x0000000000005b22       0x18 ./FreeRTOS/list.o
                0x0000000000005b22                vListInsertEnd
 .text.vListInsert
                0x0000000000005b3a       0x2e ./FreeRTOS/list.o
                0x0000000000005b3a                vListInsert
 .text.uxListRemove
                0x0000000000005b68       0x20 ./FreeRTOS/list.o
                0x0000000000005b68                uxListRemove
 .text.prvIsQueueEmpty
                0x0000000000005b88       0x1e ./FreeRTOS/queue.o
 .text.prvCopyDataToQueue
                0x0000000000005ba6       0x72 ./FreeRTOS/queue.o
 .text.prvCopyDataFromQueue
                0x0000000000005c18       0x28 ./FreeRTOS/queue.o
 .text.prvUnlockQueue
                0x0000000000005c40       0x76 ./FreeRTOS/queue.o
 .text.xQueueGenericReset
                0x0000000000005cb6       0xc4 ./FreeRTOS/queue.o
                0x0000000000005cb6                xQueueGenericReset
 .text.xQueueGenericCreateStatic
                0x0000000000005d7a       0xae ./FreeRTOS/queue.o
                0x0000000000005d7a                xQueueGenericCreateStatic
 .text.xQueueGenericCreate
                0x0000000000005e28       0x72 ./FreeRTOS/queue.o
                0x0000000000005e28                xQueueGenericCreate
 .text.xQueueGenericSend
                0x0000000000005e9a      0x178 ./FreeRTOS/queue.o
                0x0000000000005e9a                xQueueGenericSend
 .text.xQueueGiveMutexRecursive
                0x0000000000006012       0x56 ./FreeRTOS/queue.o
                0x0000000000006012                xQueueGiveMutexRecursive
 .text.xQueueCreateMutex
                0x0000000000006068       0x2e ./FreeRTOS/queue.o
                0x0000000000006068                xQueueCreateMutex
 .text.xQueueReceive
                0x0000000000006096      0x138 ./FreeRTOS/queue.o
                0x0000000000006096                xQueueReceive
 .text.xQueueSemaphoreTake
                0x00000000000061ce      0x18e ./FreeRTOS/queue.o
                0x00000000000061ce                xQueueSemaphoreTake
 .text.xQueueTakeMutexRecursive
                0x000000000000635c       0x5a ./FreeRTOS/queue.o
                0x000000000000635c                xQueueTakeMutexRecursive
 .text.uxQueueMessagesWaiting
                0x00000000000063b6       0x44 ./FreeRTOS/queue.o
                0x00000000000063b6                uxQueueMessagesWaiting
 .text.prvIdleTask
                0x00000000000063fa        0x2 ./FreeRTOS/tasks.o
 .text.prvAddNewTaskToReadyList
                0x00000000000063fc      0x106 ./FreeRTOS/tasks.o
 .text.prvResetNextTaskUnblockTime
                0x0000000000006502       0x20 ./FreeRTOS/tasks.o
 .text.prvTaskIsTaskSuspended
                0x0000000000006522       0x50 ./FreeRTOS/tasks.o
 .text.prvInitialiseNewTask.isra.2
                0x0000000000006572       0xc8 ./FreeRTOS/tasks.o
 .text.prvAddCurrentTaskToDelayedList
                0x000000000000663a       0xa4 ./FreeRTOS/tasks.o
 .text.xTaskCreateStatic
                0x00000000000066de       0xa6 ./FreeRTOS/tasks.o
                0x00000000000066de                xTaskCreateStatic
 .text.vTaskResume
                0x0000000000006784       0xa6 ./FreeRTOS/tasks.o
                0x0000000000006784                vTaskResume
 .text.vTaskStartScheduler
                0x000000000000682a       0x5c ./FreeRTOS/tasks.o
                0x000000000000682a                vTaskStartScheduler
 .text.vTaskSuspendAll
                0x0000000000006886       0x10 ./FreeRTOS/tasks.o
                0x0000000000006886                vTaskSuspendAll
 .text.xTaskGetTickCount
                0x0000000000006896        0x6 ./FreeRTOS/tasks.o
                0x0000000000006896                xTaskGetTickCount
 .text.xTaskIncrementTick
                0x000000000000689c      0x194 ./FreeRTOS/tasks.o
                0x000000000000689c                xTaskIncrementTick
 .text.xTaskResumeAll
                0x0000000000006a30      0x154 ./FreeRTOS/tasks.o
                0x0000000000006a30                xTaskResumeAll
 .text.vTaskDelay
                0x0000000000006b84       0x66 ./FreeRTOS/tasks.o
                0x0000000000006b84                vTaskDelay
 .text.vTaskSwitchContext
                0x0000000000006bea       0x92 ./FreeRTOS/tasks.o
                0x0000000000006bea                vTaskSwitchContext
 .text.vTaskSuspend
                0x0000000000006c7c       0xea ./FreeRTOS/tasks.o
                0x0000000000006c7c                vTaskSuspend
 .text.vTaskPlaceOnEventList
                0x0000000000006d66       0x48 ./FreeRTOS/tasks.o
                0x0000000000006d66                vTaskPlaceOnEventList
 .text.xTaskRemoveFromEventList
                0x0000000000006dae       0xe4 ./FreeRTOS/tasks.o
                0x0000000000006dae                xTaskRemoveFromEventList
 .text.vTaskInternalSetTimeOutState
                0x0000000000006e92        0xe ./FreeRTOS/tasks.o
                0x0000000000006e92                vTaskInternalSetTimeOutState
 .text.xTaskCheckForTimeOut
                0x0000000000006ea0       0xaa ./FreeRTOS/tasks.o
                0x0000000000006ea0                xTaskCheckForTimeOut
 .text.vTaskMissedYield
                0x0000000000006f4a        0x8 ./FreeRTOS/tasks.o
                0x0000000000006f4a                vTaskMissedYield
 .text.xTaskGetCurrentTaskHandle
                0x0000000000006f52        0xa ./FreeRTOS/tasks.o
                0x0000000000006f52                xTaskGetCurrentTaskHandle
 .text.xTaskPriorityInherit
                0x0000000000006f5c       0xaa ./FreeRTOS/tasks.o
                0x0000000000006f5c                xTaskPriorityInherit
 .text.xTaskPriorityDisinherit
                0x0000000000007006       0xc6 ./FreeRTOS/tasks.o
                0x0000000000007006                xTaskPriorityDisinherit
 .text.vTaskPriorityDisinheritAfterTimeout
                0x00000000000070cc       0xe2 ./FreeRTOS/tasks.o
                0x00000000000070cc                vTaskPriorityDisinheritAfterTimeout
 .text.pvTaskIncrementMutexHeldCount
                0x00000000000071ae       0x1c ./FreeRTOS/tasks.o
                0x00000000000071ae                pvTaskIncrementMutexHeldCount
 .text.ulTaskGenericNotifyTake
                0x00000000000071ca       0xb8 ./FreeRTOS/tasks.o
                0x00000000000071ca                ulTaskGenericNotifyTake
 .text.xTaskGenericNotifyWait
                0x0000000000007282       0xe6 ./FreeRTOS/tasks.o
                0x0000000000007282                xTaskGenericNotifyWait
 .text.xTaskGenericNotifyFromISR
                0x0000000000007368      0x1e8 ./FreeRTOS/tasks.o
                0x0000000000007368                xTaskGenericNotifyFromISR
 .text.Delay_Init
                0x0000000000007550       0x2a ./Debug/debug.o
                0x0000000000007550                Delay_Init
 .text.Delay_Ms
                0x000000000000757a       0x36 ./Debug/debug.o
                0x000000000000757a                Delay_Ms
 .text.USART_Printf_Init
                0x00000000000075b0       0x5a ./Debug/debug.o
                0x00000000000075b0                USART_Printf_Init
 .text._write   0x000000000000760a       0x3e ./Debug/debug.o
                0x000000000000760a                _write
 .text._sbrk    0x0000000000007648       0x2a ./Debug/debug.o
                0x0000000000007648                _sbrk
 .text.__get_MEPC
                0x0000000000007672        0x6 ./Core/core_riscv.o
                0x0000000000007672                __get_MEPC
 .text.__get_MCAUSE
                0x0000000000007678        0x6 ./Core/core_riscv.o
                0x0000000000007678                __get_MCAUSE
 .text.__get_MTVAL
                0x000000000000767e        0x6 ./Core/core_riscv.o
                0x000000000000767e                __get_MTVAL
 .text.prv_read_can_received_msg
                0x0000000000007684       0x50 ./CANopenNode/keypad/CO_driver_ST32F103.o
                0x0000000000007684                prv_read_can_received_msg
 .text.prv_send_can_message.isra.0
                0x00000000000076d4       0x2c ./CANopenNode/keypad/CO_driver_ST32F103.o
 .text.CAN_SendMessage
                0x0000000000007700       0x66 ./CANopenNode/keypad/CO_driver_ST32F103.o
                0x0000000000007700                CAN_SendMessage
 .text.co_drv_create_os_objects
                0x0000000000007766       0x30 ./CANopenNode/keypad/CO_driver_ST32F103.o
                0x0000000000007766                co_drv_create_os_objects
 .text.co_drv_mutex_lock
                0x0000000000007796       0x18 ./CANopenNode/keypad/CO_driver_ST32F103.o
                0x0000000000007796                co_drv_mutex_lock
 .text.co_drv_mutex_unlock
                0x00000000000077ae       0x16 ./CANopenNode/keypad/CO_driver_ST32F103.o
                0x00000000000077ae                co_drv_mutex_unlock
 .text.CO_CANsetConfigurationMode
                0x00000000000077c4       0x10 ./CANopenNode/keypad/CO_driver_ST32F103.o
                0x00000000000077c4                CO_CANsetConfigurationMode
 .text.CO_CANsetNormalMode
                0x00000000000077d4       0x1c ./CANopenNode/keypad/CO_driver_ST32F103.o
                0x00000000000077d4                CO_CANsetNormalMode
 .text.CO_CANmodule_init
                0x00000000000077f0      0x110 ./CANopenNode/keypad/CO_driver_ST32F103.o
                0x00000000000077f0                CO_CANmodule_init
 .text.CO_CANmodule_disable
                0x0000000000007900       0x14 ./CANopenNode/keypad/CO_driver_ST32F103.o
                0x0000000000007900                CO_CANmodule_disable
 .text.CO_CANrxBufferInit
                0x0000000000007914       0x52 ./CANopenNode/keypad/CO_driver_ST32F103.o
                0x0000000000007914                CO_CANrxBufferInit
 .text.CO_CANtxBufferInit
                0x0000000000007966       0x3a ./CANopenNode/keypad/CO_driver_ST32F103.o
                0x0000000000007966                CO_CANtxBufferInit
 .text.CO_CANmodule_process
                0x00000000000079a0       0x12 ./CANopenNode/keypad/CO_driver_ST32F103.o
                0x00000000000079a0                CO_CANmodule_process
 .text.CO_CANsend
                0x00000000000079b2       0x46 ./CANopenNode/keypad/CO_driver_ST32F103.o
                0x00000000000079b2                CO_CANsend
 .text.CO_LSSslave_receive
                0x00000000000079f8      0x1a8 ./CANopenNode/305/CO_LSSslave.o
 .text.CO_LSSslave_init
                0x0000000000007ba0       0xa4 ./CANopenNode/305/CO_LSSslave.o
                0x0000000000007ba0                CO_LSSslave_init
 .text.CO_LSSslave_process
                0x0000000000007c44      0x1a2 ./CANopenNode/305/CO_LSSslave.o
                0x0000000000007c44                CO_LSSslave_process
 .text.OD_write_1003
                0x0000000000007de6       0x28 ./CANopenNode/301/CO_Emergency.o
 .text.OD_read_1003
                0x0000000000007e0e       0x8c ./CANopenNode/301/CO_Emergency.o
 .text.OD_read_1014_default
                0x0000000000007e9a       0x50 ./CANopenNode/301/CO_Emergency.o
 .text.CO_EM_init
                0x0000000000007eea      0x112 ./CANopenNode/301/CO_Emergency.o
                0x0000000000007eea                CO_EM_init
 .text.CO_error
                0x0000000000007ffc       0xc4 ./CANopenNode/301/CO_Emergency.o
                0x0000000000007ffc                CO_error
 .text.CO_EM_process
                0x00000000000080c0      0x182 ./CANopenNode/301/CO_Emergency.o
                0x00000000000080c0                CO_EM_process
 .text.CO_NMT_receive
                0x0000000000008242       0x18 ./CANopenNode/301/CO_NMT_Heartbeat.o
 .text.OD_write_1017
                0x000000000000825a       0x48 ./CANopenNode/301/CO_NMT_Heartbeat.o
 .text.CO_NMT_init
                0x00000000000082a2       0xec ./CANopenNode/301/CO_NMT_Heartbeat.o
                0x00000000000082a2                CO_NMT_init
 .text.CO_NMT_process
                0x000000000000838e      0x106 ./CANopenNode/301/CO_NMT_Heartbeat.o
                0x000000000000838e                CO_NMT_process
 .text.OD_readDisabled
                0x0000000000008494        0x4 ./CANopenNode/301/CO_ODinterface.o
 .text.OD_readOriginal
                0x0000000000008498       0x50 ./CANopenNode/301/CO_ODinterface.o
                0x0000000000008498                OD_readOriginal
 .text.OD_writeOriginal
                0x00000000000084e8       0x54 ./CANopenNode/301/CO_ODinterface.o
                0x00000000000084e8                OD_writeOriginal
 .text.OD_writeDisabled
                0x000000000000853c        0x4 ./CANopenNode/301/CO_ODinterface.o
 .text.OD_find  0x0000000000008540       0x70 ./CANopenNode/301/CO_ODinterface.o
                0x0000000000008540                OD_find
 .text.OD_getSub
                0x00000000000085b0       0xf6 ./CANopenNode/301/CO_ODinterface.o
                0x00000000000085b0                OD_getSub
 .text.OD_getSDOabCode
                0x00000000000086a6       0x20 ./CANopenNode/301/CO_ODinterface.o
                0x00000000000086a6                OD_getSDOabCode
 .text.OD_get_value
                0x00000000000086c6       0x34 ./CANopenNode/301/CO_ODinterface.o
                0x00000000000086c6                OD_get_value
 .text.OD_set_value
                0x00000000000086fa       0x2e ./CANopenNode/301/CO_ODinterface.o
                0x00000000000086fa                OD_set_value
 .text.OD_getPtr
                0x0000000000008728       0x3c ./CANopenNode/301/CO_ODinterface.o
                0x0000000000008728                OD_getPtr
 .text.OD_write_dummy
                0x0000000000008764        0x8 ./CANopenNode/301/CO_PDO.o
 .text.OD_read_dummy
                0x000000000000876c       0x2e ./CANopenNode/301/CO_PDO.o
 .text.PDOconfigMap
                0x000000000000879a      0x100 ./CANopenNode/301/CO_PDO.o
 .text.CO_PDO_receive
                0x000000000000889a       0x48 ./CANopenNode/301/CO_PDO.o
 .text.OD_read_PDO_commParam
                0x00000000000088e2       0x70 ./CANopenNode/301/CO_PDO.o
 .text.PDO_initMapping.constprop.3
                0x0000000000008952       0xe6 ./CANopenNode/301/CO_PDO.o
 .text.OD_write_PDO_mapping
                0x0000000000008a38       0xb4 ./CANopenNode/301/CO_PDO.o
 .text.OD_write_18xx
                0x0000000000008aec      0x184 ./CANopenNode/301/CO_PDO.o
 .text.OD_write_14xx
                0x0000000000008c70      0x15a ./CANopenNode/301/CO_PDO.o
 .text.CO_RPDO_init
                0x0000000000008dca      0x172 ./CANopenNode/301/CO_PDO.o
                0x0000000000008dca                CO_RPDO_init
 .text.CO_RPDO_process
                0x0000000000008f3c      0x114 ./CANopenNode/301/CO_PDO.o
                0x0000000000008f3c                CO_RPDO_process
 .text.CO_TPDO_init
                0x0000000000009050      0x1d2 ./CANopenNode/301/CO_PDO.o
                0x0000000000009050                CO_TPDO_init
 .text.CO_TPDO_process
                0x0000000000009222      0x15e ./CANopenNode/301/CO_PDO.o
                0x0000000000009222                CO_TPDO_process
 .text.CO_SDOserver_init_canRxTx
                0x0000000000009380       0x82 ./CANopenNode/301/CO_SDOserver.o
 .text.CO_SDO_receive
                0x0000000000009402       0x38 ./CANopenNode/301/CO_SDOserver.o
 .text.readFromOd.isra.1.constprop.5
                0x000000000000943a       0xe2 ./CANopenNode/301/CO_SDOserver.o
 .text.OD_write_1201_additional
                0x000000000000951c      0x158 ./CANopenNode/301/CO_SDOserver.o
 .text.CO_SDOserver_init
                0x0000000000009674      0x172 ./CANopenNode/301/CO_SDOserver.o
                0x0000000000009674                CO_SDOserver_init
 .text.CO_SDOserver_process
                0x00000000000097e6      0x5e8 ./CANopenNode/301/CO_SDOserver.o
                0x00000000000097e6                CO_SDOserver_process
 .text.CO_delete
                0x0000000000009dce       0x56 ./CANopenNode/CANopen.o
                0x0000000000009dce                CO_delete
 .text.CO_new   0x0000000000009e24      0x102 ./CANopenNode/CANopen.o
                0x0000000000009e24                CO_new
 .text.CO_CANinit
                0x0000000000009f26       0x36 ./CANopenNode/CANopen.o
                0x0000000000009f26                CO_CANinit
 .text.CO_LSSinit
                0x0000000000009f5c       0x32 ./CANopenNode/CANopen.o
                0x0000000000009f5c                CO_LSSinit
 .text.CO_CANopenInit
                0x0000000000009f8e       0xb8 ./CANopenNode/CANopen.o
                0x0000000000009f8e                CO_CANopenInit
 .text.CO_CANopenInitPDO
                0x000000000000a046       0xea ./CANopenNode/CANopen.o
                0x000000000000a046                CO_CANopenInitPDO
 .text.CO_process
                0x000000000000a130       0x7e ./CANopenNode/CANopen.o
                0x000000000000a130                CO_process
 .text.CO_process_RPDO
                0x000000000000a1ae       0x40 ./CANopenNode/CANopen.o
                0x000000000000a1ae                CO_process_RPDO
 .text.CO_process_TPDO
                0x000000000000a1ee       0x40 ./CANopenNode/CANopen.o
                0x000000000000a1ee                CO_process_TPDO
 .text.__muldf3
                0x000000000000a22e      0x4b8 c:/mounriver/mounriver_studio/toolchain/risc-v embedded gcc/bin/../lib/gcc/riscv-none-embed/8.2.0/rv32imacxw/ilp32\libgcc.a(muldf3.o)
                0x000000000000a22e                __muldf3
 .text.__floatunsidf
                0x000000000000a6e6       0x68 c:/mounriver/mounriver_studio/toolchain/risc-v embedded gcc/bin/../lib/gcc/riscv-none-embed/8.2.0/rv32imacxw/ilp32\libgcc.a(floatunsidf.o)
                0x000000000000a6e6                __floatunsidf
 .text.__addsf3
                0x000000000000a74e      0x36a c:/mounriver/mounriver_studio/toolchain/risc-v embedded gcc/bin/../lib/gcc/riscv-none-embed/8.2.0/rv32imacxw/ilp32\libgcc.a(addsf3.o)
                0x000000000000a74e                __addsf3
 .text.__divsf3
                0x000000000000aab8      0x2b2 c:/mounriver/mounriver_studio/toolchain/risc-v embedded gcc/bin/../lib/gcc/riscv-none-embed/8.2.0/rv32imacxw/ilp32\libgcc.a(divsf3.o)
                0x000000000000aab8                __divsf3
 .text.__gesf2  0x000000000000ad6a       0x86 c:/mounriver/mounriver_studio/toolchain/risc-v embedded gcc/bin/../lib/gcc/riscv-none-embed/8.2.0/rv32imacxw/ilp32\libgcc.a(gesf2.o)
                0x000000000000ad6a                __gesf2
                0x000000000000ad6a                __gtsf2
 .text.__lesf2  0x000000000000adf0       0x8c c:/mounriver/mounriver_studio/toolchain/risc-v embedded gcc/bin/../lib/gcc/riscv-none-embed/8.2.0/rv32imacxw/ilp32\libgcc.a(lesf2.o)
                0x000000000000adf0                __ltsf2
                0x000000000000adf0                __lesf2
 .text.__mulsf3
                0x000000000000ae7c      0x294 c:/mounriver/mounriver_studio/toolchain/risc-v embedded gcc/bin/../lib/gcc/riscv-none-embed/8.2.0/rv32imacxw/ilp32\libgcc.a(mulsf3.o)
                0x000000000000ae7c                __mulsf3
 .text.__subsf3
                0x000000000000b110      0x388 c:/mounriver/mounriver_studio/toolchain/risc-v embedded gcc/bin/../lib/gcc/riscv-none-embed/8.2.0/rv32imacxw/ilp32\libgcc.a(subsf3.o)
                0x000000000000b110                __subsf3
 .text.__fixsfsi
                0x000000000000b498       0x62 c:/mounriver/mounriver_studio/toolchain/risc-v embedded gcc/bin/../lib/gcc/riscv-none-embed/8.2.0/rv32imacxw/ilp32\libgcc.a(fixsfsi.o)
                0x000000000000b498                __fixsfsi
 .text.__fixunssfsi
                0x000000000000b4fa       0x56 c:/mounriver/mounriver_studio/toolchain/risc-v embedded gcc/bin/../lib/gcc/riscv-none-embed/8.2.0/rv32imacxw/ilp32\libgcc.a(fixunssfsi.o)
                0x000000000000b4fa                __fixunssfsi
 .text.__floatsisf
                0x000000000000b550       0xc6 c:/mounriver/mounriver_studio/toolchain/risc-v embedded gcc/bin/../lib/gcc/riscv-none-embed/8.2.0/rv32imacxw/ilp32\libgcc.a(floatsisf.o)
                0x000000000000b550                __floatsisf
 .text.__floatunsisf
                0x000000000000b616       0xce c:/mounriver/mounriver_studio/toolchain/risc-v embedded gcc/bin/../lib/gcc/riscv-none-embed/8.2.0/rv32imacxw/ilp32\libgcc.a(floatunsisf.o)
                0x000000000000b616                __floatunsisf
 .text.__truncdfsf2
                0x000000000000b6e4      0x16a c:/mounriver/mounriver_studio/toolchain/risc-v embedded gcc/bin/../lib/gcc/riscv-none-embed/8.2.0/rv32imacxw/ilp32\libgcc.a(truncdfsf2.o)
                0x000000000000b6e4                __truncdfsf2
 .text.__clzsi2
                0x000000000000b84e       0x6e c:/mounriver/mounriver_studio/toolchain/risc-v embedded gcc/bin/../lib/gcc/riscv-none-embed/8.2.0/rv32imacxw/ilp32\libgcc.a(_clzsi2.o)
                0x000000000000b84e                __clzsi2
 .text.calloc   0x000000000000b8bc        0xc c:/mounriver/mounriver_studio/toolchain/risc-v embedded gcc/bin/../lib/gcc/riscv-none-embed/8.2.0/../../../../riscv-none-embed/lib/rv32imacxw/ilp32\libg_nano.a(lib_a-calloc.o)
                0x000000000000b8bc                calloc
 .text.free     0x000000000000b8c8        0xa c:/mounriver/mounriver_studio/toolchain/risc-v embedded gcc/bin/../lib/gcc/riscv-none-embed/8.2.0/../../../../riscv-none-embed/lib/rv32imacxw/ilp32\libg_nano.a(lib_a-malloc.o)
                0x000000000000b8c8                free
 .text.memcpy   0x000000000000b8d2       0xb2 c:/mounriver/mounriver_studio/toolchain/risc-v embedded gcc/bin/../lib/gcc/riscv-none-embed/8.2.0/../../../../riscv-none-embed/lib/rv32imacxw/ilp32\libg_nano.a(lib_a-memcpy.o)
                0x000000000000b8d2                memcpy
 .text.memmove  0x000000000000b984       0x46 c:/mounriver/mounriver_studio/toolchain/risc-v embedded gcc/bin/../lib/gcc/riscv-none-embed/8.2.0/../../../../riscv-none-embed/lib/rv32imacxw/ilp32\libg_nano.a(lib_a-memmove.o)
                0x000000000000b984                memmove
 .text._calloc_r
                0x000000000000b9ca       0x26 c:/mounriver/mounriver_studio/toolchain/risc-v embedded gcc/bin/../lib/gcc/riscv-none-embed/8.2.0/../../../../riscv-none-embed/lib/rv32imacxw/ilp32\libg_nano.a(lib_a-nano-callocr.o)
                0x000000000000b9ca                _calloc_r
 .text._free_r  0x000000000000b9f0       0xa8 c:/mounriver/mounriver_studio/toolchain/risc-v embedded gcc/bin/../lib/gcc/riscv-none-embed/8.2.0/../../../../riscv-none-embed/lib/rv32imacxw/ilp32\libg_nano.a(lib_a-nano-freer.o)
                0x000000000000b9f0                _free_r
 .text._malloc_r
                0x000000000000ba98       0xd4 c:/mounriver/mounriver_studio/toolchain/risc-v embedded gcc/bin/../lib/gcc/riscv-none-embed/8.2.0/../../../../riscv-none-embed/lib/rv32imacxw/ilp32\libg_nano.a(lib_a-nano-mallocr.o)
                0x000000000000ba98                _malloc_r
 .text.printf   0x000000000000bb6c       0x40 c:/mounriver/mounriver_studio/toolchain/risc-v embedded gcc/bin/../lib/gcc/riscv-none-embed/8.2.0/../../../../riscv-none-embed/lib/rv32imacxw/ilp32\libg_nano.a(lib_a-printf.o)
                0x000000000000bb6c                iprintf
                0x000000000000bb6c                printf
 .text._puts_r  0x000000000000bbac       0xd4 c:/mounriver/mounriver_studio/toolchain/risc-v embedded gcc/bin/../lib/gcc/riscv-none-embed/8.2.0/../../../../riscv-none-embed/lib/rv32imacxw/ilp32\libg_nano.a(lib_a-puts.o)
                0x000000000000bbac                _puts_r
 .text.puts     0x000000000000bc80        0xc c:/mounriver/mounriver_studio/toolchain/risc-v embedded gcc/bin/../lib/gcc/riscv-none-embed/8.2.0/../../../../riscv-none-embed/lib/rv32imacxw/ilp32\libg_nano.a(lib_a-puts.o)
                0x000000000000bc80                puts
 .text._sbrk_r  0x000000000000bc8c       0x32 c:/mounriver/mounriver_studio/toolchain/risc-v embedded gcc/bin/../lib/gcc/riscv-none-embed/8.2.0/../../../../riscv-none-embed/lib/rv32imacxw/ilp32\libg_nano.a(lib_a-sbrkr.o)
                0x000000000000bc8c                _sbrk_r
 .text.strlen   0x000000000000bcbe       0x12 c:/mounriver/mounriver_studio/toolchain/risc-v embedded gcc/bin/../lib/gcc/riscv-none-embed/8.2.0/../../../../riscv-none-embed/lib/rv32imacxw/ilp32\libg_nano.a(lib_a-strlen.o)
                0x000000000000bcbe                strlen
 .text.__swbuf_r
                0x000000000000bcd0       0xbc c:/mounriver/mounriver_studio/toolchain/risc-v embedded gcc/bin/../lib/gcc/riscv-none-embed/8.2.0/../../../../riscv-none-embed/lib/rv32imacxw/ilp32\libg_nano.a(lib_a-wbuf.o)
                0x000000000000bcd0                __swbuf_r
 .text.__swsetup_r
                0x000000000000bd8c       0xfe c:/mounriver/mounriver_studio/toolchain/risc-v embedded gcc/bin/../lib/gcc/riscv-none-embed/8.2.0/../../../../riscv-none-embed/lib/rv32imacxw/ilp32\libg_nano.a(lib_a-wsetup.o)
                0x000000000000bd8c                __swsetup_r
 .text.__sflush_r
                0x000000000000be8a      0x132 c:/mounriver/mounriver_studio/toolchain/risc-v embedded gcc/bin/../lib/gcc/riscv-none-embed/8.2.0/../../../../riscv-none-embed/lib/rv32imacxw/ilp32\libg_nano.a(lib_a-fflush.o)
                0x000000000000be8a                __sflush_r
 .text._fflush_r
                0x000000000000bfbc       0x66 c:/mounriver/mounriver_studio/toolchain/risc-v embedded gcc/bin/../lib/gcc/riscv-none-embed/8.2.0/../../../../riscv-none-embed/lib/rv32imacxw/ilp32\libg_nano.a(lib_a-fflush.o)
                0x000000000000bfbc                _fflush_r
 .text.std      0x000000000000c022       0x66 c:/mounriver/mounriver_studio/toolchain/risc-v embedded gcc/bin/../lib/gcc/riscv-none-embed/8.2.0/../../../../riscv-none-embed/lib/rv32imacxw/ilp32\libg_nano.a(lib_a-findfp.o)
 .text._cleanup_r
                0x000000000000c088        0xa c:/mounriver/mounriver_studio/toolchain/risc-v embedded gcc/bin/../lib/gcc/riscv-none-embed/8.2.0/../../../../riscv-none-embed/lib/rv32imacxw/ilp32\libg_nano.a(lib_a-findfp.o)
                0x000000000000c088                _cleanup_r
 .text.__sfmoreglue
                0x000000000000c092       0x48 c:/mounriver/mounriver_studio/toolchain/risc-v embedded gcc/bin/../lib/gcc/riscv-none-embed/8.2.0/../../../../riscv-none-embed/lib/rv32imacxw/ilp32\libg_nano.a(lib_a-findfp.o)
                0x000000000000c092                __sfmoreglue
 .text.__sinit  0x000000000000c0da       0x6c c:/mounriver/mounriver_studio/toolchain/risc-v embedded gcc/bin/../lib/gcc/riscv-none-embed/8.2.0/../../../../riscv-none-embed/lib/rv32imacxw/ilp32\libg_nano.a(lib_a-findfp.o)
                0x000000000000c0da                __sinit
 .text.__sfp    0x000000000000c146       0xa0 c:/mounriver/mounriver_studio/toolchain/risc-v embedded gcc/bin/../lib/gcc/riscv-none-embed/8.2.0/../../../../riscv-none-embed/lib/rv32imacxw/ilp32\libg_nano.a(lib_a-findfp.o)
                0x000000000000c146                __sfp
 .text._fwalk_reent
                0x000000000000c1e6       0x6a c:/mounriver/mounriver_studio/toolchain/risc-v embedded gcc/bin/../lib/gcc/riscv-none-embed/8.2.0/../../../../riscv-none-embed/lib/rv32imacxw/ilp32\libg_nano.a(lib_a-fwalk.o)
                0x000000000000c1e6                _fwalk_reent
 .text.__swhatbuf_r
                0x000000000000c250       0x58 c:/mounriver/mounriver_studio/toolchain/risc-v embedded gcc/bin/../lib/gcc/riscv-none-embed/8.2.0/../../../../riscv-none-embed/lib/rv32imacxw/ilp32\libg_nano.a(lib_a-makebuf.o)
                0x000000000000c250                __swhatbuf_r
 .text.__smakebuf_r
                0x000000000000c2a8       0x94 c:/mounriver/mounriver_studio/toolchain/risc-v embedded gcc/bin/../lib/gcc/riscv-none-embed/8.2.0/../../../../riscv-none-embed/lib/rv32imacxw/ilp32\libg_nano.a(lib_a-makebuf.o)
                0x000000000000c2a8                __smakebuf_r
 .text.__malloc_lock
                0x000000000000c33c        0x2 c:/mounriver/mounriver_studio/toolchain/risc-v embedded gcc/bin/../lib/gcc/riscv-none-embed/8.2.0/../../../../riscv-none-embed/lib/rv32imacxw/ilp32\libg_nano.a(lib_a-mlock.o)
                0x000000000000c33c                __malloc_lock
 .text.__malloc_unlock
                0x000000000000c33e        0x2 c:/mounriver/mounriver_studio/toolchain/risc-v embedded gcc/bin/../lib/gcc/riscv-none-embed/8.2.0/../../../../riscv-none-embed/lib/rv32imacxw/ilp32\libg_nano.a(lib_a-mlock.o)
                0x000000000000c33e                __malloc_unlock
 .text.__sfputc_r
                0x000000000000c340       0x28 c:/mounriver/mounriver_studio/toolchain/risc-v embedded gcc/bin/../lib/gcc/riscv-none-embed/8.2.0/../../../../riscv-none-embed/lib/rv32imacxw/ilp32\libg_nano.a(lib_a-nano-vfprintf.o)
 .text.__sfputs_r
                0x000000000000c368       0x42 c:/mounriver/mounriver_studio/toolchain/risc-v embedded gcc/bin/../lib/gcc/riscv-none-embed/8.2.0/../../../../riscv-none-embed/lib/rv32imacxw/ilp32\libg_nano.a(lib_a-nano-vfprintf.o)
                0x000000000000c368                __sfputs_r
 .text._vfprintf_r
                0x000000000000c3aa      0x288 c:/mounriver/mounriver_studio/toolchain/risc-v embedded gcc/bin/../lib/gcc/riscv-none-embed/8.2.0/../../../../riscv-none-embed/lib/rv32imacxw/ilp32\libg_nano.a(lib_a-nano-vfprintf.o)
                0x000000000000c3aa                _vfprintf_r
                0x000000000000c3aa                _vfiprintf_r
 .text._printf_common
                0x000000000000c632      0x10c c:/mounriver/mounriver_studio/toolchain/risc-v embedded gcc/bin/../lib/gcc/riscv-none-embed/8.2.0/../../../../riscv-none-embed/lib/rv32imacxw/ilp32\libg_nano.a(lib_a-nano-vfprintf_i.o)
                0x000000000000c632                _printf_common
 .text._printf_i
                0x000000000000c73e      0x2a2 c:/mounriver/mounriver_studio/toolchain/risc-v embedded gcc/bin/../lib/gcc/riscv-none-embed/8.2.0/../../../../riscv-none-embed/lib/rv32imacxw/ilp32\libg_nano.a(lib_a-nano-vfprintf_i.o)
                0x000000000000c73e                _printf_i
 .text.__sread  0x000000000000c9e0       0x2c c:/mounriver/mounriver_studio/toolchain/risc-v embedded gcc/bin/../lib/gcc/riscv-none-embed/8.2.0/../../../../riscv-none-embed/lib/rv32imacxw/ilp32\libg_nano.a(lib_a-stdio.o)
                0x000000000000c9e0                __sread
 .text.__swrite
                0x000000000000ca0c       0x48 c:/mounriver/mounriver_studio/toolchain/risc-v embedded gcc/bin/../lib/gcc/riscv-none-embed/8.2.0/../../../../riscv-none-embed/lib/rv32imacxw/ilp32\libg_nano.a(lib_a-stdio.o)
                0x000000000000ca0c                __swrite
 .text.__sseek  0x000000000000ca54       0x30 c:/mounriver/mounriver_studio/toolchain/risc-v embedded gcc/bin/../lib/gcc/riscv-none-embed/8.2.0/../../../../riscv-none-embed/lib/rv32imacxw/ilp32\libg_nano.a(lib_a-stdio.o)
                0x000000000000ca54                __sseek
 .text.__sclose
                0x000000000000ca84        0x6 c:/mounriver/mounriver_studio/toolchain/risc-v embedded gcc/bin/../lib/gcc/riscv-none-embed/8.2.0/../../../../riscv-none-embed/lib/rv32imacxw/ilp32\libg_nano.a(lib_a-stdio.o)
                0x000000000000ca84                __sclose
 .text._write_r
                0x000000000000ca8a       0x36 c:/mounriver/mounriver_studio/toolchain/risc-v embedded gcc/bin/../lib/gcc/riscv-none-embed/8.2.0/../../../../riscv-none-embed/lib/rv32imacxw/ilp32\libg_nano.a(lib_a-writer.o)
                0x000000000000ca8a                _write_r
 .text._close_r
                0x000000000000cac0       0x30 c:/mounriver/mounriver_studio/toolchain/risc-v embedded gcc/bin/../lib/gcc/riscv-none-embed/8.2.0/../../../../riscv-none-embed/lib/rv32imacxw/ilp32\libg_nano.a(lib_a-closer.o)
                0x000000000000cac0                _close_r
 .text._fstat_r
                0x000000000000caf0       0x32 c:/mounriver/mounriver_studio/toolchain/risc-v embedded gcc/bin/../lib/gcc/riscv-none-embed/8.2.0/../../../../riscv-none-embed/lib/rv32imacxw/ilp32\libg_nano.a(lib_a-fstatr.o)
                0x000000000000caf0                _fstat_r
 .text._isatty_r
                0x000000000000cb22       0x30 c:/mounriver/mounriver_studio/toolchain/risc-v embedded gcc/bin/../lib/gcc/riscv-none-embed/8.2.0/../../../../riscv-none-embed/lib/rv32imacxw/ilp32\libg_nano.a(lib_a-isattyr.o)
                0x000000000000cb22                _isatty_r
 .text._lseek_r
                0x000000000000cb52       0x34 c:/mounriver/mounriver_studio/toolchain/risc-v embedded gcc/bin/../lib/gcc/riscv-none-embed/8.2.0/../../../../riscv-none-embed/lib/rv32imacxw/ilp32\libg_nano.a(lib_a-lseekr.o)
                0x000000000000cb52                _lseek_r
 .text.memchr   0x000000000000cb86       0x18 c:/mounriver/mounriver_studio/toolchain/risc-v embedded gcc/bin/../lib/gcc/riscv-none-embed/8.2.0/../../../../riscv-none-embed/lib/rv32imacxw/ilp32\libg_nano.a(lib_a-memchr.o)
                0x000000000000cb86                memchr
 .text._read_r  0x000000000000cb9e       0x34 c:/mounriver/mounriver_studio/toolchain/risc-v embedded gcc/bin/../lib/gcc/riscv-none-embed/8.2.0/../../../../riscv-none-embed/lib/rv32imacxw/ilp32\libg_nano.a(lib_a-readr.o)
                0x000000000000cb9e                _read_r
 .text._close   0x000000000000cbd2       0x10 c:/mounriver/mounriver_studio/toolchain/risc-v embedded gcc/bin/../lib/gcc/riscv-none-embed/8.2.0/../../../../riscv-none-embed/lib/rv32imacxw/ilp32\libnosys.a(close.o)
                0x000000000000cbd2                _close
 .text._fstat   0x000000000000cbe2       0x10 c:/mounriver/mounriver_studio/toolchain/risc-v embedded gcc/bin/../lib/gcc/riscv-none-embed/8.2.0/../../../../riscv-none-embed/lib/rv32imacxw/ilp32\libnosys.a(fstat.o)
                0x000000000000cbe2                _fstat
 .text._isatty  0x000000000000cbf2       0x10 c:/mounriver/mounriver_studio/toolchain/risc-v embedded gcc/bin/../lib/gcc/riscv-none-embed/8.2.0/../../../../riscv-none-embed/lib/rv32imacxw/ilp32\libnosys.a(isatty.o)
                0x000000000000cbf2                _isatty
 .text._lseek   0x000000000000cc02       0x10 c:/mounriver/mounriver_studio/toolchain/risc-v embedded gcc/bin/../lib/gcc/riscv-none-embed/8.2.0/../../../../riscv-none-embed/lib/rv32imacxw/ilp32\libnosys.a(lseek.o)
                0x000000000000cc02                _lseek
 .text._read    0x000000000000cc12       0x10 c:/mounriver/mounriver_studio/toolchain/risc-v embedded gcc/bin/../lib/gcc/riscv-none-embed/8.2.0/../../../../riscv-none-embed/lib/rv32imacxw/ilp32\libnosys.a(read.o)
                0x000000000000cc12                _read
 *(.rodata)
 *(.rodata*)
 *fill*         0x000000000000cc22        0x2 
 .rodata.bitrate_table
                0x000000000000cc24       0x10 ./User/DataModel.o
 .rodata.vIncrementSystemCounters.cst4
                0x000000000000cc34        0x8 ./User/DataModel.o
 .rodata.HardFault_Handler.str1.4
                0x000000000000cc3c       0x42 ./User/ch32v20x_it.o
 *fill*         0x000000000000cc7e        0x2 
 .rodata.getODValue
                0x000000000000cc80       0x74 ./User/dash_draw.o
 .rodata.MenuStateCross
                0x000000000000ccf4       0x1c ./User/dash_draw.o
 .rodata.dm     0x000000000000cd10       0x3f ./User/dash_draw.o
 *fill*         0x000000000000cd4f        0x1 
 .rodata.getODValue.cst4
                0x000000000000cd50        0x4 ./User/dash_draw.o
                                          0x8 (size before relaxing)
 .rodata.vBarColorMode.cst4
                0x000000000000cd54        0x4 ./User/dash_draw.o
 .rodata.ADC_FSM.cst4
                0x000000000000cd58        0x8 ./User/inputs.o
                                          0xc (size before relaxing)
 *fill*         0x000000000000cd60        0x0 
 .rodata.ADC_FSM.cst8
                0x000000000000cd60       0x18 ./User/inputs.o
 .rodata.vInputsTask.cst4
                0x000000000000cd78       0x10 ./User/inputs.o
 .rodata.vInputsTask.str1.4
                0x000000000000cd88        0xb ./User/inputs.o
 *fill*         0x000000000000cd93        0x1 
 .rodata.vSetVBATLow.cst4
                0x000000000000cd94        0xc ./User/inputs.o
 .rodata.SetSegDirect
                0x000000000000cda0       0x1c ./User/led.o
 .rodata.Brigth
                0x000000000000cdbc       0x1e ./User/led.o
 *fill*         0x000000000000cdda        0x2 
 .rodata.DigitMask
                0x000000000000cddc        0xa ./User/led.o
                0x000000000000cddc                DigitMask
 *fill*         0x000000000000cde6        0x2 
 .rodata.offset_mask
                0x000000000000cde8        0xe ./User/led.o
 *fill*         0x000000000000cdf6        0x2 
 .rodata.step_mask
                0x000000000000cdf8        0xe ./User/led.o
 *fill*         0x000000000000ce06        0x2 
 .rodata.OD_ADC1_CAL_extension
                0x000000000000ce08       0x10 ./User/process.o
                0x000000000000ce08                OD_ADC1_CAL_extension
 .rodata.OD_ADC2_CAL_extension
                0x000000000000ce18       0x10 ./User/process.o
                0x000000000000ce18                OD_ADC2_CAL_extension
 .rodata.OD_ADC3_CAL_extension
                0x000000000000ce28       0x10 ./User/process.o
                0x000000000000ce28                OD_ADC3_CAL_extension
 .rodata.OD_AIN_RPM_extension
                0x000000000000ce38       0x10 ./User/process.o
                0x000000000000ce38                OD_AIN_RPM_extension
 .rodata.OD_BAR_extension
                0x000000000000ce48       0x10 ./User/process.o
                0x000000000000ce48                OD_BAR_extension
 .rodata.OD_BOARD_SETTINGS_extension
                0x000000000000ce58       0x10 ./User/process.o
                0x000000000000ce58                OD_BOARD_SETTINGS_extension
 .rodata.OD_DASH_PARAM_extension
                0x000000000000ce68       0x10 ./User/process.o
                0x000000000000ce68                OD_DASH_PARAM_extension
 .rodata.OD_DIN_extension
                0x000000000000ce78       0x10 ./User/process.o
                0x000000000000ce78                OD_DIN_extension
 .rodata.OD_KEY_extension
                0x000000000000ce88       0x10 ./User/process.o
                0x000000000000ce88                OD_KEY_extension
 .rodata.OD_MENU_MAP_extension
                0x000000000000ce98       0x10 ./User/process.o
                0x000000000000ce98                OD_MENU_MAP_extension
 .rodata.OD_MENU_SETUP_extension
                0x000000000000cea8       0x10 ./User/process.o
                0x000000000000cea8                OD_MENU_SETUP_extension
 .rodata.OD_RGB10_extension
                0x000000000000ceb8       0x10 ./User/process.o
                0x000000000000ceb8                OD_RGB10_extension
 .rodata.OD_RGB11_extension
                0x000000000000cec8       0x10 ./User/process.o
                0x000000000000cec8                OD_RGB11_extension
 .rodata.OD_RGB12_extension
                0x000000000000ced8       0x10 ./User/process.o
                0x000000000000ced8                OD_RGB12_extension
 .rodata.OD_RGB13_extension
                0x000000000000cee8       0x10 ./User/process.o
                0x000000000000cee8                OD_RGB13_extension
 .rodata.OD_RGB1_extension
                0x000000000000cef8       0x10 ./User/process.o
                0x000000000000cef8                OD_RGB1_extension
 .rodata.OD_RGB2_extension
                0x000000000000cf08       0x10 ./User/process.o
                0x000000000000cf08                OD_RGB2_extension
 .rodata.OD_RGB3_extension
                0x000000000000cf18       0x10 ./User/process.o
                0x000000000000cf18                OD_RGB3_extension
 .rodata.OD_RGB4_extension
                0x000000000000cf28       0x10 ./User/process.o
                0x000000000000cf28                OD_RGB4_extension
 .rodata.OD_RGB5_extension
                0x000000000000cf38       0x10 ./User/process.o
                0x000000000000cf38                OD_RGB5_extension
 .rodata.OD_RGB6_extension
                0x000000000000cf48       0x10 ./User/process.o
                0x000000000000cf48                OD_RGB6_extension
 .rodata.OD_RGB7_extension
                0x000000000000cf58       0x10 ./User/process.o
                0x000000000000cf58                OD_RGB7_extension
 .rodata.OD_RGB8_extension
                0x000000000000cf68       0x10 ./User/process.o
                0x000000000000cf68                OD_RGB8_extension
 .rodata.OD_RGB9_extension
                0x000000000000cf78       0x10 ./User/process.o
                0x000000000000cf78                OD_RGB9_extension
 .rodata.OD_RGBMAP_extension
                0x000000000000cf88       0x10 ./User/process.o
                0x000000000000cf88                OD_RGBMAP_extension
 .rodata.OD_RPMCONFIG_extension
                0x000000000000cf98       0x10 ./User/process.o
                0x000000000000cf98                OD_RPMCONFIG_extension
 .rodata.OD_SEG_extension
                0x000000000000cfa8       0x10 ./User/process.o
                0x000000000000cfa8                OD_SEG_extension
 .rodata.OD_VRegiters_extension
                0x000000000000cfb8       0x10 ./User/process.o
                0x000000000000cfb8                OD_VRegiters_extension
 .rodata.writeADC.isra.9.cst4
                0x000000000000cfc8        0x4 ./User/process.o
 .rodata.StartDefaultTask.str1.4
                0x000000000000cfc8        0xf ./User/system_init.o
 *fill*         0x000000000000cfd7        0x1 
 .rodata.str1.4
                0x000000000000cfd8       0x44 ./User/system_init.o
 .rodata.vInitABFilter.cst4
                0x000000000000d01c        0x4 ./HAL_LIB/filters.o