Archive member included to satisfy reference by file (symbol)

c:/mounriver/mounriver_studio/toolchain/risc-v embedded gcc/bin/../lib/gcc/riscv-none-embed/8.2.0/rv32imacxw/ilp32\libgcc.a(addsf3.o)
                              ./User/DataModel.o (__addsf3)
c:/mounriver/mounriver_studio/toolchain/risc-v embedded gcc/bin/../lib/gcc/riscv-none-embed/8.2.0/rv32imacxw/ilp32\libgcc.a(divsf3.o)
                              ./User/DataModel.o (__divsf3)
c:/mounriver/mounriver_studio/toolchain/risc-v embedded gcc/bin/../lib/gcc/riscv-none-embed/8.2.0/rv32imacxw/ilp32\libgcc.a(eqsf2.o)
                              ./HWLIB/hw_lib_din.o (__nesf2)
c:/mounriver/mounriver_studio/toolchain/risc-v embedded gcc/bin/../lib/gcc/riscv-none-embed/8.2.0/rv32imacxw/ilp32\libgcc.a(gesf2.o)
                              ./User/inputs.o (__gesf2)
c:/mounriver/mounriver_studio/toolchain/risc-v embedded gcc/bin/../lib/gcc/riscv-none-embed/8.2.0/rv32imacxw/ilp32\libgcc.a(lesf2.o)
                              ./HWLIB/hw_lib_adc.o (__lesf2)
c:/mounriver/mounriver_studio/toolchain/risc-v embedded gcc/bin/../lib/gcc/riscv-none-embed/8.2.0/rv32imacxw/ilp32\libgcc.a(mulsf3.o)
                              ./User/dash_draw.o (__mulsf3)
c:/mounriver/mounriver_studio/toolchain/risc-v embedded gcc/bin/../lib/gcc/riscv-none-embed/8.2.0/rv32imacxw/ilp32\libgcc.a(subsf3.o)
                              ./User/inputs.o (__subsf3)
c:/mounriver/mounriver_studio/toolchain/risc-v embedded gcc/bin/../lib/gcc/riscv-none-embed/8.2.0/rv32imacxw/ilp32\libgcc.a(fixsfsi.o)
                              ./User/dash_draw.o (__fixsfsi)
c:/mounriver/mounriver_studio/toolchain/risc-v embedded gcc/bin/../lib/gcc/riscv-none-embed/8.2.0/rv32imacxw/ilp32\libgcc.a(fixunssfsi.o)
                              ./User/DataModel.o (__fixunssfsi)
c:/mounriver/mounriver_studio/toolchain/risc-v embedded gcc/bin/../lib/gcc/riscv-none-embed/8.2.0/rv32imacxw/ilp32\libgcc.a(floatsisf.o)
                              ./User/DataModel.o (__floatsisf)
c:/mounriver/mounriver_studio/toolchain/risc-v embedded gcc/bin/../lib/gcc/riscv-none-embed/8.2.0/rv32imacxw/ilp32\libgcc.a(floatunsisf.o)
                              ./User/DataModel.o (__floatunsisf)
c:/mounriver/mounriver_studio/toolchain/risc-v embedded gcc/bin/../lib/gcc/riscv-none-embed/8.2.0/rv32imacxw/ilp32\libgcc.a(save-restore.o)
                              ./User/inputs.o (__riscv_save_12)
c:/mounriver/mounriver_studio/toolchain/risc-v embedded gcc/bin/../lib/gcc/riscv-none-embed/8.2.0/rv32imacxw/ilp32\libgcc.a(_clzsi2.o)
                              c:/mounriver/mounriver_studio/toolchain/risc-v embedded gcc/bin/../lib/gcc/riscv-none-embed/8.2.0/rv32imacxw/ilp32\libgcc.a(addsf3.o) (__clzsi2)
c:/mounriver/mounriver_studio/toolchain/risc-v embedded gcc/bin/../lib/gcc/riscv-none-embed/8.2.0/rv32imacxw/ilp32\libgcc.a(_clz.o)
                              c:/mounriver/mounriver_studio/toolchain/risc-v embedded gcc/bin/../lib/gcc/riscv-none-embed/8.2.0/rv32imacxw/ilp32\libgcc.a(_clzsi2.o) (__clz_tab)
c:/mounriver/mounriver_studio/toolchain/risc-v embedded gcc/bin/../lib/gcc/riscv-none-embed/8.2.0/../../../../riscv-none-embed/lib/rv32imacxw/ilp32\libg_nano.a(lib_a-calloc.o)
                              ./CANopenNode/CANopen.o (calloc)
c:/mounriver/mounriver_studio/toolchain/risc-v embedded gcc/bin/../lib/gcc/riscv-none-embed/8.2.0/../../../../riscv-none-embed/lib/rv32imacxw/ilp32\libg_nano.a(lib_a-impure.o)
                              c:/mounriver/mounriver_studio/toolchain/risc-v embedded gcc/bin/../lib/gcc/riscv-none-embed/8.2.0/../../../../riscv-none-embed/lib/rv32imacxw/ilp32\libg_nano.a(lib_a-calloc.o) (_impure_ptr)
c:/mounriver/mounriver_studio/toolchain/risc-v embedded gcc/bin/../lib/gcc/riscv-none-embed/8.2.0/../../../../riscv-none-embed/lib/rv32imacxw/ilp32\libg_nano.a(lib_a-malloc.o)
                              ./CANopenNode/CANopen.o (free)
c:/mounriver/mounriver_studio/toolchain/risc-v embedded gcc/bin/../lib/gcc/riscv-none-embed/8.2.0/../../../../riscv-none-embed/lib/rv32imacxw/ilp32\libg_nano.a(lib_a-memcpy.o)
                              ./User/DataModel.o (memcpy)
c:/mounriver/mounriver_studio/toolchain/risc-v embedded gcc/bin/../lib/gcc/riscv-none-embed/8.2.0/../../../../riscv-none-embed/lib/rv32imacxw/ilp32\libg_nano.a(lib_a-memmove.o)
                              ./CANopenNode/301/CO_SDOserver.o (memmove)
c:/mounriver/mounriver_studio/toolchain/risc-v embedded gcc/bin/../lib/gcc/riscv-none-embed/8.2.0/../../../../riscv-none-embed/lib/rv32imacxw/ilp32\libg_nano.a(lib_a-memset.o)
                              ./User/DataModel.o (memset)
c:/mounriver/mounriver_studio/toolchain/risc-v embedded gcc/bin/../lib/gcc/riscv-none-embed/8.2.0/../../../../riscv-none-embed/lib/rv32imacxw/ilp32\libg_nano.a(lib_a-nano-callocr.o)
[...]
Memory Configuration

Name             Origin             Length             Attributes
FLASH            0x0000000000000000 0x0000000000010000 xr
RAM              0x0000000020000000 0x0000000000005000 xrw
*default*        0x0000000000000000 0xffffffffffffffff

Linker script and memory map

LOAD ./User/CanOpenNode.o
LOAD ./User/DataModel.o
LOAD ./User/ch32v20x_it.o
LOAD ./User/dash_draw.o
LOAD ./User/init.o
LOAD ./User/inputs.o
LOAD ./User/led.o
LOAD ./User/main.o
LOAD ./User/process.o
LOAD ./User/system_ch32v20x.o
LOAD ./User/system_init.o
LOAD ./Startup/startup_ch32v20x_D6.o
LOAD ./Peripheral/src/ch32v20x_adc.o
LOAD ./Peripheral/src/ch32v20x_bkp.o
LOAD ./Peripheral/src/ch32v20x_can.o
LOAD ./Peripheral/src/ch32v20x_crc.o
LOAD ./Peripheral/src/ch32v20x_dbgmcu.o
LOAD ./Peripheral/src/ch32v20x_dma.o
LOAD ./Peripheral/src/ch32v20x_exti.o
LOAD ./Peripheral/src/ch32v20x_flash.o
LOAD ./Peripheral/src/ch32v20x_gpio.o
LOAD ./Peripheral/src/ch32v20x_i2c.o
LOAD ./Peripheral/src/ch32v20x_iwdg.o
LOAD ./Peripheral/src/ch32v20x_misc.o
LOAD ./Peripheral/src/ch32v20x_opa.o
LOAD ./Peripheral/src/ch32v20x_pwr.o
LOAD ./Peripheral/src/ch32v20x_rcc.o
LOAD ./Peripheral/src/ch32v20x_rtc.o
LOAD ./Peripheral/src/ch32v20x_spi.o
LOAD ./Peripheral/src/ch32v20x_tim.o
LOAD ./Peripheral/src/ch32v20x_usart.o
LOAD ./Peripheral/src/ch32v20x_wwdg.o
LOAD ./HWLIB/hw_lib_adc.o
LOAD ./HWLIB/hw_lib_din.o
LOAD ./HWLIB/hw_lib_eeprom.o
LOAD ./HAL/hal_adc.o
LOAD ./HAL/hal_can.o
LOAD ./HAL/hal_dma.o
LOAD ./HAL/hal_gpio.o
LOAD ./HAL/hal_i2c.o
LOAD ./HAL/hal_rtc.o
LOAD ./HAL/hal_spi.o
LOAD ./HAL/hal_timers.o
LOAD ./HAL/hal_wdt.o
LOAD ./FreeRTOS/portable/MemMang/heap_4.o
LOAD ./FreeRTOS/portable/GCC/RISC-V/port.o
LOAD ./FreeRTOS/portable/GCC/RISC-V/portASM.o
LOAD ./FreeRTOS/croutine.o
LOAD ./FreeRTOS/event_groups.o
LOAD ./FreeRTOS/list.o
LOAD ./FreeRTOS/queue.o
LOAD ./FreeRTOS/stream_buffer.o
LOAD ./FreeRTOS/tasks.o
LOAD ./FreeRTOS/timers.o
LOAD ./Drivers/filters.o
LOAD ./Debug/debug.o
LOAD ./Core/core_riscv.o
LOAD ./CANopenNode/keypad/CO_driver_ST32F103.o
LOAD ./CANopenNode/keypad/OD.o
LOAD ./CANopenNode/extra/CO_trace.o
LOAD ./CANopenNode/309/CO_gateway_ascii.o
LOAD ./CANopenNode/305/CO_LSSmaster.o
LOAD ./CANopenNode/305/CO_LSSslave.o
LOAD ./CANopenNode/304/CO_GFC.o
LOAD ./CANopenNode/304/CO_SRDO.o
LOAD ./CANopenNode/303/CO_LEDs.o
LOAD ./CANopenNode/301/CO_Emergency.o
LOAD ./CANopenNode/301/CO_HBconsumer.o
LOAD ./CANopenNode/301/CO_NMT_Heartbeat.o
LOAD ./CANopenNode/301/CO_Node_Guarding.o
LOAD ./CANopenNode/301/CO_ODinterface.o
LOAD ./CANopenNode/301/CO_PDO.o
LOAD ./CANopenNode/301/CO_SDOclient.o
LOAD ./CANopenNode/301/CO_SDOserver.o
LOAD ./CANopenNode/301/CO_SYNC.o
LOAD ./CANopenNode/301/CO_TIME.o
LOAD ./CANopenNode/301/CO_fifo.o
LOAD ./CANopenNode/301/crc16-ccitt.o
LOAD ./CANopenNode/CANopen.o
LOAD c:/mounriver/mounriver_studio/toolchain/risc-v embedded gcc/bin/../lib/gcc/riscv-none-embed/8.2.0/../../../../riscv-none-embed/lib/rv32imacxw/ilp32\libm.a
LOAD c:/mounriver/mounriver_studio/toolchain/risc-v embedded gcc/bin/../lib/gcc/riscv-none-embed/8.2.0/rv32imacxw/ilp32\libgcc.a
LOAD c:/mounriver/mounriver_studio/toolchain/risc-v embedded gcc/bin/../lib/gcc/riscv-none-embed/8.2.0/../../../../riscv-none-embed/lib/rv32imacxw/ilp32\libg_nano.a
LOAD c:/mounriver/mounriver_studio/toolchain/risc-v embedded gcc/bin/../lib/gcc/riscv-none-embed/8.2.0/../../../../riscv-none-embed/lib/rv32imacxw/ilp32\libc_nano.a
LOAD c:/mounriver/mounriver_studio/toolchain/risc-v embedded gcc/bin/../lib/gcc/riscv-none-embed/8.2.0/rv32imacxw/ilp32\libgcc.a
START GROUP
LOAD c:/mounriver/mounriver_studio/toolchain/risc-v embedded gcc/bin/../lib/gcc/riscv-none-embed/8.2.0/rv32imacxw/ilp32\libgcc.a
LOAD c:/mounriver/mounriver_studio/toolchain/risc-v embedded gcc/bin/../lib/gcc/riscv-none-embed/8.2.0/../../../../riscv-none-embed/lib/rv32imacxw/ilp32\libc_nano.a
LOAD c:/mounriver/mounriver_studio/toolchain/risc-v embedded gcc/bin/../lib/gcc/riscv-none-embed/8.2.0/../../../../riscv-none-embed/lib/rv32imacxw/ilp32\libnosys.a
END GROUP
START GROUP
LOAD c:/mounriver/mounriver_studio/toolchain/risc-v embedded gcc/bin/../lib/gcc/riscv-none-embed/8.2.0/rv32imacxw/ilp32\libgcc.a
LOAD c:/mounriver/mounriver_studio/toolchain/risc-v embedded gcc/bin/../lib/gcc/riscv-none-embed/8.2.0/../../../../riscv-none-embed/lib/rv32imacxw/ilp32\libc_nano.a
LOAD c:/mounriver/mounriver_studio/toolchain/risc-v embedded gcc/bin/../lib/gcc/riscv-none-embed/8.2.0/../../../../riscv-none-embed/lib/rv32imacxw/ilp32\libnosys.a
END GROUP
                0x0000000000000be8                __stack_size = 0xbe8
                [!provide]                        PROVIDE (_stack_size = __stack_size)

.init           0x0000000000000000       0x38
                0x0000000000000000                _sinit = .
                0x0000000000000000                . = ALIGN (0x4)
 *(SORT_NONE(.init))
 .init          0x0000000000000000       0x38 ./Startup/startup_ch32v20x_D6.o
                0x0000000000000000                _start
                0x0000000000000038                . = ALIGN (0x4)
                0x0000000000000038                _einit = .

.vector         0x0000000000000038      0x108
 *(.vector)
 .vector        0x0000000000000038       0xfc ./Startup/startup_ch32v20x_D6.o
                0x0000000000000140                . = ALIGN (0x40)
 *fill*         0x0000000000000134        0xc 

.text           0x0000000000000200     0xf278
                0x0000000000000200                . = ALIGN (0x4)
 *(.text)
 .text          0x0000000000000200      0x2ee ./FreeRTOS/portable/GCC/RISC-V/portASM.o
                0x0000000000000200                SW_Handler
                0x0000000000000300                xPortStartFirstTask
                0x0000000000000400                pxPortInitialiseStack
 .text          0x00000000000004ee       0x60 c:/mounriver/mounriver_studio/toolchain/risc-v embedded gcc/bin/../lib/gcc/riscv-none-embed/8.2.0/rv32imacxw/ilp32\libgcc.a(save-restore.o)
                0x00000000000004ee                __riscv_save_12
                0x00000000000004f6                __riscv_save_9
                0x00000000000004f6                __riscv_save_11
                0x00000000000004f6                __riscv_save_10
                0x00000000000004f6                __riscv_save_8
                0x0000000000000504                __riscv_save_4
                0x0000000000000504                __riscv_save_6
                0x0000000000000504                __riscv_save_5
                0x0000000000000504                __riscv_save_7
                0x000000000000051e                __riscv_save_3
                0x000000000000051e                __riscv_save_2
                0x000000000000051e                __riscv_save_1
                0x000000000000051e                __riscv_save_0
                0x000000000000052a                __riscv_restore_12
                0x000000000000052e                __riscv_restore_11
                0x000000000000052e                __riscv_restore_9
                0x000000000000052e                __riscv_restore_10
                0x000000000000052e                __riscv_restore_8
                0x0000000000000538                __riscv_restore_5
                0x0000000000000538                __riscv_restore_7
                0x0000000000000538                __riscv_restore_6
                0x0000000000000538                __riscv_restore_4
                0x0000000000000542                __riscv_restore_3
                0x0000000000000542                __riscv_restore_0
                0x0000000000000542                __riscv_restore_2
                0x0000000000000542                __riscv_restore_1
 .text          0x000000000000054e       0xa8 c:/mounriver/mounriver_studio/toolchain/risc-v embedded gcc/bin/../lib/gcc/riscv-none-embed/8.2.0/../../../../riscv-none-embed/lib/rv32imacxw/ilp32\libg_nano.a(lib_a-memset.o)
                0x000000000000054e                memset
 *(.text.*)
 .text.xCanOpenProcessTaskHandle
                0x00000000000005f6        0xa ./User/CanOpenNode.o
                0x00000000000005f6                xCanOpenProcessTaskHandle
 .text.xCanOpenPeriodicTaskHandle
                0x0000000000000600        0xa ./User/CanOpenNode.o
                0x0000000000000600                xCanOpenPeriodicTaskHandle
 .text.vCanOpenInit
                0x000000000000060a        0xa ./User/CanOpenNode.o
                0x000000000000060a                vCanOpenInit
 .text.vCanOpenProcess
                0x0000000000000614      0x192 ./User/CanOpenNode.o
                0x0000000000000614                vCanOpenProcess
 .text.vCanOpenPeriodicProcess
                0x00000000000007a6       0x82 ./User/CanOpenNode.o
                0x00000000000007a6                vCanOpenPeriodicProcess
 .text.xDataRegQueue
                0x0000000000000828        0xa ./User/DataModel.o
                0x0000000000000828                xDataRegQueue
 .text.vDataModelRegDelayWrite
                0x0000000000000832       0x34 ./User/DataModel.o
                0x0000000000000832                vDataModelRegDelayWrite
 .text.setReg32
                0x0000000000000866       0x1a ./User/DataModel.o
                0x0000000000000866                setReg32
 .text.setReg16
                0x0000000000000880        0xe ./User/DataModel.o
                0x0000000000000880                setReg16
 .text.setReg8  0x000000000000088e        0xa ./User/DataModel.o
                0x000000000000088e                setReg8
 .text.SaveReg16
                0x0000000000000898       0x14 ./User/DataModel.o
                0x0000000000000898                SaveReg16
 .text.getReg16
                0x00000000000008ac       0x10 ./User/DataModel.o
                0x00000000000008ac                getReg16
 .text.DataModel_Init
                0x00000000000008bc      0x430 ./User/DataModel.o
                0x00000000000008bc                DataModel_Init
 .text.getReg32
                0x0000000000000cec       0x1c ./User/DataModel.o
                0x0000000000000cec                getReg32
 .text.getReg8  0x0000000000000d08        0xa ./User/DataModel.o
                0x0000000000000d08                getReg8
 .text.WriteRegAfterDelay
                0x0000000000000d12       0x60 ./User/DataModel.o
                0x0000000000000d12                WriteRegAfterDelay
 .text.WriteReg
                0x0000000000000d72       0x56 ./User/DataModel.o
                0x0000000000000d72                WriteReg
 .text.vGetBitrate
                0x0000000000000dc8       0x2a ./User/DataModel.o
                0x0000000000000dc8                vGetBitrate
 .text.vFDGetNMTState
                0x0000000000000df2        0x6 ./User/DataModel.o
                0x0000000000000df2                vFDGetNMTState
 .text.vGetNodeId
                0x0000000000000df8        0x6 ./User/DataModel.o
                0x0000000000000df8                vGetNodeId
 .text.vIncrementSystemCounters
                0x0000000000000dfe       0x68 ./User/DataModel.o
                0x0000000000000dfe                vIncrementSystemCounters
 .text.vSaveData
                0x0000000000000e66       0x2c ./User/DataModel.o
                0x0000000000000e66                vSaveData
 .text.getOdometr
                0x0000000000000e92       0x12 ./User/DataModel.o
                0x0000000000000e92                getOdometr
 .text.NMI_Handler
                0x0000000000000ea4        0x2 ./User/ch32v20x_it.o
                0x0000000000000ea4                NMI_Handler
 .text.HardFault_Handler
                0x0000000000000ea6        0x2 ./User/ch32v20x_it.o
                0x0000000000000ea6                HardFault_Handler
 .text.SegPrint
                0x0000000000000ea8       0x5a ./User/dash_draw.o
 .text.xProcessTaskHandle
                0x0000000000000f02        0xa ./User/dash_draw.o
                0x0000000000000f02                xProcessTaskHandle
 .text.vSetErrorReg
                0x0000000000000f0c        0xa ./User/dash_draw.o
                0x0000000000000f0c                vSetErrorReg
 .text.getODValue
                0x0000000000000f16      0x126 ./User/dash_draw.o
                0x0000000000000f16                getODValue
 .text.IncMenuIndex
                0x000000000000103c       0x80 ./User/dash_draw.o
                0x000000000000103c                IncMenuIndex
 .text.GoToHome
                0x00000000000010bc       0x12 ./User/dash_draw.o
                0x00000000000010bc                GoToHome
 .text.SetCurMenuHome
                0x00000000000010ce       0x1e ./User/dash_draw.o
                0x00000000000010ce                SetCurMenuHome
 .text.GetCurMenuHome
                0x00000000000010ec        0x6 ./User/dash_draw.o
                0x00000000000010ec                GetCurMenuHome
 .text.SetCurrentMenu
                0x00000000000010f2       0x12 ./User/dash_draw.o
                0x00000000000010f2                SetCurrentMenu
 .text.SetDefault
                0x0000000000001104       0x28 ./User/dash_draw.o
                0x0000000000001104                SetDefault
 .text.MenuBackHomeCheck
                0x000000000000112c       0x38 ./User/dash_draw.o
                0x000000000000112c                MenuBackHomeCheck
 .text.CheckMenuChannel
                0x0000000000001164       0x20 ./User/dash_draw.o
                0x0000000000001164                CheckMenuChannel
 .text.vDashDrawInit
                0x0000000000001184       0x80 ./User/dash_draw.o
                0x0000000000001184                vDashDrawInit
 .text.vMenuBlink
                0x0000000000001204       0x4a ./User/dash_draw.o
                0x0000000000001204                vMenuBlink
 .text.SetErrorRegiter
                0x000000000000124e       0x5e ./User/dash_draw.o
                0x000000000000124e                SetErrorRegiter
 .text.uGetCurrMenu
                0x00000000000012ac       0x26 ./User/dash_draw.o
                0x00000000000012ac                uGetCurrMenu
 .text.vRGBOff  0x00000000000012d2       0x26 ./User/dash_draw.o
                0x00000000000012d2                vRGBOff
 .text.vGetEdgeData
                0x00000000000012f8       0x2a ./User/dash_draw.o
                0x00000000000012f8                vGetEdgeData
 .text.vRGBMode
                0x0000000000001322       0xd2 ./User/dash_draw.o
                0x0000000000001322                vRGBMode
 .text.vBarColorMode
                0x00000000000013f4       0xc2 ./User/dash_draw.o
                0x00000000000013f4                vBarColorMode
 .text.vBarWindowMode
                0x00000000000014b6       0x5a ./User/dash_draw.o
                0x00000000000014b6                vBarWindowMode
 .text.vBarMode
                0x0000000000001510       0x66 ./User/dash_draw.o
                0x0000000000001510                vBarMode
 .text.RedrawNotifyTaskToInit
                0x0000000000001576       0x28 ./User/dash_draw.o
                0x0000000000001576                RedrawNotifyTaskToInit
 .text.vRedrawTask
                0x000000000000159e      0x562 ./User/dash_draw.o
                0x000000000000159e                vRedrawTask
 .text.vInit_DeviceConfig
                0x0000000000001b00      0x162 ./User/init.o
                0x0000000000001b00                vInit_DeviceConfig
 .text.ADC1_Event
                0x0000000000001c62       0x48 ./User/inputs.o
                0x0000000000001c62                ADC1_Event
 .text.CaptureDMACallBack
                0x0000000000001caa       0x30 ./User/inputs.o
                0x0000000000001caa                CaptureDMACallBack
 .text.CaptureDMACallBack_1
                0x0000000000001cda       0x30 ./User/inputs.o
                0x0000000000001cda                CaptureDMACallBack_1
 .text.fDinStateCallback
                0x0000000000001d0a       0x32 ./User/inputs.o
                0x0000000000001d0a                fDinStateCallback
 .text.vSetDoutState
                0x0000000000001d3c       0x28 ./User/inputs.o
                0x0000000000001d3c                vSetDoutState
 .text.getInputsTaskHandle
                0x0000000000001d64        0xa ./User/inputs.o
                0x0000000000001d64                getInputsTaskHandle
 .text.InputsNotifyTaskToInit
                0x0000000000001d6e       0x28 ./User/inputs.o
                0x0000000000001d6e                InputsNotifyTaskToInit
 .text.ADC1_Init
                0x0000000000001d96       0x54 ./User/inputs.o
                0x0000000000001d96                ADC1_Init
 .text.ADC_FSM  0x0000000000001dea       0xfe ./User/inputs.o
                0x0000000000001dea                ADC_FSM
 .text.GetAIN   0x0000000000001ee8        0xc ./User/inputs.o
                0x0000000000001ee8                GetAIN
 .text.vInputsTask
                0x0000000000001ef4      0x2a6 ./User/inputs.o
                0x0000000000001ef4                vInputsTask
 .text.SPI1_DMA_Callback
                0x000000000000219a       0x38 ./User/led.o
                0x000000000000219a                SPI1_DMA_Callback
 .text.SPI2_DMA_Callback
                0x00000000000021d2       0x3e ./User/led.o
                0x00000000000021d2                SPI2_DMA_Callback
 .text.SetBarState
                0x0000000000002210       0x50 ./User/led.o
                0x0000000000002210                SetBarState
 .text.SetRGB   0x0000000000002260       0x4e ./User/led.o
                0x0000000000002260                SetRGB
 .text.SetSegDirect
                0x00000000000022ae       0x9c ./User/led.o
                0x00000000000022ae                SetSegDirect
 .text.SetSegPoint
                0x000000000000234a       0x22 ./User/led.o
                0x000000000000234a                SetSegPoint
 .text.SetSEG   0x000000000000236c      0x120 ./User/led.o
                0x000000000000236c                SetSEG
 .text.SetBigSeg
                0x000000000000248c       0x14 ./User/led.o
                0x000000000000248c                SetBigSeg
 .text.vSetBrigth
                0x00000000000024a0       0x2a ./User/led.o
                0x00000000000024a0                vSetBrigth
 .text.vLedDriverStart
                0x00000000000024ca       0x62 ./User/led.o
                0x00000000000024ca                vLedDriverStart
 .text.vLedProcess
                0x000000000000252c       0x24 ./User/led.o
                0x000000000000252c                vLedProcess
 .text.vRGBProcess
                0x0000000000002550       0xc0 ./User/led.o
                0x0000000000002550                vRGBProcess
 .text.startup.main
                0x0000000000002610       0x20 ./User/main.o
                0x0000000000002610                main
 .text.vRestartNode
                0x0000000000002630        0x2 ./User/main.o
                0x0000000000002630                vRestartNode
 .text.Error_Handler
                0x0000000000002632        0x8 ./User/main.o
                0x0000000000002632                Error_Handler
 .text.OD_writeRGBMAP
                0x000000000000263a       0x30 ./User/process.o
 .text.OD_readRGBMAP
                0x000000000000266a       0x22 ./User/process.o
 .text.OD_readDIN
                0x000000000000268c       0x1c ./User/process.o
 .text.OD_writeMenuSetup
                0x00000000000026a8       0x46 ./User/process.o
 .text.OD_writeBoardSettings
                0x00000000000026ee       0x78 ./User/process.o
 .text.CO_getUint16
                0x0000000000002766       0x10 ./User/process.o
 .text.OD_writeSEG
                0x0000000000002776       0x44 ./User/process.o
 .text.OD_writeBAR
                0x00000000000027ba       0x30 ./User/process.o
 .text.OD_writeRPMConfig
                0x00000000000027ea       0x36 ./User/process.o
 .text.CO_getUint32
                0x0000000000002820       0x18 ./User/process.o
 .text.OD_writeMenuMap
                0x0000000000002838       0x30 ./User/process.o
 .text.OD_writeV1_14
                0x0000000000002868       0x56 ./User/process.o
 .text.OD_writeDashParam
                0x00000000000028be       0x44 ./User/process.o
 .text.WriteRGB.isra.2
                0x0000000000002902       0x3a ./User/process.o
 .text.OD_writeRGB1
                0x000000000000293c       0x14 ./User/process.o
 .text.OD_writeRGB2
                0x0000000000002950       0x16 ./User/process.o
 .text.OD_writeRGB3
                0x0000000000002966       0x16 ./User/process.o
 .text.OD_writeRGB4
                0x000000000000297c       0x16 ./User/process.o
 .text.OD_writeRGB5
                0x0000000000002992       0x16 ./User/process.o
 .text.OD_writeRGB6
                0x00000000000029a8       0x16 ./User/process.o
 .text.OD_writeRGB7
                0x00000000000029be       0x16 ./User/process.o
 .text.OD_writeRGB8
                0x00000000000029d4       0x16 ./User/process.o
 .text.OD_writeRGB9
                0x00000000000029ea       0x16 ./User/process.o
 .text.OD_writeRGB10
                0x0000000000002a00       0x16 ./User/process.o
 .text.OD_writeRGB11
                0x0000000000002a16       0x16 ./User/process.o
 .text.OD_writeRGB12
                0x0000000000002a2c       0x16 ./User/process.o
 .text.OD_writeRGB13
                0x0000000000002a42       0x16 ./User/process.o
 .text.OD_readBoardSettings
                0x0000000000002a58       0x2c ./User/process.o
 .text.readADC.isra.6
                0x0000000000002a84       0x84 ./User/process.o
 .text.OD_readADC1
                0x0000000000002b08       0x10 ./User/process.o
 .text.OD_readADC2
                0x0000000000002b18       0x10 ./User/process.o
 .text.OD_readADC3
                0x0000000000002b28       0x10 ./User/process.o
 .text.OD_readMenuSetup
                0x0000000000002b38       0x30 ./User/process.o
 .text.writeADC.isra.9
                0x0000000000002b68       0xde ./User/process.o
 .text.OD_writeADC1
                0x0000000000002c46       0x10 ./User/process.o
 .text.OD_writeADC2
                0x0000000000002c56       0x10 ./User/process.o
 .text.OD_writeADC3
                0x0000000000002c66       0x10 ./User/process.o
 .text.OD_readRGB.isra.5
                0x0000000000002c76       0x22 ./User/process.o
 .text.OD_readRGB1
                0x0000000000002c98       0x10 ./User/process.o
 .text.OD_readRGB2
                0x0000000000002ca8       0x12 ./User/process.o
 .text.OD_readRGB3
                0x0000000000002cba       0x12 ./User/process.o
 .text.OD_readRGB4
                0x0000000000002ccc       0x12 ./User/process.o
 .text.OD_readRGB5
                0x0000000000002cde       0x12 ./User/process.o
 .text.OD_readRGB6
                0x0000000000002cf0       0x12 ./User/process.o
 .text.OD_readRGB7
                0x0000000000002d02       0x12 ./User/process.o
 .text.OD_readRGB8
                0x0000000000002d14       0x12 ./User/process.o
 .text.OD_readRGB9
                0x0000000000002d26       0x12 ./User/process.o
 .text.OD_readRGB10
                0x0000000000002d38       0x12 ./User/process.o
 .text.OD_readRGB11
                0x0000000000002d4a       0x12 ./User/process.o
 .text.OD_readRGB12
                0x0000000000002d5c       0x12 ./User/process.o
 .text.OD_readRGB13
                0x0000000000002d6e       0x12 ./User/process.o
 .text.OD_readAIN_RPM
                0x0000000000002d80       0x26 ./User/process.o
 .text.OD_readMenuMap
                0x0000000000002da6       0x2c ./User/process.o
 .text.OD_readRPMConfig
                0x0000000000002dd2       0x2a ./User/process.o
 .text.OD_readBar
                0x0000000000002dfc       0x28 ./User/process.o
 .text.OD_readDashParam
                0x0000000000002e24       0x4c ./User/process.o
 .text.OD_readSEG
                0x0000000000002e70       0x44 ./User/process.o
 .text.vProceesInit
                0x0000000000002eb4      0x1ba ./User/process.o
                0x0000000000002eb4                vProceesInit
 .text.SystemInit
                0x000000000000306e       0xee ./User/system_ch32v20x.o
                0x000000000000306e                SystemInit
 .text.SystemCoreClockUpdate
                0x000000000000315c       0x92 ./User/system_ch32v20x.o
                0x000000000000315c                SystemCoreClockUpdate
 .text.StartDefaultTask
                0x00000000000031ee       0x86 ./User/system_init.o
 .text.vApplicationGetIdleTaskMemory
                0x0000000000003274       0x1c ./User/system_init.o
                0x0000000000003274                vApplicationGetIdleTaskMemory
 .text.vApplicationGetTimerTaskMemory
                0x0000000000003290       0x1c ./User/system_init.o
                0x0000000000003290                vApplicationGetTimerTaskMemory
 .text.vSYStaskInit
                0x00000000000032ac      0x110 ./User/system_init.o
                0x00000000000032ac                vSYStaskInit
 .text.vSYSqueueInit
                0x00000000000033bc       0x2a ./User/system_init.o
                0x00000000000033bc                vSYSqueueInit
 .text.vector_handler
                0x00000000000033e6       0x6c ./Startup/startup_ch32v20x_D6.o
                0x00000000000033ea                Ecall_M_Mode_Handler
                0x00000000000033ec                Ecall_U_Mode_Handler
                0x00000000000033ee                Break_Point_Handler
                0x00000000000033f4                WWDG_IRQHandler
                0x00000000000033f6                PVD_IRQHandler
                0x00000000000033f8                TAMPER_IRQHandler
                0x00000000000033fc                FLASH_IRQHandler
                0x00000000000033fe                RCC_IRQHandler
                0x0000000000003400                EXTI0_IRQHandler
                0x0000000000003402                EXTI1_IRQHandler
                0x0000000000003404                EXTI2_IRQHandler
                0x0000000000003406                EXTI3_IRQHandler
                0x0000000000003408                EXTI4_IRQHandler
                0x000000000000340c                DMA1_Channel2_IRQHandler
                0x0000000000003414                DMA1_Channel6_IRQHandler
                0x0000000000003422                EXTI9_5_IRQHandler
                0x0000000000003424                TIM1_BRK_IRQHandler
                0x0000000000003428                TIM1_TRG_COM_IRQHandler
                0x000000000000343a                SPI1_IRQHandler
                0x000000000000343c                SPI2_IRQHandler
                0x000000000000343e                USART1_IRQHandler
                0x0000000000003440                USART2_IRQHandler
                0x0000000000003442                USART3_IRQHandler
                0x0000000000003444                EXTI15_10_IRQHandler
                0x0000000000003446                RTCAlarm_IRQHandler
                0x0000000000003448                USBWakeUp_IRQHandler
                0x000000000000344a                USBHD_IRQHandler
                0x000000000000344c                USBHDWakeUp_IRQHandler
                0x000000000000344e                UART4_IRQHandler
                0x0000000000003450                DMA1_Channel8_IRQHandler
 .text.handle_reset
                0x0000000000003452       0x92 ./Startup/startup_ch32v20x_D6.o
                0x0000000000003452                handle_reset
 .text.ADC_DeInit
                0x00000000000034e4       0x46 ./Peripheral/src/ch32v20x_adc.o
                0x00000000000034e4                ADC_DeInit
 .text.ADC_Init
                0x000000000000352a       0x56 ./Peripheral/src/ch32v20x_adc.o
                0x000000000000352a                ADC_Init
 .text.ADC_Cmd  0x0000000000003580       0x10 ./Peripheral/src/ch32v20x_adc.o
                0x0000000000003580                ADC_Cmd
 .text.ADC_DMACmd
                0x0000000000003590       0x12 ./Peripheral/src/ch32v20x_adc.o
                0x0000000000003590                ADC_DMACmd
 .text.ADC_ResetCalibration
                0x00000000000035a2        0xa ./Peripheral/src/ch32v20x_adc.o
                0x00000000000035a2                ADC_ResetCalibration
 .text.ADC_GetResetCalibrationStatus
                0x00000000000035ac        0x8 ./Peripheral/src/ch32v20x_adc.o
                0x00000000000035ac                ADC_GetResetCalibrationStatus
 .text.ADC_StartCalibration
                0x00000000000035b4        0xa ./Peripheral/src/ch32v20x_adc.o
                0x00000000000035b4                ADC_StartCalibration
 .text.ADC_GetCalibrationStatus
                0x00000000000035be        0x8 ./Peripheral/src/ch32v20x_adc.o
                0x00000000000035be                ADC_GetCalibrationStatus
 .text.ADC_SoftwareStartConvCmd
                0x00000000000035c6       0x18 ./Peripheral/src/ch32v20x_adc.o
                0x00000000000035c6                ADC_SoftwareStartConvCmd
 .text.ADC_RegularChannelConfig
                0x00000000000035de       0xb8 ./Peripheral/src/ch32v20x_adc.o
                0x00000000000035de                ADC_RegularChannelConfig
 .text.ADC_ExternalTrigConvCmd
                0x0000000000003696       0x18 ./Peripheral/src/ch32v20x_adc.o
                0x0000000000003696                ADC_ExternalTrigConvCmd
 .text.ADC_GetITStatus
                0x00000000000036ae       0x1c ./Peripheral/src/ch32v20x_adc.o
                0x00000000000036ae                ADC_GetITStatus
 .text.ADC_ClearITPendingBit
                0x00000000000036ca        0xa ./Peripheral/src/ch32v20x_adc.o
                0x00000000000036ca                ADC_ClearITPendingBit
 .text.ADC_BufferCmd
                0x00000000000036d4       0x18 ./Peripheral/src/ch32v20x_adc.o
                0x00000000000036d4                ADC_BufferCmd
 .text.Get_CalibrationValue
                0x00000000000036ec      0x1fe ./Peripheral/src/ch32v20x_adc.o
                0x00000000000036ec                Get_CalibrationValue
 .text.BKP_DeInit
                0x00000000000038ea       0x14 ./Peripheral/src/ch32v20x_bkp.o
                0x00000000000038ea                BKP_DeInit
 .text.CAN_Init
                0x00000000000038fe       0xe8 ./Peripheral/src/ch32v20x_can.o
                0x00000000000038fe                CAN_Init
 .text.CAN_FilterInit
                0x00000000000039e6      0x118 ./Peripheral/src/ch32v20x_can.o
                0x00000000000039e6                CAN_FilterInit
 .text.CAN_Transmit
                0x0000000000003afe       0xbc ./Peripheral/src/ch32v20x_can.o
                0x0000000000003afe                CAN_Transmit
 .text.CAN_Receive
                0x0000000000003bba       0x8c ./Peripheral/src/ch32v20x_can.o
                0x0000000000003bba                CAN_Receive
 .text.CAN_OperatingModeRequest
                0x0000000000003c46       0x72 ./Peripheral/src/ch32v20x_can.o
                0x0000000000003c46                CAN_OperatingModeRequest
 .text.CAN_ITConfig
                0x0000000000003cb8       0x12 ./Peripheral/src/ch32v20x_can.o
                0x0000000000003cb8                CAN_ITConfig
 .text.CAN_GetFlagStatus
                0x0000000000003cca       0x56 ./Peripheral/src/ch32v20x_can.o
                0x0000000000003cca                CAN_GetFlagStatus
 .text.CAN_ClearFlag
                0x0000000000003d20       0x40 ./Peripheral/src/ch32v20x_can.o
                0x0000000000003d20                CAN_ClearFlag
 .text.CAN_ClearITPendingBit
                0x0000000000003d60       0x94 ./Peripheral/src/ch32v20x_can.o
                0x0000000000003d60                CAN_ClearITPendingBit
 .text.DMA_Init
                0x0000000000003df4       0x38 ./Peripheral/src/ch32v20x_dma.o
                0x0000000000003df4                DMA_Init
 .text.DMA_Cmd  0x0000000000003e2c       0x14 ./Peripheral/src/ch32v20x_dma.o
                0x0000000000003e2c                DMA_Cmd
 .text.DMA_ITConfig
                0x0000000000003e40       0x12 ./Peripheral/src/ch32v20x_dma.o
                0x0000000000003e40                DMA_ITConfig
 .text.DMA_SetCurrDataCounter
                0x0000000000003e52        0x4 ./Peripheral/src/ch32v20x_dma.o
                0x0000000000003e52                DMA_SetCurrDataCounter
 .text.DMA_GetFlagStatus
                0x0000000000003e56        0xe ./Peripheral/src/ch32v20x_dma.o
                0x0000000000003e56                DMA_GetFlagStatus
 .text.DMA_GetITStatus
                0x0000000000003e64        0xc ./Peripheral/src/ch32v20x_dma.o
                0x0000000000003e64                DMA_GetITStatus
 .text.DMA_ClearITPendingBit
                0x0000000000003e70        0x8 ./Peripheral/src/ch32v20x_dma.o
                0x0000000000003e70                DMA_ClearITPendingBit
 .text.GPIO_Init
                0x0000000000003e78       0xfa ./Peripheral/src/ch32v20x_gpio.o
                0x0000000000003e78                GPIO_Init
 .text.GPIO_ReadInputDataBit
                0x0000000000003f72       0x1e ./Peripheral/src/ch32v20x_gpio.o
                0x0000000000003f72                GPIO_ReadInputDataBit
 .text.GPIO_SetBits
                0x0000000000003f90       0x18 ./Peripheral/src/ch32v20x_gpio.o
                0x0000000000003f90                GPIO_SetBits
 .text.GPIO_ResetBits
                0x0000000000003fa8       0x18 ./Peripheral/src/ch32v20x_gpio.o
                0x0000000000003fa8                GPIO_ResetBits
 .text.GPIO_PinRemapConfig
                0x0000000000003fc0       0xf2 ./Peripheral/src/ch32v20x_gpio.o
                0x0000000000003fc0                GPIO_PinRemapConfig
 .text.I2C_Init
                0x00000000000040b2       0xf2 ./Peripheral/src/ch32v20x_i2c.o
                0x00000000000040b2                I2C_Init
 .text.I2C_Cmd  0x00000000000041a4       0x18 ./Peripheral/src/ch32v20x_i2c.o
                0x00000000000041a4                I2C_Cmd
 .text.I2C_GenerateSTART
                0x00000000000041bc       0x1a ./Peripheral/src/ch32v20x_i2c.o
                0x00000000000041bc                I2C_GenerateSTART
 .text.I2C_GenerateSTOP
                0x00000000000041d6       0x1a ./Peripheral/src/ch32v20x_i2c.o
                0x00000000000041d6                I2C_GenerateSTOP
 .text.I2C_AcknowledgeConfig
                0x00000000000041f0       0x1a ./Peripheral/src/ch32v20x_i2c.o
                0x00000000000041f0                I2C_AcknowledgeConfig
 .text.I2C_DualAddressCmd
                0x000000000000420a       0x18 ./Peripheral/src/ch32v20x_i2c.o
                0x000000000000420a                I2C_DualAddressCmd
 .text.I2C_ITConfig
                0x0000000000004222       0x12 ./Peripheral/src/ch32v20x_i2c.o
                0x0000000000004222                I2C_ITConfig
 .text.I2C_SendData
                0x0000000000004234        0x4 ./Peripheral/src/ch32v20x_i2c.o
                0x0000000000004234                I2C_SendData
 .text.I2C_ReceiveData
                0x0000000000004238        0x8 ./Peripheral/src/ch32v20x_i2c.o
                0x0000000000004238                I2C_ReceiveData
 .text.I2C_Send7bitAddress
                0x0000000000004240       0x12 ./Peripheral/src/ch32v20x_i2c.o
                0x0000000000004240                I2C_Send7bitAddress
 .text.I2C_ReadRegister
                0x0000000000004252       0x14 ./Peripheral/src/ch32v20x_i2c.o
                0x0000000000004252                I2C_ReadRegister
 .text.I2C_GetFlagStatus
                0x0000000000004266       0x32 ./Peripheral/src/ch32v20x_i2c.o
                0x0000000000004266                I2C_GetFlagStatus
 .text.I2C_ClearFlag
                0x0000000000004298        0xc ./Peripheral/src/ch32v20x_i2c.o
                0x0000000000004298                I2C_ClearFlag
 .text.IWDG_ReloadCounter
                0x00000000000042a4        0xe ./Peripheral/src/ch32v20x_iwdg.o
                0x00000000000042a4                IWDG_ReloadCounter
 .text.NVIC_PriorityGroupConfig
                0x00000000000042b2        0xa ./Peripheral/src/ch32v20x_misc.o
                0x00000000000042b2                NVIC_PriorityGroupConfig
 .text.NVIC_Init
                0x00000000000042bc       0xaa ./Peripheral/src/ch32v20x_misc.o
                0x00000000000042bc                NVIC_Init
 .text.PWR_BackupAccessCmd
                0x0000000000004366       0x16 ./Peripheral/src/ch32v20x_pwr.o
                0x0000000000004366                PWR_BackupAccessCmd
 .text.RCC_ADCCLKConfig
                0x000000000000437c       0x12 ./Peripheral/src/ch32v20x_rcc.o
                0x000000000000437c                RCC_ADCCLKConfig
 .text.RCC_LSEConfig
                0x000000000000438e       0x28 ./Peripheral/src/ch32v20x_rcc.o
                0x000000000000438e                RCC_LSEConfig
 .text.RCC_RTCCLKConfig
                0x00000000000043b6        0xc ./Peripheral/src/ch32v20x_rcc.o
                0x00000000000043b6                RCC_RTCCLKConfig
 .text.RCC_RTCCLKCmd
                0x00000000000043c2       0x20 ./Peripheral/src/ch32v20x_rcc.o
                0x00000000000043c2                RCC_RTCCLKCmd
 .text.RCC_GetClocksFreq
                0x00000000000043e2       0xbe ./Peripheral/src/ch32v20x_rcc.o
                0x00000000000043e2                RCC_GetClocksFreq
 .text.RCC_AHBPeriphClockCmd
                0x00000000000044a0       0x1e ./Peripheral/src/ch32v20x_rcc.o
                0x00000000000044a0                RCC_AHBPeriphClockCmd
 .text.RCC_APB2PeriphClockCmd
                0x00000000000044be       0x1e ./Peripheral/src/ch32v20x_rcc.o
                0x00000000000044be                RCC_APB2PeriphClockCmd
 .text.RCC_APB1PeriphClockCmd
                0x00000000000044dc       0x1e ./Peripheral/src/ch32v20x_rcc.o
                0x00000000000044dc                RCC_APB1PeriphClockCmd
 .text.RCC_APB2PeriphResetCmd
                0x00000000000044fa       0x1e ./Peripheral/src/ch32v20x_rcc.o
                0x00000000000044fa                RCC_APB2PeriphResetCmd
 .text.RCC_APB1PeriphResetCmd
                0x0000000000004518       0x1e ./Peripheral/src/ch32v20x_rcc.o
                0x0000000000004518                RCC_APB1PeriphResetCmd
 .text.RCC_BackupResetCmd
                0x0000000000004536       0x20 ./Peripheral/src/ch32v20x_rcc.o
                0x0000000000004536                RCC_BackupResetCmd
 .text.RCC_GetFlagStatus
                0x0000000000004556       0x2e ./Peripheral/src/ch32v20x_rcc.o
                0x0000000000004556                RCC_GetFlagStatus
 .text.RTC_ITConfig
                0x0000000000004584       0x1a ./Peripheral/src/ch32v20x_rtc.o
                0x0000000000004584                RTC_ITConfig
 .text.RTC_EnterConfigMode
                0x000000000000459e       0x12 ./Peripheral/src/ch32v20x_rtc.o
                0x000000000000459e                RTC_EnterConfigMode
 .text.RTC_ExitConfigMode
                0x00000000000045b0       0x18 ./Peripheral/src/ch32v20x_rtc.o
                0x00000000000045b0                RTC_ExitConfigMode
 .text.RTC_SetPrescaler
                0x00000000000045c8       0x2e ./Peripheral/src/ch32v20x_rtc.o
                0x00000000000045c8                RTC_SetPrescaler
 .text.RTC_WaitForLastTask
                0x00000000000045f6       0x10 ./Peripheral/src/ch32v20x_rtc.o
                0x00000000000045f6                RTC_WaitForLastTask
 .text.RTC_WaitForSynchro
                0x0000000000004606       0x24 ./Peripheral/src/ch32v20x_rtc.o
                0x0000000000004606                RTC_WaitForSynchro
 .text.RTC_ClearFlag
                0x000000000000462a       0x14 ./Peripheral/src/ch32v20x_rtc.o
                0x000000000000462a                RTC_ClearFlag
 .text.RTC_GetITStatus
                0x000000000000463e       0x20 ./Peripheral/src/ch32v20x_rtc.o
                0x000000000000463e                RTC_GetITStatus
 .text.RTC_ClearITPendingBit
                0x000000000000465e        0xc ./Peripheral/src/ch32v20x_rtc.o
                0x000000000000465e                RTC_ClearITPendingBit
 .text.SPI_Init
                0x000000000000466a       0x3e ./Peripheral/src/ch32v20x_spi.o
                0x000000000000466a                SPI_Init
 .text.SPI_Cmd  0x00000000000046a8       0x1a ./Peripheral/src/ch32v20x_spi.o
                0x00000000000046a8                SPI_Cmd
 .text.SPI_I2S_DMACmd
                0x00000000000046c2       0x12 ./Peripheral/src/ch32v20x_spi.o
                0x00000000000046c2                SPI_I2S_DMACmd
 .text.SPI_I2S_GetFlagStatus
                0x00000000000046d4        0xa ./Peripheral/src/ch32v20x_spi.o
                0x00000000000046d4                SPI_I2S_GetFlagStatus
 .text.TI1_Config
                0x00000000000046de       0x6a ./Peripheral/src/ch32v20x_tim.o
 .text.TI2_Config
                0x0000000000004748       0x82 ./Peripheral/src/ch32v20x_tim.o
 .text.TIM_DeInit
                0x00000000000047ca       0x8a ./Peripheral/src/ch32v20x_tim.o
                0x00000000000047ca                TIM_DeInit
 .text.TIM_TimeBaseInit
                0x0000000000004854       0x6a ./Peripheral/src/ch32v20x_tim.o
                0x0000000000004854                TIM_TimeBaseInit
 .text.TIM_OC1Init
                0x00000000000048be       0x6a ./Peripheral/src/ch32v20x_tim.o
                0x00000000000048be                TIM_OC1Init
 .text.TIM_OC2Init
                0x0000000000004928       0x96 ./Peripheral/src/ch32v20x_tim.o
                0x0000000000004928                TIM_OC2Init
 .text.TIM_OC3Init
                0x00000000000049be       0x94 ./Peripheral/src/ch32v20x_tim.o
                0x00000000000049be                TIM_OC3Init
 .text.TIM_OC4Init
                0x0000000000004a52       0x6c ./Peripheral/src/ch32v20x_tim.o
                0x0000000000004a52                TIM_OC4Init
 .text.TIM_TimeBaseStructInit
                0x0000000000004abe       0x16 ./Peripheral/src/ch32v20x_tim.o
                0x0000000000004abe                TIM_TimeBaseStructInit
 .text.TIM_Cmd  0x0000000000004ad4       0x18 ./Peripheral/src/ch32v20x_tim.o
                0x0000000000004ad4                TIM_Cmd
 .text.TIM_CtrlPWMOutputs
                0x0000000000004aec       0x16 ./Peripheral/src/ch32v20x_tim.o
                0x0000000000004aec                TIM_CtrlPWMOutputs
 .text.TIM_ITConfig
                0x0000000000004b02       0x12 ./Peripheral/src/ch32v20x_tim.o
                0x0000000000004b02                TIM_ITConfig
 .text.TIM_DMACmd
                0x0000000000004b14        0xc ./Peripheral/src/ch32v20x_tim.o
                0x0000000000004b14                TIM_DMACmd
 .text.TIM_InternalClockConfig
                0x0000000000004b20       0x10 ./Peripheral/src/ch32v20x_tim.o
                0x0000000000004b20                TIM_InternalClockConfig
 .text.TIM_ARRPreloadConfig
                0x0000000000004b30       0x1a ./Peripheral/src/ch32v20x_tim.o
                0x0000000000004b30                TIM_ARRPreloadConfig
 .text.TIM_OC1PreloadConfig
                0x0000000000004b4a        0xe ./Peripheral/src/ch32v20x_tim.o
                0x0000000000004b4a                TIM_OC1PreloadConfig
 .text.TIM_OC2PreloadConfig
                0x0000000000004b58       0x16 ./Peripheral/src/ch32v20x_tim.o
                0x0000000000004b58                TIM_OC2PreloadConfig
 .text.TIM_OC3PreloadConfig
                0x0000000000004b6e        0xe ./Peripheral/src/ch32v20x_tim.o
                0x0000000000004b6e                TIM_OC3PreloadConfig
 .text.TIM_OC4PreloadConfig
                0x0000000000004b7c       0x16 ./Peripheral/src/ch32v20x_tim.o
                0x0000000000004b7c                TIM_OC4PreloadConfig
 .text.TIM_SetIC1Prescaler
                0x0000000000004b92       0x16 ./Peripheral/src/ch32v20x_tim.o
                0x0000000000004b92                TIM_SetIC1Prescaler
 .text.TIM_SetIC2Prescaler
                0x0000000000004ba8       0x1a ./Peripheral/src/ch32v20x_tim.o
                0x0000000000004ba8                TIM_SetIC2Prescaler
 .text.TIM_SetIC3Prescaler
                0x0000000000004bc2       0x16 ./Peripheral/src/ch32v20x_tim.o
                0x0000000000004bc2                TIM_SetIC3Prescaler
 .text.TIM_SetIC4Prescaler
                0x0000000000004bd8       0x1a ./Peripheral/src/ch32v20x_tim.o
                0x0000000000004bd8                TIM_SetIC4Prescaler
 .text.TIM_ICInit
                0x0000000000004bf2      0x168 ./Peripheral/src/ch32v20x_tim.o
                0x0000000000004bf2                TIM_ICInit
 .text.TIM_GetCapture3
                0x0000000000004d5a        0x4 ./Peripheral/src/ch32v20x_tim.o
                0x0000000000004d5a                TIM_GetCapture3
 .text.TIM_GetCapture4
                0x0000000000004d5e        0x6 ./Peripheral/src/ch32v20x_tim.o
                0x0000000000004d5e                TIM_GetCapture4
 .text.TIM_GetFlagStatus
                0x0000000000004d64        0xa ./Peripheral/src/ch32v20x_tim.o
                0x0000000000004d64                TIM_GetFlagStatus
 .text.TIM_ClearFlag
                0x0000000000004d6e        0xc ./Peripheral/src/ch32v20x_tim.o
                0x0000000000004d6e                TIM_ClearFlag
 .text.TIM_GetITStatus
                0x0000000000004d7a       0x18 ./Peripheral/src/ch32v20x_tim.o
                0x0000000000004d7a                TIM_GetITStatus
 .text.TIM_ClearITPendingBit
                0x0000000000004d92        0xc ./Peripheral/src/ch32v20x_tim.o
                0x0000000000004d92                TIM_ClearITPendingBit
 .text.USART_SendData
                0x0000000000004d9e        0x8 ./Peripheral/src/ch32v20x_usart.o
                0x0000000000004d9e                USART_SendData
 .text.USART_GetFlagStatus
                0x0000000000004da6        0xa ./Peripheral/src/ch32v20x_usart.o
                0x0000000000004da6                USART_GetFlagStatus
 .text.vAINInit
                0x0000000000004db0       0x36 ./HWLIB/hw_lib_adc.o
                0x0000000000004db0                vAINInit
 .text.fGetAinCalData
                0x0000000000004de6       0xb2 ./HWLIB/hw_lib_adc.o
                0x0000000000004de6                fGetAinCalData
 .text.eAinCalDataConfig
                0x0000000000004e98       0x48 ./HWLIB/hw_lib_adc.o
                0x0000000000004e98                eAinCalDataConfig
 .text.vABLineKoofFinde
                0x0000000000004ee0       0x6a ./HWLIB/hw_lib_adc.o
                0x0000000000004ee0                vABLineKoofFinde
 .text.eSetAinCalPoint
                0x0000000000004f4a       0x64 ./HWLIB/hw_lib_adc.o
                0x0000000000004f4a                eSetAinCalPoint
 .text.getADC1Buffer
                0x0000000000004fae        0xa ./HWLIB/hw_lib_adc.o
                0x0000000000004fae                getADC1Buffer
 .text.eDOUTConfigWtihStruct
                0x0000000000004fb8       0x1a ./HWLIB/hw_lib_din.o
                0x0000000000004fb8                eDOUTConfigWtihStruct
 .text.eSetDUT  0x0000000000004fd2       0x12 ./HWLIB/hw_lib_din.o
                0x0000000000004fd2                eSetDUT
 .text.eDinConfigWtihStruct
                0x0000000000004fe4       0x32 ./HWLIB/hw_lib_din.o
                0x0000000000004fe4                eDinConfigWtihStruct
 .text.uGetDIN  0x0000000000005016       0x14 ./HWLIB/hw_lib_din.o
                0x0000000000005016                uGetDIN
 .text.eRPMConfig
                0x000000000000502a       0x5a ./HWLIB/hw_lib_din.o
                0x000000000000502a                eRPMConfig
 .text.RMPDataConvert
                0x0000000000005084       0x78 ./HWLIB/hw_lib_din.o
                0x0000000000005084                RMPDataConvert
 .text.getCaputreBuffer
                0x00000000000050fc       0x16 ./HWLIB/hw_lib_din.o
                0x00000000000050fc                getCaputreBuffer
 .text.GetRPM   0x0000000000005112       0x74 ./HWLIB/hw_lib_din.o
                0x0000000000005112                GetRPM
 .text.xGetRPM  0x0000000000005186       0x72 ./HWLIB/hw_lib_din.o
                0x0000000000005186                xGetRPM
 .text.vDinDoutProcess
                0x00000000000051f8       0x98 ./HWLIB/hw_lib_din.o
                0x00000000000051f8                vDinDoutProcess
 .text.xGetEEPROM
                0x0000000000005290        0xa ./HWLIB/hw_lib_eeprom.o
                0x0000000000005290                xGetEEPROM
 .text.eEEPROMWr
                0x000000000000529a       0xae ./HWLIB/hw_lib_eeprom.o
                0x000000000000529a                eEEPROMWr
 .text.eEEPROMRd
                0x0000000000005348       0x34 ./HWLIB/hw_lib_eeprom.o
                0x0000000000005348                eEEPROMRd
 .text.bReadEEPROM
                0x000000000000537c       0x1a ./HWLIB/hw_lib_eeprom.o
                0x000000000000537c                bReadEEPROM
 .text.Get_ConversionVal
                0x0000000000005396       0x2e ./HAL/hal_adc.o
                0x0000000000005396                Get_ConversionVal
 .text.HAL_ADC_CommonConfig
                0x00000000000053c4        0xe ./HAL/hal_adc.o
                0x00000000000053c4                HAL_ADC_CommonConfig
 .text.HAL_ADC_ContiniusScanCinvertionDMA
                0x00000000000053d2       0xda ./HAL/hal_adc.o
                0x00000000000053d2                HAL_ADC_ContiniusScanCinvertionDMA
 .text.ADC1_2_IRQHandler
                0x00000000000054ac       0x74 ./HAL/hal_adc.o
                0x00000000000054ac                ADC1_2_IRQHandler
 .text.HAL_CANSetTXCallback
                0x0000000000005520        0xa ./HAL/hal_can.o
                0x0000000000005520                HAL_CANSetTXCallback
 .text.HAL_CANSetRXCallback
                0x000000000000552a        0xa ./HAL/hal_can.o
                0x000000000000552a                HAL_CANSetRXCallback
 .text.HAL_CANSetERRCallback
                0x0000000000005534        0xa ./HAL/hal_can.o
                0x0000000000005534                HAL_CANSetERRCallback
 .text.HAL_CANIntIT
                0x000000000000553e      0x132 ./HAL/hal_can.o
                0x000000000000553e                HAL_CANIntIT
 .text.HAL_CANToInitMode
                0x0000000000005670       0x16 ./HAL/hal_can.o
                0x0000000000005670                HAL_CANToInitMode
 .text.HAL_CANToOperatingMode
                0x0000000000005686       0x16 ./HAL/hal_can.o
                0x0000000000005686                HAL_CANToOperatingMode
 .text.HAL_CANSend
                0x000000000000569c       0x50 ./HAL/hal_can.o
                0x000000000000569c                HAL_CANSend
 .text.HAL_CANSetFiters
                0x00000000000056ec       0x3a ./HAL/hal_can.o
                0x00000000000056ec                HAL_CANSetFiters
 .text.HAL_CANGetRXMessage
                0x0000000000005726       0x52 ./HAL/hal_can.o
                0x0000000000005726                HAL_CANGetRXMessage
 .text.USB_HP_CAN1_TX_IRQHandler
                0x0000000000005778       0xd6 ./HAL/hal_can.o
                0x0000000000005778                USB_HP_CAN1_TX_IRQHandler
 .text.USB_LP_CAN1_RX0_IRQHandler
                0x000000000000584e       0x62 ./HAL/hal_can.o
                0x000000000000584e                USB_LP_CAN1_RX0_IRQHandler
 .text.CAN1_RX1_IRQHandler
                0x00000000000058b0       0x64 ./HAL/hal_can.o
                0x00000000000058b0                CAN1_RX1_IRQHandler
 .text.CAN1_SCE_IRQHandler
                0x0000000000005914       0x62 ./HAL/hal_can.o
                0x0000000000005914                CAN1_SCE_IRQHandler
 .text.HAL_DMA_Disable
                0x0000000000005976        0xc ./HAL/hal_dma.o
                0x0000000000005976                HAL_DMA_Disable
 .text.HAL_DMA_SetCouterAndEnable
                0x0000000000005982        0xc ./HAL/hal_dma.o
                0x0000000000005982                HAL_DMA_SetCouterAndEnable
 .text.HAL_DMAInitIT
                0x000000000000598e      0x172 ./HAL/hal_dma.o
                0x000000000000598e                HAL_DMAInitIT
 .text.HAL_ADC_StartDMA
                0x0000000000005b00       0x60 ./HAL/hal_dma.o
                0x0000000000005b00                HAL_ADC_StartDMA
 .text.DMA1_Channel1_IRQHandler
                0x0000000000005b60       0x64 ./HAL/hal_dma.o
                0x0000000000005b60                DMA1_Channel1_IRQHandler
 .text.DMA1_Channel3_IRQHandler
                0x0000000000005bc4       0x68 ./HAL/hal_dma.o
                0x0000000000005bc4                DMA1_Channel3_IRQHandler
 .text.DMA1_Channel5_IRQHandler
                0x0000000000005c2c       0x66 ./HAL/hal_dma.o
                0x0000000000005c2c                DMA1_Channel5_IRQHandler
 .text.DMA1_Channel4_IRQHandler
                0x0000000000005c92       0x64 ./HAL/hal_dma.o
                0x0000000000005c92                DMA1_Channel4_IRQHandler
 .text.DMA1_Channel7_IRQHandler
                0x0000000000005cf6       0x68 ./HAL/hal_dma.o
                0x0000000000005cf6                DMA1_Channel7_IRQHandler
 .text.HAL_InitRCC
                0x0000000000005d5e       0x48 ./HAL/hal_gpio.o
 .text.HAL_InitGpioOut
                0x0000000000005da6       0x28 ./HAL/hal_gpio.o
                0x0000000000005da6                HAL_InitGpioOut
 .text.HAL_InitGpioAIN
                0x0000000000005dce       0x26 ./HAL/hal_gpio.o
                0x0000000000005dce                HAL_InitGpioAIN
 .text.HAL_InitGpioIn
                0x0000000000005df4       0x28 ./HAL/hal_gpio.o
                0x0000000000005df4                HAL_InitGpioIn
 .text.HAL_InitGpioAF
                0x0000000000005e1c       0x3c ./HAL/hal_gpio.o
                0x0000000000005e1c                HAL_InitGpioAF
 .text.HAL_GetBit
                0x0000000000005e58        0xc ./HAL/hal_gpio.o
                0x0000000000005e58                HAL_GetBit
 .text.HAL_SetBit
                0x0000000000005e64        0xc ./HAL/hal_gpio.o
                0x0000000000005e64                HAL_SetBit
 .text.HAL_ResetBit
                0x0000000000005e70        0xc ./HAL/hal_gpio.o
                0x0000000000005e70                HAL_ResetBit
 .text.I2C_Master_TransmitIT
                0x0000000000005e7c       0xa4 ./HAL/hal_i2c.o
 .text.I2C_Master_ReviceIT
                0x0000000000005f20       0xa8 ./HAL/hal_i2c.o
 .text.I2C_FSM  0x0000000000005fc8      0x1d6 ./HAL/hal_i2c.o
 .text.InitI2CDMA
                0x000000000000619e      0x106 ./HAL/hal_i2c.o
                0x000000000000619e                InitI2CDMA
 .text.I2C1_EV_IRQHandler
                0x00000000000062a4       0x4c ./HAL/hal_i2c.o
                0x00000000000062a4                I2C1_EV_IRQHandler
 .text.I2C1_ER_IRQHandler
                0x00000000000062f0       0x4c ./HAL/hal_i2c.o
                0x00000000000062f0                I2C1_ER_IRQHandler
 .text.I2C2_EV_IRQHandler
                0x000000000000633c       0x4c ./HAL/hal_i2c.o
                0x000000000000633c                I2C2_EV_IRQHandler
 .text.I2C2_ER_IRQHandler
                0x0000000000006388       0x4c ./HAL/hal_i2c.o
                0x0000000000006388                I2C2_ER_IRQHandler
 .text.HAL_RTC_IT_Init
                0x00000000000063d4       0xb0 ./HAL/hal_rtc.o
                0x00000000000063d4                HAL_RTC_IT_Init
 .text.RTC_IRQHandler
                0x0000000000006484       0x68 ./HAL/hal_rtc.o
                0x0000000000006484                RTC_IRQHandler
 .text.HAL_SPI_InitDMA
                0x00000000000064ec       0x92 ./HAL/hal_spi.o
                0x00000000000064ec                HAL_SPI_InitDMA
 .text.HAL_SPI_RXOveleyClear
                0x000000000000657e        0x8 ./HAL/hal_spi.o
                0x000000000000657e                HAL_SPI_RXOveleyClear
 .text.HAL_SPI_GetBusy
                0x0000000000006586       0x16 ./HAL/hal_spi.o
                0x0000000000006586                HAL_SPI_GetBusy
 .text.vTimerInitRCC
                0x000000000000659c       0x3e ./HAL/hal_timers.o
 .text.TIM1_CC_IRQHandler
                0x00000000000065da       0xea ./HAL/hal_timers.o
                0x00000000000065da                TIM1_CC_IRQHandler
 .text.TIM1_UP_IRQHandler
                0x00000000000066c4       0x74 ./HAL/hal_timers.o
                0x00000000000066c4                TIM1_UP_IRQHandler
 .text.TIM4_IRQHandler
                0x0000000000006738       0x74 ./HAL/hal_timers.o
                0x0000000000006738                TIM4_IRQHandler
 .text.TIM3_IRQHandler
                0x00000000000067ac       0x74 ./HAL/hal_timers.o
                0x00000000000067ac                TIM3_IRQHandler
 .text.TIM2_IRQHandler
                0x0000000000006820       0x6c ./HAL/hal_timers.o
                0x0000000000006820                TIM2_IRQHandler
 .text.HAL_TiemrEneblae
                0x000000000000688c       0x1c ./HAL/hal_timers.o
                0x000000000000688c                HAL_TiemrEneblae
 .text.HW_TIMER_BaseTimerInit
                0x00000000000068a8       0x60 ./HAL/hal_timers.o
                0x00000000000068a8                HW_TIMER_BaseTimerInit
 .text.HAL_TIMER_InitIt
                0x0000000000006908       0xa4 ./HAL/hal_timers.o
                0x0000000000006908                HAL_TIMER_InitIt
 .text.HAL_TIMER_PWMTimersInit
                0x00000000000069ac       0xec ./HAL/hal_timers.o
                0x00000000000069ac                HAL_TIMER_PWMTimersInit
 .text.HAL_TimeInitCaptureDMA
                0x0000000000006a98       0xe6 ./HAL/hal_timers.o
                0x0000000000006a98                HAL_TimeInitCaptureDMA
 .text.HAL_TIMER_DisablePWMCH
                0x0000000000006b7e       0x1c ./HAL/hal_timers.o
                0x0000000000006b7e                HAL_TIMER_DisablePWMCH
 .text.HAL_TIMER_SetPWMPulse
                0x0000000000006b9a       0x80 ./HAL/hal_timers.o
                0x0000000000006b9a                HAL_TIMER_SetPWMPulse
 .text.HAL_TIMER_EnablePWMCH
                0x0000000000006c1a       0x1c ./HAL/hal_timers.o
                0x0000000000006c1a                HAL_TIMER_EnablePWMCH
 .text.HAL_WDTReset
                0x0000000000006c36        0xc ./HAL/hal_wdt.o
                0x0000000000006c36                HAL_WDTReset
 .text.prvInsertBlockIntoFreeList
                0x0000000000006c42       0x4c ./FreeRTOS/portable/MemMang/heap_4.o
 .text.pvPortMalloc
                0x0000000000006c8e      0x18a ./FreeRTOS/portable/MemMang/heap_4.o
                0x0000000000006c8e                pvPortMalloc
 .text.vPortFree
                0x0000000000006e18       0xa8 ./FreeRTOS/portable/MemMang/heap_4.o
                0x0000000000006e18                vPortFree
 .text.vPortSetupTimerInterrupt
                0x0000000000006ec0       0x3e ./FreeRTOS/portable/GCC/RISC-V/port.o
                0x0000000000006ec0                vPortSetupTimerInterrupt
 .text.xPortStartScheduler
                0x0000000000006efe       0x90 ./FreeRTOS/portable/GCC/RISC-V/port.o
                0x0000000000006efe                xPortStartScheduler
 .text.SysTick_Handler
                0x0000000000006f8e       0x7c ./FreeRTOS/portable/GCC/RISC-V/port.o
                0x0000000000006f8e                SysTick_Handler
 .text.vPortEnterCritical
                0x000000000000700a       0x16 ./FreeRTOS/portable/GCC/RISC-V/port.o
                0x000000000000700a                vPortEnterCritical
 .text.vPortExitCritical
                0x0000000000007020       0x42 ./FreeRTOS/portable/GCC/RISC-V/port.o
                0x0000000000007020                vPortExitCritical
 .text.xPortSetInterruptMask
                0x0000000000007062        0xc ./FreeRTOS/portable/GCC/RISC-V/port.o
                0x0000000000007062                xPortSetInterruptMask
 .text.vPortClearInterruptMask
                0x000000000000706e        0x6 ./FreeRTOS/portable/GCC/RISC-V/port.o
                0x000000000000706e                vPortClearInterruptMask
 .text.vListInitialise
                0x0000000000007074       0x14 ./FreeRTOS/list.o
                0x0000000000007074                vListInitialise
 .text.vListInitialiseItem
                0x0000000000007088        0x6 ./FreeRTOS/list.o
                0x0000000000007088                vListInitialiseItem
 .text.vListInsertEnd
                0x000000000000708e       0x18 ./FreeRTOS/list.o
                0x000000000000708e                vListInsertEnd
 .text.vListInsert
                0x00000000000070a6       0x2e ./FreeRTOS/list.o
                0x00000000000070a6                vListInsert
 .text.uxListRemove
                0x00000000000070d4       0x20 ./FreeRTOS/list.o
                0x00000000000070d4                uxListRemove
 .text.prvIsQueueEmpty
                0x00000000000070f4       0x1e ./FreeRTOS/queue.o
 .text.prvCopyDataToQueue
                0x0000000000007112       0x72 ./FreeRTOS/queue.o
 .text.prvCopyDataFromQueue
                0x0000000000007184       0x28 ./FreeRTOS/queue.o
 .text.prvUnlockQueue
                0x00000000000071ac       0x76 ./FreeRTOS/queue.o
 .text.xQueueGenericReset
                0x0000000000007222       0xc4 ./FreeRTOS/queue.o
                0x0000000000007222                xQueueGenericReset
 .text.xQueueGenericCreateStatic
                0x00000000000072e6       0xae ./FreeRTOS/queue.o
                0x00000000000072e6                xQueueGenericCreateStatic
 .text.xQueueGenericCreate
                0x0000000000007394       0x72 ./FreeRTOS/queue.o
                0x0000000000007394                xQueueGenericCreate
 .text.xQueueGenericSend
                0x0000000000007406      0x1a8 ./FreeRTOS/queue.o
                0x0000000000007406                xQueueGenericSend
 .text.xQueueGiveMutexRecursive
                0x00000000000075ae       0x56 ./FreeRTOS/queue.o
                0x00000000000075ae                xQueueGiveMutexRecursive
 .text.xQueueCreateMutex
                0x0000000000007604       0x2e ./FreeRTOS/queue.o
                0x0000000000007604                xQueueCreateMutex
 .text.xQueueReceive
                0x0000000000007632      0x166 ./FreeRTOS/queue.o
                0x0000000000007632                xQueueReceive
 .text.xQueueSemaphoreTake
                0x0000000000007798      0x1be ./FreeRTOS/queue.o
                0x0000000000007798                xQueueSemaphoreTake
 .text.xQueueTakeMutexRecursive
                0x0000000000007956       0x5a ./FreeRTOS/queue.o
                0x0000000000007956                xQueueTakeMutexRecursive
 .text.uxQueueMessagesWaiting
                0x00000000000079b0       0x44 ./FreeRTOS/queue.o
                0x00000000000079b0                uxQueueMessagesWaiting
 .text.vQueueAddToRegistry
                0x00000000000079f4       0x6c ./FreeRTOS/queue.o
                0x00000000000079f4                vQueueAddToRegistry
 .text.vQueueWaitForMessageRestricted
                0x0000000000007a60       0x5c ./FreeRTOS/queue.o
                0x0000000000007a60                vQueueWaitForMessageRestricted
 .text.prvIdleTask
                0x0000000000007abc        0x2 ./FreeRTOS/tasks.o
 .text.prvAddNewTaskToReadyList
                0x0000000000007abe       0xf6 ./FreeRTOS/tasks.o
 .text.prvResetNextTaskUnblockTime
                0x0000000000007bb4       0x1c ./FreeRTOS/tasks.o
 .text.prvTaskIsTaskSuspended
                0x0000000000007bd0       0x50 ./FreeRTOS/tasks.o
 .text.prvInitialiseNewTask.isra.2
                0x0000000000007c20       0xc8 ./FreeRTOS/tasks.o
 .text.prvAddCurrentTaskToDelayedList
                0x0000000000007ce8       0x98 ./FreeRTOS/tasks.o
 .text.xTaskCreateStatic
                0x0000000000007d80       0xa6 ./FreeRTOS/tasks.o
                0x0000000000007d80                xTaskCreateStatic
 .text.vTaskResume
                0x0000000000007e26       0xa2 ./FreeRTOS/tasks.o
                0x0000000000007e26                vTaskResume
 .text.vTaskStartScheduler
                0x0000000000007ec8       0x90 ./FreeRTOS/tasks.o
                0x0000000000007ec8                vTaskStartScheduler
 .text.vTaskSuspendAll
                0x0000000000007f58        0xc ./FreeRTOS/tasks.o
                0x0000000000007f58                vTaskSuspendAll
 .text.xTaskGetTickCount
                0x0000000000007f64        0x6 ./FreeRTOS/tasks.o
                0x0000000000007f64                xTaskGetTickCount
 .text.xTaskIncrementTick
                0x0000000000007f6a      0x180 ./FreeRTOS/tasks.o
                0x0000000000007f6a                xTaskIncrementTick
 .text.xTaskResumeAll
                0x00000000000080ea      0x148 ./FreeRTOS/tasks.o
                0x00000000000080ea                xTaskResumeAll
 .text.vTaskDelay
                0x0000000000008232       0x62 ./FreeRTOS/tasks.o
                0x0000000000008232                vTaskDelay
 .text.vTaskSwitchContext
                0x0000000000008294       0x8a ./FreeRTOS/tasks.o
                0x0000000000008294                vTaskSwitchContext
 .text.vTaskSuspend
                0x000000000000831e       0xde ./FreeRTOS/tasks.o
                0x000000000000831e                vTaskSuspend
 .text.vTaskPlaceOnEventList
                0x00000000000083fc       0x44 ./FreeRTOS/tasks.o
                0x00000000000083fc                vTaskPlaceOnEventList
 .text.vTaskPlaceOnEventListRestricted
                0x0000000000008440       0x72 ./FreeRTOS/tasks.o
                0x0000000000008440                vTaskPlaceOnEventListRestricted
 .text.xTaskRemoveFromEventList
                0x00000000000084b2       0xdc ./FreeRTOS/tasks.o
                0x00000000000084b2                xTaskRemoveFromEventList
 .text.vTaskInternalSetTimeOutState
                0x000000000000858e        0xe ./FreeRTOS/tasks.o
                0x000000000000858e                vTaskInternalSetTimeOutState
 .text.xTaskCheckForTimeOut
                0x000000000000859c       0xaa ./FreeRTOS/tasks.o
                0x000000000000859c                xTaskCheckForTimeOut
 .text.vTaskMissedYield
                0x0000000000008646        0x8 ./FreeRTOS/tasks.o
                0x0000000000008646                vTaskMissedYield
 .text.xTaskGetCurrentTaskHandle
                0x000000000000864e        0x6 ./FreeRTOS/tasks.o
                0x000000000000864e                xTaskGetCurrentTaskHandle
 .text.xTaskGetSchedulerState
                0x0000000000008654       0x14 ./FreeRTOS/tasks.o
                0x0000000000008654                xTaskGetSchedulerState
 .text.xTaskPriorityInherit
                0x0000000000008668       0xa6 ./FreeRTOS/tasks.o
                0x0000000000008668                xTaskPriorityInherit
 .text.xTaskPriorityDisinherit
                0x000000000000870e       0xc2 ./FreeRTOS/tasks.o
                0x000000000000870e                xTaskPriorityDisinherit
 .text.vTaskPriorityDisinheritAfterTimeout
                0x00000000000087d0       0xde ./FreeRTOS/tasks.o
                0x00000000000087d0                vTaskPriorityDisinheritAfterTimeout
 .text.pvTaskIncrementMutexHeldCount
                0x00000000000088ae       0x18 ./FreeRTOS/tasks.o
                0x00000000000088ae                pvTaskIncrementMutexHeldCount
 .text.ulTaskGenericNotifyTake
                0x00000000000088c6       0xb4 ./FreeRTOS/tasks.o
                0x00000000000088c6                ulTaskGenericNotifyTake
 .text.xTaskGenericNotifyWait
                0x000000000000897a       0xe2 ./FreeRTOS/tasks.o
                0x000000000000897a                xTaskGenericNotifyWait
 .text.xTaskGenericNotify
                0x0000000000008a5c      0x1a8 ./FreeRTOS/tasks.o
                0x0000000000008a5c                xTaskGenericNotify
 .text.xTaskGenericNotifyFromISR
                0x0000000000008c04      0x1e0 ./FreeRTOS/tasks.o
                0x0000000000008c04                xTaskGenericNotifyFromISR
 .text.ulTaskGenericNotifyValueClear
                0x0000000000008de4       0x3a ./FreeRTOS/tasks.o
                0x0000000000008de4                ulTaskGenericNotifyValueClear
 .text.prvCheckForValidListAndQueue
                0x0000000000008e1e       0x6a ./FreeRTOS/timers.o
 .text.prvInsertTimerInActiveList
                0x0000000000008e88       0x3e ./FreeRTOS/timers.o
 .text.prvReloadTimer
                0x0000000000008ec6       0x2a ./FreeRTOS/timers.o
 .text.prvProcessExpiredTimer
                0x0000000000008ef0       0x42 ./FreeRTOS/timers.o
 .text.prvSwitchTimerLists
                0x0000000000008f32       0x28 ./FreeRTOS/timers.o
 .text.prvTimerTask
                0x0000000000008f5a      0x188 ./FreeRTOS/timers.o
 .text.xTimerCreateTimerTask
                0x00000000000090e2       0x6e ./FreeRTOS/timers.o
                0x00000000000090e2                xTimerCreateTimerTask
 .text.vRCFilter
                0x0000000000009150       0x30 ./Drivers/filters.o
                0x0000000000009150                vRCFilter
 .text.vInitABFilter
                0x0000000000009180       0x22 ./Drivers/filters.o
                0x0000000000009180                vInitABFilter
 .text.vInitRunAverga
                0x00000000000091a2        0x8 ./Drivers/filters.o
                0x00000000000091a2                vInitRunAverga
 .text.vInitMedianFilter
                0x00000000000091aa       0x12 ./Drivers/filters.o
                0x00000000000091aa                vInitMedianFilter
 .text.MedianFilter
                0x00000000000091bc       0x6e ./Drivers/filters.o
                0x00000000000091bc                MedianFilter
 .text.Delay_Ms
                0x000000000000922a       0x36 ./Debug/debug.o
                0x000000000000922a                Delay_Ms
 .text._write   0x0000000000009260       0x3e ./Debug/debug.o
                0x0000000000009260                _write
 .text._sbrk    0x000000000000929e       0x2a ./Debug/debug.o
                0x000000000000929e                _sbrk
 .text.prv_read_can_received_msg
                0x00000000000092c8       0x50 ./CANopenNode/keypad/CO_driver_ST32F103.o
                0x00000000000092c8                prv_read_can_received_msg
 .text.prv_send_can_message.isra.0
                0x0000000000009318       0x2c ./CANopenNode/keypad/CO_driver_ST32F103.o
 .text.CAN_SendMessage
                0x0000000000009344       0x66 ./CANopenNode/keypad/CO_driver_ST32F103.o
                0x0000000000009344                CAN_SendMessage
 .text.co_drv_create_os_objects
                0x00000000000093aa       0x30 ./CANopenNode/keypad/CO_driver_ST32F103.o
                0x00000000000093aa                co_drv_create_os_objects
 .text.co_drv_mutex_lock
                0x00000000000093da       0x18 ./CANopenNode/keypad/CO_driver_ST32F103.o
                0x00000000000093da                co_drv_mutex_lock
 .text.co_drv_mutex_unlock
                0x00000000000093f2       0x16 ./CANopenNode/keypad/CO_driver_ST32F103.o
                0x00000000000093f2                co_drv_mutex_unlock
 .text.CO_CANsetConfigurationMode
                0x0000000000009408       0x10 ./CANopenNode/keypad/CO_driver_ST32F103.o
                0x0000000000009408                CO_CANsetConfigurationMode
 .text.CO_CANsetNormalMode
                0x0000000000009418       0x1c ./CANopenNode/keypad/CO_driver_ST32F103.o
                0x0000000000009418                CO_CANsetNormalMode
 .text.CO_CANmodule_init
                0x0000000000009434      0x110 ./CANopenNode/keypad/CO_driver_ST32F103.o
                0x0000000000009434                CO_CANmodule_init
 .text.CO_CANmodule_disable
                0x0000000000009544       0x14 ./CANopenNode/keypad/CO_driver_ST32F103.o
                0x0000000000009544                CO_CANmodule_disable
 .text.CO_CANrxBufferInit
                0x0000000000009558       0x52 ./CANopenNode/keypad/CO_driver_ST32F103.o
                0x0000000000009558                CO_CANrxBufferInit
 .text.CO_CANtxBufferInit
                0x00000000000095aa       0x3a ./CANopenNode/keypad/CO_driver_ST32F103.o
                0x00000000000095aa                CO_CANtxBufferInit
 .text.CO_CANmodule_process
                0x00000000000095e4       0x12 ./CANopenNode/keypad/CO_driver_ST32F103.o
                0x00000000000095e4                CO_CANmodule_process
 .text.CO_CANsend
                0x00000000000095f6       0x46 ./CANopenNode/keypad/CO_driver_ST32F103.o
                0x00000000000095f6                CO_CANsend
 .text.CO_LSSslave_receive
                0x000000000000963c      0x1a8 ./CANopenNode/305/CO_LSSslave.o
 .text.CO_LSSslave_init
                0x00000000000097e4       0xa4 ./CANopenNode/305/CO_LSSslave.o
                0x00000000000097e4                CO_LSSslave_init
 .text.CO_LSSslave_process
                0x0000000000009888      0x1a2 ./CANopenNode/305/CO_LSSslave.o
                0x0000000000009888                CO_LSSslave_process
 .text.OD_write_1003
                0x0000000000009a2a       0x28 ./CANopenNode/301/CO_Emergency.o
 .text.OD_read_1003
                0x0000000000009a52       0x8c ./CANopenNode/301/CO_Emergency.o
 .text.OD_read_1014_default
                0x0000000000009ade       0x50 ./CANopenNode/301/CO_Emergency.o
 .text.CO_EM_init
                0x0000000000009b2e      0x112 ./CANopenNode/301/CO_Emergency.o
                0x0000000000009b2e                CO_EM_init
 .text.CO_error
                0x0000000000009c40       0xc4 ./CANopenNode/301/CO_Emergency.o
                0x0000000000009c40                CO_error
 .text.CO_EM_process
                0x0000000000009d04      0x182 ./CANopenNode/301/CO_Emergency.o
                0x0000000000009d04                CO_EM_process
 .text.CO_NMT_receive
                0x0000000000009e86       0x18 ./CANopenNode/301/CO_NMT_Heartbeat.o
 .text.OD_write_1017
                0x0000000000009e9e       0x48 ./CANopenNode/301/CO_NMT_Heartbeat.o
 .text.CO_NMT_init
                0x0000000000009ee6       0xec ./CANopenNode/301/CO_NMT_Heartbeat.o
                0x0000000000009ee6                CO_NMT_init
 .text.CO_NMT_process
                0x0000000000009fd2      0x106 ./CANopenNode/301/CO_NMT_Heartbeat.o
                0x0000000000009fd2                CO_NMT_process
 .text.OD_readDisabled
                0x000000000000a0d8        0x4 ./CANopenNode/301/CO_ODinterface.o
 .text.OD_readOriginal
                0x000000000000a0dc       0x50 ./CANopenNode/301/CO_ODinterface.o
                0x000000000000a0dc                OD_readOriginal
 .text.OD_writeOriginal
                0x000000000000a12c       0x54 ./CANopenNode/301/CO_ODinterface.o
                0x000000000000a12c                OD_writeOriginal
 .text.OD_writeDisabled
                0x000000000000a180        0x4 ./CANopenNode/301/CO_ODinterface.o
 .text.OD_find  0x000000000000a184       0x70 ./CANopenNode/301/CO_ODinterface.o
                0x000000000000a184                OD_find
 .text.OD_getSub
                0x000000000000a1f4       0xf6 ./CANopenNode/301/CO_ODinterface.o
                0x000000000000a1f4                OD_getSub
 .text.OD_getSDOabCode
                0x000000000000a2ea       0x20 ./CANopenNode/301/CO_ODinterface.o
                0x000000000000a2ea                OD_getSDOabCode
 .text.OD_get_value
                0x000000000000a30a       0x34 ./CANopenNode/301/CO_ODinterface.o
                0x000000000000a30a                OD_get_value
 .text.OD_set_value
                0x000000000000a33e       0x2e ./CANopenNode/301/CO_ODinterface.o
                0x000000000000a33e                OD_set_value
 .text.OD_getPtr
                0x000000000000a36c       0x3c ./CANopenNode/301/CO_ODinterface.o
                0x000000000000a36c                OD_getPtr
 .text.OD_write_dummy
                0x000000000000a3a8        0x8 ./CANopenNode/301/CO_PDO.o
 .text.OD_read_dummy
                0x000000000000a3b0       0x2e ./CANopenNode/301/CO_PDO.o
 .text.PDOconfigMap
                0x000000000000a3de      0x100 ./CANopenNode/301/CO_PDO.o
 .text.CO_PDO_receive
                0x000000000000a4de       0x48 ./CANopenNode/301/CO_PDO.o
 .text.OD_read_PDO_commParam
                0x000000000000a526       0x70 ./CANopenNode/301/CO_PDO.o
 .text.PDO_initMapping.constprop.3
                0x000000000000a596       0xe6 ./CANopenNode/301/CO_PDO.o
 .text.OD_write_PDO_mapping
                0x000000000000a67c       0xb4 ./CANopenNode/301/CO_PDO.o
 .text.OD_write_18xx
                0x000000000000a730      0x184 ./CANopenNode/301/CO_PDO.o
 .text.OD_write_14xx
                0x000000000000a8b4      0x15a ./CANopenNode/301/CO_PDO.o
 .text.CO_RPDO_init
                0x000000000000aa0e      0x172 ./CANopenNode/301/CO_PDO.o
                0x000000000000aa0e                CO_RPDO_init
 .text.CO_RPDO_process
                0x000000000000ab80      0x114 ./CANopenNode/301/CO_PDO.o
                0x000000000000ab80                CO_RPDO_process
 .text.CO_TPDO_init
                0x000000000000ac94      0x1d2 ./CANopenNode/301/CO_PDO.o
                0x000000000000ac94                CO_TPDO_init
 .text.CO_TPDO_process
                0x000000000000ae66      0x15e ./CANopenNode/301/CO_PDO.o
                0x000000000000ae66                CO_TPDO_process
 .text.CO_SDOserver_init_canRxTx
                0x000000000000afc4       0x82 ./CANopenNode/301/CO_SDOserver.o
 .text.CO_SDO_receive
                0x000000000000b046       0x38 ./CANopenNode/301/CO_SDOserver.o
 .text.readFromOd.isra.1.constprop.5
                0x000000000000b07e       0xe2 ./CANopenNode/301/CO_SDOserver.o
 .text.OD_write_1201_additional
                0x000000000000b160      0x158 ./CANopenNode/301/CO_SDOserver.o
 .text.CO_SDOserver_init
                0x000000000000b2b8      0x172 ./CANopenNode/301/CO_SDOserver.o
                0x000000000000b2b8                CO_SDOserver_init
 .text.CO_SDOserver_process
                0x000000000000b42a      0x5e8 ./CANopenNode/301/CO_SDOserver.o
                0x000000000000b42a                CO_SDOserver_process
 .text.CO_delete
                0x000000000000ba12       0x56 ./CANopenNode/CANopen.o
                0x000000000000ba12                CO_delete
 .text.CO_new   0x000000000000ba68      0x102 ./CANopenNode/CANopen.o
                0x000000000000ba68                CO_new
 .text.CO_CANinit
                0x000000000000bb6a       0x36 ./CANopenNode/CANopen.o
                0x000000000000bb6a                CO_CANinit
 .text.CO_LSSinit
                0x000000000000bba0       0x32 ./CANopenNode/CANopen.o
                0x000000000000bba0                CO_LSSinit
 .text.CO_CANopenInit
                0x000000000000bbd2       0xb8 ./CANopenNode/CANopen.o
                0x000000000000bbd2                CO_CANopenInit
 .text.CO_CANopenInitPDO
                0x000000000000bc8a       0xea ./CANopenNode/CANopen.o
                0x000000000000bc8a                CO_CANopenInitPDO
 .text.CO_process
                0x000000000000bd74       0x7e ./CANopenNode/CANopen.o
                0x000000000000bd74                CO_process
 .text.CO_process_RPDO
                0x000000000000bdf2       0x40 ./CANopenNode/CANopen.o
                0x000000000000bdf2                CO_process_RPDO
 .text.CO_process_TPDO
                0x000000000000be32       0x40 ./CANopenNode/CANopen.o
                0x000000000000be32                CO_process_TPDO
 .text.__addsf3
                0x000000000000be72      0x36a c:/mounriver/mounriver_studio/toolchain/risc-v embedded gcc/bin/../lib/gcc/riscv-none-embed/8.2.0/rv32imacxw/ilp32\libgcc.a(addsf3.o)
                0x000000000000be72                __addsf3
 .text.__divsf3
                0x000000000000c1dc      0x2b2 c:/mounriver/mounriver_studio/toolchain/risc-v embedded gcc/bin/../lib/gcc/riscv-none-embed/8.2.0/rv32imacxw/ilp32\libgcc.a(divsf3.o)
                0x000000000000c1dc                __divsf3
 .text.__gesf2  0x000000000000c48e       0x86 c:/mounriver/mounriver_studio/toolchain/risc-v embedded gcc/bin/../lib/gcc/riscv-none-embed/8.2.0/rv32imacxw/ilp32\libgcc.a(gesf2.o)
                0x000000000000c48e                __gesf2
                0x000000000000c48e                __gtsf2
 .text.__lesf2  0x000000000000c514       0x8c c:/mounriver/mounriver_studio/toolchain/risc-v embedded gcc/bin/../lib/gcc/riscv-none-embed/8.2.0/rv32imacxw/ilp32\libgcc.a(lesf2.o)
                0x000000000000c514                __ltsf2
                0x000000000000c514                __lesf2
 .text.__mulsf3
                0x000000000000c5a0      0x290 c:/mounriver/mounriver_studio/toolchain/risc-v embedded gcc/bin/../lib/gcc/riscv-none-embed/8.2.0/rv32imacxw/ilp32\libgcc.a(mulsf3.o)
                0x000000000000c5a0                __mulsf3
 .text.__subsf3
                0x000000000000c830      0x388 c:/mounriver/mounriver_studio/toolchain/risc-v embedded gcc/bin/../lib/gcc/riscv-none-embed/8.2.0/rv32imacxw/ilp32\libgcc.a(subsf3.o)
                0x000000000000c830                __subsf3
 .text.__fixsfsi
                0x000000000000cbb8       0x62 c:/mounriver/mounriver_studio/toolchain/risc-v embedded gcc/bin/../lib/gcc/riscv-none-embed/8.2.0/rv32imacxw/ilp32\libgcc.a(fixsfsi.o)
                0x000000000000cbb8                __fixsfsi
 .text.__fixunssfsi
                0x000000000000cc1a       0x56 c:/mounriver/mounriver_studio/toolchain/risc-v embedded gcc/bin/../lib/gcc/riscv-none-embed/8.2.0/rv32imacxw/ilp32\libgcc.a(fixunssfsi.o)
                0x000000000000cc1a                __fixunssfsi
 .text.__floatsisf
                0x000000000000cc70       0xc6 c:/mounriver/mounriver_studio/toolchain/risc-v embedded gcc/bin/../lib/gcc/riscv-none-embed/8.2.0/rv32imacxw/ilp32\libgcc.a(floatsisf.o)
                0x000000000000cc70                __floatsisf
 .text.__floatunsisf
                0x000000000000cd36       0xce c:/mounriver/mounriver_studio/toolchain/risc-v embedded gcc/bin/../lib/gcc/riscv-none-embed/8.2.0/rv32imacxw/ilp32\libgcc.a(floatunsisf.o)
                0x000000000000cd36                __floatunsisf
 .text.__clzsi2
                0x000000000000ce04       0x6e c:/mounriver/mounriver_studio/toolchain/risc-v embedded gcc/bin/../lib/gcc/riscv-none-embed/8.2.0/rv32imacxw/ilp32\libgcc.a(_clzsi2.o)
                0x000000000000ce04                __clzsi2
 .text.calloc   0x000000000000ce72        0xc c:/mounriver/mounriver_studio/toolchain/risc-v embedded gcc/bin/../lib/gcc/riscv-none-embed/8.2.0/../../../../riscv-none-embed/lib/rv32imacxw/ilp32\libg_nano.a(lib_a-calloc.o)
                0x000000000000ce72                calloc
 .text.free     0x000000000000ce7e        0xa c:/mounriver/mounriver_studio/toolchain/risc-v embedded gcc/bin/../lib/gcc/riscv-none-embed/8.2.0/../../../../riscv-none-embed/lib/rv32imacxw/ilp32\libg_nano.a(lib_a-malloc.o)
                0x000000000000ce7e                free
 .text.memcpy   0x000000000000ce88       0xb2 c:/mounriver/mounriver_studio/toolchain/risc-v embedded gcc/bin/../lib/gcc/riscv-none-embed/8.2.0/../../../../riscv-none-embed/lib/rv32imacxw/ilp32\libg_nano.a(lib_a-memcpy.o)
                0x000000000000ce88                memcpy
 .text.memmove  0x000000000000cf3a       0x46 c:/mounriver/mounriver_studio/toolchain/risc-v embedded gcc/bin/../lib/gcc/riscv-none-embed/8.2.0/../../../../riscv-none-embed/lib/rv32imacxw/ilp32\libg_nano.a(lib_a-memmove.o)
                0x000000000000cf3a                memmove
 .text._calloc_r
                0x000000000000cf80       0x26 c:/mounriver/mounriver_studio/toolchain/risc-v embedded gcc/bin/../lib/gcc/riscv-none-embed/8.2.0/../../../../riscv-none-embed/lib/rv32imacxw/ilp32\libg_nano.a(lib_a-nano-callocr.o)
                0x000000000000cf80                _calloc_r
 .text._free_r  0x000000000000cfa6       0xa4 c:/mounriver/mounriver_studio/toolchain/risc-v embedded gcc/bin/../lib/gcc/riscv-none-embed/8.2.0/../../../../riscv-none-embed/lib/rv32imacxw/ilp32\libg_nano.a(lib_a-nano-freer.o)
                0x000000000000cfa6                _free_r
 .text._malloc_r
                0x000000000000d04a       0xce c:/mounriver/mounriver_studio/toolchain/risc-v embedded gcc/bin/../lib/gcc/riscv-none-embed/8.2.0/../../../../riscv-none-embed/lib/rv32imacxw/ilp32\libg_nano.a(lib_a-nano-mallocr.o)
                0x000000000000d04a                _malloc_r
 .text.printf   0x000000000000d118       0x3e c:/mounriver/mounriver_studio/toolchain/risc-v embedded gcc/bin/../lib/gcc/riscv-none-embed/8.2.0/../../../../riscv-none-embed/lib/rv32imacxw/ilp32\libg_nano.a(lib_a-printf.o)
                0x000000000000d118                iprintf
                0x000000000000d118                printf
 .text._sbrk_r  0x000000000000d156       0x32 c:/mounriver/mounriver_studio/toolchain/risc-v embedded gcc/bin/../lib/gcc/riscv-none-embed/8.2.0/../../../../riscv-none-embed/lib/rv32imacxw/ilp32\libg_nano.a(lib_a-sbrkr.o)
                0x000000000000d156                _sbrk_r
 .text.strlen   0x000000000000d188       0x12 c:/mounriver/mounriver_studio/toolchain/risc-v embedded gcc/bin/../lib/gcc/riscv-none-embed/8.2.0/../../../../riscv-none-embed/lib/rv32imacxw/ilp32\libg_nano.a(lib_a-strlen.o)
                0x000000000000d188                strlen
 .text.std      0x000000000000d19a       0x66 c:/mounriver/mounriver_studio/toolchain/risc-v embedded gcc/bin/../lib/gcc/riscv-none-embed/8.2.0/../../../../riscv-none-embed/lib/rv32imacxw/ilp32\libg_nano.a(lib_a-findfp.o)
 .text._cleanup_r
                0x000000000000d200        0xa c:/mounriver/mounriver_studio/toolchain/risc-v embedded gcc/bin/../lib/gcc/riscv-none-embed/8.2.0/../../../../riscv-none-embed/lib/rv32imacxw/ilp32\libg_nano.a(lib_a-findfp.o)
                0x000000000000d200                _cleanup_r
 .text.__sfmoreglue
                0x000000000000d20a       0x48 c:/mounriver/mounriver_studio/toolchain/risc-v embedded gcc/bin/../lib/gcc/riscv-none-embed/8.2.0/../../../../riscv-none-embed/lib/rv32imacxw/ilp32\libg_nano.a(lib_a-findfp.o)
                0x000000000000d20a                __sfmoreglue
 .text.__sinit  0x000000000000d252       0x6c c:/mounriver/mounriver_studio/toolchain/risc-v embedded gcc/bin/../lib/gcc/riscv-none-embed/8.2.0/../../../../riscv-none-embed/lib/rv32imacxw/ilp32\libg_nano.a(lib_a-findfp.o)
                0x000000000000d252                __sinit
 .text.__sfp    0x000000000000d2be       0xa0 c:/mounriver/mounriver_studio/toolchain/risc-v embedded gcc/bin/../lib/gcc/riscv-none-embed/8.2.0/../../../../riscv-none-embed/lib/rv32imacxw/ilp32\libg_nano.a(lib_a-findfp.o)
                0x000000000000d2be                __sfp
 .text._fwalk_reent
                0x000000000000d35e       0x6a c:/mounriver/mounriver_studio/toolchain/risc-v embedded gcc/bin/../lib/gcc/riscv-none-embed/8.2.0/../../../../riscv-none-embed/lib/rv32imacxw/ilp32\libg_nano.a(lib_a-fwalk.o)
                0x000000000000d35e                _fwalk_reent
 .text.__malloc_lock
                0x000000000000d3c8        0x2 c:/mounriver/mounriver_studio/toolchain/risc-v embedded gcc/bin/../lib/gcc/riscv-none-embed/8.2.0/../../../../riscv-none-embed/lib/rv32imacxw/ilp32\libg_nano.a(lib_a-mlock.o)
                0x000000000000d3c8                __malloc_lock
 .text.__malloc_unlock
                0x000000000000d3ca        0x2 c:/mounriver/mounriver_studio/toolchain/risc-v embedded gcc/bin/../lib/gcc/riscv-none-embed/8.2.0/../../../../riscv-none-embed/lib/rv32imacxw/ilp32\libg_nano.a(lib_a-mlock.o)
                0x000000000000d3ca                __malloc_unlock
 .text.__sfputc_r
                0x000000000000d3cc       0x26 c:/mounriver/mounriver_studio/toolchain/risc-v embedded gcc/bin/../lib/gcc/riscv-none-embed/8.2.0/../../../../riscv-none-embed/lib/rv32imacxw/ilp32\libg_nano.a(lib_a-nano-vfprintf.o)
 .text.__sfputs_r
                0x000000000000d3f2       0x42 c:/mounriver/mounriver_studio/toolchain/risc-v embedded gcc/bin/../lib/gcc/riscv-none-embed/8.2.0/../../../../riscv-none-embed/lib/rv32imacxw/ilp32\libg_nano.a(lib_a-nano-vfprintf.o)
                0x000000000000d3f2                __sfputs_r
 .text._vfprintf_r
                0x000000000000d434      0x28c c:/mounriver/mounriver_studio/toolchain/risc-v embedded gcc/bin/../lib/gcc/riscv-none-embed/8.2.0/../../../../riscv-none-embed/lib/rv32imacxw/ilp32\libg_nano.a(lib_a-nano-vfprintf.o)
                0x000000000000d434                _vfprintf_r
                0x000000000000d434                _vfiprintf_r
 .text._printf_common
                0x000000000000d6c0      0x10c c:/mounriver/mounriver_studio/toolchain/risc-v embedded gcc/bin/../lib/gcc/riscv-none-embed/8.2.0/../../../../riscv-none-embed/lib/rv32imacxw/ilp32\libg_nano.a(lib_a-nano-vfprintf_i.o)
                0x000000000000d6c0                _printf_common
 .text._printf_i
                0x000000000000d7cc      0x2a2 c:/mounriver/mounriver_studio/toolchain/risc-v embedded gcc/bin/../lib/gcc/riscv-none-embed/8.2.0/../../../../riscv-none-embed/lib/rv32imacxw/ilp32\libg_nano.a(lib_a-nano-vfprintf_i.o)
                0x000000000000d7cc                _printf_i
 .text.__sread  0x000000000000da6e       0x2c c:/mounriver/mounriver_studio/toolchain/risc-v embedded gcc/bin/../lib/gcc/riscv-none-embed/8.2.0/../../../../riscv-none-embed/lib/rv32imacxw/ilp32\libg_nano.a(lib_a-stdio.o)
                0x000000000000da6e                __sread
 .text.__swrite
                0x000000000000da9a       0x48 c:/mounriver/mounriver_studio/toolchain/risc-v embedded gcc/bin/../lib/gcc/riscv-none-embed/8.2.0/../../../../riscv-none-embed/lib/rv32imacxw/ilp32\libg_nano.a(lib_a-stdio.o)
                0x000000000000da9a                __swrite
 .text.__sseek  0x000000000000dae2       0x30 c:/mounriver/mounriver_studio/toolchain/risc-v embedded gcc/bin/../lib/gcc/riscv-none-embed/8.2.0/../../../../riscv-none-embed/lib/rv32imacxw/ilp32\libg_nano.a(lib_a-stdio.o)
                0x000000000000dae2                __sseek
 .text.__sclose
                0x000000000000db12        0x6 c:/mounriver/mounriver_studio/toolchain/risc-v embedded gcc/bin/../lib/gcc/riscv-none-embed/8.2.0/../../../../riscv-none-embed/lib/rv32imacxw/ilp32\libg_nano.a(lib_a-stdio.o)
                0x000000000000db12                __sclose
 .text.__swbuf_r
                0x000000000000db18       0xbe c:/mounriver/mounriver_studio/toolchain/risc-v embedded gcc/bin/../lib/gcc/riscv-none-embed/8.2.0/../../../../riscv-none-embed/lib/rv32imacxw/ilp32\libg_nano.a(lib_a-wbuf.o)
                0x000000000000db18                __swbuf_r
 .text._write_r
                0x000000000000dbd6       0x36 c:/mounriver/mounriver_studio/toolchain/risc-v embedded gcc/bin/../lib/gcc/riscv-none-embed/8.2.0/../../../../riscv-none-embed/lib/rv32imacxw/ilp32\libg_nano.a(lib_a-writer.o)
                0x000000000000dbd6                _write_r
 .text.__swsetup_r
                0x000000000000dc0c      0x100 c:/mounriver/mounriver_studio/toolchain/risc-v embedded gcc/bin/../lib/gcc/riscv-none-embed/8.2.0/../../../../riscv-none-embed/lib/rv32imacxw/ilp32\libg_nano.a(lib_a-wsetup.o)
                0x000000000000dc0c                __swsetup_r
 .text._close_r
                0x000000000000dd0c       0x30 c:/mounriver/mounriver_studio/toolchain/risc-v embedded gcc/bin/../lib/gcc/riscv-none-embed/8.2.0/../../../../riscv-none-embed/lib/rv32imacxw/ilp32\libg_nano.a(lib_a-closer.o)
                0x000000000000dd0c                _close_r
 .text.__sflush_r
                0x000000000000dd3c      0x132 c:/mounriver/mounriver_studio/toolchain/risc-v embedded gcc/bin/../lib/gcc/riscv-none-embed/8.2.0/../../../../riscv-none-embed/lib/rv32imacxw/ilp32\libg_nano.a(lib_a-fflush.o)
                0x000000000000dd3c                __sflush_r
 .text._fflush_r
                0x000000000000de6e       0x68 c:/mounriver/mounriver_studio/toolchain/risc-v embedded gcc/bin/../lib/gcc/riscv-none-embed/8.2.0/../../../../riscv-none-embed/lib/rv32imacxw/ilp32\libg_nano.a(lib_a-fflush.o)
                0x000000000000de6e                _fflush_r
 .text._lseek_r
                0x000000000000ded6       0x34 c:/mounriver/mounriver_studio/toolchain/risc-v embedded gcc/bin/../lib/gcc/riscv-none-embed/8.2.0/../../../../riscv-none-embed/lib/rv32imacxw/ilp32\libg_nano.a(lib_a-lseekr.o)
                0x000000000000ded6                _lseek_r
 .text.__swhatbuf_r
                0x000000000000df0a       0x56 c:/mounriver/mounriver_studio/toolchain/risc-v embedded gcc/bin/../lib/gcc/riscv-none-embed/8.2.0/../../../../riscv-none-embed/lib/rv32imacxw/ilp32\libg_nano.a(lib_a-makebuf.o)
                0x000000000000df0a                __swhatbuf_r
 .text.__smakebuf_r
                0x000000000000df60       0x92 c:/mounriver/mounriver_studio/toolchain/risc-v embedded gcc/bin/../lib/gcc/riscv-none-embed/8.2.0/../../../../riscv-none-embed/lib/rv32imacxw/ilp32\libg_nano.a(lib_a-makebuf.o)
                0x000000000000df60                __smakebuf_r
 .text.memchr   0x000000000000dff2       0x18 c:/mounriver/mounriver_studio/toolchain/risc-v embedded gcc/bin/../lib/gcc/riscv-none-embed/8.2.0/../../../../riscv-none-embed/lib/rv32imacxw/ilp32\libg_nano.a(lib_a-memchr.o)
                0x000000000000dff2                memchr
 .text._read_r  0x000000000000e00a       0x34 c:/mounriver/mounriver_studio/toolchain/risc-v embedded gcc/bin/../lib/gcc/riscv-none-embed/8.2.0/../../../../riscv-none-embed/lib/rv32imacxw/ilp32\libg_nano.a(lib_a-readr.o)
                0x000000000000e00a                _read_r
 .text._fstat_r
                0x000000000000e03e       0x32 c:/mounriver/mounriver_studio/toolchain/risc-v embedded gcc/bin/../lib/gcc/riscv-none-embed/8.2.0/../../../../riscv-none-embed/lib/rv32imacxw/ilp32\libg_nano.a(lib_a-fstatr.o)
                0x000000000000e03e                _fstat_r
 .text._isatty_r
                0x000000000000e070       0x30 c:/mounriver/mounriver_studio/toolchain/risc-v embedded gcc/bin/../lib/gcc/riscv-none-embed/8.2.0/../../../../riscv-none-embed/lib/rv32imacxw/ilp32\libg_nano.a(lib_a-isattyr.o)
                0x000000000000e070                _isatty_r
 .text._close   0x000000000000e0a0       0x10 c:/mounriver/mounriver_studio/toolchain/risc-v embedded gcc/bin/../lib/gcc/riscv-none-embed/8.2.0/../../../../riscv-none-embed/lib/rv32imacxw/ilp32\libnosys.a(close.o)
                0x000000000000e0a0                _close
 .text._fstat   0x000000000000e0b0       0x10 c:/mounriver/mounriver_studio/toolchain/risc-v embedded gcc/bin/../lib/gcc/riscv-none-embed/8.2.0/../../../../riscv-none-embed/lib/rv32imacxw/ilp32\libnosys.a(fstat.o)
                0x000000000000e0b0                _fstat