Archive member included to satisfy reference by file (symbol)

c:/mounriver/mounriver_studio/toolchain/risc-v embedded gcc/bin/../lib/gcc/riscv-none-embed/8.2.0/rv32imacxw/ilp32\libgcc.a(addsf3.o)
                              ./User/DataModel.o (__addsf3)
c:/mounriver/mounriver_studio/toolchain/risc-v embedded gcc/bin/../lib/gcc/riscv-none-embed/8.2.0/rv32imacxw/ilp32\libgcc.a(divsf3.o)
                              ./User/DataModel.o (__divsf3)
c:/mounriver/mounriver_studio/toolchain/risc-v embedded gcc/bin/../lib/gcc/riscv-none-embed/8.2.0/rv32imacxw/ilp32\libgcc.a(eqsf2.o)
                              ./HWLIB/hw_lib_din.o (__nesf2)
c:/mounriver/mounriver_studio/toolchain/risc-v embedded gcc/bin/../lib/gcc/riscv-none-embed/8.2.0/rv32imacxw/ilp32\libgcc.a(gesf2.o)
                              ./User/inputs.o (__gesf2)
c:/mounriver/mounriver_studio/toolchain/risc-v embedded gcc/bin/../lib/gcc/riscv-none-embed/8.2.0/rv32imacxw/ilp32\libgcc.a(lesf2.o)
                              ./HWLIB/hw_lib_adc.o (__lesf2)
c:/mounriver/mounriver_studio/toolchain/risc-v embedded gcc/bin/../lib/gcc/riscv-none-embed/8.2.0/rv32imacxw/ilp32\libgcc.a(mulsf3.o)
                              ./User/dash_draw.o (__mulsf3)
c:/mounriver/mounriver_studio/toolchain/risc-v embedded gcc/bin/../lib/gcc/riscv-none-embed/8.2.0/rv32imacxw/ilp32\libgcc.a(subsf3.o)
                              ./User/inputs.o (__subsf3)
c:/mounriver/mounriver_studio/toolchain/risc-v embedded gcc/bin/../lib/gcc/riscv-none-embed/8.2.0/rv32imacxw/ilp32\libgcc.a(fixsfsi.o)
                              ./User/dash_draw.o (__fixsfsi)
c:/mounriver/mounriver_studio/toolchain/risc-v embedded gcc/bin/../lib/gcc/riscv-none-embed/8.2.0/rv32imacxw/ilp32\libgcc.a(fixunssfsi.o)
                              ./User/DataModel.o (__fixunssfsi)
c:/mounriver/mounriver_studio/toolchain/risc-v embedded gcc/bin/../lib/gcc/riscv-none-embed/8.2.0/rv32imacxw/ilp32\libgcc.a(floatsisf.o)
                              ./User/DataModel.o (__floatsisf)
c:/mounriver/mounriver_studio/toolchain/risc-v embedded gcc/bin/../lib/gcc/riscv-none-embed/8.2.0/rv32imacxw/ilp32\libgcc.a(floatunsisf.o)
                              ./User/DataModel.o (__floatunsisf)
c:/mounriver/mounriver_studio/toolchain/risc-v embedded gcc/bin/../lib/gcc/riscv-none-embed/8.2.0/rv32imacxw/ilp32\libgcc.a(save-restore.o)
                              ./User/inputs.o (__riscv_save_12)
c:/mounriver/mounriver_studio/toolchain/risc-v embedded gcc/bin/../lib/gcc/riscv-none-embed/8.2.0/rv32imacxw/ilp32\libgcc.a(_clzsi2.o)
                              c:/mounriver/mounriver_studio/toolchain/risc-v embedded gcc/bin/../lib/gcc/riscv-none-embed/8.2.0/rv32imacxw/ilp32\libgcc.a(addsf3.o) (__clzsi2)
c:/mounriver/mounriver_studio/toolchain/risc-v embedded gcc/bin/../lib/gcc/riscv-none-embed/8.2.0/rv32imacxw/ilp32\libgcc.a(_clz.o)
                              c:/mounriver/mounriver_studio/toolchain/risc-v embedded gcc/bin/../lib/gcc/riscv-none-embed/8.2.0/rv32imacxw/ilp32\libgcc.a(_clzsi2.o) (__clz_tab)
c:/mounriver/mounriver_studio/toolchain/risc-v embedded gcc/bin/../lib/gcc/riscv-none-embed/8.2.0/../../../../riscv-none-embed/lib/rv32imacxw/ilp32\libg_nano.a(lib_a-calloc.o)
                              ./CANopenNode/CANopen.o (calloc)
c:/mounriver/mounriver_studio/toolchain/risc-v embedded gcc/bin/../lib/gcc/riscv-none-embed/8.2.0/../../../../riscv-none-embed/lib/rv32imacxw/ilp32\libg_nano.a(lib_a-impure.o)
                              c:/mounriver/mounriver_studio/toolchain/risc-v embedded gcc/bin/../lib/gcc/riscv-none-embed/8.2.0/../../../../riscv-none-embed/lib/rv32imacxw/ilp32\libg_nano.a(lib_a-calloc.o) (_impure_ptr)
c:/mounriver/mounriver_studio/toolchain/risc-v embedded gcc/bin/../lib/gcc/riscv-none-embed/8.2.0/../../../../riscv-none-embed/lib/rv32imacxw/ilp32\libg_nano.a(lib_a-malloc.o)
                              ./CANopenNode/CANopen.o (free)
c:/mounriver/mounriver_studio/toolchain/risc-v embedded gcc/bin/../lib/gcc/riscv-none-embed/8.2.0/../../../../riscv-none-embed/lib/rv32imacxw/ilp32\libg_nano.a(lib_a-memcpy.o)
                              ./User/DataModel.o (memcpy)
c:/mounriver/mounriver_studio/toolchain/risc-v embedded gcc/bin/../lib/gcc/riscv-none-embed/8.2.0/../../../../riscv-none-embed/lib/rv32imacxw/ilp32\libg_nano.a(lib_a-memmove.o)
                              ./CANopenNode/301/CO_SDOserver.o (memmove)
c:/mounriver/mounriver_studio/toolchain/risc-v embedded gcc/bin/../lib/gcc/riscv-none-embed/8.2.0/../../../../riscv-none-embed/lib/rv32imacxw/ilp32\libg_nano.a(lib_a-memset.o)
                              ./User/DataModel.o (memset)
c:/mounriver/mounriver_studio/toolchain/risc-v embedded gcc/bin/../lib/gcc/riscv-none-embed/8.2.0/../../../../riscv-none-embed/lib/rv32imacxw/ilp32\libg_nano.a(lib_a-nano-callocr.o)
[...]
Memory Configuration

Name             Origin             Length             Attributes
FLASH            0x0000000000000000 0x0000000000010000 xr
RAM              0x0000000020000000 0x0000000000005000 xrw
*default*        0x0000000000000000 0xffffffffffffffff

Linker script and memory map

LOAD ./User/CanOpenNode.o
LOAD ./User/DataModel.o
LOAD ./User/ch32v20x_it.o
LOAD ./User/dash_draw.o
LOAD ./User/init.o
LOAD ./User/inputs.o
LOAD ./User/led.o
LOAD ./User/main.o
LOAD ./User/process.o
LOAD ./User/system_ch32v20x.o
LOAD ./User/system_init.o
LOAD ./Startup/startup_ch32v20x_D6.o
LOAD ./Peripheral/src/ch32v20x_adc.o
LOAD ./Peripheral/src/ch32v20x_bkp.o
LOAD ./Peripheral/src/ch32v20x_can.o
LOAD ./Peripheral/src/ch32v20x_crc.o
LOAD ./Peripheral/src/ch32v20x_dbgmcu.o
LOAD ./Peripheral/src/ch32v20x_dma.o
LOAD ./Peripheral/src/ch32v20x_exti.o
LOAD ./Peripheral/src/ch32v20x_flash.o
LOAD ./Peripheral/src/ch32v20x_gpio.o
LOAD ./Peripheral/src/ch32v20x_i2c.o
LOAD ./Peripheral/src/ch32v20x_iwdg.o
LOAD ./Peripheral/src/ch32v20x_misc.o
LOAD ./Peripheral/src/ch32v20x_opa.o
LOAD ./Peripheral/src/ch32v20x_pwr.o
LOAD ./Peripheral/src/ch32v20x_rcc.o
LOAD ./Peripheral/src/ch32v20x_rtc.o
LOAD ./Peripheral/src/ch32v20x_spi.o
LOAD ./Peripheral/src/ch32v20x_tim.o
LOAD ./Peripheral/src/ch32v20x_usart.o
LOAD ./Peripheral/src/ch32v20x_wwdg.o
LOAD ./HWLIB/hw_lib_adc.o
LOAD ./HWLIB/hw_lib_din.o
LOAD ./HWLIB/hw_lib_eeprom.o
LOAD ./HWLIB/hw_lib_keyboard.o
LOAD ./HAL/hal_adc.o
LOAD ./HAL/hal_can.o
LOAD ./HAL/hal_dma.o
LOAD ./HAL/hal_gpio.o
LOAD ./HAL/hal_i2c.o
LOAD ./HAL/hal_rtc.o
LOAD ./HAL/hal_spi.o
LOAD ./HAL/hal_timers.o
LOAD ./HAL/hal_wdt.o
LOAD ./FreeRTOS/portable/MemMang/heap_4.o
LOAD ./FreeRTOS/portable/GCC/RISC-V/port.o
LOAD ./FreeRTOS/portable/GCC/RISC-V/portASM.o
LOAD ./FreeRTOS/croutine.o
LOAD ./FreeRTOS/event_groups.o
LOAD ./FreeRTOS/list.o
LOAD ./FreeRTOS/queue.o
LOAD ./FreeRTOS/stream_buffer.o
LOAD ./FreeRTOS/tasks.o
LOAD ./FreeRTOS/timers.o
LOAD ./Drivers/filters.o
LOAD ./Debug/debug.o
LOAD ./Core/core_riscv.o
LOAD ./CANopenNode/keypad/CO_driver_ST32F103.o
LOAD ./CANopenNode/keypad/OD.o
LOAD ./CANopenNode/extra/CO_trace.o
LOAD ./CANopenNode/309/CO_gateway_ascii.o
LOAD ./CANopenNode/305/CO_LSSmaster.o
LOAD ./CANopenNode/305/CO_LSSslave.o
LOAD ./CANopenNode/304/CO_GFC.o
LOAD ./CANopenNode/304/CO_SRDO.o
LOAD ./CANopenNode/303/CO_LEDs.o
LOAD ./CANopenNode/301/CO_Emergency.o
LOAD ./CANopenNode/301/CO_HBconsumer.o
LOAD ./CANopenNode/301/CO_NMT_Heartbeat.o
LOAD ./CANopenNode/301/CO_Node_Guarding.o
LOAD ./CANopenNode/301/CO_ODinterface.o
LOAD ./CANopenNode/301/CO_PDO.o
LOAD ./CANopenNode/301/CO_SDOclient.o
LOAD ./CANopenNode/301/CO_SDOserver.o
LOAD ./CANopenNode/301/CO_SYNC.o
LOAD ./CANopenNode/301/CO_TIME.o
LOAD ./CANopenNode/301/CO_fifo.o
LOAD ./CANopenNode/301/crc16-ccitt.o
LOAD ./CANopenNode/CANopen.o
LOAD c:/mounriver/mounriver_studio/toolchain/risc-v embedded gcc/bin/../lib/gcc/riscv-none-embed/8.2.0/../../../../riscv-none-embed/lib/rv32imacxw/ilp32\libm.a
LOAD c:/mounriver/mounriver_studio/toolchain/risc-v embedded gcc/bin/../lib/gcc/riscv-none-embed/8.2.0/rv32imacxw/ilp32\libgcc.a
LOAD c:/mounriver/mounriver_studio/toolchain/risc-v embedded gcc/bin/../lib/gcc/riscv-none-embed/8.2.0/../../../../riscv-none-embed/lib/rv32imacxw/ilp32\libg_nano.a
LOAD c:/mounriver/mounriver_studio/toolchain/risc-v embedded gcc/bin/../lib/gcc/riscv-none-embed/8.2.0/../../../../riscv-none-embed/lib/rv32imacxw/ilp32\libc_nano.a
LOAD c:/mounriver/mounriver_studio/toolchain/risc-v embedded gcc/bin/../lib/gcc/riscv-none-embed/8.2.0/rv32imacxw/ilp32\libgcc.a
START GROUP
LOAD c:/mounriver/mounriver_studio/toolchain/risc-v embedded gcc/bin/../lib/gcc/riscv-none-embed/8.2.0/rv32imacxw/ilp32\libgcc.a
LOAD c:/mounriver/mounriver_studio/toolchain/risc-v embedded gcc/bin/../lib/gcc/riscv-none-embed/8.2.0/../../../../riscv-none-embed/lib/rv32imacxw/ilp32\libc_nano.a
LOAD c:/mounriver/mounriver_studio/toolchain/risc-v embedded gcc/bin/../lib/gcc/riscv-none-embed/8.2.0/../../../../riscv-none-embed/lib/rv32imacxw/ilp32\libnosys.a
END GROUP
START GROUP
LOAD c:/mounriver/mounriver_studio/toolchain/risc-v embedded gcc/bin/../lib/gcc/riscv-none-embed/8.2.0/rv32imacxw/ilp32\libgcc.a
LOAD c:/mounriver/mounriver_studio/toolchain/risc-v embedded gcc/bin/../lib/gcc/riscv-none-embed/8.2.0/../../../../riscv-none-embed/lib/rv32imacxw/ilp32\libc_nano.a
LOAD c:/mounriver/mounriver_studio/toolchain/risc-v embedded gcc/bin/../lib/gcc/riscv-none-embed/8.2.0/../../../../riscv-none-embed/lib/rv32imacxw/ilp32\libnosys.a
END GROUP
                0x0000000000000be8                __stack_size = 0xbe8
                [!provide]                        PROVIDE (_stack_size = __stack_size)

.init           0x0000000000000000       0x38
                0x0000000000000000                _sinit = .
                0x0000000000000000                . = ALIGN (0x4)
 *(SORT_NONE(.init))
 .init          0x0000000000000000       0x38 ./Startup/startup_ch32v20x_D6.o
                0x0000000000000000                _start
                0x0000000000000038                . = ALIGN (0x4)
                0x0000000000000038                _einit = .

.vector         0x0000000000000038      0x108
 *(.vector)
 .vector        0x0000000000000038       0xfc ./Startup/startup_ch32v20x_D6.o
                0x0000000000000140                . = ALIGN (0x40)
 *fill*         0x0000000000000134        0xc 

.text           0x0000000000000200     0xf34c
                0x0000000000000200                . = ALIGN (0x4)
 *(.text)
 .text          0x0000000000000200      0x2ee ./FreeRTOS/portable/GCC/RISC-V/portASM.o
                0x0000000000000200                SW_Handler
                0x0000000000000300                xPortStartFirstTask
                0x0000000000000400                pxPortInitialiseStack
 .text          0x00000000000004ee       0x60 c:/mounriver/mounriver_studio/toolchain/risc-v embedded gcc/bin/../lib/gcc/riscv-none-embed/8.2.0/rv32imacxw/ilp32\libgcc.a(save-restore.o)
                0x00000000000004ee                __riscv_save_12
                0x00000000000004f6                __riscv_save_9
                0x00000000000004f6                __riscv_save_11
                0x00000000000004f6                __riscv_save_10
                0x00000000000004f6                __riscv_save_8
                0x0000000000000504                __riscv_save_4
                0x0000000000000504                __riscv_save_6
                0x0000000000000504                __riscv_save_5
                0x0000000000000504                __riscv_save_7
                0x000000000000051e                __riscv_save_3
                0x000000000000051e                __riscv_save_2
                0x000000000000051e                __riscv_save_1
                0x000000000000051e                __riscv_save_0
                0x000000000000052a                __riscv_restore_12
                0x000000000000052e                __riscv_restore_11
                0x000000000000052e                __riscv_restore_9
                0x000000000000052e                __riscv_restore_10
                0x000000000000052e                __riscv_restore_8
                0x0000000000000538                __riscv_restore_5
                0x0000000000000538                __riscv_restore_7
                0x0000000000000538                __riscv_restore_6
                0x0000000000000538                __riscv_restore_4
                0x0000000000000542                __riscv_restore_3
                0x0000000000000542                __riscv_restore_0
                0x0000000000000542                __riscv_restore_2
                0x0000000000000542                __riscv_restore_1
 .text          0x000000000000054e       0xa8 c:/mounriver/mounriver_studio/toolchain/risc-v embedded gcc/bin/../lib/gcc/riscv-none-embed/8.2.0/../../../../riscv-none-embed/lib/rv32imacxw/ilp32\libg_nano.a(lib_a-memset.o)
                0x000000000000054e                memset
 *(.text.*)
 .text.xCanOpenProcessTaskHandle
                0x00000000000005f6        0xa ./User/CanOpenNode.o
                0x00000000000005f6                xCanOpenProcessTaskHandle
 .text.xCanOpenPeriodicTaskHandle
                0x0000000000000600        0xa ./User/CanOpenNode.o
                0x0000000000000600                xCanOpenPeriodicTaskHandle
 .text.vCanOpenInit
                0x000000000000060a        0xa ./User/CanOpenNode.o
                0x000000000000060a                vCanOpenInit
 .text.vCanOpenProcess
                0x0000000000000614      0x192 ./User/CanOpenNode.o
                0x0000000000000614                vCanOpenProcess
 .text.vCanOpenPeriodicProcess
                0x00000000000007a6       0x82 ./User/CanOpenNode.o
                0x00000000000007a6                vCanOpenPeriodicProcess
 .text.xDataRegQueue
                0x0000000000000828        0xa ./User/DataModel.o
                0x0000000000000828                xDataRegQueue
 .text.vDataModelRegDelayWrite
                0x0000000000000832       0x34 ./User/DataModel.o
                0x0000000000000832                vDataModelRegDelayWrite
 .text.setReg32
                0x0000000000000866       0x1a ./User/DataModel.o
                0x0000000000000866                setReg32
 .text.setReg16
                0x0000000000000880        0xe ./User/DataModel.o
                0x0000000000000880                setReg16
 .text.setReg8  0x000000000000088e        0xa ./User/DataModel.o
                0x000000000000088e                setReg8
 .text.SaveReg16
                0x0000000000000898       0x14 ./User/DataModel.o
                0x0000000000000898                SaveReg16
 .text.getReg16
                0x00000000000008ac       0x10 ./User/DataModel.o
                0x00000000000008ac                getReg16
 .text.DataModel_Init
                0x00000000000008bc      0x430 ./User/DataModel.o
                0x00000000000008bc                DataModel_Init
 .text.getReg32
                0x0000000000000cec       0x1c ./User/DataModel.o
                0x0000000000000cec                getReg32
 .text.getReg8  0x0000000000000d08        0xa ./User/DataModel.o
                0x0000000000000d08                getReg8
 .text.WriteRegAfterDelay
                0x0000000000000d12       0x60 ./User/DataModel.o
                0x0000000000000d12                WriteRegAfterDelay
 .text.WriteReg
                0x0000000000000d72       0x56 ./User/DataModel.o
                0x0000000000000d72                WriteReg
 .text.vGetBitrate
                0x0000000000000dc8       0x2a ./User/DataModel.o
                0x0000000000000dc8                vGetBitrate
 .text.vFDGetNMTState
                0x0000000000000df2        0x6 ./User/DataModel.o
                0x0000000000000df2                vFDGetNMTState
 .text.vGetNodeId
                0x0000000000000df8        0x6 ./User/DataModel.o
                0x0000000000000df8                vGetNodeId
 .text.vIncrementSystemCounters
                0x0000000000000dfe       0x68 ./User/DataModel.o
                0x0000000000000dfe                vIncrementSystemCounters
 .text.vSaveData
                0x0000000000000e66       0x2c ./User/DataModel.o
                0x0000000000000e66                vSaveData
 .text.getOdometr
                0x0000000000000e92       0x12 ./User/DataModel.o
                0x0000000000000e92                getOdometr
 .text.NMI_Handler
                0x0000000000000ea4        0x2 ./User/ch32v20x_it.o
                0x0000000000000ea4                NMI_Handler
 .text.HardFault_Handler
                0x0000000000000ea6        0x2 ./User/ch32v20x_it.o
                0x0000000000000ea6                HardFault_Handler
 .text.SegPrint.constprop.6
                0x0000000000000ea8       0x56 ./User/dash_draw.o
 .text.xProcessTaskHandle
                0x0000000000000efe        0xa ./User/dash_draw.o
                0x0000000000000efe                xProcessTaskHandle
 .text.vSetErrorReg
                0x0000000000000f08        0xa ./User/dash_draw.o
                0x0000000000000f08                vSetErrorReg
 .text.getODValue
                0x0000000000000f12      0x126 ./User/dash_draw.o
                0x0000000000000f12                getODValue
 .text.IncMenuIndex
                0x0000000000001038       0x80 ./User/dash_draw.o
                0x0000000000001038                IncMenuIndex
 .text.GoToHome
                0x00000000000010b8       0x12 ./User/dash_draw.o
                0x00000000000010b8                GoToHome
 .text.SetCurMenuHome
                0x00000000000010ca       0x1e ./User/dash_draw.o
                0x00000000000010ca                SetCurMenuHome
 .text.GetCurMenuHome
                0x00000000000010e8        0x6 ./User/dash_draw.o
                0x00000000000010e8                GetCurMenuHome
 .text.SetCurrentMenu
                0x00000000000010ee       0x12 ./User/dash_draw.o
                0x00000000000010ee                SetCurrentMenu
 .text.SetDefault
                0x0000000000001100       0x28 ./User/dash_draw.o
                0x0000000000001100                SetDefault
 .text.MenuBackHomeCheck
                0x0000000000001128       0x38 ./User/dash_draw.o
                0x0000000000001128                MenuBackHomeCheck
 .text.CheckMenuChannel
                0x0000000000001160       0x20 ./User/dash_draw.o
                0x0000000000001160                CheckMenuChannel
 .text.vDashDrawInit
                0x0000000000001180       0x80 ./User/dash_draw.o
                0x0000000000001180                vDashDrawInit
 .text.vMenuBlink
                0x0000000000001200       0x4a ./User/dash_draw.o
                0x0000000000001200                vMenuBlink
 .text.SetErrorRegiter
                0x000000000000124a       0x5e ./User/dash_draw.o
                0x000000000000124a                SetErrorRegiter
 .text.uGetCurrMenu
                0x00000000000012a8       0x26 ./User/dash_draw.o
                0x00000000000012a8                uGetCurrMenu
 .text.vRGBOff  0x00000000000012ce       0x26 ./User/dash_draw.o
                0x00000000000012ce                vRGBOff
 .text.vGetEdgeData
                0x00000000000012f4       0x2a ./User/dash_draw.o
                0x00000000000012f4                vGetEdgeData
 .text.vRGBMode
                0x000000000000131e       0xd2 ./User/dash_draw.o
                0x000000000000131e                vRGBMode
 .text.vBarColorMode
                0x00000000000013f0       0xc2 ./User/dash_draw.o
                0x00000000000013f0                vBarColorMode
 .text.vBarWindowMode
                0x00000000000014b2       0x5a ./User/dash_draw.o
                0x00000000000014b2                vBarWindowMode
 .text.vBarMode
                0x000000000000150c       0x66 ./User/dash_draw.o
                0x000000000000150c                vBarMode
 .text.RedrawNotifyTaskToInit
                0x0000000000001572       0x28 ./User/dash_draw.o
                0x0000000000001572                RedrawNotifyTaskToInit
 .text.vRedrawTask
                0x000000000000159a      0x5e8 ./User/dash_draw.o
                0x000000000000159a                vRedrawTask
 .text.vInit_DeviceConfig
                0x0000000000001b82      0x162 ./User/init.o
                0x0000000000001b82                vInit_DeviceConfig
 .text.ADC1_Event
                0x0000000000001ce4       0x48 ./User/inputs.o
                0x0000000000001ce4                ADC1_Event
 .text.CaptureDMACallBack
                0x0000000000001d2c       0x30 ./User/inputs.o
                0x0000000000001d2c                CaptureDMACallBack
 .text.CaptureDMACallBack_1
                0x0000000000001d5c       0x30 ./User/inputs.o
                0x0000000000001d5c                CaptureDMACallBack_1
 .text.fDinStateCallback
                0x0000000000001d8c       0x32 ./User/inputs.o
                0x0000000000001d8c                fDinStateCallback
 .text.vSetDoutState
                0x0000000000001dbe       0x28 ./User/inputs.o
                0x0000000000001dbe                vSetDoutState
 .text.getInputsTaskHandle
                0x0000000000001de6        0xa ./User/inputs.o
                0x0000000000001de6                getInputsTaskHandle
 .text.InputsNotifyTaskToInit
                0x0000000000001df0       0x28 ./User/inputs.o
                0x0000000000001df0                InputsNotifyTaskToInit
 .text.ADC1_Init
                0x0000000000001e18       0x54 ./User/inputs.o
                0x0000000000001e18                ADC1_Init
 .text.ADC_FSM  0x0000000000001e6c       0xfe ./User/inputs.o
                0x0000000000001e6c                ADC_FSM
 .text.GetAIN   0x0000000000001f6a        0xc ./User/inputs.o
                0x0000000000001f6a                GetAIN
 .text.vInputsTask
                0x0000000000001f76      0x2a6 ./User/inputs.o
                0x0000000000001f76                vInputsTask
 .text.SPI1_DMA_Callback
                0x000000000000221c       0x38 ./User/led.o
                0x000000000000221c                SPI1_DMA_Callback
 .text.SPI2_DMA_Callback
                0x0000000000002254       0x3e ./User/led.o
                0x0000000000002254                SPI2_DMA_Callback
 .text.SetBarState
                0x0000000000002292       0x50 ./User/led.o
                0x0000000000002292                SetBarState
 .text.SetRGB   0x00000000000022e2       0x50 ./User/led.o
                0x00000000000022e2                SetRGB
 .text.SetSegDirect
                0x0000000000002332       0x9c ./User/led.o
                0x0000000000002332                SetSegDirect
 .text.SetSegPoint
                0x00000000000023ce       0x22 ./User/led.o
                0x00000000000023ce                SetSegPoint
 .text.SetSEG   0x00000000000023f0      0x120 ./User/led.o
                0x00000000000023f0                SetSEG
 .text.SetBigSeg
                0x0000000000002510       0x14 ./User/led.o
                0x0000000000002510                SetBigSeg
 .text.vSetBrigth
                0x0000000000002524       0x2a ./User/led.o
                0x0000000000002524                vSetBrigth
 .text.vLedDriverStart
                0x000000000000254e       0x62 ./User/led.o
                0x000000000000254e                vLedDriverStart
 .text.vLedProcess
                0x00000000000025b0       0x24 ./User/led.o
                0x00000000000025b0                vLedProcess
 .text.vRGBProcess
                0x00000000000025d4       0xc0 ./User/led.o
                0x00000000000025d4                vRGBProcess
 .text.startup.main
                0x0000000000002694       0x20 ./User/main.o
                0x0000000000002694                main
 .text.vRestartNode
                0x00000000000026b4        0x2 ./User/main.o
                0x00000000000026b4                vRestartNode
 .text.Error_Handler
                0x00000000000026b6        0x8 ./User/main.o
                0x00000000000026b6                Error_Handler
 .text.OD_writeRGBMAP
                0x00000000000026be       0x30 ./User/process.o
 .text.OD_readMenuMap
                0x00000000000026ee       0x24 ./User/process.o
 .text.OD_readRGBMAP
                0x0000000000002712       0x22 ./User/process.o
 .text.OD_readBar
                0x0000000000002734       0x22 ./User/process.o
 .text.OD_readDIN
                0x0000000000002756       0x1c ./User/process.o
 .text.OD_writeMenuSetup
                0x0000000000002772       0x46 ./User/process.o
 .text.OD_writeBoardSettings
                0x00000000000027b8       0x78 ./User/process.o
 .text.CO_getUint16
                0x0000000000002830       0x10 ./User/process.o
 .text.OD_writeSEG
                0x0000000000002840       0x40 ./User/process.o
 .text.OD_writeBAR
                0x0000000000002880       0x30 ./User/process.o
 .text.OD_writeRPMConfig
                0x00000000000028b0       0x36 ./User/process.o
 .text.CO_getUint32
                0x00000000000028e6       0x18 ./User/process.o
 .text.OD_writeMenuMap
                0x00000000000028fe       0x30 ./User/process.o
 .text.OD_writeV1_14
                0x000000000000292e       0x56 ./User/process.o
 .text.OD_writeDashParam
                0x0000000000002984       0x44 ./User/process.o
 .text.WriteRGB.isra.2
                0x00000000000029c8       0x3a ./User/process.o
 .text.OD_writeRGB1
                0x0000000000002a02       0x14 ./User/process.o
 .text.OD_writeRGB2
                0x0000000000002a16       0x16 ./User/process.o
 .text.OD_writeRGB3
                0x0000000000002a2c       0x16 ./User/process.o
 .text.OD_writeRGB4
                0x0000000000002a42       0x16 ./User/process.o
 .text.OD_writeRGB5
                0x0000000000002a58       0x16 ./User/process.o
 .text.OD_writeRGB6
                0x0000000000002a6e       0x16 ./User/process.o
 .text.OD_writeRGB7
                0x0000000000002a84       0x16 ./User/process.o
 .text.OD_writeRGB8
                0x0000000000002a9a       0x16 ./User/process.o
 .text.OD_writeRGB9
                0x0000000000002ab0       0x16 ./User/process.o
 .text.OD_writeRGB10
                0x0000000000002ac6       0x16 ./User/process.o
 .text.OD_writeRGB11
                0x0000000000002adc       0x16 ./User/process.o
 .text.OD_writeRGB12
                0x0000000000002af2       0x16 ./User/process.o
 .text.OD_writeRGB13
                0x0000000000002b08       0x16 ./User/process.o
 .text.OD_readBoardSettings
                0x0000000000002b1e       0x32 ./User/process.o
 .text.OD_readSEG
                0x0000000000002b50       0x2a ./User/process.o
 .text.OD_readRGB.isra.5
                0x0000000000002b7a       0x20 ./User/process.o
 .text.OD_readRGB1
                0x0000000000002b9a       0x10 ./User/process.o
 .text.OD_readRGB2
                0x0000000000002baa       0x12 ./User/process.o
 .text.OD_readRGB3
                0x0000000000002bbc       0x12 ./User/process.o
 .text.OD_readRGB4
                0x0000000000002bce       0x12 ./User/process.o
 .text.OD_readRGB5
                0x0000000000002be0       0x12 ./User/process.o
 .text.OD_readRGB6
                0x0000000000002bf2       0x12 ./User/process.o
 .text.OD_readRGB7
                0x0000000000002c04       0x12 ./User/process.o
 .text.OD_readRGB8
                0x0000000000002c16       0x12 ./User/process.o
 .text.OD_readRGB9
                0x0000000000002c28       0x12 ./User/process.o
 .text.OD_readRGB10
                0x0000000000002c3a       0x12 ./User/process.o
 .text.OD_readRGB11
                0x0000000000002c4c       0x12 ./User/process.o
 .text.OD_readRGB12
                0x0000000000002c5e       0x12 ./User/process.o
 .text.OD_readRGB13
                0x0000000000002c70       0x12 ./User/process.o
 .text.readADC.isra.6
                0x0000000000002c82       0x84 ./User/process.o
 .text.OD_readADC1
                0x0000000000002d06       0x10 ./User/process.o
 .text.OD_readADC2
                0x0000000000002d16       0x10 ./User/process.o
 .text.OD_readADC3
                0x0000000000002d26       0x10 ./User/process.o
 .text.OD_readMenuSetup
                0x0000000000002d36       0x30 ./User/process.o
 .text.writeADC.isra.9
                0x0000000000002d66       0xde ./User/process.o
 .text.OD_writeADC1
                0x0000000000002e44       0x10 ./User/process.o
 .text.OD_writeADC2
                0x0000000000002e54       0x10 ./User/process.o
 .text.OD_writeADC3
                0x0000000000002e64       0x10 ./User/process.o
 .text.OD_readAIN_RPM
                0x0000000000002e74       0x26 ./User/process.o
 .text.OD_readRPMConfig
                0x0000000000002e9a       0x2a ./User/process.o
 .text.OD_readDashParam
                0x0000000000002ec4       0x4c ./User/process.o
 .text.vProceesInit
                0x0000000000002f10      0x1ba ./User/process.o
                0x0000000000002f10                vProceesInit
 .text.SystemInit
                0x00000000000030ca       0xee ./User/system_ch32v20x.o
                0x00000000000030ca                SystemInit
 .text.SystemCoreClockUpdate
                0x00000000000031b8       0x92 ./User/system_ch32v20x.o
                0x00000000000031b8                SystemCoreClockUpdate
 .text.StartDefaultTask
                0x000000000000324a       0x86 ./User/system_init.o
 .text.vApplicationGetIdleTaskMemory
                0x00000000000032d0       0x1c ./User/system_init.o
                0x00000000000032d0                vApplicationGetIdleTaskMemory
 .text.vApplicationGetTimerTaskMemory
                0x00000000000032ec       0x1c ./User/system_init.o
                0x00000000000032ec                vApplicationGetTimerTaskMemory
 .text.vSYStaskInit
                0x0000000000003308      0x110 ./User/system_init.o
                0x0000000000003308                vSYStaskInit
 .text.vSYSqueueInit
                0x0000000000003418       0x2a ./User/system_init.o
                0x0000000000003418                vSYSqueueInit
 .text.vector_handler
                0x0000000000003442       0x6c ./Startup/startup_ch32v20x_D6.o
                0x0000000000003446                Ecall_M_Mode_Handler
                0x0000000000003448                Ecall_U_Mode_Handler
                0x000000000000344a                Break_Point_Handler
                0x0000000000003450                WWDG_IRQHandler
                0x0000000000003452                PVD_IRQHandler
                0x0000000000003454                TAMPER_IRQHandler
                0x0000000000003458                FLASH_IRQHandler
                0x000000000000345a                RCC_IRQHandler
                0x000000000000345c                EXTI0_IRQHandler
                0x000000000000345e                EXTI1_IRQHandler
                0x0000000000003460                EXTI2_IRQHandler
                0x0000000000003462                EXTI3_IRQHandler
                0x0000000000003464                EXTI4_IRQHandler
                0x0000000000003468                DMA1_Channel2_IRQHandler
                0x0000000000003470                DMA1_Channel6_IRQHandler
                0x000000000000347e                EXTI9_5_IRQHandler
                0x0000000000003480                TIM1_BRK_IRQHandler
                0x0000000000003484                TIM1_TRG_COM_IRQHandler
                0x0000000000003496                SPI1_IRQHandler
                0x0000000000003498                SPI2_IRQHandler
                0x000000000000349a                USART1_IRQHandler
                0x000000000000349c                USART2_IRQHandler
                0x000000000000349e                USART3_IRQHandler
                0x00000000000034a0                EXTI15_10_IRQHandler
                0x00000000000034a2                RTCAlarm_IRQHandler
                0x00000000000034a4                USBWakeUp_IRQHandler
                0x00000000000034a6                USBHD_IRQHandler
                0x00000000000034a8                USBHDWakeUp_IRQHandler
                0x00000000000034aa                UART4_IRQHandler
                0x00000000000034ac                DMA1_Channel8_IRQHandler
 .text.handle_reset
                0x00000000000034ae       0x92 ./Startup/startup_ch32v20x_D6.o
                0x00000000000034ae                handle_reset
 .text.ADC_DeInit
                0x0000000000003540       0x46 ./Peripheral/src/ch32v20x_adc.o
                0x0000000000003540                ADC_DeInit
 .text.ADC_Init
                0x0000000000003586       0x56 ./Peripheral/src/ch32v20x_adc.o
                0x0000000000003586                ADC_Init
 .text.ADC_Cmd  0x00000000000035dc       0x10 ./Peripheral/src/ch32v20x_adc.o
                0x00000000000035dc                ADC_Cmd
 .text.ADC_DMACmd
                0x00000000000035ec       0x12 ./Peripheral/src/ch32v20x_adc.o
                0x00000000000035ec                ADC_DMACmd
 .text.ADC_ResetCalibration
                0x00000000000035fe        0xa ./Peripheral/src/ch32v20x_adc.o
                0x00000000000035fe                ADC_ResetCalibration
 .text.ADC_GetResetCalibrationStatus
                0x0000000000003608        0x8 ./Peripheral/src/ch32v20x_adc.o
                0x0000000000003608                ADC_GetResetCalibrationStatus
 .text.ADC_StartCalibration
                0x0000000000003610        0xa ./Peripheral/src/ch32v20x_adc.o
                0x0000000000003610                ADC_StartCalibration
 .text.ADC_GetCalibrationStatus
                0x000000000000361a        0x8 ./Peripheral/src/ch32v20x_adc.o
                0x000000000000361a                ADC_GetCalibrationStatus
 .text.ADC_SoftwareStartConvCmd
                0x0000000000003622       0x18 ./Peripheral/src/ch32v20x_adc.o
                0x0000000000003622                ADC_SoftwareStartConvCmd
 .text.ADC_RegularChannelConfig
                0x000000000000363a       0xb8 ./Peripheral/src/ch32v20x_adc.o
                0x000000000000363a                ADC_RegularChannelConfig
 .text.ADC_ExternalTrigConvCmd
                0x00000000000036f2       0x18 ./Peripheral/src/ch32v20x_adc.o
                0x00000000000036f2                ADC_ExternalTrigConvCmd
 .text.ADC_GetITStatus
                0x000000000000370a       0x1c ./Peripheral/src/ch32v20x_adc.o
                0x000000000000370a                ADC_GetITStatus
 .text.ADC_ClearITPendingBit
                0x0000000000003726        0xa ./Peripheral/src/ch32v20x_adc.o
                0x0000000000003726                ADC_ClearITPendingBit
 .text.ADC_BufferCmd
                0x0000000000003730       0x18 ./Peripheral/src/ch32v20x_adc.o
                0x0000000000003730                ADC_BufferCmd
 .text.Get_CalibrationValue
                0x0000000000003748      0x1fe ./Peripheral/src/ch32v20x_adc.o
                0x0000000000003748                Get_CalibrationValue
 .text.BKP_DeInit
                0x0000000000003946       0x14 ./Peripheral/src/ch32v20x_bkp.o
                0x0000000000003946                BKP_DeInit
 .text.CAN_Init
                0x000000000000395a       0xe8 ./Peripheral/src/ch32v20x_can.o
                0x000000000000395a                CAN_Init
 .text.CAN_FilterInit
                0x0000000000003a42      0x118 ./Peripheral/src/ch32v20x_can.o
                0x0000000000003a42                CAN_FilterInit
 .text.CAN_Transmit
                0x0000000000003b5a       0xbc ./Peripheral/src/ch32v20x_can.o
                0x0000000000003b5a                CAN_Transmit
 .text.CAN_Receive
                0x0000000000003c16       0x8c ./Peripheral/src/ch32v20x_can.o
                0x0000000000003c16                CAN_Receive
 .text.CAN_OperatingModeRequest
                0x0000000000003ca2       0x72 ./Peripheral/src/ch32v20x_can.o
                0x0000000000003ca2                CAN_OperatingModeRequest
 .text.CAN_ITConfig
                0x0000000000003d14       0x12 ./Peripheral/src/ch32v20x_can.o
                0x0000000000003d14                CAN_ITConfig
 .text.CAN_GetFlagStatus
                0x0000000000003d26       0x56 ./Peripheral/src/ch32v20x_can.o
                0x0000000000003d26                CAN_GetFlagStatus
 .text.CAN_ClearFlag
                0x0000000000003d7c       0x40 ./Peripheral/src/ch32v20x_can.o
                0x0000000000003d7c                CAN_ClearFlag
 .text.CAN_ClearITPendingBit
                0x0000000000003dbc       0x94 ./Peripheral/src/ch32v20x_can.o
                0x0000000000003dbc                CAN_ClearITPendingBit
 .text.DMA_Init
                0x0000000000003e50       0x38 ./Peripheral/src/ch32v20x_dma.o
                0x0000000000003e50                DMA_Init
 .text.DMA_Cmd  0x0000000000003e88       0x14 ./Peripheral/src/ch32v20x_dma.o
                0x0000000000003e88                DMA_Cmd
 .text.DMA_ITConfig
                0x0000000000003e9c       0x12 ./Peripheral/src/ch32v20x_dma.o
                0x0000000000003e9c                DMA_ITConfig
 .text.DMA_SetCurrDataCounter
                0x0000000000003eae        0x4 ./Peripheral/src/ch32v20x_dma.o
                0x0000000000003eae                DMA_SetCurrDataCounter
 .text.DMA_GetFlagStatus
                0x0000000000003eb2        0xe ./Peripheral/src/ch32v20x_dma.o
                0x0000000000003eb2                DMA_GetFlagStatus
 .text.DMA_GetITStatus
                0x0000000000003ec0        0xc ./Peripheral/src/ch32v20x_dma.o
                0x0000000000003ec0                DMA_GetITStatus
 .text.DMA_ClearITPendingBit
                0x0000000000003ecc        0x8 ./Peripheral/src/ch32v20x_dma.o
                0x0000000000003ecc                DMA_ClearITPendingBit
 .text.GPIO_Init
                0x0000000000003ed4       0xfa ./Peripheral/src/ch32v20x_gpio.o
                0x0000000000003ed4                GPIO_Init
 .text.GPIO_ReadInputDataBit
                0x0000000000003fce       0x1e ./Peripheral/src/ch32v20x_gpio.o
                0x0000000000003fce                GPIO_ReadInputDataBit
 .text.GPIO_SetBits
                0x0000000000003fec       0x18 ./Peripheral/src/ch32v20x_gpio.o
                0x0000000000003fec                GPIO_SetBits
 .text.GPIO_ResetBits
                0x0000000000004004       0x18 ./Peripheral/src/ch32v20x_gpio.o
                0x0000000000004004                GPIO_ResetBits
 .text.GPIO_PinRemapConfig
                0x000000000000401c       0xf2 ./Peripheral/src/ch32v20x_gpio.o
                0x000000000000401c                GPIO_PinRemapConfig
 .text.I2C_Init
                0x000000000000410e       0xf2 ./Peripheral/src/ch32v20x_i2c.o
                0x000000000000410e                I2C_Init
 .text.I2C_Cmd  0x0000000000004200       0x18 ./Peripheral/src/ch32v20x_i2c.o
                0x0000000000004200                I2C_Cmd
 .text.I2C_GenerateSTART
                0x0000000000004218       0x1a ./Peripheral/src/ch32v20x_i2c.o
                0x0000000000004218                I2C_GenerateSTART
 .text.I2C_GenerateSTOP
                0x0000000000004232       0x1a ./Peripheral/src/ch32v20x_i2c.o
                0x0000000000004232                I2C_GenerateSTOP
 .text.I2C_AcknowledgeConfig
                0x000000000000424c       0x1a ./Peripheral/src/ch32v20x_i2c.o
                0x000000000000424c                I2C_AcknowledgeConfig
 .text.I2C_DualAddressCmd
                0x0000000000004266       0x18 ./Peripheral/src/ch32v20x_i2c.o
                0x0000000000004266                I2C_DualAddressCmd
 .text.I2C_ITConfig
                0x000000000000427e       0x12 ./Peripheral/src/ch32v20x_i2c.o
                0x000000000000427e                I2C_ITConfig
 .text.I2C_SendData
                0x0000000000004290        0x4 ./Peripheral/src/ch32v20x_i2c.o
                0x0000000000004290                I2C_SendData
 .text.I2C_ReceiveData
                0x0000000000004294        0x8 ./Peripheral/src/ch32v20x_i2c.o
                0x0000000000004294                I2C_ReceiveData
 .text.I2C_Send7bitAddress
                0x000000000000429c       0x12 ./Peripheral/src/ch32v20x_i2c.o
                0x000000000000429c                I2C_Send7bitAddress
 .text.I2C_ReadRegister
                0x00000000000042ae       0x14 ./Peripheral/src/ch32v20x_i2c.o
                0x00000000000042ae                I2C_ReadRegister
 .text.I2C_GetFlagStatus
                0x00000000000042c2       0x32 ./Peripheral/src/ch32v20x_i2c.o
                0x00000000000042c2                I2C_GetFlagStatus
 .text.I2C_ClearFlag
                0x00000000000042f4        0xc ./Peripheral/src/ch32v20x_i2c.o
                0x00000000000042f4                I2C_ClearFlag
 .text.IWDG_ReloadCounter
                0x0000000000004300        0xe ./Peripheral/src/ch32v20x_iwdg.o
                0x0000000000004300                IWDG_ReloadCounter
 .text.NVIC_PriorityGroupConfig
                0x000000000000430e        0xa ./Peripheral/src/ch32v20x_misc.o
                0x000000000000430e                NVIC_PriorityGroupConfig
 .text.NVIC_Init
                0x0000000000004318       0xaa ./Peripheral/src/ch32v20x_misc.o
                0x0000000000004318                NVIC_Init
 .text.PWR_BackupAccessCmd
                0x00000000000043c2       0x16 ./Peripheral/src/ch32v20x_pwr.o
                0x00000000000043c2                PWR_BackupAccessCmd
 .text.RCC_ADCCLKConfig
                0x00000000000043d8       0x12 ./Peripheral/src/ch32v20x_rcc.o
                0x00000000000043d8                RCC_ADCCLKConfig
 .text.RCC_LSEConfig
                0x00000000000043ea       0x28 ./Peripheral/src/ch32v20x_rcc.o
                0x00000000000043ea                RCC_LSEConfig
 .text.RCC_RTCCLKConfig
                0x0000000000004412        0xc ./Peripheral/src/ch32v20x_rcc.o
                0x0000000000004412                RCC_RTCCLKConfig
 .text.RCC_RTCCLKCmd
                0x000000000000441e       0x20 ./Peripheral/src/ch32v20x_rcc.o
                0x000000000000441e                RCC_RTCCLKCmd
 .text.RCC_GetClocksFreq
                0x000000000000443e       0xbe ./Peripheral/src/ch32v20x_rcc.o
                0x000000000000443e                RCC_GetClocksFreq
 .text.RCC_AHBPeriphClockCmd
                0x00000000000044fc       0x1e ./Peripheral/src/ch32v20x_rcc.o
                0x00000000000044fc                RCC_AHBPeriphClockCmd
 .text.RCC_APB2PeriphClockCmd
                0x000000000000451a       0x1e ./Peripheral/src/ch32v20x_rcc.o
                0x000000000000451a                RCC_APB2PeriphClockCmd
 .text.RCC_APB1PeriphClockCmd
                0x0000000000004538       0x1e ./Peripheral/src/ch32v20x_rcc.o
                0x0000000000004538                RCC_APB1PeriphClockCmd
 .text.RCC_APB2PeriphResetCmd
                0x0000000000004556       0x1e ./Peripheral/src/ch32v20x_rcc.o
                0x0000000000004556                RCC_APB2PeriphResetCmd
 .text.RCC_APB1PeriphResetCmd
                0x0000000000004574       0x1e ./Peripheral/src/ch32v20x_rcc.o
                0x0000000000004574                RCC_APB1PeriphResetCmd
 .text.RCC_BackupResetCmd
                0x0000000000004592       0x20 ./Peripheral/src/ch32v20x_rcc.o
                0x0000000000004592                RCC_BackupResetCmd
 .text.RCC_GetFlagStatus
                0x00000000000045b2       0x2e ./Peripheral/src/ch32v20x_rcc.o
                0x00000000000045b2                RCC_GetFlagStatus
 .text.RTC_ITConfig
                0x00000000000045e0       0x1a ./Peripheral/src/ch32v20x_rtc.o
                0x00000000000045e0                RTC_ITConfig
 .text.RTC_EnterConfigMode
                0x00000000000045fa       0x12 ./Peripheral/src/ch32v20x_rtc.o
                0x00000000000045fa                RTC_EnterConfigMode
 .text.RTC_ExitConfigMode
                0x000000000000460c       0x18 ./Peripheral/src/ch32v20x_rtc.o
                0x000000000000460c                RTC_ExitConfigMode
 .text.RTC_SetPrescaler
                0x0000000000004624       0x2e ./Peripheral/src/ch32v20x_rtc.o
                0x0000000000004624                RTC_SetPrescaler
 .text.RTC_WaitForLastTask
                0x0000000000004652       0x10 ./Peripheral/src/ch32v20x_rtc.o
                0x0000000000004652                RTC_WaitForLastTask
 .text.RTC_WaitForSynchro
                0x0000000000004662       0x24 ./Peripheral/src/ch32v20x_rtc.o
                0x0000000000004662                RTC_WaitForSynchro
 .text.RTC_ClearFlag
                0x0000000000004686       0x14 ./Peripheral/src/ch32v20x_rtc.o
                0x0000000000004686                RTC_ClearFlag
 .text.RTC_GetITStatus
                0x000000000000469a       0x20 ./Peripheral/src/ch32v20x_rtc.o
                0x000000000000469a                RTC_GetITStatus
 .text.RTC_ClearITPendingBit
                0x00000000000046ba        0xc ./Peripheral/src/ch32v20x_rtc.o
                0x00000000000046ba                RTC_ClearITPendingBit
 .text.SPI_Init
                0x00000000000046c6       0x3e ./Peripheral/src/ch32v20x_spi.o
                0x00000000000046c6                SPI_Init
 .text.SPI_Cmd  0x0000000000004704       0x1a ./Peripheral/src/ch32v20x_spi.o
                0x0000000000004704                SPI_Cmd
 .text.SPI_I2S_DMACmd
                0x000000000000471e       0x12 ./Peripheral/src/ch32v20x_spi.o
                0x000000000000471e                SPI_I2S_DMACmd
 .text.SPI_I2S_GetFlagStatus
                0x0000000000004730        0xa ./Peripheral/src/ch32v20x_spi.o
                0x0000000000004730                SPI_I2S_GetFlagStatus
 .text.TI1_Config
                0x000000000000473a       0x6a ./Peripheral/src/ch32v20x_tim.o
 .text.TI2_Config
                0x00000000000047a4       0x82 ./Peripheral/src/ch32v20x_tim.o
 .text.TIM_DeInit
                0x0000000000004826       0x8a ./Peripheral/src/ch32v20x_tim.o
                0x0000000000004826                TIM_DeInit
 .text.TIM_TimeBaseInit
                0x00000000000048b0       0x6a ./Peripheral/src/ch32v20x_tim.o
                0x00000000000048b0                TIM_TimeBaseInit
 .text.TIM_OC1Init
                0x000000000000491a       0x6a ./Peripheral/src/ch32v20x_tim.o
                0x000000000000491a                TIM_OC1Init
 .text.TIM_OC2Init
                0x0000000000004984       0x96 ./Peripheral/src/ch32v20x_tim.o
                0x0000000000004984                TIM_OC2Init
 .text.TIM_OC3Init
                0x0000000000004a1a       0x94 ./Peripheral/src/ch32v20x_tim.o
                0x0000000000004a1a                TIM_OC3Init
 .text.TIM_OC4Init
                0x0000000000004aae       0x6c ./Peripheral/src/ch32v20x_tim.o
                0x0000000000004aae                TIM_OC4Init
 .text.TIM_TimeBaseStructInit
                0x0000000000004b1a       0x16 ./Peripheral/src/ch32v20x_tim.o
                0x0000000000004b1a                TIM_TimeBaseStructInit
 .text.TIM_Cmd  0x0000000000004b30       0x18 ./Peripheral/src/ch32v20x_tim.o
                0x0000000000004b30                TIM_Cmd
 .text.TIM_CtrlPWMOutputs
                0x0000000000004b48       0x16 ./Peripheral/src/ch32v20x_tim.o
                0x0000000000004b48                TIM_CtrlPWMOutputs
 .text.TIM_ITConfig
                0x0000000000004b5e       0x12 ./Peripheral/src/ch32v20x_tim.o
                0x0000000000004b5e                TIM_ITConfig
 .text.TIM_DMACmd
                0x0000000000004b70        0xc ./Peripheral/src/ch32v20x_tim.o
                0x0000000000004b70                TIM_DMACmd
 .text.TIM_InternalClockConfig
                0x0000000000004b7c       0x10 ./Peripheral/src/ch32v20x_tim.o
                0x0000000000004b7c                TIM_InternalClockConfig
 .text.TIM_ARRPreloadConfig
                0x0000000000004b8c       0x1a ./Peripheral/src/ch32v20x_tim.o
                0x0000000000004b8c                TIM_ARRPreloadConfig
 .text.TIM_OC1PreloadConfig
                0x0000000000004ba6        0xe ./Peripheral/src/ch32v20x_tim.o
                0x0000000000004ba6                TIM_OC1PreloadConfig
 .text.TIM_OC2PreloadConfig
                0x0000000000004bb4       0x16 ./Peripheral/src/ch32v20x_tim.o
                0x0000000000004bb4                TIM_OC2PreloadConfig
 .text.TIM_OC3PreloadConfig
                0x0000000000004bca        0xe ./Peripheral/src/ch32v20x_tim.o
                0x0000000000004bca                TIM_OC3PreloadConfig
 .text.TIM_OC4PreloadConfig
                0x0000000000004bd8       0x16 ./Peripheral/src/ch32v20x_tim.o
                0x0000000000004bd8                TIM_OC4PreloadConfig
 .text.TIM_SetIC1Prescaler
                0x0000000000004bee       0x16 ./Peripheral/src/ch32v20x_tim.o
                0x0000000000004bee                TIM_SetIC1Prescaler
 .text.TIM_SetIC2Prescaler
                0x0000000000004c04       0x1a ./Peripheral/src/ch32v20x_tim.o
                0x0000000000004c04                TIM_SetIC2Prescaler
 .text.TIM_SetIC3Prescaler
                0x0000000000004c1e       0x16 ./Peripheral/src/ch32v20x_tim.o
                0x0000000000004c1e                TIM_SetIC3Prescaler
 .text.TIM_SetIC4Prescaler
                0x0000000000004c34       0x1a ./Peripheral/src/ch32v20x_tim.o
                0x0000000000004c34                TIM_SetIC4Prescaler
 .text.TIM_ICInit
                0x0000000000004c4e      0x168 ./Peripheral/src/ch32v20x_tim.o
                0x0000000000004c4e                TIM_ICInit
 .text.TIM_GetCapture3
                0x0000000000004db6        0x4 ./Peripheral/src/ch32v20x_tim.o
                0x0000000000004db6                TIM_GetCapture3
 .text.TIM_GetCapture4
                0x0000000000004dba        0x6 ./Peripheral/src/ch32v20x_tim.o
                0x0000000000004dba                TIM_GetCapture4
 .text.TIM_GetFlagStatus
                0x0000000000004dc0        0xa ./Peripheral/src/ch32v20x_tim.o
                0x0000000000004dc0                TIM_GetFlagStatus
 .text.TIM_ClearFlag
                0x0000000000004dca        0xc ./Peripheral/src/ch32v20x_tim.o
                0x0000000000004dca                TIM_ClearFlag
 .text.TIM_GetITStatus
                0x0000000000004dd6       0x18 ./Peripheral/src/ch32v20x_tim.o
                0x0000000000004dd6                TIM_GetITStatus
 .text.TIM_ClearITPendingBit
                0x0000000000004dee        0xc ./Peripheral/src/ch32v20x_tim.o
                0x0000000000004dee                TIM_ClearITPendingBit
 .text.USART_SendData
                0x0000000000004dfa        0x8 ./Peripheral/src/ch32v20x_usart.o
                0x0000000000004dfa                USART_SendData
 .text.USART_GetFlagStatus
                0x0000000000004e02        0xa ./Peripheral/src/ch32v20x_usart.o
                0x0000000000004e02                USART_GetFlagStatus
 .text.vAINInit
                0x0000000000004e0c       0x36 ./HWLIB/hw_lib_adc.o
                0x0000000000004e0c                vAINInit
 .text.fGetAinCalData
                0x0000000000004e42       0xb2 ./HWLIB/hw_lib_adc.o
                0x0000000000004e42                fGetAinCalData
 .text.eAinCalDataConfig
                0x0000000000004ef4       0x48 ./HWLIB/hw_lib_adc.o
                0x0000000000004ef4                eAinCalDataConfig
 .text.vABLineKoofFinde
                0x0000000000004f3c       0x6a ./HWLIB/hw_lib_adc.o
                0x0000000000004f3c                vABLineKoofFinde
 .text.eSetAinCalPoint
                0x0000000000004fa6       0x64 ./HWLIB/hw_lib_adc.o
                0x0000000000004fa6                eSetAinCalPoint
 .text.getADC1Buffer
                0x000000000000500a        0xa ./HWLIB/hw_lib_adc.o
                0x000000000000500a                getADC1Buffer
 .text.eDOUTConfigWtihStruct
                0x0000000000005014       0x1a ./HWLIB/hw_lib_din.o
                0x0000000000005014                eDOUTConfigWtihStruct
 .text.eSetDUT  0x000000000000502e       0x12 ./HWLIB/hw_lib_din.o
                0x000000000000502e                eSetDUT
 .text.eDinConfigWtihStruct
                0x0000000000005040       0x32 ./HWLIB/hw_lib_din.o
                0x0000000000005040                eDinConfigWtihStruct
 .text.uGetDIN  0x0000000000005072       0x14 ./HWLIB/hw_lib_din.o
                0x0000000000005072                uGetDIN
 .text.eRPMConfig
                0x0000000000005086       0x5a ./HWLIB/hw_lib_din.o
                0x0000000000005086                eRPMConfig
 .text.RMPDataConvert
                0x00000000000050e0       0x78 ./HWLIB/hw_lib_din.o
                0x00000000000050e0                RMPDataConvert
 .text.getCaputreBuffer
                0x0000000000005158       0x16 ./HWLIB/hw_lib_din.o
                0x0000000000005158                getCaputreBuffer
 .text.GetRPM   0x000000000000516e       0x74 ./HWLIB/hw_lib_din.o
                0x000000000000516e                GetRPM
 .text.xGetRPM  0x00000000000051e2       0x72 ./HWLIB/hw_lib_din.o
                0x00000000000051e2                xGetRPM
 .text.vDinDoutProcess
                0x0000000000005254       0x98 ./HWLIB/hw_lib_din.o
                0x0000000000005254                vDinDoutProcess
 .text.xGetEEPROM
                0x00000000000052ec        0xa ./HWLIB/hw_lib_eeprom.o
                0x00000000000052ec                xGetEEPROM
 .text.eEEPROMWr
                0x00000000000052f6       0xae ./HWLIB/hw_lib_eeprom.o
                0x00000000000052f6                eEEPROMWr
 .text.eEEPROMRd
                0x00000000000053a4       0x34 ./HWLIB/hw_lib_eeprom.o
                0x00000000000053a4                eEEPROMRd
 .text.bReadEEPROM
                0x00000000000053d8       0x1a ./HWLIB/hw_lib_eeprom.o
                0x00000000000053d8                bReadEEPROM
 .text.Get_ConversionVal
                0x00000000000053f2       0x2e ./HAL/hal_adc.o
                0x00000000000053f2                Get_ConversionVal
 .text.HAL_ADC_CommonConfig
                0x0000000000005420        0xe ./HAL/hal_adc.o
                0x0000000000005420                HAL_ADC_CommonConfig
 .text.HAL_ADC_ContiniusScanCinvertionDMA
                0x000000000000542e       0xda ./HAL/hal_adc.o
                0x000000000000542e                HAL_ADC_ContiniusScanCinvertionDMA
 .text.ADC1_2_IRQHandler
                0x0000000000005508       0x74 ./HAL/hal_adc.o
                0x0000000000005508                ADC1_2_IRQHandler
 .text.HAL_CANSetTXCallback
                0x000000000000557c        0xa ./HAL/hal_can.o
                0x000000000000557c                HAL_CANSetTXCallback
 .text.HAL_CANSetRXCallback
                0x0000000000005586        0xa ./HAL/hal_can.o
                0x0000000000005586                HAL_CANSetRXCallback
 .text.HAL_CANSetERRCallback
                0x0000000000005590        0xa ./HAL/hal_can.o
                0x0000000000005590                HAL_CANSetERRCallback
 .text.HAL_CANIntIT
                0x000000000000559a      0x132 ./HAL/hal_can.o
                0x000000000000559a                HAL_CANIntIT
 .text.HAL_CANToInitMode
                0x00000000000056cc       0x16 ./HAL/hal_can.o
                0x00000000000056cc                HAL_CANToInitMode
 .text.HAL_CANToOperatingMode
                0x00000000000056e2       0x16 ./HAL/hal_can.o
                0x00000000000056e2                HAL_CANToOperatingMode
 .text.HAL_CANSend
                0x00000000000056f8       0x50 ./HAL/hal_can.o
                0x00000000000056f8                HAL_CANSend
 .text.HAL_CANSetFiters
                0x0000000000005748       0x3a ./HAL/hal_can.o
                0x0000000000005748                HAL_CANSetFiters
 .text.HAL_CANGetRXMessage
                0x0000000000005782       0x52 ./HAL/hal_can.o
                0x0000000000005782                HAL_CANGetRXMessage
 .text.USB_HP_CAN1_TX_IRQHandler
                0x00000000000057d4       0xd6 ./HAL/hal_can.o
                0x00000000000057d4                USB_HP_CAN1_TX_IRQHandler
 .text.USB_LP_CAN1_RX0_IRQHandler
                0x00000000000058aa       0x62 ./HAL/hal_can.o
                0x00000000000058aa                USB_LP_CAN1_RX0_IRQHandler
 .text.CAN1_RX1_IRQHandler
                0x000000000000590c       0x64 ./HAL/hal_can.o
                0x000000000000590c                CAN1_RX1_IRQHandler
 .text.CAN1_SCE_IRQHandler
                0x0000000000005970       0x62 ./HAL/hal_can.o
                0x0000000000005970                CAN1_SCE_IRQHandler
 .text.HAL_DMA_Disable
                0x00000000000059d2        0xc ./HAL/hal_dma.o
                0x00000000000059d2                HAL_DMA_Disable
 .text.HAL_DMA_SetCouterAndEnable
                0x00000000000059de        0xc ./HAL/hal_dma.o
                0x00000000000059de                HAL_DMA_SetCouterAndEnable
 .text.HAL_DMAInitIT
                0x00000000000059ea      0x172 ./HAL/hal_dma.o
                0x00000000000059ea                HAL_DMAInitIT
 .text.HAL_ADC_StartDMA
                0x0000000000005b5c       0x60 ./HAL/hal_dma.o
                0x0000000000005b5c                HAL_ADC_StartDMA
 .text.DMA1_Channel1_IRQHandler
                0x0000000000005bbc       0x64 ./HAL/hal_dma.o
                0x0000000000005bbc                DMA1_Channel1_IRQHandler
 .text.DMA1_Channel3_IRQHandler
                0x0000000000005c20       0x68 ./HAL/hal_dma.o
                0x0000000000005c20                DMA1_Channel3_IRQHandler
 .text.DMA1_Channel5_IRQHandler
                0x0000000000005c88       0x66 ./HAL/hal_dma.o
                0x0000000000005c88                DMA1_Channel5_IRQHandler
 .text.DMA1_Channel4_IRQHandler
                0x0000000000005cee       0x64 ./HAL/hal_dma.o
                0x0000000000005cee                DMA1_Channel4_IRQHandler
 .text.DMA1_Channel7_IRQHandler
                0x0000000000005d52       0x68 ./HAL/hal_dma.o
                0x0000000000005d52                DMA1_Channel7_IRQHandler
 .text.HAL_InitRCC
                0x0000000000005dba       0x48 ./HAL/hal_gpio.o
 .text.HAL_InitGpioOut
                0x0000000000005e02       0x28 ./HAL/hal_gpio.o
                0x0000000000005e02                HAL_InitGpioOut
 .text.HAL_InitGpioAIN
                0x0000000000005e2a       0x26 ./HAL/hal_gpio.o
                0x0000000000005e2a                HAL_InitGpioAIN
 .text.HAL_InitGpioIn
                0x0000000000005e50       0x28 ./HAL/hal_gpio.o
                0x0000000000005e50                HAL_InitGpioIn
 .text.HAL_InitGpioAF
                0x0000000000005e78       0x3c ./HAL/hal_gpio.o
                0x0000000000005e78                HAL_InitGpioAF
 .text.HAL_GetBit
                0x0000000000005eb4        0xc ./HAL/hal_gpio.o
                0x0000000000005eb4                HAL_GetBit
 .text.HAL_SetBit
                0x0000000000005ec0        0xc ./HAL/hal_gpio.o
                0x0000000000005ec0                HAL_SetBit
 .text.HAL_ResetBit
                0x0000000000005ecc        0xc ./HAL/hal_gpio.o
                0x0000000000005ecc                HAL_ResetBit
 .text.I2C_Master_TransmitIT
                0x0000000000005ed8       0xa4 ./HAL/hal_i2c.o
 .text.I2C_Master_ReviceIT
                0x0000000000005f7c       0xa8 ./HAL/hal_i2c.o
 .text.I2C_FSM  0x0000000000006024      0x1d6 ./HAL/hal_i2c.o
 .text.InitI2CDMA
                0x00000000000061fa      0x106 ./HAL/hal_i2c.o
                0x00000000000061fa                InitI2CDMA
 .text.I2C1_EV_IRQHandler
                0x0000000000006300       0x4c ./HAL/hal_i2c.o
                0x0000000000006300                I2C1_EV_IRQHandler
 .text.I2C1_ER_IRQHandler
                0x000000000000634c       0x4c ./HAL/hal_i2c.o
                0x000000000000634c                I2C1_ER_IRQHandler
 .text.I2C2_EV_IRQHandler
                0x0000000000006398       0x4c ./HAL/hal_i2c.o
                0x0000000000006398                I2C2_EV_IRQHandler
 .text.I2C2_ER_IRQHandler
                0x00000000000063e4       0x4c ./HAL/hal_i2c.o
                0x00000000000063e4                I2C2_ER_IRQHandler
 .text.HAL_RTC_IT_Init
                0x0000000000006430       0xb0 ./HAL/hal_rtc.o
                0x0000000000006430                HAL_RTC_IT_Init
 .text.RTC_IRQHandler
                0x00000000000064e0       0x64 ./HAL/hal_rtc.o
                0x00000000000064e0                RTC_IRQHandler
 .text.HAL_SPI_InitDMA
                0x0000000000006544       0x92 ./HAL/hal_spi.o
                0x0000000000006544                HAL_SPI_InitDMA
 .text.HAL_SPI_RXOveleyClear
                0x00000000000065d6        0x8 ./HAL/hal_spi.o
                0x00000000000065d6                HAL_SPI_RXOveleyClear
 .text.HAL_SPI_GetBusy
                0x00000000000065de       0x16 ./HAL/hal_spi.o
                0x00000000000065de                HAL_SPI_GetBusy
 .text.vTimerInitRCC
                0x00000000000065f4       0x3e ./HAL/hal_timers.o
 .text.TIM1_CC_IRQHandler
                0x0000000000006632       0xea ./HAL/hal_timers.o
                0x0000000000006632                TIM1_CC_IRQHandler
 .text.TIM1_UP_IRQHandler
                0x000000000000671c       0x74 ./HAL/hal_timers.o
                0x000000000000671c                TIM1_UP_IRQHandler
 .text.TIM4_IRQHandler
                0x0000000000006790       0x74 ./HAL/hal_timers.o
                0x0000000000006790                TIM4_IRQHandler
 .text.TIM3_IRQHandler
                0x0000000000006804       0x74 ./HAL/hal_timers.o
                0x0000000000006804                TIM3_IRQHandler
 .text.TIM2_IRQHandler
                0x0000000000006878       0x6c ./HAL/hal_timers.o
                0x0000000000006878                TIM2_IRQHandler
 .text.HAL_TiemrEneblae
                0x00000000000068e4       0x1c ./HAL/hal_timers.o
                0x00000000000068e4                HAL_TiemrEneblae
 .text.HW_TIMER_BaseTimerInit
                0x0000000000006900       0x60 ./HAL/hal_timers.o
                0x0000000000006900                HW_TIMER_BaseTimerInit
 .text.HAL_TIMER_InitIt
                0x0000000000006960       0xa4 ./HAL/hal_timers.o
                0x0000000000006960                HAL_TIMER_InitIt
 .text.HAL_TIMER_PWMTimersInit
                0x0000000000006a04       0xec ./HAL/hal_timers.o
                0x0000000000006a04                HAL_TIMER_PWMTimersInit
 .text.HAL_TimeInitCaptureDMA
                0x0000000000006af0       0xe6 ./HAL/hal_timers.o
                0x0000000000006af0                HAL_TimeInitCaptureDMA
 .text.HAL_TIMER_DisablePWMCH
                0x0000000000006bd6       0x1c ./HAL/hal_timers.o
                0x0000000000006bd6                HAL_TIMER_DisablePWMCH
 .text.HAL_TIMER_SetPWMPulse
                0x0000000000006bf2       0x80 ./HAL/hal_timers.o
                0x0000000000006bf2                HAL_TIMER_SetPWMPulse
 .text.HAL_TIMER_EnablePWMCH
                0x0000000000006c72       0x1c ./HAL/hal_timers.o
                0x0000000000006c72                HAL_TIMER_EnablePWMCH
 .text.HAL_WDTReset
                0x0000000000006c8e        0xc ./HAL/hal_wdt.o
                0x0000000000006c8e                HAL_WDTReset
 .text.prvInsertBlockIntoFreeList
                0x0000000000006c9a       0x4c ./FreeRTOS/portable/MemMang/heap_4.o
 .text.pvPortMalloc
                0x0000000000006ce6      0x18a ./FreeRTOS/portable/MemMang/heap_4.o
                0x0000000000006ce6                pvPortMalloc
 .text.vPortFree
                0x0000000000006e70       0xa8 ./FreeRTOS/portable/MemMang/heap_4.o
                0x0000000000006e70                vPortFree
 .text.vPortSetupTimerInterrupt
                0x0000000000006f18       0x3e ./FreeRTOS/portable/GCC/RISC-V/port.o
                0x0000000000006f18                vPortSetupTimerInterrupt
 .text.xPortStartScheduler
                0x0000000000006f56       0x90 ./FreeRTOS/portable/GCC/RISC-V/port.o
                0x0000000000006f56                xPortStartScheduler
 .text.SysTick_Handler
                0x0000000000006fe6       0x7c ./FreeRTOS/portable/GCC/RISC-V/port.o
                0x0000000000006fe6                SysTick_Handler
 .text.vPortEnterCritical
                0x0000000000007062       0x16 ./FreeRTOS/portable/GCC/RISC-V/port.o
                0x0000000000007062                vPortEnterCritical
 .text.vPortExitCritical
                0x0000000000007078       0x42 ./FreeRTOS/portable/GCC/RISC-V/port.o
                0x0000000000007078                vPortExitCritical
 .text.xPortSetInterruptMask
                0x00000000000070ba        0xc ./FreeRTOS/portable/GCC/RISC-V/port.o
                0x00000000000070ba                xPortSetInterruptMask
 .text.vPortClearInterruptMask
                0x00000000000070c6        0x6 ./FreeRTOS/portable/GCC/RISC-V/port.o
                0x00000000000070c6                vPortClearInterruptMask
 .text.vListInitialise
                0x00000000000070cc       0x14 ./FreeRTOS/list.o
                0x00000000000070cc                vListInitialise
 .text.vListInitialiseItem
                0x00000000000070e0        0x6 ./FreeRTOS/list.o
                0x00000000000070e0                vListInitialiseItem
 .text.vListInsertEnd
                0x00000000000070e6       0x18 ./FreeRTOS/list.o
                0x00000000000070e6                vListInsertEnd
 .text.vListInsert
                0x00000000000070fe       0x2e ./FreeRTOS/list.o
                0x00000000000070fe                vListInsert
 .text.uxListRemove
                0x000000000000712c       0x20 ./FreeRTOS/list.o
                0x000000000000712c                uxListRemove
 .text.prvIsQueueEmpty
                0x000000000000714c       0x1e ./FreeRTOS/queue.o
 .text.prvCopyDataToQueue
                0x000000000000716a       0x72 ./FreeRTOS/queue.o
 .text.prvCopyDataFromQueue
                0x00000000000071dc       0x28 ./FreeRTOS/queue.o
 .text.prvUnlockQueue
                0x0000000000007204       0x76 ./FreeRTOS/queue.o
 .text.xQueueGenericReset
                0x000000000000727a       0xc4 ./FreeRTOS/queue.o
                0x000000000000727a                xQueueGenericReset
 .text.xQueueGenericCreateStatic
                0x000000000000733e       0xae ./FreeRTOS/queue.o
                0x000000000000733e                xQueueGenericCreateStatic
 .text.xQueueGenericCreate
                0x00000000000073ec       0x72 ./FreeRTOS/queue.o
                0x00000000000073ec                xQueueGenericCreate
 .text.xQueueGenericSend
                0x000000000000745e      0x1a8 ./FreeRTOS/queue.o
                0x000000000000745e                xQueueGenericSend
 .text.xQueueGiveMutexRecursive
                0x0000000000007606       0x56 ./FreeRTOS/queue.o
                0x0000000000007606                xQueueGiveMutexRecursive
 .text.xQueueCreateMutex
                0x000000000000765c       0x2e ./FreeRTOS/queue.o
                0x000000000000765c                xQueueCreateMutex
 .text.xQueueReceive
                0x000000000000768a      0x166 ./FreeRTOS/queue.o
                0x000000000000768a                xQueueReceive
 .text.xQueueSemaphoreTake
                0x00000000000077f0      0x1be ./FreeRTOS/queue.o
                0x00000000000077f0                xQueueSemaphoreTake
 .text.xQueueTakeMutexRecursive
                0x00000000000079ae       0x5a ./FreeRTOS/queue.o
                0x00000000000079ae                xQueueTakeMutexRecursive
 .text.uxQueueMessagesWaiting
                0x0000000000007a08       0x44 ./FreeRTOS/queue.o
                0x0000000000007a08                uxQueueMessagesWaiting
 .text.vQueueAddToRegistry
                0x0000000000007a4c       0x6c ./FreeRTOS/queue.o
                0x0000000000007a4c                vQueueAddToRegistry
 .text.vQueueWaitForMessageRestricted
                0x0000000000007ab8       0x5c ./FreeRTOS/queue.o
                0x0000000000007ab8                vQueueWaitForMessageRestricted
 .text.prvIdleTask
                0x0000000000007b14        0x2 ./FreeRTOS/tasks.o
 .text.prvAddNewTaskToReadyList
                0x0000000000007b16      0x106 ./FreeRTOS/tasks.o
 .text.prvResetNextTaskUnblockTime
                0x0000000000007c1c       0x20 ./FreeRTOS/tasks.o
 .text.prvTaskIsTaskSuspended
                0x0000000000007c3c       0x50 ./FreeRTOS/tasks.o
 .text.prvInitialiseNewTask.isra.2
                0x0000000000007c8c       0xc8 ./FreeRTOS/tasks.o
 .text.prvAddCurrentTaskToDelayedList
                0x0000000000007d54       0xa4 ./FreeRTOS/tasks.o
 .text.xTaskCreateStatic
                0x0000000000007df8       0xa6 ./FreeRTOS/tasks.o
                0x0000000000007df8                xTaskCreateStatic
 .text.vTaskResume
                0x0000000000007e9e       0xa6 ./FreeRTOS/tasks.o
                0x0000000000007e9e                vTaskResume
 .text.vTaskStartScheduler
                0x0000000000007f44       0x90 ./FreeRTOS/tasks.o
                0x0000000000007f44                vTaskStartScheduler
 .text.vTaskSuspendAll
                0x0000000000007fd4        0xc ./FreeRTOS/tasks.o
                0x0000000000007fd4                vTaskSuspendAll
 .text.xTaskGetTickCount
                0x0000000000007fe0        0x6 ./FreeRTOS/tasks.o
                0x0000000000007fe0                xTaskGetTickCount
 .text.xTaskIncrementTick
                0x0000000000007fe6      0x190 ./FreeRTOS/tasks.o
                0x0000000000007fe6                xTaskIncrementTick
 .text.xTaskResumeAll
                0x0000000000008176      0x150 ./FreeRTOS/tasks.o
                0x0000000000008176                xTaskResumeAll
 .text.vTaskDelay
                0x00000000000082c6       0x62 ./FreeRTOS/tasks.o
                0x00000000000082c6                vTaskDelay
 .text.vTaskSwitchContext
                0x0000000000008328       0x8e ./FreeRTOS/tasks.o
                0x0000000000008328                vTaskSwitchContext
 .text.vTaskSuspend
                0x00000000000083b6       0xe6 ./FreeRTOS/tasks.o
                0x00000000000083b6                vTaskSuspend
 .text.vTaskPlaceOnEventList
                0x000000000000849c       0x48 ./FreeRTOS/tasks.o
                0x000000000000849c                vTaskPlaceOnEventList
 .text.vTaskPlaceOnEventListRestricted
                0x00000000000084e4       0x76 ./FreeRTOS/tasks.o
                0x00000000000084e4                vTaskPlaceOnEventListRestricted
 .text.xTaskRemoveFromEventList
                0x000000000000855a       0xe0 ./FreeRTOS/tasks.o
                0x000000000000855a                xTaskRemoveFromEventList
 .text.vTaskInternalSetTimeOutState
                0x000000000000863a        0xe ./FreeRTOS/tasks.o
                0x000000000000863a                vTaskInternalSetTimeOutState
 .text.xTaskCheckForTimeOut
                0x0000000000008648       0xaa ./FreeRTOS/tasks.o
                0x0000000000008648                xTaskCheckForTimeOut
 .text.vTaskMissedYield
                0x00000000000086f2        0x8 ./FreeRTOS/tasks.o
                0x00000000000086f2                vTaskMissedYield
 .text.xTaskGetCurrentTaskHandle
                0x00000000000086fa        0xa ./FreeRTOS/tasks.o
                0x00000000000086fa                xTaskGetCurrentTaskHandle
 .text.xTaskGetSchedulerState
                0x0000000000008704       0x14 ./FreeRTOS/tasks.o
                0x0000000000008704                xTaskGetSchedulerState
 .text.xTaskPriorityInherit
                0x0000000000008718       0xaa ./FreeRTOS/tasks.o
                0x0000000000008718                xTaskPriorityInherit
 .text.xTaskPriorityDisinherit
                0x00000000000087c2       0xc6 ./FreeRTOS/tasks.o
                0x00000000000087c2                xTaskPriorityDisinherit
 .text.vTaskPriorityDisinheritAfterTimeout
                0x0000000000008888       0xe2 ./FreeRTOS/tasks.o
                0x0000000000008888                vTaskPriorityDisinheritAfterTimeout
 .text.pvTaskIncrementMutexHeldCount
                0x000000000000896a       0x1c ./FreeRTOS/tasks.o
                0x000000000000896a                pvTaskIncrementMutexHeldCount
 .text.ulTaskGenericNotifyTake
                0x0000000000008986       0xb8 ./FreeRTOS/tasks.o
                0x0000000000008986                ulTaskGenericNotifyTake
 .text.xTaskGenericNotifyWait
                0x0000000000008a3e       0xe6 ./FreeRTOS/tasks.o
                0x0000000000008a3e                xTaskGenericNotifyWait
 .text.xTaskGenericNotify
                0x0000000000008b24      0x1ac ./FreeRTOS/tasks.o
                0x0000000000008b24                xTaskGenericNotify
 .text.xTaskGenericNotifyFromISR
                0x0000000000008cd0      0x1e4 ./FreeRTOS/tasks.o
                0x0000000000008cd0                xTaskGenericNotifyFromISR
 .text.ulTaskGenericNotifyValueClear
                0x0000000000008eb4       0x3e ./FreeRTOS/tasks.o
                0x0000000000008eb4                ulTaskGenericNotifyValueClear
 .text.prvCheckForValidListAndQueue
                0x0000000000008ef2       0x6a ./FreeRTOS/timers.o
 .text.prvInsertTimerInActiveList
                0x0000000000008f5c       0x3e ./FreeRTOS/timers.o
 .text.prvReloadTimer
                0x0000000000008f9a       0x2a ./FreeRTOS/timers.o
 .text.prvProcessExpiredTimer
                0x0000000000008fc4       0x42 ./FreeRTOS/timers.o
 .text.prvSwitchTimerLists
                0x0000000000009006       0x28 ./FreeRTOS/timers.o
 .text.prvTimerTask
                0x000000000000902e      0x188 ./FreeRTOS/timers.o
 .text.xTimerCreateTimerTask
                0x00000000000091b6       0x6e ./FreeRTOS/timers.o
                0x00000000000091b6                xTimerCreateTimerTask
 .text.vRCFilter
                0x0000000000009224       0x30 ./Drivers/filters.o
                0x0000000000009224                vRCFilter
 .text.vInitABFilter
                0x0000000000009254       0x22 ./Drivers/filters.o
                0x0000000000009254                vInitABFilter
 .text.vInitRunAverga
                0x0000000000009276        0x8 ./Drivers/filters.o
                0x0000000000009276                vInitRunAverga
 .text.vInitMedianFilter
                0x000000000000927e       0x12 ./Drivers/filters.o
                0x000000000000927e                vInitMedianFilter
 .text.MedianFilter
                0x0000000000009290       0x6e ./Drivers/filters.o
                0x0000000000009290                MedianFilter
 .text.Delay_Ms
                0x00000000000092fe       0x36 ./Debug/debug.o
                0x00000000000092fe                Delay_Ms
 .text._write   0x0000000000009334       0x3e ./Debug/debug.o
                0x0000000000009334                _write
 .text._sbrk    0x0000000000009372       0x2a ./Debug/debug.o
                0x0000000000009372                _sbrk
 .text.prv_read_can_received_msg
                0x000000000000939c       0x50 ./CANopenNode/keypad/CO_driver_ST32F103.o
                0x000000000000939c                prv_read_can_received_msg
 .text.prv_send_can_message.isra.0
                0x00000000000093ec       0x2c ./CANopenNode/keypad/CO_driver_ST32F103.o
 .text.CAN_SendMessage
                0x0000000000009418       0x66 ./CANopenNode/keypad/CO_driver_ST32F103.o
                0x0000000000009418                CAN_SendMessage
 .text.co_drv_create_os_objects
                0x000000000000947e       0x30 ./CANopenNode/keypad/CO_driver_ST32F103.o
                0x000000000000947e                co_drv_create_os_objects
 .text.co_drv_mutex_lock
                0x00000000000094ae       0x18 ./CANopenNode/keypad/CO_driver_ST32F103.o
                0x00000000000094ae                co_drv_mutex_lock
 .text.co_drv_mutex_unlock
                0x00000000000094c6       0x16 ./CANopenNode/keypad/CO_driver_ST32F103.o
                0x00000000000094c6                co_drv_mutex_unlock
 .text.CO_CANsetConfigurationMode
                0x00000000000094dc       0x10 ./CANopenNode/keypad/CO_driver_ST32F103.o
                0x00000000000094dc                CO_CANsetConfigurationMode
 .text.CO_CANsetNormalMode
                0x00000000000094ec       0x1c ./CANopenNode/keypad/CO_driver_ST32F103.o
                0x00000000000094ec                CO_CANsetNormalMode
 .text.CO_CANmodule_init
                0x0000000000009508      0x110 ./CANopenNode/keypad/CO_driver_ST32F103.o
                0x0000000000009508                CO_CANmodule_init
 .text.CO_CANmodule_disable
                0x0000000000009618       0x14 ./CANopenNode/keypad/CO_driver_ST32F103.o
                0x0000000000009618                CO_CANmodule_disable
 .text.CO_CANrxBufferInit
                0x000000000000962c       0x52 ./CANopenNode/keypad/CO_driver_ST32F103.o
                0x000000000000962c                CO_CANrxBufferInit
 .text.CO_CANtxBufferInit
                0x000000000000967e       0x3a ./CANopenNode/keypad/CO_driver_ST32F103.o
                0x000000000000967e                CO_CANtxBufferInit
 .text.CO_CANmodule_process
                0x00000000000096b8       0x12 ./CANopenNode/keypad/CO_driver_ST32F103.o
                0x00000000000096b8                CO_CANmodule_process
 .text.CO_CANsend
                0x00000000000096ca       0x46 ./CANopenNode/keypad/CO_driver_ST32F103.o
                0x00000000000096ca                CO_CANsend
 .text.CO_LSSslave_receive
                0x0000000000009710      0x1a8 ./CANopenNode/305/CO_LSSslave.o
 .text.CO_LSSslave_init
                0x00000000000098b8       0xa4 ./CANopenNode/305/CO_LSSslave.o
                0x00000000000098b8                CO_LSSslave_init
 .text.CO_LSSslave_process
                0x000000000000995c      0x1a2 ./CANopenNode/305/CO_LSSslave.o
                0x000000000000995c                CO_LSSslave_process
 .text.OD_write_1003
                0x0000000000009afe       0x28 ./CANopenNode/301/CO_Emergency.o
 .text.OD_read_1003
                0x0000000000009b26       0x8c ./CANopenNode/301/CO_Emergency.o
 .text.OD_read_1014_default
                0x0000000000009bb2       0x50 ./CANopenNode/301/CO_Emergency.o
 .text.CO_EM_init
                0x0000000000009c02      0x112 ./CANopenNode/301/CO_Emergency.o
                0x0000000000009c02                CO_EM_init
 .text.CO_error
                0x0000000000009d14       0xc4 ./CANopenNode/301/CO_Emergency.o
                0x0000000000009d14                CO_error
 .text.CO_EM_process
                0x0000000000009dd8      0x182 ./CANopenNode/301/CO_Emergency.o
                0x0000000000009dd8                CO_EM_process
 .text.CO_NMT_receive
                0x0000000000009f5a       0x18 ./CANopenNode/301/CO_NMT_Heartbeat.o
 .text.OD_write_1017
                0x0000000000009f72       0x48 ./CANopenNode/301/CO_NMT_Heartbeat.o
 .text.CO_NMT_init
                0x0000000000009fba       0xec ./CANopenNode/301/CO_NMT_Heartbeat.o
                0x0000000000009fba                CO_NMT_init
 .text.CO_NMT_process
                0x000000000000a0a6      0x106 ./CANopenNode/301/CO_NMT_Heartbeat.o
                0x000000000000a0a6                CO_NMT_process
 .text.OD_readDisabled
                0x000000000000a1ac        0x4 ./CANopenNode/301/CO_ODinterface.o
 .text.OD_readOriginal
                0x000000000000a1b0       0x50 ./CANopenNode/301/CO_ODinterface.o
                0x000000000000a1b0                OD_readOriginal
 .text.OD_writeOriginal
                0x000000000000a200       0x54 ./CANopenNode/301/CO_ODinterface.o
                0x000000000000a200                OD_writeOriginal
 .text.OD_writeDisabled
                0x000000000000a254        0x4 ./CANopenNode/301/CO_ODinterface.o
 .text.OD_find  0x000000000000a258       0x70 ./CANopenNode/301/CO_ODinterface.o
                0x000000000000a258                OD_find
 .text.OD_getSub
                0x000000000000a2c8       0xf6 ./CANopenNode/301/CO_ODinterface.o
                0x000000000000a2c8                OD_getSub
 .text.OD_getSDOabCode
                0x000000000000a3be       0x20 ./CANopenNode/301/CO_ODinterface.o
                0x000000000000a3be                OD_getSDOabCode
 .text.OD_get_value
                0x000000000000a3de       0x34 ./CANopenNode/301/CO_ODinterface.o
                0x000000000000a3de                OD_get_value
 .text.OD_set_value
                0x000000000000a412       0x2e ./CANopenNode/301/CO_ODinterface.o
                0x000000000000a412                OD_set_value
 .text.OD_getPtr
                0x000000000000a440       0x3c ./CANopenNode/301/CO_ODinterface.o
                0x000000000000a440                OD_getPtr
 .text.OD_write_dummy
                0x000000000000a47c        0x8 ./CANopenNode/301/CO_PDO.o
 .text.OD_read_dummy
                0x000000000000a484       0x2e ./CANopenNode/301/CO_PDO.o
 .text.PDOconfigMap
                0x000000000000a4b2      0x100 ./CANopenNode/301/CO_PDO.o
 .text.CO_PDO_receive
                0x000000000000a5b2       0x48 ./CANopenNode/301/CO_PDO.o
 .text.OD_read_PDO_commParam
                0x000000000000a5fa       0x70 ./CANopenNode/301/CO_PDO.o
 .text.PDO_initMapping.constprop.3
                0x000000000000a66a       0xe6 ./CANopenNode/301/CO_PDO.o
 .text.OD_write_PDO_mapping
                0x000000000000a750       0xb4 ./CANopenNode/301/CO_PDO.o
 .text.OD_write_18xx
                0x000000000000a804      0x184 ./CANopenNode/301/CO_PDO.o
 .text.OD_write_14xx
                0x000000000000a988      0x15a ./CANopenNode/301/CO_PDO.o
 .text.CO_RPDO_init
                0x000000000000aae2      0x172 ./CANopenNode/301/CO_PDO.o
                0x000000000000aae2                CO_RPDO_init
 .text.CO_RPDO_process
                0x000000000000ac54      0x114 ./CANopenNode/301/CO_PDO.o
                0x000000000000ac54                CO_RPDO_process
 .text.CO_TPDO_init
                0x000000000000ad68      0x1d2 ./CANopenNode/301/CO_PDO.o
                0x000000000000ad68                CO_TPDO_init
 .text.CO_TPDO_process
                0x000000000000af3a      0x15e ./CANopenNode/301/CO_PDO.o
                0x000000000000af3a                CO_TPDO_process
 .text.CO_SDOserver_init_canRxTx
                0x000000000000b098       0x82 ./CANopenNode/301/CO_SDOserver.o
 .text.CO_SDO_receive
                0x000000000000b11a       0x38 ./CANopenNode/301/CO_SDOserver.o
 .text.readFromOd.isra.1.constprop.5
                0x000000000000b152       0xe2 ./CANopenNode/301/CO_SDOserver.o
 .text.OD_write_1201_additional
                0x000000000000b234      0x158 ./CANopenNode/301/CO_SDOserver.o
 .text.CO_SDOserver_init
                0x000000000000b38c      0x172 ./CANopenNode/301/CO_SDOserver.o
                0x000000000000b38c                CO_SDOserver_init
 .text.CO_SDOserver_process
                0x000000000000b4fe      0x5e8 ./CANopenNode/301/CO_SDOserver.o
                0x000000000000b4fe                CO_SDOserver_process
 .text.CO_delete
                0x000000000000bae6       0x56 ./CANopenNode/CANopen.o
                0x000000000000bae6                CO_delete
 .text.CO_new   0x000000000000bb3c      0x102 ./CANopenNode/CANopen.o
                0x000000000000bb3c                CO_new
 .text.CO_CANinit
                0x000000000000bc3e       0x36 ./CANopenNode/CANopen.o
                0x000000000000bc3e                CO_CANinit
 .text.CO_LSSinit
                0x000000000000bc74       0x32 ./CANopenNode/CANopen.o
                0x000000000000bc74                CO_LSSinit
 .text.CO_CANopenInit
                0x000000000000bca6       0xb8 ./CANopenNode/CANopen.o
                0x000000000000bca6                CO_CANopenInit
 .text.CO_CANopenInitPDO
                0x000000000000bd5e       0xea ./CANopenNode/CANopen.o
                0x000000000000bd5e                CO_CANopenInitPDO
 .text.CO_process
                0x000000000000be48       0x7e ./CANopenNode/CANopen.o
                0x000000000000be48                CO_process
 .text.CO_process_RPDO
                0x000000000000bec6       0x40 ./CANopenNode/CANopen.o
                0x000000000000bec6                CO_process_RPDO
 .text.CO_process_TPDO
                0x000000000000bf06       0x40 ./CANopenNode/CANopen.o
                0x000000000000bf06                CO_process_TPDO
 .text.__addsf3
                0x000000000000bf46      0x36a c:/mounriver/mounriver_studio/toolchain/risc-v embedded gcc/bin/../lib/gcc/riscv-none-embed/8.2.0/rv32imacxw/ilp32\libgcc.a(addsf3.o)
                0x000000000000bf46                __addsf3
 .text.__divsf3
                0x000000000000c2b0      0x2b2 c:/mounriver/mounriver_studio/toolchain/risc-v embedded gcc/bin/../lib/gcc/riscv-none-embed/8.2.0/rv32imacxw/ilp32\libgcc.a(divsf3.o)
                0x000000000000c2b0                __divsf3
 .text.__gesf2  0x000000000000c562       0x86 c:/mounriver/mounriver_studio/toolchain/risc-v embedded gcc/bin/../lib/gcc/riscv-none-embed/8.2.0/rv32imacxw/ilp32\libgcc.a(gesf2.o)
                0x000000000000c562                __gesf2
                0x000000000000c562                __gtsf2
 .text.__lesf2  0x000000000000c5e8       0x8c c:/mounriver/mounriver_studio/toolchain/risc-v embedded gcc/bin/../lib/gcc/riscv-none-embed/8.2.0/rv32imacxw/ilp32\libgcc.a(lesf2.o)
                0x000000000000c5e8                __ltsf2
                0x000000000000c5e8                __lesf2
 .text.__mulsf3
                0x000000000000c674      0x290 c:/mounriver/mounriver_studio/toolchain/risc-v embedded gcc/bin/../lib/gcc/riscv-none-embed/8.2.0/rv32imacxw/ilp32\libgcc.a(mulsf3.o)
                0x000000000000c674                __mulsf3
 .text.__subsf3
                0x000000000000c904      0x388 c:/mounriver/mounriver_studio/toolchain/risc-v embedded gcc/bin/../lib/gcc/riscv-none-embed/8.2.0/rv32imacxw/ilp32\libgcc.a(subsf3.o)
                0x000000000000c904                __subsf3
 .text.__fixsfsi
                0x000000000000cc8c       0x62 c:/mounriver/mounriver_studio/toolchain/risc-v embedded gcc/bin/../lib/gcc/riscv-none-embed/8.2.0/rv32imacxw/ilp32\libgcc.a(fixsfsi.o)
                0x000000000000cc8c                __fixsfsi
 .text.__fixunssfsi
                0x000000000000ccee       0x56 c:/mounriver/mounriver_studio/toolchain/risc-v embedded gcc/bin/../lib/gcc/riscv-none-embed/8.2.0/rv32imacxw/ilp32\libgcc.a(fixunssfsi.o)
                0x000000000000ccee                __fixunssfsi
 .text.__floatsisf
                0x000000000000cd44       0xc6 c:/mounriver/mounriver_studio/toolchain/risc-v embedded gcc/bin/../lib/gcc/riscv-none-embed/8.2.0/rv32imacxw/ilp32\libgcc.a(floatsisf.o)
                0x000000000000cd44                __floatsisf
 .text.__floatunsisf
                0x000000000000ce0a       0xce c:/mounriver/mounriver_studio/toolchain/risc-v embedded gcc/bin/../lib/gcc/riscv-none-embed/8.2.0/rv32imacxw/ilp32\libgcc.a(floatunsisf.o)
                0x000000000000ce0a                __floatunsisf
 .text.__clzsi2
                0x000000000000ced8       0x6e c:/mounriver/mounriver_studio/toolchain/risc-v embedded gcc/bin/../lib/gcc/riscv-none-embed/8.2.0/rv32imacxw/ilp32\libgcc.a(_clzsi2.o)
                0x000000000000ced8                __clzsi2
 .text.calloc   0x000000000000cf46        0xc c:/mounriver/mounriver_studio/toolchain/risc-v embedded gcc/bin/../lib/gcc/riscv-none-embed/8.2.0/../../../../riscv-none-embed/lib/rv32imacxw/ilp32\libg_nano.a(lib_a-calloc.o)
                0x000000000000cf46                calloc
 .text.free     0x000000000000cf52        0xa c:/mounriver/mounriver_studio/toolchain/risc-v embedded gcc/bin/../lib/gcc/riscv-none-embed/8.2.0/../../../../riscv-none-embed/lib/rv32imacxw/ilp32\libg_nano.a(lib_a-malloc.o)
                0x000000000000cf52                free
 .text.memcpy   0x000000000000cf5c       0xb2 c:/mounriver/mounriver_studio/toolchain/risc-v embedded gcc/bin/../lib/gcc/riscv-none-embed/8.2.0/../../../../riscv-none-embed/lib/rv32imacxw/ilp32\libg_nano.a(lib_a-memcpy.o)
                0x000000000000cf5c                memcpy
 .text.memmove  0x000000000000d00e       0x46 c:/mounriver/mounriver_studio/toolchain/risc-v embedded gcc/bin/../lib/gcc/riscv-none-embed/8.2.0/../../../../riscv-none-embed/lib/rv32imacxw/ilp32\libg_nano.a(lib_a-memmove.o)
                0x000000000000d00e                memmove
 .text._calloc_r
                0x000000000000d054       0x26 c:/mounriver/mounriver_studio/toolchain/risc-v embedded gcc/bin/../lib/gcc/riscv-none-embed/8.2.0/../../../../riscv-none-embed/lib/rv32imacxw/ilp32\libg_nano.a(lib_a-nano-callocr.o)
                0x000000000000d054                _calloc_r
 .text._free_r  0x000000000000d07a       0xa4 c:/mounriver/mounriver_studio/toolchain/risc-v embedded gcc/bin/../lib/gcc/riscv-none-embed/8.2.0/../../../../riscv-none-embed/lib/rv32imacxw/ilp32\libg_nano.a(lib_a-nano-freer.o)
                0x000000000000d07a                _free_r
 .text._malloc_r
                0x000000000000d11e       0xce c:/mounriver/mounriver_studio/toolchain/risc-v embedded gcc/bin/../lib/gcc/riscv-none-embed/8.2.0/../../../../riscv-none-embed/lib/rv32imacxw/ilp32\libg_nano.a(lib_a-nano-mallocr.o)
                0x000000000000d11e                _malloc_r
 .text.printf   0x000000000000d1ec       0x3e c:/mounriver/mounriver_studio/toolchain/risc-v embedded gcc/bin/../lib/gcc/riscv-none-embed/8.2.0/../../../../riscv-none-embed/lib/rv32imacxw/ilp32\libg_nano.a(lib_a-printf.o)
                0x000000000000d1ec                iprintf
                0x000000000000d1ec                printf
 .text._sbrk_r  0x000000000000d22a       0x32 c:/mounriver/mounriver_studio/toolchain/risc-v embedded gcc/bin/../lib/gcc/riscv-none-embed/8.2.0/../../../../riscv-none-embed/lib/rv32imacxw/ilp32\libg_nano.a(lib_a-sbrkr.o)
                0x000000000000d22a                _sbrk_r
 .text.strlen   0x000000000000d25c       0x12 c:/mounriver/mounriver_studio/toolchain/risc-v embedded gcc/bin/../lib/gcc/riscv-none-embed/8.2.0/../../../../riscv-none-embed/lib/rv32imacxw/ilp32\libg_nano.a(lib_a-strlen.o)
                0x000000000000d25c                strlen
 .text.std      0x000000000000d26e       0x66 c:/mounriver/mounriver_studio/toolchain/risc-v embedded gcc/bin/../lib/gcc/riscv-none-embed/8.2.0/../../../../riscv-none-embed/lib/rv32imacxw/ilp32\libg_nano.a(lib_a-findfp.o)
 .text._cleanup_r
                0x000000000000d2d4        0xa c:/mounriver/mounriver_studio/toolchain/risc-v embedded gcc/bin/../lib/gcc/riscv-none-embed/8.2.0/../../../../riscv-none-embed/lib/rv32imacxw/ilp32\libg_nano.a(lib_a-findfp.o)
                0x000000000000d2d4                _cleanup_r
 .text.__sfmoreglue
                0x000000000000d2de       0x48 c:/mounriver/mounriver_studio/toolchain/risc-v embedded gcc/bin/../lib/gcc/riscv-none-embed/8.2.0/../../../../riscv-none-embed/lib/rv32imacxw/ilp32\libg_nano.a(lib_a-findfp.o)
                0x000000000000d2de                __sfmoreglue
 .text.__sinit  0x000000000000d326       0x6c c:/mounriver/mounriver_studio/toolchain/risc-v embedded gcc/bin/../lib/gcc/riscv-none-embed/8.2.0/../../../../riscv-none-embed/lib/rv32imacxw/ilp32\libg_nano.a(lib_a-findfp.o)
                0x000000000000d326                __sinit
 .text.__sfp    0x000000000000d392       0xa0 c:/mounriver/mounriver_studio/toolchain/risc-v embedded gcc/bin/../lib/gcc/riscv-none-embed/8.2.0/../../../../riscv-none-embed/lib/rv32imacxw/ilp32\libg_nano.a(lib_a-findfp.o)
                0x000000000000d392                __sfp
 .text._fwalk_reent
                0x000000000000d432       0x6a c:/mounriver/mounriver_studio/toolchain/risc-v embedded gcc/bin/../lib/gcc/riscv-none-embed/8.2.0/../../../../riscv-none-embed/lib/rv32imacxw/ilp32\libg_nano.a(lib_a-fwalk.o)
                0x000000000000d432                _fwalk_reent
 .text.__malloc_lock
                0x000000000000d49c        0x2 c:/mounriver/mounriver_studio/toolchain/risc-v embedded gcc/bin/../lib/gcc/riscv-none-embed/8.2.0/../../../../riscv-none-embed/lib/rv32imacxw/ilp32\libg_nano.a(lib_a-mlock.o)
                0x000000000000d49c                __malloc_lock
 .text.__malloc_unlock
                0x000000000000d49e        0x2 c:/mounriver/mounriver_studio/toolchain/risc-v embedded gcc/bin/../lib/gcc/riscv-none-embed/8.2.0/../../../../riscv-none-embed/lib/rv32imacxw/ilp32\libg_nano.a(lib_a-mlock.o)
                0x000000000000d49e                __malloc_unlock
 .text.__sfputc_r
                0x000000000000d4a0       0x26 c:/mounriver/mounriver_studio/toolchain/risc-v embedded gcc/bin/../lib/gcc/riscv-none-embed/8.2.0/../../../../riscv-none-embed/lib/rv32imacxw/ilp32\libg_nano.a(lib_a-nano-vfprintf.o)
 .text.__sfputs_r
                0x000000000000d4c6       0x42 c:/mounriver/mounriver_studio/toolchain/risc-v embedded gcc/bin/../lib/gcc/riscv-none-embed/8.2.0/../../../../riscv-none-embed/lib/rv32imacxw/ilp32\libg_nano.a(lib_a-nano-vfprintf.o)
                0x000000000000d4c6                __sfputs_r
 .text._vfprintf_r
                0x000000000000d508      0x28c c:/mounriver/mounriver_studio/toolchain/risc-v embedded gcc/bin/../lib/gcc/riscv-none-embed/8.2.0/../../../../riscv-none-embed/lib/rv32imacxw/ilp32\libg_nano.a(lib_a-nano-vfprintf.o)
                0x000000000000d508                _vfprintf_r
                0x000000000000d508                _vfiprintf_r
 .text._printf_common
                0x000000000000d794      0x10c c:/mounriver/mounriver_studio/toolchain/risc-v embedded gcc/bin/../lib/gcc/riscv-none-embed/8.2.0/../../../../riscv-none-embed/lib/rv32imacxw/ilp32\libg_nano.a(lib_a-nano-vfprintf_i.o)
                0x000000000000d794                _printf_common
 .text._printf_i
                0x000000000000d8a0      0x2a2 c:/mounriver/mounriver_studio/toolchain/risc-v embedded gcc/bin/../lib/gcc/riscv-none-embed/8.2.0/../../../../riscv-none-embed/lib/rv32imacxw/ilp32\libg_nano.a(lib_a-nano-vfprintf_i.o)
                0x000000000000d8a0                _printf_i
 .text.__sread  0x000000000000db42       0x2c c:/mounriver/mounriver_studio/toolchain/risc-v embedded gcc/bin/../lib/gcc/riscv-none-embed/8.2.0/../../../../riscv-none-embed/lib/rv32imacxw/ilp32\libg_nano.a(lib_a-stdio.o)
                0x000000000000db42                __sread
 .text.__swrite
                0x000000000000db6e       0x48 c:/mounriver/mounriver_studio/toolchain/risc-v embedded gcc/bin/../lib/gcc/riscv-none-embed/8.2.0/../../../../riscv-none-embed/lib/rv32imacxw/ilp32\libg_nano.a(lib_a-stdio.o)
                0x000000000000db6e                __swrite
 .text.__sseek  0x000000000000dbb6       0x30 c:/mounriver/mounriver_studio/toolchain/risc-v embedded gcc/bin/../lib/gcc/riscv-none-embed/8.2.0/../../../../riscv-none-embed/lib/rv32imacxw/ilp32\libg_nano.a(lib_a-stdio.o)
                0x000000000000dbb6                __sseek
 .text.__sclose
                0x000000000000dbe6        0x6 c:/mounriver/mounriver_studio/toolchain/risc-v embedded gcc/bin/../lib/gcc/riscv-none-embed/8.2.0/../../../../riscv-none-embed/lib/rv32imacxw/ilp32\libg_nano.a(lib_a-stdio.o)
                0x000000000000dbe6                __sclose
 .text.__swbuf_r
                0x000000000000dbec       0xbe c:/mounriver/mounriver_studio/toolchain/risc-v embedded gcc/bin/../lib/gcc/riscv-none-embed/8.2.0/../../../../riscv-none-embed/lib/rv32imacxw/ilp32\libg_nano.a(lib_a-wbuf.o)
                0x000000000000dbec                __swbuf_r
 .text._write_r
                0x000000000000dcaa       0x36 c:/mounriver/mounriver_studio/toolchain/risc-v embedded gcc/bin/../lib/gcc/riscv-none-embed/8.2.0/../../../../riscv-none-embed/lib/rv32imacxw/ilp32\libg_nano.a(lib_a-writer.o)
                0x000000000000dcaa                _write_r
 .text.__swsetup_r
                0x000000000000dce0      0x100 c:/mounriver/mounriver_studio/toolchain/risc-v embedded gcc/bin/../lib/gcc/riscv-none-embed/8.2.0/../../../../riscv-none-embed/lib/rv32imacxw/ilp32\libg_nano.a(lib_a-wsetup.o)
                0x000000000000dce0                __swsetup_r
 .text._close_r
                0x000000000000dde0       0x30 c:/mounriver/mounriver_studio/toolchain/risc-v embedded gcc/bin/../lib/gcc/riscv-none-embed/8.2.0/../../../../riscv-none-embed/lib/rv32imacxw/ilp32\libg_nano.a(lib_a-closer.o)
                0x000000000000dde0                _close_r
 .text.__sflush_r
                0x000000000000de10      0x132 c:/mounriver/mounriver_studio/toolchain/risc-v embedded gcc/bin/../lib/gcc/riscv-none-embed/8.2.0/../../../../riscv-none-embed/lib/rv32imacxw/ilp32\libg_nano.a(lib_a-fflush.o)
                0x000000000000de10                __sflush_r
 .text._fflush_r
                0x000000000000df42       0x68 c:/mounriver/mounriver_studio/toolchain/risc-v embedded gcc/bin/../lib/gcc/riscv-none-embed/8.2.0/../../../../riscv-none-embed/lib/rv32imacxw/ilp32\libg_nano.a(lib_a-fflush.o)
                0x000000000000df42                _fflush_r
 .text._lseek_r
                0x000000000000dfaa       0x34 c:/mounriver/mounriver_studio/toolchain/risc-v embedded gcc/bin/../lib/gcc/riscv-none-embed/8.2.0/../../../../riscv-none-embed/lib/rv32imacxw/ilp32\libg_nano.a(lib_a-lseekr.o)
                0x000000000000dfaa                _lseek_r
 .text.__swhatbuf_r
                0x000000000000dfde       0x56 c:/mounriver/mounriver_studio/toolchain/risc-v embedded gcc/bin/../lib/gcc/riscv-none-embed/8.2.0/../../../../riscv-none-embed/lib/rv32imacxw/ilp32\libg_nano.a(lib_a-makebuf.o)
                0x000000000000dfde                __swhatbuf_r
 .text.__smakebuf_r
                0x000000000000e034       0x92 c:/mounriver/mounriver_studio/toolchain/risc-v embedded gcc/bin/../lib/gcc/riscv-none-embed/8.2.0/../../../../riscv-none-embed/lib/rv32imacxw/ilp32\libg_nano.a(lib_a-makebuf.o)
                0x000000000000e034                __smakebuf_r
 .text.memchr   0x000000000000e0c6       0x18 c:/mounriver/mounriver_studio/toolchain/risc-v embedded gcc/bin/../lib/gcc/riscv-none-embed/8.2.0/../../../../riscv-none-embed/lib/rv32imacxw/ilp32\libg_nano.a(lib_a-memchr.o)
                0x000000000000e0c6                memchr
 .text._read_r  0x000000000000e0de       0x34 c:/mounriver/mounriver_studio/toolchain/risc-v embedded gcc/bin/../lib/gcc/riscv-none-embed/8.2.0/../../../../riscv-none-embed/lib/rv32imacxw/ilp32\libg_nano.a(lib_a-readr.o)
                0x000000000000e0de                _read_r
 .text._fstat_r
                0x000000000000e112       0x32 c:/mounriver/mounriver_studio/toolchain/risc-v embedded gcc/bin/../lib/gcc/riscv-none-embed/8.2.0/../../../../riscv-none-embed/lib/rv32imacxw/ilp32\libg_nano.a(lib_a-fstatr.o)
                0x000000000000e112                _fstat_r
 .text._isatty_r
                0x000000000000e144       0x30 c:/mounriver/mounriver_studio/toolchain/risc-v embedded gcc/bin/../lib/gcc/riscv-none-embed/8.2.0/../../../../riscv-none-embed/lib/rv32imacxw/ilp32\libg_nano.a(lib_a-isattyr.o)
                0x000000000000e144                _isatty_r
 .text._close   0x000000000000e174       0x10 c:/mounriver/mounriver_studio/toolchain/risc-v embedded gcc/bin/../lib/gcc/riscv-none-embed/8.2.0/../../../../riscv-none-embed/lib/rv32imacxw/ilp32\libnosys.a(close.o)
                0x000000000000e174                _close
 .text._fstat   0x000000000000e184       0x10 c:/mounriver/mounriver_studio/toolchain/risc-v embedded gcc/bin/../lib/gcc/riscv-none-embed/8.2.0/../../../../riscv-none-embed/lib/rv32imacxw/ilp32\libnosys.a(fstat.o)
                0x000000000000e184                _fstat