Archive member included to satisfy reference by file (symbol)

c:/mounriver/mounriver_studio/toolchain/risc-v embedded gcc/bin/../lib/gcc/riscv-none-embed/8.2.0/rv32imacxw/ilp32\libgcc.a(muldf3.o)
                              ./User/inputs.o (__muldf3)
c:/mounriver/mounriver_studio/toolchain/risc-v embedded gcc/bin/../lib/gcc/riscv-none-embed/8.2.0/rv32imacxw/ilp32\libgcc.a(floatunsidf.o)
                              ./User/inputs.o (__floatunsidf)
c:/mounriver/mounriver_studio/toolchain/risc-v embedded gcc/bin/../lib/gcc/riscv-none-embed/8.2.0/rv32imacxw/ilp32\libgcc.a(addsf3.o)
                              ./User/DataModel.o (__addsf3)
c:/mounriver/mounriver_studio/toolchain/risc-v embedded gcc/bin/../lib/gcc/riscv-none-embed/8.2.0/rv32imacxw/ilp32\libgcc.a(divsf3.o)
                              ./User/DataModel.o (__divsf3)
c:/mounriver/mounriver_studio/toolchain/risc-v embedded gcc/bin/../lib/gcc/riscv-none-embed/8.2.0/rv32imacxw/ilp32\libgcc.a(eqsf2.o)
                              ./HAL_LIB/hw_lib_din.o (__nesf2)
c:/mounriver/mounriver_studio/toolchain/risc-v embedded gcc/bin/../lib/gcc/riscv-none-embed/8.2.0/rv32imacxw/ilp32\libgcc.a(gesf2.o)
                              ./User/inputs.o (__gesf2)
c:/mounriver/mounriver_studio/toolchain/risc-v embedded gcc/bin/../lib/gcc/riscv-none-embed/8.2.0/rv32imacxw/ilp32\libgcc.a(lesf2.o)
                              ./HAL_LIB/hw_lib_din.o (__lesf2)
c:/mounriver/mounriver_studio/toolchain/risc-v embedded gcc/bin/../lib/gcc/riscv-none-embed/8.2.0/rv32imacxw/ilp32\libgcc.a(mulsf3.o)
                              ./User/dash_draw.o (__mulsf3)
c:/mounriver/mounriver_studio/toolchain/risc-v embedded gcc/bin/../lib/gcc/riscv-none-embed/8.2.0/rv32imacxw/ilp32\libgcc.a(subsf3.o)
                              ./User/inputs.o (__subsf3)
c:/mounriver/mounriver_studio/toolchain/risc-v embedded gcc/bin/../lib/gcc/riscv-none-embed/8.2.0/rv32imacxw/ilp32\libgcc.a(fixsfsi.o)
                              ./User/dash_draw.o (__fixsfsi)
c:/mounriver/mounriver_studio/toolchain/risc-v embedded gcc/bin/../lib/gcc/riscv-none-embed/8.2.0/rv32imacxw/ilp32\libgcc.a(fixunssfsi.o)
                              ./User/DataModel.o (__fixunssfsi)
c:/mounriver/mounriver_studio/toolchain/risc-v embedded gcc/bin/../lib/gcc/riscv-none-embed/8.2.0/rv32imacxw/ilp32\libgcc.a(floatsisf.o)
                              ./User/DataModel.o (__floatsisf)
c:/mounriver/mounriver_studio/toolchain/risc-v embedded gcc/bin/../lib/gcc/riscv-none-embed/8.2.0/rv32imacxw/ilp32\libgcc.a(floatunsisf.o)
                              ./User/DataModel.o (__floatunsisf)
c:/mounriver/mounriver_studio/toolchain/risc-v embedded gcc/bin/../lib/gcc/riscv-none-embed/8.2.0/rv32imacxw/ilp32\libgcc.a(truncdfsf2.o)
                              ./User/inputs.o (__truncdfsf2)
c:/mounriver/mounriver_studio/toolchain/risc-v embedded gcc/bin/../lib/gcc/riscv-none-embed/8.2.0/rv32imacxw/ilp32\libgcc.a(save-restore.o)
                              ./User/dash_draw.o (__riscv_save_12)
c:/mounriver/mounriver_studio/toolchain/risc-v embedded gcc/bin/../lib/gcc/riscv-none-embed/8.2.0/rv32imacxw/ilp32\libgcc.a(_clzsi2.o)
                              c:/mounriver/mounriver_studio/toolchain/risc-v embedded gcc/bin/../lib/gcc/riscv-none-embed/8.2.0/rv32imacxw/ilp32\libgcc.a(muldf3.o) (__clzsi2)
c:/mounriver/mounriver_studio/toolchain/risc-v embedded gcc/bin/../lib/gcc/riscv-none-embed/8.2.0/rv32imacxw/ilp32\libgcc.a(_clz.o)
                              c:/mounriver/mounriver_studio/toolchain/risc-v embedded gcc/bin/../lib/gcc/riscv-none-embed/8.2.0/rv32imacxw/ilp32\libgcc.a(_clzsi2.o) (__clz_tab)
c:/mounriver/mounriver_studio/toolchain/risc-v embedded gcc/bin/../lib/gcc/riscv-none-embed/8.2.0/../../../../riscv-none-embed/lib/rv32imacxw/ilp32\libg_nano.a(lib_a-calloc.o)
                              ./CANopenNode/CANopen.o (calloc)
c:/mounriver/mounriver_studio/toolchain/risc-v embedded gcc/bin/../lib/gcc/riscv-none-embed/8.2.0/../../../../riscv-none-embed/lib/rv32imacxw/ilp32\libg_nano.a(lib_a-impure.o)
                              c:/mounriver/mounriver_studio/toolchain/risc-v embedded gcc/bin/../lib/gcc/riscv-none-embed/8.2.0/../../../../riscv-none-embed/lib/rv32imacxw/ilp32\libg_nano.a(lib_a-calloc.o) (_impure_ptr)
c:/mounriver/mounriver_studio/toolchain/risc-v embedded gcc/bin/../lib/gcc/riscv-none-embed/8.2.0/../../../../riscv-none-embed/lib/rv32imacxw/ilp32\libg_nano.a(lib_a-malloc.o)
                              ./CANopenNode/CANopen.o (free)
c:/mounriver/mounriver_studio/toolchain/risc-v embedded gcc/bin/../lib/gcc/riscv-none-embed/8.2.0/../../../../riscv-none-embed/lib/rv32imacxw/ilp32\libg_nano.a(lib_a-memcpy.o)
                              ./User/DataModel.o (memcpy)
c:/mounriver/mounriver_studio/toolchain/risc-v embedded gcc/bin/../lib/gcc/riscv-none-embed/8.2.0/../../../../riscv-none-embed/lib/rv32imacxw/ilp32\libg_nano.a(lib_a-memmove.o)
                              ./CANopenNode/301/CO_SDOserver.o (memmove)
[...]
Memory Configuration

Name             Origin             Length             Attributes
FLASH            0x0000000000000000 0x0000000000010000 xr
SFLASH           0x0000000000010000 0x0000000000002800 xr
RAM              0x0000000020000000 0x0000000000005000 xrw
*default*        0x0000000000000000 0xffffffffffffffff

Linker script and memory map

LOAD ./User/CanOpenNode.o
LOAD ./User/DataModel.o
LOAD ./User/ch32v20x_it.o
LOAD ./User/dash_draw.o
LOAD ./User/init.o
LOAD ./User/inputs.o
LOAD ./User/led.o
LOAD ./User/main.o
LOAD ./User/process.o
LOAD ./User/system_ch32v20x.o
LOAD ./User/system_init.o
LOAD ./Startup/startup_ch32v20x_D6.o
LOAD ./Peripheral/src/ch32v20x_adc.o
LOAD ./Peripheral/src/ch32v20x_bkp.o
LOAD ./Peripheral/src/ch32v20x_can.o
LOAD ./Peripheral/src/ch32v20x_crc.o
LOAD ./Peripheral/src/ch32v20x_dbgmcu.o
LOAD ./Peripheral/src/ch32v20x_dma.o
LOAD ./Peripheral/src/ch32v20x_exti.o
LOAD ./Peripheral/src/ch32v20x_flash.o
LOAD ./Peripheral/src/ch32v20x_gpio.o
LOAD ./Peripheral/src/ch32v20x_i2c.o
LOAD ./Peripheral/src/ch32v20x_iwdg.o
LOAD ./Peripheral/src/ch32v20x_misc.o
LOAD ./Peripheral/src/ch32v20x_opa.o
LOAD ./Peripheral/src/ch32v20x_pwr.o
LOAD ./Peripheral/src/ch32v20x_rcc.o
LOAD ./Peripheral/src/ch32v20x_rtc.o
LOAD ./Peripheral/src/ch32v20x_spi.o
LOAD ./Peripheral/src/ch32v20x_tim.o
LOAD ./Peripheral/src/ch32v20x_usart.o
LOAD ./Peripheral/src/ch32v20x_wwdg.o
LOAD ./HAL_LIB/filters.o
LOAD ./HAL_LIB/hw_data_model.o
LOAD ./HAL_LIB/hw_lib_adc.o
LOAD ./HAL_LIB/hw_lib_din.o
LOAD ./HAL_LIB/hw_lib_eeprom_i2c.o
LOAD ./HAL_LIB/hw_timeout.o
LOAD ./HAL_DRIVER/hal_can_ch32.o
LOAD ./HAL_DRIVER/hal_gpio_ch32.o
LOAD ./HAL_DRIVER/hal_i2c_ch32.o
LOAD ./HAL_DRIVER/hal_irq.o
LOAD ./HAL_DRIVER/hal_rtc_ch32.o
LOAD ./HAL_DRIVER/hal_spi_ch32.o
LOAD ./HAL_DRIVER/hal_wdt_ch32.o
LOAD ./HAL/hal_adc_ch32.o
LOAD ./HAL/hal_dma_ch32.o
LOAD ./HAL/hal_timers_ch32.o
LOAD ./FreeRTOS/portable/MemMang/heap_4.o
LOAD ./FreeRTOS/portable/GCC/RISC-V/port.o
LOAD ./FreeRTOS/portable/GCC/RISC-V/portASM.o
LOAD ./FreeRTOS/croutine.o
LOAD ./FreeRTOS/event_groups.o
LOAD ./FreeRTOS/list.o
LOAD ./FreeRTOS/queue.o
LOAD ./FreeRTOS/stream_buffer.o
LOAD ./FreeRTOS/tasks.o
LOAD ./FreeRTOS/timers.o
LOAD ./Debug/debug.o
LOAD ./Core/core_riscv.o
LOAD ./CANopenNode/keypad/CO_driver_ST32F103.o
LOAD ./CANopenNode/keypad/OD.o
LOAD ./CANopenNode/extra/CO_trace.o
LOAD ./CANopenNode/309/CO_gateway_ascii.o
LOAD ./CANopenNode/305/CO_LSSmaster.o
LOAD ./CANopenNode/305/CO_LSSslave.o
LOAD ./CANopenNode/304/CO_GFC.o
LOAD ./CANopenNode/304/CO_SRDO.o
LOAD ./CANopenNode/303/CO_LEDs.o
LOAD ./CANopenNode/301/CO_Emergency.o
LOAD ./CANopenNode/301/CO_HBconsumer.o
LOAD ./CANopenNode/301/CO_NMT_Heartbeat.o
LOAD ./CANopenNode/301/CO_Node_Guarding.o
LOAD ./CANopenNode/301/CO_ODinterface.o
LOAD ./CANopenNode/301/CO_PDO.o
LOAD ./CANopenNode/301/CO_SDOclient.o
LOAD ./CANopenNode/301/CO_SDOserver.o
LOAD ./CANopenNode/301/CO_SYNC.o
LOAD ./CANopenNode/301/CO_TIME.o
LOAD ./CANopenNode/301/CO_fifo.o
LOAD ./CANopenNode/301/crc16-ccitt.o
LOAD ./CANopenNode/CANopen.o
LOAD c:/mounriver/mounriver_studio/toolchain/risc-v embedded gcc/bin/../lib/gcc/riscv-none-embed/8.2.0/../../../../riscv-none-embed/lib/rv32imacxw/ilp32\libm.a
LOAD c:/mounriver/mounriver_studio/toolchain/risc-v embedded gcc/bin/../lib/gcc/riscv-none-embed/8.2.0/rv32imacxw/ilp32\libgcc.a
LOAD c:/mounriver/mounriver_studio/toolchain/risc-v embedded gcc/bin/../lib/gcc/riscv-none-embed/8.2.0/../../../../riscv-none-embed/lib/rv32imacxw/ilp32\libg_nano.a
LOAD c:/mounriver/mounriver_studio/toolchain/risc-v embedded gcc/bin/../lib/gcc/riscv-none-embed/8.2.0/../../../../riscv-none-embed/lib/rv32imacxw/ilp32\libc_nano.a
LOAD c:/mounriver/mounriver_studio/toolchain/risc-v embedded gcc/bin/../lib/gcc/riscv-none-embed/8.2.0/rv32imacxw/ilp32\libgcc.a
START GROUP
LOAD c:/mounriver/mounriver_studio/toolchain/risc-v embedded gcc/bin/../lib/gcc/riscv-none-embed/8.2.0/rv32imacxw/ilp32\libgcc.a
LOAD c:/mounriver/mounriver_studio/toolchain/risc-v embedded gcc/bin/../lib/gcc/riscv-none-embed/8.2.0/../../../../riscv-none-embed/lib/rv32imacxw/ilp32\libc_nano.a
LOAD c:/mounriver/mounriver_studio/toolchain/risc-v embedded gcc/bin/../lib/gcc/riscv-none-embed/8.2.0/../../../../riscv-none-embed/lib/rv32imacxw/ilp32\libnosys.a
END GROUP
START GROUP
LOAD c:/mounriver/mounriver_studio/toolchain/risc-v embedded gcc/bin/../lib/gcc/riscv-none-embed/8.2.0/rv32imacxw/ilp32\libgcc.a
LOAD c:/mounriver/mounriver_studio/toolchain/risc-v embedded gcc/bin/../lib/gcc/riscv-none-embed/8.2.0/../../../../riscv-none-embed/lib/rv32imacxw/ilp32\libc_nano.a
LOAD c:/mounriver/mounriver_studio/toolchain/risc-v embedded gcc/bin/../lib/gcc/riscv-none-embed/8.2.0/../../../../riscv-none-embed/lib/rv32imacxw/ilp32\libnosys.a
END GROUP
                0x0000000000000be8                __stack_size = 0xbe8
                [!provide]                        PROVIDE (_stack_size = __stack_size)

.init           0x0000000000000000       0x38
                0x0000000000000000                _sinit = .
                0x0000000000000000                . = ALIGN (0x4)
 *(SORT_NONE(.init))
 .init          0x0000000000000000       0x38 ./Startup/startup_ch32v20x_D6.o
                0x0000000000000000                _start
                0x0000000000000038                . = ALIGN (0x4)
                0x0000000000000038                _einit = .

.vector         0x0000000000000038      0x108
 *(.vector)
 .vector        0x0000000000000038       0xfc ./Startup/startup_ch32v20x_D6.o
                0x0000000000000140                . = ALIGN (0x40)
 *fill*         0x0000000000000134        0xc 

.stext          0x0000000000010000      0x752
                0x0000000000010000                . = ALIGN (0x4)
 *(.stext)
 .stext         0x0000000000010000       0x8a ./User/DataModel.o
 .stext         0x000000000001008a      0x14c ./User/init.o
                0x000000000001008a                vInit_DeviceConfig
 .stext         0x00000000000101d6       0xa6 ./User/inputs.o
                0x00000000000101d6                ADC1_Init
 .stext         0x000000000001027c      0x202 ./User/process.o
                0x000000000001027c                vProceesInit
 .stext         0x000000000001047e      0x14e ./User/system_init.o
                0x000000000001047e                vSYStaskInit
                0x00000000000105a2                vSYSqueueInit
 .stext         0x00000000000105cc       0x34 ./HAL_LIB/hw_lib_din.o
                0x00000000000105cc                eDinConfigWtihStruct
 .stext         0x0000000000010600       0xca ./HAL_DRIVER/hal_rtc_ch32.o
                0x0000000000010600                HAL_RTC_IT_Init
 .stext         0x00000000000106ca       0x60 ./HAL_DRIVER/hal_spi_ch32.o
                0x00000000000106ca                HAL_SPI_InitDMA
 .stext         0x000000000001072a       0x28 ./HAL_DRIVER/hal_wdt_ch32.o
                0x000000000001072a                HAL_WDT_Init1s

.text           0x0000000000000200     0xe298
                0x0000000000000200                . = ALIGN (0x4)
 *(.text)
 .text          0x0000000000000200      0x2ee ./FreeRTOS/portable/GCC/RISC-V/portASM.o
                0x0000000000000200                SW_Handler
                0x0000000000000300                xPortStartFirstTask
                0x0000000000000400                pxPortInitialiseStack
 .text          0x00000000000004ee       0x60 c:/mounriver/mounriver_studio/toolchain/risc-v embedded gcc/bin/../lib/gcc/riscv-none-embed/8.2.0/rv32imacxw/ilp32\libgcc.a(save-restore.o)
                0x00000000000004ee                __riscv_save_12
                0x00000000000004f6                __riscv_save_9
                0x00000000000004f6                __riscv_save_11
                0x00000000000004f6                __riscv_save_10
                0x00000000000004f6                __riscv_save_8
                0x0000000000000504                __riscv_save_4
                0x0000000000000504                __riscv_save_6
                0x0000000000000504                __riscv_save_5
                0x0000000000000504                __riscv_save_7
                0x000000000000051e                __riscv_save_3
                0x000000000000051e                __riscv_save_2
                0x000000000000051e                __riscv_save_1
                0x000000000000051e                __riscv_save_0
                0x000000000000052a                __riscv_restore_12
                0x000000000000052e                __riscv_restore_11
                0x000000000000052e                __riscv_restore_9
                0x000000000000052e                __riscv_restore_10
                0x000000000000052e                __riscv_restore_8
                0x0000000000000538                __riscv_restore_5
                0x0000000000000538                __riscv_restore_7
                0x0000000000000538                __riscv_restore_6
                0x0000000000000538                __riscv_restore_4
                0x0000000000000542                __riscv_restore_3
                0x0000000000000542                __riscv_restore_0
                0x0000000000000542                __riscv_restore_2
                0x0000000000000542                __riscv_restore_1
 .text          0x000000000000054e       0xa8 c:/mounriver/mounriver_studio/toolchain/risc-v embedded gcc/bin/../lib/gcc/riscv-none-embed/8.2.0/../../../../riscv-none-embed/lib/rv32imacxw/ilp32\libg_nano.a(lib_a-memset.o)
                0x000000000000054e                memset
 *(.text.*)
 .text.xCanOpenProcessTaskHandle
                0x00000000000005f6        0xa ./User/CanOpenNode.o
                0x00000000000005f6                xCanOpenProcessTaskHandle
 .text.xCanOpenPeriodicTaskHandle
                0x0000000000000600        0xa ./User/CanOpenNode.o
                0x0000000000000600                xCanOpenPeriodicTaskHandle
 .text.vCanOpenInit
                0x000000000000060a        0xa ./User/CanOpenNode.o
                0x000000000000060a                vCanOpenInit
 .text.vCanOpenProcess
                0x0000000000000614      0x192 ./User/CanOpenNode.o
                0x0000000000000614                vCanOpenProcess
 .text.vCanOpenPeriodicProcess
                0x00000000000007a6       0x82 ./User/CanOpenNode.o
                0x00000000000007a6                vCanOpenPeriodicProcess
 .text.xDataRegQueue
                0x0000000000000828        0xa ./User/DataModel.o
                0x0000000000000828                xDataRegQueue
 .text.vDataModelRegDelayWrite
                0x0000000000000832       0x38 ./User/DataModel.o
                0x0000000000000832                vDataModelRegDelayWrite
 .text.DataModel_Init
                0x000000000000086a      0x71a ./User/DataModel.o
                0x000000000000086a                DataModel_Init
 .text.SaveReg16
                0x0000000000000f84       0x20 ./User/DataModel.o
                0x0000000000000f84                SaveReg16
 .text.WriteRegAfterDelay
                0x0000000000000fa4       0x62 ./User/DataModel.o
                0x0000000000000fa4                WriteRegAfterDelay
 .text.WriteReg
                0x0000000000001006       0x58 ./User/DataModel.o
                0x0000000000001006                WriteReg
 .text.vGetBitrate
                0x000000000000105e       0x2a ./User/DataModel.o
                0x000000000000105e                vGetBitrate
 .text.vFDGetNMTState
                0x0000000000001088        0x6 ./User/DataModel.o
                0x0000000000001088                vFDGetNMTState
 .text.vGetNodeId
                0x000000000000108e        0xe ./User/DataModel.o
                0x000000000000108e                vGetNodeId
 .text.vIncrementSystemCounters
                0x000000000000109c       0xc0 ./User/DataModel.o
                0x000000000000109c                vIncrementSystemCounters
 .text.vSaveData
                0x000000000000115c       0x18 ./User/DataModel.o
                0x000000000000115c                vSaveData
 .text.getOdometr
                0x0000000000001174       0x16 ./User/DataModel.o
                0x0000000000001174                getOdometr
 .text.getOdometr1
                0x000000000000118a       0x16 ./User/DataModel.o
                0x000000000000118a                getOdometr1
 .text.ResrtOdometr1
                0x00000000000011a0       0x10 ./User/DataModel.o
                0x00000000000011a0                ResrtOdometr1
 .text.NMI_Handler
                0x00000000000011b0        0x2 ./User/ch32v20x_it.o
                0x00000000000011b0                NMI_Handler
 .text.HardFault_Handler
                0x00000000000011b2       0x66 ./User/ch32v20x_it.o
                0x00000000000011b2                HardFault_Handler
 .text.SegPrint
                0x0000000000001218       0x5a ./User/dash_draw.o
 .text.vCheckKeySatate
                0x0000000000001272       0x68 ./User/dash_draw.o
 .text.xProcessTaskHandle
                0x00000000000012da        0xa ./User/dash_draw.o
                0x00000000000012da                xProcessTaskHandle
 .text.vSetErrorReg
                0x00000000000012e4        0xa ./User/dash_draw.o
                0x00000000000012e4                vSetErrorReg
 .text.getODValue
                0x00000000000012ee      0x134 ./User/dash_draw.o
                0x00000000000012ee                getODValue
 .text.IncMenuIndex
                0x0000000000001422       0x80 ./User/dash_draw.o
                0x0000000000001422                IncMenuIndex
 .text.GoToHome
                0x00000000000014a2       0x12 ./User/dash_draw.o
                0x00000000000014a2                GoToHome
 .text.SetCurMenuHome
                0x00000000000014b4       0x3a ./User/dash_draw.o
                0x00000000000014b4                SetCurMenuHome
 .text.GetCurMenuHome
                0x00000000000014ee        0x6 ./User/dash_draw.o
                0x00000000000014ee                GetCurMenuHome
 .text.SetCurrentMenu
                0x00000000000014f4       0x12 ./User/dash_draw.o
                0x00000000000014f4                SetCurrentMenu
 .text.SetDefault
                0x0000000000001506       0x2a ./User/dash_draw.o
                0x0000000000001506                SetDefault
 .text.MenuBackHomeCheck
                0x0000000000001530       0x38 ./User/dash_draw.o
                0x0000000000001530                MenuBackHomeCheck
 .text.CheckMenuChannel
                0x0000000000001568       0x20 ./User/dash_draw.o
                0x0000000000001568                CheckMenuChannel
 .text.vDashDrawInit
                0x0000000000001588       0x80 ./User/dash_draw.o
                0x0000000000001588                vDashDrawInit
 .text.vMenuBlink
                0x0000000000001608       0x4a ./User/dash_draw.o
                0x0000000000001608                vMenuBlink
 .text.SetErrorRegiter
                0x0000000000001652       0x5e ./User/dash_draw.o
                0x0000000000001652                SetErrorRegiter
 .text.uGetCurrMenu
                0x00000000000016b0       0x26 ./User/dash_draw.o
                0x00000000000016b0                uGetCurrMenu
 .text.vGetEdgeData
                0x00000000000016d6       0x2a ./User/dash_draw.o
                0x00000000000016d6                vGetEdgeData
 .text.checkLedState
                0x0000000000001700       0x3a ./User/dash_draw.o
 .text.vRGBMode
                0x000000000000173a       0x72 ./User/dash_draw.o
                0x000000000000173a                vRGBMode
 .text.vBarColorMode
                0x00000000000017ac       0xc2 ./User/dash_draw.o
                0x00000000000017ac                vBarColorMode
 .text.vBarWindowMode
                0x000000000000186e       0x5a ./User/dash_draw.o
                0x000000000000186e                vBarWindowMode
 .text.vBarMode
                0x00000000000018c8       0x68 ./User/dash_draw.o
                0x00000000000018c8                vBarMode
 .text.vRedrawTask
                0x0000000000001930      0x506 ./User/dash_draw.o
                0x0000000000001930                vRedrawTask
 .text.HardwareDeinit
                0x0000000000001e36       0x2a ./User/init.o
                0x0000000000001e36                HardwareDeinit
 .text.SoftwareReset
                0x0000000000001e60       0x14 ./User/init.o
                0x0000000000001e60                SoftwareReset
 .text.ADC1_Event
                0x0000000000001e74       0x48 ./User/inputs.o
                0x0000000000001e74                ADC1_Event
 .text.CaptureDMACallBack
                0x0000000000001ebc       0x22 ./User/inputs.o
                0x0000000000001ebc                CaptureDMACallBack
 .text.CaptureDMACallBack_1
                0x0000000000001ede       0x22 ./User/inputs.o
                0x0000000000001ede                CaptureDMACallBack_1
 .text.SaveData
                0x0000000000001f00       0x32 ./User/inputs.o
 .text.fDinStateCallback
                0x0000000000001f32       0x32 ./User/inputs.o
                0x0000000000001f32                fDinStateCallback
 .text.vSetDoutState
                0x0000000000001f64       0x28 ./User/inputs.o
                0x0000000000001f64                vSetDoutState
 .text.getInputsTaskHandle
                0x0000000000001f8c        0xa ./User/inputs.o
                0x0000000000001f8c                getInputsTaskHandle
 .text.ADC_FSM  0x0000000000001f96      0x1e6 ./User/inputs.o
                0x0000000000001f96                ADC_FSM
 .text.GetAIN   0x000000000000217c        0xc ./User/inputs.o
                0x000000000000217c                GetAIN
 .text.vInputsTask
                0x0000000000002188      0x292 ./User/inputs.o
                0x0000000000002188                vInputsTask
 .text.SPI1_DMA_Callback
                0x000000000000241a       0x2e ./User/led.o
                0x000000000000241a                SPI1_DMA_Callback
 .text.SPI2_DMA_Callback
                0x0000000000002448       0x2e ./User/led.o
                0x0000000000002448                SPI2_DMA_Callback
 .text.SetBarState
                0x0000000000002476       0x50 ./User/led.o
                0x0000000000002476                SetBarState
 .text.SetRGB   0x00000000000024c6       0x4e ./User/led.o
                0x00000000000024c6                SetRGB
 .text.SetSegDirect
                0x0000000000002514       0x9c ./User/led.o
                0x0000000000002514                SetSegDirect
 .text.SetSegPoint
                0x00000000000025b0       0x22 ./User/led.o
                0x00000000000025b0                SetSegPoint
 .text.SetSEG   0x00000000000025d2      0x120 ./User/led.o
                0x00000000000025d2                SetSEG
 .text.SetBigSeg
                0x00000000000026f2       0x14 ./User/led.o
                0x00000000000026f2                SetBigSeg
 .text.vSetBrigth
                0x0000000000002706       0x28 ./User/led.o
                0x0000000000002706                vSetBrigth
 .text.vLedDriverStart
                0x000000000000272e       0x4e ./User/led.o
                0x000000000000272e                vLedDriverStart
 .text.vLedProcess
                0x000000000000277c       0x1e ./User/led.o
                0x000000000000277c                vLedProcess
 .text.vRGBProcess
                0x000000000000279a       0xe2 ./User/led.o
                0x000000000000279a                vRGBProcess
 .text.startup.main
                0x000000000000287c       0x28 ./User/main.o
                0x000000000000287c                main
 .text.vRestartNode
                0x00000000000028a4        0x2 ./User/main.o
                0x00000000000028a4                vRestartNode
 .text.Error_Handler
                0x00000000000028a6        0x8 ./User/main.o
                0x00000000000028a6                Error_Handler
 .text.OD_readKEY
                0x00000000000028ae        0x8 ./User/process.o
 .text.OD_writeRGBMAP
                0x00000000000028b6       0x30 ./User/process.o
 .text.OD_writeKEY
                0x00000000000028e6       0x34 ./User/process.o
 .text.OD_readRGBMAP
                0x000000000000291a       0x22 ./User/process.o
 .text.OD_readDIN
                0x000000000000293c       0x1c ./User/process.o
 .text.OD_writeMenuSetup
                0x0000000000002958       0x46 ./User/process.o
 .text.OD_writeBoardSettings
                0x000000000000299e       0x78 ./User/process.o
 .text.CO_getUint16
                0x0000000000002a16       0x10 ./User/process.o
 .text.OD_writeSEG
                0x0000000000002a26       0x44 ./User/process.o
 .text.OD_writeBAR
                0x0000000000002a6a       0x30 ./User/process.o
 .text.OD_writeRPMConfig
                0x0000000000002a9a       0x36 ./User/process.o
 .text.CO_getUint32
                0x0000000000002ad0       0x18 ./User/process.o
 .text.OD_writeMenuMap
                0x0000000000002ae8       0x30 ./User/process.o
 .text.OD_writeV1_14
                0x0000000000002b18       0x54 ./User/process.o
 .text.OD_writeDashParam
                0x0000000000002b6c       0x44 ./User/process.o
 .text.WriteRGB.isra.2
                0x0000000000002bb0       0x3a ./User/process.o
 .text.OD_writeRGB1
                0x0000000000002bea       0x14 ./User/process.o
 .text.OD_writeRGB2
                0x0000000000002bfe       0x16 ./User/process.o
 .text.OD_writeRGB3
                0x0000000000002c14       0x16 ./User/process.o
 .text.OD_writeRGB4
                0x0000000000002c2a       0x16 ./User/process.o
 .text.OD_writeRGB5
                0x0000000000002c40       0x16 ./User/process.o
 .text.OD_writeRGB6
                0x0000000000002c56       0x16 ./User/process.o
 .text.OD_writeRGB7
                0x0000000000002c6c       0x16 ./User/process.o
 .text.OD_writeRGB8
                0x0000000000002c82       0x16 ./User/process.o
 .text.OD_writeRGB9
                0x0000000000002c98       0x16 ./User/process.o
 .text.OD_writeRGB10
                0x0000000000002cae       0x16 ./User/process.o
 .text.OD_writeRGB11
                0x0000000000002cc4       0x16 ./User/process.o
 .text.OD_writeRGB12
                0x0000000000002cda       0x16 ./User/process.o
 .text.OD_writeRGB13
                0x0000000000002cf0       0x16 ./User/process.o
 .text.OD_readBoardSettings
                0x0000000000002d06       0x2a ./User/process.o
 .text.readADC.isra.6
                0x0000000000002d30       0x84 ./User/process.o
 .text.OD_readADC1
                0x0000000000002db4       0x10 ./User/process.o
 .text.OD_readADC2
                0x0000000000002dc4       0x10 ./User/process.o
 .text.OD_readADC3
                0x0000000000002dd4       0x10 ./User/process.o
 .text.OD_readMenuSetup
                0x0000000000002de4       0x30 ./User/process.o
 .text.writeADC.isra.9
                0x0000000000002e14       0xde ./User/process.o
 .text.OD_writeADC1
                0x0000000000002ef2       0x10 ./User/process.o
 .text.OD_writeADC2
                0x0000000000002f02       0x10 ./User/process.o
 .text.OD_writeADC3
                0x0000000000002f12       0x10 ./User/process.o
 .text.OD_readRGB.isra.5
                0x0000000000002f22       0x22 ./User/process.o
 .text.OD_readRGB1
                0x0000000000002f44       0x10 ./User/process.o
 .text.OD_readRGB2
                0x0000000000002f54       0x12 ./User/process.o
 .text.OD_readRGB3
                0x0000000000002f66       0x12 ./User/process.o
 .text.OD_readRGB4
                0x0000000000002f78       0x12 ./User/process.o
 .text.OD_readRGB5
                0x0000000000002f8a       0x12 ./User/process.o
 .text.OD_readRGB6
                0x0000000000002f9c       0x12 ./User/process.o
 .text.OD_readRGB7
                0x0000000000002fae       0x12 ./User/process.o
 .text.OD_readRGB8
                0x0000000000002fc0       0x12 ./User/process.o
 .text.OD_readRGB9
                0x0000000000002fd2       0x12 ./User/process.o
 .text.OD_readRGB10
                0x0000000000002fe4       0x12 ./User/process.o
 .text.OD_readRGB11
                0x0000000000002ff6       0x12 ./User/process.o
 .text.OD_readRGB12
                0x0000000000003008       0x12 ./User/process.o
 .text.OD_readRGB13
                0x000000000000301a       0x12 ./User/process.o
 .text.OD_readAIN_RPM
                0x000000000000302c       0x26 ./User/process.o
 .text.OD_readMenuMap
                0x0000000000003052       0x2c ./User/process.o
 .text.OD_readRPMConfig
                0x000000000000307e       0x2a ./User/process.o
 .text.OD_readBar
                0x00000000000030a8       0x28 ./User/process.o
 .text.OD_readDashParam
                0x00000000000030d0       0x4c ./User/process.o
 .text.OD_readSEG
                0x000000000000311c       0x34 ./User/process.o
 .text.SystemInit
                0x0000000000003150       0xea ./User/system_ch32v20x.o
                0x0000000000003150                SystemInit
 .text.SystemCoreClockUpdate
                0x000000000000323a       0x92 ./User/system_ch32v20x.o
                0x000000000000323a                SystemCoreClockUpdate
 .text.StartDefaultTask
                0x00000000000032cc       0x78 ./User/system_init.o
 .text.vApplicationGetIdleTaskMemory
                0x0000000000003344       0x1c ./User/system_init.o
                0x0000000000003344                vApplicationGetIdleTaskMemory
 .text.vSystemStop
                0x0000000000003360       0x26 ./User/system_init.o
                0x0000000000003360                vSystemStop
 .text.vector_handler
                0x0000000000003386       0x6c ./Startup/startup_ch32v20x_D6.o
                0x000000000000338a                Ecall_M_Mode_Handler
                0x000000000000338c                Ecall_U_Mode_Handler
                0x000000000000338e                Break_Point_Handler
                0x0000000000003394                WWDG_IRQHandler
                0x0000000000003396                PVD_IRQHandler
                0x0000000000003398                TAMPER_IRQHandler
                0x000000000000339c                FLASH_IRQHandler
                0x000000000000339e                RCC_IRQHandler
                0x00000000000033a0                EXTI0_IRQHandler
                0x00000000000033a2                EXTI1_IRQHandler
                0x00000000000033a4                EXTI2_IRQHandler
                0x00000000000033a6                EXTI3_IRQHandler
                0x00000000000033a8                EXTI4_IRQHandler
                0x00000000000033ac                DMA1_Channel2_IRQHandler
                0x00000000000033b4                DMA1_Channel6_IRQHandler
                0x00000000000033c2                EXTI9_5_IRQHandler
                0x00000000000033c4                TIM1_BRK_IRQHandler
                0x00000000000033c6                TIM1_UP_IRQHandler
                0x00000000000033c8                TIM1_TRG_COM_IRQHandler
                0x00000000000033ca                TIM1_CC_IRQHandler
                0x00000000000033cc                TIM2_IRQHandler
                0x00000000000033ce                TIM3_IRQHandler
                0x00000000000033d6                I2C2_EV_IRQHandler
                0x00000000000033d8                I2C2_ER_IRQHandler
                0x00000000000033da                SPI1_IRQHandler
                0x00000000000033dc                SPI2_IRQHandler
                0x00000000000033de                USART1_IRQHandler
                0x00000000000033e0                USART2_IRQHandler
                0x00000000000033e2                USART3_IRQHandler
                0x00000000000033e4                EXTI15_10_IRQHandler
                0x00000000000033e6                RTCAlarm_IRQHandler
                0x00000000000033e8                USBWakeUp_IRQHandler
                0x00000000000033ea                USBHD_IRQHandler
                0x00000000000033ec                USBHDWakeUp_IRQHandler
                0x00000000000033ee                UART4_IRQHandler
                0x00000000000033f0                DMA1_Channel8_IRQHandler
 .text.handle_reset
                0x00000000000033f2       0x92 ./Startup/startup_ch32v20x_D6.o
                0x00000000000033f2                handle_reset
 .text.ADC_Cmd  0x0000000000003484       0x10 ./Peripheral/src/ch32v20x_adc.o
                0x0000000000003484                ADC_Cmd
 .text.ADC_GetResetCalibrationStatus
                0x0000000000003494        0x8 ./Peripheral/src/ch32v20x_adc.o
                0x0000000000003494                ADC_GetResetCalibrationStatus
 .text.ADC_GetCalibrationStatus
                0x000000000000349c        0x8 ./Peripheral/src/ch32v20x_adc.o
                0x000000000000349c                ADC_GetCalibrationStatus
 .text.ADC_GetITStatus
                0x00000000000034a4       0x1c ./Peripheral/src/ch32v20x_adc.o
                0x00000000000034a4                ADC_GetITStatus
 .text.ADC_ClearITPendingBit
                0x00000000000034c0        0xa ./Peripheral/src/ch32v20x_adc.o
                0x00000000000034c0                ADC_ClearITPendingBit
 .text.Get_CalibrationValue
                0x00000000000034ca      0x1fe ./Peripheral/src/ch32v20x_adc.o
                0x00000000000034ca                Get_CalibrationValue
 .text.DMA_GetFlagStatus
                0x00000000000036c8        0xe ./Peripheral/src/ch32v20x_dma.o
                0x00000000000036c8                DMA_GetFlagStatus
 .text.DMA_GetITStatus
                0x00000000000036d6        0xc ./Peripheral/src/ch32v20x_dma.o
                0x00000000000036d6                DMA_GetITStatus
 .text.DMA_ClearITPendingBit
                0x00000000000036e2        0x8 ./Peripheral/src/ch32v20x_dma.o
                0x00000000000036e2                DMA_ClearITPendingBit
 .text.GPIO_Init
                0x00000000000036ea       0xfa ./Peripheral/src/ch32v20x_gpio.o
                0x00000000000036ea                GPIO_Init
 .text.GPIO_PinRemapConfig
                0x00000000000037e4       0xf2 ./Peripheral/src/ch32v20x_gpio.o
                0x00000000000037e4                GPIO_PinRemapConfig
 .text.I2C_DualAddressCmd
                0x00000000000038d6       0x18 ./Peripheral/src/ch32v20x_i2c.o
                0x00000000000038d6                I2C_DualAddressCmd
 .text.I2C_ClearFlag
                0x00000000000038ee        0xc ./Peripheral/src/ch32v20x_i2c.o
                0x00000000000038ee                I2C_ClearFlag
 .text.RCC_LSEConfig
                0x00000000000038fa       0x28 ./Peripheral/src/ch32v20x_rcc.o
                0x00000000000038fa                RCC_LSEConfig
 .text.RCC_GetClocksFreq
                0x0000000000003922       0xbe ./Peripheral/src/ch32v20x_rcc.o
                0x0000000000003922                RCC_GetClocksFreq
 .text.RCC_APB2PeriphClockCmd
                0x00000000000039e0       0x1e ./Peripheral/src/ch32v20x_rcc.o
                0x00000000000039e0                RCC_APB2PeriphClockCmd
 .text.RCC_GetFlagStatus
                0x00000000000039fe       0x2e ./Peripheral/src/ch32v20x_rcc.o
                0x00000000000039fe                RCC_GetFlagStatus
 .text.RTC_EnterConfigMode
                0x0000000000003a2c       0x12 ./Peripheral/src/ch32v20x_rtc.o
                0x0000000000003a2c                RTC_EnterConfigMode
 .text.RTC_ExitConfigMode
                0x0000000000003a3e       0x18 ./Peripheral/src/ch32v20x_rtc.o
                0x0000000000003a3e                RTC_ExitConfigMode
 .text.RTC_GetCounter
                0x0000000000003a56       0x36 ./Peripheral/src/ch32v20x_rtc.o
                0x0000000000003a56                RTC_GetCounter
 .text.RTC_SetCounter
                0x0000000000003a8c       0x2c ./Peripheral/src/ch32v20x_rtc.o
                0x0000000000003a8c                RTC_SetCounter
 .text.RTC_SetPrescaler
                0x0000000000003ab8       0x2e ./Peripheral/src/ch32v20x_rtc.o
                0x0000000000003ab8                RTC_SetPrescaler
 .text.RTC_WaitForLastTask
                0x0000000000003ae6       0x10 ./Peripheral/src/ch32v20x_rtc.o
                0x0000000000003ae6                RTC_WaitForLastTask
 .text.RTC_WaitForSynchro
                0x0000000000003af6       0x24 ./Peripheral/src/ch32v20x_rtc.o
                0x0000000000003af6                RTC_WaitForSynchro
 .text.TIM_OC1Init
                0x0000000000003b1a       0x6a ./Peripheral/src/ch32v20x_tim.o
                0x0000000000003b1a                TIM_OC1Init
 .text.TIM_OC2Init
                0x0000000000003b84       0x96 ./Peripheral/src/ch32v20x_tim.o
                0x0000000000003b84                TIM_OC2Init
 .text.TIM_OC3Init
                0x0000000000003c1a       0x94 ./Peripheral/src/ch32v20x_tim.o
                0x0000000000003c1a                TIM_OC3Init
 .text.TIM_OC4Init
                0x0000000000003cae       0x6c ./Peripheral/src/ch32v20x_tim.o
                0x0000000000003cae                TIM_OC4Init
 .text.TIM_OC1PreloadConfig
                0x0000000000003d1a        0xe ./Peripheral/src/ch32v20x_tim.o
                0x0000000000003d1a                TIM_OC1PreloadConfig
 .text.TIM_OC2PreloadConfig
                0x0000000000003d28       0x16 ./Peripheral/src/ch32v20x_tim.o
                0x0000000000003d28                TIM_OC2PreloadConfig
 .text.TIM_OC3PreloadConfig
                0x0000000000003d3e        0xe ./Peripheral/src/ch32v20x_tim.o
                0x0000000000003d3e                TIM_OC3PreloadConfig
 .text.TIM_OC4PreloadConfig
                0x0000000000003d4c       0x16 ./Peripheral/src/ch32v20x_tim.o
                0x0000000000003d4c                TIM_OC4PreloadConfig
 .text.TIM_GetITStatus
                0x0000000000003d62       0x18 ./Peripheral/src/ch32v20x_tim.o
                0x0000000000003d62                TIM_GetITStatus
 .text.USART_Init
                0x0000000000003d7a       0xbc ./Peripheral/src/ch32v20x_usart.o
                0x0000000000003d7a                USART_Init
 .text.USART_Cmd
                0x0000000000003e36       0x16 ./Peripheral/src/ch32v20x_usart.o
                0x0000000000003e36                USART_Cmd
 .text.USART_SendData
                0x0000000000003e4c        0x8 ./Peripheral/src/ch32v20x_usart.o
                0x0000000000003e4c                USART_SendData
 .text.USART_GetFlagStatus
                0x0000000000003e54        0xa ./Peripheral/src/ch32v20x_usart.o
                0x0000000000003e54                USART_GetFlagStatus
 .text.vRCFilterConfig
                0x0000000000003e5e       0x2e ./HAL_LIB/filters.o
                0x0000000000003e5e                vRCFilterConfig
 .text.vInitABFilter
                0x0000000000003e8c       0x22 ./HAL_LIB/filters.o
                0x0000000000003e8c                vInitABFilter
 .text.vInitRunAverga
                0x0000000000003eae        0x8 ./HAL_LIB/filters.o
                0x0000000000003eae                vInitRunAverga
 .text.vInitMedianFilter
                0x0000000000003eb6       0x12 ./HAL_LIB/filters.o
                0x0000000000003eb6                vInitMedianFilter
 .text.AddBufferData
                0x0000000000003ec8       0x20 ./HAL_LIB/filters.o
                0x0000000000003ec8                AddBufferData
 .text.GetConversional
                0x0000000000003ee8       0x4a ./HAL_LIB/filters.o
                0x0000000000003ee8                GetConversional
 .text.GetDataRegister
                0x0000000000003f32        0xa ./HAL_LIB/hw_data_model.o
                0x0000000000003f32                GetDataRegister
 .text.GetRegisterAddr
                0x0000000000003f3c        0xc ./HAL_LIB/hw_data_model.o
                0x0000000000003f3c                GetRegisterAddr
 .text.ClearDataModel
                0x0000000000003f48       0x1a ./HAL_LIB/hw_data_model.o
                0x0000000000003f48                ClearDataModel
 .text.setReg32
                0x0000000000003f62       0x1e ./HAL_LIB/hw_data_model.o
                0x0000000000003f62                setReg32
 .text.setReg16
                0x0000000000003f80       0x12 ./HAL_LIB/hw_data_model.o
                0x0000000000003f80                setReg16
 .text.setReg8  0x0000000000003f92        0xe ./HAL_LIB/hw_data_model.o
                0x0000000000003f92                setReg8
 .text.getReg16
                0x0000000000003fa0       0x14 ./HAL_LIB/hw_data_model.o
                0x0000000000003fa0                getReg16
 .text.getReg32
                0x0000000000003fb4       0x20 ./HAL_LIB/hw_data_model.o
                0x0000000000003fb4                getReg32
 .text.getReg8  0x0000000000003fd4        0xe ./HAL_LIB/hw_data_model.o
                0x0000000000003fd4                getReg8
 .text.vAINInit
                0x0000000000003fe2       0x36 ./HAL_LIB/hw_lib_adc.o
                0x0000000000003fe2                vAINInit
 .text.fGetAinCalData
                0x0000000000004018       0x7a ./HAL_LIB/hw_lib_adc.o
                0x0000000000004018                fGetAinCalData
 .text.eAinCalDataConfig
                0x0000000000004092       0x50 ./HAL_LIB/hw_lib_adc.o
                0x0000000000004092                eAinCalDataConfig
 .text.vABLineKoofFinde
                0x00000000000040e2       0x6a ./HAL_LIB/hw_lib_adc.o
                0x00000000000040e2                vABLineKoofFinde
 .text.eSetAinCalPoint
                0x000000000000414c       0x64 ./HAL_LIB/hw_lib_adc.o
                0x000000000000414c                eSetAinCalPoint
 .text.getADC1Buffer
                0x00000000000041b0        0xa ./HAL_LIB/hw_lib_adc.o
                0x00000000000041b0                getADC1Buffer
 .text.eDOUTConfigWtihStruct
                0x00000000000041ba       0x1c ./HAL_LIB/hw_lib_din.o
                0x00000000000041ba                eDOUTConfigWtihStruct
 .text.eSetDUT  0x00000000000041d6       0x16 ./HAL_LIB/hw_lib_din.o
                0x00000000000041d6                eSetDUT
 .text.uGetDIN  0x00000000000041ec       0x14 ./HAL_LIB/hw_lib_din.o
                0x00000000000041ec                uGetDIN
 .text.eRPMConfig
                0x0000000000004200       0x5a ./HAL_LIB/hw_lib_din.o
                0x0000000000004200                eRPMConfig
 .text.RMPDataConvert
                0x000000000000425a       0x4e ./HAL_LIB/hw_lib_din.o
                0x000000000000425a                RMPDataConvert
 .text.GetRPM   0x00000000000042a8       0x68 ./HAL_LIB/hw_lib_din.o
                0x00000000000042a8                GetRPM
 .text.xGetRPM  0x0000000000004310       0x72 ./HAL_LIB/hw_lib_din.o
                0x0000000000004310                xGetRPM
 .text.vDinDoutProcess
                0x0000000000004382       0xa0 ./HAL_LIB/hw_lib_din.o
                0x0000000000004382                vDinDoutProcess
 .text.getCaputreBuffer
                0x0000000000004422       0x16 ./HAL_LIB/hw_lib_din.o
                0x0000000000004422                getCaputreBuffer
 .text.I2C_FSM  0x0000000000004438      0x198 ./HAL_LIB/hw_lib_eeprom_i2c.o
                0x0000000000004438                I2C_FSM
 .text.vInitEEPROM_I2C
                0x00000000000045d0       0x4e ./HAL_LIB/hw_lib_eeprom_i2c.o
                0x00000000000045d0                vInitEEPROM_I2C
 .text.eEEPROMWrFast
                0x000000000000461e      0x10a ./HAL_LIB/hw_lib_eeprom_i2c.o
                0x000000000000461e                eEEPROMWrFast
 .text.eEEPROMWr
                0x0000000000004728       0xe2 ./HAL_LIB/hw_lib_eeprom_i2c.o
                0x0000000000004728                eEEPROMWr
 .text.eEEPROMRd
                0x000000000000480a       0x8a ./HAL_LIB/hw_lib_eeprom_i2c.o
                0x000000000000480a                eEEPROMRd
 .text.bReadEEPROM
                0x0000000000004894       0x1a ./HAL_LIB/hw_lib_eeprom_i2c.o
                0x0000000000004894                bReadEEPROM
 .text.vHW_INIT_TIMEOUT
                0x00000000000048ae       0x1c ./HAL_LIB/hw_timeout.o
                0x00000000000048ae                vHW_INIT_TIMEOUT
 .text.vHW_PROCESS_TIMEOUT
                0x00000000000048ca       0x26 ./HAL_LIB/hw_timeout.o
                0x00000000000048ca                vHW_PROCESS_TIMEOUT
 .text.HAL_CANSetTXCallback
                0x00000000000048f0        0xa ./HAL_DRIVER/hal_can_ch32.o
                0x00000000000048f0                HAL_CANSetTXCallback
 .text.HAL_CANSetRXCallback
                0x00000000000048fa        0xa ./HAL_DRIVER/hal_can_ch32.o
                0x00000000000048fa                HAL_CANSetRXCallback
 .text.HAL_CANSetERRCallback
                0x0000000000004904        0xa ./HAL_DRIVER/hal_can_ch32.o
                0x0000000000004904                HAL_CANSetERRCallback
 .text.HAL_CANIntIT
                0x000000000000490e      0x13c ./HAL_DRIVER/hal_can_ch32.o
                0x000000000000490e                HAL_CANIntIT
 .text.HAL_CANToInitMode
                0x0000000000004a4a       0x30 ./HAL_DRIVER/hal_can_ch32.o
                0x0000000000004a4a                HAL_CANToInitMode
 .text.HAL_CANToOperatingMode
                0x0000000000004a7a       0x26 ./HAL_DRIVER/hal_can_ch32.o
                0x0000000000004a7a                HAL_CANToOperatingMode
 .text.HAL_CANSend
                0x0000000000004aa0       0xae ./HAL_DRIVER/hal_can_ch32.o
                0x0000000000004aa0                HAL_CANSend
 .text.HAL_CANSetFiters
                0x0000000000004b4e       0xc4 ./HAL_DRIVER/hal_can_ch32.o
                0x0000000000004b4e                HAL_CANSetFiters
 .text.HAL_CANGetRXMessage
                0x0000000000004c12       0xb0 ./HAL_DRIVER/hal_can_ch32.o
                0x0000000000004c12                HAL_CANGetRXMessage
 .text.USB_HP_CAN1_TX_IRQHandler
                0x0000000000004cc2       0x60 ./HAL_DRIVER/hal_can_ch32.o
                0x0000000000004cc2                USB_HP_CAN1_TX_IRQHandler
 .text.USB_LP_CAN1_RX0_IRQHandler
                0x0000000000004d22       0x5e ./HAL_DRIVER/hal_can_ch32.o
                0x0000000000004d22                USB_LP_CAN1_RX0_IRQHandler
 .text.CAN1_RX1_IRQHandler
                0x0000000000004d80       0x5e ./HAL_DRIVER/hal_can_ch32.o
                0x0000000000004d80                CAN1_RX1_IRQHandler
 .text.CAN1_SCE_IRQHandler
                0x0000000000004dde       0x5c ./HAL_DRIVER/hal_can_ch32.o
                0x0000000000004dde                CAN1_SCE_IRQHandler
 .text.HAL_InitGPIO
                0x0000000000004e3a       0xba ./HAL_DRIVER/hal_gpio_ch32.o
                0x0000000000004e3a                HAL_InitGPIO
 .text.HAL_InitGpioOut
                0x0000000000004ef4       0x10 ./HAL_DRIVER/hal_gpio_ch32.o
                0x0000000000004ef4                HAL_InitGpioOut
 .text.HAL_InitGpioAIN
                0x0000000000004f04       0x10 ./HAL_DRIVER/hal_gpio_ch32.o
                0x0000000000004f04                HAL_InitGpioAIN
 .text.HAL_InitGpioIn
                0x0000000000004f14       0x10 ./HAL_DRIVER/hal_gpio_ch32.o
                0x0000000000004f14                HAL_InitGpioIn
 .text.HAL_InitGpioAF
                0x0000000000004f24       0x34 ./HAL_DRIVER/hal_gpio_ch32.o
                0x0000000000004f24                HAL_InitGpioAF
 .text.HAL_GetBit
                0x0000000000004f58        0xa ./HAL_DRIVER/hal_gpio_ch32.o
                0x0000000000004f58                HAL_GetBit
 .text.HAL_SetBit
                0x0000000000004f62        0x4 ./HAL_DRIVER/hal_gpio_ch32.o
                0x0000000000004f62                HAL_SetBit
 .text.HAL_ResetBit
                0x0000000000004f66        0x4 ./HAL_DRIVER/hal_gpio_ch32.o
                0x0000000000004f66                HAL_ResetBit
 .text.HAL_InitGPO
                0x0000000000004f6a       0x14 ./HAL_DRIVER/hal_gpio_ch32.o
                0x0000000000004f6a                HAL_InitGPO
 .text.HAL_I2C_Init
                0x0000000000004f7e       0xf4 ./HAL_DRIVER/hal_i2c_ch32.o
                0x0000000000004f7e                HAL_I2C_Init
 .text.HAL_I2C_GET_STAR2
                0x0000000000005072        0xe ./HAL_DRIVER/hal_i2c_ch32.o
                0x0000000000005072                HAL_I2C_GET_STAR2
 .text.HAL_I2C_GET_STAR1
                0x0000000000005080        0xe ./HAL_DRIVER/hal_i2c_ch32.o
                0x0000000000005080                HAL_I2C_GET_STAR1
 .text.HAL_I2C_ENABLE
                0x000000000000508e       0x14 ./HAL_DRIVER/hal_i2c_ch32.o
                0x000000000000508e                HAL_I2C_ENABLE
 .text.InitI2CIT
                0x00000000000050a2       0x6e ./HAL_DRIVER/hal_i2c_ch32.o
                0x00000000000050a2                InitI2CIT
 .text.HAL_I2C_DISABLE
                0x0000000000005110       0x1a ./HAL_DRIVER/hal_i2c_ch32.o
                0x0000000000005110                HAL_I2C_DISABLE
 .text.I2C_IT_ENABLE
                0x000000000000512a       0x12 ./HAL_DRIVER/hal_i2c_ch32.o
                0x000000000000512a                I2C_IT_ENABLE
 .text.I2C_IT_DISABLE
                0x000000000000513c       0x16 ./HAL_DRIVER/hal_i2c_ch32.o
                0x000000000000513c                I2C_IT_DISABLE
 .text.HAL_I2C_STOP
                0x0000000000005152       0x14 ./HAL_DRIVER/hal_i2c_ch32.o
                0x0000000000005152                HAL_I2C_STOP
 .text.HAL_I2C_START
                0x0000000000005166       0x14 ./HAL_DRIVER/hal_i2c_ch32.o
                0x0000000000005166                HAL_I2C_START
 .text.HAL_I2C_SEND
                0x000000000000517a        0xe ./HAL_DRIVER/hal_i2c_ch32.o
                0x000000000000517a                HAL_I2C_SEND
 .text.HAL_I2C_SEND_ADDR_TRANS
                0x0000000000005188       0x12 ./HAL_DRIVER/hal_i2c_ch32.o
                0x0000000000005188                HAL_I2C_SEND_ADDR_TRANS
 .text.HAL_I2C_SEND_ADDR_RECIEVE
                0x000000000000519a       0x16 ./HAL_DRIVER/hal_i2c_ch32.o
                0x000000000000519a                HAL_I2C_SEND_ADDR_RECIEVE
 .text.HAL_I2C_ACK_ENABLE
                0x00000000000051b0       0x14 ./HAL_DRIVER/hal_i2c_ch32.o
                0x00000000000051b0                HAL_I2C_ACK_ENABLE
 .text.HAL_I2C_ACK_DISABLE
                0x00000000000051c4       0x1c ./HAL_DRIVER/hal_i2c_ch32.o
                0x00000000000051c4                HAL_I2C_ACK_DISABLE
 .text.HAL_I2C_ClearFlag
                0x00000000000051e0       0x20 ./HAL_DRIVER/hal_i2c_ch32.o
                0x00000000000051e0                HAL_I2C_ClearFlag
 .text.HAL_I2C_READ_DATA
                0x0000000000005200        0xe ./HAL_DRIVER/hal_i2c_ch32.o
                0x0000000000005200                HAL_I2C_READ_DATA
 .text.I2C1_EV_IRQHandler
                0x000000000000520e       0x52 ./HAL_DRIVER/hal_i2c_ch32.o
                0x000000000000520e                I2C1_EV_IRQHandler
 .text.I2C1_ER_IRQHandler
                0x0000000000005260       0x52 ./HAL_DRIVER/hal_i2c_ch32.o
                0x0000000000005260                I2C1_ER_IRQHandler
 .text.HAL_InitAPB1
                0x00000000000052b2       0x1c ./HAL_DRIVER/hal_irq.o
                0x00000000000052b2                HAL_InitAPB1
 .text.HAL_InitAPB2
                0x00000000000052ce       0x1c ./HAL_DRIVER/hal_irq.o
                0x00000000000052ce                HAL_InitAPB2
 .text.PFIC_IRQ_ENABLE_PG1
                0x00000000000052ea       0x34 ./HAL_DRIVER/hal_irq.o
                0x00000000000052ea                PFIC_IRQ_ENABLE_PG1
 .text.RTC_IRQHandler
                0x000000000000531e       0x78 ./HAL_DRIVER/hal_rtc_ch32.o
                0x000000000000531e                RTC_IRQHandler
 .text.HAL_SPI_RXOveleyClear
                0x0000000000005396       0x1e ./HAL_DRIVER/hal_spi_ch32.o
                0x0000000000005396                HAL_SPI_RXOveleyClear
 .text.HAL_SPI_GetBusy
                0x00000000000053b4       0x10 ./HAL_DRIVER/hal_spi_ch32.o
                0x00000000000053b4                HAL_SPI_GetBusy
 .text.HAL_WDTReset
                0x00000000000053c4        0xe ./HAL_DRIVER/hal_wdt_ch32.o
                0x00000000000053c4                HAL_WDTReset
 .text.Get_ConversionVal
                0x00000000000053d2       0x2e ./HAL/hal_adc_ch32.o
                0x00000000000053d2                Get_ConversionVal
 .text.HAL_ADC_RegularChannelConfig
                0x0000000000005400       0x46 ./HAL/hal_adc_ch32.o
                0x0000000000005400                HAL_ADC_RegularChannelConfig
 .text.HAL_ADC_ContiniusScanCinvertionDMA
                0x0000000000005446       0xce ./HAL/hal_adc_ch32.o
                0x0000000000005446                HAL_ADC_ContiniusScanCinvertionDMA
 .text.HAL_ADC_StartDMA
                0x0000000000005514       0x42 ./HAL/hal_adc_ch32.o
                0x0000000000005514                HAL_ADC_StartDMA
 .text.ADC1_2_IRQHandler
                0x0000000000005556       0x74 ./HAL/hal_adc_ch32.o
                0x0000000000005556                ADC1_2_IRQHandler
 .text.DMA_IRQ  0x00000000000055ca       0x3a ./HAL/hal_dma_ch32.o
 .text.HAL_DMA_Enable
                0x0000000000005604       0x18 ./HAL/hal_dma_ch32.o
                0x0000000000005604                HAL_DMA_Enable
 .text.HAL_DMA_Disable
                0x000000000000561c       0x1a ./HAL/hal_dma_ch32.o
                0x000000000000561c                HAL_DMA_Disable
 .text.HAL_DMAInitIT
                0x0000000000005636       0xa0 ./HAL/hal_dma_ch32.o
                0x0000000000005636                HAL_DMAInitIT
 .text.HAL_DMA_SetCounter
                0x00000000000056d6       0x12 ./HAL/hal_dma_ch32.o
                0x00000000000056d6                HAL_DMA_SetCounter
 .text.HAL_DMA_ITENABLE
                0x00000000000056e8       0x16 ./HAL/hal_dma_ch32.o
                0x00000000000056e8                HAL_DMA_ITENABLE
 .text.HAL_DMA_SetCouterAndEnable
                0x00000000000056fe       0x1a ./HAL/hal_dma_ch32.o
                0x00000000000056fe                HAL_DMA_SetCouterAndEnable
 .text.DMA1_Channel1_IRQHandler
                0x0000000000005718       0x4e ./HAL/hal_dma_ch32.o
                0x0000000000005718                DMA1_Channel1_IRQHandler
 .text.DMA1_Channel3_IRQHandler
                0x0000000000005766       0x4e ./HAL/hal_dma_ch32.o
                0x0000000000005766                DMA1_Channel3_IRQHandler
 .text.DMA1_Channel4_IRQHandler
                0x00000000000057b4       0x4e ./HAL/hal_dma_ch32.o
                0x00000000000057b4                DMA1_Channel4_IRQHandler
 .text.DMA1_Channel5_IRQHandler
                0x0000000000005802       0x4e ./HAL/hal_dma_ch32.o
                0x0000000000005802                DMA1_Channel5_IRQHandler
 .text.DMA1_Channel7_IRQHandler
                0x0000000000005850       0x4e ./HAL/hal_dma_ch32.o
                0x0000000000005850                DMA1_Channel7_IRQHandler
 .text.TIM4_IRQHandler
                0x000000000000589e       0x70 ./HAL/hal_timers_ch32.o
                0x000000000000589e                TIM4_IRQHandler
 .text.HAL_TiemrEneblae
                0x000000000000590e       0x16 ./HAL/hal_timers_ch32.o
                0x000000000000590e                HAL_TiemrEneblae
 .text.HAL_TiemrDisable
                0x0000000000005924       0x1c ./HAL/hal_timers_ch32.o
                0x0000000000005924                HAL_TiemrDisable
 .text.HW_TIMER_BaseTimerInit
                0x0000000000005940       0x54 ./HAL/hal_timers_ch32.o
                0x0000000000005940                HW_TIMER_BaseTimerInit
 .text.HAL_TIMER_InitIt
                0x0000000000005994       0x60 ./HAL/hal_timers_ch32.o
                0x0000000000005994                HAL_TIMER_InitIt
 .text.HAL_TIMER_PWMTimersInit
                0x00000000000059f4       0xc2 ./HAL/hal_timers_ch32.o
                0x00000000000059f4                HAL_TIMER_PWMTimersInit
 .text.HAL_TimeInitCaptureDMA
                0x0000000000005ab6       0xec ./HAL/hal_timers_ch32.o
                0x0000000000005ab6                HAL_TimeInitCaptureDMA
 .text.HAL_TIMER_SetPWMPulse
                0x0000000000005ba2       0x88 ./HAL/hal_timers_ch32.o
                0x0000000000005ba2                HAL_TIMER_SetPWMPulse
 .text.HAL_TIMER_EnablePWMCH
                0x0000000000005c2a       0x1a ./HAL/hal_timers_ch32.o
                0x0000000000005c2a                HAL_TIMER_EnablePWMCH
 .text.prvInsertBlockIntoFreeList
                0x0000000000005c44       0x4c ./FreeRTOS/portable/MemMang/heap_4.o
 .text.pvPortMalloc
                0x0000000000005c90      0x18a ./FreeRTOS/portable/MemMang/heap_4.o
                0x0000000000005c90                pvPortMalloc
 .text.vPortSetupTimerInterrupt
                0x0000000000005e1a       0x3e ./FreeRTOS/portable/GCC/RISC-V/port.o
                0x0000000000005e1a                vPortSetupTimerInterrupt
 .text.xPortStartScheduler
                0x0000000000005e58       0x90 ./FreeRTOS/portable/GCC/RISC-V/port.o
                0x0000000000005e58                xPortStartScheduler
 .text.SysTick_Handler
                0x0000000000005ee8       0x7c ./FreeRTOS/portable/GCC/RISC-V/port.o
                0x0000000000005ee8                SysTick_Handler
 .text.vPortEnterCritical
                0x0000000000005f64       0x16 ./FreeRTOS/portable/GCC/RISC-V/port.o
                0x0000000000005f64                vPortEnterCritical
 .text.vPortExitCritical
                0x0000000000005f7a       0x42 ./FreeRTOS/portable/GCC/RISC-V/port.o
                0x0000000000005f7a                vPortExitCritical
 .text.xPortSetInterruptMask
                0x0000000000005fbc        0xc ./FreeRTOS/portable/GCC/RISC-V/port.o
                0x0000000000005fbc                xPortSetInterruptMask
 .text.vPortClearInterruptMask
                0x0000000000005fc8        0x6 ./FreeRTOS/portable/GCC/RISC-V/port.o
                0x0000000000005fc8                vPortClearInterruptMask
 .text.vListInitialise
                0x0000000000005fce       0x14 ./FreeRTOS/list.o
                0x0000000000005fce                vListInitialise
 .text.vListInitialiseItem
                0x0000000000005fe2        0x6 ./FreeRTOS/list.o
                0x0000000000005fe2                vListInitialiseItem
 .text.vListInsertEnd
                0x0000000000005fe8       0x18 ./FreeRTOS/list.o
                0x0000000000005fe8                vListInsertEnd
 .text.vListInsert
                0x0000000000006000       0x2e ./FreeRTOS/list.o
                0x0000000000006000                vListInsert
 .text.uxListRemove
                0x000000000000602e       0x20 ./FreeRTOS/list.o
                0x000000000000602e                uxListRemove
 .text.prvIsQueueEmpty
                0x000000000000604e       0x1e ./FreeRTOS/queue.o
 .text.prvCopyDataToQueue
                0x000000000000606c       0x72 ./FreeRTOS/queue.o
 .text.prvCopyDataFromQueue
                0x00000000000060de       0x28 ./FreeRTOS/queue.o
 .text.prvUnlockQueue
                0x0000000000006106       0x76 ./FreeRTOS/queue.o
 .text.xQueueGenericReset
                0x000000000000617c       0xc4 ./FreeRTOS/queue.o
                0x000000000000617c                xQueueGenericReset
 .text.xQueueGenericCreateStatic
                0x0000000000006240       0xae ./FreeRTOS/queue.o
                0x0000000000006240                xQueueGenericCreateStatic
 .text.xQueueGenericCreate
                0x00000000000062ee       0x72 ./FreeRTOS/queue.o
                0x00000000000062ee                xQueueGenericCreate
 .text.xQueueGenericSend
                0x0000000000006360      0x178 ./FreeRTOS/queue.o
                0x0000000000006360                xQueueGenericSend
 .text.xQueueGiveMutexRecursive
                0x00000000000064d8       0x56 ./FreeRTOS/queue.o
                0x00000000000064d8                xQueueGiveMutexRecursive
 .text.xQueueCreateMutex
                0x000000000000652e       0x2e ./FreeRTOS/queue.o
                0x000000000000652e                xQueueCreateMutex
 .text.xQueueReceive
                0x000000000000655c      0x138 ./FreeRTOS/queue.o
                0x000000000000655c                xQueueReceive
 .text.xQueueSemaphoreTake
                0x0000000000006694      0x18e ./FreeRTOS/queue.o
                0x0000000000006694                xQueueSemaphoreTake
 .text.xQueueTakeMutexRecursive
                0x0000000000006822       0x5a ./FreeRTOS/queue.o
                0x0000000000006822                xQueueTakeMutexRecursive
 .text.uxQueueMessagesWaiting
                0x000000000000687c       0x44 ./FreeRTOS/queue.o
                0x000000000000687c                uxQueueMessagesWaiting
 .text.prvIdleTask
                0x00000000000068c0        0x2 ./FreeRTOS/tasks.o
 .text.prvAddNewTaskToReadyList
                0x00000000000068c2      0x106 ./FreeRTOS/tasks.o
 .text.prvResetNextTaskUnblockTime
                0x00000000000069c8       0x20 ./FreeRTOS/tasks.o
 .text.prvTaskIsTaskSuspended
                0x00000000000069e8       0x50 ./FreeRTOS/tasks.o
 .text.prvInitialiseNewTask.isra.2
                0x0000000000006a38       0xc8 ./FreeRTOS/tasks.o
 .text.prvAddCurrentTaskToDelayedList
                0x0000000000006b00       0xa4 ./FreeRTOS/tasks.o
 .text.xTaskCreateStatic
                0x0000000000006ba4       0xa6 ./FreeRTOS/tasks.o
                0x0000000000006ba4                xTaskCreateStatic
 .text.vTaskResume
                0x0000000000006c4a       0xa6 ./FreeRTOS/tasks.o
                0x0000000000006c4a                vTaskResume
 .text.vTaskStartScheduler
                0x0000000000006cf0       0x5c ./FreeRTOS/tasks.o
                0x0000000000006cf0                vTaskStartScheduler
 .text.vTaskSuspendAll
                0x0000000000006d4c       0x10 ./FreeRTOS/tasks.o
                0x0000000000006d4c                vTaskSuspendAll
 .text.xTaskGetTickCount
                0x0000000000006d5c        0x6 ./FreeRTOS/tasks.o
                0x0000000000006d5c                xTaskGetTickCount
 .text.xTaskIncrementTick
                0x0000000000006d62      0x194 ./FreeRTOS/tasks.o
                0x0000000000006d62                xTaskIncrementTick
 .text.xTaskResumeAll
                0x0000000000006ef6      0x154 ./FreeRTOS/tasks.o
                0x0000000000006ef6                xTaskResumeAll
 .text.vTaskDelay
                0x000000000000704a       0x66 ./FreeRTOS/tasks.o
                0x000000000000704a                vTaskDelay
 .text.vTaskSwitchContext
                0x00000000000070b0       0x92 ./FreeRTOS/tasks.o
                0x00000000000070b0                vTaskSwitchContext
 .text.vTaskSuspend
                0x0000000000007142       0xea ./FreeRTOS/tasks.o
                0x0000000000007142                vTaskSuspend
 .text.vTaskPlaceOnEventList
                0x000000000000722c       0x48 ./FreeRTOS/tasks.o
                0x000000000000722c                vTaskPlaceOnEventList
 .text.xTaskRemoveFromEventList
                0x0000000000007274       0xe4 ./FreeRTOS/tasks.o
                0x0000000000007274                xTaskRemoveFromEventList
 .text.vTaskInternalSetTimeOutState
                0x0000000000007358        0xe ./FreeRTOS/tasks.o
                0x0000000000007358                vTaskInternalSetTimeOutState
 .text.xTaskCheckForTimeOut
                0x0000000000007366       0xaa ./FreeRTOS/tasks.o
                0x0000000000007366                xTaskCheckForTimeOut
 .text.vTaskMissedYield
                0x0000000000007410        0x8 ./FreeRTOS/tasks.o
                0x0000000000007410                vTaskMissedYield
 .text.xTaskGetCurrentTaskHandle
                0x0000000000007418        0xa ./FreeRTOS/tasks.o
                0x0000000000007418                xTaskGetCurrentTaskHandle
 .text.xTaskPriorityInherit
                0x0000000000007422       0xaa ./FreeRTOS/tasks.o
                0x0000000000007422                xTaskPriorityInherit
 .text.xTaskPriorityDisinherit
                0x00000000000074cc       0xc6 ./FreeRTOS/tasks.o
                0x00000000000074cc                xTaskPriorityDisinherit
 .text.vTaskPriorityDisinheritAfterTimeout
                0x0000000000007592       0xe2 ./FreeRTOS/tasks.o
                0x0000000000007592                vTaskPriorityDisinheritAfterTimeout
 .text.pvTaskIncrementMutexHeldCount
                0x0000000000007674       0x1c ./FreeRTOS/tasks.o
                0x0000000000007674                pvTaskIncrementMutexHeldCount
 .text.ulTaskGenericNotifyTake
                0x0000000000007690       0xb8 ./FreeRTOS/tasks.o
                0x0000000000007690                ulTaskGenericNotifyTake
 .text.xTaskGenericNotifyWait
                0x0000000000007748       0xe6 ./FreeRTOS/tasks.o
                0x0000000000007748                xTaskGenericNotifyWait
 .text.xTaskGenericNotifyFromISR
                0x000000000000782e      0x1e8 ./FreeRTOS/tasks.o
                0x000000000000782e                xTaskGenericNotifyFromISR
 .text.Delay_Init
                0x0000000000007a16       0x2a ./Debug/debug.o
                0x0000000000007a16                Delay_Init
 .text.Delay_Ms
                0x0000000000007a40       0x36 ./Debug/debug.o
                0x0000000000007a40                Delay_Ms
 .text.USART_Printf_Init
                0x0000000000007a76       0x5a ./Debug/debug.o
                0x0000000000007a76                USART_Printf_Init
 .text._write   0x0000000000007ad0       0x3e ./Debug/debug.o
                0x0000000000007ad0                _write
 .text._sbrk    0x0000000000007b0e       0x2a ./Debug/debug.o
                0x0000000000007b0e                _sbrk
 .text.__get_MEPC
                0x0000000000007b38        0x6 ./Core/core_riscv.o
                0x0000000000007b38                __get_MEPC
 .text.__get_MCAUSE
                0x0000000000007b3e        0x6 ./Core/core_riscv.o
                0x0000000000007b3e                __get_MCAUSE
 .text.__get_MTVAL
                0x0000000000007b44        0x6 ./Core/core_riscv.o
                0x0000000000007b44                __get_MTVAL
 .text.prv_read_can_received_msg
                0x0000000000007b4a       0x50 ./CANopenNode/keypad/CO_driver_ST32F103.o
                0x0000000000007b4a                prv_read_can_received_msg
 .text.prv_send_can_message.isra.0
                0x0000000000007b9a       0x2c ./CANopenNode/keypad/CO_driver_ST32F103.o
 .text.CAN_SendMessage
                0x0000000000007bc6       0x66 ./CANopenNode/keypad/CO_driver_ST32F103.o
                0x0000000000007bc6                CAN_SendMessage
 .text.co_drv_create_os_objects
                0x0000000000007c2c       0x30 ./CANopenNode/keypad/CO_driver_ST32F103.o
                0x0000000000007c2c                co_drv_create_os_objects
 .text.co_drv_mutex_lock
                0x0000000000007c5c       0x18 ./CANopenNode/keypad/CO_driver_ST32F103.o
                0x0000000000007c5c                co_drv_mutex_lock
 .text.co_drv_mutex_unlock
                0x0000000000007c74       0x16 ./CANopenNode/keypad/CO_driver_ST32F103.o
                0x0000000000007c74                co_drv_mutex_unlock
 .text.CO_CANsetConfigurationMode
                0x0000000000007c8a       0x10 ./CANopenNode/keypad/CO_driver_ST32F103.o
                0x0000000000007c8a                CO_CANsetConfigurationMode
 .text.CO_CANsetNormalMode
                0x0000000000007c9a       0x1c ./CANopenNode/keypad/CO_driver_ST32F103.o
                0x0000000000007c9a                CO_CANsetNormalMode
 .text.CO_CANmodule_init
                0x0000000000007cb6      0x110 ./CANopenNode/keypad/CO_driver_ST32F103.o
                0x0000000000007cb6                CO_CANmodule_init
 .text.CO_CANmodule_disable
                0x0000000000007dc6       0x14 ./CANopenNode/keypad/CO_driver_ST32F103.o
                0x0000000000007dc6                CO_CANmodule_disable
 .text.CO_CANrxBufferInit
                0x0000000000007dda       0x52 ./CANopenNode/keypad/CO_driver_ST32F103.o
                0x0000000000007dda                CO_CANrxBufferInit
 .text.CO_CANtxBufferInit
                0x0000000000007e2c       0x3a ./CANopenNode/keypad/CO_driver_ST32F103.o
                0x0000000000007e2c                CO_CANtxBufferInit
 .text.CO_CANmodule_process
                0x0000000000007e66       0x12 ./CANopenNode/keypad/CO_driver_ST32F103.o
                0x0000000000007e66                CO_CANmodule_process
 .text.CO_CANsend
                0x0000000000007e78       0x46 ./CANopenNode/keypad/CO_driver_ST32F103.o
                0x0000000000007e78                CO_CANsend
 .text.CO_LSSslave_receive
                0x0000000000007ebe      0x1a8 ./CANopenNode/305/CO_LSSslave.o
 .text.CO_LSSslave_init
                0x0000000000008066       0xa4 ./CANopenNode/305/CO_LSSslave.o
                0x0000000000008066                CO_LSSslave_init
 .text.CO_LSSslave_process
                0x000000000000810a      0x1a2 ./CANopenNode/305/CO_LSSslave.o
                0x000000000000810a                CO_LSSslave_process
 .text.OD_write_1003
                0x00000000000082ac       0x28 ./CANopenNode/301/CO_Emergency.o
 .text.OD_read_1003
                0x00000000000082d4       0x8c ./CANopenNode/301/CO_Emergency.o
 .text.OD_read_1014_default
                0x0000000000008360       0x50 ./CANopenNode/301/CO_Emergency.o
 .text.CO_EM_init
                0x00000000000083b0      0x112 ./CANopenNode/301/CO_Emergency.o
                0x00000000000083b0                CO_EM_init
 .text.CO_error
                0x00000000000084c2       0xc4 ./CANopenNode/301/CO_Emergency.o
                0x00000000000084c2                CO_error
 .text.CO_EM_process
                0x0000000000008586      0x182 ./CANopenNode/301/CO_Emergency.o
                0x0000000000008586                CO_EM_process
 .text.CO_NMT_receive
                0x0000000000008708       0x18 ./CANopenNode/301/CO_NMT_Heartbeat.o
 .text.OD_write_1017
                0x0000000000008720       0x48 ./CANopenNode/301/CO_NMT_Heartbeat.o
 .text.CO_NMT_init
                0x0000000000008768       0xec ./CANopenNode/301/CO_NMT_Heartbeat.o
                0x0000000000008768                CO_NMT_init
 .text.CO_NMT_process
                0x0000000000008854      0x106 ./CANopenNode/301/CO_NMT_Heartbeat.o
                0x0000000000008854                CO_NMT_process
 .text.OD_readDisabled
                0x000000000000895a        0x4 ./CANopenNode/301/CO_ODinterface.o
 .text.OD_readOriginal
                0x000000000000895e       0x50 ./CANopenNode/301/CO_ODinterface.o
                0x000000000000895e                OD_readOriginal
 .text.OD_writeOriginal
                0x00000000000089ae       0x54 ./CANopenNode/301/CO_ODinterface.o
                0x00000000000089ae                OD_writeOriginal
 .text.OD_writeDisabled
                0x0000000000008a02        0x4 ./CANopenNode/301/CO_ODinterface.o
 .text.OD_find  0x0000000000008a06       0x70 ./CANopenNode/301/CO_ODinterface.o
                0x0000000000008a06                OD_find
 .text.OD_getSub
                0x0000000000008a76       0xf6 ./CANopenNode/301/CO_ODinterface.o
                0x0000000000008a76                OD_getSub
 .text.OD_getSDOabCode
                0x0000000000008b6c       0x20 ./CANopenNode/301/CO_ODinterface.o
                0x0000000000008b6c                OD_getSDOabCode
 .text.OD_get_value
                0x0000000000008b8c       0x34 ./CANopenNode/301/CO_ODinterface.o
                0x0000000000008b8c                OD_get_value
 .text.OD_set_value
                0x0000000000008bc0       0x2e ./CANopenNode/301/CO_ODinterface.o
                0x0000000000008bc0                OD_set_value
 .text.OD_getPtr
                0x0000000000008bee       0x3c ./CANopenNode/301/CO_ODinterface.o
                0x0000000000008bee                OD_getPtr
 .text.OD_write_dummy
                0x0000000000008c2a        0x8 ./CANopenNode/301/CO_PDO.o
 .text.OD_read_dummy
                0x0000000000008c32       0x2e ./CANopenNode/301/CO_PDO.o
 .text.PDOconfigMap
                0x0000000000008c60      0x100 ./CANopenNode/301/CO_PDO.o
 .text.CO_PDO_receive
                0x0000000000008d60       0x48 ./CANopenNode/301/CO_PDO.o
 .text.OD_read_PDO_commParam
                0x0000000000008da8       0x70 ./CANopenNode/301/CO_PDO.o
 .text.PDO_initMapping.constprop.3
                0x0000000000008e18       0xe6 ./CANopenNode/301/CO_PDO.o
 .text.OD_write_PDO_mapping
                0x0000000000008efe       0xb4 ./CANopenNode/301/CO_PDO.o
 .text.OD_write_18xx
                0x0000000000008fb2      0x184 ./CANopenNode/301/CO_PDO.o
 .text.OD_write_14xx
                0x0000000000009136      0x15a ./CANopenNode/301/CO_PDO.o
 .text.CO_RPDO_init
                0x0000000000009290      0x172 ./CANopenNode/301/CO_PDO.o
                0x0000000000009290                CO_RPDO_init
 .text.CO_RPDO_process
                0x0000000000009402      0x114 ./CANopenNode/301/CO_PDO.o
                0x0000000000009402                CO_RPDO_process
 .text.CO_TPDO_init
                0x0000000000009516      0x1d2 ./CANopenNode/301/CO_PDO.o
                0x0000000000009516                CO_TPDO_init
 .text.CO_TPDO_process
                0x00000000000096e8      0x15e ./CANopenNode/301/CO_PDO.o
                0x00000000000096e8                CO_TPDO_process
 .text.CO_SDOserver_init_canRxTx
                0x0000000000009846       0x82 ./CANopenNode/301/CO_SDOserver.o
 .text.CO_SDO_receive
                0x00000000000098c8       0x38 ./CANopenNode/301/CO_SDOserver.o
 .text.readFromOd.isra.1.constprop.5
                0x0000000000009900       0xe2 ./CANopenNode/301/CO_SDOserver.o
 .text.OD_write_1201_additional
                0x00000000000099e2      0x158 ./CANopenNode/301/CO_SDOserver.o
 .text.CO_SDOserver_init
                0x0000000000009b3a      0x172 ./CANopenNode/301/CO_SDOserver.o
                0x0000000000009b3a                CO_SDOserver_init
 .text.CO_SDOserver_process
                0x0000000000009cac      0x5e8 ./CANopenNode/301/CO_SDOserver.o
                0x0000000000009cac                CO_SDOserver_process
 .text.CO_delete
                0x000000000000a294       0x56 ./CANopenNode/CANopen.o
                0x000000000000a294                CO_delete
 .text.CO_new   0x000000000000a2ea      0x102 ./CANopenNode/CANopen.o
                0x000000000000a2ea                CO_new
 .text.CO_CANinit
                0x000000000000a3ec       0x36 ./CANopenNode/CANopen.o
                0x000000000000a3ec                CO_CANinit
 .text.CO_LSSinit
                0x000000000000a422       0x32 ./CANopenNode/CANopen.o
                0x000000000000a422                CO_LSSinit
 .text.CO_CANopenInit
                0x000000000000a454       0xb8 ./CANopenNode/CANopen.o
                0x000000000000a454                CO_CANopenInit
 .text.CO_CANopenInitPDO
                0x000000000000a50c       0xea ./CANopenNode/CANopen.o
                0x000000000000a50c                CO_CANopenInitPDO
 .text.CO_process
                0x000000000000a5f6       0x7e ./CANopenNode/CANopen.o
                0x000000000000a5f6                CO_process
 .text.CO_process_RPDO
                0x000000000000a674       0x40 ./CANopenNode/CANopen.o
                0x000000000000a674                CO_process_RPDO
 .text.CO_process_TPDO
                0x000000000000a6b4       0x40 ./CANopenNode/CANopen.o
                0x000000000000a6b4                CO_process_TPDO
 .text.__muldf3
                0x000000000000a6f4      0x4b8 c:/mounriver/mounriver_studio/toolchain/risc-v embedded gcc/bin/../lib/gcc/riscv-none-embed/8.2.0/rv32imacxw/ilp32\libgcc.a(muldf3.o)
                0x000000000000a6f4                __muldf3
 .text.__floatunsidf
                0x000000000000abac       0x68 c:/mounriver/mounriver_studio/toolchain/risc-v embedded gcc/bin/../lib/gcc/riscv-none-embed/8.2.0/rv32imacxw/ilp32\libgcc.a(floatunsidf.o)
                0x000000000000abac                __floatunsidf
 .text.__addsf3
                0x000000000000ac14      0x36a c:/mounriver/mounriver_studio/toolchain/risc-v embedded gcc/bin/../lib/gcc/riscv-none-embed/8.2.0/rv32imacxw/ilp32\libgcc.a(addsf3.o)
                0x000000000000ac14                __addsf3
 .text.__divsf3
                0x000000000000af7e      0x2b2 c:/mounriver/mounriver_studio/toolchain/risc-v embedded gcc/bin/../lib/gcc/riscv-none-embed/8.2.0/rv32imacxw/ilp32\libgcc.a(divsf3.o)
                0x000000000000af7e                __divsf3
 .text.__gesf2  0x000000000000b230       0x86 c:/mounriver/mounriver_studio/toolchain/risc-v embedded gcc/bin/../lib/gcc/riscv-none-embed/8.2.0/rv32imacxw/ilp32\libgcc.a(gesf2.o)
                0x000000000000b230                __gesf2
                0x000000000000b230                __gtsf2
 .text.__lesf2  0x000000000000b2b6       0x8c c:/mounriver/mounriver_studio/toolchain/risc-v embedded gcc/bin/../lib/gcc/riscv-none-embed/8.2.0/rv32imacxw/ilp32\libgcc.a(lesf2.o)
                0x000000000000b2b6                __ltsf2
                0x000000000000b2b6                __lesf2
 .text.__mulsf3
                0x000000000000b342      0x294 c:/mounriver/mounriver_studio/toolchain/risc-v embedded gcc/bin/../lib/gcc/riscv-none-embed/8.2.0/rv32imacxw/ilp32\libgcc.a(mulsf3.o)
                0x000000000000b342                __mulsf3
 .text.__subsf3
                0x000000000000b5d6      0x388 c:/mounriver/mounriver_studio/toolchain/risc-v embedded gcc/bin/../lib/gcc/riscv-none-embed/8.2.0/rv32imacxw/ilp32\libgcc.a(subsf3.o)
                0x000000000000b5d6                __subsf3
 .text.__fixsfsi
                0x000000000000b95e       0x62 c:/mounriver/mounriver_studio/toolchain/risc-v embedded gcc/bin/../lib/gcc/riscv-none-embed/8.2.0/rv32imacxw/ilp32\libgcc.a(fixsfsi.o)
                0x000000000000b95e                __fixsfsi
 .text.__fixunssfsi
                0x000000000000b9c0       0x56 c:/mounriver/mounriver_studio/toolchain/risc-v embedded gcc/bin/../lib/gcc/riscv-none-embed/8.2.0/rv32imacxw/ilp32\libgcc.a(fixunssfsi.o)
                0x000000000000b9c0                __fixunssfsi
 .text.__floatsisf
                0x000000000000ba16       0xc6 c:/mounriver/mounriver_studio/toolchain/risc-v embedded gcc/bin/../lib/gcc/riscv-none-embed/8.2.0/rv32imacxw/ilp32\libgcc.a(floatsisf.o)
                0x000000000000ba16                __floatsisf
 .text.__floatunsisf
                0x000000000000badc       0xce c:/mounriver/mounriver_studio/toolchain/risc-v embedded gcc/bin/../lib/gcc/riscv-none-embed/8.2.0/rv32imacxw/ilp32\libgcc.a(floatunsisf.o)
                0x000000000000badc                __floatunsisf
 .text.__truncdfsf2
                0x000000000000bbaa      0x16a c:/mounriver/mounriver_studio/toolchain/risc-v embedded gcc/bin/../lib/gcc/riscv-none-embed/8.2.0/rv32imacxw/ilp32\libgcc.a(truncdfsf2.o)
                0x000000000000bbaa                __truncdfsf2
 .text.__clzsi2
                0x000000000000bd14       0x6e c:/mounriver/mounriver_studio/toolchain/risc-v embedded gcc/bin/../lib/gcc/riscv-none-embed/8.2.0/rv32imacxw/ilp32\libgcc.a(_clzsi2.o)
                0x000000000000bd14                __clzsi2
 .text.calloc   0x000000000000bd82        0xc c:/mounriver/mounriver_studio/toolchain/risc-v embedded gcc/bin/../lib/gcc/riscv-none-embed/8.2.0/../../../../riscv-none-embed/lib/rv32imacxw/ilp32\libg_nano.a(lib_a-calloc.o)
                0x000000000000bd82                calloc
 .text.free     0x000000000000bd8e        0xa c:/mounriver/mounriver_studio/toolchain/risc-v embedded gcc/bin/../lib/gcc/riscv-none-embed/8.2.0/../../../../riscv-none-embed/lib/rv32imacxw/ilp32\libg_nano.a(lib_a-malloc.o)
                0x000000000000bd8e                free
 .text.memcpy   0x000000000000bd98       0xb2 c:/mounriver/mounriver_studio/toolchain/risc-v embedded gcc/bin/../lib/gcc/riscv-none-embed/8.2.0/../../../../riscv-none-embed/lib/rv32imacxw/ilp32\libg_nano.a(lib_a-memcpy.o)
                0x000000000000bd98                memcpy
 .text.memmove  0x000000000000be4a       0x46 c:/mounriver/mounriver_studio/toolchain/risc-v embedded gcc/bin/../lib/gcc/riscv-none-embed/8.2.0/../../../../riscv-none-embed/lib/rv32imacxw/ilp32\libg_nano.a(lib_a-memmove.o)
                0x000000000000be4a                memmove
 .text._calloc_r
                0x000000000000be90       0x26 c:/mounriver/mounriver_studio/toolchain/risc-v embedded gcc/bin/../lib/gcc/riscv-none-embed/8.2.0/../../../../riscv-none-embed/lib/rv32imacxw/ilp32\libg_nano.a(lib_a-nano-callocr.o)
                0x000000000000be90                _calloc_r
 .text._free_r  0x000000000000beb6       0xa8 c:/mounriver/mounriver_studio/toolchain/risc-v embedded gcc/bin/../lib/gcc/riscv-none-embed/8.2.0/../../../../riscv-none-embed/lib/rv32imacxw/ilp32\libg_nano.a(lib_a-nano-freer.o)
                0x000000000000beb6                _free_r
 .text._malloc_r
                0x000000000000bf5e       0xd4 c:/mounriver/mounriver_studio/toolchain/risc-v embedded gcc/bin/../lib/gcc/riscv-none-embed/8.2.0/../../../../riscv-none-embed/lib/rv32imacxw/ilp32\libg_nano.a(lib_a-nano-mallocr.o)
                0x000000000000bf5e                _malloc_r
 .text.printf   0x000000000000c032       0x40 c:/mounriver/mounriver_studio/toolchain/risc-v embedded gcc/bin/../lib/gcc/riscv-none-embed/8.2.0/../../../../riscv-none-embed/lib/rv32imacxw/ilp32\libg_nano.a(lib_a-printf.o)
                0x000000000000c032                iprintf
                0x000000000000c032                printf
 .text._puts_r  0x000000000000c072       0xd4 c:/mounriver/mounriver_studio/toolchain/risc-v embedded gcc/bin/../lib/gcc/riscv-none-embed/8.2.0/../../../../riscv-none-embed/lib/rv32imacxw/ilp32\libg_nano.a(lib_a-puts.o)
                0x000000000000c072                _puts_r
 .text.puts     0x000000000000c146        0xc c:/mounriver/mounriver_studio/toolchain/risc-v embedded gcc/bin/../lib/gcc/riscv-none-embed/8.2.0/../../../../riscv-none-embed/lib/rv32imacxw/ilp32\libg_nano.a(lib_a-puts.o)
                0x000000000000c146                puts
 .text._sbrk_r  0x000000000000c152       0x32 c:/mounriver/mounriver_studio/toolchain/risc-v embedded gcc/bin/../lib/gcc/riscv-none-embed/8.2.0/../../../../riscv-none-embed/lib/rv32imacxw/ilp32\libg_nano.a(lib_a-sbrkr.o)
                0x000000000000c152                _sbrk_r
 .text.strlen   0x000000000000c184       0x12 c:/mounriver/mounriver_studio/toolchain/risc-v embedded gcc/bin/../lib/gcc/riscv-none-embed/8.2.0/../../../../riscv-none-embed/lib/rv32imacxw/ilp32\libg_nano.a(lib_a-strlen.o)
                0x000000000000c184                strlen
 .text.__swbuf_r
                0x000000000000c196       0xbc c:/mounriver/mounriver_studio/toolchain/risc-v embedded gcc/bin/../lib/gcc/riscv-none-embed/8.2.0/../../../../riscv-none-embed/lib/rv32imacxw/ilp32\libg_nano.a(lib_a-wbuf.o)
                0x000000000000c196                __swbuf_r
 .text.__swsetup_r
                0x000000000000c252       0xfe c:/mounriver/mounriver_studio/toolchain/risc-v embedded gcc/bin/../lib/gcc/riscv-none-embed/8.2.0/../../../../riscv-none-embed/lib/rv32imacxw/ilp32\libg_nano.a(lib_a-wsetup.o)
                0x000000000000c252                __swsetup_r
 .text.__sflush_r
                0x000000000000c350      0x132 c:/mounriver/mounriver_studio/toolchain/risc-v embedded gcc/bin/../lib/gcc/riscv-none-embed/8.2.0/../../../../riscv-none-embed/lib/rv32imacxw/ilp32\libg_nano.a(lib_a-fflush.o)
                0x000000000000c350                __sflush_r
 .text._fflush_r
                0x000000000000c482       0x66 c:/mounriver/mounriver_studio/toolchain/risc-v embedded gcc/bin/../lib/gcc/riscv-none-embed/8.2.0/../../../../riscv-none-embed/lib/rv32imacxw/ilp32\libg_nano.a(lib_a-fflush.o)
                0x000000000000c482                _fflush_r
 .text.std      0x000000000000c4e8       0x66 c:/mounriver/mounriver_studio/toolchain/risc-v embedded gcc/bin/../lib/gcc/riscv-none-embed/8.2.0/../../../../riscv-none-embed/lib/rv32imacxw/ilp32\libg_nano.a(lib_a-findfp.o)
 .text._cleanup_r
                0x000000000000c54e        0xa c:/mounriver/mounriver_studio/toolchain/risc-v embedded gcc/bin/../lib/gcc/riscv-none-embed/8.2.0/../../../../riscv-none-embed/lib/rv32imacxw/ilp32\libg_nano.a(lib_a-findfp.o)
                0x000000000000c54e                _cleanup_r
 .text.__sfmoreglue
                0x000000000000c558       0x48 c:/mounriver/mounriver_studio/toolchain/risc-v embedded gcc/bin/../lib/gcc/riscv-none-embed/8.2.0/../../../../riscv-none-embed/lib/rv32imacxw/ilp32\libg_nano.a(lib_a-findfp.o)
                0x000000000000c558                __sfmoreglue
 .text.__sinit  0x000000000000c5a0       0x6c c:/mounriver/mounriver_studio/toolchain/risc-v embedded gcc/bin/../lib/gcc/riscv-none-embed/8.2.0/../../../../riscv-none-embed/lib/rv32imacxw/ilp32\libg_nano.a(lib_a-findfp.o)
                0x000000000000c5a0                __sinit
 .text.__sfp    0x000000000000c60c       0xa0 c:/mounriver/mounriver_studio/toolchain/risc-v embedded gcc/bin/../lib/gcc/riscv-none-embed/8.2.0/../../../../riscv-none-embed/lib/rv32imacxw/ilp32\libg_nano.a(lib_a-findfp.o)
                0x000000000000c60c                __sfp
 .text._fwalk_reent
                0x000000000000c6ac       0x6a c:/mounriver/mounriver_studio/toolchain/risc-v embedded gcc/bin/../lib/gcc/riscv-none-embed/8.2.0/../../../../riscv-none-embed/lib/rv32imacxw/ilp32\libg_nano.a(lib_a-fwalk.o)
                0x000000000000c6ac                _fwalk_reent
 .text.__swhatbuf_r
                0x000000000000c716       0x58 c:/mounriver/mounriver_studio/toolchain/risc-v embedded gcc/bin/../lib/gcc/riscv-none-embed/8.2.0/../../../../riscv-none-embed/lib/rv32imacxw/ilp32\libg_nano.a(lib_a-makebuf.o)
                0x000000000000c716                __swhatbuf_r
 .text.__smakebuf_r
                0x000000000000c76e       0x94 c:/mounriver/mounriver_studio/toolchain/risc-v embedded gcc/bin/../lib/gcc/riscv-none-embed/8.2.0/../../../../riscv-none-embed/lib/rv32imacxw/ilp32\libg_nano.a(lib_a-makebuf.o)
                0x000000000000c76e                __smakebuf_r
 .text.__malloc_lock
                0x000000000000c802        0x2 c:/mounriver/mounriver_studio/toolchain/risc-v embedded gcc/bin/../lib/gcc/riscv-none-embed/8.2.0/../../../../riscv-none-embed/lib/rv32imacxw/ilp32\libg_nano.a(lib_a-mlock.o)
                0x000000000000c802                __malloc_lock
 .text.__malloc_unlock
                0x000000000000c804        0x2 c:/mounriver/mounriver_studio/toolchain/risc-v embedded gcc/bin/../lib/gcc/riscv-none-embed/8.2.0/../../../../riscv-none-embed/lib/rv32imacxw/ilp32\libg_nano.a(lib_a-mlock.o)
                0x000000000000c804                __malloc_unlock
 .text.__sfputc_r
                0x000000000000c806       0x28 c:/mounriver/mounriver_studio/toolchain/risc-v embedded gcc/bin/../lib/gcc/riscv-none-embed/8.2.0/../../../../riscv-none-embed/lib/rv32imacxw/ilp32\libg_nano.a(lib_a-nano-vfprintf.o)
 .text.__sfputs_r
                0x000000000000c82e       0x42 c:/mounriver/mounriver_studio/toolchain/risc-v embedded gcc/bin/../lib/gcc/riscv-none-embed/8.2.0/../../../../riscv-none-embed/lib/rv32imacxw/ilp32\libg_nano.a(lib_a-nano-vfprintf.o)
                0x000000000000c82e                __sfputs_r
 .text._vfprintf_r
                0x000000000000c870      0x288 c:/mounriver/mounriver_studio/toolchain/risc-v embedded gcc/bin/../lib/gcc/riscv-none-embed/8.2.0/../../../../riscv-none-embed/lib/rv32imacxw/ilp32\libg_nano.a(lib_a-nano-vfprintf.o)
                0x000000000000c870                _vfprintf_r
                0x000000000000c870                _vfiprintf_r
 .text._printf_common
                0x000000000000caf8      0x10c c:/mounriver/mounriver_studio/toolchain/risc-v embedded gcc/bin/../lib/gcc/riscv-none-embed/8.2.0/../../../../riscv-none-embed/lib/rv32imacxw/ilp32\libg_nano.a(lib_a-nano-vfprintf_i.o)
                0x000000000000caf8                _printf_common
 .text._printf_i
                0x000000000000cc04      0x2a2 c:/mounriver/mounriver_studio/toolchain/risc-v embedded gcc/bin/../lib/gcc/riscv-none-embed/8.2.0/../../../../riscv-none-embed/lib/rv32imacxw/ilp32\libg_nano.a(lib_a-nano-vfprintf_i.o)
                0x000000000000cc04                _printf_i
 .text.__sread  0x000000000000cea6       0x2c c:/mounriver/mounriver_studio/toolchain/risc-v embedded gcc/bin/../lib/gcc/riscv-none-embed/8.2.0/../../../../riscv-none-embed/lib/rv32imacxw/ilp32\libg_nano.a(lib_a-stdio.o)
                0x000000000000cea6                __sread
 .text.__swrite
                0x000000000000ced2       0x48 c:/mounriver/mounriver_studio/toolchain/risc-v embedded gcc/bin/../lib/gcc/riscv-none-embed/8.2.0/../../../../riscv-none-embed/lib/rv32imacxw/ilp32\libg_nano.a(lib_a-stdio.o)
                0x000000000000ced2                __swrite
 .text.__sseek  0x000000000000cf1a       0x30 c:/mounriver/mounriver_studio/toolchain/risc-v embedded gcc/bin/../lib/gcc/riscv-none-embed/8.2.0/../../../../riscv-none-embed/lib/rv32imacxw/ilp32\libg_nano.a(lib_a-stdio.o)
                0x000000000000cf1a                __sseek
 .text.__sclose
                0x000000000000cf4a        0x6 c:/mounriver/mounriver_studio/toolchain/risc-v embedded gcc/bin/../lib/gcc/riscv-none-embed/8.2.0/../../../../riscv-none-embed/lib/rv32imacxw/ilp32\libg_nano.a(lib_a-stdio.o)
                0x000000000000cf4a                __sclose
 .text._write_r
                0x000000000000cf50       0x36 c:/mounriver/mounriver_studio/toolchain/risc-v embedded gcc/bin/../lib/gcc/riscv-none-embed/8.2.0/../../../../riscv-none-embed/lib/rv32imacxw/ilp32\libg_nano.a(lib_a-writer.o)
                0x000000000000cf50                _write_r
 .text._close_r
                0x000000000000cf86       0x30 c:/mounriver/mounriver_studio/toolchain/risc-v embedded gcc/bin/../lib/gcc/riscv-none-embed/8.2.0/../../../../riscv-none-embed/lib/rv32imacxw/ilp32\libg_nano.a(lib_a-closer.o)
                0x000000000000cf86                _close_r
 .text._fstat_r
                0x000000000000cfb6       0x32 c:/mounriver/mounriver_studio/toolchain/risc-v embedded gcc/bin/../lib/gcc/riscv-none-embed/8.2.0/../../../../riscv-none-embed/lib/rv32imacxw/ilp32\libg_nano.a(lib_a-fstatr.o)
                0x000000000000cfb6                _fstat_r
 .text._isatty_r
                0x000000000000cfe8       0x30 c:/mounriver/mounriver_studio/toolchain/risc-v embedded gcc/bin/../lib/gcc/riscv-none-embed/8.2.0/../../../../riscv-none-embed/lib/rv32imacxw/ilp32\libg_nano.a(lib_a-isattyr.o)
                0x000000000000cfe8                _isatty_r
 .text._lseek_r
                0x000000000000d018       0x34 c:/mounriver/mounriver_studio/toolchain/risc-v embedded gcc/bin/../lib/gcc/riscv-none-embed/8.2.0/../../../../riscv-none-embed/lib/rv32imacxw/ilp32\libg_nano.a(lib_a-lseekr.o)
                0x000000000000d018                _lseek_r
 .text.memchr   0x000000000000d04c       0x18 c:/mounriver/mounriver_studio/toolchain/risc-v embedded gcc/bin/../lib/gcc/riscv-none-embed/8.2.0/../../../../riscv-none-embed/lib/rv32imacxw/ilp32\libg_nano.a(lib_a-memchr.o)
                0x000000000000d04c                memchr
 .text._read_r  0x000000000000d064       0x34 c:/mounriver/mounriver_studio/toolchain/risc-v embedded gcc/bin/../lib/gcc/riscv-none-embed/8.2.0/../../../../riscv-none-embed/lib/rv32imacxw/ilp32\libg_nano.a(lib_a-readr.o)
                0x000000000000d064                _read_r
 .text._close   0x000000000000d098       0x10 c:/mounriver/mounriver_studio/toolchain/risc-v embedded gcc/bin/../lib/gcc/riscv-none-embed/8.2.0/../../../../riscv-none-embed/lib/rv32imacxw/ilp32\libnosys.a(close.o)
                0x000000000000d098                _close
 .text._fstat   0x000000000000d0a8       0x10 c:/mounriver/mounriver_studio/toolchain/risc-v embedded gcc/bin/../lib/gcc/riscv-none-embed/8.2.0/../../../../riscv-none-embed/lib/rv32imacxw/ilp32\libnosys.a(fstat.o)
                0x000000000000d0a8                _fstat
 .text._isatty  0x000000000000d0b8       0x10 c:/mounriver/mounriver_studio/toolchain/risc-v embedded gcc/bin/../lib/gcc/riscv-none-embed/8.2.0/../../../../riscv-none-embed/lib/rv32imacxw/ilp32\libnosys.a(isatty.o)
                0x000000000000d0b8                _isatty
 .text._lseek   0x000000000000d0c8       0x10 c:/mounriver/mounriver_studio/toolchain/risc-v embedded gcc/bin/../lib/gcc/riscv-none-embed/8.2.0/../../../../riscv-none-embed/lib/rv32imacxw/ilp32\libnosys.a(lseek.o)
                0x000000000000d0c8                _lseek
 .text._read    0x000000000000d0d8       0x10 c:/mounriver/mounriver_studio/toolchain/risc-v embedded gcc/bin/../lib/gcc/riscv-none-embed/8.2.0/../../../../riscv-none-embed/lib/rv32imacxw/ilp32\libnosys.a(read.o)
                0x000000000000d0d8                _read
 *(.rodata)
 *(.rodata*)
 *fill*         0x000000000000d0e8        0x0 
 .rodata.bitrate_table
                0x000000000000d0e8       0x10 ./User/DataModel.o
 .rodata.vIncrementSystemCounters.cst4
                0x000000000000d0f8        0x8 ./User/DataModel.o
 .rodata.HardFault_Handler.str1.4
                0x000000000000d100       0x42 ./User/ch32v20x_it.o
 *fill*         0x000000000000d142        0x2 
 .rodata.getODValue
                0x000000000000d144       0x78 ./User/dash_draw.o
 .rodata.MenuStateCross
                0x000000000000d1bc       0x1c ./User/dash_draw.o
 .rodata.dm     0x000000000000d1d8       0x3f ./User/dash_draw.o
 *fill*         0x000000000000d217        0x1 
 .rodata.getODValue.cst4
                0x000000000000d218        0x4 ./User/dash_draw.o
                                          0x8 (size before relaxing)
 .rodata.vBarColorMode.cst4
                0x000000000000d21c        0x4 ./User/dash_draw.o
 .rodata.ADC_FSM.cst4
                0x000000000000d220       0x14 ./User/inputs.o
 *fill*         0x000000000000d234        0x4 
 .rodata.ADC_FSM.cst8
                0x000000000000d238       0x18 ./User/inputs.o
 .rodata.vInputsTask.cst4
                0x000000000000d250       0x10 ./User/inputs.o
 .rodata.SetSegDirect
                0x000000000000d260       0x1c ./User/led.o
 .rodata.Brigth
                0x000000000000d27c       0x1e ./User/led.o
 *fill*         0x000000000000d29a        0x2 
 .rodata.DigitMask
                0x000000000000d29c        0xa ./User/led.o
                0x000000000000d29c                DigitMask
 *fill*         0x000000000000d2a6        0x2 
 .rodata.offset_mask
                0x000000000000d2a8        0xe ./User/led.o
 *fill*         0x000000000000d2b6        0x2 
 .rodata.step_mask
                0x000000000000d2b8        0xe ./User/led.o
 *fill*         0x000000000000d2c6        0x2 
 .rodata.OD_ADC1_CAL_extension
                0x000000000000d2c8       0x10 ./User/process.o
                0x000000000000d2c8                OD_ADC1_CAL_extension
 .rodata.OD_ADC2_CAL_extension
                0x000000000000d2d8       0x10 ./User/process.o
                0x000000000000d2d8                OD_ADC2_CAL_extension
 .rodata.OD_ADC3_CAL_extension
                0x000000000000d2e8       0x10 ./User/process.o
                0x000000000000d2e8                OD_ADC3_CAL_extension
 .rodata.OD_AIN_RPM_extension
                0x000000000000d2f8       0x10 ./User/process.o
                0x000000000000d2f8                OD_AIN_RPM_extension
 .rodata.OD_BAR_extension
                0x000000000000d308       0x10 ./User/process.o
                0x000000000000d308                OD_BAR_extension
 .rodata.OD_BOARD_SETTINGS_extension
                0x000000000000d318       0x10 ./User/process.o
                0x000000000000d318                OD_BOARD_SETTINGS_extension
 .rodata.OD_DASH_PARAM_extension
                0x000000000000d328       0x10 ./User/process.o
                0x000000000000d328                OD_DASH_PARAM_extension
 .rodata.OD_DIN_extension
                0x000000000000d338       0x10 ./User/process.o
                0x000000000000d338                OD_DIN_extension
 .rodata.OD_KEY_extension
                0x000000000000d348       0x10 ./User/process.o
                0x000000000000d348                OD_KEY_extension
 .rodata.OD_MENU_MAP_extension
                0x000000000000d358       0x10 ./User/process.o
                0x000000000000d358                OD_MENU_MAP_extension
 .rodata.OD_MENU_SETUP_extension
                0x000000000000d368       0x10 ./User/process.o
                0x000000000000d368                OD_MENU_SETUP_extension
 .rodata.OD_RGB10_extension
                0x000000000000d378       0x10 ./User/process.o
                0x000000000000d378                OD_RGB10_extension
 .rodata.OD_RGB11_extension
                0x000000000000d388       0x10 ./User/process.o
                0x000000000000d388                OD_RGB11_extension
 .rodata.OD_RGB12_extension
                0x000000000000d398       0x10 ./User/process.o
                0x000000000000d398                OD_RGB12_extension
 .rodata.OD_RGB13_extension
                0x000000000000d3a8       0x10 ./User/process.o
                0x000000000000d3a8                OD_RGB13_extension
 .rodata.OD_RGB1_extension
                0x000000000000d3b8       0x10 ./User/process.o
                0x000000000000d3b8                OD_RGB1_extension
 .rodata.OD_RGB2_extension
                0x000000000000d3c8       0x10 ./User/process.o
                0x000000000000d3c8                OD_RGB2_extension
 .rodata.OD_RGB3_extension
                0x000000000000d3d8       0x10 ./User/process.o
                0x000000000000d3d8                OD_RGB3_extension
 .rodata.OD_RGB4_extension
                0x000000000000d3e8       0x10 ./User/process.o
                0x000000000000d3e8                OD_RGB4_extension
 .rodata.OD_RGB5_extension
                0x000000000000d3f8       0x10 ./User/process.o
                0x000000000000d3f8                OD_RGB5_extension
 .rodata.OD_RGB6_extension
                0x000000000000d408       0x10 ./User/process.o
                0x000000000000d408                OD_RGB6_extension
 .rodata.OD_RGB7_extension
                0x000000000000d418       0x10 ./User/process.o
                0x000000000000d418                OD_RGB7_extension
 .rodata.OD_RGB8_extension
                0x000000000000d428       0x10 ./User/process.o
                0x000000000000d428                OD_RGB8_extension
 .rodata.OD_RGB9_extension
                0x000000000000d438       0x10 ./User/process.o
                0x000000000000d438                OD_RGB9_extension
 .rodata.OD_RGBMAP_extension