Archive member included to satisfy reference by file (symbol)

c:/mounriver/mounriver_studio/toolchain/risc-v embedded gcc/bin/../lib/gcc/riscv-none-embed/8.2.0/rv32imacxw/ilp32\libgcc.a(addsf3.o)
                              ./User/DataModel.o (__addsf3)
c:/mounriver/mounriver_studio/toolchain/risc-v embedded gcc/bin/../lib/gcc/riscv-none-embed/8.2.0/rv32imacxw/ilp32\libgcc.a(divsf3.o)
                              ./User/DataModel.o (__divsf3)
c:/mounriver/mounriver_studio/toolchain/risc-v embedded gcc/bin/../lib/gcc/riscv-none-embed/8.2.0/rv32imacxw/ilp32\libgcc.a(eqsf2.o)
                              ./HWLIB/hw_lib_din.o (__nesf2)
c:/mounriver/mounriver_studio/toolchain/risc-v embedded gcc/bin/../lib/gcc/riscv-none-embed/8.2.0/rv32imacxw/ilp32\libgcc.a(gesf2.o)
                              ./User/inputs.o (__gesf2)
c:/mounriver/mounriver_studio/toolchain/risc-v embedded gcc/bin/../lib/gcc/riscv-none-embed/8.2.0/rv32imacxw/ilp32\libgcc.a(lesf2.o)
                              ./HWLIB/hw_lib_adc.o (__lesf2)
c:/mounriver/mounriver_studio/toolchain/risc-v embedded gcc/bin/../lib/gcc/riscv-none-embed/8.2.0/rv32imacxw/ilp32\libgcc.a(mulsf3.o)
                              ./User/dash_draw.o (__mulsf3)
c:/mounriver/mounriver_studio/toolchain/risc-v embedded gcc/bin/../lib/gcc/riscv-none-embed/8.2.0/rv32imacxw/ilp32\libgcc.a(subsf3.o)
                              ./User/inputs.o (__subsf3)
c:/mounriver/mounriver_studio/toolchain/risc-v embedded gcc/bin/../lib/gcc/riscv-none-embed/8.2.0/rv32imacxw/ilp32\libgcc.a(fixsfsi.o)
                              ./User/dash_draw.o (__fixsfsi)
c:/mounriver/mounriver_studio/toolchain/risc-v embedded gcc/bin/../lib/gcc/riscv-none-embed/8.2.0/rv32imacxw/ilp32\libgcc.a(fixunssfsi.o)
                              ./User/DataModel.o (__fixunssfsi)
c:/mounriver/mounriver_studio/toolchain/risc-v embedded gcc/bin/../lib/gcc/riscv-none-embed/8.2.0/rv32imacxw/ilp32\libgcc.a(floatsisf.o)
                              ./User/DataModel.o (__floatsisf)
c:/mounriver/mounriver_studio/toolchain/risc-v embedded gcc/bin/../lib/gcc/riscv-none-embed/8.2.0/rv32imacxw/ilp32\libgcc.a(floatunsisf.o)
                              ./User/DataModel.o (__floatunsisf)
c:/mounriver/mounriver_studio/toolchain/risc-v embedded gcc/bin/../lib/gcc/riscv-none-embed/8.2.0/rv32imacxw/ilp32\libgcc.a(save-restore.o)
                              ./User/inputs.o (__riscv_save_12)
c:/mounriver/mounriver_studio/toolchain/risc-v embedded gcc/bin/../lib/gcc/riscv-none-embed/8.2.0/rv32imacxw/ilp32\libgcc.a(_clzsi2.o)
                              c:/mounriver/mounriver_studio/toolchain/risc-v embedded gcc/bin/../lib/gcc/riscv-none-embed/8.2.0/rv32imacxw/ilp32\libgcc.a(addsf3.o) (__clzsi2)
c:/mounriver/mounriver_studio/toolchain/risc-v embedded gcc/bin/../lib/gcc/riscv-none-embed/8.2.0/rv32imacxw/ilp32\libgcc.a(_clz.o)
                              c:/mounriver/mounriver_studio/toolchain/risc-v embedded gcc/bin/../lib/gcc/riscv-none-embed/8.2.0/rv32imacxw/ilp32\libgcc.a(_clzsi2.o) (__clz_tab)
c:/mounriver/mounriver_studio/toolchain/risc-v embedded gcc/bin/../lib/gcc/riscv-none-embed/8.2.0/../../../../riscv-none-embed/lib/rv32imacxw/ilp32\libg_nano.a(lib_a-calloc.o)
                              ./CANopenNode/CANopen.o (calloc)
c:/mounriver/mounriver_studio/toolchain/risc-v embedded gcc/bin/../lib/gcc/riscv-none-embed/8.2.0/../../../../riscv-none-embed/lib/rv32imacxw/ilp32\libg_nano.a(lib_a-impure.o)
                              c:/mounriver/mounriver_studio/toolchain/risc-v embedded gcc/bin/../lib/gcc/riscv-none-embed/8.2.0/../../../../riscv-none-embed/lib/rv32imacxw/ilp32\libg_nano.a(lib_a-calloc.o) (_impure_ptr)
c:/mounriver/mounriver_studio/toolchain/risc-v embedded gcc/bin/../lib/gcc/riscv-none-embed/8.2.0/../../../../riscv-none-embed/lib/rv32imacxw/ilp32\libg_nano.a(lib_a-malloc.o)
                              ./CANopenNode/CANopen.o (free)
c:/mounriver/mounriver_studio/toolchain/risc-v embedded gcc/bin/../lib/gcc/riscv-none-embed/8.2.0/../../../../riscv-none-embed/lib/rv32imacxw/ilp32\libg_nano.a(lib_a-memcpy.o)
                              ./User/DataModel.o (memcpy)
c:/mounriver/mounriver_studio/toolchain/risc-v embedded gcc/bin/../lib/gcc/riscv-none-embed/8.2.0/../../../../riscv-none-embed/lib/rv32imacxw/ilp32\libg_nano.a(lib_a-memmove.o)
                              ./CANopenNode/301/CO_SDOserver.o (memmove)
c:/mounriver/mounriver_studio/toolchain/risc-v embedded gcc/bin/../lib/gcc/riscv-none-embed/8.2.0/../../../../riscv-none-embed/lib/rv32imacxw/ilp32\libg_nano.a(lib_a-memset.o)
                              ./User/DataModel.o (memset)
c:/mounriver/mounriver_studio/toolchain/risc-v embedded gcc/bin/../lib/gcc/riscv-none-embed/8.2.0/../../../../riscv-none-embed/lib/rv32imacxw/ilp32\libg_nano.a(lib_a-nano-callocr.o)
[...]
Memory Configuration

Name             Origin             Length             Attributes
FLASH            0x0000000000000000 0x0000000000010000 xr
RAM              0x0000000020000000 0x0000000000005000 xrw
*default*        0x0000000000000000 0xffffffffffffffff

Linker script and memory map

LOAD ./User/CanOpenNode.o
LOAD ./User/DataModel.o
LOAD ./User/ch32v20x_it.o
LOAD ./User/dash_draw.o
LOAD ./User/init.o
LOAD ./User/inputs.o
LOAD ./User/led.o
LOAD ./User/main.o
LOAD ./User/process.o
LOAD ./User/system_ch32v20x.o
LOAD ./User/system_init.o
LOAD ./Startup/startup_ch32v20x_D6.o
LOAD ./Peripheral/src/ch32v20x_adc.o
LOAD ./Peripheral/src/ch32v20x_bkp.o
LOAD ./Peripheral/src/ch32v20x_can.o
LOAD ./Peripheral/src/ch32v20x_crc.o
LOAD ./Peripheral/src/ch32v20x_dbgmcu.o
LOAD ./Peripheral/src/ch32v20x_dma.o
LOAD ./Peripheral/src/ch32v20x_exti.o
LOAD ./Peripheral/src/ch32v20x_flash.o
LOAD ./Peripheral/src/ch32v20x_gpio.o
LOAD ./Peripheral/src/ch32v20x_i2c.o
LOAD ./Peripheral/src/ch32v20x_iwdg.o
LOAD ./Peripheral/src/ch32v20x_misc.o
LOAD ./Peripheral/src/ch32v20x_opa.o
LOAD ./Peripheral/src/ch32v20x_pwr.o
LOAD ./Peripheral/src/ch32v20x_rcc.o
LOAD ./Peripheral/src/ch32v20x_rtc.o
LOAD ./Peripheral/src/ch32v20x_spi.o
LOAD ./Peripheral/src/ch32v20x_tim.o
LOAD ./Peripheral/src/ch32v20x_usart.o
LOAD ./Peripheral/src/ch32v20x_wwdg.o
LOAD ./HWLIB/hw_lib_adc.o
LOAD ./HWLIB/hw_lib_din.o
LOAD ./HWLIB/hw_lib_eeprom.o
LOAD ./HAL/hal_adc_ch32.o
LOAD ./HAL/hal_can_ch32.o
LOAD ./HAL/hal_dma_ch32.o
LOAD ./HAL/hal_gpio_ch32.o
LOAD ./HAL/hal_i2c_ch32.o
LOAD ./HAL/hal_irq.o
LOAD ./HAL/hal_rtc_ch32.o
LOAD ./HAL/hal_spi_ch32.o
LOAD ./HAL/hal_timers_ch32.o
LOAD ./HAL/hal_wdt_ch32.o
LOAD ./FreeRTOS/portable/MemMang/heap_4.o
LOAD ./FreeRTOS/portable/GCC/RISC-V/port.o
LOAD ./FreeRTOS/portable/GCC/RISC-V/portASM.o
LOAD ./FreeRTOS/croutine.o
LOAD ./FreeRTOS/event_groups.o
LOAD ./FreeRTOS/list.o
LOAD ./FreeRTOS/queue.o
LOAD ./FreeRTOS/stream_buffer.o
LOAD ./FreeRTOS/tasks.o
LOAD ./FreeRTOS/timers.o
LOAD ./Drivers/filters.o
LOAD ./Debug/debug.o
LOAD ./Core/core_riscv.o
LOAD ./CANopenNode/keypad/CO_driver_ST32F103.o
LOAD ./CANopenNode/keypad/OD.o
LOAD ./CANopenNode/extra/CO_trace.o
LOAD ./CANopenNode/309/CO_gateway_ascii.o
LOAD ./CANopenNode/305/CO_LSSmaster.o
LOAD ./CANopenNode/305/CO_LSSslave.o
LOAD ./CANopenNode/304/CO_GFC.o
LOAD ./CANopenNode/304/CO_SRDO.o
LOAD ./CANopenNode/303/CO_LEDs.o
LOAD ./CANopenNode/301/CO_Emergency.o
LOAD ./CANopenNode/301/CO_HBconsumer.o
LOAD ./CANopenNode/301/CO_NMT_Heartbeat.o
LOAD ./CANopenNode/301/CO_Node_Guarding.o
LOAD ./CANopenNode/301/CO_ODinterface.o
LOAD ./CANopenNode/301/CO_PDO.o
LOAD ./CANopenNode/301/CO_SDOclient.o
LOAD ./CANopenNode/301/CO_SDOserver.o
LOAD ./CANopenNode/301/CO_SYNC.o
LOAD ./CANopenNode/301/CO_TIME.o
LOAD ./CANopenNode/301/CO_fifo.o
LOAD ./CANopenNode/301/crc16-ccitt.o
LOAD ./CANopenNode/CANopen.o
LOAD c:/mounriver/mounriver_studio/toolchain/risc-v embedded gcc/bin/../lib/gcc/riscv-none-embed/8.2.0/../../../../riscv-none-embed/lib/rv32imacxw/ilp32\libm.a
LOAD c:/mounriver/mounriver_studio/toolchain/risc-v embedded gcc/bin/../lib/gcc/riscv-none-embed/8.2.0/rv32imacxw/ilp32\libgcc.a
LOAD c:/mounriver/mounriver_studio/toolchain/risc-v embedded gcc/bin/../lib/gcc/riscv-none-embed/8.2.0/../../../../riscv-none-embed/lib/rv32imacxw/ilp32\libg_nano.a
LOAD c:/mounriver/mounriver_studio/toolchain/risc-v embedded gcc/bin/../lib/gcc/riscv-none-embed/8.2.0/../../../../riscv-none-embed/lib/rv32imacxw/ilp32\libc_nano.a
LOAD c:/mounriver/mounriver_studio/toolchain/risc-v embedded gcc/bin/../lib/gcc/riscv-none-embed/8.2.0/rv32imacxw/ilp32\libgcc.a
START GROUP
LOAD c:/mounriver/mounriver_studio/toolchain/risc-v embedded gcc/bin/../lib/gcc/riscv-none-embed/8.2.0/rv32imacxw/ilp32\libgcc.a
LOAD c:/mounriver/mounriver_studio/toolchain/risc-v embedded gcc/bin/../lib/gcc/riscv-none-embed/8.2.0/../../../../riscv-none-embed/lib/rv32imacxw/ilp32\libc_nano.a
LOAD c:/mounriver/mounriver_studio/toolchain/risc-v embedded gcc/bin/../lib/gcc/riscv-none-embed/8.2.0/../../../../riscv-none-embed/lib/rv32imacxw/ilp32\libnosys.a
END GROUP
START GROUP
LOAD c:/mounriver/mounriver_studio/toolchain/risc-v embedded gcc/bin/../lib/gcc/riscv-none-embed/8.2.0/rv32imacxw/ilp32\libgcc.a
LOAD c:/mounriver/mounriver_studio/toolchain/risc-v embedded gcc/bin/../lib/gcc/riscv-none-embed/8.2.0/../../../../riscv-none-embed/lib/rv32imacxw/ilp32\libc_nano.a
LOAD c:/mounriver/mounriver_studio/toolchain/risc-v embedded gcc/bin/../lib/gcc/riscv-none-embed/8.2.0/../../../../riscv-none-embed/lib/rv32imacxw/ilp32\libnosys.a
END GROUP
                0x0000000000000be8                __stack_size = 0xbe8
                [!provide]                        PROVIDE (_stack_size = __stack_size)

.init           0x0000000000000000       0x38
                0x0000000000000000                _sinit = .
                0x0000000000000000                . = ALIGN (0x4)
 *(SORT_NONE(.init))
 .init          0x0000000000000000       0x38 ./Startup/startup_ch32v20x_D6.o
                0x0000000000000000                _start
                0x0000000000000038                . = ALIGN (0x4)
                0x0000000000000038                _einit = .

.vector         0x0000000000000038      0x108
 *(.vector)
 .vector        0x0000000000000038       0xfc ./Startup/startup_ch32v20x_D6.o
                0x0000000000000140                . = ALIGN (0x40)
 *fill*         0x0000000000000134        0xc 

.text           0x0000000000000200     0xd814
                0x0000000000000200                . = ALIGN (0x4)
 *(.text)
 .text          0x0000000000000200      0x2ee ./FreeRTOS/portable/GCC/RISC-V/portASM.o
                0x0000000000000200                SW_Handler
                0x0000000000000300                xPortStartFirstTask
                0x0000000000000400                pxPortInitialiseStack
 .text          0x00000000000004ee       0x60 c:/mounriver/mounriver_studio/toolchain/risc-v embedded gcc/bin/../lib/gcc/riscv-none-embed/8.2.0/rv32imacxw/ilp32\libgcc.a(save-restore.o)
                0x00000000000004ee                __riscv_save_12
                0x00000000000004f6                __riscv_save_9
                0x00000000000004f6                __riscv_save_11
                0x00000000000004f6                __riscv_save_10
                0x00000000000004f6                __riscv_save_8
                0x0000000000000504                __riscv_save_4
                0x0000000000000504                __riscv_save_6
                0x0000000000000504                __riscv_save_5
                0x0000000000000504                __riscv_save_7
                0x000000000000051e                __riscv_save_3
                0x000000000000051e                __riscv_save_2
                0x000000000000051e                __riscv_save_1
                0x000000000000051e                __riscv_save_0
                0x000000000000052a                __riscv_restore_12
                0x000000000000052e                __riscv_restore_11
                0x000000000000052e                __riscv_restore_9
                0x000000000000052e                __riscv_restore_10
                0x000000000000052e                __riscv_restore_8
                0x0000000000000538                __riscv_restore_5
                0x0000000000000538                __riscv_restore_7
                0x0000000000000538                __riscv_restore_6
                0x0000000000000538                __riscv_restore_4
                0x0000000000000542                __riscv_restore_3
                0x0000000000000542                __riscv_restore_0
                0x0000000000000542                __riscv_restore_2
                0x0000000000000542                __riscv_restore_1
 .text          0x000000000000054e       0xa8 c:/mounriver/mounriver_studio/toolchain/risc-v embedded gcc/bin/../lib/gcc/riscv-none-embed/8.2.0/../../../../riscv-none-embed/lib/rv32imacxw/ilp32\libg_nano.a(lib_a-memset.o)
                0x000000000000054e                memset
 *(.text.*)
 .text.xCanOpenProcessTaskHandle
                0x00000000000005f6        0xa ./User/CanOpenNode.o
                0x00000000000005f6                xCanOpenProcessTaskHandle
 .text.xCanOpenPeriodicTaskHandle
                0x0000000000000600        0xa ./User/CanOpenNode.o
                0x0000000000000600                xCanOpenPeriodicTaskHandle
 .text.vCanOpenInit
                0x000000000000060a        0xa ./User/CanOpenNode.o
                0x000000000000060a                vCanOpenInit
 .text.vCanOpenProcess
                0x0000000000000614      0x192 ./User/CanOpenNode.o
                0x0000000000000614                vCanOpenProcess
 .text.vCanOpenPeriodicProcess
                0x00000000000007a6       0x82 ./User/CanOpenNode.o
                0x00000000000007a6                vCanOpenPeriodicProcess
 .text.xDataRegQueue
                0x0000000000000828        0xa ./User/DataModel.o
                0x0000000000000828                xDataRegQueue
 .text.vDataModelRegDelayWrite
                0x0000000000000832       0x34 ./User/DataModel.o
                0x0000000000000832                vDataModelRegDelayWrite
 .text.setReg32
                0x0000000000000866       0x1a ./User/DataModel.o
                0x0000000000000866                setReg32
 .text.setReg16
                0x0000000000000880        0xe ./User/DataModel.o
                0x0000000000000880                setReg16
 .text.setReg8  0x000000000000088e        0xa ./User/DataModel.o
                0x000000000000088e                setReg8
 .text.SaveReg16
                0x0000000000000898       0x14 ./User/DataModel.o
                0x0000000000000898                SaveReg16
 .text.getReg16
                0x00000000000008ac       0x10 ./User/DataModel.o
                0x00000000000008ac                getReg16
 .text.getReg32
                0x00000000000008bc       0x1c ./User/DataModel.o
                0x00000000000008bc                getReg32
 .text.DataModel_Init
                0x00000000000008d8      0x3be ./User/DataModel.o
                0x00000000000008d8                DataModel_Init
 .text.getReg8  0x0000000000000c96        0xa ./User/DataModel.o
                0x0000000000000c96                getReg8
 .text.WriteRegAfterDelay
                0x0000000000000ca0       0x60 ./User/DataModel.o
                0x0000000000000ca0                WriteRegAfterDelay
 .text.WriteReg
                0x0000000000000d00       0x56 ./User/DataModel.o
                0x0000000000000d00                WriteReg
 .text.vGetBitrate
                0x0000000000000d56       0x2a ./User/DataModel.o
                0x0000000000000d56                vGetBitrate
 .text.vFDGetNMTState
                0x0000000000000d80        0x6 ./User/DataModel.o
                0x0000000000000d80                vFDGetNMTState
 .text.vGetNodeId
                0x0000000000000d86        0x6 ./User/DataModel.o
                0x0000000000000d86                vGetNodeId
 .text.vIncrementSystemCounters
                0x0000000000000d8c       0x76 ./User/DataModel.o
                0x0000000000000d8c                vIncrementSystemCounters
 .text.vSaveData
                0x0000000000000e02       0x14 ./User/DataModel.o
                0x0000000000000e02                vSaveData
 .text.getOdometr
                0x0000000000000e16       0x14 ./User/DataModel.o
                0x0000000000000e16                getOdometr
 .text.NMI_Handler
                0x0000000000000e2a        0x2 ./User/ch32v20x_it.o
                0x0000000000000e2a                NMI_Handler
 .text.HardFault_Handler
                0x0000000000000e2c        0x2 ./User/ch32v20x_it.o
                0x0000000000000e2c                HardFault_Handler
 .text.SegPrint
                0x0000000000000e2e       0x5a ./User/dash_draw.o
 .text.xProcessTaskHandle
                0x0000000000000e88        0xa ./User/dash_draw.o
                0x0000000000000e88                xProcessTaskHandle
 .text.vSetErrorReg
                0x0000000000000e92        0xa ./User/dash_draw.o
                0x0000000000000e92                vSetErrorReg
 .text.getODValue
                0x0000000000000e9c      0x12e ./User/dash_draw.o
                0x0000000000000e9c                getODValue
 .text.IncMenuIndex
                0x0000000000000fca       0x80 ./User/dash_draw.o
                0x0000000000000fca                IncMenuIndex
 .text.GoToHome
                0x000000000000104a       0x12 ./User/dash_draw.o
                0x000000000000104a                GoToHome
 .text.SetCurMenuHome
                0x000000000000105c       0x1e ./User/dash_draw.o
                0x000000000000105c                SetCurMenuHome
 .text.GetCurMenuHome
                0x000000000000107a        0x6 ./User/dash_draw.o
                0x000000000000107a                GetCurMenuHome
 .text.SetCurrentMenu
                0x0000000000001080       0x12 ./User/dash_draw.o
                0x0000000000001080                SetCurrentMenu
 .text.SetDefault
                0x0000000000001092       0x28 ./User/dash_draw.o
                0x0000000000001092                SetDefault
 .text.MenuBackHomeCheck
                0x00000000000010ba       0x38 ./User/dash_draw.o
                0x00000000000010ba                MenuBackHomeCheck
 .text.CheckMenuChannel
                0x00000000000010f2       0x20 ./User/dash_draw.o
                0x00000000000010f2                CheckMenuChannel
 .text.vDashDrawInit
                0x0000000000001112       0x7e ./User/dash_draw.o
                0x0000000000001112                vDashDrawInit
 .text.vMenuBlink
                0x0000000000001190       0x4a ./User/dash_draw.o
                0x0000000000001190                vMenuBlink
 .text.SetErrorRegiter
                0x00000000000011da       0x5e ./User/dash_draw.o
                0x00000000000011da                SetErrorRegiter
 .text.uGetCurrMenu
                0x0000000000001238       0x26 ./User/dash_draw.o
                0x0000000000001238                uGetCurrMenu
 .text.vGetEdgeData
                0x000000000000125e       0x2a ./User/dash_draw.o
                0x000000000000125e                vGetEdgeData
 .text.checkLedState
                0x0000000000001288       0x3a ./User/dash_draw.o
 .text.vRGBMode
                0x00000000000012c2       0x72 ./User/dash_draw.o
                0x00000000000012c2                vRGBMode
 .text.vBarColorMode
                0x0000000000001334       0xc2 ./User/dash_draw.o
                0x0000000000001334                vBarColorMode
 .text.vBarWindowMode
                0x00000000000013f6       0x5a ./User/dash_draw.o
                0x00000000000013f6                vBarWindowMode
 .text.vBarMode
                0x0000000000001450       0x66 ./User/dash_draw.o
                0x0000000000001450                vBarMode
 .text.RedrawNotifyTaskToInit
                0x00000000000014b6       0x28 ./User/dash_draw.o
                0x00000000000014b6                RedrawNotifyTaskToInit
 .text.vRedrawTask
                0x00000000000014de      0x576 ./User/dash_draw.o
                0x00000000000014de                vRedrawTask
 .text.vInit_DeviceConfig
                0x0000000000001a54      0x176 ./User/init.o
                0x0000000000001a54                vInit_DeviceConfig
 .text.HardwareDeinit
                0x0000000000001bca       0x2a ./User/init.o
                0x0000000000001bca                HardwareDeinit
 .text.SoftwareReset
                0x0000000000001bf4       0x14 ./User/init.o
                0x0000000000001bf4                SoftwareReset
 .text.ADC1_Event
                0x0000000000001c08       0x48 ./User/inputs.o
                0x0000000000001c08                ADC1_Event
 .text.CaptureDMACallBack
                0x0000000000001c50       0x22 ./User/inputs.o
                0x0000000000001c50                CaptureDMACallBack
 .text.CaptureDMACallBack_1
                0x0000000000001c72       0x22 ./User/inputs.o
                0x0000000000001c72                CaptureDMACallBack_1
 .text.fDinStateCallback
                0x0000000000001c94       0x32 ./User/inputs.o
                0x0000000000001c94                fDinStateCallback
 .text.vSetDoutState
                0x0000000000001cc6       0x28 ./User/inputs.o
                0x0000000000001cc6                vSetDoutState
 .text.getInputsTaskHandle
                0x0000000000001cee        0xa ./User/inputs.o
                0x0000000000001cee                getInputsTaskHandle
 .text.InputsNotifyTaskToInit
                0x0000000000001cf8       0x28 ./User/inputs.o
                0x0000000000001cf8                InputsNotifyTaskToInit
 .text.ADC1_Init
                0x0000000000001d20       0x48 ./User/inputs.o
                0x0000000000001d20                ADC1_Init
 .text.ADC_FSM  0x0000000000001d68       0xfe ./User/inputs.o
                0x0000000000001d68                ADC_FSM
 .text.GetAIN   0x0000000000001e66        0xc ./User/inputs.o
                0x0000000000001e66                GetAIN
 .text.vInputsTask
                0x0000000000001e72      0x2e4 ./User/inputs.o
                0x0000000000001e72                vInputsTask
 .text.SPI1_DMA_Callback
                0x0000000000002156       0x2e ./User/led.o
                0x0000000000002156                SPI1_DMA_Callback
 .text.SPI2_DMA_Callback
                0x0000000000002184       0x2e ./User/led.o
                0x0000000000002184                SPI2_DMA_Callback
 .text.SetBarState
                0x00000000000021b2       0x50 ./User/led.o
                0x00000000000021b2                SetBarState
 .text.SetRGB   0x0000000000002202       0x4e ./User/led.o
                0x0000000000002202                SetRGB
 .text.SetSegDirect
                0x0000000000002250       0x9c ./User/led.o
                0x0000000000002250                SetSegDirect
 .text.SetSegPoint
                0x00000000000022ec       0x22 ./User/led.o
                0x00000000000022ec                SetSegPoint
 .text.SetSEG   0x000000000000230e      0x120 ./User/led.o
                0x000000000000230e                SetSEG
 .text.SetBigSeg
                0x000000000000242e       0x14 ./User/led.o
                0x000000000000242e                SetBigSeg
 .text.vSetBrigth
                0x0000000000002442       0x28 ./User/led.o
                0x0000000000002442                vSetBrigth
 .text.vLedDriverStart
                0x000000000000246a       0x4e ./User/led.o
                0x000000000000246a                vLedDriverStart
 .text.vLedProcess
                0x00000000000024b8       0x1e ./User/led.o
                0x00000000000024b8                vLedProcess
 .text.vRGBProcess
                0x00000000000024d6       0xe2 ./User/led.o
                0x00000000000024d6                vRGBProcess
 .text.startup.main
                0x00000000000025b8       0x1e ./User/main.o
                0x00000000000025b8                main
 .text.vRestartNode
                0x00000000000025d6        0x2 ./User/main.o
                0x00000000000025d6                vRestartNode
 .text.Error_Handler
                0x00000000000025d8        0x8 ./User/main.o
                0x00000000000025d8                Error_Handler
 .text.OD_writeRGBMAP
                0x00000000000025e0       0x30 ./User/process.o
 .text.OD_readRGBMAP
                0x0000000000002610       0x22 ./User/process.o
 .text.OD_readDIN
                0x0000000000002632       0x1c ./User/process.o
 .text.OD_writeMenuSetup
                0x000000000000264e       0x46 ./User/process.o
 .text.OD_writeBoardSettings
                0x0000000000002694       0x78 ./User/process.o
 .text.CO_getUint16
                0x000000000000270c       0x10 ./User/process.o
 .text.OD_writeSEG
                0x000000000000271c       0x44 ./User/process.o
 .text.OD_writeBAR
                0x0000000000002760       0x30 ./User/process.o
 .text.OD_writeRPMConfig
                0x0000000000002790       0x36 ./User/process.o
 .text.CO_getUint32
                0x00000000000027c6       0x18 ./User/process.o
 .text.OD_writeMenuMap
                0x00000000000027de       0x30 ./User/process.o
 .text.OD_writeV1_14
                0x000000000000280e       0x56 ./User/process.o
 .text.OD_writeDashParam
                0x0000000000002864       0x44 ./User/process.o
 .text.WriteRGB.isra.2
                0x00000000000028a8       0x3a ./User/process.o
 .text.OD_writeRGB1
                0x00000000000028e2       0x14 ./User/process.o
 .text.OD_writeRGB2
                0x00000000000028f6       0x16 ./User/process.o
 .text.OD_writeRGB3
                0x000000000000290c       0x16 ./User/process.o
 .text.OD_writeRGB4
                0x0000000000002922       0x16 ./User/process.o
 .text.OD_writeRGB5
                0x0000000000002938       0x16 ./User/process.o
 .text.OD_writeRGB6
                0x000000000000294e       0x16 ./User/process.o
 .text.OD_writeRGB7
                0x0000000000002964       0x16 ./User/process.o
 .text.OD_writeRGB8
                0x000000000000297a       0x16 ./User/process.o
 .text.OD_writeRGB9
                0x0000000000002990       0x16 ./User/process.o
 .text.OD_writeRGB10
                0x00000000000029a6       0x16 ./User/process.o
 .text.OD_writeRGB11
                0x00000000000029bc       0x16 ./User/process.o
 .text.OD_writeRGB12
                0x00000000000029d2       0x16 ./User/process.o
 .text.OD_writeRGB13
                0x00000000000029e8       0x16 ./User/process.o
 .text.OD_readBoardSettings
                0x00000000000029fe       0x2c ./User/process.o
 .text.readADC.isra.6
                0x0000000000002a2a       0x84 ./User/process.o
 .text.OD_readADC1
                0x0000000000002aae       0x10 ./User/process.o
 .text.OD_readADC2
                0x0000000000002abe       0x10 ./User/process.o
 .text.OD_readADC3
                0x0000000000002ace       0x10 ./User/process.o
 .text.OD_readMenuSetup
                0x0000000000002ade       0x30 ./User/process.o
 .text.writeADC.isra.9
                0x0000000000002b0e       0xde ./User/process.o
 .text.OD_writeADC1
                0x0000000000002bec       0x10 ./User/process.o
 .text.OD_writeADC2
                0x0000000000002bfc       0x10 ./User/process.o
 .text.OD_writeADC3
                0x0000000000002c0c       0x10 ./User/process.o
 .text.OD_readRGB.isra.5
                0x0000000000002c1c       0x22 ./User/process.o
 .text.OD_readRGB1
                0x0000000000002c3e       0x10 ./User/process.o
 .text.OD_readRGB2
                0x0000000000002c4e       0x12 ./User/process.o
 .text.OD_readRGB3
                0x0000000000002c60       0x12 ./User/process.o
 .text.OD_readRGB4
                0x0000000000002c72       0x12 ./User/process.o
 .text.OD_readRGB5
                0x0000000000002c84       0x12 ./User/process.o
 .text.OD_readRGB6
                0x0000000000002c96       0x12 ./User/process.o
 .text.OD_readRGB7
                0x0000000000002ca8       0x12 ./User/process.o
 .text.OD_readRGB8
                0x0000000000002cba       0x12 ./User/process.o
 .text.OD_readRGB9
                0x0000000000002ccc       0x12 ./User/process.o
 .text.OD_readRGB10
                0x0000000000002cde       0x12 ./User/process.o
 .text.OD_readRGB11
                0x0000000000002cf0       0x12 ./User/process.o
 .text.OD_readRGB12
                0x0000000000002d02       0x12 ./User/process.o
 .text.OD_readRGB13
                0x0000000000002d14       0x12 ./User/process.o
 .text.OD_readAIN_RPM
                0x0000000000002d26       0x26 ./User/process.o
 .text.OD_readMenuMap
                0x0000000000002d4c       0x2c ./User/process.o
 .text.OD_readRPMConfig
                0x0000000000002d78       0x2a ./User/process.o
 .text.OD_readBar
                0x0000000000002da2       0x28 ./User/process.o
 .text.OD_readDashParam
                0x0000000000002dca       0x4c ./User/process.o
 .text.OD_readSEG
                0x0000000000002e16       0x34 ./User/process.o
 .text.vProceesInit
                0x0000000000002e4a      0x1ba ./User/process.o
                0x0000000000002e4a                vProceesInit
 .text.SystemInit
                0x0000000000003004       0xee ./User/system_ch32v20x.o
                0x0000000000003004                SystemInit
 .text.SystemCoreClockUpdate
                0x00000000000030f2       0x92 ./User/system_ch32v20x.o
                0x00000000000030f2                SystemCoreClockUpdate
 .text.StartDefaultTask
                0x0000000000003184       0x86 ./User/system_init.o
 .text.vApplicationGetIdleTaskMemory
                0x000000000000320a       0x1c ./User/system_init.o
                0x000000000000320a                vApplicationGetIdleTaskMemory
 .text.vSystemStopProcess
                0x0000000000003226       0x1c ./User/system_init.o
                0x0000000000003226                vSystemStopProcess
 .text.vSYStaskInit
                0x0000000000003242      0x100 ./User/system_init.o
                0x0000000000003242                vSYStaskInit
 .text.vSYSqueueInit
                0x0000000000003342       0x2a ./User/system_init.o
                0x0000000000003342                vSYSqueueInit
 .text.vector_handler
                0x000000000000336c       0x6c ./Startup/startup_ch32v20x_D6.o
                0x0000000000003370                Ecall_M_Mode_Handler
                0x0000000000003372                Ecall_U_Mode_Handler
                0x0000000000003374                Break_Point_Handler
                0x000000000000337a                WWDG_IRQHandler
                0x000000000000337c                PVD_IRQHandler
                0x000000000000337e                TAMPER_IRQHandler
                0x0000000000003382                FLASH_IRQHandler
                0x0000000000003384                RCC_IRQHandler
                0x0000000000003386                EXTI0_IRQHandler
                0x0000000000003388                EXTI1_IRQHandler
                0x000000000000338a                EXTI2_IRQHandler
                0x000000000000338c                EXTI3_IRQHandler
                0x000000000000338e                EXTI4_IRQHandler
                0x0000000000003392                DMA1_Channel2_IRQHandler
                0x000000000000339a                DMA1_Channel6_IRQHandler
                0x000000000000339e                ADC1_2_IRQHandler
                0x00000000000033a8                EXTI9_5_IRQHandler
                0x00000000000033aa                TIM1_BRK_IRQHandler
                0x00000000000033ac                TIM1_UP_IRQHandler
                0x00000000000033ae                TIM1_TRG_COM_IRQHandler
                0x00000000000033b0                TIM1_CC_IRQHandler
                0x00000000000033b2                TIM2_IRQHandler
                0x00000000000033b4                TIM3_IRQHandler
                0x00000000000033bc                I2C2_EV_IRQHandler
                0x00000000000033be                I2C2_ER_IRQHandler
                0x00000000000033c0                SPI1_IRQHandler
                0x00000000000033c2                SPI2_IRQHandler
                0x00000000000033c4                USART1_IRQHandler
                0x00000000000033c6                USART2_IRQHandler
                0x00000000000033c8                USART3_IRQHandler
                0x00000000000033ca                EXTI15_10_IRQHandler
                0x00000000000033cc                RTCAlarm_IRQHandler
                0x00000000000033ce                USBWakeUp_IRQHandler
                0x00000000000033d0                USBHD_IRQHandler
                0x00000000000033d2                USBHDWakeUp_IRQHandler
                0x00000000000033d4                UART4_IRQHandler
                0x00000000000033d6                DMA1_Channel8_IRQHandler
 .text.handle_reset
                0x00000000000033d8       0x92 ./Startup/startup_ch32v20x_D6.o
                0x00000000000033d8                handle_reset
 .text.ADC_Cmd  0x000000000000346a       0x10 ./Peripheral/src/ch32v20x_adc.o
                0x000000000000346a                ADC_Cmd
 .text.ADC_GetResetCalibrationStatus
                0x000000000000347a        0x8 ./Peripheral/src/ch32v20x_adc.o
                0x000000000000347a                ADC_GetResetCalibrationStatus
 .text.ADC_GetCalibrationStatus
                0x0000000000003482        0x8 ./Peripheral/src/ch32v20x_adc.o
                0x0000000000003482                ADC_GetCalibrationStatus
 .text.Get_CalibrationValue
                0x000000000000348a      0x1fe ./Peripheral/src/ch32v20x_adc.o
                0x000000000000348a                Get_CalibrationValue
 .text.DMA_GetFlagStatus
                0x0000000000003688        0xe ./Peripheral/src/ch32v20x_dma.o
                0x0000000000003688                DMA_GetFlagStatus
 .text.DMA_GetITStatus
                0x0000000000003696        0xc ./Peripheral/src/ch32v20x_dma.o
                0x0000000000003696                DMA_GetITStatus
 .text.DMA_ClearITPendingBit
                0x00000000000036a2        0x8 ./Peripheral/src/ch32v20x_dma.o
                0x00000000000036a2                DMA_ClearITPendingBit
 .text.GPIO_PinRemapConfig
                0x00000000000036aa       0xf2 ./Peripheral/src/ch32v20x_gpio.o
                0x00000000000036aa                GPIO_PinRemapConfig
 .text.I2C_DualAddressCmd
                0x000000000000379c       0x18 ./Peripheral/src/ch32v20x_i2c.o
                0x000000000000379c                I2C_DualAddressCmd
 .text.I2C_ClearFlag
                0x00000000000037b4        0xc ./Peripheral/src/ch32v20x_i2c.o
                0x00000000000037b4                I2C_ClearFlag
 .text.RCC_LSEConfig
                0x00000000000037c0       0x28 ./Peripheral/src/ch32v20x_rcc.o
                0x00000000000037c0                RCC_LSEConfig
 .text.RCC_GetClocksFreq
                0x00000000000037e8       0xbe ./Peripheral/src/ch32v20x_rcc.o
                0x00000000000037e8                RCC_GetClocksFreq
 .text.RCC_GetFlagStatus
                0x00000000000038a6       0x2e ./Peripheral/src/ch32v20x_rcc.o
                0x00000000000038a6                RCC_GetFlagStatus
 .text.RTC_EnterConfigMode
                0x00000000000038d4       0x12 ./Peripheral/src/ch32v20x_rtc.o
                0x00000000000038d4                RTC_EnterConfigMode
 .text.RTC_ExitConfigMode
                0x00000000000038e6       0x18 ./Peripheral/src/ch32v20x_rtc.o
                0x00000000000038e6                RTC_ExitConfigMode
 .text.RTC_SetPrescaler
                0x00000000000038fe       0x2e ./Peripheral/src/ch32v20x_rtc.o
                0x00000000000038fe                RTC_SetPrescaler
 .text.RTC_WaitForLastTask
                0x000000000000392c       0x10 ./Peripheral/src/ch32v20x_rtc.o
                0x000000000000392c                RTC_WaitForLastTask
 .text.RTC_WaitForSynchro
                0x000000000000393c       0x24 ./Peripheral/src/ch32v20x_rtc.o
                0x000000000000393c                RTC_WaitForSynchro
 .text.TIM_OC1Init
                0x0000000000003960       0x6a ./Peripheral/src/ch32v20x_tim.o
                0x0000000000003960                TIM_OC1Init
 .text.TIM_OC2Init
                0x00000000000039ca       0x96 ./Peripheral/src/ch32v20x_tim.o
                0x00000000000039ca                TIM_OC2Init
 .text.TIM_OC3Init
                0x0000000000003a60       0x94 ./Peripheral/src/ch32v20x_tim.o
                0x0000000000003a60                TIM_OC3Init
 .text.TIM_OC4Init
                0x0000000000003af4       0x6c ./Peripheral/src/ch32v20x_tim.o
                0x0000000000003af4                TIM_OC4Init
 .text.TIM_OC1PreloadConfig
                0x0000000000003b60        0xe ./Peripheral/src/ch32v20x_tim.o
                0x0000000000003b60                TIM_OC1PreloadConfig
 .text.TIM_OC2PreloadConfig
                0x0000000000003b6e       0x16 ./Peripheral/src/ch32v20x_tim.o
                0x0000000000003b6e                TIM_OC2PreloadConfig
 .text.TIM_OC3PreloadConfig
                0x0000000000003b84        0xe ./Peripheral/src/ch32v20x_tim.o
                0x0000000000003b84                TIM_OC3PreloadConfig
 .text.TIM_OC4PreloadConfig
                0x0000000000003b92       0x16 ./Peripheral/src/ch32v20x_tim.o
                0x0000000000003b92                TIM_OC4PreloadConfig
 .text.TIM_GetITStatus
                0x0000000000003ba8       0x18 ./Peripheral/src/ch32v20x_tim.o
                0x0000000000003ba8                TIM_GetITStatus
 .text.USART_SendData
                0x0000000000003bc0        0x8 ./Peripheral/src/ch32v20x_usart.o
                0x0000000000003bc0                USART_SendData
 .text.USART_GetFlagStatus
                0x0000000000003bc8        0xa ./Peripheral/src/ch32v20x_usart.o
                0x0000000000003bc8                USART_GetFlagStatus
 .text.vAINInit
                0x0000000000003bd2       0x36 ./HWLIB/hw_lib_adc.o
                0x0000000000003bd2                vAINInit
 .text.fGetAinCalData
                0x0000000000003c08       0xa4 ./HWLIB/hw_lib_adc.o
                0x0000000000003c08                fGetAinCalData
 .text.eAinCalDataConfig
                0x0000000000003cac       0x48 ./HWLIB/hw_lib_adc.o
                0x0000000000003cac                eAinCalDataConfig
 .text.vABLineKoofFinde
                0x0000000000003cf4       0x6a ./HWLIB/hw_lib_adc.o
                0x0000000000003cf4                vABLineKoofFinde
 .text.eSetAinCalPoint
                0x0000000000003d5e       0x64 ./HWLIB/hw_lib_adc.o
                0x0000000000003d5e                eSetAinCalPoint
 .text.getADC1Buffer
                0x0000000000003dc2        0xa ./HWLIB/hw_lib_adc.o
                0x0000000000003dc2                getADC1Buffer
 .text.eDOUTConfigWtihStruct
                0x0000000000003dcc       0x1a ./HWLIB/hw_lib_din.o
                0x0000000000003dcc                eDOUTConfigWtihStruct
 .text.eDinConfigWtihStruct
                0x0000000000003de6       0x34 ./HWLIB/hw_lib_din.o
                0x0000000000003de6                eDinConfigWtihStruct
 .text.uGetDIN  0x0000000000003e1a       0x14 ./HWLIB/hw_lib_din.o
                0x0000000000003e1a                uGetDIN
 .text.eRPMConfig
                0x0000000000003e2e       0x56 ./HWLIB/hw_lib_din.o
                0x0000000000003e2e                eRPMConfig
 .text.RMPDataConvert
                0x0000000000003e84       0x78 ./HWLIB/hw_lib_din.o
                0x0000000000003e84                RMPDataConvert
 .text.getCaputreBuffer
                0x0000000000003efc       0x16 ./HWLIB/hw_lib_din.o
                0x0000000000003efc                getCaputreBuffer
 .text.GetRPM   0x0000000000003f12       0x74 ./HWLIB/hw_lib_din.o
                0x0000000000003f12                GetRPM
 .text.xGetRPM  0x0000000000003f86       0x72 ./HWLIB/hw_lib_din.o
                0x0000000000003f86                xGetRPM
 .text.vDinDoutProcess
                0x0000000000003ff8       0x98 ./HWLIB/hw_lib_din.o
                0x0000000000003ff8                vDinDoutProcess
 .text.xGetEEPROM
                0x0000000000004090        0xa ./HWLIB/hw_lib_eeprom.o
                0x0000000000004090                xGetEEPROM
 .text.eEEPROMWrFast
                0x000000000000409a       0x80 ./HWLIB/hw_lib_eeprom.o
                0x000000000000409a                eEEPROMWrFast
 .text.eEEPROMWr
                0x000000000000411a       0x92 ./HWLIB/hw_lib_eeprom.o
                0x000000000000411a                eEEPROMWr
 .text.eEEPROMRd
                0x00000000000041ac       0x34 ./HWLIB/hw_lib_eeprom.o
                0x00000000000041ac                eEEPROMRd
 .text.bReadEEPROM
                0x00000000000041e0       0x1a ./HWLIB/hw_lib_eeprom.o
                0x00000000000041e0                bReadEEPROM
 .text.Get_ConversionVal
                0x00000000000041fa       0x2e ./HAL/hal_adc_ch32.o
                0x00000000000041fa                Get_ConversionVal
 .text.HAL_ADC_RegularChannelConfig
                0x0000000000004228       0x46 ./HAL/hal_adc_ch32.o
                0x0000000000004228                HAL_ADC_RegularChannelConfig
 .text.HAL_ADC_ContiniusScanCinvertionDMA
                0x000000000000426e       0xce ./HAL/hal_adc_ch32.o
                0x000000000000426e                HAL_ADC_ContiniusScanCinvertionDMA
 .text.HAL_ADC_StartDMA
                0x000000000000433c       0x42 ./HAL/hal_adc_ch32.o
                0x000000000000433c                HAL_ADC_StartDMA
 .text.HAL_CANSetTXCallback
                0x000000000000437e        0xa ./HAL/hal_can_ch32.o
                0x000000000000437e                HAL_CANSetTXCallback
 .text.HAL_CANSetRXCallback
                0x0000000000004388        0xa ./HAL/hal_can_ch32.o
                0x0000000000004388                HAL_CANSetRXCallback
 .text.HAL_CANSetERRCallback
                0x0000000000004392        0xa ./HAL/hal_can_ch32.o
                0x0000000000004392                HAL_CANSetERRCallback
 .text.HAL_CANIntIT
                0x000000000000439c      0x122 ./HAL/hal_can_ch32.o
                0x000000000000439c                HAL_CANIntIT
 .text.HAL_CANToInitMode
                0x00000000000044be       0x30 ./HAL/hal_can_ch32.o
                0x00000000000044be                HAL_CANToInitMode
 .text.HAL_CANToOperatingMode
                0x00000000000044ee       0x26 ./HAL/hal_can_ch32.o
                0x00000000000044ee                HAL_CANToOperatingMode
 .text.HAL_CANSend
                0x0000000000004514       0xae ./HAL/hal_can_ch32.o
                0x0000000000004514                HAL_CANSend
 .text.HAL_CANSetFiters
                0x00000000000045c2       0xc4 ./HAL/hal_can_ch32.o
                0x00000000000045c2                HAL_CANSetFiters
 .text.HAL_CANGetRXMessage
                0x0000000000004686       0xb0 ./HAL/hal_can_ch32.o
                0x0000000000004686                HAL_CANGetRXMessage
 .text.USB_HP_CAN1_TX_IRQHandler
                0x0000000000004736       0x60 ./HAL/hal_can_ch32.o
                0x0000000000004736                USB_HP_CAN1_TX_IRQHandler
 .text.USB_LP_CAN1_RX0_IRQHandler
                0x0000000000004796       0x5e ./HAL/hal_can_ch32.o
                0x0000000000004796                USB_LP_CAN1_RX0_IRQHandler
 .text.CAN1_RX1_IRQHandler
                0x00000000000047f4       0x5e ./HAL/hal_can_ch32.o
                0x00000000000047f4                CAN1_RX1_IRQHandler
 .text.CAN1_SCE_IRQHandler
                0x0000000000004852       0x5c ./HAL/hal_can_ch32.o
                0x0000000000004852                CAN1_SCE_IRQHandler
 .text.DMA_IRQ  0x00000000000048ae       0x3a ./HAL/hal_dma_ch32.o
 .text.HAL_DMA_Enable
                0x00000000000048e8       0x18 ./HAL/hal_dma_ch32.o
                0x00000000000048e8                HAL_DMA_Enable
 .text.HAL_DMA_Disable
                0x0000000000004900       0x1a ./HAL/hal_dma_ch32.o
                0x0000000000004900                HAL_DMA_Disable
 .text.HAL_DMAInitIT
                0x000000000000491a       0xa0 ./HAL/hal_dma_ch32.o
                0x000000000000491a                HAL_DMAInitIT
 .text.HAL_DMA_SetCounter
                0x00000000000049ba       0x12 ./HAL/hal_dma_ch32.o
                0x00000000000049ba                HAL_DMA_SetCounter
 .text.HAL_DMA_ITENABLE
                0x00000000000049cc       0x16 ./HAL/hal_dma_ch32.o
                0x00000000000049cc                HAL_DMA_ITENABLE
 .text.HAL_DMA_SetCouterAndEnable
                0x00000000000049e2       0x1a ./HAL/hal_dma_ch32.o
                0x00000000000049e2                HAL_DMA_SetCouterAndEnable
 .text.DMA1_Channel1_IRQHandler
                0x00000000000049fc       0x4e ./HAL/hal_dma_ch32.o
                0x00000000000049fc                DMA1_Channel1_IRQHandler
 .text.DMA1_Channel3_IRQHandler
                0x0000000000004a4a       0x4e ./HAL/hal_dma_ch32.o
                0x0000000000004a4a                DMA1_Channel3_IRQHandler
 .text.DMA1_Channel4_IRQHandler
                0x0000000000004a98       0x4e ./HAL/hal_dma_ch32.o
                0x0000000000004a98                DMA1_Channel4_IRQHandler
 .text.DMA1_Channel5_IRQHandler
                0x0000000000004ae6       0x4e ./HAL/hal_dma_ch32.o
                0x0000000000004ae6                DMA1_Channel5_IRQHandler
 .text.DMA1_Channel7_IRQHandler
                0x0000000000004b34       0x4e ./HAL/hal_dma_ch32.o
                0x0000000000004b34                DMA1_Channel7_IRQHandler
 .text.HAL_InitGPIO
                0x0000000000004b82       0xd2 ./HAL/hal_gpio_ch32.o
                0x0000000000004b82                HAL_InitGPIO
 .text.HAL_InitGpioOut
                0x0000000000004c54       0x10 ./HAL/hal_gpio_ch32.o
                0x0000000000004c54                HAL_InitGpioOut
 .text.HAL_InitGpioAIN
                0x0000000000004c64       0x10 ./HAL/hal_gpio_ch32.o
                0x0000000000004c64                HAL_InitGpioAIN
 .text.HAL_InitGpioIn
                0x0000000000004c74       0x10 ./HAL/hal_gpio_ch32.o
                0x0000000000004c74                HAL_InitGpioIn
 .text.HAL_InitGpioAF
                0x0000000000004c84       0x34 ./HAL/hal_gpio_ch32.o
                0x0000000000004c84                HAL_InitGpioAF
 .text.HAL_GetBit
                0x0000000000004cb8        0xa ./HAL/hal_gpio_ch32.o
                0x0000000000004cb8                HAL_GetBit
 .text.HAL_SetBit
                0x0000000000004cc2        0x4 ./HAL/hal_gpio_ch32.o
                0x0000000000004cc2                HAL_SetBit
 .text.HAL_ResetBit
                0x0000000000004cc6        0x4 ./HAL/hal_gpio_ch32.o
                0x0000000000004cc6                HAL_ResetBit
 .text.HAL_InitGPO
                0x0000000000004cca       0x14 ./HAL/hal_gpio_ch32.o
                0x0000000000004cca                HAL_InitGPO
 .text.EEPROM_I2C_ENABLE
                0x0000000000004cde       0x14 ./HAL/hal_i2c_ch32.o
 .text.EEPROM_I2C_STOP
                0x0000000000004cf2       0x14 ./HAL/hal_i2c_ch32.o
 .text.EEPROM_I2C_START
                0x0000000000004d06       0x14 ./HAL/hal_i2c_ch32.o
 .text.EEPROM_I2C_SEND
                0x0000000000004d1a        0xe ./HAL/hal_i2c_ch32.o
 .text.I2C_Master_ReviceIT
                0x0000000000004d28       0x96 ./HAL/hal_i2c_ch32.o
 .text.I2C_Master_TransmitIT
                0x0000000000004dbe       0x88 ./HAL/hal_i2c_ch32.o
 .text.I2C_Master_TransmitFast
                0x0000000000004e46       0x98 ./HAL/hal_i2c_ch32.o
 .text.I2C_FSM  0x0000000000004ede      0x18e ./HAL/hal_i2c_ch32.o
 .text.InitI2CDMA
                0x000000000000506c       0xfc ./HAL/hal_i2c_ch32.o
                0x000000000000506c                InitI2CDMA
 .text.I2C1_EV_IRQHandler
                0x0000000000005168       0x4c ./HAL/hal_i2c_ch32.o
                0x0000000000005168                I2C1_EV_IRQHandler
 .text.I2C1_ER_IRQHandler
                0x00000000000051b4       0x4c ./HAL/hal_i2c_ch32.o
                0x00000000000051b4                I2C1_ER_IRQHandler
 .text.HAL_InitAPB1
                0x0000000000005200       0x1c ./HAL/hal_irq.o
                0x0000000000005200                HAL_InitAPB1
 .text.HAL_InitAPB2
                0x000000000000521c       0x1c ./HAL/hal_irq.o
                0x000000000000521c                HAL_InitAPB2
 .text.PFIC_IRQ_ENABLE_PG1
                0x0000000000005238       0x34 ./HAL/hal_irq.o
                0x0000000000005238                PFIC_IRQ_ENABLE_PG1
 .text.HAL_RTC_IT_Init
                0x000000000000526c       0xba ./HAL/hal_rtc_ch32.o
                0x000000000000526c                HAL_RTC_IT_Init
 .text.RTC_IRQHandler
                0x0000000000005326       0x78 ./HAL/hal_rtc_ch32.o
                0x0000000000005326                RTC_IRQHandler
 .text.HAL_SPI_InitDMA
                0x000000000000539e       0x50 ./HAL/hal_spi_ch32.o
                0x000000000000539e                HAL_SPI_InitDMA
 .text.HAL_SPI_RXOveleyClear
                0x00000000000053ee       0x12 ./HAL/hal_spi_ch32.o
                0x00000000000053ee                HAL_SPI_RXOveleyClear
 .text.HAL_SPI_GetBusy
                0x0000000000005400       0x10 ./HAL/hal_spi_ch32.o
                0x0000000000005400                HAL_SPI_GetBusy
 .text.TIM4_IRQHandler
                0x0000000000005410       0x70 ./HAL/hal_timers_ch32.o
                0x0000000000005410                TIM4_IRQHandler
 .text.HAL_TiemrEneblae
                0x0000000000005480       0x16 ./HAL/hal_timers_ch32.o
                0x0000000000005480                HAL_TiemrEneblae
 .text.HAL_TiemrDisable
                0x0000000000005496       0x1c ./HAL/hal_timers_ch32.o
                0x0000000000005496                HAL_TiemrDisable
 .text.HW_TIMER_BaseTimerInit
                0x00000000000054b2       0x54 ./HAL/hal_timers_ch32.o
                0x00000000000054b2                HW_TIMER_BaseTimerInit
 .text.HAL_TIMER_InitIt
                0x0000000000005506       0x60 ./HAL/hal_timers_ch32.o
                0x0000000000005506                HAL_TIMER_InitIt
 .text.HAL_TIMER_PWMTimersInit
                0x0000000000005566       0xc2 ./HAL/hal_timers_ch32.o
                0x0000000000005566                HAL_TIMER_PWMTimersInit
 .text.HAL_TimeInitCaptureDMA
                0x0000000000005628       0xec ./HAL/hal_timers_ch32.o
                0x0000000000005628                HAL_TimeInitCaptureDMA
 .text.HAL_TIMER_SetPWMPulse
                0x0000000000005714       0x88 ./HAL/hal_timers_ch32.o
                0x0000000000005714                HAL_TIMER_SetPWMPulse
 .text.HAL_TIMER_EnablePWMCH
                0x000000000000579c       0x1a ./HAL/hal_timers_ch32.o
                0x000000000000579c                HAL_TIMER_EnablePWMCH
 .text.HAL_WDTReset
                0x00000000000057b6        0xe ./HAL/hal_wdt_ch32.o
                0x00000000000057b6                HAL_WDTReset
 .text.HAL_WDT_Init1s
                0x00000000000057c4       0x28 ./HAL/hal_wdt_ch32.o
                0x00000000000057c4                HAL_WDT_Init1s
 .text.prvInsertBlockIntoFreeList
                0x00000000000057ec       0x48 ./FreeRTOS/portable/MemMang/heap_4.o
 .text.pvPortMalloc
                0x0000000000005834      0x182 ./FreeRTOS/portable/MemMang/heap_4.o
                0x0000000000005834                pvPortMalloc
 .text.vPortSetupTimerInterrupt
                0x00000000000059b6       0x3e ./FreeRTOS/portable/GCC/RISC-V/port.o
                0x00000000000059b6                vPortSetupTimerInterrupt
 .text.xPortStartScheduler
                0x00000000000059f4       0x90 ./FreeRTOS/portable/GCC/RISC-V/port.o
                0x00000000000059f4                xPortStartScheduler
 .text.SysTick_Handler
                0x0000000000005a84       0x7c ./FreeRTOS/portable/GCC/RISC-V/port.o
                0x0000000000005a84                SysTick_Handler
 .text.vPortEnterCritical
                0x0000000000005b00       0x16 ./FreeRTOS/portable/GCC/RISC-V/port.o
                0x0000000000005b00                vPortEnterCritical
 .text.vPortExitCritical
                0x0000000000005b16       0x42 ./FreeRTOS/portable/GCC/RISC-V/port.o
                0x0000000000005b16                vPortExitCritical
 .text.xPortSetInterruptMask
                0x0000000000005b58        0xc ./FreeRTOS/portable/GCC/RISC-V/port.o
                0x0000000000005b58                xPortSetInterruptMask
 .text.vPortClearInterruptMask
                0x0000000000005b64        0x6 ./FreeRTOS/portable/GCC/RISC-V/port.o
                0x0000000000005b64                vPortClearInterruptMask
 .text.vListInitialise
                0x0000000000005b6a       0x14 ./FreeRTOS/list.o
                0x0000000000005b6a                vListInitialise
 .text.vListInitialiseItem
                0x0000000000005b7e        0x6 ./FreeRTOS/list.o
                0x0000000000005b7e                vListInitialiseItem
 .text.vListInsertEnd
                0x0000000000005b84       0x18 ./FreeRTOS/list.o
                0x0000000000005b84                vListInsertEnd
 .text.vListInsert
                0x0000000000005b9c       0x2e ./FreeRTOS/list.o
                0x0000000000005b9c                vListInsert
 .text.uxListRemove
                0x0000000000005bca       0x20 ./FreeRTOS/list.o
                0x0000000000005bca                uxListRemove
 .text.prvIsQueueEmpty
                0x0000000000005bea       0x1e ./FreeRTOS/queue.o
 .text.prvCopyDataToQueue
                0x0000000000005c08       0x72 ./FreeRTOS/queue.o
 .text.prvCopyDataFromQueue
                0x0000000000005c7a       0x28 ./FreeRTOS/queue.o
 .text.prvUnlockQueue
                0x0000000000005ca2       0x76 ./FreeRTOS/queue.o
 .text.xQueueGenericReset
                0x0000000000005d18       0xc4 ./FreeRTOS/queue.o
                0x0000000000005d18                xQueueGenericReset
 .text.xQueueGenericCreateStatic
                0x0000000000005ddc       0xae ./FreeRTOS/queue.o
                0x0000000000005ddc                xQueueGenericCreateStatic
 .text.xQueueGenericCreate
                0x0000000000005e8a       0x72 ./FreeRTOS/queue.o
                0x0000000000005e8a                xQueueGenericCreate
 .text.xQueueGenericSend
                0x0000000000005efc      0x178 ./FreeRTOS/queue.o
                0x0000000000005efc                xQueueGenericSend
 .text.xQueueGiveMutexRecursive
                0x0000000000006074       0x56 ./FreeRTOS/queue.o
                0x0000000000006074                xQueueGiveMutexRecursive
 .text.xQueueCreateMutex
                0x00000000000060ca       0x2e ./FreeRTOS/queue.o
                0x00000000000060ca                xQueueCreateMutex
 .text.xQueueReceive
                0x00000000000060f8      0x138 ./FreeRTOS/queue.o
                0x00000000000060f8                xQueueReceive
 .text.xQueueSemaphoreTake
                0x0000000000006230      0x18e ./FreeRTOS/queue.o
                0x0000000000006230                xQueueSemaphoreTake
 .text.xQueueTakeMutexRecursive
                0x00000000000063be       0x5a ./FreeRTOS/queue.o
                0x00000000000063be                xQueueTakeMutexRecursive
 .text.uxQueueMessagesWaiting
                0x0000000000006418       0x44 ./FreeRTOS/queue.o
                0x0000000000006418                uxQueueMessagesWaiting
 .text.prvIdleTask
                0x000000000000645c        0x2 ./FreeRTOS/tasks.o
 .text.prvAddNewTaskToReadyList
                0x000000000000645e       0xf6 ./FreeRTOS/tasks.o
 .text.prvResetNextTaskUnblockTime
                0x0000000000006554       0x1c ./FreeRTOS/tasks.o
 .text.prvTaskIsTaskSuspended
                0x0000000000006570       0x50 ./FreeRTOS/tasks.o
 .text.prvInitialiseNewTask.isra.2
                0x00000000000065c0       0xc8 ./FreeRTOS/tasks.o
 .text.prvAddCurrentTaskToDelayedList
                0x0000000000006688       0x98 ./FreeRTOS/tasks.o
 .text.xTaskCreateStatic
                0x0000000000006720       0xa6 ./FreeRTOS/tasks.o
                0x0000000000006720                xTaskCreateStatic
 .text.vTaskResume
                0x00000000000067c6       0xa2 ./FreeRTOS/tasks.o
                0x00000000000067c6                vTaskResume
 .text.vTaskStartScheduler
                0x0000000000006868       0x5c ./FreeRTOS/tasks.o
                0x0000000000006868                vTaskStartScheduler
 .text.vTaskSuspendAll
                0x00000000000068c4        0xc ./FreeRTOS/tasks.o
                0x00000000000068c4                vTaskSuspendAll
 .text.xTaskGetTickCount
                0x00000000000068d0        0x6 ./FreeRTOS/tasks.o
                0x00000000000068d0                xTaskGetTickCount
 .text.xTaskIncrementTick
                0x00000000000068d6      0x180 ./FreeRTOS/tasks.o
                0x00000000000068d6                xTaskIncrementTick
 .text.xTaskResumeAll
                0x0000000000006a56      0x148 ./FreeRTOS/tasks.o
                0x0000000000006a56                xTaskResumeAll
 .text.vTaskDelay
                0x0000000000006b9e       0x62 ./FreeRTOS/tasks.o
                0x0000000000006b9e                vTaskDelay
 .text.vTaskSwitchContext
                0x0000000000006c00       0x8a ./FreeRTOS/tasks.o
                0x0000000000006c00                vTaskSwitchContext
 .text.vTaskSuspend
                0x0000000000006c8a       0xde ./FreeRTOS/tasks.o
                0x0000000000006c8a                vTaskSuspend
 .text.vTaskPlaceOnEventList
                0x0000000000006d68       0x44 ./FreeRTOS/tasks.o
                0x0000000000006d68                vTaskPlaceOnEventList
 .text.xTaskRemoveFromEventList
                0x0000000000006dac       0xdc ./FreeRTOS/tasks.o
                0x0000000000006dac                xTaskRemoveFromEventList
 .text.vTaskInternalSetTimeOutState
                0x0000000000006e88        0xe ./FreeRTOS/tasks.o
                0x0000000000006e88                vTaskInternalSetTimeOutState
 .text.xTaskCheckForTimeOut
                0x0000000000006e96       0xaa ./FreeRTOS/tasks.o
                0x0000000000006e96                xTaskCheckForTimeOut
 .text.vTaskMissedYield
                0x0000000000006f40        0x8 ./FreeRTOS/tasks.o
                0x0000000000006f40                vTaskMissedYield
 .text.xTaskGetCurrentTaskHandle
                0x0000000000006f48        0x6 ./FreeRTOS/tasks.o
                0x0000000000006f48                xTaskGetCurrentTaskHandle
 .text.xTaskPriorityInherit
                0x0000000000006f4e       0xa6 ./FreeRTOS/tasks.o
                0x0000000000006f4e                xTaskPriorityInherit
 .text.xTaskPriorityDisinherit
                0x0000000000006ff4       0xc2 ./FreeRTOS/tasks.o
                0x0000000000006ff4                xTaskPriorityDisinherit
 .text.vTaskPriorityDisinheritAfterTimeout
                0x00000000000070b6       0xde ./FreeRTOS/tasks.o
                0x00000000000070b6                vTaskPriorityDisinheritAfterTimeout
 .text.pvTaskIncrementMutexHeldCount
                0x0000000000007194       0x18 ./FreeRTOS/tasks.o
                0x0000000000007194                pvTaskIncrementMutexHeldCount
 .text.ulTaskGenericNotifyTake
                0x00000000000071ac       0xb4 ./FreeRTOS/tasks.o
                0x00000000000071ac                ulTaskGenericNotifyTake
 .text.xTaskGenericNotifyWait
                0x0000000000007260       0xe2 ./FreeRTOS/tasks.o
                0x0000000000007260                xTaskGenericNotifyWait
 .text.xTaskGenericNotify
                0x0000000000007342      0x1a8 ./FreeRTOS/tasks.o
                0x0000000000007342                xTaskGenericNotify
 .text.xTaskGenericNotifyFromISR
                0x00000000000074ea      0x1e0 ./FreeRTOS/tasks.o
                0x00000000000074ea                xTaskGenericNotifyFromISR
 .text.ulTaskGenericNotifyValueClear
                0x00000000000076ca       0x3a ./FreeRTOS/tasks.o
                0x00000000000076ca                ulTaskGenericNotifyValueClear
 .text.vRCFilter
                0x0000000000007704       0x30 ./Drivers/filters.o
                0x0000000000007704                vRCFilter
 .text.vInitABFilter
                0x0000000000007734       0x22 ./Drivers/filters.o
                0x0000000000007734                vInitABFilter
 .text.vInitRunAverga
                0x0000000000007756        0x8 ./Drivers/filters.o
                0x0000000000007756                vInitRunAverga
 .text.vInitMedianFilter
                0x000000000000775e       0x12 ./Drivers/filters.o
                0x000000000000775e                vInitMedianFilter
 .text.MedianFilter
                0x0000000000007770       0x6e ./Drivers/filters.o
                0x0000000000007770                MedianFilter
 .text.Delay_Init
                0x00000000000077de       0x2a ./Debug/debug.o
                0x00000000000077de                Delay_Init
 .text.Delay_Ms
                0x0000000000007808       0x36 ./Debug/debug.o
                0x0000000000007808                Delay_Ms
 .text._write   0x000000000000783e       0x3e ./Debug/debug.o
                0x000000000000783e                _write
 .text._sbrk    0x000000000000787c       0x2a ./Debug/debug.o
                0x000000000000787c                _sbrk
 .text.prv_read_can_received_msg
                0x00000000000078a6       0x50 ./CANopenNode/keypad/CO_driver_ST32F103.o
                0x00000000000078a6                prv_read_can_received_msg
 .text.prv_send_can_message.isra.0
                0x00000000000078f6       0x2c ./CANopenNode/keypad/CO_driver_ST32F103.o
 .text.CAN_SendMessage
                0x0000000000007922       0x66 ./CANopenNode/keypad/CO_driver_ST32F103.o
                0x0000000000007922                CAN_SendMessage
 .text.co_drv_create_os_objects
                0x0000000000007988       0x30 ./CANopenNode/keypad/CO_driver_ST32F103.o
                0x0000000000007988                co_drv_create_os_objects
 .text.co_drv_mutex_lock
                0x00000000000079b8       0x18 ./CANopenNode/keypad/CO_driver_ST32F103.o
                0x00000000000079b8                co_drv_mutex_lock
 .text.co_drv_mutex_unlock
                0x00000000000079d0       0x16 ./CANopenNode/keypad/CO_driver_ST32F103.o
                0x00000000000079d0                co_drv_mutex_unlock
 .text.CO_CANsetConfigurationMode
                0x00000000000079e6       0x10 ./CANopenNode/keypad/CO_driver_ST32F103.o
                0x00000000000079e6                CO_CANsetConfigurationMode
 .text.CO_CANsetNormalMode
                0x00000000000079f6       0x1c ./CANopenNode/keypad/CO_driver_ST32F103.o
                0x00000000000079f6                CO_CANsetNormalMode
 .text.CO_CANmodule_init
                0x0000000000007a12      0x110 ./CANopenNode/keypad/CO_driver_ST32F103.o
                0x0000000000007a12                CO_CANmodule_init
 .text.CO_CANmodule_disable
                0x0000000000007b22       0x14 ./CANopenNode/keypad/CO_driver_ST32F103.o
                0x0000000000007b22                CO_CANmodule_disable
 .text.CO_CANrxBufferInit
                0x0000000000007b36       0x52 ./CANopenNode/keypad/CO_driver_ST32F103.o
                0x0000000000007b36                CO_CANrxBufferInit
 .text.CO_CANtxBufferInit
                0x0000000000007b88       0x3a ./CANopenNode/keypad/CO_driver_ST32F103.o
                0x0000000000007b88                CO_CANtxBufferInit
 .text.CO_CANmodule_process
                0x0000000000007bc2       0x12 ./CANopenNode/keypad/CO_driver_ST32F103.o
                0x0000000000007bc2                CO_CANmodule_process
 .text.CO_CANsend
                0x0000000000007bd4       0x46 ./CANopenNode/keypad/CO_driver_ST32F103.o
                0x0000000000007bd4                CO_CANsend
 .text.CO_LSSslave_receive
                0x0000000000007c1a      0x1a8 ./CANopenNode/305/CO_LSSslave.o
 .text.CO_LSSslave_init
                0x0000000000007dc2       0xa4 ./CANopenNode/305/CO_LSSslave.o
                0x0000000000007dc2                CO_LSSslave_init
 .text.CO_LSSslave_process
                0x0000000000007e66      0x1a2 ./CANopenNode/305/CO_LSSslave.o
                0x0000000000007e66                CO_LSSslave_process
 .text.OD_write_1003
                0x0000000000008008       0x28 ./CANopenNode/301/CO_Emergency.o
 .text.OD_read_1003
                0x0000000000008030       0x8c ./CANopenNode/301/CO_Emergency.o
 .text.OD_read_1014_default
                0x00000000000080bc       0x50 ./CANopenNode/301/CO_Emergency.o
 .text.CO_EM_init
                0x000000000000810c      0x112 ./CANopenNode/301/CO_Emergency.o
                0x000000000000810c                CO_EM_init
 .text.CO_error
                0x000000000000821e       0xc4 ./CANopenNode/301/CO_Emergency.o
                0x000000000000821e                CO_error
 .text.CO_EM_process
                0x00000000000082e2      0x182 ./CANopenNode/301/CO_Emergency.o
                0x00000000000082e2                CO_EM_process
 .text.CO_NMT_receive
                0x0000000000008464       0x18 ./CANopenNode/301/CO_NMT_Heartbeat.o
 .text.OD_write_1017
                0x000000000000847c       0x48 ./CANopenNode/301/CO_NMT_Heartbeat.o
 .text.CO_NMT_init
                0x00000000000084c4       0xec ./CANopenNode/301/CO_NMT_Heartbeat.o
                0x00000000000084c4                CO_NMT_init
 .text.CO_NMT_process
                0x00000000000085b0      0x106 ./CANopenNode/301/CO_NMT_Heartbeat.o
                0x00000000000085b0                CO_NMT_process
 .text.OD_readDisabled
                0x00000000000086b6        0x4 ./CANopenNode/301/CO_ODinterface.o
 .text.OD_readOriginal
                0x00000000000086ba       0x50 ./CANopenNode/301/CO_ODinterface.o
                0x00000000000086ba                OD_readOriginal
 .text.OD_writeOriginal
                0x000000000000870a       0x54 ./CANopenNode/301/CO_ODinterface.o
                0x000000000000870a                OD_writeOriginal
 .text.OD_writeDisabled
                0x000000000000875e        0x4 ./CANopenNode/301/CO_ODinterface.o
 .text.OD_find  0x0000000000008762       0x70 ./CANopenNode/301/CO_ODinterface.o
                0x0000000000008762                OD_find
 .text.OD_getSub
                0x00000000000087d2       0xf6 ./CANopenNode/301/CO_ODinterface.o
                0x00000000000087d2                OD_getSub
 .text.OD_getSDOabCode
                0x00000000000088c8       0x20 ./CANopenNode/301/CO_ODinterface.o
                0x00000000000088c8                OD_getSDOabCode
 .text.OD_get_value
                0x00000000000088e8       0x34 ./CANopenNode/301/CO_ODinterface.o
                0x00000000000088e8                OD_get_value
 .text.OD_set_value
                0x000000000000891c       0x2e ./CANopenNode/301/CO_ODinterface.o
                0x000000000000891c                OD_set_value
 .text.OD_getPtr
                0x000000000000894a       0x3c ./CANopenNode/301/CO_ODinterface.o
                0x000000000000894a                OD_getPtr
 .text.OD_write_dummy
                0x0000000000008986        0x8 ./CANopenNode/301/CO_PDO.o
 .text.OD_read_dummy
                0x000000000000898e       0x2e ./CANopenNode/301/CO_PDO.o
 .text.PDOconfigMap
                0x00000000000089bc      0x100 ./CANopenNode/301/CO_PDO.o
 .text.CO_PDO_receive
                0x0000000000008abc       0x48 ./CANopenNode/301/CO_PDO.o
 .text.OD_read_PDO_commParam
                0x0000000000008b04       0x70 ./CANopenNode/301/CO_PDO.o
 .text.PDO_initMapping.constprop.3
                0x0000000000008b74       0xe6 ./CANopenNode/301/CO_PDO.o
 .text.OD_write_PDO_mapping
                0x0000000000008c5a       0xb4 ./CANopenNode/301/CO_PDO.o
 .text.OD_write_18xx
                0x0000000000008d0e      0x184 ./CANopenNode/301/CO_PDO.o
 .text.OD_write_14xx
                0x0000000000008e92      0x15a ./CANopenNode/301/CO_PDO.o
 .text.CO_RPDO_init
                0x0000000000008fec      0x172 ./CANopenNode/301/CO_PDO.o
                0x0000000000008fec                CO_RPDO_init
 .text.CO_RPDO_process
                0x000000000000915e      0x114 ./CANopenNode/301/CO_PDO.o
                0x000000000000915e                CO_RPDO_process
 .text.CO_TPDO_init
                0x0000000000009272      0x1d2 ./CANopenNode/301/CO_PDO.o
                0x0000000000009272                CO_TPDO_init
 .text.CO_TPDO_process
                0x0000000000009444      0x15e ./CANopenNode/301/CO_PDO.o
                0x0000000000009444                CO_TPDO_process
 .text.CO_SDOserver_init_canRxTx
                0x00000000000095a2       0x82 ./CANopenNode/301/CO_SDOserver.o
 .text.CO_SDO_receive
                0x0000000000009624       0x38 ./CANopenNode/301/CO_SDOserver.o
 .text.readFromOd.isra.1.constprop.5
                0x000000000000965c       0xe2 ./CANopenNode/301/CO_SDOserver.o
 .text.OD_write_1201_additional
                0x000000000000973e      0x158 ./CANopenNode/301/CO_SDOserver.o
 .text.CO_SDOserver_init
                0x0000000000009896      0x172 ./CANopenNode/301/CO_SDOserver.o
                0x0000000000009896                CO_SDOserver_init
 .text.CO_SDOserver_process
                0x0000000000009a08      0x5e8 ./CANopenNode/301/CO_SDOserver.o
                0x0000000000009a08                CO_SDOserver_process
 .text.CO_delete
                0x0000000000009ff0       0x56 ./CANopenNode/CANopen.o
                0x0000000000009ff0                CO_delete
 .text.CO_new   0x000000000000a046      0x102 ./CANopenNode/CANopen.o
                0x000000000000a046                CO_new
 .text.CO_CANinit
                0x000000000000a148       0x36 ./CANopenNode/CANopen.o
                0x000000000000a148                CO_CANinit
 .text.CO_LSSinit
                0x000000000000a17e       0x32 ./CANopenNode/CANopen.o
                0x000000000000a17e                CO_LSSinit
 .text.CO_CANopenInit
                0x000000000000a1b0       0xb8 ./CANopenNode/CANopen.o
                0x000000000000a1b0                CO_CANopenInit
 .text.CO_CANopenInitPDO
                0x000000000000a268       0xea ./CANopenNode/CANopen.o
                0x000000000000a268                CO_CANopenInitPDO
 .text.CO_process
                0x000000000000a352       0x7e ./CANopenNode/CANopen.o
                0x000000000000a352                CO_process
 .text.CO_process_RPDO
                0x000000000000a3d0       0x40 ./CANopenNode/CANopen.o
                0x000000000000a3d0                CO_process_RPDO
 .text.CO_process_TPDO
                0x000000000000a410       0x40 ./CANopenNode/CANopen.o
                0x000000000000a410                CO_process_TPDO
 .text.__addsf3
                0x000000000000a450      0x36a c:/mounriver/mounriver_studio/toolchain/risc-v embedded gcc/bin/../lib/gcc/riscv-none-embed/8.2.0/rv32imacxw/ilp32\libgcc.a(addsf3.o)
                0x000000000000a450                __addsf3
 .text.__divsf3
                0x000000000000a7ba      0x2b2 c:/mounriver/mounriver_studio/toolchain/risc-v embedded gcc/bin/../lib/gcc/riscv-none-embed/8.2.0/rv32imacxw/ilp32\libgcc.a(divsf3.o)
                0x000000000000a7ba                __divsf3
 .text.__gesf2  0x000000000000aa6c       0x86 c:/mounriver/mounriver_studio/toolchain/risc-v embedded gcc/bin/../lib/gcc/riscv-none-embed/8.2.0/rv32imacxw/ilp32\libgcc.a(gesf2.o)
                0x000000000000aa6c                __gesf2
                0x000000000000aa6c                __gtsf2
 .text.__lesf2  0x000000000000aaf2       0x8c c:/mounriver/mounriver_studio/toolchain/risc-v embedded gcc/bin/../lib/gcc/riscv-none-embed/8.2.0/rv32imacxw/ilp32\libgcc.a(lesf2.o)
                0x000000000000aaf2                __ltsf2
                0x000000000000aaf2                __lesf2
 .text.__mulsf3
                0x000000000000ab7e      0x290 c:/mounriver/mounriver_studio/toolchain/risc-v embedded gcc/bin/../lib/gcc/riscv-none-embed/8.2.0/rv32imacxw/ilp32\libgcc.a(mulsf3.o)
                0x000000000000ab7e                __mulsf3
 .text.__subsf3
                0x000000000000ae0e      0x388 c:/mounriver/mounriver_studio/toolchain/risc-v embedded gcc/bin/../lib/gcc/riscv-none-embed/8.2.0/rv32imacxw/ilp32\libgcc.a(subsf3.o)
                0x000000000000ae0e                __subsf3
 .text.__fixsfsi
                0x000000000000b196       0x62 c:/mounriver/mounriver_studio/toolchain/risc-v embedded gcc/bin/../lib/gcc/riscv-none-embed/8.2.0/rv32imacxw/ilp32\libgcc.a(fixsfsi.o)
                0x000000000000b196                __fixsfsi
 .text.__fixunssfsi
                0x000000000000b1f8       0x56 c:/mounriver/mounriver_studio/toolchain/risc-v embedded gcc/bin/../lib/gcc/riscv-none-embed/8.2.0/rv32imacxw/ilp32\libgcc.a(fixunssfsi.o)
                0x000000000000b1f8                __fixunssfsi
 .text.__floatsisf
                0x000000000000b24e       0xc6 c:/mounriver/mounriver_studio/toolchain/risc-v embedded gcc/bin/../lib/gcc/riscv-none-embed/8.2.0/rv32imacxw/ilp32\libgcc.a(floatsisf.o)
                0x000000000000b24e                __floatsisf
 .text.__floatunsisf
                0x000000000000b314       0xce c:/mounriver/mounriver_studio/toolchain/risc-v embedded gcc/bin/../lib/gcc/riscv-none-embed/8.2.0/rv32imacxw/ilp32\libgcc.a(floatunsisf.o)
                0x000000000000b314                __floatunsisf
 .text.__clzsi2
                0x000000000000b3e2       0x6e c:/mounriver/mounriver_studio/toolchain/risc-v embedded gcc/bin/../lib/gcc/riscv-none-embed/8.2.0/rv32imacxw/ilp32\libgcc.a(_clzsi2.o)
                0x000000000000b3e2                __clzsi2
 .text.calloc   0x000000000000b450        0xc c:/mounriver/mounriver_studio/toolchain/risc-v embedded gcc/bin/../lib/gcc/riscv-none-embed/8.2.0/../../../../riscv-none-embed/lib/rv32imacxw/ilp32\libg_nano.a(lib_a-calloc.o)
                0x000000000000b450                calloc
 .text.free     0x000000000000b45c        0xa c:/mounriver/mounriver_studio/toolchain/risc-v embedded gcc/bin/../lib/gcc/riscv-none-embed/8.2.0/../../../../riscv-none-embed/lib/rv32imacxw/ilp32\libg_nano.a(lib_a-malloc.o)
                0x000000000000b45c                free
 .text.memcpy   0x000000000000b466       0xb2 c:/mounriver/mounriver_studio/toolchain/risc-v embedded gcc/bin/../lib/gcc/riscv-none-embed/8.2.0/../../../../riscv-none-embed/lib/rv32imacxw/ilp32\libg_nano.a(lib_a-memcpy.o)
                0x000000000000b466                memcpy
 .text.memmove  0x000000000000b518       0x46 c:/mounriver/mounriver_studio/toolchain/risc-v embedded gcc/bin/../lib/gcc/riscv-none-embed/8.2.0/../../../../riscv-none-embed/lib/rv32imacxw/ilp32\libg_nano.a(lib_a-memmove.o)
                0x000000000000b518                memmove
 .text._calloc_r
                0x000000000000b55e       0x26 c:/mounriver/mounriver_studio/toolchain/risc-v embedded gcc/bin/../lib/gcc/riscv-none-embed/8.2.0/../../../../riscv-none-embed/lib/rv32imacxw/ilp32\libg_nano.a(lib_a-nano-callocr.o)
                0x000000000000b55e                _calloc_r
 .text._free_r  0x000000000000b584       0xa4 c:/mounriver/mounriver_studio/toolchain/risc-v embedded gcc/bin/../lib/gcc/riscv-none-embed/8.2.0/../../../../riscv-none-embed/lib/rv32imacxw/ilp32\libg_nano.a(lib_a-nano-freer.o)
                0x000000000000b584                _free_r
 .text._malloc_r
                0x000000000000b628       0xce c:/mounriver/mounriver_studio/toolchain/risc-v embedded gcc/bin/../lib/gcc/riscv-none-embed/8.2.0/../../../../riscv-none-embed/lib/rv32imacxw/ilp32\libg_nano.a(lib_a-nano-mallocr.o)
                0x000000000000b628                _malloc_r
 .text.printf   0x000000000000b6f6       0x3e c:/mounriver/mounriver_studio/toolchain/risc-v embedded gcc/bin/../lib/gcc/riscv-none-embed/8.2.0/../../../../riscv-none-embed/lib/rv32imacxw/ilp32\libg_nano.a(lib_a-printf.o)
                0x000000000000b6f6                iprintf
                0x000000000000b6f6                printf
 .text._sbrk_r  0x000000000000b734       0x32 c:/mounriver/mounriver_studio/toolchain/risc-v embedded gcc/bin/../lib/gcc/riscv-none-embed/8.2.0/../../../../riscv-none-embed/lib/rv32imacxw/ilp32\libg_nano.a(lib_a-sbrkr.o)
                0x000000000000b734                _sbrk_r
 .text.strlen   0x000000000000b766       0x12 c:/mounriver/mounriver_studio/toolchain/risc-v embedded gcc/bin/../lib/gcc/riscv-none-embed/8.2.0/../../../../riscv-none-embed/lib/rv32imacxw/ilp32\libg_nano.a(lib_a-strlen.o)
                0x000000000000b766                strlen
 .text.std      0x000000000000b778       0x66 c:/mounriver/mounriver_studio/toolchain/risc-v embedded gcc/bin/../lib/gcc/riscv-none-embed/8.2.0/../../../../riscv-none-embed/lib/rv32imacxw/ilp32\libg_nano.a(lib_a-findfp.o)
 .text._cleanup_r
                0x000000000000b7de        0xa c:/mounriver/mounriver_studio/toolchain/risc-v embedded gcc/bin/../lib/gcc/riscv-none-embed/8.2.0/../../../../riscv-none-embed/lib/rv32imacxw/ilp32\libg_nano.a(lib_a-findfp.o)
                0x000000000000b7de                _cleanup_r
 .text.__sfmoreglue
                0x000000000000b7e8       0x48 c:/mounriver/mounriver_studio/toolchain/risc-v embedded gcc/bin/../lib/gcc/riscv-none-embed/8.2.0/../../../../riscv-none-embed/lib/rv32imacxw/ilp32\libg_nano.a(lib_a-findfp.o)
                0x000000000000b7e8                __sfmoreglue
 .text.__sinit  0x000000000000b830       0x6c c:/mounriver/mounriver_studio/toolchain/risc-v embedded gcc/bin/../lib/gcc/riscv-none-embed/8.2.0/../../../../riscv-none-embed/lib/rv32imacxw/ilp32\libg_nano.a(lib_a-findfp.o)
                0x000000000000b830                __sinit
 .text.__sfp    0x000000000000b89c       0xa0 c:/mounriver/mounriver_studio/toolchain/risc-v embedded gcc/bin/../lib/gcc/riscv-none-embed/8.2.0/../../../../riscv-none-embed/lib/rv32imacxw/ilp32\libg_nano.a(lib_a-findfp.o)
                0x000000000000b89c                __sfp
 .text._fwalk_reent
                0x000000000000b93c       0x6a c:/mounriver/mounriver_studio/toolchain/risc-v embedded gcc/bin/../lib/gcc/riscv-none-embed/8.2.0/../../../../riscv-none-embed/lib/rv32imacxw/ilp32\libg_nano.a(lib_a-fwalk.o)
                0x000000000000b93c                _fwalk_reent
 .text.__malloc_lock
                0x000000000000b9a6        0x2 c:/mounriver/mounriver_studio/toolchain/risc-v embedded gcc/bin/../lib/gcc/riscv-none-embed/8.2.0/../../../../riscv-none-embed/lib/rv32imacxw/ilp32\libg_nano.a(lib_a-mlock.o)
                0x000000000000b9a6                __malloc_lock
 .text.__malloc_unlock
                0x000000000000b9a8        0x2 c:/mounriver/mounriver_studio/toolchain/risc-v embedded gcc/bin/../lib/gcc/riscv-none-embed/8.2.0/../../../../riscv-none-embed/lib/rv32imacxw/ilp32\libg_nano.a(lib_a-mlock.o)
                0x000000000000b9a8                __malloc_unlock
 .text.__sfputc_r
                0x000000000000b9aa       0x26 c:/mounriver/mounriver_studio/toolchain/risc-v embedded gcc/bin/../lib/gcc/riscv-none-embed/8.2.0/../../../../riscv-none-embed/lib/rv32imacxw/ilp32\libg_nano.a(lib_a-nano-vfprintf.o)
 .text.__sfputs_r
                0x000000000000b9d0       0x42 c:/mounriver/mounriver_studio/toolchain/risc-v embedded gcc/bin/../lib/gcc/riscv-none-embed/8.2.0/../../../../riscv-none-embed/lib/rv32imacxw/ilp32\libg_nano.a(lib_a-nano-vfprintf.o)
                0x000000000000b9d0                __sfputs_r
 .text._vfprintf_r
                0x000000000000ba12      0x28c c:/mounriver/mounriver_studio/toolchain/risc-v embedded gcc/bin/../lib/gcc/riscv-none-embed/8.2.0/../../../../riscv-none-embed/lib/rv32imacxw/ilp32\libg_nano.a(lib_a-nano-vfprintf.o)
                0x000000000000ba12                _vfprintf_r
                0x000000000000ba12                _vfiprintf_r
 .text._printf_common
                0x000000000000bc9e      0x10c c:/mounriver/mounriver_studio/toolchain/risc-v embedded gcc/bin/../lib/gcc/riscv-none-embed/8.2.0/../../../../riscv-none-embed/lib/rv32imacxw/ilp32\libg_nano.a(lib_a-nano-vfprintf_i.o)
                0x000000000000bc9e                _printf_common
 .text._printf_i
                0x000000000000bdaa      0x2a2 c:/mounriver/mounriver_studio/toolchain/risc-v embedded gcc/bin/../lib/gcc/riscv-none-embed/8.2.0/../../../../riscv-none-embed/lib/rv32imacxw/ilp32\libg_nano.a(lib_a-nano-vfprintf_i.o)
                0x000000000000bdaa                _printf_i
 .text.__sread  0x000000000000c04c       0x2c c:/mounriver/mounriver_studio/toolchain/risc-v embedded gcc/bin/../lib/gcc/riscv-none-embed/8.2.0/../../../../riscv-none-embed/lib/rv32imacxw/ilp32\libg_nano.a(lib_a-stdio.o)
                0x000000000000c04c                __sread
 .text.__swrite
                0x000000000000c078       0x48 c:/mounriver/mounriver_studio/toolchain/risc-v embedded gcc/bin/../lib/gcc/riscv-none-embed/8.2.0/../../../../riscv-none-embed/lib/rv32imacxw/ilp32\libg_nano.a(lib_a-stdio.o)
                0x000000000000c078                __swrite
 .text.__sseek  0x000000000000c0c0       0x30 c:/mounriver/mounriver_studio/toolchain/risc-v embedded gcc/bin/../lib/gcc/riscv-none-embed/8.2.0/../../../../riscv-none-embed/lib/rv32imacxw/ilp32\libg_nano.a(lib_a-stdio.o)
                0x000000000000c0c0                __sseek
 .text.__sclose
                0x000000000000c0f0        0x6 c:/mounriver/mounriver_studio/toolchain/risc-v embedded gcc/bin/../lib/gcc/riscv-none-embed/8.2.0/../../../../riscv-none-embed/lib/rv32imacxw/ilp32\libg_nano.a(lib_a-stdio.o)
                0x000000000000c0f0                __sclose
 .text.__swbuf_r
                0x000000000000c0f6       0xbe c:/mounriver/mounriver_studio/toolchain/risc-v embedded gcc/bin/../lib/gcc/riscv-none-embed/8.2.0/../../../../riscv-none-embed/lib/rv32imacxw/ilp32\libg_nano.a(lib_a-wbuf.o)
                0x000000000000c0f6                __swbuf_r
 .text._write_r
                0x000000000000c1b4       0x36 c:/mounriver/mounriver_studio/toolchain/risc-v embedded gcc/bin/../lib/gcc/riscv-none-embed/8.2.0/../../../../riscv-none-embed/lib/rv32imacxw/ilp32\libg_nano.a(lib_a-writer.o)
                0x000000000000c1b4                _write_r
 .text.__swsetup_r
                0x000000000000c1ea      0x100 c:/mounriver/mounriver_studio/toolchain/risc-v embedded gcc/bin/../lib/gcc/riscv-none-embed/8.2.0/../../../../riscv-none-embed/lib/rv32imacxw/ilp32\libg_nano.a(lib_a-wsetup.o)
                0x000000000000c1ea                __swsetup_r
 .text._close_r
                0x000000000000c2ea       0x30 c:/mounriver/mounriver_studio/toolchain/risc-v embedded gcc/bin/../lib/gcc/riscv-none-embed/8.2.0/../../../../riscv-none-embed/lib/rv32imacxw/ilp32\libg_nano.a(lib_a-closer.o)
                0x000000000000c2ea                _close_r
 .text.__sflush_r
                0x000000000000c31a      0x132 c:/mounriver/mounriver_studio/toolchain/risc-v embedded gcc/bin/../lib/gcc/riscv-none-embed/8.2.0/../../../../riscv-none-embed/lib/rv32imacxw/ilp32\libg_nano.a(lib_a-fflush.o)
                0x000000000000c31a                __sflush_r
 .text._fflush_r
                0x000000000000c44c       0x68 c:/mounriver/mounriver_studio/toolchain/risc-v embedded gcc/bin/../lib/gcc/riscv-none-embed/8.2.0/../../../../riscv-none-embed/lib/rv32imacxw/ilp32\libg_nano.a(lib_a-fflush.o)
                0x000000000000c44c                _fflush_r
 .text._lseek_r
                0x000000000000c4b4       0x34 c:/mounriver/mounriver_studio/toolchain/risc-v embedded gcc/bin/../lib/gcc/riscv-none-embed/8.2.0/../../../../riscv-none-embed/lib/rv32imacxw/ilp32\libg_nano.a(lib_a-lseekr.o)
                0x000000000000c4b4                _lseek_r
 .text.__swhatbuf_r
                0x000000000000c4e8       0x56 c:/mounriver/mounriver_studio/toolchain/risc-v embedded gcc/bin/../lib/gcc/riscv-none-embed/8.2.0/../../../../riscv-none-embed/lib/rv32imacxw/ilp32\libg_nano.a(lib_a-makebuf.o)
                0x000000000000c4e8                __swhatbuf_r
 .text.__smakebuf_r
                0x000000000000c53e       0x92 c:/mounriver/mounriver_studio/toolchain/risc-v embedded gcc/bin/../lib/gcc/riscv-none-embed/8.2.0/../../../../riscv-none-embed/lib/rv32imacxw/ilp32\libg_nano.a(lib_a-makebuf.o)
                0x000000000000c53e                __smakebuf_r
 .text.memchr   0x000000000000c5d0       0x18 c:/mounriver/mounriver_studio/toolchain/risc-v embedded gcc/bin/../lib/gcc/riscv-none-embed/8.2.0/../../../../riscv-none-embed/lib/rv32imacxw/ilp32\libg_nano.a(lib_a-memchr.o)
                0x000000000000c5d0                memchr
 .text._read_r  0x000000000000c5e8       0x34 c:/mounriver/mounriver_studio/toolchain/risc-v embedded gcc/bin/../lib/gcc/riscv-none-embed/8.2.0/../../../../riscv-none-embed/lib/rv32imacxw/ilp32\libg_nano.a(lib_a-readr.o)
                0x000000000000c5e8                _read_r
 .text._fstat_r
                0x000000000000c61c       0x32 c:/mounriver/mounriver_studio/toolchain/risc-v embedded gcc/bin/../lib/gcc/riscv-none-embed/8.2.0/../../../../riscv-none-embed/lib/rv32imacxw/ilp32\libg_nano.a(lib_a-fstatr.o)
                0x000000000000c61c                _fstat_r
 .text._isatty_r
                0x000000000000c64e       0x30 c:/mounriver/mounriver_studio/toolchain/risc-v embedded gcc/bin/../lib/gcc/riscv-none-embed/8.2.0/../../../../riscv-none-embed/lib/rv32imacxw/ilp32\libg_nano.a(lib_a-isattyr.o)
                0x000000000000c64e                _isatty_r
 .text._close   0x000000000000c67e       0x10 c:/mounriver/mounriver_studio/toolchain/risc-v embedded gcc/bin/../lib/gcc/riscv-none-embed/8.2.0/../../../../riscv-none-embed/lib/rv32imacxw/ilp32\libnosys.a(close.o)
                0x000000000000c67e                _close
 .text._fstat   0x000000000000c68e       0x10 c:/mounriver/mounriver_studio/toolchain/risc-v embedded gcc/bin/../lib/gcc/riscv-none-embed/8.2.0/../../../../riscv-none-embed/lib/rv32imacxw/ilp32\libnosys.a(fstat.o)
                0x000000000000c68e                _fstat
 .text._isatty  0x000000000000c69e       0x10 c:/mounriver/mounriver_studio/toolchain/risc-v embedded gcc/bin/../lib/gcc/riscv-none-embed/8.2.0/../../../../riscv-none-embed/lib/rv32imacxw/ilp32\libnosys.a(isatty.o)
                0x000000000000c69e                _isatty
 .text._lseek   0x000000000000c6ae       0x10 c:/mounriver/mounriver_studio/toolchain/risc-v embedded gcc/bin/../lib/gcc/riscv-none-embed/8.2.0/../../../../riscv-none-embed/lib/rv32imacxw/ilp32\libnosys.a(lseek.o)
                0x000000000000c6ae                _lseek
 .text._read    0x000000000000c6be       0x10 c:/mounriver/mounriver_studio/toolchain/risc-v embedded gcc/bin/../lib/gcc/riscv-none-embed/8.2.0/../../../../riscv-none-embed/lib/rv32imacxw/ilp32\libnosys.a(read.o)
                0x000000000000c6be                _read
 *(.rodata)
 *(.rodata*)
 *fill*         0x000000000000c6ce        0x2 
 .rodata.CalPoint
                0x000000000000c6d0       0x48 ./User/DataModel.o
 .rodata.bitrate_table
                0x000000000000c718       0x10 ./User/DataModel.o
 .rodata.seg_const
                0x000000000000c728       0x12 ./User/DataModel.o
 *fill*         0x000000000000c73a        0x2 
 .rodata.vIncrementSystemCounters.cst4
                0x000000000000c73c        0x8 ./User/DataModel.o
 .rodata.getODValue
                0x000000000000c744       0x74 ./User/dash_draw.o
 .rodata.MenuStateCross
                0x000000000000c7b8       0x1c ./User/dash_draw.o
 .rodata.dm     0x000000000000c7d4       0x3f ./User/dash_draw.o
 *fill*         0x000000000000c813        0x1 
 .rodata.getODValue.cst4
                0x000000000000c814        0x4 ./User/dash_draw.o
                                          0x8 (size before relaxing)
 .rodata.vBarColorMode.cst4
                0x000000000000c818        0x4 ./User/dash_draw.o
 .rodata.ADC_FSM.cst4
                0x000000000000c81c       0x14 ./User/inputs.o
 .rodata.vInputsTask.cst4
                0x000000000000c830        0xc ./User/inputs.o
 .rodata.SetSegDirect
                0x000000000000c83c       0x1c ./User/led.o
 .rodata.Brigth
                0x000000000000c858       0x1e ./User/led.o
 *fill*         0x000000000000c876        0x2 
 .rodata.DigitMask
                0x000000000000c878        0xa ./User/led.o
                0x000000000000c878                DigitMask
 *fill*         0x000000000000c882        0x2 
 .rodata.offset_mask
                0x000000000000c884        0xe ./User/led.o
 *fill*         0x000000000000c892        0x2 
 .rodata.step_mask
                0x000000000000c894        0xe ./User/led.o
 *fill*         0x000000000000c8a2        0x2 
 .rodata.OD_ADC1_CAL_extension
                0x000000000000c8a4       0x10 ./User/process.o
                0x000000000000c8a4                OD_ADC1_CAL_extension
 .rodata.OD_ADC2_CAL_extension
                0x000000000000c8b4       0x10 ./User/process.o
                0x000000000000c8b4                OD_ADC2_CAL_extension
 .rodata.OD_ADC3_CAL_extension
                0x000000000000c8c4       0x10 ./User/process.o
                0x000000000000c8c4                OD_ADC3_CAL_extension
 .rodata.OD_AIN_RPM_extension
                0x000000000000c8d4       0x10 ./User/process.o
                0x000000000000c8d4                OD_AIN_RPM_extension
 .rodata.OD_BAR_extension
                0x000000000000c8e4       0x10 ./User/process.o
                0x000000000000c8e4                OD_BAR_extension
 .rodata.OD_BOARD_SETTINGS_extension
                0x000000000000c8f4       0x10 ./User/process.o
                0x000000000000c8f4                OD_BOARD_SETTINGS_extension
 .rodata.OD_DASH_PARAM_extension
                0x000000000000c904       0x10 ./User/process.o
                0x000000000000c904                OD_DASH_PARAM_extension
 .rodata.OD_DIN_extension
                0x000000000000c914       0x10 ./User/process.o
                0x000000000000c914                OD_DIN_extension
 .rodata.OD_MENU_MAP_extension
                0x000000000000c924       0x10 ./User/process.o
                0x000000000000c924                OD_MENU_MAP_extension
 .rodata.OD_MENU_SETUP_extension
                0x000000000000c934       0x10 ./User/process.o
                0x000000000000c934                OD_MENU_SETUP_extension
 .rodata.OD_RGB10_extension
                0x000000000000c944       0x10 ./User/process.o
                0x000000000000c944                OD_RGB10_extension
 .rodata.OD_RGB11_extension
                0x000000000000c954       0x10 ./User/process.o
                0x000000000000c954                OD_RGB11_extension
 .rodata.OD_RGB12_extension
                0x000000000000c964       0x10 ./User/process.o
                0x000000000000c964                OD_RGB12_extension
 .rodata.OD_RGB13_extension
                0x000000000000c974       0x10 ./User/process.o
                0x000000000000c974                OD_RGB13_extension
 .rodata.OD_RGB1_extension
                0x000000000000c984       0x10 ./User/process.o
                0x000000000000c984                OD_RGB1_extension
 .rodata.OD_RGB2_extension
                0x000000000000c994       0x10 ./User/process.o
                0x000000000000c994                OD_RGB2_extension
 .rodata.OD_RGB3_extension
                0x000000000000c9a4       0x10 ./User/process.o
                0x000000000000c9a4                OD_RGB3_extension
 .rodata.OD_RGB4_extension
                0x000000000000c9b4       0x10 ./User/process.o
                0x000000000000c9b4                OD_RGB4_extension
 .rodata.OD_RGB5_extension
                0x000000000000c9c4       0x10 ./User/process.o
                0x000000000000c9c4                OD_RGB5_extension
 .rodata.OD_RGB6_extension
                0x000000000000c9d4       0x10 ./User/process.o
                0x000000000000c9d4                OD_RGB6_extension
 .rodata.OD_RGB7_extension
                0x000000000000c9e4       0x10 ./User/process.o
                0x000000000000c9e4                OD_RGB7_extension
 .rodata.OD_RGB8_extension
                0x000000000000c9f4       0x10 ./User/process.o
                0x000000000000c9f4                OD_RGB8_extension
 .rodata.OD_RGB9_extension
                0x000000000000ca04       0x10 ./User/process.o
                0x000000000000ca04                OD_RGB9_extension
 .rodata.OD_RGBMAP_extension
                0x000000000000ca14       0x10 ./User/process.o
                0x000000000000ca14                OD_RGBMAP_extension
 .rodata.OD_RPMCONFIG_extension
                0x000000000000ca24       0x10 ./User/process.o
                0x000000000000ca24                OD_RPMCONFIG_extension
 .rodata.OD_SEG_extension
                0x000000000000ca34       0x10 ./User/process.o
                0x000000000000ca34                OD_SEG_extension
 .rodata.OD_VRegiters_extension
                0x000000000000ca44       0x10 ./User/process.o
                0x000000000000ca44                OD_VRegiters_extension
 .rodata.writeADC.isra.9.cst4
                0x000000000000ca54        0x4 ./User/process.o
 .rodata.vSYStaskInit.str1.4
                0x000000000000ca54       0x44 ./User/system_init.o
 .rodata.GetRPM.cst4
                0x000000000000ca98        0x8 ./HWLIB/hw_lib_din.o
 .rodata.vSetRPMConfig.cst4
                0x000000000000caa0        0x4 ./HWLIB/hw_lib_din.o
 .rodata.ADC_chennel_ref
                0x000000000000caa4       0x12 ./HAL/hal_adc_ch32.o
 *fill*         0x000000000000cab6        0x2 
 .rodata.I2C_FSM
                0x000000000000cab8       0x30 ./HAL/hal_i2c_ch32.o
 .rodata.timers
                0x000000000000cae8       0x14 ./HAL/hal_timers_ch32.o
 .rodata.pvPortMalloc.str1.4
                0x000000000000cafc       0x49 ./FreeRTOS/portable/MemMang/heap_4.o
 *fill*         0x000000000000cb45        0x3 
 .rodata.xPortStartScheduler.str1.4
                0x000000000000cb48       0x27 ./FreeRTOS/portable/GCC/RISC-V/port.o
                                         0x49 (size before relaxing)
 *fill*         0x000000000000cb6f        0x1 
 .rodata.xQueueGenericReset.str1.4
                0x000000000000cb70       0x14 ./FreeRTOS/queue.o
                                         0x35 (size before relaxing)
 .rodata.xTaskGenericNotify
                0x000000000000cb84       0x14 ./FreeRTOS/tasks.o
 .rodata.xTaskGenericNotifyFromISR
                0x000000000000cb98       0x14 ./FreeRTOS/tasks.o
 .rodata.prvTaskIsTaskSuspended.str1.4
                0x000000000000cbac       0x14 ./FreeRTOS/tasks.o
                                         0x35 (size before relaxing)
 .rodata.vTaskStartScheduler.str1.4
                0x000000000000cbc0        0x5 ./FreeRTOS/tasks.o
 *fill*         0x000000000000cbc5        0x3 
 .rodata.vInitABFilter.cst4
                0x000000000000cbc8        0x4 ./Drivers/filters.o
 .rodata.ODObjs
                0x000000000000cbcc      0xb70 ./CANopenNode/keypad/OD.o
 .rodata.CO_LSS_bitTimingTableLookup
                0x000000000000d73c       0x14 ./CANopenNode/305/CO_LSSslave.o
 .rodata.abortCodes.6835
                0x000000000000d750       0x68 ./CANopenNode/301/CO_ODinterface.o
 .rodata.__divsf3
                0x000000000000d7b8       0x80 c:/mounriver/mounriver_studio/toolchain/risc-v embedded gcc/bin/../lib/gcc/riscv-none-embed/8.2.0/rv32imacxw/ilp32\libgcc.a(divsf3.o)
 .rodata.__mulsf3
                0x000000000000d838       0x40 c:/mounriver/mounriver_studio/toolchain/risc-v embedded gcc/bin/../lib/gcc/riscv-none-embed/8.2.0/rv32imacxw/ilp32\libgcc.a(mulsf3.o)
 .rodata.__clz_tab
                0x000000000000d878      0x100 c:/mounriver/mounriver_studio/toolchain/risc-v embedded gcc/bin/../lib/gcc/riscv-none-embed/8.2.0/rv32imacxw/ilp32\libgcc.a(_clz.o)
                0x000000000000d878                __clz_tab
 .rodata.__sf_fake_stderr
                0x000000000000d978       0x20 c:/mounriver/mounriver_studio/toolchain/risc-v embedded gcc/bin/../lib/gcc/riscv-none-embed/8.2.0/../../../../riscv-none-embed/lib/rv32imacxw/ilp32\libg_nano.a(lib_a-findfp.o)
                0x000000000000d978                __sf_fake_stderr
 .rodata.__sf_fake_stdin
                0x000000000000d998       0x20 c:/mounriver/mounriver_studio/toolchain/risc-v embedded gcc/bin/../lib/gcc/riscv-none-embed/8.2.0/../../../../riscv-none-embed/lib/rv32imacxw/ilp32\libg_nano.a(lib_a-findfp.o)
                0x000000000000d998                __sf_fake_stdin
 .rodata.__sf_fake_stdout
                0x000000000000d9b8       0x20 c:/mounriver/mounriver_studio/toolchain/risc-v embedded gcc/bin/../lib/gcc/riscv-none-embed/8.2.0/../../../../riscv-none-embed/lib/rv32imacxw/ilp32\libg_nano.a(lib_a-findfp.o)
                0x000000000000d9b8                __sf_fake_stdout
 .rodata._vfprintf_r.str1.4
                0x000000000000d9d8       0x13 c:/mounriver/mounriver_studio/toolchain/risc-v embedded gcc/bin/../lib/gcc/riscv-none-embed/8.2.0/../../../../riscv-none-embed/lib/rv32imacxw/ilp32\libg_nano.a(lib_a-nano-vfprintf.o)
 *fill*         0x000000000000d9eb        0x1 
 .rodata._printf_i.str1.4
                0x000000000000d9ec       0x28 c:/mounriver/mounriver_studio/toolchain/risc-v embedded gcc/bin/../lib/gcc/riscv-none-embed/8.2.0/../../../../riscv-none-embed/lib/rv32imacxw/ilp32\libg_nano.a(lib_a-nano-vfprintf_i.o)
                                         0x25 (size before relaxing)
 *(.glue_7)
 *(.glue_7t)
 *(.gnu.linkonce.t.*)
                0x000000000000da14                . = ALIGN (0x4)

.rela.dyn       0x000000000000da14        0x0
 .rela.init     0x000000000000da14        0x0 ./User/CanOpenNode.o
 .rela.vector   0x000000000000da14        0x0 ./User/CanOpenNode.o
 .rela.text.handle_reset
                0x000000000000da14        0x0 ./User/CanOpenNode.o
 .rela.text.xPortStartScheduler
                0x000000000000da14        0x0 ./User/CanOpenNode.o
 .rela.sdata2.xISRStackTop
                0x000000000000da14        0x0 ./User/CanOpenNode.o
 .rela.text._sbrk
                0x000000000000da14        0x0 ./User/CanOpenNode.o
 .rela.sdata.curbrk.4668
                0x000000000000da14        0x0 ./User/CanOpenNode.o
 .rela.text._sbrk_r
                0x000000000000da14        0x0 ./User/CanOpenNode.o
 .rela.text._vfprintf_r
                0x000000000000da14        0x0 ./User/CanOpenNode.o
 .rela.text._write_r
                0x000000000000da14        0x0 ./User/CanOpenNode.o
 .rela.text._close_r
                0x000000000000da14        0x0 ./User/CanOpenNode.o
 .rela.text._lseek_r
                0x000000000000da14        0x0 ./User/CanOpenNode.o
 .rela.text._read_r
                0x000000000000da14        0x0 ./User/CanOpenNode.o
 .rela.text._fstat_r
                0x000000000000da14        0x0 ./User/CanOpenNode.o
 .rela.text._isatty_r
                0x000000000000da14        0x0 ./User/CanOpenNode.o
 .rela.text._close
                0x000000000000da14        0x0 ./User/CanOpenNode.o
 .rela.text._fstat
                0x000000000000da14        0x0 ./User/CanOpenNode.o
 .rela.text._isatty
                0x000000000000da14        0x0 ./User/CanOpenNode.o
 .rela.text._lseek
                0x000000000000da14        0x0 ./User/CanOpenNode.o
 .rela.text._read
                0x000000000000da14        0x0 ./User/CanOpenNode.o

.fini           0x000000000000da14        0x0
 *(SORT_NONE(.fini))
                0x000000000000da14                . = ALIGN (0x4)
                [!provide]                        PROVIDE (_etext = .)