Archive member included to satisfy reference by file (symbol)

c:/mounriver/mounriver_studio/toolchain/risc-v embedded gcc/bin/../lib/gcc/riscv-none-embed/8.2.0/rv32imacxw/ilp32\libgcc.a(divdf3.o)
                              ./HAL_LIB/hw_lib_din.o (__divdf3)
c:/mounriver/mounriver_studio/toolchain/risc-v embedded gcc/bin/../lib/gcc/riscv-none-embed/8.2.0/rv32imacxw/ilp32\libgcc.a(muldf3.o)
                              ./User/inputs.o (__muldf3)
c:/mounriver/mounriver_studio/toolchain/risc-v embedded gcc/bin/../lib/gcc/riscv-none-embed/8.2.0/rv32imacxw/ilp32\libgcc.a(fixunsdfsi.o)
                              ./HAL_LIB/hw_lib_din.o (__fixunsdfsi)
c:/mounriver/mounriver_studio/toolchain/risc-v embedded gcc/bin/../lib/gcc/riscv-none-embed/8.2.0/rv32imacxw/ilp32\libgcc.a(floatunsidf.o)
                              ./User/inputs.o (__floatunsidf)
c:/mounriver/mounriver_studio/toolchain/risc-v embedded gcc/bin/../lib/gcc/riscv-none-embed/8.2.0/rv32imacxw/ilp32\libgcc.a(addsf3.o)
                              ./User/inputs.o (__addsf3)
c:/mounriver/mounriver_studio/toolchain/risc-v embedded gcc/bin/../lib/gcc/riscv-none-embed/8.2.0/rv32imacxw/ilp32\libgcc.a(divsf3.o)
                              ./User/DataModel.o (__divsf3)
c:/mounriver/mounriver_studio/toolchain/risc-v embedded gcc/bin/../lib/gcc/riscv-none-embed/8.2.0/rv32imacxw/ilp32\libgcc.a(eqsf2.o)
                              ./HAL_LIB/hw_lib_din.o (__nesf2)
c:/mounriver/mounriver_studio/toolchain/risc-v embedded gcc/bin/../lib/gcc/riscv-none-embed/8.2.0/rv32imacxw/ilp32\libgcc.a(gesf2.o)
                              ./User/inputs.o (__gesf2)
c:/mounriver/mounriver_studio/toolchain/risc-v embedded gcc/bin/../lib/gcc/riscv-none-embed/8.2.0/rv32imacxw/ilp32\libgcc.a(lesf2.o)
                              ./HAL_LIB/hw_lib_din.o (__lesf2)
c:/mounriver/mounriver_studio/toolchain/risc-v embedded gcc/bin/../lib/gcc/riscv-none-embed/8.2.0/rv32imacxw/ilp32\libgcc.a(mulsf3.o)
                              ./User/dash_draw.o (__mulsf3)
c:/mounriver/mounriver_studio/toolchain/risc-v embedded gcc/bin/../lib/gcc/riscv-none-embed/8.2.0/rv32imacxw/ilp32\libgcc.a(subsf3.o)
                              ./User/dash_draw.o (__subsf3)
c:/mounriver/mounriver_studio/toolchain/risc-v embedded gcc/bin/../lib/gcc/riscv-none-embed/8.2.0/rv32imacxw/ilp32\libgcc.a(fixsfsi.o)
                              ./User/dash_draw.o (__fixsfsi)
c:/mounriver/mounriver_studio/toolchain/risc-v embedded gcc/bin/../lib/gcc/riscv-none-embed/8.2.0/rv32imacxw/ilp32\libgcc.a(fixunssfsi.o)
                              ./User/DataModel.o (__fixunssfsi)
c:/mounriver/mounriver_studio/toolchain/risc-v embedded gcc/bin/../lib/gcc/riscv-none-embed/8.2.0/rv32imacxw/ilp32\libgcc.a(floatsisf.o)
                              ./User/DataModel.o (__floatsisf)
c:/mounriver/mounriver_studio/toolchain/risc-v embedded gcc/bin/../lib/gcc/riscv-none-embed/8.2.0/rv32imacxw/ilp32\libgcc.a(floatunsisf.o)
                              ./User/DataModel.o (__floatunsisf)
c:/mounriver/mounriver_studio/toolchain/risc-v embedded gcc/bin/../lib/gcc/riscv-none-embed/8.2.0/rv32imacxw/ilp32\libgcc.a(extendsfdf2.o)
                              ./HAL_LIB/hw_lib_din.o (__extendsfdf2)
c:/mounriver/mounriver_studio/toolchain/risc-v embedded gcc/bin/../lib/gcc/riscv-none-embed/8.2.0/rv32imacxw/ilp32\libgcc.a(truncdfsf2.o)
                              ./User/inputs.o (__truncdfsf2)
c:/mounriver/mounriver_studio/toolchain/risc-v embedded gcc/bin/../lib/gcc/riscv-none-embed/8.2.0/rv32imacxw/ilp32\libgcc.a(save-restore.o)
                              ./User/inputs.o (__riscv_save_12)
c:/mounriver/mounriver_studio/toolchain/risc-v embedded gcc/bin/../lib/gcc/riscv-none-embed/8.2.0/rv32imacxw/ilp32\libgcc.a(_clzsi2.o)
                              c:/mounriver/mounriver_studio/toolchain/risc-v embedded gcc/bin/../lib/gcc/riscv-none-embed/8.2.0/rv32imacxw/ilp32\libgcc.a(divdf3.o) (__clzsi2)
c:/mounriver/mounriver_studio/toolchain/risc-v embedded gcc/bin/../lib/gcc/riscv-none-embed/8.2.0/rv32imacxw/ilp32\libgcc.a(_clz.o)
                              c:/mounriver/mounriver_studio/toolchain/risc-v embedded gcc/bin/../lib/gcc/riscv-none-embed/8.2.0/rv32imacxw/ilp32\libgcc.a(_clzsi2.o) (__clz_tab)
c:/mounriver/mounriver_studio/toolchain/risc-v embedded gcc/bin/../lib/gcc/riscv-none-embed/8.2.0/../../../../riscv-none-embed/lib/rv32imacxw/ilp32\libg_nano.a(lib_a-calloc.o)
                              ./CANopenNode/CANopen.o (calloc)
c:/mounriver/mounriver_studio/toolchain/risc-v embedded gcc/bin/../lib/gcc/riscv-none-embed/8.2.0/../../../../riscv-none-embed/lib/rv32imacxw/ilp32\libg_nano.a(lib_a-impure.o)
                              c:/mounriver/mounriver_studio/toolchain/risc-v embedded gcc/bin/../lib/gcc/riscv-none-embed/8.2.0/../../../../riscv-none-embed/lib/rv32imacxw/ilp32\libg_nano.a(lib_a-calloc.o) (_impure_ptr)
[...]
Memory Configuration

Name             Origin             Length             Attributes
FLASH            0x0000000000000000 0x0000000000010000 xr
SFLASH           0x0000000000010000 0x0000000000002800 xr
RAM              0x0000000020000000 0x0000000000005000 xrw
*default*        0x0000000000000000 0xffffffffffffffff

Linker script and memory map

LOAD ./User/CanOpenNode.o
LOAD ./User/DataModel.o
LOAD ./User/ch32v20x_it.o
LOAD ./User/dash_draw.o
LOAD ./User/init.o
LOAD ./User/inputs.o
LOAD ./User/led.o
LOAD ./User/main.o
LOAD ./User/process.o
LOAD ./User/system_ch32v20x.o
LOAD ./User/system_init.o
LOAD ./Startup/startup_ch32v20x_D6.o
LOAD ./Peripheral/src/ch32v20x_adc.o
LOAD ./Peripheral/src/ch32v20x_bkp.o
LOAD ./Peripheral/src/ch32v20x_can.o
LOAD ./Peripheral/src/ch32v20x_crc.o
LOAD ./Peripheral/src/ch32v20x_dbgmcu.o
LOAD ./Peripheral/src/ch32v20x_dma.o
LOAD ./Peripheral/src/ch32v20x_exti.o
LOAD ./Peripheral/src/ch32v20x_flash.o
LOAD ./Peripheral/src/ch32v20x_gpio.o
LOAD ./Peripheral/src/ch32v20x_i2c.o
LOAD ./Peripheral/src/ch32v20x_iwdg.o
LOAD ./Peripheral/src/ch32v20x_misc.o
LOAD ./Peripheral/src/ch32v20x_opa.o
LOAD ./Peripheral/src/ch32v20x_pwr.o
LOAD ./Peripheral/src/ch32v20x_rcc.o
LOAD ./Peripheral/src/ch32v20x_rtc.o
LOAD ./Peripheral/src/ch32v20x_spi.o
LOAD ./Peripheral/src/ch32v20x_tim.o
LOAD ./Peripheral/src/ch32v20x_usart.o
LOAD ./Peripheral/src/ch32v20x_wwdg.o
LOAD ./HAL_LIB/filters.o
LOAD ./HAL_LIB/hw_data_model.o
LOAD ./HAL_LIB/hw_lib_adc.o
LOAD ./HAL_LIB/hw_lib_din.o
LOAD ./HAL_LIB/hw_lib_eeprom_i2c.o
LOAD ./HAL_LIB/hw_timeout.o
LOAD ./HAL_DRIVER/hal_can_ch32.o
LOAD ./HAL_DRIVER/hal_gpio_ch32.o
LOAD ./HAL_DRIVER/hal_irq.o
LOAD ./HAL_DRIVER/hal_rtc_ch32.o
LOAD ./HAL_DRIVER/hal_wdt_ch32.o
LOAD ./FreeRTOS/portable/MemMang/heap_4.o
LOAD ./FreeRTOS/portable/GCC/RISC-V/port.o
LOAD ./FreeRTOS/portable/GCC/RISC-V/portASM.o
LOAD ./FreeRTOS/croutine.o
LOAD ./FreeRTOS/event_groups.o
LOAD ./FreeRTOS/list.o
LOAD ./FreeRTOS/queue.o
LOAD ./FreeRTOS/stream_buffer.o
LOAD ./FreeRTOS/tasks.o
LOAD ./FreeRTOS/timers.o
LOAD ./Debug/debug.o
LOAD ./DRIVER/hal_adc_ch32.o
LOAD ./DRIVER/hal_dma_ch32.o
LOAD ./DRIVER/hal_i2c_ch32.o
LOAD ./DRIVER/hal_spi_ch32.o
LOAD ./DRIVER/hal_timers_ch32.o
LOAD ./Core/core_riscv.o
LOAD ./CANopenNode/keypad/CO_driver_ST32F103.o
LOAD ./CANopenNode/keypad/OD.o
LOAD ./CANopenNode/extra/CO_trace.o
LOAD ./CANopenNode/309/CO_gateway_ascii.o
LOAD ./CANopenNode/305/CO_LSSmaster.o
LOAD ./CANopenNode/305/CO_LSSslave.o
LOAD ./CANopenNode/304/CO_GFC.o
LOAD ./CANopenNode/304/CO_SRDO.o
LOAD ./CANopenNode/303/CO_LEDs.o
LOAD ./CANopenNode/301/CO_Emergency.o
LOAD ./CANopenNode/301/CO_HBconsumer.o
LOAD ./CANopenNode/301/CO_NMT_Heartbeat.o
LOAD ./CANopenNode/301/CO_Node_Guarding.o
LOAD ./CANopenNode/301/CO_ODinterface.o
LOAD ./CANopenNode/301/CO_PDO.o
LOAD ./CANopenNode/301/CO_SDOclient.o
LOAD ./CANopenNode/301/CO_SDOserver.o
LOAD ./CANopenNode/301/CO_SYNC.o
LOAD ./CANopenNode/301/CO_TIME.o
LOAD ./CANopenNode/301/CO_fifo.o
LOAD ./CANopenNode/301/crc16-ccitt.o
LOAD ./CANopenNode/CANopen.o
LOAD c:/mounriver/mounriver_studio/toolchain/risc-v embedded gcc/bin/../lib/gcc/riscv-none-embed/8.2.0/../../../../riscv-none-embed/lib/rv32imacxw/ilp32\libm.a
LOAD c:/mounriver/mounriver_studio/toolchain/risc-v embedded gcc/bin/../lib/gcc/riscv-none-embed/8.2.0/rv32imacxw/ilp32\libgcc.a
LOAD c:/mounriver/mounriver_studio/toolchain/risc-v embedded gcc/bin/../lib/gcc/riscv-none-embed/8.2.0/../../../../riscv-none-embed/lib/rv32imacxw/ilp32\libg_nano.a
LOAD c:/mounriver/mounriver_studio/toolchain/risc-v embedded gcc/bin/../lib/gcc/riscv-none-embed/8.2.0/../../../../riscv-none-embed/lib/rv32imacxw/ilp32\libc_nano.a
LOAD c:/mounriver/mounriver_studio/toolchain/risc-v embedded gcc/bin/../lib/gcc/riscv-none-embed/8.2.0/rv32imacxw/ilp32\libgcc.a
START GROUP
LOAD c:/mounriver/mounriver_studio/toolchain/risc-v embedded gcc/bin/../lib/gcc/riscv-none-embed/8.2.0/rv32imacxw/ilp32\libgcc.a
LOAD c:/mounriver/mounriver_studio/toolchain/risc-v embedded gcc/bin/../lib/gcc/riscv-none-embed/8.2.0/../../../../riscv-none-embed/lib/rv32imacxw/ilp32\libc_nano.a
LOAD c:/mounriver/mounriver_studio/toolchain/risc-v embedded gcc/bin/../lib/gcc/riscv-none-embed/8.2.0/../../../../riscv-none-embed/lib/rv32imacxw/ilp32\libnosys.a
END GROUP
START GROUP
LOAD c:/mounriver/mounriver_studio/toolchain/risc-v embedded gcc/bin/../lib/gcc/riscv-none-embed/8.2.0/rv32imacxw/ilp32\libgcc.a
LOAD c:/mounriver/mounriver_studio/toolchain/risc-v embedded gcc/bin/../lib/gcc/riscv-none-embed/8.2.0/../../../../riscv-none-embed/lib/rv32imacxw/ilp32\libc_nano.a
LOAD c:/mounriver/mounriver_studio/toolchain/risc-v embedded gcc/bin/../lib/gcc/riscv-none-embed/8.2.0/../../../../riscv-none-embed/lib/rv32imacxw/ilp32\libnosys.a
END GROUP
                0x0000000000000800                __stack_size = 0x800
                [!provide]                        PROVIDE (_stack_size = __stack_size)

.init           0x0000000000000000       0x38
                0x0000000000000000                _sinit = .
                0x0000000000000000                . = ALIGN (0x4)
 *(SORT_NONE(.init))
 .init          0x0000000000000000       0x38 ./Startup/startup_ch32v20x_D6.o
                0x0000000000000000                _start
                0x0000000000000038                . = ALIGN (0x4)
                0x0000000000000038                _einit = .

.vector         0x0000000000000038      0x108
 *(.vector)
 .vector        0x0000000000000038       0xfc ./Startup/startup_ch32v20x_D6.o
                0x0000000000000140                . = ALIGN (0x40)
 *fill*         0x0000000000000134        0xc 

.stext          0x0000000000010000     0x186c
                0x0000000000010000                . = ALIGN (0x4)
 *(.stext)
 .stext         0x0000000000010000        0xa ./User/CanOpenNode.o
                0x0000000000010000                vCanOpenInit
 .stext         0x000000000001000a      0x77c ./User/DataModel.o
                0x000000000001000a                DataModel_Init
 .stext         0x0000000000010786      0x1a0 ./User/dash_draw.o
                0x0000000000010786                xProcessTaskHandle
                0x0000000000010790                vDashDrawInit
                0x000000000001080a                SetTest
                0x0000000000010868                TestProcedure
 .stext         0x0000000000010926      0x150 ./User/init.o
                0x0000000000010926                vInit_DeviceConfig
 .stext         0x0000000000010a76       0xba ./User/inputs.o
                0x0000000000010a76                ADC1_Init
 .stext         0x0000000000010b30       0x4e ./User/led.o
                0x0000000000010b30                vLedDriverStart
 .stext         0x0000000000010b7e      0x238 ./User/process.o
                0x0000000000010b7e                vProceesInit
 .stext         0x0000000000010db6      0x134 ./User/system_init.o
                0x0000000000010db6                vSYStaskInit
                0x0000000000010ec0                vSYSqueueInit
 .stext         0x0000000000010eea       0x36 ./HAL_LIB/hw_lib_adc.o
                0x0000000000010eea                vAINInit
 .stext         0x0000000000010f20       0x34 ./HAL_LIB/hw_lib_din.o
                0x0000000000010f20                eDinConfigWtihStruct
 .stext         0x0000000000010f54       0x50 ./HAL_LIB/hw_lib_eeprom_i2c.o
                0x0000000000010f54                vInitEEPROM_I2C
 .stext         0x0000000000010fa4      0x2b0 ./HAL_DRIVER/hal_can_ch32.o
                0x0000000000010fa4                HAL_CANInt
                0x000000000001105a                HAL_CANIntIT
                0x000000000001113a                HAL_CANToInitMode
                0x000000000001116a                HAL_CANToOperatingMode
                0x0000000000011190                HAL_CANSetFiters
 .stext         0x0000000000011254      0x13a ./HAL_DRIVER/hal_gpio_ch32.o
                0x0000000000011254                HAL_InitGPIO
                0x000000000001130e                HAL_InitGpioOut
                0x000000000001131c                HAL_InitGpioAIN
                0x000000000001132a                HAL_InitGpioInPUP
                0x000000000001133a                HAL_InitGpioIn
                0x0000000000011348                HAL_InitGpioAF
                0x000000000001137a                HAL_InitGPO
 .stext         0x000000000001138e       0x6c ./HAL_DRIVER/hal_irq.o
                0x000000000001138e                HAL_InitAPB1
                0x00000000000113aa                HAL_InitAPB2
                0x00000000000113c6                PFIC_IRQ_ENABLE_PG1
 .stext         0x00000000000113fa       0xc8 ./HAL_DRIVER/hal_rtc_ch32.o
                0x00000000000113fa                HAL_RTC_IT_Init
 .stext         0x00000000000114c2       0x86 ./HAL_DRIVER/hal_wdt_ch32.o
                0x00000000000114c2                HAL_WDT_Init
                0x00000000000114f6                HAL_WDTInit
                0x0000000000011520                HAL_WDT_Init1s
 .stext         0x0000000000011548       0x6e ./DRIVER/hal_i2c_ch32.o
                0x0000000000011548                InitI2CIT
 .stext         0x00000000000115b6       0x5c ./DRIVER/hal_spi_ch32.o
                0x00000000000115b6                HAL_SPI_InitDMA
 .stext         0x0000000000011612      0x120 ./DRIVER/hal_timers_ch32.o
                0x0000000000011612                HAL_TIMER_InitIt
                0x0000000000011676                HAL_TIMER_PWMTimersInit
 *fill*         0x0000000000011732        0x2 
 .stext         0x0000000000011734      0x138 ./CANopenNode/keypad/OD.o
                0x0000000000011734                OD_ROM

.text           0x0000000000000200     0xdfa4
                0x0000000000000200                . = ALIGN (0x4)
 *(.text)
 .text          0x0000000000000200      0x2ee ./FreeRTOS/portable/GCC/RISC-V/portASM.o
                0x0000000000000200                SW_Handler
                0x0000000000000300                xPortStartFirstTask
                0x0000000000000400                pxPortInitialiseStack
 .text          0x00000000000004ee       0x60 c:/mounriver/mounriver_studio/toolchain/risc-v embedded gcc/bin/../lib/gcc/riscv-none-embed/8.2.0/rv32imacxw/ilp32\libgcc.a(save-restore.o)
                0x00000000000004ee                __riscv_save_12
                0x00000000000004f6                __riscv_save_9
                0x00000000000004f6                __riscv_save_11
                0x00000000000004f6                __riscv_save_10
                0x00000000000004f6                __riscv_save_8
                0x0000000000000504                __riscv_save_4
                0x0000000000000504                __riscv_save_6
                0x0000000000000504                __riscv_save_5
                0x0000000000000504                __riscv_save_7
                0x000000000000051e                __riscv_save_3
                0x000000000000051e                __riscv_save_2
                0x000000000000051e                __riscv_save_1
                0x000000000000051e                __riscv_save_0
                0x000000000000052a                __riscv_restore_12
                0x000000000000052e                __riscv_restore_11
                0x000000000000052e                __riscv_restore_9
                0x000000000000052e                __riscv_restore_10
                0x000000000000052e                __riscv_restore_8
                0x0000000000000538                __riscv_restore_5
                0x0000000000000538                __riscv_restore_7
                0x0000000000000538                __riscv_restore_6
                0x0000000000000538                __riscv_restore_4
                0x0000000000000542                __riscv_restore_3
                0x0000000000000542                __riscv_restore_0
                0x0000000000000542                __riscv_restore_2
                0x0000000000000542                __riscv_restore_1
 .text          0x000000000000054e       0xa8 c:/mounriver/mounriver_studio/toolchain/risc-v embedded gcc/bin/../lib/gcc/riscv-none-embed/8.2.0/../../../../riscv-none-embed/lib/rv32imacxw/ilp32\libg_nano.a(lib_a-memset.o)
                0x000000000000054e                memset
 *(.text.*)
 .text.xCanOpenProcessTaskHandle
                0x00000000000005f6        0xa ./User/CanOpenNode.o
                0x00000000000005f6                xCanOpenProcessTaskHandle
 .text.xCanOpenPeriodicTaskHandle
                0x0000000000000600        0xa ./User/CanOpenNode.o
                0x0000000000000600                xCanOpenPeriodicTaskHandle
 .text.vCanOpenProcess
                0x000000000000060a      0x18a ./User/CanOpenNode.o
                0x000000000000060a                vCanOpenProcess
 .text.vCanOpenPeriodicProcess
                0x0000000000000794       0x82 ./User/CanOpenNode.o
                0x0000000000000794                vCanOpenPeriodicProcess
 .text.xDataRegQueue
                0x0000000000000816        0xa ./User/DataModel.o
                0x0000000000000816                xDataRegQueue
 .text.DataModelGetSecCounter
                0x0000000000000820        0xa ./User/DataModel.o
                0x0000000000000820                DataModelGetSecCounter
 .text.ProgramOptionByteData
                0x000000000000082a      0x11e ./User/DataModel.o
                0x000000000000082a                ProgramOptionByteData
 .text.WriteRegAfterDelay
                0x0000000000000948       0x5a ./User/DataModel.o
                0x0000000000000948                WriteRegAfterDelay
 .text.WriteReg
                0x00000000000009a2       0x50 ./User/DataModel.o
                0x00000000000009a2                WriteReg
 .text.vGetBitrate
                0x00000000000009f2       0x10 ./User/DataModel.o
                0x00000000000009f2                vGetBitrate
 .text.vFDGetNMTState
                0x0000000000000a02        0x6 ./User/DataModel.o
                0x0000000000000a02                vFDGetNMTState
 .text.vGetNodeId
                0x0000000000000a08        0xe ./User/DataModel.o
                0x0000000000000a08                vGetNodeId
 .text.vSetNodeID
                0x0000000000000a16        0xc ./User/DataModel.o
                0x0000000000000a16                vSetNodeID
 .text.vDataModelRegDelayWrite
                0x0000000000000a22       0x4c ./User/DataModel.o
                0x0000000000000a22                vDataModelRegDelayWrite
 .text.vIncrementSystemCounters
                0x0000000000000a6e       0x9c ./User/DataModel.o
                0x0000000000000a6e                vIncrementSystemCounters
 .text.vSaveData
                0x0000000000000b0a       0x16 ./User/DataModel.o
                0x0000000000000b0a                vSaveData
 .text.getOdometr
                0x0000000000000b20       0x14 ./User/DataModel.o
                0x0000000000000b20                getOdometr
 .text.getOdometr1
                0x0000000000000b34       0x14 ./User/DataModel.o
                0x0000000000000b34                getOdometr1
 .text.ResrtOdometr1
                0x0000000000000b48        0xe ./User/DataModel.o
                0x0000000000000b48                ResrtOdometr1
 .text.NMI_Handler
                0x0000000000000b56        0x2 ./User/ch32v20x_it.o
                0x0000000000000b56                NMI_Handler
 .text.HardFault_Handler
                0x0000000000000b58        0x2 ./User/ch32v20x_it.o
                0x0000000000000b58                HardFault_Handler
 .text.SegPrint
                0x0000000000000b5a       0x5a ./User/dash_draw.o
 .text.vCheckKeySatate
                0x0000000000000bb4       0x80 ./User/dash_draw.o
 .text.vSetErrorReg
                0x0000000000000c34        0xa ./User/dash_draw.o
                0x0000000000000c34                vSetErrorReg
 .text.getODValue
                0x0000000000000c3e      0x1bc ./User/dash_draw.o
                0x0000000000000c3e                getODValue
 .text.IncMenuIndex
                0x0000000000000dfa       0x80 ./User/dash_draw.o
                0x0000000000000dfa                IncMenuIndex
 .text.GoToHome
                0x0000000000000e7a       0x12 ./User/dash_draw.o
                0x0000000000000e7a                GoToHome
 .text.SetCurMenuHome
                0x0000000000000e8c       0x36 ./User/dash_draw.o
                0x0000000000000e8c                SetCurMenuHome
 .text.GetCurMenuHome
                0x0000000000000ec2        0x6 ./User/dash_draw.o
                0x0000000000000ec2                GetCurMenuHome
 .text.SetCurrentMenu
                0x0000000000000ec8       0x12 ./User/dash_draw.o
                0x0000000000000ec8                SetCurrentMenu
 .text.SetDefault
                0x0000000000000eda       0x2a ./User/dash_draw.o
                0x0000000000000eda                SetDefault
 .text.MenuBackHomeCheck
                0x0000000000000f04       0x38 ./User/dash_draw.o
                0x0000000000000f04                MenuBackHomeCheck
 .text.CheckMenuChannel
                0x0000000000000f3c       0x20 ./User/dash_draw.o
                0x0000000000000f3c                CheckMenuChannel
 .text.vMenuBlink
                0x0000000000000f5c       0x4a ./User/dash_draw.o
                0x0000000000000f5c                vMenuBlink
 .text.SetErrorRegiter
                0x0000000000000fa6       0x5e ./User/dash_draw.o
                0x0000000000000fa6                SetErrorRegiter
 .text.uGetCurrMenu
                0x0000000000001004       0x26 ./User/dash_draw.o
                0x0000000000001004                uGetCurrMenu
 .text.vGetEdgeData
                0x000000000000102a       0x2a ./User/dash_draw.o
                0x000000000000102a                vGetEdgeData
 .text.CheckLedState
                0x0000000000001054       0xce ./User/dash_draw.o
 .text.vRGBMode
                0x0000000000001122       0xa4 ./User/dash_draw.o
                0x0000000000001122                vRGBMode
 .text.vBarColorMode
                0x00000000000011c6       0xc2 ./User/dash_draw.o
                0x00000000000011c6                vBarColorMode
 .text.vBarMode
                0x0000000000001288       0x36 ./User/dash_draw.o
                0x0000000000001288                vBarMode
 .text.vRedrawTask
                0x00000000000012be      0x4c0 ./User/dash_draw.o
                0x00000000000012be                vRedrawTask
 .text.HardwareDeinit
                0x000000000000177e       0x2a ./User/init.o
                0x000000000000177e                HardwareDeinit
 .text.SoftwareReset
                0x00000000000017a8       0x14 ./User/init.o
                0x00000000000017a8                SoftwareReset
 .text.ADC1_Event
                0x00000000000017bc       0x44 ./User/inputs.o
                0x00000000000017bc                ADC1_Event
 .text.CaptureDMACallBack
                0x0000000000001800       0x22 ./User/inputs.o
                0x0000000000001800                CaptureDMACallBack
 .text.CaptureDMACallBack_1
                0x0000000000001822       0x22 ./User/inputs.o
                0x0000000000001822                CaptureDMACallBack_1
 .text.fDinStateCallback
                0x0000000000001844       0x32 ./User/inputs.o
                0x0000000000001844                fDinStateCallback
 .text.getInputsTaskHandle
                0x0000000000001876        0xa ./User/inputs.o
                0x0000000000001876                getInputsTaskHandle
 .text.ADC_FSM  0x0000000000001880      0x200 ./User/inputs.o
                0x0000000000001880                ADC_FSM
 .text.GetAIN   0x0000000000001a80        0xc ./User/inputs.o
                0x0000000000001a80                GetAIN
 .text.InputsGetTest
                0x0000000000001a8c       0x44 ./User/inputs.o
                0x0000000000001a8c                InputsGetTest
 .text.vInputsTask
                0x0000000000001ad0      0x1d8 ./User/inputs.o
                0x0000000000001ad0                vInputsTask
 .text.SPI1_DMA_Callback
                0x0000000000001ca8       0x2e ./User/led.o
                0x0000000000001ca8                SPI1_DMA_Callback
 .text.SPI2_DMA_Callback
                0x0000000000001cd6       0x2e ./User/led.o
                0x0000000000001cd6                SPI2_DMA_Callback
 .text.SetBarState
                0x0000000000001d04       0x50 ./User/led.o
                0x0000000000001d04                SetBarState
 .text.SetRGB   0x0000000000001d54       0x4e ./User/led.o
                0x0000000000001d54                SetRGB
 .text.SetSegDirect
                0x0000000000001da2       0x9c ./User/led.o
                0x0000000000001da2                SetSegDirect
 .text.SetSegPoint
                0x0000000000001e3e       0x22 ./User/led.o
                0x0000000000001e3e                SetSegPoint
 .text.SetSEG   0x0000000000001e60      0x11a ./User/led.o
                0x0000000000001e60                SetSEG
 .text.SetBigSeg
                0x0000000000001f7a       0x14 ./User/led.o
                0x0000000000001f7a                SetBigSeg
 .text.vSetBrigth
                0x0000000000001f8e       0x28 ./User/led.o
                0x0000000000001f8e                vSetBrigth
 .text.vLedProcess
                0x0000000000001fb6       0x1e ./User/led.o
                0x0000000000001fb6                vLedProcess
 .text.vRGBProcess
                0x0000000000001fd4       0xe2 ./User/led.o
                0x0000000000001fd4                vRGBProcess
 .text.startup.main
                0x00000000000020b6       0x3c ./User/main.o
                0x00000000000020b6                main
 .text.vRestartNode
                0x00000000000020f2        0x2 ./User/main.o
                0x00000000000020f2                vRestartNode
 .text.Error_Handler
                0x00000000000020f4       0x18 ./User/main.o
                0x00000000000020f4                Error_Handler
 .text.OD_writeRGBMAP
                0x000000000000210c       0x30 ./User/process.o
 .text.OD_writeKEY
                0x000000000000213c       0x34 ./User/process.o
 .text.OD_writeHister
                0x0000000000002170       0x26 ./User/process.o
 .text.OD_readRGBMAP
                0x0000000000002196       0x22 ./User/process.o
 .text.OD_readHister
                0x00000000000021b8       0x22 ./User/process.o
 .text.OD_readDIN
                0x00000000000021da       0x1c ./User/process.o
 .text.OD_writeMenuSetup
                0x00000000000021f6       0x46 ./User/process.o
 .text.OD_writeBoardSettings
                0x000000000000223c       0xc2 ./User/process.o
 .text.OD_readBoardSettings
                0x00000000000022fe       0x5e ./User/process.o
 .text.CO_getUint16
                0x000000000000235c       0x10 ./User/process.o
 .text.OD_writeSEG
                0x000000000000236c       0x44 ./User/process.o
 .text.OD_writeBAR
                0x00000000000023b0       0x30 ./User/process.o
 .text.OD_writeRPMConfig
                0x00000000000023e0       0x36 ./User/process.o
 .text.CO_getUint32
                0x0000000000002416       0x18 ./User/process.o
 .text.OD_writeMenuMap
                0x000000000000242e       0x30 ./User/process.o
 .text.OD_writeV1_14
                0x000000000000245e       0x56 ./User/process.o
 .text.OD_writeDashParam
                0x00000000000024b4       0x70 ./User/process.o
 .text.WriteRGB.isra.2
                0x0000000000002524       0x3a ./User/process.o
 .text.OD_writeRGB1
                0x000000000000255e       0x14 ./User/process.o
 .text.OD_writeRGB2
                0x0000000000002572       0x16 ./User/process.o
 .text.OD_writeRGB3
                0x0000000000002588       0x16 ./User/process.o
 .text.OD_writeRGB4
                0x000000000000259e       0x16 ./User/process.o
 .text.OD_writeRGB5
                0x00000000000025b4       0x16 ./User/process.o
 .text.OD_writeRGB6
                0x00000000000025ca       0x16 ./User/process.o
 .text.OD_writeRGB7
                0x00000000000025e0       0x16 ./User/process.o
 .text.OD_writeRGB8
                0x00000000000025f6       0x16 ./User/process.o
 .text.OD_writeRGB9
                0x000000000000260c       0x16 ./User/process.o
 .text.OD_writeRGB10
                0x0000000000002622       0x16 ./User/process.o
 .text.OD_writeRGB11
                0x0000000000002638       0x16 ./User/process.o
 .text.OD_writeRGB12
                0x000000000000264e       0x16 ./User/process.o
 .text.OD_writeRGB13
                0x0000000000002664       0x16 ./User/process.o
 .text.OD_writeRGB14
                0x000000000000267a       0x16 ./User/process.o
 .text.OD_writeICHC
                0x0000000000002690       0x4c ./User/process.o
 .text.OD_readKEY
                0x00000000000026dc       0x24 ./User/process.o
 .text.OD_readMenuSetup
                0x0000000000002700       0x30 ./User/process.o
 .text.writeADC.isra.11
                0x0000000000002730       0xb6 ./User/process.o
 .text.OD_writeADC1
                0x00000000000027e6       0x10 ./User/process.o
 .text.OD_writeADC2
                0x00000000000027f6       0x10 ./User/process.o
 .text.OD_writeADC3
                0x0000000000002806       0x10 ./User/process.o
 .text.OD_readRGB.isra.8
                0x0000000000002816       0x22 ./User/process.o
 .text.OD_readRGB1
                0x0000000000002838       0x14 ./User/process.o
 .text.OD_readRGB2
                0x000000000000284c       0x16 ./User/process.o
 .text.OD_readRGB3
                0x0000000000002862       0x16 ./User/process.o
 .text.OD_readRGB4
                0x0000000000002878       0x16 ./User/process.o
 .text.OD_readRGB5
                0x000000000000288e       0x16 ./User/process.o
 .text.OD_readRGB6
                0x00000000000028a4       0x16 ./User/process.o
 .text.OD_readRGB7
                0x00000000000028ba       0x16 ./User/process.o
 .text.OD_readRGB8
                0x00000000000028d0       0x16 ./User/process.o
 .text.OD_readRGB9
                0x00000000000028e6       0x16 ./User/process.o
 .text.OD_readRGB10
                0x00000000000028fc       0x16 ./User/process.o
 .text.OD_readRGB11
                0x0000000000002912       0x16 ./User/process.o
 .text.OD_readRGB12
                0x0000000000002928       0x16 ./User/process.o
 .text.OD_readRGB13
                0x000000000000293e       0x16 ./User/process.o
 .text.OD_readRGB14
                0x0000000000002954       0x16 ./User/process.o
 .text.OD_readSEG
                0x000000000000296a       0x34 ./User/process.o
 .text.OD_readDashParam
                0x000000000000299e       0x5a ./User/process.o
 .text.OD_readAIN_RPM
                0x00000000000029f8       0x26 ./User/process.o
 .text.OD_readICHC
                0x0000000000002a1e       0x4e ./User/process.o
 .text.OD_readRPMConfig
                0x0000000000002a6c       0x2a ./User/process.o
 .text.OD_readBar
                0x0000000000002a96       0x28 ./User/process.o
 .text.OD_readMenuMap
                0x0000000000002abe       0x2c ./User/process.o
 .text.readADC.isra.4
                0x0000000000002aea       0x5a ./User/process.o
 .text.OD_readADC1
                0x0000000000002b44       0x10 ./User/process.o
 .text.OD_readADC2
                0x0000000000002b54       0x10 ./User/process.o
 .text.OD_readADC3
                0x0000000000002b64       0x10 ./User/process.o
 .text.SystemInit
                0x0000000000002b74       0xea ./User/system_ch32v20x.o
                0x0000000000002b74                SystemInit
 .text.SystemCoreClockUpdate
                0x0000000000002c5e       0x8e ./User/system_ch32v20x.o
                0x0000000000002c5e                SystemCoreClockUpdate
 .text.StartDefaultTask
                0x0000000000002cec      0x11a ./User/system_init.o
 .text.vApplicationGetIdleTaskMemory
                0x0000000000002e06       0x1c ./User/system_init.o
                0x0000000000002e06                vApplicationGetIdleTaskMemory
 .text.vSystemStop
                0x0000000000002e22       0x26 ./User/system_init.o
                0x0000000000002e22                vSystemStop
 .text.vector_handler
                0x0000000000002e48       0x6c ./Startup/startup_ch32v20x_D6.o
                0x0000000000002e4c                Ecall_M_Mode_Handler
                0x0000000000002e4e                Ecall_U_Mode_Handler
                0x0000000000002e50                Break_Point_Handler
                0x0000000000002e56                WWDG_IRQHandler
                0x0000000000002e58                PVD_IRQHandler
                0x0000000000002e5a                TAMPER_IRQHandler
                0x0000000000002e5e                FLASH_IRQHandler
                0x0000000000002e60                RCC_IRQHandler
                0x0000000000002e62                EXTI0_IRQHandler
                0x0000000000002e64                EXTI1_IRQHandler
                0x0000000000002e66                EXTI2_IRQHandler
                0x0000000000002e68                EXTI3_IRQHandler
                0x0000000000002e6a                EXTI4_IRQHandler
                0x0000000000002e6e                DMA1_Channel2_IRQHandler
                0x0000000000002e76                DMA1_Channel6_IRQHandler
                0x0000000000002e84                EXTI9_5_IRQHandler
                0x0000000000002e86                TIM1_BRK_IRQHandler
                0x0000000000002e88                TIM1_UP_IRQHandler
                0x0000000000002e8a                TIM1_TRG_COM_IRQHandler
                0x0000000000002e8c                TIM1_CC_IRQHandler
                0x0000000000002e8e                TIM2_IRQHandler
                0x0000000000002e90                TIM3_IRQHandler
                0x0000000000002e98                I2C2_EV_IRQHandler
                0x0000000000002e9a                I2C2_ER_IRQHandler
                0x0000000000002e9c                SPI1_IRQHandler
                0x0000000000002e9e                SPI2_IRQHandler
                0x0000000000002ea0                USART1_IRQHandler
                0x0000000000002ea2                USART2_IRQHandler
                0x0000000000002ea4                USART3_IRQHandler
                0x0000000000002ea6                EXTI15_10_IRQHandler
                0x0000000000002ea8                RTCAlarm_IRQHandler
                0x0000000000002eaa                USBWakeUp_IRQHandler
                0x0000000000002eac                USBHD_IRQHandler
                0x0000000000002eae                USBHDWakeUp_IRQHandler
                0x0000000000002eb0                UART4_IRQHandler
                0x0000000000002eb2                DMA1_Channel8_IRQHandler
 .text.handle_reset
                0x0000000000002eb4       0x92 ./Startup/startup_ch32v20x_D6.o
                0x0000000000002eb4                handle_reset
 .text.ADC_Cmd  0x0000000000002f46       0x10 ./Peripheral/src/ch32v20x_adc.o
                0x0000000000002f46                ADC_Cmd
 .text.ADC_GetResetCalibrationStatus
                0x0000000000002f56        0x8 ./Peripheral/src/ch32v20x_adc.o
                0x0000000000002f56                ADC_GetResetCalibrationStatus
 .text.ADC_GetCalibrationStatus
                0x0000000000002f5e        0x8 ./Peripheral/src/ch32v20x_adc.o
                0x0000000000002f5e                ADC_GetCalibrationStatus
 .text.ADC_GetITStatus
                0x0000000000002f66       0x1c ./Peripheral/src/ch32v20x_adc.o
                0x0000000000002f66                ADC_GetITStatus
 .text.ADC_ClearITPendingBit
                0x0000000000002f82        0xa ./Peripheral/src/ch32v20x_adc.o
                0x0000000000002f82                ADC_ClearITPendingBit
 .text.Get_CalibrationValue
                0x0000000000002f8c      0x1fe ./Peripheral/src/ch32v20x_adc.o
                0x0000000000002f8c                Get_CalibrationValue
 .text.DMA_GetFlagStatus
                0x000000000000318a        0xe ./Peripheral/src/ch32v20x_dma.o
                0x000000000000318a                DMA_GetFlagStatus
 .text.DMA_GetITStatus
                0x0000000000003198        0xc ./Peripheral/src/ch32v20x_dma.o
                0x0000000000003198                DMA_GetITStatus
 .text.DMA_ClearITPendingBit
                0x00000000000031a4        0x8 ./Peripheral/src/ch32v20x_dma.o
                0x00000000000031a4                DMA_ClearITPendingBit
 .text.FLASH_GetBank1Status
                0x00000000000031ac       0x18 ./Peripheral/src/ch32v20x_flash.o
                0x00000000000031ac                FLASH_GetBank1Status
 .text.FLASH_WaitForLastOperation
                0x00000000000031c4       0x24 ./Peripheral/src/ch32v20x_flash.o
                0x00000000000031c4                FLASH_WaitForLastOperation
 .text.GPIO_Init
                0x00000000000031e8       0xfa ./Peripheral/src/ch32v20x_gpio.o
                0x00000000000031e8                GPIO_Init
 .text.GPIO_PinRemapConfig
                0x00000000000032e2       0xf2 ./Peripheral/src/ch32v20x_gpio.o
                0x00000000000032e2                GPIO_PinRemapConfig
 .text.I2C_DualAddressCmd
                0x00000000000033d4       0x18 ./Peripheral/src/ch32v20x_i2c.o
                0x00000000000033d4                I2C_DualAddressCmd
 .text.I2C_ClearFlag
                0x00000000000033ec        0xc ./Peripheral/src/ch32v20x_i2c.o
                0x00000000000033ec                I2C_ClearFlag
 .text.RCC_LSEConfig
                0x00000000000033f8       0x28 ./Peripheral/src/ch32v20x_rcc.o
                0x00000000000033f8                RCC_LSEConfig
 .text.RCC_GetClocksFreq
                0x0000000000003420       0xbe ./Peripheral/src/ch32v20x_rcc.o
                0x0000000000003420                RCC_GetClocksFreq
 .text.RCC_APB2PeriphClockCmd
                0x00000000000034de       0x1e ./Peripheral/src/ch32v20x_rcc.o
                0x00000000000034de                RCC_APB2PeriphClockCmd
 .text.RCC_GetFlagStatus
                0x00000000000034fc       0x2e ./Peripheral/src/ch32v20x_rcc.o
                0x00000000000034fc                RCC_GetFlagStatus
 .text.RTC_EnterConfigMode
                0x000000000000352a       0x12 ./Peripheral/src/ch32v20x_rtc.o
                0x000000000000352a                RTC_EnterConfigMode
 .text.RTC_ExitConfigMode
                0x000000000000353c       0x18 ./Peripheral/src/ch32v20x_rtc.o
                0x000000000000353c                RTC_ExitConfigMode
 .text.RTC_GetCounter
                0x0000000000003554       0x36 ./Peripheral/src/ch32v20x_rtc.o
                0x0000000000003554                RTC_GetCounter
 .text.RTC_SetCounter
                0x000000000000358a       0x2c ./Peripheral/src/ch32v20x_rtc.o
                0x000000000000358a                RTC_SetCounter
 .text.RTC_SetPrescaler
                0x00000000000035b6       0x2e ./Peripheral/src/ch32v20x_rtc.o
                0x00000000000035b6                RTC_SetPrescaler
 .text.RTC_WaitForLastTask
                0x00000000000035e4       0x10 ./Peripheral/src/ch32v20x_rtc.o
                0x00000000000035e4                RTC_WaitForLastTask
 .text.RTC_WaitForSynchro
                0x00000000000035f4       0x24 ./Peripheral/src/ch32v20x_rtc.o
                0x00000000000035f4                RTC_WaitForSynchro
 .text.TIM_OC1Init
                0x0000000000003618       0x6a ./Peripheral/src/ch32v20x_tim.o
                0x0000000000003618                TIM_OC1Init
 .text.TIM_OC2Init
                0x0000000000003682       0x96 ./Peripheral/src/ch32v20x_tim.o
                0x0000000000003682                TIM_OC2Init
 .text.TIM_OC3Init
                0x0000000000003718       0x94 ./Peripheral/src/ch32v20x_tim.o
                0x0000000000003718                TIM_OC3Init
 .text.TIM_OC4Init
                0x00000000000037ac       0x6c ./Peripheral/src/ch32v20x_tim.o
                0x00000000000037ac                TIM_OC4Init
 .text.TIM_OC1PreloadConfig
                0x0000000000003818        0xe ./Peripheral/src/ch32v20x_tim.o
                0x0000000000003818                TIM_OC1PreloadConfig
 .text.TIM_OC2PreloadConfig
                0x0000000000003826       0x16 ./Peripheral/src/ch32v20x_tim.o
                0x0000000000003826                TIM_OC2PreloadConfig
 .text.TIM_OC3PreloadConfig
                0x000000000000383c        0xe ./Peripheral/src/ch32v20x_tim.o
                0x000000000000383c                TIM_OC3PreloadConfig
 .text.TIM_OC4PreloadConfig
                0x000000000000384a       0x16 ./Peripheral/src/ch32v20x_tim.o
                0x000000000000384a                TIM_OC4PreloadConfig
 .text.TIM_GetITStatus
                0x0000000000003860       0x18 ./Peripheral/src/ch32v20x_tim.o
                0x0000000000003860                TIM_GetITStatus
 .text.USART_Init
                0x0000000000003878       0xbc ./Peripheral/src/ch32v20x_usart.o
                0x0000000000003878                USART_Init
 .text.USART_Cmd
                0x0000000000003934       0x16 ./Peripheral/src/ch32v20x_usart.o
                0x0000000000003934                USART_Cmd
 .text.USART_SendData
                0x000000000000394a        0x8 ./Peripheral/src/ch32v20x_usart.o
                0x000000000000394a                USART_SendData
 .text.USART_GetFlagStatus
                0x0000000000003952        0xa ./Peripheral/src/ch32v20x_usart.o
                0x0000000000003952                USART_GetFlagStatus
 .text.vRCFilterConfig
                0x000000000000395c       0x2e ./HAL_LIB/filters.o
                0x000000000000395c                vRCFilterConfig
 .text.AddBufferData
                0x000000000000398a       0x20 ./HAL_LIB/filters.o
                0x000000000000398a                AddBufferData
 .text.GetConversional
                0x00000000000039aa       0x4a ./HAL_LIB/filters.o
                0x00000000000039aa                GetConversional
 .text.GetDataRegister
                0x00000000000039f4        0xa ./HAL_LIB/hw_data_model.o
                0x00000000000039f4                GetDataRegister
 .text.GetRegisterAddr
                0x00000000000039fe        0xc ./HAL_LIB/hw_data_model.o
                0x00000000000039fe                GetRegisterAddr
 .text.ClearDataModel
                0x0000000000003a0a       0x1a ./HAL_LIB/hw_data_model.o
                0x0000000000003a0a                ClearDataModel
 .text.setReg32
                0x0000000000003a24       0x1e ./HAL_LIB/hw_data_model.o
                0x0000000000003a24                setReg32
 .text.setReg16
                0x0000000000003a42       0x12 ./HAL_LIB/hw_data_model.o
                0x0000000000003a42                setReg16
 .text.setReg8  0x0000000000003a54        0xe ./HAL_LIB/hw_data_model.o
                0x0000000000003a54                setReg8
 .text.getReg16
                0x0000000000003a62       0x14 ./HAL_LIB/hw_data_model.o
                0x0000000000003a62                getReg16
 .text.getReg32
                0x0000000000003a76       0x20 ./HAL_LIB/hw_data_model.o
                0x0000000000003a76                getReg32
 .text.getReg8  0x0000000000003a96        0xe ./HAL_LIB/hw_data_model.o
                0x0000000000003a96                getReg8
 .text.fGetAinCalData
                0x0000000000003aa4       0x7a ./HAL_LIB/hw_lib_adc.o
                0x0000000000003aa4                fGetAinCalData
 .text.eAinCalDataConfig
                0x0000000000003b1e       0x50 ./HAL_LIB/hw_lib_adc.o
                0x0000000000003b1e                eAinCalDataConfig
 .text.vABLineKoofFinde
                0x0000000000003b6e       0x6a ./HAL_LIB/hw_lib_adc.o
                0x0000000000003b6e                vABLineKoofFinde
 .text.eSetAinCalPoint
                0x0000000000003bd8       0x64 ./HAL_LIB/hw_lib_adc.o
                0x0000000000003bd8                eSetAinCalPoint
 .text.getADC1Buffer
                0x0000000000003c3c        0xa ./HAL_LIB/hw_lib_adc.o
                0x0000000000003c3c                getADC1Buffer
 .text.uGetDIN  0x0000000000003c46       0x14 ./HAL_LIB/hw_lib_din.o
                0x0000000000003c46                uGetDIN
 .text.eRPMConfig
                0x0000000000003c5a       0x5a ./HAL_LIB/hw_lib_din.o
                0x0000000000003c5a                eRPMConfig
 .text.RMPDataConvert
                0x0000000000003cb4       0x4e ./HAL_LIB/hw_lib_din.o
                0x0000000000003cb4                RMPDataConvert
 .text.GetRPM   0x0000000000003d02       0x7a ./HAL_LIB/hw_lib_din.o
                0x0000000000003d02                GetRPM
 .text.vDinDoutProcess
                0x0000000000003d7c       0x88 ./HAL_LIB/hw_lib_din.o
                0x0000000000003d7c                vDinDoutProcess
 .text.getCaputreBuffer
                0x0000000000003e04       0x16 ./HAL_LIB/hw_lib_din.o
                0x0000000000003e04                getCaputreBuffer
 .text.I2C_FSM  0x0000000000003e1a      0x198 ./HAL_LIB/hw_lib_eeprom_i2c.o
                0x0000000000003e1a                I2C_FSM
 .text.eEEPROMWrFast
                0x0000000000003fb2      0x102 ./HAL_LIB/hw_lib_eeprom_i2c.o
                0x0000000000003fb2                eEEPROMWrFast
 .text.eEEPROMWr
                0x00000000000040b4       0xe0 ./HAL_LIB/hw_lib_eeprom_i2c.o
                0x00000000000040b4                eEEPROMWr
 .text.eEEPROMRd
                0x0000000000004194       0x8a ./HAL_LIB/hw_lib_eeprom_i2c.o
                0x0000000000004194                eEEPROMRd
 .text.vHW_INIT_TIMEOUT
                0x000000000000421e       0x1c ./HAL_LIB/hw_timeout.o
                0x000000000000421e                vHW_INIT_TIMEOUT
 .text.vHW_PROCESS_TIMEOUT
                0x000000000000423a       0x26 ./HAL_LIB/hw_timeout.o
                0x000000000000423a                vHW_PROCESS_TIMEOUT
 .text.HAL_CANSetTXCallback
                0x0000000000004260        0xa ./HAL_DRIVER/hal_can_ch32.o
                0x0000000000004260                HAL_CANSetTXCallback
 .text.HAL_CANSetRXCallback
                0x000000000000426a        0xa ./HAL_DRIVER/hal_can_ch32.o
                0x000000000000426a                HAL_CANSetRXCallback
 .text.HAL_CANSetERRCallback
                0x0000000000004274        0xa ./HAL_DRIVER/hal_can_ch32.o
                0x0000000000004274                HAL_CANSetERRCallback
 .text.HAL_CANSend
                0x000000000000427e       0xae ./HAL_DRIVER/hal_can_ch32.o
                0x000000000000427e                HAL_CANSend
 .text.HAL_CANGetRXMessage
                0x000000000000432c       0xb0 ./HAL_DRIVER/hal_can_ch32.o
                0x000000000000432c                HAL_CANGetRXMessage
 .text.USB_HP_CAN1_TX_IRQHandler
                0x00000000000043dc       0x60 ./HAL_DRIVER/hal_can_ch32.o
                0x00000000000043dc                USB_HP_CAN1_TX_IRQHandler
 .text.USB_LP_CAN1_RX0_IRQHandler
                0x000000000000443c       0x5e ./HAL_DRIVER/hal_can_ch32.o
                0x000000000000443c                USB_LP_CAN1_RX0_IRQHandler
 .text.CAN1_RX1_IRQHandler
                0x000000000000449a       0x5e ./HAL_DRIVER/hal_can_ch32.o
                0x000000000000449a                CAN1_RX1_IRQHandler
 .text.CAN1_SCE_IRQHandler
                0x00000000000044f8       0x5c ./HAL_DRIVER/hal_can_ch32.o
                0x00000000000044f8                CAN1_SCE_IRQHandler
 .text.HAL_GetBit
                0x0000000000004554        0xa ./HAL_DRIVER/hal_gpio_ch32.o
                0x0000000000004554                HAL_GetBit
 .text.HAL_SetBit
                0x000000000000455e        0x4 ./HAL_DRIVER/hal_gpio_ch32.o
                0x000000000000455e                HAL_SetBit
 .text.HAL_ResetBit
                0x0000000000004562        0x4 ./HAL_DRIVER/hal_gpio_ch32.o
                0x0000000000004562                HAL_ResetBit
 .text.RTC_IRQHandler
                0x0000000000004566       0x78 ./HAL_DRIVER/hal_rtc_ch32.o
                0x0000000000004566                RTC_IRQHandler
 .text.HAL_WDTReset
                0x00000000000045de        0xe ./HAL_DRIVER/hal_wdt_ch32.o
                0x00000000000045de                HAL_WDTReset
 .text.prvInsertBlockIntoFreeList
                0x00000000000045ec       0x4c ./FreeRTOS/portable/MemMang/heap_4.o
 .text.pvPortMalloc
                0x0000000000004638      0x18a ./FreeRTOS/portable/MemMang/heap_4.o
                0x0000000000004638                pvPortMalloc
 .text.vPortSetupTimerInterrupt
                0x00000000000047c2       0x3e ./FreeRTOS/portable/GCC/RISC-V/port.o
                0x00000000000047c2                vPortSetupTimerInterrupt
 .text.xPortStartScheduler
                0x0000000000004800       0x90 ./FreeRTOS/portable/GCC/RISC-V/port.o
                0x0000000000004800                xPortStartScheduler
 .text.SysTick_Handler
                0x0000000000004890       0x7c ./FreeRTOS/portable/GCC/RISC-V/port.o
                0x0000000000004890                SysTick_Handler
 .text.vPortEnterCritical
                0x000000000000490c       0x16 ./FreeRTOS/portable/GCC/RISC-V/port.o
                0x000000000000490c                vPortEnterCritical
 .text.vPortExitCritical
                0x0000000000004922       0x42 ./FreeRTOS/portable/GCC/RISC-V/port.o
                0x0000000000004922                vPortExitCritical
 .text.xPortSetInterruptMask
                0x0000000000004964        0xc ./FreeRTOS/portable/GCC/RISC-V/port.o
                0x0000000000004964                xPortSetInterruptMask
 .text.vPortClearInterruptMask
                0x0000000000004970        0x6 ./FreeRTOS/portable/GCC/RISC-V/port.o
                0x0000000000004970                vPortClearInterruptMask
 .text.vListInitialise
                0x0000000000004976       0x14 ./FreeRTOS/list.o
                0x0000000000004976                vListInitialise
 .text.vListInitialiseItem
                0x000000000000498a        0x6 ./FreeRTOS/list.o
                0x000000000000498a                vListInitialiseItem
 .text.vListInsertEnd
                0x0000000000004990       0x18 ./FreeRTOS/list.o
                0x0000000000004990                vListInsertEnd
 .text.vListInsert
                0x00000000000049a8       0x2e ./FreeRTOS/list.o
                0x00000000000049a8                vListInsert
 .text.uxListRemove
                0x00000000000049d6       0x20 ./FreeRTOS/list.o
                0x00000000000049d6                uxListRemove
 .text.prvIsQueueEmpty
                0x00000000000049f6       0x1e ./FreeRTOS/queue.o
 .text.prvCopyDataToQueue
                0x0000000000004a14       0x72 ./FreeRTOS/queue.o
 .text.prvCopyDataFromQueue
                0x0000000000004a86       0x28 ./FreeRTOS/queue.o
 .text.prvUnlockQueue
                0x0000000000004aae       0x76 ./FreeRTOS/queue.o
 .text.xQueueGenericReset
                0x0000000000004b24       0xc4 ./FreeRTOS/queue.o
                0x0000000000004b24                xQueueGenericReset
 .text.xQueueGenericCreateStatic
                0x0000000000004be8       0xae ./FreeRTOS/queue.o
                0x0000000000004be8                xQueueGenericCreateStatic
 .text.xQueueGenericCreate
                0x0000000000004c96       0x72 ./FreeRTOS/queue.o
                0x0000000000004c96                xQueueGenericCreate
 .text.xQueueGenericSend
                0x0000000000004d08      0x178 ./FreeRTOS/queue.o
                0x0000000000004d08                xQueueGenericSend
 .text.xQueueGiveMutexRecursive
                0x0000000000004e80       0x56 ./FreeRTOS/queue.o
                0x0000000000004e80                xQueueGiveMutexRecursive
 .text.xQueueCreateMutex
                0x0000000000004ed6       0x2e ./FreeRTOS/queue.o
                0x0000000000004ed6                xQueueCreateMutex
 .text.xQueueReceive
                0x0000000000004f04      0x138 ./FreeRTOS/queue.o
                0x0000000000004f04                xQueueReceive
 .text.xQueueSemaphoreTake
                0x000000000000503c      0x18e ./FreeRTOS/queue.o
                0x000000000000503c                xQueueSemaphoreTake
 .text.xQueueTakeMutexRecursive
                0x00000000000051ca       0x5a ./FreeRTOS/queue.o
                0x00000000000051ca                xQueueTakeMutexRecursive
 .text.uxQueueMessagesWaiting
                0x0000000000005224       0x44 ./FreeRTOS/queue.o
                0x0000000000005224                uxQueueMessagesWaiting
 .text.prvIdleTask
                0x0000000000005268        0x2 ./FreeRTOS/tasks.o
 .text.prvAddNewTaskToReadyList
                0x000000000000526a      0x10e ./FreeRTOS/tasks.o
 .text.prvResetNextTaskUnblockTime
                0x0000000000005378       0x24 ./FreeRTOS/tasks.o
 .text.prvTaskIsTaskSuspended
                0x000000000000539c       0x50 ./FreeRTOS/tasks.o
 .text.prvInitialiseNewTask.isra.2
                0x00000000000053ec       0xc8 ./FreeRTOS/tasks.o
 .text.prvAddCurrentTaskToDelayedList
                0x00000000000054b4       0xa8 ./FreeRTOS/tasks.o
 .text.xTaskCreateStatic
                0x000000000000555c       0xa6 ./FreeRTOS/tasks.o
                0x000000000000555c                xTaskCreateStatic
 .text.vTaskResume
                0x0000000000005602       0xaa ./FreeRTOS/tasks.o
                0x0000000000005602                vTaskResume
 .text.vTaskStartScheduler
                0x00000000000056ac       0x60 ./FreeRTOS/tasks.o
                0x00000000000056ac                vTaskStartScheduler
 .text.vTaskSuspendAll
                0x000000000000570c       0x10 ./FreeRTOS/tasks.o
                0x000000000000570c                vTaskSuspendAll
 .text.xTaskGetTickCount
                0x000000000000571c        0x6 ./FreeRTOS/tasks.o
                0x000000000000571c                xTaskGetTickCount
 .text.xTaskIncrementTick
                0x0000000000005722      0x19c ./FreeRTOS/tasks.o
                0x0000000000005722                xTaskIncrementTick
 .text.xTaskResumeAll
                0x00000000000058be      0x158 ./FreeRTOS/tasks.o
                0x00000000000058be                xTaskResumeAll
 .text.vTaskDelay
                0x0000000000005a16       0x66 ./FreeRTOS/tasks.o
                0x0000000000005a16                vTaskDelay
 .text.vTaskSwitchContext
                0x0000000000005a7c       0x96 ./FreeRTOS/tasks.o
                0x0000000000005a7c                vTaskSwitchContext
 .text.vTaskSuspend
                0x0000000000005b12       0xea ./FreeRTOS/tasks.o
                0x0000000000005b12                vTaskSuspend
 .text.vTaskPlaceOnEventList
                0x0000000000005bfc       0x48 ./FreeRTOS/tasks.o
                0x0000000000005bfc                vTaskPlaceOnEventList
 .text.xTaskRemoveFromEventList
                0x0000000000005c44       0xe8 ./FreeRTOS/tasks.o
                0x0000000000005c44                xTaskRemoveFromEventList
 .text.vTaskInternalSetTimeOutState
                0x0000000000005d2c        0xe ./FreeRTOS/tasks.o
                0x0000000000005d2c                vTaskInternalSetTimeOutState
 .text.xTaskCheckForTimeOut
                0x0000000000005d3a       0xaa ./FreeRTOS/tasks.o
                0x0000000000005d3a                xTaskCheckForTimeOut
 .text.vTaskMissedYield
                0x0000000000005de4        0x8 ./FreeRTOS/tasks.o
                0x0000000000005de4                vTaskMissedYield
 .text.xTaskGetCurrentTaskHandle
                0x0000000000005dec        0xa ./FreeRTOS/tasks.o
                0x0000000000005dec                xTaskGetCurrentTaskHandle
 .text.xTaskPriorityInherit
                0x0000000000005df6       0xae ./FreeRTOS/tasks.o
                0x0000000000005df6                xTaskPriorityInherit
 .text.xTaskPriorityDisinherit
                0x0000000000005ea4       0xca ./FreeRTOS/tasks.o
                0x0000000000005ea4                xTaskPriorityDisinherit
 .text.vTaskPriorityDisinheritAfterTimeout
                0x0000000000005f6e       0xe6 ./FreeRTOS/tasks.o
                0x0000000000005f6e                vTaskPriorityDisinheritAfterTimeout
 .text.pvTaskIncrementMutexHeldCount
                0x0000000000006054       0x1c ./FreeRTOS/tasks.o
                0x0000000000006054                pvTaskIncrementMutexHeldCount
 .text.ulTaskGenericNotifyTake
                0x0000000000006070       0xb8 ./FreeRTOS/tasks.o
                0x0000000000006070                ulTaskGenericNotifyTake
 .text.xTaskGenericNotifyWait
                0x0000000000006128       0xe6 ./FreeRTOS/tasks.o
                0x0000000000006128                xTaskGenericNotifyWait
 .text.xTaskGenericNotifyFromISR
                0x000000000000620e      0x1ec ./FreeRTOS/tasks.o
                0x000000000000620e                xTaskGenericNotifyFromISR
 .text.Delay_Init
                0x00000000000063fa       0x2a ./Debug/debug.o
                0x00000000000063fa                Delay_Init
 .text.Delay_Ms
                0x0000000000006424       0x36 ./Debug/debug.o
                0x0000000000006424                Delay_Ms
 .text.USART_Printf_Init
                0x000000000000645a       0x5a ./Debug/debug.o
                0x000000000000645a                USART_Printf_Init
 .text._write   0x00000000000064b4       0x3e ./Debug/debug.o
                0x00000000000064b4                _write
 .text._sbrk    0x00000000000064f2       0x2a ./Debug/debug.o
                0x00000000000064f2                _sbrk
 .text.Get_ConversionVal
                0x000000000000651c       0x2a ./DRIVER/hal_adc_ch32.o
                0x000000000000651c                Get_ConversionVal
 .text.HAL_ADC_RegularChannelConfig
                0x0000000000006546       0x46 ./DRIVER/hal_adc_ch32.o
                0x0000000000006546                HAL_ADC_RegularChannelConfig
 .text.HAL_ADC_ContiniusScanCinvertionDMA
                0x000000000000658c       0xca ./DRIVER/hal_adc_ch32.o
                0x000000000000658c                HAL_ADC_ContiniusScanCinvertionDMA
 .text.HAL_ADC_StartDMA
                0x0000000000006656       0x42 ./DRIVER/hal_adc_ch32.o
                0x0000000000006656                HAL_ADC_StartDMA
 .text.ADC1_2_IRQHandler
                0x0000000000006698       0x70 ./DRIVER/hal_adc_ch32.o
                0x0000000000006698                ADC1_2_IRQHandler
 .text.DMA_IRQ  0x0000000000006708       0x3a ./DRIVER/hal_dma_ch32.o
 .text.HAL_DMA_Enable
                0x0000000000006742       0x18 ./DRIVER/hal_dma_ch32.o
                0x0000000000006742                HAL_DMA_Enable
 .text.HAL_DMA_Disable
                0x000000000000675a       0x1a ./DRIVER/hal_dma_ch32.o
                0x000000000000675a                HAL_DMA_Disable
 .text.HAL_DMAInitIT
                0x0000000000006774       0xa0 ./DRIVER/hal_dma_ch32.o
                0x0000000000006774                HAL_DMAInitIT
 .text.HAL_DMA_SetCounter
                0x0000000000006814       0x12 ./DRIVER/hal_dma_ch32.o
                0x0000000000006814                HAL_DMA_SetCounter
 .text.HAL_DMA_ITENABLE
                0x0000000000006826       0x16 ./DRIVER/hal_dma_ch32.o
                0x0000000000006826                HAL_DMA_ITENABLE
 .text.HAL_DMA_SetCouterAndEnable
                0x000000000000683c       0x1a ./DRIVER/hal_dma_ch32.o
                0x000000000000683c                HAL_DMA_SetCouterAndEnable
 .text.DMA1_Channel1_IRQHandler
                0x0000000000006856       0x4e ./DRIVER/hal_dma_ch32.o
                0x0000000000006856                DMA1_Channel1_IRQHandler
 .text.DMA1_Channel3_IRQHandler
                0x00000000000068a4       0x4e ./DRIVER/hal_dma_ch32.o
                0x00000000000068a4                DMA1_Channel3_IRQHandler
 .text.DMA1_Channel4_IRQHandler
                0x00000000000068f2       0x4e ./DRIVER/hal_dma_ch32.o
                0x00000000000068f2                DMA1_Channel4_IRQHandler
 .text.DMA1_Channel5_IRQHandler
                0x0000000000006940       0x4e ./DRIVER/hal_dma_ch32.o
                0x0000000000006940                DMA1_Channel5_IRQHandler
 .text.DMA1_Channel7_IRQHandler
                0x000000000000698e       0x4e ./DRIVER/hal_dma_ch32.o
                0x000000000000698e                DMA1_Channel7_IRQHandler
 .text.HAL_I2C_Init
                0x00000000000069dc       0xf6 ./DRIVER/hal_i2c_ch32.o
                0x00000000000069dc                HAL_I2C_Init
 .text.HAL_I2C_GET_STAR2
                0x0000000000006ad2        0xe ./DRIVER/hal_i2c_ch32.o
                0x0000000000006ad2                HAL_I2C_GET_STAR2
 .text.HAL_I2C_GET_STAR1
                0x0000000000006ae0        0xe ./DRIVER/hal_i2c_ch32.o
                0x0000000000006ae0                HAL_I2C_GET_STAR1
 .text.HAL_I2C_ENABLE
                0x0000000000006aee       0x14 ./DRIVER/hal_i2c_ch32.o
                0x0000000000006aee                HAL_I2C_ENABLE
 .text.HAL_I2C_DISABLE
                0x0000000000006b02       0x1a ./DRIVER/hal_i2c_ch32.o
                0x0000000000006b02                HAL_I2C_DISABLE
 .text.I2C_IT_ENABLE
                0x0000000000006b1c       0x12 ./DRIVER/hal_i2c_ch32.o
                0x0000000000006b1c                I2C_IT_ENABLE
 .text.I2C_IT_DISABLE
                0x0000000000006b2e       0x16 ./DRIVER/hal_i2c_ch32.o
                0x0000000000006b2e                I2C_IT_DISABLE
 .text.HAL_I2C_STOP
                0x0000000000006b44       0x14 ./DRIVER/hal_i2c_ch32.o
                0x0000000000006b44                HAL_I2C_STOP
 .text.HAL_I2C_START
                0x0000000000006b58       0x14 ./DRIVER/hal_i2c_ch32.o
                0x0000000000006b58                HAL_I2C_START
 .text.HAL_I2C_SEND
                0x0000000000006b6c        0xe ./DRIVER/hal_i2c_ch32.o
                0x0000000000006b6c                HAL_I2C_SEND
 .text.HAL_I2C_SEND_ADDR_TRANS
                0x0000000000006b7a       0x12 ./DRIVER/hal_i2c_ch32.o
                0x0000000000006b7a                HAL_I2C_SEND_ADDR_TRANS
 .text.HAL_I2C_SEND_ADDR_RECIEVE
                0x0000000000006b8c       0x16 ./DRIVER/hal_i2c_ch32.o
                0x0000000000006b8c                HAL_I2C_SEND_ADDR_RECIEVE
 .text.HAL_I2C_ACK_ENABLE
                0x0000000000006ba2       0x14 ./DRIVER/hal_i2c_ch32.o
                0x0000000000006ba2                HAL_I2C_ACK_ENABLE
 .text.HAL_I2C_ACK_DISABLE
                0x0000000000006bb6       0x1c ./DRIVER/hal_i2c_ch32.o
                0x0000000000006bb6                HAL_I2C_ACK_DISABLE
 .text.HAL_I2C_ClearFlag
                0x0000000000006bd2       0x20 ./DRIVER/hal_i2c_ch32.o
                0x0000000000006bd2                HAL_I2C_ClearFlag
 .text.HAL_I2C_READ_DATA
                0x0000000000006bf2        0xe ./DRIVER/hal_i2c_ch32.o
                0x0000000000006bf2                HAL_I2C_READ_DATA
 .text.I2C1_EV_IRQHandler
                0x0000000000006c00       0x52 ./DRIVER/hal_i2c_ch32.o
                0x0000000000006c00                I2C1_EV_IRQHandler
 .text.I2C1_ER_IRQHandler
                0x0000000000006c52       0x52 ./DRIVER/hal_i2c_ch32.o
                0x0000000000006c52                I2C1_ER_IRQHandler
 .text.HAL_SPI_RXOveleyClear
                0x0000000000006ca4       0x1e ./DRIVER/hal_spi_ch32.o
                0x0000000000006ca4                HAL_SPI_RXOveleyClear
 .text.HAL_SPI_GetBusy
                0x0000000000006cc2       0x10 ./DRIVER/hal_spi_ch32.o
                0x0000000000006cc2                HAL_SPI_GetBusy
 .text.HAL_TIMER_BaseTimerInit.constprop.2
                0x0000000000006cd2       0x7e ./DRIVER/hal_timers_ch32.o
 .text.HAL_TiemrEneblae
                0x0000000000006d50       0x1a ./DRIVER/hal_timers_ch32.o
                0x0000000000006d50                HAL_TiemrEneblae
 .text.TIM4_IRQHandler
                0x0000000000006d6a       0x70 ./DRIVER/hal_timers_ch32.o
                0x0000000000006d6a                TIM4_IRQHandler
 .text.HAL_TiemrDisable
                0x0000000000006dda       0x1c ./DRIVER/hal_timers_ch32.o
                0x0000000000006dda                HAL_TiemrDisable
 .text.HAL_TimeInitCaptureDMA
                0x0000000000006df6       0xea ./DRIVER/hal_timers_ch32.o
                0x0000000000006df6                HAL_TimeInitCaptureDMA
 .text.HAL_TIMER_SetPWMPulse
                0x0000000000006ee0       0x88 ./DRIVER/hal_timers_ch32.o
                0x0000000000006ee0                HAL_TIMER_SetPWMPulse
 .text.HAL_TIMER_EnablePWMCH
                0x0000000000006f68       0x1a ./DRIVER/hal_timers_ch32.o
                0x0000000000006f68                HAL_TIMER_EnablePWMCH
 .text.prv_read_can_received_msg
                0x0000000000006f82       0x50 ./CANopenNode/keypad/CO_driver_ST32F103.o
                0x0000000000006f82                prv_read_can_received_msg
 .text.prv_send_can_message.isra.0
                0x0000000000006fd2       0x2e ./CANopenNode/keypad/CO_driver_ST32F103.o
 .text.CAN_SendMessage
                0x0000000000007000       0x66 ./CANopenNode/keypad/CO_driver_ST32F103.o
                0x0000000000007000                CAN_SendMessage
 .text.co_drv_create_os_objects
                0x0000000000007066       0x30 ./CANopenNode/keypad/CO_driver_ST32F103.o
                0x0000000000007066                co_drv_create_os_objects
 .text.co_drv_mutex_lock
                0x0000000000007096       0x18 ./CANopenNode/keypad/CO_driver_ST32F103.o
                0x0000000000007096                co_drv_mutex_lock
 .text.co_drv_mutex_unlock
                0x00000000000070ae       0x16 ./CANopenNode/keypad/CO_driver_ST32F103.o
                0x00000000000070ae                co_drv_mutex_unlock
 .text.CO_CANsetNormalMode
                0x00000000000070c4       0x1c ./CANopenNode/keypad/CO_driver_ST32F103.o
                0x00000000000070c4                CO_CANsetNormalMode
 .text.CO_CANmodule_init
                0x00000000000070e0      0x112 ./CANopenNode/keypad/CO_driver_ST32F103.o
                0x00000000000070e0                CO_CANmodule_init
 .text.CO_CANmodule_disable
                0x00000000000071f2       0x14 ./CANopenNode/keypad/CO_driver_ST32F103.o
                0x00000000000071f2                CO_CANmodule_disable
 .text.CO_CANrxBufferInit
                0x0000000000007206       0x52 ./CANopenNode/keypad/CO_driver_ST32F103.o
                0x0000000000007206                CO_CANrxBufferInit
 .text.CO_CANtxBufferInit
                0x0000000000007258       0x3a ./CANopenNode/keypad/CO_driver_ST32F103.o
                0x0000000000007258                CO_CANtxBufferInit
 .text.CO_CANmodule_process
                0x0000000000007292       0x12 ./CANopenNode/keypad/CO_driver_ST32F103.o
                0x0000000000007292                CO_CANmodule_process
 .text.CO_CANsend
                0x00000000000072a4       0x46 ./CANopenNode/keypad/CO_driver_ST32F103.o
                0x00000000000072a4                CO_CANsend
 .text.CO_LSSslave_receive
                0x00000000000072ea      0x1a8 ./CANopenNode/305/CO_LSSslave.o
 .text.CO_LSSslave_init
                0x0000000000007492       0xa4 ./CANopenNode/305/CO_LSSslave.o
                0x0000000000007492                CO_LSSslave_init
 .text.CO_LSSslave_process
                0x0000000000007536      0x1a2 ./CANopenNode/305/CO_LSSslave.o
                0x0000000000007536                CO_LSSslave_process
 .text.OD_write_1003
                0x00000000000076d8       0x28 ./CANopenNode/301/CO_Emergency.o
 .text.OD_read_1003
                0x0000000000007700       0x8c ./CANopenNode/301/CO_Emergency.o
 .text.OD_read_1014_default
                0x000000000000778c       0x50 ./CANopenNode/301/CO_Emergency.o
 .text.CO_EM_init
                0x00000000000077dc      0x112 ./CANopenNode/301/CO_Emergency.o
                0x00000000000077dc                CO_EM_init
 .text.CO_error
                0x00000000000078ee       0xc4 ./CANopenNode/301/CO_Emergency.o
                0x00000000000078ee                CO_error
 .text.CO_EM_process
                0x00000000000079b2      0x182 ./CANopenNode/301/CO_Emergency.o
                0x00000000000079b2                CO_EM_process
 .text.CO_NMT_receive
                0x0000000000007b34       0x18 ./CANopenNode/301/CO_NMT_Heartbeat.o
 .text.OD_write_1017
                0x0000000000007b4c       0x48 ./CANopenNode/301/CO_NMT_Heartbeat.o
 .text.CO_NMT_init
                0x0000000000007b94       0xec ./CANopenNode/301/CO_NMT_Heartbeat.o
                0x0000000000007b94                CO_NMT_init
 .text.CO_NMT_process
                0x0000000000007c80      0x106 ./CANopenNode/301/CO_NMT_Heartbeat.o
                0x0000000000007c80                CO_NMT_process
 .text.OD_readDisabled
                0x0000000000007d86        0x4 ./CANopenNode/301/CO_ODinterface.o
 .text.OD_readOriginal
                0x0000000000007d8a       0x50 ./CANopenNode/301/CO_ODinterface.o
                0x0000000000007d8a                OD_readOriginal
 .text.OD_writeOriginal
                0x0000000000007dda       0x54 ./CANopenNode/301/CO_ODinterface.o
                0x0000000000007dda                OD_writeOriginal
 .text.OD_writeDisabled
                0x0000000000007e2e        0x4 ./CANopenNode/301/CO_ODinterface.o
 .text.OD_find  0x0000000000007e32       0x70 ./CANopenNode/301/CO_ODinterface.o
                0x0000000000007e32                OD_find
 .text.OD_getSub
                0x0000000000007ea2       0xf6 ./CANopenNode/301/CO_ODinterface.o
                0x0000000000007ea2                OD_getSub
 .text.OD_getSDOabCode
                0x0000000000007f98       0x20 ./CANopenNode/301/CO_ODinterface.o
                0x0000000000007f98                OD_getSDOabCode
 .text.OD_get_value
                0x0000000000007fb8       0x34 ./CANopenNode/301/CO_ODinterface.o
                0x0000000000007fb8                OD_get_value
 .text.OD_set_value
                0x0000000000007fec       0x2e ./CANopenNode/301/CO_ODinterface.o
                0x0000000000007fec                OD_set_value
 .text.OD_getPtr
                0x000000000000801a       0x3c ./CANopenNode/301/CO_ODinterface.o
                0x000000000000801a                OD_getPtr
 .text.OD_write_dummy
                0x0000000000008056        0x8 ./CANopenNode/301/CO_PDO.o
 .text.OD_read_dummy
                0x000000000000805e       0x2e ./CANopenNode/301/CO_PDO.o
 .text.PDOconfigMap
                0x000000000000808c      0x100 ./CANopenNode/301/CO_PDO.o
 .text.CO_PDO_receive
                0x000000000000818c       0x48 ./CANopenNode/301/CO_PDO.o
 .text.OD_read_PDO_commParam
                0x00000000000081d4       0x70 ./CANopenNode/301/CO_PDO.o
 .text.PDO_initMapping.constprop.3
                0x0000000000008244       0xe6 ./CANopenNode/301/CO_PDO.o
 .text.OD_write_PDO_mapping
                0x000000000000832a       0xb4 ./CANopenNode/301/CO_PDO.o
 .text.OD_write_18xx
                0x00000000000083de      0x184 ./CANopenNode/301/CO_PDO.o
 .text.OD_write_14xx
                0x0000000000008562      0x15a ./CANopenNode/301/CO_PDO.o
 .text.CO_RPDO_init
                0x00000000000086bc      0x172 ./CANopenNode/301/CO_PDO.o
                0x00000000000086bc                CO_RPDO_init
 .text.CO_RPDO_process
                0x000000000000882e      0x114 ./CANopenNode/301/CO_PDO.o
                0x000000000000882e                CO_RPDO_process
 .text.CO_TPDO_init
                0x0000000000008942      0x1d2 ./CANopenNode/301/CO_PDO.o
                0x0000000000008942                CO_TPDO_init
 .text.CO_TPDO_process
                0x0000000000008b14      0x15e ./CANopenNode/301/CO_PDO.o
                0x0000000000008b14                CO_TPDO_process
 .text.CO_SDOserver_init_canRxTx
                0x0000000000008c72       0x82 ./CANopenNode/301/CO_SDOserver.o
 .text.CO_SDO_receive
                0x0000000000008cf4       0x38 ./CANopenNode/301/CO_SDOserver.o
 .text.readFromOd.isra.1.constprop.5
                0x0000000000008d2c       0xe2 ./CANopenNode/301/CO_SDOserver.o
 .text.OD_write_1201_additional
                0x0000000000008e0e      0x158 ./CANopenNode/301/CO_SDOserver.o
 .text.CO_SDOserver_init
                0x0000000000008f66      0x172 ./CANopenNode/301/CO_SDOserver.o
                0x0000000000008f66                CO_SDOserver_init
 .text.CO_SDOserver_process
                0x00000000000090d8      0x5e8 ./CANopenNode/301/CO_SDOserver.o
                0x00000000000090d8                CO_SDOserver_process
 .text.CO_delete
                0x00000000000096c0       0x56 ./CANopenNode/CANopen.o
                0x00000000000096c0                CO_delete
 .text.CO_new   0x0000000000009716      0x102 ./CANopenNode/CANopen.o
                0x0000000000009716                CO_new
 .text.CO_CANinit
                0x0000000000009818       0x28 ./CANopenNode/CANopen.o
                0x0000000000009818                CO_CANinit
 .text.CO_LSSinit
                0x0000000000009840       0x32 ./CANopenNode/CANopen.o
                0x0000000000009840                CO_LSSinit
 .text.CO_CANopenInit
                0x0000000000009872       0xb8 ./CANopenNode/CANopen.o
                0x0000000000009872                CO_CANopenInit
 .text.CO_CANopenInitPDO
                0x000000000000992a       0xea ./CANopenNode/CANopen.o
                0x000000000000992a                CO_CANopenInitPDO
 .text.CO_process
                0x0000000000009a14       0x7e ./CANopenNode/CANopen.o
                0x0000000000009a14                CO_process
 .text.CO_process_RPDO
                0x0000000000009a92       0x40 ./CANopenNode/CANopen.o
                0x0000000000009a92                CO_process_RPDO
 .text.CO_process_TPDO
                0x0000000000009ad2       0x40 ./CANopenNode/CANopen.o
                0x0000000000009ad2                CO_process_TPDO
 .text.__divdf3
                0x0000000000009b12      0x5b4 c:/mounriver/mounriver_studio/toolchain/risc-v embedded gcc/bin/../lib/gcc/riscv-none-embed/8.2.0/rv32imacxw/ilp32\libgcc.a(divdf3.o)
                0x0000000000009b12                __divdf3
 .text.__muldf3
                0x000000000000a0c6      0x4b8 c:/mounriver/mounriver_studio/toolchain/risc-v embedded gcc/bin/../lib/gcc/riscv-none-embed/8.2.0/rv32imacxw/ilp32\libgcc.a(muldf3.o)
                0x000000000000a0c6                __muldf3
 .text.__fixunsdfsi
                0x000000000000a57e       0x5c c:/mounriver/mounriver_studio/toolchain/risc-v embedded gcc/bin/../lib/gcc/riscv-none-embed/8.2.0/rv32imacxw/ilp32\libgcc.a(fixunsdfsi.o)
                0x000000000000a57e                __fixunsdfsi
 .text.__floatunsidf
                0x000000000000a5da       0x68 c:/mounriver/mounriver_studio/toolchain/risc-v embedded gcc/bin/../lib/gcc/riscv-none-embed/8.2.0/rv32imacxw/ilp32\libgcc.a(floatunsidf.o)
                0x000000000000a5da                __floatunsidf
 .text.__addsf3
                0x000000000000a642      0x36a c:/mounriver/mounriver_studio/toolchain/risc-v embedded gcc/bin/../lib/gcc/riscv-none-embed/8.2.0/rv32imacxw/ilp32\libgcc.a(addsf3.o)
                0x000000000000a642                __addsf3
 .text.__divsf3
                0x000000000000a9ac      0x2b2 c:/mounriver/mounriver_studio/toolchain/risc-v embedded gcc/bin/../lib/gcc/riscv-none-embed/8.2.0/rv32imacxw/ilp32\libgcc.a(divsf3.o)
                0x000000000000a9ac                __divsf3
 .text.__gesf2  0x000000000000ac5e       0x86 c:/mounriver/mounriver_studio/toolchain/risc-v embedded gcc/bin/../lib/gcc/riscv-none-embed/8.2.0/rv32imacxw/ilp32\libgcc.a(gesf2.o)
                0x000000000000ac5e                __gesf2
                0x000000000000ac5e                __gtsf2
 .text.__lesf2  0x000000000000ace4       0x8c c:/mounriver/mounriver_studio/toolchain/risc-v embedded gcc/bin/../lib/gcc/riscv-none-embed/8.2.0/rv32imacxw/ilp32\libgcc.a(lesf2.o)
                0x000000000000ace4                __ltsf2
                0x000000000000ace4                __lesf2
 .text.__mulsf3
                0x000000000000ad70      0x294 c:/mounriver/mounriver_studio/toolchain/risc-v embedded gcc/bin/../lib/gcc/riscv-none-embed/8.2.0/rv32imacxw/ilp32\libgcc.a(mulsf3.o)
                0x000000000000ad70                __mulsf3
 .text.__subsf3
                0x000000000000b004      0x388 c:/mounriver/mounriver_studio/toolchain/risc-v embedded gcc/bin/../lib/gcc/riscv-none-embed/8.2.0/rv32imacxw/ilp32\libgcc.a(subsf3.o)
                0x000000000000b004                __subsf3
 .text.__fixsfsi
                0x000000000000b38c       0x62 c:/mounriver/mounriver_studio/toolchain/risc-v embedded gcc/bin/../lib/gcc/riscv-none-embed/8.2.0/rv32imacxw/ilp32\libgcc.a(fixsfsi.o)
                0x000000000000b38c                __fixsfsi
 .text.__fixunssfsi
                0x000000000000b3ee       0x56 c:/mounriver/mounriver_studio/toolchain/risc-v embedded gcc/bin/../lib/gcc/riscv-none-embed/8.2.0/rv32imacxw/ilp32\libgcc.a(fixunssfsi.o)
                0x000000000000b3ee                __fixunssfsi
 .text.__floatsisf
                0x000000000000b444       0xc6 c:/mounriver/mounriver_studio/toolchain/risc-v embedded gcc/bin/../lib/gcc/riscv-none-embed/8.2.0/rv32imacxw/ilp32\libgcc.a(floatsisf.o)
                0x000000000000b444                __floatsisf
 .text.__floatunsisf
                0x000000000000b50a       0xce c:/mounriver/mounriver_studio/toolchain/risc-v embedded gcc/bin/../lib/gcc/riscv-none-embed/8.2.0/rv32imacxw/ilp32\libgcc.a(floatunsisf.o)
                0x000000000000b50a                __floatunsisf
 .text.__extendsfdf2
                0x000000000000b5d8       0xac c:/mounriver/mounriver_studio/toolchain/risc-v embedded gcc/bin/../lib/gcc/riscv-none-embed/8.2.0/rv32imacxw/ilp32\libgcc.a(extendsfdf2.o)
                0x000000000000b5d8                __extendsfdf2
 .text.__truncdfsf2
                0x000000000000b684      0x16a c:/mounriver/mounriver_studio/toolchain/risc-v embedded gcc/bin/../lib/gcc/riscv-none-embed/8.2.0/rv32imacxw/ilp32\libgcc.a(truncdfsf2.o)
                0x000000000000b684                __truncdfsf2
 .text.__clzsi2
                0x000000000000b7ee       0x6e c:/mounriver/mounriver_studio/toolchain/risc-v embedded gcc/bin/../lib/gcc/riscv-none-embed/8.2.0/rv32imacxw/ilp32\libgcc.a(_clzsi2.o)
                0x000000000000b7ee                __clzsi2
 .text.calloc   0x000000000000b85c        0xc c:/mounriver/mounriver_studio/toolchain/risc-v embedded gcc/bin/../lib/gcc/riscv-none-embed/8.2.0/../../../../riscv-none-embed/lib/rv32imacxw/ilp32\libg_nano.a(lib_a-calloc.o)
                0x000000000000b85c                calloc
 .text.free     0x000000000000b868        0xa c:/mounriver/mounriver_studio/toolchain/risc-v embedded gcc/bin/../lib/gcc/riscv-none-embed/8.2.0/../../../../riscv-none-embed/lib/rv32imacxw/ilp32\libg_nano.a(lib_a-malloc.o)
                0x000000000000b868                free
 .text.memcpy   0x000000000000b872       0xb2 c:/mounriver/mounriver_studio/toolchain/risc-v embedded gcc/bin/../lib/gcc/riscv-none-embed/8.2.0/../../../../riscv-none-embed/lib/rv32imacxw/ilp32\libg_nano.a(lib_a-memcpy.o)
                0x000000000000b872                memcpy
 .text.memmove  0x000000000000b924       0x46 c:/mounriver/mounriver_studio/toolchain/risc-v embedded gcc/bin/../lib/gcc/riscv-none-embed/8.2.0/../../../../riscv-none-embed/lib/rv32imacxw/ilp32\libg_nano.a(lib_a-memmove.o)
                0x000000000000b924                memmove
 .text._calloc_r
                0x000000000000b96a       0x26 c:/mounriver/mounriver_studio/toolchain/risc-v embedded gcc/bin/../lib/gcc/riscv-none-embed/8.2.0/../../../../riscv-none-embed/lib/rv32imacxw/ilp32\libg_nano.a(lib_a-nano-callocr.o)
                0x000000000000b96a                _calloc_r
 .text._free_r  0x000000000000b990       0xa8 c:/mounriver/mounriver_studio/toolchain/risc-v embedded gcc/bin/../lib/gcc/riscv-none-embed/8.2.0/../../../../riscv-none-embed/lib/rv32imacxw/ilp32\libg_nano.a(lib_a-nano-freer.o)
                0x000000000000b990                _free_r
 .text._malloc_r
                0x000000000000ba38       0xd4 c:/mounriver/mounriver_studio/toolchain/risc-v embedded gcc/bin/../lib/gcc/riscv-none-embed/8.2.0/../../../../riscv-none-embed/lib/rv32imacxw/ilp32\libg_nano.a(lib_a-nano-mallocr.o)
                0x000000000000ba38                _malloc_r
 .text.printf   0x000000000000bb0c       0x40 c:/mounriver/mounriver_studio/toolchain/risc-v embedded gcc/bin/../lib/gcc/riscv-none-embed/8.2.0/../../../../riscv-none-embed/lib/rv32imacxw/ilp32\libg_nano.a(lib_a-printf.o)
                0x000000000000bb0c                iprintf
                0x000000000000bb0c                printf
 .text._puts_r  0x000000000000bb4c       0xd4 c:/mounriver/mounriver_studio/toolchain/risc-v embedded gcc/bin/../lib/gcc/riscv-none-embed/8.2.0/../../../../riscv-none-embed/lib/rv32imacxw/ilp32\libg_nano.a(lib_a-puts.o)
                0x000000000000bb4c                _puts_r
 .text.puts     0x000000000000bc20        0xc c:/mounriver/mounriver_studio/toolchain/risc-v embedded gcc/bin/../lib/gcc/riscv-none-embed/8.2.0/../../../../riscv-none-embed/lib/rv32imacxw/ilp32\libg_nano.a(lib_a-puts.o)
                0x000000000000bc20                puts
 .text._sbrk_r  0x000000000000bc2c       0x32 c:/mounriver/mounriver_studio/toolchain/risc-v embedded gcc/bin/../lib/gcc/riscv-none-embed/8.2.0/../../../../riscv-none-embed/lib/rv32imacxw/ilp32\libg_nano.a(lib_a-sbrkr.o)
                0x000000000000bc2c                _sbrk_r
 .text.strlen   0x000000000000bc5e       0x12 c:/mounriver/mounriver_studio/toolchain/risc-v embedded gcc/bin/../lib/gcc/riscv-none-embed/8.2.0/../../../../riscv-none-embed/lib/rv32imacxw/ilp32\libg_nano.a(lib_a-strlen.o)
                0x000000000000bc5e                strlen
 .text.__swbuf_r
                0x000000000000bc70       0xbc c:/mounriver/mounriver_studio/toolchain/risc-v embedded gcc/bin/../lib/gcc/riscv-none-embed/8.2.0/../../../../riscv-none-embed/lib/rv32imacxw/ilp32\libg_nano.a(lib_a-wbuf.o)
                0x000000000000bc70                __swbuf_r
 .text.__swsetup_r
                0x000000000000bd2c       0xfe c:/mounriver/mounriver_studio/toolchain/risc-v embedded gcc/bin/../lib/gcc/riscv-none-embed/8.2.0/../../../../riscv-none-embed/lib/rv32imacxw/ilp32\libg_nano.a(lib_a-wsetup.o)
                0x000000000000bd2c                __swsetup_r
 .text.__sflush_r
                0x000000000000be2a      0x132 c:/mounriver/mounriver_studio/toolchain/risc-v embedded gcc/bin/../lib/gcc/riscv-none-embed/8.2.0/../../../../riscv-none-embed/lib/rv32imacxw/ilp32\libg_nano.a(lib_a-fflush.o)
                0x000000000000be2a                __sflush_r
 .text._fflush_r
                0x000000000000bf5c       0x66 c:/mounriver/mounriver_studio/toolchain/risc-v embedded gcc/bin/../lib/gcc/riscv-none-embed/8.2.0/../../../../riscv-none-embed/lib/rv32imacxw/ilp32\libg_nano.a(lib_a-fflush.o)
                0x000000000000bf5c                _fflush_r
 .text.std      0x000000000000bfc2       0x66 c:/mounriver/mounriver_studio/toolchain/risc-v embedded gcc/bin/../lib/gcc/riscv-none-embed/8.2.0/../../../../riscv-none-embed/lib/rv32imacxw/ilp32\libg_nano.a(lib_a-findfp.o)
 .text._cleanup_r
                0x000000000000c028        0xa c:/mounriver/mounriver_studio/toolchain/risc-v embedded gcc/bin/../lib/gcc/riscv-none-embed/8.2.0/../../../../riscv-none-embed/lib/rv32imacxw/ilp32\libg_nano.a(lib_a-findfp.o)
                0x000000000000c028                _cleanup_r
 .text.__sfmoreglue
                0x000000000000c032       0x48 c:/mounriver/mounriver_studio/toolchain/risc-v embedded gcc/bin/../lib/gcc/riscv-none-embed/8.2.0/../../../../riscv-none-embed/lib/rv32imacxw/ilp32\libg_nano.a(lib_a-findfp.o)
                0x000000000000c032                __sfmoreglue
 .text.__sinit  0x000000000000c07a       0x6c c:/mounriver/mounriver_studio/toolchain/risc-v embedded gcc/bin/../lib/gcc/riscv-none-embed/8.2.0/../../../../riscv-none-embed/lib/rv32imacxw/ilp32\libg_nano.a(lib_a-findfp.o)
                0x000000000000c07a                __sinit
 .text.__sfp    0x000000000000c0e6       0xa0 c:/mounriver/mounriver_studio/toolchain/risc-v embedded gcc/bin/../lib/gcc/riscv-none-embed/8.2.0/../../../../riscv-none-embed/lib/rv32imacxw/ilp32\libg_nano.a(lib_a-findfp.o)
                0x000000000000c0e6                __sfp
 .text._fwalk_reent
                0x000000000000c186       0x6a c:/mounriver/mounriver_studio/toolchain/risc-v embedded gcc/bin/../lib/gcc/riscv-none-embed/8.2.0/../../../../riscv-none-embed/lib/rv32imacxw/ilp32\libg_nano.a(lib_a-fwalk.o)
                0x000000000000c186                _fwalk_reent
 .text.__swhatbuf_r
                0x000000000000c1f0       0x58 c:/mounriver/mounriver_studio/toolchain/risc-v embedded gcc/bin/../lib/gcc/riscv-none-embed/8.2.0/../../../../riscv-none-embed/lib/rv32imacxw/ilp32\libg_nano.a(lib_a-makebuf.o)
                0x000000000000c1f0                __swhatbuf_r
 .text.__smakebuf_r
                0x000000000000c248       0x94 c:/mounriver/mounriver_studio/toolchain/risc-v embedded gcc/bin/../lib/gcc/riscv-none-embed/8.2.0/../../../../riscv-none-embed/lib/rv32imacxw/ilp32\libg_nano.a(lib_a-makebuf.o)
                0x000000000000c248                __smakebuf_r
 .text.__malloc_lock
                0x000000000000c2dc        0x2 c:/mounriver/mounriver_studio/toolchain/risc-v embedded gcc/bin/../lib/gcc/riscv-none-embed/8.2.0/../../../../riscv-none-embed/lib/rv32imacxw/ilp32\libg_nano.a(lib_a-mlock.o)
                0x000000000000c2dc                __malloc_lock
 .text.__malloc_unlock
                0x000000000000c2de        0x2 c:/mounriver/mounriver_studio/toolchain/risc-v embedded gcc/bin/../lib/gcc/riscv-none-embed/8.2.0/../../../../riscv-none-embed/lib/rv32imacxw/ilp32\libg_nano.a(lib_a-mlock.o)
                0x000000000000c2de                __malloc_unlock
 .text.__sfputc_r
                0x000000000000c2e0       0x28 c:/mounriver/mounriver_studio/toolchain/risc-v embedded gcc/bin/../lib/gcc/riscv-none-embed/8.2.0/../../../../riscv-none-embed/lib/rv32imacxw/ilp32\libg_nano.a(lib_a-nano-vfprintf.o)
 .text.__sfputs_r
                0x000000000000c308       0x42 c:/mounriver/mounriver_studio/toolchain/risc-v embedded gcc/bin/../lib/gcc/riscv-none-embed/8.2.0/../../../../riscv-none-embed/lib/rv32imacxw/ilp32\libg_nano.a(lib_a-nano-vfprintf.o)
                0x000000000000c308                __sfputs_r
 .text._vfprintf_r
                0x000000000000c34a      0x288 c:/mounriver/mounriver_studio/toolchain/risc-v embedded gcc/bin/../lib/gcc/riscv-none-embed/8.2.0/../../../../riscv-none-embed/lib/rv32imacxw/ilp32\libg_nano.a(lib_a-nano-vfprintf.o)
                0x000000000000c34a                _vfprintf_r
                0x000000000000c34a                _vfiprintf_r
 .text._printf_common
                0x000000000000c5d2      0x10c c:/mounriver/mounriver_studio/toolchain/risc-v embedded gcc/bin/../lib/gcc/riscv-none-embed/8.2.0/../../../../riscv-none-embed/lib/rv32imacxw/ilp32\libg_nano.a(lib_a-nano-vfprintf_i.o)
                0x000000000000c5d2                _printf_common
 .text._printf_i
                0x000000000000c6de      0x2a2 c:/mounriver/mounriver_studio/toolchain/risc-v embedded gcc/bin/../lib/gcc/riscv-none-embed/8.2.0/../../../../riscv-none-embed/lib/rv32imacxw/ilp32\libg_nano.a(lib_a-nano-vfprintf_i.o)
                0x000000000000c6de                _printf_i
 .text.__sread  0x000000000000c980       0x2c c:/mounriver/mounriver_studio/toolchain/risc-v embedded gcc/bin/../lib/gcc/riscv-none-embed/8.2.0/../../../../riscv-none-embed/lib/rv32imacxw/ilp32\libg_nano.a(lib_a-stdio.o)
                0x000000000000c980                __sread
 .text.__swrite
                0x000000000000c9ac       0x48 c:/mounriver/mounriver_studio/toolchain/risc-v embedded gcc/bin/../lib/gcc/riscv-none-embed/8.2.0/../../../../riscv-none-embed/lib/rv32imacxw/ilp32\libg_nano.a(lib_a-stdio.o)
                0x000000000000c9ac                __swrite
 .text.__sseek  0x000000000000c9f4       0x30 c:/mounriver/mounriver_studio/toolchain/risc-v embedded gcc/bin/../lib/gcc/riscv-none-embed/8.2.0/../../../../riscv-none-embed/lib/rv32imacxw/ilp32\libg_nano.a(lib_a-stdio.o)
                0x000000000000c9f4                __sseek
 .text.__sclose
                0x000000000000ca24        0x6 c:/mounriver/mounriver_studio/toolchain/risc-v embedded gcc/bin/../lib/gcc/riscv-none-embed/8.2.0/../../../../riscv-none-embed/lib/rv32imacxw/ilp32\libg_nano.a(lib_a-stdio.o)
                0x000000000000ca24                __sclose
 .text._write_r
                0x000000000000ca2a       0x36 c:/mounriver/mounriver_studio/toolchain/risc-v embedded gcc/bin/../lib/gcc/riscv-none-embed/8.2.0/../../../../riscv-none-embed/lib/rv32imacxw/ilp32\libg_nano.a(lib_a-writer.o)
                0x000000000000ca2a                _write_r
 .text._close_r
                0x000000000000ca60       0x30 c:/mounriver/mounriver_studio/toolchain/risc-v embedded gcc/bin/../lib/gcc/riscv-none-embed/8.2.0/../../../../riscv-none-embed/lib/rv32imacxw/ilp32\libg_nano.a(lib_a-closer.o)
                0x000000000000ca60                _close_r
 .text._fstat_r
                0x000000000000ca90       0x32 c:/mounriver/mounriver_studio/toolchain/risc-v embedded gcc/bin/../lib/gcc/riscv-none-embed/8.2.0/../../../../riscv-none-embed/lib/rv32imacxw/ilp32\libg_nano.a(lib_a-fstatr.o)
                0x000000000000ca90                _fstat_r
 .text._isatty_r
                0x000000000000cac2       0x30 c:/mounriver/mounriver_studio/toolchain/risc-v embedded gcc/bin/../lib/gcc/riscv-none-embed/8.2.0/../../../../riscv-none-embed/lib/rv32imacxw/ilp32\libg_nano.a(lib_a-isattyr.o)
                0x000000000000cac2                _isatty_r
 .text._lseek_r
                0x000000000000caf2       0x34 c:/mounriver/mounriver_studio/toolchain/risc-v embedded gcc/bin/../lib/gcc/riscv-none-embed/8.2.0/../../../../riscv-none-embed/lib/rv32imacxw/ilp32\libg_nano.a(lib_a-lseekr.o)
                0x000000000000caf2                _lseek_r
 .text.memchr   0x000000000000cb26       0x18 c:/mounriver/mounriver_studio/toolchain/risc-v embedded gcc/bin/../lib/gcc/riscv-none-embed/8.2.0/../../../../riscv-none-embed/lib/rv32imacxw/ilp32\libg_nano.a(lib_a-memchr.o)
                0x000000000000cb26                memchr
 .text._read_r  0x000000000000cb3e       0x34 c:/mounriver/mounriver_studio/toolchain/risc-v embedded gcc/bin/../lib/gcc/riscv-none-embed/8.2.0/../../../../riscv-none-embed/lib/rv32imacxw/ilp32\libg_nano.a(lib_a-readr.o)
                0x000000000000cb3e                _read_r
 .text._close   0x000000000000cb72       0x10 c:/mounriver/mounriver_studio/toolchain/risc-v embedded gcc/bin/../lib/gcc/riscv-none-embed/8.2.0/../../../../riscv-none-embed/lib/rv32imacxw/ilp32\libnosys.a(close.o)
                0x000000000000cb72                _close
 .text._fstat   0x000000000000cb82       0x10 c:/mounriver/mounriver_studio/toolchain/risc-v embedded gcc/bin/../lib/gcc/riscv-none-embed/8.2.0/../../../../riscv-none-embed/lib/rv32imacxw/ilp32\libnosys.a(fstat.o)
                0x000000000000cb82                _fstat
 .text._isatty  0x000000000000cb92       0x10 c:/mounriver/mounriver_studio/toolchain/risc-v embedded gcc/bin/../lib/gcc/riscv-none-embed/8.2.0/../../../../riscv-none-embed/lib/rv32imacxw/ilp32\libnosys.a(isatty.o)
                0x000000000000cb92                _isatty
 .text._lseek   0x000000000000cba2       0x10 c:/mounriver/mounriver_studio/toolchain/risc-v embedded gcc/bin/../lib/gcc/riscv-none-embed/8.2.0/../../../../riscv-none-embed/lib/rv32imacxw/ilp32\libnosys.a(lseek.o)
                0x000000000000cba2                _lseek
 .text._read    0x000000000000cbb2       0x10 c:/mounriver/mounriver_studio/toolchain/risc-v embedded gcc/bin/../lib/gcc/riscv-none-embed/8.2.0/../../../../riscv-none-embed/lib/rv32imacxw/ilp32\libnosys.a(read.o)
                0x000000000000cbb2                _read
 *(.rodata)
 *fill*         0x000000000000cbc2        0x2 
 .rodata        0x000000000000cbc4       0x14 ./User/dash_draw.o
 *(.rodata*)
 .rodata.vCanOpenProcess.str1.4
                0x000000000000cbd8        0xe ./User/CanOpenNode.o
 *fill*         0x000000000000cbe6        0x2 
 .rodata.CalPoint
                0x000000000000cbe8       0x48 ./User/DataModel.o
 .rodata.CalPoint1
                0x000000000000cc30       0x18 ./User/DataModel.o
 .rodata.seg_const.7430
                0x000000000000cc48       0x12 ./User/DataModel.o
 *fill*         0x000000000000cc5a        0x2 
 .rodata.str1.4
                0x000000000000cc5c       0x1e ./User/DataModel.o
 *fill*         0x000000000000cc7a        0x2 
 .rodata.vIncrementSystemCounters.cst4
                0x000000000000cc7c        0x8 ./User/DataModel.o
 .rodata.getODValue
                0x000000000000cc84       0x78 ./User/dash_draw.o
 .rodata.CheckLedState.cst4
                0x000000000000ccfc        0x4 ./User/dash_draw.o
 .rodata.MenuStateCross
                0x000000000000cd00       0x1c ./User/dash_draw.o
 .rodata.dm     0x000000000000cd1c       0x3f ./User/dash_draw.o
 *fill*         0x000000000000cd5b        0x1 
 .rodata.getODValue.cst4
                0x000000000000cd5c        0x4 ./User/dash_draw.o
                                          0x8 (size before relaxing)
 .rodata.vBarColorMode.cst4
                0x000000000000cd60        0x4 ./User/dash_draw.o
 .rodata.vRedrawTask.cst4
                0x000000000000cd64        0x4 ./User/dash_draw.o
 .rodata.ADC_FSM.cst4
                0x000000000000cd68        0xc ./User/inputs.o
 *fill*         0x000000000000cd74        0x4 
 .rodata.ADC_FSM.cst8
                0x000000000000cd78       0x18 ./User/inputs.o
 .rodata.vInputsTask.cst4
                0x000000000000cd90        0x8 ./User/inputs.o
 .rodata.SetSegDirect
                0x000000000000cd98       0x1c ./User/led.o
 .rodata.Brigth
                0x000000000000cdb4       0x1e ./User/led.o
 *fill*         0x000000000000cdd2        0x2 
 .rodata.DigitMask
                0x000000000000cdd4        0xa ./User/led.o
                0x000000000000cdd4                DigitMask
 *fill*         0x000000000000cdde        0x2 
 .rodata.offset_mask
                0x000000000000cde0        0xe ./User/led.o
 *fill*         0x000000000000cdee        0x2 
 .rodata.step_mask
                0x000000000000cdf0        0xe ./User/led.o
 *fill*         0x000000000000cdfe        0x2 
 .rodata.Error_Handler.str1.4
                0x000000000000ce00        0xf ./User/main.o
 *fill*         0x000000000000ce0f        0x1 
 .rodata.main.str1.4
                0x000000000000ce10        0xf ./User/main.o
 *fill*         0x000000000000ce1f        0x1 
 .rodata.OD_writeBoardSettings
                0x000000000000ce20       0x18 ./User/process.o
 .rodata.OD_readBoardSettings
                0x000000000000ce38       0x18 ./User/process.o
 .rodata.OD_ADC1_CAL_extension
                0x000000000000ce50       0x10 ./User/process.o
                0x000000000000ce50                OD_ADC1_CAL_extension
 .rodata.OD_ADC2_CAL_extension
                0x000000000000ce60       0x10 ./User/process.o
                0x000000000000ce60                OD_ADC2_CAL_extension
 .rodata.OD_ADC3_CAL_extension
                0x000000000000ce70       0x10 ./User/process.o
                0x000000000000ce70                OD_ADC3_CAL_extension
 .rodata.OD_AIN_RPM_extension
                0x000000000000ce80       0x10 ./User/process.o
                0x000000000000ce80                OD_AIN_RPM_extension
 .rodata.OD_BAR_extension
                0x000000000000ce90       0x10 ./User/process.o
                0x000000000000ce90                OD_BAR_extension
 .rodata.OD_BOARD_SETTINGS_extension
                0x000000000000cea0       0x10 ./User/process.o
                0x000000000000cea0                OD_BOARD_SETTINGS_extension
 .rodata.OD_DASH_PARAM_extension
                0x000000000000ceb0       0x10 ./User/process.o
                0x000000000000ceb0                OD_DASH_PARAM_extension
 .rodata.OD_DIN_extension
                0x000000000000cec0       0x10 ./User/process.o
                0x000000000000cec0                OD_DIN_extension
 .rodata.OD_HISTER_CONFIG_extension
                0x000000000000ced0       0x10 ./User/process.o
                0x000000000000ced0                OD_HISTER_CONFIG_extension
 .rodata.OD_INPUT_CH_CONFIG_extension
                0x000000000000cee0       0x10 ./User/process.o
                0x000000000000cee0                OD_INPUT_CH_CONFIG_extension
 .rodata.OD_KEY_extension
                0x000000000000cef0       0x10 ./User/process.o
                0x000000000000cef0                OD_KEY_extension
 .rodata.OD_MENU_MAP_extension
                0x000000000000cf00       0x10 ./User/process.o
                0x000000000000cf00                OD_MENU_MAP_extension
 .rodata.OD_MENU_SETUP_extension
                0x000000000000cf10       0x10 ./User/process.o
                0x000000000000cf10                OD_MENU_SETUP_extension
 .rodata.OD_RGB10_extension
                0x000000000000cf20       0x10 ./User/process.o
                0x000000000000cf20                OD_RGB10_extension
 .rodata.OD_RGB11_extension
                0x000000000000cf30       0x10 ./User/process.o
                0x000000000000cf30                OD_RGB11_extension
 .rodata.OD_RGB12_extension
                0x000000000000cf40       0x10 ./User/process.o
                0x000000000000cf40                OD_RGB12_extension
 .rodata.OD_RGB13_extension
                0x000000000000cf50       0x10 ./User/process.o
                0x000000000000cf50                OD_RGB13_extension
 .rodata.OD_RGB14_extension
                0x000000000000cf60       0x10 ./User/process.o
                0x000000000000cf60                OD_RGB14_extension
 .rodata.OD_RGB1_extension
                0x000000000000cf70       0x10 ./User/process.o
                0x000000000000cf70                OD_RGB1_extension
 .rodata.OD_RGB2_extension
                0x000000000000cf80       0x10 ./User/process.o
                0x000000000000cf80                OD_RGB2_extension
 .rodata.OD_RGB3_extension
                0x000000000000cf90       0x10 ./User/process.o
                0x000000000000cf90                OD_RGB3_extension
 .rodata.OD_RGB4_extension
                0x000000000000cfa0       0x10 ./User/process.o
                0x000000000000cfa0                OD_RGB4_extension
 .rodata.OD_RGB5_extension
                0x000000000000cfb0       0x10 ./User/process.o