Archive member included to satisfy reference by file (symbol)

c:/mounriver/mounriver_studio/toolchain/risc-v embedded gcc/bin/../lib/gcc/riscv-none-embed/8.2.0/rv32imacxw/ilp32\libgcc.a(muldf3.o)
                              ./User/inputs.o (__muldf3)
c:/mounriver/mounriver_studio/toolchain/risc-v embedded gcc/bin/../lib/gcc/riscv-none-embed/8.2.0/rv32imacxw/ilp32\libgcc.a(floatunsidf.o)
                              ./User/inputs.o (__floatunsidf)
c:/mounriver/mounriver_studio/toolchain/risc-v embedded gcc/bin/../lib/gcc/riscv-none-embed/8.2.0/rv32imacxw/ilp32\libgcc.a(addsf3.o)
                              ./User/DataModel.o (__addsf3)
c:/mounriver/mounriver_studio/toolchain/risc-v embedded gcc/bin/../lib/gcc/riscv-none-embed/8.2.0/rv32imacxw/ilp32\libgcc.a(divsf3.o)
                              ./User/DataModel.o (__divsf3)
c:/mounriver/mounriver_studio/toolchain/risc-v embedded gcc/bin/../lib/gcc/riscv-none-embed/8.2.0/rv32imacxw/ilp32\libgcc.a(eqsf2.o)
                              ./HAL_LIB/hw_lib_din.o (__nesf2)
c:/mounriver/mounriver_studio/toolchain/risc-v embedded gcc/bin/../lib/gcc/riscv-none-embed/8.2.0/rv32imacxw/ilp32\libgcc.a(gesf2.o)
                              ./User/inputs.o (__gesf2)
c:/mounriver/mounriver_studio/toolchain/risc-v embedded gcc/bin/../lib/gcc/riscv-none-embed/8.2.0/rv32imacxw/ilp32\libgcc.a(lesf2.o)
                              ./HAL_LIB/hw_lib_din.o (__lesf2)
c:/mounriver/mounriver_studio/toolchain/risc-v embedded gcc/bin/../lib/gcc/riscv-none-embed/8.2.0/rv32imacxw/ilp32\libgcc.a(mulsf3.o)
                              ./User/dash_draw.o (__mulsf3)
c:/mounriver/mounriver_studio/toolchain/risc-v embedded gcc/bin/../lib/gcc/riscv-none-embed/8.2.0/rv32imacxw/ilp32\libgcc.a(subsf3.o)
                              ./User/inputs.o (__subsf3)
c:/mounriver/mounriver_studio/toolchain/risc-v embedded gcc/bin/../lib/gcc/riscv-none-embed/8.2.0/rv32imacxw/ilp32\libgcc.a(fixsfsi.o)
                              ./User/dash_draw.o (__fixsfsi)
c:/mounriver/mounriver_studio/toolchain/risc-v embedded gcc/bin/../lib/gcc/riscv-none-embed/8.2.0/rv32imacxw/ilp32\libgcc.a(fixunssfsi.o)
                              ./User/DataModel.o (__fixunssfsi)
c:/mounriver/mounriver_studio/toolchain/risc-v embedded gcc/bin/../lib/gcc/riscv-none-embed/8.2.0/rv32imacxw/ilp32\libgcc.a(floatsisf.o)
                              ./User/DataModel.o (__floatsisf)
c:/mounriver/mounriver_studio/toolchain/risc-v embedded gcc/bin/../lib/gcc/riscv-none-embed/8.2.0/rv32imacxw/ilp32\libgcc.a(floatunsisf.o)
                              ./User/DataModel.o (__floatunsisf)
c:/mounriver/mounriver_studio/toolchain/risc-v embedded gcc/bin/../lib/gcc/riscv-none-embed/8.2.0/rv32imacxw/ilp32\libgcc.a(truncdfsf2.o)
                              ./User/inputs.o (__truncdfsf2)
c:/mounriver/mounriver_studio/toolchain/risc-v embedded gcc/bin/../lib/gcc/riscv-none-embed/8.2.0/rv32imacxw/ilp32\libgcc.a(save-restore.o)
                              ./User/dash_draw.o (__riscv_save_12)
c:/mounriver/mounriver_studio/toolchain/risc-v embedded gcc/bin/../lib/gcc/riscv-none-embed/8.2.0/rv32imacxw/ilp32\libgcc.a(_clzsi2.o)
                              c:/mounriver/mounriver_studio/toolchain/risc-v embedded gcc/bin/../lib/gcc/riscv-none-embed/8.2.0/rv32imacxw/ilp32\libgcc.a(muldf3.o) (__clzsi2)
c:/mounriver/mounriver_studio/toolchain/risc-v embedded gcc/bin/../lib/gcc/riscv-none-embed/8.2.0/rv32imacxw/ilp32\libgcc.a(_clz.o)
                              c:/mounriver/mounriver_studio/toolchain/risc-v embedded gcc/bin/../lib/gcc/riscv-none-embed/8.2.0/rv32imacxw/ilp32\libgcc.a(_clzsi2.o) (__clz_tab)
c:/mounriver/mounriver_studio/toolchain/risc-v embedded gcc/bin/../lib/gcc/riscv-none-embed/8.2.0/../../../../riscv-none-embed/lib/rv32imacxw/ilp32\libg_nano.a(lib_a-calloc.o)
                              ./CANopenNode/CANopen.o (calloc)
c:/mounriver/mounriver_studio/toolchain/risc-v embedded gcc/bin/../lib/gcc/riscv-none-embed/8.2.0/../../../../riscv-none-embed/lib/rv32imacxw/ilp32\libg_nano.a(lib_a-impure.o)
                              c:/mounriver/mounriver_studio/toolchain/risc-v embedded gcc/bin/../lib/gcc/riscv-none-embed/8.2.0/../../../../riscv-none-embed/lib/rv32imacxw/ilp32\libg_nano.a(lib_a-calloc.o) (_impure_ptr)
c:/mounriver/mounriver_studio/toolchain/risc-v embedded gcc/bin/../lib/gcc/riscv-none-embed/8.2.0/../../../../riscv-none-embed/lib/rv32imacxw/ilp32\libg_nano.a(lib_a-malloc.o)
                              ./CANopenNode/CANopen.o (free)
c:/mounriver/mounriver_studio/toolchain/risc-v embedded gcc/bin/../lib/gcc/riscv-none-embed/8.2.0/../../../../riscv-none-embed/lib/rv32imacxw/ilp32\libg_nano.a(lib_a-memcpy.o)
                              ./User/DataModel.o (memcpy)
c:/mounriver/mounriver_studio/toolchain/risc-v embedded gcc/bin/../lib/gcc/riscv-none-embed/8.2.0/../../../../riscv-none-embed/lib/rv32imacxw/ilp32\libg_nano.a(lib_a-memmove.o)
                              ./CANopenNode/301/CO_SDOserver.o (memmove)
[...]
Memory Configuration

Name             Origin             Length             Attributes
FLASH            0x0000000000000000 0x0000000000010000 xr
SFLASH           0x0000000000010000 0x0000000000002800 xr
RAM              0x0000000020000000 0x0000000000005000 xrw
*default*        0x0000000000000000 0xffffffffffffffff

Linker script and memory map

LOAD ./User/CanOpenNode.o
LOAD ./User/DataModel.o
LOAD ./User/ch32v20x_it.o
LOAD ./User/dash_draw.o
LOAD ./User/init.o
LOAD ./User/inputs.o
LOAD ./User/led.o
LOAD ./User/main.o
LOAD ./User/process.o
LOAD ./User/system_ch32v20x.o
LOAD ./User/system_init.o
LOAD ./Startup/startup_ch32v20x_D6.o
LOAD ./Peripheral/src/ch32v20x_adc.o
LOAD ./Peripheral/src/ch32v20x_bkp.o
LOAD ./Peripheral/src/ch32v20x_can.o
LOAD ./Peripheral/src/ch32v20x_crc.o
LOAD ./Peripheral/src/ch32v20x_dbgmcu.o
LOAD ./Peripheral/src/ch32v20x_dma.o
LOAD ./Peripheral/src/ch32v20x_exti.o
LOAD ./Peripheral/src/ch32v20x_flash.o
LOAD ./Peripheral/src/ch32v20x_gpio.o
LOAD ./Peripheral/src/ch32v20x_i2c.o
LOAD ./Peripheral/src/ch32v20x_iwdg.o
LOAD ./Peripheral/src/ch32v20x_misc.o
LOAD ./Peripheral/src/ch32v20x_opa.o
LOAD ./Peripheral/src/ch32v20x_pwr.o
LOAD ./Peripheral/src/ch32v20x_rcc.o
LOAD ./Peripheral/src/ch32v20x_rtc.o
LOAD ./Peripheral/src/ch32v20x_spi.o
LOAD ./Peripheral/src/ch32v20x_tim.o
LOAD ./Peripheral/src/ch32v20x_usart.o
LOAD ./Peripheral/src/ch32v20x_wwdg.o
LOAD ./HAL_LIB/filters.o
LOAD ./HAL_LIB/hw_lib_adc.o
LOAD ./HAL_LIB/hw_lib_din.o
LOAD ./HAL_LIB/hw_lib_eeprom_i2c.o
LOAD ./HAL_DRIVER/hal_can_ch32.o
LOAD ./HAL_DRIVER/hal_gpio_ch32.o
LOAD ./HAL_DRIVER/hal_i2c_ch32.o
LOAD ./HAL_DRIVER/hal_irq.o
LOAD ./HAL_DRIVER/hal_rtc_ch32.o
LOAD ./HAL_DRIVER/hal_spi_ch32.o
LOAD ./HAL_DRIVER/hal_wdt_ch32.o
LOAD ./HAL/hal_adc_ch32.o
LOAD ./HAL/hal_dma_ch32.o
LOAD ./HAL/hal_timers_ch32.o
LOAD ./FreeRTOS/portable/MemMang/heap_4.o
LOAD ./FreeRTOS/portable/GCC/RISC-V/port.o
LOAD ./FreeRTOS/portable/GCC/RISC-V/portASM.o
LOAD ./FreeRTOS/croutine.o
LOAD ./FreeRTOS/event_groups.o
LOAD ./FreeRTOS/list.o
LOAD ./FreeRTOS/queue.o
LOAD ./FreeRTOS/stream_buffer.o
LOAD ./FreeRTOS/tasks.o
LOAD ./FreeRTOS/timers.o
LOAD ./Debug/debug.o
LOAD ./Core/core_riscv.o
LOAD ./CANopenNode/keypad/CO_driver_ST32F103.o
LOAD ./CANopenNode/keypad/OD.o
LOAD ./CANopenNode/extra/CO_trace.o
LOAD ./CANopenNode/309/CO_gateway_ascii.o
LOAD ./CANopenNode/305/CO_LSSmaster.o
LOAD ./CANopenNode/305/CO_LSSslave.o
LOAD ./CANopenNode/304/CO_GFC.o
LOAD ./CANopenNode/304/CO_SRDO.o
LOAD ./CANopenNode/303/CO_LEDs.o
LOAD ./CANopenNode/301/CO_Emergency.o
LOAD ./CANopenNode/301/CO_HBconsumer.o
LOAD ./CANopenNode/301/CO_NMT_Heartbeat.o
LOAD ./CANopenNode/301/CO_Node_Guarding.o
LOAD ./CANopenNode/301/CO_ODinterface.o
LOAD ./CANopenNode/301/CO_PDO.o
LOAD ./CANopenNode/301/CO_SDOclient.o
LOAD ./CANopenNode/301/CO_SDOserver.o
LOAD ./CANopenNode/301/CO_SYNC.o
LOAD ./CANopenNode/301/CO_TIME.o
LOAD ./CANopenNode/301/CO_fifo.o
LOAD ./CANopenNode/301/crc16-ccitt.o
LOAD ./CANopenNode/CANopen.o
LOAD c:/mounriver/mounriver_studio/toolchain/risc-v embedded gcc/bin/../lib/gcc/riscv-none-embed/8.2.0/../../../../riscv-none-embed/lib/rv32imacxw/ilp32\libm.a
LOAD c:/mounriver/mounriver_studio/toolchain/risc-v embedded gcc/bin/../lib/gcc/riscv-none-embed/8.2.0/rv32imacxw/ilp32\libgcc.a
LOAD c:/mounriver/mounriver_studio/toolchain/risc-v embedded gcc/bin/../lib/gcc/riscv-none-embed/8.2.0/../../../../riscv-none-embed/lib/rv32imacxw/ilp32\libg_nano.a
LOAD c:/mounriver/mounriver_studio/toolchain/risc-v embedded gcc/bin/../lib/gcc/riscv-none-embed/8.2.0/../../../../riscv-none-embed/lib/rv32imacxw/ilp32\libc_nano.a
LOAD c:/mounriver/mounriver_studio/toolchain/risc-v embedded gcc/bin/../lib/gcc/riscv-none-embed/8.2.0/rv32imacxw/ilp32\libgcc.a
START GROUP
LOAD c:/mounriver/mounriver_studio/toolchain/risc-v embedded gcc/bin/../lib/gcc/riscv-none-embed/8.2.0/rv32imacxw/ilp32\libgcc.a
LOAD c:/mounriver/mounriver_studio/toolchain/risc-v embedded gcc/bin/../lib/gcc/riscv-none-embed/8.2.0/../../../../riscv-none-embed/lib/rv32imacxw/ilp32\libc_nano.a
LOAD c:/mounriver/mounriver_studio/toolchain/risc-v embedded gcc/bin/../lib/gcc/riscv-none-embed/8.2.0/../../../../riscv-none-embed/lib/rv32imacxw/ilp32\libnosys.a
END GROUP
START GROUP
LOAD c:/mounriver/mounriver_studio/toolchain/risc-v embedded gcc/bin/../lib/gcc/riscv-none-embed/8.2.0/rv32imacxw/ilp32\libgcc.a
LOAD c:/mounriver/mounriver_studio/toolchain/risc-v embedded gcc/bin/../lib/gcc/riscv-none-embed/8.2.0/../../../../riscv-none-embed/lib/rv32imacxw/ilp32\libc_nano.a
LOAD c:/mounriver/mounriver_studio/toolchain/risc-v embedded gcc/bin/../lib/gcc/riscv-none-embed/8.2.0/../../../../riscv-none-embed/lib/rv32imacxw/ilp32\libnosys.a
END GROUP
                0x0000000000000be8                __stack_size = 0xbe8
                [!provide]                        PROVIDE (_stack_size = __stack_size)

.init           0x0000000000000000       0x38
                0x0000000000000000                _sinit = .
                0x0000000000000000                . = ALIGN (0x4)
 *(SORT_NONE(.init))
 .init          0x0000000000000000       0x38 ./Startup/startup_ch32v20x_D6.o
                0x0000000000000000                _start
                0x0000000000000038                . = ALIGN (0x4)
                0x0000000000000038                _einit = .

.vector         0x0000000000000038      0x108
 *(.vector)
 .vector        0x0000000000000038       0xfc ./Startup/startup_ch32v20x_D6.o
                0x0000000000000140                . = ALIGN (0x40)
 *fill*         0x0000000000000134        0xc 

.stext          0x0000000000010000      0x746
                0x0000000000010000                . = ALIGN (0x4)
 *(.stext)
 .stext         0x0000000000010000       0x92 ./User/DataModel.o
 .stext         0x0000000000010092      0x168 ./User/init.o
                0x0000000000010092                vInit_DeviceConfig
 .stext         0x00000000000101fa       0x76 ./User/inputs.o
                0x00000000000101fa                ADC1_Init
 .stext         0x0000000000010270      0x202 ./User/process.o
                0x0000000000010270                vProceesInit
 .stext         0x0000000000010472      0x14e ./User/system_init.o
                0x0000000000010472                vSYStaskInit
                0x0000000000010596                vSYSqueueInit
 .stext         0x00000000000105c0       0x34 ./HAL_LIB/hw_lib_din.o
                0x00000000000105c0                eDinConfigWtihStruct
 .stext         0x00000000000105f4       0xca ./HAL_DRIVER/hal_rtc_ch32.o
                0x00000000000105f4                HAL_RTC_IT_Init
 .stext         0x00000000000106be       0x60 ./HAL_DRIVER/hal_spi_ch32.o
                0x00000000000106be                HAL_SPI_InitDMA
 .stext         0x000000000001071e       0x28 ./HAL_DRIVER/hal_wdt_ch32.o
                0x000000000001071e                HAL_WDT_Init1s

.text           0x0000000000000200     0xddf4
                0x0000000000000200                . = ALIGN (0x4)
 *(.text)
 .text          0x0000000000000200      0x2ee ./FreeRTOS/portable/GCC/RISC-V/portASM.o
                0x0000000000000200                SW_Handler
                0x0000000000000300                xPortStartFirstTask
                0x0000000000000400                pxPortInitialiseStack
 .text          0x00000000000004ee       0x60 c:/mounriver/mounriver_studio/toolchain/risc-v embedded gcc/bin/../lib/gcc/riscv-none-embed/8.2.0/rv32imacxw/ilp32\libgcc.a(save-restore.o)
                0x00000000000004ee                __riscv_save_12
                0x00000000000004f6                __riscv_save_9
                0x00000000000004f6                __riscv_save_11
                0x00000000000004f6                __riscv_save_10
                0x00000000000004f6                __riscv_save_8
                0x0000000000000504                __riscv_save_4
                0x0000000000000504                __riscv_save_6
                0x0000000000000504                __riscv_save_5
                0x0000000000000504                __riscv_save_7
                0x000000000000051e                __riscv_save_3
                0x000000000000051e                __riscv_save_2
                0x000000000000051e                __riscv_save_1
                0x000000000000051e                __riscv_save_0
                0x000000000000052a                __riscv_restore_12
                0x000000000000052e                __riscv_restore_11
                0x000000000000052e                __riscv_restore_9
                0x000000000000052e                __riscv_restore_10
                0x000000000000052e                __riscv_restore_8
                0x0000000000000538                __riscv_restore_5
                0x0000000000000538                __riscv_restore_7
                0x0000000000000538                __riscv_restore_6
                0x0000000000000538                __riscv_restore_4
                0x0000000000000542                __riscv_restore_3
                0x0000000000000542                __riscv_restore_0
                0x0000000000000542                __riscv_restore_2
                0x0000000000000542                __riscv_restore_1
 .text          0x000000000000054e       0xa8 c:/mounriver/mounriver_studio/toolchain/risc-v embedded gcc/bin/../lib/gcc/riscv-none-embed/8.2.0/../../../../riscv-none-embed/lib/rv32imacxw/ilp32\libg_nano.a(lib_a-memset.o)
                0x000000000000054e                memset
 *(.text.*)
 .text.xCanOpenProcessTaskHandle
                0x00000000000005f6        0xa ./User/CanOpenNode.o
                0x00000000000005f6                xCanOpenProcessTaskHandle
 .text.xCanOpenPeriodicTaskHandle
                0x0000000000000600        0xa ./User/CanOpenNode.o
                0x0000000000000600                xCanOpenPeriodicTaskHandle
 .text.vCanOpenInit
                0x000000000000060a        0xa ./User/CanOpenNode.o
                0x000000000000060a                vCanOpenInit
 .text.vCanOpenProcess
                0x0000000000000614      0x192 ./User/CanOpenNode.o
                0x0000000000000614                vCanOpenProcess
 .text.vCanOpenPeriodicProcess
                0x00000000000007a6       0x82 ./User/CanOpenNode.o
                0x00000000000007a6                vCanOpenPeriodicProcess
 .text.xDataRegQueue
                0x0000000000000828        0xa ./User/DataModel.o
                0x0000000000000828                xDataRegQueue
 .text.vDataModelRegDelayWrite
                0x0000000000000832       0x34 ./User/DataModel.o
                0x0000000000000832                vDataModelRegDelayWrite
 .text.setReg32
                0x0000000000000866       0x1a ./User/DataModel.o
                0x0000000000000866                setReg32
 .text.setReg16
                0x0000000000000880        0xe ./User/DataModel.o
                0x0000000000000880                setReg16
 .text.setReg8  0x000000000000088e        0xa ./User/DataModel.o
                0x000000000000088e                setReg8
 .text.SaveReg16
                0x0000000000000898       0x14 ./User/DataModel.o
                0x0000000000000898                SaveReg16
 .text.getReg16
                0x00000000000008ac       0x10 ./User/DataModel.o
                0x00000000000008ac                getReg16
 .text.getReg32
                0x00000000000008bc       0x1c ./User/DataModel.o
                0x00000000000008bc                getReg32
 .text.DataModel_Init
                0x00000000000008d8      0x394 ./User/DataModel.o
                0x00000000000008d8                DataModel_Init
 .text.getReg8  0x0000000000000c6c        0xa ./User/DataModel.o
                0x0000000000000c6c                getReg8
 .text.WriteRegAfterDelay
                0x0000000000000c76       0x60 ./User/DataModel.o
                0x0000000000000c76                WriteRegAfterDelay
 .text.WriteReg
                0x0000000000000cd6       0x56 ./User/DataModel.o
                0x0000000000000cd6                WriteReg
 .text.vGetBitrate
                0x0000000000000d2c       0x2a ./User/DataModel.o
                0x0000000000000d2c                vGetBitrate
 .text.vFDGetNMTState
                0x0000000000000d56        0x6 ./User/DataModel.o
                0x0000000000000d56                vFDGetNMTState
 .text.vGetNodeId
                0x0000000000000d5c        0x6 ./User/DataModel.o
                0x0000000000000d5c                vGetNodeId
 .text.vIncrementSystemCounters
                0x0000000000000d62       0x76 ./User/DataModel.o
                0x0000000000000d62                vIncrementSystemCounters
 .text.vSaveData
                0x0000000000000dd8       0x14 ./User/DataModel.o
                0x0000000000000dd8                vSaveData
 .text.getOdometr
                0x0000000000000dec       0x14 ./User/DataModel.o
                0x0000000000000dec                getOdometr
 .text.NMI_Handler
                0x0000000000000e00        0x2 ./User/ch32v20x_it.o
                0x0000000000000e00                NMI_Handler
 .text.HardFault_Handler
                0x0000000000000e02       0x66 ./User/ch32v20x_it.o
                0x0000000000000e02                HardFault_Handler
 .text.SegPrint
                0x0000000000000e68       0x5a ./User/dash_draw.o
 .text.vCheckKeySatate
                0x0000000000000ec2       0x68 ./User/dash_draw.o
 .text.xProcessTaskHandle
                0x0000000000000f2a        0xa ./User/dash_draw.o
                0x0000000000000f2a                xProcessTaskHandle
 .text.vSetErrorReg
                0x0000000000000f34        0xa ./User/dash_draw.o
                0x0000000000000f34                vSetErrorReg
 .text.getODValue
                0x0000000000000f3e      0x130 ./User/dash_draw.o
                0x0000000000000f3e                getODValue
 .text.IncMenuIndex
                0x000000000000106e       0x80 ./User/dash_draw.o
                0x000000000000106e                IncMenuIndex
 .text.GoToHome
                0x00000000000010ee       0x12 ./User/dash_draw.o
                0x00000000000010ee                GoToHome
 .text.SetCurMenuHome
                0x0000000000001100       0x1e ./User/dash_draw.o
                0x0000000000001100                SetCurMenuHome
 .text.GetCurMenuHome
                0x000000000000111e        0x6 ./User/dash_draw.o
                0x000000000000111e                GetCurMenuHome
 .text.SetCurrentMenu
                0x0000000000001124       0x12 ./User/dash_draw.o
                0x0000000000001124                SetCurrentMenu
 .text.SetDefault
                0x0000000000001136       0x2a ./User/dash_draw.o
                0x0000000000001136                SetDefault
 .text.MenuBackHomeCheck
                0x0000000000001160       0x38 ./User/dash_draw.o
                0x0000000000001160                MenuBackHomeCheck
 .text.CheckMenuChannel
                0x0000000000001198       0x20 ./User/dash_draw.o
                0x0000000000001198                CheckMenuChannel
 .text.vDashDrawInit
                0x00000000000011b8       0x80 ./User/dash_draw.o
                0x00000000000011b8                vDashDrawInit
 .text.vMenuBlink
                0x0000000000001238       0x4a ./User/dash_draw.o
                0x0000000000001238                vMenuBlink
 .text.SetErrorRegiter
                0x0000000000001282       0x5e ./User/dash_draw.o
                0x0000000000001282                SetErrorRegiter
 .text.uGetCurrMenu
                0x00000000000012e0       0x26 ./User/dash_draw.o
                0x00000000000012e0                uGetCurrMenu
 .text.vGetEdgeData
                0x0000000000001306       0x2a ./User/dash_draw.o
                0x0000000000001306                vGetEdgeData
 .text.checkLedState
                0x0000000000001330       0x3a ./User/dash_draw.o
 .text.vRGBMode
                0x000000000000136a       0x72 ./User/dash_draw.o
                0x000000000000136a                vRGBMode
 .text.vBarColorMode
                0x00000000000013dc       0xc2 ./User/dash_draw.o
                0x00000000000013dc                vBarColorMode
 .text.vBarWindowMode
                0x000000000000149e       0x5a ./User/dash_draw.o
                0x000000000000149e                vBarWindowMode
 .text.vBarMode
                0x00000000000014f8       0x66 ./User/dash_draw.o
                0x00000000000014f8                vBarMode
 .text.vRedrawTask
                0x000000000000155e      0x4f8 ./User/dash_draw.o
                0x000000000000155e                vRedrawTask
 .text.HardwareDeinit
                0x0000000000001a56       0x2a ./User/init.o
                0x0000000000001a56                HardwareDeinit
 .text.SoftwareReset
                0x0000000000001a80       0x14 ./User/init.o
                0x0000000000001a80                SoftwareReset
 .text.ADC1_Event
                0x0000000000001a94       0x48 ./User/inputs.o
                0x0000000000001a94                ADC1_Event
 .text.CaptureDMACallBack
                0x0000000000001adc       0x22 ./User/inputs.o
                0x0000000000001adc                CaptureDMACallBack
 .text.CaptureDMACallBack_1
                0x0000000000001afe       0x22 ./User/inputs.o
                0x0000000000001afe                CaptureDMACallBack_1
 .text.SaveData
                0x0000000000001b20       0x2e ./User/inputs.o
 .text.fDinStateCallback
                0x0000000000001b4e       0x32 ./User/inputs.o
                0x0000000000001b4e                fDinStateCallback
 .text.vSetDoutState
                0x0000000000001b80       0x28 ./User/inputs.o
                0x0000000000001b80                vSetDoutState
 .text.getInputsTaskHandle
                0x0000000000001ba8        0xa ./User/inputs.o
                0x0000000000001ba8                getInputsTaskHandle
 .text.ADC_FSM  0x0000000000001bb2      0x1b6 ./User/inputs.o
                0x0000000000001bb2                ADC_FSM
 .text.GetAIN   0x0000000000001d68        0xc ./User/inputs.o
                0x0000000000001d68                GetAIN
 .text.vInputsTask
                0x0000000000001d74      0x272 ./User/inputs.o
                0x0000000000001d74                vInputsTask
 .text.SPI1_DMA_Callback
                0x0000000000001fe6       0x2e ./User/led.o
                0x0000000000001fe6                SPI1_DMA_Callback
 .text.SPI2_DMA_Callback
                0x0000000000002014       0x2e ./User/led.o
                0x0000000000002014                SPI2_DMA_Callback
 .text.SetBarState
                0x0000000000002042       0x50 ./User/led.o
                0x0000000000002042                SetBarState
 .text.SetRGB   0x0000000000002092       0x4e ./User/led.o
                0x0000000000002092                SetRGB
 .text.SetSegDirect
                0x00000000000020e0       0x9c ./User/led.o
                0x00000000000020e0                SetSegDirect
 .text.SetSegPoint
                0x000000000000217c       0x22 ./User/led.o
                0x000000000000217c                SetSegPoint
 .text.SetSEG   0x000000000000219e      0x120 ./User/led.o
                0x000000000000219e                SetSEG
 .text.SetBigSeg
                0x00000000000022be       0x14 ./User/led.o
                0x00000000000022be                SetBigSeg
 .text.vSetBrigth
                0x00000000000022d2       0x28 ./User/led.o
                0x00000000000022d2                vSetBrigth
 .text.vLedDriverStart
                0x00000000000022fa       0x4e ./User/led.o
                0x00000000000022fa                vLedDriverStart
 .text.vLedProcess
                0x0000000000002348       0x1e ./User/led.o
                0x0000000000002348                vLedProcess
 .text.vRGBProcess
                0x0000000000002366       0xe2 ./User/led.o
                0x0000000000002366                vRGBProcess
 .text.startup.main
                0x0000000000002448       0x28 ./User/main.o
                0x0000000000002448                main
 .text.vRestartNode
                0x0000000000002470        0x2 ./User/main.o
                0x0000000000002470                vRestartNode
 .text.Error_Handler
                0x0000000000002472        0x8 ./User/main.o
                0x0000000000002472                Error_Handler
 .text.OD_readKEY
                0x000000000000247a        0x8 ./User/process.o
 .text.OD_writeRGBMAP
                0x0000000000002482       0x30 ./User/process.o
 .text.OD_writeKEY
                0x00000000000024b2       0x34 ./User/process.o
 .text.OD_readRGBMAP
                0x00000000000024e6       0x22 ./User/process.o
 .text.OD_readDIN
                0x0000000000002508       0x1c ./User/process.o
 .text.OD_writeMenuSetup
                0x0000000000002524       0x46 ./User/process.o
 .text.OD_writeBoardSettings
                0x000000000000256a       0x76 ./User/process.o
 .text.CO_getUint16
                0x00000000000025e0       0x10 ./User/process.o
 .text.OD_writeSEG
                0x00000000000025f0       0x44 ./User/process.o
 .text.OD_writeBAR
                0x0000000000002634       0x30 ./User/process.o
 .text.OD_writeRPMConfig
                0x0000000000002664       0x36 ./User/process.o
 .text.CO_getUint32
                0x000000000000269a       0x18 ./User/process.o
 .text.OD_writeMenuMap
                0x00000000000026b2       0x30 ./User/process.o
 .text.OD_writeV1_14
                0x00000000000026e2       0x54 ./User/process.o
 .text.OD_writeDashParam
                0x0000000000002736       0x44 ./User/process.o
 .text.WriteRGB.isra.2
                0x000000000000277a       0x3a ./User/process.o
 .text.OD_writeRGB1
                0x00000000000027b4       0x14 ./User/process.o
 .text.OD_writeRGB2
                0x00000000000027c8       0x16 ./User/process.o
 .text.OD_writeRGB3
                0x00000000000027de       0x16 ./User/process.o
 .text.OD_writeRGB4
                0x00000000000027f4       0x16 ./User/process.o
 .text.OD_writeRGB5
                0x000000000000280a       0x16 ./User/process.o
 .text.OD_writeRGB6
                0x0000000000002820       0x16 ./User/process.o
 .text.OD_writeRGB7
                0x0000000000002836       0x16 ./User/process.o
 .text.OD_writeRGB8
                0x000000000000284c       0x16 ./User/process.o
 .text.OD_writeRGB9
                0x0000000000002862       0x16 ./User/process.o
 .text.OD_writeRGB10
                0x0000000000002878       0x16 ./User/process.o
 .text.OD_writeRGB11
                0x000000000000288e       0x16 ./User/process.o
 .text.OD_writeRGB12
                0x00000000000028a4       0x16 ./User/process.o
 .text.OD_writeRGB13
                0x00000000000028ba       0x16 ./User/process.o
 .text.OD_readBoardSettings
                0x00000000000028d0       0x2c ./User/process.o
 .text.readADC.isra.6
                0x00000000000028fc       0x84 ./User/process.o
 .text.OD_readADC1
                0x0000000000002980       0x10 ./User/process.o
 .text.OD_readADC2
                0x0000000000002990       0x10 ./User/process.o
 .text.OD_readADC3
                0x00000000000029a0       0x10 ./User/process.o
 .text.OD_readMenuSetup
                0x00000000000029b0       0x30 ./User/process.o
 .text.writeADC.isra.9
                0x00000000000029e0       0xde ./User/process.o
 .text.OD_writeADC1
                0x0000000000002abe       0x10 ./User/process.o
 .text.OD_writeADC2
                0x0000000000002ace       0x10 ./User/process.o
 .text.OD_writeADC3
                0x0000000000002ade       0x10 ./User/process.o
 .text.OD_readRGB.isra.5
                0x0000000000002aee       0x22 ./User/process.o
 .text.OD_readRGB1
                0x0000000000002b10       0x10 ./User/process.o
 .text.OD_readRGB2
                0x0000000000002b20       0x12 ./User/process.o
 .text.OD_readRGB3
                0x0000000000002b32       0x12 ./User/process.o
 .text.OD_readRGB4
                0x0000000000002b44       0x12 ./User/process.o
 .text.OD_readRGB5
                0x0000000000002b56       0x12 ./User/process.o
 .text.OD_readRGB6
                0x0000000000002b68       0x12 ./User/process.o
 .text.OD_readRGB7
                0x0000000000002b7a       0x12 ./User/process.o
 .text.OD_readRGB8
                0x0000000000002b8c       0x12 ./User/process.o
 .text.OD_readRGB9
                0x0000000000002b9e       0x12 ./User/process.o
 .text.OD_readRGB10
                0x0000000000002bb0       0x12 ./User/process.o
 .text.OD_readRGB11
                0x0000000000002bc2       0x12 ./User/process.o
 .text.OD_readRGB12
                0x0000000000002bd4       0x12 ./User/process.o
 .text.OD_readRGB13
                0x0000000000002be6       0x12 ./User/process.o
 .text.OD_readAIN_RPM
                0x0000000000002bf8       0x26 ./User/process.o
 .text.OD_readMenuMap
                0x0000000000002c1e       0x2c ./User/process.o
 .text.OD_readRPMConfig
                0x0000000000002c4a       0x2a ./User/process.o
 .text.OD_readBar
                0x0000000000002c74       0x28 ./User/process.o
 .text.OD_readDashParam
                0x0000000000002c9c       0x4c ./User/process.o
 .text.OD_readSEG
                0x0000000000002ce8       0x34 ./User/process.o
 .text.SystemInit
                0x0000000000002d1c       0xea ./User/system_ch32v20x.o
                0x0000000000002d1c                SystemInit
 .text.SystemCoreClockUpdate
                0x0000000000002e06       0x92 ./User/system_ch32v20x.o
                0x0000000000002e06                SystemCoreClockUpdate
 .text.StartDefaultTask
                0x0000000000002e98       0x78 ./User/system_init.o
 .text.vApplicationGetIdleTaskMemory
                0x0000000000002f10       0x1c ./User/system_init.o
                0x0000000000002f10                vApplicationGetIdleTaskMemory
 .text.vSystemStop
                0x0000000000002f2c       0x26 ./User/system_init.o
                0x0000000000002f2c                vSystemStop
 .text.vector_handler
                0x0000000000002f52       0x6c ./Startup/startup_ch32v20x_D6.o
                0x0000000000002f56                Ecall_M_Mode_Handler
                0x0000000000002f58                Ecall_U_Mode_Handler
                0x0000000000002f5a                Break_Point_Handler
                0x0000000000002f60                WWDG_IRQHandler
                0x0000000000002f62                PVD_IRQHandler
                0x0000000000002f64                TAMPER_IRQHandler
                0x0000000000002f68                FLASH_IRQHandler
                0x0000000000002f6a                RCC_IRQHandler
                0x0000000000002f6c                EXTI0_IRQHandler
                0x0000000000002f6e                EXTI1_IRQHandler
                0x0000000000002f70                EXTI2_IRQHandler
                0x0000000000002f72                EXTI3_IRQHandler
                0x0000000000002f74                EXTI4_IRQHandler
                0x0000000000002f78                DMA1_Channel2_IRQHandler
                0x0000000000002f80                DMA1_Channel6_IRQHandler
                0x0000000000002f8e                EXTI9_5_IRQHandler
                0x0000000000002f90                TIM1_BRK_IRQHandler
                0x0000000000002f92                TIM1_UP_IRQHandler
                0x0000000000002f94                TIM1_TRG_COM_IRQHandler
                0x0000000000002f96                TIM1_CC_IRQHandler
                0x0000000000002f98                TIM2_IRQHandler
                0x0000000000002f9a                TIM3_IRQHandler
                0x0000000000002fa2                I2C2_EV_IRQHandler
                0x0000000000002fa4                I2C2_ER_IRQHandler
                0x0000000000002fa6                SPI1_IRQHandler
                0x0000000000002fa8                SPI2_IRQHandler
                0x0000000000002faa                USART1_IRQHandler
                0x0000000000002fac                USART2_IRQHandler
                0x0000000000002fae                USART3_IRQHandler
                0x0000000000002fb0                EXTI15_10_IRQHandler
                0x0000000000002fb2                RTCAlarm_IRQHandler
                0x0000000000002fb4                USBWakeUp_IRQHandler
                0x0000000000002fb6                USBHD_IRQHandler
                0x0000000000002fb8                USBHDWakeUp_IRQHandler
                0x0000000000002fba                UART4_IRQHandler
                0x0000000000002fbc                DMA1_Channel8_IRQHandler
 .text.handle_reset
                0x0000000000002fbe       0x92 ./Startup/startup_ch32v20x_D6.o
                0x0000000000002fbe                handle_reset
 .text.ADC_Cmd  0x0000000000003050       0x10 ./Peripheral/src/ch32v20x_adc.o
                0x0000000000003050                ADC_Cmd
 .text.ADC_GetResetCalibrationStatus
                0x0000000000003060        0x8 ./Peripheral/src/ch32v20x_adc.o
                0x0000000000003060                ADC_GetResetCalibrationStatus
 .text.ADC_GetCalibrationStatus
                0x0000000000003068        0x8 ./Peripheral/src/ch32v20x_adc.o
                0x0000000000003068                ADC_GetCalibrationStatus
 .text.ADC_GetITStatus
                0x0000000000003070       0x1c ./Peripheral/src/ch32v20x_adc.o
                0x0000000000003070                ADC_GetITStatus
 .text.ADC_ClearITPendingBit
                0x000000000000308c        0xa ./Peripheral/src/ch32v20x_adc.o
                0x000000000000308c                ADC_ClearITPendingBit
 .text.Get_CalibrationValue
                0x0000000000003096      0x1fe ./Peripheral/src/ch32v20x_adc.o
                0x0000000000003096                Get_CalibrationValue
 .text.DMA_GetFlagStatus
                0x0000000000003294        0xe ./Peripheral/src/ch32v20x_dma.o
                0x0000000000003294                DMA_GetFlagStatus
 .text.DMA_GetITStatus
                0x00000000000032a2        0xc ./Peripheral/src/ch32v20x_dma.o
                0x00000000000032a2                DMA_GetITStatus
 .text.DMA_ClearITPendingBit
                0x00000000000032ae        0x8 ./Peripheral/src/ch32v20x_dma.o
                0x00000000000032ae                DMA_ClearITPendingBit
 .text.GPIO_Init
                0x00000000000032b6       0xfa ./Peripheral/src/ch32v20x_gpio.o
                0x00000000000032b6                GPIO_Init
 .text.GPIO_PinRemapConfig
                0x00000000000033b0       0xf2 ./Peripheral/src/ch32v20x_gpio.o
                0x00000000000033b0                GPIO_PinRemapConfig
 .text.I2C_DualAddressCmd
                0x00000000000034a2       0x18 ./Peripheral/src/ch32v20x_i2c.o
                0x00000000000034a2                I2C_DualAddressCmd
 .text.I2C_ClearFlag
                0x00000000000034ba        0xc ./Peripheral/src/ch32v20x_i2c.o
                0x00000000000034ba                I2C_ClearFlag
 .text.RCC_LSEConfig
                0x00000000000034c6       0x28 ./Peripheral/src/ch32v20x_rcc.o
                0x00000000000034c6                RCC_LSEConfig
 .text.RCC_GetClocksFreq
                0x00000000000034ee       0xbe ./Peripheral/src/ch32v20x_rcc.o
                0x00000000000034ee                RCC_GetClocksFreq
 .text.RCC_APB2PeriphClockCmd
                0x00000000000035ac       0x1e ./Peripheral/src/ch32v20x_rcc.o
                0x00000000000035ac                RCC_APB2PeriphClockCmd
 .text.RCC_GetFlagStatus
                0x00000000000035ca       0x2e ./Peripheral/src/ch32v20x_rcc.o
                0x00000000000035ca                RCC_GetFlagStatus
 .text.RTC_EnterConfigMode
                0x00000000000035f8       0x12 ./Peripheral/src/ch32v20x_rtc.o
                0x00000000000035f8                RTC_EnterConfigMode
 .text.RTC_ExitConfigMode
                0x000000000000360a       0x18 ./Peripheral/src/ch32v20x_rtc.o
                0x000000000000360a                RTC_ExitConfigMode
 .text.RTC_GetCounter
                0x0000000000003622       0x36 ./Peripheral/src/ch32v20x_rtc.o
                0x0000000000003622                RTC_GetCounter
 .text.RTC_SetCounter
                0x0000000000003658       0x2c ./Peripheral/src/ch32v20x_rtc.o
                0x0000000000003658                RTC_SetCounter
 .text.RTC_SetPrescaler
                0x0000000000003684       0x2e ./Peripheral/src/ch32v20x_rtc.o
                0x0000000000003684                RTC_SetPrescaler
 .text.RTC_WaitForLastTask
                0x00000000000036b2       0x10 ./Peripheral/src/ch32v20x_rtc.o
                0x00000000000036b2                RTC_WaitForLastTask
 .text.RTC_WaitForSynchro
                0x00000000000036c2       0x24 ./Peripheral/src/ch32v20x_rtc.o
                0x00000000000036c2                RTC_WaitForSynchro
 .text.TIM_OC1Init
                0x00000000000036e6       0x6a ./Peripheral/src/ch32v20x_tim.o
                0x00000000000036e6                TIM_OC1Init
 .text.TIM_OC2Init
                0x0000000000003750       0x96 ./Peripheral/src/ch32v20x_tim.o
                0x0000000000003750                TIM_OC2Init
 .text.TIM_OC3Init
                0x00000000000037e6       0x94 ./Peripheral/src/ch32v20x_tim.o
                0x00000000000037e6                TIM_OC3Init
 .text.TIM_OC4Init
                0x000000000000387a       0x6c ./Peripheral/src/ch32v20x_tim.o
                0x000000000000387a                TIM_OC4Init
 .text.TIM_OC1PreloadConfig
                0x00000000000038e6        0xe ./Peripheral/src/ch32v20x_tim.o
                0x00000000000038e6                TIM_OC1PreloadConfig
 .text.TIM_OC2PreloadConfig
                0x00000000000038f4       0x16 ./Peripheral/src/ch32v20x_tim.o
                0x00000000000038f4                TIM_OC2PreloadConfig
 .text.TIM_OC3PreloadConfig
                0x000000000000390a        0xe ./Peripheral/src/ch32v20x_tim.o
                0x000000000000390a                TIM_OC3PreloadConfig
 .text.TIM_OC4PreloadConfig
                0x0000000000003918       0x16 ./Peripheral/src/ch32v20x_tim.o
                0x0000000000003918                TIM_OC4PreloadConfig
 .text.TIM_GetITStatus
                0x000000000000392e       0x18 ./Peripheral/src/ch32v20x_tim.o
                0x000000000000392e                TIM_GetITStatus
 .text.USART_Init
                0x0000000000003946       0xbc ./Peripheral/src/ch32v20x_usart.o
                0x0000000000003946                USART_Init
 .text.USART_Cmd
                0x0000000000003a02       0x16 ./Peripheral/src/ch32v20x_usart.o
                0x0000000000003a02                USART_Cmd
 .text.USART_SendData
                0x0000000000003a18        0x8 ./Peripheral/src/ch32v20x_usart.o
                0x0000000000003a18                USART_SendData
 .text.USART_GetFlagStatus
                0x0000000000003a20        0xa ./Peripheral/src/ch32v20x_usart.o
                0x0000000000003a20                USART_GetFlagStatus
 .text.vRCFilterConfig
                0x0000000000003a2a       0x2e ./HAL_LIB/filters.o
                0x0000000000003a2a                vRCFilterConfig
 .text.vInitABFilter
                0x0000000000003a58       0x22 ./HAL_LIB/filters.o
                0x0000000000003a58                vInitABFilter
 .text.vInitRunAverga
                0x0000000000003a7a        0x8 ./HAL_LIB/filters.o
                0x0000000000003a7a                vInitRunAverga
 .text.vInitMedianFilter
                0x0000000000003a82       0x12 ./HAL_LIB/filters.o
                0x0000000000003a82                vInitMedianFilter
 .text.MedianFilter
                0x0000000000003a94       0x74 ./HAL_LIB/filters.o
                0x0000000000003a94                MedianFilter
 .text.AddBufferData
                0x0000000000003b08       0x20 ./HAL_LIB/filters.o
                0x0000000000003b08                AddBufferData
 .text.GetConversional
                0x0000000000003b28       0x4a ./HAL_LIB/filters.o
                0x0000000000003b28                GetConversional
 .text.vAINInit
                0x0000000000003b72       0x36 ./HAL_LIB/hw_lib_adc.o
                0x0000000000003b72                vAINInit
 .text.fGetAinCalData
                0x0000000000003ba8       0x7a ./HAL_LIB/hw_lib_adc.o
                0x0000000000003ba8                fGetAinCalData
 .text.eAinCalDataConfig
                0x0000000000003c22       0x50 ./HAL_LIB/hw_lib_adc.o
                0x0000000000003c22                eAinCalDataConfig
 .text.vABLineKoofFinde
                0x0000000000003c72       0x6a ./HAL_LIB/hw_lib_adc.o
                0x0000000000003c72                vABLineKoofFinde
 .text.eSetAinCalPoint
                0x0000000000003cdc       0x64 ./HAL_LIB/hw_lib_adc.o
                0x0000000000003cdc                eSetAinCalPoint
 .text.getADC1Buffer
                0x0000000000003d40        0xa ./HAL_LIB/hw_lib_adc.o
                0x0000000000003d40                getADC1Buffer
 .text.eDOUTConfigWtihStruct
                0x0000000000003d4a       0x1c ./HAL_LIB/hw_lib_din.o
                0x0000000000003d4a                eDOUTConfigWtihStruct
 .text.eSetDUT  0x0000000000003d66       0x16 ./HAL_LIB/hw_lib_din.o
                0x0000000000003d66                eSetDUT
 .text.uGetDIN  0x0000000000003d7c       0x14 ./HAL_LIB/hw_lib_din.o
                0x0000000000003d7c                uGetDIN
 .text.eRPMConfig
                0x0000000000003d90       0x5a ./HAL_LIB/hw_lib_din.o
                0x0000000000003d90                eRPMConfig
 .text.RMPDataConvert
                0x0000000000003dea       0x7e ./HAL_LIB/hw_lib_din.o
                0x0000000000003dea                RMPDataConvert
 .text.GetRPM   0x0000000000003e68       0x70 ./HAL_LIB/hw_lib_din.o
                0x0000000000003e68                GetRPM
 .text.xGetRPM  0x0000000000003ed8       0x72 ./HAL_LIB/hw_lib_din.o
                0x0000000000003ed8                xGetRPM
 .text.vDinDoutProcess
                0x0000000000003f4a       0xa0 ./HAL_LIB/hw_lib_din.o
                0x0000000000003f4a                vDinDoutProcess
 .text.getCaputreBuffer
                0x0000000000003fea       0x16 ./HAL_LIB/hw_lib_din.o
                0x0000000000003fea                getCaputreBuffer
 .text.I2C_FSM  0x0000000000004000      0x198 ./HAL_LIB/hw_lib_eeprom_i2c.o
                0x0000000000004000                I2C_FSM
 .text.vInitEEPROM_I2C
                0x0000000000004198       0x4e ./HAL_LIB/hw_lib_eeprom_i2c.o
                0x0000000000004198                vInitEEPROM_I2C
 .text.eEEPROMWrFast
                0x00000000000041e6      0x10a ./HAL_LIB/hw_lib_eeprom_i2c.o
                0x00000000000041e6                eEEPROMWrFast
 .text.eEEPROMWr
                0x00000000000042f0       0xe2 ./HAL_LIB/hw_lib_eeprom_i2c.o
                0x00000000000042f0                eEEPROMWr
 .text.eEEPROMRd
                0x00000000000043d2       0x8a ./HAL_LIB/hw_lib_eeprom_i2c.o
                0x00000000000043d2                eEEPROMRd
 .text.bReadEEPROM
                0x000000000000445c       0x1a ./HAL_LIB/hw_lib_eeprom_i2c.o
                0x000000000000445c                bReadEEPROM
 .text.HAL_CANSetTXCallback
                0x0000000000004476        0xa ./HAL_DRIVER/hal_can_ch32.o
                0x0000000000004476                HAL_CANSetTXCallback
 .text.HAL_CANSetRXCallback
                0x0000000000004480        0xa ./HAL_DRIVER/hal_can_ch32.o
                0x0000000000004480                HAL_CANSetRXCallback
 .text.HAL_CANSetERRCallback
                0x000000000000448a        0xa ./HAL_DRIVER/hal_can_ch32.o
                0x000000000000448a                HAL_CANSetERRCallback
 .text.HAL_CANIntIT
                0x0000000000004494      0x13c ./HAL_DRIVER/hal_can_ch32.o
                0x0000000000004494                HAL_CANIntIT
 .text.HAL_CANToInitMode
                0x00000000000045d0       0x30 ./HAL_DRIVER/hal_can_ch32.o
                0x00000000000045d0                HAL_CANToInitMode
 .text.HAL_CANToOperatingMode
                0x0000000000004600       0x26 ./HAL_DRIVER/hal_can_ch32.o
                0x0000000000004600                HAL_CANToOperatingMode
 .text.HAL_CANSend
                0x0000000000004626       0xae ./HAL_DRIVER/hal_can_ch32.o
                0x0000000000004626                HAL_CANSend
 .text.HAL_CANSetFiters
                0x00000000000046d4       0xc4 ./HAL_DRIVER/hal_can_ch32.o
                0x00000000000046d4                HAL_CANSetFiters
 .text.HAL_CANGetRXMessage
                0x0000000000004798       0xb0 ./HAL_DRIVER/hal_can_ch32.o
                0x0000000000004798                HAL_CANGetRXMessage
 .text.USB_HP_CAN1_TX_IRQHandler
                0x0000000000004848       0x60 ./HAL_DRIVER/hal_can_ch32.o
                0x0000000000004848                USB_HP_CAN1_TX_IRQHandler
 .text.USB_LP_CAN1_RX0_IRQHandler
                0x00000000000048a8       0x5e ./HAL_DRIVER/hal_can_ch32.o
                0x00000000000048a8                USB_LP_CAN1_RX0_IRQHandler
 .text.CAN1_RX1_IRQHandler
                0x0000000000004906       0x5e ./HAL_DRIVER/hal_can_ch32.o
                0x0000000000004906                CAN1_RX1_IRQHandler
 .text.CAN1_SCE_IRQHandler
                0x0000000000004964       0x5c ./HAL_DRIVER/hal_can_ch32.o
                0x0000000000004964                CAN1_SCE_IRQHandler
 .text.HAL_InitGPIO
                0x00000000000049c0       0xba ./HAL_DRIVER/hal_gpio_ch32.o
                0x00000000000049c0                HAL_InitGPIO
 .text.HAL_InitGpioOut
                0x0000000000004a7a       0x10 ./HAL_DRIVER/hal_gpio_ch32.o
                0x0000000000004a7a                HAL_InitGpioOut
 .text.HAL_InitGpioAIN
                0x0000000000004a8a       0x10 ./HAL_DRIVER/hal_gpio_ch32.o
                0x0000000000004a8a                HAL_InitGpioAIN
 .text.HAL_InitGpioIn
                0x0000000000004a9a       0x10 ./HAL_DRIVER/hal_gpio_ch32.o
                0x0000000000004a9a                HAL_InitGpioIn
 .text.HAL_InitGpioAF
                0x0000000000004aaa       0x34 ./HAL_DRIVER/hal_gpio_ch32.o
                0x0000000000004aaa                HAL_InitGpioAF
 .text.HAL_GetBit
                0x0000000000004ade        0xa ./HAL_DRIVER/hal_gpio_ch32.o
                0x0000000000004ade                HAL_GetBit
 .text.HAL_SetBit
                0x0000000000004ae8        0x4 ./HAL_DRIVER/hal_gpio_ch32.o
                0x0000000000004ae8                HAL_SetBit
 .text.HAL_ResetBit
                0x0000000000004aec        0x4 ./HAL_DRIVER/hal_gpio_ch32.o
                0x0000000000004aec                HAL_ResetBit
 .text.HAL_InitGPO
                0x0000000000004af0       0x14 ./HAL_DRIVER/hal_gpio_ch32.o
                0x0000000000004af0                HAL_InitGPO
 .text.HAL_I2C_Init
                0x0000000000004b04       0xf4 ./HAL_DRIVER/hal_i2c_ch32.o
                0x0000000000004b04                HAL_I2C_Init
 .text.HAL_I2C_GET_STAR2
                0x0000000000004bf8        0xe ./HAL_DRIVER/hal_i2c_ch32.o
                0x0000000000004bf8                HAL_I2C_GET_STAR2
 .text.HAL_I2C_GET_STAR1
                0x0000000000004c06        0xe ./HAL_DRIVER/hal_i2c_ch32.o
                0x0000000000004c06                HAL_I2C_GET_STAR1
 .text.HAL_I2C_ENABLE
                0x0000000000004c14       0x14 ./HAL_DRIVER/hal_i2c_ch32.o
                0x0000000000004c14                HAL_I2C_ENABLE
 .text.InitI2CIT
                0x0000000000004c28       0x6e ./HAL_DRIVER/hal_i2c_ch32.o
                0x0000000000004c28                InitI2CIT
 .text.HAL_I2C_DISABLE
                0x0000000000004c96       0x1a ./HAL_DRIVER/hal_i2c_ch32.o
                0x0000000000004c96                HAL_I2C_DISABLE
 .text.I2C_IT_ENABLE
                0x0000000000004cb0       0x12 ./HAL_DRIVER/hal_i2c_ch32.o
                0x0000000000004cb0                I2C_IT_ENABLE
 .text.I2C_IT_DISABLE
                0x0000000000004cc2       0x16 ./HAL_DRIVER/hal_i2c_ch32.o
                0x0000000000004cc2                I2C_IT_DISABLE
 .text.HAL_I2C_STOP
                0x0000000000004cd8       0x14 ./HAL_DRIVER/hal_i2c_ch32.o
                0x0000000000004cd8                HAL_I2C_STOP
 .text.HAL_I2C_START
                0x0000000000004cec       0x14 ./HAL_DRIVER/hal_i2c_ch32.o
                0x0000000000004cec                HAL_I2C_START
 .text.HAL_I2C_SEND
                0x0000000000004d00        0xe ./HAL_DRIVER/hal_i2c_ch32.o
                0x0000000000004d00                HAL_I2C_SEND
 .text.HAL_I2C_SEND_ADDR_TRANS
                0x0000000000004d0e       0x12 ./HAL_DRIVER/hal_i2c_ch32.o
                0x0000000000004d0e                HAL_I2C_SEND_ADDR_TRANS
 .text.HAL_I2C_SEND_ADDR_RECIEVE
                0x0000000000004d20       0x16 ./HAL_DRIVER/hal_i2c_ch32.o
                0x0000000000004d20                HAL_I2C_SEND_ADDR_RECIEVE
 .text.HAL_I2C_ACK_ENABLE
                0x0000000000004d36       0x14 ./HAL_DRIVER/hal_i2c_ch32.o
                0x0000000000004d36                HAL_I2C_ACK_ENABLE
 .text.HAL_I2C_ACK_DISABLE
                0x0000000000004d4a       0x1c ./HAL_DRIVER/hal_i2c_ch32.o
                0x0000000000004d4a                HAL_I2C_ACK_DISABLE
 .text.HAL_I2C_ClearFlag
                0x0000000000004d66       0x20 ./HAL_DRIVER/hal_i2c_ch32.o
                0x0000000000004d66                HAL_I2C_ClearFlag
 .text.HAL_I2C_READ_DATA
                0x0000000000004d86        0xe ./HAL_DRIVER/hal_i2c_ch32.o
                0x0000000000004d86                HAL_I2C_READ_DATA
 .text.I2C1_EV_IRQHandler
                0x0000000000004d94       0x52 ./HAL_DRIVER/hal_i2c_ch32.o
                0x0000000000004d94                I2C1_EV_IRQHandler
 .text.I2C1_ER_IRQHandler
                0x0000000000004de6       0x52 ./HAL_DRIVER/hal_i2c_ch32.o
                0x0000000000004de6                I2C1_ER_IRQHandler
 .text.HAL_InitAPB1
                0x0000000000004e38       0x1c ./HAL_DRIVER/hal_irq.o
                0x0000000000004e38                HAL_InitAPB1
 .text.HAL_InitAPB2
                0x0000000000004e54       0x1c ./HAL_DRIVER/hal_irq.o
                0x0000000000004e54                HAL_InitAPB2
 .text.PFIC_IRQ_ENABLE_PG1
                0x0000000000004e70       0x34 ./HAL_DRIVER/hal_irq.o
                0x0000000000004e70                PFIC_IRQ_ENABLE_PG1
 .text.RTC_IRQHandler
                0x0000000000004ea4       0x78 ./HAL_DRIVER/hal_rtc_ch32.o
                0x0000000000004ea4                RTC_IRQHandler
 .text.HAL_SPI_RXOveleyClear
                0x0000000000004f1c       0x1e ./HAL_DRIVER/hal_spi_ch32.o
                0x0000000000004f1c                HAL_SPI_RXOveleyClear
 .text.HAL_SPI_GetBusy
                0x0000000000004f3a       0x10 ./HAL_DRIVER/hal_spi_ch32.o
                0x0000000000004f3a                HAL_SPI_GetBusy
 .text.HAL_WDTReset
                0x0000000000004f4a        0xe ./HAL_DRIVER/hal_wdt_ch32.o
                0x0000000000004f4a                HAL_WDTReset
 .text.Get_ConversionVal
                0x0000000000004f58       0x2e ./HAL/hal_adc_ch32.o
                0x0000000000004f58                Get_ConversionVal
 .text.HAL_ADC_RegularChannelConfig
                0x0000000000004f86       0x46 ./HAL/hal_adc_ch32.o
                0x0000000000004f86                HAL_ADC_RegularChannelConfig
 .text.HAL_ADC_ContiniusScanCinvertionDMA
                0x0000000000004fcc       0xce ./HAL/hal_adc_ch32.o
                0x0000000000004fcc                HAL_ADC_ContiniusScanCinvertionDMA
 .text.HAL_ADC_StartDMA
                0x000000000000509a       0x42 ./HAL/hal_adc_ch32.o
                0x000000000000509a                HAL_ADC_StartDMA
 .text.ADC1_2_IRQHandler
                0x00000000000050dc       0x74 ./HAL/hal_adc_ch32.o
                0x00000000000050dc                ADC1_2_IRQHandler
 .text.DMA_IRQ  0x0000000000005150       0x3a ./HAL/hal_dma_ch32.o
 .text.HAL_DMA_Enable
                0x000000000000518a       0x18 ./HAL/hal_dma_ch32.o
                0x000000000000518a                HAL_DMA_Enable
 .text.HAL_DMA_Disable
                0x00000000000051a2       0x1a ./HAL/hal_dma_ch32.o
                0x00000000000051a2                HAL_DMA_Disable
 .text.HAL_DMAInitIT
                0x00000000000051bc       0xa0 ./HAL/hal_dma_ch32.o
                0x00000000000051bc                HAL_DMAInitIT
 .text.HAL_DMA_SetCounter
                0x000000000000525c       0x12 ./HAL/hal_dma_ch32.o
                0x000000000000525c                HAL_DMA_SetCounter
 .text.HAL_DMA_ITENABLE
                0x000000000000526e       0x16 ./HAL/hal_dma_ch32.o
                0x000000000000526e                HAL_DMA_ITENABLE
 .text.HAL_DMA_SetCouterAndEnable
                0x0000000000005284       0x1a ./HAL/hal_dma_ch32.o
                0x0000000000005284                HAL_DMA_SetCouterAndEnable
 .text.DMA1_Channel1_IRQHandler
                0x000000000000529e       0x4e ./HAL/hal_dma_ch32.o
                0x000000000000529e                DMA1_Channel1_IRQHandler
 .text.DMA1_Channel3_IRQHandler
                0x00000000000052ec       0x4e ./HAL/hal_dma_ch32.o
                0x00000000000052ec                DMA1_Channel3_IRQHandler
 .text.DMA1_Channel4_IRQHandler
                0x000000000000533a       0x4e ./HAL/hal_dma_ch32.o
                0x000000000000533a                DMA1_Channel4_IRQHandler
 .text.DMA1_Channel5_IRQHandler
                0x0000000000005388       0x4e ./HAL/hal_dma_ch32.o
                0x0000000000005388                DMA1_Channel5_IRQHandler
 .text.DMA1_Channel7_IRQHandler
                0x00000000000053d6       0x4e ./HAL/hal_dma_ch32.o
                0x00000000000053d6                DMA1_Channel7_IRQHandler
 .text.TIM4_IRQHandler
                0x0000000000005424       0x70 ./HAL/hal_timers_ch32.o
                0x0000000000005424                TIM4_IRQHandler
 .text.HAL_TiemrEneblae
                0x0000000000005494       0x16 ./HAL/hal_timers_ch32.o
                0x0000000000005494                HAL_TiemrEneblae
 .text.HAL_TiemrDisable
                0x00000000000054aa       0x1c ./HAL/hal_timers_ch32.o
                0x00000000000054aa                HAL_TiemrDisable
 .text.HW_TIMER_BaseTimerInit
                0x00000000000054c6       0x54 ./HAL/hal_timers_ch32.o
                0x00000000000054c6                HW_TIMER_BaseTimerInit
 .text.HAL_TIMER_InitIt
                0x000000000000551a       0x60 ./HAL/hal_timers_ch32.o
                0x000000000000551a                HAL_TIMER_InitIt
 .text.HAL_TIMER_PWMTimersInit
                0x000000000000557a       0xc2 ./HAL/hal_timers_ch32.o
                0x000000000000557a                HAL_TIMER_PWMTimersInit
 .text.HAL_TimeInitCaptureDMA
                0x000000000000563c       0xec ./HAL/hal_timers_ch32.o
                0x000000000000563c                HAL_TimeInitCaptureDMA
 .text.HAL_TIMER_SetPWMPulse
                0x0000000000005728       0x88 ./HAL/hal_timers_ch32.o
                0x0000000000005728                HAL_TIMER_SetPWMPulse
 .text.HAL_TIMER_EnablePWMCH
                0x00000000000057b0       0x1a ./HAL/hal_timers_ch32.o
                0x00000000000057b0                HAL_TIMER_EnablePWMCH
 .text.prvInsertBlockIntoFreeList
                0x00000000000057ca       0x4c ./FreeRTOS/portable/MemMang/heap_4.o
 .text.pvPortMalloc
                0x0000000000005816      0x18a ./FreeRTOS/portable/MemMang/heap_4.o
                0x0000000000005816                pvPortMalloc
 .text.vPortSetupTimerInterrupt
                0x00000000000059a0       0x3e ./FreeRTOS/portable/GCC/RISC-V/port.o
                0x00000000000059a0                vPortSetupTimerInterrupt
 .text.xPortStartScheduler
                0x00000000000059de       0x90 ./FreeRTOS/portable/GCC/RISC-V/port.o
                0x00000000000059de                xPortStartScheduler
 .text.SysTick_Handler
                0x0000000000005a6e       0x7c ./FreeRTOS/portable/GCC/RISC-V/port.o
                0x0000000000005a6e                SysTick_Handler
 .text.vPortEnterCritical
                0x0000000000005aea       0x16 ./FreeRTOS/portable/GCC/RISC-V/port.o
                0x0000000000005aea                vPortEnterCritical
 .text.vPortExitCritical
                0x0000000000005b00       0x42 ./FreeRTOS/portable/GCC/RISC-V/port.o
                0x0000000000005b00                vPortExitCritical
 .text.xPortSetInterruptMask
                0x0000000000005b42        0xc ./FreeRTOS/portable/GCC/RISC-V/port.o
                0x0000000000005b42                xPortSetInterruptMask
 .text.vPortClearInterruptMask
                0x0000000000005b4e        0x6 ./FreeRTOS/portable/GCC/RISC-V/port.o
                0x0000000000005b4e                vPortClearInterruptMask
 .text.vListInitialise
                0x0000000000005b54       0x14 ./FreeRTOS/list.o
                0x0000000000005b54                vListInitialise
 .text.vListInitialiseItem
                0x0000000000005b68        0x6 ./FreeRTOS/list.o
                0x0000000000005b68                vListInitialiseItem
 .text.vListInsertEnd
                0x0000000000005b6e       0x18 ./FreeRTOS/list.o
                0x0000000000005b6e                vListInsertEnd
 .text.vListInsert
                0x0000000000005b86       0x2e ./FreeRTOS/list.o
                0x0000000000005b86                vListInsert
 .text.uxListRemove
                0x0000000000005bb4       0x20 ./FreeRTOS/list.o
                0x0000000000005bb4                uxListRemove
 .text.prvIsQueueEmpty
                0x0000000000005bd4       0x1e ./FreeRTOS/queue.o
 .text.prvCopyDataToQueue
                0x0000000000005bf2       0x72 ./FreeRTOS/queue.o
 .text.prvCopyDataFromQueue
                0x0000000000005c64       0x28 ./FreeRTOS/queue.o
 .text.prvUnlockQueue
                0x0000000000005c8c       0x76 ./FreeRTOS/queue.o
 .text.xQueueGenericReset
                0x0000000000005d02       0xc4 ./FreeRTOS/queue.o
                0x0000000000005d02                xQueueGenericReset
 .text.xQueueGenericCreateStatic
                0x0000000000005dc6       0xae ./FreeRTOS/queue.o
                0x0000000000005dc6                xQueueGenericCreateStatic
 .text.xQueueGenericCreate
                0x0000000000005e74       0x72 ./FreeRTOS/queue.o
                0x0000000000005e74                xQueueGenericCreate
 .text.xQueueGenericSend
                0x0000000000005ee6      0x178 ./FreeRTOS/queue.o
                0x0000000000005ee6                xQueueGenericSend
 .text.xQueueGiveMutexRecursive
                0x000000000000605e       0x56 ./FreeRTOS/queue.o
                0x000000000000605e                xQueueGiveMutexRecursive
 .text.xQueueCreateMutex
                0x00000000000060b4       0x2e ./FreeRTOS/queue.o
                0x00000000000060b4                xQueueCreateMutex
 .text.xQueueReceive
                0x00000000000060e2      0x138 ./FreeRTOS/queue.o
                0x00000000000060e2                xQueueReceive
 .text.xQueueSemaphoreTake
                0x000000000000621a      0x18e ./FreeRTOS/queue.o
                0x000000000000621a                xQueueSemaphoreTake
 .text.xQueueTakeMutexRecursive
                0x00000000000063a8       0x5a ./FreeRTOS/queue.o
                0x00000000000063a8                xQueueTakeMutexRecursive
 .text.uxQueueMessagesWaiting
                0x0000000000006402       0x44 ./FreeRTOS/queue.o
                0x0000000000006402                uxQueueMessagesWaiting
 .text.prvIdleTask
                0x0000000000006446        0x2 ./FreeRTOS/tasks.o
 .text.prvAddNewTaskToReadyList
                0x0000000000006448      0x106 ./FreeRTOS/tasks.o
 .text.prvResetNextTaskUnblockTime
                0x000000000000654e       0x20 ./FreeRTOS/tasks.o
 .text.prvTaskIsTaskSuspended
                0x000000000000656e       0x50 ./FreeRTOS/tasks.o
 .text.prvInitialiseNewTask.isra.2
                0x00000000000065be       0xc8 ./FreeRTOS/tasks.o
 .text.prvAddCurrentTaskToDelayedList
                0x0000000000006686       0xa4 ./FreeRTOS/tasks.o
 .text.xTaskCreateStatic
                0x000000000000672a       0xa6 ./FreeRTOS/tasks.o
                0x000000000000672a                xTaskCreateStatic
 .text.vTaskResume
                0x00000000000067d0       0xa6 ./FreeRTOS/tasks.o
                0x00000000000067d0                vTaskResume
 .text.vTaskStartScheduler
                0x0000000000006876       0x5c ./FreeRTOS/tasks.o
                0x0000000000006876                vTaskStartScheduler
 .text.vTaskSuspendAll
                0x00000000000068d2        0xc ./FreeRTOS/tasks.o
                0x00000000000068d2                vTaskSuspendAll
 .text.xTaskGetTickCount
                0x00000000000068de        0x6 ./FreeRTOS/tasks.o
                0x00000000000068de                xTaskGetTickCount
 .text.xTaskIncrementTick
                0x00000000000068e4      0x190 ./FreeRTOS/tasks.o
                0x00000000000068e4                xTaskIncrementTick
 .text.xTaskResumeAll
                0x0000000000006a74      0x150 ./FreeRTOS/tasks.o
                0x0000000000006a74                xTaskResumeAll
 .text.vTaskDelay
                0x0000000000006bc4       0x62 ./FreeRTOS/tasks.o
                0x0000000000006bc4                vTaskDelay
 .text.vTaskSwitchContext
                0x0000000000006c26       0x8e ./FreeRTOS/tasks.o
                0x0000000000006c26                vTaskSwitchContext
 .text.vTaskSuspend
                0x0000000000006cb4       0xe6 ./FreeRTOS/tasks.o
                0x0000000000006cb4                vTaskSuspend
 .text.vTaskPlaceOnEventList
                0x0000000000006d9a       0x48 ./FreeRTOS/tasks.o
                0x0000000000006d9a                vTaskPlaceOnEventList
 .text.xTaskRemoveFromEventList
                0x0000000000006de2       0xe0 ./FreeRTOS/tasks.o
                0x0000000000006de2                xTaskRemoveFromEventList
 .text.vTaskInternalSetTimeOutState
                0x0000000000006ec2        0xe ./FreeRTOS/tasks.o
                0x0000000000006ec2                vTaskInternalSetTimeOutState
 .text.xTaskCheckForTimeOut
                0x0000000000006ed0       0xaa ./FreeRTOS/tasks.o
                0x0000000000006ed0                xTaskCheckForTimeOut
 .text.vTaskMissedYield
                0x0000000000006f7a        0x8 ./FreeRTOS/tasks.o
                0x0000000000006f7a                vTaskMissedYield
 .text.xTaskGetCurrentTaskHandle
                0x0000000000006f82        0xa ./FreeRTOS/tasks.o
                0x0000000000006f82                xTaskGetCurrentTaskHandle
 .text.xTaskPriorityInherit
                0x0000000000006f8c       0xaa ./FreeRTOS/tasks.o
                0x0000000000006f8c                xTaskPriorityInherit
 .text.xTaskPriorityDisinherit
                0x0000000000007036       0xc6 ./FreeRTOS/tasks.o
                0x0000000000007036                xTaskPriorityDisinherit
 .text.vTaskPriorityDisinheritAfterTimeout
                0x00000000000070fc       0xe2 ./FreeRTOS/tasks.o
                0x00000000000070fc                vTaskPriorityDisinheritAfterTimeout
 .text.pvTaskIncrementMutexHeldCount
                0x00000000000071de       0x1c ./FreeRTOS/tasks.o
                0x00000000000071de                pvTaskIncrementMutexHeldCount
 .text.ulTaskGenericNotifyTake
                0x00000000000071fa       0xb8 ./FreeRTOS/tasks.o
                0x00000000000071fa                ulTaskGenericNotifyTake
 .text.xTaskGenericNotifyWait
                0x00000000000072b2       0xe6 ./FreeRTOS/tasks.o
                0x00000000000072b2                xTaskGenericNotifyWait
 .text.xTaskGenericNotifyFromISR
                0x0000000000007398      0x1e4 ./FreeRTOS/tasks.o
                0x0000000000007398                xTaskGenericNotifyFromISR
 .text.Delay_Init
                0x000000000000757c       0x2a ./Debug/debug.o
                0x000000000000757c                Delay_Init
 .text.Delay_Ms
                0x00000000000075a6       0x36 ./Debug/debug.o
                0x00000000000075a6                Delay_Ms
 .text.USART_Printf_Init
                0x00000000000075dc       0x5a ./Debug/debug.o
                0x00000000000075dc                USART_Printf_Init
 .text._write   0x0000000000007636       0x3e ./Debug/debug.o
                0x0000000000007636                _write
 .text._sbrk    0x0000000000007674       0x2a ./Debug/debug.o
                0x0000000000007674                _sbrk
 .text.__get_MEPC
                0x000000000000769e        0x6 ./Core/core_riscv.o
                0x000000000000769e                __get_MEPC
 .text.__get_MCAUSE
                0x00000000000076a4        0x6 ./Core/core_riscv.o
                0x00000000000076a4                __get_MCAUSE
 .text.__get_MTVAL
                0x00000000000076aa        0x6 ./Core/core_riscv.o
                0x00000000000076aa                __get_MTVAL
 .text.prv_read_can_received_msg
                0x00000000000076b0       0x50 ./CANopenNode/keypad/CO_driver_ST32F103.o
                0x00000000000076b0                prv_read_can_received_msg
 .text.prv_send_can_message.isra.0
                0x0000000000007700       0x2c ./CANopenNode/keypad/CO_driver_ST32F103.o
 .text.CAN_SendMessage
                0x000000000000772c       0x66 ./CANopenNode/keypad/CO_driver_ST32F103.o
                0x000000000000772c                CAN_SendMessage
 .text.co_drv_create_os_objects
                0x0000000000007792       0x30 ./CANopenNode/keypad/CO_driver_ST32F103.o
                0x0000000000007792                co_drv_create_os_objects
 .text.co_drv_mutex_lock
                0x00000000000077c2       0x18 ./CANopenNode/keypad/CO_driver_ST32F103.o
                0x00000000000077c2                co_drv_mutex_lock
 .text.co_drv_mutex_unlock
                0x00000000000077da       0x16 ./CANopenNode/keypad/CO_driver_ST32F103.o
                0x00000000000077da                co_drv_mutex_unlock
 .text.CO_CANsetConfigurationMode
                0x00000000000077f0       0x10 ./CANopenNode/keypad/CO_driver_ST32F103.o
                0x00000000000077f0                CO_CANsetConfigurationMode
 .text.CO_CANsetNormalMode
                0x0000000000007800       0x1c ./CANopenNode/keypad/CO_driver_ST32F103.o
                0x0000000000007800                CO_CANsetNormalMode
 .text.CO_CANmodule_init
                0x000000000000781c      0x110 ./CANopenNode/keypad/CO_driver_ST32F103.o
                0x000000000000781c                CO_CANmodule_init
 .text.CO_CANmodule_disable
                0x000000000000792c       0x14 ./CANopenNode/keypad/CO_driver_ST32F103.o
                0x000000000000792c                CO_CANmodule_disable
 .text.CO_CANrxBufferInit
                0x0000000000007940       0x52 ./CANopenNode/keypad/CO_driver_ST32F103.o
                0x0000000000007940                CO_CANrxBufferInit
 .text.CO_CANtxBufferInit
                0x0000000000007992       0x3a ./CANopenNode/keypad/CO_driver_ST32F103.o
                0x0000000000007992                CO_CANtxBufferInit
 .text.CO_CANmodule_process
                0x00000000000079cc       0x12 ./CANopenNode/keypad/CO_driver_ST32F103.o
                0x00000000000079cc                CO_CANmodule_process
 .text.CO_CANsend
                0x00000000000079de       0x46 ./CANopenNode/keypad/CO_driver_ST32F103.o
                0x00000000000079de                CO_CANsend
 .text.CO_LSSslave_receive
                0x0000000000007a24      0x1a8 ./CANopenNode/305/CO_LSSslave.o
 .text.CO_LSSslave_init
                0x0000000000007bcc       0xa4 ./CANopenNode/305/CO_LSSslave.o
                0x0000000000007bcc                CO_LSSslave_init
 .text.CO_LSSslave_process
                0x0000000000007c70      0x1a2 ./CANopenNode/305/CO_LSSslave.o
                0x0000000000007c70                CO_LSSslave_process
 .text.OD_write_1003
                0x0000000000007e12       0x28 ./CANopenNode/301/CO_Emergency.o
 .text.OD_read_1003
                0x0000000000007e3a       0x8c ./CANopenNode/301/CO_Emergency.o
 .text.OD_read_1014_default
                0x0000000000007ec6       0x50 ./CANopenNode/301/CO_Emergency.o
 .text.CO_EM_init
                0x0000000000007f16      0x112 ./CANopenNode/301/CO_Emergency.o
                0x0000000000007f16                CO_EM_init
 .text.CO_error
                0x0000000000008028       0xc4 ./CANopenNode/301/CO_Emergency.o
                0x0000000000008028                CO_error
 .text.CO_EM_process
                0x00000000000080ec      0x182 ./CANopenNode/301/CO_Emergency.o
                0x00000000000080ec                CO_EM_process
 .text.CO_NMT_receive
                0x000000000000826e       0x18 ./CANopenNode/301/CO_NMT_Heartbeat.o
 .text.OD_write_1017
                0x0000000000008286       0x48 ./CANopenNode/301/CO_NMT_Heartbeat.o
 .text.CO_NMT_init
                0x00000000000082ce       0xec ./CANopenNode/301/CO_NMT_Heartbeat.o
                0x00000000000082ce                CO_NMT_init
 .text.CO_NMT_process
                0x00000000000083ba      0x106 ./CANopenNode/301/CO_NMT_Heartbeat.o
                0x00000000000083ba                CO_NMT_process
 .text.OD_readDisabled
                0x00000000000084c0        0x4 ./CANopenNode/301/CO_ODinterface.o
 .text.OD_readOriginal
                0x00000000000084c4       0x50 ./CANopenNode/301/CO_ODinterface.o
                0x00000000000084c4                OD_readOriginal
 .text.OD_writeOriginal
                0x0000000000008514       0x54 ./CANopenNode/301/CO_ODinterface.o
                0x0000000000008514                OD_writeOriginal
 .text.OD_writeDisabled
                0x0000000000008568        0x4 ./CANopenNode/301/CO_ODinterface.o
 .text.OD_find  0x000000000000856c       0x70 ./CANopenNode/301/CO_ODinterface.o
                0x000000000000856c                OD_find
 .text.OD_getSub
                0x00000000000085dc       0xf6 ./CANopenNode/301/CO_ODinterface.o
                0x00000000000085dc                OD_getSub
 .text.OD_getSDOabCode
                0x00000000000086d2       0x20 ./CANopenNode/301/CO_ODinterface.o
                0x00000000000086d2                OD_getSDOabCode
 .text.OD_get_value
                0x00000000000086f2       0x34 ./CANopenNode/301/CO_ODinterface.o
                0x00000000000086f2                OD_get_value
 .text.OD_set_value
                0x0000000000008726       0x2e ./CANopenNode/301/CO_ODinterface.o
                0x0000000000008726                OD_set_value
 .text.OD_getPtr
                0x0000000000008754       0x3c ./CANopenNode/301/CO_ODinterface.o
                0x0000000000008754                OD_getPtr
 .text.OD_write_dummy
                0x0000000000008790        0x8 ./CANopenNode/301/CO_PDO.o
 .text.OD_read_dummy
                0x0000000000008798       0x2e ./CANopenNode/301/CO_PDO.o
 .text.PDOconfigMap
                0x00000000000087c6      0x100 ./CANopenNode/301/CO_PDO.o
 .text.CO_PDO_receive
                0x00000000000088c6       0x48 ./CANopenNode/301/CO_PDO.o
 .text.OD_read_PDO_commParam
                0x000000000000890e       0x70 ./CANopenNode/301/CO_PDO.o
 .text.PDO_initMapping.constprop.3
                0x000000000000897e       0xe6 ./CANopenNode/301/CO_PDO.o
 .text.OD_write_PDO_mapping
                0x0000000000008a64       0xb4 ./CANopenNode/301/CO_PDO.o
 .text.OD_write_18xx
                0x0000000000008b18      0x184 ./CANopenNode/301/CO_PDO.o
 .text.OD_write_14xx
                0x0000000000008c9c      0x15a ./CANopenNode/301/CO_PDO.o
 .text.CO_RPDO_init
                0x0000000000008df6      0x172 ./CANopenNode/301/CO_PDO.o
                0x0000000000008df6                CO_RPDO_init
 .text.CO_RPDO_process
                0x0000000000008f68      0x114 ./CANopenNode/301/CO_PDO.o
                0x0000000000008f68                CO_RPDO_process
 .text.CO_TPDO_init
                0x000000000000907c      0x1d2 ./CANopenNode/301/CO_PDO.o
                0x000000000000907c                CO_TPDO_init
 .text.CO_TPDO_process
                0x000000000000924e      0x15e ./CANopenNode/301/CO_PDO.o
                0x000000000000924e                CO_TPDO_process
 .text.CO_SDOserver_init_canRxTx
                0x00000000000093ac       0x82 ./CANopenNode/301/CO_SDOserver.o
 .text.CO_SDO_receive
                0x000000000000942e       0x38 ./CANopenNode/301/CO_SDOserver.o
 .text.readFromOd.isra.1.constprop.5
                0x0000000000009466       0xe2 ./CANopenNode/301/CO_SDOserver.o
 .text.OD_write_1201_additional
                0x0000000000009548      0x158 ./CANopenNode/301/CO_SDOserver.o
 .text.CO_SDOserver_init
                0x00000000000096a0      0x172 ./CANopenNode/301/CO_SDOserver.o
                0x00000000000096a0                CO_SDOserver_init
 .text.CO_SDOserver_process
                0x0000000000009812      0x5e8 ./CANopenNode/301/CO_SDOserver.o
                0x0000000000009812                CO_SDOserver_process
 .text.CO_delete
                0x0000000000009dfa       0x56 ./CANopenNode/CANopen.o
                0x0000000000009dfa                CO_delete
 .text.CO_new   0x0000000000009e50      0x102 ./CANopenNode/CANopen.o
                0x0000000000009e50                CO_new
 .text.CO_CANinit
                0x0000000000009f52       0x36 ./CANopenNode/CANopen.o
                0x0000000000009f52                CO_CANinit
 .text.CO_LSSinit
                0x0000000000009f88       0x32 ./CANopenNode/CANopen.o
                0x0000000000009f88                CO_LSSinit
 .text.CO_CANopenInit
                0x0000000000009fba       0xb8 ./CANopenNode/CANopen.o
                0x0000000000009fba                CO_CANopenInit
 .text.CO_CANopenInitPDO
                0x000000000000a072       0xea ./CANopenNode/CANopen.o
                0x000000000000a072                CO_CANopenInitPDO
 .text.CO_process
                0x000000000000a15c       0x7e ./CANopenNode/CANopen.o
                0x000000000000a15c                CO_process
 .text.CO_process_RPDO
                0x000000000000a1da       0x40 ./CANopenNode/CANopen.o
                0x000000000000a1da                CO_process_RPDO
 .text.CO_process_TPDO
                0x000000000000a21a       0x40 ./CANopenNode/CANopen.o
                0x000000000000a21a                CO_process_TPDO
 .text.__muldf3
                0x000000000000a25a      0x4b8 c:/mounriver/mounriver_studio/toolchain/risc-v embedded gcc/bin/../lib/gcc/riscv-none-embed/8.2.0/rv32imacxw/ilp32\libgcc.a(muldf3.o)
                0x000000000000a25a                __muldf3
 .text.__floatunsidf
                0x000000000000a712       0x68 c:/mounriver/mounriver_studio/toolchain/risc-v embedded gcc/bin/../lib/gcc/riscv-none-embed/8.2.0/rv32imacxw/ilp32\libgcc.a(floatunsidf.o)
                0x000000000000a712                __floatunsidf
 .text.__addsf3
                0x000000000000a77a      0x36a c:/mounriver/mounriver_studio/toolchain/risc-v embedded gcc/bin/../lib/gcc/riscv-none-embed/8.2.0/rv32imacxw/ilp32\libgcc.a(addsf3.o)
                0x000000000000a77a                __addsf3
 .text.__divsf3
                0x000000000000aae4      0x2b2 c:/mounriver/mounriver_studio/toolchain/risc-v embedded gcc/bin/../lib/gcc/riscv-none-embed/8.2.0/rv32imacxw/ilp32\libgcc.a(divsf3.o)
                0x000000000000aae4                __divsf3
 .text.__gesf2  0x000000000000ad96       0x86 c:/mounriver/mounriver_studio/toolchain/risc-v embedded gcc/bin/../lib/gcc/riscv-none-embed/8.2.0/rv32imacxw/ilp32\libgcc.a(gesf2.o)
                0x000000000000ad96                __gesf2
                0x000000000000ad96                __gtsf2
 .text.__lesf2  0x000000000000ae1c       0x8c c:/mounriver/mounriver_studio/toolchain/risc-v embedded gcc/bin/../lib/gcc/riscv-none-embed/8.2.0/rv32imacxw/ilp32\libgcc.a(lesf2.o)
                0x000000000000ae1c                __ltsf2
                0x000000000000ae1c                __lesf2
 .text.__mulsf3
                0x000000000000aea8      0x294 c:/mounriver/mounriver_studio/toolchain/risc-v embedded gcc/bin/../lib/gcc/riscv-none-embed/8.2.0/rv32imacxw/ilp32\libgcc.a(mulsf3.o)
                0x000000000000aea8                __mulsf3
 .text.__subsf3
                0x000000000000b13c      0x388 c:/mounriver/mounriver_studio/toolchain/risc-v embedded gcc/bin/../lib/gcc/riscv-none-embed/8.2.0/rv32imacxw/ilp32\libgcc.a(subsf3.o)
                0x000000000000b13c                __subsf3
 .text.__fixsfsi
                0x000000000000b4c4       0x62 c:/mounriver/mounriver_studio/toolchain/risc-v embedded gcc/bin/../lib/gcc/riscv-none-embed/8.2.0/rv32imacxw/ilp32\libgcc.a(fixsfsi.o)
                0x000000000000b4c4                __fixsfsi
 .text.__fixunssfsi
                0x000000000000b526       0x56 c:/mounriver/mounriver_studio/toolchain/risc-v embedded gcc/bin/../lib/gcc/riscv-none-embed/8.2.0/rv32imacxw/ilp32\libgcc.a(fixunssfsi.o)
                0x000000000000b526                __fixunssfsi
 .text.__floatsisf
                0x000000000000b57c       0xc6 c:/mounriver/mounriver_studio/toolchain/risc-v embedded gcc/bin/../lib/gcc/riscv-none-embed/8.2.0/rv32imacxw/ilp32\libgcc.a(floatsisf.o)
                0x000000000000b57c                __floatsisf
 .text.__floatunsisf
                0x000000000000b642       0xce c:/mounriver/mounriver_studio/toolchain/risc-v embedded gcc/bin/../lib/gcc/riscv-none-embed/8.2.0/rv32imacxw/ilp32\libgcc.a(floatunsisf.o)
                0x000000000000b642                __floatunsisf
 .text.__truncdfsf2
                0x000000000000b710      0x16a c:/mounriver/mounriver_studio/toolchain/risc-v embedded gcc/bin/../lib/gcc/riscv-none-embed/8.2.0/rv32imacxw/ilp32\libgcc.a(truncdfsf2.o)
                0x000000000000b710                __truncdfsf2
 .text.__clzsi2
                0x000000000000b87a       0x6e c:/mounriver/mounriver_studio/toolchain/risc-v embedded gcc/bin/../lib/gcc/riscv-none-embed/8.2.0/rv32imacxw/ilp32\libgcc.a(_clzsi2.o)
                0x000000000000b87a                __clzsi2
 .text.calloc   0x000000000000b8e8        0xc c:/mounriver/mounriver_studio/toolchain/risc-v embedded gcc/bin/../lib/gcc/riscv-none-embed/8.2.0/../../../../riscv-none-embed/lib/rv32imacxw/ilp32\libg_nano.a(lib_a-calloc.o)
                0x000000000000b8e8                calloc
 .text.free     0x000000000000b8f4        0xa c:/mounriver/mounriver_studio/toolchain/risc-v embedded gcc/bin/../lib/gcc/riscv-none-embed/8.2.0/../../../../riscv-none-embed/lib/rv32imacxw/ilp32\libg_nano.a(lib_a-malloc.o)
                0x000000000000b8f4                free
 .text.memcpy   0x000000000000b8fe       0xb2 c:/mounriver/mounriver_studio/toolchain/risc-v embedded gcc/bin/../lib/gcc/riscv-none-embed/8.2.0/../../../../riscv-none-embed/lib/rv32imacxw/ilp32\libg_nano.a(lib_a-memcpy.o)
                0x000000000000b8fe                memcpy
 .text.memmove  0x000000000000b9b0       0x46 c:/mounriver/mounriver_studio/toolchain/risc-v embedded gcc/bin/../lib/gcc/riscv-none-embed/8.2.0/../../../../riscv-none-embed/lib/rv32imacxw/ilp32\libg_nano.a(lib_a-memmove.o)
                0x000000000000b9b0                memmove
 .text._calloc_r
                0x000000000000b9f6       0x26 c:/mounriver/mounriver_studio/toolchain/risc-v embedded gcc/bin/../lib/gcc/riscv-none-embed/8.2.0/../../../../riscv-none-embed/lib/rv32imacxw/ilp32\libg_nano.a(lib_a-nano-callocr.o)
                0x000000000000b9f6                _calloc_r
 .text._free_r  0x000000000000ba1c       0xa8 c:/mounriver/mounriver_studio/toolchain/risc-v embedded gcc/bin/../lib/gcc/riscv-none-embed/8.2.0/../../../../riscv-none-embed/lib/rv32imacxw/ilp32\libg_nano.a(lib_a-nano-freer.o)
                0x000000000000ba1c                _free_r
 .text._malloc_r
                0x000000000000bac4       0xd4 c:/mounriver/mounriver_studio/toolchain/risc-v embedded gcc/bin/../lib/gcc/riscv-none-embed/8.2.0/../../../../riscv-none-embed/lib/rv32imacxw/ilp32\libg_nano.a(lib_a-nano-mallocr.o)
                0x000000000000bac4                _malloc_r
 .text.printf   0x000000000000bb98       0x40 c:/mounriver/mounriver_studio/toolchain/risc-v embedded gcc/bin/../lib/gcc/riscv-none-embed/8.2.0/../../../../riscv-none-embed/lib/rv32imacxw/ilp32\libg_nano.a(lib_a-printf.o)
                0x000000000000bb98                iprintf
                0x000000000000bb98                printf
 .text._puts_r  0x000000000000bbd8       0xd4 c:/mounriver/mounriver_studio/toolchain/risc-v embedded gcc/bin/../lib/gcc/riscv-none-embed/8.2.0/../../../../riscv-none-embed/lib/rv32imacxw/ilp32\libg_nano.a(lib_a-puts.o)
                0x000000000000bbd8                _puts_r
 .text.puts     0x000000000000bcac        0xc c:/mounriver/mounriver_studio/toolchain/risc-v embedded gcc/bin/../lib/gcc/riscv-none-embed/8.2.0/../../../../riscv-none-embed/lib/rv32imacxw/ilp32\libg_nano.a(lib_a-puts.o)
                0x000000000000bcac                puts
 .text._sbrk_r  0x000000000000bcb8       0x32 c:/mounriver/mounriver_studio/toolchain/risc-v embedded gcc/bin/../lib/gcc/riscv-none-embed/8.2.0/../../../../riscv-none-embed/lib/rv32imacxw/ilp32\libg_nano.a(lib_a-sbrkr.o)
                0x000000000000bcb8                _sbrk_r
 .text.strlen   0x000000000000bcea       0x12 c:/mounriver/mounriver_studio/toolchain/risc-v embedded gcc/bin/../lib/gcc/riscv-none-embed/8.2.0/../../../../riscv-none-embed/lib/rv32imacxw/ilp32\libg_nano.a(lib_a-strlen.o)
                0x000000000000bcea                strlen
 .text.__swbuf_r
                0x000000000000bcfc       0xbc c:/mounriver/mounriver_studio/toolchain/risc-v embedded gcc/bin/../lib/gcc/riscv-none-embed/8.2.0/../../../../riscv-none-embed/lib/rv32imacxw/ilp32\libg_nano.a(lib_a-wbuf.o)
                0x000000000000bcfc                __swbuf_r
 .text.__swsetup_r
                0x000000000000bdb8       0xfe c:/mounriver/mounriver_studio/toolchain/risc-v embedded gcc/bin/../lib/gcc/riscv-none-embed/8.2.0/../../../../riscv-none-embed/lib/rv32imacxw/ilp32\libg_nano.a(lib_a-wsetup.o)
                0x000000000000bdb8                __swsetup_r
 .text.__sflush_r
                0x000000000000beb6      0x132 c:/mounriver/mounriver_studio/toolchain/risc-v embedded gcc/bin/../lib/gcc/riscv-none-embed/8.2.0/../../../../riscv-none-embed/lib/rv32imacxw/ilp32\libg_nano.a(lib_a-fflush.o)
                0x000000000000beb6                __sflush_r
 .text._fflush_r
                0x000000000000bfe8       0x66 c:/mounriver/mounriver_studio/toolchain/risc-v embedded gcc/bin/../lib/gcc/riscv-none-embed/8.2.0/../../../../riscv-none-embed/lib/rv32imacxw/ilp32\libg_nano.a(lib_a-fflush.o)
                0x000000000000bfe8                _fflush_r
 .text.std      0x000000000000c04e       0x66 c:/mounriver/mounriver_studio/toolchain/risc-v embedded gcc/bin/../lib/gcc/riscv-none-embed/8.2.0/../../../../riscv-none-embed/lib/rv32imacxw/ilp32\libg_nano.a(lib_a-findfp.o)
 .text._cleanup_r
                0x000000000000c0b4        0xa c:/mounriver/mounriver_studio/toolchain/risc-v embedded gcc/bin/../lib/gcc/riscv-none-embed/8.2.0/../../../../riscv-none-embed/lib/rv32imacxw/ilp32\libg_nano.a(lib_a-findfp.o)
                0x000000000000c0b4                _cleanup_r
 .text.__sfmoreglue
                0x000000000000c0be       0x48 c:/mounriver/mounriver_studio/toolchain/risc-v embedded gcc/bin/../lib/gcc/riscv-none-embed/8.2.0/../../../../riscv-none-embed/lib/rv32imacxw/ilp32\libg_nano.a(lib_a-findfp.o)
                0x000000000000c0be                __sfmoreglue
 .text.__sinit  0x000000000000c106       0x6c c:/mounriver/mounriver_studio/toolchain/risc-v embedded gcc/bin/../lib/gcc/riscv-none-embed/8.2.0/../../../../riscv-none-embed/lib/rv32imacxw/ilp32\libg_nano.a(lib_a-findfp.o)
                0x000000000000c106                __sinit
 .text.__sfp    0x000000000000c172       0xa0 c:/mounriver/mounriver_studio/toolchain/risc-v embedded gcc/bin/../lib/gcc/riscv-none-embed/8.2.0/../../../../riscv-none-embed/lib/rv32imacxw/ilp32\libg_nano.a(lib_a-findfp.o)
                0x000000000000c172                __sfp
 .text._fwalk_reent
                0x000000000000c212       0x6a c:/mounriver/mounriver_studio/toolchain/risc-v embedded gcc/bin/../lib/gcc/riscv-none-embed/8.2.0/../../../../riscv-none-embed/lib/rv32imacxw/ilp32\libg_nano.a(lib_a-fwalk.o)
                0x000000000000c212                _fwalk_reent
 .text.__swhatbuf_r
                0x000000000000c27c       0x58 c:/mounriver/mounriver_studio/toolchain/risc-v embedded gcc/bin/../lib/gcc/riscv-none-embed/8.2.0/../../../../riscv-none-embed/lib/rv32imacxw/ilp32\libg_nano.a(lib_a-makebuf.o)
                0x000000000000c27c                __swhatbuf_r
 .text.__smakebuf_r
                0x000000000000c2d4       0x94 c:/mounriver/mounriver_studio/toolchain/risc-v embedded gcc/bin/../lib/gcc/riscv-none-embed/8.2.0/../../../../riscv-none-embed/lib/rv32imacxw/ilp32\libg_nano.a(lib_a-makebuf.o)
                0x000000000000c2d4                __smakebuf_r
 .text.__malloc_lock
                0x000000000000c368        0x2 c:/mounriver/mounriver_studio/toolchain/risc-v embedded gcc/bin/../lib/gcc/riscv-none-embed/8.2.0/../../../../riscv-none-embed/lib/rv32imacxw/ilp32\libg_nano.a(lib_a-mlock.o)
                0x000000000000c368                __malloc_lock
 .text.__malloc_unlock
                0x000000000000c36a        0x2 c:/mounriver/mounriver_studio/toolchain/risc-v embedded gcc/bin/../lib/gcc/riscv-none-embed/8.2.0/../../../../riscv-none-embed/lib/rv32imacxw/ilp32\libg_nano.a(lib_a-mlock.o)
                0x000000000000c36a                __malloc_unlock
 .text.__sfputc_r
                0x000000000000c36c       0x28 c:/mounriver/mounriver_studio/toolchain/risc-v embedded gcc/bin/../lib/gcc/riscv-none-embed/8.2.0/../../../../riscv-none-embed/lib/rv32imacxw/ilp32\libg_nano.a(lib_a-nano-vfprintf.o)
 .text.__sfputs_r
                0x000000000000c394       0x42 c:/mounriver/mounriver_studio/toolchain/risc-v embedded gcc/bin/../lib/gcc/riscv-none-embed/8.2.0/../../../../riscv-none-embed/lib/rv32imacxw/ilp32\libg_nano.a(lib_a-nano-vfprintf.o)
                0x000000000000c394                __sfputs_r
 .text._vfprintf_r
                0x000000000000c3d6      0x288 c:/mounriver/mounriver_studio/toolchain/risc-v embedded gcc/bin/../lib/gcc/riscv-none-embed/8.2.0/../../../../riscv-none-embed/lib/rv32imacxw/ilp32\libg_nano.a(lib_a-nano-vfprintf.o)
                0x000000000000c3d6                _vfprintf_r
                0x000000000000c3d6                _vfiprintf_r
 .text._printf_common
                0x000000000000c65e      0x10c c:/mounriver/mounriver_studio/toolchain/risc-v embedded gcc/bin/../lib/gcc/riscv-none-embed/8.2.0/../../../../riscv-none-embed/lib/rv32imacxw/ilp32\libg_nano.a(lib_a-nano-vfprintf_i.o)
                0x000000000000c65e                _printf_common
 .text._printf_i
                0x000000000000c76a      0x2a2 c:/mounriver/mounriver_studio/toolchain/risc-v embedded gcc/bin/../lib/gcc/riscv-none-embed/8.2.0/../../../../riscv-none-embed/lib/rv32imacxw/ilp32\libg_nano.a(lib_a-nano-vfprintf_i.o)
                0x000000000000c76a                _printf_i
 .text.__sread  0x000000000000ca0c       0x2c c:/mounriver/mounriver_studio/toolchain/risc-v embedded gcc/bin/../lib/gcc/riscv-none-embed/8.2.0/../../../../riscv-none-embed/lib/rv32imacxw/ilp32\libg_nano.a(lib_a-stdio.o)
                0x000000000000ca0c                __sread
 .text.__swrite
                0x000000000000ca38       0x48 c:/mounriver/mounriver_studio/toolchain/risc-v embedded gcc/bin/../lib/gcc/riscv-none-embed/8.2.0/../../../../riscv-none-embed/lib/rv32imacxw/ilp32\libg_nano.a(lib_a-stdio.o)
                0x000000000000ca38                __swrite
 .text.__sseek  0x000000000000ca80       0x30 c:/mounriver/mounriver_studio/toolchain/risc-v embedded gcc/bin/../lib/gcc/riscv-none-embed/8.2.0/../../../../riscv-none-embed/lib/rv32imacxw/ilp32\libg_nano.a(lib_a-stdio.o)
                0x000000000000ca80                __sseek
 .text.__sclose
                0x000000000000cab0        0x6 c:/mounriver/mounriver_studio/toolchain/risc-v embedded gcc/bin/../lib/gcc/riscv-none-embed/8.2.0/../../../../riscv-none-embed/lib/rv32imacxw/ilp32\libg_nano.a(lib_a-stdio.o)
                0x000000000000cab0                __sclose
 .text._write_r
                0x000000000000cab6       0x36 c:/mounriver/mounriver_studio/toolchain/risc-v embedded gcc/bin/../lib/gcc/riscv-none-embed/8.2.0/../../../../riscv-none-embed/lib/rv32imacxw/ilp32\libg_nano.a(lib_a-writer.o)
                0x000000000000cab6                _write_r
 .text._close_r
                0x000000000000caec       0x30 c:/mounriver/mounriver_studio/toolchain/risc-v embedded gcc/bin/../lib/gcc/riscv-none-embed/8.2.0/../../../../riscv-none-embed/lib/rv32imacxw/ilp32\libg_nano.a(lib_a-closer.o)
                0x000000000000caec                _close_r
 .text._fstat_r
                0x000000000000cb1c       0x32 c:/mounriver/mounriver_studio/toolchain/risc-v embedded gcc/bin/../lib/gcc/riscv-none-embed/8.2.0/../../../../riscv-none-embed/lib/rv32imacxw/ilp32\libg_nano.a(lib_a-fstatr.o)
                0x000000000000cb1c                _fstat_r
 .text._isatty_r
                0x000000000000cb4e       0x30 c:/mounriver/mounriver_studio/toolchain/risc-v embedded gcc/bin/../lib/gcc/riscv-none-embed/8.2.0/../../../../riscv-none-embed/lib/rv32imacxw/ilp32\libg_nano.a(lib_a-isattyr.o)
                0x000000000000cb4e                _isatty_r
 .text._lseek_r
                0x000000000000cb7e       0x34 c:/mounriver/mounriver_studio/toolchain/risc-v embedded gcc/bin/../lib/gcc/riscv-none-embed/8.2.0/../../../../riscv-none-embed/lib/rv32imacxw/ilp32\libg_nano.a(lib_a-lseekr.o)
                0x000000000000cb7e                _lseek_r
 .text.memchr   0x000000000000cbb2       0x18 c:/mounriver/mounriver_studio/toolchain/risc-v embedded gcc/bin/../lib/gcc/riscv-none-embed/8.2.0/../../../../riscv-none-embed/lib/rv32imacxw/ilp32\libg_nano.a(lib_a-memchr.o)
                0x000000000000cbb2                memchr
 .text._read_r  0x000000000000cbca       0x34 c:/mounriver/mounriver_studio/toolchain/risc-v embedded gcc/bin/../lib/gcc/riscv-none-embed/8.2.0/../../../../riscv-none-embed/lib/rv32imacxw/ilp32\libg_nano.a(lib_a-readr.o)
                0x000000000000cbca                _read_r
 .text._close   0x000000000000cbfe       0x10 c:/mounriver/mounriver_studio/toolchain/risc-v embedded gcc/bin/../lib/gcc/riscv-none-embed/8.2.0/../../../../riscv-none-embed/lib/rv32imacxw/ilp32\libnosys.a(close.o)
                0x000000000000cbfe                _close
 .text._fstat   0x000000000000cc0e       0x10 c:/mounriver/mounriver_studio/toolchain/risc-v embedded gcc/bin/../lib/gcc/riscv-none-embed/8.2.0/../../../../riscv-none-embed/lib/rv32imacxw/ilp32\libnosys.a(fstat.o)
                0x000000000000cc0e                _fstat
 .text._isatty  0x000000000000cc1e       0x10 c:/mounriver/mounriver_studio/toolchain/risc-v embedded gcc/bin/../lib/gcc/riscv-none-embed/8.2.0/../../../../riscv-none-embed/lib/rv32imacxw/ilp32\libnosys.a(isatty.o)
                0x000000000000cc1e                _isatty
 .text._lseek   0x000000000000cc2e       0x10 c:/mounriver/mounriver_studio/toolchain/risc-v embedded gcc/bin/../lib/gcc/riscv-none-embed/8.2.0/../../../../riscv-none-embed/lib/rv32imacxw/ilp32\libnosys.a(lseek.o)
                0x000000000000cc2e                _lseek
 .text._read    0x000000000000cc3e       0x10 c:/mounriver/mounriver_studio/toolchain/risc-v embedded gcc/bin/../lib/gcc/riscv-none-embed/8.2.0/../../../../riscv-none-embed/lib/rv32imacxw/ilp32\libnosys.a(read.o)
                0x000000000000cc3e                _read
 *(.rodata)
 *(.rodata*)
 *fill*         0x000000000000cc4e        0x2 
 .rodata.bitrate_table
                0x000000000000cc50       0x10 ./User/DataModel.o
 .rodata.vIncrementSystemCounters.cst4
                0x000000000000cc60        0x8 ./User/DataModel.o
 .rodata.HardFault_Handler.str1.4
                0x000000000000cc68       0x42 ./User/ch32v20x_it.o
 *fill*         0x000000000000ccaa        0x2 
 .rodata.getODValue
                0x000000000000ccac       0x74 ./User/dash_draw.o
 .rodata.MenuStateCross
                0x000000000000cd20       0x1c ./User/dash_draw.o
 .rodata.dm     0x000000000000cd3c       0x3f ./User/dash_draw.o
 *fill*         0x000000000000cd7b        0x1 
 .rodata.getODValue.cst4
                0x000000000000cd7c        0x4 ./User/dash_draw.o
                                          0x8 (size before relaxing)
 .rodata.vBarColorMode.cst4
                0x000000000000cd80        0x4 ./User/dash_draw.o
 .rodata.ADC_FSM.cst4
                0x000000000000cd84       0x10 ./User/inputs.o
                                         0x14 (size before relaxing)
 *fill*         0x000000000000cd94        0x4 
 .rodata.ADC_FSM.cst8
                0x000000000000cd98       0x18 ./User/inputs.o
 .rodata.vInputsTask.cst4
                0x000000000000cdb0       0x10 ./User/inputs.o
 .rodata.SetSegDirect
                0x000000000000cdc0       0x1c ./User/led.o
 .rodata.Brigth
                0x000000000000cddc       0x1e ./User/led.o
 *fill*         0x000000000000cdfa        0x2 
 .rodata.DigitMask
                0x000000000000cdfc        0xa ./User/led.o
                0x000000000000cdfc                DigitMask
 *fill*         0x000000000000ce06        0x2 
 .rodata.offset_mask
                0x000000000000ce08        0xe ./User/led.o
 *fill*         0x000000000000ce16        0x2 
 .rodata.step_mask
                0x000000000000ce18        0xe ./User/led.o
 *fill*         0x000000000000ce26        0x2 
 .rodata.OD_ADC1_CAL_extension
                0x000000000000ce28       0x10 ./User/process.o
                0x000000000000ce28                OD_ADC1_CAL_extension
 .rodata.OD_ADC2_CAL_extension
                0x000000000000ce38       0x10 ./User/process.o
                0x000000000000ce38                OD_ADC2_CAL_extension
 .rodata.OD_ADC3_CAL_extension
                0x000000000000ce48       0x10 ./User/process.o
                0x000000000000ce48                OD_ADC3_CAL_extension
 .rodata.OD_AIN_RPM_extension
                0x000000000000ce58       0x10 ./User/process.o
                0x000000000000ce58                OD_AIN_RPM_extension
 .rodata.OD_BAR_extension
                0x000000000000ce68       0x10 ./User/process.o
                0x000000000000ce68                OD_BAR_extension
 .rodata.OD_BOARD_SETTINGS_extension
                0x000000000000ce78       0x10 ./User/process.o
                0x000000000000ce78                OD_BOARD_SETTINGS_extension
 .rodata.OD_DASH_PARAM_extension
                0x000000000000ce88       0x10 ./User/process.o
                0x000000000000ce88                OD_DASH_PARAM_extension
 .rodata.OD_DIN_extension
                0x000000000000ce98       0x10 ./User/process.o
                0x000000000000ce98                OD_DIN_extension
 .rodata.OD_KEY_extension
                0x000000000000cea8       0x10 ./User/process.o
                0x000000000000cea8                OD_KEY_extension
 .rodata.OD_MENU_MAP_extension
                0x000000000000ceb8       0x10 ./User/process.o
                0x000000000000ceb8                OD_MENU_MAP_extension
 .rodata.OD_MENU_SETUP_extension
                0x000000000000cec8       0x10 ./User/process.o
                0x000000000000cec8                OD_MENU_SETUP_extension
 .rodata.OD_RGB10_extension
                0x000000000000ced8       0x10 ./User/process.o
                0x000000000000ced8                OD_RGB10_extension
 .rodata.OD_RGB11_extension
                0x000000000000cee8       0x10 ./User/process.o
                0x000000000000cee8                OD_RGB11_extension
 .rodata.OD_RGB12_extension
                0x000000000000cef8       0x10 ./User/process.o
                0x000000000000cef8                OD_RGB12_extension
 .rodata.OD_RGB13_extension
                0x000000000000cf08       0x10 ./User/process.o
                0x000000000000cf08                OD_RGB13_extension
 .rodata.OD_RGB1_extension
                0x000000000000cf18       0x10 ./User/process.o
                0x000000000000cf18                OD_RGB1_extension
 .rodata.OD_RGB2_extension
                0x000000000000cf28       0x10 ./User/process.o
                0x000000000000cf28                OD_RGB2_extension
 .rodata.OD_RGB3_extension
                0x000000000000cf38       0x10 ./User/process.o
                0x000000000000cf38                OD_RGB3_extension
 .rodata.OD_RGB4_extension
                0x000000000000cf48       0x10 ./User/process.o
                0x000000000000cf48                OD_RGB4_extension
 .rodata.OD_RGB5_extension
                0x000000000000cf58       0x10 ./User/process.o
                0x000000000000cf58                OD_RGB5_extension
 .rodata.OD_RGB6_extension
                0x000000000000cf68       0x10 ./User/process.o
                0x000000000000cf68                OD_RGB6_extension
 .rodata.OD_RGB7_extension
                0x000000000000cf78       0x10 ./User/process.o
                0x000000000000cf78                OD_RGB7_extension
 .rodata.OD_RGB8_extension
                0x000000000000cf88       0x10 ./User/process.o
                0x000000000000cf88                OD_RGB8_extension
 .rodata.OD_RGB9_extension
                0x000000000000cf98       0x10 ./User/process.o
                0x000000000000cf98                OD_RGB9_extension
 .rodata.OD_RGBMAP_extension
                0x000000000000cfa8       0x10 ./User/process.o
                0x000000000000cfa8                OD_RGBMAP_extension
 .rodata.OD_RPMCONFIG_extension
                0x000000000000cfb8       0x10 ./User/process.o
                0x000000000000cfb8                OD_RPMCONFIG_extension
 .rodata.OD_SEG_extension
                0x000000000000cfc8       0x10 ./User/process.o
                0x000000000000cfc8                OD_SEG_extension
 .rodata.OD_VRegiters_extension
                0x000000000000cfd8       0x10 ./User/process.o
                0x000000000000cfd8                OD_VRegiters_extension
 .rodata.writeADC.isra.9.cst4
                0x000000000000cfe8        0x4 ./User/process.o
 .rodata.StartDefaultTask.str1.4
                0x000000000000cfe8        0xf ./User/system_init.o
 *fill*         0x000000000000cff7        0x1 
 .rodata.str1.4
                0x000000000000cff8       0x44 ./User/system_init.o
 .rodata.vInitABFilter.cst4