Archive member included to satisfy reference by file (symbol)

c:/mounriver/mounriver_studio/toolchain/risc-v embedded gcc/bin/../lib/gcc/riscv-none-embed/8.2.0/rv32imacxw/ilp32\libgcc.a(muldf3.o)
                              ./User/inputs.o (__muldf3)
c:/mounriver/mounriver_studio/toolchain/risc-v embedded gcc/bin/../lib/gcc/riscv-none-embed/8.2.0/rv32imacxw/ilp32\libgcc.a(floatunsidf.o)
                              ./User/inputs.o (__floatunsidf)
c:/mounriver/mounriver_studio/toolchain/risc-v embedded gcc/bin/../lib/gcc/riscv-none-embed/8.2.0/rv32imacxw/ilp32\libgcc.a(addsf3.o)
                              ./User/DataModel.o (__addsf3)
c:/mounriver/mounriver_studio/toolchain/risc-v embedded gcc/bin/../lib/gcc/riscv-none-embed/8.2.0/rv32imacxw/ilp32\libgcc.a(divsf3.o)
                              ./User/DataModel.o (__divsf3)
c:/mounriver/mounriver_studio/toolchain/risc-v embedded gcc/bin/../lib/gcc/riscv-none-embed/8.2.0/rv32imacxw/ilp32\libgcc.a(eqsf2.o)
                              ./HAL_LIB/hw_lib_din.o (__nesf2)
c:/mounriver/mounriver_studio/toolchain/risc-v embedded gcc/bin/../lib/gcc/riscv-none-embed/8.2.0/rv32imacxw/ilp32\libgcc.a(gesf2.o)
                              ./User/inputs.o (__gesf2)
c:/mounriver/mounriver_studio/toolchain/risc-v embedded gcc/bin/../lib/gcc/riscv-none-embed/8.2.0/rv32imacxw/ilp32\libgcc.a(lesf2.o)
                              ./HAL_LIB/hw_lib_din.o (__lesf2)
c:/mounriver/mounriver_studio/toolchain/risc-v embedded gcc/bin/../lib/gcc/riscv-none-embed/8.2.0/rv32imacxw/ilp32\libgcc.a(mulsf3.o)
                              ./User/dash_draw.o (__mulsf3)
c:/mounriver/mounriver_studio/toolchain/risc-v embedded gcc/bin/../lib/gcc/riscv-none-embed/8.2.0/rv32imacxw/ilp32\libgcc.a(subsf3.o)
                              ./User/inputs.o (__subsf3)
c:/mounriver/mounriver_studio/toolchain/risc-v embedded gcc/bin/../lib/gcc/riscv-none-embed/8.2.0/rv32imacxw/ilp32\libgcc.a(fixsfsi.o)
                              ./User/dash_draw.o (__fixsfsi)
c:/mounriver/mounriver_studio/toolchain/risc-v embedded gcc/bin/../lib/gcc/riscv-none-embed/8.2.0/rv32imacxw/ilp32\libgcc.a(fixunssfsi.o)
                              ./User/DataModel.o (__fixunssfsi)
c:/mounriver/mounriver_studio/toolchain/risc-v embedded gcc/bin/../lib/gcc/riscv-none-embed/8.2.0/rv32imacxw/ilp32\libgcc.a(floatsisf.o)
                              ./User/DataModel.o (__floatsisf)
c:/mounriver/mounriver_studio/toolchain/risc-v embedded gcc/bin/../lib/gcc/riscv-none-embed/8.2.0/rv32imacxw/ilp32\libgcc.a(floatunsisf.o)
                              ./User/DataModel.o (__floatunsisf)
c:/mounriver/mounriver_studio/toolchain/risc-v embedded gcc/bin/../lib/gcc/riscv-none-embed/8.2.0/rv32imacxw/ilp32\libgcc.a(truncdfsf2.o)
                              ./User/inputs.o (__truncdfsf2)
c:/mounriver/mounriver_studio/toolchain/risc-v embedded gcc/bin/../lib/gcc/riscv-none-embed/8.2.0/rv32imacxw/ilp32\libgcc.a(save-restore.o)
                              ./User/dash_draw.o (__riscv_save_12)
c:/mounriver/mounriver_studio/toolchain/risc-v embedded gcc/bin/../lib/gcc/riscv-none-embed/8.2.0/rv32imacxw/ilp32\libgcc.a(_clzsi2.o)
                              c:/mounriver/mounriver_studio/toolchain/risc-v embedded gcc/bin/../lib/gcc/riscv-none-embed/8.2.0/rv32imacxw/ilp32\libgcc.a(muldf3.o) (__clzsi2)
c:/mounriver/mounriver_studio/toolchain/risc-v embedded gcc/bin/../lib/gcc/riscv-none-embed/8.2.0/rv32imacxw/ilp32\libgcc.a(_clz.o)
                              c:/mounriver/mounriver_studio/toolchain/risc-v embedded gcc/bin/../lib/gcc/riscv-none-embed/8.2.0/rv32imacxw/ilp32\libgcc.a(_clzsi2.o) (__clz_tab)
c:/mounriver/mounriver_studio/toolchain/risc-v embedded gcc/bin/../lib/gcc/riscv-none-embed/8.2.0/../../../../riscv-none-embed/lib/rv32imacxw/ilp32\libg_nano.a(lib_a-calloc.o)
                              ./CANopenNode/CANopen.o (calloc)
c:/mounriver/mounriver_studio/toolchain/risc-v embedded gcc/bin/../lib/gcc/riscv-none-embed/8.2.0/../../../../riscv-none-embed/lib/rv32imacxw/ilp32\libg_nano.a(lib_a-impure.o)
                              c:/mounriver/mounriver_studio/toolchain/risc-v embedded gcc/bin/../lib/gcc/riscv-none-embed/8.2.0/../../../../riscv-none-embed/lib/rv32imacxw/ilp32\libg_nano.a(lib_a-calloc.o) (_impure_ptr)
c:/mounriver/mounriver_studio/toolchain/risc-v embedded gcc/bin/../lib/gcc/riscv-none-embed/8.2.0/../../../../riscv-none-embed/lib/rv32imacxw/ilp32\libg_nano.a(lib_a-malloc.o)
                              ./CANopenNode/CANopen.o (free)
c:/mounriver/mounriver_studio/toolchain/risc-v embedded gcc/bin/../lib/gcc/riscv-none-embed/8.2.0/../../../../riscv-none-embed/lib/rv32imacxw/ilp32\libg_nano.a(lib_a-memcpy.o)
                              ./User/DataModel.o (memcpy)
c:/mounriver/mounriver_studio/toolchain/risc-v embedded gcc/bin/../lib/gcc/riscv-none-embed/8.2.0/../../../../riscv-none-embed/lib/rv32imacxw/ilp32\libg_nano.a(lib_a-memmove.o)
                              ./CANopenNode/301/CO_SDOserver.o (memmove)
[...]
Memory Configuration

Name             Origin             Length             Attributes
FLASH            0x0000000000000000 0x0000000000010000 xr
SFLASH           0x0000000000010000 0x0000000000002800 xr
RAM              0x0000000020000000 0x0000000000005000 xrw
*default*        0x0000000000000000 0xffffffffffffffff

Linker script and memory map

LOAD ./User/CanOpenNode.o
LOAD ./User/DataModel.o
LOAD ./User/ch32v20x_it.o
LOAD ./User/dash_draw.o
LOAD ./User/init.o
LOAD ./User/inputs.o
LOAD ./User/led.o
LOAD ./User/main.o
LOAD ./User/process.o
LOAD ./User/system_ch32v20x.o
LOAD ./User/system_init.o
LOAD ./Startup/startup_ch32v20x_D6.o
LOAD ./Peripheral/src/ch32v20x_adc.o
LOAD ./Peripheral/src/ch32v20x_bkp.o
LOAD ./Peripheral/src/ch32v20x_can.o
LOAD ./Peripheral/src/ch32v20x_crc.o
LOAD ./Peripheral/src/ch32v20x_dbgmcu.o
LOAD ./Peripheral/src/ch32v20x_dma.o
LOAD ./Peripheral/src/ch32v20x_exti.o
LOAD ./Peripheral/src/ch32v20x_flash.o
LOAD ./Peripheral/src/ch32v20x_gpio.o
LOAD ./Peripheral/src/ch32v20x_i2c.o
LOAD ./Peripheral/src/ch32v20x_iwdg.o
LOAD ./Peripheral/src/ch32v20x_misc.o
LOAD ./Peripheral/src/ch32v20x_opa.o
LOAD ./Peripheral/src/ch32v20x_pwr.o
LOAD ./Peripheral/src/ch32v20x_rcc.o
LOAD ./Peripheral/src/ch32v20x_rtc.o
LOAD ./Peripheral/src/ch32v20x_spi.o
LOAD ./Peripheral/src/ch32v20x_tim.o
LOAD ./Peripheral/src/ch32v20x_usart.o
LOAD ./Peripheral/src/ch32v20x_wwdg.o
LOAD ./HAL_LIB/filters.o
LOAD ./HAL_LIB/hw_lib_adc.o
LOAD ./HAL_LIB/hw_lib_din.o
LOAD ./HAL_LIB/hw_lib_eeprom_i2c.o
LOAD ./HAL_DRIVER/hal_can_ch32.o
LOAD ./HAL_DRIVER/hal_gpio_ch32.o
LOAD ./HAL_DRIVER/hal_i2c_ch32.o
LOAD ./HAL_DRIVER/hal_irq.o
LOAD ./HAL_DRIVER/hal_rtc_ch32.o
LOAD ./HAL_DRIVER/hal_spi_ch32.o
LOAD ./HAL_DRIVER/hal_wdt_ch32.o
LOAD ./HAL/hal_adc_ch32.o
LOAD ./HAL/hal_dma_ch32.o
LOAD ./HAL/hal_timers_ch32.o
LOAD ./FreeRTOS/portable/MemMang/heap_4.o
LOAD ./FreeRTOS/portable/GCC/RISC-V/port.o
LOAD ./FreeRTOS/portable/GCC/RISC-V/portASM.o
LOAD ./FreeRTOS/croutine.o
LOAD ./FreeRTOS/event_groups.o
LOAD ./FreeRTOS/list.o
LOAD ./FreeRTOS/queue.o
LOAD ./FreeRTOS/stream_buffer.o
LOAD ./FreeRTOS/tasks.o
LOAD ./FreeRTOS/timers.o
LOAD ./Debug/debug.o
LOAD ./Core/core_riscv.o
LOAD ./CANopenNode/keypad/CO_driver_ST32F103.o
LOAD ./CANopenNode/keypad/OD.o
LOAD ./CANopenNode/extra/CO_trace.o
LOAD ./CANopenNode/309/CO_gateway_ascii.o
LOAD ./CANopenNode/305/CO_LSSmaster.o
LOAD ./CANopenNode/305/CO_LSSslave.o
LOAD ./CANopenNode/304/CO_GFC.o
LOAD ./CANopenNode/304/CO_SRDO.o
LOAD ./CANopenNode/303/CO_LEDs.o
LOAD ./CANopenNode/301/CO_Emergency.o
LOAD ./CANopenNode/301/CO_HBconsumer.o
LOAD ./CANopenNode/301/CO_NMT_Heartbeat.o
LOAD ./CANopenNode/301/CO_Node_Guarding.o
LOAD ./CANopenNode/301/CO_ODinterface.o
LOAD ./CANopenNode/301/CO_PDO.o
LOAD ./CANopenNode/301/CO_SDOclient.o
LOAD ./CANopenNode/301/CO_SDOserver.o
LOAD ./CANopenNode/301/CO_SYNC.o
LOAD ./CANopenNode/301/CO_TIME.o
LOAD ./CANopenNode/301/CO_fifo.o
LOAD ./CANopenNode/301/crc16-ccitt.o
LOAD ./CANopenNode/CANopen.o
LOAD c:/mounriver/mounriver_studio/toolchain/risc-v embedded gcc/bin/../lib/gcc/riscv-none-embed/8.2.0/../../../../riscv-none-embed/lib/rv32imacxw/ilp32\libm.a
LOAD c:/mounriver/mounriver_studio/toolchain/risc-v embedded gcc/bin/../lib/gcc/riscv-none-embed/8.2.0/rv32imacxw/ilp32\libgcc.a
LOAD c:/mounriver/mounriver_studio/toolchain/risc-v embedded gcc/bin/../lib/gcc/riscv-none-embed/8.2.0/../../../../riscv-none-embed/lib/rv32imacxw/ilp32\libg_nano.a
LOAD c:/mounriver/mounriver_studio/toolchain/risc-v embedded gcc/bin/../lib/gcc/riscv-none-embed/8.2.0/../../../../riscv-none-embed/lib/rv32imacxw/ilp32\libc_nano.a
LOAD c:/mounriver/mounriver_studio/toolchain/risc-v embedded gcc/bin/../lib/gcc/riscv-none-embed/8.2.0/rv32imacxw/ilp32\libgcc.a
START GROUP
LOAD c:/mounriver/mounriver_studio/toolchain/risc-v embedded gcc/bin/../lib/gcc/riscv-none-embed/8.2.0/rv32imacxw/ilp32\libgcc.a
LOAD c:/mounriver/mounriver_studio/toolchain/risc-v embedded gcc/bin/../lib/gcc/riscv-none-embed/8.2.0/../../../../riscv-none-embed/lib/rv32imacxw/ilp32\libc_nano.a
LOAD c:/mounriver/mounriver_studio/toolchain/risc-v embedded gcc/bin/../lib/gcc/riscv-none-embed/8.2.0/../../../../riscv-none-embed/lib/rv32imacxw/ilp32\libnosys.a
END GROUP
START GROUP
LOAD c:/mounriver/mounriver_studio/toolchain/risc-v embedded gcc/bin/../lib/gcc/riscv-none-embed/8.2.0/rv32imacxw/ilp32\libgcc.a
LOAD c:/mounriver/mounriver_studio/toolchain/risc-v embedded gcc/bin/../lib/gcc/riscv-none-embed/8.2.0/../../../../riscv-none-embed/lib/rv32imacxw/ilp32\libc_nano.a
LOAD c:/mounriver/mounriver_studio/toolchain/risc-v embedded gcc/bin/../lib/gcc/riscv-none-embed/8.2.0/../../../../riscv-none-embed/lib/rv32imacxw/ilp32\libnosys.a
END GROUP
                0x0000000000000be8                __stack_size = 0xbe8
                [!provide]                        PROVIDE (_stack_size = __stack_size)

.init           0x0000000000000000       0x38
                0x0000000000000000                _sinit = .
                0x0000000000000000                . = ALIGN (0x4)
 *(SORT_NONE(.init))
 .init          0x0000000000000000       0x38 ./Startup/startup_ch32v20x_D6.o
                0x0000000000000000                _start
                0x0000000000000038                . = ALIGN (0x4)
                0x0000000000000038                _einit = .

.vector         0x0000000000000038      0x108
 *(.vector)
 .vector        0x0000000000000038       0xfc ./Startup/startup_ch32v20x_D6.o
                0x0000000000000140                . = ALIGN (0x40)
 *fill*         0x0000000000000134        0xc 

.stext          0x0000000000010000      0x6bc
                0x0000000000010000                . = ALIGN (0x4)
 *(.stext)
 .stext         0x0000000000010000       0x7e ./User/DataModel.o
 .stext         0x000000000001007e      0x168 ./User/init.o
                0x000000000001007e                vInit_DeviceConfig
 .stext         0x00000000000101e6      0x202 ./User/process.o
                0x00000000000101e6                vProceesInit
 .stext         0x00000000000103e8      0x14e ./User/system_init.o
                0x00000000000103e8                vSYStaskInit
                0x000000000001050c                vSYSqueueInit
 .stext         0x0000000000010536       0x34 ./HAL_LIB/hw_lib_din.o
                0x0000000000010536                eDinConfigWtihStruct
 .stext         0x000000000001056a       0xca ./HAL_DRIVER/hal_rtc_ch32.o
                0x000000000001056a                HAL_RTC_IT_Init
 .stext         0x0000000000010634       0x60 ./HAL_DRIVER/hal_spi_ch32.o
                0x0000000000010634                HAL_SPI_InitDMA
 .stext         0x0000000000010694       0x28 ./HAL_DRIVER/hal_wdt_ch32.o
                0x0000000000010694                HAL_WDT_Init1s

.text           0x0000000000000200     0xdcfc
                0x0000000000000200                . = ALIGN (0x4)
 *(.text)
 .text          0x0000000000000200      0x2ee ./FreeRTOS/portable/GCC/RISC-V/portASM.o
                0x0000000000000200                SW_Handler
                0x0000000000000300                xPortStartFirstTask
                0x0000000000000400                pxPortInitialiseStack
 .text          0x00000000000004ee       0x60 c:/mounriver/mounriver_studio/toolchain/risc-v embedded gcc/bin/../lib/gcc/riscv-none-embed/8.2.0/rv32imacxw/ilp32\libgcc.a(save-restore.o)
                0x00000000000004ee                __riscv_save_12
                0x00000000000004f6                __riscv_save_9
                0x00000000000004f6                __riscv_save_11
                0x00000000000004f6                __riscv_save_10
                0x00000000000004f6                __riscv_save_8
                0x0000000000000504                __riscv_save_4
                0x0000000000000504                __riscv_save_6
                0x0000000000000504                __riscv_save_5
                0x0000000000000504                __riscv_save_7
                0x000000000000051e                __riscv_save_3
                0x000000000000051e                __riscv_save_2
                0x000000000000051e                __riscv_save_1
                0x000000000000051e                __riscv_save_0
                0x000000000000052a                __riscv_restore_12
                0x000000000000052e                __riscv_restore_11
                0x000000000000052e                __riscv_restore_9
                0x000000000000052e                __riscv_restore_10
                0x000000000000052e                __riscv_restore_8
                0x0000000000000538                __riscv_restore_5
                0x0000000000000538                __riscv_restore_7
                0x0000000000000538                __riscv_restore_6
                0x0000000000000538                __riscv_restore_4
                0x0000000000000542                __riscv_restore_3
                0x0000000000000542                __riscv_restore_0
                0x0000000000000542                __riscv_restore_2
                0x0000000000000542                __riscv_restore_1
 .text          0x000000000000054e       0xa8 c:/mounriver/mounriver_studio/toolchain/risc-v embedded gcc/bin/../lib/gcc/riscv-none-embed/8.2.0/../../../../riscv-none-embed/lib/rv32imacxw/ilp32\libg_nano.a(lib_a-memset.o)
                0x000000000000054e                memset
 *(.text.*)
 .text.xCanOpenProcessTaskHandle
                0x00000000000005f6        0xa ./User/CanOpenNode.o
                0x00000000000005f6                xCanOpenProcessTaskHandle
 .text.xCanOpenPeriodicTaskHandle
                0x0000000000000600        0xa ./User/CanOpenNode.o
                0x0000000000000600                xCanOpenPeriodicTaskHandle
 .text.vCanOpenInit
                0x000000000000060a        0xa ./User/CanOpenNode.o
                0x000000000000060a                vCanOpenInit
 .text.vCanOpenProcess
                0x0000000000000614      0x192 ./User/CanOpenNode.o
                0x0000000000000614                vCanOpenProcess
 .text.vCanOpenPeriodicProcess
                0x00000000000007a6       0x82 ./User/CanOpenNode.o
                0x00000000000007a6                vCanOpenPeriodicProcess
 .text.xDataRegQueue
                0x0000000000000828        0xa ./User/DataModel.o
                0x0000000000000828                xDataRegQueue
 .text.vDataModelRegDelayWrite
                0x0000000000000832       0x34 ./User/DataModel.o
                0x0000000000000832                vDataModelRegDelayWrite
 .text.setReg32
                0x0000000000000866       0x1a ./User/DataModel.o
                0x0000000000000866                setReg32
 .text.setReg16
                0x0000000000000880        0xe ./User/DataModel.o
                0x0000000000000880                setReg16
 .text.setReg8  0x000000000000088e        0xa ./User/DataModel.o
                0x000000000000088e                setReg8
 .text.SaveReg16
                0x0000000000000898       0x14 ./User/DataModel.o
                0x0000000000000898                SaveReg16
 .text.getReg16
                0x00000000000008ac       0x10 ./User/DataModel.o
                0x00000000000008ac                getReg16
 .text.getReg32
                0x00000000000008bc       0x1c ./User/DataModel.o
                0x00000000000008bc                getReg32
 .text.DataModel_Init
                0x00000000000008d8      0x374 ./User/DataModel.o
                0x00000000000008d8                DataModel_Init
 .text.getReg8  0x0000000000000c4c        0xa ./User/DataModel.o
                0x0000000000000c4c                getReg8
 .text.WriteRegAfterDelay
                0x0000000000000c56       0x60 ./User/DataModel.o
                0x0000000000000c56                WriteRegAfterDelay
 .text.WriteReg
                0x0000000000000cb6       0x56 ./User/DataModel.o
                0x0000000000000cb6                WriteReg
 .text.vGetBitrate
                0x0000000000000d0c       0x2a ./User/DataModel.o
                0x0000000000000d0c                vGetBitrate
 .text.vFDGetNMTState
                0x0000000000000d36        0x6 ./User/DataModel.o
                0x0000000000000d36                vFDGetNMTState
 .text.vGetNodeId
                0x0000000000000d3c        0x6 ./User/DataModel.o
                0x0000000000000d3c                vGetNodeId
 .text.vIncrementSystemCounters
                0x0000000000000d42       0x76 ./User/DataModel.o
                0x0000000000000d42                vIncrementSystemCounters
 .text.vSaveData
                0x0000000000000db8       0x14 ./User/DataModel.o
                0x0000000000000db8                vSaveData
 .text.getOdometr
                0x0000000000000dcc       0x14 ./User/DataModel.o
                0x0000000000000dcc                getOdometr
 .text.NMI_Handler
                0x0000000000000de0        0x2 ./User/ch32v20x_it.o
                0x0000000000000de0                NMI_Handler
 .text.HardFault_Handler
                0x0000000000000de2       0x66 ./User/ch32v20x_it.o
                0x0000000000000de2                HardFault_Handler
 .text.SegPrint
                0x0000000000000e48       0x5a ./User/dash_draw.o
 .text.vCheckKeySatate
                0x0000000000000ea2       0x68 ./User/dash_draw.o
 .text.xProcessTaskHandle
                0x0000000000000f0a        0xa ./User/dash_draw.o
                0x0000000000000f0a                xProcessTaskHandle
 .text.vSetErrorReg
                0x0000000000000f14        0xa ./User/dash_draw.o
                0x0000000000000f14                vSetErrorReg
 .text.getODValue
                0x0000000000000f1e      0x130 ./User/dash_draw.o
                0x0000000000000f1e                getODValue
 .text.IncMenuIndex
                0x000000000000104e       0x80 ./User/dash_draw.o
                0x000000000000104e                IncMenuIndex
 .text.GoToHome
                0x00000000000010ce       0x12 ./User/dash_draw.o
                0x00000000000010ce                GoToHome
 .text.SetCurMenuHome
                0x00000000000010e0       0x1e ./User/dash_draw.o
                0x00000000000010e0                SetCurMenuHome
 .text.GetCurMenuHome
                0x00000000000010fe        0x6 ./User/dash_draw.o
                0x00000000000010fe                GetCurMenuHome
 .text.SetCurrentMenu
                0x0000000000001104       0x12 ./User/dash_draw.o
                0x0000000000001104                SetCurrentMenu
 .text.SetDefault
                0x0000000000001116       0x2a ./User/dash_draw.o
                0x0000000000001116                SetDefault
 .text.MenuBackHomeCheck
                0x0000000000001140       0x38 ./User/dash_draw.o
                0x0000000000001140                MenuBackHomeCheck
 .text.CheckMenuChannel
                0x0000000000001178       0x20 ./User/dash_draw.o
                0x0000000000001178                CheckMenuChannel
 .text.vDashDrawInit
                0x0000000000001198       0x80 ./User/dash_draw.o
                0x0000000000001198                vDashDrawInit
 .text.vMenuBlink
                0x0000000000001218       0x4a ./User/dash_draw.o
                0x0000000000001218                vMenuBlink
 .text.SetErrorRegiter
                0x0000000000001262       0x5e ./User/dash_draw.o
                0x0000000000001262                SetErrorRegiter
 .text.uGetCurrMenu
                0x00000000000012c0       0x26 ./User/dash_draw.o
                0x00000000000012c0                uGetCurrMenu
 .text.vGetEdgeData
                0x00000000000012e6       0x2a ./User/dash_draw.o
                0x00000000000012e6                vGetEdgeData
 .text.checkLedState
                0x0000000000001310       0x3a ./User/dash_draw.o
 .text.vRGBMode
                0x000000000000134a       0x72 ./User/dash_draw.o
                0x000000000000134a                vRGBMode
 .text.vBarColorMode
                0x00000000000013bc       0xc2 ./User/dash_draw.o
                0x00000000000013bc                vBarColorMode
 .text.vBarWindowMode
                0x000000000000147e       0x5a ./User/dash_draw.o
                0x000000000000147e                vBarWindowMode
 .text.vBarMode
                0x00000000000014d8       0x66 ./User/dash_draw.o
                0x00000000000014d8                vBarMode
 .text.vRedrawTask
                0x000000000000153e      0x4f8 ./User/dash_draw.o
                0x000000000000153e                vRedrawTask
 .text.HardwareDeinit
                0x0000000000001a36       0x2a ./User/init.o
                0x0000000000001a36                HardwareDeinit
 .text.SoftwareReset
                0x0000000000001a60       0x14 ./User/init.o
                0x0000000000001a60                SoftwareReset
 .text.ADC1_Event
                0x0000000000001a74       0x48 ./User/inputs.o
                0x0000000000001a74                ADC1_Event
 .text.CaptureDMACallBack
                0x0000000000001abc       0x22 ./User/inputs.o
                0x0000000000001abc                CaptureDMACallBack
 .text.CaptureDMACallBack_1
                0x0000000000001ade       0x22 ./User/inputs.o
                0x0000000000001ade                CaptureDMACallBack_1
 .text.fDinStateCallback
                0x0000000000001b00       0x32 ./User/inputs.o
                0x0000000000001b00                fDinStateCallback
 .text.vSetDoutState
                0x0000000000001b32       0x28 ./User/inputs.o
                0x0000000000001b32                vSetDoutState
 .text.getInputsTaskHandle
                0x0000000000001b5a        0xa ./User/inputs.o
                0x0000000000001b5a                getInputsTaskHandle
 .text.ADC1_Init
                0x0000000000001b64       0x48 ./User/inputs.o
                0x0000000000001b64                ADC1_Init
 .text.ADC_FSM  0x0000000000001bac      0x17e ./User/inputs.o
                0x0000000000001bac                ADC_FSM
 .text.GetAIN   0x0000000000001d2a        0xc ./User/inputs.o
                0x0000000000001d2a                GetAIN
 .text.vInputsTask
                0x0000000000001d36      0x29c ./User/inputs.o
                0x0000000000001d36                vInputsTask
 .text.SPI1_DMA_Callback
                0x0000000000001fd2       0x2e ./User/led.o
                0x0000000000001fd2                SPI1_DMA_Callback
 .text.SPI2_DMA_Callback
                0x0000000000002000       0x2e ./User/led.o
                0x0000000000002000                SPI2_DMA_Callback
 .text.SetBarState
                0x000000000000202e       0x50 ./User/led.o
                0x000000000000202e                SetBarState
 .text.SetRGB   0x000000000000207e       0x4e ./User/led.o
                0x000000000000207e                SetRGB
 .text.SetSegDirect
                0x00000000000020cc       0x9c ./User/led.o
                0x00000000000020cc                SetSegDirect
 .text.SetSegPoint
                0x0000000000002168       0x22 ./User/led.o
                0x0000000000002168                SetSegPoint
 .text.SetSEG   0x000000000000218a      0x120 ./User/led.o
                0x000000000000218a                SetSEG
 .text.SetBigSeg
                0x00000000000022aa       0x14 ./User/led.o
                0x00000000000022aa                SetBigSeg
 .text.vSetBrigth
                0x00000000000022be       0x28 ./User/led.o
                0x00000000000022be                vSetBrigth
 .text.vLedDriverStart
                0x00000000000022e6       0x4e ./User/led.o
                0x00000000000022e6                vLedDriverStart
 .text.vLedProcess
                0x0000000000002334       0x1e ./User/led.o
                0x0000000000002334                vLedProcess
 .text.vRGBProcess
                0x0000000000002352       0xe2 ./User/led.o
                0x0000000000002352                vRGBProcess
 .text.startup.main
                0x0000000000002434       0x28 ./User/main.o
                0x0000000000002434                main
 .text.vRestartNode
                0x000000000000245c        0x2 ./User/main.o
                0x000000000000245c                vRestartNode
 .text.Error_Handler
                0x000000000000245e        0x8 ./User/main.o
                0x000000000000245e                Error_Handler
 .text.OD_readKEY
                0x0000000000002466        0x8 ./User/process.o
 .text.OD_writeRGBMAP
                0x000000000000246e       0x30 ./User/process.o
 .text.OD_writeKEY
                0x000000000000249e       0x34 ./User/process.o
 .text.OD_readRGBMAP
                0x00000000000024d2       0x22 ./User/process.o
 .text.OD_readDIN
                0x00000000000024f4       0x1c ./User/process.o
 .text.OD_writeMenuSetup
                0x0000000000002510       0x46 ./User/process.o
 .text.OD_writeBoardSettings
                0x0000000000002556       0x78 ./User/process.o
 .text.CO_getUint16
                0x00000000000025ce       0x10 ./User/process.o
 .text.OD_writeSEG
                0x00000000000025de       0x44 ./User/process.o
 .text.OD_writeBAR
                0x0000000000002622       0x30 ./User/process.o
 .text.OD_writeRPMConfig
                0x0000000000002652       0x36 ./User/process.o
 .text.CO_getUint32
                0x0000000000002688       0x18 ./User/process.o
 .text.OD_writeMenuMap
                0x00000000000026a0       0x30 ./User/process.o
 .text.OD_writeV1_14
                0x00000000000026d0       0x54 ./User/process.o
 .text.OD_writeDashParam
                0x0000000000002724       0x44 ./User/process.o
 .text.WriteRGB.isra.2
                0x0000000000002768       0x3a ./User/process.o
 .text.OD_writeRGB1
                0x00000000000027a2       0x14 ./User/process.o
 .text.OD_writeRGB2
                0x00000000000027b6       0x16 ./User/process.o
 .text.OD_writeRGB3
                0x00000000000027cc       0x16 ./User/process.o
 .text.OD_writeRGB4
                0x00000000000027e2       0x16 ./User/process.o
 .text.OD_writeRGB5
                0x00000000000027f8       0x16 ./User/process.o
 .text.OD_writeRGB6
                0x000000000000280e       0x16 ./User/process.o
 .text.OD_writeRGB7
                0x0000000000002824       0x16 ./User/process.o
 .text.OD_writeRGB8
                0x000000000000283a       0x16 ./User/process.o
 .text.OD_writeRGB9
                0x0000000000002850       0x16 ./User/process.o
 .text.OD_writeRGB10
                0x0000000000002866       0x16 ./User/process.o
 .text.OD_writeRGB11
                0x000000000000287c       0x16 ./User/process.o
 .text.OD_writeRGB12
                0x0000000000002892       0x16 ./User/process.o
 .text.OD_writeRGB13
                0x00000000000028a8       0x16 ./User/process.o
 .text.OD_readBoardSettings
                0x00000000000028be       0x2c ./User/process.o
 .text.readADC.isra.6
                0x00000000000028ea       0x84 ./User/process.o
 .text.OD_readADC1
                0x000000000000296e       0x10 ./User/process.o
 .text.OD_readADC2
                0x000000000000297e       0x10 ./User/process.o
 .text.OD_readADC3
                0x000000000000298e       0x10 ./User/process.o
 .text.OD_readMenuSetup
                0x000000000000299e       0x30 ./User/process.o
 .text.writeADC.isra.9
                0x00000000000029ce       0xde ./User/process.o
 .text.OD_writeADC1
                0x0000000000002aac       0x10 ./User/process.o
 .text.OD_writeADC2
                0x0000000000002abc       0x10 ./User/process.o
 .text.OD_writeADC3
                0x0000000000002acc       0x10 ./User/process.o
 .text.OD_readRGB.isra.5
                0x0000000000002adc       0x22 ./User/process.o
 .text.OD_readRGB1
                0x0000000000002afe       0x10 ./User/process.o
 .text.OD_readRGB2
                0x0000000000002b0e       0x12 ./User/process.o
 .text.OD_readRGB3
                0x0000000000002b20       0x12 ./User/process.o
 .text.OD_readRGB4
                0x0000000000002b32       0x12 ./User/process.o
 .text.OD_readRGB5
                0x0000000000002b44       0x12 ./User/process.o
 .text.OD_readRGB6
                0x0000000000002b56       0x12 ./User/process.o
 .text.OD_readRGB7
                0x0000000000002b68       0x12 ./User/process.o
 .text.OD_readRGB8
                0x0000000000002b7a       0x12 ./User/process.o
 .text.OD_readRGB9
                0x0000000000002b8c       0x12 ./User/process.o
 .text.OD_readRGB10
                0x0000000000002b9e       0x12 ./User/process.o
 .text.OD_readRGB11
                0x0000000000002bb0       0x12 ./User/process.o
 .text.OD_readRGB12
                0x0000000000002bc2       0x12 ./User/process.o
 .text.OD_readRGB13
                0x0000000000002bd4       0x12 ./User/process.o
 .text.OD_readAIN_RPM
                0x0000000000002be6       0x26 ./User/process.o
 .text.OD_readMenuMap
                0x0000000000002c0c       0x2c ./User/process.o
 .text.OD_readRPMConfig
                0x0000000000002c38       0x2a ./User/process.o
 .text.OD_readBar
                0x0000000000002c62       0x28 ./User/process.o
 .text.OD_readDashParam
                0x0000000000002c8a       0x4c ./User/process.o
 .text.OD_readSEG
                0x0000000000002cd6       0x34 ./User/process.o
 .text.SystemInit
                0x0000000000002d0a       0xea ./User/system_ch32v20x.o
                0x0000000000002d0a                SystemInit
 .text.SystemCoreClockUpdate
                0x0000000000002df4       0x92 ./User/system_ch32v20x.o
                0x0000000000002df4                SystemCoreClockUpdate
 .text.StartDefaultTask
                0x0000000000002e86       0x70 ./User/system_init.o
 .text.vApplicationGetIdleTaskMemory
                0x0000000000002ef6       0x1c ./User/system_init.o
                0x0000000000002ef6                vApplicationGetIdleTaskMemory
 .text.vSystemStop
                0x0000000000002f12       0x26 ./User/system_init.o
                0x0000000000002f12                vSystemStop
 .text.vector_handler
                0x0000000000002f38       0x6c ./Startup/startup_ch32v20x_D6.o
                0x0000000000002f3c                Ecall_M_Mode_Handler
                0x0000000000002f3e                Ecall_U_Mode_Handler
                0x0000000000002f40                Break_Point_Handler
                0x0000000000002f46                WWDG_IRQHandler
                0x0000000000002f48                PVD_IRQHandler
                0x0000000000002f4a                TAMPER_IRQHandler
                0x0000000000002f4e                FLASH_IRQHandler
                0x0000000000002f50                RCC_IRQHandler
                0x0000000000002f52                EXTI0_IRQHandler
                0x0000000000002f54                EXTI1_IRQHandler
                0x0000000000002f56                EXTI2_IRQHandler
                0x0000000000002f58                EXTI3_IRQHandler
                0x0000000000002f5a                EXTI4_IRQHandler
                0x0000000000002f5e                DMA1_Channel2_IRQHandler
                0x0000000000002f66                DMA1_Channel6_IRQHandler
                0x0000000000002f6a                ADC1_2_IRQHandler
                0x0000000000002f74                EXTI9_5_IRQHandler
                0x0000000000002f76                TIM1_BRK_IRQHandler
                0x0000000000002f78                TIM1_UP_IRQHandler
                0x0000000000002f7a                TIM1_TRG_COM_IRQHandler
                0x0000000000002f7c                TIM1_CC_IRQHandler
                0x0000000000002f7e                TIM2_IRQHandler
                0x0000000000002f80                TIM3_IRQHandler
                0x0000000000002f88                I2C2_EV_IRQHandler
                0x0000000000002f8a                I2C2_ER_IRQHandler
                0x0000000000002f8c                SPI1_IRQHandler
                0x0000000000002f8e                SPI2_IRQHandler
                0x0000000000002f90                USART1_IRQHandler
                0x0000000000002f92                USART2_IRQHandler
                0x0000000000002f94                USART3_IRQHandler
                0x0000000000002f96                EXTI15_10_IRQHandler
                0x0000000000002f98                RTCAlarm_IRQHandler
                0x0000000000002f9a                USBWakeUp_IRQHandler
                0x0000000000002f9c                USBHD_IRQHandler
                0x0000000000002f9e                USBHDWakeUp_IRQHandler
                0x0000000000002fa0                UART4_IRQHandler
                0x0000000000002fa2                DMA1_Channel8_IRQHandler
 .text.handle_reset
                0x0000000000002fa4       0x92 ./Startup/startup_ch32v20x_D6.o
                0x0000000000002fa4                handle_reset
 .text.ADC_Cmd  0x0000000000003036       0x10 ./Peripheral/src/ch32v20x_adc.o
                0x0000000000003036                ADC_Cmd
 .text.ADC_GetResetCalibrationStatus
                0x0000000000003046        0x8 ./Peripheral/src/ch32v20x_adc.o
                0x0000000000003046                ADC_GetResetCalibrationStatus
 .text.ADC_GetCalibrationStatus
                0x000000000000304e        0x8 ./Peripheral/src/ch32v20x_adc.o
                0x000000000000304e                ADC_GetCalibrationStatus
 .text.Get_CalibrationValue
                0x0000000000003056      0x1fe ./Peripheral/src/ch32v20x_adc.o
                0x0000000000003056                Get_CalibrationValue
 .text.DMA_GetFlagStatus
                0x0000000000003254        0xe ./Peripheral/src/ch32v20x_dma.o
                0x0000000000003254                DMA_GetFlagStatus
 .text.DMA_GetITStatus
                0x0000000000003262        0xc ./Peripheral/src/ch32v20x_dma.o
                0x0000000000003262                DMA_GetITStatus
 .text.DMA_ClearITPendingBit
                0x000000000000326e        0x8 ./Peripheral/src/ch32v20x_dma.o
                0x000000000000326e                DMA_ClearITPendingBit
 .text.GPIO_Init
                0x0000000000003276       0xfa ./Peripheral/src/ch32v20x_gpio.o
                0x0000000000003276                GPIO_Init
 .text.GPIO_PinRemapConfig
                0x0000000000003370       0xf2 ./Peripheral/src/ch32v20x_gpio.o
                0x0000000000003370                GPIO_PinRemapConfig
 .text.I2C_DualAddressCmd
                0x0000000000003462       0x18 ./Peripheral/src/ch32v20x_i2c.o
                0x0000000000003462                I2C_DualAddressCmd
 .text.I2C_ClearFlag
                0x000000000000347a        0xc ./Peripheral/src/ch32v20x_i2c.o
                0x000000000000347a                I2C_ClearFlag
 .text.RCC_LSEConfig
                0x0000000000003486       0x28 ./Peripheral/src/ch32v20x_rcc.o
                0x0000000000003486                RCC_LSEConfig
 .text.RCC_GetClocksFreq
                0x00000000000034ae       0xbe ./Peripheral/src/ch32v20x_rcc.o
                0x00000000000034ae                RCC_GetClocksFreq
 .text.RCC_APB2PeriphClockCmd
                0x000000000000356c       0x1e ./Peripheral/src/ch32v20x_rcc.o
                0x000000000000356c                RCC_APB2PeriphClockCmd
 .text.RCC_GetFlagStatus
                0x000000000000358a       0x2e ./Peripheral/src/ch32v20x_rcc.o
                0x000000000000358a                RCC_GetFlagStatus
 .text.RTC_EnterConfigMode
                0x00000000000035b8       0x12 ./Peripheral/src/ch32v20x_rtc.o
                0x00000000000035b8                RTC_EnterConfigMode
 .text.RTC_ExitConfigMode
                0x00000000000035ca       0x18 ./Peripheral/src/ch32v20x_rtc.o
                0x00000000000035ca                RTC_ExitConfigMode
 .text.RTC_GetCounter
                0x00000000000035e2       0x36 ./Peripheral/src/ch32v20x_rtc.o
                0x00000000000035e2                RTC_GetCounter
 .text.RTC_SetCounter
                0x0000000000003618       0x2c ./Peripheral/src/ch32v20x_rtc.o
                0x0000000000003618                RTC_SetCounter
 .text.RTC_SetPrescaler
                0x0000000000003644       0x2e ./Peripheral/src/ch32v20x_rtc.o
                0x0000000000003644                RTC_SetPrescaler
 .text.RTC_WaitForLastTask
                0x0000000000003672       0x10 ./Peripheral/src/ch32v20x_rtc.o
                0x0000000000003672                RTC_WaitForLastTask
 .text.RTC_WaitForSynchro
                0x0000000000003682       0x24 ./Peripheral/src/ch32v20x_rtc.o
                0x0000000000003682                RTC_WaitForSynchro
 .text.TIM_OC1Init
                0x00000000000036a6       0x6a ./Peripheral/src/ch32v20x_tim.o
                0x00000000000036a6                TIM_OC1Init
 .text.TIM_OC2Init
                0x0000000000003710       0x96 ./Peripheral/src/ch32v20x_tim.o
                0x0000000000003710                TIM_OC2Init
 .text.TIM_OC3Init
                0x00000000000037a6       0x94 ./Peripheral/src/ch32v20x_tim.o
                0x00000000000037a6                TIM_OC3Init
 .text.TIM_OC4Init
                0x000000000000383a       0x6c ./Peripheral/src/ch32v20x_tim.o
                0x000000000000383a                TIM_OC4Init
 .text.TIM_OC1PreloadConfig
                0x00000000000038a6        0xe ./Peripheral/src/ch32v20x_tim.o
                0x00000000000038a6                TIM_OC1PreloadConfig
 .text.TIM_OC2PreloadConfig
                0x00000000000038b4       0x16 ./Peripheral/src/ch32v20x_tim.o
                0x00000000000038b4                TIM_OC2PreloadConfig
 .text.TIM_OC3PreloadConfig
                0x00000000000038ca        0xe ./Peripheral/src/ch32v20x_tim.o
                0x00000000000038ca                TIM_OC3PreloadConfig
 .text.TIM_OC4PreloadConfig
                0x00000000000038d8       0x16 ./Peripheral/src/ch32v20x_tim.o
                0x00000000000038d8                TIM_OC4PreloadConfig
 .text.TIM_GetITStatus
                0x00000000000038ee       0x18 ./Peripheral/src/ch32v20x_tim.o
                0x00000000000038ee                TIM_GetITStatus
 .text.USART_Init
                0x0000000000003906       0xbc ./Peripheral/src/ch32v20x_usart.o
                0x0000000000003906                USART_Init
 .text.USART_Cmd
                0x00000000000039c2       0x16 ./Peripheral/src/ch32v20x_usart.o
                0x00000000000039c2                USART_Cmd
 .text.USART_SendData
                0x00000000000039d8        0x8 ./Peripheral/src/ch32v20x_usart.o
                0x00000000000039d8                USART_SendData
 .text.USART_GetFlagStatus
                0x00000000000039e0        0xa ./Peripheral/src/ch32v20x_usart.o
                0x00000000000039e0                USART_GetFlagStatus
 .text.vRCFilterConfig
                0x00000000000039ea       0x2e ./HAL_LIB/filters.o
                0x00000000000039ea                vRCFilterConfig
 .text.vInitABFilter
                0x0000000000003a18       0x22 ./HAL_LIB/filters.o
                0x0000000000003a18                vInitABFilter
 .text.vInitRunAverga
                0x0000000000003a3a        0x8 ./HAL_LIB/filters.o
                0x0000000000003a3a                vInitRunAverga
 .text.vInitMedianFilter
                0x0000000000003a42       0x12 ./HAL_LIB/filters.o
                0x0000000000003a42                vInitMedianFilter
 .text.MedianFilter
                0x0000000000003a54       0x74 ./HAL_LIB/filters.o
                0x0000000000003a54                MedianFilter
 .text.vAINInit
                0x0000000000003ac8       0x36 ./HAL_LIB/hw_lib_adc.o
                0x0000000000003ac8                vAINInit
 .text.fGetAinCalData
                0x0000000000003afe       0x7a ./HAL_LIB/hw_lib_adc.o
                0x0000000000003afe                fGetAinCalData
 .text.eAinCalDataConfig
                0x0000000000003b78       0x50 ./HAL_LIB/hw_lib_adc.o
                0x0000000000003b78                eAinCalDataConfig
 .text.vABLineKoofFinde
                0x0000000000003bc8       0x6a ./HAL_LIB/hw_lib_adc.o
                0x0000000000003bc8                vABLineKoofFinde
 .text.eSetAinCalPoint
                0x0000000000003c32       0x64 ./HAL_LIB/hw_lib_adc.o
                0x0000000000003c32                eSetAinCalPoint
 .text.getADC1Buffer
                0x0000000000003c96        0xa ./HAL_LIB/hw_lib_adc.o
                0x0000000000003c96                getADC1Buffer
 .text.eDOUTConfigWtihStruct
                0x0000000000003ca0       0x1c ./HAL_LIB/hw_lib_din.o
                0x0000000000003ca0                eDOUTConfigWtihStruct
 .text.eSetDUT  0x0000000000003cbc       0x16 ./HAL_LIB/hw_lib_din.o
                0x0000000000003cbc                eSetDUT
 .text.uGetDIN  0x0000000000003cd2       0x14 ./HAL_LIB/hw_lib_din.o
                0x0000000000003cd2                uGetDIN
 .text.eRPMConfig
                0x0000000000003ce6       0x5a ./HAL_LIB/hw_lib_din.o
                0x0000000000003ce6                eRPMConfig
 .text.RMPDataConvert
                0x0000000000003d40       0x7e ./HAL_LIB/hw_lib_din.o
                0x0000000000003d40                RMPDataConvert
 .text.GetRPM   0x0000000000003dbe       0x70 ./HAL_LIB/hw_lib_din.o
                0x0000000000003dbe                GetRPM
 .text.xGetRPM  0x0000000000003e2e       0x72 ./HAL_LIB/hw_lib_din.o
                0x0000000000003e2e                xGetRPM
 .text.vDinDoutProcess
                0x0000000000003ea0       0xa0 ./HAL_LIB/hw_lib_din.o
                0x0000000000003ea0                vDinDoutProcess
 .text.getCaputreBuffer
                0x0000000000003f40       0x16 ./HAL_LIB/hw_lib_din.o
                0x0000000000003f40                getCaputreBuffer
 .text.I2C_FSM  0x0000000000003f56      0x198 ./HAL_LIB/hw_lib_eeprom_i2c.o
                0x0000000000003f56                I2C_FSM
 .text.vInitEEPROM_I2C
                0x00000000000040ee       0x4e ./HAL_LIB/hw_lib_eeprom_i2c.o
                0x00000000000040ee                vInitEEPROM_I2C
 .text.eEEPROMWrFast
                0x000000000000413c      0x10a ./HAL_LIB/hw_lib_eeprom_i2c.o
                0x000000000000413c                eEEPROMWrFast
 .text.eEEPROMWr
                0x0000000000004246       0xe2 ./HAL_LIB/hw_lib_eeprom_i2c.o
                0x0000000000004246                eEEPROMWr
 .text.eEEPROMRd
                0x0000000000004328       0x8a ./HAL_LIB/hw_lib_eeprom_i2c.o
                0x0000000000004328                eEEPROMRd
 .text.bReadEEPROM
                0x00000000000043b2       0x1a ./HAL_LIB/hw_lib_eeprom_i2c.o
                0x00000000000043b2                bReadEEPROM
 .text.HAL_CANSetTXCallback
                0x00000000000043cc        0xa ./HAL_DRIVER/hal_can_ch32.o
                0x00000000000043cc                HAL_CANSetTXCallback
 .text.HAL_CANSetRXCallback
                0x00000000000043d6        0xa ./HAL_DRIVER/hal_can_ch32.o
                0x00000000000043d6                HAL_CANSetRXCallback
 .text.HAL_CANSetERRCallback
                0x00000000000043e0        0xa ./HAL_DRIVER/hal_can_ch32.o
                0x00000000000043e0                HAL_CANSetERRCallback
 .text.HAL_CANIntIT
                0x00000000000043ea      0x13c ./HAL_DRIVER/hal_can_ch32.o
                0x00000000000043ea                HAL_CANIntIT
 .text.HAL_CANToInitMode
                0x0000000000004526       0x30 ./HAL_DRIVER/hal_can_ch32.o
                0x0000000000004526                HAL_CANToInitMode
 .text.HAL_CANToOperatingMode
                0x0000000000004556       0x26 ./HAL_DRIVER/hal_can_ch32.o
                0x0000000000004556                HAL_CANToOperatingMode
 .text.HAL_CANSend
                0x000000000000457c       0xae ./HAL_DRIVER/hal_can_ch32.o
                0x000000000000457c                HAL_CANSend
 .text.HAL_CANSetFiters
                0x000000000000462a       0xc4 ./HAL_DRIVER/hal_can_ch32.o
                0x000000000000462a                HAL_CANSetFiters
 .text.HAL_CANGetRXMessage
                0x00000000000046ee       0xb0 ./HAL_DRIVER/hal_can_ch32.o
                0x00000000000046ee                HAL_CANGetRXMessage
 .text.USB_HP_CAN1_TX_IRQHandler
                0x000000000000479e       0x60 ./HAL_DRIVER/hal_can_ch32.o
                0x000000000000479e                USB_HP_CAN1_TX_IRQHandler
 .text.USB_LP_CAN1_RX0_IRQHandler
                0x00000000000047fe       0x5e ./HAL_DRIVER/hal_can_ch32.o
                0x00000000000047fe                USB_LP_CAN1_RX0_IRQHandler
 .text.CAN1_RX1_IRQHandler
                0x000000000000485c       0x5e ./HAL_DRIVER/hal_can_ch32.o
                0x000000000000485c                CAN1_RX1_IRQHandler
 .text.CAN1_SCE_IRQHandler
                0x00000000000048ba       0x5c ./HAL_DRIVER/hal_can_ch32.o
                0x00000000000048ba                CAN1_SCE_IRQHandler
 .text.HAL_InitGPIO
                0x0000000000004916       0xba ./HAL_DRIVER/hal_gpio_ch32.o
                0x0000000000004916                HAL_InitGPIO
 .text.HAL_InitGpioOut
                0x00000000000049d0       0x10 ./HAL_DRIVER/hal_gpio_ch32.o
                0x00000000000049d0                HAL_InitGpioOut
 .text.HAL_InitGpioAIN
                0x00000000000049e0       0x10 ./HAL_DRIVER/hal_gpio_ch32.o
                0x00000000000049e0                HAL_InitGpioAIN
 .text.HAL_InitGpioIn
                0x00000000000049f0       0x10 ./HAL_DRIVER/hal_gpio_ch32.o
                0x00000000000049f0                HAL_InitGpioIn
 .text.HAL_InitGpioAF
                0x0000000000004a00       0x34 ./HAL_DRIVER/hal_gpio_ch32.o
                0x0000000000004a00                HAL_InitGpioAF
 .text.HAL_GetBit
                0x0000000000004a34        0xa ./HAL_DRIVER/hal_gpio_ch32.o
                0x0000000000004a34                HAL_GetBit
 .text.HAL_SetBit
                0x0000000000004a3e        0x4 ./HAL_DRIVER/hal_gpio_ch32.o
                0x0000000000004a3e                HAL_SetBit
 .text.HAL_ResetBit
                0x0000000000004a42        0x4 ./HAL_DRIVER/hal_gpio_ch32.o
                0x0000000000004a42                HAL_ResetBit
 .text.HAL_InitGPO
                0x0000000000004a46       0x14 ./HAL_DRIVER/hal_gpio_ch32.o
                0x0000000000004a46                HAL_InitGPO
 .text.HAL_I2C_Init
                0x0000000000004a5a       0xf4 ./HAL_DRIVER/hal_i2c_ch32.o
                0x0000000000004a5a                HAL_I2C_Init
 .text.HAL_I2C_GET_STAR2
                0x0000000000004b4e        0xe ./HAL_DRIVER/hal_i2c_ch32.o
                0x0000000000004b4e                HAL_I2C_GET_STAR2
 .text.HAL_I2C_GET_STAR1
                0x0000000000004b5c        0xe ./HAL_DRIVER/hal_i2c_ch32.o
                0x0000000000004b5c                HAL_I2C_GET_STAR1
 .text.HAL_I2C_ENABLE
                0x0000000000004b6a       0x14 ./HAL_DRIVER/hal_i2c_ch32.o
                0x0000000000004b6a                HAL_I2C_ENABLE
 .text.InitI2CIT
                0x0000000000004b7e       0x6e ./HAL_DRIVER/hal_i2c_ch32.o
                0x0000000000004b7e                InitI2CIT
 .text.HAL_I2C_DISABLE
                0x0000000000004bec       0x1a ./HAL_DRIVER/hal_i2c_ch32.o
                0x0000000000004bec                HAL_I2C_DISABLE
 .text.I2C_IT_ENABLE
                0x0000000000004c06       0x12 ./HAL_DRIVER/hal_i2c_ch32.o
                0x0000000000004c06                I2C_IT_ENABLE
 .text.I2C_IT_DISABLE
                0x0000000000004c18       0x16 ./HAL_DRIVER/hal_i2c_ch32.o
                0x0000000000004c18                I2C_IT_DISABLE
 .text.HAL_I2C_STOP
                0x0000000000004c2e       0x14 ./HAL_DRIVER/hal_i2c_ch32.o
                0x0000000000004c2e                HAL_I2C_STOP
 .text.HAL_I2C_START
                0x0000000000004c42       0x14 ./HAL_DRIVER/hal_i2c_ch32.o
                0x0000000000004c42                HAL_I2C_START
 .text.HAL_I2C_SEND
                0x0000000000004c56        0xe ./HAL_DRIVER/hal_i2c_ch32.o
                0x0000000000004c56                HAL_I2C_SEND
 .text.HAL_I2C_SEND_ADDR_TRANS
                0x0000000000004c64       0x12 ./HAL_DRIVER/hal_i2c_ch32.o
                0x0000000000004c64                HAL_I2C_SEND_ADDR_TRANS
 .text.HAL_I2C_SEND_ADDR_RECIEVE
                0x0000000000004c76       0x16 ./HAL_DRIVER/hal_i2c_ch32.o
                0x0000000000004c76                HAL_I2C_SEND_ADDR_RECIEVE
 .text.HAL_I2C_ACK_ENABLE
                0x0000000000004c8c       0x14 ./HAL_DRIVER/hal_i2c_ch32.o
                0x0000000000004c8c                HAL_I2C_ACK_ENABLE
 .text.HAL_I2C_ACK_DISABLE
                0x0000000000004ca0       0x1c ./HAL_DRIVER/hal_i2c_ch32.o
                0x0000000000004ca0                HAL_I2C_ACK_DISABLE
 .text.HAL_I2C_ClearFlag
                0x0000000000004cbc       0x20 ./HAL_DRIVER/hal_i2c_ch32.o
                0x0000000000004cbc                HAL_I2C_ClearFlag
 .text.HAL_I2C_READ_DATA
                0x0000000000004cdc        0xe ./HAL_DRIVER/hal_i2c_ch32.o
                0x0000000000004cdc                HAL_I2C_READ_DATA
 .text.I2C1_EV_IRQHandler
                0x0000000000004cea       0x52 ./HAL_DRIVER/hal_i2c_ch32.o
                0x0000000000004cea                I2C1_EV_IRQHandler
 .text.I2C1_ER_IRQHandler
                0x0000000000004d3c       0x52 ./HAL_DRIVER/hal_i2c_ch32.o
                0x0000000000004d3c                I2C1_ER_IRQHandler
 .text.HAL_InitAPB1
                0x0000000000004d8e       0x1c ./HAL_DRIVER/hal_irq.o
                0x0000000000004d8e                HAL_InitAPB1
 .text.HAL_InitAPB2
                0x0000000000004daa       0x1c ./HAL_DRIVER/hal_irq.o
                0x0000000000004daa                HAL_InitAPB2
 .text.PFIC_IRQ_ENABLE_PG1
                0x0000000000004dc6       0x34 ./HAL_DRIVER/hal_irq.o
                0x0000000000004dc6                PFIC_IRQ_ENABLE_PG1
 .text.RTC_IRQHandler
                0x0000000000004dfa       0x78 ./HAL_DRIVER/hal_rtc_ch32.o
                0x0000000000004dfa                RTC_IRQHandler
 .text.HAL_SPI_RXOveleyClear
                0x0000000000004e72       0x1e ./HAL_DRIVER/hal_spi_ch32.o
                0x0000000000004e72                HAL_SPI_RXOveleyClear
 .text.HAL_SPI_GetBusy
                0x0000000000004e90       0x10 ./HAL_DRIVER/hal_spi_ch32.o
                0x0000000000004e90                HAL_SPI_GetBusy
 .text.HAL_WDTReset
                0x0000000000004ea0        0xe ./HAL_DRIVER/hal_wdt_ch32.o
                0x0000000000004ea0                HAL_WDTReset
 .text.Get_ConversionVal
                0x0000000000004eae       0x2e ./HAL/hal_adc_ch32.o
                0x0000000000004eae                Get_ConversionVal
 .text.HAL_ADC_RegularChannelConfig
                0x0000000000004edc       0x46 ./HAL/hal_adc_ch32.o
                0x0000000000004edc                HAL_ADC_RegularChannelConfig
 .text.HAL_ADC_ContiniusScanCinvertionDMA
                0x0000000000004f22       0xce ./HAL/hal_adc_ch32.o
                0x0000000000004f22                HAL_ADC_ContiniusScanCinvertionDMA
 .text.HAL_ADC_StartDMA
                0x0000000000004ff0       0x42 ./HAL/hal_adc_ch32.o
                0x0000000000004ff0                HAL_ADC_StartDMA
 .text.DMA_IRQ  0x0000000000005032       0x3a ./HAL/hal_dma_ch32.o
 .text.HAL_DMA_Enable
                0x000000000000506c       0x18 ./HAL/hal_dma_ch32.o
                0x000000000000506c                HAL_DMA_Enable
 .text.HAL_DMA_Disable
                0x0000000000005084       0x1a ./HAL/hal_dma_ch32.o
                0x0000000000005084                HAL_DMA_Disable
 .text.HAL_DMAInitIT
                0x000000000000509e       0xa0 ./HAL/hal_dma_ch32.o
                0x000000000000509e                HAL_DMAInitIT
 .text.HAL_DMA_SetCounter
                0x000000000000513e       0x12 ./HAL/hal_dma_ch32.o
                0x000000000000513e                HAL_DMA_SetCounter
 .text.HAL_DMA_ITENABLE
                0x0000000000005150       0x16 ./HAL/hal_dma_ch32.o
                0x0000000000005150                HAL_DMA_ITENABLE
 .text.HAL_DMA_SetCouterAndEnable
                0x0000000000005166       0x1a ./HAL/hal_dma_ch32.o
                0x0000000000005166                HAL_DMA_SetCouterAndEnable
 .text.DMA1_Channel1_IRQHandler
                0x0000000000005180       0x4e ./HAL/hal_dma_ch32.o
                0x0000000000005180                DMA1_Channel1_IRQHandler
 .text.DMA1_Channel3_IRQHandler
                0x00000000000051ce       0x4e ./HAL/hal_dma_ch32.o
                0x00000000000051ce                DMA1_Channel3_IRQHandler
 .text.DMA1_Channel4_IRQHandler
                0x000000000000521c       0x4e ./HAL/hal_dma_ch32.o
                0x000000000000521c                DMA1_Channel4_IRQHandler
 .text.DMA1_Channel5_IRQHandler
                0x000000000000526a       0x4e ./HAL/hal_dma_ch32.o
                0x000000000000526a                DMA1_Channel5_IRQHandler
 .text.DMA1_Channel7_IRQHandler
                0x00000000000052b8       0x4e ./HAL/hal_dma_ch32.o
                0x00000000000052b8                DMA1_Channel7_IRQHandler
 .text.TIM4_IRQHandler
                0x0000000000005306       0x70 ./HAL/hal_timers_ch32.o
                0x0000000000005306                TIM4_IRQHandler
 .text.HAL_TiemrEneblae
                0x0000000000005376       0x16 ./HAL/hal_timers_ch32.o
                0x0000000000005376                HAL_TiemrEneblae
 .text.HAL_TiemrDisable
                0x000000000000538c       0x1c ./HAL/hal_timers_ch32.o
                0x000000000000538c                HAL_TiemrDisable
 .text.HW_TIMER_BaseTimerInit
                0x00000000000053a8       0x54 ./HAL/hal_timers_ch32.o
                0x00000000000053a8                HW_TIMER_BaseTimerInit
 .text.HAL_TIMER_InitIt
                0x00000000000053fc       0x60 ./HAL/hal_timers_ch32.o
                0x00000000000053fc                HAL_TIMER_InitIt
 .text.HAL_TIMER_PWMTimersInit
                0x000000000000545c       0xc2 ./HAL/hal_timers_ch32.o
                0x000000000000545c                HAL_TIMER_PWMTimersInit
 .text.HAL_TimeInitCaptureDMA
                0x000000000000551e       0xec ./HAL/hal_timers_ch32.o
                0x000000000000551e                HAL_TimeInitCaptureDMA
 .text.HAL_TIMER_SetPWMPulse
                0x000000000000560a       0x88 ./HAL/hal_timers_ch32.o
                0x000000000000560a                HAL_TIMER_SetPWMPulse
 .text.HAL_TIMER_EnablePWMCH
                0x0000000000005692       0x1a ./HAL/hal_timers_ch32.o
                0x0000000000005692                HAL_TIMER_EnablePWMCH
 .text.prvInsertBlockIntoFreeList
                0x00000000000056ac       0x4c ./FreeRTOS/portable/MemMang/heap_4.o
 .text.pvPortMalloc
                0x00000000000056f8      0x18a ./FreeRTOS/portable/MemMang/heap_4.o
                0x00000000000056f8                pvPortMalloc
 .text.vPortSetupTimerInterrupt
                0x0000000000005882       0x3e ./FreeRTOS/portable/GCC/RISC-V/port.o
                0x0000000000005882                vPortSetupTimerInterrupt
 .text.xPortStartScheduler
                0x00000000000058c0       0x90 ./FreeRTOS/portable/GCC/RISC-V/port.o
                0x00000000000058c0                xPortStartScheduler
 .text.SysTick_Handler
                0x0000000000005950       0x7c ./FreeRTOS/portable/GCC/RISC-V/port.o
                0x0000000000005950                SysTick_Handler
 .text.vPortEnterCritical
                0x00000000000059cc       0x16 ./FreeRTOS/portable/GCC/RISC-V/port.o
                0x00000000000059cc                vPortEnterCritical
 .text.vPortExitCritical
                0x00000000000059e2       0x42 ./FreeRTOS/portable/GCC/RISC-V/port.o
                0x00000000000059e2                vPortExitCritical
 .text.xPortSetInterruptMask
                0x0000000000005a24        0xc ./FreeRTOS/portable/GCC/RISC-V/port.o
                0x0000000000005a24                xPortSetInterruptMask
 .text.vPortClearInterruptMask
                0x0000000000005a30        0x6 ./FreeRTOS/portable/GCC/RISC-V/port.o
                0x0000000000005a30                vPortClearInterruptMask
 .text.vListInitialise
                0x0000000000005a36       0x14 ./FreeRTOS/list.o
                0x0000000000005a36                vListInitialise
 .text.vListInitialiseItem
                0x0000000000005a4a        0x6 ./FreeRTOS/list.o
                0x0000000000005a4a                vListInitialiseItem
 .text.vListInsertEnd
                0x0000000000005a50       0x18 ./FreeRTOS/list.o
                0x0000000000005a50                vListInsertEnd
 .text.vListInsert
                0x0000000000005a68       0x2e ./FreeRTOS/list.o
                0x0000000000005a68                vListInsert
 .text.uxListRemove
                0x0000000000005a96       0x20 ./FreeRTOS/list.o
                0x0000000000005a96                uxListRemove
 .text.prvIsQueueEmpty
                0x0000000000005ab6       0x1e ./FreeRTOS/queue.o
 .text.prvCopyDataToQueue
                0x0000000000005ad4       0x72 ./FreeRTOS/queue.o
 .text.prvCopyDataFromQueue
                0x0000000000005b46       0x28 ./FreeRTOS/queue.o
 .text.prvUnlockQueue
                0x0000000000005b6e       0x76 ./FreeRTOS/queue.o
 .text.xQueueGenericReset
                0x0000000000005be4       0xc4 ./FreeRTOS/queue.o
                0x0000000000005be4                xQueueGenericReset
 .text.xQueueGenericCreateStatic
                0x0000000000005ca8       0xae ./FreeRTOS/queue.o
                0x0000000000005ca8                xQueueGenericCreateStatic
 .text.xQueueGenericCreate
                0x0000000000005d56       0x72 ./FreeRTOS/queue.o
                0x0000000000005d56                xQueueGenericCreate
 .text.xQueueGenericSend
                0x0000000000005dc8      0x178 ./FreeRTOS/queue.o
                0x0000000000005dc8                xQueueGenericSend
 .text.xQueueGiveMutexRecursive
                0x0000000000005f40       0x56 ./FreeRTOS/queue.o
                0x0000000000005f40                xQueueGiveMutexRecursive
 .text.xQueueCreateMutex
                0x0000000000005f96       0x2e ./FreeRTOS/queue.o
                0x0000000000005f96                xQueueCreateMutex
 .text.xQueueReceive
                0x0000000000005fc4      0x138 ./FreeRTOS/queue.o
                0x0000000000005fc4                xQueueReceive
 .text.xQueueSemaphoreTake
                0x00000000000060fc      0x18e ./FreeRTOS/queue.o
                0x00000000000060fc                xQueueSemaphoreTake
 .text.xQueueTakeMutexRecursive
                0x000000000000628a       0x5a ./FreeRTOS/queue.o
                0x000000000000628a                xQueueTakeMutexRecursive
 .text.uxQueueMessagesWaiting
                0x00000000000062e4       0x44 ./FreeRTOS/queue.o
                0x00000000000062e4                uxQueueMessagesWaiting
 .text.prvIdleTask
                0x0000000000006328        0x2 ./FreeRTOS/tasks.o
 .text.prvAddNewTaskToReadyList
                0x000000000000632a      0x10a ./FreeRTOS/tasks.o
 .text.prvResetNextTaskUnblockTime
                0x0000000000006434       0x20 ./FreeRTOS/tasks.o
 .text.prvTaskIsTaskSuspended
                0x0000000000006454       0x50 ./FreeRTOS/tasks.o
 .text.prvInitialiseNewTask.isra.2
                0x00000000000064a4       0xc8 ./FreeRTOS/tasks.o
 .text.prvAddCurrentTaskToDelayedList
                0x000000000000656c       0xa4 ./FreeRTOS/tasks.o
 .text.xTaskCreateStatic
                0x0000000000006610       0xa6 ./FreeRTOS/tasks.o
                0x0000000000006610                xTaskCreateStatic
 .text.vTaskResume
                0x00000000000066b6       0xa6 ./FreeRTOS/tasks.o
                0x00000000000066b6                vTaskResume
 .text.vTaskStartScheduler
                0x000000000000675c       0x5c ./FreeRTOS/tasks.o
                0x000000000000675c                vTaskStartScheduler
 .text.vTaskSuspendAll
                0x00000000000067b8       0x10 ./FreeRTOS/tasks.o
                0x00000000000067b8                vTaskSuspendAll
 .text.xTaskGetTickCount
                0x00000000000067c8        0x6 ./FreeRTOS/tasks.o
                0x00000000000067c8                xTaskGetTickCount
 .text.xTaskIncrementTick
                0x00000000000067ce      0x194 ./FreeRTOS/tasks.o
                0x00000000000067ce                xTaskIncrementTick
 .text.xTaskResumeAll
                0x0000000000006962      0x154 ./FreeRTOS/tasks.o
                0x0000000000006962                xTaskResumeAll
 .text.vTaskDelay
                0x0000000000006ab6       0x66 ./FreeRTOS/tasks.o
                0x0000000000006ab6                vTaskDelay
 .text.vTaskSwitchContext
                0x0000000000006b1c       0x92 ./FreeRTOS/tasks.o
                0x0000000000006b1c                vTaskSwitchContext
 .text.vTaskSuspend
                0x0000000000006bae       0xea ./FreeRTOS/tasks.o
                0x0000000000006bae                vTaskSuspend
 .text.vTaskPlaceOnEventList
                0x0000000000006c98       0x48 ./FreeRTOS/tasks.o
                0x0000000000006c98                vTaskPlaceOnEventList
 .text.xTaskRemoveFromEventList
                0x0000000000006ce0       0xe4 ./FreeRTOS/tasks.o
                0x0000000000006ce0                xTaskRemoveFromEventList
 .text.vTaskInternalSetTimeOutState
                0x0000000000006dc4        0xe ./FreeRTOS/tasks.o
                0x0000000000006dc4                vTaskInternalSetTimeOutState
 .text.xTaskCheckForTimeOut
                0x0000000000006dd2       0xaa ./FreeRTOS/tasks.o
                0x0000000000006dd2                xTaskCheckForTimeOut
 .text.vTaskMissedYield
                0x0000000000006e7c        0x8 ./FreeRTOS/tasks.o
                0x0000000000006e7c                vTaskMissedYield
 .text.xTaskGetCurrentTaskHandle
                0x0000000000006e84        0xa ./FreeRTOS/tasks.o
                0x0000000000006e84                xTaskGetCurrentTaskHandle
 .text.xTaskPriorityInherit
                0x0000000000006e8e       0xaa ./FreeRTOS/tasks.o
                0x0000000000006e8e                xTaskPriorityInherit
 .text.xTaskPriorityDisinherit
                0x0000000000006f38       0xc6 ./FreeRTOS/tasks.o
                0x0000000000006f38                xTaskPriorityDisinherit
 .text.vTaskPriorityDisinheritAfterTimeout
                0x0000000000006ffe       0xe2 ./FreeRTOS/tasks.o
                0x0000000000006ffe                vTaskPriorityDisinheritAfterTimeout
 .text.pvTaskIncrementMutexHeldCount
                0x00000000000070e0       0x1c ./FreeRTOS/tasks.o
                0x00000000000070e0                pvTaskIncrementMutexHeldCount
 .text.ulTaskGenericNotifyTake
                0x00000000000070fc       0xb8 ./FreeRTOS/tasks.o
                0x00000000000070fc                ulTaskGenericNotifyTake
 .text.xTaskGenericNotifyWait
                0x00000000000071b4       0xe6 ./FreeRTOS/tasks.o
                0x00000000000071b4                xTaskGenericNotifyWait
 .text.xTaskGenericNotifyFromISR
                0x000000000000729a      0x1e8 ./FreeRTOS/tasks.o
                0x000000000000729a                xTaskGenericNotifyFromISR
 .text.Delay_Init
                0x0000000000007482       0x2a ./Debug/debug.o
                0x0000000000007482                Delay_Init
 .text.Delay_Ms
                0x00000000000074ac       0x36 ./Debug/debug.o
                0x00000000000074ac                Delay_Ms
 .text.USART_Printf_Init
                0x00000000000074e2       0x5a ./Debug/debug.o
                0x00000000000074e2                USART_Printf_Init
 .text._write   0x000000000000753c       0x3e ./Debug/debug.o
                0x000000000000753c                _write
 .text._sbrk    0x000000000000757a       0x2a ./Debug/debug.o
                0x000000000000757a                _sbrk
 .text.__get_MEPC
                0x00000000000075a4        0x6 ./Core/core_riscv.o
                0x00000000000075a4                __get_MEPC
 .text.__get_MCAUSE
                0x00000000000075aa        0x6 ./Core/core_riscv.o
                0x00000000000075aa                __get_MCAUSE
 .text.__get_MTVAL
                0x00000000000075b0        0x6 ./Core/core_riscv.o
                0x00000000000075b0                __get_MTVAL
 .text.prv_read_can_received_msg
                0x00000000000075b6       0x50 ./CANopenNode/keypad/CO_driver_ST32F103.o
                0x00000000000075b6                prv_read_can_received_msg
 .text.prv_send_can_message.isra.0
                0x0000000000007606       0x2c ./CANopenNode/keypad/CO_driver_ST32F103.o
 .text.CAN_SendMessage
                0x0000000000007632       0x66 ./CANopenNode/keypad/CO_driver_ST32F103.o
                0x0000000000007632                CAN_SendMessage
 .text.co_drv_create_os_objects
                0x0000000000007698       0x30 ./CANopenNode/keypad/CO_driver_ST32F103.o
                0x0000000000007698                co_drv_create_os_objects
 .text.co_drv_mutex_lock
                0x00000000000076c8       0x18 ./CANopenNode/keypad/CO_driver_ST32F103.o
                0x00000000000076c8                co_drv_mutex_lock
 .text.co_drv_mutex_unlock
                0x00000000000076e0       0x16 ./CANopenNode/keypad/CO_driver_ST32F103.o
                0x00000000000076e0                co_drv_mutex_unlock
 .text.CO_CANsetConfigurationMode
                0x00000000000076f6       0x10 ./CANopenNode/keypad/CO_driver_ST32F103.o
                0x00000000000076f6                CO_CANsetConfigurationMode
 .text.CO_CANsetNormalMode
                0x0000000000007706       0x1c ./CANopenNode/keypad/CO_driver_ST32F103.o
                0x0000000000007706                CO_CANsetNormalMode
 .text.CO_CANmodule_init
                0x0000000000007722      0x110 ./CANopenNode/keypad/CO_driver_ST32F103.o
                0x0000000000007722                CO_CANmodule_init
 .text.CO_CANmodule_disable
                0x0000000000007832       0x14 ./CANopenNode/keypad/CO_driver_ST32F103.o
                0x0000000000007832                CO_CANmodule_disable
 .text.CO_CANrxBufferInit
                0x0000000000007846       0x52 ./CANopenNode/keypad/CO_driver_ST32F103.o
                0x0000000000007846                CO_CANrxBufferInit
 .text.CO_CANtxBufferInit
                0x0000000000007898       0x3a ./CANopenNode/keypad/CO_driver_ST32F103.o
                0x0000000000007898                CO_CANtxBufferInit
 .text.CO_CANmodule_process
                0x00000000000078d2       0x12 ./CANopenNode/keypad/CO_driver_ST32F103.o
                0x00000000000078d2                CO_CANmodule_process
 .text.CO_CANsend
                0x00000000000078e4       0x46 ./CANopenNode/keypad/CO_driver_ST32F103.o
                0x00000000000078e4                CO_CANsend
 .text.CO_LSSslave_receive
                0x000000000000792a      0x1a8 ./CANopenNode/305/CO_LSSslave.o
 .text.CO_LSSslave_init
                0x0000000000007ad2       0xa4 ./CANopenNode/305/CO_LSSslave.o
                0x0000000000007ad2                CO_LSSslave_init
 .text.CO_LSSslave_process
                0x0000000000007b76      0x1a2 ./CANopenNode/305/CO_LSSslave.o
                0x0000000000007b76                CO_LSSslave_process
 .text.OD_write_1003
                0x0000000000007d18       0x28 ./CANopenNode/301/CO_Emergency.o
 .text.OD_read_1003
                0x0000000000007d40       0x8c ./CANopenNode/301/CO_Emergency.o
 .text.OD_read_1014_default
                0x0000000000007dcc       0x50 ./CANopenNode/301/CO_Emergency.o
 .text.CO_EM_init
                0x0000000000007e1c      0x112 ./CANopenNode/301/CO_Emergency.o
                0x0000000000007e1c                CO_EM_init
 .text.CO_error
                0x0000000000007f2e       0xc4 ./CANopenNode/301/CO_Emergency.o
                0x0000000000007f2e                CO_error
 .text.CO_EM_process
                0x0000000000007ff2      0x182 ./CANopenNode/301/CO_Emergency.o
                0x0000000000007ff2                CO_EM_process
 .text.CO_NMT_receive
                0x0000000000008174       0x18 ./CANopenNode/301/CO_NMT_Heartbeat.o
 .text.OD_write_1017
                0x000000000000818c       0x48 ./CANopenNode/301/CO_NMT_Heartbeat.o
 .text.CO_NMT_init
                0x00000000000081d4       0xec ./CANopenNode/301/CO_NMT_Heartbeat.o
                0x00000000000081d4                CO_NMT_init
 .text.CO_NMT_process
                0x00000000000082c0      0x106 ./CANopenNode/301/CO_NMT_Heartbeat.o
                0x00000000000082c0                CO_NMT_process
 .text.OD_readDisabled
                0x00000000000083c6        0x4 ./CANopenNode/301/CO_ODinterface.o
 .text.OD_readOriginal
                0x00000000000083ca       0x50 ./CANopenNode/301/CO_ODinterface.o
                0x00000000000083ca                OD_readOriginal
 .text.OD_writeOriginal
                0x000000000000841a       0x54 ./CANopenNode/301/CO_ODinterface.o
                0x000000000000841a                OD_writeOriginal
 .text.OD_writeDisabled
                0x000000000000846e        0x4 ./CANopenNode/301/CO_ODinterface.o
 .text.OD_find  0x0000000000008472       0x70 ./CANopenNode/301/CO_ODinterface.o
                0x0000000000008472                OD_find
 .text.OD_getSub
                0x00000000000084e2       0xf6 ./CANopenNode/301/CO_ODinterface.o
                0x00000000000084e2                OD_getSub
 .text.OD_getSDOabCode
                0x00000000000085d8       0x20 ./CANopenNode/301/CO_ODinterface.o
                0x00000000000085d8                OD_getSDOabCode
 .text.OD_get_value
                0x00000000000085f8       0x34 ./CANopenNode/301/CO_ODinterface.o
                0x00000000000085f8                OD_get_value
 .text.OD_set_value
                0x000000000000862c       0x2e ./CANopenNode/301/CO_ODinterface.o
                0x000000000000862c                OD_set_value
 .text.OD_getPtr
                0x000000000000865a       0x3c ./CANopenNode/301/CO_ODinterface.o
                0x000000000000865a                OD_getPtr
 .text.OD_write_dummy
                0x0000000000008696        0x8 ./CANopenNode/301/CO_PDO.o
 .text.OD_read_dummy
                0x000000000000869e       0x2e ./CANopenNode/301/CO_PDO.o
 .text.PDOconfigMap
                0x00000000000086cc      0x100 ./CANopenNode/301/CO_PDO.o
 .text.CO_PDO_receive
                0x00000000000087cc       0x48 ./CANopenNode/301/CO_PDO.o
 .text.OD_read_PDO_commParam
                0x0000000000008814       0x70 ./CANopenNode/301/CO_PDO.o
 .text.PDO_initMapping.constprop.3
                0x0000000000008884       0xe6 ./CANopenNode/301/CO_PDO.o
 .text.OD_write_PDO_mapping
                0x000000000000896a       0xb4 ./CANopenNode/301/CO_PDO.o
 .text.OD_write_18xx
                0x0000000000008a1e      0x184 ./CANopenNode/301/CO_PDO.o
 .text.OD_write_14xx
                0x0000000000008ba2      0x15a ./CANopenNode/301/CO_PDO.o
 .text.CO_RPDO_init
                0x0000000000008cfc      0x172 ./CANopenNode/301/CO_PDO.o
                0x0000000000008cfc                CO_RPDO_init
 .text.CO_RPDO_process
                0x0000000000008e6e      0x114 ./CANopenNode/301/CO_PDO.o
                0x0000000000008e6e                CO_RPDO_process
 .text.CO_TPDO_init
                0x0000000000008f82      0x1d2 ./CANopenNode/301/CO_PDO.o
                0x0000000000008f82                CO_TPDO_init
 .text.CO_TPDO_process
                0x0000000000009154      0x15e ./CANopenNode/301/CO_PDO.o
                0x0000000000009154                CO_TPDO_process
 .text.CO_SDOserver_init_canRxTx
                0x00000000000092b2       0x82 ./CANopenNode/301/CO_SDOserver.o
 .text.CO_SDO_receive
                0x0000000000009334       0x38 ./CANopenNode/301/CO_SDOserver.o
 .text.readFromOd.isra.1.constprop.5
                0x000000000000936c       0xe2 ./CANopenNode/301/CO_SDOserver.o
 .text.OD_write_1201_additional
                0x000000000000944e      0x158 ./CANopenNode/301/CO_SDOserver.o
 .text.CO_SDOserver_init
                0x00000000000095a6      0x172 ./CANopenNode/301/CO_SDOserver.o
                0x00000000000095a6                CO_SDOserver_init
 .text.CO_SDOserver_process
                0x0000000000009718      0x5e8 ./CANopenNode/301/CO_SDOserver.o
                0x0000000000009718                CO_SDOserver_process
 .text.CO_delete
                0x0000000000009d00       0x56 ./CANopenNode/CANopen.o
                0x0000000000009d00                CO_delete
 .text.CO_new   0x0000000000009d56      0x102 ./CANopenNode/CANopen.o
                0x0000000000009d56                CO_new
 .text.CO_CANinit
                0x0000000000009e58       0x36 ./CANopenNode/CANopen.o
                0x0000000000009e58                CO_CANinit
 .text.CO_LSSinit
                0x0000000000009e8e       0x32 ./CANopenNode/CANopen.o
                0x0000000000009e8e                CO_LSSinit
 .text.CO_CANopenInit
                0x0000000000009ec0       0xb8 ./CANopenNode/CANopen.o
                0x0000000000009ec0                CO_CANopenInit
 .text.CO_CANopenInitPDO
                0x0000000000009f78       0xea ./CANopenNode/CANopen.o
                0x0000000000009f78                CO_CANopenInitPDO
 .text.CO_process
                0x000000000000a062       0x7e ./CANopenNode/CANopen.o
                0x000000000000a062                CO_process
 .text.CO_process_RPDO
                0x000000000000a0e0       0x40 ./CANopenNode/CANopen.o
                0x000000000000a0e0                CO_process_RPDO
 .text.CO_process_TPDO
                0x000000000000a120       0x40 ./CANopenNode/CANopen.o
                0x000000000000a120                CO_process_TPDO
 .text.__muldf3
                0x000000000000a160      0x4b8 c:/mounriver/mounriver_studio/toolchain/risc-v embedded gcc/bin/../lib/gcc/riscv-none-embed/8.2.0/rv32imacxw/ilp32\libgcc.a(muldf3.o)
                0x000000000000a160                __muldf3
 .text.__floatunsidf
                0x000000000000a618       0x68 c:/mounriver/mounriver_studio/toolchain/risc-v embedded gcc/bin/../lib/gcc/riscv-none-embed/8.2.0/rv32imacxw/ilp32\libgcc.a(floatunsidf.o)
                0x000000000000a618                __floatunsidf
 .text.__addsf3
                0x000000000000a680      0x36a c:/mounriver/mounriver_studio/toolchain/risc-v embedded gcc/bin/../lib/gcc/riscv-none-embed/8.2.0/rv32imacxw/ilp32\libgcc.a(addsf3.o)
                0x000000000000a680                __addsf3
 .text.__divsf3
                0x000000000000a9ea      0x2b2 c:/mounriver/mounriver_studio/toolchain/risc-v embedded gcc/bin/../lib/gcc/riscv-none-embed/8.2.0/rv32imacxw/ilp32\libgcc.a(divsf3.o)
                0x000000000000a9ea                __divsf3
 .text.__gesf2  0x000000000000ac9c       0x86 c:/mounriver/mounriver_studio/toolchain/risc-v embedded gcc/bin/../lib/gcc/riscv-none-embed/8.2.0/rv32imacxw/ilp32\libgcc.a(gesf2.o)
                0x000000000000ac9c                __gesf2
                0x000000000000ac9c                __gtsf2
 .text.__lesf2  0x000000000000ad22       0x8c c:/mounriver/mounriver_studio/toolchain/risc-v embedded gcc/bin/../lib/gcc/riscv-none-embed/8.2.0/rv32imacxw/ilp32\libgcc.a(lesf2.o)
                0x000000000000ad22                __ltsf2
                0x000000000000ad22                __lesf2
 .text.__mulsf3
                0x000000000000adae      0x294 c:/mounriver/mounriver_studio/toolchain/risc-v embedded gcc/bin/../lib/gcc/riscv-none-embed/8.2.0/rv32imacxw/ilp32\libgcc.a(mulsf3.o)
                0x000000000000adae                __mulsf3
 .text.__subsf3
                0x000000000000b042      0x388 c:/mounriver/mounriver_studio/toolchain/risc-v embedded gcc/bin/../lib/gcc/riscv-none-embed/8.2.0/rv32imacxw/ilp32\libgcc.a(subsf3.o)
                0x000000000000b042                __subsf3
 .text.__fixsfsi
                0x000000000000b3ca       0x62 c:/mounriver/mounriver_studio/toolchain/risc-v embedded gcc/bin/../lib/gcc/riscv-none-embed/8.2.0/rv32imacxw/ilp32\libgcc.a(fixsfsi.o)
                0x000000000000b3ca                __fixsfsi
 .text.__fixunssfsi
                0x000000000000b42c       0x56 c:/mounriver/mounriver_studio/toolchain/risc-v embedded gcc/bin/../lib/gcc/riscv-none-embed/8.2.0/rv32imacxw/ilp32\libgcc.a(fixunssfsi.o)
                0x000000000000b42c                __fixunssfsi
 .text.__floatsisf
                0x000000000000b482       0xc6 c:/mounriver/mounriver_studio/toolchain/risc-v embedded gcc/bin/../lib/gcc/riscv-none-embed/8.2.0/rv32imacxw/ilp32\libgcc.a(floatsisf.o)
                0x000000000000b482                __floatsisf
 .text.__floatunsisf
                0x000000000000b548       0xce c:/mounriver/mounriver_studio/toolchain/risc-v embedded gcc/bin/../lib/gcc/riscv-none-embed/8.2.0/rv32imacxw/ilp32\libgcc.a(floatunsisf.o)
                0x000000000000b548                __floatunsisf
 .text.__truncdfsf2
                0x000000000000b616      0x16a c:/mounriver/mounriver_studio/toolchain/risc-v embedded gcc/bin/../lib/gcc/riscv-none-embed/8.2.0/rv32imacxw/ilp32\libgcc.a(truncdfsf2.o)
                0x000000000000b616                __truncdfsf2
 .text.__clzsi2
                0x000000000000b780       0x6e c:/mounriver/mounriver_studio/toolchain/risc-v embedded gcc/bin/../lib/gcc/riscv-none-embed/8.2.0/rv32imacxw/ilp32\libgcc.a(_clzsi2.o)
                0x000000000000b780                __clzsi2
 .text.calloc   0x000000000000b7ee        0xc c:/mounriver/mounriver_studio/toolchain/risc-v embedded gcc/bin/../lib/gcc/riscv-none-embed/8.2.0/../../../../riscv-none-embed/lib/rv32imacxw/ilp32\libg_nano.a(lib_a-calloc.o)
                0x000000000000b7ee                calloc
 .text.free     0x000000000000b7fa        0xa c:/mounriver/mounriver_studio/toolchain/risc-v embedded gcc/bin/../lib/gcc/riscv-none-embed/8.2.0/../../../../riscv-none-embed/lib/rv32imacxw/ilp32\libg_nano.a(lib_a-malloc.o)
                0x000000000000b7fa                free
 .text.memcpy   0x000000000000b804       0xb2 c:/mounriver/mounriver_studio/toolchain/risc-v embedded gcc/bin/../lib/gcc/riscv-none-embed/8.2.0/../../../../riscv-none-embed/lib/rv32imacxw/ilp32\libg_nano.a(lib_a-memcpy.o)
                0x000000000000b804                memcpy
 .text.memmove  0x000000000000b8b6       0x46 c:/mounriver/mounriver_studio/toolchain/risc-v embedded gcc/bin/../lib/gcc/riscv-none-embed/8.2.0/../../../../riscv-none-embed/lib/rv32imacxw/ilp32\libg_nano.a(lib_a-memmove.o)
                0x000000000000b8b6                memmove
 .text._calloc_r
                0x000000000000b8fc       0x26 c:/mounriver/mounriver_studio/toolchain/risc-v embedded gcc/bin/../lib/gcc/riscv-none-embed/8.2.0/../../../../riscv-none-embed/lib/rv32imacxw/ilp32\libg_nano.a(lib_a-nano-callocr.o)
                0x000000000000b8fc                _calloc_r
 .text._free_r  0x000000000000b922       0xa8 c:/mounriver/mounriver_studio/toolchain/risc-v embedded gcc/bin/../lib/gcc/riscv-none-embed/8.2.0/../../../../riscv-none-embed/lib/rv32imacxw/ilp32\libg_nano.a(lib_a-nano-freer.o)
                0x000000000000b922                _free_r
 .text._malloc_r
                0x000000000000b9ca       0xd4 c:/mounriver/mounriver_studio/toolchain/risc-v embedded gcc/bin/../lib/gcc/riscv-none-embed/8.2.0/../../../../riscv-none-embed/lib/rv32imacxw/ilp32\libg_nano.a(lib_a-nano-mallocr.o)
                0x000000000000b9ca                _malloc_r
 .text.printf   0x000000000000ba9e       0x40 c:/mounriver/mounriver_studio/toolchain/risc-v embedded gcc/bin/../lib/gcc/riscv-none-embed/8.2.0/../../../../riscv-none-embed/lib/rv32imacxw/ilp32\libg_nano.a(lib_a-printf.o)
                0x000000000000ba9e                iprintf
                0x000000000000ba9e                printf
 .text._puts_r  0x000000000000bade       0xd4 c:/mounriver/mounriver_studio/toolchain/risc-v embedded gcc/bin/../lib/gcc/riscv-none-embed/8.2.0/../../../../riscv-none-embed/lib/rv32imacxw/ilp32\libg_nano.a(lib_a-puts.o)
                0x000000000000bade                _puts_r
 .text.puts     0x000000000000bbb2        0xc c:/mounriver/mounriver_studio/toolchain/risc-v embedded gcc/bin/../lib/gcc/riscv-none-embed/8.2.0/../../../../riscv-none-embed/lib/rv32imacxw/ilp32\libg_nano.a(lib_a-puts.o)
                0x000000000000bbb2                puts
 .text._sbrk_r  0x000000000000bbbe       0x32 c:/mounriver/mounriver_studio/toolchain/risc-v embedded gcc/bin/../lib/gcc/riscv-none-embed/8.2.0/../../../../riscv-none-embed/lib/rv32imacxw/ilp32\libg_nano.a(lib_a-sbrkr.o)
                0x000000000000bbbe                _sbrk_r
 .text.strlen   0x000000000000bbf0       0x12 c:/mounriver/mounriver_studio/toolchain/risc-v embedded gcc/bin/../lib/gcc/riscv-none-embed/8.2.0/../../../../riscv-none-embed/lib/rv32imacxw/ilp32\libg_nano.a(lib_a-strlen.o)
                0x000000000000bbf0                strlen
 .text.__swbuf_r
                0x000000000000bc02       0xbc c:/mounriver/mounriver_studio/toolchain/risc-v embedded gcc/bin/../lib/gcc/riscv-none-embed/8.2.0/../../../../riscv-none-embed/lib/rv32imacxw/ilp32\libg_nano.a(lib_a-wbuf.o)
                0x000000000000bc02                __swbuf_r
 .text.__swsetup_r
                0x000000000000bcbe       0xfe c:/mounriver/mounriver_studio/toolchain/risc-v embedded gcc/bin/../lib/gcc/riscv-none-embed/8.2.0/../../../../riscv-none-embed/lib/rv32imacxw/ilp32\libg_nano.a(lib_a-wsetup.o)
                0x000000000000bcbe                __swsetup_r
 .text.__sflush_r
                0x000000000000bdbc      0x132 c:/mounriver/mounriver_studio/toolchain/risc-v embedded gcc/bin/../lib/gcc/riscv-none-embed/8.2.0/../../../../riscv-none-embed/lib/rv32imacxw/ilp32\libg_nano.a(lib_a-fflush.o)
                0x000000000000bdbc                __sflush_r
 .text._fflush_r
                0x000000000000beee       0x66 c:/mounriver/mounriver_studio/toolchain/risc-v embedded gcc/bin/../lib/gcc/riscv-none-embed/8.2.0/../../../../riscv-none-embed/lib/rv32imacxw/ilp32\libg_nano.a(lib_a-fflush.o)
                0x000000000000beee                _fflush_r
 .text.std      0x000000000000bf54       0x66 c:/mounriver/mounriver_studio/toolchain/risc-v embedded gcc/bin/../lib/gcc/riscv-none-embed/8.2.0/../../../../riscv-none-embed/lib/rv32imacxw/ilp32\libg_nano.a(lib_a-findfp.o)
 .text._cleanup_r
                0x000000000000bfba        0xa c:/mounriver/mounriver_studio/toolchain/risc-v embedded gcc/bin/../lib/gcc/riscv-none-embed/8.2.0/../../../../riscv-none-embed/lib/rv32imacxw/ilp32\libg_nano.a(lib_a-findfp.o)
                0x000000000000bfba                _cleanup_r
 .text.__sfmoreglue
                0x000000000000bfc4       0x48 c:/mounriver/mounriver_studio/toolchain/risc-v embedded gcc/bin/../lib/gcc/riscv-none-embed/8.2.0/../../../../riscv-none-embed/lib/rv32imacxw/ilp32\libg_nano.a(lib_a-findfp.o)
                0x000000000000bfc4                __sfmoreglue
 .text.__sinit  0x000000000000c00c       0x6c c:/mounriver/mounriver_studio/toolchain/risc-v embedded gcc/bin/../lib/gcc/riscv-none-embed/8.2.0/../../../../riscv-none-embed/lib/rv32imacxw/ilp32\libg_nano.a(lib_a-findfp.o)
                0x000000000000c00c                __sinit
 .text.__sfp    0x000000000000c078       0xa0 c:/mounriver/mounriver_studio/toolchain/risc-v embedded gcc/bin/../lib/gcc/riscv-none-embed/8.2.0/../../../../riscv-none-embed/lib/rv32imacxw/ilp32\libg_nano.a(lib_a-findfp.o)
                0x000000000000c078                __sfp
 .text._fwalk_reent
                0x000000000000c118       0x6a c:/mounriver/mounriver_studio/toolchain/risc-v embedded gcc/bin/../lib/gcc/riscv-none-embed/8.2.0/../../../../riscv-none-embed/lib/rv32imacxw/ilp32\libg_nano.a(lib_a-fwalk.o)
                0x000000000000c118                _fwalk_reent
 .text.__swhatbuf_r
                0x000000000000c182       0x58 c:/mounriver/mounriver_studio/toolchain/risc-v embedded gcc/bin/../lib/gcc/riscv-none-embed/8.2.0/../../../../riscv-none-embed/lib/rv32imacxw/ilp32\libg_nano.a(lib_a-makebuf.o)
                0x000000000000c182                __swhatbuf_r
 .text.__smakebuf_r
                0x000000000000c1da       0x94 c:/mounriver/mounriver_studio/toolchain/risc-v embedded gcc/bin/../lib/gcc/riscv-none-embed/8.2.0/../../../../riscv-none-embed/lib/rv32imacxw/ilp32\libg_nano.a(lib_a-makebuf.o)
                0x000000000000c1da                __smakebuf_r
 .text.__malloc_lock
                0x000000000000c26e        0x2 c:/mounriver/mounriver_studio/toolchain/risc-v embedded gcc/bin/../lib/gcc/riscv-none-embed/8.2.0/../../../../riscv-none-embed/lib/rv32imacxw/ilp32\libg_nano.a(lib_a-mlock.o)
                0x000000000000c26e                __malloc_lock
 .text.__malloc_unlock
                0x000000000000c270        0x2 c:/mounriver/mounriver_studio/toolchain/risc-v embedded gcc/bin/../lib/gcc/riscv-none-embed/8.2.0/../../../../riscv-none-embed/lib/rv32imacxw/ilp32\libg_nano.a(lib_a-mlock.o)
                0x000000000000c270                __malloc_unlock
 .text.__sfputc_r
                0x000000000000c272       0x28 c:/mounriver/mounriver_studio/toolchain/risc-v embedded gcc/bin/../lib/gcc/riscv-none-embed/8.2.0/../../../../riscv-none-embed/lib/rv32imacxw/ilp32\libg_nano.a(lib_a-nano-vfprintf.o)
 .text.__sfputs_r
                0x000000000000c29a       0x42 c:/mounriver/mounriver_studio/toolchain/risc-v embedded gcc/bin/../lib/gcc/riscv-none-embed/8.2.0/../../../../riscv-none-embed/lib/rv32imacxw/ilp32\libg_nano.a(lib_a-nano-vfprintf.o)
                0x000000000000c29a                __sfputs_r
 .text._vfprintf_r
                0x000000000000c2dc      0x288 c:/mounriver/mounriver_studio/toolchain/risc-v embedded gcc/bin/../lib/gcc/riscv-none-embed/8.2.0/../../../../riscv-none-embed/lib/rv32imacxw/ilp32\libg_nano.a(lib_a-nano-vfprintf.o)
                0x000000000000c2dc                _vfprintf_r
                0x000000000000c2dc                _vfiprintf_r
 .text._printf_common
                0x000000000000c564      0x10c c:/mounriver/mounriver_studio/toolchain/risc-v embedded gcc/bin/../lib/gcc/riscv-none-embed/8.2.0/../../../../riscv-none-embed/lib/rv32imacxw/ilp32\libg_nano.a(lib_a-nano-vfprintf_i.o)
                0x000000000000c564                _printf_common
 .text._printf_i
                0x000000000000c670      0x2a2 c:/mounriver/mounriver_studio/toolchain/risc-v embedded gcc/bin/../lib/gcc/riscv-none-embed/8.2.0/../../../../riscv-none-embed/lib/rv32imacxw/ilp32\libg_nano.a(lib_a-nano-vfprintf_i.o)
                0x000000000000c670                _printf_i
 .text.__sread  0x000000000000c912       0x2c c:/mounriver/mounriver_studio/toolchain/risc-v embedded gcc/bin/../lib/gcc/riscv-none-embed/8.2.0/../../../../riscv-none-embed/lib/rv32imacxw/ilp32\libg_nano.a(lib_a-stdio.o)
                0x000000000000c912                __sread
 .text.__swrite
                0x000000000000c93e       0x48 c:/mounriver/mounriver_studio/toolchain/risc-v embedded gcc/bin/../lib/gcc/riscv-none-embed/8.2.0/../../../../riscv-none-embed/lib/rv32imacxw/ilp32\libg_nano.a(lib_a-stdio.o)
                0x000000000000c93e                __swrite
 .text.__sseek  0x000000000000c986       0x30 c:/mounriver/mounriver_studio/toolchain/risc-v embedded gcc/bin/../lib/gcc/riscv-none-embed/8.2.0/../../../../riscv-none-embed/lib/rv32imacxw/ilp32\libg_nano.a(lib_a-stdio.o)
                0x000000000000c986                __sseek
 .text.__sclose
                0x000000000000c9b6        0x6 c:/mounriver/mounriver_studio/toolchain/risc-v embedded gcc/bin/../lib/gcc/riscv-none-embed/8.2.0/../../../../riscv-none-embed/lib/rv32imacxw/ilp32\libg_nano.a(lib_a-stdio.o)
                0x000000000000c9b6                __sclose
 .text._write_r
                0x000000000000c9bc       0x36 c:/mounriver/mounriver_studio/toolchain/risc-v embedded gcc/bin/../lib/gcc/riscv-none-embed/8.2.0/../../../../riscv-none-embed/lib/rv32imacxw/ilp32\libg_nano.a(lib_a-writer.o)
                0x000000000000c9bc                _write_r
 .text._close_r
                0x000000000000c9f2       0x30 c:/mounriver/mounriver_studio/toolchain/risc-v embedded gcc/bin/../lib/gcc/riscv-none-embed/8.2.0/../../../../riscv-none-embed/lib/rv32imacxw/ilp32\libg_nano.a(lib_a-closer.o)
                0x000000000000c9f2                _close_r
 .text._fstat_r
                0x000000000000ca22       0x32 c:/mounriver/mounriver_studio/toolchain/risc-v embedded gcc/bin/../lib/gcc/riscv-none-embed/8.2.0/../../../../riscv-none-embed/lib/rv32imacxw/ilp32\libg_nano.a(lib_a-fstatr.o)
                0x000000000000ca22                _fstat_r
 .text._isatty_r
                0x000000000000ca54       0x30 c:/mounriver/mounriver_studio/toolchain/risc-v embedded gcc/bin/../lib/gcc/riscv-none-embed/8.2.0/../../../../riscv-none-embed/lib/rv32imacxw/ilp32\libg_nano.a(lib_a-isattyr.o)
                0x000000000000ca54                _isatty_r
 .text._lseek_r
                0x000000000000ca84       0x34 c:/mounriver/mounriver_studio/toolchain/risc-v embedded gcc/bin/../lib/gcc/riscv-none-embed/8.2.0/../../../../riscv-none-embed/lib/rv32imacxw/ilp32\libg_nano.a(lib_a-lseekr.o)
                0x000000000000ca84                _lseek_r
 .text.memchr   0x000000000000cab8       0x18 c:/mounriver/mounriver_studio/toolchain/risc-v embedded gcc/bin/../lib/gcc/riscv-none-embed/8.2.0/../../../../riscv-none-embed/lib/rv32imacxw/ilp32\libg_nano.a(lib_a-memchr.o)
                0x000000000000cab8                memchr
 .text._read_r  0x000000000000cad0       0x34 c:/mounriver/mounriver_studio/toolchain/risc-v embedded gcc/bin/../lib/gcc/riscv-none-embed/8.2.0/../../../../riscv-none-embed/lib/rv32imacxw/ilp32\libg_nano.a(lib_a-readr.o)
                0x000000000000cad0                _read_r
 .text._close   0x000000000000cb04       0x10 c:/mounriver/mounriver_studio/toolchain/risc-v embedded gcc/bin/../lib/gcc/riscv-none-embed/8.2.0/../../../../riscv-none-embed/lib/rv32imacxw/ilp32\libnosys.a(close.o)
                0x000000000000cb04                _close
 .text._fstat   0x000000000000cb14       0x10 c:/mounriver/mounriver_studio/toolchain/risc-v embedded gcc/bin/../lib/gcc/riscv-none-embed/8.2.0/../../../../riscv-none-embed/lib/rv32imacxw/ilp32\libnosys.a(fstat.o)
                0x000000000000cb14                _fstat
 .text._isatty  0x000000000000cb24       0x10 c:/mounriver/mounriver_studio/toolchain/risc-v embedded gcc/bin/../lib/gcc/riscv-none-embed/8.2.0/../../../../riscv-none-embed/lib/rv32imacxw/ilp32\libnosys.a(isatty.o)
                0x000000000000cb24                _isatty
 .text._lseek   0x000000000000cb34       0x10 c:/mounriver/mounriver_studio/toolchain/risc-v embedded gcc/bin/../lib/gcc/riscv-none-embed/8.2.0/../../../../riscv-none-embed/lib/rv32imacxw/ilp32\libnosys.a(lseek.o)
                0x000000000000cb34                _lseek
 .text._read    0x000000000000cb44       0x10 c:/mounriver/mounriver_studio/toolchain/risc-v embedded gcc/bin/../lib/gcc/riscv-none-embed/8.2.0/../../../../riscv-none-embed/lib/rv32imacxw/ilp32\libnosys.a(read.o)
                0x000000000000cb44                _read
 *(.rodata)
 *(.rodata*)
 *fill*         0x000000000000cb54        0x0 
 .rodata.bitrate_table
                0x000000000000cb54       0x10 ./User/DataModel.o
 .rodata.vIncrementSystemCounters.cst4
                0x000000000000cb64        0x8 ./User/DataModel.o
 .rodata.HardFault_Handler.str1.4
                0x000000000000cb6c       0x42 ./User/ch32v20x_it.o
 *fill*         0x000000000000cbae        0x2 
 .rodata.getODValue
                0x000000000000cbb0       0x74 ./User/dash_draw.o
 .rodata.MenuStateCross
                0x000000000000cc24       0x1c ./User/dash_draw.o
 .rodata.dm     0x000000000000cc40       0x3f ./User/dash_draw.o
 *fill*         0x000000000000cc7f        0x1 
 .rodata.getODValue.cst4
                0x000000000000cc80        0x4 ./User/dash_draw.o
                                          0x8 (size before relaxing)
 .rodata.vBarColorMode.cst4
                0x000000000000cc84        0x4 ./User/dash_draw.o
 .rodata.ADC_FSM.cst4
                0x000000000000cc88       0x10 ./User/inputs.o
                                         0x14 (size before relaxing)
 *fill*         0x000000000000cc98        0x0 
 .rodata.ADC_FSM.cst8
                0x000000000000cc98       0x18 ./User/inputs.o
 .rodata.vInputsTask.cst4
                0x000000000000ccb0        0xc ./User/inputs.o
 .rodata.vInputsTask.str1.4
                0x000000000000ccbc       0x11 ./User/inputs.o
 *fill*         0x000000000000cccd        0x3 
 .rodata.SetSegDirect
                0x000000000000ccd0       0x1c ./User/led.o
 .rodata.Brigth
                0x000000000000ccec       0x1e ./User/led.o
 *fill*         0x000000000000cd0a        0x2 
 .rodata.DigitMask
                0x000000000000cd0c        0xa ./User/led.o
                0x000000000000cd0c                DigitMask
 *fill*         0x000000000000cd16        0x2 
 .rodata.offset_mask
                0x000000000000cd18        0xe ./User/led.o
 *fill*         0x000000000000cd26        0x2 
 .rodata.step_mask
                0x000000000000cd28        0xe ./User/led.o
 *fill*         0x000000000000cd36        0x2 
 .rodata.OD_ADC1_CAL_extension
                0x000000000000cd38       0x10 ./User/process.o
                0x000000000000cd38                OD_ADC1_CAL_extension
 .rodata.OD_ADC2_CAL_extension
                0x000000000000cd48       0x10 ./User/process.o
                0x000000000000cd48                OD_ADC2_CAL_extension
 .rodata.OD_ADC3_CAL_extension
                0x000000000000cd58       0x10 ./User/process.o
                0x000000000000cd58                OD_ADC3_CAL_extension
 .rodata.OD_AIN_RPM_extension
                0x000000000000cd68       0x10 ./User/process.o
                0x000000000000cd68                OD_AIN_RPM_extension
 .rodata.OD_BAR_extension
                0x000000000000cd78       0x10 ./User/process.o
                0x000000000000cd78                OD_BAR_extension
 .rodata.OD_BOARD_SETTINGS_extension
                0x000000000000cd88       0x10 ./User/process.o
                0x000000000000cd88                OD_BOARD_SETTINGS_extension
 .rodata.OD_DASH_PARAM_extension
                0x000000000000cd98       0x10 ./User/process.o
                0x000000000000cd98                OD_DASH_PARAM_extension
 .rodata.OD_DIN_extension
                0x000000000000cda8       0x10 ./User/process.o
                0x000000000000cda8                OD_DIN_extension
 .rodata.OD_KEY_extension
                0x000000000000cdb8       0x10 ./User/process.o
                0x000000000000cdb8                OD_KEY_extension
 .rodata.OD_MENU_MAP_extension
                0x000000000000cdc8       0x10 ./User/process.o
                0x000000000000cdc8                OD_MENU_MAP_extension
 .rodata.OD_MENU_SETUP_extension
                0x000000000000cdd8       0x10 ./User/process.o
                0x000000000000cdd8                OD_MENU_SETUP_extension
 .rodata.OD_RGB10_extension
                0x000000000000cde8       0x10 ./User/process.o
                0x000000000000cde8                OD_RGB10_extension
 .rodata.OD_RGB11_extension
                0x000000000000cdf8       0x10 ./User/process.o
                0x000000000000cdf8                OD_RGB11_extension
 .rodata.OD_RGB12_extension
                0x000000000000ce08       0x10 ./User/process.o
                0x000000000000ce08                OD_RGB12_extension
 .rodata.OD_RGB13_extension
                0x000000000000ce18       0x10 ./User/process.o
                0x000000000000ce18                OD_RGB13_extension
 .rodata.OD_RGB1_extension
                0x000000000000ce28       0x10 ./User/process.o
                0x000000000000ce28                OD_RGB1_extension
 .rodata.OD_RGB2_extension
                0x000000000000ce38       0x10 ./User/process.o
                0x000000000000ce38                OD_RGB2_extension
 .rodata.OD_RGB3_extension
                0x000000000000ce48       0x10 ./User/process.o
                0x000000000000ce48                OD_RGB3_extension
 .rodata.OD_RGB4_extension
                0x000000000000ce58       0x10 ./User/process.o
                0x000000000000ce58                OD_RGB4_extension
 .rodata.OD_RGB5_extension
                0x000000000000ce68       0x10 ./User/process.o
                0x000000000000ce68                OD_RGB5_extension
 .rodata.OD_RGB6_extension
                0x000000000000ce78       0x10 ./User/process.o
                0x000000000000ce78                OD_RGB6_extension
 .rodata.OD_RGB7_extension
                0x000000000000ce88       0x10 ./User/process.o
                0x000000000000ce88                OD_RGB7_extension
 .rodata.OD_RGB8_extension
                0x000000000000ce98       0x10 ./User/process.o
                0x000000000000ce98                OD_RGB8_extension
 .rodata.OD_RGB9_extension
                0x000000000000cea8       0x10 ./User/process.o
                0x000000000000cea8                OD_RGB9_extension
 .rodata.OD_RGBMAP_extension
                0x000000000000ceb8       0x10 ./User/process.o
                0x000000000000ceb8                OD_RGBMAP_extension
 .rodata.OD_RPMCONFIG_extension
                0x000000000000cec8       0x10 ./User/process.o
                0x000000000000cec8                OD_RPMCONFIG_extension
 .rodata.OD_SEG_extension
                0x000000000000ced8       0x10 ./User/process.o
                0x000000000000ced8                OD_SEG_extension
 .rodata.OD_VRegiters_extension
                0x000000000000cee8       0x10 ./User/process.o
                0x000000000000cee8                OD_VRegiters_extension
 .rodata.writeADC.isra.9.cst4
                0x000000000000cef8        0x4 ./User/process.o
 .rodata.StartDefaultTask.str1.4
                0x000000000000cef8        0x7 ./User/system_init.o
 *fill*         0x000000000000ceff        0x1 
 .rodata.str1.4
                0x000000000000cf00       0x44 ./User/system_init.o
 .rodata.vInitABFilter.cst4
                0x000000000000cf44        0x4 ./HAL_LIB/filters.o
 .rodata.GetRPM.cst4
                0x000000000000cf48        0x4 ./HAL_LIB/hw_lib_din.o
 .rodata.vSetRPMConfig.cst4
                0x000000000000cf4c        0x4 ./HAL_LIB/hw_lib_din.o
 .rodata.I2C_FSM
                0x000000000000cf50       0x30 ./HAL_LIB/hw_lib_eeprom_i2c.o
 .rodata.ADC_chennel_ref
                0x000000000000cf80       0x12 ./HAL/hal_adc_ch32.o
 *fill*         0x000000000000cf92        0x2 
 .rodata.timers
                0x000000000000cf94       0x14 ./HAL/hal_timers_ch32.o
 .rodata.pvPortMalloc.str1.4