Archive member included to satisfy reference by file (symbol)

c:/mounriver/mounriver_studio/toolchain/risc-v embedded gcc/bin/../lib/gcc/riscv-none-embed/8.2.0/rv32imacxw/ilp32\libgcc.a(addsf3.o)
                              ./User/DataModel.o (__addsf3)
c:/mounriver/mounriver_studio/toolchain/risc-v embedded gcc/bin/../lib/gcc/riscv-none-embed/8.2.0/rv32imacxw/ilp32\libgcc.a(divsf3.o)
                              ./User/DataModel.o (__divsf3)
c:/mounriver/mounriver_studio/toolchain/risc-v embedded gcc/bin/../lib/gcc/riscv-none-embed/8.2.0/rv32imacxw/ilp32\libgcc.a(eqsf2.o)
                              ./HWLIB/hw_lib_din.o (__nesf2)
c:/mounriver/mounriver_studio/toolchain/risc-v embedded gcc/bin/../lib/gcc/riscv-none-embed/8.2.0/rv32imacxw/ilp32\libgcc.a(gesf2.o)
                              ./User/inputs.o (__gesf2)
c:/mounriver/mounriver_studio/toolchain/risc-v embedded gcc/bin/../lib/gcc/riscv-none-embed/8.2.0/rv32imacxw/ilp32\libgcc.a(lesf2.o)
                              ./HWLIB/hw_lib_adc.o (__lesf2)
c:/mounriver/mounriver_studio/toolchain/risc-v embedded gcc/bin/../lib/gcc/riscv-none-embed/8.2.0/rv32imacxw/ilp32\libgcc.a(mulsf3.o)
                              ./User/dash_draw.o (__mulsf3)
c:/mounriver/mounriver_studio/toolchain/risc-v embedded gcc/bin/../lib/gcc/riscv-none-embed/8.2.0/rv32imacxw/ilp32\libgcc.a(subsf3.o)
                              ./User/inputs.o (__subsf3)
c:/mounriver/mounriver_studio/toolchain/risc-v embedded gcc/bin/../lib/gcc/riscv-none-embed/8.2.0/rv32imacxw/ilp32\libgcc.a(fixsfsi.o)
                              ./User/dash_draw.o (__fixsfsi)
c:/mounriver/mounriver_studio/toolchain/risc-v embedded gcc/bin/../lib/gcc/riscv-none-embed/8.2.0/rv32imacxw/ilp32\libgcc.a(fixunssfsi.o)
                              ./User/DataModel.o (__fixunssfsi)
c:/mounriver/mounriver_studio/toolchain/risc-v embedded gcc/bin/../lib/gcc/riscv-none-embed/8.2.0/rv32imacxw/ilp32\libgcc.a(floatsisf.o)
                              ./User/DataModel.o (__floatsisf)
c:/mounriver/mounriver_studio/toolchain/risc-v embedded gcc/bin/../lib/gcc/riscv-none-embed/8.2.0/rv32imacxw/ilp32\libgcc.a(floatunsisf.o)
                              ./User/DataModel.o (__floatunsisf)
c:/mounriver/mounriver_studio/toolchain/risc-v embedded gcc/bin/../lib/gcc/riscv-none-embed/8.2.0/rv32imacxw/ilp32\libgcc.a(save-restore.o)
                              ./User/dash_draw.o (__riscv_save_12)
c:/mounriver/mounriver_studio/toolchain/risc-v embedded gcc/bin/../lib/gcc/riscv-none-embed/8.2.0/rv32imacxw/ilp32\libgcc.a(_clzsi2.o)
                              c:/mounriver/mounriver_studio/toolchain/risc-v embedded gcc/bin/../lib/gcc/riscv-none-embed/8.2.0/rv32imacxw/ilp32\libgcc.a(addsf3.o) (__clzsi2)
c:/mounriver/mounriver_studio/toolchain/risc-v embedded gcc/bin/../lib/gcc/riscv-none-embed/8.2.0/rv32imacxw/ilp32\libgcc.a(_clz.o)
                              c:/mounriver/mounriver_studio/toolchain/risc-v embedded gcc/bin/../lib/gcc/riscv-none-embed/8.2.0/rv32imacxw/ilp32\libgcc.a(_clzsi2.o) (__clz_tab)
c:/mounriver/mounriver_studio/toolchain/risc-v embedded gcc/bin/../lib/gcc/riscv-none-embed/8.2.0/../../../../riscv-none-embed/lib/rv32imacxw/ilp32\libg_nano.a(lib_a-calloc.o)
                              ./CANopenNode/CANopen.o (calloc)
c:/mounriver/mounriver_studio/toolchain/risc-v embedded gcc/bin/../lib/gcc/riscv-none-embed/8.2.0/../../../../riscv-none-embed/lib/rv32imacxw/ilp32\libg_nano.a(lib_a-impure.o)
                              c:/mounriver/mounriver_studio/toolchain/risc-v embedded gcc/bin/../lib/gcc/riscv-none-embed/8.2.0/../../../../riscv-none-embed/lib/rv32imacxw/ilp32\libg_nano.a(lib_a-calloc.o) (_impure_ptr)
c:/mounriver/mounriver_studio/toolchain/risc-v embedded gcc/bin/../lib/gcc/riscv-none-embed/8.2.0/../../../../riscv-none-embed/lib/rv32imacxw/ilp32\libg_nano.a(lib_a-malloc.o)
                              ./CANopenNode/CANopen.o (free)
c:/mounriver/mounriver_studio/toolchain/risc-v embedded gcc/bin/../lib/gcc/riscv-none-embed/8.2.0/../../../../riscv-none-embed/lib/rv32imacxw/ilp32\libg_nano.a(lib_a-memcpy.o)
                              ./User/DataModel.o (memcpy)
c:/mounriver/mounriver_studio/toolchain/risc-v embedded gcc/bin/../lib/gcc/riscv-none-embed/8.2.0/../../../../riscv-none-embed/lib/rv32imacxw/ilp32\libg_nano.a(lib_a-memmove.o)
                              ./CANopenNode/301/CO_SDOserver.o (memmove)
c:/mounriver/mounriver_studio/toolchain/risc-v embedded gcc/bin/../lib/gcc/riscv-none-embed/8.2.0/../../../../riscv-none-embed/lib/rv32imacxw/ilp32\libg_nano.a(lib_a-memset.o)
                              ./User/DataModel.o (memset)
c:/mounriver/mounriver_studio/toolchain/risc-v embedded gcc/bin/../lib/gcc/riscv-none-embed/8.2.0/../../../../riscv-none-embed/lib/rv32imacxw/ilp32\libg_nano.a(lib_a-nano-callocr.o)
[...]
Memory Configuration

Name             Origin             Length             Attributes
FLASH            0x0000000000000000 0x0000000000010000 xr
RAM              0x0000000020000000 0x0000000000005000 xrw
*default*        0x0000000000000000 0xffffffffffffffff

Linker script and memory map

LOAD ./User/CanOpenNode.o
LOAD ./User/DataModel.o
LOAD ./User/ch32v20x_it.o
LOAD ./User/dash_draw.o
LOAD ./User/init.o
LOAD ./User/inputs.o
LOAD ./User/led.o
LOAD ./User/main.o
LOAD ./User/process.o
LOAD ./User/system_ch32v20x.o
LOAD ./User/system_init.o
LOAD ./Startup/startup_ch32v20x_D6.o
LOAD ./Peripheral/src/ch32v20x_adc.o
LOAD ./Peripheral/src/ch32v20x_bkp.o
LOAD ./Peripheral/src/ch32v20x_can.o
LOAD ./Peripheral/src/ch32v20x_crc.o
LOAD ./Peripheral/src/ch32v20x_dbgmcu.o
LOAD ./Peripheral/src/ch32v20x_dma.o
LOAD ./Peripheral/src/ch32v20x_exti.o
LOAD ./Peripheral/src/ch32v20x_flash.o
LOAD ./Peripheral/src/ch32v20x_gpio.o
LOAD ./Peripheral/src/ch32v20x_i2c.o
LOAD ./Peripheral/src/ch32v20x_iwdg.o
LOAD ./Peripheral/src/ch32v20x_misc.o
LOAD ./Peripheral/src/ch32v20x_opa.o
LOAD ./Peripheral/src/ch32v20x_pwr.o
LOAD ./Peripheral/src/ch32v20x_rcc.o
LOAD ./Peripheral/src/ch32v20x_rtc.o
LOAD ./Peripheral/src/ch32v20x_spi.o
LOAD ./Peripheral/src/ch32v20x_tim.o
LOAD ./Peripheral/src/ch32v20x_usart.o
LOAD ./Peripheral/src/ch32v20x_wwdg.o
LOAD ./HWLIB/hw_lib_adc.o
LOAD ./HWLIB/hw_lib_din.o
LOAD ./HWLIB/hw_lib_eeprom.o
LOAD ./HWLIB/hw_lib_keyboard.o
LOAD ./HAL/hal_adc.o
LOAD ./HAL/hal_can.o
LOAD ./HAL/hal_dma.o
LOAD ./HAL/hal_gpio.o
LOAD ./HAL/hal_i2c.o
LOAD ./HAL/hal_rtc.o
LOAD ./HAL/hal_spi.o
LOAD ./HAL/hal_timers.o
LOAD ./HAL/hal_wdt.o
LOAD ./FreeRTOS/portable/MemMang/heap_4.o
LOAD ./FreeRTOS/portable/GCC/RISC-V/port.o
LOAD ./FreeRTOS/portable/GCC/RISC-V/portASM.o
LOAD ./FreeRTOS/croutine.o
LOAD ./FreeRTOS/event_groups.o
LOAD ./FreeRTOS/list.o
LOAD ./FreeRTOS/queue.o
LOAD ./FreeRTOS/stream_buffer.o
LOAD ./FreeRTOS/tasks.o
LOAD ./FreeRTOS/timers.o
LOAD ./Drivers/filters.o
LOAD ./Debug/debug.o
LOAD ./Core/core_riscv.o
LOAD ./CANopenNode/keypad/CO_driver_ST32F103.o
LOAD ./CANopenNode/keypad/OD.o
LOAD ./CANopenNode/extra/CO_trace.o
LOAD ./CANopenNode/309/CO_gateway_ascii.o
LOAD ./CANopenNode/305/CO_LSSmaster.o
LOAD ./CANopenNode/305/CO_LSSslave.o
LOAD ./CANopenNode/304/CO_GFC.o
LOAD ./CANopenNode/304/CO_SRDO.o
LOAD ./CANopenNode/303/CO_LEDs.o
LOAD ./CANopenNode/301/CO_Emergency.o
LOAD ./CANopenNode/301/CO_HBconsumer.o
LOAD ./CANopenNode/301/CO_NMT_Heartbeat.o
LOAD ./CANopenNode/301/CO_Node_Guarding.o
LOAD ./CANopenNode/301/CO_ODinterface.o
LOAD ./CANopenNode/301/CO_PDO.o
LOAD ./CANopenNode/301/CO_SDOclient.o
LOAD ./CANopenNode/301/CO_SDOserver.o
LOAD ./CANopenNode/301/CO_SYNC.o
LOAD ./CANopenNode/301/CO_TIME.o
LOAD ./CANopenNode/301/CO_fifo.o
LOAD ./CANopenNode/301/crc16-ccitt.o
LOAD ./CANopenNode/CANopen.o
LOAD c:/mounriver/mounriver_studio/toolchain/risc-v embedded gcc/bin/../lib/gcc/riscv-none-embed/8.2.0/../../../../riscv-none-embed/lib/rv32imacxw/ilp32\libm.a
LOAD c:/mounriver/mounriver_studio/toolchain/risc-v embedded gcc/bin/../lib/gcc/riscv-none-embed/8.2.0/rv32imacxw/ilp32\libgcc.a
LOAD c:/mounriver/mounriver_studio/toolchain/risc-v embedded gcc/bin/../lib/gcc/riscv-none-embed/8.2.0/../../../../riscv-none-embed/lib/rv32imacxw/ilp32\libg_nano.a
LOAD c:/mounriver/mounriver_studio/toolchain/risc-v embedded gcc/bin/../lib/gcc/riscv-none-embed/8.2.0/../../../../riscv-none-embed/lib/rv32imacxw/ilp32\libc_nano.a
LOAD c:/mounriver/mounriver_studio/toolchain/risc-v embedded gcc/bin/../lib/gcc/riscv-none-embed/8.2.0/rv32imacxw/ilp32\libgcc.a
START GROUP
LOAD c:/mounriver/mounriver_studio/toolchain/risc-v embedded gcc/bin/../lib/gcc/riscv-none-embed/8.2.0/rv32imacxw/ilp32\libgcc.a
LOAD c:/mounriver/mounriver_studio/toolchain/risc-v embedded gcc/bin/../lib/gcc/riscv-none-embed/8.2.0/../../../../riscv-none-embed/lib/rv32imacxw/ilp32\libc_nano.a
LOAD c:/mounriver/mounriver_studio/toolchain/risc-v embedded gcc/bin/../lib/gcc/riscv-none-embed/8.2.0/../../../../riscv-none-embed/lib/rv32imacxw/ilp32\libnosys.a
END GROUP
START GROUP
LOAD c:/mounriver/mounriver_studio/toolchain/risc-v embedded gcc/bin/../lib/gcc/riscv-none-embed/8.2.0/rv32imacxw/ilp32\libgcc.a
LOAD c:/mounriver/mounriver_studio/toolchain/risc-v embedded gcc/bin/../lib/gcc/riscv-none-embed/8.2.0/../../../../riscv-none-embed/lib/rv32imacxw/ilp32\libc_nano.a
LOAD c:/mounriver/mounriver_studio/toolchain/risc-v embedded gcc/bin/../lib/gcc/riscv-none-embed/8.2.0/../../../../riscv-none-embed/lib/rv32imacxw/ilp32\libnosys.a
END GROUP
                0x0000000000000800                __stack_size = 0x800
                [!provide]                        PROVIDE (_stack_size = __stack_size)

.init           0x0000000000000000       0x38
                0x0000000000000000                _sinit = .
                0x0000000000000000                . = ALIGN (0x4)
 *(SORT_NONE(.init))
 .init          0x0000000000000000       0x38 ./Startup/startup_ch32v20x_D6.o
                0x0000000000000000                _start
                0x0000000000000038                . = ALIGN (0x4)
                0x0000000000000038                _einit = .

.vector         0x0000000000000038      0x108
 *(.vector)
 .vector        0x0000000000000038       0xfc ./Startup/startup_ch32v20x_D6.o
                0x0000000000000140                . = ALIGN (0x40)
 *fill*         0x0000000000000134        0xc 

.text           0x0000000000000200     0xf0a4
                0x0000000000000200                . = ALIGN (0x4)
 *(.text)
 .text          0x0000000000000200      0x2ee ./FreeRTOS/portable/GCC/RISC-V/portASM.o
                0x0000000000000200                SW_Handler
                0x0000000000000300                xPortStartFirstTask
                0x0000000000000400                pxPortInitialiseStack
 .text          0x00000000000004ee       0x60 c:/mounriver/mounriver_studio/toolchain/risc-v embedded gcc/bin/../lib/gcc/riscv-none-embed/8.2.0/rv32imacxw/ilp32\libgcc.a(save-restore.o)
                0x00000000000004ee                __riscv_save_12
                0x00000000000004f6                __riscv_save_9
                0x00000000000004f6                __riscv_save_11
                0x00000000000004f6                __riscv_save_10
                0x00000000000004f6                __riscv_save_8
                0x0000000000000504                __riscv_save_4
                0x0000000000000504                __riscv_save_6
                0x0000000000000504                __riscv_save_5
                0x0000000000000504                __riscv_save_7
                0x000000000000051e                __riscv_save_3
                0x000000000000051e                __riscv_save_2
                0x000000000000051e                __riscv_save_1
                0x000000000000051e                __riscv_save_0
                0x000000000000052a                __riscv_restore_12
                0x000000000000052e                __riscv_restore_11
                0x000000000000052e                __riscv_restore_9
                0x000000000000052e                __riscv_restore_10
                0x000000000000052e                __riscv_restore_8
                0x0000000000000538                __riscv_restore_5
                0x0000000000000538                __riscv_restore_7
                0x0000000000000538                __riscv_restore_6
                0x0000000000000538                __riscv_restore_4
                0x0000000000000542                __riscv_restore_3
                0x0000000000000542                __riscv_restore_0
                0x0000000000000542                __riscv_restore_2
                0x0000000000000542                __riscv_restore_1
 .text          0x000000000000054e       0xa8 c:/mounriver/mounriver_studio/toolchain/risc-v embedded gcc/bin/../lib/gcc/riscv-none-embed/8.2.0/../../../../riscv-none-embed/lib/rv32imacxw/ilp32\libg_nano.a(lib_a-memset.o)
                0x000000000000054e                memset
 *(.text.*)
 .text.xCanOpenProcessTaskHandle
                0x00000000000005f6        0xa ./User/CanOpenNode.o
                0x00000000000005f6                xCanOpenProcessTaskHandle
 .text.xCanOpenPeriodicTaskHandle
                0x0000000000000600        0xa ./User/CanOpenNode.o
                0x0000000000000600                xCanOpenPeriodicTaskHandle
 .text.vCanOpenInit
                0x000000000000060a        0xa ./User/CanOpenNode.o
                0x000000000000060a                vCanOpenInit
 .text.vCanOpenProcess
                0x0000000000000614      0x192 ./User/CanOpenNode.o
                0x0000000000000614                vCanOpenProcess
 .text.vCanOpenPeriodicProcess
                0x00000000000007a6       0x82 ./User/CanOpenNode.o
                0x00000000000007a6                vCanOpenPeriodicProcess
 .text.setReg32
                0x0000000000000828       0x1a ./User/DataModel.o
                0x0000000000000828                setReg32
 .text.setReg16
                0x0000000000000842        0xe ./User/DataModel.o
                0x0000000000000842                setReg16
 .text.SaveReg16
                0x0000000000000850       0x14 ./User/DataModel.o
                0x0000000000000850                SaveReg16
 .text.getReg16
                0x0000000000000864       0x10 ./User/DataModel.o
                0x0000000000000864                getReg16
 .text.DataModel_Init
                0x0000000000000874      0x47c ./User/DataModel.o
                0x0000000000000874                DataModel_Init
 .text.getReg32
                0x0000000000000cf0       0x1c ./User/DataModel.o
                0x0000000000000cf0                getReg32
 .text.getReg8  0x0000000000000d0c        0xa ./User/DataModel.o
                0x0000000000000d0c                getReg8
 .text.WriteReg
                0x0000000000000d16       0x56 ./User/DataModel.o
                0x0000000000000d16                WriteReg
 .text.vGetBitrate
                0x0000000000000d6c       0x2a ./User/DataModel.o
                0x0000000000000d6c                vGetBitrate
 .text.vFDGetNMTState
                0x0000000000000d96        0x6 ./User/DataModel.o
                0x0000000000000d96                vFDGetNMTState
 .text.vGetNodeId
                0x0000000000000d9c        0x6 ./User/DataModel.o
                0x0000000000000d9c                vGetNodeId
 .text.vIncrementSystemCounters
                0x0000000000000da2       0x66 ./User/DataModel.o
                0x0000000000000da2                vIncrementSystemCounters
 .text.vSaveData
                0x0000000000000e08       0x2c ./User/DataModel.o
                0x0000000000000e08                vSaveData
 .text.getOdometr
                0x0000000000000e34       0x12 ./User/DataModel.o
                0x0000000000000e34                getOdometr
 .text.NMI_Handler
                0x0000000000000e46        0x2 ./User/ch32v20x_it.o
                0x0000000000000e46                NMI_Handler
 .text.HardFault_Handler
                0x0000000000000e48        0x2 ./User/ch32v20x_it.o
                0x0000000000000e48                HardFault_Handler
 .text.SegPrint.constprop.5
                0x0000000000000e4a       0x56 ./User/dash_draw.o
 .text.xProcessTaskHandle
                0x0000000000000ea0        0xa ./User/dash_draw.o
                0x0000000000000ea0                xProcessTaskHandle
 .text.vSetErrorReg
                0x0000000000000eaa        0xa ./User/dash_draw.o
                0x0000000000000eaa                vSetErrorReg
 .text.getODValue
                0x0000000000000eb4      0x126 ./User/dash_draw.o
                0x0000000000000eb4                getODValue
 .text.IncMenuIndex
                0x0000000000000fda       0x80 ./User/dash_draw.o
                0x0000000000000fda                IncMenuIndex
 .text.GoToHome
                0x000000000000105a       0x12 ./User/dash_draw.o
                0x000000000000105a                GoToHome
 .text.SetCurMenuHome
                0x000000000000106c       0x1e ./User/dash_draw.o
                0x000000000000106c                SetCurMenuHome
 .text.GetCurMenuHome
                0x000000000000108a        0x6 ./User/dash_draw.o
                0x000000000000108a                GetCurMenuHome
 .text.SetCurrentMenu
                0x0000000000001090       0x12 ./User/dash_draw.o
                0x0000000000001090                SetCurrentMenu
 .text.SetDefault
                0x00000000000010a2       0x28 ./User/dash_draw.o
                0x00000000000010a2                SetDefault
 .text.MenuBackHomeCheck
                0x00000000000010ca       0x38 ./User/dash_draw.o
                0x00000000000010ca                MenuBackHomeCheck
 .text.CheckMenuChannel
                0x0000000000001102       0x20 ./User/dash_draw.o
                0x0000000000001102                CheckMenuChannel
 .text.vDashDrawInit
                0x0000000000001122       0x72 ./User/dash_draw.o
                0x0000000000001122                vDashDrawInit
 .text.SetErrorRegiter
                0x0000000000001194       0x5e ./User/dash_draw.o
                0x0000000000001194                SetErrorRegiter
 .text.uGetCurrMenu
                0x00000000000011f2       0x26 ./User/dash_draw.o
                0x00000000000011f2                uGetCurrMenu
 .text.vRGBOff  0x0000000000001218       0x26 ./User/dash_draw.o
                0x0000000000001218                vRGBOff
 .text.vGetEdgeData
                0x000000000000123e       0x2a ./User/dash_draw.o
                0x000000000000123e                vGetEdgeData
 .text.vRGBMode
                0x0000000000001268       0xd0 ./User/dash_draw.o
                0x0000000000001268                vRGBMode
 .text.vBarColorMode
                0x0000000000001338       0xc2 ./User/dash_draw.o
                0x0000000000001338                vBarColorMode
 .text.vBarWindowMode
                0x00000000000013fa       0x5a ./User/dash_draw.o
                0x00000000000013fa                vBarWindowMode
 .text.vBarMode
                0x0000000000001454       0x66 ./User/dash_draw.o
                0x0000000000001454                vBarMode
 .text.RedrawNotifyTaskToInit
                0x00000000000014ba       0x28 ./User/dash_draw.o
                0x00000000000014ba                RedrawNotifyTaskToInit
 .text.vRedrawTask
                0x00000000000014e2      0x5e2 ./User/dash_draw.o
                0x00000000000014e2                vRedrawTask
 .text.vInit_DeviceConfig
                0x0000000000001ac4      0x162 ./User/init.o
                0x0000000000001ac4                vInit_DeviceConfig
 .text.ADC1_Event
                0x0000000000001c26       0x48 ./User/inputs.o
                0x0000000000001c26                ADC1_Event
 .text.CaptureCallBack
                0x0000000000001c6e       0x30 ./User/inputs.o
                0x0000000000001c6e                CaptureCallBack
 .text.fDinStateCallback
                0x0000000000001c9e       0x32 ./User/inputs.o
                0x0000000000001c9e                fDinStateCallback
 .text.vSetDoutState
                0x0000000000001cd0       0x28 ./User/inputs.o
                0x0000000000001cd0                vSetDoutState
 .text.getInputsTaskHandle
                0x0000000000001cf8        0xa ./User/inputs.o
                0x0000000000001cf8                getInputsTaskHandle
 .text.InputsNotifyTaskToInit
                0x0000000000001d02       0x28 ./User/inputs.o
                0x0000000000001d02                InputsNotifyTaskToInit
 .text.ADC1_Init
                0x0000000000001d2a       0x54 ./User/inputs.o
                0x0000000000001d2a                ADC1_Init
 .text.ADC_FSM  0x0000000000001d7e       0xfe ./User/inputs.o
                0x0000000000001d7e                ADC_FSM
 .text.GetAIN   0x0000000000001e7c        0xc ./User/inputs.o
                0x0000000000001e7c                GetAIN
 .text.vInputsTask
                0x0000000000001e88      0x25e ./User/inputs.o
                0x0000000000001e88                vInputsTask
 .text.SPI1_DMA_Callback
                0x00000000000020e6       0x38 ./User/led.o
                0x00000000000020e6                SPI1_DMA_Callback
 .text.SPI2_DMA_Callback
                0x000000000000211e       0x3e ./User/led.o
                0x000000000000211e                SPI2_DMA_Callback
 .text.SetBarState
                0x000000000000215c       0x50 ./User/led.o
                0x000000000000215c                SetBarState
 .text.SetRGB   0x00000000000021ac       0xa2 ./User/led.o
                0x00000000000021ac                SetRGB
 .text.SetSegDirect
                0x000000000000224e       0x9c ./User/led.o
                0x000000000000224e                SetSegDirect
 .text.SetSegPoint
                0x00000000000022ea       0x22 ./User/led.o
                0x00000000000022ea                SetSegPoint
 .text.SetSEG   0x000000000000230c      0x122 ./User/led.o
                0x000000000000230c                SetSEG
 .text.SetBigSeg
                0x000000000000242e       0x14 ./User/led.o
                0x000000000000242e                SetBigSeg
 .text.vSetBrigth
                0x0000000000002442       0x2a ./User/led.o
                0x0000000000002442                vSetBrigth
 .text.vLedDriverStart
                0x000000000000246c       0x62 ./User/led.o
                0x000000000000246c                vLedDriverStart
 .text.vLedProcess
                0x00000000000024ce       0x2c ./User/led.o
                0x00000000000024ce                vLedProcess
 .text.vRGBProcess
                0x00000000000024fa      0x10e ./User/led.o
                0x00000000000024fa                vRGBProcess
 .text.startup.main
                0x0000000000002608       0x20 ./User/main.o
                0x0000000000002608                main
 .text.vRestartNode
                0x0000000000002628        0x2 ./User/main.o
                0x0000000000002628                vRestartNode
 .text.Error_Handler
                0x000000000000262a        0x8 ./User/main.o
                0x000000000000262a                Error_Handler
 .text.OD_writeV1_14
                0x0000000000002632       0x26 ./User/process.o
 .text.OD_writeRGBMAP
                0x0000000000002658       0x40 ./User/process.o
 .text.OD_writeBitrate
                0x0000000000002698       0x32 ./User/process.o
 .text.OD_writeBrigth
                0x00000000000026ca       0x4c ./User/process.o
 .text.OD_readAIN_RPM
                0x0000000000002716       0x24 ./User/process.o
 .text.OD_readDIN
                0x000000000000273a       0x1c ./User/process.o
 .text.OD_writeMenuSetup
                0x0000000000002756       0x56 ./User/process.o
 .text.CO_getUint16
                0x00000000000027ac       0x10 ./User/process.o
 .text.OD_writeV15_17
                0x00000000000027bc       0x30 ./User/process.o
 .text.OD_writeBAR
                0x00000000000027ec       0x36 ./User/process.o
 .text.OD_writeSEG
                0x0000000000002822       0x4a ./User/process.o
 .text.CO_getUint32
                0x000000000000286c       0x18 ./User/process.o
 .text.OD_writeRPMConfig
                0x0000000000002884       0x2c ./User/process.o
 .text.OD_writeMenuMap
                0x00000000000028b0       0x36 ./User/process.o
 .text.OD_writeERROR_REG
                0x00000000000028e6       0x20 ./User/process.o
 .text.WriteRGB.isra.0
                0x0000000000002906       0x3a ./User/process.o
 .text.OD_writeRGB1
                0x0000000000002940       0x14 ./User/process.o
 .text.OD_writeRGB2
                0x0000000000002954       0x16 ./User/process.o
 .text.OD_writeRGB3
                0x000000000000296a       0x16 ./User/process.o
 .text.OD_writeRGB4
                0x0000000000002980       0x16 ./User/process.o
 .text.OD_writeRGB5
                0x0000000000002996       0x16 ./User/process.o
 .text.OD_writeRGB6
                0x00000000000029ac       0x16 ./User/process.o
 .text.OD_writeRGB7
                0x00000000000029c2       0x16 ./User/process.o
 .text.OD_writeRGB8
                0x00000000000029d8       0x16 ./User/process.o
 .text.OD_writeRGB9
                0x00000000000029ee       0x16 ./User/process.o
 .text.OD_writeRGB10
                0x0000000000002a04       0x16 ./User/process.o
 .text.OD_writeRGB11
                0x0000000000002a1a       0x16 ./User/process.o
 .text.OD_writeRGB12
                0x0000000000002a30       0x16 ./User/process.o
 .text.OD_writeRGB13
                0x0000000000002a46       0x16 ./User/process.o
 .text.OD_writeDashParam
                0x0000000000002a5c       0x4e ./User/process.o
 .text.OD_readDashParam
                0x0000000000002aaa       0x4a ./User/process.o
 .text.writeADC.isra.3
                0x0000000000002af4       0x7a ./User/process.o
 .text.OD_writeADC1
                0x0000000000002b6e       0x2a ./User/process.o
 .text.OD_writeADC2
                0x0000000000002b98       0x2a ./User/process.o
 .text.OD_writeADC3
                0x0000000000002bc2       0x2a ./User/process.o
 .text.OD_readRGB.isra.5
                0x0000000000002bec       0x20 ./User/process.o
 .text.OD_readRGB1
                0x0000000000002c0c       0x10 ./User/process.o
 .text.OD_readRGB2
                0x0000000000002c1c       0x12 ./User/process.o
 .text.OD_readRGB3
                0x0000000000002c2e       0x12 ./User/process.o
 .text.OD_readRGB4
                0x0000000000002c40       0x12 ./User/process.o
 .text.OD_readRGB5
                0x0000000000002c52       0x12 ./User/process.o
 .text.OD_readRGB6
                0x0000000000002c64       0x12 ./User/process.o
 .text.OD_readRGB7
                0x0000000000002c76       0x12 ./User/process.o
 .text.OD_readRGB8
                0x0000000000002c88       0x12 ./User/process.o
 .text.OD_readRGB9
                0x0000000000002c9a       0x12 ./User/process.o
 .text.OD_readRGB10
                0x0000000000002cac       0x12 ./User/process.o
 .text.OD_readRGB11
                0x0000000000002cbe       0x12 ./User/process.o
 .text.OD_readRGB12
                0x0000000000002cd0       0x12 ./User/process.o
 .text.OD_readRGB13
                0x0000000000002ce2       0x12 ./User/process.o
 .text.OD_readMenuSetup
                0x0000000000002cf4       0x38 ./User/process.o
 .text.vProceesInit
                0x0000000000002d2c      0x226 ./User/process.o
                0x0000000000002d2c                vProceesInit
 .text.SystemInit
                0x0000000000002f52       0xee ./User/system_ch32v20x.o
                0x0000000000002f52                SystemInit
 .text.SystemCoreClockUpdate
                0x0000000000003040       0x92 ./User/system_ch32v20x.o
                0x0000000000003040                SystemCoreClockUpdate
 .text.StartDefaultTask
                0x00000000000030d2       0x86 ./User/system_init.o
 .text.vApplicationGetIdleTaskMemory
                0x0000000000003158       0x1c ./User/system_init.o
                0x0000000000003158                vApplicationGetIdleTaskMemory
 .text.vApplicationGetTimerTaskMemory
                0x0000000000003174       0x1c ./User/system_init.o
                0x0000000000003174                vApplicationGetTimerTaskMemory
 .text.vSYStaskInit
                0x0000000000003190      0x110 ./User/system_init.o
                0x0000000000003190                vSYStaskInit
 .text.vSYSeventInit
                0x00000000000032a0        0x2 ./User/system_init.o
                0x00000000000032a0                vSYSeventInit
 .text.vector_handler
                0x00000000000032a2       0x6c ./Startup/startup_ch32v20x_D6.o
                0x00000000000032a6                Ecall_M_Mode_Handler
                0x00000000000032a8                Ecall_U_Mode_Handler
                0x00000000000032aa                Break_Point_Handler
                0x00000000000032b0                WWDG_IRQHandler
                0x00000000000032b2                PVD_IRQHandler
                0x00000000000032b4                TAMPER_IRQHandler
                0x00000000000032b8                FLASH_IRQHandler
                0x00000000000032ba                RCC_IRQHandler
                0x00000000000032bc                EXTI0_IRQHandler
                0x00000000000032be                EXTI1_IRQHandler
                0x00000000000032c0                EXTI2_IRQHandler
                0x00000000000032c2                EXTI3_IRQHandler
                0x00000000000032c4                EXTI4_IRQHandler
                0x00000000000032c8                DMA1_Channel2_IRQHandler
                0x00000000000032d0                DMA1_Channel6_IRQHandler
                0x00000000000032de                EXTI9_5_IRQHandler
                0x00000000000032e0                TIM1_BRK_IRQHandler
                0x00000000000032e4                TIM1_TRG_COM_IRQHandler
                0x00000000000032f6                SPI1_IRQHandler
                0x00000000000032f8                SPI2_IRQHandler
                0x00000000000032fa                USART1_IRQHandler
                0x00000000000032fc                USART2_IRQHandler
                0x00000000000032fe                USART3_IRQHandler
                0x0000000000003300                EXTI15_10_IRQHandler
                0x0000000000003302                RTCAlarm_IRQHandler
                0x0000000000003304                USBWakeUp_IRQHandler
                0x0000000000003306                USBHD_IRQHandler
                0x0000000000003308                USBHDWakeUp_IRQHandler
                0x000000000000330a                UART4_IRQHandler
                0x000000000000330c                DMA1_Channel8_IRQHandler
 .text.handle_reset
                0x000000000000330e       0x92 ./Startup/startup_ch32v20x_D6.o
                0x000000000000330e                handle_reset
 .text.ADC_DeInit
                0x00000000000033a0       0x46 ./Peripheral/src/ch32v20x_adc.o
                0x00000000000033a0                ADC_DeInit
 .text.ADC_Init
                0x00000000000033e6       0x56 ./Peripheral/src/ch32v20x_adc.o
                0x00000000000033e6                ADC_Init
 .text.ADC_Cmd  0x000000000000343c       0x10 ./Peripheral/src/ch32v20x_adc.o
                0x000000000000343c                ADC_Cmd
 .text.ADC_DMACmd
                0x000000000000344c       0x12 ./Peripheral/src/ch32v20x_adc.o
                0x000000000000344c                ADC_DMACmd
 .text.ADC_ResetCalibration
                0x000000000000345e        0xa ./Peripheral/src/ch32v20x_adc.o
                0x000000000000345e                ADC_ResetCalibration
 .text.ADC_GetResetCalibrationStatus
                0x0000000000003468        0x8 ./Peripheral/src/ch32v20x_adc.o
                0x0000000000003468                ADC_GetResetCalibrationStatus
 .text.ADC_StartCalibration
                0x0000000000003470        0xa ./Peripheral/src/ch32v20x_adc.o
                0x0000000000003470                ADC_StartCalibration
 .text.ADC_GetCalibrationStatus
                0x000000000000347a        0x8 ./Peripheral/src/ch32v20x_adc.o
                0x000000000000347a                ADC_GetCalibrationStatus
 .text.ADC_SoftwareStartConvCmd
                0x0000000000003482       0x18 ./Peripheral/src/ch32v20x_adc.o
                0x0000000000003482                ADC_SoftwareStartConvCmd
 .text.ADC_RegularChannelConfig
                0x000000000000349a       0xb8 ./Peripheral/src/ch32v20x_adc.o
                0x000000000000349a                ADC_RegularChannelConfig
 .text.ADC_ExternalTrigConvCmd
                0x0000000000003552       0x18 ./Peripheral/src/ch32v20x_adc.o
                0x0000000000003552                ADC_ExternalTrigConvCmd
 .text.ADC_GetITStatus
                0x000000000000356a       0x1c ./Peripheral/src/ch32v20x_adc.o
                0x000000000000356a                ADC_GetITStatus
 .text.ADC_ClearITPendingBit
                0x0000000000003586        0xa ./Peripheral/src/ch32v20x_adc.o
                0x0000000000003586                ADC_ClearITPendingBit
 .text.ADC_BufferCmd
                0x0000000000003590       0x18 ./Peripheral/src/ch32v20x_adc.o
                0x0000000000003590                ADC_BufferCmd
 .text.Get_CalibrationValue
                0x00000000000035a8      0x1fe ./Peripheral/src/ch32v20x_adc.o
                0x00000000000035a8                Get_CalibrationValue
 .text.BKP_DeInit
                0x00000000000037a6       0x14 ./Peripheral/src/ch32v20x_bkp.o
                0x00000000000037a6                BKP_DeInit
 .text.CAN_Init
                0x00000000000037ba       0xe8 ./Peripheral/src/ch32v20x_can.o
                0x00000000000037ba                CAN_Init
 .text.CAN_FilterInit
                0x00000000000038a2      0x118 ./Peripheral/src/ch32v20x_can.o
                0x00000000000038a2                CAN_FilterInit
 .text.CAN_Transmit
                0x00000000000039ba       0xbc ./Peripheral/src/ch32v20x_can.o
                0x00000000000039ba                CAN_Transmit
 .text.CAN_Receive
                0x0000000000003a76       0x8c ./Peripheral/src/ch32v20x_can.o
                0x0000000000003a76                CAN_Receive
 .text.CAN_OperatingModeRequest
                0x0000000000003b02       0x72 ./Peripheral/src/ch32v20x_can.o
                0x0000000000003b02                CAN_OperatingModeRequest
 .text.CAN_ITConfig
                0x0000000000003b74       0x12 ./Peripheral/src/ch32v20x_can.o
                0x0000000000003b74                CAN_ITConfig
 .text.CAN_GetFlagStatus
                0x0000000000003b86       0x56 ./Peripheral/src/ch32v20x_can.o
                0x0000000000003b86                CAN_GetFlagStatus
 .text.CAN_ClearFlag
                0x0000000000003bdc       0x40 ./Peripheral/src/ch32v20x_can.o
                0x0000000000003bdc                CAN_ClearFlag
 .text.CAN_ClearITPendingBit
                0x0000000000003c1c       0x94 ./Peripheral/src/ch32v20x_can.o
                0x0000000000003c1c                CAN_ClearITPendingBit
 .text.DMA_Init
                0x0000000000003cb0       0x38 ./Peripheral/src/ch32v20x_dma.o
                0x0000000000003cb0                DMA_Init
 .text.DMA_Cmd  0x0000000000003ce8       0x14 ./Peripheral/src/ch32v20x_dma.o
                0x0000000000003ce8                DMA_Cmd
 .text.DMA_ITConfig
                0x0000000000003cfc       0x12 ./Peripheral/src/ch32v20x_dma.o
                0x0000000000003cfc                DMA_ITConfig
 .text.DMA_SetCurrDataCounter
                0x0000000000003d0e        0x4 ./Peripheral/src/ch32v20x_dma.o
                0x0000000000003d0e                DMA_SetCurrDataCounter
 .text.DMA_GetFlagStatus
                0x0000000000003d12        0xe ./Peripheral/src/ch32v20x_dma.o
                0x0000000000003d12                DMA_GetFlagStatus
 .text.DMA_GetITStatus
                0x0000000000003d20        0xc ./Peripheral/src/ch32v20x_dma.o
                0x0000000000003d20                DMA_GetITStatus
 .text.DMA_ClearITPendingBit
                0x0000000000003d2c        0x8 ./Peripheral/src/ch32v20x_dma.o
                0x0000000000003d2c                DMA_ClearITPendingBit
 .text.GPIO_Init
                0x0000000000003d34       0xfa ./Peripheral/src/ch32v20x_gpio.o
                0x0000000000003d34                GPIO_Init
 .text.GPIO_ReadInputDataBit
                0x0000000000003e2e       0x1e ./Peripheral/src/ch32v20x_gpio.o
                0x0000000000003e2e                GPIO_ReadInputDataBit
 .text.GPIO_SetBits
                0x0000000000003e4c       0x18 ./Peripheral/src/ch32v20x_gpio.o
                0x0000000000003e4c                GPIO_SetBits
 .text.GPIO_ResetBits
                0x0000000000003e64       0x18 ./Peripheral/src/ch32v20x_gpio.o
                0x0000000000003e64                GPIO_ResetBits
 .text.GPIO_PinRemapConfig
                0x0000000000003e7c       0xf2 ./Peripheral/src/ch32v20x_gpio.o
                0x0000000000003e7c                GPIO_PinRemapConfig
 .text.I2C_DeInit
                0x0000000000003f6e       0x32 ./Peripheral/src/ch32v20x_i2c.o
                0x0000000000003f6e                I2C_DeInit
 .text.I2C_Init
                0x0000000000003fa0       0xf2 ./Peripheral/src/ch32v20x_i2c.o
                0x0000000000003fa0                I2C_Init
 .text.I2C_Cmd  0x0000000000004092       0x18 ./Peripheral/src/ch32v20x_i2c.o
                0x0000000000004092                I2C_Cmd
 .text.I2C_GenerateSTART
                0x00000000000040aa       0x1a ./Peripheral/src/ch32v20x_i2c.o
                0x00000000000040aa                I2C_GenerateSTART
 .text.I2C_GenerateSTOP
                0x00000000000040c4       0x1a ./Peripheral/src/ch32v20x_i2c.o
                0x00000000000040c4                I2C_GenerateSTOP
 .text.I2C_AcknowledgeConfig
                0x00000000000040de       0x1a ./Peripheral/src/ch32v20x_i2c.o
                0x00000000000040de                I2C_AcknowledgeConfig
 .text.I2C_DualAddressCmd
                0x00000000000040f8       0x18 ./Peripheral/src/ch32v20x_i2c.o
                0x00000000000040f8                I2C_DualAddressCmd
 .text.I2C_ITConfig
                0x0000000000004110       0x12 ./Peripheral/src/ch32v20x_i2c.o
                0x0000000000004110                I2C_ITConfig
 .text.I2C_SendData
                0x0000000000004122        0x4 ./Peripheral/src/ch32v20x_i2c.o
                0x0000000000004122                I2C_SendData
 .text.I2C_ReceiveData
                0x0000000000004126        0x8 ./Peripheral/src/ch32v20x_i2c.o
                0x0000000000004126                I2C_ReceiveData
 .text.I2C_Send7bitAddress
                0x000000000000412e       0x12 ./Peripheral/src/ch32v20x_i2c.o
                0x000000000000412e                I2C_Send7bitAddress
 .text.I2C_ReadRegister
                0x0000000000004140       0x14 ./Peripheral/src/ch32v20x_i2c.o
                0x0000000000004140                I2C_ReadRegister
 .text.I2C_GetFlagStatus
                0x0000000000004154       0x32 ./Peripheral/src/ch32v20x_i2c.o
                0x0000000000004154                I2C_GetFlagStatus
 .text.I2C_ClearFlag
                0x0000000000004186        0xc ./Peripheral/src/ch32v20x_i2c.o
                0x0000000000004186                I2C_ClearFlag
 .text.NVIC_PriorityGroupConfig
                0x0000000000004192        0xa ./Peripheral/src/ch32v20x_misc.o
                0x0000000000004192                NVIC_PriorityGroupConfig
 .text.NVIC_Init
                0x000000000000419c       0xaa ./Peripheral/src/ch32v20x_misc.o
                0x000000000000419c                NVIC_Init
 .text.PWR_BackupAccessCmd
                0x0000000000004246       0x16 ./Peripheral/src/ch32v20x_pwr.o
                0x0000000000004246                PWR_BackupAccessCmd
 .text.RCC_ADCCLKConfig
                0x000000000000425c       0x12 ./Peripheral/src/ch32v20x_rcc.o
                0x000000000000425c                RCC_ADCCLKConfig
 .text.RCC_LSEConfig
                0x000000000000426e       0x28 ./Peripheral/src/ch32v20x_rcc.o
                0x000000000000426e                RCC_LSEConfig
 .text.RCC_RTCCLKConfig
                0x0000000000004296        0xc ./Peripheral/src/ch32v20x_rcc.o
                0x0000000000004296                RCC_RTCCLKConfig
 .text.RCC_RTCCLKCmd
                0x00000000000042a2       0x20 ./Peripheral/src/ch32v20x_rcc.o
                0x00000000000042a2                RCC_RTCCLKCmd
 .text.RCC_GetClocksFreq
                0x00000000000042c2       0xbe ./Peripheral/src/ch32v20x_rcc.o
                0x00000000000042c2                RCC_GetClocksFreq
 .text.RCC_AHBPeriphClockCmd
                0x0000000000004380       0x1e ./Peripheral/src/ch32v20x_rcc.o
                0x0000000000004380                RCC_AHBPeriphClockCmd
 .text.RCC_APB2PeriphClockCmd
                0x000000000000439e       0x1e ./Peripheral/src/ch32v20x_rcc.o
                0x000000000000439e                RCC_APB2PeriphClockCmd
 .text.RCC_APB1PeriphClockCmd
                0x00000000000043bc       0x1e ./Peripheral/src/ch32v20x_rcc.o
                0x00000000000043bc                RCC_APB1PeriphClockCmd
 .text.RCC_APB2PeriphResetCmd
                0x00000000000043da       0x1e ./Peripheral/src/ch32v20x_rcc.o
                0x00000000000043da                RCC_APB2PeriphResetCmd
 .text.RCC_APB1PeriphResetCmd
                0x00000000000043f8       0x1e ./Peripheral/src/ch32v20x_rcc.o
                0x00000000000043f8                RCC_APB1PeriphResetCmd
 .text.RCC_BackupResetCmd
                0x0000000000004416       0x20 ./Peripheral/src/ch32v20x_rcc.o
                0x0000000000004416                RCC_BackupResetCmd
 .text.RCC_GetFlagStatus
                0x0000000000004436       0x2e ./Peripheral/src/ch32v20x_rcc.o
                0x0000000000004436                RCC_GetFlagStatus
 .text.RTC_ITConfig
                0x0000000000004464       0x1a ./Peripheral/src/ch32v20x_rtc.o
                0x0000000000004464                RTC_ITConfig
 .text.RTC_EnterConfigMode
                0x000000000000447e       0x12 ./Peripheral/src/ch32v20x_rtc.o
                0x000000000000447e                RTC_EnterConfigMode
 .text.RTC_ExitConfigMode
                0x0000000000004490       0x18 ./Peripheral/src/ch32v20x_rtc.o
                0x0000000000004490                RTC_ExitConfigMode
 .text.RTC_SetPrescaler
                0x00000000000044a8       0x2e ./Peripheral/src/ch32v20x_rtc.o
                0x00000000000044a8                RTC_SetPrescaler
 .text.RTC_WaitForLastTask
                0x00000000000044d6       0x10 ./Peripheral/src/ch32v20x_rtc.o
                0x00000000000044d6                RTC_WaitForLastTask
 .text.RTC_WaitForSynchro
                0x00000000000044e6       0x24 ./Peripheral/src/ch32v20x_rtc.o
                0x00000000000044e6                RTC_WaitForSynchro
 .text.RTC_ClearFlag
                0x000000000000450a       0x14 ./Peripheral/src/ch32v20x_rtc.o
                0x000000000000450a                RTC_ClearFlag
 .text.RTC_GetITStatus
                0x000000000000451e       0x20 ./Peripheral/src/ch32v20x_rtc.o
                0x000000000000451e                RTC_GetITStatus
 .text.RTC_ClearITPendingBit
                0x000000000000453e        0xc ./Peripheral/src/ch32v20x_rtc.o
                0x000000000000453e                RTC_ClearITPendingBit
 .text.SPI_I2S_DeInit
                0x000000000000454a       0x3e ./Peripheral/src/ch32v20x_spi.o
                0x000000000000454a                SPI_I2S_DeInit
 .text.SPI_Init
                0x0000000000004588       0x3e ./Peripheral/src/ch32v20x_spi.o
                0x0000000000004588                SPI_Init
 .text.SPI_Cmd  0x00000000000045c6       0x1a ./Peripheral/src/ch32v20x_spi.o
                0x00000000000045c6                SPI_Cmd
 .text.SPI_I2S_DMACmd
                0x00000000000045e0       0x12 ./Peripheral/src/ch32v20x_spi.o
                0x00000000000045e0                SPI_I2S_DMACmd
 .text.SPI_I2S_GetFlagStatus
                0x00000000000045f2        0xa ./Peripheral/src/ch32v20x_spi.o
                0x00000000000045f2                SPI_I2S_GetFlagStatus
 .text.SPI_I2S_ClearFlag
                0x00000000000045fc        0xc ./Peripheral/src/ch32v20x_spi.o
                0x00000000000045fc                SPI_I2S_ClearFlag
 .text.TI1_Config
                0x0000000000004608       0x6a ./Peripheral/src/ch32v20x_tim.o
 .text.TI2_Config
                0x0000000000004672       0x82 ./Peripheral/src/ch32v20x_tim.o
 .text.TIM_DeInit
                0x00000000000046f4       0x8a ./Peripheral/src/ch32v20x_tim.o
                0x00000000000046f4                TIM_DeInit
 .text.TIM_TimeBaseInit
                0x000000000000477e       0x6a ./Peripheral/src/ch32v20x_tim.o
                0x000000000000477e                TIM_TimeBaseInit
 .text.TIM_OC1Init
                0x00000000000047e8       0x6a ./Peripheral/src/ch32v20x_tim.o
                0x00000000000047e8                TIM_OC1Init
 .text.TIM_OC2Init
                0x0000000000004852       0x96 ./Peripheral/src/ch32v20x_tim.o
                0x0000000000004852                TIM_OC2Init
 .text.TIM_OC3Init
                0x00000000000048e8       0x94 ./Peripheral/src/ch32v20x_tim.o
                0x00000000000048e8                TIM_OC3Init
 .text.TIM_OC4Init
                0x000000000000497c       0x6c ./Peripheral/src/ch32v20x_tim.o
                0x000000000000497c                TIM_OC4Init
 .text.TIM_TimeBaseStructInit
                0x00000000000049e8       0x16 ./Peripheral/src/ch32v20x_tim.o
                0x00000000000049e8                TIM_TimeBaseStructInit
 .text.TIM_Cmd  0x00000000000049fe       0x18 ./Peripheral/src/ch32v20x_tim.o
                0x00000000000049fe                TIM_Cmd
 .text.TIM_CtrlPWMOutputs
                0x0000000000004a16       0x16 ./Peripheral/src/ch32v20x_tim.o
                0x0000000000004a16                TIM_CtrlPWMOutputs
 .text.TIM_ITConfig
                0x0000000000004a2c       0x12 ./Peripheral/src/ch32v20x_tim.o
                0x0000000000004a2c                TIM_ITConfig
 .text.TIM_DMACmd
                0x0000000000004a3e        0xc ./Peripheral/src/ch32v20x_tim.o
                0x0000000000004a3e                TIM_DMACmd
 .text.TIM_InternalClockConfig
                0x0000000000004a4a       0x10 ./Peripheral/src/ch32v20x_tim.o
                0x0000000000004a4a                TIM_InternalClockConfig
 .text.TIM_ARRPreloadConfig
                0x0000000000004a5a       0x1a ./Peripheral/src/ch32v20x_tim.o
                0x0000000000004a5a                TIM_ARRPreloadConfig
 .text.TIM_OC1PreloadConfig
                0x0000000000004a74        0xe ./Peripheral/src/ch32v20x_tim.o
                0x0000000000004a74                TIM_OC1PreloadConfig
 .text.TIM_OC2PreloadConfig
                0x0000000000004a82       0x16 ./Peripheral/src/ch32v20x_tim.o
                0x0000000000004a82                TIM_OC2PreloadConfig
 .text.TIM_OC3PreloadConfig
                0x0000000000004a98        0xe ./Peripheral/src/ch32v20x_tim.o
                0x0000000000004a98                TIM_OC3PreloadConfig
 .text.TIM_OC4PreloadConfig
                0x0000000000004aa6       0x16 ./Peripheral/src/ch32v20x_tim.o
                0x0000000000004aa6                TIM_OC4PreloadConfig
 .text.TIM_SetIC1Prescaler
                0x0000000000004abc       0x16 ./Peripheral/src/ch32v20x_tim.o
                0x0000000000004abc                TIM_SetIC1Prescaler
 .text.TIM_SetIC2Prescaler
                0x0000000000004ad2       0x1a ./Peripheral/src/ch32v20x_tim.o
                0x0000000000004ad2                TIM_SetIC2Prescaler
 .text.TIM_SetIC3Prescaler
                0x0000000000004aec       0x16 ./Peripheral/src/ch32v20x_tim.o
                0x0000000000004aec                TIM_SetIC3Prescaler
 .text.TIM_SetIC4Prescaler
                0x0000000000004b02       0x1a ./Peripheral/src/ch32v20x_tim.o
                0x0000000000004b02                TIM_SetIC4Prescaler
 .text.TIM_ICInit
                0x0000000000004b1c      0x168 ./Peripheral/src/ch32v20x_tim.o
                0x0000000000004b1c                TIM_ICInit
 .text.TIM_GetCapture3
                0x0000000000004c84        0x4 ./Peripheral/src/ch32v20x_tim.o
                0x0000000000004c84                TIM_GetCapture3
 .text.TIM_GetCapture4
                0x0000000000004c88        0x6 ./Peripheral/src/ch32v20x_tim.o
                0x0000000000004c88                TIM_GetCapture4
 .text.TIM_GetFlagStatus
                0x0000000000004c8e        0xa ./Peripheral/src/ch32v20x_tim.o
                0x0000000000004c8e                TIM_GetFlagStatus
 .text.TIM_ClearFlag
                0x0000000000004c98        0xc ./Peripheral/src/ch32v20x_tim.o
                0x0000000000004c98                TIM_ClearFlag
 .text.TIM_GetITStatus
                0x0000000000004ca4       0x18 ./Peripheral/src/ch32v20x_tim.o
                0x0000000000004ca4                TIM_GetITStatus
 .text.TIM_ClearITPendingBit
                0x0000000000004cbc        0xc ./Peripheral/src/ch32v20x_tim.o
                0x0000000000004cbc                TIM_ClearITPendingBit
 .text.USART_SendData
                0x0000000000004cc8        0x8 ./Peripheral/src/ch32v20x_usart.o
                0x0000000000004cc8                USART_SendData
 .text.USART_GetFlagStatus
                0x0000000000004cd0        0xa ./Peripheral/src/ch32v20x_usart.o
                0x0000000000004cd0                USART_GetFlagStatus
 .text.vAINInit
                0x0000000000004cda       0x36 ./HWLIB/hw_lib_adc.o
                0x0000000000004cda                vAINInit
 .text.fGetAinCalData
                0x0000000000004d10       0xb2 ./HWLIB/hw_lib_adc.o
                0x0000000000004d10                fGetAinCalData
 .text.eAinCalDataConfig
                0x0000000000004dc2       0x48 ./HWLIB/hw_lib_adc.o
                0x0000000000004dc2                eAinCalDataConfig
 .text.vABLineKoofFinde
                0x0000000000004e0a       0x6a ./HWLIB/hw_lib_adc.o
                0x0000000000004e0a                vABLineKoofFinde
 .text.eSetAinCalPoint
                0x0000000000004e74       0x64 ./HWLIB/hw_lib_adc.o
                0x0000000000004e74                eSetAinCalPoint
 .text.getADC1Buffer
                0x0000000000004ed8        0xa ./HWLIB/hw_lib_adc.o
                0x0000000000004ed8                getADC1Buffer
 .text.eDOUTConfigWtihStruct
                0x0000000000004ee2       0x1a ./HWLIB/hw_lib_din.o
                0x0000000000004ee2                eDOUTConfigWtihStruct
 .text.eSetDUT  0x0000000000004efc       0x12 ./HWLIB/hw_lib_din.o
                0x0000000000004efc                eSetDUT
 .text.eDinConfigWtihStruct
                0x0000000000004f0e       0x32 ./HWLIB/hw_lib_din.o
                0x0000000000004f0e                eDinConfigWtihStruct
 .text.uGetDIN  0x0000000000004f40       0x14 ./HWLIB/hw_lib_din.o
                0x0000000000004f40                uGetDIN
 .text.eRPMConfig
                0x0000000000004f54       0x5a ./HWLIB/hw_lib_din.o
                0x0000000000004f54                eRPMConfig
 .text.RMPDataConvert
                0x0000000000004fae       0x78 ./HWLIB/hw_lib_din.o
                0x0000000000004fae                RMPDataConvert
 .text.getCaputreBuffer
                0x0000000000005026       0x16 ./HWLIB/hw_lib_din.o
                0x0000000000005026                getCaputreBuffer
 .text.GetRPM   0x000000000000503c       0x74 ./HWLIB/hw_lib_din.o
                0x000000000000503c                GetRPM
 .text.xGetRPM  0x00000000000050b0       0x72 ./HWLIB/hw_lib_din.o
                0x00000000000050b0                xGetRPM
 .text.vDinDoutProcess
                0x0000000000005122       0x98 ./HWLIB/hw_lib_din.o
                0x0000000000005122                vDinDoutProcess
 .text.vInitEEPROM
                0x00000000000051ba       0x18 ./HWLIB/hw_lib_eeprom.o
                0x00000000000051ba                vInitEEPROM
 .text.xGetEEPROM
                0x00000000000051d2        0xa ./HWLIB/hw_lib_eeprom.o
                0x00000000000051d2                xGetEEPROM
 .text.eEEPROMWr
                0x00000000000051dc       0xae ./HWLIB/hw_lib_eeprom.o
                0x00000000000051dc                eEEPROMWr
 .text.eEEPROMRd
                0x000000000000528a       0x34 ./HWLIB/hw_lib_eeprom.o
                0x000000000000528a                eEEPROMRd
 .text.bReadEEPROM
                0x00000000000052be       0x1a ./HWLIB/hw_lib_eeprom.o
                0x00000000000052be                bReadEEPROM
 .text.Get_ConversionVal
                0x00000000000052d8       0x2e ./HAL/hal_adc.o
                0x00000000000052d8                Get_ConversionVal
 .text.HAL_ADC_CommonConfig
                0x0000000000005306        0xe ./HAL/hal_adc.o
                0x0000000000005306                HAL_ADC_CommonConfig
 .text.HAL_ADC_ContiniusScanCinvertionDMA
                0x0000000000005314       0xda ./HAL/hal_adc.o
                0x0000000000005314                HAL_ADC_ContiniusScanCinvertionDMA
 .text.ADC1_2_IRQHandler
                0x00000000000053ee       0x74 ./HAL/hal_adc.o
                0x00000000000053ee                ADC1_2_IRQHandler
 .text.HAL_CANSetTXCallback
                0x0000000000005462        0xa ./HAL/hal_can.o
                0x0000000000005462                HAL_CANSetTXCallback
 .text.HAL_CANSetRXCallback
                0x000000000000546c        0xa ./HAL/hal_can.o
                0x000000000000546c                HAL_CANSetRXCallback
 .text.HAL_CANSetERRCallback
                0x0000000000005476        0xa ./HAL/hal_can.o
                0x0000000000005476                HAL_CANSetERRCallback
 .text.HAL_CANIntIT
                0x0000000000005480      0x124 ./HAL/hal_can.o
                0x0000000000005480                HAL_CANIntIT
 .text.HAL_CANToInitMode
                0x00000000000055a4       0x16 ./HAL/hal_can.o
                0x00000000000055a4                HAL_CANToInitMode
 .text.HAL_CANToOperatingMode
                0x00000000000055ba       0x16 ./HAL/hal_can.o
                0x00000000000055ba                HAL_CANToOperatingMode
 .text.HAL_CANSend
                0x00000000000055d0       0x50 ./HAL/hal_can.o
                0x00000000000055d0                HAL_CANSend
 .text.HAL_CANSetFiters
                0x0000000000005620       0x3a ./HAL/hal_can.o
                0x0000000000005620                HAL_CANSetFiters
 .text.HAL_CANGetRXMessage
                0x000000000000565a       0x52 ./HAL/hal_can.o
                0x000000000000565a                HAL_CANGetRXMessage
 .text.USB_HP_CAN1_TX_IRQHandler
                0x00000000000056ac       0xd6 ./HAL/hal_can.o
                0x00000000000056ac                USB_HP_CAN1_TX_IRQHandler
 .text.USB_LP_CAN1_RX0_IRQHandler
                0x0000000000005782       0x62 ./HAL/hal_can.o
                0x0000000000005782                USB_LP_CAN1_RX0_IRQHandler
 .text.CAN1_RX1_IRQHandler
                0x00000000000057e4       0x64 ./HAL/hal_can.o
                0x00000000000057e4                CAN1_RX1_IRQHandler
 .text.CAN1_SCE_IRQHandler
                0x0000000000005848       0x62 ./HAL/hal_can.o
                0x0000000000005848                CAN1_SCE_IRQHandler
 .text.HAL_DMA_Enable
                0x00000000000058aa        0xe ./HAL/hal_dma.o
                0x00000000000058aa                HAL_DMA_Enable
 .text.HAL_DMA_Disable
                0x00000000000058b8        0xe ./HAL/hal_dma.o
                0x00000000000058b8                HAL_DMA_Disable
 .text.HAL_DMA_SetCounter
                0x00000000000058c6       0x10 ./HAL/hal_dma.o
                0x00000000000058c6                HAL_DMA_SetCounter
 .text.HAL_DMAInitIT
                0x00000000000058d6      0x172 ./HAL/hal_dma.o
                0x00000000000058d6                HAL_DMAInitIT
 .text.HAL_ADC_StartDMA
                0x0000000000005a48       0x64 ./HAL/hal_dma.o
                0x0000000000005a48                HAL_ADC_StartDMA
 .text.DMA1_Channel1_IRQHandler
                0x0000000000005aac       0x64 ./HAL/hal_dma.o
                0x0000000000005aac                DMA1_Channel1_IRQHandler
 .text.DMA1_Channel3_IRQHandler
                0x0000000000005b10       0x68 ./HAL/hal_dma.o
                0x0000000000005b10                DMA1_Channel3_IRQHandler
 .text.DMA1_Channel5_IRQHandler
                0x0000000000005b78       0x66 ./HAL/hal_dma.o
                0x0000000000005b78                DMA1_Channel5_IRQHandler
 .text.DMA1_Channel4_IRQHandler
                0x0000000000005bde       0x64 ./HAL/hal_dma.o
                0x0000000000005bde                DMA1_Channel4_IRQHandler
 .text.DMA1_Channel7_IRQHandler
                0x0000000000005c42       0x68 ./HAL/hal_dma.o
                0x0000000000005c42                DMA1_Channel7_IRQHandler
 .text.HAL_InitGpioLib
                0x0000000000005caa       0x12 ./HAL/hal_gpio.o
                0x0000000000005caa                HAL_InitGpioLib
 .text.HAL_InitGpioRCC
                0x0000000000005cbc       0xb6 ./HAL/hal_gpio.o
                0x0000000000005cbc                HAL_InitGpioRCC
 .text.HAL_InitGpioOut
                0x0000000000005d72       0x28 ./HAL/hal_gpio.o
                0x0000000000005d72                HAL_InitGpioOut
 .text.HAL_InitGpioAIN
                0x0000000000005d9a       0x26 ./HAL/hal_gpio.o
                0x0000000000005d9a                HAL_InitGpioAIN
 .text.HAL_InitGpioIn
                0x0000000000005dc0       0x28 ./HAL/hal_gpio.o
                0x0000000000005dc0                HAL_InitGpioIn
 .text.HAL_InitGpioAF
                0x0000000000005de8       0x3c ./HAL/hal_gpio.o
                0x0000000000005de8                HAL_InitGpioAF
 .text.HAL_GetBit
                0x0000000000005e24        0xc ./HAL/hal_gpio.o
                0x0000000000005e24                HAL_GetBit
 .text.HAL_SetBit
                0x0000000000005e30        0xc ./HAL/hal_gpio.o
                0x0000000000005e30                HAL_SetBit
 .text.HAL_ResetBit
                0x0000000000005e3c        0xc ./HAL/hal_gpio.o
                0x0000000000005e3c                HAL_ResetBit
 .text.I2C_Master_TransmitIT
                0x0000000000005e48       0x9a ./HAL/hal_i2c.o
 .text.I2C_Master_ReviceIT
                0x0000000000005ee2       0xa8 ./HAL/hal_i2c.o
 .text.I2C_FSM  0x0000000000005f8a      0x1d6 ./HAL/hal_i2c.o
 .text.InitI2CDMA
                0x0000000000006160       0xe0 ./HAL/hal_i2c.o
                0x0000000000006160                InitI2CDMA
 .text.I2C1_EV_IRQHandler
                0x0000000000006240       0x4c ./HAL/hal_i2c.o
                0x0000000000006240                I2C1_EV_IRQHandler
 .text.I2C1_ER_IRQHandler
                0x000000000000628c       0x4c ./HAL/hal_i2c.o
                0x000000000000628c                I2C1_ER_IRQHandler
 .text.I2C2_EV_IRQHandler
                0x00000000000062d8       0x4c ./HAL/hal_i2c.o
                0x00000000000062d8                I2C2_EV_IRQHandler
 .text.I2C2_ER_IRQHandler
                0x0000000000006324       0x4c ./HAL/hal_i2c.o
                0x0000000000006324                I2C2_ER_IRQHandler
 .text.HAL_RTC_IT_Init
                0x0000000000006370       0xb0 ./HAL/hal_rtc.o
                0x0000000000006370                HAL_RTC_IT_Init
 .text.RTC_IRQHandler
                0x0000000000006420       0x64 ./HAL/hal_rtc.o
                0x0000000000006420                RTC_IRQHandler
 .text.HAL_SPI_InitDMA
                0x0000000000006484       0x94 ./HAL/hal_spi.o
                0x0000000000006484                HAL_SPI_InitDMA
 .text.HAL_SPI_RXOveleyClear
                0x0000000000006518       0x10 ./HAL/hal_spi.o
                0x0000000000006518                HAL_SPI_RXOveleyClear
 .text.HAL_SPI_GetBusy
                0x0000000000006528       0x16 ./HAL/hal_spi.o
                0x0000000000006528                HAL_SPI_GetBusy
 .text.vTimerInitRCC
                0x000000000000653e       0x3e ./HAL/hal_timers.o
 .text.TIM1_CC_IRQHandler
                0x000000000000657c       0xea ./HAL/hal_timers.o
                0x000000000000657c                TIM1_CC_IRQHandler
 .text.TIM1_UP_IRQHandler
                0x0000000000006666       0x74 ./HAL/hal_timers.o
                0x0000000000006666                TIM1_UP_IRQHandler
 .text.TIM4_IRQHandler
                0x00000000000066da       0x74 ./HAL/hal_timers.o
                0x00000000000066da                TIM4_IRQHandler
 .text.TIM3_IRQHandler
                0x000000000000674e       0x74 ./HAL/hal_timers.o
                0x000000000000674e                TIM3_IRQHandler
 .text.TIM2_IRQHandler
                0x00000000000067c2       0x6c ./HAL/hal_timers.o
                0x00000000000067c2                TIM2_IRQHandler
 .text.HAL_TiemrEneblae
                0x000000000000682e       0x1c ./HAL/hal_timers.o
                0x000000000000682e                HAL_TiemrEneblae
 .text.HW_TIMER_BaseTimerInit
                0x000000000000684a       0x60 ./HAL/hal_timers.o
                0x000000000000684a                HW_TIMER_BaseTimerInit
 .text.HAL_TIMER_InitIt
                0x00000000000068aa       0xa4 ./HAL/hal_timers.o
                0x00000000000068aa                HAL_TIMER_InitIt
 .text.HAL_TIMER_PWMTimersInit
                0x000000000000694e       0xec ./HAL/hal_timers.o
                0x000000000000694e                HAL_TIMER_PWMTimersInit
 .text.HAL_TimeInitCaptureIT
                0x0000000000006a3a      0x142 ./HAL/hal_timers.o
                0x0000000000006a3a                HAL_TimeInitCaptureIT
 .text.HAL_TimeInitCaptureDMA
                0x0000000000006b7c      0x114 ./HAL/hal_timers.o
                0x0000000000006b7c                HAL_TimeInitCaptureDMA
 .text.HAL_TIMER_DisablePWMCH
                0x0000000000006c90       0x1c ./HAL/hal_timers.o
                0x0000000000006c90                HAL_TIMER_DisablePWMCH
 .text.HAL_TIMER_SetPWMPulse
                0x0000000000006cac       0x80 ./HAL/hal_timers.o
                0x0000000000006cac                HAL_TIMER_SetPWMPulse
 .text.HAL_TIMER_EnablePWMCH
                0x0000000000006d2c       0x1c ./HAL/hal_timers.o
                0x0000000000006d2c                HAL_TIMER_EnablePWMCH
 .text.HAL_WDTReset
                0x0000000000006d48        0x2 ./HAL/hal_wdt.o
                0x0000000000006d48                HAL_WDTReset
 .text.prvInsertBlockIntoFreeList
                0x0000000000006d4a       0x4c ./FreeRTOS/portable/MemMang/heap_4.o
 .text.pvPortMalloc
                0x0000000000006d96      0x18a ./FreeRTOS/portable/MemMang/heap_4.o
                0x0000000000006d96                pvPortMalloc
 .text.vPortFree
                0x0000000000006f20       0xa8 ./FreeRTOS/portable/MemMang/heap_4.o
                0x0000000000006f20                vPortFree
 .text.vPortSetupTimerInterrupt
                0x0000000000006fc8       0x3e ./FreeRTOS/portable/GCC/RISC-V/port.o
                0x0000000000006fc8                vPortSetupTimerInterrupt
 .text.xPortStartScheduler
                0x0000000000007006       0x90 ./FreeRTOS/portable/GCC/RISC-V/port.o
                0x0000000000007006                xPortStartScheduler
 .text.SysTick_Handler
                0x0000000000007096       0x7c ./FreeRTOS/portable/GCC/RISC-V/port.o
                0x0000000000007096                SysTick_Handler
 .text.vPortEnterCritical
                0x0000000000007112       0x16 ./FreeRTOS/portable/GCC/RISC-V/port.o
                0x0000000000007112                vPortEnterCritical
 .text.vPortExitCritical
                0x0000000000007128       0x42 ./FreeRTOS/portable/GCC/RISC-V/port.o
                0x0000000000007128                vPortExitCritical
 .text.xPortSetInterruptMask
                0x000000000000716a        0xc ./FreeRTOS/portable/GCC/RISC-V/port.o
                0x000000000000716a                xPortSetInterruptMask
 .text.vPortClearInterruptMask
                0x0000000000007176        0x6 ./FreeRTOS/portable/GCC/RISC-V/port.o
                0x0000000000007176                vPortClearInterruptMask
 .text.vListInitialise
                0x000000000000717c       0x14 ./FreeRTOS/list.o
                0x000000000000717c                vListInitialise
 .text.vListInitialiseItem
                0x0000000000007190        0x6 ./FreeRTOS/list.o
                0x0000000000007190                vListInitialiseItem
 .text.vListInsertEnd
                0x0000000000007196       0x18 ./FreeRTOS/list.o
                0x0000000000007196                vListInsertEnd
 .text.vListInsert
                0x00000000000071ae       0x2e ./FreeRTOS/list.o
                0x00000000000071ae                vListInsert
 .text.uxListRemove
                0x00000000000071dc       0x20 ./FreeRTOS/list.o
                0x00000000000071dc                uxListRemove
 .text.prvIsQueueEmpty
                0x00000000000071fc       0x1e ./FreeRTOS/queue.o
 .text.prvCopyDataToQueue
                0x000000000000721a       0x72 ./FreeRTOS/queue.o
 .text.prvCopyDataFromQueue
                0x000000000000728c       0x28 ./FreeRTOS/queue.o
 .text.prvUnlockQueue
                0x00000000000072b4       0x76 ./FreeRTOS/queue.o
 .text.xQueueGenericReset
                0x000000000000732a       0xc4 ./FreeRTOS/queue.o
                0x000000000000732a                xQueueGenericReset
 .text.xQueueGenericCreateStatic
                0x00000000000073ee       0xae ./FreeRTOS/queue.o
                0x00000000000073ee                xQueueGenericCreateStatic
 .text.xQueueGenericCreate
                0x000000000000749c       0x72 ./FreeRTOS/queue.o
                0x000000000000749c                xQueueGenericCreate
 .text.xQueueGenericSend
                0x000000000000750e      0x1a8 ./FreeRTOS/queue.o
                0x000000000000750e                xQueueGenericSend
 .text.xQueueGiveMutexRecursive
                0x00000000000076b6       0x56 ./FreeRTOS/queue.o
                0x00000000000076b6                xQueueGiveMutexRecursive
 .text.xQueueCreateMutex
                0x000000000000770c       0x2e ./FreeRTOS/queue.o
                0x000000000000770c                xQueueCreateMutex
 .text.xQueueReceive
                0x000000000000773a      0x166 ./FreeRTOS/queue.o
                0x000000000000773a                xQueueReceive
 .text.xQueueSemaphoreTake
                0x00000000000078a0      0x1be ./FreeRTOS/queue.o
                0x00000000000078a0                xQueueSemaphoreTake
 .text.xQueueTakeMutexRecursive
                0x0000000000007a5e       0x5a ./FreeRTOS/queue.o
                0x0000000000007a5e                xQueueTakeMutexRecursive
 .text.vQueueAddToRegistry
                0x0000000000007ab8       0x6c ./FreeRTOS/queue.o
                0x0000000000007ab8                vQueueAddToRegistry
 .text.vQueueWaitForMessageRestricted
                0x0000000000007b24       0x5c ./FreeRTOS/queue.o
                0x0000000000007b24                vQueueWaitForMessageRestricted
 .text.prvIdleTask
                0x0000000000007b80        0x2 ./FreeRTOS/tasks.o
 .text.prvAddNewTaskToReadyList
                0x0000000000007b82      0x10e ./FreeRTOS/tasks.o
 .text.prvResetNextTaskUnblockTime
                0x0000000000007c90       0x24 ./FreeRTOS/tasks.o
 .text.prvTaskIsTaskSuspended
                0x0000000000007cb4       0x50 ./FreeRTOS/tasks.o
 .text.prvInitialiseNewTask.isra.2
                0x0000000000007d04       0xc8 ./FreeRTOS/tasks.o
 .text.prvAddCurrentTaskToDelayedList
                0x0000000000007dcc       0xa8 ./FreeRTOS/tasks.o
 .text.xTaskCreateStatic
                0x0000000000007e74       0xa6 ./FreeRTOS/tasks.o
                0x0000000000007e74                xTaskCreateStatic
 .text.vTaskResume
                0x0000000000007f1a       0xaa ./FreeRTOS/tasks.o
                0x0000000000007f1a                vTaskResume
 .text.vTaskStartScheduler
                0x0000000000007fc4       0x94 ./FreeRTOS/tasks.o
                0x0000000000007fc4                vTaskStartScheduler
 .text.vTaskSuspendAll
                0x0000000000008058       0x10 ./FreeRTOS/tasks.o
                0x0000000000008058                vTaskSuspendAll
 .text.xTaskGetTickCount
                0x0000000000008068        0x6 ./FreeRTOS/tasks.o
                0x0000000000008068                xTaskGetTickCount
 .text.xTaskIncrementTick
                0x000000000000806e      0x19c ./FreeRTOS/tasks.o
                0x000000000000806e                xTaskIncrementTick
 .text.xTaskResumeAll
                0x000000000000820a      0x158 ./FreeRTOS/tasks.o
                0x000000000000820a                xTaskResumeAll
 .text.vTaskDelay
                0x0000000000008362       0x66 ./FreeRTOS/tasks.o
                0x0000000000008362                vTaskDelay
 .text.vTaskSwitchContext
                0x00000000000083c8       0x96 ./FreeRTOS/tasks.o
                0x00000000000083c8                vTaskSwitchContext
 .text.vTaskSuspend
                0x000000000000845e       0xea ./FreeRTOS/tasks.o
                0x000000000000845e                vTaskSuspend
 .text.vTaskPlaceOnEventList
                0x0000000000008548       0x48 ./FreeRTOS/tasks.o
                0x0000000000008548                vTaskPlaceOnEventList
 .text.vTaskPlaceOnEventListRestricted
                0x0000000000008590       0x76 ./FreeRTOS/tasks.o
                0x0000000000008590                vTaskPlaceOnEventListRestricted
 .text.xTaskRemoveFromEventList
                0x0000000000008606       0xe8 ./FreeRTOS/tasks.o
                0x0000000000008606                xTaskRemoveFromEventList
 .text.vTaskInternalSetTimeOutState
                0x00000000000086ee        0xe ./FreeRTOS/tasks.o
                0x00000000000086ee                vTaskInternalSetTimeOutState
 .text.xTaskCheckForTimeOut
                0x00000000000086fc       0xaa ./FreeRTOS/tasks.o
                0x00000000000086fc                xTaskCheckForTimeOut
 .text.vTaskMissedYield
                0x00000000000087a6        0x8 ./FreeRTOS/tasks.o
                0x00000000000087a6                vTaskMissedYield
 .text.xTaskGetCurrentTaskHandle
                0x00000000000087ae        0xa ./FreeRTOS/tasks.o
                0x00000000000087ae                xTaskGetCurrentTaskHandle
 .text.xTaskGetSchedulerState
                0x00000000000087b8       0x18 ./FreeRTOS/tasks.o
                0x00000000000087b8                xTaskGetSchedulerState
 .text.xTaskPriorityInherit
                0x00000000000087d0       0xae ./FreeRTOS/tasks.o
                0x00000000000087d0                xTaskPriorityInherit
 .text.xTaskPriorityDisinherit
                0x000000000000887e       0xca ./FreeRTOS/tasks.o
                0x000000000000887e                xTaskPriorityDisinherit
 .text.vTaskPriorityDisinheritAfterTimeout
                0x0000000000008948       0xe6 ./FreeRTOS/tasks.o
                0x0000000000008948                vTaskPriorityDisinheritAfterTimeout
 .text.pvTaskIncrementMutexHeldCount
                0x0000000000008a2e       0x1c ./FreeRTOS/tasks.o
                0x0000000000008a2e                pvTaskIncrementMutexHeldCount
 .text.ulTaskGenericNotifyTake
                0x0000000000008a4a       0xb8 ./FreeRTOS/tasks.o
                0x0000000000008a4a                ulTaskGenericNotifyTake
 .text.xTaskGenericNotifyWait
                0x0000000000008b02       0xe6 ./FreeRTOS/tasks.o
                0x0000000000008b02                xTaskGenericNotifyWait
 .text.xTaskGenericNotify
                0x0000000000008be8      0x1b0 ./FreeRTOS/tasks.o
                0x0000000000008be8                xTaskGenericNotify
 .text.xTaskGenericNotifyFromISR
                0x0000000000008d98      0x1ec ./FreeRTOS/tasks.o
                0x0000000000008d98                xTaskGenericNotifyFromISR
 .text.ulTaskGenericNotifyValueClear
                0x0000000000008f84       0x3e ./FreeRTOS/tasks.o
                0x0000000000008f84                ulTaskGenericNotifyValueClear
 .text.prvCheckForValidListAndQueue
                0x0000000000008fc2       0x6a ./FreeRTOS/timers.o
 .text.prvInsertTimerInActiveList
                0x000000000000902c       0x3e ./FreeRTOS/timers.o
 .text.prvReloadTimer
                0x000000000000906a       0x2a ./FreeRTOS/timers.o
 .text.prvProcessExpiredTimer
                0x0000000000009094       0x42 ./FreeRTOS/timers.o
 .text.prvSwitchTimerLists
                0x00000000000090d6       0x28 ./FreeRTOS/timers.o
 .text.prvTimerTask
                0x00000000000090fe      0x188 ./FreeRTOS/timers.o
 .text.xTimerCreateTimerTask
                0x0000000000009286       0x6e ./FreeRTOS/timers.o
                0x0000000000009286                xTimerCreateTimerTask
 .text.vRCFilter
                0x00000000000092f4       0x30 ./Drivers/filters.o
                0x00000000000092f4                vRCFilter
 .text.vInitABFilter
                0x0000000000009324       0x22 ./Drivers/filters.o
                0x0000000000009324                vInitABFilter
 .text.vInitRunAverga
                0x0000000000009346        0x8 ./Drivers/filters.o
                0x0000000000009346                vInitRunAverga
 .text.vInitMedianFilter
                0x000000000000934e       0x12 ./Drivers/filters.o
                0x000000000000934e                vInitMedianFilter
 .text.MedianFilter
                0x0000000000009360       0x6e ./Drivers/filters.o
                0x0000000000009360                MedianFilter
 .text.Delay_Ms
                0x00000000000093ce       0x36 ./Debug/debug.o
                0x00000000000093ce                Delay_Ms
 .text._write   0x0000000000009404       0x3e ./Debug/debug.o
                0x0000000000009404                _write
 .text._sbrk    0x0000000000009442       0x2a ./Debug/debug.o
                0x0000000000009442                _sbrk
 .text.prv_read_can_received_msg
                0x000000000000946c       0x50 ./CANopenNode/keypad/CO_driver_ST32F103.o
                0x000000000000946c                prv_read_can_received_msg
 .text.prv_send_can_message.isra.0
                0x00000000000094bc       0x2c ./CANopenNode/keypad/CO_driver_ST32F103.o
 .text.CAN_SendMessage
                0x00000000000094e8       0x66 ./CANopenNode/keypad/CO_driver_ST32F103.o
                0x00000000000094e8                CAN_SendMessage
 .text.co_drv_create_os_objects
                0x000000000000954e       0x30 ./CANopenNode/keypad/CO_driver_ST32F103.o
                0x000000000000954e                co_drv_create_os_objects
 .text.co_drv_mutex_lock
                0x000000000000957e       0x18 ./CANopenNode/keypad/CO_driver_ST32F103.o
                0x000000000000957e                co_drv_mutex_lock
 .text.co_drv_mutex_unlock
                0x0000000000009596       0x16 ./CANopenNode/keypad/CO_driver_ST32F103.o
                0x0000000000009596                co_drv_mutex_unlock
 .text.CO_CANsetConfigurationMode
                0x00000000000095ac       0x10 ./CANopenNode/keypad/CO_driver_ST32F103.o
                0x00000000000095ac                CO_CANsetConfigurationMode
 .text.CO_CANsetNormalMode
                0x00000000000095bc       0x1c ./CANopenNode/keypad/CO_driver_ST32F103.o
                0x00000000000095bc                CO_CANsetNormalMode
 .text.CO_CANmodule_init
                0x00000000000095d8      0x110 ./CANopenNode/keypad/CO_driver_ST32F103.o
                0x00000000000095d8                CO_CANmodule_init
 .text.CO_CANmodule_disable
                0x00000000000096e8       0x14 ./CANopenNode/keypad/CO_driver_ST32F103.o
                0x00000000000096e8                CO_CANmodule_disable
 .text.CO_CANrxBufferInit
                0x00000000000096fc       0x52 ./CANopenNode/keypad/CO_driver_ST32F103.o
                0x00000000000096fc                CO_CANrxBufferInit
 .text.CO_CANtxBufferInit
                0x000000000000974e       0x3a ./CANopenNode/keypad/CO_driver_ST32F103.o
                0x000000000000974e                CO_CANtxBufferInit
 .text.CO_CANmodule_process
                0x0000000000009788       0x12 ./CANopenNode/keypad/CO_driver_ST32F103.o
                0x0000000000009788                CO_CANmodule_process
 .text.CO_CANsend
                0x000000000000979a       0x46 ./CANopenNode/keypad/CO_driver_ST32F103.o
                0x000000000000979a                CO_CANsend
 .text.CO_LSSslave_receive
                0x00000000000097e0      0x1a8 ./CANopenNode/305/CO_LSSslave.o
 .text.CO_LSSslave_init
                0x0000000000009988       0xa4 ./CANopenNode/305/CO_LSSslave.o
                0x0000000000009988                CO_LSSslave_init
 .text.CO_LSSslave_process
                0x0000000000009a2c      0x1a2 ./CANopenNode/305/CO_LSSslave.o
                0x0000000000009a2c                CO_LSSslave_process
 .text.OD_write_1003
                0x0000000000009bce       0x28 ./CANopenNode/301/CO_Emergency.o
 .text.OD_read_1003
                0x0000000000009bf6       0x8c ./CANopenNode/301/CO_Emergency.o
 .text.OD_read_1014_default
                0x0000000000009c82       0x50 ./CANopenNode/301/CO_Emergency.o
 .text.CO_EM_init
                0x0000000000009cd2      0x112 ./CANopenNode/301/CO_Emergency.o
                0x0000000000009cd2                CO_EM_init
 .text.CO_error
                0x0000000000009de4       0xc4 ./CANopenNode/301/CO_Emergency.o
                0x0000000000009de4                CO_error
 .text.CO_EM_process
                0x0000000000009ea8      0x182 ./CANopenNode/301/CO_Emergency.o
                0x0000000000009ea8                CO_EM_process
 .text.CO_NMT_receive
                0x000000000000a02a       0x18 ./CANopenNode/301/CO_NMT_Heartbeat.o
 .text.OD_write_1017
                0x000000000000a042       0x48 ./CANopenNode/301/CO_NMT_Heartbeat.o
 .text.CO_NMT_init
                0x000000000000a08a       0xec ./CANopenNode/301/CO_NMT_Heartbeat.o
                0x000000000000a08a                CO_NMT_init
 .text.CO_NMT_process
                0x000000000000a176      0x106 ./CANopenNode/301/CO_NMT_Heartbeat.o
                0x000000000000a176                CO_NMT_process
 .text.OD_readDisabled
                0x000000000000a27c        0x4 ./CANopenNode/301/CO_ODinterface.o
 .text.OD_readOriginal
                0x000000000000a280       0x50 ./CANopenNode/301/CO_ODinterface.o
                0x000000000000a280                OD_readOriginal
 .text.OD_writeOriginal
                0x000000000000a2d0       0x54 ./CANopenNode/301/CO_ODinterface.o
                0x000000000000a2d0                OD_writeOriginal
 .text.OD_writeDisabled
                0x000000000000a324        0x4 ./CANopenNode/301/CO_ODinterface.o
 .text.OD_find  0x000000000000a328       0x70 ./CANopenNode/301/CO_ODinterface.o
                0x000000000000a328                OD_find
 .text.OD_getSub
                0x000000000000a398       0xf6 ./CANopenNode/301/CO_ODinterface.o
                0x000000000000a398                OD_getSub
 .text.OD_getSDOabCode
                0x000000000000a48e       0x20 ./CANopenNode/301/CO_ODinterface.o
                0x000000000000a48e                OD_getSDOabCode
 .text.OD_get_value
                0x000000000000a4ae       0x34 ./CANopenNode/301/CO_ODinterface.o
                0x000000000000a4ae                OD_get_value
 .text.OD_set_value
                0x000000000000a4e2       0x2e ./CANopenNode/301/CO_ODinterface.o
                0x000000000000a4e2                OD_set_value
 .text.OD_getPtr
                0x000000000000a510       0x3c ./CANopenNode/301/CO_ODinterface.o
                0x000000000000a510                OD_getPtr
 .text.OD_write_dummy
                0x000000000000a54c        0x8 ./CANopenNode/301/CO_PDO.o
 .text.OD_read_dummy
                0x000000000000a554       0x2e ./CANopenNode/301/CO_PDO.o
 .text.PDOconfigMap
                0x000000000000a582      0x100 ./CANopenNode/301/CO_PDO.o
 .text.CO_PDO_receive
                0x000000000000a682       0x48 ./CANopenNode/301/CO_PDO.o
 .text.OD_read_PDO_commParam
                0x000000000000a6ca       0x70 ./CANopenNode/301/CO_PDO.o
 .text.PDO_initMapping.constprop.3
                0x000000000000a73a       0xe6 ./CANopenNode/301/CO_PDO.o
 .text.OD_write_PDO_mapping
                0x000000000000a820       0xb4 ./CANopenNode/301/CO_PDO.o
 .text.OD_write_18xx
                0x000000000000a8d4      0x184 ./CANopenNode/301/CO_PDO.o
 .text.OD_write_14xx
                0x000000000000aa58      0x15a ./CANopenNode/301/CO_PDO.o
 .text.CO_RPDO_init
                0x000000000000abb2      0x172 ./CANopenNode/301/CO_PDO.o
                0x000000000000abb2                CO_RPDO_init
 .text.CO_RPDO_process
                0x000000000000ad24      0x114 ./CANopenNode/301/CO_PDO.o
                0x000000000000ad24                CO_RPDO_process
 .text.CO_TPDO_init
                0x000000000000ae38      0x1d2 ./CANopenNode/301/CO_PDO.o
                0x000000000000ae38                CO_TPDO_init
 .text.CO_TPDO_process
                0x000000000000b00a      0x15e ./CANopenNode/301/CO_PDO.o
                0x000000000000b00a                CO_TPDO_process
 .text.CO_SDOserver_init_canRxTx
                0x000000000000b168       0x82 ./CANopenNode/301/CO_SDOserver.o
 .text.CO_SDO_receive
                0x000000000000b1ea       0x38 ./CANopenNode/301/CO_SDOserver.o
 .text.readFromOd.isra.1.constprop.5
                0x000000000000b222       0xe2 ./CANopenNode/301/CO_SDOserver.o
 .text.OD_write_1201_additional
                0x000000000000b304      0x158 ./CANopenNode/301/CO_SDOserver.o
 .text.CO_SDOserver_init
                0x000000000000b45c      0x172 ./CANopenNode/301/CO_SDOserver.o
                0x000000000000b45c                CO_SDOserver_init
 .text.CO_SDOserver_process
                0x000000000000b5ce      0x5e8 ./CANopenNode/301/CO_SDOserver.o
                0x000000000000b5ce                CO_SDOserver_process
 .text.CO_delete
                0x000000000000bbb6       0x56 ./CANopenNode/CANopen.o
                0x000000000000bbb6                CO_delete
 .text.CO_new   0x000000000000bc0c      0x102 ./CANopenNode/CANopen.o
                0x000000000000bc0c                CO_new
 .text.CO_CANinit
                0x000000000000bd0e       0x36 ./CANopenNode/CANopen.o
                0x000000000000bd0e                CO_CANinit
 .text.CO_LSSinit
                0x000000000000bd44       0x32 ./CANopenNode/CANopen.o
                0x000000000000bd44                CO_LSSinit
 .text.CO_CANopenInit
                0x000000000000bd76       0xb8 ./CANopenNode/CANopen.o
                0x000000000000bd76                CO_CANopenInit
 .text.CO_CANopenInitPDO
                0x000000000000be2e       0xea ./CANopenNode/CANopen.o
                0x000000000000be2e                CO_CANopenInitPDO
 .text.CO_process
                0x000000000000bf18       0x7e ./CANopenNode/CANopen.o
                0x000000000000bf18                CO_process
 .text.CO_process_RPDO
                0x000000000000bf96       0x40 ./CANopenNode/CANopen.o
                0x000000000000bf96                CO_process_RPDO
 .text.CO_process_TPDO
                0x000000000000bfd6       0x40 ./CANopenNode/CANopen.o
                0x000000000000bfd6                CO_process_TPDO
 .text.__addsf3
                0x000000000000c016      0x36a c:/mounriver/mounriver_studio/toolchain/risc-v embedded gcc/bin/../lib/gcc/riscv-none-embed/8.2.0/rv32imacxw/ilp32\libgcc.a(addsf3.o)
                0x000000000000c016                __addsf3
 .text.__divsf3
                0x000000000000c380      0x2b2 c:/mounriver/mounriver_studio/toolchain/risc-v embedded gcc/bin/../lib/gcc/riscv-none-embed/8.2.0/rv32imacxw/ilp32\libgcc.a(divsf3.o)
                0x000000000000c380                __divsf3
 .text.__gesf2  0x000000000000c632       0x86 c:/mounriver/mounriver_studio/toolchain/risc-v embedded gcc/bin/../lib/gcc/riscv-none-embed/8.2.0/rv32imacxw/ilp32\libgcc.a(gesf2.o)
                0x000000000000c632                __gesf2
                0x000000000000c632                __gtsf2
 .text.__lesf2  0x000000000000c6b8       0x8c c:/mounriver/mounriver_studio/toolchain/risc-v embedded gcc/bin/../lib/gcc/riscv-none-embed/8.2.0/rv32imacxw/ilp32\libgcc.a(lesf2.o)
                0x000000000000c6b8                __ltsf2
                0x000000000000c6b8                __lesf2
 .text.__mulsf3
                0x000000000000c744      0x290 c:/mounriver/mounriver_studio/toolchain/risc-v embedded gcc/bin/../lib/gcc/riscv-none-embed/8.2.0/rv32imacxw/ilp32\libgcc.a(mulsf3.o)
                0x000000000000c744                __mulsf3
 .text.__subsf3
                0x000000000000c9d4      0x388 c:/mounriver/mounriver_studio/toolchain/risc-v embedded gcc/bin/../lib/gcc/riscv-none-embed/8.2.0/rv32imacxw/ilp32\libgcc.a(subsf3.o)
                0x000000000000c9d4                __subsf3
 .text.__fixsfsi
                0x000000000000cd5c       0x62 c:/mounriver/mounriver_studio/toolchain/risc-v embedded gcc/bin/../lib/gcc/riscv-none-embed/8.2.0/rv32imacxw/ilp32\libgcc.a(fixsfsi.o)
                0x000000000000cd5c                __fixsfsi
 .text.__fixunssfsi
                0x000000000000cdbe       0x56 c:/mounriver/mounriver_studio/toolchain/risc-v embedded gcc/bin/../lib/gcc/riscv-none-embed/8.2.0/rv32imacxw/ilp32\libgcc.a(fixunssfsi.o)
                0x000000000000cdbe                __fixunssfsi
 .text.__floatsisf
                0x000000000000ce14       0xc6 c:/mounriver/mounriver_studio/toolchain/risc-v embedded gcc/bin/../lib/gcc/riscv-none-embed/8.2.0/rv32imacxw/ilp32\libgcc.a(floatsisf.o)
                0x000000000000ce14                __floatsisf
 .text.__floatunsisf
                0x000000000000ceda       0xce c:/mounriver/mounriver_studio/toolchain/risc-v embedded gcc/bin/../lib/gcc/riscv-none-embed/8.2.0/rv32imacxw/ilp32\libgcc.a(floatunsisf.o)
                0x000000000000ceda                __floatunsisf
 .text.__clzsi2
                0x000000000000cfa8       0x6e c:/mounriver/mounriver_studio/toolchain/risc-v embedded gcc/bin/../lib/gcc/riscv-none-embed/8.2.0/rv32imacxw/ilp32\libgcc.a(_clzsi2.o)
                0x000000000000cfa8                __clzsi2
 .text.calloc   0x000000000000d016        0xc c:/mounriver/mounriver_studio/toolchain/risc-v embedded gcc/bin/../lib/gcc/riscv-none-embed/8.2.0/../../../../riscv-none-embed/lib/rv32imacxw/ilp32\libg_nano.a(lib_a-calloc.o)
                0x000000000000d016                calloc
 .text.free     0x000000000000d022        0xa c:/mounriver/mounriver_studio/toolchain/risc-v embedded gcc/bin/../lib/gcc/riscv-none-embed/8.2.0/../../../../riscv-none-embed/lib/rv32imacxw/ilp32\libg_nano.a(lib_a-malloc.o)
                0x000000000000d022                free
 .text.memcpy   0x000000000000d02c       0xb2 c:/mounriver/mounriver_studio/toolchain/risc-v embedded gcc/bin/../lib/gcc/riscv-none-embed/8.2.0/../../../../riscv-none-embed/lib/rv32imacxw/ilp32\libg_nano.a(lib_a-memcpy.o)
                0x000000000000d02c                memcpy
 .text.memmove  0x000000000000d0de       0x46 c:/mounriver/mounriver_studio/toolchain/risc-v embedded gcc/bin/../lib/gcc/riscv-none-embed/8.2.0/../../../../riscv-none-embed/lib/rv32imacxw/ilp32\libg_nano.a(lib_a-memmove.o)
                0x000000000000d0de                memmove
 .text._calloc_r
                0x000000000000d124       0x26 c:/mounriver/mounriver_studio/toolchain/risc-v embedded gcc/bin/../lib/gcc/riscv-none-embed/8.2.0/../../../../riscv-none-embed/lib/rv32imacxw/ilp32\libg_nano.a(lib_a-nano-callocr.o)
                0x000000000000d124                _calloc_r
 .text._free_r  0x000000000000d14a       0xa4 c:/mounriver/mounriver_studio/toolchain/risc-v embedded gcc/bin/../lib/gcc/riscv-none-embed/8.2.0/../../../../riscv-none-embed/lib/rv32imacxw/ilp32\libg_nano.a(lib_a-nano-freer.o)
                0x000000000000d14a                _free_r
 .text._malloc_r
                0x000000000000d1ee       0xce c:/mounriver/mounriver_studio/toolchain/risc-v embedded gcc/bin/../lib/gcc/riscv-none-embed/8.2.0/../../../../riscv-none-embed/lib/rv32imacxw/ilp32\libg_nano.a(lib_a-nano-mallocr.o)
                0x000000000000d1ee                _malloc_r
 .text.printf   0x000000000000d2bc       0x3e c:/mounriver/mounriver_studio/toolchain/risc-v embedded gcc/bin/../lib/gcc/riscv-none-embed/8.2.0/../../../../riscv-none-embed/lib/rv32imacxw/ilp32\libg_nano.a(lib_a-printf.o)
                0x000000000000d2bc                iprintf
                0x000000000000d2bc                printf
 .text._sbrk_r  0x000000000000d2fa       0x32 c:/mounriver/mounriver_studio/toolchain/risc-v embedded gcc/bin/../lib/gcc/riscv-none-embed/8.2.0/../../../../riscv-none-embed/lib/rv32imacxw/ilp32\libg_nano.a(lib_a-sbrkr.o)
                0x000000000000d2fa                _sbrk_r
 .text.strlen   0x000000000000d32c       0x12 c:/mounriver/mounriver_studio/toolchain/risc-v embedded gcc/bin/../lib/gcc/riscv-none-embed/8.2.0/../../../../riscv-none-embed/lib/rv32imacxw/ilp32\libg_nano.a(lib_a-strlen.o)
                0x000000000000d32c                strlen
 .text.std      0x000000000000d33e       0x66 c:/mounriver/mounriver_studio/toolchain/risc-v embedded gcc/bin/../lib/gcc/riscv-none-embed/8.2.0/../../../../riscv-none-embed/lib/rv32imacxw/ilp32\libg_nano.a(lib_a-findfp.o)
 .text._cleanup_r
                0x000000000000d3a4        0xa c:/mounriver/mounriver_studio/toolchain/risc-v embedded gcc/bin/../lib/gcc/riscv-none-embed/8.2.0/../../../../riscv-none-embed/lib/rv32imacxw/ilp32\libg_nano.a(lib_a-findfp.o)
                0x000000000000d3a4                _cleanup_r
 .text.__sfmoreglue
                0x000000000000d3ae       0x48 c:/mounriver/mounriver_studio/toolchain/risc-v embedded gcc/bin/../lib/gcc/riscv-none-embed/8.2.0/../../../../riscv-none-embed/lib/rv32imacxw/ilp32\libg_nano.a(lib_a-findfp.o)
                0x000000000000d3ae                __sfmoreglue
 .text.__sinit  0x000000000000d3f6       0x6c c:/mounriver/mounriver_studio/toolchain/risc-v embedded gcc/bin/../lib/gcc/riscv-none-embed/8.2.0/../../../../riscv-none-embed/lib/rv32imacxw/ilp32\libg_nano.a(lib_a-findfp.o)
                0x000000000000d3f6                __sinit
 .text.__sfp    0x000000000000d462       0xa0 c:/mounriver/mounriver_studio/toolchain/risc-v embedded gcc/bin/../lib/gcc/riscv-none-embed/8.2.0/../../../../riscv-none-embed/lib/rv32imacxw/ilp32\libg_nano.a(lib_a-findfp.o)
                0x000000000000d462                __sfp
 .text._fwalk_reent
                0x000000000000d502       0x6a c:/mounriver/mounriver_studio/toolchain/risc-v embedded gcc/bin/../lib/gcc/riscv-none-embed/8.2.0/../../../../riscv-none-embed/lib/rv32imacxw/ilp32\libg_nano.a(lib_a-fwalk.o)
                0x000000000000d502                _fwalk_reent
 .text.__malloc_lock
                0x000000000000d56c        0x2 c:/mounriver/mounriver_studio/toolchain/risc-v embedded gcc/bin/../lib/gcc/riscv-none-embed/8.2.0/../../../../riscv-none-embed/lib/rv32imacxw/ilp32\libg_nano.a(lib_a-mlock.o)
                0x000000000000d56c                __malloc_lock
 .text.__malloc_unlock
                0x000000000000d56e        0x2 c:/mounriver/mounriver_studio/toolchain/risc-v embedded gcc/bin/../lib/gcc/riscv-none-embed/8.2.0/../../../../riscv-none-embed/lib/rv32imacxw/ilp32\libg_nano.a(lib_a-mlock.o)
                0x000000000000d56e                __malloc_unlock
 .text.__sfputc_r
                0x000000000000d570       0x26 c:/mounriver/mounriver_studio/toolchain/risc-v embedded gcc/bin/../lib/gcc/riscv-none-embed/8.2.0/../../../../riscv-none-embed/lib/rv32imacxw/ilp32\libg_nano.a(lib_a-nano-vfprintf.o)
 .text.__sfputs_r
                0x000000000000d596       0x42 c:/mounriver/mounriver_studio/toolchain/risc-v embedded gcc/bin/../lib/gcc/riscv-none-embed/8.2.0/../../../../riscv-none-embed/lib/rv32imacxw/ilp32\libg_nano.a(lib_a-nano-vfprintf.o)
                0x000000000000d596                __sfputs_r
 .text._vfprintf_r
                0x000000000000d5d8      0x28c c:/mounriver/mounriver_studio/toolchain/risc-v embedded gcc/bin/../lib/gcc/riscv-none-embed/8.2.0/../../../../riscv-none-embed/lib/rv32imacxw/ilp32\libg_nano.a(lib_a-nano-vfprintf.o)
                0x000000000000d5d8                _vfprintf_r
                0x000000000000d5d8                _vfiprintf_r
 .text._printf_common
                0x000000000000d864      0x10c c:/mounriver/mounriver_studio/toolchain/risc-v embedded gcc/bin/../lib/gcc/riscv-none-embed/8.2.0/../../../../riscv-none-embed/lib/rv32imacxw/ilp32\libg_nano.a(lib_a-nano-vfprintf_i.o)
                0x000000000000d864                _printf_common
 .text._printf_i
                0x000000000000d970      0x2a2 c:/mounriver/mounriver_studio/toolchain/risc-v embedded gcc/bin/../lib/gcc/riscv-none-embed/8.2.0/../../../../riscv-none-embed/lib/rv32imacxw/ilp32\libg_nano.a(lib_a-nano-vfprintf_i.o)
                0x000000000000d970                _printf_i
 .text.__sread  0x000000000000dc12       0x2c c:/mounriver/mounriver_studio/toolchain/risc-v embedded gcc/bin/../lib/gcc/riscv-none-embed/8.2.0/../../../../riscv-none-embed/lib/rv32imacxw/ilp32\libg_nano.a(lib_a-stdio.o)
                0x000000000000dc12                __sread
 .text.__swrite
                0x000000000000dc3e       0x48 c:/mounriver/mounriver_studio/toolchain/risc-v embedded gcc/bin/../lib/gcc/riscv-none-embed/8.2.0/../../../../riscv-none-embed/lib/rv32imacxw/ilp32\libg_nano.a(lib_a-stdio.o)
                0x000000000000dc3e                __swrite
 .text.__sseek  0x000000000000dc86       0x30 c:/mounriver/mounriver_studio/toolchain/risc-v embedded gcc/bin/../lib/gcc/riscv-none-embed/8.2.0/../../../../riscv-none-embed/lib/rv32imacxw/ilp32\libg_nano.a(lib_a-stdio.o)
                0x000000000000dc86                __sseek
 .text.__sclose
                0x000000000000dcb6        0x6 c:/mounriver/mounriver_studio/toolchain/risc-v embedded gcc/bin/../lib/gcc/riscv-none-embed/8.2.0/../../../../riscv-none-embed/lib/rv32imacxw/ilp32\libg_nano.a(lib_a-stdio.o)
                0x000000000000dcb6                __sclose
 .text.__swbuf_r
                0x000000000000dcbc       0xbe c:/mounriver/mounriver_studio/toolchain/risc-v embedded gcc/bin/../lib/gcc/riscv-none-embed/8.2.0/../../../../riscv-none-embed/lib/rv32imacxw/ilp32\libg_nano.a(lib_a-wbuf.o)
                0x000000000000dcbc                __swbuf_r
 .text._write_r
                0x000000000000dd7a       0x36 c:/mounriver/mounriver_studio/toolchain/risc-v embedded gcc/bin/../lib/gcc/riscv-none-embed/8.2.0/../../../../riscv-none-embed/lib/rv32imacxw/ilp32\libg_nano.a(lib_a-writer.o)
                0x000000000000dd7a                _write_r
 .text.__swsetup_r
                0x000000000000ddb0      0x100 c:/mounriver/mounriver_studio/toolchain/risc-v embedded gcc/bin/../lib/gcc/riscv-none-embed/8.2.0/../../../../riscv-none-embed/lib/rv32imacxw/ilp32\libg_nano.a(lib_a-wsetup.o)
                0x000000000000ddb0                __swsetup_r
 .text._close_r
                0x000000000000deb0       0x30 c:/mounriver/mounriver_studio/toolchain/risc-v embedded gcc/bin/../lib/gcc/riscv-none-embed/8.2.0/../../../../riscv-none-embed/lib/rv32imacxw/ilp32\libg_nano.a(lib_a-closer.o)
                0x000000000000deb0                _close_r
 .text.__sflush_r
                0x000000000000dee0      0x132 c:/mounriver/mounriver_studio/toolchain/risc-v embedded gcc/bin/../lib/gcc/riscv-none-embed/8.2.0/../../../../riscv-none-embed/lib/rv32imacxw/ilp32\libg_nano.a(lib_a-fflush.o)
                0x000000000000dee0                __sflush_r
 .text._fflush_r
                0x000000000000e012       0x68 c:/mounriver/mounriver_studio/toolchain/risc-v embedded gcc/bin/../lib/gcc/riscv-none-embed/8.2.0/../../../../riscv-none-embed/lib/rv32imacxw/ilp32\libg_nano.a(lib_a-fflush.o)
                0x000000000000e012                _fflush_r
 .text._lseek_r
                0x000000000000e07a       0x34 c:/mounriver/mounriver_studio/toolchain/risc-v embedded gcc/bin/../lib/gcc/riscv-none-embed/8.2.0/../../../../riscv-none-embed/lib/rv32imacxw/ilp32\libg_nano.a(lib_a-lseekr.o)
                0x000000000000e07a                _lseek_r
 .text.__swhatbuf_r
                0x000000000000e0ae       0x56 c:/mounriver/mounriver_studio/toolchain/risc-v embedded gcc/bin/../lib/gcc/riscv-none-embed/8.2.0/../../../../riscv-none-embed/lib/rv32imacxw/ilp32\libg_nano.a(lib_a-makebuf.o)
                0x000000000000e0ae                __swhatbuf_r
 .text.__smakebuf_r
                0x000000000000e104       0x92 c:/mounriver/mounriver_studio/toolchain/risc-v embedded gcc/bin/../lib/gcc/riscv-none-embed/8.2.0/../../../../riscv-none-embed/lib/rv32imacxw/ilp32\libg_nano.a(lib_a-makebuf.o)
                0x000000000000e104                __smakebuf_r
 .text.memchr   0x000000000000e196       0x18 c:/mounriver/mounriver_studio/toolchain/risc-v embedded gcc/bin/../lib/gcc/riscv-none-embed/8.2.0/../../../../riscv-none-embed/lib/rv32imacxw/ilp32\libg_nano.a(lib_a-memchr.o)
                0x000000000000e196                memchr
 .text._read_r  0x000000000000e1ae       0x34 c:/mounriver/mounriver_studio/toolchain/risc-v embedded gcc/bin/../lib/gcc/riscv-none-embed/8.2.0/../../../../riscv-none-embed/lib/rv32imacxw/ilp32\libg_nano.a(lib_a-readr.o)
                0x000000000000e1ae                _read_r
 .text._fstat_r
                0x000000000000e1e2       0x32 c:/mounriver/mounriver_studio/toolchain/risc-v embedded gcc/bin/../lib/gcc/riscv-none-embed/8.2.0/../../../../riscv-none-embed/lib/rv32imacxw/ilp32\libg_nano.a(lib_a-fstatr.o)
                0x000000000000e1e2                _fstat_r
 .text._isatty_r
                0x000000000000e214       0x30 c:/mounriver/mounriver_studio/toolchain/risc-v embedded gcc/bin/../lib/gcc/riscv-none-embed/8.2.0/../../../../riscv-none-embed/lib/rv32imacxw/ilp32\libg_nano.a(lib_a-isattyr.o)
                0x000000000000e214                _isatty_r
 .text._close   0x000000000000e244       0x10 c:/mounriver/mounriver_studio/toolchain/risc-v embedded gcc/bin/../lib/gcc/riscv-none-embed/8.2.0/../../../../riscv-none-embed/lib/rv32imacxw/ilp32\libnosys.a(close.o)
                0x000000000000e244                _close
 .text._fstat   0x000000000000e254       0x10 c:/mounriver/mounriver_studio/toolchain/risc-v embedded gcc/bin/../lib/gcc/riscv-none-embed/8.2.0/../../../../riscv-none-embed/lib/rv32imacxw/ilp32\libnosys.a(fstat.o)
                0x000000000000e254                _fstat
 .text._isatty  0x000000000000e264       0x10 c:/mounriver/mounriver_studio/toolchain/risc-v embedded gcc/bin/../lib/gcc/riscv-none-embed/8.2.0/../../../../riscv-none-embed/lib/rv32imacxw/ilp32\libnosys.a(isatty.o)
                0x000000000000e264                _isatty
 .text._lseek   0x000000000000e274       0x10 c:/mounriver/mounriver_studio/toolchain/risc-v embedded gcc/bin/../lib/gcc/riscv-none-embed/8.2.0/../../../../riscv-none-embed/lib/rv32imacxw/ilp32\libnosys.a(lseek.o)
                0x000000000000e274                _lseek
 .text._read    0x000000000000e284       0x10 c:/mounriver/mounriver_studio/toolchain/risc-v embedded gcc/bin/../lib/gcc/riscv-none-embed/8.2.0/../../../../riscv-none-embed/lib/rv32imacxw/ilp32\libnosys.a(read.o)
                0x000000000000e284                _read