Archive member included to satisfy reference by file (symbol)

c:/mounriver/mounriver_studio2/resources/app/resources/win32/components/wch/toolchain/risc-v embedded gcc/bin/../lib/gcc/riscv-none-embed/8.2.0/rv32imacxw/ilp32\libgcc.a(divdf3.o)
                              ./HAL_LIB/hw_lib_din.o (__divdf3)
c:/mounriver/mounriver_studio2/resources/app/resources/win32/components/wch/toolchain/risc-v embedded gcc/bin/../lib/gcc/riscv-none-embed/8.2.0/rv32imacxw/ilp32\libgcc.a(muldf3.o)
                              ./User/inputs.o (__muldf3)
c:/mounriver/mounriver_studio2/resources/app/resources/win32/components/wch/toolchain/risc-v embedded gcc/bin/../lib/gcc/riscv-none-embed/8.2.0/rv32imacxw/ilp32\libgcc.a(fixunsdfsi.o)
                              ./HAL_LIB/hw_lib_din.o (__fixunsdfsi)
c:/mounriver/mounriver_studio2/resources/app/resources/win32/components/wch/toolchain/risc-v embedded gcc/bin/../lib/gcc/riscv-none-embed/8.2.0/rv32imacxw/ilp32\libgcc.a(floatunsidf.o)
                              ./User/inputs.o (__floatunsidf)
c:/mounriver/mounriver_studio2/resources/app/resources/win32/components/wch/toolchain/risc-v embedded gcc/bin/../lib/gcc/riscv-none-embed/8.2.0/rv32imacxw/ilp32\libgcc.a(addsf3.o)
                              ./User/inputs.o (__addsf3)
c:/mounriver/mounriver_studio2/resources/app/resources/win32/components/wch/toolchain/risc-v embedded gcc/bin/../lib/gcc/riscv-none-embed/8.2.0/rv32imacxw/ilp32\libgcc.a(divsf3.o)
                              ./User/DataModel.o (__divsf3)
c:/mounriver/mounriver_studio2/resources/app/resources/win32/components/wch/toolchain/risc-v embedded gcc/bin/../lib/gcc/riscv-none-embed/8.2.0/rv32imacxw/ilp32\libgcc.a(eqsf2.o)
                              ./HAL_LIB/hw_lib_din.o (__nesf2)
c:/mounriver/mounriver_studio2/resources/app/resources/win32/components/wch/toolchain/risc-v embedded gcc/bin/../lib/gcc/riscv-none-embed/8.2.0/rv32imacxw/ilp32\libgcc.a(gesf2.o)
                              ./User/inputs.o (__gesf2)
c:/mounriver/mounriver_studio2/resources/app/resources/win32/components/wch/toolchain/risc-v embedded gcc/bin/../lib/gcc/riscv-none-embed/8.2.0/rv32imacxw/ilp32\libgcc.a(lesf2.o)
                              ./HAL_LIB/hw_lib_din.o (__lesf2)
c:/mounriver/mounriver_studio2/resources/app/resources/win32/components/wch/toolchain/risc-v embedded gcc/bin/../lib/gcc/riscv-none-embed/8.2.0/rv32imacxw/ilp32\libgcc.a(mulsf3.o)
                              ./User/dash_draw.o (__mulsf3)
c:/mounriver/mounriver_studio2/resources/app/resources/win32/components/wch/toolchain/risc-v embedded gcc/bin/../lib/gcc/riscv-none-embed/8.2.0/rv32imacxw/ilp32\libgcc.a(subsf3.o)
                              ./User/dash_draw.o (__subsf3)
c:/mounriver/mounriver_studio2/resources/app/resources/win32/components/wch/toolchain/risc-v embedded gcc/bin/../lib/gcc/riscv-none-embed/8.2.0/rv32imacxw/ilp32\libgcc.a(fixsfsi.o)
                              ./User/dash_draw.o (__fixsfsi)
c:/mounriver/mounriver_studio2/resources/app/resources/win32/components/wch/toolchain/risc-v embedded gcc/bin/../lib/gcc/riscv-none-embed/8.2.0/rv32imacxw/ilp32\libgcc.a(fixunssfsi.o)
                              ./User/DataModel.o (__fixunssfsi)
c:/mounriver/mounriver_studio2/resources/app/resources/win32/components/wch/toolchain/risc-v embedded gcc/bin/../lib/gcc/riscv-none-embed/8.2.0/rv32imacxw/ilp32\libgcc.a(floatsisf.o)
                              ./User/DataModel.o (__floatsisf)
c:/mounriver/mounriver_studio2/resources/app/resources/win32/components/wch/toolchain/risc-v embedded gcc/bin/../lib/gcc/riscv-none-embed/8.2.0/rv32imacxw/ilp32\libgcc.a(floatunsisf.o)
                              ./User/DataModel.o (__floatunsisf)
c:/mounriver/mounriver_studio2/resources/app/resources/win32/components/wch/toolchain/risc-v embedded gcc/bin/../lib/gcc/riscv-none-embed/8.2.0/rv32imacxw/ilp32\libgcc.a(extendsfdf2.o)
                              ./HAL_LIB/hw_lib_din.o (__extendsfdf2)
c:/mounriver/mounriver_studio2/resources/app/resources/win32/components/wch/toolchain/risc-v embedded gcc/bin/../lib/gcc/riscv-none-embed/8.2.0/rv32imacxw/ilp32\libgcc.a(truncdfsf2.o)
                              ./User/inputs.o (__truncdfsf2)
c:/mounriver/mounriver_studio2/resources/app/resources/win32/components/wch/toolchain/risc-v embedded gcc/bin/../lib/gcc/riscv-none-embed/8.2.0/rv32imacxw/ilp32\libgcc.a(save-restore.o)
                              ./User/inputs.o (__riscv_save_12)
c:/mounriver/mounriver_studio2/resources/app/resources/win32/components/wch/toolchain/risc-v embedded gcc/bin/../lib/gcc/riscv-none-embed/8.2.0/rv32imacxw/ilp32\libgcc.a(_clzsi2.o)
                              c:/mounriver/mounriver_studio2/resources/app/resources/win32/components/wch/toolchain/risc-v embedded gcc/bin/../lib/gcc/riscv-none-embed/8.2.0/rv32imacxw/ilp32\libgcc.a(divdf3.o) (__clzsi2)
[...]
Memory Configuration

Name             Origin             Length             Attributes
FLASH            0x0000000000001000 0x000000000000f000 xr
SFLASH           0x0000000000010000 0x000000000000f000 xr
RAM              0x0000000020000000 0x0000000000005000 xrw
*default*        0x0000000000000000 0xffffffffffffffff

Linker script and memory map

LOAD ./User/CanOpenNode.o
LOAD ./User/DataModel.o
LOAD ./User/ch32v20x_it.o
LOAD ./User/dash_draw.o
LOAD ./User/init.o
LOAD ./User/inputs.o
LOAD ./User/led.o
LOAD ./User/main.o
LOAD ./User/process.o
LOAD ./User/system_ch32v20x.o
LOAD ./User/system_init.o
LOAD ./Startup/startup_ch32v20x_D6.o
LOAD ./Peripheral/src/ch32v20x_adc.o
LOAD ./Peripheral/src/ch32v20x_bkp.o
LOAD ./Peripheral/src/ch32v20x_can.o
LOAD ./Peripheral/src/ch32v20x_crc.o
LOAD ./Peripheral/src/ch32v20x_dbgmcu.o
LOAD ./Peripheral/src/ch32v20x_dma.o
LOAD ./Peripheral/src/ch32v20x_exti.o
LOAD ./Peripheral/src/ch32v20x_flash.o
LOAD ./Peripheral/src/ch32v20x_gpio.o
LOAD ./Peripheral/src/ch32v20x_i2c.o
LOAD ./Peripheral/src/ch32v20x_iwdg.o
LOAD ./Peripheral/src/ch32v20x_misc.o
LOAD ./Peripheral/src/ch32v20x_opa.o
LOAD ./Peripheral/src/ch32v20x_pwr.o
LOAD ./Peripheral/src/ch32v20x_rcc.o
LOAD ./Peripheral/src/ch32v20x_rtc.o
LOAD ./Peripheral/src/ch32v20x_spi.o
LOAD ./Peripheral/src/ch32v20x_tim.o
LOAD ./Peripheral/src/ch32v20x_usart.o
LOAD ./Peripheral/src/ch32v20x_wwdg.o
LOAD ./HAL_LIB/filters.o
LOAD ./HAL_LIB/hw_data_model.o
LOAD ./HAL_LIB/hw_lib_adc.o
LOAD ./HAL_LIB/hw_lib_din.o
LOAD ./HAL_LIB/hw_lib_eeprom_i2c.o
LOAD ./HAL_LIB/hw_timeout.o
LOAD ./HAL_DRIVER/hal_can_ch32.o
LOAD ./HAL_DRIVER/hal_flash_ch32.o
LOAD ./HAL_DRIVER/hal_gpio_ch32.o
LOAD ./HAL_DRIVER/hal_irq.o
LOAD ./HAL_DRIVER/hal_rtc_ch32.o
LOAD ./HAL_DRIVER/hal_spi_ch32.o
LOAD ./HAL_DRIVER/hal_wdt_ch32.o
LOAD ./FreeRTOS/portable/MemMang/heap_4.o
LOAD ./FreeRTOS/portable/GCC/RISC-V/port.o
LOAD ./FreeRTOS/portable/GCC/RISC-V/portASM.o
LOAD ./FreeRTOS/croutine.o
LOAD ./FreeRTOS/event_groups.o
LOAD ./FreeRTOS/list.o
LOAD ./FreeRTOS/queue.o
LOAD ./FreeRTOS/stream_buffer.o
LOAD ./FreeRTOS/tasks.o
LOAD ./FreeRTOS/timers.o
LOAD ./Debug/debug.o
LOAD ./DRIVER/hal_adc_ch32.o
LOAD ./DRIVER/hal_dma_ch32.o
LOAD ./DRIVER/hal_i2c_ch32.o
LOAD ./DRIVER/hal_timers_ch32.o
LOAD ./Core/core_riscv.o
LOAD ./CANopenNode/keypad/CO_driver_ST32F103.o
LOAD ./CANopenNode/keypad/OD.o
LOAD ./CANopenNode/extra/CO_trace.o
LOAD ./CANopenNode/309/CO_gateway_ascii.o
LOAD ./CANopenNode/305/CO_LSSmaster.o
LOAD ./CANopenNode/305/CO_LSSslave.o
LOAD ./CANopenNode/304/CO_GFC.o
LOAD ./CANopenNode/304/CO_SRDO.o
LOAD ./CANopenNode/303/CO_LEDs.o
LOAD ./CANopenNode/301/CO_Emergency.o
LOAD ./CANopenNode/301/CO_HBconsumer.o
LOAD ./CANopenNode/301/CO_NMT_Heartbeat.o
LOAD ./CANopenNode/301/CO_Node_Guarding.o
LOAD ./CANopenNode/301/CO_ODinterface.o
LOAD ./CANopenNode/301/CO_PDO.o
LOAD ./CANopenNode/301/CO_SDOclient.o
LOAD ./CANopenNode/301/CO_SDOserver.o
LOAD ./CANopenNode/301/CO_SYNC.o
LOAD ./CANopenNode/301/CO_TIME.o
LOAD ./CANopenNode/301/CO_fifo.o
LOAD ./CANopenNode/301/crc16-ccitt.o
LOAD ./CANopenNode/CANopen.o
LOAD c:/mounriver/mounriver_studio2/resources/app/resources/win32/components/wch/toolchain/risc-v embedded gcc/bin/../lib/gcc/riscv-none-embed/8.2.0/../../../../riscv-none-embed/lib/rv32imacxw/ilp32\libm.a
LOAD c:/mounriver/mounriver_studio2/resources/app/resources/win32/components/wch/toolchain/risc-v embedded gcc/bin/../lib/gcc/riscv-none-embed/8.2.0/rv32imacxw/ilp32\libgcc.a
LOAD c:/mounriver/mounriver_studio2/resources/app/resources/win32/components/wch/toolchain/risc-v embedded gcc/bin/../lib/gcc/riscv-none-embed/8.2.0/../../../../riscv-none-embed/lib/rv32imacxw/ilp32\libg_nano.a
LOAD c:/mounriver/mounriver_studio2/resources/app/resources/win32/components/wch/toolchain/risc-v embedded gcc/bin/../lib/gcc/riscv-none-embed/8.2.0/../../../../riscv-none-embed/lib/rv32imacxw/ilp32\libc_nano.a
LOAD c:/mounriver/mounriver_studio2/resources/app/resources/win32/components/wch/toolchain/risc-v embedded gcc/bin/../lib/gcc/riscv-none-embed/8.2.0/rv32imacxw/ilp32\libgcc.a
START GROUP
LOAD c:/mounriver/mounriver_studio2/resources/app/resources/win32/components/wch/toolchain/risc-v embedded gcc/bin/../lib/gcc/riscv-none-embed/8.2.0/rv32imacxw/ilp32\libgcc.a
LOAD c:/mounriver/mounriver_studio2/resources/app/resources/win32/components/wch/toolchain/risc-v embedded gcc/bin/../lib/gcc/riscv-none-embed/8.2.0/../../../../riscv-none-embed/lib/rv32imacxw/ilp32\libc_nano.a
LOAD c:/mounriver/mounriver_studio2/resources/app/resources/win32/components/wch/toolchain/risc-v embedded gcc/bin/../lib/gcc/riscv-none-embed/8.2.0/../../../../riscv-none-embed/lib/rv32imacxw/ilp32\libnosys.a
END GROUP
START GROUP
LOAD c:/mounriver/mounriver_studio2/resources/app/resources/win32/components/wch/toolchain/risc-v embedded gcc/bin/../lib/gcc/riscv-none-embed/8.2.0/rv32imacxw/ilp32\libgcc.a
LOAD c:/mounriver/mounriver_studio2/resources/app/resources/win32/components/wch/toolchain/risc-v embedded gcc/bin/../lib/gcc/riscv-none-embed/8.2.0/../../../../riscv-none-embed/lib/rv32imacxw/ilp32\libc_nano.a
LOAD c:/mounriver/mounriver_studio2/resources/app/resources/win32/components/wch/toolchain/risc-v embedded gcc/bin/../lib/gcc/riscv-none-embed/8.2.0/../../../../riscv-none-embed/lib/rv32imacxw/ilp32\libnosys.a
END GROUP
                0x0000000000000800                __stack_size = 0x800
                [!provide]                        PROVIDE (_stack_size = __stack_size)

.init           0x0000000000001000       0x38
                0x0000000000001000                _sinit = .
                0x0000000000001000                . = ALIGN (0x4)
 *(SORT_NONE(.init))
 .init          0x0000000000001000       0x38 ./Startup/startup_ch32v20x_D6.o
                0x0000000000001000                _start
                0x0000000000001038                . = ALIGN (0x4)
                0x0000000000001038                _einit = .

.vector         0x0000000000001038      0x108
 *(.vector)
 .vector        0x0000000000001038       0xfc ./Startup/startup_ch32v20x_D6.o
                0x0000000000001140                . = ALIGN (0x40)
 *fill*         0x0000000000001134        0xc 

.stext          0x0000000000010000     0x30dc
                0x0000000000010000                . = ALIGN (0x4)
 *(.stext)
 .stext         0x0000000000010000        0xa ./User/CanOpenNode.o
                0x0000000000010000                vCanOpenInit
 .stext         0x000000000001000a      0x7f2 ./User/DataModel.o
                0x000000000001000a                DataModel_Init
 .stext         0x00000000000107fc      0x342 ./User/dash_draw.o
                0x0000000000010812                TestProcedure
                0x000000000001097c                xProcessTaskHandle
                0x0000000000010986                vDashDrawInit
                0x0000000000010a22                SetTest
 .stext         0x0000000000010b3e      0x160 ./User/init.o
                0x0000000000010b3e                vInit_DeviceConfig
 .stext         0x0000000000010c9e      0x19e ./User/inputs.o
                0x0000000000010d7c                ADC1_Init
 .stext         0x0000000000010e3c       0x4e ./User/led.o
                0x0000000000010e3c                vLedDriverStart
 .stext         0x0000000000010e8a      0x53a ./User/process.o
                0x0000000000010e8a                vProceesInit
 .stext         0x00000000000113c4      0x14e ./User/system_init.o
                0x00000000000113c4                vSYStaskInit
                0x00000000000114e8                vSYSqueueInit
 .stext         0x0000000000011512       0x36 ./HAL_LIB/hw_lib_adc.o
                0x0000000000011512                vAINInit
 .stext         0x0000000000011548       0x3e ./HAL_LIB/hw_lib_din.o
                0x0000000000011548                eDinConfigWtihStruct
 .stext         0x0000000000011586       0x5c ./HAL_LIB/hw_lib_eeprom_i2c.o
                0x0000000000011586                vInitEEPROM_I2C
 .stext         0x00000000000115e2      0x506 ./HAL_DRIVER/hal_can_ch32.o
                0x00000000000115e2                HAL_CANInt
                0x00000000000116ba                HAL_CANIntIT
                0x000000000001185e                HAL_CANToInitMode
                0x00000000000118aa                HAL_CANToOperatingMode
                0x00000000000118e8                HAL_CANSetFiters
                0x00000000000119c8                HAL_CANResetFiltesr
                0x00000000000119f8                HAL_CANSetFitersEX
 .stext         0x0000000000011ae8      0xfb2 ./HAL_DRIVER/hal_gpio_ch32.o
                0x0000000000011ae8                HAL_InitGPIO
                0x0000000000011f62                HAL_InitGpioOut
                0x00000000000120fa                HAL_InitGpioAIN
                0x0000000000012242                HAL_InitGpioInPUP
                0x0000000000012446                HAL_InitGpioIn
                0x00000000000125de                HAL_InitGpioAF
                0x0000000000012a86                HAL_InitGPO
 .stext         0x0000000000012a9a       0x7c ./HAL_DRIVER/hal_irq.o
                0x0000000000012a9a                HAL_InitAPB1
                0x0000000000012ab6                HAL_InitAPB2
                0x0000000000012ad2                PFIC_IRQ_ENABLE_PG1
 .stext         0x0000000000012b16       0xe4 ./HAL_DRIVER/hal_rtc_ch32.o
                0x0000000000012b16                HAL_RTC_IT_Init
 .stext         0x0000000000012bfa       0x64 ./HAL_DRIVER/hal_spi_ch32.o
                0x0000000000012bfa                HAL_SPI_InitDMA
 .stext         0x0000000000012c5e       0x86 ./HAL_DRIVER/hal_wdt_ch32.o
                0x0000000000012c5e                HAL_WDT_Init
                0x0000000000012c92                HAL_WDTInit
                0x0000000000012cbc                HAL_WDT_Init1s
 .stext         0x0000000000012ce4       0x7e ./DRIVER/hal_i2c_ch32.o
                0x0000000000012ce4                InitI2CIT
 .stext         0x0000000000012d62      0x242 ./DRIVER/hal_timers_ch32.o
                0x0000000000012d62                HAL_TIMER_InitIt
                0x0000000000012e52                HAL_TIMER_PWMTimersInit
 *fill*         0x0000000000012fa4        0x0 
 .stext         0x0000000000012fa4      0x138 ./CANopenNode/keypad/OD.o
                0x0000000000012fa4                OD_ROM

.text           0x0000000000001200     0xe008
                0x0000000000001200                . = ALIGN (0x4)
 *(.text)
 .text          0x0000000000001200      0x2ee ./FreeRTOS/portable/GCC/RISC-V/portASM.o
                0x0000000000001200                SW_Handler
                0x0000000000001300                xPortStartFirstTask
                0x0000000000001400                pxPortInitialiseStack
 .text          0x00000000000014ee       0x60 c:/mounriver/mounriver_studio2/resources/app/resources/win32/components/wch/toolchain/risc-v embedded gcc/bin/../lib/gcc/riscv-none-embed/8.2.0/rv32imacxw/ilp32\libgcc.a(save-restore.o)
                0x00000000000014ee                __riscv_save_12
                0x00000000000014f6                __riscv_save_9
                0x00000000000014f6                __riscv_save_11
                0x00000000000014f6                __riscv_save_10
                0x00000000000014f6                __riscv_save_8
                0x0000000000001504                __riscv_save_4
                0x0000000000001504                __riscv_save_6
                0x0000000000001504                __riscv_save_5
                0x0000000000001504                __riscv_save_7
                0x000000000000151e                __riscv_save_3
                0x000000000000151e                __riscv_save_2
                0x000000000000151e                __riscv_save_1
                0x000000000000151e                __riscv_save_0
                0x000000000000152a                __riscv_restore_12
                0x000000000000152e                __riscv_restore_11
                0x000000000000152e                __riscv_restore_9
                0x000000000000152e                __riscv_restore_10
                0x000000000000152e                __riscv_restore_8
                0x0000000000001538                __riscv_restore_5
                0x0000000000001538                __riscv_restore_7
                0x0000000000001538                __riscv_restore_6
                0x0000000000001538                __riscv_restore_4
                0x0000000000001542                __riscv_restore_3
                0x0000000000001542                __riscv_restore_0
                0x0000000000001542                __riscv_restore_2
                0x0000000000001542                __riscv_restore_1
 .text          0x000000000000154e       0xa8 c:/mounriver/mounriver_studio2/resources/app/resources/win32/components/wch/toolchain/risc-v embedded gcc/bin/../lib/gcc/riscv-none-embed/8.2.0/../../../../riscv-none-embed/lib/rv32imacxw/ilp32\libg_nano.a(lib_a-memset.o)
                0x000000000000154e                memset
 *(.text.*)
 .text.xCanOpenProcessTaskHandle
                0x00000000000015f6        0xa ./User/CanOpenNode.o
                0x00000000000015f6                xCanOpenProcessTaskHandle
 .text.xCanOpenPeriodicTaskHandle
                0x0000000000001600        0xa ./User/CanOpenNode.o
                0x0000000000001600                xCanOpenPeriodicTaskHandle
 .text.vCanOpenProcess
                0x000000000000160a      0x18e ./User/CanOpenNode.o
                0x000000000000160a                vCanOpenProcess
 .text.vCanOpenPeriodicProcess
                0x0000000000001798       0x82 ./User/CanOpenNode.o
                0x0000000000001798                vCanOpenPeriodicProcess
 .text.xDataRegQueue
                0x000000000000181a        0xa ./User/DataModel.o
                0x000000000000181a                xDataRegQueue
 .text.DataModelGetSecCounter
                0x0000000000001824        0xa ./User/DataModel.o
                0x0000000000001824                DataModelGetSecCounter
 .text.WriteRegAfterDelay
                0x000000000000182e       0x68 ./User/DataModel.o
                0x000000000000182e                WriteRegAfterDelay
 .text.WriteReg
                0x0000000000001896       0x50 ./User/DataModel.o
                0x0000000000001896                WriteReg
 .text.vGetBitrate
                0x00000000000018e6        0xe ./User/DataModel.o
                0x00000000000018e6                vGetBitrate
 .text.vFDGetNMTState
                0x00000000000018f4        0x6 ./User/DataModel.o
                0x00000000000018f4                vFDGetNMTState
 .text.vGetNodeId
                0x00000000000018fa        0xe ./User/DataModel.o
                0x00000000000018fa                vGetNodeId
 .text.vSetBitrate
                0x0000000000001908       0x20 ./User/DataModel.o
                0x0000000000001908                vSetBitrate
 .text.vSetNodeID
                0x0000000000001928        0xe ./User/DataModel.o
                0x0000000000001928                vSetNodeID
 .text.vDataModelRegDelayWrite
                0x0000000000001936       0x60 ./User/DataModel.o
                0x0000000000001936                vDataModelRegDelayWrite
 .text.vIncrementSystemCounters
                0x0000000000001996       0x9c ./User/DataModel.o
                0x0000000000001996                vIncrementSystemCounters
 .text.vSaveData
                0x0000000000001a32       0x16 ./User/DataModel.o
                0x0000000000001a32                vSaveData
 .text.getOdometr
                0x0000000000001a48       0x14 ./User/DataModel.o
                0x0000000000001a48                getOdometr
 .text.getOdometr1
                0x0000000000001a5c       0x14 ./User/DataModel.o
                0x0000000000001a5c                getOdometr1
 .text.ResrtOdometr1
                0x0000000000001a70        0xe ./User/DataModel.o
                0x0000000000001a70                ResrtOdometr1
 .text.NMI_Handler
                0x0000000000001a7e        0x2 ./User/ch32v20x_it.o
                0x0000000000001a7e                NMI_Handler
 .text.HardFault_Handler
                0x0000000000001a80        0x2 ./User/ch32v20x_it.o
                0x0000000000001a80                HardFault_Handler
 .text.SegPrint
                0x0000000000001a82       0x58 ./User/dash_draw.o
 .text.vCheckKeySatate
                0x0000000000001ada       0x80 ./User/dash_draw.o
 .text.vSetErrorReg
                0x0000000000001b5a        0xa ./User/dash_draw.o
                0x0000000000001b5a                vSetErrorReg
 .text.getODValue
                0x0000000000001b64      0x1ba ./User/dash_draw.o
                0x0000000000001b64                getODValue
 .text.IncMenuIndex
                0x0000000000001d1e       0x80 ./User/dash_draw.o
                0x0000000000001d1e                IncMenuIndex
 .text.GoToHome
                0x0000000000001d9e       0x12 ./User/dash_draw.o
                0x0000000000001d9e                GoToHome
 .text.SetCurMenuHome
                0x0000000000001db0       0x36 ./User/dash_draw.o
                0x0000000000001db0                SetCurMenuHome
 .text.GetCurMenuHome
                0x0000000000001de6        0x6 ./User/dash_draw.o
                0x0000000000001de6                GetCurMenuHome
 .text.SetCurrentMenu
                0x0000000000001dec       0x12 ./User/dash_draw.o
                0x0000000000001dec                SetCurrentMenu
 .text.SetDefault
                0x0000000000001dfe       0x2a ./User/dash_draw.o
                0x0000000000001dfe                SetDefault
 .text.MenuBackHomeCheck
                0x0000000000001e28       0x38 ./User/dash_draw.o
                0x0000000000001e28                MenuBackHomeCheck
 .text.vMenuBlink
                0x0000000000001e60       0x4a ./User/dash_draw.o
                0x0000000000001e60                vMenuBlink
 .text.SetErrorRegiter
                0x0000000000001eaa       0x5e ./User/dash_draw.o
                0x0000000000001eaa                SetErrorRegiter
 .text.uGetCurrMenu
                0x0000000000001f08       0x26 ./User/dash_draw.o
                0x0000000000001f08                uGetCurrMenu
 .text.vGetEdgeData
                0x0000000000001f2e       0x2a ./User/dash_draw.o
                0x0000000000001f2e                vGetEdgeData
 .text.CheckLedState
                0x0000000000001f58       0xd4 ./User/dash_draw.o
 .text.vRGBMode
                0x000000000000202c       0xaa ./User/dash_draw.o
                0x000000000000202c                vRGBMode
 .text.vBarColorMode
                0x00000000000020d6       0xc8 ./User/dash_draw.o
                0x00000000000020d6                vBarColorMode
 .text.vBarMode
                0x000000000000219e       0x36 ./User/dash_draw.o
                0x000000000000219e                vBarMode
 .text.vRedrawTask
                0x00000000000021d4      0x4de ./User/dash_draw.o
                0x00000000000021d4                vRedrawTask
 .text.HardwareDeinit
                0x00000000000026b2       0x2a ./User/init.o
                0x00000000000026b2                HardwareDeinit
 .text.SoftwareReset
                0x00000000000026dc       0x14 ./User/init.o
                0x00000000000026dc                SoftwareReset
 .text.ADC1_Event
                0x00000000000026f0       0x44 ./User/inputs.o
                0x00000000000026f0                ADC1_Event
 .text.CaptureDMACallBack
                0x0000000000002734       0x22 ./User/inputs.o
                0x0000000000002734                CaptureDMACallBack
 .text.CaptureDMACallBack_1
                0x0000000000002756       0x22 ./User/inputs.o
                0x0000000000002756                CaptureDMACallBack_1
 .text.fDinStateCallback
                0x0000000000002778       0x42 ./User/inputs.o
                0x0000000000002778                fDinStateCallback
 .text.getInputsTaskHandle
                0x00000000000027ba        0xa ./User/inputs.o
                0x00000000000027ba                getInputsTaskHandle
 .text.ADC_FSM  0x00000000000027c4      0x200 ./User/inputs.o
                0x00000000000027c4                ADC_FSM
 .text.GetAIN   0x00000000000029c4        0xc ./User/inputs.o
                0x00000000000029c4                GetAIN
 .text.InputsGetTest
                0x00000000000029d0       0x6e ./User/inputs.o
                0x00000000000029d0                InputsGetTest
 .text.vInputsTask
                0x0000000000002a3e      0x10a ./User/inputs.o
                0x0000000000002a3e                vInputsTask
 .text.SPI1_DMA_Callback
                0x0000000000002b48       0x2e ./User/led.o
                0x0000000000002b48                SPI1_DMA_Callback
 .text.SPI2_DMA_Callback
                0x0000000000002b76       0x2e ./User/led.o
                0x0000000000002b76                SPI2_DMA_Callback
 .text.SetBarState
                0x0000000000002ba4       0x50 ./User/led.o
                0x0000000000002ba4                SetBarState
 .text.SetRGB   0x0000000000002bf4       0x50 ./User/led.o
                0x0000000000002bf4                SetRGB
 .text.SetSegDirect
                0x0000000000002c44       0xa8 ./User/led.o
                0x0000000000002c44                SetSegDirect
 .text.SetSegPoint
                0x0000000000002cec       0x22 ./User/led.o
                0x0000000000002cec                SetSegPoint
 .text.SetSEG   0x0000000000002d0e      0x11a ./User/led.o
                0x0000000000002d0e                SetSEG
 .text.SetBigSeg
                0x0000000000002e28       0x14 ./User/led.o
                0x0000000000002e28                SetBigSeg
 .text.vSetBrigth
                0x0000000000002e3c       0x28 ./User/led.o
                0x0000000000002e3c                vSetBrigth
 .text.vLedProcess
                0x0000000000002e64       0x1e ./User/led.o
                0x0000000000002e64                vLedProcess
 .text.vRGBProcess
                0x0000000000002e82       0xe2 ./User/led.o
                0x0000000000002e82                vRGBProcess
 .text.startup.main
                0x0000000000002f64       0x32 ./User/main.o
                0x0000000000002f64                main
 .text.vRestartNode
                0x0000000000002f96        0x2 ./User/main.o
                0x0000000000002f96                vRestartNode
 .text.Error_Handler
                0x0000000000002f98       0x18 ./User/main.o
                0x0000000000002f98                Error_Handler
 .text.OD_writeRGBMAP
                0x0000000000002fb0       0x30 ./User/process.o
 .text.OD_writeKEY
                0x0000000000002fe0       0x34 ./User/process.o
 .text.OD_writeHister
                0x0000000000003014       0x26 ./User/process.o
 .text.OD_readRGBMAP
                0x000000000000303a       0x22 ./User/process.o
 .text.OD_readHister
                0x000000000000305c       0x22 ./User/process.o
 .text.OD_readDIN
                0x000000000000307e       0x1c ./User/process.o
 .text.OD_writeMenuSetup
                0x000000000000309a       0x46 ./User/process.o
 .text.OD_writeBoardSettings
                0x00000000000030e0       0xd8 ./User/process.o
 .text.CO_getUint16
                0x00000000000031b8       0x10 ./User/process.o
 .text.OD_writeSEG
                0x00000000000031c8       0x44 ./User/process.o
 .text.OD_writeBAR
                0x000000000000320c       0x2e ./User/process.o
 .text.OD_writeRPMConfig
                0x000000000000323a       0x36 ./User/process.o
 .text.CO_getUint32
                0x0000000000003270       0x18 ./User/process.o
 .text.OD_writeMenuMap
                0x0000000000003288       0x2e ./User/process.o
 .text.OD_writeV1_14
                0x00000000000032b6       0x56 ./User/process.o
 .text.OD_writeDashParam
                0x000000000000330c       0x7c ./User/process.o
 .text.WriteRGB.isra.2
                0x0000000000003388       0x3a ./User/process.o
 .text.OD_writeRGB1
                0x00000000000033c2       0x14 ./User/process.o
 .text.OD_writeRGB2
                0x00000000000033d6       0x16 ./User/process.o
 .text.OD_writeRGB3
                0x00000000000033ec       0x16 ./User/process.o
 .text.OD_writeRGB4
                0x0000000000003402       0x16 ./User/process.o
 .text.OD_writeRGB5
                0x0000000000003418       0x16 ./User/process.o
 .text.OD_writeRGB6
                0x000000000000342e       0x16 ./User/process.o
 .text.OD_writeRGB7
                0x0000000000003444       0x16 ./User/process.o
 .text.OD_writeRGB8
                0x000000000000345a       0x16 ./User/process.o
 .text.OD_writeRGB9
                0x0000000000003470       0x16 ./User/process.o
 .text.OD_writeRGB10
                0x0000000000003486       0x16 ./User/process.o
 .text.OD_writeRGB11
                0x000000000000349c       0x16 ./User/process.o
 .text.OD_writeRGB12
                0x00000000000034b2       0x16 ./User/process.o
 .text.OD_writeRGB13
                0x00000000000034c8       0x16 ./User/process.o
 .text.OD_writeRGB14
                0x00000000000034de       0x16 ./User/process.o
 .text.OD_writeICHC
                0x00000000000034f4       0x50 ./User/process.o
 .text.OD_readKEY
                0x0000000000003544       0x2c ./User/process.o
 .text.OD_readMenuSetup
                0x0000000000003570       0x3a ./User/process.o
 .text.OD_readBoardSettings
                0x00000000000035aa       0x6a ./User/process.o
 .text.writeADC.isra.12
                0x0000000000003614       0xb6 ./User/process.o
 .text.OD_writeADC1
                0x00000000000036ca       0x10 ./User/process.o
 .text.OD_writeADC2
                0x00000000000036da       0x10 ./User/process.o
 .text.OD_writeADC3
                0x00000000000036ea       0x10 ./User/process.o
 .text.OD_readRGB.isra.8
                0x00000000000036fa       0x22 ./User/process.o
 .text.OD_readRGB1
                0x000000000000371c       0x14 ./User/process.o
 .text.OD_readRGB2
                0x0000000000003730       0x16 ./User/process.o
 .text.OD_readRGB3
                0x0000000000003746       0x16 ./User/process.o
 .text.OD_readRGB4
                0x000000000000375c       0x16 ./User/process.o
 .text.OD_readRGB5
                0x0000000000003772       0x16 ./User/process.o
 .text.OD_readRGB6
                0x0000000000003788       0x16 ./User/process.o
 .text.OD_readRGB7
                0x000000000000379e       0x16 ./User/process.o
 .text.OD_readRGB8
                0x00000000000037b4       0x16 ./User/process.o
 .text.OD_readRGB9
                0x00000000000037ca       0x16 ./User/process.o
 .text.OD_readRGB10
                0x00000000000037e0       0x16 ./User/process.o
 .text.OD_readRGB11
                0x00000000000037f6       0x16 ./User/process.o
 .text.OD_readRGB12
                0x000000000000380c       0x16 ./User/process.o
 .text.OD_readRGB13
                0x0000000000003822       0x16 ./User/process.o
 .text.OD_readRGB14
                0x0000000000003838       0x16 ./User/process.o
 .text.OD_readSEG
                0x000000000000384e       0x40 ./User/process.o
 .text.OD_readDashParam
                0x000000000000388e       0x64 ./User/process.o
 .text.OD_readICHC
                0x00000000000038f2       0x4e ./User/process.o
 .text.OD_readRPMConfig
                0x0000000000003940       0x2a ./User/process.o
 .text.OD_readAIN_RPM
                0x000000000000396a       0x26 ./User/process.o
 .text.OD_readMenuMap
                0x0000000000003990       0x2c ./User/process.o
 .text.OD_readBar
                0x00000000000039bc       0x28 ./User/process.o
 .text.readADC.isra.4
                0x00000000000039e4       0x5a ./User/process.o
 .text.OD_readADC1
                0x0000000000003a3e       0x10 ./User/process.o
 .text.OD_readADC2
                0x0000000000003a4e       0x10 ./User/process.o
 .text.OD_readADC3
                0x0000000000003a5e       0x10 ./User/process.o
 .text.SystemInit
                0x0000000000003a6e       0xea ./User/system_ch32v20x.o
                0x0000000000003a6e                SystemInit
 .text.SystemCoreClockUpdate
                0x0000000000003b58       0x8e ./User/system_ch32v20x.o
                0x0000000000003b58                SystemCoreClockUpdate
 .text.StartDefaultTask
                0x0000000000003be6      0x11a ./User/system_init.o
 .text.vApplicationGetIdleTaskMemory
                0x0000000000003d00       0x1c ./User/system_init.o
                0x0000000000003d00                vApplicationGetIdleTaskMemory
 .text.vSystemStop
                0x0000000000003d1c       0x26 ./User/system_init.o
                0x0000000000003d1c                vSystemStop
 .text.vector_handler
                0x0000000000003d42       0x6c ./Startup/startup_ch32v20x_D6.o
                0x0000000000003d46                Ecall_M_Mode_Handler
                0x0000000000003d48                Ecall_U_Mode_Handler
                0x0000000000003d4a                Break_Point_Handler
                0x0000000000003d50                WWDG_IRQHandler
                0x0000000000003d52                PVD_IRQHandler
                0x0000000000003d54                TAMPER_IRQHandler
                0x0000000000003d58                FLASH_IRQHandler
                0x0000000000003d5a                RCC_IRQHandler
                0x0000000000003d5c                EXTI0_IRQHandler
                0x0000000000003d5e                EXTI1_IRQHandler
                0x0000000000003d60                EXTI2_IRQHandler
                0x0000000000003d62                EXTI3_IRQHandler
                0x0000000000003d64                EXTI4_IRQHandler
                0x0000000000003d68                DMA1_Channel2_IRQHandler
                0x0000000000003d70                DMA1_Channel6_IRQHandler
                0x0000000000003d7e                EXTI9_5_IRQHandler
                0x0000000000003d80                TIM1_BRK_IRQHandler
                0x0000000000003d82                TIM1_UP_IRQHandler
                0x0000000000003d84                TIM1_TRG_COM_IRQHandler
                0x0000000000003d86                TIM1_CC_IRQHandler
                0x0000000000003d88                TIM2_IRQHandler
                0x0000000000003d8a                TIM3_IRQHandler
                0x0000000000003d92                I2C2_EV_IRQHandler
                0x0000000000003d94                I2C2_ER_IRQHandler
                0x0000000000003d96                SPI1_IRQHandler
                0x0000000000003d98                SPI2_IRQHandler
                0x0000000000003d9a                USART1_IRQHandler
                0x0000000000003d9c                USART2_IRQHandler
                0x0000000000003d9e                USART3_IRQHandler
                0x0000000000003da0                EXTI15_10_IRQHandler
                0x0000000000003da2                RTCAlarm_IRQHandler
                0x0000000000003da4                USBWakeUp_IRQHandler
                0x0000000000003da6                USBHD_IRQHandler
                0x0000000000003da8                USBHDWakeUp_IRQHandler
                0x0000000000003daa                UART4_IRQHandler
                0x0000000000003dac                DMA1_Channel8_IRQHandler
 .text.handle_reset
                0x0000000000003dae       0x92 ./Startup/startup_ch32v20x_D6.o
                0x0000000000003dae                handle_reset
 .text.ADC_Cmd  0x0000000000003e40       0x10 ./Peripheral/src/ch32v20x_adc.o
                0x0000000000003e40                ADC_Cmd
 .text.ADC_GetResetCalibrationStatus
                0x0000000000003e50        0x8 ./Peripheral/src/ch32v20x_adc.o
                0x0000000000003e50                ADC_GetResetCalibrationStatus
 .text.ADC_GetCalibrationStatus
                0x0000000000003e58        0x8 ./Peripheral/src/ch32v20x_adc.o
                0x0000000000003e58                ADC_GetCalibrationStatus
 .text.ADC_GetITStatus
                0x0000000000003e60       0x1c ./Peripheral/src/ch32v20x_adc.o
                0x0000000000003e60                ADC_GetITStatus
 .text.ADC_ClearITPendingBit
                0x0000000000003e7c        0xa ./Peripheral/src/ch32v20x_adc.o
                0x0000000000003e7c                ADC_ClearITPendingBit
 .text.Get_CalibrationValue
                0x0000000000003e86      0x1fe ./Peripheral/src/ch32v20x_adc.o
                0x0000000000003e86                Get_CalibrationValue
 .text.DMA_GetFlagStatus
                0x0000000000004084        0xe ./Peripheral/src/ch32v20x_dma.o
                0x0000000000004084                DMA_GetFlagStatus
 .text.DMA_GetITStatus
                0x0000000000004092        0xc ./Peripheral/src/ch32v20x_dma.o
                0x0000000000004092                DMA_GetITStatus
 .text.DMA_ClearITPendingBit
                0x000000000000409e        0x8 ./Peripheral/src/ch32v20x_dma.o
                0x000000000000409e                DMA_ClearITPendingBit
 .text.FLASH_GetBank1Status
                0x00000000000040a6       0x18 ./Peripheral/src/ch32v20x_flash.o
                0x00000000000040a6                FLASH_GetBank1Status
 .text.FLASH_WaitForLastOperation
                0x00000000000040be       0x24 ./Peripheral/src/ch32v20x_flash.o
                0x00000000000040be                FLASH_WaitForLastOperation
 .text.GPIO_Init
                0x00000000000040e2       0xfa ./Peripheral/src/ch32v20x_gpio.o
                0x00000000000040e2                GPIO_Init
 .text.GPIO_PinRemapConfig
                0x00000000000041dc       0xf2 ./Peripheral/src/ch32v20x_gpio.o
                0x00000000000041dc                GPIO_PinRemapConfig
 .text.I2C_DualAddressCmd
                0x00000000000042ce       0x18 ./Peripheral/src/ch32v20x_i2c.o
                0x00000000000042ce                I2C_DualAddressCmd
 .text.I2C_ClearFlag
                0x00000000000042e6        0xc ./Peripheral/src/ch32v20x_i2c.o
                0x00000000000042e6                I2C_ClearFlag
 .text.RCC_LSEConfig
                0x00000000000042f2       0x28 ./Peripheral/src/ch32v20x_rcc.o
                0x00000000000042f2                RCC_LSEConfig
 .text.RCC_GetClocksFreq
                0x000000000000431a       0xbe ./Peripheral/src/ch32v20x_rcc.o
                0x000000000000431a                RCC_GetClocksFreq
 .text.RCC_APB2PeriphClockCmd
                0x00000000000043d8       0x1e ./Peripheral/src/ch32v20x_rcc.o
                0x00000000000043d8                RCC_APB2PeriphClockCmd
 .text.RCC_GetFlagStatus
                0x00000000000043f6       0x2e ./Peripheral/src/ch32v20x_rcc.o
                0x00000000000043f6                RCC_GetFlagStatus
 .text.RTC_EnterConfigMode
                0x0000000000004424       0x12 ./Peripheral/src/ch32v20x_rtc.o
                0x0000000000004424                RTC_EnterConfigMode
 .text.RTC_ExitConfigMode
                0x0000000000004436       0x18 ./Peripheral/src/ch32v20x_rtc.o
                0x0000000000004436                RTC_ExitConfigMode
 .text.RTC_GetCounter
                0x000000000000444e       0x36 ./Peripheral/src/ch32v20x_rtc.o
                0x000000000000444e                RTC_GetCounter
 .text.RTC_SetCounter
                0x0000000000004484       0x2c ./Peripheral/src/ch32v20x_rtc.o
                0x0000000000004484                RTC_SetCounter
 .text.RTC_SetPrescaler
                0x00000000000044b0       0x2e ./Peripheral/src/ch32v20x_rtc.o
                0x00000000000044b0                RTC_SetPrescaler
 .text.RTC_WaitForLastTask
                0x00000000000044de       0x10 ./Peripheral/src/ch32v20x_rtc.o
                0x00000000000044de                RTC_WaitForLastTask
 .text.RTC_WaitForSynchro
                0x00000000000044ee       0x24 ./Peripheral/src/ch32v20x_rtc.o
                0x00000000000044ee                RTC_WaitForSynchro
 .text.TIM_OC1Init
                0x0000000000004512       0x6a ./Peripheral/src/ch32v20x_tim.o
                0x0000000000004512                TIM_OC1Init
 .text.TIM_OC2Init
                0x000000000000457c       0x96 ./Peripheral/src/ch32v20x_tim.o
                0x000000000000457c                TIM_OC2Init
 .text.TIM_OC3Init
                0x0000000000004612       0x94 ./Peripheral/src/ch32v20x_tim.o
                0x0000000000004612                TIM_OC3Init
 .text.TIM_OC4Init
                0x00000000000046a6       0x6c ./Peripheral/src/ch32v20x_tim.o
                0x00000000000046a6                TIM_OC4Init
 .text.TIM_OC1PreloadConfig
                0x0000000000004712        0xe ./Peripheral/src/ch32v20x_tim.o
                0x0000000000004712                TIM_OC1PreloadConfig
 .text.TIM_OC2PreloadConfig
                0x0000000000004720       0x16 ./Peripheral/src/ch32v20x_tim.o
                0x0000000000004720                TIM_OC2PreloadConfig
 .text.TIM_OC3PreloadConfig
                0x0000000000004736        0xe ./Peripheral/src/ch32v20x_tim.o
                0x0000000000004736                TIM_OC3PreloadConfig
 .text.TIM_OC4PreloadConfig
                0x0000000000004744       0x16 ./Peripheral/src/ch32v20x_tim.o
                0x0000000000004744                TIM_OC4PreloadConfig
 .text.TIM_GetITStatus
                0x000000000000475a       0x18 ./Peripheral/src/ch32v20x_tim.o
                0x000000000000475a                TIM_GetITStatus
 .text.USART_Init
                0x0000000000004772       0xbc ./Peripheral/src/ch32v20x_usart.o
                0x0000000000004772                USART_Init
 .text.USART_Cmd
                0x000000000000482e       0x16 ./Peripheral/src/ch32v20x_usart.o
                0x000000000000482e                USART_Cmd
 .text.USART_SendData
                0x0000000000004844        0x8 ./Peripheral/src/ch32v20x_usart.o
                0x0000000000004844                USART_SendData
 .text.USART_GetFlagStatus
                0x000000000000484c        0xa ./Peripheral/src/ch32v20x_usart.o
                0x000000000000484c                USART_GetFlagStatus
 .text.vRCFilterConfig
                0x0000000000004856       0x2e ./HAL_LIB/filters.o
                0x0000000000004856                vRCFilterConfig
 .text.AddBufferData
                0x0000000000004884       0x20 ./HAL_LIB/filters.o
                0x0000000000004884                AddBufferData
 .text.GetConversional
                0x00000000000048a4       0x4a ./HAL_LIB/filters.o
                0x00000000000048a4                GetConversional
 .text.GetDataRegister
                0x00000000000048ee        0xa ./HAL_LIB/hw_data_model.o
                0x00000000000048ee                GetDataRegister
 .text.GetRegisterAddr
                0x00000000000048f8        0xc ./HAL_LIB/hw_data_model.o
                0x00000000000048f8                GetRegisterAddr
 .text.ClearDataModel
                0x0000000000004904       0x1a ./HAL_LIB/hw_data_model.o
                0x0000000000004904                ClearDataModel
 .text.setReg32
                0x000000000000491e       0x1e ./HAL_LIB/hw_data_model.o
                0x000000000000491e                setReg32
 .text.setReg16
                0x000000000000493c       0x12 ./HAL_LIB/hw_data_model.o
                0x000000000000493c                setReg16
 .text.setReg8  0x000000000000494e        0xe ./HAL_LIB/hw_data_model.o
                0x000000000000494e                setReg8
 .text.getReg16
                0x000000000000495c       0x14 ./HAL_LIB/hw_data_model.o
                0x000000000000495c                getReg16
 .text.getReg32
                0x0000000000004970       0x20 ./HAL_LIB/hw_data_model.o
                0x0000000000004970                getReg32
 .text.getReg8  0x0000000000004990        0xe ./HAL_LIB/hw_data_model.o
                0x0000000000004990                getReg8
 .text.fGetAinCalData
                0x000000000000499e       0x7a ./HAL_LIB/hw_lib_adc.o
                0x000000000000499e                fGetAinCalData
 .text.eAinCalDataConfig
                0x0000000000004a18       0x50 ./HAL_LIB/hw_lib_adc.o
                0x0000000000004a18                eAinCalDataConfig
 .text.vABLineKoofFinde
                0x0000000000004a68       0x6a ./HAL_LIB/hw_lib_adc.o
                0x0000000000004a68                vABLineKoofFinde
 .text.eSetAinCalPoint
                0x0000000000004ad2       0x64 ./HAL_LIB/hw_lib_adc.o
                0x0000000000004ad2                eSetAinCalPoint
 .text.getADC1Buffer
                0x0000000000004b36        0xa ./HAL_LIB/hw_lib_adc.o
                0x0000000000004b36                getADC1Buffer
 .text.uGetDIN  0x0000000000004b40       0x14 ./HAL_LIB/hw_lib_din.o
                0x0000000000004b40                uGetDIN
 .text.eRPMConfig
                0x0000000000004b54       0x5a ./HAL_LIB/hw_lib_din.o
                0x0000000000004b54                eRPMConfig
 .text.RMPDataConvert
                0x0000000000004bae       0x4e ./HAL_LIB/hw_lib_din.o
                0x0000000000004bae                RMPDataConvert
 .text.GetRPM   0x0000000000004bfc       0x7a ./HAL_LIB/hw_lib_din.o
                0x0000000000004bfc                GetRPM
 .text.vDinDoutProcess
                0x0000000000004c76       0x88 ./HAL_LIB/hw_lib_din.o
                0x0000000000004c76                vDinDoutProcess
 .text.getCaputreBuffer
                0x0000000000004cfe       0x16 ./HAL_LIB/hw_lib_din.o
                0x0000000000004cfe                getCaputreBuffer
 .text.I2C_FSM  0x0000000000004d14      0x1ae ./HAL_LIB/hw_lib_eeprom_i2c.o
                0x0000000000004d14                I2C_FSM
 .text.eEEPROMWrFast
                0x0000000000004ec2      0x102 ./HAL_LIB/hw_lib_eeprom_i2c.o
                0x0000000000004ec2                eEEPROMWrFast
 .text.eEEPROMWr
                0x0000000000004fc4       0xe0 ./HAL_LIB/hw_lib_eeprom_i2c.o
                0x0000000000004fc4                eEEPROMWr
 .text.eEEPROMRd
                0x00000000000050a4       0x8a ./HAL_LIB/hw_lib_eeprom_i2c.o
                0x00000000000050a4                eEEPROMRd
 .text.vHW_INIT_TIMEOUT
                0x000000000000512e       0x1c ./HAL_LIB/hw_timeout.o
                0x000000000000512e                vHW_INIT_TIMEOUT
 .text.vHW_PROCESS_TIMEOUT
                0x000000000000514a       0x26 ./HAL_LIB/hw_timeout.o
                0x000000000000514a                vHW_PROCESS_TIMEOUT
 .text.HAL_CANSetTXCallback
                0x0000000000005170        0xa ./HAL_DRIVER/hal_can_ch32.o
                0x0000000000005170                HAL_CANSetTXCallback
 .text.HAL_CANSetRXCallback
                0x000000000000517a        0xa ./HAL_DRIVER/hal_can_ch32.o
                0x000000000000517a                HAL_CANSetRXCallback
 .text.HAL_CANSetERRCallback
                0x0000000000005184        0xa ./HAL_DRIVER/hal_can_ch32.o
                0x0000000000005184                HAL_CANSetERRCallback
 .text.HAL_CANSend
                0x000000000000518e       0xc8 ./HAL_DRIVER/hal_can_ch32.o
                0x000000000000518e                HAL_CANSend
 .text.HAL_CANGetRXMessage
                0x0000000000005256       0xb0 ./HAL_DRIVER/hal_can_ch32.o
                0x0000000000005256                HAL_CANGetRXMessage
 .text.USB_HP_CAN1_TX_IRQHandler
                0x0000000000005306       0x60 ./HAL_DRIVER/hal_can_ch32.o
                0x0000000000005306                USB_HP_CAN1_TX_IRQHandler
 .text.USB_LP_CAN1_RX0_IRQHandler
                0x0000000000005366       0x5e ./HAL_DRIVER/hal_can_ch32.o
                0x0000000000005366                USB_LP_CAN1_RX0_IRQHandler
 .text.CAN1_RX1_IRQHandler
                0x00000000000053c4       0x5e ./HAL_DRIVER/hal_can_ch32.o
                0x00000000000053c4                CAN1_RX1_IRQHandler
 .text.CAN1_SCE_IRQHandler
                0x0000000000005422       0x5c ./HAL_DRIVER/hal_can_ch32.o
                0x0000000000005422                CAN1_SCE_IRQHandler
 .text.ProgramOptionByteData
                0x000000000000547e      0x120 ./HAL_DRIVER/hal_flash_ch32.o
                0x000000000000547e                ProgramOptionByteData
 .text.HAL_GetBit
                0x000000000000559e        0xa ./HAL_DRIVER/hal_gpio_ch32.o
                0x000000000000559e                HAL_GetBit
 .text.HAL_SetBit
                0x00000000000055a8        0x4 ./HAL_DRIVER/hal_gpio_ch32.o
                0x00000000000055a8                HAL_SetBit
 .text.HAL_ResetBit
                0x00000000000055ac        0x4 ./HAL_DRIVER/hal_gpio_ch32.o
                0x00000000000055ac                HAL_ResetBit
 .text.RTC_IRQHandler
                0x00000000000055b0       0x78 ./HAL_DRIVER/hal_rtc_ch32.o
                0x00000000000055b0                RTC_IRQHandler
 .text.HAL_SPI_RXOveleyClear
                0x0000000000005628       0x1e ./HAL_DRIVER/hal_spi_ch32.o
                0x0000000000005628                HAL_SPI_RXOveleyClear
 .text.HAL_SPI_GetBusy
                0x0000000000005646       0x10 ./HAL_DRIVER/hal_spi_ch32.o
                0x0000000000005646                HAL_SPI_GetBusy
 .text.HAL_WDTReset
                0x0000000000005656        0xe ./HAL_DRIVER/hal_wdt_ch32.o
                0x0000000000005656                HAL_WDTReset
 .text.prvInsertBlockIntoFreeList
                0x0000000000005664       0x4c ./FreeRTOS/portable/MemMang/heap_4.o
 .text.pvPortMalloc
                0x00000000000056b0      0x18a ./FreeRTOS/portable/MemMang/heap_4.o
                0x00000000000056b0                pvPortMalloc
 .text.vPortSetupTimerInterrupt
                0x000000000000583a       0x3e ./FreeRTOS/portable/GCC/RISC-V/port.o
                0x000000000000583a                vPortSetupTimerInterrupt
 .text.xPortStartScheduler
                0x0000000000005878       0x90 ./FreeRTOS/portable/GCC/RISC-V/port.o
                0x0000000000005878                xPortStartScheduler
 .text.SysTick_Handler
                0x0000000000005908       0x7c ./FreeRTOS/portable/GCC/RISC-V/port.o
                0x0000000000005908                SysTick_Handler
 .text.vPortEnterCritical
                0x0000000000005984       0x16 ./FreeRTOS/portable/GCC/RISC-V/port.o
                0x0000000000005984                vPortEnterCritical
 .text.vPortExitCritical
                0x000000000000599a       0x42 ./FreeRTOS/portable/GCC/RISC-V/port.o
                0x000000000000599a                vPortExitCritical
 .text.xPortSetInterruptMask
                0x00000000000059dc        0xc ./FreeRTOS/portable/GCC/RISC-V/port.o
                0x00000000000059dc                xPortSetInterruptMask
 .text.vPortClearInterruptMask
                0x00000000000059e8        0x6 ./FreeRTOS/portable/GCC/RISC-V/port.o
                0x00000000000059e8                vPortClearInterruptMask
 .text.vListInitialise
                0x00000000000059ee       0x14 ./FreeRTOS/list.o
                0x00000000000059ee                vListInitialise
 .text.vListInitialiseItem
                0x0000000000005a02        0x6 ./FreeRTOS/list.o
                0x0000000000005a02                vListInitialiseItem
 .text.vListInsertEnd
                0x0000000000005a08       0x18 ./FreeRTOS/list.o
                0x0000000000005a08                vListInsertEnd
 .text.vListInsert
                0x0000000000005a20       0x2e ./FreeRTOS/list.o
                0x0000000000005a20                vListInsert
 .text.uxListRemove
                0x0000000000005a4e       0x20 ./FreeRTOS/list.o
                0x0000000000005a4e                uxListRemove
 .text.prvIsQueueEmpty
                0x0000000000005a6e       0x1e ./FreeRTOS/queue.o
 .text.prvCopyDataToQueue
                0x0000000000005a8c       0x72 ./FreeRTOS/queue.o
 .text.prvCopyDataFromQueue
                0x0000000000005afe       0x28 ./FreeRTOS/queue.o
 .text.prvUnlockQueue
                0x0000000000005b26       0x76 ./FreeRTOS/queue.o
 .text.xQueueGenericReset
                0x0000000000005b9c       0xc4 ./FreeRTOS/queue.o
                0x0000000000005b9c                xQueueGenericReset
 .text.xQueueGenericCreateStatic
                0x0000000000005c60       0xae ./FreeRTOS/queue.o
                0x0000000000005c60                xQueueGenericCreateStatic
 .text.xQueueGenericCreate
                0x0000000000005d0e       0x72 ./FreeRTOS/queue.o
                0x0000000000005d0e                xQueueGenericCreate
 .text.xQueueGenericSend
                0x0000000000005d80      0x178 ./FreeRTOS/queue.o
                0x0000000000005d80                xQueueGenericSend
 .text.xQueueGiveMutexRecursive
                0x0000000000005ef8       0x56 ./FreeRTOS/queue.o
                0x0000000000005ef8                xQueueGiveMutexRecursive
 .text.xQueueCreateMutex
                0x0000000000005f4e       0x2e ./FreeRTOS/queue.o
                0x0000000000005f4e                xQueueCreateMutex
 .text.xQueueReceive
                0x0000000000005f7c      0x138 ./FreeRTOS/queue.o
                0x0000000000005f7c                xQueueReceive
 .text.xQueueSemaphoreTake
                0x00000000000060b4      0x18e ./FreeRTOS/queue.o
                0x00000000000060b4                xQueueSemaphoreTake
 .text.xQueueTakeMutexRecursive
                0x0000000000006242       0x5a ./FreeRTOS/queue.o
                0x0000000000006242                xQueueTakeMutexRecursive
 .text.uxQueueMessagesWaiting
                0x000000000000629c       0x44 ./FreeRTOS/queue.o
                0x000000000000629c                uxQueueMessagesWaiting
 .text.prvIdleTask
                0x00000000000062e0        0x2 ./FreeRTOS/tasks.o
 .text.prvAddNewTaskToReadyList
                0x00000000000062e2      0x10e ./FreeRTOS/tasks.o
 .text.prvResetNextTaskUnblockTime
                0x00000000000063f0       0x24 ./FreeRTOS/tasks.o
 .text.prvTaskIsTaskSuspended
                0x0000000000006414       0x50 ./FreeRTOS/tasks.o
 .text.prvInitialiseNewTask.isra.2
                0x0000000000006464       0xc8 ./FreeRTOS/tasks.o
 .text.prvAddCurrentTaskToDelayedList
                0x000000000000652c       0xa8 ./FreeRTOS/tasks.o
 .text.xTaskCreateStatic
                0x00000000000065d4       0xa6 ./FreeRTOS/tasks.o
                0x00000000000065d4                xTaskCreateStatic
 .text.vTaskResume
                0x000000000000667a       0xaa ./FreeRTOS/tasks.o
                0x000000000000667a                vTaskResume
 .text.vTaskStartScheduler
                0x0000000000006724       0x60 ./FreeRTOS/tasks.o
                0x0000000000006724                vTaskStartScheduler
 .text.vTaskSuspendAll
                0x0000000000006784       0x10 ./FreeRTOS/tasks.o
                0x0000000000006784                vTaskSuspendAll
 .text.xTaskGetTickCount
                0x0000000000006794        0x6 ./FreeRTOS/tasks.o
                0x0000000000006794                xTaskGetTickCount
 .text.xTaskIncrementTick
                0x000000000000679a      0x19c ./FreeRTOS/tasks.o
                0x000000000000679a                xTaskIncrementTick
 .text.xTaskResumeAll
                0x0000000000006936      0x158 ./FreeRTOS/tasks.o
                0x0000000000006936                xTaskResumeAll
 .text.vTaskDelay
                0x0000000000006a8e       0x66 ./FreeRTOS/tasks.o
                0x0000000000006a8e                vTaskDelay
 .text.vTaskSwitchContext
                0x0000000000006af4       0x96 ./FreeRTOS/tasks.o
                0x0000000000006af4                vTaskSwitchContext
 .text.vTaskSuspend
                0x0000000000006b8a       0xea ./FreeRTOS/tasks.o
                0x0000000000006b8a                vTaskSuspend
 .text.vTaskPlaceOnEventList
                0x0000000000006c74       0x48 ./FreeRTOS/tasks.o
                0x0000000000006c74                vTaskPlaceOnEventList
 .text.xTaskRemoveFromEventList
                0x0000000000006cbc       0xe8 ./FreeRTOS/tasks.o
                0x0000000000006cbc                xTaskRemoveFromEventList
 .text.vTaskInternalSetTimeOutState
                0x0000000000006da4        0xe ./FreeRTOS/tasks.o
                0x0000000000006da4                vTaskInternalSetTimeOutState
 .text.xTaskCheckForTimeOut
                0x0000000000006db2       0xaa ./FreeRTOS/tasks.o
                0x0000000000006db2                xTaskCheckForTimeOut
 .text.vTaskMissedYield
                0x0000000000006e5c        0x8 ./FreeRTOS/tasks.o
                0x0000000000006e5c                vTaskMissedYield
 .text.xTaskGetCurrentTaskHandle
                0x0000000000006e64        0xa ./FreeRTOS/tasks.o
                0x0000000000006e64                xTaskGetCurrentTaskHandle
 .text.xTaskPriorityInherit
                0x0000000000006e6e       0xae ./FreeRTOS/tasks.o
                0x0000000000006e6e                xTaskPriorityInherit
 .text.xTaskPriorityDisinherit
                0x0000000000006f1c       0xca ./FreeRTOS/tasks.o
                0x0000000000006f1c                xTaskPriorityDisinherit
 .text.vTaskPriorityDisinheritAfterTimeout
                0x0000000000006fe6       0xe6 ./FreeRTOS/tasks.o
                0x0000000000006fe6                vTaskPriorityDisinheritAfterTimeout
 .text.pvTaskIncrementMutexHeldCount
                0x00000000000070cc       0x1c ./FreeRTOS/tasks.o
                0x00000000000070cc                pvTaskIncrementMutexHeldCount
 .text.ulTaskGenericNotifyTake
                0x00000000000070e8       0xb8 ./FreeRTOS/tasks.o
                0x00000000000070e8                ulTaskGenericNotifyTake
 .text.xTaskGenericNotifyWait
                0x00000000000071a0       0xe6 ./FreeRTOS/tasks.o
                0x00000000000071a0                xTaskGenericNotifyWait
 .text.xTaskGenericNotifyFromISR
                0x0000000000007286      0x1ec ./FreeRTOS/tasks.o
                0x0000000000007286                xTaskGenericNotifyFromISR
 .text.Delay_Init
                0x0000000000007472       0x3e ./Debug/debug.o
                0x0000000000007472                Delay_Init
 .text.Delay_Ms
                0x00000000000074b0       0x3c ./Debug/debug.o
                0x00000000000074b0                Delay_Ms
 .text.USART_Printf_Init
                0x00000000000074ec       0x5a ./Debug/debug.o
                0x00000000000074ec                USART_Printf_Init
 .text._write   0x0000000000007546       0x3e ./Debug/debug.o
                0x0000000000007546                _write
 .text._sbrk    0x0000000000007584       0x2a ./Debug/debug.o
                0x0000000000007584                _sbrk
 .text.Get_ConversionVal
                0x00000000000075ae       0x2a ./DRIVER/hal_adc_ch32.o
                0x00000000000075ae                Get_ConversionVal
 .text.HAL_ADC_RegularChannelConfig
                0x00000000000075d8       0x46 ./DRIVER/hal_adc_ch32.o
                0x00000000000075d8                HAL_ADC_RegularChannelConfig
 .text.HAL_ADC_ContiniusScanCinvertionDMA
                0x000000000000761e       0xca ./DRIVER/hal_adc_ch32.o
                0x000000000000761e                HAL_ADC_ContiniusScanCinvertionDMA
 .text.HAL_ADC_StartDMA
                0x00000000000076e8       0x42 ./DRIVER/hal_adc_ch32.o
                0x00000000000076e8                HAL_ADC_StartDMA
 .text.ADC1_2_IRQHandler
                0x000000000000772a       0x70 ./DRIVER/hal_adc_ch32.o
                0x000000000000772a                ADC1_2_IRQHandler
 .text.DMA_IRQ  0x000000000000779a       0x3a ./DRIVER/hal_dma_ch32.o
 .text.HAL_DMA_Enable
                0x00000000000077d4       0x18 ./DRIVER/hal_dma_ch32.o
                0x00000000000077d4                HAL_DMA_Enable
 .text.HAL_DMA_Disable
                0x00000000000077ec       0x1a ./DRIVER/hal_dma_ch32.o
                0x00000000000077ec                HAL_DMA_Disable
 .text.HAL_DMAInitIT
                0x0000000000007806       0xa0 ./DRIVER/hal_dma_ch32.o
                0x0000000000007806                HAL_DMAInitIT
 .text.HAL_DMA_SetCounter
                0x00000000000078a6       0x12 ./DRIVER/hal_dma_ch32.o
                0x00000000000078a6                HAL_DMA_SetCounter
 .text.HAL_DMA_ITENABLE
                0x00000000000078b8       0x16 ./DRIVER/hal_dma_ch32.o
                0x00000000000078b8                HAL_DMA_ITENABLE
 .text.HAL_DMA_SetCouterAndEnable
                0x00000000000078ce       0x1a ./DRIVER/hal_dma_ch32.o
                0x00000000000078ce                HAL_DMA_SetCouterAndEnable
 .text.DMA1_Channel1_IRQHandler
                0x00000000000078e8       0x4e ./DRIVER/hal_dma_ch32.o
                0x00000000000078e8                DMA1_Channel1_IRQHandler
 .text.DMA1_Channel3_IRQHandler
                0x0000000000007936       0x4e ./DRIVER/hal_dma_ch32.o
                0x0000000000007936                DMA1_Channel3_IRQHandler
 .text.DMA1_Channel4_IRQHandler
                0x0000000000007984       0x4e ./DRIVER/hal_dma_ch32.o
                0x0000000000007984                DMA1_Channel4_IRQHandler
 .text.DMA1_Channel5_IRQHandler
                0x00000000000079d2       0x4e ./DRIVER/hal_dma_ch32.o
                0x00000000000079d2                DMA1_Channel5_IRQHandler
 .text.DMA1_Channel7_IRQHandler
                0x0000000000007a20       0x4e ./DRIVER/hal_dma_ch32.o
                0x0000000000007a20                DMA1_Channel7_IRQHandler
 .text.HAL_I2C_Init
                0x0000000000007a6e       0xf6 ./DRIVER/hal_i2c_ch32.o
                0x0000000000007a6e                HAL_I2C_Init
 .text.HAL_I2C_GET_STAR2
                0x0000000000007b64        0xe ./DRIVER/hal_i2c_ch32.o
                0x0000000000007b64                HAL_I2C_GET_STAR2
 .text.HAL_I2C_GET_STAR1
                0x0000000000007b72        0xe ./DRIVER/hal_i2c_ch32.o
                0x0000000000007b72                HAL_I2C_GET_STAR1
 .text.HAL_I2C_ENABLE
                0x0000000000007b80       0x14 ./DRIVER/hal_i2c_ch32.o
                0x0000000000007b80                HAL_I2C_ENABLE
 .text.HAL_I2C_DISABLE
                0x0000000000007b94       0x1a ./DRIVER/hal_i2c_ch32.o
                0x0000000000007b94                HAL_I2C_DISABLE
 .text.I2C_IT_ENABLE
                0x0000000000007bae       0x12 ./DRIVER/hal_i2c_ch32.o
                0x0000000000007bae                I2C_IT_ENABLE
 .text.I2C_IT_DISABLE
                0x0000000000007bc0       0x16 ./DRIVER/hal_i2c_ch32.o
                0x0000000000007bc0                I2C_IT_DISABLE
 .text.HAL_I2C_STOP
                0x0000000000007bd6       0x14 ./DRIVER/hal_i2c_ch32.o
                0x0000000000007bd6                HAL_I2C_STOP
 .text.HAL_I2C_START
                0x0000000000007bea       0x14 ./DRIVER/hal_i2c_ch32.o
                0x0000000000007bea                HAL_I2C_START
 .text.HAL_I2C_SEND
                0x0000000000007bfe        0xe ./DRIVER/hal_i2c_ch32.o
                0x0000000000007bfe                HAL_I2C_SEND
 .text.HAL_I2C_SEND_ADDR_TRANS
                0x0000000000007c0c       0x12 ./DRIVER/hal_i2c_ch32.o
                0x0000000000007c0c                HAL_I2C_SEND_ADDR_TRANS
 .text.HAL_I2C_SEND_ADDR_RECIEVE
                0x0000000000007c1e       0x16 ./DRIVER/hal_i2c_ch32.o
                0x0000000000007c1e                HAL_I2C_SEND_ADDR_RECIEVE
 .text.HAL_I2C_ACK_ENABLE
                0x0000000000007c34       0x14 ./DRIVER/hal_i2c_ch32.o
                0x0000000000007c34                HAL_I2C_ACK_ENABLE
 .text.HAL_I2C_ACK_DISABLE
                0x0000000000007c48       0x1c ./DRIVER/hal_i2c_ch32.o
                0x0000000000007c48                HAL_I2C_ACK_DISABLE
 .text.HAL_I2C_ClearFlag
                0x0000000000007c64       0x20 ./DRIVER/hal_i2c_ch32.o
                0x0000000000007c64                HAL_I2C_ClearFlag
 .text.HAL_I2C_READ_DATA
                0x0000000000007c84        0xe ./DRIVER/hal_i2c_ch32.o
                0x0000000000007c84                HAL_I2C_READ_DATA
 .text.I2C1_EV_IRQHandler
                0x0000000000007c92       0x52 ./DRIVER/hal_i2c_ch32.o
                0x0000000000007c92                I2C1_EV_IRQHandler
 .text.I2C1_ER_IRQHandler
                0x0000000000007ce4       0x52 ./DRIVER/hal_i2c_ch32.o
                0x0000000000007ce4                I2C1_ER_IRQHandler
 .text.HAL_TiemrEneblae
                0x0000000000007d36       0x1a ./DRIVER/hal_timers_ch32.o
                0x0000000000007d36                HAL_TiemrEneblae
 .text.TIM4_IRQHandler
                0x0000000000007d50       0x70 ./DRIVER/hal_timers_ch32.o
                0x0000000000007d50                TIM4_IRQHandler
 .text.HAL_TiemrDisable
                0x0000000000007dc0       0x1c ./DRIVER/hal_timers_ch32.o
                0x0000000000007dc0                HAL_TiemrDisable
 .text.HAL_TimeInitCaptureDMA
                0x0000000000007ddc      0x13c ./DRIVER/hal_timers_ch32.o
                0x0000000000007ddc                HAL_TimeInitCaptureDMA
 .text.HAL_TIMER_SetPWMPulse
                0x0000000000007f18       0x88 ./DRIVER/hal_timers_ch32.o
                0x0000000000007f18                HAL_TIMER_SetPWMPulse
 .text.HAL_TIMER_EnablePWMCH
                0x0000000000007fa0       0x1a ./DRIVER/hal_timers_ch32.o
                0x0000000000007fa0                HAL_TIMER_EnablePWMCH
 .text.prv_read_can_received_msg
                0x0000000000007fba       0x50 ./CANopenNode/keypad/CO_driver_ST32F103.o
                0x0000000000007fba                prv_read_can_received_msg
 .text.prv_send_can_message.isra.0
                0x000000000000800a       0x30 ./CANopenNode/keypad/CO_driver_ST32F103.o
 .text.CAN_SendMessage
                0x000000000000803a       0x66 ./CANopenNode/keypad/CO_driver_ST32F103.o
                0x000000000000803a                CAN_SendMessage
 .text.co_drv_create_os_objects
                0x00000000000080a0       0x30 ./CANopenNode/keypad/CO_driver_ST32F103.o
                0x00000000000080a0                co_drv_create_os_objects
 .text.co_drv_mutex_lock
                0x00000000000080d0       0x18 ./CANopenNode/keypad/CO_driver_ST32F103.o
                0x00000000000080d0                co_drv_mutex_lock
 .text.co_drv_mutex_unlock
                0x00000000000080e8       0x16 ./CANopenNode/keypad/CO_driver_ST32F103.o
                0x00000000000080e8                co_drv_mutex_unlock
 .text.CO_CANsetNormalMode
                0x00000000000080fe       0x1c ./CANopenNode/keypad/CO_driver_ST32F103.o
                0x00000000000080fe                CO_CANsetNormalMode
 .text.CO_CANmodule_init
                0x000000000000811a      0x112 ./CANopenNode/keypad/CO_driver_ST32F103.o
                0x000000000000811a                CO_CANmodule_init
 .text.CO_CANmodule_disable
                0x000000000000822c       0x14 ./CANopenNode/keypad/CO_driver_ST32F103.o
                0x000000000000822c                CO_CANmodule_disable
 .text.CO_CANrxBufferInit
                0x0000000000008240       0x52 ./CANopenNode/keypad/CO_driver_ST32F103.o
                0x0000000000008240                CO_CANrxBufferInit
 .text.CO_CANtxBufferInit
                0x0000000000008292       0x3a ./CANopenNode/keypad/CO_driver_ST32F103.o
                0x0000000000008292                CO_CANtxBufferInit
 .text.CO_CANmodule_process
                0x00000000000082cc       0x12 ./CANopenNode/keypad/CO_driver_ST32F103.o
                0x00000000000082cc                CO_CANmodule_process
 .text.CO_CANsend
                0x00000000000082de       0x46 ./CANopenNode/keypad/CO_driver_ST32F103.o
                0x00000000000082de                CO_CANsend
 .text.CO_LSSslave_receive
                0x0000000000008324      0x1a8 ./CANopenNode/305/CO_LSSslave.o
 .text.CO_LSSslave_init
                0x00000000000084cc       0xa4 ./CANopenNode/305/CO_LSSslave.o
                0x00000000000084cc                CO_LSSslave_init
 .text.CO_LSSslave_process
                0x0000000000008570      0x1a2 ./CANopenNode/305/CO_LSSslave.o
                0x0000000000008570                CO_LSSslave_process
 .text.OD_write_1003
                0x0000000000008712       0x28 ./CANopenNode/301/CO_Emergency.o
 .text.OD_read_1003
                0x000000000000873a       0x8c ./CANopenNode/301/CO_Emergency.o
 .text.OD_read_1014_default
                0x00000000000087c6       0x50 ./CANopenNode/301/CO_Emergency.o
 .text.CO_EM_init
                0x0000000000008816      0x112 ./CANopenNode/301/CO_Emergency.o
                0x0000000000008816                CO_EM_init
 .text.CO_error
                0x0000000000008928       0xc4 ./CANopenNode/301/CO_Emergency.o
                0x0000000000008928                CO_error
 .text.CO_EM_process
                0x00000000000089ec      0x182 ./CANopenNode/301/CO_Emergency.o
                0x00000000000089ec                CO_EM_process
 .text.CO_NMT_receive
                0x0000000000008b6e       0x18 ./CANopenNode/301/CO_NMT_Heartbeat.o
 .text.OD_write_1017
                0x0000000000008b86       0x48 ./CANopenNode/301/CO_NMT_Heartbeat.o
 .text.CO_NMT_init
                0x0000000000008bce       0xec ./CANopenNode/301/CO_NMT_Heartbeat.o
                0x0000000000008bce                CO_NMT_init
 .text.CO_NMT_process
                0x0000000000008cba      0x106 ./CANopenNode/301/CO_NMT_Heartbeat.o
                0x0000000000008cba                CO_NMT_process
 .text.OD_readDisabled
                0x0000000000008dc0        0x4 ./CANopenNode/301/CO_ODinterface.o
 .text.OD_readOriginal
                0x0000000000008dc4       0x50 ./CANopenNode/301/CO_ODinterface.o
                0x0000000000008dc4                OD_readOriginal
 .text.OD_writeOriginal
                0x0000000000008e14       0x54 ./CANopenNode/301/CO_ODinterface.o
                0x0000000000008e14                OD_writeOriginal
 .text.OD_writeDisabled
                0x0000000000008e68        0x4 ./CANopenNode/301/CO_ODinterface.o
 .text.OD_find  0x0000000000008e6c       0x70 ./CANopenNode/301/CO_ODinterface.o
                0x0000000000008e6c                OD_find
 .text.OD_getSub
                0x0000000000008edc       0xf6 ./CANopenNode/301/CO_ODinterface.o
                0x0000000000008edc                OD_getSub
 .text.OD_getSDOabCode
                0x0000000000008fd2       0x20 ./CANopenNode/301/CO_ODinterface.o
                0x0000000000008fd2                OD_getSDOabCode
 .text.OD_get_value
                0x0000000000008ff2       0x34 ./CANopenNode/301/CO_ODinterface.o
                0x0000000000008ff2                OD_get_value
 .text.OD_set_value
                0x0000000000009026       0x2e ./CANopenNode/301/CO_ODinterface.o
                0x0000000000009026                OD_set_value
 .text.OD_getPtr
                0x0000000000009054       0x3c ./CANopenNode/301/CO_ODinterface.o
                0x0000000000009054                OD_getPtr
 .text.OD_write_dummy
                0x0000000000009090        0x8 ./CANopenNode/301/CO_PDO.o
 .text.OD_read_dummy
                0x0000000000009098       0x2e ./CANopenNode/301/CO_PDO.o
 .text.PDOconfigMap
                0x00000000000090c6      0x100 ./CANopenNode/301/CO_PDO.o
 .text.CO_PDO_receive
                0x00000000000091c6       0x48 ./CANopenNode/301/CO_PDO.o
 .text.OD_read_PDO_commParam
                0x000000000000920e       0x70 ./CANopenNode/301/CO_PDO.o
 .text.PDO_initMapping.constprop.3
                0x000000000000927e       0xe6 ./CANopenNode/301/CO_PDO.o
 .text.OD_write_PDO_mapping
                0x0000000000009364       0xb4 ./CANopenNode/301/CO_PDO.o
 .text.OD_write_18xx
                0x0000000000009418      0x184 ./CANopenNode/301/CO_PDO.o
 .text.OD_write_14xx
                0x000000000000959c      0x15a ./CANopenNode/301/CO_PDO.o
 .text.CO_RPDO_init
                0x00000000000096f6      0x172 ./CANopenNode/301/CO_PDO.o
                0x00000000000096f6                CO_RPDO_init
 .text.CO_RPDO_process
                0x0000000000009868      0x114 ./CANopenNode/301/CO_PDO.o
                0x0000000000009868                CO_RPDO_process
 .text.CO_TPDO_init
                0x000000000000997c      0x1d2 ./CANopenNode/301/CO_PDO.o
                0x000000000000997c                CO_TPDO_init
 .text.CO_TPDO_process
                0x0000000000009b4e      0x15e ./CANopenNode/301/CO_PDO.o
                0x0000000000009b4e                CO_TPDO_process
 .text.CO_SDOserver_init_canRxTx
                0x0000000000009cac       0x82 ./CANopenNode/301/CO_SDOserver.o
 .text.CO_SDO_receive
                0x0000000000009d2e       0x38 ./CANopenNode/301/CO_SDOserver.o
 .text.readFromOd.isra.1.constprop.5
                0x0000000000009d66       0xe2 ./CANopenNode/301/CO_SDOserver.o
 .text.OD_write_1201_additional
                0x0000000000009e48      0x158 ./CANopenNode/301/CO_SDOserver.o
 .text.CO_SDOserver_init
                0x0000000000009fa0      0x172 ./CANopenNode/301/CO_SDOserver.o
                0x0000000000009fa0                CO_SDOserver_init
 .text.CO_SDOserver_process
                0x000000000000a112      0x5e8 ./CANopenNode/301/CO_SDOserver.o
                0x000000000000a112                CO_SDOserver_process
 .text.CO_delete
                0x000000000000a6fa       0x56 ./CANopenNode/CANopen.o
                0x000000000000a6fa                CO_delete
 .text.CO_new   0x000000000000a750      0x102 ./CANopenNode/CANopen.o
                0x000000000000a750                CO_new
 .text.CO_CANinit
                0x000000000000a852       0x28 ./CANopenNode/CANopen.o
                0x000000000000a852                CO_CANinit
 .text.CO_LSSinit
                0x000000000000a87a       0x32 ./CANopenNode/CANopen.o
                0x000000000000a87a                CO_LSSinit
 .text.CO_CANopenInit
                0x000000000000a8ac       0xb8 ./CANopenNode/CANopen.o
                0x000000000000a8ac                CO_CANopenInit
 .text.CO_CANopenInitPDO
                0x000000000000a964       0xea ./CANopenNode/CANopen.o
                0x000000000000a964                CO_CANopenInitPDO
 .text.CO_process
                0x000000000000aa4e       0x7e ./CANopenNode/CANopen.o
                0x000000000000aa4e                CO_process
 .text.CO_process_RPDO
                0x000000000000aacc       0x40 ./CANopenNode/CANopen.o
                0x000000000000aacc                CO_process_RPDO
 .text.CO_process_TPDO
                0x000000000000ab0c       0x40 ./CANopenNode/CANopen.o
                0x000000000000ab0c                CO_process_TPDO
 .text.__divdf3
                0x000000000000ab4c      0x5b4 c:/mounriver/mounriver_studio2/resources/app/resources/win32/components/wch/toolchain/risc-v embedded gcc/bin/../lib/gcc/riscv-none-embed/8.2.0/rv32imacxw/ilp32\libgcc.a(divdf3.o)
                0x000000000000ab4c                __divdf3
 .text.__muldf3
                0x000000000000b100      0x4b8 c:/mounriver/mounriver_studio2/resources/app/resources/win32/components/wch/toolchain/risc-v embedded gcc/bin/../lib/gcc/riscv-none-embed/8.2.0/rv32imacxw/ilp32\libgcc.a(muldf3.o)
                0x000000000000b100                __muldf3
 .text.__fixunsdfsi
                0x000000000000b5b8       0x5c c:/mounriver/mounriver_studio2/resources/app/resources/win32/components/wch/toolchain/risc-v embedded gcc/bin/../lib/gcc/riscv-none-embed/8.2.0/rv32imacxw/ilp32\libgcc.a(fixunsdfsi.o)
                0x000000000000b5b8                __fixunsdfsi
 .text.__floatunsidf
                0x000000000000b614       0x68 c:/mounriver/mounriver_studio2/resources/app/resources/win32/components/wch/toolchain/risc-v embedded gcc/bin/../lib/gcc/riscv-none-embed/8.2.0/rv32imacxw/ilp32\libgcc.a(floatunsidf.o)
                0x000000000000b614                __floatunsidf
 .text.__addsf3
                0x000000000000b67c      0x36a c:/mounriver/mounriver_studio2/resources/app/resources/win32/components/wch/toolchain/risc-v embedded gcc/bin/../lib/gcc/riscv-none-embed/8.2.0/rv32imacxw/ilp32\libgcc.a(addsf3.o)
                0x000000000000b67c                __addsf3
 .text.__divsf3
                0x000000000000b9e6      0x2b2 c:/mounriver/mounriver_studio2/resources/app/resources/win32/components/wch/toolchain/risc-v embedded gcc/bin/../lib/gcc/riscv-none-embed/8.2.0/rv32imacxw/ilp32\libgcc.a(divsf3.o)
                0x000000000000b9e6                __divsf3
 .text.__gesf2  0x000000000000bc98       0x86 c:/mounriver/mounriver_studio2/resources/app/resources/win32/components/wch/toolchain/risc-v embedded gcc/bin/../lib/gcc/riscv-none-embed/8.2.0/rv32imacxw/ilp32\libgcc.a(gesf2.o)
                0x000000000000bc98                __gesf2
                0x000000000000bc98                __gtsf2
 .text.__lesf2  0x000000000000bd1e       0x8c c:/mounriver/mounriver_studio2/resources/app/resources/win32/components/wch/toolchain/risc-v embedded gcc/bin/../lib/gcc/riscv-none-embed/8.2.0/rv32imacxw/ilp32\libgcc.a(lesf2.o)
                0x000000000000bd1e                __ltsf2
                0x000000000000bd1e                __lesf2
 .text.__mulsf3
                0x000000000000bdaa      0x294 c:/mounriver/mounriver_studio2/resources/app/resources/win32/components/wch/toolchain/risc-v embedded gcc/bin/../lib/gcc/riscv-none-embed/8.2.0/rv32imacxw/ilp32\libgcc.a(mulsf3.o)
                0x000000000000bdaa                __mulsf3
 .text.__subsf3
                0x000000000000c03e      0x388 c:/mounriver/mounriver_studio2/resources/app/resources/win32/components/wch/toolchain/risc-v embedded gcc/bin/../lib/gcc/riscv-none-embed/8.2.0/rv32imacxw/ilp32\libgcc.a(subsf3.o)
                0x000000000000c03e                __subsf3
 .text.__fixsfsi
                0x000000000000c3c6       0x62 c:/mounriver/mounriver_studio2/resources/app/resources/win32/components/wch/toolchain/risc-v embedded gcc/bin/../lib/gcc/riscv-none-embed/8.2.0/rv32imacxw/ilp32\libgcc.a(fixsfsi.o)
                0x000000000000c3c6                __fixsfsi
 .text.__fixunssfsi
                0x000000000000c428       0x56 c:/mounriver/mounriver_studio2/resources/app/resources/win32/components/wch/toolchain/risc-v embedded gcc/bin/../lib/gcc/riscv-none-embed/8.2.0/rv32imacxw/ilp32\libgcc.a(fixunssfsi.o)
                0x000000000000c428                __fixunssfsi
 .text.__floatsisf
                0x000000000000c47e       0xc6 c:/mounriver/mounriver_studio2/resources/app/resources/win32/components/wch/toolchain/risc-v embedded gcc/bin/../lib/gcc/riscv-none-embed/8.2.0/rv32imacxw/ilp32\libgcc.a(floatsisf.o)
                0x000000000000c47e                __floatsisf
 .text.__floatunsisf
                0x000000000000c544       0xce c:/mounriver/mounriver_studio2/resources/app/resources/win32/components/wch/toolchain/risc-v embedded gcc/bin/../lib/gcc/riscv-none-embed/8.2.0/rv32imacxw/ilp32\libgcc.a(floatunsisf.o)
                0x000000000000c544                __floatunsisf
 .text.__extendsfdf2
                0x000000000000c612       0xac c:/mounriver/mounriver_studio2/resources/app/resources/win32/components/wch/toolchain/risc-v embedded gcc/bin/../lib/gcc/riscv-none-embed/8.2.0/rv32imacxw/ilp32\libgcc.a(extendsfdf2.o)
                0x000000000000c612                __extendsfdf2
 .text.__truncdfsf2
                0x000000000000c6be      0x16a c:/mounriver/mounriver_studio2/resources/app/resources/win32/components/wch/toolchain/risc-v embedded gcc/bin/../lib/gcc/riscv-none-embed/8.2.0/rv32imacxw/ilp32\libgcc.a(truncdfsf2.o)
                0x000000000000c6be                __truncdfsf2
 .text.__clzsi2
                0x000000000000c828       0x6e c:/mounriver/mounriver_studio2/resources/app/resources/win32/components/wch/toolchain/risc-v embedded gcc/bin/../lib/gcc/riscv-none-embed/8.2.0/rv32imacxw/ilp32\libgcc.a(_clzsi2.o)
                0x000000000000c828                __clzsi2
 .text.calloc   0x000000000000c896        0xc c:/mounriver/mounriver_studio2/resources/app/resources/win32/components/wch/toolchain/risc-v embedded gcc/bin/../lib/gcc/riscv-none-embed/8.2.0/../../../../riscv-none-embed/lib/rv32imacxw/ilp32\libg_nano.a(lib_a-calloc.o)
                0x000000000000c896                calloc
 .text.free     0x000000000000c8a2        0xa c:/mounriver/mounriver_studio2/resources/app/resources/win32/components/wch/toolchain/risc-v embedded gcc/bin/../lib/gcc/riscv-none-embed/8.2.0/../../../../riscv-none-embed/lib/rv32imacxw/ilp32\libg_nano.a(lib_a-malloc.o)
                0x000000000000c8a2                free
 .text.memcpy   0x000000000000c8ac       0xb2 c:/mounriver/mounriver_studio2/resources/app/resources/win32/components/wch/toolchain/risc-v embedded gcc/bin/../lib/gcc/riscv-none-embed/8.2.0/../../../../riscv-none-embed/lib/rv32imacxw/ilp32\libg_nano.a(lib_a-memcpy.o)
                0x000000000000c8ac                memcpy
 .text.memmove  0x000000000000c95e       0x46 c:/mounriver/mounriver_studio2/resources/app/resources/win32/components/wch/toolchain/risc-v embedded gcc/bin/../lib/gcc/riscv-none-embed/8.2.0/../../../../riscv-none-embed/lib/rv32imacxw/ilp32\libg_nano.a(lib_a-memmove.o)
                0x000000000000c95e                memmove
 .text._calloc_r
                0x000000000000c9a4       0x26 c:/mounriver/mounriver_studio2/resources/app/resources/win32/components/wch/toolchain/risc-v embedded gcc/bin/../lib/gcc/riscv-none-embed/8.2.0/../../../../riscv-none-embed/lib/rv32imacxw/ilp32\libg_nano.a(lib_a-nano-callocr.o)
                0x000000000000c9a4                _calloc_r
 .text._free_r  0x000000000000c9ca       0xa8 c:/mounriver/mounriver_studio2/resources/app/resources/win32/components/wch/toolchain/risc-v embedded gcc/bin/../lib/gcc/riscv-none-embed/8.2.0/../../../../riscv-none-embed/lib/rv32imacxw/ilp32\libg_nano.a(lib_a-nano-freer.o)
                0x000000000000c9ca                _free_r
 .text._malloc_r
                0x000000000000ca72       0xd4 c:/mounriver/mounriver_studio2/resources/app/resources/win32/components/wch/toolchain/risc-v embedded gcc/bin/../lib/gcc/riscv-none-embed/8.2.0/../../../../riscv-none-embed/lib/rv32imacxw/ilp32\libg_nano.a(lib_a-nano-mallocr.o)
                0x000000000000ca72                _malloc_r
 .text.printf   0x000000000000cb46       0x40 c:/mounriver/mounriver_studio2/resources/app/resources/win32/components/wch/toolchain/risc-v embedded gcc/bin/../lib/gcc/riscv-none-embed/8.2.0/../../../../riscv-none-embed/lib/rv32imacxw/ilp32\libg_nano.a(lib_a-printf.o)
                0x000000000000cb46                iprintf
                0x000000000000cb46                printf
 .text._puts_r  0x000000000000cb86       0xd4 c:/mounriver/mounriver_studio2/resources/app/resources/win32/components/wch/toolchain/risc-v embedded gcc/bin/../lib/gcc/riscv-none-embed/8.2.0/../../../../riscv-none-embed/lib/rv32imacxw/ilp32\libg_nano.a(lib_a-puts.o)
                0x000000000000cb86                _puts_r
 .text.puts     0x000000000000cc5a        0xc c:/mounriver/mounriver_studio2/resources/app/resources/win32/components/wch/toolchain/risc-v embedded gcc/bin/../lib/gcc/riscv-none-embed/8.2.0/../../../../riscv-none-embed/lib/rv32imacxw/ilp32\libg_nano.a(lib_a-puts.o)
                0x000000000000cc5a                puts
 .text._sbrk_r  0x000000000000cc66       0x32 c:/mounriver/mounriver_studio2/resources/app/resources/win32/components/wch/toolchain/risc-v embedded gcc/bin/../lib/gcc/riscv-none-embed/8.2.0/../../../../riscv-none-embed/lib/rv32imacxw/ilp32\libg_nano.a(lib_a-sbrkr.o)
                0x000000000000cc66                _sbrk_r
 .text.strlen   0x000000000000cc98       0x12 c:/mounriver/mounriver_studio2/resources/app/resources/win32/components/wch/toolchain/risc-v embedded gcc/bin/../lib/gcc/riscv-none-embed/8.2.0/../../../../riscv-none-embed/lib/rv32imacxw/ilp32\libg_nano.a(lib_a-strlen.o)
                0x000000000000cc98                strlen
 .text.__swbuf_r
                0x000000000000ccaa       0xbc c:/mounriver/mounriver_studio2/resources/app/resources/win32/components/wch/toolchain/risc-v embedded gcc/bin/../lib/gcc/riscv-none-embed/8.2.0/../../../../riscv-none-embed/lib/rv32imacxw/ilp32\libg_nano.a(lib_a-wbuf.o)
                0x000000000000ccaa                __swbuf_r
 .text.__swsetup_r
                0x000000000000cd66       0xfe c:/mounriver/mounriver_studio2/resources/app/resources/win32/components/wch/toolchain/risc-v embedded gcc/bin/../lib/gcc/riscv-none-embed/8.2.0/../../../../riscv-none-embed/lib/rv32imacxw/ilp32\libg_nano.a(lib_a-wsetup.o)
                0x000000000000cd66                __swsetup_r
 .text.__sflush_r
                0x000000000000ce64      0x132 c:/mounriver/mounriver_studio2/resources/app/resources/win32/components/wch/toolchain/risc-v embedded gcc/bin/../lib/gcc/riscv-none-embed/8.2.0/../../../../riscv-none-embed/lib/rv32imacxw/ilp32\libg_nano.a(lib_a-fflush.o)
                0x000000000000ce64                __sflush_r
 .text._fflush_r
                0x000000000000cf96       0x66 c:/mounriver/mounriver_studio2/resources/app/resources/win32/components/wch/toolchain/risc-v embedded gcc/bin/../lib/gcc/riscv-none-embed/8.2.0/../../../../riscv-none-embed/lib/rv32imacxw/ilp32\libg_nano.a(lib_a-fflush.o)
                0x000000000000cf96                _fflush_r
 .text.std      0x000000000000cffc       0x66 c:/mounriver/mounriver_studio2/resources/app/resources/win32/components/wch/toolchain/risc-v embedded gcc/bin/../lib/gcc/riscv-none-embed/8.2.0/../../../../riscv-none-embed/lib/rv32imacxw/ilp32\libg_nano.a(lib_a-findfp.o)
 .text._cleanup_r
                0x000000000000d062        0xa c:/mounriver/mounriver_studio2/resources/app/resources/win32/components/wch/toolchain/risc-v embedded gcc/bin/../lib/gcc/riscv-none-embed/8.2.0/../../../../riscv-none-embed/lib/rv32imacxw/ilp32\libg_nano.a(lib_a-findfp.o)
                0x000000000000d062                _cleanup_r
 .text.__sfmoreglue
                0x000000000000d06c       0x48 c:/mounriver/mounriver_studio2/resources/app/resources/win32/components/wch/toolchain/risc-v embedded gcc/bin/../lib/gcc/riscv-none-embed/8.2.0/../../../../riscv-none-embed/lib/rv32imacxw/ilp32\libg_nano.a(lib_a-findfp.o)
                0x000000000000d06c                __sfmoreglue
 .text.__sinit  0x000000000000d0b4       0x6c c:/mounriver/mounriver_studio2/resources/app/resources/win32/components/wch/toolchain/risc-v embedded gcc/bin/../lib/gcc/riscv-none-embed/8.2.0/../../../../riscv-none-embed/lib/rv32imacxw/ilp32\libg_nano.a(lib_a-findfp.o)
                0x000000000000d0b4                __sinit
 .text.__sfp    0x000000000000d120       0xa0 c:/mounriver/mounriver_studio2/resources/app/resources/win32/components/wch/toolchain/risc-v embedded gcc/bin/../lib/gcc/riscv-none-embed/8.2.0/../../../../riscv-none-embed/lib/rv32imacxw/ilp32\libg_nano.a(lib_a-findfp.o)
                0x000000000000d120                __sfp
 .text._fwalk_reent
                0x000000000000d1c0       0x6a c:/mounriver/mounriver_studio2/resources/app/resources/win32/components/wch/toolchain/risc-v embedded gcc/bin/../lib/gcc/riscv-none-embed/8.2.0/../../../../riscv-none-embed/lib/rv32imacxw/ilp32\libg_nano.a(lib_a-fwalk.o)
                0x000000000000d1c0                _fwalk_reent
 .text.__swhatbuf_r
                0x000000000000d22a       0x58 c:/mounriver/mounriver_studio2/resources/app/resources/win32/components/wch/toolchain/risc-v embedded gcc/bin/../lib/gcc/riscv-none-embed/8.2.0/../../../../riscv-none-embed/lib/rv32imacxw/ilp32\libg_nano.a(lib_a-makebuf.o)
                0x000000000000d22a                __swhatbuf_r
 .text.__smakebuf_r
                0x000000000000d282       0x94 c:/mounriver/mounriver_studio2/resources/app/resources/win32/components/wch/toolchain/risc-v embedded gcc/bin/../lib/gcc/riscv-none-embed/8.2.0/../../../../riscv-none-embed/lib/rv32imacxw/ilp32\libg_nano.a(lib_a-makebuf.o)
                0x000000000000d282                __smakebuf_r
 .text.__malloc_lock
                0x000000000000d316        0x2 c:/mounriver/mounriver_studio2/resources/app/resources/win32/components/wch/toolchain/risc-v embedded gcc/bin/../lib/gcc/riscv-none-embed/8.2.0/../../../../riscv-none-embed/lib/rv32imacxw/ilp32\libg_nano.a(lib_a-mlock.o)
                0x000000000000d316                __malloc_lock
 .text.__malloc_unlock
                0x000000000000d318        0x2 c:/mounriver/mounriver_studio2/resources/app/resources/win32/components/wch/toolchain/risc-v embedded gcc/bin/../lib/gcc/riscv-none-embed/8.2.0/../../../../riscv-none-embed/lib/rv32imacxw/ilp32\libg_nano.a(lib_a-mlock.o)
                0x000000000000d318                __malloc_unlock
 .text.__sfputc_r
                0x000000000000d31a       0x28 c:/mounriver/mounriver_studio2/resources/app/resources/win32/components/wch/toolchain/risc-v embedded gcc/bin/../lib/gcc/riscv-none-embed/8.2.0/../../../../riscv-none-embed/lib/rv32imacxw/ilp32\libg_nano.a(lib_a-nano-vfprintf.o)
 .text.__sfputs_r
                0x000000000000d342       0x42 c:/mounriver/mounriver_studio2/resources/app/resources/win32/components/wch/toolchain/risc-v embedded gcc/bin/../lib/gcc/riscv-none-embed/8.2.0/../../../../riscv-none-embed/lib/rv32imacxw/ilp32\libg_nano.a(lib_a-nano-vfprintf.o)
                0x000000000000d342                __sfputs_r
 .text._vfprintf_r
                0x000000000000d384      0x288 c:/mounriver/mounriver_studio2/resources/app/resources/win32/components/wch/toolchain/risc-v embedded gcc/bin/../lib/gcc/riscv-none-embed/8.2.0/../../../../riscv-none-embed/lib/rv32imacxw/ilp32\libg_nano.a(lib_a-nano-vfprintf.o)
                0x000000000000d384                _vfprintf_r
                0x000000000000d384                _vfiprintf_r
 .text._printf_common
                0x000000000000d60c      0x10c c:/mounriver/mounriver_studio2/resources/app/resources/win32/components/wch/toolchain/risc-v embedded gcc/bin/../lib/gcc/riscv-none-embed/8.2.0/../../../../riscv-none-embed/lib/rv32imacxw/ilp32\libg_nano.a(lib_a-nano-vfprintf_i.o)
                0x000000000000d60c                _printf_common
 .text._printf_i
                0x000000000000d718      0x2a2 c:/mounriver/mounriver_studio2/resources/app/resources/win32/components/wch/toolchain/risc-v embedded gcc/bin/../lib/gcc/riscv-none-embed/8.2.0/../../../../riscv-none-embed/lib/rv32imacxw/ilp32\libg_nano.a(lib_a-nano-vfprintf_i.o)
                0x000000000000d718                _printf_i
 .text.__sread  0x000000000000d9ba       0x2c c:/mounriver/mounriver_studio2/resources/app/resources/win32/components/wch/toolchain/risc-v embedded gcc/bin/../lib/gcc/riscv-none-embed/8.2.0/../../../../riscv-none-embed/lib/rv32imacxw/ilp32\libg_nano.a(lib_a-stdio.o)
                0x000000000000d9ba                __sread
 .text.__swrite
                0x000000000000d9e6       0x48 c:/mounriver/mounriver_studio2/resources/app/resources/win32/components/wch/toolchain/risc-v embedded gcc/bin/../lib/gcc/riscv-none-embed/8.2.0/../../../../riscv-none-embed/lib/rv32imacxw/ilp32\libg_nano.a(lib_a-stdio.o)
                0x000000000000d9e6                __swrite
 .text.__sseek  0x000000000000da2e       0x30 c:/mounriver/mounriver_studio2/resources/app/resources/win32/components/wch/toolchain/risc-v embedded gcc/bin/../lib/gcc/riscv-none-embed/8.2.0/../../../../riscv-none-embed/lib/rv32imacxw/ilp32\libg_nano.a(lib_a-stdio.o)
                0x000000000000da2e                __sseek
 .text.__sclose
                0x000000000000da5e        0x6 c:/mounriver/mounriver_studio2/resources/app/resources/win32/components/wch/toolchain/risc-v embedded gcc/bin/../lib/gcc/riscv-none-embed/8.2.0/../../../../riscv-none-embed/lib/rv32imacxw/ilp32\libg_nano.a(lib_a-stdio.o)
                0x000000000000da5e                __sclose
 .text._write_r
                0x000000000000da64       0x36 c:/mounriver/mounriver_studio2/resources/app/resources/win32/components/wch/toolchain/risc-v embedded gcc/bin/../lib/gcc/riscv-none-embed/8.2.0/../../../../riscv-none-embed/lib/rv32imacxw/ilp32\libg_nano.a(lib_a-writer.o)
                0x000000000000da64                _write_r
 .text._close_r
                0x000000000000da9a       0x30 c:/mounriver/mounriver_studio2/resources/app/resources/win32/components/wch/toolchain/risc-v embedded gcc/bin/../lib/gcc/riscv-none-embed/8.2.0/../../../../riscv-none-embed/lib/rv32imacxw/ilp32\libg_nano.a(lib_a-closer.o)
                0x000000000000da9a                _close_r
 .text._fstat_r
                0x000000000000daca       0x32 c:/mounriver/mounriver_studio2/resources/app/resources/win32/components/wch/toolchain/risc-v embedded gcc/bin/../lib/gcc/riscv-none-embed/8.2.0/../../../../riscv-none-embed/lib/rv32imacxw/ilp32\libg_nano.a(lib_a-fstatr.o)
                0x000000000000daca                _fstat_r
 .text._isatty_r
                0x000000000000dafc       0x30 c:/mounriver/mounriver_studio2/resources/app/resources/win32/components/wch/toolchain/risc-v embedded gcc/bin/../lib/gcc/riscv-none-embed/8.2.0/../../../../riscv-none-embed/lib/rv32imacxw/ilp32\libg_nano.a(lib_a-isattyr.o)
                0x000000000000dafc                _isatty_r
 .text._lseek_r
                0x000000000000db2c       0x34 c:/mounriver/mounriver_studio2/resources/app/resources/win32/components/wch/toolchain/risc-v embedded gcc/bin/../lib/gcc/riscv-none-embed/8.2.0/../../../../riscv-none-embed/lib/rv32imacxw/ilp32\libg_nano.a(lib_a-lseekr.o)
                0x000000000000db2c                _lseek_r
 .text.memchr   0x000000000000db60       0x18 c:/mounriver/mounriver_studio2/resources/app/resources/win32/components/wch/toolchain/risc-v embedded gcc/bin/../lib/gcc/riscv-none-embed/8.2.0/../../../../riscv-none-embed/lib/rv32imacxw/ilp32\libg_nano.a(lib_a-memchr.o)
                0x000000000000db60                memchr
 .text._read_r  0x000000000000db78       0x34 c:/mounriver/mounriver_studio2/resources/app/resources/win32/components/wch/toolchain/risc-v embedded gcc/bin/../lib/gcc/riscv-none-embed/8.2.0/../../../../riscv-none-embed/lib/rv32imacxw/ilp32\libg_nano.a(lib_a-readr.o)
                0x000000000000db78                _read_r
 .text._close   0x000000000000dbac       0x10 c:/mounriver/mounriver_studio2/resources/app/resources/win32/components/wch/toolchain/risc-v embedded gcc/bin/../lib/gcc/riscv-none-embed/8.2.0/../../../../riscv-none-embed/lib/rv32imacxw/ilp32\libnosys.a(close.o)
                0x000000000000dbac                _close
 .text._fstat   0x000000000000dbbc       0x10 c:/mounriver/mounriver_studio2/resources/app/resources/win32/components/wch/toolchain/risc-v embedded gcc/bin/../lib/gcc/riscv-none-embed/8.2.0/../../../../riscv-none-embed/lib/rv32imacxw/ilp32\libnosys.a(fstat.o)
                0x000000000000dbbc                _fstat
 .text._isatty  0x000000000000dbcc       0x10 c:/mounriver/mounriver_studio2/resources/app/resources/win32/components/wch/toolchain/risc-v embedded gcc/bin/../lib/gcc/riscv-none-embed/8.2.0/../../../../riscv-none-embed/lib/rv32imacxw/ilp32\libnosys.a(isatty.o)
                0x000000000000dbcc                _isatty
 .text._lseek   0x000000000000dbdc       0x10 c:/mounriver/mounriver_studio2/resources/app/resources/win32/components/wch/toolchain/risc-v embedded gcc/bin/../lib/gcc/riscv-none-embed/8.2.0/../../../../riscv-none-embed/lib/rv32imacxw/ilp32\libnosys.a(lseek.o)
                0x000000000000dbdc                _lseek
 .text._read    0x000000000000dbec       0x10 c:/mounriver/mounriver_studio2/resources/app/resources/win32/components/wch/toolchain/risc-v embedded gcc/bin/../lib/gcc/riscv-none-embed/8.2.0/../../../../riscv-none-embed/lib/rv32imacxw/ilp32\libnosys.a(read.o)
                0x000000000000dbec                _read
 *(.rodata)
 *fill*         0x000000000000dbfc        0x0 
 .rodata        0x000000000000dbfc       0x14 ./User/dash_draw.o
 .rodata        0x000000000000dc10       0x20 ./HAL_DRIVER/hal_can_ch32.o
 *(.rodata*)
 .rodata.vCanOpenProcess.str1.4
                0x000000000000dc30        0xe ./User/CanOpenNode.o
 *fill*         0x000000000000dc3e        0x2 
 .rodata.CalPoint
                0x000000000000dc40       0x48 ./User/DataModel.o
 .rodata.CalPoint1
                0x000000000000dc88       0x18 ./User/DataModel.o
 .rodata.seg_const.7438
                0x000000000000dca0       0x12 ./User/DataModel.o
 *fill*         0x000000000000dcb2        0x2 
 .rodata.str1.4
                0x000000000000dcb4       0x1e ./User/DataModel.o
 *fill*         0x000000000000dcd2        0x2 
 .rodata.vIncrementSystemCounters.cst4
                0x000000000000dcd4        0x8 ./User/DataModel.o
 .rodata.getODValue
                0x000000000000dcdc       0x78 ./User/dash_draw.o
 .rodata.CheckLedState.cst4
                0x000000000000dd54        0x4 ./User/dash_draw.o
 .rodata.MenuStateCross
                0x000000000000dd58       0x1c ./User/dash_draw.o
 .rodata.dm     0x000000000000dd74       0x3f ./User/dash_draw.o
 *fill*         0x000000000000ddb3        0x1 
 .rodata.getODValue.cst4
                0x000000000000ddb4        0x4 ./User/dash_draw.o
                                          0x8 (size before relaxing)
 .rodata.vBarColorMode.cst4
                0x000000000000ddb8        0x4 ./User/dash_draw.o
 .rodata.vRedrawTask.cst4
                0x000000000000ddbc        0x4 ./User/dash_draw.o
 .rodata.ADC_FSM.cst4
                0x000000000000ddc0        0xc ./User/inputs.o
 *fill*         0x000000000000ddcc        0x4 
 .rodata.ADC_FSM.cst8
                0x000000000000ddd0       0x18 ./User/inputs.o
 .rodata.vInputsTask.cst4
                0x000000000000dde8        0x8 ./User/inputs.o
 .rodata.SetSegDirect
                0x000000000000ddf0       0x1c ./User/led.o
 .rodata.Brigth
                0x000000000000de0c       0x1e ./User/led.o
 *fill*         0x000000000000de2a        0x2 
 .rodata.DigitMask
                0x000000000000de2c        0xa ./User/led.o
                0x000000000000de2c                DigitMask
 *fill*         0x000000000000de36        0x2 
 .rodata.offset_mask
                0x000000000000de38        0xe ./User/led.o
 *fill*         0x000000000000de46        0x2 
 .rodata.step_mask
                0x000000000000de48        0xe ./User/led.o
 *fill*         0x000000000000de56        0x2 
 .rodata.Error_Handler.str1.4
                0x000000000000de58        0xf ./User/main.o
 *fill*         0x000000000000de67        0x1 
 .rodata.main.str1.4
                0x000000000000de68        0xf ./User/main.o
 *fill*         0x000000000000de77        0x1 
 .rodata.OD_writeBoardSettings
                0x000000000000de78       0x18 ./User/process.o
 .rodata.OD_readBoardSettings
                0x000000000000de90       0x18 ./User/process.o
 .rodata.OD_ADC1_CAL_extension