Archive member included to satisfy reference by file (symbol)

c:/mounriver/mounriver_studio/toolchain/risc-v embedded gcc/bin/../lib/gcc/riscv-none-embed/8.2.0/rv32imacxw/ilp32\libgcc.a(divdf3.o)
                              ./HAL_LIB/hw_lib_din.o (__divdf3)
c:/mounriver/mounriver_studio/toolchain/risc-v embedded gcc/bin/../lib/gcc/riscv-none-embed/8.2.0/rv32imacxw/ilp32\libgcc.a(muldf3.o)
                              ./User/inputs.o (__muldf3)
c:/mounriver/mounriver_studio/toolchain/risc-v embedded gcc/bin/../lib/gcc/riscv-none-embed/8.2.0/rv32imacxw/ilp32\libgcc.a(fixunsdfsi.o)
                              ./HAL_LIB/hw_lib_din.o (__fixunsdfsi)
c:/mounriver/mounriver_studio/toolchain/risc-v embedded gcc/bin/../lib/gcc/riscv-none-embed/8.2.0/rv32imacxw/ilp32\libgcc.a(floatunsidf.o)
                              ./User/inputs.o (__floatunsidf)
c:/mounriver/mounriver_studio/toolchain/risc-v embedded gcc/bin/../lib/gcc/riscv-none-embed/8.2.0/rv32imacxw/ilp32\libgcc.a(addsf3.o)
                              ./User/inputs.o (__addsf3)
c:/mounriver/mounriver_studio/toolchain/risc-v embedded gcc/bin/../lib/gcc/riscv-none-embed/8.2.0/rv32imacxw/ilp32\libgcc.a(divsf3.o)
                              ./User/DataModel.o (__divsf3)
c:/mounriver/mounriver_studio/toolchain/risc-v embedded gcc/bin/../lib/gcc/riscv-none-embed/8.2.0/rv32imacxw/ilp32\libgcc.a(eqsf2.o)
                              ./HAL_LIB/hw_lib_din.o (__nesf2)
c:/mounriver/mounriver_studio/toolchain/risc-v embedded gcc/bin/../lib/gcc/riscv-none-embed/8.2.0/rv32imacxw/ilp32\libgcc.a(gesf2.o)
                              ./User/inputs.o (__gesf2)
c:/mounriver/mounriver_studio/toolchain/risc-v embedded gcc/bin/../lib/gcc/riscv-none-embed/8.2.0/rv32imacxw/ilp32\libgcc.a(lesf2.o)
                              ./HAL_LIB/hw_lib_din.o (__lesf2)
c:/mounriver/mounriver_studio/toolchain/risc-v embedded gcc/bin/../lib/gcc/riscv-none-embed/8.2.0/rv32imacxw/ilp32\libgcc.a(mulsf3.o)
                              ./User/dash_draw.o (__mulsf3)
c:/mounriver/mounriver_studio/toolchain/risc-v embedded gcc/bin/../lib/gcc/riscv-none-embed/8.2.0/rv32imacxw/ilp32\libgcc.a(subsf3.o)
                              ./User/inputs.o (__subsf3)
c:/mounriver/mounriver_studio/toolchain/risc-v embedded gcc/bin/../lib/gcc/riscv-none-embed/8.2.0/rv32imacxw/ilp32\libgcc.a(fixsfsi.o)
                              ./User/dash_draw.o (__fixsfsi)
c:/mounriver/mounriver_studio/toolchain/risc-v embedded gcc/bin/../lib/gcc/riscv-none-embed/8.2.0/rv32imacxw/ilp32\libgcc.a(fixunssfsi.o)
                              ./User/DataModel.o (__fixunssfsi)
c:/mounriver/mounriver_studio/toolchain/risc-v embedded gcc/bin/../lib/gcc/riscv-none-embed/8.2.0/rv32imacxw/ilp32\libgcc.a(floatsisf.o)
                              ./User/DataModel.o (__floatsisf)
c:/mounriver/mounriver_studio/toolchain/risc-v embedded gcc/bin/../lib/gcc/riscv-none-embed/8.2.0/rv32imacxw/ilp32\libgcc.a(floatunsisf.o)
                              ./User/DataModel.o (__floatunsisf)
c:/mounriver/mounriver_studio/toolchain/risc-v embedded gcc/bin/../lib/gcc/riscv-none-embed/8.2.0/rv32imacxw/ilp32\libgcc.a(extendsfdf2.o)
                              ./HAL_LIB/hw_lib_din.o (__extendsfdf2)
c:/mounriver/mounriver_studio/toolchain/risc-v embedded gcc/bin/../lib/gcc/riscv-none-embed/8.2.0/rv32imacxw/ilp32\libgcc.a(truncdfsf2.o)
                              ./User/inputs.o (__truncdfsf2)
c:/mounriver/mounriver_studio/toolchain/risc-v embedded gcc/bin/../lib/gcc/riscv-none-embed/8.2.0/rv32imacxw/ilp32\libgcc.a(save-restore.o)
                              ./User/inputs.o (__riscv_save_12)
c:/mounriver/mounriver_studio/toolchain/risc-v embedded gcc/bin/../lib/gcc/riscv-none-embed/8.2.0/rv32imacxw/ilp32\libgcc.a(_clzsi2.o)
                              c:/mounriver/mounriver_studio/toolchain/risc-v embedded gcc/bin/../lib/gcc/riscv-none-embed/8.2.0/rv32imacxw/ilp32\libgcc.a(divdf3.o) (__clzsi2)
c:/mounriver/mounriver_studio/toolchain/risc-v embedded gcc/bin/../lib/gcc/riscv-none-embed/8.2.0/rv32imacxw/ilp32\libgcc.a(_clz.o)
                              c:/mounriver/mounriver_studio/toolchain/risc-v embedded gcc/bin/../lib/gcc/riscv-none-embed/8.2.0/rv32imacxw/ilp32\libgcc.a(_clzsi2.o) (__clz_tab)
c:/mounriver/mounriver_studio/toolchain/risc-v embedded gcc/bin/../lib/gcc/riscv-none-embed/8.2.0/../../../../riscv-none-embed/lib/rv32imacxw/ilp32\libg_nano.a(lib_a-calloc.o)
                              ./CANopenNode/CANopen.o (calloc)
c:/mounriver/mounriver_studio/toolchain/risc-v embedded gcc/bin/../lib/gcc/riscv-none-embed/8.2.0/../../../../riscv-none-embed/lib/rv32imacxw/ilp32\libg_nano.a(lib_a-impure.o)
                              c:/mounriver/mounriver_studio/toolchain/risc-v embedded gcc/bin/../lib/gcc/riscv-none-embed/8.2.0/../../../../riscv-none-embed/lib/rv32imacxw/ilp32\libg_nano.a(lib_a-calloc.o) (_impure_ptr)
[...]
Memory Configuration

Name             Origin             Length             Attributes
FLASH            0x0000000000000000 0x0000000000010000 xr
SFLASH           0x0000000000010000 0x0000000000002800 xr
RAM              0x0000000020000000 0x0000000000005000 xrw
*default*        0x0000000000000000 0xffffffffffffffff

Linker script and memory map

LOAD ./User/CanOpenNode.o
LOAD ./User/DataModel.o
LOAD ./User/ch32v20x_it.o
LOAD ./User/dash_draw.o
LOAD ./User/init.o
LOAD ./User/inputs.o
LOAD ./User/led.o
LOAD ./User/main.o
LOAD ./User/process.o
LOAD ./User/system_ch32v20x.o
LOAD ./User/system_init.o
LOAD ./Startup/startup_ch32v20x_D6.o
LOAD ./Peripheral/src/ch32v20x_adc.o
LOAD ./Peripheral/src/ch32v20x_bkp.o
LOAD ./Peripheral/src/ch32v20x_can.o
LOAD ./Peripheral/src/ch32v20x_crc.o
LOAD ./Peripheral/src/ch32v20x_dbgmcu.o
LOAD ./Peripheral/src/ch32v20x_dma.o
LOAD ./Peripheral/src/ch32v20x_exti.o
LOAD ./Peripheral/src/ch32v20x_flash.o
LOAD ./Peripheral/src/ch32v20x_gpio.o
LOAD ./Peripheral/src/ch32v20x_i2c.o
LOAD ./Peripheral/src/ch32v20x_iwdg.o
LOAD ./Peripheral/src/ch32v20x_misc.o
LOAD ./Peripheral/src/ch32v20x_opa.o
LOAD ./Peripheral/src/ch32v20x_pwr.o
LOAD ./Peripheral/src/ch32v20x_rcc.o
LOAD ./Peripheral/src/ch32v20x_rtc.o
LOAD ./Peripheral/src/ch32v20x_spi.o
LOAD ./Peripheral/src/ch32v20x_tim.o
LOAD ./Peripheral/src/ch32v20x_usart.o
LOAD ./Peripheral/src/ch32v20x_wwdg.o
LOAD ./HAL_LIB/filters.o
LOAD ./HAL_LIB/hw_data_model.o
LOAD ./HAL_LIB/hw_lib_adc.o
LOAD ./HAL_LIB/hw_lib_din.o
LOAD ./HAL_LIB/hw_lib_eeprom_i2c.o
LOAD ./HAL_LIB/hw_timeout.o
LOAD ./HAL_DRIVER/hal_can_ch32.o
LOAD ./HAL_DRIVER/hal_gpio_ch32.o
LOAD ./HAL_DRIVER/hal_i2c_ch32.o
LOAD ./HAL_DRIVER/hal_irq.o
LOAD ./HAL_DRIVER/hal_rtc_ch32.o
LOAD ./HAL_DRIVER/hal_spi_ch32.o
LOAD ./HAL_DRIVER/hal_wdt_ch32.o
LOAD ./HAL/hal_adc_ch32.o
LOAD ./HAL/hal_dma_ch32.o
LOAD ./HAL/hal_timers_ch32.o
LOAD ./FreeRTOS/portable/MemMang/heap_4.o
LOAD ./FreeRTOS/portable/GCC/RISC-V/port.o
LOAD ./FreeRTOS/portable/GCC/RISC-V/portASM.o
LOAD ./FreeRTOS/croutine.o
LOAD ./FreeRTOS/event_groups.o
LOAD ./FreeRTOS/list.o
LOAD ./FreeRTOS/queue.o
LOAD ./FreeRTOS/stream_buffer.o
LOAD ./FreeRTOS/tasks.o
LOAD ./FreeRTOS/timers.o
LOAD ./Debug/debug.o
LOAD ./Core/core_riscv.o
LOAD ./CANopenNode/keypad/CO_driver_ST32F103.o
LOAD ./CANopenNode/keypad/OD.o
LOAD ./CANopenNode/extra/CO_trace.o
LOAD ./CANopenNode/309/CO_gateway_ascii.o
LOAD ./CANopenNode/305/CO_LSSmaster.o
LOAD ./CANopenNode/305/CO_LSSslave.o
LOAD ./CANopenNode/304/CO_GFC.o
LOAD ./CANopenNode/304/CO_SRDO.o
LOAD ./CANopenNode/303/CO_LEDs.o
LOAD ./CANopenNode/301/CO_Emergency.o
LOAD ./CANopenNode/301/CO_HBconsumer.o
LOAD ./CANopenNode/301/CO_NMT_Heartbeat.o
LOAD ./CANopenNode/301/CO_Node_Guarding.o
LOAD ./CANopenNode/301/CO_ODinterface.o
LOAD ./CANopenNode/301/CO_PDO.o
LOAD ./CANopenNode/301/CO_SDOclient.o
LOAD ./CANopenNode/301/CO_SDOserver.o
LOAD ./CANopenNode/301/CO_SYNC.o
LOAD ./CANopenNode/301/CO_TIME.o
LOAD ./CANopenNode/301/CO_fifo.o
LOAD ./CANopenNode/301/crc16-ccitt.o
LOAD ./CANopenNode/CANopen.o
LOAD c:/mounriver/mounriver_studio/toolchain/risc-v embedded gcc/bin/../lib/gcc/riscv-none-embed/8.2.0/../../../../riscv-none-embed/lib/rv32imacxw/ilp32\libm.a
LOAD c:/mounriver/mounriver_studio/toolchain/risc-v embedded gcc/bin/../lib/gcc/riscv-none-embed/8.2.0/rv32imacxw/ilp32\libgcc.a
LOAD c:/mounriver/mounriver_studio/toolchain/risc-v embedded gcc/bin/../lib/gcc/riscv-none-embed/8.2.0/../../../../riscv-none-embed/lib/rv32imacxw/ilp32\libg_nano.a
LOAD c:/mounriver/mounriver_studio/toolchain/risc-v embedded gcc/bin/../lib/gcc/riscv-none-embed/8.2.0/../../../../riscv-none-embed/lib/rv32imacxw/ilp32\libc_nano.a
LOAD c:/mounriver/mounriver_studio/toolchain/risc-v embedded gcc/bin/../lib/gcc/riscv-none-embed/8.2.0/rv32imacxw/ilp32\libgcc.a
START GROUP
LOAD c:/mounriver/mounriver_studio/toolchain/risc-v embedded gcc/bin/../lib/gcc/riscv-none-embed/8.2.0/rv32imacxw/ilp32\libgcc.a
LOAD c:/mounriver/mounriver_studio/toolchain/risc-v embedded gcc/bin/../lib/gcc/riscv-none-embed/8.2.0/../../../../riscv-none-embed/lib/rv32imacxw/ilp32\libc_nano.a
LOAD c:/mounriver/mounriver_studio/toolchain/risc-v embedded gcc/bin/../lib/gcc/riscv-none-embed/8.2.0/../../../../riscv-none-embed/lib/rv32imacxw/ilp32\libnosys.a
END GROUP
START GROUP
LOAD c:/mounriver/mounriver_studio/toolchain/risc-v embedded gcc/bin/../lib/gcc/riscv-none-embed/8.2.0/rv32imacxw/ilp32\libgcc.a
LOAD c:/mounriver/mounriver_studio/toolchain/risc-v embedded gcc/bin/../lib/gcc/riscv-none-embed/8.2.0/../../../../riscv-none-embed/lib/rv32imacxw/ilp32\libc_nano.a
LOAD c:/mounriver/mounriver_studio/toolchain/risc-v embedded gcc/bin/../lib/gcc/riscv-none-embed/8.2.0/../../../../riscv-none-embed/lib/rv32imacxw/ilp32\libnosys.a
END GROUP
                0x0000000000000be8                __stack_size = 0xbe8
                [!provide]                        PROVIDE (_stack_size = __stack_size)

.init           0x0000000000000000       0x38
                0x0000000000000000                _sinit = .
                0x0000000000000000                . = ALIGN (0x4)
 *(SORT_NONE(.init))
 .init          0x0000000000000000       0x38 ./Startup/startup_ch32v20x_D6.o
                0x0000000000000000                _start
                0x0000000000000038                . = ALIGN (0x4)
                0x0000000000000038                _einit = .

.vector         0x0000000000000038      0x108
 *(.vector)
 .vector        0x0000000000000038       0xfc ./Startup/startup_ch32v20x_D6.o
                0x0000000000000140                . = ALIGN (0x40)
 *fill*         0x0000000000000134        0xc 

.stext          0x0000000000010000      0xf78
                0x0000000000010000                . = ALIGN (0x4)
 *(.stext)
 .stext         0x0000000000010000        0xa ./User/CanOpenNode.o
                0x0000000000010000                vCanOpenInit
 .stext         0x000000000001000a      0x76a ./User/DataModel.o
                0x000000000001000a                DataModel_Init
 .stext         0x0000000000010774       0xe2 ./User/dash_draw.o
                0x0000000000010774                vDashDrawInit
                0x00000000000107ee                TestProcedure
 .stext         0x0000000000010856      0x14c ./User/init.o
                0x0000000000010856                vInit_DeviceConfig
 .stext         0x00000000000109a2       0xba ./User/inputs.o
                0x00000000000109a2                ADC1_Init
 .stext         0x0000000000010a5c       0x4e ./User/led.o
                0x0000000000010a5c                vLedDriverStart
 .stext         0x0000000000010aaa      0x214 ./User/process.o
                0x0000000000010aaa                vProceesInit
 .stext         0x0000000000010cbe      0x134 ./User/system_init.o
                0x0000000000010cbe                vSYStaskInit
                0x0000000000010dc8                vSYSqueueInit
 .stext         0x0000000000010df2       0x34 ./HAL_LIB/hw_lib_din.o
                0x0000000000010df2                eDinConfigWtihStruct
 .stext         0x0000000000010e26       0xca ./HAL_DRIVER/hal_rtc_ch32.o
                0x0000000000010e26                HAL_RTC_IT_Init
 .stext         0x0000000000010ef0       0x60 ./HAL_DRIVER/hal_spi_ch32.o
                0x0000000000010ef0                HAL_SPI_InitDMA
 .stext         0x0000000000010f50       0x28 ./HAL_DRIVER/hal_wdt_ch32.o
                0x0000000000010f50                HAL_WDT_Init1s

.text           0x0000000000000200     0xe14c
                0x0000000000000200                . = ALIGN (0x4)
 *(.text)
 .text          0x0000000000000200      0x2ee ./FreeRTOS/portable/GCC/RISC-V/portASM.o
                0x0000000000000200                SW_Handler
                0x0000000000000300                xPortStartFirstTask
                0x0000000000000400                pxPortInitialiseStack
 .text          0x00000000000004ee       0x60 c:/mounriver/mounriver_studio/toolchain/risc-v embedded gcc/bin/../lib/gcc/riscv-none-embed/8.2.0/rv32imacxw/ilp32\libgcc.a(save-restore.o)
                0x00000000000004ee                __riscv_save_12
                0x00000000000004f6                __riscv_save_9
                0x00000000000004f6                __riscv_save_11
                0x00000000000004f6                __riscv_save_10
                0x00000000000004f6                __riscv_save_8
                0x0000000000000504                __riscv_save_4
                0x0000000000000504                __riscv_save_6
                0x0000000000000504                __riscv_save_5
                0x0000000000000504                __riscv_save_7
                0x000000000000051e                __riscv_save_3
                0x000000000000051e                __riscv_save_2
                0x000000000000051e                __riscv_save_1
                0x000000000000051e                __riscv_save_0
                0x000000000000052a                __riscv_restore_12
                0x000000000000052e                __riscv_restore_11
                0x000000000000052e                __riscv_restore_9
                0x000000000000052e                __riscv_restore_10
                0x000000000000052e                __riscv_restore_8
                0x0000000000000538                __riscv_restore_5
                0x0000000000000538                __riscv_restore_7
                0x0000000000000538                __riscv_restore_6
                0x0000000000000538                __riscv_restore_4
                0x0000000000000542                __riscv_restore_3
                0x0000000000000542                __riscv_restore_0
                0x0000000000000542                __riscv_restore_2
                0x0000000000000542                __riscv_restore_1
 .text          0x000000000000054e       0xa8 c:/mounriver/mounriver_studio/toolchain/risc-v embedded gcc/bin/../lib/gcc/riscv-none-embed/8.2.0/../../../../riscv-none-embed/lib/rv32imacxw/ilp32\libg_nano.a(lib_a-memset.o)
                0x000000000000054e                memset
 *(.text.*)
 .text.xCanOpenProcessTaskHandle
                0x00000000000005f6        0xa ./User/CanOpenNode.o
                0x00000000000005f6                xCanOpenProcessTaskHandle
 .text.xCanOpenPeriodicTaskHandle
                0x0000000000000600        0xa ./User/CanOpenNode.o
                0x0000000000000600                xCanOpenPeriodicTaskHandle
 .text.vCanOpenProcess
                0x000000000000060a      0x18c ./User/CanOpenNode.o
                0x000000000000060a                vCanOpenProcess
 .text.vCanOpenPeriodicProcess
                0x0000000000000796       0x82 ./User/CanOpenNode.o
                0x0000000000000796                vCanOpenPeriodicProcess
 .text.xDataRegQueue
                0x0000000000000818        0xa ./User/DataModel.o
                0x0000000000000818                xDataRegQueue
 .text.vDataModelRegDelayWrite
                0x0000000000000822       0x38 ./User/DataModel.o
                0x0000000000000822                vDataModelRegDelayWrite
 .text.WriteRegAfterDelay
                0x000000000000085a       0x60 ./User/DataModel.o
                0x000000000000085a                WriteRegAfterDelay
 .text.WriteReg
                0x00000000000008ba       0x56 ./User/DataModel.o
                0x00000000000008ba                WriteReg
 .text.vGetBitrate
                0x0000000000000910       0x28 ./User/DataModel.o
                0x0000000000000910                vGetBitrate
 .text.vFDGetNMTState
                0x0000000000000938        0x6 ./User/DataModel.o
                0x0000000000000938                vFDGetNMTState
 .text.vGetNodeId
                0x000000000000093e        0xc ./User/DataModel.o
                0x000000000000093e                vGetNodeId
 .text.vIncrementSystemCounters
                0x000000000000094a       0x9c ./User/DataModel.o
                0x000000000000094a                vIncrementSystemCounters
 .text.vSaveData
                0x00000000000009e6       0x16 ./User/DataModel.o
                0x00000000000009e6                vSaveData
 .text.getOdometr
                0x00000000000009fc       0x14 ./User/DataModel.o
                0x00000000000009fc                getOdometr
 .text.getOdometr1
                0x0000000000000a10       0x14 ./User/DataModel.o
                0x0000000000000a10                getOdometr1
 .text.ResrtOdometr1
                0x0000000000000a24        0xe ./User/DataModel.o
                0x0000000000000a24                ResrtOdometr1
 .text.NMI_Handler
                0x0000000000000a32        0x2 ./User/ch32v20x_it.o
                0x0000000000000a32                NMI_Handler
 .text.HardFault_Handler
                0x0000000000000a34       0x66 ./User/ch32v20x_it.o
                0x0000000000000a34                HardFault_Handler
 .text.SegPrint
                0x0000000000000a9a       0x58 ./User/dash_draw.o
 .text.vCheckKeySatate
                0x0000000000000af2       0x80 ./User/dash_draw.o
 .text.xProcessTaskHandle
                0x0000000000000b72        0xa ./User/dash_draw.o
                0x0000000000000b72                xProcessTaskHandle
 .text.vSetErrorReg
                0x0000000000000b7c        0xa ./User/dash_draw.o
                0x0000000000000b7c                vSetErrorReg
 .text.getODValue
                0x0000000000000b86      0x16a ./User/dash_draw.o
                0x0000000000000b86                getODValue
 .text.IncMenuIndex
                0x0000000000000cf0       0x80 ./User/dash_draw.o
                0x0000000000000cf0                IncMenuIndex
 .text.GoToHome
                0x0000000000000d70       0x12 ./User/dash_draw.o
                0x0000000000000d70                GoToHome
 .text.SetCurMenuHome
                0x0000000000000d82       0x36 ./User/dash_draw.o
                0x0000000000000d82                SetCurMenuHome
 .text.GetCurMenuHome
                0x0000000000000db8        0x6 ./User/dash_draw.o
                0x0000000000000db8                GetCurMenuHome
 .text.SetCurrentMenu
                0x0000000000000dbe       0x12 ./User/dash_draw.o
                0x0000000000000dbe                SetCurrentMenu
 .text.SetDefault
                0x0000000000000dd0       0x2a ./User/dash_draw.o
                0x0000000000000dd0                SetDefault
 .text.MenuBackHomeCheck
                0x0000000000000dfa       0x38 ./User/dash_draw.o
                0x0000000000000dfa                MenuBackHomeCheck
 .text.CheckMenuChannel
                0x0000000000000e32       0x20 ./User/dash_draw.o
                0x0000000000000e32                CheckMenuChannel
 .text.vMenuBlink
                0x0000000000000e52       0x4a ./User/dash_draw.o
                0x0000000000000e52                vMenuBlink
 .text.SetErrorRegiter
                0x0000000000000e9c       0x5e ./User/dash_draw.o
                0x0000000000000e9c                SetErrorRegiter
 .text.uGetCurrMenu
                0x0000000000000efa       0x26 ./User/dash_draw.o
                0x0000000000000efa                uGetCurrMenu
 .text.vGetEdgeData
                0x0000000000000f20       0x2a ./User/dash_draw.o
                0x0000000000000f20                vGetEdgeData
 .text.CheckLedState
                0x0000000000000f4a       0x4a ./User/dash_draw.o
 .text.vRGBMode
                0x0000000000000f94       0x8c ./User/dash_draw.o
                0x0000000000000f94                vRGBMode
 .text.vBarColorMode
                0x0000000000001020       0xc2 ./User/dash_draw.o
                0x0000000000001020                vBarColorMode
 .text.vBarWindowMode
                0x00000000000010e2       0x5a ./User/dash_draw.o
                0x00000000000010e2                vBarWindowMode
 .text.vBarMode
                0x000000000000113c       0x66 ./User/dash_draw.o
                0x000000000000113c                vBarMode
 .text.SetTest  0x00000000000011a2       0x58 ./User/dash_draw.o
                0x00000000000011a2                SetTest
 .text.vRedrawTask
                0x00000000000011fa      0x4cc ./User/dash_draw.o
                0x00000000000011fa                vRedrawTask
 .text.HardwareDeinit
                0x00000000000016c6       0x2a ./User/init.o
                0x00000000000016c6                HardwareDeinit
 .text.SoftwareReset
                0x00000000000016f0       0x14 ./User/init.o
                0x00000000000016f0                SoftwareReset
 .text.ADC1_Event
                0x0000000000001704       0x44 ./User/inputs.o
                0x0000000000001704                ADC1_Event
 .text.CaptureDMACallBack
                0x0000000000001748       0x22 ./User/inputs.o
                0x0000000000001748                CaptureDMACallBack
 .text.CaptureDMACallBack_1
                0x000000000000176a       0x22 ./User/inputs.o
                0x000000000000176a                CaptureDMACallBack_1
 .text.fDinStateCallback
                0x000000000000178c       0x32 ./User/inputs.o
                0x000000000000178c                fDinStateCallback
 .text.getInputsTaskHandle
                0x00000000000017be        0xa ./User/inputs.o
                0x00000000000017be                getInputsTaskHandle
 .text.ADC_FSM  0x00000000000017c8      0x1ea ./User/inputs.o
                0x00000000000017c8                ADC_FSM
 .text.GetAIN   0x00000000000019b2        0xc ./User/inputs.o
                0x00000000000019b2                GetAIN
 .text.vInputsTask
                0x00000000000019be      0x1d8 ./User/inputs.o
                0x00000000000019be                vInputsTask
 .text.SPI1_DMA_Callback
                0x0000000000001b96       0x2e ./User/led.o
                0x0000000000001b96                SPI1_DMA_Callback
 .text.SPI2_DMA_Callback
                0x0000000000001bc4       0x2e ./User/led.o
                0x0000000000001bc4                SPI2_DMA_Callback
 .text.SetBarState
                0x0000000000001bf2       0x50 ./User/led.o
                0x0000000000001bf2                SetBarState
 .text.SetRGB   0x0000000000001c42       0x4e ./User/led.o
                0x0000000000001c42                SetRGB
 .text.SetSegDirect
                0x0000000000001c90       0x9c ./User/led.o
                0x0000000000001c90                SetSegDirect
 .text.SetSegPoint
                0x0000000000001d2c       0x22 ./User/led.o
                0x0000000000001d2c                SetSegPoint
 .text.SetSEG   0x0000000000001d4e      0x11a ./User/led.o
                0x0000000000001d4e                SetSEG
 .text.SetBigSeg
                0x0000000000001e68       0x14 ./User/led.o
                0x0000000000001e68                SetBigSeg
 .text.vSetBrigth
                0x0000000000001e7c       0x28 ./User/led.o
                0x0000000000001e7c                vSetBrigth
 .text.vLedProcess
                0x0000000000001ea4       0x1e ./User/led.o
                0x0000000000001ea4                vLedProcess
 .text.vRGBProcess
                0x0000000000001ec2       0xe2 ./User/led.o
                0x0000000000001ec2                vRGBProcess
 .text.startup.main
                0x0000000000001fa4       0x28 ./User/main.o
                0x0000000000001fa4                main
 .text.vRestartNode
                0x0000000000001fcc        0x2 ./User/main.o
                0x0000000000001fcc                vRestartNode
 .text.Error_Handler
                0x0000000000001fce        0x8 ./User/main.o
                0x0000000000001fce                Error_Handler
 .text.OD_readKEY
                0x0000000000001fd6        0x8 ./User/process.o
 .text.OD_writeRGBMAP
                0x0000000000001fde       0x30 ./User/process.o
 .text.OD_writeKEY
                0x000000000000200e       0x34 ./User/process.o
 .text.OD_readRGBMAP
                0x0000000000002042       0x22 ./User/process.o
 .text.OD_readDIN
                0x0000000000002064       0x1c ./User/process.o
 .text.OD_writeMenuSetup
                0x0000000000002080       0x46 ./User/process.o
 .text.OD_writeBoardSettings
                0x00000000000020c6       0x92 ./User/process.o
 .text.CO_getUint16
                0x0000000000002158       0x10 ./User/process.o
 .text.OD_writeSEG
                0x0000000000002168       0x44 ./User/process.o
 .text.OD_writeBAR
                0x00000000000021ac       0x2e ./User/process.o
 .text.OD_writeRPMConfig
                0x00000000000021da       0x34 ./User/process.o
 .text.CO_getUint32
                0x000000000000220e       0x18 ./User/process.o
 .text.OD_writeDashParam
                0x0000000000002226       0x76 ./User/process.o
 .text.OD_writeMenuMap
                0x000000000000229c       0x30 ./User/process.o
 .text.OD_writeV1_14
                0x00000000000022cc       0x56 ./User/process.o
 .text.WriteRGB.isra.1
                0x0000000000002322       0x3a ./User/process.o
 .text.OD_writeRGB1
                0x000000000000235c       0x16 ./User/process.o
 .text.OD_writeRGB2
                0x0000000000002372       0x16 ./User/process.o
 .text.OD_writeRGB3
                0x0000000000002388       0x16 ./User/process.o
 .text.OD_writeRGB4
                0x000000000000239e       0x16 ./User/process.o
 .text.OD_writeRGB5
                0x00000000000023b4       0x16 ./User/process.o
 .text.OD_writeRGB6
                0x00000000000023ca       0x16 ./User/process.o
 .text.OD_writeRGB7
                0x00000000000023e0       0x16 ./User/process.o
 .text.OD_writeRGB8
                0x00000000000023f6       0x16 ./User/process.o
 .text.OD_writeRGB9
                0x000000000000240c       0x16 ./User/process.o
 .text.OD_writeRGB10
                0x0000000000002422       0x16 ./User/process.o
 .text.OD_writeRGB11
                0x0000000000002438       0x16 ./User/process.o
 .text.OD_writeRGB12
                0x000000000000244e       0x16 ./User/process.o
 .text.OD_writeRGB13
                0x0000000000002464       0x16 ./User/process.o
 .text.OD_writeRGB14
                0x000000000000247a       0x16 ./User/process.o
 .text.OD_readBoardSettings
                0x0000000000002490       0x4a ./User/process.o
 .text.readADC.isra.5
                0x00000000000024da       0x86 ./User/process.o
 .text.OD_readADC1
                0x0000000000002560       0x10 ./User/process.o
 .text.OD_readADC2
                0x0000000000002570       0x10 ./User/process.o
 .text.OD_readADC3
                0x0000000000002580       0x10 ./User/process.o
 .text.OD_readMenuSetup
                0x0000000000002590       0x30 ./User/process.o
 .text.writeADC.isra.8
                0x00000000000025c0       0xde ./User/process.o
 .text.OD_writeADC1
                0x000000000000269e       0x10 ./User/process.o
 .text.OD_writeADC2
                0x00000000000026ae       0x10 ./User/process.o
 .text.OD_writeADC3
                0x00000000000026be       0x10 ./User/process.o
 .text.OD_readRGB.isra.4
                0x00000000000026ce       0x22 ./User/process.o
 .text.OD_readRGB1
                0x00000000000026f0       0x14 ./User/process.o
 .text.OD_readRGB2
                0x0000000000002704       0x14 ./User/process.o
 .text.OD_readRGB3
                0x0000000000002718       0x14 ./User/process.o
 .text.OD_readRGB4
                0x000000000000272c       0x16 ./User/process.o
 .text.OD_readRGB5
                0x0000000000002742       0x16 ./User/process.o
 .text.OD_readRGB6
                0x0000000000002758       0x16 ./User/process.o
 .text.OD_readRGB7
                0x000000000000276e       0x16 ./User/process.o
 .text.OD_readRGB8
                0x0000000000002784       0x16 ./User/process.o
 .text.OD_readRGB9
                0x000000000000279a       0x16 ./User/process.o
 .text.OD_readRGB10
                0x00000000000027b0       0x16 ./User/process.o
 .text.OD_readRGB11
                0x00000000000027c6       0x16 ./User/process.o
 .text.OD_readRGB12
                0x00000000000027dc       0x16 ./User/process.o
 .text.OD_readRGB13
                0x00000000000027f2       0x16 ./User/process.o
 .text.OD_readRGB14
                0x0000000000002808       0x16 ./User/process.o
 .text.OD_readDashParam
                0x000000000000281e       0x5a ./User/process.o
 .text.OD_readRPMConfig
                0x0000000000002878       0x2a ./User/process.o
 .text.OD_readAIN_RPM
                0x00000000000028a2       0x26 ./User/process.o
 .text.OD_readBar
                0x00000000000028c8       0x28 ./User/process.o
 .text.OD_readMenuMap
                0x00000000000028f0       0x2c ./User/process.o
 .text.OD_readSEG
                0x000000000000291c       0x34 ./User/process.o
 .text.SystemInit
                0x0000000000002950       0xea ./User/system_ch32v20x.o
                0x0000000000002950                SystemInit
 .text.SystemCoreClockUpdate
                0x0000000000002a3a       0x92 ./User/system_ch32v20x.o
                0x0000000000002a3a                SystemCoreClockUpdate
 .text.StartDefaultTask
                0x0000000000002acc       0x4a ./User/system_init.o
 .text.vApplicationGetIdleTaskMemory
                0x0000000000002b16       0x1c ./User/system_init.o
                0x0000000000002b16                vApplicationGetIdleTaskMemory
 .text.vSystemStop
                0x0000000000002b32       0x26 ./User/system_init.o
                0x0000000000002b32                vSystemStop
 .text.vector_handler
                0x0000000000002b58       0x6c ./Startup/startup_ch32v20x_D6.o
                0x0000000000002b5c                Ecall_M_Mode_Handler
                0x0000000000002b5e                Ecall_U_Mode_Handler
                0x0000000000002b60                Break_Point_Handler
                0x0000000000002b66                WWDG_IRQHandler
                0x0000000000002b68                PVD_IRQHandler
                0x0000000000002b6a                TAMPER_IRQHandler
                0x0000000000002b6e                FLASH_IRQHandler
                0x0000000000002b70                RCC_IRQHandler
                0x0000000000002b72                EXTI0_IRQHandler
                0x0000000000002b74                EXTI1_IRQHandler
                0x0000000000002b76                EXTI2_IRQHandler
                0x0000000000002b78                EXTI3_IRQHandler
                0x0000000000002b7a                EXTI4_IRQHandler
                0x0000000000002b7e                DMA1_Channel2_IRQHandler
                0x0000000000002b86                DMA1_Channel6_IRQHandler
                0x0000000000002b94                EXTI9_5_IRQHandler
                0x0000000000002b96                TIM1_BRK_IRQHandler
                0x0000000000002b98                TIM1_UP_IRQHandler
                0x0000000000002b9a                TIM1_TRG_COM_IRQHandler
                0x0000000000002b9c                TIM1_CC_IRQHandler
                0x0000000000002b9e                TIM2_IRQHandler
                0x0000000000002ba0                TIM3_IRQHandler
                0x0000000000002ba8                I2C2_EV_IRQHandler
                0x0000000000002baa                I2C2_ER_IRQHandler
                0x0000000000002bac                SPI1_IRQHandler
                0x0000000000002bae                SPI2_IRQHandler
                0x0000000000002bb0                USART1_IRQHandler
                0x0000000000002bb2                USART2_IRQHandler
                0x0000000000002bb4                USART3_IRQHandler
                0x0000000000002bb6                EXTI15_10_IRQHandler
                0x0000000000002bb8                RTCAlarm_IRQHandler
                0x0000000000002bba                USBWakeUp_IRQHandler
                0x0000000000002bbc                USBHD_IRQHandler
                0x0000000000002bbe                USBHDWakeUp_IRQHandler
                0x0000000000002bc0                UART4_IRQHandler
                0x0000000000002bc2                DMA1_Channel8_IRQHandler
 .text.handle_reset
                0x0000000000002bc4       0x92 ./Startup/startup_ch32v20x_D6.o
                0x0000000000002bc4                handle_reset
 .text.ADC_Cmd  0x0000000000002c56       0x10 ./Peripheral/src/ch32v20x_adc.o
                0x0000000000002c56                ADC_Cmd
 .text.ADC_GetResetCalibrationStatus
                0x0000000000002c66        0x8 ./Peripheral/src/ch32v20x_adc.o
                0x0000000000002c66                ADC_GetResetCalibrationStatus
 .text.ADC_GetCalibrationStatus
                0x0000000000002c6e        0x8 ./Peripheral/src/ch32v20x_adc.o
                0x0000000000002c6e                ADC_GetCalibrationStatus
 .text.ADC_GetITStatus
                0x0000000000002c76       0x1c ./Peripheral/src/ch32v20x_adc.o
                0x0000000000002c76                ADC_GetITStatus
 .text.ADC_ClearITPendingBit
                0x0000000000002c92        0xa ./Peripheral/src/ch32v20x_adc.o
                0x0000000000002c92                ADC_ClearITPendingBit
 .text.Get_CalibrationValue
                0x0000000000002c9c      0x1fe ./Peripheral/src/ch32v20x_adc.o
                0x0000000000002c9c                Get_CalibrationValue
 .text.DMA_GetFlagStatus
                0x0000000000002e9a        0xe ./Peripheral/src/ch32v20x_dma.o
                0x0000000000002e9a                DMA_GetFlagStatus
 .text.DMA_GetITStatus
                0x0000000000002ea8        0xc ./Peripheral/src/ch32v20x_dma.o
                0x0000000000002ea8                DMA_GetITStatus
 .text.DMA_ClearITPendingBit
                0x0000000000002eb4        0x8 ./Peripheral/src/ch32v20x_dma.o
                0x0000000000002eb4                DMA_ClearITPendingBit
 .text.GPIO_Init
                0x0000000000002ebc       0xfa ./Peripheral/src/ch32v20x_gpio.o
                0x0000000000002ebc                GPIO_Init
 .text.GPIO_PinRemapConfig
                0x0000000000002fb6       0xf2 ./Peripheral/src/ch32v20x_gpio.o
                0x0000000000002fb6                GPIO_PinRemapConfig
 .text.I2C_DualAddressCmd
                0x00000000000030a8       0x18 ./Peripheral/src/ch32v20x_i2c.o
                0x00000000000030a8                I2C_DualAddressCmd
 .text.I2C_ClearFlag
                0x00000000000030c0        0xc ./Peripheral/src/ch32v20x_i2c.o
                0x00000000000030c0                I2C_ClearFlag
 .text.RCC_LSEConfig
                0x00000000000030cc       0x28 ./Peripheral/src/ch32v20x_rcc.o
                0x00000000000030cc                RCC_LSEConfig
 .text.RCC_GetClocksFreq
                0x00000000000030f4       0xbe ./Peripheral/src/ch32v20x_rcc.o
                0x00000000000030f4                RCC_GetClocksFreq
 .text.RCC_APB2PeriphClockCmd
                0x00000000000031b2       0x1e ./Peripheral/src/ch32v20x_rcc.o
                0x00000000000031b2                RCC_APB2PeriphClockCmd
 .text.RCC_GetFlagStatus
                0x00000000000031d0       0x2e ./Peripheral/src/ch32v20x_rcc.o
                0x00000000000031d0                RCC_GetFlagStatus
 .text.RTC_EnterConfigMode
                0x00000000000031fe       0x12 ./Peripheral/src/ch32v20x_rtc.o
                0x00000000000031fe                RTC_EnterConfigMode
 .text.RTC_ExitConfigMode
                0x0000000000003210       0x18 ./Peripheral/src/ch32v20x_rtc.o
                0x0000000000003210                RTC_ExitConfigMode
 .text.RTC_GetCounter
                0x0000000000003228       0x36 ./Peripheral/src/ch32v20x_rtc.o
                0x0000000000003228                RTC_GetCounter
 .text.RTC_SetCounter
                0x000000000000325e       0x2c ./Peripheral/src/ch32v20x_rtc.o
                0x000000000000325e                RTC_SetCounter
 .text.RTC_SetPrescaler
                0x000000000000328a       0x2e ./Peripheral/src/ch32v20x_rtc.o
                0x000000000000328a                RTC_SetPrescaler
 .text.RTC_WaitForLastTask
                0x00000000000032b8       0x10 ./Peripheral/src/ch32v20x_rtc.o
                0x00000000000032b8                RTC_WaitForLastTask
 .text.RTC_WaitForSynchro
                0x00000000000032c8       0x24 ./Peripheral/src/ch32v20x_rtc.o
                0x00000000000032c8                RTC_WaitForSynchro
 .text.TIM_OC1Init
                0x00000000000032ec       0x6a ./Peripheral/src/ch32v20x_tim.o
                0x00000000000032ec                TIM_OC1Init
 .text.TIM_OC2Init
                0x0000000000003356       0x96 ./Peripheral/src/ch32v20x_tim.o
                0x0000000000003356                TIM_OC2Init
 .text.TIM_OC3Init
                0x00000000000033ec       0x94 ./Peripheral/src/ch32v20x_tim.o
                0x00000000000033ec                TIM_OC3Init
 .text.TIM_OC4Init
                0x0000000000003480       0x6c ./Peripheral/src/ch32v20x_tim.o
                0x0000000000003480                TIM_OC4Init
 .text.TIM_OC1PreloadConfig
                0x00000000000034ec        0xe ./Peripheral/src/ch32v20x_tim.o
                0x00000000000034ec                TIM_OC1PreloadConfig
 .text.TIM_OC2PreloadConfig
                0x00000000000034fa       0x16 ./Peripheral/src/ch32v20x_tim.o
                0x00000000000034fa                TIM_OC2PreloadConfig
 .text.TIM_OC3PreloadConfig
                0x0000000000003510        0xe ./Peripheral/src/ch32v20x_tim.o
                0x0000000000003510                TIM_OC3PreloadConfig
 .text.TIM_OC4PreloadConfig
                0x000000000000351e       0x16 ./Peripheral/src/ch32v20x_tim.o
                0x000000000000351e                TIM_OC4PreloadConfig
 .text.TIM_GetITStatus
                0x0000000000003534       0x18 ./Peripheral/src/ch32v20x_tim.o
                0x0000000000003534                TIM_GetITStatus
 .text.USART_Init
                0x000000000000354c       0xbc ./Peripheral/src/ch32v20x_usart.o
                0x000000000000354c                USART_Init
 .text.USART_Cmd
                0x0000000000003608       0x16 ./Peripheral/src/ch32v20x_usart.o
                0x0000000000003608                USART_Cmd
 .text.USART_SendData
                0x000000000000361e        0x8 ./Peripheral/src/ch32v20x_usart.o
                0x000000000000361e                USART_SendData
 .text.USART_GetFlagStatus
                0x0000000000003626        0xa ./Peripheral/src/ch32v20x_usart.o
                0x0000000000003626                USART_GetFlagStatus
 .text.vRCFilterConfig
                0x0000000000003630       0x2e ./HAL_LIB/filters.o
                0x0000000000003630                vRCFilterConfig
 .text.AddBufferData
                0x000000000000365e       0x20 ./HAL_LIB/filters.o
                0x000000000000365e                AddBufferData
 .text.GetConversional
                0x000000000000367e       0x4a ./HAL_LIB/filters.o
                0x000000000000367e                GetConversional
 .text.GetDataRegister
                0x00000000000036c8        0xa ./HAL_LIB/hw_data_model.o
                0x00000000000036c8                GetDataRegister
 .text.GetRegisterAddr
                0x00000000000036d2        0xc ./HAL_LIB/hw_data_model.o
                0x00000000000036d2                GetRegisterAddr
 .text.ClearDataModel
                0x00000000000036de       0x1e ./HAL_LIB/hw_data_model.o
                0x00000000000036de                ClearDataModel
 .text.setReg32
                0x00000000000036fc       0x1e ./HAL_LIB/hw_data_model.o
                0x00000000000036fc                setReg32
 .text.setReg16
                0x000000000000371a       0x12 ./HAL_LIB/hw_data_model.o
                0x000000000000371a                setReg16
 .text.setReg8  0x000000000000372c        0xe ./HAL_LIB/hw_data_model.o
                0x000000000000372c                setReg8
 .text.getReg16
                0x000000000000373a       0x14 ./HAL_LIB/hw_data_model.o
                0x000000000000373a                getReg16
 .text.getReg32
                0x000000000000374e       0x20 ./HAL_LIB/hw_data_model.o
                0x000000000000374e                getReg32
 .text.getReg8  0x000000000000376e        0xe ./HAL_LIB/hw_data_model.o
                0x000000000000376e                getReg8
 .text.vAINInit
                0x000000000000377c       0x36 ./HAL_LIB/hw_lib_adc.o
                0x000000000000377c                vAINInit
 .text.fGetAinCalData
                0x00000000000037b2       0x7a ./HAL_LIB/hw_lib_adc.o
                0x00000000000037b2                fGetAinCalData
 .text.eAinCalDataConfig
                0x000000000000382c       0x50 ./HAL_LIB/hw_lib_adc.o
                0x000000000000382c                eAinCalDataConfig
 .text.vABLineKoofFinde
                0x000000000000387c       0x6a ./HAL_LIB/hw_lib_adc.o
                0x000000000000387c                vABLineKoofFinde
 .text.eSetAinCalPoint
                0x00000000000038e6       0x64 ./HAL_LIB/hw_lib_adc.o
                0x00000000000038e6                eSetAinCalPoint
 .text.getADC1Buffer
                0x000000000000394a        0xa ./HAL_LIB/hw_lib_adc.o
                0x000000000000394a                getADC1Buffer
 .text.uGetDIN  0x0000000000003954       0x14 ./HAL_LIB/hw_lib_din.o
                0x0000000000003954                uGetDIN
 .text.eRPMConfig
                0x0000000000003968       0x5a ./HAL_LIB/hw_lib_din.o
                0x0000000000003968                eRPMConfig
 .text.RMPDataConvert
                0x00000000000039c2       0x4e ./HAL_LIB/hw_lib_din.o
                0x00000000000039c2                RMPDataConvert
 .text.GetRPM   0x0000000000003a10       0x7a ./HAL_LIB/hw_lib_din.o
                0x0000000000003a10                GetRPM
 .text.vDinDoutProcess
                0x0000000000003a8a       0x88 ./HAL_LIB/hw_lib_din.o
                0x0000000000003a8a                vDinDoutProcess
 .text.getCaputreBuffer
                0x0000000000003b12       0x16 ./HAL_LIB/hw_lib_din.o
                0x0000000000003b12                getCaputreBuffer
 .text.I2C_FSM  0x0000000000003b28      0x198 ./HAL_LIB/hw_lib_eeprom_i2c.o
                0x0000000000003b28                I2C_FSM
 .text.vInitEEPROM_I2C
                0x0000000000003cc0       0x4e ./HAL_LIB/hw_lib_eeprom_i2c.o
                0x0000000000003cc0                vInitEEPROM_I2C
 .text.eEEPROMWrFast
                0x0000000000003d0e      0x10a ./HAL_LIB/hw_lib_eeprom_i2c.o
                0x0000000000003d0e                eEEPROMWrFast
 .text.eEEPROMWr
                0x0000000000003e18       0xe2 ./HAL_LIB/hw_lib_eeprom_i2c.o
                0x0000000000003e18                eEEPROMWr
 .text.eEEPROMRd
                0x0000000000003efa       0x8a ./HAL_LIB/hw_lib_eeprom_i2c.o
                0x0000000000003efa                eEEPROMRd
 .text.bReadEEPROM
                0x0000000000003f84       0x1a ./HAL_LIB/hw_lib_eeprom_i2c.o
                0x0000000000003f84                bReadEEPROM
 .text.vHW_INIT_TIMEOUT
                0x0000000000003f9e       0x1c ./HAL_LIB/hw_timeout.o
                0x0000000000003f9e                vHW_INIT_TIMEOUT
 .text.vHW_PROCESS_TIMEOUT
                0x0000000000003fba       0x26 ./HAL_LIB/hw_timeout.o
                0x0000000000003fba                vHW_PROCESS_TIMEOUT
 .text.HAL_CANSetTXCallback
                0x0000000000003fe0        0xa ./HAL_DRIVER/hal_can_ch32.o
                0x0000000000003fe0                HAL_CANSetTXCallback
 .text.HAL_CANSetRXCallback
                0x0000000000003fea        0xa ./HAL_DRIVER/hal_can_ch32.o
                0x0000000000003fea                HAL_CANSetRXCallback
 .text.HAL_CANSetERRCallback
                0x0000000000003ff4        0xa ./HAL_DRIVER/hal_can_ch32.o
                0x0000000000003ff4                HAL_CANSetERRCallback
 .text.HAL_CANIntIT
                0x0000000000003ffe      0x13c ./HAL_DRIVER/hal_can_ch32.o
                0x0000000000003ffe                HAL_CANIntIT
 .text.HAL_CANToInitMode
                0x000000000000413a       0x30 ./HAL_DRIVER/hal_can_ch32.o
                0x000000000000413a                HAL_CANToInitMode
 .text.HAL_CANToOperatingMode
                0x000000000000416a       0x26 ./HAL_DRIVER/hal_can_ch32.o
                0x000000000000416a                HAL_CANToOperatingMode
 .text.HAL_CANSend
                0x0000000000004190       0xae ./HAL_DRIVER/hal_can_ch32.o
                0x0000000000004190                HAL_CANSend
 .text.HAL_CANSetFiters
                0x000000000000423e       0xc4 ./HAL_DRIVER/hal_can_ch32.o
                0x000000000000423e                HAL_CANSetFiters
 .text.HAL_CANGetRXMessage
                0x0000000000004302       0xb0 ./HAL_DRIVER/hal_can_ch32.o
                0x0000000000004302                HAL_CANGetRXMessage
 .text.USB_HP_CAN1_TX_IRQHandler
                0x00000000000043b2       0x60 ./HAL_DRIVER/hal_can_ch32.o
                0x00000000000043b2                USB_HP_CAN1_TX_IRQHandler
 .text.USB_LP_CAN1_RX0_IRQHandler
                0x0000000000004412       0x5e ./HAL_DRIVER/hal_can_ch32.o
                0x0000000000004412                USB_LP_CAN1_RX0_IRQHandler
 .text.CAN1_RX1_IRQHandler
                0x0000000000004470       0x5e ./HAL_DRIVER/hal_can_ch32.o
                0x0000000000004470                CAN1_RX1_IRQHandler
 .text.CAN1_SCE_IRQHandler
                0x00000000000044ce       0x5c ./HAL_DRIVER/hal_can_ch32.o
                0x00000000000044ce                CAN1_SCE_IRQHandler
 .text.HAL_InitGPIO
                0x000000000000452a       0xba ./HAL_DRIVER/hal_gpio_ch32.o
                0x000000000000452a                HAL_InitGPIO
 .text.HAL_InitGpioOut
                0x00000000000045e4       0x10 ./HAL_DRIVER/hal_gpio_ch32.o
                0x00000000000045e4                HAL_InitGpioOut
 .text.HAL_InitGpioAIN
                0x00000000000045f4       0x10 ./HAL_DRIVER/hal_gpio_ch32.o
                0x00000000000045f4                HAL_InitGpioAIN
 .text.HAL_InitGpioIn
                0x0000000000004604       0x10 ./HAL_DRIVER/hal_gpio_ch32.o
                0x0000000000004604                HAL_InitGpioIn
 .text.HAL_InitGpioAF
                0x0000000000004614       0x34 ./HAL_DRIVER/hal_gpio_ch32.o
                0x0000000000004614                HAL_InitGpioAF
 .text.HAL_GetBit
                0x0000000000004648        0xa ./HAL_DRIVER/hal_gpio_ch32.o
                0x0000000000004648                HAL_GetBit
 .text.HAL_SetBit
                0x0000000000004652        0x4 ./HAL_DRIVER/hal_gpio_ch32.o
                0x0000000000004652                HAL_SetBit
 .text.HAL_ResetBit
                0x0000000000004656        0x4 ./HAL_DRIVER/hal_gpio_ch32.o
                0x0000000000004656                HAL_ResetBit
 .text.HAL_InitGPO
                0x000000000000465a       0x14 ./HAL_DRIVER/hal_gpio_ch32.o
                0x000000000000465a                HAL_InitGPO
 .text.HAL_I2C_Init
                0x000000000000466e       0xf4 ./HAL_DRIVER/hal_i2c_ch32.o
                0x000000000000466e                HAL_I2C_Init
 .text.HAL_I2C_GET_STAR2
                0x0000000000004762        0xe ./HAL_DRIVER/hal_i2c_ch32.o
                0x0000000000004762                HAL_I2C_GET_STAR2
 .text.HAL_I2C_GET_STAR1
                0x0000000000004770        0xe ./HAL_DRIVER/hal_i2c_ch32.o
                0x0000000000004770                HAL_I2C_GET_STAR1
 .text.HAL_I2C_ENABLE
                0x000000000000477e       0x14 ./HAL_DRIVER/hal_i2c_ch32.o
                0x000000000000477e                HAL_I2C_ENABLE
 .text.InitI2CIT
                0x0000000000004792       0x6e ./HAL_DRIVER/hal_i2c_ch32.o
                0x0000000000004792                InitI2CIT
 .text.HAL_I2C_DISABLE
                0x0000000000004800       0x1a ./HAL_DRIVER/hal_i2c_ch32.o
                0x0000000000004800                HAL_I2C_DISABLE
 .text.I2C_IT_ENABLE
                0x000000000000481a       0x12 ./HAL_DRIVER/hal_i2c_ch32.o
                0x000000000000481a                I2C_IT_ENABLE
 .text.I2C_IT_DISABLE
                0x000000000000482c       0x16 ./HAL_DRIVER/hal_i2c_ch32.o
                0x000000000000482c                I2C_IT_DISABLE
 .text.HAL_I2C_STOP
                0x0000000000004842       0x14 ./HAL_DRIVER/hal_i2c_ch32.o
                0x0000000000004842                HAL_I2C_STOP
 .text.HAL_I2C_START
                0x0000000000004856       0x14 ./HAL_DRIVER/hal_i2c_ch32.o
                0x0000000000004856                HAL_I2C_START
 .text.HAL_I2C_SEND
                0x000000000000486a        0xe ./HAL_DRIVER/hal_i2c_ch32.o
                0x000000000000486a                HAL_I2C_SEND
 .text.HAL_I2C_SEND_ADDR_TRANS
                0x0000000000004878       0x12 ./HAL_DRIVER/hal_i2c_ch32.o
                0x0000000000004878                HAL_I2C_SEND_ADDR_TRANS
 .text.HAL_I2C_SEND_ADDR_RECIEVE
                0x000000000000488a       0x16 ./HAL_DRIVER/hal_i2c_ch32.o
                0x000000000000488a                HAL_I2C_SEND_ADDR_RECIEVE
 .text.HAL_I2C_ACK_ENABLE
                0x00000000000048a0       0x14 ./HAL_DRIVER/hal_i2c_ch32.o
                0x00000000000048a0                HAL_I2C_ACK_ENABLE
 .text.HAL_I2C_ACK_DISABLE
                0x00000000000048b4       0x1c ./HAL_DRIVER/hal_i2c_ch32.o
                0x00000000000048b4                HAL_I2C_ACK_DISABLE
 .text.HAL_I2C_ClearFlag
                0x00000000000048d0       0x20 ./HAL_DRIVER/hal_i2c_ch32.o
                0x00000000000048d0                HAL_I2C_ClearFlag
 .text.HAL_I2C_READ_DATA
                0x00000000000048f0        0xe ./HAL_DRIVER/hal_i2c_ch32.o
                0x00000000000048f0                HAL_I2C_READ_DATA
 .text.I2C1_EV_IRQHandler
                0x00000000000048fe       0x52 ./HAL_DRIVER/hal_i2c_ch32.o
                0x00000000000048fe                I2C1_EV_IRQHandler
 .text.I2C1_ER_IRQHandler
                0x0000000000004950       0x52 ./HAL_DRIVER/hal_i2c_ch32.o
                0x0000000000004950                I2C1_ER_IRQHandler
 .text.HAL_InitAPB1
                0x00000000000049a2       0x1c ./HAL_DRIVER/hal_irq.o
                0x00000000000049a2                HAL_InitAPB1
 .text.HAL_InitAPB2
                0x00000000000049be       0x1c ./HAL_DRIVER/hal_irq.o
                0x00000000000049be                HAL_InitAPB2
 .text.PFIC_IRQ_ENABLE_PG1
                0x00000000000049da       0x34 ./HAL_DRIVER/hal_irq.o
                0x00000000000049da                PFIC_IRQ_ENABLE_PG1
 .text.RTC_IRQHandler
                0x0000000000004a0e       0x78 ./HAL_DRIVER/hal_rtc_ch32.o
                0x0000000000004a0e                RTC_IRQHandler
 .text.HAL_SPI_RXOveleyClear
                0x0000000000004a86       0x1e ./HAL_DRIVER/hal_spi_ch32.o
                0x0000000000004a86                HAL_SPI_RXOveleyClear
 .text.HAL_SPI_GetBusy
                0x0000000000004aa4       0x10 ./HAL_DRIVER/hal_spi_ch32.o
                0x0000000000004aa4                HAL_SPI_GetBusy
 .text.HAL_WDTReset
                0x0000000000004ab4        0xe ./HAL_DRIVER/hal_wdt_ch32.o
                0x0000000000004ab4                HAL_WDTReset
 .text.Get_ConversionVal
                0x0000000000004ac2       0x2e ./HAL/hal_adc_ch32.o
                0x0000000000004ac2                Get_ConversionVal
 .text.HAL_ADC_RegularChannelConfig
                0x0000000000004af0       0x46 ./HAL/hal_adc_ch32.o
                0x0000000000004af0                HAL_ADC_RegularChannelConfig
 .text.HAL_ADC_ContiniusScanCinvertionDMA
                0x0000000000004b36       0xce ./HAL/hal_adc_ch32.o
                0x0000000000004b36                HAL_ADC_ContiniusScanCinvertionDMA
 .text.HAL_ADC_StartDMA
                0x0000000000004c04       0x42 ./HAL/hal_adc_ch32.o
                0x0000000000004c04                HAL_ADC_StartDMA
 .text.ADC1_2_IRQHandler
                0x0000000000004c46       0x74 ./HAL/hal_adc_ch32.o
                0x0000000000004c46                ADC1_2_IRQHandler
 .text.DMA_IRQ  0x0000000000004cba       0x3a ./HAL/hal_dma_ch32.o
 .text.HAL_DMA_Enable
                0x0000000000004cf4       0x18 ./HAL/hal_dma_ch32.o
                0x0000000000004cf4                HAL_DMA_Enable
 .text.HAL_DMA_Disable
                0x0000000000004d0c       0x1a ./HAL/hal_dma_ch32.o
                0x0000000000004d0c                HAL_DMA_Disable
 .text.HAL_DMAInitIT
                0x0000000000004d26       0xa0 ./HAL/hal_dma_ch32.o
                0x0000000000004d26                HAL_DMAInitIT
 .text.HAL_DMA_SetCounter
                0x0000000000004dc6       0x12 ./HAL/hal_dma_ch32.o
                0x0000000000004dc6                HAL_DMA_SetCounter
 .text.HAL_DMA_ITENABLE
                0x0000000000004dd8       0x16 ./HAL/hal_dma_ch32.o
                0x0000000000004dd8                HAL_DMA_ITENABLE
 .text.HAL_DMA_SetCouterAndEnable
                0x0000000000004dee       0x1a ./HAL/hal_dma_ch32.o
                0x0000000000004dee                HAL_DMA_SetCouterAndEnable
 .text.DMA1_Channel1_IRQHandler
                0x0000000000004e08       0x4e ./HAL/hal_dma_ch32.o
                0x0000000000004e08                DMA1_Channel1_IRQHandler
 .text.DMA1_Channel3_IRQHandler
                0x0000000000004e56       0x4e ./HAL/hal_dma_ch32.o
                0x0000000000004e56                DMA1_Channel3_IRQHandler
 .text.DMA1_Channel4_IRQHandler
                0x0000000000004ea4       0x4e ./HAL/hal_dma_ch32.o
                0x0000000000004ea4                DMA1_Channel4_IRQHandler
 .text.DMA1_Channel5_IRQHandler
                0x0000000000004ef2       0x4e ./HAL/hal_dma_ch32.o
                0x0000000000004ef2                DMA1_Channel5_IRQHandler
 .text.DMA1_Channel7_IRQHandler
                0x0000000000004f40       0x4e ./HAL/hal_dma_ch32.o
                0x0000000000004f40                DMA1_Channel7_IRQHandler
 .text.TIM4_IRQHandler
                0x0000000000004f8e       0x70 ./HAL/hal_timers_ch32.o
                0x0000000000004f8e                TIM4_IRQHandler
 .text.HAL_TiemrEneblae
                0x0000000000004ffe       0x16 ./HAL/hal_timers_ch32.o
                0x0000000000004ffe                HAL_TiemrEneblae
 .text.HAL_TiemrDisable
                0x0000000000005014       0x1c ./HAL/hal_timers_ch32.o
                0x0000000000005014                HAL_TiemrDisable
 .text.HW_TIMER_BaseTimerInit
                0x0000000000005030       0x54 ./HAL/hal_timers_ch32.o
                0x0000000000005030                HW_TIMER_BaseTimerInit
 .text.HAL_TIMER_InitIt
                0x0000000000005084       0x60 ./HAL/hal_timers_ch32.o
                0x0000000000005084                HAL_TIMER_InitIt
 .text.HAL_TIMER_PWMTimersInit
                0x00000000000050e4       0xc2 ./HAL/hal_timers_ch32.o
                0x00000000000050e4                HAL_TIMER_PWMTimersInit
 .text.HAL_TimeInitCaptureDMA
                0x00000000000051a6       0xec ./HAL/hal_timers_ch32.o
                0x00000000000051a6                HAL_TimeInitCaptureDMA
 .text.HAL_TIMER_SetPWMPulse
                0x0000000000005292       0x88 ./HAL/hal_timers_ch32.o
                0x0000000000005292                HAL_TIMER_SetPWMPulse
 .text.HAL_TIMER_EnablePWMCH
                0x000000000000531a       0x1a ./HAL/hal_timers_ch32.o
                0x000000000000531a                HAL_TIMER_EnablePWMCH
 .text.prvInsertBlockIntoFreeList
                0x0000000000005334       0x4c ./FreeRTOS/portable/MemMang/heap_4.o
 .text.pvPortMalloc
                0x0000000000005380      0x18a ./FreeRTOS/portable/MemMang/heap_4.o
                0x0000000000005380                pvPortMalloc
 .text.vPortSetupTimerInterrupt
                0x000000000000550a       0x3e ./FreeRTOS/portable/GCC/RISC-V/port.o
                0x000000000000550a                vPortSetupTimerInterrupt
 .text.xPortStartScheduler
                0x0000000000005548       0x90 ./FreeRTOS/portable/GCC/RISC-V/port.o
                0x0000000000005548                xPortStartScheduler
 .text.SysTick_Handler
                0x00000000000055d8       0x7c ./FreeRTOS/portable/GCC/RISC-V/port.o
                0x00000000000055d8                SysTick_Handler
 .text.vPortEnterCritical
                0x0000000000005654       0x16 ./FreeRTOS/portable/GCC/RISC-V/port.o
                0x0000000000005654                vPortEnterCritical
 .text.vPortExitCritical
                0x000000000000566a       0x42 ./FreeRTOS/portable/GCC/RISC-V/port.o
                0x000000000000566a                vPortExitCritical
 .text.xPortSetInterruptMask
                0x00000000000056ac        0xc ./FreeRTOS/portable/GCC/RISC-V/port.o
                0x00000000000056ac                xPortSetInterruptMask
 .text.vPortClearInterruptMask
                0x00000000000056b8        0x6 ./FreeRTOS/portable/GCC/RISC-V/port.o
                0x00000000000056b8                vPortClearInterruptMask
 .text.vListInitialise
                0x00000000000056be       0x14 ./FreeRTOS/list.o
                0x00000000000056be                vListInitialise
 .text.vListInitialiseItem
                0x00000000000056d2        0x6 ./FreeRTOS/list.o
                0x00000000000056d2                vListInitialiseItem
 .text.vListInsertEnd
                0x00000000000056d8       0x18 ./FreeRTOS/list.o
                0x00000000000056d8                vListInsertEnd
 .text.vListInsert
                0x00000000000056f0       0x2e ./FreeRTOS/list.o
                0x00000000000056f0                vListInsert
 .text.uxListRemove
                0x000000000000571e       0x20 ./FreeRTOS/list.o
                0x000000000000571e                uxListRemove
 .text.prvIsQueueEmpty
                0x000000000000573e       0x1e ./FreeRTOS/queue.o
 .text.prvCopyDataToQueue
                0x000000000000575c       0x72 ./FreeRTOS/queue.o
 .text.prvCopyDataFromQueue
                0x00000000000057ce       0x28 ./FreeRTOS/queue.o
 .text.prvUnlockQueue
                0x00000000000057f6       0x76 ./FreeRTOS/queue.o
 .text.xQueueGenericReset
                0x000000000000586c       0xc4 ./FreeRTOS/queue.o
                0x000000000000586c                xQueueGenericReset
 .text.xQueueGenericCreateStatic
                0x0000000000005930       0xae ./FreeRTOS/queue.o
                0x0000000000005930                xQueueGenericCreateStatic
 .text.xQueueGenericCreate
                0x00000000000059de       0x72 ./FreeRTOS/queue.o
                0x00000000000059de                xQueueGenericCreate
 .text.xQueueGenericSend
                0x0000000000005a50      0x178 ./FreeRTOS/queue.o
                0x0000000000005a50                xQueueGenericSend
 .text.xQueueGiveMutexRecursive
                0x0000000000005bc8       0x56 ./FreeRTOS/queue.o
                0x0000000000005bc8                xQueueGiveMutexRecursive
 .text.xQueueCreateMutex
                0x0000000000005c1e       0x2e ./FreeRTOS/queue.o
                0x0000000000005c1e                xQueueCreateMutex
 .text.xQueueReceive
                0x0000000000005c4c      0x138 ./FreeRTOS/queue.o
                0x0000000000005c4c                xQueueReceive
 .text.xQueueSemaphoreTake
                0x0000000000005d84      0x18e ./FreeRTOS/queue.o
                0x0000000000005d84                xQueueSemaphoreTake
 .text.xQueueTakeMutexRecursive
                0x0000000000005f12       0x5a ./FreeRTOS/queue.o
                0x0000000000005f12                xQueueTakeMutexRecursive
 .text.uxQueueMessagesWaiting
                0x0000000000005f6c       0x44 ./FreeRTOS/queue.o
                0x0000000000005f6c                uxQueueMessagesWaiting
 .text.prvIdleTask
                0x0000000000005fb0        0x2 ./FreeRTOS/tasks.o
 .text.prvAddNewTaskToReadyList
                0x0000000000005fb2      0x10e ./FreeRTOS/tasks.o
 .text.prvResetNextTaskUnblockTime
                0x00000000000060c0       0x20 ./FreeRTOS/tasks.o
 .text.prvTaskIsTaskSuspended
                0x00000000000060e0       0x50 ./FreeRTOS/tasks.o
 .text.prvInitialiseNewTask.isra.2
                0x0000000000006130       0xc8 ./FreeRTOS/tasks.o
 .text.prvAddCurrentTaskToDelayedList
                0x00000000000061f8       0xa4 ./FreeRTOS/tasks.o
 .text.xTaskCreateStatic
                0x000000000000629c       0xa6 ./FreeRTOS/tasks.o
                0x000000000000629c                xTaskCreateStatic
 .text.vTaskResume
                0x0000000000006342       0xaa ./FreeRTOS/tasks.o
                0x0000000000006342                vTaskResume
 .text.vTaskStartScheduler
                0x00000000000063ec       0x5c ./FreeRTOS/tasks.o
                0x00000000000063ec                vTaskStartScheduler
 .text.vTaskSuspendAll
                0x0000000000006448       0x10 ./FreeRTOS/tasks.o
                0x0000000000006448                vTaskSuspendAll
 .text.xTaskGetTickCount
                0x0000000000006458        0x6 ./FreeRTOS/tasks.o
                0x0000000000006458                xTaskGetTickCount
 .text.xTaskIncrementTick
                0x000000000000645e      0x198 ./FreeRTOS/tasks.o
                0x000000000000645e                xTaskIncrementTick
 .text.xTaskResumeAll
                0x00000000000065f6      0x158 ./FreeRTOS/tasks.o
                0x00000000000065f6                xTaskResumeAll
 .text.vTaskDelay
                0x000000000000674e       0x66 ./FreeRTOS/tasks.o
                0x000000000000674e                vTaskDelay
 .text.vTaskSwitchContext
                0x00000000000067b4       0x96 ./FreeRTOS/tasks.o
                0x00000000000067b4                vTaskSwitchContext
 .text.vTaskSuspend
                0x000000000000684a       0xea ./FreeRTOS/tasks.o
                0x000000000000684a                vTaskSuspend
 .text.vTaskPlaceOnEventList
                0x0000000000006934       0x48 ./FreeRTOS/tasks.o
                0x0000000000006934                vTaskPlaceOnEventList
 .text.xTaskRemoveFromEventList
                0x000000000000697c       0xe8 ./FreeRTOS/tasks.o
                0x000000000000697c                xTaskRemoveFromEventList
 .text.vTaskInternalSetTimeOutState
                0x0000000000006a64        0xe ./FreeRTOS/tasks.o
                0x0000000000006a64                vTaskInternalSetTimeOutState
 .text.xTaskCheckForTimeOut
                0x0000000000006a72       0xaa ./FreeRTOS/tasks.o
                0x0000000000006a72                xTaskCheckForTimeOut
 .text.vTaskMissedYield
                0x0000000000006b1c        0x8 ./FreeRTOS/tasks.o
                0x0000000000006b1c                vTaskMissedYield
 .text.xTaskGetCurrentTaskHandle
                0x0000000000006b24        0xa ./FreeRTOS/tasks.o
                0x0000000000006b24                xTaskGetCurrentTaskHandle
 .text.xTaskPriorityInherit
                0x0000000000006b2e       0xae ./FreeRTOS/tasks.o
                0x0000000000006b2e                xTaskPriorityInherit
 .text.xTaskPriorityDisinherit
                0x0000000000006bdc       0xca ./FreeRTOS/tasks.o
                0x0000000000006bdc                xTaskPriorityDisinherit
 .text.vTaskPriorityDisinheritAfterTimeout
                0x0000000000006ca6       0xe6 ./FreeRTOS/tasks.o
                0x0000000000006ca6                vTaskPriorityDisinheritAfterTimeout
 .text.pvTaskIncrementMutexHeldCount
                0x0000000000006d8c       0x1c ./FreeRTOS/tasks.o
                0x0000000000006d8c                pvTaskIncrementMutexHeldCount
 .text.ulTaskGenericNotifyTake
                0x0000000000006da8       0xb8 ./FreeRTOS/tasks.o
                0x0000000000006da8                ulTaskGenericNotifyTake
 .text.xTaskGenericNotifyWait
                0x0000000000006e60       0xe6 ./FreeRTOS/tasks.o
                0x0000000000006e60                xTaskGenericNotifyWait
 .text.xTaskGenericNotifyFromISR
                0x0000000000006f46      0x1ec ./FreeRTOS/tasks.o
                0x0000000000006f46                xTaskGenericNotifyFromISR
 .text.Delay_Init
                0x0000000000007132       0x2a ./Debug/debug.o
                0x0000000000007132                Delay_Init
 .text.Delay_Ms
                0x000000000000715c       0x36 ./Debug/debug.o
                0x000000000000715c                Delay_Ms
 .text.USART_Printf_Init
                0x0000000000007192       0x5a ./Debug/debug.o
                0x0000000000007192                USART_Printf_Init
 .text._write   0x00000000000071ec       0x3e ./Debug/debug.o
                0x00000000000071ec                _write
 .text._sbrk    0x000000000000722a       0x2a ./Debug/debug.o
                0x000000000000722a                _sbrk
 .text.__get_MEPC
                0x0000000000007254        0x6 ./Core/core_riscv.o
                0x0000000000007254                __get_MEPC
 .text.__get_MCAUSE
                0x000000000000725a        0x6 ./Core/core_riscv.o
                0x000000000000725a                __get_MCAUSE
 .text.__get_MTVAL
                0x0000000000007260        0x6 ./Core/core_riscv.o
                0x0000000000007260                __get_MTVAL
 .text.prv_read_can_received_msg
                0x0000000000007266       0x50 ./CANopenNode/keypad/CO_driver_ST32F103.o
                0x0000000000007266                prv_read_can_received_msg
 .text.prv_send_can_message.isra.0
                0x00000000000072b6       0x2c ./CANopenNode/keypad/CO_driver_ST32F103.o
 .text.CAN_SendMessage
                0x00000000000072e2       0x66 ./CANopenNode/keypad/CO_driver_ST32F103.o
                0x00000000000072e2                CAN_SendMessage
 .text.co_drv_create_os_objects
                0x0000000000007348       0x30 ./CANopenNode/keypad/CO_driver_ST32F103.o
                0x0000000000007348                co_drv_create_os_objects
 .text.co_drv_mutex_lock
                0x0000000000007378       0x18 ./CANopenNode/keypad/CO_driver_ST32F103.o
                0x0000000000007378                co_drv_mutex_lock
 .text.co_drv_mutex_unlock
                0x0000000000007390       0x16 ./CANopenNode/keypad/CO_driver_ST32F103.o
                0x0000000000007390                co_drv_mutex_unlock
 .text.CO_CANsetConfigurationMode
                0x00000000000073a6       0x10 ./CANopenNode/keypad/CO_driver_ST32F103.o
                0x00000000000073a6                CO_CANsetConfigurationMode
 .text.CO_CANsetNormalMode
                0x00000000000073b6       0x1c ./CANopenNode/keypad/CO_driver_ST32F103.o
                0x00000000000073b6                CO_CANsetNormalMode
 .text.CO_CANmodule_init
                0x00000000000073d2      0x110 ./CANopenNode/keypad/CO_driver_ST32F103.o
                0x00000000000073d2                CO_CANmodule_init
 .text.CO_CANmodule_disable
                0x00000000000074e2       0x14 ./CANopenNode/keypad/CO_driver_ST32F103.o
                0x00000000000074e2                CO_CANmodule_disable
 .text.CO_CANrxBufferInit
                0x00000000000074f6       0x52 ./CANopenNode/keypad/CO_driver_ST32F103.o
                0x00000000000074f6                CO_CANrxBufferInit
 .text.CO_CANtxBufferInit
                0x0000000000007548       0x3a ./CANopenNode/keypad/CO_driver_ST32F103.o
                0x0000000000007548                CO_CANtxBufferInit
 .text.CO_CANmodule_process
                0x0000000000007582       0x12 ./CANopenNode/keypad/CO_driver_ST32F103.o
                0x0000000000007582                CO_CANmodule_process
 .text.CO_CANsend
                0x0000000000007594       0x46 ./CANopenNode/keypad/CO_driver_ST32F103.o
                0x0000000000007594                CO_CANsend
 .text.CO_LSSslave_receive
                0x00000000000075da      0x1a8 ./CANopenNode/305/CO_LSSslave.o
 .text.CO_LSSslave_init
                0x0000000000007782       0xa4 ./CANopenNode/305/CO_LSSslave.o
                0x0000000000007782                CO_LSSslave_init
 .text.CO_LSSslave_process
                0x0000000000007826      0x1a2 ./CANopenNode/305/CO_LSSslave.o
                0x0000000000007826                CO_LSSslave_process
 .text.OD_write_1003
                0x00000000000079c8       0x28 ./CANopenNode/301/CO_Emergency.o
 .text.OD_read_1003
                0x00000000000079f0       0x8c ./CANopenNode/301/CO_Emergency.o
 .text.OD_read_1014_default
                0x0000000000007a7c       0x50 ./CANopenNode/301/CO_Emergency.o
 .text.CO_EM_init
                0x0000000000007acc      0x112 ./CANopenNode/301/CO_Emergency.o
                0x0000000000007acc                CO_EM_init
 .text.CO_error
                0x0000000000007bde       0xc4 ./CANopenNode/301/CO_Emergency.o
                0x0000000000007bde                CO_error
 .text.CO_EM_process
                0x0000000000007ca2      0x182 ./CANopenNode/301/CO_Emergency.o
                0x0000000000007ca2                CO_EM_process
 .text.CO_NMT_receive
                0x0000000000007e24       0x18 ./CANopenNode/301/CO_NMT_Heartbeat.o
 .text.OD_write_1017
                0x0000000000007e3c       0x48 ./CANopenNode/301/CO_NMT_Heartbeat.o
 .text.CO_NMT_init
                0x0000000000007e84       0xec ./CANopenNode/301/CO_NMT_Heartbeat.o
                0x0000000000007e84                CO_NMT_init
 .text.CO_NMT_process
                0x0000000000007f70      0x106 ./CANopenNode/301/CO_NMT_Heartbeat.o
                0x0000000000007f70                CO_NMT_process
 .text.OD_readDisabled
                0x0000000000008076        0x4 ./CANopenNode/301/CO_ODinterface.o
 .text.OD_readOriginal
                0x000000000000807a       0x50 ./CANopenNode/301/CO_ODinterface.o
                0x000000000000807a                OD_readOriginal
 .text.OD_writeOriginal
                0x00000000000080ca       0x54 ./CANopenNode/301/CO_ODinterface.o
                0x00000000000080ca                OD_writeOriginal
 .text.OD_writeDisabled
                0x000000000000811e        0x4 ./CANopenNode/301/CO_ODinterface.o
 .text.OD_find  0x0000000000008122       0x70 ./CANopenNode/301/CO_ODinterface.o
                0x0000000000008122                OD_find
 .text.OD_getSub
                0x0000000000008192       0xf6 ./CANopenNode/301/CO_ODinterface.o
                0x0000000000008192                OD_getSub
 .text.OD_getSDOabCode
                0x0000000000008288       0x20 ./CANopenNode/301/CO_ODinterface.o
                0x0000000000008288                OD_getSDOabCode
 .text.OD_get_value
                0x00000000000082a8       0x34 ./CANopenNode/301/CO_ODinterface.o
                0x00000000000082a8                OD_get_value
 .text.OD_set_value
                0x00000000000082dc       0x2e ./CANopenNode/301/CO_ODinterface.o
                0x00000000000082dc                OD_set_value
 .text.OD_getPtr
                0x000000000000830a       0x3c ./CANopenNode/301/CO_ODinterface.o
                0x000000000000830a                OD_getPtr
 .text.OD_write_dummy
                0x0000000000008346        0x8 ./CANopenNode/301/CO_PDO.o
 .text.OD_read_dummy
                0x000000000000834e       0x2e ./CANopenNode/301/CO_PDO.o
 .text.PDOconfigMap
                0x000000000000837c      0x100 ./CANopenNode/301/CO_PDO.o
 .text.CO_PDO_receive
                0x000000000000847c       0x48 ./CANopenNode/301/CO_PDO.o
 .text.OD_read_PDO_commParam
                0x00000000000084c4       0x70 ./CANopenNode/301/CO_PDO.o
 .text.PDO_initMapping.constprop.3
                0x0000000000008534       0xe6 ./CANopenNode/301/CO_PDO.o
 .text.OD_write_PDO_mapping
                0x000000000000861a       0xb4 ./CANopenNode/301/CO_PDO.o
 .text.OD_write_18xx
                0x00000000000086ce      0x184 ./CANopenNode/301/CO_PDO.o
 .text.OD_write_14xx
                0x0000000000008852      0x15a ./CANopenNode/301/CO_PDO.o
 .text.CO_RPDO_init
                0x00000000000089ac      0x172 ./CANopenNode/301/CO_PDO.o
                0x00000000000089ac                CO_RPDO_init
 .text.CO_RPDO_process
                0x0000000000008b1e      0x114 ./CANopenNode/301/CO_PDO.o
                0x0000000000008b1e                CO_RPDO_process
 .text.CO_TPDO_init
                0x0000000000008c32      0x1d2 ./CANopenNode/301/CO_PDO.o
                0x0000000000008c32                CO_TPDO_init
 .text.CO_TPDO_process
                0x0000000000008e04      0x15e ./CANopenNode/301/CO_PDO.o
                0x0000000000008e04                CO_TPDO_process
 .text.CO_SDOserver_init_canRxTx
                0x0000000000008f62       0x82 ./CANopenNode/301/CO_SDOserver.o
 .text.CO_SDO_receive
                0x0000000000008fe4       0x38 ./CANopenNode/301/CO_SDOserver.o
 .text.readFromOd.isra.1.constprop.5
                0x000000000000901c       0xe2 ./CANopenNode/301/CO_SDOserver.o
 .text.OD_write_1201_additional
                0x00000000000090fe      0x158 ./CANopenNode/301/CO_SDOserver.o
 .text.CO_SDOserver_init
                0x0000000000009256      0x172 ./CANopenNode/301/CO_SDOserver.o
                0x0000000000009256                CO_SDOserver_init
 .text.CO_SDOserver_process
                0x00000000000093c8      0x5e8 ./CANopenNode/301/CO_SDOserver.o
                0x00000000000093c8                CO_SDOserver_process
 .text.CO_delete
                0x00000000000099b0       0x56 ./CANopenNode/CANopen.o
                0x00000000000099b0                CO_delete
 .text.CO_new   0x0000000000009a06      0x102 ./CANopenNode/CANopen.o
                0x0000000000009a06                CO_new
 .text.CO_CANinit
                0x0000000000009b08       0x36 ./CANopenNode/CANopen.o
                0x0000000000009b08                CO_CANinit
 .text.CO_LSSinit
                0x0000000000009b3e       0x32 ./CANopenNode/CANopen.o
                0x0000000000009b3e                CO_LSSinit
 .text.CO_CANopenInit
                0x0000000000009b70       0xb8 ./CANopenNode/CANopen.o
                0x0000000000009b70                CO_CANopenInit
 .text.CO_CANopenInitPDO
                0x0000000000009c28       0xea ./CANopenNode/CANopen.o
                0x0000000000009c28                CO_CANopenInitPDO
 .text.CO_process
                0x0000000000009d12       0x7e ./CANopenNode/CANopen.o
                0x0000000000009d12                CO_process
 .text.CO_process_RPDO
                0x0000000000009d90       0x40 ./CANopenNode/CANopen.o
                0x0000000000009d90                CO_process_RPDO
 .text.CO_process_TPDO
                0x0000000000009dd0       0x40 ./CANopenNode/CANopen.o
                0x0000000000009dd0                CO_process_TPDO
 .text.__divdf3
                0x0000000000009e10      0x5b4 c:/mounriver/mounriver_studio/toolchain/risc-v embedded gcc/bin/../lib/gcc/riscv-none-embed/8.2.0/rv32imacxw/ilp32\libgcc.a(divdf3.o)
                0x0000000000009e10                __divdf3
 .text.__muldf3
                0x000000000000a3c4      0x4b8 c:/mounriver/mounriver_studio/toolchain/risc-v embedded gcc/bin/../lib/gcc/riscv-none-embed/8.2.0/rv32imacxw/ilp32\libgcc.a(muldf3.o)
                0x000000000000a3c4                __muldf3
 .text.__fixunsdfsi
                0x000000000000a87c       0x5c c:/mounriver/mounriver_studio/toolchain/risc-v embedded gcc/bin/../lib/gcc/riscv-none-embed/8.2.0/rv32imacxw/ilp32\libgcc.a(fixunsdfsi.o)
                0x000000000000a87c                __fixunsdfsi
 .text.__floatunsidf
                0x000000000000a8d8       0x68 c:/mounriver/mounriver_studio/toolchain/risc-v embedded gcc/bin/../lib/gcc/riscv-none-embed/8.2.0/rv32imacxw/ilp32\libgcc.a(floatunsidf.o)
                0x000000000000a8d8                __floatunsidf
 .text.__addsf3
                0x000000000000a940      0x36a c:/mounriver/mounriver_studio/toolchain/risc-v embedded gcc/bin/../lib/gcc/riscv-none-embed/8.2.0/rv32imacxw/ilp32\libgcc.a(addsf3.o)
                0x000000000000a940                __addsf3
 .text.__divsf3
                0x000000000000acaa      0x2b2 c:/mounriver/mounriver_studio/toolchain/risc-v embedded gcc/bin/../lib/gcc/riscv-none-embed/8.2.0/rv32imacxw/ilp32\libgcc.a(divsf3.o)
                0x000000000000acaa                __divsf3
 .text.__gesf2  0x000000000000af5c       0x86 c:/mounriver/mounriver_studio/toolchain/risc-v embedded gcc/bin/../lib/gcc/riscv-none-embed/8.2.0/rv32imacxw/ilp32\libgcc.a(gesf2.o)
                0x000000000000af5c                __gesf2
                0x000000000000af5c                __gtsf2
 .text.__lesf2  0x000000000000afe2       0x8c c:/mounriver/mounriver_studio/toolchain/risc-v embedded gcc/bin/../lib/gcc/riscv-none-embed/8.2.0/rv32imacxw/ilp32\libgcc.a(lesf2.o)
                0x000000000000afe2                __ltsf2
                0x000000000000afe2                __lesf2
 .text.__mulsf3
                0x000000000000b06e      0x294 c:/mounriver/mounriver_studio/toolchain/risc-v embedded gcc/bin/../lib/gcc/riscv-none-embed/8.2.0/rv32imacxw/ilp32\libgcc.a(mulsf3.o)
                0x000000000000b06e                __mulsf3
 .text.__subsf3
                0x000000000000b302      0x388 c:/mounriver/mounriver_studio/toolchain/risc-v embedded gcc/bin/../lib/gcc/riscv-none-embed/8.2.0/rv32imacxw/ilp32\libgcc.a(subsf3.o)
                0x000000000000b302                __subsf3
 .text.__fixsfsi
                0x000000000000b68a       0x62 c:/mounriver/mounriver_studio/toolchain/risc-v embedded gcc/bin/../lib/gcc/riscv-none-embed/8.2.0/rv32imacxw/ilp32\libgcc.a(fixsfsi.o)
                0x000000000000b68a                __fixsfsi
 .text.__fixunssfsi
                0x000000000000b6ec       0x56 c:/mounriver/mounriver_studio/toolchain/risc-v embedded gcc/bin/../lib/gcc/riscv-none-embed/8.2.0/rv32imacxw/ilp32\libgcc.a(fixunssfsi.o)
                0x000000000000b6ec                __fixunssfsi
 .text.__floatsisf
                0x000000000000b742       0xc6 c:/mounriver/mounriver_studio/toolchain/risc-v embedded gcc/bin/../lib/gcc/riscv-none-embed/8.2.0/rv32imacxw/ilp32\libgcc.a(floatsisf.o)
                0x000000000000b742                __floatsisf
 .text.__floatunsisf
                0x000000000000b808       0xce c:/mounriver/mounriver_studio/toolchain/risc-v embedded gcc/bin/../lib/gcc/riscv-none-embed/8.2.0/rv32imacxw/ilp32\libgcc.a(floatunsisf.o)
                0x000000000000b808                __floatunsisf
 .text.__extendsfdf2
                0x000000000000b8d6       0xac c:/mounriver/mounriver_studio/toolchain/risc-v embedded gcc/bin/../lib/gcc/riscv-none-embed/8.2.0/rv32imacxw/ilp32\libgcc.a(extendsfdf2.o)
                0x000000000000b8d6                __extendsfdf2
 .text.__truncdfsf2
                0x000000000000b982      0x16a c:/mounriver/mounriver_studio/toolchain/risc-v embedded gcc/bin/../lib/gcc/riscv-none-embed/8.2.0/rv32imacxw/ilp32\libgcc.a(truncdfsf2.o)
                0x000000000000b982                __truncdfsf2
 .text.__clzsi2
                0x000000000000baec       0x6e c:/mounriver/mounriver_studio/toolchain/risc-v embedded gcc/bin/../lib/gcc/riscv-none-embed/8.2.0/rv32imacxw/ilp32\libgcc.a(_clzsi2.o)
                0x000000000000baec                __clzsi2
 .text.calloc   0x000000000000bb5a        0xc c:/mounriver/mounriver_studio/toolchain/risc-v embedded gcc/bin/../lib/gcc/riscv-none-embed/8.2.0/../../../../riscv-none-embed/lib/rv32imacxw/ilp32\libg_nano.a(lib_a-calloc.o)
                0x000000000000bb5a                calloc
 .text.free     0x000000000000bb66        0xa c:/mounriver/mounriver_studio/toolchain/risc-v embedded gcc/bin/../lib/gcc/riscv-none-embed/8.2.0/../../../../riscv-none-embed/lib/rv32imacxw/ilp32\libg_nano.a(lib_a-malloc.o)
                0x000000000000bb66                free
 .text.memcpy   0x000000000000bb70       0xb2 c:/mounriver/mounriver_studio/toolchain/risc-v embedded gcc/bin/../lib/gcc/riscv-none-embed/8.2.0/../../../../riscv-none-embed/lib/rv32imacxw/ilp32\libg_nano.a(lib_a-memcpy.o)
                0x000000000000bb70                memcpy
 .text.memmove  0x000000000000bc22       0x46 c:/mounriver/mounriver_studio/toolchain/risc-v embedded gcc/bin/../lib/gcc/riscv-none-embed/8.2.0/../../../../riscv-none-embed/lib/rv32imacxw/ilp32\libg_nano.a(lib_a-memmove.o)
                0x000000000000bc22                memmove
 .text._calloc_r
                0x000000000000bc68       0x26 c:/mounriver/mounriver_studio/toolchain/risc-v embedded gcc/bin/../lib/gcc/riscv-none-embed/8.2.0/../../../../riscv-none-embed/lib/rv32imacxw/ilp32\libg_nano.a(lib_a-nano-callocr.o)
                0x000000000000bc68                _calloc_r
 .text._free_r  0x000000000000bc8e       0xa8 c:/mounriver/mounriver_studio/toolchain/risc-v embedded gcc/bin/../lib/gcc/riscv-none-embed/8.2.0/../../../../riscv-none-embed/lib/rv32imacxw/ilp32\libg_nano.a(lib_a-nano-freer.o)
                0x000000000000bc8e                _free_r
 .text._malloc_r
                0x000000000000bd36       0xd4 c:/mounriver/mounriver_studio/toolchain/risc-v embedded gcc/bin/../lib/gcc/riscv-none-embed/8.2.0/../../../../riscv-none-embed/lib/rv32imacxw/ilp32\libg_nano.a(lib_a-nano-mallocr.o)
                0x000000000000bd36                _malloc_r
 .text.printf   0x000000000000be0a       0x40 c:/mounriver/mounriver_studio/toolchain/risc-v embedded gcc/bin/../lib/gcc/riscv-none-embed/8.2.0/../../../../riscv-none-embed/lib/rv32imacxw/ilp32\libg_nano.a(lib_a-printf.o)
                0x000000000000be0a                iprintf
                0x000000000000be0a                printf
 .text._puts_r  0x000000000000be4a       0xd4 c:/mounriver/mounriver_studio/toolchain/risc-v embedded gcc/bin/../lib/gcc/riscv-none-embed/8.2.0/../../../../riscv-none-embed/lib/rv32imacxw/ilp32\libg_nano.a(lib_a-puts.o)
                0x000000000000be4a                _puts_r
 .text.puts     0x000000000000bf1e        0xc c:/mounriver/mounriver_studio/toolchain/risc-v embedded gcc/bin/../lib/gcc/riscv-none-embed/8.2.0/../../../../riscv-none-embed/lib/rv32imacxw/ilp32\libg_nano.a(lib_a-puts.o)
                0x000000000000bf1e                puts
 .text._sbrk_r  0x000000000000bf2a       0x32 c:/mounriver/mounriver_studio/toolchain/risc-v embedded gcc/bin/../lib/gcc/riscv-none-embed/8.2.0/../../../../riscv-none-embed/lib/rv32imacxw/ilp32\libg_nano.a(lib_a-sbrkr.o)
                0x000000000000bf2a                _sbrk_r
 .text.strlen   0x000000000000bf5c       0x12 c:/mounriver/mounriver_studio/toolchain/risc-v embedded gcc/bin/../lib/gcc/riscv-none-embed/8.2.0/../../../../riscv-none-embed/lib/rv32imacxw/ilp32\libg_nano.a(lib_a-strlen.o)
                0x000000000000bf5c                strlen
 .text.__swbuf_r
                0x000000000000bf6e       0xbc c:/mounriver/mounriver_studio/toolchain/risc-v embedded gcc/bin/../lib/gcc/riscv-none-embed/8.2.0/../../../../riscv-none-embed/lib/rv32imacxw/ilp32\libg_nano.a(lib_a-wbuf.o)
                0x000000000000bf6e                __swbuf_r
 .text.__swsetup_r
                0x000000000000c02a       0xfe c:/mounriver/mounriver_studio/toolchain/risc-v embedded gcc/bin/../lib/gcc/riscv-none-embed/8.2.0/../../../../riscv-none-embed/lib/rv32imacxw/ilp32\libg_nano.a(lib_a-wsetup.o)
                0x000000000000c02a                __swsetup_r
 .text.__sflush_r
                0x000000000000c128      0x132 c:/mounriver/mounriver_studio/toolchain/risc-v embedded gcc/bin/../lib/gcc/riscv-none-embed/8.2.0/../../../../riscv-none-embed/lib/rv32imacxw/ilp32\libg_nano.a(lib_a-fflush.o)
                0x000000000000c128                __sflush_r
 .text._fflush_r
                0x000000000000c25a       0x66 c:/mounriver/mounriver_studio/toolchain/risc-v embedded gcc/bin/../lib/gcc/riscv-none-embed/8.2.0/../../../../riscv-none-embed/lib/rv32imacxw/ilp32\libg_nano.a(lib_a-fflush.o)
                0x000000000000c25a                _fflush_r
 .text.std      0x000000000000c2c0       0x66 c:/mounriver/mounriver_studio/toolchain/risc-v embedded gcc/bin/../lib/gcc/riscv-none-embed/8.2.0/../../../../riscv-none-embed/lib/rv32imacxw/ilp32\libg_nano.a(lib_a-findfp.o)
 .text._cleanup_r
                0x000000000000c326        0xa c:/mounriver/mounriver_studio/toolchain/risc-v embedded gcc/bin/../lib/gcc/riscv-none-embed/8.2.0/../../../../riscv-none-embed/lib/rv32imacxw/ilp32\libg_nano.a(lib_a-findfp.o)
                0x000000000000c326                _cleanup_r
 .text.__sfmoreglue
                0x000000000000c330       0x48 c:/mounriver/mounriver_studio/toolchain/risc-v embedded gcc/bin/../lib/gcc/riscv-none-embed/8.2.0/../../../../riscv-none-embed/lib/rv32imacxw/ilp32\libg_nano.a(lib_a-findfp.o)
                0x000000000000c330                __sfmoreglue
 .text.__sinit  0x000000000000c378       0x6c c:/mounriver/mounriver_studio/toolchain/risc-v embedded gcc/bin/../lib/gcc/riscv-none-embed/8.2.0/../../../../riscv-none-embed/lib/rv32imacxw/ilp32\libg_nano.a(lib_a-findfp.o)
                0x000000000000c378                __sinit
 .text.__sfp    0x000000000000c3e4       0xa0 c:/mounriver/mounriver_studio/toolchain/risc-v embedded gcc/bin/../lib/gcc/riscv-none-embed/8.2.0/../../../../riscv-none-embed/lib/rv32imacxw/ilp32\libg_nano.a(lib_a-findfp.o)
                0x000000000000c3e4                __sfp
 .text._fwalk_reent
                0x000000000000c484       0x6a c:/mounriver/mounriver_studio/toolchain/risc-v embedded gcc/bin/../lib/gcc/riscv-none-embed/8.2.0/../../../../riscv-none-embed/lib/rv32imacxw/ilp32\libg_nano.a(lib_a-fwalk.o)
                0x000000000000c484                _fwalk_reent
 .text.__swhatbuf_r
                0x000000000000c4ee       0x58 c:/mounriver/mounriver_studio/toolchain/risc-v embedded gcc/bin/../lib/gcc/riscv-none-embed/8.2.0/../../../../riscv-none-embed/lib/rv32imacxw/ilp32\libg_nano.a(lib_a-makebuf.o)
                0x000000000000c4ee                __swhatbuf_r
 .text.__smakebuf_r
                0x000000000000c546       0x94 c:/mounriver/mounriver_studio/toolchain/risc-v embedded gcc/bin/../lib/gcc/riscv-none-embed/8.2.0/../../../../riscv-none-embed/lib/rv32imacxw/ilp32\libg_nano.a(lib_a-makebuf.o)
                0x000000000000c546                __smakebuf_r
 .text.__malloc_lock
                0x000000000000c5da        0x2 c:/mounriver/mounriver_studio/toolchain/risc-v embedded gcc/bin/../lib/gcc/riscv-none-embed/8.2.0/../../../../riscv-none-embed/lib/rv32imacxw/ilp32\libg_nano.a(lib_a-mlock.o)
                0x000000000000c5da                __malloc_lock
 .text.__malloc_unlock
                0x000000000000c5dc        0x2 c:/mounriver/mounriver_studio/toolchain/risc-v embedded gcc/bin/../lib/gcc/riscv-none-embed/8.2.0/../../../../riscv-none-embed/lib/rv32imacxw/ilp32\libg_nano.a(lib_a-mlock.o)
                0x000000000000c5dc                __malloc_unlock
 .text.__sfputc_r
                0x000000000000c5de       0x28 c:/mounriver/mounriver_studio/toolchain/risc-v embedded gcc/bin/../lib/gcc/riscv-none-embed/8.2.0/../../../../riscv-none-embed/lib/rv32imacxw/ilp32\libg_nano.a(lib_a-nano-vfprintf.o)
 .text.__sfputs_r
                0x000000000000c606       0x42 c:/mounriver/mounriver_studio/toolchain/risc-v embedded gcc/bin/../lib/gcc/riscv-none-embed/8.2.0/../../../../riscv-none-embed/lib/rv32imacxw/ilp32\libg_nano.a(lib_a-nano-vfprintf.o)
                0x000000000000c606                __sfputs_r
 .text._vfprintf_r
                0x000000000000c648      0x288 c:/mounriver/mounriver_studio/toolchain/risc-v embedded gcc/bin/../lib/gcc/riscv-none-embed/8.2.0/../../../../riscv-none-embed/lib/rv32imacxw/ilp32\libg_nano.a(lib_a-nano-vfprintf.o)
                0x000000000000c648                _vfprintf_r
                0x000000000000c648                _vfiprintf_r
 .text._printf_common
                0x000000000000c8d0      0x10c c:/mounriver/mounriver_studio/toolchain/risc-v embedded gcc/bin/../lib/gcc/riscv-none-embed/8.2.0/../../../../riscv-none-embed/lib/rv32imacxw/ilp32\libg_nano.a(lib_a-nano-vfprintf_i.o)
                0x000000000000c8d0                _printf_common
 .text._printf_i
                0x000000000000c9dc      0x2a2 c:/mounriver/mounriver_studio/toolchain/risc-v embedded gcc/bin/../lib/gcc/riscv-none-embed/8.2.0/../../../../riscv-none-embed/lib/rv32imacxw/ilp32\libg_nano.a(lib_a-nano-vfprintf_i.o)
                0x000000000000c9dc                _printf_i
 .text.__sread  0x000000000000cc7e       0x2c c:/mounriver/mounriver_studio/toolchain/risc-v embedded gcc/bin/../lib/gcc/riscv-none-embed/8.2.0/../../../../riscv-none-embed/lib/rv32imacxw/ilp32\libg_nano.a(lib_a-stdio.o)
                0x000000000000cc7e                __sread
 .text.__swrite
                0x000000000000ccaa       0x48 c:/mounriver/mounriver_studio/toolchain/risc-v embedded gcc/bin/../lib/gcc/riscv-none-embed/8.2.0/../../../../riscv-none-embed/lib/rv32imacxw/ilp32\libg_nano.a(lib_a-stdio.o)
                0x000000000000ccaa                __swrite
 .text.__sseek  0x000000000000ccf2       0x30 c:/mounriver/mounriver_studio/toolchain/risc-v embedded gcc/bin/../lib/gcc/riscv-none-embed/8.2.0/../../../../riscv-none-embed/lib/rv32imacxw/ilp32\libg_nano.a(lib_a-stdio.o)
                0x000000000000ccf2                __sseek
 .text.__sclose
                0x000000000000cd22        0x6 c:/mounriver/mounriver_studio/toolchain/risc-v embedded gcc/bin/../lib/gcc/riscv-none-embed/8.2.0/../../../../riscv-none-embed/lib/rv32imacxw/ilp32\libg_nano.a(lib_a-stdio.o)
                0x000000000000cd22                __sclose
 .text._write_r
                0x000000000000cd28       0x36 c:/mounriver/mounriver_studio/toolchain/risc-v embedded gcc/bin/../lib/gcc/riscv-none-embed/8.2.0/../../../../riscv-none-embed/lib/rv32imacxw/ilp32\libg_nano.a(lib_a-writer.o)
                0x000000000000cd28                _write_r
 .text._close_r
                0x000000000000cd5e       0x30 c:/mounriver/mounriver_studio/toolchain/risc-v embedded gcc/bin/../lib/gcc/riscv-none-embed/8.2.0/../../../../riscv-none-embed/lib/rv32imacxw/ilp32\libg_nano.a(lib_a-closer.o)
                0x000000000000cd5e                _close_r
 .text._fstat_r
                0x000000000000cd8e       0x32 c:/mounriver/mounriver_studio/toolchain/risc-v embedded gcc/bin/../lib/gcc/riscv-none-embed/8.2.0/../../../../riscv-none-embed/lib/rv32imacxw/ilp32\libg_nano.a(lib_a-fstatr.o)
                0x000000000000cd8e                _fstat_r
 .text._isatty_r
                0x000000000000cdc0       0x30 c:/mounriver/mounriver_studio/toolchain/risc-v embedded gcc/bin/../lib/gcc/riscv-none-embed/8.2.0/../../../../riscv-none-embed/lib/rv32imacxw/ilp32\libg_nano.a(lib_a-isattyr.o)
                0x000000000000cdc0                _isatty_r
 .text._lseek_r
                0x000000000000cdf0       0x34 c:/mounriver/mounriver_studio/toolchain/risc-v embedded gcc/bin/../lib/gcc/riscv-none-embed/8.2.0/../../../../riscv-none-embed/lib/rv32imacxw/ilp32\libg_nano.a(lib_a-lseekr.o)
                0x000000000000cdf0                _lseek_r
 .text.memchr   0x000000000000ce24       0x18 c:/mounriver/mounriver_studio/toolchain/risc-v embedded gcc/bin/../lib/gcc/riscv-none-embed/8.2.0/../../../../riscv-none-embed/lib/rv32imacxw/ilp32\libg_nano.a(lib_a-memchr.o)
                0x000000000000ce24                memchr
 .text._read_r  0x000000000000ce3c       0x34 c:/mounriver/mounriver_studio/toolchain/risc-v embedded gcc/bin/../lib/gcc/riscv-none-embed/8.2.0/../../../../riscv-none-embed/lib/rv32imacxw/ilp32\libg_nano.a(lib_a-readr.o)
                0x000000000000ce3c                _read_r
 .text._close   0x000000000000ce70       0x10 c:/mounriver/mounriver_studio/toolchain/risc-v embedded gcc/bin/../lib/gcc/riscv-none-embed/8.2.0/../../../../riscv-none-embed/lib/rv32imacxw/ilp32\libnosys.a(close.o)
                0x000000000000ce70                _close
 .text._fstat   0x000000000000ce80       0x10 c:/mounriver/mounriver_studio/toolchain/risc-v embedded gcc/bin/../lib/gcc/riscv-none-embed/8.2.0/../../../../riscv-none-embed/lib/rv32imacxw/ilp32\libnosys.a(fstat.o)
                0x000000000000ce80                _fstat
 .text._isatty  0x000000000000ce90       0x10 c:/mounriver/mounriver_studio/toolchain/risc-v embedded gcc/bin/../lib/gcc/riscv-none-embed/8.2.0/../../../../riscv-none-embed/lib/rv32imacxw/ilp32\libnosys.a(isatty.o)
                0x000000000000ce90                _isatty
 .text._lseek   0x000000000000cea0       0x10 c:/mounriver/mounriver_studio/toolchain/risc-v embedded gcc/bin/../lib/gcc/riscv-none-embed/8.2.0/../../../../riscv-none-embed/lib/rv32imacxw/ilp32\libnosys.a(lseek.o)
                0x000000000000cea0                _lseek
 .text._read    0x000000000000ceb0       0x10 c:/mounriver/mounriver_studio/toolchain/risc-v embedded gcc/bin/../lib/gcc/riscv-none-embed/8.2.0/../../../../riscv-none-embed/lib/rv32imacxw/ilp32\libnosys.a(read.o)
                0x000000000000ceb0                _read
 *(.rodata)
 *(.rodata*)
 *fill*         0x000000000000cec0        0x0 
 .rodata.CalPoint
                0x000000000000cec0       0x48 ./User/DataModel.o
 .rodata.CalPoint1
                0x000000000000cf08       0x18 ./User/DataModel.o
 .rodata.bitrate_table
                0x000000000000cf20       0x10 ./User/DataModel.o
 .rodata.seg_const.7411
                0x000000000000cf30       0x12 ./User/DataModel.o
 *fill*         0x000000000000cf42        0x2 
 .rodata.vIncrementSystemCounters.cst4
                0x000000000000cf44        0x8 ./User/DataModel.o
 .rodata.HardFault_Handler.str1.4
                0x000000000000cf4c       0x42 ./User/ch32v20x_it.o
 *fill*         0x000000000000cf8e        0x2 
 .rodata.getODValue
                0x000000000000cf90       0x78 ./User/dash_draw.o
 .rodata.MenuStateCross
                0x000000000000d008       0x1c ./User/dash_draw.o
 .rodata.dm     0x000000000000d024       0x3f ./User/dash_draw.o
 *fill*         0x000000000000d063        0x1 
 .rodata.getODValue.cst4
                0x000000000000d064        0x4 ./User/dash_draw.o
                                          0x8 (size before relaxing)
 .rodata.vBarColorMode.cst4
                0x000000000000d068        0x4 ./User/dash_draw.o
 .rodata.ADC_FSM.cst4
                0x000000000000d06c       0x14 ./User/inputs.o
 *fill*         0x000000000000d080        0x0 
 .rodata.ADC_FSM.cst8
                0x000000000000d080       0x18 ./User/inputs.o
 .rodata.vInputsTask.cst4
                0x000000000000d098        0x8 ./User/inputs.o
 .rodata.SetSegDirect
                0x000000000000d0a0       0x1c ./User/led.o
 .rodata.Brigth
                0x000000000000d0bc       0x1e ./User/led.o
 *fill*         0x000000000000d0da        0x2 
 .rodata.DigitMask
                0x000000000000d0dc        0xa ./User/led.o
                0x000000000000d0dc                DigitMask
 *fill*         0x000000000000d0e6        0x2 
 .rodata.offset_mask
                0x000000000000d0e8        0xe ./User/led.o
 *fill*         0x000000000000d0f6        0x2 
 .rodata.step_mask
                0x000000000000d0f8        0xe ./User/led.o
 *fill*         0x000000000000d106        0x2 
 .rodata.OD_writeBoardSettings
                0x000000000000d108       0x14 ./User/process.o
 .rodata.OD_readBoardSettings
                0x000000000000d11c       0x14 ./User/process.o
 .rodata.OD_ADC1_CAL_extension
                0x000000000000d130       0x10 ./User/process.o
                0x000000000000d130                OD_ADC1_CAL_extension
 .rodata.OD_ADC2_CAL_extension
                0x000000000000d140       0x10 ./User/process.o
                0x000000000000d140                OD_ADC2_CAL_extension
 .rodata.OD_ADC3_CAL_extension
                0x000000000000d150       0x10 ./User/process.o
                0x000000000000d150                OD_ADC3_CAL_extension
 .rodata.OD_AIN_RPM_extension
                0x000000000000d160       0x10 ./User/process.o
                0x000000000000d160                OD_AIN_RPM_extension
 .rodata.OD_BAR_extension
                0x000000000000d170       0x10 ./User/process.o
                0x000000000000d170                OD_BAR_extension
 .rodata.OD_BOARD_SETTINGS_extension
                0x000000000000d180       0x10 ./User/process.o
                0x000000000000d180                OD_BOARD_SETTINGS_extension
 .rodata.OD_DASH_PARAM_extension
                0x000000000000d190       0x10 ./User/process.o
                0x000000000000d190                OD_DASH_PARAM_extension
 .rodata.OD_DIN_extension
                0x000000000000d1a0       0x10 ./User/process.o
                0x000000000000d1a0                OD_DIN_extension
 .rodata.OD_KEY_extension
                0x000000000000d1b0       0x10 ./User/process.o
                0x000000000000d1b0                OD_KEY_extension
 .rodata.OD_MENU_MAP_extension
                0x000000000000d1c0       0x10 ./User/process.o
                0x000000000000d1c0                OD_MENU_MAP_extension
 .rodata.OD_MENU_SETUP_extension
                0x000000000000d1d0       0x10 ./User/process.o
                0x000000000000d1d0                OD_MENU_SETUP_extension
 .rodata.OD_RGB10_extension
                0x000000000000d1e0       0x10 ./User/process.o
                0x000000000000d1e0                OD_RGB10_extension
 .rodata.OD_RGB11_extension
                0x000000000000d1f0       0x10 ./User/process.o
                0x000000000000d1f0                OD_RGB11_extension
 .rodata.OD_RGB12_extension
                0x000000000000d200       0x10 ./User/process.o
                0x000000000000d200                OD_RGB12_extension
 .rodata.OD_RGB13_extension
                0x000000000000d210       0x10 ./User/process.o
                0x000000000000d210                OD_RGB13_extension
 .rodata.OD_RGB14_extension
                0x000000000000d220       0x10 ./User/process.o
                0x000000000000d220                OD_RGB14_extension
 .rodata.OD_RGB1_extension
                0x000000000000d230       0x10 ./User/process.o
                0x000000000000d230                OD_RGB1_extension
 .rodata.OD_RGB2_extension
                0x000000000000d240       0x10 ./User/process.o
                0x000000000000d240                OD_RGB2_extension
 .rodata.OD_RGB3_extension
                0x000000000000d250       0x10 ./User/process.o
                0x000000000000d250                OD_RGB3_extension
 .rodata.OD_RGB4_extension
                0x000000000000d260       0x10 ./User/process.o
                0x000000000000d260                OD_RGB4_extension
 .rodata.OD_RGB5_extension
                0x000000000000d270       0x10 ./User/process.o
                0x000000000000d270                OD_RGB5_extension
 .rodata.OD_RGB6_extension
                0x000000000000d280       0x10 ./User/process.o
                0x000000000000d280                OD_RGB6_extension
 .rodata.OD_RGB7_extension
                0x000000000000d290       0x10 ./User/process.o