Archive member included to satisfy reference by file (symbol)

c:/mounriver/mounriver_studio/toolchain/risc-v embedded gcc/bin/../lib/gcc/riscv-none-embed/8.2.0/rv32imacxw/ilp32\libgcc.a(divdf3.o)
                              ./HAL_LIB/hw_lib_din.o (__divdf3)
c:/mounriver/mounriver_studio/toolchain/risc-v embedded gcc/bin/../lib/gcc/riscv-none-embed/8.2.0/rv32imacxw/ilp32\libgcc.a(muldf3.o)
                              ./User/inputs.o (__muldf3)
c:/mounriver/mounriver_studio/toolchain/risc-v embedded gcc/bin/../lib/gcc/riscv-none-embed/8.2.0/rv32imacxw/ilp32\libgcc.a(fixunsdfsi.o)
                              ./HAL_LIB/hw_lib_din.o (__fixunsdfsi)
c:/mounriver/mounriver_studio/toolchain/risc-v embedded gcc/bin/../lib/gcc/riscv-none-embed/8.2.0/rv32imacxw/ilp32\libgcc.a(floatunsidf.o)
                              ./User/inputs.o (__floatunsidf)
c:/mounriver/mounriver_studio/toolchain/risc-v embedded gcc/bin/../lib/gcc/riscv-none-embed/8.2.0/rv32imacxw/ilp32\libgcc.a(addsf3.o)
                              ./User/inputs.o (__addsf3)
c:/mounriver/mounriver_studio/toolchain/risc-v embedded gcc/bin/../lib/gcc/riscv-none-embed/8.2.0/rv32imacxw/ilp32\libgcc.a(divsf3.o)
                              ./User/DataModel.o (__divsf3)
c:/mounriver/mounriver_studio/toolchain/risc-v embedded gcc/bin/../lib/gcc/riscv-none-embed/8.2.0/rv32imacxw/ilp32\libgcc.a(eqsf2.o)
                              ./HAL_LIB/hw_lib_din.o (__nesf2)
c:/mounriver/mounriver_studio/toolchain/risc-v embedded gcc/bin/../lib/gcc/riscv-none-embed/8.2.0/rv32imacxw/ilp32\libgcc.a(gesf2.o)
                              ./User/inputs.o (__gesf2)
c:/mounriver/mounriver_studio/toolchain/risc-v embedded gcc/bin/../lib/gcc/riscv-none-embed/8.2.0/rv32imacxw/ilp32\libgcc.a(lesf2.o)
                              ./HAL_LIB/hw_lib_din.o (__lesf2)
c:/mounriver/mounriver_studio/toolchain/risc-v embedded gcc/bin/../lib/gcc/riscv-none-embed/8.2.0/rv32imacxw/ilp32\libgcc.a(mulsf3.o)
                              ./User/dash_draw.o (__mulsf3)
c:/mounriver/mounriver_studio/toolchain/risc-v embedded gcc/bin/../lib/gcc/riscv-none-embed/8.2.0/rv32imacxw/ilp32\libgcc.a(subsf3.o)
                              ./User/inputs.o (__subsf3)
c:/mounriver/mounriver_studio/toolchain/risc-v embedded gcc/bin/../lib/gcc/riscv-none-embed/8.2.0/rv32imacxw/ilp32\libgcc.a(fixsfsi.o)
                              ./User/dash_draw.o (__fixsfsi)
c:/mounriver/mounriver_studio/toolchain/risc-v embedded gcc/bin/../lib/gcc/riscv-none-embed/8.2.0/rv32imacxw/ilp32\libgcc.a(fixunssfsi.o)
                              ./User/DataModel.o (__fixunssfsi)
c:/mounriver/mounriver_studio/toolchain/risc-v embedded gcc/bin/../lib/gcc/riscv-none-embed/8.2.0/rv32imacxw/ilp32\libgcc.a(floatsisf.o)
                              ./User/DataModel.o (__floatsisf)
c:/mounriver/mounriver_studio/toolchain/risc-v embedded gcc/bin/../lib/gcc/riscv-none-embed/8.2.0/rv32imacxw/ilp32\libgcc.a(floatunsisf.o)
                              ./User/DataModel.o (__floatunsisf)
c:/mounriver/mounriver_studio/toolchain/risc-v embedded gcc/bin/../lib/gcc/riscv-none-embed/8.2.0/rv32imacxw/ilp32\libgcc.a(extendsfdf2.o)
                              ./HAL_LIB/hw_lib_din.o (__extendsfdf2)
c:/mounriver/mounriver_studio/toolchain/risc-v embedded gcc/bin/../lib/gcc/riscv-none-embed/8.2.0/rv32imacxw/ilp32\libgcc.a(truncdfsf2.o)
                              ./User/inputs.o (__truncdfsf2)
c:/mounriver/mounriver_studio/toolchain/risc-v embedded gcc/bin/../lib/gcc/riscv-none-embed/8.2.0/rv32imacxw/ilp32\libgcc.a(save-restore.o)
                              ./User/inputs.o (__riscv_save_12)
c:/mounriver/mounriver_studio/toolchain/risc-v embedded gcc/bin/../lib/gcc/riscv-none-embed/8.2.0/rv32imacxw/ilp32\libgcc.a(_clzsi2.o)
                              c:/mounriver/mounriver_studio/toolchain/risc-v embedded gcc/bin/../lib/gcc/riscv-none-embed/8.2.0/rv32imacxw/ilp32\libgcc.a(divdf3.o) (__clzsi2)
c:/mounriver/mounriver_studio/toolchain/risc-v embedded gcc/bin/../lib/gcc/riscv-none-embed/8.2.0/rv32imacxw/ilp32\libgcc.a(_clz.o)
                              c:/mounriver/mounriver_studio/toolchain/risc-v embedded gcc/bin/../lib/gcc/riscv-none-embed/8.2.0/rv32imacxw/ilp32\libgcc.a(_clzsi2.o) (__clz_tab)
c:/mounriver/mounriver_studio/toolchain/risc-v embedded gcc/bin/../lib/gcc/riscv-none-embed/8.2.0/../../../../riscv-none-embed/lib/rv32imacxw/ilp32\libg_nano.a(lib_a-calloc.o)
                              ./CANopenNode/CANopen.o (calloc)
c:/mounriver/mounriver_studio/toolchain/risc-v embedded gcc/bin/../lib/gcc/riscv-none-embed/8.2.0/../../../../riscv-none-embed/lib/rv32imacxw/ilp32\libg_nano.a(lib_a-impure.o)
                              c:/mounriver/mounriver_studio/toolchain/risc-v embedded gcc/bin/../lib/gcc/riscv-none-embed/8.2.0/../../../../riscv-none-embed/lib/rv32imacxw/ilp32\libg_nano.a(lib_a-calloc.o) (_impure_ptr)
[...]
Memory Configuration

Name             Origin             Length             Attributes
FLASH            0x0000000000000000 0x0000000000010000 xr
SFLASH           0x0000000000010000 0x0000000000002800 xr
RAM              0x0000000020000000 0x0000000000005000 xrw
*default*        0x0000000000000000 0xffffffffffffffff

Linker script and memory map

LOAD ./User/CanOpenNode.o
LOAD ./User/DataModel.o
LOAD ./User/ch32v20x_it.o
LOAD ./User/dash_draw.o
LOAD ./User/init.o
LOAD ./User/inputs.o
LOAD ./User/led.o
LOAD ./User/main.o
LOAD ./User/process.o
LOAD ./User/system_ch32v20x.o
LOAD ./User/system_init.o
LOAD ./Startup/startup_ch32v20x_D6.o
LOAD ./Peripheral/src/ch32v20x_adc.o
LOAD ./Peripheral/src/ch32v20x_bkp.o
LOAD ./Peripheral/src/ch32v20x_can.o
LOAD ./Peripheral/src/ch32v20x_crc.o
LOAD ./Peripheral/src/ch32v20x_dbgmcu.o
LOAD ./Peripheral/src/ch32v20x_dma.o
LOAD ./Peripheral/src/ch32v20x_exti.o
LOAD ./Peripheral/src/ch32v20x_flash.o
LOAD ./Peripheral/src/ch32v20x_gpio.o
LOAD ./Peripheral/src/ch32v20x_i2c.o
LOAD ./Peripheral/src/ch32v20x_iwdg.o
LOAD ./Peripheral/src/ch32v20x_misc.o
LOAD ./Peripheral/src/ch32v20x_opa.o
LOAD ./Peripheral/src/ch32v20x_pwr.o
LOAD ./Peripheral/src/ch32v20x_rcc.o
LOAD ./Peripheral/src/ch32v20x_rtc.o
LOAD ./Peripheral/src/ch32v20x_spi.o
LOAD ./Peripheral/src/ch32v20x_tim.o
LOAD ./Peripheral/src/ch32v20x_usart.o
LOAD ./Peripheral/src/ch32v20x_wwdg.o
LOAD ./HAL_LIB/filters.o
LOAD ./HAL_LIB/hw_data_model.o
LOAD ./HAL_LIB/hw_lib_adc.o
LOAD ./HAL_LIB/hw_lib_din.o
LOAD ./HAL_LIB/hw_lib_eeprom_i2c.o
LOAD ./HAL_LIB/hw_timeout.o
LOAD ./HAL_DRIVER/hal_can_ch32.o
LOAD ./HAL_DRIVER/hal_gpio_ch32.o
LOAD ./HAL_DRIVER/hal_i2c_ch32.o
LOAD ./HAL_DRIVER/hal_irq.o
LOAD ./HAL_DRIVER/hal_rtc_ch32.o
LOAD ./HAL_DRIVER/hal_spi_ch32.o
LOAD ./HAL_DRIVER/hal_wdt_ch32.o
LOAD ./HAL/hal_adc_ch32.o
LOAD ./HAL/hal_dma_ch32.o
LOAD ./HAL/hal_timers_ch32.o
LOAD ./FreeRTOS/portable/MemMang/heap_4.o
LOAD ./FreeRTOS/portable/GCC/RISC-V/port.o
LOAD ./FreeRTOS/portable/GCC/RISC-V/portASM.o
LOAD ./FreeRTOS/croutine.o
LOAD ./FreeRTOS/event_groups.o
LOAD ./FreeRTOS/list.o
LOAD ./FreeRTOS/queue.o
LOAD ./FreeRTOS/stream_buffer.o
LOAD ./FreeRTOS/tasks.o
LOAD ./FreeRTOS/timers.o
LOAD ./Debug/debug.o
LOAD ./Core/core_riscv.o
LOAD ./CANopenNode/keypad/CO_driver_ST32F103.o
LOAD ./CANopenNode/keypad/OD.o
LOAD ./CANopenNode/extra/CO_trace.o
LOAD ./CANopenNode/309/CO_gateway_ascii.o
LOAD ./CANopenNode/305/CO_LSSmaster.o
LOAD ./CANopenNode/305/CO_LSSslave.o
LOAD ./CANopenNode/304/CO_GFC.o
LOAD ./CANopenNode/304/CO_SRDO.o
LOAD ./CANopenNode/303/CO_LEDs.o
LOAD ./CANopenNode/301/CO_Emergency.o
LOAD ./CANopenNode/301/CO_HBconsumer.o
LOAD ./CANopenNode/301/CO_NMT_Heartbeat.o
LOAD ./CANopenNode/301/CO_Node_Guarding.o
LOAD ./CANopenNode/301/CO_ODinterface.o
LOAD ./CANopenNode/301/CO_PDO.o
LOAD ./CANopenNode/301/CO_SDOclient.o
LOAD ./CANopenNode/301/CO_SDOserver.o
LOAD ./CANopenNode/301/CO_SYNC.o
LOAD ./CANopenNode/301/CO_TIME.o
LOAD ./CANopenNode/301/CO_fifo.o
LOAD ./CANopenNode/301/crc16-ccitt.o
LOAD ./CANopenNode/CANopen.o
LOAD c:/mounriver/mounriver_studio/toolchain/risc-v embedded gcc/bin/../lib/gcc/riscv-none-embed/8.2.0/../../../../riscv-none-embed/lib/rv32imacxw/ilp32\libm.a
LOAD c:/mounriver/mounriver_studio/toolchain/risc-v embedded gcc/bin/../lib/gcc/riscv-none-embed/8.2.0/rv32imacxw/ilp32\libgcc.a
LOAD c:/mounriver/mounriver_studio/toolchain/risc-v embedded gcc/bin/../lib/gcc/riscv-none-embed/8.2.0/../../../../riscv-none-embed/lib/rv32imacxw/ilp32\libg_nano.a
LOAD c:/mounriver/mounriver_studio/toolchain/risc-v embedded gcc/bin/../lib/gcc/riscv-none-embed/8.2.0/../../../../riscv-none-embed/lib/rv32imacxw/ilp32\libc_nano.a
LOAD c:/mounriver/mounriver_studio/toolchain/risc-v embedded gcc/bin/../lib/gcc/riscv-none-embed/8.2.0/rv32imacxw/ilp32\libgcc.a
START GROUP
LOAD c:/mounriver/mounriver_studio/toolchain/risc-v embedded gcc/bin/../lib/gcc/riscv-none-embed/8.2.0/rv32imacxw/ilp32\libgcc.a
LOAD c:/mounriver/mounriver_studio/toolchain/risc-v embedded gcc/bin/../lib/gcc/riscv-none-embed/8.2.0/../../../../riscv-none-embed/lib/rv32imacxw/ilp32\libc_nano.a
LOAD c:/mounriver/mounriver_studio/toolchain/risc-v embedded gcc/bin/../lib/gcc/riscv-none-embed/8.2.0/../../../../riscv-none-embed/lib/rv32imacxw/ilp32\libnosys.a
END GROUP
START GROUP
LOAD c:/mounriver/mounriver_studio/toolchain/risc-v embedded gcc/bin/../lib/gcc/riscv-none-embed/8.2.0/rv32imacxw/ilp32\libgcc.a
LOAD c:/mounriver/mounriver_studio/toolchain/risc-v embedded gcc/bin/../lib/gcc/riscv-none-embed/8.2.0/../../../../riscv-none-embed/lib/rv32imacxw/ilp32\libc_nano.a
LOAD c:/mounriver/mounriver_studio/toolchain/risc-v embedded gcc/bin/../lib/gcc/riscv-none-embed/8.2.0/../../../../riscv-none-embed/lib/rv32imacxw/ilp32\libnosys.a
END GROUP
                0x0000000000000be8                __stack_size = 0xbe8
                [!provide]                        PROVIDE (_stack_size = __stack_size)

.init           0x0000000000000000       0x38
                0x0000000000000000                _sinit = .
                0x0000000000000000                . = ALIGN (0x4)
 *(SORT_NONE(.init))
 .init          0x0000000000000000       0x38 ./Startup/startup_ch32v20x_D6.o
                0x0000000000000000                _start
                0x0000000000000038                . = ALIGN (0x4)
                0x0000000000000038                _einit = .

.vector         0x0000000000000038      0x108
 *(.vector)
 .vector        0x0000000000000038       0xfc ./Startup/startup_ch32v20x_D6.o
                0x0000000000000140                . = ALIGN (0x40)
 *fill*         0x0000000000000134        0xc 

.stext          0x0000000000010000      0x866
                0x0000000000010000                . = ALIGN (0x4)
 *(.stext)
 .stext         0x0000000000010000        0xa ./User/CanOpenNode.o
                0x0000000000010000                vCanOpenInit
 .stext         0x000000000001000a      0x12a ./User/dash_draw.o
                0x000000000001000a                vDashDrawInit
                0x0000000000010084                TestProcedure
 .stext         0x0000000000010134      0x14a ./User/init.o
                0x0000000000010134                vInit_DeviceConfig
 .stext         0x000000000001027e       0xba ./User/inputs.o
                0x000000000001027e                ADC1_Init
 .stext         0x0000000000010338       0x4e ./User/led.o
                0x0000000000010338                vLedDriverStart
 .stext         0x0000000000010386      0x226 ./User/process.o
                0x0000000000010386                vProceesInit
 .stext         0x00000000000105ac      0x134 ./User/system_init.o
                0x00000000000105ac                vSYStaskInit
                0x00000000000106b6                vSYSqueueInit
 .stext         0x00000000000106e0       0x34 ./HAL_LIB/hw_lib_din.o
                0x00000000000106e0                eDinConfigWtihStruct
 .stext         0x0000000000010714       0xca ./HAL_DRIVER/hal_rtc_ch32.o
                0x0000000000010714                HAL_RTC_IT_Init
 .stext         0x00000000000107de       0x60 ./HAL_DRIVER/hal_spi_ch32.o
                0x00000000000107de                HAL_SPI_InitDMA
 .stext         0x000000000001083e       0x28 ./HAL_DRIVER/hal_wdt_ch32.o
                0x000000000001083e                HAL_WDT_Init1s

.text           0x0000000000000200     0xdff0
                0x0000000000000200                . = ALIGN (0x4)
 *(.text)
 .text          0x0000000000000200      0x2ee ./FreeRTOS/portable/GCC/RISC-V/portASM.o
                0x0000000000000200                SW_Handler
                0x0000000000000300                xPortStartFirstTask
                0x0000000000000400                pxPortInitialiseStack
 .text          0x00000000000004ee       0x60 c:/mounriver/mounriver_studio/toolchain/risc-v embedded gcc/bin/../lib/gcc/riscv-none-embed/8.2.0/rv32imacxw/ilp32\libgcc.a(save-restore.o)
                0x00000000000004ee                __riscv_save_12
                0x00000000000004f6                __riscv_save_9
                0x00000000000004f6                __riscv_save_11
                0x00000000000004f6                __riscv_save_10
                0x00000000000004f6                __riscv_save_8
                0x0000000000000504                __riscv_save_4
                0x0000000000000504                __riscv_save_6
                0x0000000000000504                __riscv_save_5
                0x0000000000000504                __riscv_save_7
                0x000000000000051e                __riscv_save_3
                0x000000000000051e                __riscv_save_2
                0x000000000000051e                __riscv_save_1
                0x000000000000051e                __riscv_save_0
                0x000000000000052a                __riscv_restore_12
                0x000000000000052e                __riscv_restore_11
                0x000000000000052e                __riscv_restore_9
                0x000000000000052e                __riscv_restore_10
                0x000000000000052e                __riscv_restore_8
                0x0000000000000538                __riscv_restore_5
                0x0000000000000538                __riscv_restore_7
                0x0000000000000538                __riscv_restore_6
                0x0000000000000538                __riscv_restore_4
                0x0000000000000542                __riscv_restore_3
                0x0000000000000542                __riscv_restore_0
                0x0000000000000542                __riscv_restore_2
                0x0000000000000542                __riscv_restore_1
 .text          0x000000000000054e       0xa8 c:/mounriver/mounriver_studio/toolchain/risc-v embedded gcc/bin/../lib/gcc/riscv-none-embed/8.2.0/../../../../riscv-none-embed/lib/rv32imacxw/ilp32\libg_nano.a(lib_a-memset.o)
                0x000000000000054e                memset
 *(.text.*)
 .text.xCanOpenProcessTaskHandle
                0x00000000000005f6        0xa ./User/CanOpenNode.o
                0x00000000000005f6                xCanOpenProcessTaskHandle
 .text.xCanOpenPeriodicTaskHandle
                0x0000000000000600        0xa ./User/CanOpenNode.o
                0x0000000000000600                xCanOpenPeriodicTaskHandle
 .text.vCanOpenProcess
                0x000000000000060a      0x1a6 ./User/CanOpenNode.o
                0x000000000000060a                vCanOpenProcess
 .text.vCanOpenPeriodicProcess
                0x00000000000007b0       0x82 ./User/CanOpenNode.o
                0x00000000000007b0                vCanOpenPeriodicProcess
 .text.xDataRegQueue
                0x0000000000000832        0xa ./User/DataModel.o
                0x0000000000000832                xDataRegQueue
 .text.vDataModelRegDelayWrite
                0x000000000000083c       0x38 ./User/DataModel.o
                0x000000000000083c                vDataModelRegDelayWrite
 .text.DataModel_Init
                0x0000000000000874      0x78a ./User/DataModel.o
                0x0000000000000874                DataModel_Init
 .text.WriteRegAfterDelay
                0x0000000000000ffe       0x62 ./User/DataModel.o
                0x0000000000000ffe                WriteRegAfterDelay
 .text.vGetBitrate
                0x0000000000001060       0x2a ./User/DataModel.o
                0x0000000000001060                vGetBitrate
 .text.vFDGetNMTState
                0x000000000000108a        0x6 ./User/DataModel.o
                0x000000000000108a                vFDGetNMTState
 .text.vGetNodeId
                0x0000000000001090        0xe ./User/DataModel.o
                0x0000000000001090                vGetNodeId
 .text.vIncrementSystemCounters
                0x000000000000109e       0x9e ./User/DataModel.o
                0x000000000000109e                vIncrementSystemCounters
 .text.vSaveData
                0x000000000000113c       0x18 ./User/DataModel.o
                0x000000000000113c                vSaveData
 .text.getOdometr
                0x0000000000001154       0x16 ./User/DataModel.o
                0x0000000000001154                getOdometr
 .text.getOdometr1
                0x000000000000116a       0x16 ./User/DataModel.o
                0x000000000000116a                getOdometr1
 .text.NMI_Handler
                0x0000000000001180        0x2 ./User/ch32v20x_it.o
                0x0000000000001180                NMI_Handler
 .text.HardFault_Handler
                0x0000000000001182       0x66 ./User/ch32v20x_it.o
                0x0000000000001182                HardFault_Handler
 .text.xProcessTaskHandle
                0x00000000000011e8        0xa ./User/dash_draw.o
                0x00000000000011e8                xProcessTaskHandle
 .text.vSetErrorReg
                0x00000000000011f2        0xa ./User/dash_draw.o
                0x00000000000011f2                vSetErrorReg
 .text.getODValue
                0x00000000000011fc      0x166 ./User/dash_draw.o
                0x00000000000011fc                getODValue
 .text.GetCurMenuHome
                0x0000000000001362        0x6 ./User/dash_draw.o
                0x0000000000001362                GetCurMenuHome
 .text.SetCurrentMenu
                0x0000000000001368       0x12 ./User/dash_draw.o
                0x0000000000001368                SetCurrentMenu
 .text.SetDefault
                0x000000000000137a       0x2a ./User/dash_draw.o
                0x000000000000137a                SetDefault
 .text.CheckMenuChannel
                0x00000000000013a4       0x20 ./User/dash_draw.o
                0x00000000000013a4                CheckMenuChannel
 .text.SetTest  0x00000000000013c4       0x58 ./User/dash_draw.o
                0x00000000000013c4                SetTest
 .text.vRedrawTask
                0x000000000000141c       0x28 ./User/dash_draw.o
                0x000000000000141c                vRedrawTask
 .text.HardwareDeinit
                0x0000000000001444       0x2a ./User/init.o
                0x0000000000001444                HardwareDeinit
 .text.SoftwareReset
                0x000000000000146e       0x14 ./User/init.o
                0x000000000000146e                SoftwareReset
 .text.ADC1_Event
                0x0000000000001482       0x44 ./User/inputs.o
                0x0000000000001482                ADC1_Event
 .text.CaptureDMACallBack
                0x00000000000014c6       0x22 ./User/inputs.o
                0x00000000000014c6                CaptureDMACallBack
 .text.CaptureDMACallBack_1
                0x00000000000014e8       0x22 ./User/inputs.o
                0x00000000000014e8                CaptureDMACallBack_1
 .text.fDinStateCallback
                0x000000000000150a       0x32 ./User/inputs.o
                0x000000000000150a                fDinStateCallback
 .text.getInputsTaskHandle
                0x000000000000153c        0xa ./User/inputs.o
                0x000000000000153c                getInputsTaskHandle
 .text.ADC_FSM  0x0000000000001546      0x1ea ./User/inputs.o
                0x0000000000001546                ADC_FSM
 .text.GetAIN   0x0000000000001730        0xc ./User/inputs.o
                0x0000000000001730                GetAIN
 .text.vInputsTask
                0x000000000000173c      0x1d8 ./User/inputs.o
                0x000000000000173c                vInputsTask
 .text.SPI1_DMA_Callback
                0x0000000000001914       0x2e ./User/led.o
                0x0000000000001914                SPI1_DMA_Callback
 .text.SPI2_DMA_Callback
                0x0000000000001942       0x2e ./User/led.o
                0x0000000000001942                SPI2_DMA_Callback
 .text.SetBarState
                0x0000000000001970       0x50 ./User/led.o
                0x0000000000001970                SetBarState
 .text.SetRGB   0x00000000000019c0       0x4e ./User/led.o
                0x00000000000019c0                SetRGB
 .text.SetSegDirect
                0x0000000000001a0e       0x9c ./User/led.o
                0x0000000000001a0e                SetSegDirect
 .text.SetBigSeg
                0x0000000000001aaa       0x14 ./User/led.o
                0x0000000000001aaa                SetBigSeg
 .text.vSetBrigth
                0x0000000000001abe       0x28 ./User/led.o
                0x0000000000001abe                vSetBrigth
 .text.vLedProcess
                0x0000000000001ae6       0x1e ./User/led.o
                0x0000000000001ae6                vLedProcess
 .text.vRGBProcess
                0x0000000000001b04       0xe2 ./User/led.o
                0x0000000000001b04                vRGBProcess
 .text.startup.main
                0x0000000000001be6       0x3c ./User/main.o
                0x0000000000001be6                main
 .text.vRestartNode
                0x0000000000001c22        0x2 ./User/main.o
                0x0000000000001c22                vRestartNode
 .text.Error_Handler
                0x0000000000001c24       0x18 ./User/main.o
                0x0000000000001c24                Error_Handler
 .text.OD_readKEY
                0x0000000000001c3c        0x8 ./User/process.o
 .text.OD_writeRGBMAP
                0x0000000000001c44       0x30 ./User/process.o
 .text.OD_writeKEY
                0x0000000000001c74       0x34 ./User/process.o
 .text.OD_readRGBMAP
                0x0000000000001ca8       0x22 ./User/process.o
 .text.OD_readDIN
                0x0000000000001cca       0x1c ./User/process.o
 .text.OD_writeMenuSetup
                0x0000000000001ce6       0x46 ./User/process.o
 .text.OD_writeBoardSettings
                0x0000000000001d2c       0x92 ./User/process.o
 .text.CO_getUint16
                0x0000000000001dbe       0x10 ./User/process.o
 .text.OD_writeSEG
                0x0000000000001dce       0x44 ./User/process.o
 .text.OD_writeBAR
                0x0000000000001e12       0x30 ./User/process.o
 .text.OD_writeRPMConfig
                0x0000000000001e42       0x36 ./User/process.o
 .text.CO_getUint32
                0x0000000000001e78       0x18 ./User/process.o
 .text.OD_writeDashParam
                0x0000000000001e90       0x7c ./User/process.o
 .text.OD_writeMenuMap
                0x0000000000001f0c       0x30 ./User/process.o
 .text.CO_setUint16
                0x0000000000001f3c       0x10 ./User/process.o
 .text.OD_readBar
                0x0000000000001f4c       0x22 ./User/process.o
 .text.OD_readRPMConfig
                0x0000000000001f6e       0x24 ./User/process.o
 .text.OD_readAIN_RPM
                0x0000000000001f92       0x26 ./User/process.o
 .text.OD_writeV1_14
                0x0000000000001fb8       0x56 ./User/process.o
 .text.WriteRGB.isra.1
                0x000000000000200e       0x3a ./User/process.o
 .text.OD_writeRGB1
                0x0000000000002048       0x16 ./User/process.o
 .text.OD_writeRGB2
                0x000000000000205e       0x16 ./User/process.o
 .text.OD_writeRGB3
                0x0000000000002074       0x16 ./User/process.o
 .text.OD_writeRGB4
                0x000000000000208a       0x16 ./User/process.o
 .text.OD_writeRGB5
                0x00000000000020a0       0x16 ./User/process.o
 .text.OD_writeRGB6
                0x00000000000020b6       0x16 ./User/process.o
 .text.OD_writeRGB7
                0x00000000000020cc       0x16 ./User/process.o
 .text.OD_writeRGB8
                0x00000000000020e2       0x16 ./User/process.o
 .text.OD_writeRGB9
                0x00000000000020f8       0x16 ./User/process.o
 .text.OD_writeRGB10
                0x000000000000210e       0x16 ./User/process.o
 .text.OD_writeRGB11
                0x0000000000002124       0x16 ./User/process.o
 .text.OD_writeRGB12
                0x000000000000213a       0x16 ./User/process.o
 .text.OD_writeRGB13
                0x0000000000002150       0x16 ./User/process.o
 .text.OD_writeRGB14
                0x0000000000002166       0x16 ./User/process.o
 .text.OD_writeICHC
                0x000000000000217c       0x4c ./User/process.o
 .text.OD_readBoardSettings
                0x00000000000021c8       0x4a ./User/process.o
 .text.OD_readSEG
                0x0000000000002212       0x30 ./User/process.o
 .text.OD_readRGB.isra.5
                0x0000000000002242       0x1c ./User/process.o
 .text.OD_readRGB1
                0x000000000000225e       0x14 ./User/process.o
 .text.OD_readRGB2
                0x0000000000002272       0x14 ./User/process.o
 .text.OD_readRGB3
                0x0000000000002286       0x14 ./User/process.o
 .text.OD_readRGB4
                0x000000000000229a       0x16 ./User/process.o
 .text.OD_readRGB5
                0x00000000000022b0       0x16 ./User/process.o
 .text.OD_readRGB6
                0x00000000000022c6       0x16 ./User/process.o
 .text.OD_readRGB7
                0x00000000000022dc       0x16 ./User/process.o
 .text.OD_readRGB8
                0x00000000000022f2       0x16 ./User/process.o
 .text.OD_readRGB9
                0x0000000000002308       0x16 ./User/process.o
 .text.OD_readRGB10
                0x000000000000231e       0x16 ./User/process.o
 .text.OD_readRGB11
                0x0000000000002334       0x16 ./User/process.o
 .text.OD_readRGB12
                0x000000000000234a       0x16 ./User/process.o
 .text.OD_readRGB13
                0x0000000000002360       0x16 ./User/process.o
 .text.OD_readRGB14
                0x0000000000002376       0x16 ./User/process.o
 .text.readADC.isra.6
                0x000000000000238c       0x86 ./User/process.o
 .text.OD_readADC1
                0x0000000000002412       0x10 ./User/process.o
 .text.OD_readADC2
                0x0000000000002422       0x10 ./User/process.o
 .text.OD_readADC3
                0x0000000000002432       0x10 ./User/process.o
 .text.OD_readMenuSetup
                0x0000000000002442       0x30 ./User/process.o
 .text.writeADC.isra.10
                0x0000000000002472       0xde ./User/process.o
 .text.OD_writeADC1
                0x0000000000002550       0x10 ./User/process.o
 .text.OD_writeADC2
                0x0000000000002560       0x10 ./User/process.o
 .text.OD_writeADC3
                0x0000000000002570       0x10 ./User/process.o
 .text.OD_readDashParam
                0x0000000000002580       0x5a ./User/process.o
 .text.OD_readMenuMap
                0x00000000000025da       0x2c ./User/process.o
 .text.OD_readICHC
                0x0000000000002606       0x4e ./User/process.o
 .text.SystemInit
                0x0000000000002654       0xea ./User/system_ch32v20x.o
                0x0000000000002654                SystemInit
 .text.SystemCoreClockUpdate
                0x000000000000273e       0x92 ./User/system_ch32v20x.o
                0x000000000000273e                SystemCoreClockUpdate
 .text.StartDefaultTask
                0x00000000000027d0       0x56 ./User/system_init.o
 .text.vApplicationGetIdleTaskMemory
                0x0000000000002826       0x1c ./User/system_init.o
                0x0000000000002826                vApplicationGetIdleTaskMemory
 .text.vSystemStop
                0x0000000000002842       0x26 ./User/system_init.o
                0x0000000000002842                vSystemStop
 .text.vector_handler
                0x0000000000002868       0x6c ./Startup/startup_ch32v20x_D6.o
                0x000000000000286c                Ecall_M_Mode_Handler
                0x000000000000286e                Ecall_U_Mode_Handler
                0x0000000000002870                Break_Point_Handler
                0x0000000000002876                WWDG_IRQHandler
                0x0000000000002878                PVD_IRQHandler
                0x000000000000287a                TAMPER_IRQHandler
                0x000000000000287e                FLASH_IRQHandler
                0x0000000000002880                RCC_IRQHandler
                0x0000000000002882                EXTI0_IRQHandler
                0x0000000000002884                EXTI1_IRQHandler
                0x0000000000002886                EXTI2_IRQHandler
                0x0000000000002888                EXTI3_IRQHandler
                0x000000000000288a                EXTI4_IRQHandler
                0x000000000000288e                DMA1_Channel2_IRQHandler
                0x0000000000002896                DMA1_Channel6_IRQHandler
                0x00000000000028a4                EXTI9_5_IRQHandler
                0x00000000000028a6                TIM1_BRK_IRQHandler
                0x00000000000028a8                TIM1_UP_IRQHandler
                0x00000000000028aa                TIM1_TRG_COM_IRQHandler
                0x00000000000028ac                TIM1_CC_IRQHandler
                0x00000000000028ae                TIM2_IRQHandler
                0x00000000000028b0                TIM3_IRQHandler
                0x00000000000028b8                I2C2_EV_IRQHandler
                0x00000000000028ba                I2C2_ER_IRQHandler
                0x00000000000028bc                SPI1_IRQHandler
                0x00000000000028be                SPI2_IRQHandler
                0x00000000000028c0                USART1_IRQHandler
                0x00000000000028c2                USART2_IRQHandler
                0x00000000000028c4                USART3_IRQHandler
                0x00000000000028c6                EXTI15_10_IRQHandler
                0x00000000000028c8                RTCAlarm_IRQHandler
                0x00000000000028ca                USBWakeUp_IRQHandler
                0x00000000000028cc                USBHD_IRQHandler
                0x00000000000028ce                USBHDWakeUp_IRQHandler
                0x00000000000028d0                UART4_IRQHandler
                0x00000000000028d2                DMA1_Channel8_IRQHandler
 .text.handle_reset
                0x00000000000028d4       0x92 ./Startup/startup_ch32v20x_D6.o
                0x00000000000028d4                handle_reset
 .text.ADC_Cmd  0x0000000000002966       0x10 ./Peripheral/src/ch32v20x_adc.o
                0x0000000000002966                ADC_Cmd
 .text.ADC_GetResetCalibrationStatus
                0x0000000000002976        0x8 ./Peripheral/src/ch32v20x_adc.o
                0x0000000000002976                ADC_GetResetCalibrationStatus
 .text.ADC_GetCalibrationStatus
                0x000000000000297e        0x8 ./Peripheral/src/ch32v20x_adc.o
                0x000000000000297e                ADC_GetCalibrationStatus
 .text.ADC_GetITStatus
                0x0000000000002986       0x1c ./Peripheral/src/ch32v20x_adc.o
                0x0000000000002986                ADC_GetITStatus
 .text.ADC_ClearITPendingBit
                0x00000000000029a2        0xa ./Peripheral/src/ch32v20x_adc.o
                0x00000000000029a2                ADC_ClearITPendingBit
 .text.Get_CalibrationValue
                0x00000000000029ac      0x1fe ./Peripheral/src/ch32v20x_adc.o
                0x00000000000029ac                Get_CalibrationValue
 .text.DMA_GetFlagStatus
                0x0000000000002baa        0xe ./Peripheral/src/ch32v20x_dma.o
                0x0000000000002baa                DMA_GetFlagStatus
 .text.DMA_GetITStatus
                0x0000000000002bb8        0xc ./Peripheral/src/ch32v20x_dma.o
                0x0000000000002bb8                DMA_GetITStatus
 .text.DMA_ClearITPendingBit
                0x0000000000002bc4        0x8 ./Peripheral/src/ch32v20x_dma.o
                0x0000000000002bc4                DMA_ClearITPendingBit
 .text.GPIO_Init
                0x0000000000002bcc       0xfa ./Peripheral/src/ch32v20x_gpio.o
                0x0000000000002bcc                GPIO_Init
 .text.GPIO_PinRemapConfig
                0x0000000000002cc6       0xf2 ./Peripheral/src/ch32v20x_gpio.o
                0x0000000000002cc6                GPIO_PinRemapConfig
 .text.I2C_DualAddressCmd
                0x0000000000002db8       0x18 ./Peripheral/src/ch32v20x_i2c.o
                0x0000000000002db8                I2C_DualAddressCmd
 .text.I2C_ClearFlag
                0x0000000000002dd0        0xc ./Peripheral/src/ch32v20x_i2c.o
                0x0000000000002dd0                I2C_ClearFlag
 .text.RCC_LSEConfig
                0x0000000000002ddc       0x28 ./Peripheral/src/ch32v20x_rcc.o
                0x0000000000002ddc                RCC_LSEConfig
 .text.RCC_GetClocksFreq
                0x0000000000002e04       0xbe ./Peripheral/src/ch32v20x_rcc.o
                0x0000000000002e04                RCC_GetClocksFreq
 .text.RCC_APB2PeriphClockCmd
                0x0000000000002ec2       0x1e ./Peripheral/src/ch32v20x_rcc.o
                0x0000000000002ec2                RCC_APB2PeriphClockCmd
 .text.RCC_GetFlagStatus
                0x0000000000002ee0       0x2e ./Peripheral/src/ch32v20x_rcc.o
                0x0000000000002ee0                RCC_GetFlagStatus
 .text.RTC_EnterConfigMode
                0x0000000000002f0e       0x12 ./Peripheral/src/ch32v20x_rtc.o
                0x0000000000002f0e                RTC_EnterConfigMode
 .text.RTC_ExitConfigMode
                0x0000000000002f20       0x18 ./Peripheral/src/ch32v20x_rtc.o
                0x0000000000002f20                RTC_ExitConfigMode
 .text.RTC_GetCounter
                0x0000000000002f38       0x36 ./Peripheral/src/ch32v20x_rtc.o
                0x0000000000002f38                RTC_GetCounter
 .text.RTC_SetCounter
                0x0000000000002f6e       0x2c ./Peripheral/src/ch32v20x_rtc.o
                0x0000000000002f6e                RTC_SetCounter
 .text.RTC_SetPrescaler
                0x0000000000002f9a       0x2e ./Peripheral/src/ch32v20x_rtc.o
                0x0000000000002f9a                RTC_SetPrescaler
 .text.RTC_WaitForLastTask
                0x0000000000002fc8       0x10 ./Peripheral/src/ch32v20x_rtc.o
                0x0000000000002fc8                RTC_WaitForLastTask
 .text.RTC_WaitForSynchro
                0x0000000000002fd8       0x24 ./Peripheral/src/ch32v20x_rtc.o
                0x0000000000002fd8                RTC_WaitForSynchro
 .text.TIM_OC1Init
                0x0000000000002ffc       0x6a ./Peripheral/src/ch32v20x_tim.o
                0x0000000000002ffc                TIM_OC1Init
 .text.TIM_OC2Init
                0x0000000000003066       0x96 ./Peripheral/src/ch32v20x_tim.o
                0x0000000000003066                TIM_OC2Init
 .text.TIM_OC3Init
                0x00000000000030fc       0x94 ./Peripheral/src/ch32v20x_tim.o
                0x00000000000030fc                TIM_OC3Init
 .text.TIM_OC4Init
                0x0000000000003190       0x6c ./Peripheral/src/ch32v20x_tim.o
                0x0000000000003190                TIM_OC4Init
 .text.TIM_OC1PreloadConfig
                0x00000000000031fc        0xe ./Peripheral/src/ch32v20x_tim.o
                0x00000000000031fc                TIM_OC1PreloadConfig
 .text.TIM_OC2PreloadConfig
                0x000000000000320a       0x16 ./Peripheral/src/ch32v20x_tim.o
                0x000000000000320a                TIM_OC2PreloadConfig
 .text.TIM_OC3PreloadConfig
                0x0000000000003220        0xe ./Peripheral/src/ch32v20x_tim.o
                0x0000000000003220                TIM_OC3PreloadConfig
 .text.TIM_OC4PreloadConfig
                0x000000000000322e       0x16 ./Peripheral/src/ch32v20x_tim.o
                0x000000000000322e                TIM_OC4PreloadConfig
 .text.TIM_GetITStatus
                0x0000000000003244       0x18 ./Peripheral/src/ch32v20x_tim.o
                0x0000000000003244                TIM_GetITStatus
 .text.USART_Init
                0x000000000000325c       0xbc ./Peripheral/src/ch32v20x_usart.o
                0x000000000000325c                USART_Init
 .text.USART_Cmd
                0x0000000000003318       0x16 ./Peripheral/src/ch32v20x_usart.o
                0x0000000000003318                USART_Cmd
 .text.USART_SendData
                0x000000000000332e        0x8 ./Peripheral/src/ch32v20x_usart.o
                0x000000000000332e                USART_SendData
 .text.USART_GetFlagStatus
                0x0000000000003336        0xa ./Peripheral/src/ch32v20x_usart.o
                0x0000000000003336                USART_GetFlagStatus
 .text.vRCFilterConfig
                0x0000000000003340       0x2e ./HAL_LIB/filters.o
                0x0000000000003340                vRCFilterConfig
 .text.AddBufferData
                0x000000000000336e       0x20 ./HAL_LIB/filters.o
                0x000000000000336e                AddBufferData
 .text.GetConversional
                0x000000000000338e       0x4a ./HAL_LIB/filters.o
                0x000000000000338e                GetConversional
 .text.GetDataRegister
                0x00000000000033d8        0xa ./HAL_LIB/hw_data_model.o
                0x00000000000033d8                GetDataRegister
 .text.GetRegisterAddr
                0x00000000000033e2        0xc ./HAL_LIB/hw_data_model.o
                0x00000000000033e2                GetRegisterAddr
 .text.ClearDataModel
                0x00000000000033ee       0x1e ./HAL_LIB/hw_data_model.o
                0x00000000000033ee                ClearDataModel
 .text.setReg32
                0x000000000000340c       0x1e ./HAL_LIB/hw_data_model.o
                0x000000000000340c                setReg32
 .text.setReg16
                0x000000000000342a       0x12 ./HAL_LIB/hw_data_model.o
                0x000000000000342a                setReg16
 .text.setReg8  0x000000000000343c        0xe ./HAL_LIB/hw_data_model.o
                0x000000000000343c                setReg8
 .text.getReg16
                0x000000000000344a       0x14 ./HAL_LIB/hw_data_model.o
                0x000000000000344a                getReg16
 .text.getReg32
                0x000000000000345e       0x20 ./HAL_LIB/hw_data_model.o
                0x000000000000345e                getReg32
 .text.getReg8  0x000000000000347e        0xe ./HAL_LIB/hw_data_model.o
                0x000000000000347e                getReg8
 .text.vAINInit
                0x000000000000348c       0x36 ./HAL_LIB/hw_lib_adc.o
                0x000000000000348c                vAINInit
 .text.fGetAinCalData
                0x00000000000034c2       0x7a ./HAL_LIB/hw_lib_adc.o
                0x00000000000034c2                fGetAinCalData
 .text.eAinCalDataConfig
                0x000000000000353c       0x50 ./HAL_LIB/hw_lib_adc.o
                0x000000000000353c                eAinCalDataConfig
 .text.vABLineKoofFinde
                0x000000000000358c       0x6a ./HAL_LIB/hw_lib_adc.o
                0x000000000000358c                vABLineKoofFinde
 .text.eSetAinCalPoint
                0x00000000000035f6       0x64 ./HAL_LIB/hw_lib_adc.o
                0x00000000000035f6                eSetAinCalPoint
 .text.getADC1Buffer
                0x000000000000365a        0xa ./HAL_LIB/hw_lib_adc.o
                0x000000000000365a                getADC1Buffer
 .text.uGetDIN  0x0000000000003664       0x14 ./HAL_LIB/hw_lib_din.o
                0x0000000000003664                uGetDIN
 .text.eRPMConfig
                0x0000000000003678       0x5a ./HAL_LIB/hw_lib_din.o
                0x0000000000003678                eRPMConfig
 .text.RMPDataConvert
                0x00000000000036d2       0x4e ./HAL_LIB/hw_lib_din.o
                0x00000000000036d2                RMPDataConvert
 .text.GetRPM   0x0000000000003720       0x7a ./HAL_LIB/hw_lib_din.o
                0x0000000000003720                GetRPM
 .text.vDinDoutProcess
                0x000000000000379a       0x88 ./HAL_LIB/hw_lib_din.o
                0x000000000000379a                vDinDoutProcess
 .text.getCaputreBuffer
                0x0000000000003822       0x16 ./HAL_LIB/hw_lib_din.o
                0x0000000000003822                getCaputreBuffer
 .text.I2C_FSM  0x0000000000003838      0x198 ./HAL_LIB/hw_lib_eeprom_i2c.o
                0x0000000000003838                I2C_FSM
 .text.vInitEEPROM_I2C
                0x00000000000039d0       0x52 ./HAL_LIB/hw_lib_eeprom_i2c.o
                0x00000000000039d0                vInitEEPROM_I2C
 .text.eEEPROMWrFast
                0x0000000000003a22      0x104 ./HAL_LIB/hw_lib_eeprom_i2c.o
                0x0000000000003a22                eEEPROMWrFast
 .text.eEEPROMWr
                0x0000000000003b26       0xe2 ./HAL_LIB/hw_lib_eeprom_i2c.o
                0x0000000000003b26                eEEPROMWr
 .text.eEEPROMRd
                0x0000000000003c08       0x8a ./HAL_LIB/hw_lib_eeprom_i2c.o
                0x0000000000003c08                eEEPROMRd
 .text.bReadEEPROM
                0x0000000000003c92       0x1a ./HAL_LIB/hw_lib_eeprom_i2c.o
                0x0000000000003c92                bReadEEPROM
 .text.vHW_INIT_TIMEOUT
                0x0000000000003cac       0x1c ./HAL_LIB/hw_timeout.o
                0x0000000000003cac                vHW_INIT_TIMEOUT
 .text.vHW_PROCESS_TIMEOUT
                0x0000000000003cc8       0x26 ./HAL_LIB/hw_timeout.o
                0x0000000000003cc8                vHW_PROCESS_TIMEOUT
 .text.HAL_CANSetTXCallback
                0x0000000000003cee        0xa ./HAL_DRIVER/hal_can_ch32.o
                0x0000000000003cee                HAL_CANSetTXCallback
 .text.HAL_CANSetRXCallback
                0x0000000000003cf8        0xa ./HAL_DRIVER/hal_can_ch32.o
                0x0000000000003cf8                HAL_CANSetRXCallback
 .text.HAL_CANSetERRCallback
                0x0000000000003d02        0xa ./HAL_DRIVER/hal_can_ch32.o
                0x0000000000003d02                HAL_CANSetERRCallback
 .text.HAL_CANIntIT
                0x0000000000003d0c      0x13c ./HAL_DRIVER/hal_can_ch32.o
                0x0000000000003d0c                HAL_CANIntIT
 .text.HAL_CANToInitMode
                0x0000000000003e48       0x30 ./HAL_DRIVER/hal_can_ch32.o
                0x0000000000003e48                HAL_CANToInitMode
 .text.HAL_CANToOperatingMode
                0x0000000000003e78       0x26 ./HAL_DRIVER/hal_can_ch32.o
                0x0000000000003e78                HAL_CANToOperatingMode
 .text.HAL_CANSend
                0x0000000000003e9e       0xae ./HAL_DRIVER/hal_can_ch32.o
                0x0000000000003e9e                HAL_CANSend
 .text.HAL_CANSetFiters
                0x0000000000003f4c       0xc4 ./HAL_DRIVER/hal_can_ch32.o
                0x0000000000003f4c                HAL_CANSetFiters
 .text.HAL_CANGetRXMessage
                0x0000000000004010       0xb0 ./HAL_DRIVER/hal_can_ch32.o
                0x0000000000004010                HAL_CANGetRXMessage
 .text.USB_HP_CAN1_TX_IRQHandler
                0x00000000000040c0       0x60 ./HAL_DRIVER/hal_can_ch32.o
                0x00000000000040c0                USB_HP_CAN1_TX_IRQHandler
 .text.USB_LP_CAN1_RX0_IRQHandler
                0x0000000000004120       0x5e ./HAL_DRIVER/hal_can_ch32.o
                0x0000000000004120                USB_LP_CAN1_RX0_IRQHandler
 .text.CAN1_RX1_IRQHandler
                0x000000000000417e       0x5e ./HAL_DRIVER/hal_can_ch32.o
                0x000000000000417e                CAN1_RX1_IRQHandler
 .text.CAN1_SCE_IRQHandler
                0x00000000000041dc       0x5c ./HAL_DRIVER/hal_can_ch32.o
                0x00000000000041dc                CAN1_SCE_IRQHandler
 .text.HAL_InitGPIO
                0x0000000000004238       0xba ./HAL_DRIVER/hal_gpio_ch32.o
                0x0000000000004238                HAL_InitGPIO
 .text.HAL_InitGpioOut
                0x00000000000042f2       0x10 ./HAL_DRIVER/hal_gpio_ch32.o
                0x00000000000042f2                HAL_InitGpioOut
 .text.HAL_InitGpioAIN
                0x0000000000004302       0x10 ./HAL_DRIVER/hal_gpio_ch32.o
                0x0000000000004302                HAL_InitGpioAIN
 .text.HAL_InitGpioIn
                0x0000000000004312       0x10 ./HAL_DRIVER/hal_gpio_ch32.o
                0x0000000000004312                HAL_InitGpioIn
 .text.HAL_InitGpioAF
                0x0000000000004322       0x34 ./HAL_DRIVER/hal_gpio_ch32.o
                0x0000000000004322                HAL_InitGpioAF
 .text.HAL_GetBit
                0x0000000000004356        0xa ./HAL_DRIVER/hal_gpio_ch32.o
                0x0000000000004356                HAL_GetBit
 .text.HAL_SetBit
                0x0000000000004360        0x4 ./HAL_DRIVER/hal_gpio_ch32.o
                0x0000000000004360                HAL_SetBit
 .text.HAL_ResetBit
                0x0000000000004364        0x4 ./HAL_DRIVER/hal_gpio_ch32.o
                0x0000000000004364                HAL_ResetBit
 .text.HAL_InitGPO
                0x0000000000004368       0x14 ./HAL_DRIVER/hal_gpio_ch32.o
                0x0000000000004368                HAL_InitGPO
 .text.HAL_I2C_Init
                0x000000000000437c       0xf4 ./HAL_DRIVER/hal_i2c_ch32.o
                0x000000000000437c                HAL_I2C_Init
 .text.HAL_I2C_GET_STAR2
                0x0000000000004470        0xe ./HAL_DRIVER/hal_i2c_ch32.o
                0x0000000000004470                HAL_I2C_GET_STAR2
 .text.HAL_I2C_GET_STAR1
                0x000000000000447e        0xe ./HAL_DRIVER/hal_i2c_ch32.o
                0x000000000000447e                HAL_I2C_GET_STAR1
 .text.HAL_I2C_ENABLE
                0x000000000000448c       0x14 ./HAL_DRIVER/hal_i2c_ch32.o
                0x000000000000448c                HAL_I2C_ENABLE
 .text.InitI2CIT
                0x00000000000044a0       0x6e ./HAL_DRIVER/hal_i2c_ch32.o
                0x00000000000044a0                InitI2CIT
 .text.HAL_I2C_DISABLE
                0x000000000000450e       0x1a ./HAL_DRIVER/hal_i2c_ch32.o
                0x000000000000450e                HAL_I2C_DISABLE
 .text.I2C_IT_ENABLE
                0x0000000000004528       0x12 ./HAL_DRIVER/hal_i2c_ch32.o
                0x0000000000004528                I2C_IT_ENABLE
 .text.I2C_IT_DISABLE
                0x000000000000453a       0x16 ./HAL_DRIVER/hal_i2c_ch32.o
                0x000000000000453a                I2C_IT_DISABLE
 .text.HAL_I2C_STOP
                0x0000000000004550       0x14 ./HAL_DRIVER/hal_i2c_ch32.o
                0x0000000000004550                HAL_I2C_STOP
 .text.HAL_I2C_START
                0x0000000000004564       0x14 ./HAL_DRIVER/hal_i2c_ch32.o
                0x0000000000004564                HAL_I2C_START
 .text.HAL_I2C_SEND
                0x0000000000004578        0xe ./HAL_DRIVER/hal_i2c_ch32.o
                0x0000000000004578                HAL_I2C_SEND
 .text.HAL_I2C_SEND_ADDR_TRANS
                0x0000000000004586       0x12 ./HAL_DRIVER/hal_i2c_ch32.o
                0x0000000000004586                HAL_I2C_SEND_ADDR_TRANS
 .text.HAL_I2C_SEND_ADDR_RECIEVE
                0x0000000000004598       0x16 ./HAL_DRIVER/hal_i2c_ch32.o
                0x0000000000004598                HAL_I2C_SEND_ADDR_RECIEVE
 .text.HAL_I2C_ACK_ENABLE
                0x00000000000045ae       0x14 ./HAL_DRIVER/hal_i2c_ch32.o
                0x00000000000045ae                HAL_I2C_ACK_ENABLE
 .text.HAL_I2C_ACK_DISABLE
                0x00000000000045c2       0x1c ./HAL_DRIVER/hal_i2c_ch32.o
                0x00000000000045c2                HAL_I2C_ACK_DISABLE
 .text.HAL_I2C_ClearFlag
                0x00000000000045de       0x20 ./HAL_DRIVER/hal_i2c_ch32.o
                0x00000000000045de                HAL_I2C_ClearFlag
 .text.HAL_I2C_READ_DATA
                0x00000000000045fe        0xe ./HAL_DRIVER/hal_i2c_ch32.o
                0x00000000000045fe                HAL_I2C_READ_DATA
 .text.I2C1_EV_IRQHandler
                0x000000000000460c       0x52 ./HAL_DRIVER/hal_i2c_ch32.o
                0x000000000000460c                I2C1_EV_IRQHandler
 .text.I2C1_ER_IRQHandler
                0x000000000000465e       0x52 ./HAL_DRIVER/hal_i2c_ch32.o
                0x000000000000465e                I2C1_ER_IRQHandler
 .text.HAL_InitAPB1
                0x00000000000046b0       0x1c ./HAL_DRIVER/hal_irq.o
                0x00000000000046b0                HAL_InitAPB1
 .text.HAL_InitAPB2
                0x00000000000046cc       0x1c ./HAL_DRIVER/hal_irq.o
                0x00000000000046cc                HAL_InitAPB2
 .text.PFIC_IRQ_ENABLE_PG1
                0x00000000000046e8       0x34 ./HAL_DRIVER/hal_irq.o
                0x00000000000046e8                PFIC_IRQ_ENABLE_PG1
 .text.RTC_IRQHandler
                0x000000000000471c       0x78 ./HAL_DRIVER/hal_rtc_ch32.o
                0x000000000000471c                RTC_IRQHandler
 .text.HAL_SPI_RXOveleyClear
                0x0000000000004794       0x1e ./HAL_DRIVER/hal_spi_ch32.o
                0x0000000000004794                HAL_SPI_RXOveleyClear
 .text.HAL_SPI_GetBusy
                0x00000000000047b2       0x10 ./HAL_DRIVER/hal_spi_ch32.o
                0x00000000000047b2                HAL_SPI_GetBusy
 .text.HAL_WDTReset
                0x00000000000047c2        0xe ./HAL_DRIVER/hal_wdt_ch32.o
                0x00000000000047c2                HAL_WDTReset
 .text.Get_ConversionVal
                0x00000000000047d0       0x2e ./HAL/hal_adc_ch32.o
                0x00000000000047d0                Get_ConversionVal
 .text.HAL_ADC_RegularChannelConfig
                0x00000000000047fe       0x46 ./HAL/hal_adc_ch32.o
                0x00000000000047fe                HAL_ADC_RegularChannelConfig
 .text.HAL_ADC_ContiniusScanCinvertionDMA
                0x0000000000004844       0xce ./HAL/hal_adc_ch32.o
                0x0000000000004844                HAL_ADC_ContiniusScanCinvertionDMA
 .text.HAL_ADC_StartDMA
                0x0000000000004912       0x42 ./HAL/hal_adc_ch32.o
                0x0000000000004912                HAL_ADC_StartDMA
 .text.ADC1_2_IRQHandler
                0x0000000000004954       0x74 ./HAL/hal_adc_ch32.o
                0x0000000000004954                ADC1_2_IRQHandler
 .text.DMA_IRQ  0x00000000000049c8       0x3a ./HAL/hal_dma_ch32.o
 .text.HAL_DMA_Enable
                0x0000000000004a02       0x18 ./HAL/hal_dma_ch32.o
                0x0000000000004a02                HAL_DMA_Enable
 .text.HAL_DMA_Disable
                0x0000000000004a1a       0x1a ./HAL/hal_dma_ch32.o
                0x0000000000004a1a                HAL_DMA_Disable
 .text.HAL_DMAInitIT
                0x0000000000004a34       0xa0 ./HAL/hal_dma_ch32.o
                0x0000000000004a34                HAL_DMAInitIT
 .text.HAL_DMA_SetCounter
                0x0000000000004ad4       0x12 ./HAL/hal_dma_ch32.o
                0x0000000000004ad4                HAL_DMA_SetCounter
 .text.HAL_DMA_ITENABLE
                0x0000000000004ae6       0x16 ./HAL/hal_dma_ch32.o
                0x0000000000004ae6                HAL_DMA_ITENABLE
 .text.HAL_DMA_SetCouterAndEnable
                0x0000000000004afc       0x1a ./HAL/hal_dma_ch32.o
                0x0000000000004afc                HAL_DMA_SetCouterAndEnable
 .text.DMA1_Channel1_IRQHandler
                0x0000000000004b16       0x4e ./HAL/hal_dma_ch32.o
                0x0000000000004b16                DMA1_Channel1_IRQHandler
 .text.DMA1_Channel3_IRQHandler
                0x0000000000004b64       0x4e ./HAL/hal_dma_ch32.o
                0x0000000000004b64                DMA1_Channel3_IRQHandler
 .text.DMA1_Channel4_IRQHandler
                0x0000000000004bb2       0x4e ./HAL/hal_dma_ch32.o
                0x0000000000004bb2                DMA1_Channel4_IRQHandler
 .text.DMA1_Channel5_IRQHandler
                0x0000000000004c00       0x4e ./HAL/hal_dma_ch32.o
                0x0000000000004c00                DMA1_Channel5_IRQHandler
 .text.DMA1_Channel7_IRQHandler
                0x0000000000004c4e       0x4e ./HAL/hal_dma_ch32.o
                0x0000000000004c4e                DMA1_Channel7_IRQHandler
 .text.TIM4_IRQHandler
                0x0000000000004c9c       0x70 ./HAL/hal_timers_ch32.o
                0x0000000000004c9c                TIM4_IRQHandler
 .text.HAL_TiemrEneblae
                0x0000000000004d0c       0x16 ./HAL/hal_timers_ch32.o
                0x0000000000004d0c                HAL_TiemrEneblae
 .text.HAL_TiemrDisable
                0x0000000000004d22       0x1c ./HAL/hal_timers_ch32.o
                0x0000000000004d22                HAL_TiemrDisable
 .text.HW_TIMER_BaseTimerInit
                0x0000000000004d3e       0x54 ./HAL/hal_timers_ch32.o
                0x0000000000004d3e                HW_TIMER_BaseTimerInit
 .text.HAL_TIMER_InitIt
                0x0000000000004d92       0x60 ./HAL/hal_timers_ch32.o
                0x0000000000004d92                HAL_TIMER_InitIt
 .text.HAL_TIMER_PWMTimersInit
                0x0000000000004df2       0xc2 ./HAL/hal_timers_ch32.o
                0x0000000000004df2                HAL_TIMER_PWMTimersInit
 .text.HAL_TimeInitCaptureDMA
                0x0000000000004eb4       0xec ./HAL/hal_timers_ch32.o
                0x0000000000004eb4                HAL_TimeInitCaptureDMA
 .text.HAL_TIMER_SetPWMPulse
                0x0000000000004fa0       0x88 ./HAL/hal_timers_ch32.o
                0x0000000000004fa0                HAL_TIMER_SetPWMPulse
 .text.HAL_TIMER_EnablePWMCH
                0x0000000000005028       0x1a ./HAL/hal_timers_ch32.o
                0x0000000000005028                HAL_TIMER_EnablePWMCH
 .text.prvInsertBlockIntoFreeList
                0x0000000000005042       0x4c ./FreeRTOS/portable/MemMang/heap_4.o
 .text.pvPortMalloc
                0x000000000000508e      0x18a ./FreeRTOS/portable/MemMang/heap_4.o
                0x000000000000508e                pvPortMalloc
 .text.vPortSetupTimerInterrupt
                0x0000000000005218       0x3e ./FreeRTOS/portable/GCC/RISC-V/port.o
                0x0000000000005218                vPortSetupTimerInterrupt
 .text.xPortStartScheduler
                0x0000000000005256       0x90 ./FreeRTOS/portable/GCC/RISC-V/port.o
                0x0000000000005256                xPortStartScheduler
 .text.SysTick_Handler
                0x00000000000052e6       0x7c ./FreeRTOS/portable/GCC/RISC-V/port.o
                0x00000000000052e6                SysTick_Handler
 .text.vPortEnterCritical
                0x0000000000005362       0x16 ./FreeRTOS/portable/GCC/RISC-V/port.o
                0x0000000000005362                vPortEnterCritical
 .text.vPortExitCritical
                0x0000000000005378       0x42 ./FreeRTOS/portable/GCC/RISC-V/port.o
                0x0000000000005378                vPortExitCritical
 .text.xPortSetInterruptMask
                0x00000000000053ba        0xc ./FreeRTOS/portable/GCC/RISC-V/port.o
                0x00000000000053ba                xPortSetInterruptMask
 .text.vPortClearInterruptMask
                0x00000000000053c6        0x6 ./FreeRTOS/portable/GCC/RISC-V/port.o
                0x00000000000053c6                vPortClearInterruptMask
 .text.vListInitialise
                0x00000000000053cc       0x14 ./FreeRTOS/list.o
                0x00000000000053cc                vListInitialise
 .text.vListInitialiseItem
                0x00000000000053e0        0x6 ./FreeRTOS/list.o
                0x00000000000053e0                vListInitialiseItem
 .text.vListInsertEnd
                0x00000000000053e6       0x18 ./FreeRTOS/list.o
                0x00000000000053e6                vListInsertEnd
 .text.vListInsert
                0x00000000000053fe       0x2e ./FreeRTOS/list.o
                0x00000000000053fe                vListInsert
 .text.uxListRemove
                0x000000000000542c       0x20 ./FreeRTOS/list.o
                0x000000000000542c                uxListRemove
 .text.prvIsQueueEmpty
                0x000000000000544c       0x1e ./FreeRTOS/queue.o
 .text.prvCopyDataToQueue
                0x000000000000546a       0x72 ./FreeRTOS/queue.o
 .text.prvCopyDataFromQueue
                0x00000000000054dc       0x28 ./FreeRTOS/queue.o
 .text.prvUnlockQueue
                0x0000000000005504       0x76 ./FreeRTOS/queue.o
 .text.xQueueGenericReset
                0x000000000000557a       0xc4 ./FreeRTOS/queue.o
                0x000000000000557a                xQueueGenericReset
 .text.xQueueGenericCreateStatic
                0x000000000000563e       0xae ./FreeRTOS/queue.o
                0x000000000000563e                xQueueGenericCreateStatic
 .text.xQueueGenericCreate
                0x00000000000056ec       0x72 ./FreeRTOS/queue.o
                0x00000000000056ec                xQueueGenericCreate
 .text.xQueueGenericSend
                0x000000000000575e      0x178 ./FreeRTOS/queue.o
                0x000000000000575e                xQueueGenericSend
 .text.xQueueGiveMutexRecursive
                0x00000000000058d6       0x56 ./FreeRTOS/queue.o
                0x00000000000058d6                xQueueGiveMutexRecursive
 .text.xQueueCreateMutex
                0x000000000000592c       0x2e ./FreeRTOS/queue.o
                0x000000000000592c                xQueueCreateMutex
 .text.xQueueReceive
                0x000000000000595a      0x138 ./FreeRTOS/queue.o
                0x000000000000595a                xQueueReceive
 .text.xQueueSemaphoreTake
                0x0000000000005a92      0x18e ./FreeRTOS/queue.o
                0x0000000000005a92                xQueueSemaphoreTake
 .text.xQueueTakeMutexRecursive
                0x0000000000005c20       0x5a ./FreeRTOS/queue.o
                0x0000000000005c20                xQueueTakeMutexRecursive
 .text.uxQueueMessagesWaiting
                0x0000000000005c7a       0x44 ./FreeRTOS/queue.o
                0x0000000000005c7a                uxQueueMessagesWaiting
 .text.prvIdleTask
                0x0000000000005cbe        0x2 ./FreeRTOS/tasks.o
 .text.prvAddNewTaskToReadyList
                0x0000000000005cc0      0x116 ./FreeRTOS/tasks.o
 .text.prvResetNextTaskUnblockTime
                0x0000000000005dd6       0x24 ./FreeRTOS/tasks.o
 .text.prvTaskIsTaskSuspended
                0x0000000000005dfa       0x50 ./FreeRTOS/tasks.o
 .text.prvInitialiseNewTask.isra.2
                0x0000000000005e4a       0xc8 ./FreeRTOS/tasks.o
 .text.prvAddCurrentTaskToDelayedList
                0x0000000000005f12       0xac ./FreeRTOS/tasks.o
 .text.xTaskCreateStatic
                0x0000000000005fbe       0xa6 ./FreeRTOS/tasks.o
                0x0000000000005fbe                xTaskCreateStatic
 .text.vTaskResume
                0x0000000000006064       0xaa ./FreeRTOS/tasks.o
                0x0000000000006064                vTaskResume
 .text.vTaskStartScheduler
                0x000000000000610e       0x68 ./FreeRTOS/tasks.o
                0x000000000000610e                vTaskStartScheduler
 .text.vTaskSuspendAll
                0x0000000000006176       0x10 ./FreeRTOS/tasks.o
                0x0000000000006176                vTaskSuspendAll
 .text.xTaskGetTickCount
                0x0000000000006186        0xa ./FreeRTOS/tasks.o
                0x0000000000006186                xTaskGetTickCount
 .text.xTaskIncrementTick
                0x0000000000006190      0x1ac ./FreeRTOS/tasks.o
                0x0000000000006190                xTaskIncrementTick
 .text.xTaskResumeAll
                0x000000000000633c      0x168 ./FreeRTOS/tasks.o
                0x000000000000633c                xTaskResumeAll
 .text.vTaskDelay
                0x00000000000064a4       0x66 ./FreeRTOS/tasks.o
                0x00000000000064a4                vTaskDelay
 .text.vTaskSwitchContext
                0x000000000000650a       0x9a ./FreeRTOS/tasks.o
                0x000000000000650a                vTaskSwitchContext
 .text.vTaskSuspend
                0x00000000000065a4       0xee ./FreeRTOS/tasks.o
                0x00000000000065a4                vTaskSuspend
 .text.vTaskPlaceOnEventList
                0x0000000000006692       0x48 ./FreeRTOS/tasks.o
                0x0000000000006692                vTaskPlaceOnEventList
 .text.xTaskRemoveFromEventList
                0x00000000000066da       0xec ./FreeRTOS/tasks.o
                0x00000000000066da                xTaskRemoveFromEventList
 .text.vTaskInternalSetTimeOutState
                0x00000000000067c6       0x16 ./FreeRTOS/tasks.o
                0x00000000000067c6                vTaskInternalSetTimeOutState
 .text.xTaskCheckForTimeOut
                0x00000000000067dc       0xb2 ./FreeRTOS/tasks.o
                0x00000000000067dc                xTaskCheckForTimeOut
 .text.vTaskMissedYield
                0x000000000000688e        0xc ./FreeRTOS/tasks.o
                0x000000000000688e                vTaskMissedYield
 .text.xTaskGetCurrentTaskHandle
                0x000000000000689a        0xa ./FreeRTOS/tasks.o
                0x000000000000689a                xTaskGetCurrentTaskHandle
 .text.xTaskPriorityInherit
                0x00000000000068a4       0xae ./FreeRTOS/tasks.o
                0x00000000000068a4                xTaskPriorityInherit
 .text.xTaskPriorityDisinherit
                0x0000000000006952       0xca ./FreeRTOS/tasks.o
                0x0000000000006952                xTaskPriorityDisinherit
 .text.vTaskPriorityDisinheritAfterTimeout
                0x0000000000006a1c       0xe6 ./FreeRTOS/tasks.o
                0x0000000000006a1c                vTaskPriorityDisinheritAfterTimeout
 .text.pvTaskIncrementMutexHeldCount
                0x0000000000006b02       0x1c ./FreeRTOS/tasks.o
                0x0000000000006b02                pvTaskIncrementMutexHeldCount
 .text.ulTaskGenericNotifyTake
                0x0000000000006b1e       0xb8 ./FreeRTOS/tasks.o
                0x0000000000006b1e                ulTaskGenericNotifyTake
 .text.xTaskGenericNotifyWait
                0x0000000000006bd6       0xe6 ./FreeRTOS/tasks.o
                0x0000000000006bd6                xTaskGenericNotifyWait
 .text.xTaskGenericNotifyFromISR
                0x0000000000006cbc      0x1f4 ./FreeRTOS/tasks.o
                0x0000000000006cbc                xTaskGenericNotifyFromISR
 .text.Delay_Init
                0x0000000000006eb0       0x32 ./Debug/debug.o
                0x0000000000006eb0                Delay_Init
 .text.Delay_Ms
                0x0000000000006ee2       0x3a ./Debug/debug.o
                0x0000000000006ee2                Delay_Ms
 .text.USART_Printf_Init
                0x0000000000006f1c       0x5a ./Debug/debug.o
                0x0000000000006f1c                USART_Printf_Init
 .text._write   0x0000000000006f76       0x3e ./Debug/debug.o
                0x0000000000006f76                _write
 .text._sbrk    0x0000000000006fb4       0x2a ./Debug/debug.o
                0x0000000000006fb4                _sbrk
 .text.__get_MEPC
                0x0000000000006fde        0x6 ./Core/core_riscv.o
                0x0000000000006fde                __get_MEPC
 .text.__get_MCAUSE
                0x0000000000006fe4        0x6 ./Core/core_riscv.o
                0x0000000000006fe4                __get_MCAUSE
 .text.__get_MTVAL
                0x0000000000006fea        0x6 ./Core/core_riscv.o
                0x0000000000006fea                __get_MTVAL
 .text.prv_read_can_received_msg
                0x0000000000006ff0       0x54 ./CANopenNode/keypad/CO_driver_ST32F103.o
                0x0000000000006ff0                prv_read_can_received_msg
 .text.prv_send_can_message.isra.0
                0x0000000000007044       0x2c ./CANopenNode/keypad/CO_driver_ST32F103.o
 .text.CAN_SendMessage
                0x0000000000007070       0x6a ./CANopenNode/keypad/CO_driver_ST32F103.o
                0x0000000000007070                CAN_SendMessage
 .text.co_drv_create_os_objects
                0x00000000000070da       0x30 ./CANopenNode/keypad/CO_driver_ST32F103.o
                0x00000000000070da                co_drv_create_os_objects
 .text.co_drv_mutex_lock
                0x000000000000710a       0x18 ./CANopenNode/keypad/CO_driver_ST32F103.o
                0x000000000000710a                co_drv_mutex_lock
 .text.co_drv_mutex_unlock
                0x0000000000007122       0x16 ./CANopenNode/keypad/CO_driver_ST32F103.o
                0x0000000000007122                co_drv_mutex_unlock
 .text.CO_CANsetConfigurationMode
                0x0000000000007138       0x10 ./CANopenNode/keypad/CO_driver_ST32F103.o
                0x0000000000007138                CO_CANsetConfigurationMode
 .text.CO_CANsetNormalMode
                0x0000000000007148       0x1c ./CANopenNode/keypad/CO_driver_ST32F103.o
                0x0000000000007148                CO_CANsetNormalMode
 .text.CO_CANmodule_init
                0x0000000000007164      0x114 ./CANopenNode/keypad/CO_driver_ST32F103.o
                0x0000000000007164                CO_CANmodule_init
 .text.CO_CANmodule_disable
                0x0000000000007278       0x14 ./CANopenNode/keypad/CO_driver_ST32F103.o
                0x0000000000007278                CO_CANmodule_disable
 .text.CO_CANrxBufferInit
                0x000000000000728c       0x52 ./CANopenNode/keypad/CO_driver_ST32F103.o
                0x000000000000728c                CO_CANrxBufferInit
 .text.CO_CANtxBufferInit
                0x00000000000072de       0x3a ./CANopenNode/keypad/CO_driver_ST32F103.o
                0x00000000000072de                CO_CANtxBufferInit
 .text.CO_CANmodule_process
                0x0000000000007318       0x12 ./CANopenNode/keypad/CO_driver_ST32F103.o
                0x0000000000007318                CO_CANmodule_process
 .text.CO_CANsend
                0x000000000000732a       0x46 ./CANopenNode/keypad/CO_driver_ST32F103.o
                0x000000000000732a                CO_CANsend
 .text.CO_LSSslave_receive
                0x0000000000007370      0x1a8 ./CANopenNode/305/CO_LSSslave.o
 .text.CO_LSSslave_init
                0x0000000000007518       0xa4 ./CANopenNode/305/CO_LSSslave.o
                0x0000000000007518                CO_LSSslave_init
 .text.CO_LSSslave_process
                0x00000000000075bc      0x1a2 ./CANopenNode/305/CO_LSSslave.o
                0x00000000000075bc                CO_LSSslave_process
 .text.OD_write_1003
                0x000000000000775e       0x28 ./CANopenNode/301/CO_Emergency.o
 .text.OD_read_1003
                0x0000000000007786       0x8c ./CANopenNode/301/CO_Emergency.o
 .text.OD_read_1014_default
                0x0000000000007812       0x50 ./CANopenNode/301/CO_Emergency.o
 .text.CO_EM_init
                0x0000000000007862      0x112 ./CANopenNode/301/CO_Emergency.o
                0x0000000000007862                CO_EM_init
 .text.CO_error
                0x0000000000007974       0xc4 ./CANopenNode/301/CO_Emergency.o
                0x0000000000007974                CO_error
 .text.CO_EM_process
                0x0000000000007a38      0x182 ./CANopenNode/301/CO_Emergency.o
                0x0000000000007a38                CO_EM_process
 .text.CO_NMT_receive
                0x0000000000007bba       0x18 ./CANopenNode/301/CO_NMT_Heartbeat.o
 .text.OD_write_1017
                0x0000000000007bd2       0x48 ./CANopenNode/301/CO_NMT_Heartbeat.o
 .text.CO_NMT_init
                0x0000000000007c1a       0xec ./CANopenNode/301/CO_NMT_Heartbeat.o
                0x0000000000007c1a                CO_NMT_init
 .text.CO_NMT_process
                0x0000000000007d06      0x106 ./CANopenNode/301/CO_NMT_Heartbeat.o
                0x0000000000007d06                CO_NMT_process
 .text.OD_readDisabled
                0x0000000000007e0c        0x4 ./CANopenNode/301/CO_ODinterface.o
 .text.OD_readOriginal
                0x0000000000007e10       0x50 ./CANopenNode/301/CO_ODinterface.o
                0x0000000000007e10                OD_readOriginal
 .text.OD_writeOriginal
                0x0000000000007e60       0x54 ./CANopenNode/301/CO_ODinterface.o
                0x0000000000007e60                OD_writeOriginal
 .text.OD_writeDisabled
                0x0000000000007eb4        0x4 ./CANopenNode/301/CO_ODinterface.o
 .text.OD_find  0x0000000000007eb8       0x70 ./CANopenNode/301/CO_ODinterface.o
                0x0000000000007eb8                OD_find
 .text.OD_getSub
                0x0000000000007f28       0xf6 ./CANopenNode/301/CO_ODinterface.o
                0x0000000000007f28                OD_getSub
 .text.OD_getSDOabCode
                0x000000000000801e       0x20 ./CANopenNode/301/CO_ODinterface.o
                0x000000000000801e                OD_getSDOabCode
 .text.OD_get_value
                0x000000000000803e       0x34 ./CANopenNode/301/CO_ODinterface.o
                0x000000000000803e                OD_get_value
 .text.OD_set_value
                0x0000000000008072       0x2e ./CANopenNode/301/CO_ODinterface.o
                0x0000000000008072                OD_set_value
 .text.OD_getPtr
                0x00000000000080a0       0x3c ./CANopenNode/301/CO_ODinterface.o
                0x00000000000080a0                OD_getPtr
 .text.OD_write_dummy
                0x00000000000080dc        0x8 ./CANopenNode/301/CO_PDO.o
 .text.OD_read_dummy
                0x00000000000080e4       0x2e ./CANopenNode/301/CO_PDO.o
 .text.PDOconfigMap
                0x0000000000008112      0x100 ./CANopenNode/301/CO_PDO.o
 .text.CO_PDO_receive
                0x0000000000008212       0x48 ./CANopenNode/301/CO_PDO.o
 .text.OD_read_PDO_commParam
                0x000000000000825a       0x70 ./CANopenNode/301/CO_PDO.o
 .text.PDO_initMapping.constprop.3
                0x00000000000082ca       0xe6 ./CANopenNode/301/CO_PDO.o
 .text.OD_write_PDO_mapping
                0x00000000000083b0       0xb4 ./CANopenNode/301/CO_PDO.o
 .text.OD_write_18xx
                0x0000000000008464      0x184 ./CANopenNode/301/CO_PDO.o
 .text.OD_write_14xx
                0x00000000000085e8      0x15a ./CANopenNode/301/CO_PDO.o
 .text.CO_RPDO_init
                0x0000000000008742      0x172 ./CANopenNode/301/CO_PDO.o
                0x0000000000008742                CO_RPDO_init
 .text.CO_RPDO_process
                0x00000000000088b4      0x114 ./CANopenNode/301/CO_PDO.o
                0x00000000000088b4                CO_RPDO_process
 .text.CO_TPDO_init
                0x00000000000089c8      0x1d2 ./CANopenNode/301/CO_PDO.o
                0x00000000000089c8                CO_TPDO_init
 .text.CO_TPDO_process
                0x0000000000008b9a      0x15e ./CANopenNode/301/CO_PDO.o
                0x0000000000008b9a                CO_TPDO_process
 .text.CO_SDOserver_init_canRxTx
                0x0000000000008cf8       0x82 ./CANopenNode/301/CO_SDOserver.o
 .text.CO_SDO_receive
                0x0000000000008d7a       0x38 ./CANopenNode/301/CO_SDOserver.o
 .text.readFromOd.isra.1.constprop.5
                0x0000000000008db2       0xe2 ./CANopenNode/301/CO_SDOserver.o
 .text.OD_write_1201_additional
                0x0000000000008e94      0x158 ./CANopenNode/301/CO_SDOserver.o
 .text.CO_SDOserver_init
                0x0000000000008fec      0x172 ./CANopenNode/301/CO_SDOserver.o
                0x0000000000008fec                CO_SDOserver_init
 .text.CO_SDOserver_process
                0x000000000000915e      0x5e8 ./CANopenNode/301/CO_SDOserver.o
                0x000000000000915e                CO_SDOserver_process
 .text.CO_delete
                0x0000000000009746       0x56 ./CANopenNode/CANopen.o
                0x0000000000009746                CO_delete
 .text.CO_new   0x000000000000979c      0x102 ./CANopenNode/CANopen.o
                0x000000000000979c                CO_new
 .text.CO_CANinit
                0x000000000000989e       0x36 ./CANopenNode/CANopen.o
                0x000000000000989e                CO_CANinit
 .text.CO_LSSinit
                0x00000000000098d4       0x32 ./CANopenNode/CANopen.o
                0x00000000000098d4                CO_LSSinit
 .text.CO_CANopenInit
                0x0000000000009906       0xb8 ./CANopenNode/CANopen.o
                0x0000000000009906                CO_CANopenInit
 .text.CO_CANopenInitPDO
                0x00000000000099be       0xea ./CANopenNode/CANopen.o
                0x00000000000099be                CO_CANopenInitPDO
 .text.CO_process
                0x0000000000009aa8       0x7e ./CANopenNode/CANopen.o
                0x0000000000009aa8                CO_process
 .text.CO_process_RPDO
                0x0000000000009b26       0x40 ./CANopenNode/CANopen.o
                0x0000000000009b26                CO_process_RPDO
 .text.CO_process_TPDO
                0x0000000000009b66       0x40 ./CANopenNode/CANopen.o
                0x0000000000009b66                CO_process_TPDO
 .text.__divdf3
                0x0000000000009ba6      0x5b4 c:/mounriver/mounriver_studio/toolchain/risc-v embedded gcc/bin/../lib/gcc/riscv-none-embed/8.2.0/rv32imacxw/ilp32\libgcc.a(divdf3.o)
                0x0000000000009ba6                __divdf3
 .text.__muldf3
                0x000000000000a15a      0x4b8 c:/mounriver/mounriver_studio/toolchain/risc-v embedded gcc/bin/../lib/gcc/riscv-none-embed/8.2.0/rv32imacxw/ilp32\libgcc.a(muldf3.o)
                0x000000000000a15a                __muldf3
 .text.__fixunsdfsi
                0x000000000000a612       0x5c c:/mounriver/mounriver_studio/toolchain/risc-v embedded gcc/bin/../lib/gcc/riscv-none-embed/8.2.0/rv32imacxw/ilp32\libgcc.a(fixunsdfsi.o)
                0x000000000000a612                __fixunsdfsi
 .text.__floatunsidf
                0x000000000000a66e       0x68 c:/mounriver/mounriver_studio/toolchain/risc-v embedded gcc/bin/../lib/gcc/riscv-none-embed/8.2.0/rv32imacxw/ilp32\libgcc.a(floatunsidf.o)
                0x000000000000a66e                __floatunsidf
 .text.__addsf3
                0x000000000000a6d6      0x36a c:/mounriver/mounriver_studio/toolchain/risc-v embedded gcc/bin/../lib/gcc/riscv-none-embed/8.2.0/rv32imacxw/ilp32\libgcc.a(addsf3.o)
                0x000000000000a6d6                __addsf3
 .text.__divsf3
                0x000000000000aa40      0x2b2 c:/mounriver/mounriver_studio/toolchain/risc-v embedded gcc/bin/../lib/gcc/riscv-none-embed/8.2.0/rv32imacxw/ilp32\libgcc.a(divsf3.o)
                0x000000000000aa40                __divsf3
 .text.__gesf2  0x000000000000acf2       0x86 c:/mounriver/mounriver_studio/toolchain/risc-v embedded gcc/bin/../lib/gcc/riscv-none-embed/8.2.0/rv32imacxw/ilp32\libgcc.a(gesf2.o)
                0x000000000000acf2                __gesf2
                0x000000000000acf2                __gtsf2
 .text.__lesf2  0x000000000000ad78       0x8c c:/mounriver/mounriver_studio/toolchain/risc-v embedded gcc/bin/../lib/gcc/riscv-none-embed/8.2.0/rv32imacxw/ilp32\libgcc.a(lesf2.o)
                0x000000000000ad78                __ltsf2
                0x000000000000ad78                __lesf2
 .text.__mulsf3
                0x000000000000ae04      0x294 c:/mounriver/mounriver_studio/toolchain/risc-v embedded gcc/bin/../lib/gcc/riscv-none-embed/8.2.0/rv32imacxw/ilp32\libgcc.a(mulsf3.o)
                0x000000000000ae04                __mulsf3
 .text.__subsf3
                0x000000000000b098      0x388 c:/mounriver/mounriver_studio/toolchain/risc-v embedded gcc/bin/../lib/gcc/riscv-none-embed/8.2.0/rv32imacxw/ilp32\libgcc.a(subsf3.o)
                0x000000000000b098                __subsf3
 .text.__fixsfsi
                0x000000000000b420       0x62 c:/mounriver/mounriver_studio/toolchain/risc-v embedded gcc/bin/../lib/gcc/riscv-none-embed/8.2.0/rv32imacxw/ilp32\libgcc.a(fixsfsi.o)
                0x000000000000b420                __fixsfsi
 .text.__fixunssfsi
                0x000000000000b482       0x56 c:/mounriver/mounriver_studio/toolchain/risc-v embedded gcc/bin/../lib/gcc/riscv-none-embed/8.2.0/rv32imacxw/ilp32\libgcc.a(fixunssfsi.o)
                0x000000000000b482                __fixunssfsi
 .text.__floatsisf
                0x000000000000b4d8       0xc6 c:/mounriver/mounriver_studio/toolchain/risc-v embedded gcc/bin/../lib/gcc/riscv-none-embed/8.2.0/rv32imacxw/ilp32\libgcc.a(floatsisf.o)
                0x000000000000b4d8                __floatsisf
 .text.__floatunsisf
                0x000000000000b59e       0xce c:/mounriver/mounriver_studio/toolchain/risc-v embedded gcc/bin/../lib/gcc/riscv-none-embed/8.2.0/rv32imacxw/ilp32\libgcc.a(floatunsisf.o)
                0x000000000000b59e                __floatunsisf
 .text.__extendsfdf2
                0x000000000000b66c       0xac c:/mounriver/mounriver_studio/toolchain/risc-v embedded gcc/bin/../lib/gcc/riscv-none-embed/8.2.0/rv32imacxw/ilp32\libgcc.a(extendsfdf2.o)
                0x000000000000b66c                __extendsfdf2
 .text.__truncdfsf2
                0x000000000000b718      0x16a c:/mounriver/mounriver_studio/toolchain/risc-v embedded gcc/bin/../lib/gcc/riscv-none-embed/8.2.0/rv32imacxw/ilp32\libgcc.a(truncdfsf2.o)
                0x000000000000b718                __truncdfsf2
 .text.__clzsi2
                0x000000000000b882       0x6e c:/mounriver/mounriver_studio/toolchain/risc-v embedded gcc/bin/../lib/gcc/riscv-none-embed/8.2.0/rv32imacxw/ilp32\libgcc.a(_clzsi2.o)
                0x000000000000b882                __clzsi2
 .text.calloc   0x000000000000b8f0        0xc c:/mounriver/mounriver_studio/toolchain/risc-v embedded gcc/bin/../lib/gcc/riscv-none-embed/8.2.0/../../../../riscv-none-embed/lib/rv32imacxw/ilp32\libg_nano.a(lib_a-calloc.o)
                0x000000000000b8f0                calloc
 .text.free     0x000000000000b8fc        0xa c:/mounriver/mounriver_studio/toolchain/risc-v embedded gcc/bin/../lib/gcc/riscv-none-embed/8.2.0/../../../../riscv-none-embed/lib/rv32imacxw/ilp32\libg_nano.a(lib_a-malloc.o)
                0x000000000000b8fc                free
 .text.memcpy   0x000000000000b906       0xb2 c:/mounriver/mounriver_studio/toolchain/risc-v embedded gcc/bin/../lib/gcc/riscv-none-embed/8.2.0/../../../../riscv-none-embed/lib/rv32imacxw/ilp32\libg_nano.a(lib_a-memcpy.o)
                0x000000000000b906                memcpy
 .text.memmove  0x000000000000b9b8       0x46 c:/mounriver/mounriver_studio/toolchain/risc-v embedded gcc/bin/../lib/gcc/riscv-none-embed/8.2.0/../../../../riscv-none-embed/lib/rv32imacxw/ilp32\libg_nano.a(lib_a-memmove.o)
                0x000000000000b9b8                memmove
 .text._calloc_r
                0x000000000000b9fe       0x26 c:/mounriver/mounriver_studio/toolchain/risc-v embedded gcc/bin/../lib/gcc/riscv-none-embed/8.2.0/../../../../riscv-none-embed/lib/rv32imacxw/ilp32\libg_nano.a(lib_a-nano-callocr.o)
                0x000000000000b9fe                _calloc_r
 .text._free_r  0x000000000000ba24       0xa8 c:/mounriver/mounriver_studio/toolchain/risc-v embedded gcc/bin/../lib/gcc/riscv-none-embed/8.2.0/../../../../riscv-none-embed/lib/rv32imacxw/ilp32\libg_nano.a(lib_a-nano-freer.o)
                0x000000000000ba24                _free_r
 .text._malloc_r
                0x000000000000bacc       0xd4 c:/mounriver/mounriver_studio/toolchain/risc-v embedded gcc/bin/../lib/gcc/riscv-none-embed/8.2.0/../../../../riscv-none-embed/lib/rv32imacxw/ilp32\libg_nano.a(lib_a-nano-mallocr.o)
                0x000000000000bacc                _malloc_r
 .text.printf   0x000000000000bba0       0x40 c:/mounriver/mounriver_studio/toolchain/risc-v embedded gcc/bin/../lib/gcc/riscv-none-embed/8.2.0/../../../../riscv-none-embed/lib/rv32imacxw/ilp32\libg_nano.a(lib_a-printf.o)
                0x000000000000bba0                iprintf
                0x000000000000bba0                printf
 .text._puts_r  0x000000000000bbe0       0xd4 c:/mounriver/mounriver_studio/toolchain/risc-v embedded gcc/bin/../lib/gcc/riscv-none-embed/8.2.0/../../../../riscv-none-embed/lib/rv32imacxw/ilp32\libg_nano.a(lib_a-puts.o)
                0x000000000000bbe0                _puts_r
 .text.puts     0x000000000000bcb4        0xc c:/mounriver/mounriver_studio/toolchain/risc-v embedded gcc/bin/../lib/gcc/riscv-none-embed/8.2.0/../../../../riscv-none-embed/lib/rv32imacxw/ilp32\libg_nano.a(lib_a-puts.o)
                0x000000000000bcb4                puts
 .text._sbrk_r  0x000000000000bcc0       0x32 c:/mounriver/mounriver_studio/toolchain/risc-v embedded gcc/bin/../lib/gcc/riscv-none-embed/8.2.0/../../../../riscv-none-embed/lib/rv32imacxw/ilp32\libg_nano.a(lib_a-sbrkr.o)
                0x000000000000bcc0                _sbrk_r
 .text.strlen   0x000000000000bcf2       0x12 c:/mounriver/mounriver_studio/toolchain/risc-v embedded gcc/bin/../lib/gcc/riscv-none-embed/8.2.0/../../../../riscv-none-embed/lib/rv32imacxw/ilp32\libg_nano.a(lib_a-strlen.o)
                0x000000000000bcf2                strlen
 .text.__swbuf_r
                0x000000000000bd04       0xbc c:/mounriver/mounriver_studio/toolchain/risc-v embedded gcc/bin/../lib/gcc/riscv-none-embed/8.2.0/../../../../riscv-none-embed/lib/rv32imacxw/ilp32\libg_nano.a(lib_a-wbuf.o)
                0x000000000000bd04                __swbuf_r
 .text.__swsetup_r
                0x000000000000bdc0       0xfe c:/mounriver/mounriver_studio/toolchain/risc-v embedded gcc/bin/../lib/gcc/riscv-none-embed/8.2.0/../../../../riscv-none-embed/lib/rv32imacxw/ilp32\libg_nano.a(lib_a-wsetup.o)
                0x000000000000bdc0                __swsetup_r
 .text.__sflush_r
                0x000000000000bebe      0x132 c:/mounriver/mounriver_studio/toolchain/risc-v embedded gcc/bin/../lib/gcc/riscv-none-embed/8.2.0/../../../../riscv-none-embed/lib/rv32imacxw/ilp32\libg_nano.a(lib_a-fflush.o)
                0x000000000000bebe                __sflush_r
 .text._fflush_r
                0x000000000000bff0       0x66 c:/mounriver/mounriver_studio/toolchain/risc-v embedded gcc/bin/../lib/gcc/riscv-none-embed/8.2.0/../../../../riscv-none-embed/lib/rv32imacxw/ilp32\libg_nano.a(lib_a-fflush.o)
                0x000000000000bff0                _fflush_r
 .text.std      0x000000000000c056       0x66 c:/mounriver/mounriver_studio/toolchain/risc-v embedded gcc/bin/../lib/gcc/riscv-none-embed/8.2.0/../../../../riscv-none-embed/lib/rv32imacxw/ilp32\libg_nano.a(lib_a-findfp.o)
 .text._cleanup_r
                0x000000000000c0bc        0xa c:/mounriver/mounriver_studio/toolchain/risc-v embedded gcc/bin/../lib/gcc/riscv-none-embed/8.2.0/../../../../riscv-none-embed/lib/rv32imacxw/ilp32\libg_nano.a(lib_a-findfp.o)
                0x000000000000c0bc                _cleanup_r
 .text.__sfmoreglue
                0x000000000000c0c6       0x48 c:/mounriver/mounriver_studio/toolchain/risc-v embedded gcc/bin/../lib/gcc/riscv-none-embed/8.2.0/../../../../riscv-none-embed/lib/rv32imacxw/ilp32\libg_nano.a(lib_a-findfp.o)
                0x000000000000c0c6                __sfmoreglue
 .text.__sinit  0x000000000000c10e       0x6c c:/mounriver/mounriver_studio/toolchain/risc-v embedded gcc/bin/../lib/gcc/riscv-none-embed/8.2.0/../../../../riscv-none-embed/lib/rv32imacxw/ilp32\libg_nano.a(lib_a-findfp.o)
                0x000000000000c10e                __sinit
 .text.__sfp    0x000000000000c17a       0xa0 c:/mounriver/mounriver_studio/toolchain/risc-v embedded gcc/bin/../lib/gcc/riscv-none-embed/8.2.0/../../../../riscv-none-embed/lib/rv32imacxw/ilp32\libg_nano.a(lib_a-findfp.o)
                0x000000000000c17a                __sfp
 .text._fwalk_reent
                0x000000000000c21a       0x6a c:/mounriver/mounriver_studio/toolchain/risc-v embedded gcc/bin/../lib/gcc/riscv-none-embed/8.2.0/../../../../riscv-none-embed/lib/rv32imacxw/ilp32\libg_nano.a(lib_a-fwalk.o)
                0x000000000000c21a                _fwalk_reent
 .text.__swhatbuf_r
                0x000000000000c284       0x58 c:/mounriver/mounriver_studio/toolchain/risc-v embedded gcc/bin/../lib/gcc/riscv-none-embed/8.2.0/../../../../riscv-none-embed/lib/rv32imacxw/ilp32\libg_nano.a(lib_a-makebuf.o)
                0x000000000000c284                __swhatbuf_r
 .text.__smakebuf_r
                0x000000000000c2dc       0x94 c:/mounriver/mounriver_studio/toolchain/risc-v embedded gcc/bin/../lib/gcc/riscv-none-embed/8.2.0/../../../../riscv-none-embed/lib/rv32imacxw/ilp32\libg_nano.a(lib_a-makebuf.o)
                0x000000000000c2dc                __smakebuf_r
 .text.__malloc_lock
                0x000000000000c370        0x2 c:/mounriver/mounriver_studio/toolchain/risc-v embedded gcc/bin/../lib/gcc/riscv-none-embed/8.2.0/../../../../riscv-none-embed/lib/rv32imacxw/ilp32\libg_nano.a(lib_a-mlock.o)
                0x000000000000c370                __malloc_lock
 .text.__malloc_unlock
                0x000000000000c372        0x2 c:/mounriver/mounriver_studio/toolchain/risc-v embedded gcc/bin/../lib/gcc/riscv-none-embed/8.2.0/../../../../riscv-none-embed/lib/rv32imacxw/ilp32\libg_nano.a(lib_a-mlock.o)
                0x000000000000c372                __malloc_unlock
 .text.__sfputc_r
                0x000000000000c374       0x28 c:/mounriver/mounriver_studio/toolchain/risc-v embedded gcc/bin/../lib/gcc/riscv-none-embed/8.2.0/../../../../riscv-none-embed/lib/rv32imacxw/ilp32\libg_nano.a(lib_a-nano-vfprintf.o)
 .text.__sfputs_r
                0x000000000000c39c       0x42 c:/mounriver/mounriver_studio/toolchain/risc-v embedded gcc/bin/../lib/gcc/riscv-none-embed/8.2.0/../../../../riscv-none-embed/lib/rv32imacxw/ilp32\libg_nano.a(lib_a-nano-vfprintf.o)
                0x000000000000c39c                __sfputs_r
 .text._vfprintf_r
                0x000000000000c3de      0x288 c:/mounriver/mounriver_studio/toolchain/risc-v embedded gcc/bin/../lib/gcc/riscv-none-embed/8.2.0/../../../../riscv-none-embed/lib/rv32imacxw/ilp32\libg_nano.a(lib_a-nano-vfprintf.o)
                0x000000000000c3de                _vfprintf_r
                0x000000000000c3de                _vfiprintf_r
 .text._printf_common
                0x000000000000c666      0x10c c:/mounriver/mounriver_studio/toolchain/risc-v embedded gcc/bin/../lib/gcc/riscv-none-embed/8.2.0/../../../../riscv-none-embed/lib/rv32imacxw/ilp32\libg_nano.a(lib_a-nano-vfprintf_i.o)
                0x000000000000c666                _printf_common
 .text._printf_i
                0x000000000000c772      0x2a2 c:/mounriver/mounriver_studio/toolchain/risc-v embedded gcc/bin/../lib/gcc/riscv-none-embed/8.2.0/../../../../riscv-none-embed/lib/rv32imacxw/ilp32\libg_nano.a(lib_a-nano-vfprintf_i.o)
                0x000000000000c772                _printf_i
 .text.__sread  0x000000000000ca14       0x2c c:/mounriver/mounriver_studio/toolchain/risc-v embedded gcc/bin/../lib/gcc/riscv-none-embed/8.2.0/../../../../riscv-none-embed/lib/rv32imacxw/ilp32\libg_nano.a(lib_a-stdio.o)
                0x000000000000ca14                __sread
 .text.__swrite
                0x000000000000ca40       0x48 c:/mounriver/mounriver_studio/toolchain/risc-v embedded gcc/bin/../lib/gcc/riscv-none-embed/8.2.0/../../../../riscv-none-embed/lib/rv32imacxw/ilp32\libg_nano.a(lib_a-stdio.o)
                0x000000000000ca40                __swrite
 .text.__sseek  0x000000000000ca88       0x30 c:/mounriver/mounriver_studio/toolchain/risc-v embedded gcc/bin/../lib/gcc/riscv-none-embed/8.2.0/../../../../riscv-none-embed/lib/rv32imacxw/ilp32\libg_nano.a(lib_a-stdio.o)
                0x000000000000ca88                __sseek
 .text.__sclose
                0x000000000000cab8        0x6 c:/mounriver/mounriver_studio/toolchain/risc-v embedded gcc/bin/../lib/gcc/riscv-none-embed/8.2.0/../../../../riscv-none-embed/lib/rv32imacxw/ilp32\libg_nano.a(lib_a-stdio.o)
                0x000000000000cab8                __sclose
 .text._write_r
                0x000000000000cabe       0x36 c:/mounriver/mounriver_studio/toolchain/risc-v embedded gcc/bin/../lib/gcc/riscv-none-embed/8.2.0/../../../../riscv-none-embed/lib/rv32imacxw/ilp32\libg_nano.a(lib_a-writer.o)
                0x000000000000cabe                _write_r
 .text._close_r
                0x000000000000caf4       0x30 c:/mounriver/mounriver_studio/toolchain/risc-v embedded gcc/bin/../lib/gcc/riscv-none-embed/8.2.0/../../../../riscv-none-embed/lib/rv32imacxw/ilp32\libg_nano.a(lib_a-closer.o)
                0x000000000000caf4                _close_r
 .text._fstat_r
                0x000000000000cb24       0x32 c:/mounriver/mounriver_studio/toolchain/risc-v embedded gcc/bin/../lib/gcc/riscv-none-embed/8.2.0/../../../../riscv-none-embed/lib/rv32imacxw/ilp32\libg_nano.a(lib_a-fstatr.o)
                0x000000000000cb24                _fstat_r
 .text._isatty_r
                0x000000000000cb56       0x30 c:/mounriver/mounriver_studio/toolchain/risc-v embedded gcc/bin/../lib/gcc/riscv-none-embed/8.2.0/../../../../riscv-none-embed/lib/rv32imacxw/ilp32\libg_nano.a(lib_a-isattyr.o)
                0x000000000000cb56                _isatty_r
 .text._lseek_r
                0x000000000000cb86       0x34 c:/mounriver/mounriver_studio/toolchain/risc-v embedded gcc/bin/../lib/gcc/riscv-none-embed/8.2.0/../../../../riscv-none-embed/lib/rv32imacxw/ilp32\libg_nano.a(lib_a-lseekr.o)
                0x000000000000cb86                _lseek_r
 .text.memchr   0x000000000000cbba       0x18 c:/mounriver/mounriver_studio/toolchain/risc-v embedded gcc/bin/../lib/gcc/riscv-none-embed/8.2.0/../../../../riscv-none-embed/lib/rv32imacxw/ilp32\libg_nano.a(lib_a-memchr.o)
                0x000000000000cbba                memchr
 .text._read_r  0x000000000000cbd2       0x34 c:/mounriver/mounriver_studio/toolchain/risc-v embedded gcc/bin/../lib/gcc/riscv-none-embed/8.2.0/../../../../riscv-none-embed/lib/rv32imacxw/ilp32\libg_nano.a(lib_a-readr.o)
                0x000000000000cbd2                _read_r
 .text._close   0x000000000000cc06       0x10 c:/mounriver/mounriver_studio/toolchain/risc-v embedded gcc/bin/../lib/gcc/riscv-none-embed/8.2.0/../../../../riscv-none-embed/lib/rv32imacxw/ilp32\libnosys.a(close.o)
                0x000000000000cc06                _close
 .text._fstat   0x000000000000cc16       0x10 c:/mounriver/mounriver_studio/toolchain/risc-v embedded gcc/bin/../lib/gcc/riscv-none-embed/8.2.0/../../../../riscv-none-embed/lib/rv32imacxw/ilp32\libnosys.a(fstat.o)
                0x000000000000cc16                _fstat
 .text._isatty  0x000000000000cc26       0x10 c:/mounriver/mounriver_studio/toolchain/risc-v embedded gcc/bin/../lib/gcc/riscv-none-embed/8.2.0/../../../../riscv-none-embed/lib/rv32imacxw/ilp32\libnosys.a(isatty.o)
                0x000000000000cc26                _isatty
 .text._lseek   0x000000000000cc36       0x10 c:/mounriver/mounriver_studio/toolchain/risc-v embedded gcc/bin/../lib/gcc/riscv-none-embed/8.2.0/../../../../riscv-none-embed/lib/rv32imacxw/ilp32\libnosys.a(lseek.o)
                0x000000000000cc36                _lseek
 .text._read    0x000000000000cc46       0x10 c:/mounriver/mounriver_studio/toolchain/risc-v embedded gcc/bin/../lib/gcc/riscv-none-embed/8.2.0/../../../../riscv-none-embed/lib/rv32imacxw/ilp32\libnosys.a(read.o)
                0x000000000000cc46                _read
 *(.rodata)
 *(.rodata*)
 *fill*         0x000000000000cc56        0x2 
 .rodata.vCanOpenProcess.str1.4
                0x000000000000cc58        0xa ./User/CanOpenNode.o
 *fill*         0x000000000000cc62        0x2 
 .rodata.CalPoint
                0x000000000000cc64       0x48 ./User/DataModel.o
 .rodata.CalPoint1
                0x000000000000ccac       0x18 ./User/DataModel.o
 .rodata.DataModel_Init.str1.4
                0x000000000000ccc4       0x1e ./User/DataModel.o
 *fill*         0x000000000000cce2        0x2 
 .rodata.bitrate_table
                0x000000000000cce4       0x10 ./User/DataModel.o
 .rodata.seg_const.7441
                0x000000000000ccf4       0x12 ./User/DataModel.o
 *fill*         0x000000000000cd06        0x2 
 .rodata.vIncrementSystemCounters.cst4
                0x000000000000cd08        0x8 ./User/DataModel.o
 .rodata.HardFault_Handler.str1.4
                0x000000000000cd10       0x42 ./User/ch32v20x_it.o
 *fill*         0x000000000000cd52        0x2 
 .rodata.getODValue
                0x000000000000cd54       0x78 ./User/dash_draw.o
 .rodata.SEG_MASK
                0x000000000000cdcc       0x14 ./User/dash_draw.o
                0x000000000000cdcc                SEG_MASK
 .rodata.getODValue.cst4
                0x000000000000cde0        0x4 ./User/dash_draw.o
                                          0x8 (size before relaxing)
 .rodata.ADC_FSM.cst4
                0x000000000000cde4       0x14 ./User/inputs.o
 .rodata.ADC_FSM.cst8
                0x000000000000cdf8       0x18 ./User/inputs.o
 .rodata.vInputsTask.cst4
                0x000000000000ce10        0x8 ./User/inputs.o
 .rodata.SetSegDirect
                0x000000000000ce18       0x1c ./User/led.o
 .rodata.Brigth
                0x000000000000ce34       0x1e ./User/led.o
 *fill*         0x000000000000ce52        0x2 
 .rodata.offset_mask
                0x000000000000ce54        0xe ./User/led.o
 *fill*         0x000000000000ce62        0x2 
 .rodata.step_mask
                0x000000000000ce64        0xe ./User/led.o
 *fill*         0x000000000000ce72        0x2 
 .rodata.Error_Handler.str1.4
                0x000000000000ce74        0xf ./User/main.o
 *fill*         0x000000000000ce83        0x1 
 .rodata.main.str1.4
                0x000000000000ce84        0xf ./User/main.o
 *fill*         0x000000000000ce93        0x1 
 .rodata.OD_writeBoardSettings
                0x000000000000ce94       0x14 ./User/process.o
 .rodata.OD_readBoardSettings
                0x000000000000cea8       0x14 ./User/process.o
 .rodata.OD_ADC1_CAL_extension
                0x000000000000cebc       0x10 ./User/process.o
                0x000000000000cebc                OD_ADC1_CAL_extension
 .rodata.OD_ADC2_CAL_extension
                0x000000000000cecc       0x10 ./User/process.o
                0x000000000000cecc                OD_ADC2_CAL_extension
 .rodata.OD_ADC3_CAL_extension
                0x000000000000cedc       0x10 ./User/process.o
                0x000000000000cedc                OD_ADC3_CAL_extension
 .rodata.OD_AIN_RPM_extension
                0x000000000000ceec       0x10 ./User/process.o
                0x000000000000ceec                OD_AIN_RPM_extension
 .rodata.OD_BAR_extension
                0x000000000000cefc       0x10 ./User/process.o
                0x000000000000cefc                OD_BAR_extension
 .rodata.OD_BOARD_SETTINGS_extension
                0x000000000000cf0c       0x10 ./User/process.o
                0x000000000000cf0c                OD_BOARD_SETTINGS_extension
 .rodata.OD_DASH_PARAM_extension
                0x000000000000cf1c       0x10 ./User/process.o
                0x000000000000cf1c                OD_DASH_PARAM_extension
 .rodata.OD_DIN_extension
                0x000000000000cf2c       0x10 ./User/process.o
                0x000000000000cf2c                OD_DIN_extension
 .rodata.OD_INPUT_CH_CONFIG_extension
                0x000000000000cf3c       0x10 ./User/process.o
                0x000000000000cf3c                OD_INPUT_CH_CONFIG_extension
 .rodata.OD_KEY_extension
                0x000000000000cf4c       0x10 ./User/process.o
                0x000000000000cf4c                OD_KEY_extension
 .rodata.OD_MENU_MAP_extension
                0x000000000000cf5c       0x10 ./User/process.o
                0x000000000000cf5c                OD_MENU_MAP_extension
 .rodata.OD_MENU_SETUP_extension
                0x000000000000cf6c       0x10 ./User/process.o
                0x000000000000cf6c                OD_MENU_SETUP_extension
 .rodata.OD_RGB10_extension
                0x000000000000cf7c       0x10 ./User/process.o
                0x000000000000cf7c                OD_RGB10_extension
 .rodata.OD_RGB11_extension
                0x000000000000cf8c       0x10 ./User/process.o
                0x000000000000cf8c                OD_RGB11_extension
 .rodata.OD_RGB12_extension
                0x000000000000cf9c       0x10 ./User/process.o
                0x000000000000cf9c                OD_RGB12_extension
 .rodata.OD_RGB13_extension
                0x000000000000cfac       0x10 ./User/process.o
                0x000000000000cfac                OD_RGB13_extension
 .rodata.OD_RGB14_extension
                0x000000000000cfbc       0x10 ./User/process.o
                0x000000000000cfbc                OD_RGB14_extension
 .rodata.OD_RGB1_extension
                0x000000000000cfcc       0x10 ./User/process.o
                0x000000000000cfcc                OD_RGB1_extension
 .rodata.OD_RGB2_extension
                0x000000000000cfdc       0x10 ./User/process.o
                0x000000000000cfdc                OD_RGB2_extension
 .rodata.OD_RGB3_extension
                0x000000000000cfec       0x10 ./User/process.o
                0x000000000000cfec                OD_RGB3_extension
 .rodata.OD_RGB4_extension
                0x000000000000cffc       0x10 ./User/process.o
                0x000000000000cffc                OD_RGB4_extension
 .rodata.OD_RGB5_extension
                0x000000000000d00c       0x10 ./User/process.o
                0x000000000000d00c                OD_RGB5_extension
 .rodata.OD_RGB6_extension
                0x000000000000d01c       0x10 ./User/process.o
                0x000000000000d01c                OD_RGB6_extension
 .rodata.OD_RGB7_extension
                0x000000000000d02c       0x10 ./User/process.o
                0x000000000000d02c                OD_RGB7_extension
 .rodata.OD_RGB8_extension
                0x000000000000d03c       0x10 ./User/process.o
                0x000000000000d03c                OD_RGB8_extension
 .rodata.OD_RGB9_extension
                0x000000000000d04c       0x10 ./User/process.o
                0x000000000000d04c                OD_RGB9_extension
 .rodata.OD_RGBMAP_extension
                0x000000000000d05c       0x10 ./User/process.o
                0x000000000000d05c                OD_RGBMAP_extension
 .rodata.OD_RPMCONFIG_extension
                0x000000000000d06c       0x10 ./User/process.o
                0x000000000000d06c                OD_RPMCONFIG_extension
 .rodata.OD_SEG_extension
                0x000000000000d07c       0x10 ./User/process.o
                0x000000000000d07c                OD_SEG_extension
 .rodata.OD_VRegiters_extension
                0x000000000000d08c       0x10 ./User/process.o
                0x000000000000d08c                OD_VRegiters_extension
 .rodata.writeADC.isra.10.cst4
                0x000000000000d09c        0x4 ./User/process.o
 .rodata.StartDefaultTask.str1.4
                0x000000000000d09c        0x5 ./User/system_init.o
 *fill*         0x000000000000d0a1        0x3 
 .rodata.str1.4
                0x000000000000d0a4       0x44 ./User/system_init.o
 .rodata.GetRPM.cst4
                0x000000000000d0e8        0x4 ./HAL_LIB/hw_lib_din.o
 *fill*         0x000000000000d0ec        0x4 
 .rodata.GetRPM.cst8
                0x000000000000d0f0        0x8 ./HAL_LIB/hw_lib_din.o
 .rodata.vSetRPMConfig.cst4
                0x000000000000d0f8        0x4 ./HAL_LIB/hw_lib_din.o
 .rodata.I2C_FSM
                0x000000000000d0fc       0x30 ./HAL_LIB/hw_lib_eeprom_i2c.o
 .rodata.ADC_chennel_ref
                0x000000000000d12c       0x12 ./HAL/hal_adc_ch32.o
 *fill*         0x000000000000d13e        0x2 
 .rodata.timers