Archive member included to satisfy reference by file (symbol)

c:/mounriver/mounriver_studio/toolchain/risc-v embedded gcc/bin/../lib/gcc/riscv-none-embed/8.2.0/rv32imacxw/ilp32\libgcc.a(muldf3.o)
                              ./User/inputs.o (__muldf3)
c:/mounriver/mounriver_studio/toolchain/risc-v embedded gcc/bin/../lib/gcc/riscv-none-embed/8.2.0/rv32imacxw/ilp32\libgcc.a(floatunsidf.o)
                              ./User/inputs.o (__floatunsidf)
c:/mounriver/mounriver_studio/toolchain/risc-v embedded gcc/bin/../lib/gcc/riscv-none-embed/8.2.0/rv32imacxw/ilp32\libgcc.a(addsf3.o)
                              ./User/DataModel.o (__addsf3)
c:/mounriver/mounriver_studio/toolchain/risc-v embedded gcc/bin/../lib/gcc/riscv-none-embed/8.2.0/rv32imacxw/ilp32\libgcc.a(divsf3.o)
                              ./User/DataModel.o (__divsf3)
c:/mounriver/mounriver_studio/toolchain/risc-v embedded gcc/bin/../lib/gcc/riscv-none-embed/8.2.0/rv32imacxw/ilp32\libgcc.a(eqsf2.o)
                              ./HAL_LIB/hw_lib_din.o (__nesf2)
c:/mounriver/mounriver_studio/toolchain/risc-v embedded gcc/bin/../lib/gcc/riscv-none-embed/8.2.0/rv32imacxw/ilp32\libgcc.a(gesf2.o)
                              ./User/inputs.o (__gesf2)
c:/mounriver/mounriver_studio/toolchain/risc-v embedded gcc/bin/../lib/gcc/riscv-none-embed/8.2.0/rv32imacxw/ilp32\libgcc.a(lesf2.o)
                              ./HAL_LIB/hw_lib_din.o (__lesf2)
c:/mounriver/mounriver_studio/toolchain/risc-v embedded gcc/bin/../lib/gcc/riscv-none-embed/8.2.0/rv32imacxw/ilp32\libgcc.a(mulsf3.o)
                              ./User/dash_draw.o (__mulsf3)
c:/mounriver/mounriver_studio/toolchain/risc-v embedded gcc/bin/../lib/gcc/riscv-none-embed/8.2.0/rv32imacxw/ilp32\libgcc.a(subsf3.o)
                              ./User/inputs.o (__subsf3)
c:/mounriver/mounriver_studio/toolchain/risc-v embedded gcc/bin/../lib/gcc/riscv-none-embed/8.2.0/rv32imacxw/ilp32\libgcc.a(fixsfsi.o)
                              ./User/dash_draw.o (__fixsfsi)
c:/mounriver/mounriver_studio/toolchain/risc-v embedded gcc/bin/../lib/gcc/riscv-none-embed/8.2.0/rv32imacxw/ilp32\libgcc.a(fixunssfsi.o)
                              ./User/DataModel.o (__fixunssfsi)
c:/mounriver/mounriver_studio/toolchain/risc-v embedded gcc/bin/../lib/gcc/riscv-none-embed/8.2.0/rv32imacxw/ilp32\libgcc.a(floatsisf.o)
                              ./User/DataModel.o (__floatsisf)
c:/mounriver/mounriver_studio/toolchain/risc-v embedded gcc/bin/../lib/gcc/riscv-none-embed/8.2.0/rv32imacxw/ilp32\libgcc.a(floatunsisf.o)
                              ./User/DataModel.o (__floatunsisf)
c:/mounriver/mounriver_studio/toolchain/risc-v embedded gcc/bin/../lib/gcc/riscv-none-embed/8.2.0/rv32imacxw/ilp32\libgcc.a(truncdfsf2.o)
                              ./User/inputs.o (__truncdfsf2)
c:/mounriver/mounriver_studio/toolchain/risc-v embedded gcc/bin/../lib/gcc/riscv-none-embed/8.2.0/rv32imacxw/ilp32\libgcc.a(save-restore.o)
                              ./User/dash_draw.o (__riscv_save_12)
c:/mounriver/mounriver_studio/toolchain/risc-v embedded gcc/bin/../lib/gcc/riscv-none-embed/8.2.0/rv32imacxw/ilp32\libgcc.a(_clzsi2.o)
                              c:/mounriver/mounriver_studio/toolchain/risc-v embedded gcc/bin/../lib/gcc/riscv-none-embed/8.2.0/rv32imacxw/ilp32\libgcc.a(muldf3.o) (__clzsi2)
c:/mounriver/mounriver_studio/toolchain/risc-v embedded gcc/bin/../lib/gcc/riscv-none-embed/8.2.0/rv32imacxw/ilp32\libgcc.a(_clz.o)
                              c:/mounriver/mounriver_studio/toolchain/risc-v embedded gcc/bin/../lib/gcc/riscv-none-embed/8.2.0/rv32imacxw/ilp32\libgcc.a(_clzsi2.o) (__clz_tab)
c:/mounriver/mounriver_studio/toolchain/risc-v embedded gcc/bin/../lib/gcc/riscv-none-embed/8.2.0/../../../../riscv-none-embed/lib/rv32imacxw/ilp32\libg_nano.a(lib_a-calloc.o)
                              ./CANopenNode/CANopen.o (calloc)
c:/mounriver/mounriver_studio/toolchain/risc-v embedded gcc/bin/../lib/gcc/riscv-none-embed/8.2.0/../../../../riscv-none-embed/lib/rv32imacxw/ilp32\libg_nano.a(lib_a-impure.o)
                              c:/mounriver/mounriver_studio/toolchain/risc-v embedded gcc/bin/../lib/gcc/riscv-none-embed/8.2.0/../../../../riscv-none-embed/lib/rv32imacxw/ilp32\libg_nano.a(lib_a-calloc.o) (_impure_ptr)
c:/mounriver/mounriver_studio/toolchain/risc-v embedded gcc/bin/../lib/gcc/riscv-none-embed/8.2.0/../../../../riscv-none-embed/lib/rv32imacxw/ilp32\libg_nano.a(lib_a-malloc.o)
                              ./CANopenNode/CANopen.o (free)
c:/mounriver/mounriver_studio/toolchain/risc-v embedded gcc/bin/../lib/gcc/riscv-none-embed/8.2.0/../../../../riscv-none-embed/lib/rv32imacxw/ilp32\libg_nano.a(lib_a-memcpy.o)
                              ./User/DataModel.o (memcpy)
c:/mounriver/mounriver_studio/toolchain/risc-v embedded gcc/bin/../lib/gcc/riscv-none-embed/8.2.0/../../../../riscv-none-embed/lib/rv32imacxw/ilp32\libg_nano.a(lib_a-memmove.o)
                              ./CANopenNode/301/CO_SDOserver.o (memmove)
[...]
Memory Configuration

Name             Origin             Length             Attributes
FLASH            0x0000000000000000 0x0000000000010000 xr
SFLASH           0x0000000000010000 0x0000000000002800 xr
RAM              0x0000000020000000 0x0000000000005000 xrw
*default*        0x0000000000000000 0xffffffffffffffff

Linker script and memory map

LOAD ./User/CanOpenNode.o
LOAD ./User/DataModel.o
LOAD ./User/ch32v20x_it.o
LOAD ./User/dash_draw.o
LOAD ./User/init.o
LOAD ./User/inputs.o
LOAD ./User/led.o
LOAD ./User/main.o
LOAD ./User/process.o
LOAD ./User/system_ch32v20x.o
LOAD ./User/system_init.o
LOAD ./Startup/startup_ch32v20x_D6.o
LOAD ./Peripheral/src/ch32v20x_adc.o
LOAD ./Peripheral/src/ch32v20x_bkp.o
LOAD ./Peripheral/src/ch32v20x_can.o
LOAD ./Peripheral/src/ch32v20x_crc.o
LOAD ./Peripheral/src/ch32v20x_dbgmcu.o
LOAD ./Peripheral/src/ch32v20x_dma.o
LOAD ./Peripheral/src/ch32v20x_exti.o
LOAD ./Peripheral/src/ch32v20x_flash.o
LOAD ./Peripheral/src/ch32v20x_gpio.o
LOAD ./Peripheral/src/ch32v20x_i2c.o
LOAD ./Peripheral/src/ch32v20x_iwdg.o
LOAD ./Peripheral/src/ch32v20x_misc.o
LOAD ./Peripheral/src/ch32v20x_opa.o
LOAD ./Peripheral/src/ch32v20x_pwr.o
LOAD ./Peripheral/src/ch32v20x_rcc.o
LOAD ./Peripheral/src/ch32v20x_rtc.o
LOAD ./Peripheral/src/ch32v20x_spi.o
LOAD ./Peripheral/src/ch32v20x_tim.o
LOAD ./Peripheral/src/ch32v20x_usart.o
LOAD ./Peripheral/src/ch32v20x_wwdg.o
LOAD ./HAL_LIB/filters.o
LOAD ./HAL_LIB/hw_data_model.o
LOAD ./HAL_LIB/hw_lib_adc.o
LOAD ./HAL_LIB/hw_lib_din.o
LOAD ./HAL_LIB/hw_lib_eeprom_i2c.o
LOAD ./HAL_LIB/hw_timeout.o
LOAD ./HAL_DRIVER/hal_can_ch32.o
LOAD ./HAL_DRIVER/hal_gpio_ch32.o
LOAD ./HAL_DRIVER/hal_i2c_ch32.o
LOAD ./HAL_DRIVER/hal_irq.o
LOAD ./HAL_DRIVER/hal_rtc_ch32.o
LOAD ./HAL_DRIVER/hal_spi_ch32.o
LOAD ./HAL_DRIVER/hal_wdt_ch32.o
LOAD ./HAL/hal_adc_ch32.o
LOAD ./HAL/hal_dma_ch32.o
LOAD ./HAL/hal_timers_ch32.o
LOAD ./FreeRTOS/portable/MemMang/heap_4.o
LOAD ./FreeRTOS/portable/GCC/RISC-V/port.o
LOAD ./FreeRTOS/portable/GCC/RISC-V/portASM.o
LOAD ./FreeRTOS/croutine.o
LOAD ./FreeRTOS/event_groups.o
LOAD ./FreeRTOS/list.o
LOAD ./FreeRTOS/queue.o
LOAD ./FreeRTOS/stream_buffer.o
LOAD ./FreeRTOS/tasks.o
LOAD ./FreeRTOS/timers.o
LOAD ./Debug/debug.o
LOAD ./Core/core_riscv.o
LOAD ./CANopenNode/keypad/CO_driver_ST32F103.o
LOAD ./CANopenNode/keypad/OD.o
LOAD ./CANopenNode/extra/CO_trace.o
LOAD ./CANopenNode/309/CO_gateway_ascii.o
LOAD ./CANopenNode/305/CO_LSSmaster.o
LOAD ./CANopenNode/305/CO_LSSslave.o
LOAD ./CANopenNode/304/CO_GFC.o
LOAD ./CANopenNode/304/CO_SRDO.o
LOAD ./CANopenNode/303/CO_LEDs.o
LOAD ./CANopenNode/301/CO_Emergency.o
LOAD ./CANopenNode/301/CO_HBconsumer.o
LOAD ./CANopenNode/301/CO_NMT_Heartbeat.o
LOAD ./CANopenNode/301/CO_Node_Guarding.o
LOAD ./CANopenNode/301/CO_ODinterface.o
LOAD ./CANopenNode/301/CO_PDO.o
LOAD ./CANopenNode/301/CO_SDOclient.o
LOAD ./CANopenNode/301/CO_SDOserver.o
LOAD ./CANopenNode/301/CO_SYNC.o
LOAD ./CANopenNode/301/CO_TIME.o
LOAD ./CANopenNode/301/CO_fifo.o
LOAD ./CANopenNode/301/crc16-ccitt.o
LOAD ./CANopenNode/CANopen.o
LOAD c:/mounriver/mounriver_studio/toolchain/risc-v embedded gcc/bin/../lib/gcc/riscv-none-embed/8.2.0/../../../../riscv-none-embed/lib/rv32imacxw/ilp32\libm.a
LOAD c:/mounriver/mounriver_studio/toolchain/risc-v embedded gcc/bin/../lib/gcc/riscv-none-embed/8.2.0/rv32imacxw/ilp32\libgcc.a
LOAD c:/mounriver/mounriver_studio/toolchain/risc-v embedded gcc/bin/../lib/gcc/riscv-none-embed/8.2.0/../../../../riscv-none-embed/lib/rv32imacxw/ilp32\libg_nano.a
LOAD c:/mounriver/mounriver_studio/toolchain/risc-v embedded gcc/bin/../lib/gcc/riscv-none-embed/8.2.0/../../../../riscv-none-embed/lib/rv32imacxw/ilp32\libc_nano.a
LOAD c:/mounriver/mounriver_studio/toolchain/risc-v embedded gcc/bin/../lib/gcc/riscv-none-embed/8.2.0/rv32imacxw/ilp32\libgcc.a
START GROUP
LOAD c:/mounriver/mounriver_studio/toolchain/risc-v embedded gcc/bin/../lib/gcc/riscv-none-embed/8.2.0/rv32imacxw/ilp32\libgcc.a
LOAD c:/mounriver/mounriver_studio/toolchain/risc-v embedded gcc/bin/../lib/gcc/riscv-none-embed/8.2.0/../../../../riscv-none-embed/lib/rv32imacxw/ilp32\libc_nano.a
LOAD c:/mounriver/mounriver_studio/toolchain/risc-v embedded gcc/bin/../lib/gcc/riscv-none-embed/8.2.0/../../../../riscv-none-embed/lib/rv32imacxw/ilp32\libnosys.a
END GROUP
START GROUP
LOAD c:/mounriver/mounriver_studio/toolchain/risc-v embedded gcc/bin/../lib/gcc/riscv-none-embed/8.2.0/rv32imacxw/ilp32\libgcc.a
LOAD c:/mounriver/mounriver_studio/toolchain/risc-v embedded gcc/bin/../lib/gcc/riscv-none-embed/8.2.0/../../../../riscv-none-embed/lib/rv32imacxw/ilp32\libc_nano.a
LOAD c:/mounriver/mounriver_studio/toolchain/risc-v embedded gcc/bin/../lib/gcc/riscv-none-embed/8.2.0/../../../../riscv-none-embed/lib/rv32imacxw/ilp32\libnosys.a
END GROUP
                0x0000000000000be8                __stack_size = 0xbe8
                [!provide]                        PROVIDE (_stack_size = __stack_size)

.init           0x0000000000000000       0x38
                0x0000000000000000                _sinit = .
                0x0000000000000000                . = ALIGN (0x4)
 *(SORT_NONE(.init))
 .init          0x0000000000000000       0x38 ./Startup/startup_ch32v20x_D6.o
                0x0000000000000000                _start
                0x0000000000000038                . = ALIGN (0x4)
                0x0000000000000038                _einit = .

.vector         0x0000000000000038      0x108
 *(.vector)
 .vector        0x0000000000000038       0xfc ./Startup/startup_ch32v20x_D6.o
                0x0000000000000140                . = ALIGN (0x40)
 *fill*         0x0000000000000134        0xc 

.stext          0x0000000000010000      0x752
                0x0000000000010000                . = ALIGN (0x4)
 *(.stext)
 .stext         0x0000000000010000       0x8a ./User/DataModel.o
 .stext         0x000000000001008a      0x14c ./User/init.o
                0x000000000001008a                vInit_DeviceConfig
 .stext         0x00000000000101d6       0xa6 ./User/inputs.o
                0x00000000000101d6                ADC1_Init
 .stext         0x000000000001027c      0x202 ./User/process.o
                0x000000000001027c                vProceesInit
 .stext         0x000000000001047e      0x14e ./User/system_init.o
                0x000000000001047e                vSYStaskInit
                0x00000000000105a2                vSYSqueueInit
 .stext         0x00000000000105cc       0x34 ./HAL_LIB/hw_lib_din.o
                0x00000000000105cc                eDinConfigWtihStruct
 .stext         0x0000000000010600       0xca ./HAL_DRIVER/hal_rtc_ch32.o
                0x0000000000010600                HAL_RTC_IT_Init
 .stext         0x00000000000106ca       0x60 ./HAL_DRIVER/hal_spi_ch32.o
                0x00000000000106ca                HAL_SPI_InitDMA
 .stext         0x000000000001072a       0x28 ./HAL_DRIVER/hal_wdt_ch32.o
                0x000000000001072a                HAL_WDT_Init1s

.text           0x0000000000000200     0xe32c
                0x0000000000000200                . = ALIGN (0x4)
 *(.text)
 .text          0x0000000000000200      0x2ee ./FreeRTOS/portable/GCC/RISC-V/portASM.o
                0x0000000000000200                SW_Handler
                0x0000000000000300                xPortStartFirstTask
                0x0000000000000400                pxPortInitialiseStack
 .text          0x00000000000004ee       0x60 c:/mounriver/mounriver_studio/toolchain/risc-v embedded gcc/bin/../lib/gcc/riscv-none-embed/8.2.0/rv32imacxw/ilp32\libgcc.a(save-restore.o)
                0x00000000000004ee                __riscv_save_12
                0x00000000000004f6                __riscv_save_9
                0x00000000000004f6                __riscv_save_11
                0x00000000000004f6                __riscv_save_10
                0x00000000000004f6                __riscv_save_8
                0x0000000000000504                __riscv_save_4
                0x0000000000000504                __riscv_save_6
                0x0000000000000504                __riscv_save_5
                0x0000000000000504                __riscv_save_7
                0x000000000000051e                __riscv_save_3
                0x000000000000051e                __riscv_save_2
                0x000000000000051e                __riscv_save_1
                0x000000000000051e                __riscv_save_0
                0x000000000000052a                __riscv_restore_12
                0x000000000000052e                __riscv_restore_11
                0x000000000000052e                __riscv_restore_9
                0x000000000000052e                __riscv_restore_10
                0x000000000000052e                __riscv_restore_8
                0x0000000000000538                __riscv_restore_5
                0x0000000000000538                __riscv_restore_7
                0x0000000000000538                __riscv_restore_6
                0x0000000000000538                __riscv_restore_4
                0x0000000000000542                __riscv_restore_3
                0x0000000000000542                __riscv_restore_0
                0x0000000000000542                __riscv_restore_2
                0x0000000000000542                __riscv_restore_1
 .text          0x000000000000054e       0xa8 c:/mounriver/mounriver_studio/toolchain/risc-v embedded gcc/bin/../lib/gcc/riscv-none-embed/8.2.0/../../../../riscv-none-embed/lib/rv32imacxw/ilp32\libg_nano.a(lib_a-memset.o)
                0x000000000000054e                memset
 *(.text.*)
 .text.xCanOpenProcessTaskHandle
                0x00000000000005f6        0xa ./User/CanOpenNode.o
                0x00000000000005f6                xCanOpenProcessTaskHandle
 .text.xCanOpenPeriodicTaskHandle
                0x0000000000000600        0xa ./User/CanOpenNode.o
                0x0000000000000600                xCanOpenPeriodicTaskHandle
 .text.vCanOpenInit
                0x000000000000060a        0xa ./User/CanOpenNode.o
                0x000000000000060a                vCanOpenInit
 .text.vCanOpenProcess
                0x0000000000000614      0x192 ./User/CanOpenNode.o
                0x0000000000000614                vCanOpenProcess
 .text.vCanOpenPeriodicProcess
                0x00000000000007a6       0x82 ./User/CanOpenNode.o
                0x00000000000007a6                vCanOpenPeriodicProcess
 .text.xDataRegQueue
                0x0000000000000828        0xa ./User/DataModel.o
                0x0000000000000828                xDataRegQueue
 .text.vDataModelRegDelayWrite
                0x0000000000000832       0x38 ./User/DataModel.o
                0x0000000000000832                vDataModelRegDelayWrite
 .text.DataModel_Init
                0x000000000000086a      0x71a ./User/DataModel.o
                0x000000000000086a                DataModel_Init
 .text.SaveReg16
                0x0000000000000f84       0x20 ./User/DataModel.o
                0x0000000000000f84                SaveReg16
 .text.WriteRegAfterDelay
                0x0000000000000fa4       0x62 ./User/DataModel.o
                0x0000000000000fa4                WriteRegAfterDelay
 .text.WriteReg
                0x0000000000001006       0x58 ./User/DataModel.o
                0x0000000000001006                WriteReg
 .text.vGetBitrate
                0x000000000000105e       0x2a ./User/DataModel.o
                0x000000000000105e                vGetBitrate
 .text.vFDGetNMTState
                0x0000000000001088        0x6 ./User/DataModel.o
                0x0000000000001088                vFDGetNMTState
 .text.vGetNodeId
                0x000000000000108e        0xe ./User/DataModel.o
                0x000000000000108e                vGetNodeId
 .text.vIncrementSystemCounters
                0x000000000000109c       0xc0 ./User/DataModel.o
                0x000000000000109c                vIncrementSystemCounters
 .text.vSaveData
                0x000000000000115c       0x18 ./User/DataModel.o
                0x000000000000115c                vSaveData
 .text.getOdometr
                0x0000000000001174       0x16 ./User/DataModel.o
                0x0000000000001174                getOdometr
 .text.getOdometr1
                0x000000000000118a       0x16 ./User/DataModel.o
                0x000000000000118a                getOdometr1
 .text.ResrtOdometr1
                0x00000000000011a0       0x10 ./User/DataModel.o
                0x00000000000011a0                ResrtOdometr1
 .text.NMI_Handler
                0x00000000000011b0        0x2 ./User/ch32v20x_it.o
                0x00000000000011b0                NMI_Handler
 .text.HardFault_Handler
                0x00000000000011b2       0x66 ./User/ch32v20x_it.o
                0x00000000000011b2                HardFault_Handler
 .text.SegPrint
                0x0000000000001218       0x5a ./User/dash_draw.o
 .text.vCheckKeySatate
                0x0000000000001272       0x68 ./User/dash_draw.o
 .text.xProcessTaskHandle
                0x00000000000012da        0xa ./User/dash_draw.o
                0x00000000000012da                xProcessTaskHandle
 .text.vSetErrorReg
                0x00000000000012e4        0xa ./User/dash_draw.o
                0x00000000000012e4                vSetErrorReg
 .text.getODValue
                0x00000000000012ee      0x136 ./User/dash_draw.o
                0x00000000000012ee                getODValue
 .text.IncMenuIndex
                0x0000000000001424       0x80 ./User/dash_draw.o
                0x0000000000001424                IncMenuIndex
 .text.GoToHome
                0x00000000000014a4       0x12 ./User/dash_draw.o
                0x00000000000014a4                GoToHome
 .text.SetCurMenuHome
                0x00000000000014b6       0x3a ./User/dash_draw.o
                0x00000000000014b6                SetCurMenuHome
 .text.GetCurMenuHome
                0x00000000000014f0        0x6 ./User/dash_draw.o
                0x00000000000014f0                GetCurMenuHome
 .text.SetCurrentMenu
                0x00000000000014f6       0x12 ./User/dash_draw.o
                0x00000000000014f6                SetCurrentMenu
 .text.SetDefault
                0x0000000000001508       0x2a ./User/dash_draw.o
                0x0000000000001508                SetDefault
 .text.MenuBackHomeCheck
                0x0000000000001532       0x38 ./User/dash_draw.o
                0x0000000000001532                MenuBackHomeCheck
 .text.CheckMenuChannel
                0x000000000000156a       0x20 ./User/dash_draw.o
                0x000000000000156a                CheckMenuChannel
 .text.vDashDrawInit
                0x000000000000158a       0x80 ./User/dash_draw.o
                0x000000000000158a                vDashDrawInit
 .text.vMenuBlink
                0x000000000000160a       0x4a ./User/dash_draw.o
                0x000000000000160a                vMenuBlink
 .text.SetErrorRegiter
                0x0000000000001654       0x5e ./User/dash_draw.o
                0x0000000000001654                SetErrorRegiter
 .text.uGetCurrMenu
                0x00000000000016b2       0x26 ./User/dash_draw.o
                0x00000000000016b2                uGetCurrMenu
 .text.vGetEdgeData
                0x00000000000016d8       0x2a ./User/dash_draw.o
                0x00000000000016d8                vGetEdgeData
 .text.checkLedState
                0x0000000000001702       0x3a ./User/dash_draw.o
 .text.vRGBMode
                0x000000000000173c       0x72 ./User/dash_draw.o
                0x000000000000173c                vRGBMode
 .text.vBarColorMode
                0x00000000000017ae       0xc2 ./User/dash_draw.o
                0x00000000000017ae                vBarColorMode
 .text.vBarWindowMode
                0x0000000000001870       0x5a ./User/dash_draw.o
                0x0000000000001870                vBarWindowMode
 .text.vBarMode
                0x00000000000018ca       0x68 ./User/dash_draw.o
                0x00000000000018ca                vBarMode
 .text.vRedrawTask
                0x0000000000001932      0x506 ./User/dash_draw.o
                0x0000000000001932                vRedrawTask
 .text.HardwareDeinit
                0x0000000000001e38       0x2a ./User/init.o
                0x0000000000001e38                HardwareDeinit
 .text.SoftwareReset
                0x0000000000001e62       0x14 ./User/init.o
                0x0000000000001e62                SoftwareReset
 .text.ADC1_Event
                0x0000000000001e76       0x48 ./User/inputs.o
                0x0000000000001e76                ADC1_Event
 .text.CaptureDMACallBack
                0x0000000000001ebe       0x22 ./User/inputs.o
                0x0000000000001ebe                CaptureDMACallBack
 .text.CaptureDMACallBack_1
                0x0000000000001ee0       0x22 ./User/inputs.o
                0x0000000000001ee0                CaptureDMACallBack_1
 .text.SaveData
                0x0000000000001f02       0x32 ./User/inputs.o
 .text.fDinStateCallback
                0x0000000000001f34       0x32 ./User/inputs.o
                0x0000000000001f34                fDinStateCallback
 .text.vSetDoutState
                0x0000000000001f66       0x28 ./User/inputs.o
                0x0000000000001f66                vSetDoutState
 .text.getInputsTaskHandle
                0x0000000000001f8e        0xa ./User/inputs.o
                0x0000000000001f8e                getInputsTaskHandle
 .text.ADC_FSM  0x0000000000001f98      0x1e6 ./User/inputs.o
                0x0000000000001f98                ADC_FSM
 .text.GetAIN   0x000000000000217e        0xc ./User/inputs.o
                0x000000000000217e                GetAIN
 .text.vInputsTask
                0x000000000000218a      0x280 ./User/inputs.o
                0x000000000000218a                vInputsTask
 .text.SPI1_DMA_Callback
                0x000000000000240a       0x2e ./User/led.o
                0x000000000000240a                SPI1_DMA_Callback
 .text.SPI2_DMA_Callback
                0x0000000000002438       0x2e ./User/led.o
                0x0000000000002438                SPI2_DMA_Callback
 .text.SetBarState
                0x0000000000002466       0x50 ./User/led.o
                0x0000000000002466                SetBarState
 .text.SetRGB   0x00000000000024b6       0x4e ./User/led.o
                0x00000000000024b6                SetRGB
 .text.SetSegDirect
                0x0000000000002504       0x9c ./User/led.o
                0x0000000000002504                SetSegDirect
 .text.SetSegPoint
                0x00000000000025a0       0x22 ./User/led.o
                0x00000000000025a0                SetSegPoint
 .text.SetSEG   0x00000000000025c2      0x120 ./User/led.o
                0x00000000000025c2                SetSEG
 .text.SetBigSeg
                0x00000000000026e2       0x14 ./User/led.o
                0x00000000000026e2                SetBigSeg
 .text.vSetBrigth
                0x00000000000026f6       0x28 ./User/led.o
                0x00000000000026f6                vSetBrigth
 .text.vLedDriverStart
                0x000000000000271e       0x4e ./User/led.o
                0x000000000000271e                vLedDriverStart
 .text.vLedProcess
                0x000000000000276c       0x1e ./User/led.o
                0x000000000000276c                vLedProcess
 .text.vRGBProcess
                0x000000000000278a       0xe2 ./User/led.o
                0x000000000000278a                vRGBProcess
 .text.startup.main
                0x000000000000286c       0x28 ./User/main.o
                0x000000000000286c                main
 .text.vRestartNode
                0x0000000000002894        0x2 ./User/main.o
                0x0000000000002894                vRestartNode
 .text.Error_Handler
                0x0000000000002896        0x8 ./User/main.o
                0x0000000000002896                Error_Handler
 .text.OD_readKEY
                0x000000000000289e        0x8 ./User/process.o
 .text.OD_writeRGBMAP
                0x00000000000028a6       0x30 ./User/process.o
 .text.OD_writeKEY
                0x00000000000028d6       0x34 ./User/process.o
 .text.OD_readRGBMAP
                0x000000000000290a       0x22 ./User/process.o
 .text.OD_readDIN
                0x000000000000292c       0x1c ./User/process.o
 .text.OD_writeMenuSetup
                0x0000000000002948       0x46 ./User/process.o
 .text.OD_writeBoardSettings
                0x000000000000298e       0x78 ./User/process.o
 .text.CO_getUint16
                0x0000000000002a06       0x10 ./User/process.o
 .text.OD_writeSEG
                0x0000000000002a16       0x44 ./User/process.o
 .text.OD_writeBAR
                0x0000000000002a5a       0x30 ./User/process.o
 .text.OD_writeRPMConfig
                0x0000000000002a8a       0x36 ./User/process.o
 .text.CO_getUint32
                0x0000000000002ac0       0x18 ./User/process.o
 .text.OD_writeMenuMap
                0x0000000000002ad8       0x30 ./User/process.o
 .text.OD_writeV1_14
                0x0000000000002b08       0x54 ./User/process.o
 .text.OD_writeDashParam
                0x0000000000002b5c       0x44 ./User/process.o
 .text.WriteRGB.isra.2
                0x0000000000002ba0       0x3a ./User/process.o
 .text.OD_writeRGB1
                0x0000000000002bda       0x14 ./User/process.o
 .text.OD_writeRGB2
                0x0000000000002bee       0x16 ./User/process.o
 .text.OD_writeRGB3
                0x0000000000002c04       0x16 ./User/process.o
 .text.OD_writeRGB4
                0x0000000000002c1a       0x16 ./User/process.o
 .text.OD_writeRGB5
                0x0000000000002c30       0x16 ./User/process.o
 .text.OD_writeRGB6
                0x0000000000002c46       0x16 ./User/process.o
 .text.OD_writeRGB7
                0x0000000000002c5c       0x16 ./User/process.o
 .text.OD_writeRGB8
                0x0000000000002c72       0x16 ./User/process.o
 .text.OD_writeRGB9
                0x0000000000002c88       0x16 ./User/process.o
 .text.OD_writeRGB10
                0x0000000000002c9e       0x16 ./User/process.o
 .text.OD_writeRGB11
                0x0000000000002cb4       0x16 ./User/process.o
 .text.OD_writeRGB12
                0x0000000000002cca       0x16 ./User/process.o
 .text.OD_writeRGB13
                0x0000000000002ce0       0x16 ./User/process.o
 .text.OD_readBoardSettings
                0x0000000000002cf6       0x2a ./User/process.o
 .text.readADC.isra.6
                0x0000000000002d20       0x84 ./User/process.o
 .text.OD_readADC1
                0x0000000000002da4       0x10 ./User/process.o
 .text.OD_readADC2
                0x0000000000002db4       0x10 ./User/process.o
 .text.OD_readADC3
                0x0000000000002dc4       0x10 ./User/process.o
 .text.OD_readMenuSetup
                0x0000000000002dd4       0x30 ./User/process.o
 .text.writeADC.isra.9
                0x0000000000002e04       0xde ./User/process.o
 .text.OD_writeADC1
                0x0000000000002ee2       0x10 ./User/process.o
 .text.OD_writeADC2
                0x0000000000002ef2       0x10 ./User/process.o
 .text.OD_writeADC3
                0x0000000000002f02       0x10 ./User/process.o
 .text.OD_readRGB.isra.5
                0x0000000000002f12       0x22 ./User/process.o
 .text.OD_readRGB1
                0x0000000000002f34       0x10 ./User/process.o
 .text.OD_readRGB2
                0x0000000000002f44       0x12 ./User/process.o
 .text.OD_readRGB3
                0x0000000000002f56       0x12 ./User/process.o
 .text.OD_readRGB4
                0x0000000000002f68       0x12 ./User/process.o
 .text.OD_readRGB5
                0x0000000000002f7a       0x12 ./User/process.o
 .text.OD_readRGB6
                0x0000000000002f8c       0x12 ./User/process.o
 .text.OD_readRGB7
                0x0000000000002f9e       0x12 ./User/process.o
 .text.OD_readRGB8
                0x0000000000002fb0       0x12 ./User/process.o
 .text.OD_readRGB9
                0x0000000000002fc2       0x12 ./User/process.o
 .text.OD_readRGB10
                0x0000000000002fd4       0x12 ./User/process.o
 .text.OD_readRGB11
                0x0000000000002fe6       0x12 ./User/process.o
 .text.OD_readRGB12
                0x0000000000002ff8       0x12 ./User/process.o
 .text.OD_readRGB13
                0x000000000000300a       0x12 ./User/process.o
 .text.OD_readAIN_RPM
                0x000000000000301c       0x26 ./User/process.o
 .text.OD_readMenuMap
                0x0000000000003042       0x2c ./User/process.o
 .text.OD_readRPMConfig
                0x000000000000306e       0x2a ./User/process.o
 .text.OD_readBar
                0x0000000000003098       0x28 ./User/process.o
 .text.OD_readDashParam
                0x00000000000030c0       0x4c ./User/process.o
 .text.OD_readSEG
                0x000000000000310c       0x34 ./User/process.o
 .text.SystemInit
                0x0000000000003140       0xea ./User/system_ch32v20x.o
                0x0000000000003140                SystemInit
 .text.SystemCoreClockUpdate
                0x000000000000322a       0x92 ./User/system_ch32v20x.o
                0x000000000000322a                SystemCoreClockUpdate
 .text.StartDefaultTask
                0x00000000000032bc       0x78 ./User/system_init.o
 .text.vApplicationGetIdleTaskMemory
                0x0000000000003334       0x1c ./User/system_init.o
                0x0000000000003334                vApplicationGetIdleTaskMemory
 .text.vSystemStop
                0x0000000000003350       0x26 ./User/system_init.o
                0x0000000000003350                vSystemStop
 .text.vector_handler
                0x0000000000003376       0x6c ./Startup/startup_ch32v20x_D6.o
                0x000000000000337a                Ecall_M_Mode_Handler
                0x000000000000337c                Ecall_U_Mode_Handler
                0x000000000000337e                Break_Point_Handler
                0x0000000000003384                WWDG_IRQHandler
                0x0000000000003386                PVD_IRQHandler
                0x0000000000003388                TAMPER_IRQHandler
                0x000000000000338c                FLASH_IRQHandler
                0x000000000000338e                RCC_IRQHandler
                0x0000000000003390                EXTI0_IRQHandler
                0x0000000000003392                EXTI1_IRQHandler
                0x0000000000003394                EXTI2_IRQHandler
                0x0000000000003396                EXTI3_IRQHandler
                0x0000000000003398                EXTI4_IRQHandler
                0x000000000000339c                DMA1_Channel2_IRQHandler
                0x00000000000033a4                DMA1_Channel6_IRQHandler
                0x00000000000033b2                EXTI9_5_IRQHandler
                0x00000000000033b4                TIM1_BRK_IRQHandler
                0x00000000000033b6                TIM1_UP_IRQHandler
                0x00000000000033b8                TIM1_TRG_COM_IRQHandler
                0x00000000000033ba                TIM1_CC_IRQHandler
                0x00000000000033bc                TIM2_IRQHandler
                0x00000000000033be                TIM3_IRQHandler
                0x00000000000033c6                I2C2_EV_IRQHandler
                0x00000000000033c8                I2C2_ER_IRQHandler
                0x00000000000033ca                SPI1_IRQHandler
                0x00000000000033cc                SPI2_IRQHandler
                0x00000000000033ce                USART1_IRQHandler
                0x00000000000033d0                USART2_IRQHandler
                0x00000000000033d2                USART3_IRQHandler
                0x00000000000033d4                EXTI15_10_IRQHandler
                0x00000000000033d6                RTCAlarm_IRQHandler
                0x00000000000033d8                USBWakeUp_IRQHandler
                0x00000000000033da                USBHD_IRQHandler
                0x00000000000033dc                USBHDWakeUp_IRQHandler
                0x00000000000033de                UART4_IRQHandler
                0x00000000000033e0                DMA1_Channel8_IRQHandler
 .text.handle_reset
                0x00000000000033e2       0x92 ./Startup/startup_ch32v20x_D6.o
                0x00000000000033e2                handle_reset
 .text.ADC_Cmd  0x0000000000003474       0x10 ./Peripheral/src/ch32v20x_adc.o
                0x0000000000003474                ADC_Cmd
 .text.ADC_GetResetCalibrationStatus
                0x0000000000003484        0x8 ./Peripheral/src/ch32v20x_adc.o
                0x0000000000003484                ADC_GetResetCalibrationStatus
 .text.ADC_GetCalibrationStatus
                0x000000000000348c        0x8 ./Peripheral/src/ch32v20x_adc.o
                0x000000000000348c                ADC_GetCalibrationStatus
 .text.ADC_GetITStatus
                0x0000000000003494       0x1c ./Peripheral/src/ch32v20x_adc.o
                0x0000000000003494                ADC_GetITStatus
 .text.ADC_ClearITPendingBit
                0x00000000000034b0        0xa ./Peripheral/src/ch32v20x_adc.o
                0x00000000000034b0                ADC_ClearITPendingBit
 .text.Get_CalibrationValue
                0x00000000000034ba      0x1fe ./Peripheral/src/ch32v20x_adc.o
                0x00000000000034ba                Get_CalibrationValue
 .text.DMA_GetFlagStatus
                0x00000000000036b8        0xe ./Peripheral/src/ch32v20x_dma.o
                0x00000000000036b8                DMA_GetFlagStatus
 .text.DMA_GetITStatus
                0x00000000000036c6        0xc ./Peripheral/src/ch32v20x_dma.o
                0x00000000000036c6                DMA_GetITStatus
 .text.DMA_ClearITPendingBit
                0x00000000000036d2        0x8 ./Peripheral/src/ch32v20x_dma.o
                0x00000000000036d2                DMA_ClearITPendingBit
 .text.GPIO_Init
                0x00000000000036da       0xfa ./Peripheral/src/ch32v20x_gpio.o
                0x00000000000036da                GPIO_Init
 .text.GPIO_PinRemapConfig
                0x00000000000037d4       0xf2 ./Peripheral/src/ch32v20x_gpio.o
                0x00000000000037d4                GPIO_PinRemapConfig
 .text.I2C_DualAddressCmd
                0x00000000000038c6       0x18 ./Peripheral/src/ch32v20x_i2c.o
                0x00000000000038c6                I2C_DualAddressCmd
 .text.I2C_ClearFlag
                0x00000000000038de        0xc ./Peripheral/src/ch32v20x_i2c.o
                0x00000000000038de                I2C_ClearFlag
 .text.RCC_LSEConfig
                0x00000000000038ea       0x28 ./Peripheral/src/ch32v20x_rcc.o
                0x00000000000038ea                RCC_LSEConfig
 .text.RCC_GetClocksFreq
                0x0000000000003912       0xbe ./Peripheral/src/ch32v20x_rcc.o
                0x0000000000003912                RCC_GetClocksFreq
 .text.RCC_APB2PeriphClockCmd
                0x00000000000039d0       0x1e ./Peripheral/src/ch32v20x_rcc.o
                0x00000000000039d0                RCC_APB2PeriphClockCmd
 .text.RCC_GetFlagStatus
                0x00000000000039ee       0x2e ./Peripheral/src/ch32v20x_rcc.o
                0x00000000000039ee                RCC_GetFlagStatus
 .text.RTC_EnterConfigMode
                0x0000000000003a1c       0x12 ./Peripheral/src/ch32v20x_rtc.o
                0x0000000000003a1c                RTC_EnterConfigMode
 .text.RTC_ExitConfigMode
                0x0000000000003a2e       0x18 ./Peripheral/src/ch32v20x_rtc.o
                0x0000000000003a2e                RTC_ExitConfigMode
 .text.RTC_GetCounter
                0x0000000000003a46       0x36 ./Peripheral/src/ch32v20x_rtc.o
                0x0000000000003a46                RTC_GetCounter
 .text.RTC_SetCounter
                0x0000000000003a7c       0x2c ./Peripheral/src/ch32v20x_rtc.o
                0x0000000000003a7c                RTC_SetCounter
 .text.RTC_SetPrescaler
                0x0000000000003aa8       0x2e ./Peripheral/src/ch32v20x_rtc.o
                0x0000000000003aa8                RTC_SetPrescaler
 .text.RTC_WaitForLastTask
                0x0000000000003ad6       0x10 ./Peripheral/src/ch32v20x_rtc.o
                0x0000000000003ad6                RTC_WaitForLastTask
 .text.RTC_WaitForSynchro
                0x0000000000003ae6       0x24 ./Peripheral/src/ch32v20x_rtc.o
                0x0000000000003ae6                RTC_WaitForSynchro
 .text.TIM_OC1Init
                0x0000000000003b0a       0x6a ./Peripheral/src/ch32v20x_tim.o
                0x0000000000003b0a                TIM_OC1Init
 .text.TIM_OC2Init
                0x0000000000003b74       0x96 ./Peripheral/src/ch32v20x_tim.o
                0x0000000000003b74                TIM_OC2Init
 .text.TIM_OC3Init
                0x0000000000003c0a       0x94 ./Peripheral/src/ch32v20x_tim.o
                0x0000000000003c0a                TIM_OC3Init
 .text.TIM_OC4Init
                0x0000000000003c9e       0x6c ./Peripheral/src/ch32v20x_tim.o
                0x0000000000003c9e                TIM_OC4Init
 .text.TIM_OC1PreloadConfig
                0x0000000000003d0a        0xe ./Peripheral/src/ch32v20x_tim.o
                0x0000000000003d0a                TIM_OC1PreloadConfig
 .text.TIM_OC2PreloadConfig
                0x0000000000003d18       0x16 ./Peripheral/src/ch32v20x_tim.o
                0x0000000000003d18                TIM_OC2PreloadConfig
 .text.TIM_OC3PreloadConfig
                0x0000000000003d2e        0xe ./Peripheral/src/ch32v20x_tim.o
                0x0000000000003d2e                TIM_OC3PreloadConfig
 .text.TIM_OC4PreloadConfig
                0x0000000000003d3c       0x16 ./Peripheral/src/ch32v20x_tim.o
                0x0000000000003d3c                TIM_OC4PreloadConfig
 .text.TIM_GetITStatus
                0x0000000000003d52       0x18 ./Peripheral/src/ch32v20x_tim.o
                0x0000000000003d52                TIM_GetITStatus
 .text.USART_Init
                0x0000000000003d6a       0xbc ./Peripheral/src/ch32v20x_usart.o
                0x0000000000003d6a                USART_Init
 .text.USART_Cmd
                0x0000000000003e26       0x16 ./Peripheral/src/ch32v20x_usart.o
                0x0000000000003e26                USART_Cmd
 .text.USART_SendData
                0x0000000000003e3c        0x8 ./Peripheral/src/ch32v20x_usart.o
                0x0000000000003e3c                USART_SendData
 .text.USART_GetFlagStatus
                0x0000000000003e44        0xa ./Peripheral/src/ch32v20x_usart.o
                0x0000000000003e44                USART_GetFlagStatus
 .text.vRCFilterConfig
                0x0000000000003e4e       0x2e ./HAL_LIB/filters.o
                0x0000000000003e4e                vRCFilterConfig
 .text.vInitABFilter
                0x0000000000003e7c       0x22 ./HAL_LIB/filters.o
                0x0000000000003e7c                vInitABFilter
 .text.vInitRunAverga
                0x0000000000003e9e        0x8 ./HAL_LIB/filters.o
                0x0000000000003e9e                vInitRunAverga
 .text.vInitMedianFilter
                0x0000000000003ea6       0x12 ./HAL_LIB/filters.o
                0x0000000000003ea6                vInitMedianFilter
 .text.MedianFilter
                0x0000000000003eb8       0x74 ./HAL_LIB/filters.o
                0x0000000000003eb8                MedianFilter
 .text.AddBufferData
                0x0000000000003f2c       0x20 ./HAL_LIB/filters.o
                0x0000000000003f2c                AddBufferData
 .text.GetConversional
                0x0000000000003f4c       0x4a ./HAL_LIB/filters.o
                0x0000000000003f4c                GetConversional
 .text.GetDataRegister
                0x0000000000003f96        0xa ./HAL_LIB/hw_data_model.o
                0x0000000000003f96                GetDataRegister
 .text.GetRegisterAddr
                0x0000000000003fa0        0xc ./HAL_LIB/hw_data_model.o
                0x0000000000003fa0                GetRegisterAddr
 .text.ClearDataModel
                0x0000000000003fac       0x1a ./HAL_LIB/hw_data_model.o
                0x0000000000003fac                ClearDataModel
 .text.setReg32
                0x0000000000003fc6       0x1e ./HAL_LIB/hw_data_model.o
                0x0000000000003fc6                setReg32
 .text.setReg16
                0x0000000000003fe4       0x12 ./HAL_LIB/hw_data_model.o
                0x0000000000003fe4                setReg16
 .text.setReg8  0x0000000000003ff6        0xe ./HAL_LIB/hw_data_model.o
                0x0000000000003ff6                setReg8
 .text.getReg16
                0x0000000000004004       0x14 ./HAL_LIB/hw_data_model.o
                0x0000000000004004                getReg16
 .text.getReg32
                0x0000000000004018       0x20 ./HAL_LIB/hw_data_model.o
                0x0000000000004018                getReg32
 .text.getReg8  0x0000000000004038        0xe ./HAL_LIB/hw_data_model.o
                0x0000000000004038                getReg8
 .text.vAINInit
                0x0000000000004046       0x36 ./HAL_LIB/hw_lib_adc.o
                0x0000000000004046                vAINInit
 .text.fGetAinCalData
                0x000000000000407c       0x7a ./HAL_LIB/hw_lib_adc.o
                0x000000000000407c                fGetAinCalData
 .text.eAinCalDataConfig
                0x00000000000040f6       0x50 ./HAL_LIB/hw_lib_adc.o
                0x00000000000040f6                eAinCalDataConfig
 .text.vABLineKoofFinde
                0x0000000000004146       0x6a ./HAL_LIB/hw_lib_adc.o
                0x0000000000004146                vABLineKoofFinde
 .text.eSetAinCalPoint
                0x00000000000041b0       0x64 ./HAL_LIB/hw_lib_adc.o
                0x00000000000041b0                eSetAinCalPoint
 .text.getADC1Buffer
                0x0000000000004214        0xa ./HAL_LIB/hw_lib_adc.o
                0x0000000000004214                getADC1Buffer
 .text.eDOUTConfigWtihStruct
                0x000000000000421e       0x1c ./HAL_LIB/hw_lib_din.o
                0x000000000000421e                eDOUTConfigWtihStruct
 .text.eSetDUT  0x000000000000423a       0x16 ./HAL_LIB/hw_lib_din.o
                0x000000000000423a                eSetDUT
 .text.uGetDIN  0x0000000000004250       0x14 ./HAL_LIB/hw_lib_din.o
                0x0000000000004250                uGetDIN
 .text.eRPMConfig
                0x0000000000004264       0x5a ./HAL_LIB/hw_lib_din.o
                0x0000000000004264                eRPMConfig
 .text.RMPDataConvert
                0x00000000000042be       0x7e ./HAL_LIB/hw_lib_din.o
                0x00000000000042be                RMPDataConvert
 .text.GetRPM   0x000000000000433c       0x70 ./HAL_LIB/hw_lib_din.o
                0x000000000000433c                GetRPM
 .text.xGetRPM  0x00000000000043ac       0x72 ./HAL_LIB/hw_lib_din.o
                0x00000000000043ac                xGetRPM
 .text.vDinDoutProcess
                0x000000000000441e       0xa0 ./HAL_LIB/hw_lib_din.o
                0x000000000000441e                vDinDoutProcess
 .text.getCaputreBuffer
                0x00000000000044be       0x16 ./HAL_LIB/hw_lib_din.o
                0x00000000000044be                getCaputreBuffer
 .text.I2C_FSM  0x00000000000044d4      0x198 ./HAL_LIB/hw_lib_eeprom_i2c.o
                0x00000000000044d4                I2C_FSM
 .text.vInitEEPROM_I2C
                0x000000000000466c       0x4e ./HAL_LIB/hw_lib_eeprom_i2c.o
                0x000000000000466c                vInitEEPROM_I2C
 .text.eEEPROMWrFast
                0x00000000000046ba      0x10a ./HAL_LIB/hw_lib_eeprom_i2c.o
                0x00000000000046ba                eEEPROMWrFast
 .text.eEEPROMWr
                0x00000000000047c4       0xe2 ./HAL_LIB/hw_lib_eeprom_i2c.o
                0x00000000000047c4                eEEPROMWr
 .text.eEEPROMRd
                0x00000000000048a6       0x8a ./HAL_LIB/hw_lib_eeprom_i2c.o
                0x00000000000048a6                eEEPROMRd
 .text.bReadEEPROM
                0x0000000000004930       0x1a ./HAL_LIB/hw_lib_eeprom_i2c.o
                0x0000000000004930                bReadEEPROM
 .text.vHW_INIT_TIMEOUT
                0x000000000000494a       0x1c ./HAL_LIB/hw_timeout.o
                0x000000000000494a                vHW_INIT_TIMEOUT
 .text.vHW_PROCESS_TIMEOUT
                0x0000000000004966       0x26 ./HAL_LIB/hw_timeout.o
                0x0000000000004966                vHW_PROCESS_TIMEOUT
 .text.HAL_CANSetTXCallback
                0x000000000000498c        0xa ./HAL_DRIVER/hal_can_ch32.o
                0x000000000000498c                HAL_CANSetTXCallback
 .text.HAL_CANSetRXCallback
                0x0000000000004996        0xa ./HAL_DRIVER/hal_can_ch32.o
                0x0000000000004996                HAL_CANSetRXCallback
 .text.HAL_CANSetERRCallback
                0x00000000000049a0        0xa ./HAL_DRIVER/hal_can_ch32.o
                0x00000000000049a0                HAL_CANSetERRCallback
 .text.HAL_CANIntIT
                0x00000000000049aa      0x13c ./HAL_DRIVER/hal_can_ch32.o
                0x00000000000049aa                HAL_CANIntIT
 .text.HAL_CANToInitMode
                0x0000000000004ae6       0x30 ./HAL_DRIVER/hal_can_ch32.o
                0x0000000000004ae6                HAL_CANToInitMode
 .text.HAL_CANToOperatingMode
                0x0000000000004b16       0x26 ./HAL_DRIVER/hal_can_ch32.o
                0x0000000000004b16                HAL_CANToOperatingMode
 .text.HAL_CANSend
                0x0000000000004b3c       0xae ./HAL_DRIVER/hal_can_ch32.o
                0x0000000000004b3c                HAL_CANSend
 .text.HAL_CANSetFiters
                0x0000000000004bea       0xc4 ./HAL_DRIVER/hal_can_ch32.o
                0x0000000000004bea                HAL_CANSetFiters
 .text.HAL_CANGetRXMessage
                0x0000000000004cae       0xb0 ./HAL_DRIVER/hal_can_ch32.o
                0x0000000000004cae                HAL_CANGetRXMessage
 .text.USB_HP_CAN1_TX_IRQHandler
                0x0000000000004d5e       0x60 ./HAL_DRIVER/hal_can_ch32.o
                0x0000000000004d5e                USB_HP_CAN1_TX_IRQHandler
 .text.USB_LP_CAN1_RX0_IRQHandler
                0x0000000000004dbe       0x5e ./HAL_DRIVER/hal_can_ch32.o
                0x0000000000004dbe                USB_LP_CAN1_RX0_IRQHandler
 .text.CAN1_RX1_IRQHandler
                0x0000000000004e1c       0x5e ./HAL_DRIVER/hal_can_ch32.o
                0x0000000000004e1c                CAN1_RX1_IRQHandler
 .text.CAN1_SCE_IRQHandler
                0x0000000000004e7a       0x5c ./HAL_DRIVER/hal_can_ch32.o
                0x0000000000004e7a                CAN1_SCE_IRQHandler
 .text.HAL_InitGPIO
                0x0000000000004ed6       0xba ./HAL_DRIVER/hal_gpio_ch32.o
                0x0000000000004ed6                HAL_InitGPIO
 .text.HAL_InitGpioOut
                0x0000000000004f90       0x10 ./HAL_DRIVER/hal_gpio_ch32.o
                0x0000000000004f90                HAL_InitGpioOut
 .text.HAL_InitGpioAIN
                0x0000000000004fa0       0x10 ./HAL_DRIVER/hal_gpio_ch32.o
                0x0000000000004fa0                HAL_InitGpioAIN
 .text.HAL_InitGpioIn
                0x0000000000004fb0       0x10 ./HAL_DRIVER/hal_gpio_ch32.o
                0x0000000000004fb0                HAL_InitGpioIn
 .text.HAL_InitGpioAF
                0x0000000000004fc0       0x34 ./HAL_DRIVER/hal_gpio_ch32.o
                0x0000000000004fc0                HAL_InitGpioAF
 .text.HAL_GetBit
                0x0000000000004ff4        0xa ./HAL_DRIVER/hal_gpio_ch32.o
                0x0000000000004ff4                HAL_GetBit
 .text.HAL_SetBit
                0x0000000000004ffe        0x4 ./HAL_DRIVER/hal_gpio_ch32.o
                0x0000000000004ffe                HAL_SetBit
 .text.HAL_ResetBit
                0x0000000000005002        0x4 ./HAL_DRIVER/hal_gpio_ch32.o
                0x0000000000005002                HAL_ResetBit
 .text.HAL_InitGPO
                0x0000000000005006       0x14 ./HAL_DRIVER/hal_gpio_ch32.o
                0x0000000000005006                HAL_InitGPO
 .text.HAL_I2C_Init
                0x000000000000501a       0xf4 ./HAL_DRIVER/hal_i2c_ch32.o
                0x000000000000501a                HAL_I2C_Init
 .text.HAL_I2C_GET_STAR2
                0x000000000000510e        0xe ./HAL_DRIVER/hal_i2c_ch32.o
                0x000000000000510e                HAL_I2C_GET_STAR2
 .text.HAL_I2C_GET_STAR1
                0x000000000000511c        0xe ./HAL_DRIVER/hal_i2c_ch32.o
                0x000000000000511c                HAL_I2C_GET_STAR1
 .text.HAL_I2C_ENABLE
                0x000000000000512a       0x14 ./HAL_DRIVER/hal_i2c_ch32.o
                0x000000000000512a                HAL_I2C_ENABLE
 .text.InitI2CIT
                0x000000000000513e       0x6e ./HAL_DRIVER/hal_i2c_ch32.o
                0x000000000000513e                InitI2CIT
 .text.HAL_I2C_DISABLE
                0x00000000000051ac       0x1a ./HAL_DRIVER/hal_i2c_ch32.o
                0x00000000000051ac                HAL_I2C_DISABLE
 .text.I2C_IT_ENABLE
                0x00000000000051c6       0x12 ./HAL_DRIVER/hal_i2c_ch32.o
                0x00000000000051c6                I2C_IT_ENABLE
 .text.I2C_IT_DISABLE
                0x00000000000051d8       0x16 ./HAL_DRIVER/hal_i2c_ch32.o
                0x00000000000051d8                I2C_IT_DISABLE
 .text.HAL_I2C_STOP
                0x00000000000051ee       0x14 ./HAL_DRIVER/hal_i2c_ch32.o
                0x00000000000051ee                HAL_I2C_STOP
 .text.HAL_I2C_START
                0x0000000000005202       0x14 ./HAL_DRIVER/hal_i2c_ch32.o
                0x0000000000005202                HAL_I2C_START
 .text.HAL_I2C_SEND
                0x0000000000005216        0xe ./HAL_DRIVER/hal_i2c_ch32.o
                0x0000000000005216                HAL_I2C_SEND
 .text.HAL_I2C_SEND_ADDR_TRANS
                0x0000000000005224       0x12 ./HAL_DRIVER/hal_i2c_ch32.o
                0x0000000000005224                HAL_I2C_SEND_ADDR_TRANS
 .text.HAL_I2C_SEND_ADDR_RECIEVE
                0x0000000000005236       0x16 ./HAL_DRIVER/hal_i2c_ch32.o
                0x0000000000005236                HAL_I2C_SEND_ADDR_RECIEVE
 .text.HAL_I2C_ACK_ENABLE
                0x000000000000524c       0x14 ./HAL_DRIVER/hal_i2c_ch32.o
                0x000000000000524c                HAL_I2C_ACK_ENABLE
 .text.HAL_I2C_ACK_DISABLE
                0x0000000000005260       0x1c ./HAL_DRIVER/hal_i2c_ch32.o
                0x0000000000005260                HAL_I2C_ACK_DISABLE
 .text.HAL_I2C_ClearFlag
                0x000000000000527c       0x20 ./HAL_DRIVER/hal_i2c_ch32.o
                0x000000000000527c                HAL_I2C_ClearFlag
 .text.HAL_I2C_READ_DATA
                0x000000000000529c        0xe ./HAL_DRIVER/hal_i2c_ch32.o
                0x000000000000529c                HAL_I2C_READ_DATA
 .text.I2C1_EV_IRQHandler
                0x00000000000052aa       0x52 ./HAL_DRIVER/hal_i2c_ch32.o
                0x00000000000052aa                I2C1_EV_IRQHandler
 .text.I2C1_ER_IRQHandler
                0x00000000000052fc       0x52 ./HAL_DRIVER/hal_i2c_ch32.o
                0x00000000000052fc                I2C1_ER_IRQHandler
 .text.HAL_InitAPB1
                0x000000000000534e       0x1c ./HAL_DRIVER/hal_irq.o
                0x000000000000534e                HAL_InitAPB1
 .text.HAL_InitAPB2
                0x000000000000536a       0x1c ./HAL_DRIVER/hal_irq.o
                0x000000000000536a                HAL_InitAPB2
 .text.PFIC_IRQ_ENABLE_PG1
                0x0000000000005386       0x34 ./HAL_DRIVER/hal_irq.o
                0x0000000000005386                PFIC_IRQ_ENABLE_PG1
 .text.RTC_IRQHandler
                0x00000000000053ba       0x78 ./HAL_DRIVER/hal_rtc_ch32.o
                0x00000000000053ba                RTC_IRQHandler
 .text.HAL_SPI_RXOveleyClear
                0x0000000000005432       0x1e ./HAL_DRIVER/hal_spi_ch32.o
                0x0000000000005432                HAL_SPI_RXOveleyClear
 .text.HAL_SPI_GetBusy
                0x0000000000005450       0x10 ./HAL_DRIVER/hal_spi_ch32.o
                0x0000000000005450                HAL_SPI_GetBusy
 .text.HAL_WDTReset
                0x0000000000005460        0xe ./HAL_DRIVER/hal_wdt_ch32.o
                0x0000000000005460                HAL_WDTReset
 .text.Get_ConversionVal
                0x000000000000546e       0x2e ./HAL/hal_adc_ch32.o
                0x000000000000546e                Get_ConversionVal
 .text.HAL_ADC_RegularChannelConfig
                0x000000000000549c       0x46 ./HAL/hal_adc_ch32.o
                0x000000000000549c                HAL_ADC_RegularChannelConfig
 .text.HAL_ADC_ContiniusScanCinvertionDMA
                0x00000000000054e2       0xce ./HAL/hal_adc_ch32.o
                0x00000000000054e2                HAL_ADC_ContiniusScanCinvertionDMA
 .text.HAL_ADC_StartDMA
                0x00000000000055b0       0x42 ./HAL/hal_adc_ch32.o
                0x00000000000055b0                HAL_ADC_StartDMA
 .text.ADC1_2_IRQHandler
                0x00000000000055f2       0x74 ./HAL/hal_adc_ch32.o
                0x00000000000055f2                ADC1_2_IRQHandler
 .text.DMA_IRQ  0x0000000000005666       0x3a ./HAL/hal_dma_ch32.o
 .text.HAL_DMA_Enable
                0x00000000000056a0       0x18 ./HAL/hal_dma_ch32.o
                0x00000000000056a0                HAL_DMA_Enable
 .text.HAL_DMA_Disable
                0x00000000000056b8       0x1a ./HAL/hal_dma_ch32.o
                0x00000000000056b8                HAL_DMA_Disable
 .text.HAL_DMAInitIT
                0x00000000000056d2       0xa0 ./HAL/hal_dma_ch32.o
                0x00000000000056d2                HAL_DMAInitIT
 .text.HAL_DMA_SetCounter
                0x0000000000005772       0x12 ./HAL/hal_dma_ch32.o
                0x0000000000005772                HAL_DMA_SetCounter
 .text.HAL_DMA_ITENABLE
                0x0000000000005784       0x16 ./HAL/hal_dma_ch32.o
                0x0000000000005784                HAL_DMA_ITENABLE
 .text.HAL_DMA_SetCouterAndEnable
                0x000000000000579a       0x1a ./HAL/hal_dma_ch32.o
                0x000000000000579a                HAL_DMA_SetCouterAndEnable
 .text.DMA1_Channel1_IRQHandler
                0x00000000000057b4       0x4e ./HAL/hal_dma_ch32.o
                0x00000000000057b4                DMA1_Channel1_IRQHandler
 .text.DMA1_Channel3_IRQHandler
                0x0000000000005802       0x4e ./HAL/hal_dma_ch32.o
                0x0000000000005802                DMA1_Channel3_IRQHandler
 .text.DMA1_Channel4_IRQHandler
                0x0000000000005850       0x4e ./HAL/hal_dma_ch32.o
                0x0000000000005850                DMA1_Channel4_IRQHandler
 .text.DMA1_Channel5_IRQHandler
                0x000000000000589e       0x4e ./HAL/hal_dma_ch32.o
                0x000000000000589e                DMA1_Channel5_IRQHandler
 .text.DMA1_Channel7_IRQHandler
                0x00000000000058ec       0x4e ./HAL/hal_dma_ch32.o
                0x00000000000058ec                DMA1_Channel7_IRQHandler
 .text.TIM4_IRQHandler
                0x000000000000593a       0x70 ./HAL/hal_timers_ch32.o
                0x000000000000593a                TIM4_IRQHandler
 .text.HAL_TiemrEneblae
                0x00000000000059aa       0x16 ./HAL/hal_timers_ch32.o
                0x00000000000059aa                HAL_TiemrEneblae
 .text.HAL_TiemrDisable
                0x00000000000059c0       0x1c ./HAL/hal_timers_ch32.o
                0x00000000000059c0                HAL_TiemrDisable
 .text.HW_TIMER_BaseTimerInit
                0x00000000000059dc       0x54 ./HAL/hal_timers_ch32.o
                0x00000000000059dc                HW_TIMER_BaseTimerInit
 .text.HAL_TIMER_InitIt
                0x0000000000005a30       0x60 ./HAL/hal_timers_ch32.o
                0x0000000000005a30                HAL_TIMER_InitIt
 .text.HAL_TIMER_PWMTimersInit
                0x0000000000005a90       0xc2 ./HAL/hal_timers_ch32.o
                0x0000000000005a90                HAL_TIMER_PWMTimersInit
 .text.HAL_TimeInitCaptureDMA
                0x0000000000005b52       0xec ./HAL/hal_timers_ch32.o
                0x0000000000005b52                HAL_TimeInitCaptureDMA
 .text.HAL_TIMER_SetPWMPulse
                0x0000000000005c3e       0x88 ./HAL/hal_timers_ch32.o
                0x0000000000005c3e                HAL_TIMER_SetPWMPulse
 .text.HAL_TIMER_EnablePWMCH
                0x0000000000005cc6       0x1a ./HAL/hal_timers_ch32.o
                0x0000000000005cc6                HAL_TIMER_EnablePWMCH
 .text.prvInsertBlockIntoFreeList
                0x0000000000005ce0       0x4c ./FreeRTOS/portable/MemMang/heap_4.o
 .text.pvPortMalloc
                0x0000000000005d2c      0x18a ./FreeRTOS/portable/MemMang/heap_4.o
                0x0000000000005d2c                pvPortMalloc
 .text.vPortSetupTimerInterrupt
                0x0000000000005eb6       0x3e ./FreeRTOS/portable/GCC/RISC-V/port.o
                0x0000000000005eb6                vPortSetupTimerInterrupt
 .text.xPortStartScheduler
                0x0000000000005ef4       0x90 ./FreeRTOS/portable/GCC/RISC-V/port.o
                0x0000000000005ef4                xPortStartScheduler
 .text.SysTick_Handler
                0x0000000000005f84       0x7c ./FreeRTOS/portable/GCC/RISC-V/port.o
                0x0000000000005f84                SysTick_Handler
 .text.vPortEnterCritical
                0x0000000000006000       0x16 ./FreeRTOS/portable/GCC/RISC-V/port.o
                0x0000000000006000                vPortEnterCritical
 .text.vPortExitCritical
                0x0000000000006016       0x42 ./FreeRTOS/portable/GCC/RISC-V/port.o
                0x0000000000006016                vPortExitCritical
 .text.xPortSetInterruptMask
                0x0000000000006058        0xc ./FreeRTOS/portable/GCC/RISC-V/port.o
                0x0000000000006058                xPortSetInterruptMask
 .text.vPortClearInterruptMask
                0x0000000000006064        0x6 ./FreeRTOS/portable/GCC/RISC-V/port.o
                0x0000000000006064                vPortClearInterruptMask
 .text.vListInitialise
                0x000000000000606a       0x14 ./FreeRTOS/list.o
                0x000000000000606a                vListInitialise
 .text.vListInitialiseItem
                0x000000000000607e        0x6 ./FreeRTOS/list.o
                0x000000000000607e                vListInitialiseItem
 .text.vListInsertEnd
                0x0000000000006084       0x18 ./FreeRTOS/list.o
                0x0000000000006084                vListInsertEnd
 .text.vListInsert
                0x000000000000609c       0x2e ./FreeRTOS/list.o
                0x000000000000609c                vListInsert
 .text.uxListRemove
                0x00000000000060ca       0x20 ./FreeRTOS/list.o
                0x00000000000060ca                uxListRemove
 .text.prvIsQueueEmpty
                0x00000000000060ea       0x1e ./FreeRTOS/queue.o
 .text.prvCopyDataToQueue
                0x0000000000006108       0x72 ./FreeRTOS/queue.o
 .text.prvCopyDataFromQueue
                0x000000000000617a       0x28 ./FreeRTOS/queue.o
 .text.prvUnlockQueue
                0x00000000000061a2       0x76 ./FreeRTOS/queue.o
 .text.xQueueGenericReset
                0x0000000000006218       0xc4 ./FreeRTOS/queue.o
                0x0000000000006218                xQueueGenericReset
 .text.xQueueGenericCreateStatic
                0x00000000000062dc       0xae ./FreeRTOS/queue.o
                0x00000000000062dc                xQueueGenericCreateStatic
 .text.xQueueGenericCreate
                0x000000000000638a       0x72 ./FreeRTOS/queue.o
                0x000000000000638a                xQueueGenericCreate
 .text.xQueueGenericSend
                0x00000000000063fc      0x178 ./FreeRTOS/queue.o
                0x00000000000063fc                xQueueGenericSend
 .text.xQueueGiveMutexRecursive
                0x0000000000006574       0x56 ./FreeRTOS/queue.o
                0x0000000000006574                xQueueGiveMutexRecursive
 .text.xQueueCreateMutex
                0x00000000000065ca       0x2e ./FreeRTOS/queue.o
                0x00000000000065ca                xQueueCreateMutex
 .text.xQueueReceive
                0x00000000000065f8      0x138 ./FreeRTOS/queue.o
                0x00000000000065f8                xQueueReceive
 .text.xQueueSemaphoreTake
                0x0000000000006730      0x18e ./FreeRTOS/queue.o
                0x0000000000006730                xQueueSemaphoreTake
 .text.xQueueTakeMutexRecursive
                0x00000000000068be       0x5a ./FreeRTOS/queue.o
                0x00000000000068be                xQueueTakeMutexRecursive
 .text.uxQueueMessagesWaiting
                0x0000000000006918       0x44 ./FreeRTOS/queue.o
                0x0000000000006918                uxQueueMessagesWaiting
 .text.prvIdleTask
                0x000000000000695c        0x2 ./FreeRTOS/tasks.o
 .text.prvAddNewTaskToReadyList
                0x000000000000695e      0x106 ./FreeRTOS/tasks.o
 .text.prvResetNextTaskUnblockTime
                0x0000000000006a64       0x20 ./FreeRTOS/tasks.o
 .text.prvTaskIsTaskSuspended
                0x0000000000006a84       0x50 ./FreeRTOS/tasks.o
 .text.prvInitialiseNewTask.isra.2
                0x0000000000006ad4       0xc8 ./FreeRTOS/tasks.o
 .text.prvAddCurrentTaskToDelayedList
                0x0000000000006b9c       0xa4 ./FreeRTOS/tasks.o
 .text.xTaskCreateStatic
                0x0000000000006c40       0xa6 ./FreeRTOS/tasks.o
                0x0000000000006c40                xTaskCreateStatic
 .text.vTaskResume
                0x0000000000006ce6       0xa6 ./FreeRTOS/tasks.o
                0x0000000000006ce6                vTaskResume
 .text.vTaskStartScheduler
                0x0000000000006d8c       0x5c ./FreeRTOS/tasks.o
                0x0000000000006d8c                vTaskStartScheduler
 .text.vTaskSuspendAll
                0x0000000000006de8       0x10 ./FreeRTOS/tasks.o
                0x0000000000006de8                vTaskSuspendAll
 .text.xTaskGetTickCount
                0x0000000000006df8        0x6 ./FreeRTOS/tasks.o
                0x0000000000006df8                xTaskGetTickCount
 .text.xTaskIncrementTick
                0x0000000000006dfe      0x194 ./FreeRTOS/tasks.o
                0x0000000000006dfe                xTaskIncrementTick
 .text.xTaskResumeAll
                0x0000000000006f92      0x154 ./FreeRTOS/tasks.o
                0x0000000000006f92                xTaskResumeAll
 .text.vTaskDelay
                0x00000000000070e6       0x66 ./FreeRTOS/tasks.o
                0x00000000000070e6                vTaskDelay
 .text.vTaskSwitchContext
                0x000000000000714c       0x92 ./FreeRTOS/tasks.o
                0x000000000000714c                vTaskSwitchContext
 .text.vTaskSuspend
                0x00000000000071de       0xea ./FreeRTOS/tasks.o
                0x00000000000071de                vTaskSuspend
 .text.vTaskPlaceOnEventList
                0x00000000000072c8       0x48 ./FreeRTOS/tasks.o
                0x00000000000072c8                vTaskPlaceOnEventList
 .text.xTaskRemoveFromEventList
                0x0000000000007310       0xe4 ./FreeRTOS/tasks.o
                0x0000000000007310                xTaskRemoveFromEventList
 .text.vTaskInternalSetTimeOutState
                0x00000000000073f4        0xe ./FreeRTOS/tasks.o
                0x00000000000073f4                vTaskInternalSetTimeOutState
 .text.xTaskCheckForTimeOut
                0x0000000000007402       0xaa ./FreeRTOS/tasks.o
                0x0000000000007402                xTaskCheckForTimeOut
 .text.vTaskMissedYield
                0x00000000000074ac        0x8 ./FreeRTOS/tasks.o
                0x00000000000074ac                vTaskMissedYield
 .text.xTaskGetCurrentTaskHandle
                0x00000000000074b4        0xa ./FreeRTOS/tasks.o
                0x00000000000074b4                xTaskGetCurrentTaskHandle
 .text.xTaskPriorityInherit
                0x00000000000074be       0xaa ./FreeRTOS/tasks.o
                0x00000000000074be                xTaskPriorityInherit
 .text.xTaskPriorityDisinherit
                0x0000000000007568       0xc6 ./FreeRTOS/tasks.o
                0x0000000000007568                xTaskPriorityDisinherit
 .text.vTaskPriorityDisinheritAfterTimeout
                0x000000000000762e       0xe2 ./FreeRTOS/tasks.o
                0x000000000000762e                vTaskPriorityDisinheritAfterTimeout
 .text.pvTaskIncrementMutexHeldCount
                0x0000000000007710       0x1c ./FreeRTOS/tasks.o
                0x0000000000007710                pvTaskIncrementMutexHeldCount
 .text.ulTaskGenericNotifyTake
                0x000000000000772c       0xb8 ./FreeRTOS/tasks.o
                0x000000000000772c                ulTaskGenericNotifyTake
 .text.xTaskGenericNotifyWait
                0x00000000000077e4       0xe6 ./FreeRTOS/tasks.o
                0x00000000000077e4                xTaskGenericNotifyWait
 .text.xTaskGenericNotifyFromISR
                0x00000000000078ca      0x1e8 ./FreeRTOS/tasks.o
                0x00000000000078ca                xTaskGenericNotifyFromISR
 .text.Delay_Init
                0x0000000000007ab2       0x2a ./Debug/debug.o
                0x0000000000007ab2                Delay_Init
 .text.Delay_Ms
                0x0000000000007adc       0x36 ./Debug/debug.o
                0x0000000000007adc                Delay_Ms
 .text.USART_Printf_Init
                0x0000000000007b12       0x5a ./Debug/debug.o
                0x0000000000007b12                USART_Printf_Init
 .text._write   0x0000000000007b6c       0x3e ./Debug/debug.o
                0x0000000000007b6c                _write
 .text._sbrk    0x0000000000007baa       0x2a ./Debug/debug.o
                0x0000000000007baa                _sbrk
 .text.__get_MEPC
                0x0000000000007bd4        0x6 ./Core/core_riscv.o
                0x0000000000007bd4                __get_MEPC
 .text.__get_MCAUSE
                0x0000000000007bda        0x6 ./Core/core_riscv.o
                0x0000000000007bda                __get_MCAUSE
 .text.__get_MTVAL
                0x0000000000007be0        0x6 ./Core/core_riscv.o
                0x0000000000007be0                __get_MTVAL
 .text.prv_read_can_received_msg
                0x0000000000007be6       0x50 ./CANopenNode/keypad/CO_driver_ST32F103.o
                0x0000000000007be6                prv_read_can_received_msg
 .text.prv_send_can_message.isra.0
                0x0000000000007c36       0x2c ./CANopenNode/keypad/CO_driver_ST32F103.o
 .text.CAN_SendMessage
                0x0000000000007c62       0x66 ./CANopenNode/keypad/CO_driver_ST32F103.o
                0x0000000000007c62                CAN_SendMessage
 .text.co_drv_create_os_objects
                0x0000000000007cc8       0x30 ./CANopenNode/keypad/CO_driver_ST32F103.o
                0x0000000000007cc8                co_drv_create_os_objects
 .text.co_drv_mutex_lock
                0x0000000000007cf8       0x18 ./CANopenNode/keypad/CO_driver_ST32F103.o
                0x0000000000007cf8                co_drv_mutex_lock
 .text.co_drv_mutex_unlock
                0x0000000000007d10       0x16 ./CANopenNode/keypad/CO_driver_ST32F103.o
                0x0000000000007d10                co_drv_mutex_unlock
 .text.CO_CANsetConfigurationMode
                0x0000000000007d26       0x10 ./CANopenNode/keypad/CO_driver_ST32F103.o
                0x0000000000007d26                CO_CANsetConfigurationMode
 .text.CO_CANsetNormalMode
                0x0000000000007d36       0x1c ./CANopenNode/keypad/CO_driver_ST32F103.o
                0x0000000000007d36                CO_CANsetNormalMode
 .text.CO_CANmodule_init
                0x0000000000007d52      0x110 ./CANopenNode/keypad/CO_driver_ST32F103.o
                0x0000000000007d52                CO_CANmodule_init
 .text.CO_CANmodule_disable
                0x0000000000007e62       0x14 ./CANopenNode/keypad/CO_driver_ST32F103.o
                0x0000000000007e62                CO_CANmodule_disable
 .text.CO_CANrxBufferInit
                0x0000000000007e76       0x52 ./CANopenNode/keypad/CO_driver_ST32F103.o
                0x0000000000007e76                CO_CANrxBufferInit
 .text.CO_CANtxBufferInit
                0x0000000000007ec8       0x3a ./CANopenNode/keypad/CO_driver_ST32F103.o
                0x0000000000007ec8                CO_CANtxBufferInit
 .text.CO_CANmodule_process
                0x0000000000007f02       0x12 ./CANopenNode/keypad/CO_driver_ST32F103.o
                0x0000000000007f02                CO_CANmodule_process
 .text.CO_CANsend
                0x0000000000007f14       0x46 ./CANopenNode/keypad/CO_driver_ST32F103.o
                0x0000000000007f14                CO_CANsend
 .text.CO_LSSslave_receive
                0x0000000000007f5a      0x1a8 ./CANopenNode/305/CO_LSSslave.o
 .text.CO_LSSslave_init
                0x0000000000008102       0xa4 ./CANopenNode/305/CO_LSSslave.o
                0x0000000000008102                CO_LSSslave_init
 .text.CO_LSSslave_process
                0x00000000000081a6      0x1a2 ./CANopenNode/305/CO_LSSslave.o
                0x00000000000081a6                CO_LSSslave_process
 .text.OD_write_1003
                0x0000000000008348       0x28 ./CANopenNode/301/CO_Emergency.o
 .text.OD_read_1003
                0x0000000000008370       0x8c ./CANopenNode/301/CO_Emergency.o
 .text.OD_read_1014_default
                0x00000000000083fc       0x50 ./CANopenNode/301/CO_Emergency.o
 .text.CO_EM_init
                0x000000000000844c      0x112 ./CANopenNode/301/CO_Emergency.o
                0x000000000000844c                CO_EM_init
 .text.CO_error
                0x000000000000855e       0xc4 ./CANopenNode/301/CO_Emergency.o
                0x000000000000855e                CO_error
 .text.CO_EM_process
                0x0000000000008622      0x182 ./CANopenNode/301/CO_Emergency.o
                0x0000000000008622                CO_EM_process
 .text.CO_NMT_receive
                0x00000000000087a4       0x18 ./CANopenNode/301/CO_NMT_Heartbeat.o
 .text.OD_write_1017
                0x00000000000087bc       0x48 ./CANopenNode/301/CO_NMT_Heartbeat.o
 .text.CO_NMT_init
                0x0000000000008804       0xec ./CANopenNode/301/CO_NMT_Heartbeat.o
                0x0000000000008804                CO_NMT_init
 .text.CO_NMT_process
                0x00000000000088f0      0x106 ./CANopenNode/301/CO_NMT_Heartbeat.o
                0x00000000000088f0                CO_NMT_process
 .text.OD_readDisabled
                0x00000000000089f6        0x4 ./CANopenNode/301/CO_ODinterface.o
 .text.OD_readOriginal
                0x00000000000089fa       0x50 ./CANopenNode/301/CO_ODinterface.o
                0x00000000000089fa                OD_readOriginal
 .text.OD_writeOriginal
                0x0000000000008a4a       0x54 ./CANopenNode/301/CO_ODinterface.o
                0x0000000000008a4a                OD_writeOriginal
 .text.OD_writeDisabled
                0x0000000000008a9e        0x4 ./CANopenNode/301/CO_ODinterface.o
 .text.OD_find  0x0000000000008aa2       0x70 ./CANopenNode/301/CO_ODinterface.o
                0x0000000000008aa2                OD_find
 .text.OD_getSub
                0x0000000000008b12       0xf6 ./CANopenNode/301/CO_ODinterface.o
                0x0000000000008b12                OD_getSub
 .text.OD_getSDOabCode
                0x0000000000008c08       0x20 ./CANopenNode/301/CO_ODinterface.o
                0x0000000000008c08                OD_getSDOabCode
 .text.OD_get_value
                0x0000000000008c28       0x34 ./CANopenNode/301/CO_ODinterface.o
                0x0000000000008c28                OD_get_value
 .text.OD_set_value
                0x0000000000008c5c       0x2e ./CANopenNode/301/CO_ODinterface.o
                0x0000000000008c5c                OD_set_value
 .text.OD_getPtr
                0x0000000000008c8a       0x3c ./CANopenNode/301/CO_ODinterface.o
                0x0000000000008c8a                OD_getPtr
 .text.OD_write_dummy
                0x0000000000008cc6        0x8 ./CANopenNode/301/CO_PDO.o
 .text.OD_read_dummy
                0x0000000000008cce       0x2e ./CANopenNode/301/CO_PDO.o
 .text.PDOconfigMap
                0x0000000000008cfc      0x100 ./CANopenNode/301/CO_PDO.o
 .text.CO_PDO_receive
                0x0000000000008dfc       0x48 ./CANopenNode/301/CO_PDO.o
 .text.OD_read_PDO_commParam
                0x0000000000008e44       0x70 ./CANopenNode/301/CO_PDO.o
 .text.PDO_initMapping.constprop.3
                0x0000000000008eb4       0xe6 ./CANopenNode/301/CO_PDO.o
 .text.OD_write_PDO_mapping
                0x0000000000008f9a       0xb4 ./CANopenNode/301/CO_PDO.o
 .text.OD_write_18xx
                0x000000000000904e      0x184 ./CANopenNode/301/CO_PDO.o
 .text.OD_write_14xx
                0x00000000000091d2      0x15a ./CANopenNode/301/CO_PDO.o
 .text.CO_RPDO_init
                0x000000000000932c      0x172 ./CANopenNode/301/CO_PDO.o
                0x000000000000932c                CO_RPDO_init
 .text.CO_RPDO_process
                0x000000000000949e      0x114 ./CANopenNode/301/CO_PDO.o
                0x000000000000949e                CO_RPDO_process
 .text.CO_TPDO_init
                0x00000000000095b2      0x1d2 ./CANopenNode/301/CO_PDO.o
                0x00000000000095b2                CO_TPDO_init
 .text.CO_TPDO_process
                0x0000000000009784      0x15e ./CANopenNode/301/CO_PDO.o
                0x0000000000009784                CO_TPDO_process
 .text.CO_SDOserver_init_canRxTx
                0x00000000000098e2       0x82 ./CANopenNode/301/CO_SDOserver.o
 .text.CO_SDO_receive
                0x0000000000009964       0x38 ./CANopenNode/301/CO_SDOserver.o
 .text.readFromOd.isra.1.constprop.5
                0x000000000000999c       0xe2 ./CANopenNode/301/CO_SDOserver.o
 .text.OD_write_1201_additional
                0x0000000000009a7e      0x158 ./CANopenNode/301/CO_SDOserver.o
 .text.CO_SDOserver_init
                0x0000000000009bd6      0x172 ./CANopenNode/301/CO_SDOserver.o
                0x0000000000009bd6                CO_SDOserver_init
 .text.CO_SDOserver_process
                0x0000000000009d48      0x5e8 ./CANopenNode/301/CO_SDOserver.o
                0x0000000000009d48                CO_SDOserver_process
 .text.CO_delete
                0x000000000000a330       0x56 ./CANopenNode/CANopen.o
                0x000000000000a330                CO_delete
 .text.CO_new   0x000000000000a386      0x102 ./CANopenNode/CANopen.o
                0x000000000000a386                CO_new
 .text.CO_CANinit
                0x000000000000a488       0x36 ./CANopenNode/CANopen.o
                0x000000000000a488                CO_CANinit
 .text.CO_LSSinit
                0x000000000000a4be       0x32 ./CANopenNode/CANopen.o
                0x000000000000a4be                CO_LSSinit
 .text.CO_CANopenInit
                0x000000000000a4f0       0xb8 ./CANopenNode/CANopen.o
                0x000000000000a4f0                CO_CANopenInit
 .text.CO_CANopenInitPDO
                0x000000000000a5a8       0xea ./CANopenNode/CANopen.o
                0x000000000000a5a8                CO_CANopenInitPDO
 .text.CO_process
                0x000000000000a692       0x7e ./CANopenNode/CANopen.o
                0x000000000000a692                CO_process
 .text.CO_process_RPDO
                0x000000000000a710       0x40 ./CANopenNode/CANopen.o
                0x000000000000a710                CO_process_RPDO
 .text.CO_process_TPDO
                0x000000000000a750       0x40 ./CANopenNode/CANopen.o
                0x000000000000a750                CO_process_TPDO
 .text.__muldf3
                0x000000000000a790      0x4b8 c:/mounriver/mounriver_studio/toolchain/risc-v embedded gcc/bin/../lib/gcc/riscv-none-embed/8.2.0/rv32imacxw/ilp32\libgcc.a(muldf3.o)
                0x000000000000a790                __muldf3
 .text.__floatunsidf
                0x000000000000ac48       0x68 c:/mounriver/mounriver_studio/toolchain/risc-v embedded gcc/bin/../lib/gcc/riscv-none-embed/8.2.0/rv32imacxw/ilp32\libgcc.a(floatunsidf.o)
                0x000000000000ac48                __floatunsidf
 .text.__addsf3
                0x000000000000acb0      0x36a c:/mounriver/mounriver_studio/toolchain/risc-v embedded gcc/bin/../lib/gcc/riscv-none-embed/8.2.0/rv32imacxw/ilp32\libgcc.a(addsf3.o)
                0x000000000000acb0                __addsf3
 .text.__divsf3
                0x000000000000b01a      0x2b2 c:/mounriver/mounriver_studio/toolchain/risc-v embedded gcc/bin/../lib/gcc/riscv-none-embed/8.2.0/rv32imacxw/ilp32\libgcc.a(divsf3.o)
                0x000000000000b01a                __divsf3
 .text.__gesf2  0x000000000000b2cc       0x86 c:/mounriver/mounriver_studio/toolchain/risc-v embedded gcc/bin/../lib/gcc/riscv-none-embed/8.2.0/rv32imacxw/ilp32\libgcc.a(gesf2.o)
                0x000000000000b2cc                __gesf2
                0x000000000000b2cc                __gtsf2
 .text.__lesf2  0x000000000000b352       0x8c c:/mounriver/mounriver_studio/toolchain/risc-v embedded gcc/bin/../lib/gcc/riscv-none-embed/8.2.0/rv32imacxw/ilp32\libgcc.a(lesf2.o)
                0x000000000000b352                __ltsf2
                0x000000000000b352                __lesf2
 .text.__mulsf3
                0x000000000000b3de      0x294 c:/mounriver/mounriver_studio/toolchain/risc-v embedded gcc/bin/../lib/gcc/riscv-none-embed/8.2.0/rv32imacxw/ilp32\libgcc.a(mulsf3.o)
                0x000000000000b3de                __mulsf3
 .text.__subsf3
                0x000000000000b672      0x388 c:/mounriver/mounriver_studio/toolchain/risc-v embedded gcc/bin/../lib/gcc/riscv-none-embed/8.2.0/rv32imacxw/ilp32\libgcc.a(subsf3.o)
                0x000000000000b672                __subsf3
 .text.__fixsfsi
                0x000000000000b9fa       0x62 c:/mounriver/mounriver_studio/toolchain/risc-v embedded gcc/bin/../lib/gcc/riscv-none-embed/8.2.0/rv32imacxw/ilp32\libgcc.a(fixsfsi.o)
                0x000000000000b9fa                __fixsfsi
 .text.__fixunssfsi
                0x000000000000ba5c       0x56 c:/mounriver/mounriver_studio/toolchain/risc-v embedded gcc/bin/../lib/gcc/riscv-none-embed/8.2.0/rv32imacxw/ilp32\libgcc.a(fixunssfsi.o)
                0x000000000000ba5c                __fixunssfsi
 .text.__floatsisf
                0x000000000000bab2       0xc6 c:/mounriver/mounriver_studio/toolchain/risc-v embedded gcc/bin/../lib/gcc/riscv-none-embed/8.2.0/rv32imacxw/ilp32\libgcc.a(floatsisf.o)
                0x000000000000bab2                __floatsisf
 .text.__floatunsisf
                0x000000000000bb78       0xce c:/mounriver/mounriver_studio/toolchain/risc-v embedded gcc/bin/../lib/gcc/riscv-none-embed/8.2.0/rv32imacxw/ilp32\libgcc.a(floatunsisf.o)
                0x000000000000bb78                __floatunsisf
 .text.__truncdfsf2
                0x000000000000bc46      0x16a c:/mounriver/mounriver_studio/toolchain/risc-v embedded gcc/bin/../lib/gcc/riscv-none-embed/8.2.0/rv32imacxw/ilp32\libgcc.a(truncdfsf2.o)
                0x000000000000bc46                __truncdfsf2
 .text.__clzsi2
                0x000000000000bdb0       0x6e c:/mounriver/mounriver_studio/toolchain/risc-v embedded gcc/bin/../lib/gcc/riscv-none-embed/8.2.0/rv32imacxw/ilp32\libgcc.a(_clzsi2.o)
                0x000000000000bdb0                __clzsi2
 .text.calloc   0x000000000000be1e        0xc c:/mounriver/mounriver_studio/toolchain/risc-v embedded gcc/bin/../lib/gcc/riscv-none-embed/8.2.0/../../../../riscv-none-embed/lib/rv32imacxw/ilp32\libg_nano.a(lib_a-calloc.o)
                0x000000000000be1e                calloc
 .text.free     0x000000000000be2a        0xa c:/mounriver/mounriver_studio/toolchain/risc-v embedded gcc/bin/../lib/gcc/riscv-none-embed/8.2.0/../../../../riscv-none-embed/lib/rv32imacxw/ilp32\libg_nano.a(lib_a-malloc.o)
                0x000000000000be2a                free
 .text.memcpy   0x000000000000be34       0xb2 c:/mounriver/mounriver_studio/toolchain/risc-v embedded gcc/bin/../lib/gcc/riscv-none-embed/8.2.0/../../../../riscv-none-embed/lib/rv32imacxw/ilp32\libg_nano.a(lib_a-memcpy.o)
                0x000000000000be34                memcpy
 .text.memmove  0x000000000000bee6       0x46 c:/mounriver/mounriver_studio/toolchain/risc-v embedded gcc/bin/../lib/gcc/riscv-none-embed/8.2.0/../../../../riscv-none-embed/lib/rv32imacxw/ilp32\libg_nano.a(lib_a-memmove.o)
                0x000000000000bee6                memmove
 .text._calloc_r
                0x000000000000bf2c       0x26 c:/mounriver/mounriver_studio/toolchain/risc-v embedded gcc/bin/../lib/gcc/riscv-none-embed/8.2.0/../../../../riscv-none-embed/lib/rv32imacxw/ilp32\libg_nano.a(lib_a-nano-callocr.o)
                0x000000000000bf2c                _calloc_r
 .text._free_r  0x000000000000bf52       0xa8 c:/mounriver/mounriver_studio/toolchain/risc-v embedded gcc/bin/../lib/gcc/riscv-none-embed/8.2.0/../../../../riscv-none-embed/lib/rv32imacxw/ilp32\libg_nano.a(lib_a-nano-freer.o)
                0x000000000000bf52                _free_r
 .text._malloc_r
                0x000000000000bffa       0xd4 c:/mounriver/mounriver_studio/toolchain/risc-v embedded gcc/bin/../lib/gcc/riscv-none-embed/8.2.0/../../../../riscv-none-embed/lib/rv32imacxw/ilp32\libg_nano.a(lib_a-nano-mallocr.o)
                0x000000000000bffa                _malloc_r
 .text.printf   0x000000000000c0ce       0x40 c:/mounriver/mounriver_studio/toolchain/risc-v embedded gcc/bin/../lib/gcc/riscv-none-embed/8.2.0/../../../../riscv-none-embed/lib/rv32imacxw/ilp32\libg_nano.a(lib_a-printf.o)
                0x000000000000c0ce                iprintf
                0x000000000000c0ce                printf
 .text._puts_r  0x000000000000c10e       0xd4 c:/mounriver/mounriver_studio/toolchain/risc-v embedded gcc/bin/../lib/gcc/riscv-none-embed/8.2.0/../../../../riscv-none-embed/lib/rv32imacxw/ilp32\libg_nano.a(lib_a-puts.o)
                0x000000000000c10e                _puts_r
 .text.puts     0x000000000000c1e2        0xc c:/mounriver/mounriver_studio/toolchain/risc-v embedded gcc/bin/../lib/gcc/riscv-none-embed/8.2.0/../../../../riscv-none-embed/lib/rv32imacxw/ilp32\libg_nano.a(lib_a-puts.o)
                0x000000000000c1e2                puts
 .text._sbrk_r  0x000000000000c1ee       0x32 c:/mounriver/mounriver_studio/toolchain/risc-v embedded gcc/bin/../lib/gcc/riscv-none-embed/8.2.0/../../../../riscv-none-embed/lib/rv32imacxw/ilp32\libg_nano.a(lib_a-sbrkr.o)
                0x000000000000c1ee                _sbrk_r
 .text.strlen   0x000000000000c220       0x12 c:/mounriver/mounriver_studio/toolchain/risc-v embedded gcc/bin/../lib/gcc/riscv-none-embed/8.2.0/../../../../riscv-none-embed/lib/rv32imacxw/ilp32\libg_nano.a(lib_a-strlen.o)
                0x000000000000c220                strlen
 .text.__swbuf_r
                0x000000000000c232       0xbc c:/mounriver/mounriver_studio/toolchain/risc-v embedded gcc/bin/../lib/gcc/riscv-none-embed/8.2.0/../../../../riscv-none-embed/lib/rv32imacxw/ilp32\libg_nano.a(lib_a-wbuf.o)
                0x000000000000c232                __swbuf_r
 .text.__swsetup_r
                0x000000000000c2ee       0xfe c:/mounriver/mounriver_studio/toolchain/risc-v embedded gcc/bin/../lib/gcc/riscv-none-embed/8.2.0/../../../../riscv-none-embed/lib/rv32imacxw/ilp32\libg_nano.a(lib_a-wsetup.o)
                0x000000000000c2ee                __swsetup_r
 .text.__sflush_r
                0x000000000000c3ec      0x132 c:/mounriver/mounriver_studio/toolchain/risc-v embedded gcc/bin/../lib/gcc/riscv-none-embed/8.2.0/../../../../riscv-none-embed/lib/rv32imacxw/ilp32\libg_nano.a(lib_a-fflush.o)
                0x000000000000c3ec                __sflush_r
 .text._fflush_r
                0x000000000000c51e       0x66 c:/mounriver/mounriver_studio/toolchain/risc-v embedded gcc/bin/../lib/gcc/riscv-none-embed/8.2.0/../../../../riscv-none-embed/lib/rv32imacxw/ilp32\libg_nano.a(lib_a-fflush.o)
                0x000000000000c51e                _fflush_r
 .text.std      0x000000000000c584       0x66 c:/mounriver/mounriver_studio/toolchain/risc-v embedded gcc/bin/../lib/gcc/riscv-none-embed/8.2.0/../../../../riscv-none-embed/lib/rv32imacxw/ilp32\libg_nano.a(lib_a-findfp.o)
 .text._cleanup_r
                0x000000000000c5ea        0xa c:/mounriver/mounriver_studio/toolchain/risc-v embedded gcc/bin/../lib/gcc/riscv-none-embed/8.2.0/../../../../riscv-none-embed/lib/rv32imacxw/ilp32\libg_nano.a(lib_a-findfp.o)
                0x000000000000c5ea                _cleanup_r
 .text.__sfmoreglue
                0x000000000000c5f4       0x48 c:/mounriver/mounriver_studio/toolchain/risc-v embedded gcc/bin/../lib/gcc/riscv-none-embed/8.2.0/../../../../riscv-none-embed/lib/rv32imacxw/ilp32\libg_nano.a(lib_a-findfp.o)
                0x000000000000c5f4                __sfmoreglue
 .text.__sinit  0x000000000000c63c       0x6c c:/mounriver/mounriver_studio/toolchain/risc-v embedded gcc/bin/../lib/gcc/riscv-none-embed/8.2.0/../../../../riscv-none-embed/lib/rv32imacxw/ilp32\libg_nano.a(lib_a-findfp.o)
                0x000000000000c63c                __sinit
 .text.__sfp    0x000000000000c6a8       0xa0 c:/mounriver/mounriver_studio/toolchain/risc-v embedded gcc/bin/../lib/gcc/riscv-none-embed/8.2.0/../../../../riscv-none-embed/lib/rv32imacxw/ilp32\libg_nano.a(lib_a-findfp.o)
                0x000000000000c6a8                __sfp
 .text._fwalk_reent
                0x000000000000c748       0x6a c:/mounriver/mounriver_studio/toolchain/risc-v embedded gcc/bin/../lib/gcc/riscv-none-embed/8.2.0/../../../../riscv-none-embed/lib/rv32imacxw/ilp32\libg_nano.a(lib_a-fwalk.o)
                0x000000000000c748                _fwalk_reent
 .text.__swhatbuf_r
                0x000000000000c7b2       0x58 c:/mounriver/mounriver_studio/toolchain/risc-v embedded gcc/bin/../lib/gcc/riscv-none-embed/8.2.0/../../../../riscv-none-embed/lib/rv32imacxw/ilp32\libg_nano.a(lib_a-makebuf.o)
                0x000000000000c7b2                __swhatbuf_r
 .text.__smakebuf_r
                0x000000000000c80a       0x94 c:/mounriver/mounriver_studio/toolchain/risc-v embedded gcc/bin/../lib/gcc/riscv-none-embed/8.2.0/../../../../riscv-none-embed/lib/rv32imacxw/ilp32\libg_nano.a(lib_a-makebuf.o)
                0x000000000000c80a                __smakebuf_r
 .text.__malloc_lock
                0x000000000000c89e        0x2 c:/mounriver/mounriver_studio/toolchain/risc-v embedded gcc/bin/../lib/gcc/riscv-none-embed/8.2.0/../../../../riscv-none-embed/lib/rv32imacxw/ilp32\libg_nano.a(lib_a-mlock.o)
                0x000000000000c89e                __malloc_lock
 .text.__malloc_unlock
                0x000000000000c8a0        0x2 c:/mounriver/mounriver_studio/toolchain/risc-v embedded gcc/bin/../lib/gcc/riscv-none-embed/8.2.0/../../../../riscv-none-embed/lib/rv32imacxw/ilp32\libg_nano.a(lib_a-mlock.o)
                0x000000000000c8a0                __malloc_unlock
 .text.__sfputc_r
                0x000000000000c8a2       0x28 c:/mounriver/mounriver_studio/toolchain/risc-v embedded gcc/bin/../lib/gcc/riscv-none-embed/8.2.0/../../../../riscv-none-embed/lib/rv32imacxw/ilp32\libg_nano.a(lib_a-nano-vfprintf.o)
 .text.__sfputs_r
                0x000000000000c8ca       0x42 c:/mounriver/mounriver_studio/toolchain/risc-v embedded gcc/bin/../lib/gcc/riscv-none-embed/8.2.0/../../../../riscv-none-embed/lib/rv32imacxw/ilp32\libg_nano.a(lib_a-nano-vfprintf.o)
                0x000000000000c8ca                __sfputs_r
 .text._vfprintf_r
                0x000000000000c90c      0x288 c:/mounriver/mounriver_studio/toolchain/risc-v embedded gcc/bin/../lib/gcc/riscv-none-embed/8.2.0/../../../../riscv-none-embed/lib/rv32imacxw/ilp32\libg_nano.a(lib_a-nano-vfprintf.o)
                0x000000000000c90c                _vfprintf_r
                0x000000000000c90c                _vfiprintf_r
 .text._printf_common
                0x000000000000cb94      0x10c c:/mounriver/mounriver_studio/toolchain/risc-v embedded gcc/bin/../lib/gcc/riscv-none-embed/8.2.0/../../../../riscv-none-embed/lib/rv32imacxw/ilp32\libg_nano.a(lib_a-nano-vfprintf_i.o)
                0x000000000000cb94                _printf_common
 .text._printf_i
                0x000000000000cca0      0x2a2 c:/mounriver/mounriver_studio/toolchain/risc-v embedded gcc/bin/../lib/gcc/riscv-none-embed/8.2.0/../../../../riscv-none-embed/lib/rv32imacxw/ilp32\libg_nano.a(lib_a-nano-vfprintf_i.o)
                0x000000000000cca0                _printf_i
 .text.__sread  0x000000000000cf42       0x2c c:/mounriver/mounriver_studio/toolchain/risc-v embedded gcc/bin/../lib/gcc/riscv-none-embed/8.2.0/../../../../riscv-none-embed/lib/rv32imacxw/ilp32\libg_nano.a(lib_a-stdio.o)
                0x000000000000cf42                __sread
 .text.__swrite
                0x000000000000cf6e       0x48 c:/mounriver/mounriver_studio/toolchain/risc-v embedded gcc/bin/../lib/gcc/riscv-none-embed/8.2.0/../../../../riscv-none-embed/lib/rv32imacxw/ilp32\libg_nano.a(lib_a-stdio.o)
                0x000000000000cf6e                __swrite
 .text.__sseek  0x000000000000cfb6       0x30 c:/mounriver/mounriver_studio/toolchain/risc-v embedded gcc/bin/../lib/gcc/riscv-none-embed/8.2.0/../../../../riscv-none-embed/lib/rv32imacxw/ilp32\libg_nano.a(lib_a-stdio.o)
                0x000000000000cfb6                __sseek
 .text.__sclose
                0x000000000000cfe6        0x6 c:/mounriver/mounriver_studio/toolchain/risc-v embedded gcc/bin/../lib/gcc/riscv-none-embed/8.2.0/../../../../riscv-none-embed/lib/rv32imacxw/ilp32\libg_nano.a(lib_a-stdio.o)
                0x000000000000cfe6                __sclose
 .text._write_r
                0x000000000000cfec       0x36 c:/mounriver/mounriver_studio/toolchain/risc-v embedded gcc/bin/../lib/gcc/riscv-none-embed/8.2.0/../../../../riscv-none-embed/lib/rv32imacxw/ilp32\libg_nano.a(lib_a-writer.o)
                0x000000000000cfec                _write_r
 .text._close_r
                0x000000000000d022       0x30 c:/mounriver/mounriver_studio/toolchain/risc-v embedded gcc/bin/../lib/gcc/riscv-none-embed/8.2.0/../../../../riscv-none-embed/lib/rv32imacxw/ilp32\libg_nano.a(lib_a-closer.o)
                0x000000000000d022                _close_r
 .text._fstat_r
                0x000000000000d052       0x32 c:/mounriver/mounriver_studio/toolchain/risc-v embedded gcc/bin/../lib/gcc/riscv-none-embed/8.2.0/../../../../riscv-none-embed/lib/rv32imacxw/ilp32\libg_nano.a(lib_a-fstatr.o)
                0x000000000000d052                _fstat_r
 .text._isatty_r
                0x000000000000d084       0x30 c:/mounriver/mounriver_studio/toolchain/risc-v embedded gcc/bin/../lib/gcc/riscv-none-embed/8.2.0/../../../../riscv-none-embed/lib/rv32imacxw/ilp32\libg_nano.a(lib_a-isattyr.o)
                0x000000000000d084                _isatty_r
 .text._lseek_r
                0x000000000000d0b4       0x34 c:/mounriver/mounriver_studio/toolchain/risc-v embedded gcc/bin/../lib/gcc/riscv-none-embed/8.2.0/../../../../riscv-none-embed/lib/rv32imacxw/ilp32\libg_nano.a(lib_a-lseekr.o)
                0x000000000000d0b4                _lseek_r
 .text.memchr   0x000000000000d0e8       0x18 c:/mounriver/mounriver_studio/toolchain/risc-v embedded gcc/bin/../lib/gcc/riscv-none-embed/8.2.0/../../../../riscv-none-embed/lib/rv32imacxw/ilp32\libg_nano.a(lib_a-memchr.o)
                0x000000000000d0e8                memchr
 .text._read_r  0x000000000000d100       0x34 c:/mounriver/mounriver_studio/toolchain/risc-v embedded gcc/bin/../lib/gcc/riscv-none-embed/8.2.0/../../../../riscv-none-embed/lib/rv32imacxw/ilp32\libg_nano.a(lib_a-readr.o)
                0x000000000000d100                _read_r
 .text._close   0x000000000000d134       0x10 c:/mounriver/mounriver_studio/toolchain/risc-v embedded gcc/bin/../lib/gcc/riscv-none-embed/8.2.0/../../../../riscv-none-embed/lib/rv32imacxw/ilp32\libnosys.a(close.o)
                0x000000000000d134                _close
 .text._fstat   0x000000000000d144       0x10 c:/mounriver/mounriver_studio/toolchain/risc-v embedded gcc/bin/../lib/gcc/riscv-none-embed/8.2.0/../../../../riscv-none-embed/lib/rv32imacxw/ilp32\libnosys.a(fstat.o)
                0x000000000000d144                _fstat
 .text._isatty  0x000000000000d154       0x10 c:/mounriver/mounriver_studio/toolchain/risc-v embedded gcc/bin/../lib/gcc/riscv-none-embed/8.2.0/../../../../riscv-none-embed/lib/rv32imacxw/ilp32\libnosys.a(isatty.o)
                0x000000000000d154                _isatty
 .text._lseek   0x000000000000d164       0x10 c:/mounriver/mounriver_studio/toolchain/risc-v embedded gcc/bin/../lib/gcc/riscv-none-embed/8.2.0/../../../../riscv-none-embed/lib/rv32imacxw/ilp32\libnosys.a(lseek.o)
                0x000000000000d164                _lseek
 .text._read    0x000000000000d174       0x10 c:/mounriver/mounriver_studio/toolchain/risc-v embedded gcc/bin/../lib/gcc/riscv-none-embed/8.2.0/../../../../riscv-none-embed/lib/rv32imacxw/ilp32\libnosys.a(read.o)
                0x000000000000d174                _read
 *(.rodata)
 *(.rodata*)
 *fill*         0x000000000000d184        0x0 
 .rodata.bitrate_table
                0x000000000000d184       0x10 ./User/DataModel.o
 .rodata.vIncrementSystemCounters.cst4
                0x000000000000d194        0x8 ./User/DataModel.o
 .rodata.HardFault_Handler.str1.4
                0x000000000000d19c       0x42 ./User/ch32v20x_it.o
 *fill*         0x000000000000d1de        0x2 
 .rodata.getODValue
                0x000000000000d1e0       0x78 ./User/dash_draw.o
 .rodata.MenuStateCross
                0x000000000000d258       0x1c ./User/dash_draw.o
 .rodata.dm     0x000000000000d274       0x3f ./User/dash_draw.o
 *fill*         0x000000000000d2b3        0x1 
 .rodata.getODValue.cst4
                0x000000000000d2b4        0x4 ./User/dash_draw.o
                                          0x8 (size before relaxing)
 .rodata.vBarColorMode.cst4
                0x000000000000d2b8        0x4 ./User/dash_draw.o
 .rodata.ADC_FSM.cst4
                0x000000000000d2bc       0x14 ./User/inputs.o
 *fill*         0x000000000000d2d0        0x0 
 .rodata.ADC_FSM.cst8
                0x000000000000d2d0       0x18 ./User/inputs.o
 .rodata.vInputsTask.cst4
                0x000000000000d2e8       0x10 ./User/inputs.o
 .rodata.SetSegDirect
                0x000000000000d2f8       0x1c ./User/led.o
 .rodata.Brigth
                0x000000000000d314       0x1e ./User/led.o
 *fill*         0x000000000000d332        0x2 
 .rodata.DigitMask
                0x000000000000d334        0xa ./User/led.o
                0x000000000000d334                DigitMask
 *fill*         0x000000000000d33e        0x2 
 .rodata.offset_mask
                0x000000000000d340        0xe ./User/led.o
 *fill*         0x000000000000d34e        0x2 
 .rodata.step_mask
                0x000000000000d350        0xe ./User/led.o
 *fill*         0x000000000000d35e        0x2 
 .rodata.OD_ADC1_CAL_extension
                0x000000000000d360       0x10 ./User/process.o
                0x000000000000d360                OD_ADC1_CAL_extension
 .rodata.OD_ADC2_CAL_extension
                0x000000000000d370       0x10 ./User/process.o
                0x000000000000d370                OD_ADC2_CAL_extension
 .rodata.OD_ADC3_CAL_extension
                0x000000000000d380       0x10 ./User/process.o
                0x000000000000d380                OD_ADC3_CAL_extension
 .rodata.OD_AIN_RPM_extension
                0x000000000000d390       0x10 ./User/process.o
                0x000000000000d390                OD_AIN_RPM_extension
 .rodata.OD_BAR_extension
                0x000000000000d3a0       0x10 ./User/process.o
                0x000000000000d3a0                OD_BAR_extension
 .rodata.OD_BOARD_SETTINGS_extension
                0x000000000000d3b0       0x10 ./User/process.o
                0x000000000000d3b0                OD_BOARD_SETTINGS_extension
 .rodata.OD_DASH_PARAM_extension
                0x000000000000d3c0       0x10 ./User/process.o
                0x000000000000d3c0                OD_DASH_PARAM_extension
 .rodata.OD_DIN_extension
                0x000000000000d3d0       0x10 ./User/process.o
                0x000000000000d3d0                OD_DIN_extension
 .rodata.OD_KEY_extension
                0x000000000000d3e0       0x10 ./User/process.o
                0x000000000000d3e0                OD_KEY_extension
 .rodata.OD_MENU_MAP_extension
                0x000000000000d3f0       0x10 ./User/process.o
                0x000000000000d3f0                OD_MENU_MAP_extension
 .rodata.OD_MENU_SETUP_extension
                0x000000000000d400       0x10 ./User/process.o
                0x000000000000d400                OD_MENU_SETUP_extension
 .rodata.OD_RGB10_extension
                0x000000000000d410       0x10 ./User/process.o
                0x000000000000d410                OD_RGB10_extension
 .rodata.OD_RGB11_extension
                0x000000000000d420       0x10 ./User/process.o
                0x000000000000d420                OD_RGB11_extension
 .rodata.OD_RGB12_extension
                0x000000000000d430       0x10 ./User/process.o
                0x000000000000d430                OD_RGB12_extension
 .rodata.OD_RGB13_extension
                0x000000000000d440       0x10 ./User/process.o
                0x000000000000d440                OD_RGB13_extension
 .rodata.OD_RGB1_extension
                0x000000000000d450       0x10 ./User/process.o
                0x000000000000d450                OD_RGB1_extension
 .rodata.OD_RGB2_extension
                0x000000000000d460       0x10 ./User/process.o
                0x000000000000d460                OD_RGB2_extension
 .rodata.OD_RGB3_extension
                0x000000000000d470       0x10 ./User/process.o
                0x000000000000d470                OD_RGB3_extension
 .rodata.OD_RGB4_extension
                0x000000000000d480       0x10 ./User/process.o
                0x000000000000d480                OD_RGB4_extension
 .rodata.OD_RGB5_extension
                0x000000000000d490       0x10 ./User/process.o
                0x000000000000d490                OD_RGB5_extension
 .rodata.OD_RGB6_extension
                0x000000000000d4a0       0x10 ./User/process.o
                0x000000000000d4a0                OD_RGB6_extension
 .rodata.OD_RGB7_extension
                0x000000000000d4b0       0x10 ./User/process.o
                0x000000000000d4b0                OD_RGB7_extension
 .rodata.OD_RGB8_extension
                0x000000000000d4c0       0x10 ./User/process.o
                0x000000000000d4c0                OD_RGB8_extension
 .rodata.OD_RGB9_extension